ℹ Testing dirichletprocess
dirichletprocess: 5 C++ implementations available
✔ | F W  S  OK | Context

⠏ |          0 | beta-cpp                                          
⠏ |          0 | Beta Distribution C++ Implementation              R priorParameters: 2 8 
R maxT: 1 
R_PriorDraw_first_mu: 0.914806 
R_PriorDraw_first_nu: 5.827335 
C++ priorParams (in priorDraw): 2 8
C++ maxT (in priorDraw): 1
CPP_PriorDraw_first_mu: 0.914806
CPP_PriorDraw_first_nu: 0.0910521

⠦ | 1        6 | Beta Distribution C++ Implementation              
⠏ | 3        7 | Beta Distribution C++ Implementation              C++ priorParams (in priorDraw): 2 8
C++ maxT (in priorDraw): 1
CPP_PriorDraw_first_mu: 0.0895516
CPP_PriorDraw_first_nu: 0.184808

⠦ | 4       13 | Beta Distribution C++ Implementation              
⠙ | 4       18 | Beta Distribution C++ Implementation              
⠼ | 4 1     20 | Beta Distribution C++ Implementation              
⠴ | 5 1     20 | Beta Distribution C++ Implementation              
⠇ | 6 2     21 | Beta Distribution C++ Implementation              
⠋ | 6 2     23 | Beta Distribution C++ Implementation              
⠹ | 6 3     24 | Beta Distribution C++ Implementation              
⠴ | 6 4     26 | Beta Distribution C++ Implementation              
⠏ | 6 5     29 | Beta Distribution C++ Implementation              
⠸ | 6 7     31 | Beta Distribution C++ Implementation              
⠧ | 6 8     34 | Beta Distribution C++ Implementation              
⠋ | 6 9     36 | Beta Distribution C++ Implementation              
⠸ | 6 10     38 | Beta Distribution C++ Implementation             
⠦ | 6 11     40 | Beta Distribution C++ Implementation             
End-to-end Beta test summary:
Number of clusters: 1 
Cluster sizes: 60 
Cluster means (mu):  
Cluster precisions (nu):  
C++ priorParams (in priorDraw): 2 8
C++ maxT (in priorDraw): 1
CPP_PriorDraw_first_mu: 0.168053
CPP_PriorDraw_first_nu: 0.207207

⠏ | 8 11     41 | Beta Distribution C++ Implementation             
✖ | 8 11     41 | Beta Distribution C++ Implementation [2.7s]
───────────────────────────────────────────────────────────────────
Failure ('test-beta-cpp.R:31:3'): Beta PriorDraw C++ matches R implementation
mean(cpp_result$nu) not equal to mean(r_result$nu).
1/1 mismatches
[1] 0.125 - 8.03 == -7.9

Failure ('test-beta-cpp.R:84:5'): Beta PriorDensity C++ matches R implementation
`cpp_density` not equal to `r_density`.
1/1 mismatches
[1] 0.00183 - 0.147 == -0.145

Failure ('test-beta-cpp.R:84:5'): Beta PriorDensity C++ matches R implementation
`cpp_density` not equal to `r_density`.
1/1 mismatches
[1] 1.54e-05 - 0.0288 == -0.0287

Failure ('test-beta-cpp.R:84:5'): Beta PriorDensity C++ matches R implementation
`cpp_density` not equal to `r_density`.
1/1 mismatches
[1] 0.0974 - 5.76e-05 == 0.0973

Warning ('test-beta-cpp.R:183:3'): NonconjugateBetaClusterParameterUpdate C++ works correctly
C++ function 'nonconjugate_beta_cluster_parameter_update_cpp' is a STUB and not implemented. R fallback should be used.
Backtrace:
    ▆
 1. └─dirichletprocess:::nonconjugate_beta_cluster_parameter_update_cpp(dp_cpp) at test-beta-cpp.R:183:3

Failure ('test-beta-cpp.R:187:3'): NonconjugateBetaClusterParameterUpdate C++ works correctly
abs(cpp_params$mu[1] - 0.2) < 0.15 is not TRUE

`actual`:       
`expected`: TRUE

Failure ('test-beta-cpp.R:189:3'): NonconjugateBetaClusterParameterUpdate C++ works correctly
abs(cpp_params$mu[2] - 0.8) < 0.15 is not TRUE

`actual`:       
`expected`: TRUE

Warning ('test-beta-cpp.R:215:5'): End-to-end Beta C++ sampler test
C++ function 'nonconjugate_beta_cluster_parameter_update_cpp' is a STUB and not implemented. R fallback should be used.
Backtrace:
    ▆
 1. ├─dirichletprocess::ClusterParameterUpdate(dp) at test-beta-cpp.R:215:5
 2. └─dirichletprocess:::ClusterParameterUpdate.nonconjugate(dp) at dirichletprocess/R/cluster_parameter_update.R:14:27
 3.   └─dirichletprocess:::nonconjugate_beta_cluster_parameter_update_cpp(dpObj) at dirichletprocess/R/cluster_parameter_update.R:46:5

Warning ('test-beta-cpp.R:215:5'): End-to-end Beta C++ sampler test
C++ function 'nonconjugate_beta_cluster_parameter_update_cpp' is a STUB and not implemented. R fallback should be used.
Backtrace:
    ▆
 1. ├─dirichletprocess::ClusterParameterUpdate(dp) at test-beta-cpp.R:215:5
 2. └─dirichletprocess:::ClusterParameterUpdate.nonconjugate(dp) at dirichletprocess/R/cluster_parameter_update.R:14:27
 3.   └─dirichletprocess:::nonconjugate_beta_cluster_parameter_update_cpp(dpObj) at dirichletprocess/R/cluster_parameter_update.R:46:5

Warning ('test-beta-cpp.R:215:5'): End-to-end Beta C++ sampler test
C++ function 'nonconjugate_beta_cluster_parameter_update_cpp' is a STUB and not implemented. R fallback should be used.
Backtrace:
    ▆
 1. ├─dirichletprocess::ClusterParameterUpdate(dp) at test-beta-cpp.R:215:5
 2. └─dirichletprocess:::ClusterParameterUpdate.nonconjugate(dp) at dirichletprocess/R/cluster_parameter_update.R:14:27
 3.   └─dirichletprocess:::nonconjugate_beta_cluster_parameter_update_cpp(dpObj) at dirichletprocess/R/cluster_parameter_update.R:46:5

Warning ('test-beta-cpp.R:215:5'): End-to-end Beta C++ sampler test
C++ function 'nonconjugate_beta_cluster_parameter_update_cpp' is a STUB and not implemented. R fallback should be used.
Backtrace:
    ▆
 1. ├─dirichletprocess::ClusterParameterUpdate(dp) at test-beta-cpp.R:215:5
 2. └─dirichletprocess:::ClusterParameterUpdate.nonconjugate(dp) at dirichletprocess/R/cluster_parameter_update.R:14:27
 3.   └─dirichletprocess:::nonconjugate_beta_cluster_parameter_update_cpp(dpObj) at dirichletprocess/R/cluster_parameter_update.R:46:5

Warning ('test-beta-cpp.R:215:5'): End-to-end Beta C++ sampler test
C++ function 'nonconjugate_beta_cluster_parameter_update_cpp' is a STUB and not implemented. R fallback should be used.
Backtrace:
    ▆
 1. ├─dirichletprocess::ClusterParameterUpdate(dp) at test-beta-cpp.R:215:5
 2. └─dirichletprocess:::ClusterParameterUpdate.nonconjugate(dp) at dirichletprocess/R/cluster_parameter_update.R:14:27
 3.   └─dirichletprocess:::nonconjugate_beta_cluster_parameter_update_cpp(dpObj) at dirichletprocess/R/cluster_parameter_update.R:46:5

Warning ('test-beta-cpp.R:215:5'): End-to-end Beta C++ sampler test
C++ function 'nonconjugate_beta_cluster_parameter_update_cpp' is a STUB and not implemented. R fallback should be used.
Backtrace:
    ▆
 1. ├─dirichletprocess::ClusterParameterUpdate(dp) at test-beta-cpp.R:215:5
 2. └─dirichletprocess:::ClusterParameterUpdate.nonconjugate(dp) at dirichletprocess/R/cluster_parameter_update.R:14:27
 3.   └─dirichletprocess:::nonconjugate_beta_cluster_parameter_update_cpp(dpObj) at dirichletprocess/R/cluster_parameter_update.R:46:5

Warning ('test-beta-cpp.R:215:5'): End-to-end Beta C++ sampler test
C++ function 'nonconjugate_beta_cluster_parameter_update_cpp' is a STUB and not implemented. R fallback should be used.
Backtrace:
    ▆
 1. ├─dirichletprocess::ClusterParameterUpdate(dp) at test-beta-cpp.R:215:5
 2. └─dirichletprocess:::ClusterParameterUpdate.nonconjugate(dp) at dirichletprocess/R/cluster_parameter_update.R:14:27
 3.   └─dirichletprocess:::nonconjugate_beta_cluster_parameter_update_cpp(dpObj) at dirichletprocess/R/cluster_parameter_update.R:46:5

Warning ('test-beta-cpp.R:215:5'): End-to-end Beta C++ sampler test
C++ function 'nonconjugate_beta_cluster_parameter_update_cpp' is a STUB and not implemented. R fallback should be used.
Backtrace:
    ▆
 1. ├─dirichletprocess::ClusterParameterUpdate(dp) at test-beta-cpp.R:215:5
 2. └─dirichletprocess:::ClusterParameterUpdate.nonconjugate(dp) at dirichletprocess/R/cluster_parameter_update.R:14:27
 3.   └─dirichletprocess:::nonconjugate_beta_cluster_parameter_update_cpp(dpObj) at dirichletprocess/R/cluster_parameter_update.R:46:5

Warning ('test-beta-cpp.R:215:5'): End-to-end Beta C++ sampler test
C++ function 'nonconjugate_beta_cluster_parameter_update_cpp' is a STUB and not implemented. R fallback should be used.
Backtrace:
    ▆
 1. ├─dirichletprocess::ClusterParameterUpdate(dp) at test-beta-cpp.R:215:5
 2. └─dirichletprocess:::ClusterParameterUpdate.nonconjugate(dp) at dirichletprocess/R/cluster_parameter_update.R:14:27
 3.   └─dirichletprocess:::nonconjugate_beta_cluster_parameter_update_cpp(dpObj) at dirichletprocess/R/cluster_parameter_update.R:46:5

Warning ('test-beta-cpp.R:215:5'): End-to-end Beta C++ sampler test
C++ function 'nonconjugate_beta_cluster_parameter_update_cpp' is a STUB and not implemented. R fallback should be used.
Backtrace:
    ▆
 1. ├─dirichletprocess::ClusterParameterUpdate(dp) at test-beta-cpp.R:215:5
 2. └─dirichletprocess:::ClusterParameterUpdate.nonconjugate(dp) at dirichletprocess/R/cluster_parameter_update.R:14:27
 3.   └─dirichletprocess:::nonconjugate_beta_cluster_parameter_update_cpp(dpObj) at dirichletprocess/R/cluster_parameter_update.R:46:5

Failure ('test-beta-cpp.R:265:3'): C++ and R implementations produce similar results
abs(r_mu - cpp_mu) < 0.3 is not TRUE

`actual`:       
`expected`: TRUE

Error ('test-beta-cpp.R:266:3'): C++ and R implementations produce similar results
Error in `log(r_nu)`: non-numeric argument to mathematical function
Backtrace:
    ▆
 1. └─testthat::expect_true(abs(log(r_nu) - log(cpp_nu)) < 1) at test-beta-cpp.R:266:3
 2.   └─testthat::quasi_label(enquo(object), label, arg = "object")
 3.     └─rlang::eval_bare(expr, quo_get_env(quo))
───────────────────────────────────────────────────────────────────

⠏ |          0 | beta-integration                                  
⠏ |          0 | Beta Distribution Full Integration Test           
⠋ |   1      0 | Beta Distribution Full Integration Test           R priorParameters: 2 8 
R maxT: 1 
R_PriorDraw_first_mu: 0.6386748 
R_PriorDraw_first_nu: 2.423653 
R-CCU: Before ClusterLabelChange for i = 1 newLabel= 1 currentLabel= 1 
R-CCU: sum(pointsPerCluster) = 60 
 int 60
NULL
R-CCU: After ClusterLabelChange for i = 1 
R-CCU: sum(pointsPerCluster) = 61 
 num 61
NULL
R-CCU: dpObj$numberClusters = 1 
List of 2
 $ : num [1, 1, 1] 0.503
 $ : num [1, 1, 1] 2.7
NULL
R priorParameters: 2 8 
R maxT: 1 
R_PriorDraw_first_mu: 0.5943374 
R_PriorDraw_first_nu: 4.339421 
R-CCU: Before ClusterLabelChange for i = 2 newLabel= 1 currentLabel= 1 
R-CCU: sum(pointsPerCluster) = 61 
 num 61
NULL
R-CCU: After ClusterLabelChange for i = 2 
R-CCU: sum(pointsPerCluster) = 62 
 num 62
NULL
R-CCU: dpObj$numberClusters = 1 
List of 2
 $ : num [1, 1, 1] 0.503
 $ : num [1, 1, 1] 2.7
NULL
R priorParameters: 2 8 
R maxT: 1 
R_PriorDraw_first_mu: 0.08939543 
R_PriorDraw_first_nu: 4.095219 
R-CCU: Before ClusterLabelChange for i = 3 newLabel= 1 currentLabel= 1 
R-CCU: sum(pointsPerCluster) = 62 
 num 62
NULL
R-CCU: After ClusterLabelChange for i = 3 
R-CCU: sum(pointsPerCluster) = 63 
 num 63
NULL
R-CCU: dpObj$numberClusters = 1 
List of 2
 $ : num [1, 1, 1] 0.503
 $ : num [1, 1, 1] 2.7
NULL
R priorParameters: 2 8 
R maxT: 1 
R_PriorDraw_first_mu: 0.6160639 
R_PriorDraw_first_nu: 9.559769 
R-CCU: Before ClusterLabelChange for i = 4 newLabel= 1 currentLabel= 1 
R-CCU: sum(pointsPerCluster) = 63 
 num 63
NULL
R-CCU: After ClusterLabelChange for i = 4 
R-CCU: sum(pointsPerCluster) = 64 
 num 64
NULL
R-CCU: dpObj$numberClusters = 1 
List of 2
 $ : num [1, 1, 1] 0.503
 $ : num [1, 1, 1] 2.7
NULL
R priorParameters: 2 8 
R maxT: 1 
R_PriorDraw_first_mu: 0.5101238 
R_PriorDraw_first_nu: 14.16714 
R-CCU: Before ClusterLabelChange for i = 5 newLabel= 1 currentLabel= 1 
R-CCU: sum(pointsPerCluster) = 64 
 num 64
NULL
R-CCU: After ClusterLabelChange for i = 5 
R-CCU: sum(pointsPerCluster) = 65 
 num 65
NULL
R-CCU: dpObj$numberClusters = 1 
List of 2
 $ : num [1, 1, 1] 0.503
 $ : num [1, 1, 1] 2.7
NULL
R priorParameters: 2 8 
R maxT: 1 
R_PriorDraw_first_mu: 0.3176236 
R_PriorDraw_first_nu: 4.176643 
R-CCU: Before ClusterLabelChange for i = 6 newLabel= 1 currentLabel= 1 
R-CCU: sum(pointsPerCluster) = 65 
 num 65
NULL
R-CCU: After ClusterLabelChange for i = 6 
R-CCU: sum(pointsPerCluster) = 66 
 num 66
NULL
R-CCU: dpObj$numberClusters = 1 
List of 2
 $ : num [1, 1, 1] 0.503
 $ : num [1, 1, 1] 2.7
NULL
R priorParameters: 2 8 
R maxT: 1 
R_PriorDraw_first_mu: 0.2048865 
R_PriorDraw_first_nu: 11.97694 
R-CCU: Before ClusterLabelChange for i = 7 newLabel= 1 currentLabel= 1 
R-CCU: sum(pointsPerCluster) = 66 
 num 66
NULL
R-CCU: After ClusterLabelChange for i = 7 
R-CCU: sum(pointsPerCluster) = 67 
 num 67
NULL
R-CCU: dpObj$numberClusters = 1 
List of 2
 $ : num [1, 1, 1] 0.503
 $ : num [1, 1, 1] 2.7
NULL
R priorParameters: 2 8 
R maxT: 1 
R_PriorDraw_first_mu: 0.5225333 
R_PriorDraw_first_nu: 3.672036 
R-CCU: Before ClusterLabelChange for i = 8 newLabel= 1 currentLabel= 1 
R-CCU: sum(pointsPerCluster) = 67 
 num 67
NULL
R-CCU: After ClusterLabelChange for i = 8 
R-CCU: sum(pointsPerCluster) = 68 
 num 68
NULL
R-CCU: dpObj$numberClusters = 1 
List of 2
 $ : num [1, 1, 1] 0.503
 $ : num [1, 1, 1] 2.7
NULL
R priorParameters: 2 8 
R maxT: 1 
R_PriorDraw_first_mu: 0.5213429 
R_PriorDraw_first_nu: 5.011838 
R-CCU: Before ClusterLabelChange for i = 9 newLabel= 1 currentLabel= 1 
R-CCU: sum(pointsPerCluster) = 68 
 num 68
NULL
R-CCU: After ClusterLabelChange for i = 9 
R-CCU: sum(pointsPerCluster) = 69 
 num 69
NULL
R-CCU: dpObj$numberClusters = 1 
List of 2
 $ : num [1, 1, 1] 0.503
 $ : num [1, 1, 1] 2.7
NULL
R priorParameters: 2 8 
R maxT: 1 
R_PriorDraw_first_mu: 0.3082116 
R_PriorDraw_first_nu: 7.162334 
R-CCU: Before ClusterLabelChange for i = 10 newLabel= 1 currentLabel= 1 
R-CCU: sum(pointsPerCluster) = 69 
 num 69
NULL
R-CCU: After ClusterLabelChange for i = 10 
R-CCU: sum(pointsPerCluster) = 70 
 num 70
NULL
R-CCU: dpObj$numberClusters = 1 
List of 2
 $ : num [1, 1, 1] 0.503
 $ : num [1, 1, 1] 2.7
NULL
R priorParameters: 2 8 
R maxT: 1 
R_PriorDraw_first_mu: 0.02618564 
R_PriorDraw_first_nu: 5.21605 
R-CCU: Before ClusterLabelChange for i = 11 newLabel= 1 currentLabel= 1 
R-CCU: sum(pointsPerCluster) = 70 
 num 70
NULL
R-CCU: After ClusterLabelChange for i = 11 
R-CCU: sum(pointsPerCluster) = 71 
 num 71
NULL
R-CCU: dpObj$numberClusters = 1 
List of 2
 $ : num [1, 1, 1] 0.503
 $ : num [1, 1, 1] 2.7
NULL
R priorParameters: 2 8 
R maxT: 1 
R_PriorDraw_first_mu: 0.8722578 
R_PriorDraw_first_nu: 8.227688 
R-CCU: Before ClusterLabelChange for i = 12 newLabel= 1 currentLabel= 1 
R-CCU: sum(pointsPerCluster) = 71 
 num 71
NULL
R-CCU: After ClusterLabelChange for i = 12 
R-CCU: sum(pointsPerCluster) = 72 
 num 72
NULL
R-CCU: dpObj$numberClusters = 1 
List of 2
 $ : num [1, 1, 1] 0.503
 $ : num [1, 1, 1] 2.7
NULL
R priorParameters: 2 8 
R maxT: 1 
R_PriorDraw_first_mu: 0.7514328 
R_PriorDraw_first_nu: 8.583059 
R-CCU: Before ClusterLabelChange for i = 13 newLabel= 1 currentLabel= 1 
R-CCU: sum(pointsPerCluster) = 72 
 num 72
NULL
R-CCU: After ClusterLabelChange for i = 13 
R-CCU: sum(pointsPerCluster) = 73 
 num 73
NULL
R-CCU: dpObj$numberClusters = 1 
List of 2
 $ : num [1, 1, 1] 0.503
 $ : num [1, 1, 1] 2.7
NULL
R priorParameters: 2 8 
R maxT: 1 
R_PriorDraw_first_mu: 0.2988565 
R_PriorDraw_first_nu: 3.562011 
R-CCU: Before ClusterLabelChange for i = 14 newLabel= 1 currentLabel= 1 
R-CCU: sum(pointsPerCluster) = 73 
 num 73
NULL
R-CCU: After ClusterLabelChange for i = 14 
R-CCU: sum(pointsPerCluster) = 74 
 num 74
NULL
R-CCU: dpObj$numberClusters = 1 
List of 2
 $ : num [1, 1, 1] 0.503
 $ : num [1, 1, 1] 2.7
NULL
R priorParameters: 2 8 
R maxT: 1 
R_PriorDraw_first_mu: 0.9489378 
R_PriorDraw_first_nu: 1.725045 
R-CCU: Before ClusterLabelChange for i = 15 newLabel= 1 currentLabel= 1 
R-CCU: sum(pointsPerCluster) = 74 
 num 74
NULL
R-CCU: After ClusterLabelChange for i = 15 
R-CCU: sum(pointsPerCluster) = 75 
 num 75
NULL
R-CCU: dpObj$numberClusters = 1 
List of 2
 $ : num [1, 1, 1] 0.503
 $ : num [1, 1, 1] 2.7
NULL
R priorParameters: 2 8 
R maxT: 1 
R_PriorDraw_first_mu: 0.00520811 
R_PriorDraw_first_nu: 6.028094 
R-CCU: Before ClusterLabelChange for i = 16 newLabel= 1 currentLabel= 1 
R-CCU: sum(pointsPerCluster) = 75 
 num 75
NULL
R-CCU: After ClusterLabelChange for i = 16 
R-CCU: sum(pointsPerCluster) = 76 
 num 76
NULL
R-CCU: dpObj$numberClusters = 1 
List of 2
 $ : num [1, 1, 1] 0.503
 $ : num [1, 1, 1] 2.7
NULL
R priorParameters: 2 8 
R maxT: 1 
R_PriorDraw_first_mu: 0.049568 
R_PriorDraw_first_nu: 1.364385 
R-CCU: Before ClusterLabelChange for i = 17 newLabel= 1 currentLabel= 1 
R-CCU: sum(pointsPerCluster) = 76 
 num 76
NULL
R-CCU: After ClusterLabelChange for i = 17 
R-CCU: sum(pointsPerCluster) = 77 
 num 77
NULL
R-CCU: dpObj$numberClusters = 1 
List of 2
 $ : num [1, 1, 1] 0.503
 $ : num [1, 1, 1] 2.7
NULL
R priorParameters: 2 8 
R maxT: 1 
R_PriorDraw_first_mu: 0.7357314 
R_PriorDraw_first_nu: 11.48958 
R-CCU: Before ClusterLabelChange for i = 18 newLabel= 1 currentLabel= 1 
R-CCU: sum(pointsPerCluster) = 77 
 num 77
NULL
R-CCU: After ClusterLabelChange for i = 18 
R-CCU: sum(pointsPerCluster) = 78 
 num 78
NULL
R-CCU: dpObj$numberClusters = 1 
List of 2
 $ : num [1, 1, 1] 0.503
 $ : num [1, 1, 1] 2.7
NULL
R priorParameters: 2 8 
R maxT: 1 
R_PriorDraw_first_mu: 0.6101503 
R_PriorDraw_first_nu: 2.076871 
R-CCU: Before ClusterLabelChange for i = 19 newLabel= 1 currentLabel= 1 
R-CCU: sum(pointsPerCluster) = 78 
 num 78
NULL
R-CCU: After ClusterLabelChange for i = 19 
R-CCU: sum(pointsPerCluster) = 79 
 num 79
NULL
R-CCU: dpObj$numberClusters = 1 
List of 2
 $ : num [1, 1, 1] 0.503
 $ : num [1, 1, 1] 2.7
NULL
R priorParameters: 2 8 
R maxT: 1 
R_PriorDraw_first_mu: 0.8445455 
R_PriorDraw_first_nu: 21.79166 
R-CCU: Before ClusterLabelChange for i = 20 newLabel= 1 currentLabel= 1 
R-CCU: sum(pointsPerCluster) = 79 
 num 79
NULL
R-CCU: After ClusterLabelChange for i = 20 
R-CCU: sum(pointsPerCluster) = 80 
 num 80
NULL
R-CCU: dpObj$numberClusters = 1 
List of 2
 $ : num [1, 1, 1] 0.503
 $ : num [1, 1, 1] 2.7
NULL
R priorParameters: 2 8 
R maxT: 1 
R_PriorDraw_first_mu: 0.1970576 
R_PriorDraw_first_nu: 6.334972 
R-CCU: Before ClusterLabelChange for i = 21 newLabel= 1 currentLabel= 1 
R-CCU: sum(pointsPerCluster) = 80 
 num 80
NULL
R-CCU: After ClusterLabelChange for i = 21 
R-CCU: sum(pointsPerCluster) = 81 
 num 81
NULL
R-CCU: dpObj$numberClusters = 1 
List of 2
 $ : num [1, 1, 1] 0.503
 $ : num [1, 1, 1] 2.7
NULL
R priorParameters: 2 8 
R maxT: 1 
R_PriorDraw_first_mu: 0.9105274 
R_PriorDraw_first_nu: 1.948025 
R-CCU: Before ClusterLabelChange for i = 22 newLabel= 1 currentLabel= 1 
R-CCU: sum(pointsPerCluster) = 81 
 num 81
NULL
R-CCU: After ClusterLabelChange for i = 22 
R-CCU: sum(pointsPerCluster) = 82 
 num 82
NULL
R-CCU: dpObj$numberClusters = 1 
List of 2
 $ : num [1, 1, 1] 0.503
 $ : num [1, 1, 1] 2.7
NULL
R priorParameters: 2 8 
R maxT: 1 
R_PriorDraw_first_mu: 0.3198663 
R_PriorDraw_first_nu: 2.490328 
R-CCU: Before ClusterLabelChange for i = 23 newLabel= 1 currentLabel= 1 
R-CCU: sum(pointsPerCluster) = 82 
 num 82
NULL
R-CCU: After ClusterLabelChange for i = 23 
R-CCU: sum(pointsPerCluster) = 83 
 num 83
NULL
R-CCU: dpObj$numberClusters = 1 
List of 2
 $ : num [1, 1, 1] 0.503
 $ : num [1, 1, 1] 2.7
NULL
R priorParameters: 2 8 
R maxT: 1 
R_PriorDraw_first_mu: 0.1320147 
R_PriorDraw_first_nu: 10.51152 
R-CCU: Before ClusterLabelChange for i = 24 newLabel= 1 currentLabel= 1 
R-CCU: sum(pointsPerCluster) = 83 
 num 83
NULL
R-CCU: After ClusterLabelChange for i = 24 
R-CCU: sum(pointsPerCluster) = 84 
 num 84
NULL
R-CCU: dpObj$numberClusters = 1 
List of 2
 $ : num [1, 1, 1] 0.503
 $ : num [1, 1, 1] 2.7
NULL
R priorParameters: 2 8 
R maxT: 1 
R_PriorDraw_first_mu: 0.1714286 
R_PriorDraw_first_nu: 8.89279 
R-CCU: Before ClusterLabelChange for i = 25 newLabel= 1 currentLabel= 1 
R-CCU: sum(pointsPerCluster) = 84 
 num 84
NULL
R-CCU: After ClusterLabelChange for i = 25 
R-CCU: sum(pointsPerCluster) = 85 
 num 85
NULL
R-CCU: dpObj$numberClusters = 1 
List of 2
 $ : num [1, 1, 1] 0.503
 $ : num [1, 1, 1] 2.7
NULL
R priorParameters: 2 8 
R maxT: 1 
R_PriorDraw_first_mu: 0.06022926 
R_PriorDraw_first_nu: 7.627501 
R-CCU: Before ClusterLabelChange for i = 26 newLabel= 1 currentLabel= 1 
R-CCU: sum(pointsPerCluster) = 85 
 num 85
NULL
R-CCU: After ClusterLabelChange for i = 26 
R-CCU: sum(pointsPerCluster) = 86 
 num 86
NULL
R-CCU: dpObj$numberClusters = 1 
List of 2
 $ : num [1, 1, 1] 0.503
 $ : num [1, 1, 1] 2.7
NULL
R priorParameters: 2 8 
R maxT: 1 
R_PriorDraw_first_mu: 0.8997944 
R_PriorDraw_first_nu: 6.196186 
R-CCU: Before ClusterLabelChange for i = 27 newLabel= 1 currentLabel= 1 
R-CCU: sum(pointsPerCluster) = 86 
 num 86
NULL
R-CCU: After ClusterLabelChange for i = 27 
R-CCU: sum(pointsPerCluster) = 87 
 num 87
NULL
R-CCU: dpObj$numberClusters = 1 
List of 2
 $ : num [1, 1, 1] 0.503
 $ : num [1, 1, 1] 2.7
NULL
R priorParameters: 2 8 
R maxT: 1 
R_PriorDraw_first_mu: 0.9933495 
R_PriorDraw_first_nu: 5.07201 
R-CCU: Before ClusterLabelChange for i = 28 newLabel= 1 currentLabel= 1 
R-CCU: sum(pointsPerCluster) = 87 
 num 87
NULL
R-CCU: After ClusterLabelChange for i = 28 
R-CCU: sum(pointsPerCluster) = 88 
 num 88
NULL
R-CCU: dpObj$numberClusters = 1 
List of 2
 $ : num [1, 1, 1] 0.503
 $ : num [1, 1, 1] 2.7
NULL
R priorParameters: 2 8 
R maxT: 1 
R_PriorDraw_first_mu: 0.7958217 
R_PriorDraw_first_nu: 3.58539 
R-CCU: Before ClusterLabelChange for i = 29 newLabel= 1 currentLabel= 1 
R-CCU: sum(pointsPerCluster) = 88 
 num 88
NULL
R-CCU: After ClusterLabelChange for i = 29 
R-CCU: sum(pointsPerCluster) = 89 
 num 89
NULL
R-CCU: dpObj$numberClusters = 1 
List of 2
 $ : num [1, 1, 1] 0.503
 $ : num [1, 1, 1] 2.7
NULL
R priorParameters: 2 8 
R maxT: 1 
R_PriorDraw_first_mu: 0.2647432 
R_PriorDraw_first_nu: 6.239138 
R-CCU: Before ClusterLabelChange for i = 30 newLabel= 1 currentLabel= 1 
R-CCU: sum(pointsPerCluster) = 89 
 num 89
NULL
R-CCU: After ClusterLabelChange for i = 30 
R-CCU: sum(pointsPerCluster) = 90 
 num 90
NULL
R-CCU: dpObj$numberClusters = 1 
List of 2
 $ : num [1, 1, 1] 0.503
 $ : num [1, 1, 1] 2.7
NULL
R priorParameters: 2 8 
R maxT: 1 
R_PriorDraw_first_mu: 0.08202061 
R_PriorDraw_first_nu: 1.697737 
R-CCU: Before ClusterLabelChange for i = 31 newLabel= 1 currentLabel= 1 
R-CCU: sum(pointsPerCluster) = 90 
 num 90
NULL
R-CCU: After ClusterLabelChange for i = 31 
R-CCU: sum(pointsPerCluster) = 91 
 num 91
NULL
R-CCU: dpObj$numberClusters = 1 
List of 2
 $ : num [1, 1, 1] 0.503
 $ : num [1, 1, 1] 2.7
NULL
R priorParameters: 2 8 
R maxT: 1 
R_PriorDraw_first_mu: 0.783808 
R_PriorDraw_first_nu: 3.989592 
R-CCU: Before ClusterLabelChange for i = 32 newLabel= 1 currentLabel= 1 
R-CCU: sum(pointsPerCluster) = 91 
 num 91
NULL
R-CCU: After ClusterLabelChange for i = 32 
R-CCU: sum(pointsPerCluster) = 92 
 num 92
NULL
R-CCU: dpObj$numberClusters = 1 
List of 2
 $ : num [1, 1, 1] 0.503
 $ : num [1, 1, 1] 2.7
NULL
R priorParameters: 2 8 
R maxT: 1 
R_PriorDraw_first_mu: 0.8897511 
R_PriorDraw_first_nu: 2.273976 
R-CCU: Before ClusterLabelChange for i = 33 newLabel= 1 currentLabel= 1 
R-CCU: sum(pointsPerCluster) = 92 
 num 92
NULL
R-CCU: After ClusterLabelChange for i = 33 
R-CCU: sum(pointsPerCluster) = 93 
 num 93
NULL
R-CCU: dpObj$numberClusters = 1 
List of 2
 $ : num [1, 1, 1] 0.503
 $ : num [1, 1, 1] 2.7
NULL
R priorParameters: 2 8 
R maxT: 1 
R_PriorDraw_first_mu: 0.7904691 
R_PriorDraw_first_nu: 5.833683 
R-CCU: Before ClusterLabelChange for i = 34 newLabel= 1 currentLabel= 1 
R-CCU: sum(pointsPerCluster) = 93 
 num 93
NULL
R-CCU: After ClusterLabelChange for i = 34 
R-CCU: sum(pointsPerCluster) = 94 
 num 94
NULL
R-CCU: dpObj$numberClusters = 1 
List of 2
 $ : num [1, 1, 1] 0.503
 $ : num [1, 1, 1] 2.7
NULL
R priorParameters: 2 8 
R maxT: 1 
R_PriorDraw_first_mu: 0.8506182 
R_PriorDraw_first_nu: 3.024983 
R-CCU: Before ClusterLabelChange for i = 35 newLabel= 1 currentLabel= 1 
R-CCU: sum(pointsPerCluster) = 94 
 num 94
NULL
R-CCU: After ClusterLabelChange for i = 35 
R-CCU: sum(pointsPerCluster) = 95 
 num 95
NULL
R-CCU: dpObj$numberClusters = 1 
List of 2
 $ : num [1, 1, 1] 0.503
 $ : num [1, 1, 1] 2.7
NULL
R priorParameters: 2 8 
R maxT: 1 
R_PriorDraw_first_mu: 0.6384391 
R_PriorDraw_first_nu: 4.344341 
R-CCU: Before ClusterLabelChange for i = 36 newLabel= 1 currentLabel= 1 
R-CCU: sum(pointsPerCluster) = 95 
 num 95
NULL
R-CCU: After ClusterLabelChange for i = 36 
R-CCU: sum(pointsPerCluster) = 96 
 num 96
NULL
R-CCU: dpObj$numberClusters = 1 
List of 2
 $ : num [1, 1, 1] 0.503
 $ : num [1, 1, 1] 2.7
NULL
R priorParameters: 2 8 
R maxT: 1 
R_PriorDraw_first_mu: 0.03313268 
R_PriorDraw_first_nu: 2.81462 
R-CCU: Before ClusterLabelChange for i = 37 newLabel= 1 currentLabel= 1 
R-CCU: sum(pointsPerCluster) = 96 
 num 96
NULL
R-CCU: After ClusterLabelChange for i = 37 
R-CCU: sum(pointsPerCluster) = 97 
 num 97
NULL
R-CCU: dpObj$numberClusters = 1 
List of 2
 $ : num [1, 1, 1] 0.503
 $ : num [1, 1, 1] 2.7
NULL
R priorParameters: 2 8 
R maxT: 1 
R_PriorDraw_first_mu: 0.4509173 
R_PriorDraw_first_nu: 3.564576 
R-CCU: Before ClusterLabelChange for i = 38 newLabel= 1 currentLabel= 1 
R-CCU: sum(pointsPerCluster) = 97 
 num 97
NULL
R-CCU: After ClusterLabelChange for i = 38 
R-CCU: sum(pointsPerCluster) = 98 
 num 98
NULL
R-CCU: dpObj$numberClusters = 1 
List of 2
 $ : num [1, 1, 1] 0.503
 $ : num [1, 1, 1] 2.7
NULL
R priorParameters: 2 8 
R maxT: 1 
R_PriorDraw_first_mu: 0.4935347 
R_PriorDraw_first_nu: 2.395558 
R-CCU: Before ClusterLabelChange for i = 39 newLabel= 1 currentLabel= 1 
R-CCU: sum(pointsPerCluster) = 98 
 num 98
NULL
R-CCU: After ClusterLabelChange for i = 39 
R-CCU: sum(pointsPerCluster) = 99 
 num 99
NULL
R-CCU: dpObj$numberClusters = 1 
List of 2
 $ : num [1, 1, 1] 0.503
 $ : num [1, 1, 1] 2.7
NULL
R priorParameters: 2 8 
R maxT: 1 
R_PriorDraw_first_mu: 0.5304489 
R_PriorDraw_first_nu: 4.596259 
R-CCU: Before ClusterLabelChange for i = 40 newLabel= 1 currentLabel= 1 
R-CCU: sum(pointsPerCluster) = 99 
 num 99
NULL
R-CCU: After ClusterLabelChange for i = 40 
R-CCU: sum(pointsPerCluster) = 100 
 num 100
NULL
R-CCU: dpObj$numberClusters = 1 
List of 2
 $ : num [1, 1, 1] 0.503
 $ : num [1, 1, 1] 2.7
NULL
R priorParameters: 2 8 
R maxT: 1 
R_PriorDraw_first_mu: 0.01978828 
R_PriorDraw_first_nu: 3.123539 
R-CCU: Before ClusterLabelChange for i = 41 newLabel= 1 currentLabel= 1 
R-CCU: sum(pointsPerCluster) = 100 
 num 100
NULL
R-CCU: After ClusterLabelChange for i = 41 
R-CCU: sum(pointsPerCluster) = 101 
 num 101
NULL
R-CCU: dpObj$numberClusters = 1 
List of 2
 $ : num [1, 1, 1] 0.503
 $ : num [1, 1, 1] 2.7
NULL
R priorParameters: 2 8 
R maxT: 1 
R_PriorDraw_first_mu: 0.7988289 
R_PriorDraw_first_nu: 3.807041 
R-CCU: Before ClusterLabelChange for i = 42 newLabel= 1 currentLabel= 1 
R-CCU: sum(pointsPerCluster) = 101 
 num 101
NULL
R-CCU: After ClusterLabelChange for i = 42 
R-CCU: sum(pointsPerCluster) = 102 
 num 102
NULL
R-CCU: dpObj$numberClusters = 1 
List of 2
 $ : num [1, 1, 1] 0.503
 $ : num [1, 1, 1] 2.7
NULL
R priorParameters: 2 8 
R maxT: 1 
R_PriorDraw_first_mu: 0.9378711 
R_PriorDraw_first_nu: 6.17309 
R-CCU: Before ClusterLabelChange for i = 43 newLabel= 1 currentLabel= 1 
R-CCU: sum(pointsPerCluster) = 102 
 num 102
NULL
R-CCU: After ClusterLabelChange for i = 43 
R-CCU: sum(pointsPerCluster) = 103 
 num 103
NULL
R-CCU: dpObj$numberClusters = 1 
List of 2
 $ : num [1, 1, 1] 0.503
 $ : num [1, 1, 1] 2.7
NULL
R priorParameters: 2 8 
R maxT: 1 
R_PriorDraw_first_mu: 0.04348089 
R_PriorDraw_first_nu: 1.777391 
R-CCU: Before ClusterLabelChange for i = 44 newLabel= 1 currentLabel= 1 
R-CCU: sum(pointsPerCluster) = 103 
 num 103
NULL
R-CCU: After ClusterLabelChange for i = 44 
R-CCU: sum(pointsPerCluster) = 104 
 num 104
NULL
R-CCU: dpObj$numberClusters = 1 
List of 2
 $ : num [1, 1, 1] 0.503
 $ : num [1, 1, 1] 2.7
NULL
R priorParameters: 2 8 
R maxT: 1 
R_PriorDraw_first_mu: 0.2983644 
R_PriorDraw_first_nu: 28.56213 
R-CCU: Before ClusterLabelChange for i = 45 newLabel= 1 currentLabel= 1 
R-CCU: sum(pointsPerCluster) = 104 
 num 104
NULL
R-CCU: After ClusterLabelChange for i = 45 
R-CCU: sum(pointsPerCluster) = 105 
 num 105
NULL
R-CCU: dpObj$numberClusters = 1 
List of 2
 $ : num [1, 1, 1] 0.503
 $ : num [1, 1, 1] 2.7
NULL
R priorParameters: 2 8 
R maxT: 1 
R_PriorDraw_first_mu: 0.02152467 
R_PriorDraw_first_nu: 4.993244 
R-CCU: Before ClusterLabelChange for i = 46 newLabel= 1 currentLabel= 1 
R-CCU: sum(pointsPerCluster) = 105 
 num 105
NULL
R-CCU: After ClusterLabelChange for i = 46 
R-CCU: sum(pointsPerCluster) = 106 
 num 106
NULL
R-CCU: dpObj$numberClusters = 1 
List of 2
 $ : num [1, 1, 1] 0.503
 $ : num [1, 1, 1] 2.7
NULL
R priorParameters: 2 8 
R maxT: 1 
R_PriorDraw_first_mu: 0.8775973 
R_PriorDraw_first_nu: 3.448893 
R-CCU: Before ClusterLabelChange for i = 47 newLabel= 1 currentLabel= 1 
R-CCU: sum(pointsPerCluster) = 106 
 num 106
NULL
R-CCU: After ClusterLabelChange for i = 47 
R-CCU: sum(pointsPerCluster) = 107 
 num 107
NULL
R-CCU: dpObj$numberClusters = 1 
List of 2
 $ : num [1, 1, 1] 0.503
 $ : num [1, 1, 1] 2.7
NULL
R priorParameters: 2 8 
R maxT: 1 
R_PriorDraw_first_mu: 0.2984903 
R_PriorDraw_first_nu: 3.322904 
R-CCU: Before ClusterLabelChange for i = 48 newLabel= 1 currentLabel= 1 
R-CCU: sum(pointsPerCluster) = 107 
 num 107
NULL
R-CCU: After ClusterLabelChange for i = 48 
R-CCU: sum(pointsPerCluster) = 108 
 num 108
NULL
R-CCU: dpObj$numberClusters = 1 
List of 2
 $ : num [1, 1, 1] 0.503
 $ : num [1, 1, 1] 2.7
NULL
R priorParameters: 2 8 
R maxT: 1 
R_PriorDraw_first_mu: 0.5223328 
R_PriorDraw_first_nu: 20.52225 
R-CCU: Before ClusterLabelChange for i = 49 newLabel= 1 currentLabel= 1 
R-CCU: sum(pointsPerCluster) = 108 
 num 108
NULL
R-CCU: After ClusterLabelChange for i = 49 
R-CCU: sum(pointsPerCluster) = 109 
 num 109
NULL
R-CCU: dpObj$numberClusters = 1 
List of 2
 $ : num [1, 1, 1] 0.503
 $ : num [1, 1, 1] 2.7
NULL
R priorParameters: 2 8 
R maxT: 1 
R_PriorDraw_first_mu: 0.8084221 
R_PriorDraw_first_nu: 6.094478 
R-CCU: Before ClusterLabelChange for i = 50 newLabel= 1 currentLabel= 1 
R-CCU: sum(pointsPerCluster) = 109 
 num 109
NULL
R-CCU: After ClusterLabelChange for i = 50 
R-CCU: sum(pointsPerCluster) = 110 
 num 110
NULL
R-CCU: dpObj$numberClusters = 1 
List of 2
 $ : num [1, 1, 1] 0.503
 $ : num [1, 1, 1] 2.7
NULL
R priorParameters: 2 8 
R maxT: 1 
R_PriorDraw_first_mu: 0.9510115 
R_PriorDraw_first_nu: 1.968531 
R-CCU: Before ClusterLabelChange for i = 51 newLabel= 1 currentLabel= 1 
R-CCU: sum(pointsPerCluster) = 110 
 num 110
NULL
R-CCU: After ClusterLabelChange for i = 51 
R-CCU: sum(pointsPerCluster) = 111 
 num 111
NULL
R-CCU: dpObj$numberClusters = 1 
List of 2
 $ : num [1, 1, 1] 0.503
 $ : num [1, 1, 1] 2.7
NULL
R priorParameters: 2 8 
R maxT: 1 
R_PriorDraw_first_mu: 0.9343489 
R_PriorDraw_first_nu: 4.414609 
R-CCU: Before ClusterLabelChange for i = 52 newLabel= 1 currentLabel= 1 
R-CCU: sum(pointsPerCluster) = 111 
 num 111
NULL
R-CCU: After ClusterLabelChange for i = 52 
R-CCU: sum(pointsPerCluster) = 112 
 num 112
NULL
R-CCU: dpObj$numberClusters = 1 
List of 2
 $ : num [1, 1, 1] 0.503
 $ : num [1, 1, 1] 2.7
NULL
R priorParameters: 2 8 
R maxT: 1 
R_PriorDraw_first_mu: 0.2718995 
R_PriorDraw_first_nu: 5.23324 
R-CCU: Before ClusterLabelChange for i = 53 newLabel= 1 currentLabel= 1 
R-CCU: sum(pointsPerCluster) = 112 
 num 112
NULL
R-CCU: After ClusterLabelChange for i = 53 
R-CCU: sum(pointsPerCluster) = 113 
 num 113
NULL
R-CCU: dpObj$numberClusters = 1 
List of 2
 $ : num [1, 1, 1] 0.503
 $ : num [1, 1, 1] 2.7
NULL
R priorParameters: 2 8 
R maxT: 1 
R_PriorDraw_first_mu: 0.255264 
R_PriorDraw_first_nu: 4.316754 
R-CCU: Before ClusterLabelChange for i = 54 newLabel= 1 currentLabel= 1 
R-CCU: sum(pointsPerCluster) = 113 
 num 113
NULL
R-CCU: After ClusterLabelChange for i = 54 
R-CCU: sum(pointsPerCluster) = 114 
 num 114
NULL
R-CCU: dpObj$numberClusters = 1 
List of 2
 $ : num [1, 1, 1] 0.503
 $ : num [1, 1, 1] 2.7
NULL
R priorParameters: 2 8 
R maxT: 1 
R_PriorDraw_first_mu: 0.5282078 
R_PriorDraw_first_nu: 23.36247 
R-CCU: Before ClusterLabelChange for i = 55 newLabel= 1 currentLabel= 1 
R-CCU: sum(pointsPerCluster) = 114 
 num 114
NULL
R-CCU: After ClusterLabelChange for i = 55 
R-CCU: sum(pointsPerCluster) = 115 
 num 115
NULL
R-CCU: dpObj$numberClusters = 1 
List of 2
 $ : num [1, 1, 1] 0.503
 $ : num [1, 1, 1] 2.7
NULL
R priorParameters: 2 8 
R maxT: 1 
R_PriorDraw_first_mu: 0.7413333 
R_PriorDraw_first_nu: 1.599894 
R-CCU: Before ClusterLabelChange for i = 56 newLabel= 1 currentLabel= 1 
R-CCU: sum(pointsPerCluster) = 115 
 num 115
NULL
R-CCU: After ClusterLabelChange for i = 56 
R-CCU: sum(pointsPerCluster) = 116 
 num 116
NULL
R-CCU: dpObj$numberClusters = 1 
List of 2
 $ : num [1, 1, 1] 0.503
 $ : num [1, 1, 1] 2.7
NULL
R priorParameters: 2 8 
R maxT: 1 
R_PriorDraw_first_mu: 0.3487858 
R_PriorDraw_first_nu: 3.125904 
R-CCU: Before ClusterLabelChange for i = 57 newLabel= 3 currentLabel= 1 
R-CCU: sum(pointsPerCluster) = 116 
 num 116
NULL
R-CCU: After ClusterLabelChange for i = 57 
R-CCU: sum(pointsPerCluster) = 117 
 num [1:2] 116 1
NULL
R-CCU: dpObj$numberClusters = 2 
List of 2
 $ : num [1, 1, 1:2] 0.503 0.141
 $ : num [1, 1, 1:2] 2.7 2.78
NULL
R priorParameters: 2 8 
R maxT: 1 
R_PriorDraw_first_mu: 0.4487514 
R_PriorDraw_first_nu: 8.642991 
R-CCU: Before ClusterLabelChange for i = 58 newLabel= 1 currentLabel= 1 
R-CCU: sum(pointsPerCluster) = 117 
 num [1:2] 116 1
NULL
R-CCU: After ClusterLabelChange for i = 58 
R-CCU: sum(pointsPerCluster) = 118 
 num [1:2] 117 1
NULL
R-CCU: dpObj$numberClusters = 2 
List of 2
 $ : num [1, 1, 1:2] 0.503 0.141
 $ : num [1, 1, 1:2] 2.7 2.78
NULL
R priorParameters: 2 8 
R maxT: 1 
R_PriorDraw_first_mu: 0.7703074 
R_PriorDraw_first_nu: 3.925493 
R-CCU: Before ClusterLabelChange for i = 59 newLabel= 1 currentLabel= 1 
R-CCU: sum(pointsPerCluster) = 118 
 num [1:2] 117 1
NULL
R-CCU: After ClusterLabelChange for i = 59 
R-CCU: sum(pointsPerCluster) = 119 
 num [1:2] 118 1
NULL
R-CCU: dpObj$numberClusters = 2 
List of 2
 $ : num [1, 1, 1:2] 0.503 0.141
 $ : num [1, 1, 1:2] 2.7 2.78
NULL
R priorParameters: 2 8 
R maxT: 1 
R_PriorDraw_first_mu: 0.9004427 
R_PriorDraw_first_nu: 11.52384 
R-CCU: Before ClusterLabelChange for i = 60 newLabel= 1 currentLabel= 1 
R-CCU: sum(pointsPerCluster) = 119 
 num [1:2] 118 1
NULL
R-CCU: After ClusterLabelChange for i = 60 
R-CCU: sum(pointsPerCluster) = 120 
 num [1:2] 119 1
NULL
R-CCU: dpObj$numberClusters = 2 
List of 2
 $ : num [1, 1, 1:2] 0.503 0.141
 $ : num [1, 1, 1:2] 2.7 2.78
NULL

⠙ |   2      0 | Beta Distribution Full Integration Test           
⠹ |   3      0 | Beta Distribution Full Integration Test           R priorParameters: 2 8 
R maxT: 1 
R_PriorDraw_first_mu: 0.8459212 
R_PriorDraw_first_nu: 4.876112 
R-CCU: Before ClusterLabelChange for i = 1 newLabel= 1 currentLabel= 1 
R-CCU: sum(pointsPerCluster) = 120 
 num [1:2] 119 1
NULL
R-CCU: After ClusterLabelChange for i = 1 
R-CCU: sum(pointsPerCluster) = 121 
 num [1:2] 120 1
NULL
R-CCU: dpObj$numberClusters = 2 
List of 2
 $ : num [1, 1, 1:2] 0.424 0.265
 $ : num [1, 1, 1:2] 2.06 3.79
NULL
R priorParameters: 2 8 
R maxT: 1 
R_PriorDraw_first_mu: 0.1651649 
R_PriorDraw_first_nu: 3.912718 
R-CCU: Before ClusterLabelChange for i = 2 newLabel= 1 currentLabel= 1 
R-CCU: sum(pointsPerCluster) = 121 
 num [1:2] 120 1
NULL
R-CCU: After ClusterLabelChange for i = 2 
R-CCU: sum(pointsPerCluster) = 122 
 num [1:2] 121 1
NULL
R-CCU: dpObj$numberClusters = 2 
List of 2
 $ : num [1, 1, 1:2] 0.424 0.265
 $ : num [1, 1, 1:2] 2.06 3.79
NULL
R priorParameters: 2 8 
R maxT: 1 
R_PriorDraw_first_mu: 0.1021768 
R_PriorDraw_first_nu: 4.586386 
R-CCU: Before ClusterLabelChange for i = 3 newLabel= 1 currentLabel= 1 
R-CCU: sum(pointsPerCluster) = 122 
 num [1:2] 121 1
NULL
R-CCU: After ClusterLabelChange for i = 3 
R-CCU: sum(pointsPerCluster) = 123 
 num [1:2] 122 1
NULL
R-CCU: dpObj$numberClusters = 2 
List of 2
 $ : num [1, 1, 1:2] 0.424 0.265
 $ : num [1, 1, 1:2] 2.06 3.79
NULL
R priorParameters: 2 8 
R maxT: 1 
R_PriorDraw_first_mu: 0.9149816 
R_PriorDraw_first_nu: 5.638643 
R-CCU: Before ClusterLabelChange for i = 4 newLabel= 1 currentLabel= 1 
R-CCU: sum(pointsPerCluster) = 123 
 num [1:2] 122 1
NULL
R-CCU: After ClusterLabelChange for i = 4 
R-CCU: sum(pointsPerCluster) = 124 
 num [1:2] 123 1
NULL
R-CCU: dpObj$numberClusters = 2 
List of 2
 $ : num [1, 1, 1:2] 0.424 0.265
 $ : num [1, 1, 1:2] 2.06 3.79
NULL
R priorParameters: 2 8 
R maxT: 1 
R_PriorDraw_first_mu: 0.6259506 
R_PriorDraw_first_nu: 2.590795 
R-CCU: Before ClusterLabelChange for i = 5 newLabel= 1 currentLabel= 1 
R-CCU: sum(pointsPerCluster) = 124 
 num [1:2] 123 1
NULL
R-CCU: After ClusterLabelChange for i = 5 
R-CCU: sum(pointsPerCluster) = 125 
 num [1:2] 124 1
NULL
R-CCU: dpObj$numberClusters = 2 
List of 2
 $ : num [1, 1, 1:2] 0.424 0.265
 $ : num [1, 1, 1:2] 2.06 3.79
NULL
R priorParameters: 2 8 
R maxT: 1 
R_PriorDraw_first_mu: 0.9321408 
R_PriorDraw_first_nu: 4.101826 
R-CCU: Before ClusterLabelChange for i = 6 newLabel= 1 currentLabel= 1 
R-CCU: sum(pointsPerCluster) = 125 
 num [1:2] 124 1
NULL
R-CCU: After ClusterLabelChange for i = 6 
R-CCU: sum(pointsPerCluster) = 126 
 num [1:2] 125 1
NULL
R-CCU: dpObj$numberClusters = 2 
List of 2
 $ : num [1, 1, 1:2] 0.424 0.265
 $ : num [1, 1, 1:2] 2.06 3.79
NULL
R priorParameters: 2 8 
R maxT: 1 
R_PriorDraw_first_mu: 0.1121968 
R_PriorDraw_first_nu: 2.986294 
R-CCU: Before ClusterLabelChange for i = 7 newLabel= 1 currentLabel= 1 
R-CCU: sum(pointsPerCluster) = 126 
 num [1:2] 125 1
NULL
R-CCU: After ClusterLabelChange for i = 7 
R-CCU: sum(pointsPerCluster) = 127 
 num [1:2] 126 1
NULL
R-CCU: dpObj$numberClusters = 2 
List of 2
 $ : num [1, 1, 1:2] 0.424 0.265
 $ : num [1, 1, 1:2] 2.06 3.79
NULL
R priorParameters: 2 8 
R maxT: 1 
R_PriorDraw_first_mu: 0.009718732 
R_PriorDraw_first_nu: 3.975531 
R-CCU: Before ClusterLabelChange for i = 8 newLabel= 1 currentLabel= 1 
R-CCU: sum(pointsPerCluster) = 127 
 num [1:2] 126 1
NULL
R-CCU: After ClusterLabelChange for i = 8 
R-CCU: sum(pointsPerCluster) = 128 
 num [1:2] 127 1
NULL
R-CCU: dpObj$numberClusters = 2 
List of 2
 $ : num [1, 1, 1:2] 0.424 0.265
 $ : num [1, 1, 1:2] 2.06 3.79
NULL
R priorParameters: 2 8 
R maxT: 1 
R_PriorDraw_first_mu: 0.2973618 
R_PriorDraw_first_nu: 64.55705 
R-CCU: Before ClusterLabelChange for i = 9 newLabel= 1 currentLabel= 1 
R-CCU: sum(pointsPerCluster) = 128 
 num [1:2] 127 1
NULL
R-CCU: After ClusterLabelChange for i = 9 
R-CCU: sum(pointsPerCluster) = 129 
 num [1:2] 128 1
NULL
R-CCU: dpObj$numberClusters = 2 
List of 2
 $ : num [1, 1, 1:2] 0.424 0.265
 $ : num [1, 1, 1:2] 2.06 3.79
NULL
R priorParameters: 2 8 
R maxT: 1 
R_PriorDraw_first_mu: 0.4777599 
R_PriorDraw_first_nu: 4.199338 
R-CCU: Before ClusterLabelChange for i = 10 newLabel= 1 currentLabel= 1 
R-CCU: sum(pointsPerCluster) = 129 
 num [1:2] 128 1
NULL
R-CCU: After ClusterLabelChange for i = 10 
R-CCU: sum(pointsPerCluster) = 130 
 num [1:2] 129 1
NULL
R-CCU: dpObj$numberClusters = 2 
List of 2
 $ : num [1, 1, 1:2] 0.424 0.265
 $ : num [1, 1, 1:2] 2.06 3.79
NULL
R priorParameters: 2 8 
R maxT: 1 
R_PriorDraw_first_mu: 0.7732399 
R_PriorDraw_first_nu: 3.017256 
R-CCU: Before ClusterLabelChange for i = 11 newLabel= 1 currentLabel= 1 
R-CCU: sum(pointsPerCluster) = 130 
 num [1:2] 129 1
NULL
R-CCU: After ClusterLabelChange for i = 11 
R-CCU: sum(pointsPerCluster) = 131 
 num [1:2] 130 1
NULL
R-CCU: dpObj$numberClusters = 2 
List of 2
 $ : num [1, 1, 1:2] 0.424 0.265
 $ : num [1, 1, 1:2] 2.06 3.79
NULL
R priorParameters: 2 8 
R maxT: 1 
R_PriorDraw_first_mu: 0.3276062 
R_PriorDraw_first_nu: 5.962688 
R-CCU: Before ClusterLabelChange for i = 12 newLabel= 1 currentLabel= 1 
R-CCU: sum(pointsPerCluster) = 131 
 num [1:2] 130 1
NULL
R-CCU: After ClusterLabelChange for i = 12 
R-CCU: sum(pointsPerCluster) = 132 
 num [1:2] 131 1
NULL
R-CCU: dpObj$numberClusters = 2 
List of 2
 $ : num [1, 1, 1:2] 0.424 0.265
 $ : num [1, 1, 1:2] 2.06 3.79
NULL
R priorParameters: 2 8 
R maxT: 1 
R_PriorDraw_first_mu: 0.1900848 
R_PriorDraw_first_nu: 3.395546 
R-CCU: Before ClusterLabelChange for i = 13 newLabel= 1 currentLabel= 1 
R-CCU: sum(pointsPerCluster) = 132 
 num [1:2] 131 1
NULL
R-CCU: After ClusterLabelChange for i = 13 
R-CCU: sum(pointsPerCluster) = 133 
 num [1:2] 132 1
NULL
R-CCU: dpObj$numberClusters = 2 
List of 2
 $ : num [1, 1, 1:2] 0.424 0.265
 $ : num [1, 1, 1:2] 2.06 3.79
NULL
R priorParameters: 2 8 
R maxT: 1 
R_PriorDraw_first_mu: 0.3409925 
R_PriorDraw_first_nu: 2.496185 
R-CCU: Before ClusterLabelChange for i = 14 newLabel= 1 currentLabel= 1 
R-CCU: sum(pointsPerCluster) = 133 
 num [1:2] 132 1
NULL
R-CCU: After ClusterLabelChange for i = 14 
R-CCU: sum(pointsPerCluster) = 134 
 num [1:2] 133 1
NULL
R-CCU: dpObj$numberClusters = 2 
List of 2
 $ : num [1, 1, 1:2] 0.424 0.265
 $ : num [1, 1, 1:2] 2.06 3.79
NULL
R priorParameters: 2 8 
R maxT: 1 
R_PriorDraw_first_mu: 0.6293878 
R_PriorDraw_first_nu: 9.496094 
R-CCU: Before ClusterLabelChange for i = 15 newLabel= 1 currentLabel= 1 
R-CCU: sum(pointsPerCluster) = 134 
 num [1:2] 133 1
NULL
R-CCU: After ClusterLabelChange for i = 15 
R-CCU: sum(pointsPerCluster) = 135 
 num [1:2] 134 1
NULL
R-CCU: dpObj$numberClusters = 2 
List of 2
 $ : num [1, 1, 1:2] 0.424 0.265
 $ : num [1, 1, 1:2] 2.06 3.79
NULL
R priorParameters: 2 8 
R maxT: 1 
R_PriorDraw_first_mu: 0.1840945 
R_PriorDraw_first_nu: 3.245191 
R-CCU: Before ClusterLabelChange for i = 16 newLabel= 1 currentLabel= 1 
R-CCU: sum(pointsPerCluster) = 135 
 num [1:2] 134 1
NULL
R-CCU: After ClusterLabelChange for i = 16 
R-CCU: sum(pointsPerCluster) = 136 
 num [1:2] 135 1
NULL
R-CCU: dpObj$numberClusters = 2 
List of 2
 $ : num [1, 1, 1:2] 0.424 0.265
 $ : num [1, 1, 1:2] 2.06 3.79
NULL
R priorParameters: 2 8 
R maxT: 1 
R_PriorDraw_first_mu: 0.4056888 
R_PriorDraw_first_nu: 4.791864 
R-CCU: Before ClusterLabelChange for i = 17 newLabel= 1 currentLabel= 1 
R-CCU: sum(pointsPerCluster) = 136 
 num [1:2] 135 1
NULL
R-CCU: After ClusterLabelChange for i = 17 
R-CCU: sum(pointsPerCluster) = 137 
 num [1:2] 136 1
NULL
R-CCU: dpObj$numberClusters = 2 
List of 2
 $ : num [1, 1, 1:2] 0.424 0.265
 $ : num [1, 1, 1:2] 2.06 3.79
NULL
R priorParameters: 2 8 
R maxT: 1 
R_PriorDraw_first_mu: 0.9921336 
R_PriorDraw_first_nu: 5.564944 
R-CCU: Before ClusterLabelChange for i = 18 newLabel= 1 currentLabel= 1 
R-CCU: sum(pointsPerCluster) = 137 
 num [1:2] 136 1
NULL
R-CCU: After ClusterLabelChange for i = 18 
R-CCU: sum(pointsPerCluster) = 138 
 num [1:2] 137 1
NULL
R-CCU: dpObj$numberClusters = 2 
List of 2
 $ : num [1, 1, 1:2] 0.424 0.265
 $ : num [1, 1, 1:2] 2.06 3.79
NULL
R priorParameters: 2 8 
R maxT: 1 
R_PriorDraw_first_mu: 0.1666339 
R_PriorDraw_first_nu: 4.945472 
R-CCU: Before ClusterLabelChange for i = 19 newLabel= 1 currentLabel= 1 
R-CCU: sum(pointsPerCluster) = 138 
 num [1:2] 137 1
NULL
R-CCU: After ClusterLabelChange for i = 19 
R-CCU: sum(pointsPerCluster) = 139 
 num [1:2] 138 1
NULL
R-CCU: dpObj$numberClusters = 2 
List of 2
 $ : num [1, 1, 1:2] 0.424 0.265
 $ : num [1, 1, 1:2] 2.06 3.79
NULL
R priorParameters: 2 8 
R maxT: 1 
R_PriorDraw_first_mu: 0.8294235 
R_PriorDraw_first_nu: 9.637098 
R-CCU: Before ClusterLabelChange for i = 20 newLabel= 1 currentLabel= 1 
R-CCU: sum(pointsPerCluster) = 139 
 num [1:2] 138 1
NULL
R-CCU: After ClusterLabelChange for i = 20 
R-CCU: sum(pointsPerCluster) = 140 
 num [1:2] 139 1
NULL
R-CCU: dpObj$numberClusters = 2 
List of 2
 $ : num [1, 1, 1:2] 0.424 0.265
 $ : num [1, 1, 1:2] 2.06 3.79
NULL
R priorParameters: 2 8 
R maxT: 1 
R_PriorDraw_first_mu: 0.4170801 
R_PriorDraw_first_nu: 2.866131 
R-CCU: Before ClusterLabelChange for i = 21 newLabel= 4 currentLabel= 1 
R-CCU: sum(pointsPerCluster) = 140 
 num [1:2] 139 1
NULL
R-CCU: After ClusterLabelChange for i = 21 
R-CCU: sum(pointsPerCluster) = 141 
 num [1:3] 139 1 1
NULL
R-CCU: dpObj$numberClusters = 3 
List of 2
 $ : num [1, 1, 1:3] 0.424 0.265 0.28
 $ : num [1, 1, 1:3] 2.06 3.79 2.48
NULL
R priorParameters: 2 8 
R maxT: 1 
R_PriorDraw_first_mu: 0.6405947 
R_PriorDraw_first_nu: 1.108321 
R-CCU: Before ClusterLabelChange for i = 22 newLabel= 1 currentLabel= 1 
R-CCU: sum(pointsPerCluster) = 141 
 num [1:3] 139 1 1
NULL
R-CCU: After ClusterLabelChange for i = 22 
R-CCU: sum(pointsPerCluster) = 142 
 num [1:3] 140 1 1
NULL
R-CCU: dpObj$numberClusters = 3 
List of 2
 $ : num [1, 1, 1:3] 0.424 0.265 0.28
 $ : num [1, 1, 1:3] 2.06 3.79 2.48
NULL
R priorParameters: 2 8 
R maxT: 1 
R_PriorDraw_first_mu: 0.1917488 
R_PriorDraw_first_nu: 5.128445 
R-CCU: Before ClusterLabelChange for i = 23 newLabel= 1 currentLabel= 1 
R-CCU: sum(pointsPerCluster) = 142 
 num [1:3] 140 1 1
NULL
R-CCU: After ClusterLabelChange for i = 23 
R-CCU: sum(pointsPerCluster) = 143 
 num [1:3] 141 1 1
NULL
R-CCU: dpObj$numberClusters = 3 
List of 2
 $ : num [1, 1, 1:3] 0.424 0.265 0.28
 $ : num [1, 1, 1:3] 2.06 3.79 2.48
NULL
R priorParameters: 2 8 
R maxT: 1 
R_PriorDraw_first_mu: 0.3568256 
R_PriorDraw_first_nu: 10.67239 
R-CCU: Before ClusterLabelChange for i = 24 newLabel= 1 currentLabel= 1 
R-CCU: sum(pointsPerCluster) = 143 
 num [1:3] 141 1 1
NULL
R-CCU: After ClusterLabelChange for i = 24 
R-CCU: sum(pointsPerCluster) = 144 
 num [1:3] 142 1 1
NULL
R-CCU: dpObj$numberClusters = 3 
List of 2
 $ : num [1, 1, 1:3] 0.424 0.265 0.28
 $ : num [1, 1, 1:3] 2.06 3.79 2.48
NULL
R priorParameters: 2 8 
R maxT: 1 
R_PriorDraw_first_mu: 0.7014368 
R_PriorDraw_first_nu: 15.80056 
R-CCU: Before ClusterLabelChange for i = 25 newLabel= 1 currentLabel= 1 
R-CCU: sum(pointsPerCluster) = 144 
 num [1:3] 142 1 1
NULL
R-CCU: After ClusterLabelChange for i = 25 
R-CCU: sum(pointsPerCluster) = 145 
 num [1:3] 143 1 1
NULL
R-CCU: dpObj$numberClusters = 3 
List of 2
 $ : num [1, 1, 1:3] 0.424 0.265 0.28
 $ : num [1, 1, 1:3] 2.06 3.79 2.48
NULL
R priorParameters: 2 8 
R maxT: 1 
R_PriorDraw_first_mu: 0.4868859 
R_PriorDraw_first_nu: 4.289671 
R-CCU: Before ClusterLabelChange for i = 26 newLabel= 1 currentLabel= 1 
R-CCU: sum(pointsPerCluster) = 145 
 num [1:3] 143 1 1
NULL
R-CCU: After ClusterLabelChange for i = 26 
R-CCU: sum(pointsPerCluster) = 146 
 num [1:3] 144 1 1
NULL
R-CCU: dpObj$numberClusters = 3 
List of 2
 $ : num [1, 1, 1:3] 0.424 0.265 0.28
 $ : num [1, 1, 1:3] 2.06 3.79 2.48
NULL
R priorParameters: 2 8 
R maxT: 1 
R_PriorDraw_first_mu: 0.6710463 
R_PriorDraw_first_nu: 21.47412 
R-CCU: Before ClusterLabelChange for i = 27 newLabel= 1 currentLabel= 1 
R-CCU: sum(pointsPerCluster) = 146 
 num [1:3] 144 1 1
NULL
R-CCU: After ClusterLabelChange for i = 27 
R-CCU: sum(pointsPerCluster) = 147 
 num [1:3] 145 1 1
NULL
R-CCU: dpObj$numberClusters = 3 
List of 2
 $ : num [1, 1, 1:3] 0.424 0.265 0.28
 $ : num [1, 1, 1:3] 2.06 3.79 2.48
NULL
R priorParameters: 2 8 
R maxT: 1 
R_PriorDraw_first_mu: 0.7291366 
R_PriorDraw_first_nu: 4.044512 
R-CCU: Before ClusterLabelChange for i = 28 newLabel= 1 currentLabel= 1 
R-CCU: sum(pointsPerCluster) = 147 
 num [1:3] 145 1 1
NULL
R-CCU: After ClusterLabelChange for i = 28 
R-CCU: sum(pointsPerCluster) = 148 
 num [1:3] 146 1 1
NULL
R-CCU: dpObj$numberClusters = 3 
List of 2
 $ : num [1, 1, 1:3] 0.424 0.265 0.28
 $ : num [1, 1, 1:3] 2.06 3.79 2.48
NULL
R priorParameters: 2 8 
R maxT: 1 
R_PriorDraw_first_mu: 0.3742909 
R_PriorDraw_first_nu: 3.656751 
R-CCU: Before ClusterLabelChange for i = 29 newLabel= 1 currentLabel= 1 
R-CCU: sum(pointsPerCluster) = 148 
 num [1:3] 146 1 1
NULL
R-CCU: After ClusterLabelChange for i = 29 
R-CCU: sum(pointsPerCluster) = 149 
 num [1:3] 147 1 1
NULL
R-CCU: dpObj$numberClusters = 3 
List of 2
 $ : num [1, 1, 1:3] 0.424 0.265 0.28
 $ : num [1, 1, 1:3] 2.06 3.79 2.48
NULL
R priorParameters: 2 8 
R maxT: 1 
R_PriorDraw_first_mu: 0.01689821 
R_PriorDraw_first_nu: 4.131156 
R-CCU: Before ClusterLabelChange for i = 30 newLabel= 1 currentLabel= 1 
R-CCU: sum(pointsPerCluster) = 149 
 num [1:3] 147 1 1
NULL
R-CCU: After ClusterLabelChange for i = 30 
R-CCU: sum(pointsPerCluster) = 150 
 num [1:3] 148 1 1
NULL
R-CCU: dpObj$numberClusters = 3 
List of 2
 $ : num [1, 1, 1:3] 0.424 0.265 0.28
 $ : num [1, 1, 1:3] 2.06 3.79 2.48
NULL
R priorParameters: 2 8 
R maxT: 1 
R_PriorDraw_first_mu: 0.2537006 
R_PriorDraw_first_nu: 3.357314 
R-CCU: Before ClusterLabelChange for i = 31 newLabel= 1 currentLabel= 1 
R-CCU: sum(pointsPerCluster) = 150 
 num [1:3] 148 1 1
NULL
R-CCU: After ClusterLabelChange for i = 31 
R-CCU: sum(pointsPerCluster) = 151 
 num [1:3] 149 1 1
NULL
R-CCU: dpObj$numberClusters = 3 
List of 2
 $ : num [1, 1, 1:3] 0.424 0.265 0.28
 $ : num [1, 1, 1:3] 2.06 3.79 2.48
NULL
R priorParameters: 2 8 
R maxT: 1 
R_PriorDraw_first_mu: 0.7492795 
R_PriorDraw_first_nu: 7.832762 
R-CCU: Before ClusterLabelChange for i = 32 newLabel= 1 currentLabel= 1 
R-CCU: sum(pointsPerCluster) = 151 
 num [1:3] 149 1 1
NULL
R-CCU: After ClusterLabelChange for i = 32 
R-CCU: sum(pointsPerCluster) = 152 
 num [1:3] 150 1 1
NULL
R-CCU: dpObj$numberClusters = 3 
List of 2
 $ : num [1, 1, 1:3] 0.424 0.265 0.28
 $ : num [1, 1, 1:3] 2.06 3.79 2.48
NULL
R priorParameters: 2 8 
R maxT: 1 
R_PriorDraw_first_mu: 0.1225298 
R_PriorDraw_first_nu: 4.293893 
R-CCU: Before ClusterLabelChange for i = 33 newLabel= 1 currentLabel= 1 
R-CCU: sum(pointsPerCluster) = 152 
 num [1:3] 150 1 1
NULL
R-CCU: After ClusterLabelChange for i = 33 
R-CCU: sum(pointsPerCluster) = 153 
 num [1:3] 151 1 1
NULL
R-CCU: dpObj$numberClusters = 3 
List of 2
 $ : num [1, 1, 1:3] 0.424 0.265 0.28
 $ : num [1, 1, 1:3] 2.06 3.79 2.48
NULL
R priorParameters: 2 8 
R maxT: 1 
R_PriorDraw_first_mu: 0.4674248 
R_PriorDraw_first_nu: 3.904167 
R-CCU: Before ClusterLabelChange for i = 34 newLabel= 1 currentLabel= 1 
R-CCU: sum(pointsPerCluster) = 153 
 num [1:3] 151 1 1
NULL
R-CCU: After ClusterLabelChange for i = 34 
R-CCU: sum(pointsPerCluster) = 154 
 num [1:3] 152 1 1
NULL
R-CCU: dpObj$numberClusters = 3 
List of 2
 $ : num [1, 1, 1:3] 0.424 0.265 0.28
 $ : num [1, 1, 1:3] 2.06 3.79 2.48
NULL
R priorParameters: 2 8 
R maxT: 1 
R_PriorDraw_first_mu: 0.2850285 
R_PriorDraw_first_nu: 3.517395 
R-CCU: Before ClusterLabelChange for i = 35 newLabel= 1 currentLabel= 1 
R-CCU: sum(pointsPerCluster) = 154 
 num [1:3] 152 1 1
NULL
R-CCU: After ClusterLabelChange for i = 35 
R-CCU: sum(pointsPerCluster) = 155 
 num [1:3] 153 1 1
NULL
R-CCU: dpObj$numberClusters = 3 
List of 2
 $ : num [1, 1, 1:3] 0.424 0.265 0.28
 $ : num [1, 1, 1:3] 2.06 3.79 2.48
NULL
R priorParameters: 2 8 
R maxT: 1 
R_PriorDraw_first_mu: 0.1960654 
R_PriorDraw_first_nu: 4.845369 
R-CCU: Before ClusterLabelChange for i = 36 newLabel= 1 currentLabel= 1 
R-CCU: sum(pointsPerCluster) = 155 
 num [1:3] 153 1 1
NULL
R-CCU: After ClusterLabelChange for i = 36 
R-CCU: sum(pointsPerCluster) = 156 
 num [1:3] 154 1 1
NULL
R-CCU: dpObj$numberClusters = 3 
List of 2
 $ : num [1, 1, 1:3] 0.424 0.265 0.28
 $ : num [1, 1, 1:3] 2.06 3.79 2.48
NULL
R priorParameters: 2 8 
R maxT: 1 
R_PriorDraw_first_mu: 0.6563607 
R_PriorDraw_first_nu: 13.08116 
R-CCU: Before ClusterLabelChange for i = 37 newLabel= 1 currentLabel= 1 
R-CCU: sum(pointsPerCluster) = 156 
 num [1:3] 154 1 1
NULL
R-CCU: After ClusterLabelChange for i = 37 
R-CCU: sum(pointsPerCluster) = 157 
 num [1:3] 155 1 1
NULL
R-CCU: dpObj$numberClusters = 3 
List of 2
 $ : num [1, 1, 1:3] 0.424 0.265 0.28
 $ : num [1, 1, 1:3] 2.06 3.79 2.48
NULL
R priorParameters: 2 8 
R maxT: 1 
R_PriorDraw_first_mu: 0.6875607 
R_PriorDraw_first_nu: 3.405445 
R-CCU: Before ClusterLabelChange for i = 38 newLabel= 1 currentLabel= 1 
R-CCU: sum(pointsPerCluster) = 157 
 num [1:3] 155 1 1
NULL
R-CCU: After ClusterLabelChange for i = 38 
R-CCU: sum(pointsPerCluster) = 158 
 num [1:3] 156 1 1
NULL
R-CCU: dpObj$numberClusters = 3 
List of 2
 $ : num [1, 1, 1:3] 0.424 0.265 0.28
 $ : num [1, 1, 1:3] 2.06 3.79 2.48
NULL
R priorParameters: 2 8 
R maxT: 1 
R_PriorDraw_first_mu: 0.4753657 
R_PriorDraw_first_nu: 3.60369 
R-CCU: Before ClusterLabelChange for i = 39 newLabel= 1 currentLabel= 1 
R-CCU: sum(pointsPerCluster) = 158 
 num [1:3] 156 1 1
NULL
R-CCU: After ClusterLabelChange for i = 39 
R-CCU: sum(pointsPerCluster) = 159 
 num [1:3] 157 1 1
NULL
R-CCU: dpObj$numberClusters = 3 
List of 2
 $ : num [1, 1, 1:3] 0.424 0.265 0.28
 $ : num [1, 1, 1:3] 2.06 3.79 2.48
NULL
R priorParameters: 2 8 
R maxT: 1 
R_PriorDraw_first_mu: 0.496647 
R_PriorDraw_first_nu: 2.716699 
R-CCU: Before ClusterLabelChange for i = 40 newLabel= 1 currentLabel= 1 
R-CCU: sum(pointsPerCluster) = 159 
 num [1:3] 157 1 1
NULL
R-CCU: After ClusterLabelChange for i = 40 
R-CCU: sum(pointsPerCluster) = 160 
 num [1:3] 158 1 1
NULL
R-CCU: dpObj$numberClusters = 3 
List of 2
 $ : num [1, 1, 1:3] 0.424 0.265 0.28
 $ : num [1, 1, 1:3] 2.06 3.79 2.48
NULL
R priorParameters: 2 8 
R maxT: 1 
R_PriorDraw_first_mu: 0.7024276 
R_PriorDraw_first_nu: 1.849959 
R-CCU: Before ClusterLabelChange for i = 41 newLabel= 1 currentLabel= 1 
R-CCU: sum(pointsPerCluster) = 160 
 num [1:3] 158 1 1
NULL
R-CCU: After ClusterLabelChange for i = 41 
R-CCU: sum(pointsPerCluster) = 161 
 num [1:3] 159 1 1
NULL
R-CCU: dpObj$numberClusters = 3 
List of 2
 $ : num [1, 1, 1:3] 0.424 0.265 0.28
 $ : num [1, 1, 1:3] 2.06 3.79 2.48
NULL
R priorParameters: 2 8 
R maxT: 1 
R_PriorDraw_first_mu: 0.7322164 
R_PriorDraw_first_nu: 1.527629 
R-CCU: Before ClusterLabelChange for i = 42 newLabel= 1 currentLabel= 1 
R-CCU: sum(pointsPerCluster) = 161 
 num [1:3] 159 1 1
NULL
R-CCU: After ClusterLabelChange for i = 42 
R-CCU: sum(pointsPerCluster) = 162 
 num [1:3] 160 1 1
NULL
R-CCU: dpObj$numberClusters = 3 
List of 2
 $ : num [1, 1, 1:3] 0.424 0.265 0.28
 $ : num [1, 1, 1:3] 2.06 3.79 2.48
NULL
R priorParameters: 2 8 
R maxT: 1 
R_PriorDraw_first_mu: 0.9047736 
R_PriorDraw_first_nu: 9.815212 
R-CCU: Before ClusterLabelChange for i = 43 newLabel= 1 currentLabel= 1 
R-CCU: sum(pointsPerCluster) = 162 
 num [1:3] 160 1 1
NULL
R-CCU: After ClusterLabelChange for i = 43 
R-CCU: sum(pointsPerCluster) = 163 
 num [1:3] 161 1 1
NULL
R-CCU: dpObj$numberClusters = 3 
List of 2
 $ : num [1, 1, 1:3] 0.424 0.265 0.28
 $ : num [1, 1, 1:3] 2.06 3.79 2.48
NULL
R priorParameters: 2 8 
R maxT: 1 
R_PriorDraw_first_mu: 0.7015744 
R_PriorDraw_first_nu: 2.143449 
R-CCU: Before ClusterLabelChange for i = 44 newLabel= 1 currentLabel= 1 
R-CCU: sum(pointsPerCluster) = 163 
 num [1:3] 161 1 1
NULL
R-CCU: After ClusterLabelChange for i = 44 
R-CCU: sum(pointsPerCluster) = 164 
 num [1:3] 162 1 1
NULL
R-CCU: dpObj$numberClusters = 3 
List of 2
 $ : num [1, 1, 1:3] 0.424 0.265 0.28
 $ : num [1, 1, 1:3] 2.06 3.79 2.48
NULL
R priorParameters: 2 8 
R maxT: 1 
R_PriorDraw_first_mu: 0.7855296 
R_PriorDraw_first_nu: 3.158015 
R-CCU: Before ClusterLabelChange for i = 45 newLabel= 1 currentLabel= 1 
R-CCU: sum(pointsPerCluster) = 164 
 num [1:3] 162 1 1
NULL
R-CCU: After ClusterLabelChange for i = 45 
R-CCU: sum(pointsPerCluster) = 165 
 num [1:3] 163 1 1
NULL
R-CCU: dpObj$numberClusters = 3 
List of 2
 $ : num [1, 1, 1:3] 0.424 0.265 0.28
 $ : num [1, 1, 1:3] 2.06 3.79 2.48
NULL
R priorParameters: 2 8 
R maxT: 1 
R_PriorDraw_first_mu: 0.7279317 
R_PriorDraw_first_nu: 11.13661 
R-CCU: Before ClusterLabelChange for i = 46 newLabel= 1 currentLabel= 1 
R-CCU: sum(pointsPerCluster) = 165 
 num [1:3] 163 1 1
NULL
R-CCU: After ClusterLabelChange for i = 46 
R-CCU: sum(pointsPerCluster) = 166 
 num [1:3] 164 1 1
NULL
R-CCU: dpObj$numberClusters = 3 
List of 2
 $ : num [1, 1, 1:3] 0.424 0.265 0.28
 $ : num [1, 1, 1:3] 2.06 3.79 2.48
NULL
R priorParameters: 2 8 
R maxT: 1 
R_PriorDraw_first_mu: 0.1450381 
R_PriorDraw_first_nu: 9.55042 
R-CCU: Before ClusterLabelChange for i = 47 newLabel= 1 currentLabel= 1 
R-CCU: sum(pointsPerCluster) = 166 
 num [1:3] 164 1 1
NULL
R-CCU: After ClusterLabelChange for i = 47 
R-CCU: sum(pointsPerCluster) = 167 
 num [1:3] 165 1 1
NULL
R-CCU: dpObj$numberClusters = 3 
List of 2
 $ : num [1, 1, 1:3] 0.424 0.265 0.28
 $ : num [1, 1, 1:3] 2.06 3.79 2.48
NULL
R priorParameters: 2 8 
R maxT: 1 
R_PriorDraw_first_mu: 0.4051 
R_PriorDraw_first_nu: 3.502261 
R-CCU: Before ClusterLabelChange for i = 48 newLabel= 1 currentLabel= 1 
R-CCU: sum(pointsPerCluster) = 167 
 num [1:3] 165 1 1
NULL
R-CCU: After ClusterLabelChange for i = 48 
R-CCU: sum(pointsPerCluster) = 168 
 num [1:3] 166 1 1
NULL
R-CCU: dpObj$numberClusters = 3 
List of 2
 $ : num [1, 1, 1:3] 0.424 0.265 0.28
 $ : num [1, 1, 1:3] 2.06 3.79 2.48
NULL
R priorParameters: 2 8 
R maxT: 1 
R_PriorDraw_first_mu: 0.9724813 
R_PriorDraw_first_nu: 1.925902 
R-CCU: Before ClusterLabelChange for i = 49 newLabel= 1 currentLabel= 1 
R-CCU: sum(pointsPerCluster) = 168 
 num [1:3] 166 1 1
NULL
R-CCU: After ClusterLabelChange for i = 49 
R-CCU: sum(pointsPerCluster) = 169 
 num [1:3] 167 1 1
NULL
R-CCU: dpObj$numberClusters = 3 
List of 2
 $ : num [1, 1, 1:3] 0.424 0.265 0.28
 $ : num [1, 1, 1:3] 2.06 3.79 2.48
NULL
R priorParameters: 2 8 
R maxT: 1 
R_PriorDraw_first_mu: 0.6231158 
R_PriorDraw_first_nu: 9.274111 
R-CCU: Before ClusterLabelChange for i = 50 newLabel= 1 currentLabel= 1 
R-CCU: sum(pointsPerCluster) = 169 
 num [1:3] 167 1 1
NULL
R-CCU: After ClusterLabelChange for i = 50 
R-CCU: sum(pointsPerCluster) = 170 
 num [1:3] 168 1 1
NULL
R-CCU: dpObj$numberClusters = 3 
List of 2
 $ : num [1, 1, 1:3] 0.424 0.265 0.28
 $ : num [1, 1, 1:3] 2.06 3.79 2.48
NULL
R priorParameters: 2 8 
R maxT: 1 
R_PriorDraw_first_mu: 0.9572672 
R_PriorDraw_first_nu: 6.805375 
R-CCU: Before ClusterLabelChange for i = 51 newLabel= 1 currentLabel= 1 
R-CCU: sum(pointsPerCluster) = 170 
 num [1:3] 168 1 1
NULL
R-CCU: After ClusterLabelChange for i = 51 
R-CCU: sum(pointsPerCluster) = 171 
 num [1:3] 169 1 1
NULL
R-CCU: dpObj$numberClusters = 3 
List of 2
 $ : num [1, 1, 1:3] 0.424 0.265 0.28
 $ : num [1, 1, 1:3] 2.06 3.79 2.48
NULL
R priorParameters: 2 8 
R maxT: 1 
R_PriorDraw_first_mu: 0.5852936 
R_PriorDraw_first_nu: 15.02153 
R-CCU: Before ClusterLabelChange for i = 52 newLabel= 1 currentLabel= 1 
R-CCU: sum(pointsPerCluster) = 171 
 num [1:3] 169 1 1
NULL
R-CCU: After ClusterLabelChange for i = 52 
R-CCU: sum(pointsPerCluster) = 172 
 num [1:3] 170 1 1
NULL
R-CCU: dpObj$numberClusters = 3 
List of 2
 $ : num [1, 1, 1:3] 0.424 0.265 0.28
 $ : num [1, 1, 1:3] 2.06 3.79 2.48
NULL
R priorParameters: 2 8 
R maxT: 1 
R_PriorDraw_first_mu: 0.844236 
R_PriorDraw_first_nu: 2.721269 
R-CCU: Before ClusterLabelChange for i = 53 newLabel= 1 currentLabel= 1 
R-CCU: sum(pointsPerCluster) = 172 
 num [1:3] 170 1 1
NULL
R-CCU: After ClusterLabelChange for i = 53 
R-CCU: sum(pointsPerCluster) = 173 
 num [1:3] 171 1 1
NULL
R-CCU: dpObj$numberClusters = 3 
List of 2
 $ : num [1, 1, 1:3] 0.424 0.265 0.28
 $ : num [1, 1, 1:3] 2.06 3.79 2.48
NULL
R priorParameters: 2 8 
R maxT: 1 
R_PriorDraw_first_mu: 0.9387563 
R_PriorDraw_first_nu: 23.13351 
R-CCU: Before ClusterLabelChange for i = 54 newLabel= 1 currentLabel= 1 
R-CCU: sum(pointsPerCluster) = 173 
 num [1:3] 171 1 1
NULL
R-CCU: After ClusterLabelChange for i = 54 
R-CCU: sum(pointsPerCluster) = 174 
 num [1:3] 172 1 1
NULL
R-CCU: dpObj$numberClusters = 3 
List of 2
 $ : num [1, 1, 1:3] 0.424 0.265 0.28
 $ : num [1, 1, 1:3] 2.06 3.79 2.48
NULL
R priorParameters: 2 8 
R maxT: 1 
R_PriorDraw_first_mu: 0.5463695 
R_PriorDraw_first_nu: 11.43489 
R-CCU: Before ClusterLabelChange for i = 55 newLabel= 1 currentLabel= 1 
R-CCU: sum(pointsPerCluster) = 174 
 num [1:3] 172 1 1
NULL
R-CCU: After ClusterLabelChange for i = 55 
R-CCU: sum(pointsPerCluster) = 175 
 num [1:3] 173 1 1
NULL
R-CCU: dpObj$numberClusters = 3 
List of 2
 $ : num [1, 1, 1:3] 0.424 0.265 0.28
 $ : num [1, 1, 1:3] 2.06 3.79 2.48
NULL
R priorParameters: 2 8 
R maxT: 1 
R_PriorDraw_first_mu: 0.09359379 
R_PriorDraw_first_nu: 8.228232 
R-CCU: Before ClusterLabelChange for i = 56 newLabel= 1 currentLabel= 1 
R-CCU: sum(pointsPerCluster) = 175 
 num [1:3] 173 1 1
NULL
R-CCU: After ClusterLabelChange for i = 56 
R-CCU: sum(pointsPerCluster) = 176 
 num [1:3] 174 1 1
NULL
R-CCU: dpObj$numberClusters = 3 
List of 2
 $ : num [1, 1, 1:3] 0.424 0.265 0.28
 $ : num [1, 1, 1:3] 2.06 3.79 2.48
NULL
R priorParameters: 2 8 
R maxT: 1 
R_PriorDraw_first_mu: 0.7000125 
R_PriorDraw_first_nu: 5.904667 
R-CCU: Before ClusterLabelChange for i = 57 newLabel= 1 currentLabel= 2 
R-CCU: sum(pointsPerCluster) = 176 
 num [1:3] 174 1 1
NULL
R-CCU: After ClusterLabelChange for i = 57 
R-CCU: sum(pointsPerCluster) = 177 
 num [1:3] 175 1 1
NULL
R-CCU: dpObj$numberClusters = 3 
List of 2
 $ : num [1, 1, 1:3] 0.424 0.265 0.28
 $ : num [1, 1, 1:3] 2.06 3.79 2.48
NULL
R priorParameters: 2 8 
R maxT: 1 
R_PriorDraw_first_mu: 0.1743705 
R_PriorDraw_first_nu: 4.131397 
R-CCU: Before ClusterLabelChange for i = 58 newLabel= 1 currentLabel= 1 
R-CCU: sum(pointsPerCluster) = 177 
 num [1:3] 175 1 1
NULL
R-CCU: After ClusterLabelChange for i = 58 
R-CCU: sum(pointsPerCluster) = 178 
 num [1:3] 176 1 1
NULL
R-CCU: dpObj$numberClusters = 3 
List of 2
 $ : num [1, 1, 1:3] 0.424 0.265 0.28
 $ : num [1, 1, 1:3] 2.06 3.79 2.48
NULL
R priorParameters: 2 8 
R maxT: 1 
R_PriorDraw_first_mu: 0.3059749 
R_PriorDraw_first_nu: 2.806616 
R-CCU: Before ClusterLabelChange for i = 59 newLabel= 1 currentLabel= 1 
R-CCU: sum(pointsPerCluster) = 178 
 num [1:3] 176 1 1
NULL
R-CCU: After ClusterLabelChange for i = 59 
R-CCU: sum(pointsPerCluster) = 179 
 num [1:3] 177 1 1
NULL
R-CCU: dpObj$numberClusters = 3 
List of 2
 $ : num [1, 1, 1:3] 0.424 0.265 0.28
 $ : num [1, 1, 1:3] 2.06 3.79 2.48
NULL
R priorParameters: 2 8 
R maxT: 1 
R_PriorDraw_first_mu: 0.3300222 
R_PriorDraw_first_nu: 9.826286 
R-CCU: Before ClusterLabelChange for i = 60 newLabel= 1 currentLabel= 1 
R-CCU: sum(pointsPerCluster) = 179 
 num [1:3] 177 1 1
NULL
R-CCU: After ClusterLabelChange for i = 60 
R-CCU: sum(pointsPerCluster) = 180 
 num [1:3] 178 1 1
NULL
R-CCU: dpObj$numberClusters = 3 
List of 2
 $ : num [1, 1, 1:3] 0.424 0.265 0.28
 $ : num [1, 1, 1:3] 2.06 3.79 2.48
NULL

⠸ |   4      0 | Beta Distribution Full Integration Test           
⠼ |   5      0 | Beta Distribution Full Integration Test           R priorParameters: 2 8 
R maxT: 1 
R_PriorDraw_first_mu: 0.5910869 
R_PriorDraw_first_nu: 6.680592 
R-CCU: Before ClusterLabelChange for i = 1 newLabel= 1 currentLabel= 1 
R-CCU: sum(pointsPerCluster) = 180 
 num [1:3] 178 1 1
NULL
R-CCU: After ClusterLabelChange for i = 1 
R-CCU: sum(pointsPerCluster) = 181 
 num [1:3] 179 1 1
NULL
R-CCU: dpObj$numberClusters = 3 
List of 2
 $ : num [1, 1, 1:3] 0.424 0.265 0.352
 $ : num [1, 1, 1:3] 2.21 3.79 1.4
NULL
R priorParameters: 2 8 
R maxT: 1 
R_PriorDraw_first_mu: 0.6948916 
R_PriorDraw_first_nu: 1.53242 
R-CCU: Before ClusterLabelChange for i = 2 newLabel= 1 currentLabel= 1 
R-CCU: sum(pointsPerCluster) = 181 
 num [1:3] 179 1 1
NULL
R-CCU: After ClusterLabelChange for i = 2 
R-CCU: sum(pointsPerCluster) = 182 
 num [1:3] 180 1 1
NULL
R-CCU: dpObj$numberClusters = 3 
List of 2
 $ : num [1, 1, 1:3] 0.424 0.265 0.352
 $ : num [1, 1, 1:3] 2.21 3.79 1.4
NULL
R priorParameters: 2 8 
R maxT: 1 
R_PriorDraw_first_mu: 0.2243615 
R_PriorDraw_first_nu: 12.15873 
R-CCU: Before ClusterLabelChange for i = 3 newLabel= 1 currentLabel= 1 
R-CCU: sum(pointsPerCluster) = 182 
 num [1:3] 180 1 1
NULL
R-CCU: After ClusterLabelChange for i = 3 
R-CCU: sum(pointsPerCluster) = 183 
 num [1:3] 181 1 1
NULL
R-CCU: dpObj$numberClusters = 3 
List of 2
 $ : num [1, 1, 1:3] 0.424 0.265 0.352
 $ : num [1, 1, 1:3] 2.21 3.79 1.4
NULL
R priorParameters: 2 8 
R maxT: 1 
R_PriorDraw_first_mu: 0.8330718 
R_PriorDraw_first_nu: 4.659471 
R-CCU: Before ClusterLabelChange for i = 4 newLabel= 1 currentLabel= 1 
R-CCU: sum(pointsPerCluster) = 183 
 num [1:3] 181 1 1
NULL
R-CCU: After ClusterLabelChange for i = 4 
R-CCU: sum(pointsPerCluster) = 184 
 num [1:3] 182 1 1
NULL
R-CCU: dpObj$numberClusters = 3 
List of 2
 $ : num [1, 1, 1:3] 0.424 0.265 0.352
 $ : num [1, 1, 1:3] 2.21 3.79 1.4
NULL
R priorParameters: 2 8 
R maxT: 1 
R_PriorDraw_first_mu: 0.9485935 
R_PriorDraw_first_nu: 2.256275 
R-CCU: Before ClusterLabelChange for i = 5 newLabel= 1 currentLabel= 1 
R-CCU: sum(pointsPerCluster) = 184 
 num [1:3] 182 1 1
NULL
R-CCU: After ClusterLabelChange for i = 5 
R-CCU: sum(pointsPerCluster) = 185 
 num [1:3] 183 1 1
NULL
R-CCU: dpObj$numberClusters = 3 
List of 2
 $ : num [1, 1, 1:3] 0.424 0.265 0.352
 $ : num [1, 1, 1:3] 2.21 3.79 1.4
NULL
R priorParameters: 2 8 
R maxT: 1 
R_PriorDraw_first_mu: 0.5781777 
R_PriorDraw_first_nu: 1.664422 
R-CCU: Before ClusterLabelChange for i = 6 newLabel= 1 currentLabel= 1 
R-CCU: sum(pointsPerCluster) = 185 
 num [1:3] 183 1 1
NULL
R-CCU: After ClusterLabelChange for i = 6 
R-CCU: sum(pointsPerCluster) = 186 
 num [1:3] 184 1 1
NULL
R-CCU: dpObj$numberClusters = 3 
List of 2
 $ : num [1, 1, 1:3] 0.424 0.265 0.352
 $ : num [1, 1, 1:3] 2.21 3.79 1.4
NULL
R priorParameters: 2 8 
R maxT: 1 
R_PriorDraw_first_mu: 0.6688535 
R_PriorDraw_first_nu: 24.17585 
R-CCU: Before ClusterLabelChange for i = 7 newLabel= 1 currentLabel= 1 
R-CCU: sum(pointsPerCluster) = 186 
 num [1:3] 184 1 1
NULL
R-CCU: After ClusterLabelChange for i = 7 
R-CCU: sum(pointsPerCluster) = 187 
 num [1:3] 185 1 1
NULL
R-CCU: dpObj$numberClusters = 3 
List of 2
 $ : num [1, 1, 1:3] 0.424 0.265 0.352
 $ : num [1, 1, 1:3] 2.21 3.79 1.4
NULL
R priorParameters: 2 8 
R maxT: 1 
R_PriorDraw_first_mu: 0.5102928 
R_PriorDraw_first_nu: 13.32749 
R-CCU: Before ClusterLabelChange for i = 8 newLabel= 1 currentLabel= 1 
R-CCU: sum(pointsPerCluster) = 187 
 num [1:3] 185 1 1
NULL
R-CCU: After ClusterLabelChange for i = 8 
R-CCU: sum(pointsPerCluster) = 188 
 num [1:3] 186 1 1
NULL
R-CCU: dpObj$numberClusters = 3 
List of 2
 $ : num [1, 1, 1:3] 0.424 0.265 0.352
 $ : num [1, 1, 1:3] 2.21 3.79 1.4
NULL
R priorParameters: 2 8 
R maxT: 1 
R_PriorDraw_first_mu: 0.8022126 
R_PriorDraw_first_nu: 1.952049 
R-CCU: Before ClusterLabelChange for i = 9 newLabel= 1 currentLabel= 1 
R-CCU: sum(pointsPerCluster) = 188 
 num [1:3] 186 1 1
NULL
R-CCU: After ClusterLabelChange for i = 9 
R-CCU: sum(pointsPerCluster) = 189 
 num [1:3] 187 1 1
NULL
R-CCU: dpObj$numberClusters = 3 
List of 2
 $ : num [1, 1, 1:3] 0.424 0.265 0.352
 $ : num [1, 1, 1:3] 2.21 3.79 1.4
NULL
R priorParameters: 2 8 
R maxT: 1 
R_PriorDraw_first_mu: 0.4268349 
R_PriorDraw_first_nu: 14.35777 
R-CCU: Before ClusterLabelChange for i = 10 newLabel= 1 currentLabel= 1 
R-CCU: sum(pointsPerCluster) = 189 
 num [1:3] 187 1 1
NULL
R-CCU: After ClusterLabelChange for i = 10 
R-CCU: sum(pointsPerCluster) = 190 
 num [1:3] 188 1 1
NULL
R-CCU: dpObj$numberClusters = 3 
List of 2
 $ : num [1, 1, 1:3] 0.424 0.265 0.352
 $ : num [1, 1, 1:3] 2.21 3.79 1.4
NULL
R priorParameters: 2 8 
R maxT: 1 
R_PriorDraw_first_mu: 0.9500332 
R_PriorDraw_first_nu: 15.40751 
R-CCU: Before ClusterLabelChange for i = 11 newLabel= 1 currentLabel= 1 
R-CCU: sum(pointsPerCluster) = 190 
 num [1:3] 188 1 1
NULL
R-CCU: After ClusterLabelChange for i = 11 
R-CCU: sum(pointsPerCluster) = 191 
 num [1:3] 189 1 1
NULL
R-CCU: dpObj$numberClusters = 3 
List of 2
 $ : num [1, 1, 1:3] 0.424 0.265 0.352
 $ : num [1, 1, 1:3] 2.21 3.79 1.4
NULL
R priorParameters: 2 8 
R maxT: 1 
R_PriorDraw_first_mu: 0.5509265 
R_PriorDraw_first_nu: 2.711464 
R-CCU: Before ClusterLabelChange for i = 12 newLabel= 1 currentLabel= 1 
R-CCU: sum(pointsPerCluster) = 191 
 num [1:3] 189 1 1
NULL
R-CCU: After ClusterLabelChange for i = 12 
R-CCU: sum(pointsPerCluster) = 192 
 num [1:3] 190 1 1
NULL
R-CCU: dpObj$numberClusters = 3 
List of 2
 $ : num [1, 1, 1:3] 0.424 0.265 0.352
 $ : num [1, 1, 1:3] 2.21 3.79 1.4
NULL
R priorParameters: 2 8 
R maxT: 1 
R_PriorDraw_first_mu: 0.8490841 
R_PriorDraw_first_nu: 2.845748 
R-CCU: Before ClusterLabelChange for i = 13 newLabel= 1 currentLabel= 1 
R-CCU: sum(pointsPerCluster) = 192 
 num [1:3] 190 1 1
NULL
R-CCU: After ClusterLabelChange for i = 13 
R-CCU: sum(pointsPerCluster) = 193 
 num [1:3] 191 1 1
NULL
R-CCU: dpObj$numberClusters = 3 
List of 2
 $ : num [1, 1, 1:3] 0.424 0.265 0.352
 $ : num [1, 1, 1:3] 2.21 3.79 1.4
NULL
R priorParameters: 2 8 
R maxT: 1 
R_PriorDraw_first_mu: 0.1911577 
R_PriorDraw_first_nu: 67.73148 
R-CCU: Before ClusterLabelChange for i = 14 newLabel= 1 currentLabel= 1 
R-CCU: sum(pointsPerCluster) = 193 
 num [1:3] 191 1 1
NULL
R-CCU: After ClusterLabelChange for i = 14 
R-CCU: sum(pointsPerCluster) = 194 
 num [1:3] 192 1 1
NULL
R-CCU: dpObj$numberClusters = 3 
List of 2
 $ : num [1, 1, 1:3] 0.424 0.265 0.352
 $ : num [1, 1, 1:3] 2.21 3.79 1.4
NULL
R priorParameters: 2 8 
R maxT: 1 
R_PriorDraw_first_mu: 0.4022874 
R_PriorDraw_first_nu: 9.453819 
R-CCU: Before ClusterLabelChange for i = 15 newLabel= 1 currentLabel= 1 
R-CCU: sum(pointsPerCluster) = 194 
 num [1:3] 192 1 1
NULL
R-CCU: After ClusterLabelChange for i = 15 
R-CCU: sum(pointsPerCluster) = 195 
 num [1:3] 193 1 1
NULL
R-CCU: dpObj$numberClusters = 3 
List of 2
 $ : num [1, 1, 1:3] 0.424 0.265 0.352
 $ : num [1, 1, 1:3] 2.21 3.79 1.4
NULL
R priorParameters: 2 8 
R maxT: 1 
R_PriorDraw_first_mu: 0.7944411 
R_PriorDraw_first_nu: 8.85063 
R-CCU: Before ClusterLabelChange for i = 16 newLabel= 1 currentLabel= 1 
R-CCU: sum(pointsPerCluster) = 195 
 num [1:3] 193 1 1
NULL
R-CCU: After ClusterLabelChange for i = 16 
R-CCU: sum(pointsPerCluster) = 196 
 num [1:3] 194 1 1
NULL
R-CCU: dpObj$numberClusters = 3 
List of 2
 $ : num [1, 1, 1:3] 0.424 0.265 0.352
 $ : num [1, 1, 1:3] 2.21 3.79 1.4
NULL
R priorParameters: 2 8 
R maxT: 1 
R_PriorDraw_first_mu: 0.665995 
R_PriorDraw_first_nu: 1.959301 
R-CCU: Before ClusterLabelChange for i = 17 newLabel= 1 currentLabel= 1 
R-CCU: sum(pointsPerCluster) = 196 
 num [1:3] 194 1 1
NULL
R-CCU: After ClusterLabelChange for i = 17 
R-CCU: sum(pointsPerCluster) = 197 
 num [1:3] 195 1 1
NULL
R-CCU: dpObj$numberClusters = 3 
List of 2
 $ : num [1, 1, 1:3] 0.424 0.265 0.352
 $ : num [1, 1, 1:3] 2.21 3.79 1.4
NULL
R priorParameters: 2 8 
R maxT: 1 
R_PriorDraw_first_mu: 0.3748478 
R_PriorDraw_first_nu: 5.585007 
R-CCU: Before ClusterLabelChange for i = 18 newLabel= 1 currentLabel= 1 
R-CCU: sum(pointsPerCluster) = 197 
 num [1:3] 195 1 1
NULL
R-CCU: After ClusterLabelChange for i = 18 
R-CCU: sum(pointsPerCluster) = 198 
 num [1:3] 196 1 1
NULL
R-CCU: dpObj$numberClusters = 3 
List of 2
 $ : num [1, 1, 1:3] 0.424 0.265 0.352
 $ : num [1, 1, 1:3] 2.21 3.79 1.4
NULL
R priorParameters: 2 8 
R maxT: 1 
R_PriorDraw_first_mu: 0.008430069 
R_PriorDraw_first_nu: 1.004446 
R-CCU: Before ClusterLabelChange for i = 19 newLabel= 1 currentLabel= 1 
R-CCU: sum(pointsPerCluster) = 198 
 num [1:3] 196 1 1
NULL
R-CCU: After ClusterLabelChange for i = 19 
R-CCU: sum(pointsPerCluster) = 199 
 num [1:3] 197 1 1
NULL
R-CCU: dpObj$numberClusters = 3 
List of 2
 $ : num [1, 1, 1:3] 0.424 0.265 0.352
 $ : num [1, 1, 1:3] 2.21 3.79 1.4
NULL
R priorParameters: 2 8 
R maxT: 1 
R_PriorDraw_first_mu: 0.06586014 
R_PriorDraw_first_nu: 27.19479 
R-CCU: Before ClusterLabelChange for i = 20 newLabel= 1 currentLabel= 1 
R-CCU: sum(pointsPerCluster) = 199 
 num [1:3] 197 1 1
NULL
R-CCU: After ClusterLabelChange for i = 20 
R-CCU: sum(pointsPerCluster) = 200 
 num [1:3] 198 1 1
NULL
R-CCU: dpObj$numberClusters = 3 
List of 2
 $ : num [1, 1, 1:3] 0.424 0.265 0.352
 $ : num [1, 1, 1:3] 2.21 3.79 1.4
NULL
R priorParameters: 2 8 
R maxT: 1 
R_PriorDraw_first_mu: 0.1837038 
R_PriorDraw_first_nu: 3.223629 
R-CCU: Before ClusterLabelChange for i = 21 newLabel= 1 currentLabel= 3 
R-CCU: sum(pointsPerCluster) = 200 
 num [1:3] 198 1 1
NULL
R-CCU: After ClusterLabelChange for i = 21 
R-CCU: sum(pointsPerCluster) = 201 
 num [1:3] 199 1 1
NULL
R-CCU: dpObj$numberClusters = 3 
List of 2
 $ : num [1, 1, 1:3] 0.424 0.265 0.352
 $ : num [1, 1, 1:3] 2.21 3.79 1.4
NULL
R priorParameters: 2 8 
R maxT: 1 
R_PriorDraw_first_mu: 0.9440677 
R_PriorDraw_first_nu: 5.879577 
R-CCU: Before ClusterLabelChange for i = 22 newLabel= 1 currentLabel= 1 
R-CCU: sum(pointsPerCluster) = 201 
 num [1:3] 199 1 1
NULL
R-CCU: After ClusterLabelChange for i = 22 
R-CCU: sum(pointsPerCluster) = 202 
 num [1:3] 200 1 1
NULL
R-CCU: dpObj$numberClusters = 3 
List of 2
 $ : num [1, 1, 1:3] 0.424 0.265 0.352
 $ : num [1, 1, 1:3] 2.21 3.79 1.4
NULL
R priorParameters: 2 8 
R maxT: 1 
R_PriorDraw_first_mu: 0.4800319 
R_PriorDraw_first_nu: 10.3689 
R-CCU: Before ClusterLabelChange for i = 23 newLabel= 1 currentLabel= 1 
R-CCU: sum(pointsPerCluster) = 202 
 num [1:3] 200 1 1
NULL
R-CCU: After ClusterLabelChange for i = 23 
R-CCU: sum(pointsPerCluster) = 203 
 num [1:3] 201 1 1
NULL
R-CCU: dpObj$numberClusters = 3 
List of 2
 $ : num [1, 1, 1:3] 0.424 0.265 0.352
 $ : num [1, 1, 1:3] 2.21 3.79 1.4
NULL
R priorParameters: 2 8 
R maxT: 1 
R_PriorDraw_first_mu: 0.3338572 
R_PriorDraw_first_nu: 8.114527 
R-CCU: Before ClusterLabelChange for i = 24 newLabel= 1 currentLabel= 1 
R-CCU: sum(pointsPerCluster) = 203 
 num [1:3] 201 1 1
NULL
R-CCU: After ClusterLabelChange for i = 24 
R-CCU: sum(pointsPerCluster) = 204 
 num [1:3] 202 1 1
NULL
R-CCU: dpObj$numberClusters = 3 
List of 2
 $ : num [1, 1, 1:3] 0.424 0.265 0.352
 $ : num [1, 1, 1:3] 2.21 3.79 1.4
NULL
R priorParameters: 2 8 
R maxT: 1 
R_PriorDraw_first_mu: 0.5748221 
R_PriorDraw_first_nu: 3.776757 
R-CCU: Before ClusterLabelChange for i = 25 newLabel= 1 currentLabel= 1 
R-CCU: sum(pointsPerCluster) = 204 
 num [1:3] 202 1 1
NULL
R-CCU: After ClusterLabelChange for i = 25 
R-CCU: sum(pointsPerCluster) = 205 
 num [1:3] 203 1 1
NULL
R-CCU: dpObj$numberClusters = 3 
List of 2
 $ : num [1, 1, 1:3] 0.424 0.265 0.352
 $ : num [1, 1, 1:3] 2.21 3.79 1.4
NULL
R priorParameters: 2 8 
R maxT: 1 
R_PriorDraw_first_mu: 0.2552629 
R_PriorDraw_first_nu: 2.252607 
R-CCU: Before ClusterLabelChange for i = 26 newLabel= 1 currentLabel= 1 
R-CCU: sum(pointsPerCluster) = 205 
 num [1:3] 203 1 1
NULL
R-CCU: After ClusterLabelChange for i = 26 
R-CCU: sum(pointsPerCluster) = 206 
 num [1:3] 204 1 1
NULL
R-CCU: dpObj$numberClusters = 3 
List of 2
 $ : num [1, 1, 1:3] 0.424 0.265 0.352
 $ : num [1, 1, 1:3] 2.21 3.79 1.4
NULL
R priorParameters: 2 8 
R maxT: 1 
R_PriorDraw_first_mu: 0.111849 
R_PriorDraw_first_nu: 4.782222 
R-CCU: Before ClusterLabelChange for i = 27 newLabel= 1 currentLabel= 1 
R-CCU: sum(pointsPerCluster) = 206 
 num [1:3] 204 1 1
NULL
R-CCU: After ClusterLabelChange for i = 27 
R-CCU: sum(pointsPerCluster) = 207 
 num [1:3] 205 1 1
NULL
R-CCU: dpObj$numberClusters = 3 
List of 2
 $ : num [1, 1, 1:3] 0.424 0.265 0.352
 $ : num [1, 1, 1:3] 2.21 3.79 1.4
NULL
R priorParameters: 2 8 
R maxT: 1 
R_PriorDraw_first_mu: 0.8606952 
R_PriorDraw_first_nu: 5.871099 
R-CCU: Before ClusterLabelChange for i = 28 newLabel= 1 currentLabel= 1 
R-CCU: sum(pointsPerCluster) = 207 
 num [1:3] 205 1 1
NULL
R-CCU: After ClusterLabelChange for i = 28 
R-CCU: sum(pointsPerCluster) = 208 
 num [1:3] 206 1 1
NULL
R-CCU: dpObj$numberClusters = 3 
List of 2
 $ : num [1, 1, 1:3] 0.424 0.265 0.352
 $ : num [1, 1, 1:3] 2.21 3.79 1.4
NULL
R priorParameters: 2 8 
R maxT: 1 
R_PriorDraw_first_mu: 0.4124557 
R_PriorDraw_first_nu: 9.821138 
R-CCU: Before ClusterLabelChange for i = 29 newLabel= 1 currentLabel= 1 
R-CCU: sum(pointsPerCluster) = 208 
 num [1:3] 206 1 1
NULL
R-CCU: After ClusterLabelChange for i = 29 
R-CCU: sum(pointsPerCluster) = 209 
 num [1:3] 207 1 1
NULL
R-CCU: dpObj$numberClusters = 3 
List of 2
 $ : num [1, 1, 1:3] 0.424 0.265 0.352
 $ : num [1, 1, 1:3] 2.21 3.79 1.4
NULL
R priorParameters: 2 8 
R maxT: 1 
R_PriorDraw_first_mu: 0.3806629 
R_PriorDraw_first_nu: 6.162742 
R-CCU: Before ClusterLabelChange for i = 30 newLabel= 1 currentLabel= 1 
R-CCU: sum(pointsPerCluster) = 209 
 num [1:3] 207 1 1
NULL
R-CCU: After ClusterLabelChange for i = 30 
R-CCU: sum(pointsPerCluster) = 210 
 num [1:3] 208 1 1
NULL
R-CCU: dpObj$numberClusters = 3 
List of 2
 $ : num [1, 1, 1:3] 0.424 0.265 0.352
 $ : num [1, 1, 1:3] 2.21 3.79 1.4
NULL
R priorParameters: 2 8 
R maxT: 1 
R_PriorDraw_first_mu: 0.8767038 
R_PriorDraw_first_nu: 5.77591 
R-CCU: Before ClusterLabelChange for i = 31 newLabel= 1 currentLabel= 1 
R-CCU: sum(pointsPerCluster) = 210 
 num [1:3] 208 1 1
NULL
R-CCU: After ClusterLabelChange for i = 31 
R-CCU: sum(pointsPerCluster) = 211 
 num [1:3] 209 1 1
NULL
R-CCU: dpObj$numberClusters = 3 
List of 2
 $ : num [1, 1, 1:3] 0.424 0.265 0.352
 $ : num [1, 1, 1:3] 2.21 3.79 1.4
NULL
R priorParameters: 2 8 
R maxT: 1 
R_PriorDraw_first_mu: 0.1092504 
R_PriorDraw_first_nu: 2.475954 
R-CCU: Before ClusterLabelChange for i = 32 newLabel= 1 currentLabel= 1 
R-CCU: sum(pointsPerCluster) = 211 
 num [1:3] 209 1 1
NULL
R-CCU: After ClusterLabelChange for i = 32 
R-CCU: sum(pointsPerCluster) = 212 
 num [1:3] 210 1 1
NULL
R-CCU: dpObj$numberClusters = 3 
List of 2
 $ : num [1, 1, 1:3] 0.424 0.265 0.352
 $ : num [1, 1, 1:3] 2.21 3.79 1.4
NULL
R priorParameters: 2 8 
R maxT: 1 
R_PriorDraw_first_mu: 0.7178306 
R_PriorDraw_first_nu: 7.139463 
R-CCU: Before ClusterLabelChange for i = 33 newLabel= 1 currentLabel= 1 
R-CCU: sum(pointsPerCluster) = 212 
 num [1:3] 210 1 1
NULL
R-CCU: After ClusterLabelChange for i = 33 
R-CCU: sum(pointsPerCluster) = 213 
 num [1:3] 211 1 1
NULL
R-CCU: dpObj$numberClusters = 3 
List of 2
 $ : num [1, 1, 1:3] 0.424 0.265 0.352
 $ : num [1, 1, 1:3] 2.21 3.79 1.4
NULL
R priorParameters: 2 8 
R maxT: 1 
R_PriorDraw_first_mu: 0.6687682 
R_PriorDraw_first_nu: 8.039899 
R-CCU: Before ClusterLabelChange for i = 34 newLabel= 1 currentLabel= 1 
R-CCU: sum(pointsPerCluster) = 213 
 num [1:3] 211 1 1
NULL
R-CCU: After ClusterLabelChange for i = 34 
R-CCU: sum(pointsPerCluster) = 214 
 num [1:3] 212 1 1
NULL
R-CCU: dpObj$numberClusters = 3 
List of 2
 $ : num [1, 1, 1:3] 0.424 0.265 0.352
 $ : num [1, 1, 1:3] 2.21 3.79 1.4
NULL
R priorParameters: 2 8 
R maxT: 1 
R_PriorDraw_first_mu: 0.3770698 
R_PriorDraw_first_nu: 3.228184 
R-CCU: Before ClusterLabelChange for i = 35 newLabel= 1 currentLabel= 1 
R-CCU: sum(pointsPerCluster) = 214 
 num [1:3] 212 1 1
NULL
R-CCU: After ClusterLabelChange for i = 35 
R-CCU: sum(pointsPerCluster) = 215 
 num [1:3] 213 1 1
NULL
R-CCU: dpObj$numberClusters = 3 
List of 2
 $ : num [1, 1, 1:3] 0.424 0.265 0.352
 $ : num [1, 1, 1:3] 2.21 3.79 1.4
NULL
R priorParameters: 2 8 
R maxT: 1 
R_PriorDraw_first_mu: 0.2024536 
R_PriorDraw_first_nu: 4.562001 
R-CCU: Before ClusterLabelChange for i = 36 newLabel= 1 currentLabel= 1 
R-CCU: sum(pointsPerCluster) = 215 
 num [1:3] 213 1 1
NULL
R-CCU: After ClusterLabelChange for i = 36 
R-CCU: sum(pointsPerCluster) = 216 
 num [1:3] 214 1 1
NULL
R-CCU: dpObj$numberClusters = 3 
List of 2
 $ : num [1, 1, 1:3] 0.424 0.265 0.352
 $ : num [1, 1, 1:3] 2.21 3.79 1.4
NULL
R priorParameters: 2 8 
R maxT: 1 
R_PriorDraw_first_mu: 0.008774805 
R_PriorDraw_first_nu: 5.785519 
R-CCU: Before ClusterLabelChange for i = 37 newLabel= 1 currentLabel= 1 
R-CCU: sum(pointsPerCluster) = 216 
 num [1:3] 214 1 1
NULL
R-CCU: After ClusterLabelChange for i = 37 
R-CCU: sum(pointsPerCluster) = 217 
 num [1:3] 215 1 1
NULL
R-CCU: dpObj$numberClusters = 3 
List of 2
 $ : num [1, 1, 1:3] 0.424 0.265 0.352
 $ : num [1, 1, 1:3] 2.21 3.79 1.4
NULL
R priorParameters: 2 8 
R maxT: 1 
R_PriorDraw_first_mu: 0.5674511 
R_PriorDraw_first_nu: 11.0992 
R-CCU: Before ClusterLabelChange for i = 38 newLabel= 1 currentLabel= 1 
R-CCU: sum(pointsPerCluster) = 217 
 num [1:3] 215 1 1
NULL
R-CCU: After ClusterLabelChange for i = 38 
R-CCU: sum(pointsPerCluster) = 218 
 num [1:3] 216 1 1
NULL
R-CCU: dpObj$numberClusters = 3 
List of 2
 $ : num [1, 1, 1:3] 0.424 0.265 0.352
 $ : num [1, 1, 1:3] 2.21 3.79 1.4
NULL
R priorParameters: 2 8 
R maxT: 1 
R_PriorDraw_first_mu: 0.06203852 
R_PriorDraw_first_nu: 3.149724 
R-CCU: Before ClusterLabelChange for i = 39 newLabel= 1 currentLabel= 1 
R-CCU: sum(pointsPerCluster) = 218 
 num [1:3] 216 1 1
NULL
R-CCU: After ClusterLabelChange for i = 39 
R-CCU: sum(pointsPerCluster) = 219 
 num [1:3] 217 1 1
NULL
R-CCU: dpObj$numberClusters = 3 
List of 2
 $ : num [1, 1, 1:3] 0.424 0.265 0.352
 $ : num [1, 1, 1:3] 2.21 3.79 1.4
NULL
R priorParameters: 2 8 
R maxT: 1 
R_PriorDraw_first_mu: 0.8845613 
R_PriorDraw_first_nu: 35.62114 
R-CCU: Before ClusterLabelChange for i = 40 newLabel= 1 currentLabel= 1 
R-CCU: sum(pointsPerCluster) = 219 
 num [1:3] 217 1 1
NULL
R-CCU: After ClusterLabelChange for i = 40 
R-CCU: sum(pointsPerCluster) = 220 
 num [1:3] 218 1 1
NULL
R-CCU: dpObj$numberClusters = 3 
List of 2
 $ : num [1, 1, 1:3] 0.424 0.265 0.352
 $ : num [1, 1, 1:3] 2.21 3.79 1.4
NULL
R priorParameters: 2 8 
R maxT: 1 
R_PriorDraw_first_mu: 0.5934682 
R_PriorDraw_first_nu: 12.11991 
R-CCU: Before ClusterLabelChange for i = 41 newLabel= 1 currentLabel= 1 
R-CCU: sum(pointsPerCluster) = 220 
 num [1:3] 218 1 1
NULL
R-CCU: After ClusterLabelChange for i = 41 
R-CCU: sum(pointsPerCluster) = 221 
 num [1:3] 219 1 1
NULL
R-CCU: dpObj$numberClusters = 3 
List of 2
 $ : num [1, 1, 1:3] 0.424 0.265 0.352
 $ : num [1, 1, 1:3] 2.21 3.79 1.4
NULL
R priorParameters: 2 8 
R maxT: 1 
R_PriorDraw_first_mu: 0.1431215 
R_PriorDraw_first_nu: 14.4324 
R-CCU: Before ClusterLabelChange for i = 42 newLabel= 1 currentLabel= 1 
R-CCU: sum(pointsPerCluster) = 221 
 num [1:3] 219 1 1
NULL
R-CCU: After ClusterLabelChange for i = 42 
R-CCU: sum(pointsPerCluster) = 222 
 num [1:3] 220 1 1
NULL
R-CCU: dpObj$numberClusters = 3 
List of 2
 $ : num [1, 1, 1:3] 0.424 0.265 0.352
 $ : num [1, 1, 1:3] 2.21 3.79 1.4
NULL
R priorParameters: 2 8 
R maxT: 1 
R_PriorDraw_first_mu: 0.7104588 
R_PriorDraw_first_nu: 7.003063 
R-CCU: Before ClusterLabelChange for i = 43 newLabel= 1 currentLabel= 1 
R-CCU: sum(pointsPerCluster) = 222 
 num [1:3] 220 1 1
NULL
R-CCU: After ClusterLabelChange for i = 43 
R-CCU: sum(pointsPerCluster) = 223 
 num [1:3] 221 1 1
NULL
R-CCU: dpObj$numberClusters = 3 
List of 2
 $ : num [1, 1, 1:3] 0.424 0.265 0.352
 $ : num [1, 1, 1:3] 2.21 3.79 1.4
NULL
R priorParameters: 2 8 
R maxT: 1 
R_PriorDraw_first_mu: 0.8963575 
R_PriorDraw_first_nu: 3.424622 
R-CCU: Before ClusterLabelChange for i = 44 newLabel= 1 currentLabel= 1 
R-CCU: sum(pointsPerCluster) = 223 
 num [1:3] 221 1 1
NULL
R-CCU: After ClusterLabelChange for i = 44 
R-CCU: sum(pointsPerCluster) = 224 
 num [1:3] 222 1 1
NULL
R-CCU: dpObj$numberClusters = 3 
List of 2
 $ : num [1, 1, 1:3] 0.424 0.265 0.352
 $ : num [1, 1, 1:3] 2.21 3.79 1.4
NULL
R priorParameters: 2 8 
R maxT: 1 
R_PriorDraw_first_mu: 0.537232 
R_PriorDraw_first_nu: 25.31731 
R-CCU: Before ClusterLabelChange for i = 45 newLabel= 1 currentLabel= 1 
R-CCU: sum(pointsPerCluster) = 224 
 num [1:3] 222 1 1
NULL
R-CCU: After ClusterLabelChange for i = 45 
R-CCU: sum(pointsPerCluster) = 225 
 num [1:3] 223 1 1
NULL
R-CCU: dpObj$numberClusters = 3 
List of 2
 $ : num [1, 1, 1:3] 0.424 0.265 0.352
 $ : num [1, 1, 1:3] 2.21 3.79 1.4
NULL
R priorParameters: 2 8 
R maxT: 1 
R_PriorDraw_first_mu: 0.1177667 
R_PriorDraw_first_nu: 5.358068 
R-CCU: Before ClusterLabelChange for i = 46 newLabel= 1 currentLabel= 1 
R-CCU: sum(pointsPerCluster) = 225 
 num [1:3] 223 1 1
NULL
R-CCU: After ClusterLabelChange for i = 46 
R-CCU: sum(pointsPerCluster) = 226 
 num [1:3] 224 1 1
NULL
R-CCU: dpObj$numberClusters = 3 
List of 2
 $ : num [1, 1, 1:3] 0.424 0.265 0.352
 $ : num [1, 1, 1:3] 2.21 3.79 1.4
NULL
R priorParameters: 2 8 
R maxT: 1 
R_PriorDraw_first_mu: 0.9164039 
R_PriorDraw_first_nu: 7.952018 
R-CCU: Before ClusterLabelChange for i = 47 newLabel= 1 currentLabel= 1 
R-CCU: sum(pointsPerCluster) = 226 
 num [1:3] 224 1 1
NULL
R-CCU: After ClusterLabelChange for i = 47 
R-CCU: sum(pointsPerCluster) = 227 
 num [1:3] 225 1 1
NULL
R-CCU: dpObj$numberClusters = 3 
List of 2
 $ : num [1, 1, 1:3] 0.424 0.265 0.352
 $ : num [1, 1, 1:3] 2.21 3.79 1.4
NULL
R priorParameters: 2 8 
R maxT: 1 
R_PriorDraw_first_mu: 0.07259079 
R_PriorDraw_first_nu: 17.41639 
R-CCU: Before ClusterLabelChange for i = 48 newLabel= 1 currentLabel= 1 
R-CCU: sum(pointsPerCluster) = 227 
 num [1:3] 225 1 1
NULL
R-CCU: After ClusterLabelChange for i = 48 
R-CCU: sum(pointsPerCluster) = 228 
 num [1:3] 226 1 1
NULL
R-CCU: dpObj$numberClusters = 3 
List of 2
 $ : num [1, 1, 1:3] 0.424 0.265 0.352
 $ : num [1, 1, 1:3] 2.21 3.79 1.4
NULL
R priorParameters: 2 8 
R maxT: 1 
R_PriorDraw_first_mu: 0.390883 
R_PriorDraw_first_nu: 25.73064 
R-CCU: Before ClusterLabelChange for i = 49 newLabel= 1 currentLabel= 1 
R-CCU: sum(pointsPerCluster) = 228 
 num [1:3] 226 1 1
NULL
R-CCU: After ClusterLabelChange for i = 49 
R-CCU: sum(pointsPerCluster) = 229 
 num [1:3] 227 1 1
NULL
R-CCU: dpObj$numberClusters = 3 
List of 2
 $ : num [1, 1, 1:3] 0.424 0.265 0.352
 $ : num [1, 1, 1:3] 2.21 3.79 1.4
NULL
R priorParameters: 2 8 
R maxT: 1 
R_PriorDraw_first_mu: 0.9196738 
R_PriorDraw_first_nu: 10.40531 
R-CCU: Before ClusterLabelChange for i = 50 newLabel= 1 currentLabel= 1 
R-CCU: sum(pointsPerCluster) = 229 
 num [1:3] 227 1 1
NULL
R-CCU: After ClusterLabelChange for i = 50 
R-CCU: sum(pointsPerCluster) = 230 
 num [1:3] 228 1 1
NULL
R-CCU: dpObj$numberClusters = 3 
List of 2
 $ : num [1, 1, 1:3] 0.424 0.265 0.352
 $ : num [1, 1, 1:3] 2.21 3.79 1.4
NULL
R priorParameters: 2 8 
R maxT: 1 
R_PriorDraw_first_mu: 0.08237602 
R_PriorDraw_first_nu: 6.137373 
R-CCU: Before ClusterLabelChange for i = 51 newLabel= 1 currentLabel= 1 
R-CCU: sum(pointsPerCluster) = 230 
 num [1:3] 228 1 1
NULL
R-CCU: After ClusterLabelChange for i = 51 
R-CCU: sum(pointsPerCluster) = 231 
 num [1:3] 229 1 1
NULL
R-CCU: dpObj$numberClusters = 3 
List of 2
 $ : num [1, 1, 1:3] 0.424 0.265 0.352
 $ : num [1, 1, 1:3] 2.21 3.79 1.4
NULL
R priorParameters: 2 8 
R maxT: 1 
R_PriorDraw_first_mu: 0.5496533 
R_PriorDraw_first_nu: 2.355686 
R-CCU: Before ClusterLabelChange for i = 52 newLabel= 1 currentLabel= 1 
R-CCU: sum(pointsPerCluster) = 231 
 num [1:3] 229 1 1
NULL
R-CCU: After ClusterLabelChange for i = 52 
R-CCU: sum(pointsPerCluster) = 232 
 num [1:3] 230 1 1
NULL
R-CCU: dpObj$numberClusters = 3 
List of 2
 $ : num [1, 1, 1:3] 0.424 0.265 0.352
 $ : num [1, 1, 1:3] 2.21 3.79 1.4
NULL
R priorParameters: 2 8 
R maxT: 1 
R_PriorDraw_first_mu: 0.320681 
R_PriorDraw_first_nu: 11.64184 
R-CCU: Before ClusterLabelChange for i = 53 newLabel= 1 currentLabel= 1 
R-CCU: sum(pointsPerCluster) = 232 
 num [1:3] 230 1 1
NULL
R-CCU: After ClusterLabelChange for i = 53 
R-CCU: sum(pointsPerCluster) = 233 
 num [1:3] 231 1 1
NULL
R-CCU: dpObj$numberClusters = 3 
List of 2
 $ : num [1, 1, 1:3] 0.424 0.265 0.352
 $ : num [1, 1, 1:3] 2.21 3.79 1.4
NULL
R priorParameters: 2 8 
R maxT: 1 
R_PriorDraw_first_mu: 0.185026 
R_PriorDraw_first_nu: 12.81815 
R-CCU: Before ClusterLabelChange for i = 54 newLabel= 1 currentLabel= 1 
R-CCU: sum(pointsPerCluster) = 233 
 num [1:3] 231 1 1
NULL
R-CCU: After ClusterLabelChange for i = 54 
R-CCU: sum(pointsPerCluster) = 234 
 num [1:3] 232 1 1
NULL
R-CCU: dpObj$numberClusters = 3 
List of 2
 $ : num [1, 1, 1:3] 0.424 0.265 0.352
 $ : num [1, 1, 1:3] 2.21 3.79 1.4
NULL
R priorParameters: 2 8 
R maxT: 1 
R_PriorDraw_first_mu: 0.4707427 
R_PriorDraw_first_nu: 5.445354 
R-CCU: Before ClusterLabelChange for i = 55 newLabel= 1 currentLabel= 1 
R-CCU: sum(pointsPerCluster) = 234 
 num [1:3] 232 1 1
NULL
R-CCU: After ClusterLabelChange for i = 55 
R-CCU: sum(pointsPerCluster) = 235 
 num [1:3] 233 1 1
NULL
R-CCU: dpObj$numberClusters = 3 
List of 2
 $ : num [1, 1, 1:3] 0.424 0.265 0.352
 $ : num [1, 1, 1:3] 2.21 3.79 1.4
NULL
R priorParameters: 2 8 
R maxT: 1 
R_PriorDraw_first_mu: 0.8709839 
R_PriorDraw_first_nu: 3.746407 
R-CCU: Before ClusterLabelChange for i = 56 newLabel= 1 currentLabel= 1 
R-CCU: sum(pointsPerCluster) = 235 
 num [1:3] 233 1 1
NULL
R-CCU: After ClusterLabelChange for i = 56 
R-CCU: sum(pointsPerCluster) = 236 
 num [1:3] 234 1 1
NULL
R-CCU: dpObj$numberClusters = 3 
List of 2
 $ : num [1, 1, 1:3] 0.424 0.265 0.352
 $ : num [1, 1, 1:3] 2.21 3.79 1.4
NULL
R priorParameters: 2 8 
R maxT: 1 
R_PriorDraw_first_mu: 0.662023 
R_PriorDraw_first_nu: 7.185985 
R-CCU: Before ClusterLabelChange for i = 57 newLabel= 1 currentLabel= 1 
R-CCU: sum(pointsPerCluster) = 236 
 num [1:3] 234 1 1
NULL
R-CCU: After ClusterLabelChange for i = 57 
R-CCU: sum(pointsPerCluster) = 237 
 num [1:3] 235 1 1
NULL
R-CCU: dpObj$numberClusters = 3 
List of 2
 $ : num [1, 1, 1:3] 0.424 0.265 0.352
 $ : num [1, 1, 1:3] 2.21 3.79 1.4
NULL
R priorParameters: 2 8 
R maxT: 1 
R_PriorDraw_first_mu: 0.2684118 
R_PriorDraw_first_nu: 20.88835 
R-CCU: Before ClusterLabelChange for i = 58 newLabel= 1 currentLabel= 1 
R-CCU: sum(pointsPerCluster) = 237 
 num [1:3] 235 1 1
NULL
R-CCU: After ClusterLabelChange for i = 58 
R-CCU: sum(pointsPerCluster) = 238 
 num [1:3] 236 1 1
NULL
R-CCU: dpObj$numberClusters = 3 
List of 2
 $ : num [1, 1, 1:3] 0.424 0.265 0.352
 $ : num [1, 1, 1:3] 2.21 3.79 1.4
NULL
R priorParameters: 2 8 
R maxT: 1 
R_PriorDraw_first_mu: 0.8787288 
R_PriorDraw_first_nu: 1.638012 
R-CCU: Before ClusterLabelChange for i = 59 newLabel= 1 currentLabel= 1 
R-CCU: sum(pointsPerCluster) = 238 
 num [1:3] 236 1 1
NULL
R-CCU: After ClusterLabelChange for i = 59 
R-CCU: sum(pointsPerCluster) = 239 
 num [1:3] 237 1 1
NULL
R-CCU: dpObj$numberClusters = 3 
List of 2
 $ : num [1, 1, 1:3] 0.424 0.265 0.352
 $ : num [1, 1, 1:3] 2.21 3.79 1.4
NULL
R priorParameters: 2 8 
R maxT: 1 
R_PriorDraw_first_mu: 0.6789413 
R_PriorDraw_first_nu: 5.226216 
R-CCU: Before ClusterLabelChange for i = 60 newLabel= 1 currentLabel= 1 
R-CCU: sum(pointsPerCluster) = 239 
 num [1:3] 237 1 1
NULL
R-CCU: After ClusterLabelChange for i = 60 
R-CCU: sum(pointsPerCluster) = 240 
 num [1:3] 238 1 1
NULL
R-CCU: dpObj$numberClusters = 3 
List of 2
 $ : num [1, 1, 1:3] 0.424 0.265 0.352
 $ : num [1, 1, 1:3] 2.21 3.79 1.4
NULL

⠴ |   6      0 | Beta Distribution Full Integration Test           R priorParameters: 2 8 
R maxT: 1 
R_PriorDraw_first_mu: 0.8361866 
R_PriorDraw_first_nu: 6.512412 
R-CCU: Before ClusterLabelChange for i = 1 newLabel= 1 currentLabel= 1 
R-CCU: sum(pointsPerCluster) = 240 
 num [1:3] 238 1 1
NULL
R-CCU: After ClusterLabelChange for i = 1 
R-CCU: sum(pointsPerCluster) = 241 
 num [1:3] 239 1 1
NULL
R-CCU: dpObj$numberClusters = 3 
List of 2
 $ : num [1, 1, 1:3] 0.534 0.265 0.352
 $ : num [1, 1, 1:3] 3.15 3.79 1.4
NULL
R priorParameters: 2 8 
R maxT: 1 
R_PriorDraw_first_mu: 0.8862241 
R_PriorDraw_first_nu: 3.259043 
R-CCU: Before ClusterLabelChange for i = 2 newLabel= 1 currentLabel= 1 
R-CCU: sum(pointsPerCluster) = 241 
 num [1:3] 239 1 1
NULL
R-CCU: After ClusterLabelChange for i = 2 
R-CCU: sum(pointsPerCluster) = 242 
 num [1:3] 240 1 1
NULL
R-CCU: dpObj$numberClusters = 3 
List of 2
 $ : num [1, 1, 1:3] 0.534 0.265 0.352
 $ : num [1, 1, 1:3] 3.15 3.79 1.4
NULL
R priorParameters: 2 8 
R maxT: 1 
R_PriorDraw_first_mu: 0.9021615 
R_PriorDraw_first_nu: 5.856648 
R-CCU: Before ClusterLabelChange for i = 3 newLabel= 1 currentLabel= 1 
R-CCU: sum(pointsPerCluster) = 242 
 num [1:3] 240 1 1
NULL
R-CCU: After ClusterLabelChange for i = 3 
R-CCU: sum(pointsPerCluster) = 243 
 num [1:3] 241 1 1
NULL
R-CCU: dpObj$numberClusters = 3 
List of 2
 $ : num [1, 1, 1:3] 0.534 0.265 0.352
 $ : num [1, 1, 1:3] 3.15 3.79 1.4
NULL
R priorParameters: 2 8 
R maxT: 1 
R_PriorDraw_first_mu: 0.2485191 
R_PriorDraw_first_nu: 9.68889 
R-CCU: Before ClusterLabelChange for i = 4 newLabel= 1 currentLabel= 1 
R-CCU: sum(pointsPerCluster) = 243 
 num [1:3] 241 1 1
NULL
R-CCU: After ClusterLabelChange for i = 4 
R-CCU: sum(pointsPerCluster) = 244 
 num [1:3] 242 1 1
NULL
R-CCU: dpObj$numberClusters = 3 
List of 2
 $ : num [1, 1, 1:3] 0.534 0.265 0.352
 $ : num [1, 1, 1:3] 3.15 3.79 1.4
NULL
R priorParameters: 2 8 
R maxT: 1 
R_PriorDraw_first_mu: 0.01762147 
R_PriorDraw_first_nu: 4.99454 
R-CCU: Before ClusterLabelChange for i = 5 newLabel= 1 currentLabel= 1 
R-CCU: sum(pointsPerCluster) = 244 
 num [1:3] 242 1 1
NULL
R-CCU: After ClusterLabelChange for i = 5 
R-CCU: sum(pointsPerCluster) = 245 
 num [1:3] 243 1 1
NULL
R-CCU: dpObj$numberClusters = 3 
List of 2
 $ : num [1, 1, 1:3] 0.534 0.265 0.352
 $ : num [1, 1, 1:3] 3.15 3.79 1.4
NULL
R priorParameters: 2 8 
R maxT: 1 
R_PriorDraw_first_mu: 0.1911439 
R_PriorDraw_first_nu: 5.570267 
R-CCU: Before ClusterLabelChange for i = 6 newLabel= 1 currentLabel= 1 
R-CCU: sum(pointsPerCluster) = 245 
 num [1:3] 243 1 1
NULL
R-CCU: After ClusterLabelChange for i = 6 
R-CCU: sum(pointsPerCluster) = 246 
 num [1:3] 244 1 1
NULL
R-CCU: dpObj$numberClusters = 3 
List of 2
 $ : num [1, 1, 1:3] 0.534 0.265 0.352
 $ : num [1, 1, 1:3] 3.15 3.79 1.4
NULL
R priorParameters: 2 8 
R maxT: 1 
R_PriorDraw_first_mu: 0.4026905 
R_PriorDraw_first_nu: 2.563976 
R-CCU: Before ClusterLabelChange for i = 7 newLabel= 1 currentLabel= 1 
R-CCU: sum(pointsPerCluster) = 246 
 num [1:3] 244 1 1
NULL
R-CCU: After ClusterLabelChange for i = 7 
R-CCU: sum(pointsPerCluster) = 247 
 num [1:3] 245 1 1
NULL
R-CCU: dpObj$numberClusters = 3 
List of 2
 $ : num [1, 1, 1:3] 0.534 0.265 0.352
 $ : num [1, 1, 1:3] 3.15 3.79 1.4
NULL
R priorParameters: 2 8 
R maxT: 1 
R_PriorDraw_first_mu: 0.486546 
R_PriorDraw_first_nu: 6.557295 
R-CCU: Before ClusterLabelChange for i = 8 newLabel= 1 currentLabel= 1 
R-CCU: sum(pointsPerCluster) = 247 
 num [1:3] 245 1 1
NULL
R-CCU: After ClusterLabelChange for i = 8 
R-CCU: sum(pointsPerCluster) = 248 
 num [1:3] 246 1 1
NULL
R-CCU: dpObj$numberClusters = 3 
List of 2
 $ : num [1, 1, 1:3] 0.534 0.265 0.352
 $ : num [1, 1, 1:3] 3.15 3.79 1.4
NULL
R priorParameters: 2 8 
R maxT: 1 
R_PriorDraw_first_mu: 0.5029583 
R_PriorDraw_first_nu: 18.29694 
R-CCU: Before ClusterLabelChange for i = 9 newLabel= 1 currentLabel= 1 
R-CCU: sum(pointsPerCluster) = 248 
 num [1:3] 246 1 1
NULL
R-CCU: After ClusterLabelChange for i = 9 
R-CCU: sum(pointsPerCluster) = 249 
 num [1:3] 247 1 1
NULL
R-CCU: dpObj$numberClusters = 3 
List of 2
 $ : num [1, 1, 1:3] 0.534 0.265 0.352
 $ : num [1, 1, 1:3] 3.15 3.79 1.4
NULL
R priorParameters: 2 8 
R maxT: 1 
R_PriorDraw_first_mu: 0.2749618 
R_PriorDraw_first_nu: 3.200614 
R-CCU: Before ClusterLabelChange for i = 10 newLabel= 1 currentLabel= 1 
R-CCU: sum(pointsPerCluster) = 249 
 num [1:3] 247 1 1
NULL
R-CCU: After ClusterLabelChange for i = 10 
R-CCU: sum(pointsPerCluster) = 250 
 num [1:3] 248 1 1
NULL
R-CCU: dpObj$numberClusters = 3 
List of 2
 $ : num [1, 1, 1:3] 0.534 0.265 0.352
 $ : num [1, 1, 1:3] 3.15 3.79 1.4
NULL
R priorParameters: 2 8 
R maxT: 1 
R_PriorDraw_first_mu: 0.2626047 
R_PriorDraw_first_nu: 4.424148 
R-CCU: Before ClusterLabelChange for i = 11 newLabel= 1 currentLabel= 1 
R-CCU: sum(pointsPerCluster) = 250 
 num [1:3] 248 1 1
NULL
R-CCU: After ClusterLabelChange for i = 11 
R-CCU: sum(pointsPerCluster) = 251 
 num [1:3] 249 1 1
NULL
R-CCU: dpObj$numberClusters = 3 
List of 2
 $ : num [1, 1, 1:3] 0.534 0.265 0.352
 $ : num [1, 1, 1:3] 3.15 3.79 1.4
NULL
R priorParameters: 2 8 
R maxT: 1 
R_PriorDraw_first_mu: 0.698207 
R_PriorDraw_first_nu: 5.294236 
R-CCU: Before ClusterLabelChange for i = 12 newLabel= 1 currentLabel= 1 
R-CCU: sum(pointsPerCluster) = 251 
 num [1:3] 249 1 1
NULL
R-CCU: After ClusterLabelChange for i = 12 
R-CCU: sum(pointsPerCluster) = 252 
 num [1:3] 250 1 1
NULL
R-CCU: dpObj$numberClusters = 3 
List of 2
 $ : num [1, 1, 1:3] 0.534 0.265 0.352
 $ : num [1, 1, 1:3] 3.15 3.79 1.4
NULL
R priorParameters: 2 8 
R maxT: 1 
R_PriorDraw_first_mu: 0.2765475 
R_PriorDraw_first_nu: 4.529687 
R-CCU: Before ClusterLabelChange for i = 13 newLabel= 1 currentLabel= 1 
R-CCU: sum(pointsPerCluster) = 252 
 num [1:3] 250 1 1
NULL
R-CCU: After ClusterLabelChange for i = 13 
R-CCU: sum(pointsPerCluster) = 253 
 num [1:3] 251 1 1
NULL
R-CCU: dpObj$numberClusters = 3 
List of 2
 $ : num [1, 1, 1:3] 0.534 0.265 0.352
 $ : num [1, 1, 1:3] 3.15 3.79 1.4
NULL
R priorParameters: 2 8 
R maxT: 1 
R_PriorDraw_first_mu: 0.4718295 
R_PriorDraw_first_nu: 2.727485 
R-CCU: Before ClusterLabelChange for i = 14 newLabel= 1 currentLabel= 1 
R-CCU: sum(pointsPerCluster) = 253 
 num [1:3] 251 1 1
NULL
R-CCU: After ClusterLabelChange for i = 14 
R-CCU: sum(pointsPerCluster) = 254 
 num [1:3] 252 1 1
NULL
R-CCU: dpObj$numberClusters = 3 
List of 2
 $ : num [1, 1, 1:3] 0.534 0.265 0.352
 $ : num [1, 1, 1:3] 3.15 3.79 1.4
NULL
R priorParameters: 2 8 
R maxT: 1 
R_PriorDraw_first_mu: 0.3232092 
R_PriorDraw_first_nu: 2.379169 
R-CCU: Before ClusterLabelChange for i = 15 newLabel= 1 currentLabel= 1 
R-CCU: sum(pointsPerCluster) = 254 
 num [1:3] 252 1 1
NULL
R-CCU: After ClusterLabelChange for i = 15 
R-CCU: sum(pointsPerCluster) = 255 
 num [1:3] 253 1 1
NULL
R-CCU: dpObj$numberClusters = 3 
List of 2
 $ : num [1, 1, 1:3] 0.534 0.265 0.352
 $ : num [1, 1, 1:3] 3.15 3.79 1.4
NULL
R priorParameters: 2 8 
R maxT: 1 
R_PriorDraw_first_mu: 0.5516645 
R_PriorDraw_first_nu: 8.402224 
R-CCU: Before ClusterLabelChange for i = 16 newLabel= 1 currentLabel= 1 
R-CCU: sum(pointsPerCluster) = 255 
 num [1:3] 253 1 1
NULL
R-CCU: After ClusterLabelChange for i = 16 
R-CCU: sum(pointsPerCluster) = 256 
 num [1:3] 254 1 1
NULL
R-CCU: dpObj$numberClusters = 3 
List of 2
 $ : num [1, 1, 1:3] 0.534 0.265 0.352
 $ : num [1, 1, 1:3] 3.15 3.79 1.4
NULL
R priorParameters: 2 8 
R maxT: 1 
R_PriorDraw_first_mu: 0.914085 
R_PriorDraw_first_nu: 3.127892 
R-CCU: Before ClusterLabelChange for i = 17 newLabel= 1 currentLabel= 1 
R-CCU: sum(pointsPerCluster) = 256 
 num [1:3] 254 1 1
NULL
R-CCU: After ClusterLabelChange for i = 17 
R-CCU: sum(pointsPerCluster) = 257 
 num [1:3] 255 1 1
NULL
R-CCU: dpObj$numberClusters = 3 
List of 2
 $ : num [1, 1, 1:3] 0.534 0.265 0.352
 $ : num [1, 1, 1:3] 3.15 3.79 1.4
NULL
R priorParameters: 2 8 
R maxT: 1 
R_PriorDraw_first_mu: 0.8011158 
R_PriorDraw_first_nu: 3.947468 
R-CCU: Before ClusterLabelChange for i = 18 newLabel= 1 currentLabel= 1 
R-CCU: sum(pointsPerCluster) = 257 
 num [1:3] 255 1 1
NULL
R-CCU: After ClusterLabelChange for i = 18 
R-CCU: sum(pointsPerCluster) = 258 
 num [1:3] 256 1 1
NULL
R-CCU: dpObj$numberClusters = 3 
List of 2
 $ : num [1, 1, 1:3] 0.534 0.265 0.352
 $ : num [1, 1, 1:3] 3.15 3.79 1.4
NULL
R priorParameters: 2 8 
R maxT: 1 
R_PriorDraw_first_mu: 0.4202679 
R_PriorDraw_first_nu: 6.508561 
R-CCU: Before ClusterLabelChange for i = 19 newLabel= 1 currentLabel= 1 
R-CCU: sum(pointsPerCluster) = 258 
 num [1:3] 256 1 1
NULL
R-CCU: After ClusterLabelChange for i = 19 
R-CCU: sum(pointsPerCluster) = 259 
 num [1:3] 257 1 1
NULL
R-CCU: dpObj$numberClusters = 3 
List of 2
 $ : num [1, 1, 1:3] 0.534 0.265 0.352
 $ : num [1, 1, 1:3] 3.15 3.79 1.4
NULL
R priorParameters: 2 8 
R maxT: 1 
R_PriorDraw_first_mu: 0.05282735 
R_PriorDraw_first_nu: 9.339384 
R-CCU: Before ClusterLabelChange for i = 20 newLabel= 1 currentLabel= 1 
R-CCU: sum(pointsPerCluster) = 259 
 num [1:3] 257 1 1
NULL
R-CCU: After ClusterLabelChange for i = 20 
R-CCU: sum(pointsPerCluster) = 260 
 num [1:3] 258 1 1
NULL
R-CCU: dpObj$numberClusters = 3 
List of 2
 $ : num [1, 1, 1:3] 0.534 0.265 0.352
 $ : num [1, 1, 1:3] 3.15 3.79 1.4
NULL
R priorParameters: 2 8 
R maxT: 1 
R_PriorDraw_first_mu: 0.4318929 
R_PriorDraw_first_nu: 2.473285 
R-CCU: Before ClusterLabelChange for i = 21 newLabel= 1 currentLabel= 1 
R-CCU: sum(pointsPerCluster) = 260 
 num [1:3] 258 1 1
NULL
R-CCU: After ClusterLabelChange for i = 21 
R-CCU: sum(pointsPerCluster) = 261 
 num [1:3] 259 1 1
NULL
R-CCU: dpObj$numberClusters = 3 
List of 2
 $ : num [1, 1, 1:3] 0.534 0.265 0.352
 $ : num [1, 1, 1:3] 3.15 3.79 1.4
NULL
R priorParameters: 2 8 
R maxT: 1 
R_PriorDraw_first_mu: 0.1470569 
R_PriorDraw_first_nu: 4.3909 
R-CCU: Before ClusterLabelChange for i = 22 newLabel= 1 currentLabel= 1 
R-CCU: sum(pointsPerCluster) = 261 
 num [1:3] 259 1 1
NULL
R-CCU: After ClusterLabelChange for i = 22 
R-CCU: sum(pointsPerCluster) = 262 
 num [1:3] 260 1 1
NULL
R-CCU: dpObj$numberClusters = 3 
List of 2
 $ : num [1, 1, 1:3] 0.534 0.265 0.352
 $ : num [1, 1, 1:3] 3.15 3.79 1.4
NULL
R priorParameters: 2 8 
R maxT: 1 
R_PriorDraw_first_mu: 0.8796988 
R_PriorDraw_first_nu: 2.072857 
R-CCU: Before ClusterLabelChange for i = 23 newLabel= 1 currentLabel= 1 
R-CCU: sum(pointsPerCluster) = 262 
 num [1:3] 260 1 1
NULL
R-CCU: After ClusterLabelChange for i = 23 
R-CCU: sum(pointsPerCluster) = 263 
 num [1:3] 261 1 1
NULL
R-CCU: dpObj$numberClusters = 3 
List of 2
 $ : num [1, 1, 1:3] 0.534 0.265 0.352
 $ : num [1, 1, 1:3] 3.15 3.79 1.4
NULL
R priorParameters: 2 8 
R maxT: 1 
R_PriorDraw_first_mu: 0.8378262 
R_PriorDraw_first_nu: 4.956254 
R-CCU: Before ClusterLabelChange for i = 24 newLabel= 1 currentLabel= 1 
R-CCU: sum(pointsPerCluster) = 263 
 num [1:3] 261 1 1
NULL
R-CCU: After ClusterLabelChange for i = 24 
R-CCU: sum(pointsPerCluster) = 264 
 num [1:3] 262 1 1
NULL
R-CCU: dpObj$numberClusters = 3 
List of 2
 $ : num [1, 1, 1:3] 0.534 0.265 0.352
 $ : num [1, 1, 1:3] 3.15 3.79 1.4
NULL
R priorParameters: 2 8 
R maxT: 1 
R_PriorDraw_first_mu: 0.7873617 
R_PriorDraw_first_nu: 15.697 
R-CCU: Before ClusterLabelChange for i = 25 newLabel= 1 currentLabel= 1 
R-CCU: sum(pointsPerCluster) = 264 
 num [1:3] 262 1 1
NULL
R-CCU: After ClusterLabelChange for i = 25 
R-CCU: sum(pointsPerCluster) = 265 
 num [1:3] 263 1 1
NULL
R-CCU: dpObj$numberClusters = 3 
List of 2
 $ : num [1, 1, 1:3] 0.534 0.265 0.352
 $ : num [1, 1, 1:3] 3.15 3.79 1.4
NULL
R priorParameters: 2 8 
R maxT: 1 
R_PriorDraw_first_mu: 0.7020359 
R_PriorDraw_first_nu: 4.124287 
R-CCU: Before ClusterLabelChange for i = 26 newLabel= 1 currentLabel= 1 
R-CCU: sum(pointsPerCluster) = 265 
 num [1:3] 263 1 1
NULL
R-CCU: After ClusterLabelChange for i = 26 
R-CCU: sum(pointsPerCluster) = 266 
 num [1:3] 264 1 1
NULL
R-CCU: dpObj$numberClusters = 3 
List of 2
 $ : num [1, 1, 1:3] 0.534 0.265 0.352
 $ : num [1, 1, 1:3] 3.15 3.79 1.4
NULL
R priorParameters: 2 8 
R maxT: 1 
R_PriorDraw_first_mu: 0.432698 
R_PriorDraw_first_nu: 5.860369 
R-CCU: Before ClusterLabelChange for i = 27 newLabel= 1 currentLabel= 1 
R-CCU: sum(pointsPerCluster) = 266 
 num [1:3] 264 1 1
NULL
R-CCU: After ClusterLabelChange for i = 27 
R-CCU: sum(pointsPerCluster) = 267 
 num [1:3] 265 1 1
NULL
R-CCU: dpObj$numberClusters = 3 
List of 2
 $ : num [1, 1, 1:3] 0.534 0.265 0.352
 $ : num [1, 1, 1:3] 3.15 3.79 1.4
NULL
R priorParameters: 2 8 
R maxT: 1 
R_PriorDraw_first_mu: 0.8447051 
R_PriorDraw_first_nu: 2.703341 
R-CCU: Before ClusterLabelChange for i = 28 newLabel= 1 currentLabel= 1 
R-CCU: sum(pointsPerCluster) = 267 
 num [1:3] 265 1 1
NULL
R-CCU: After ClusterLabelChange for i = 28 
R-CCU: sum(pointsPerCluster) = 268 
 num [1:3] 266 1 1
NULL
R-CCU: dpObj$numberClusters = 3 
List of 2
 $ : num [1, 1, 1:3] 0.534 0.265 0.352
 $ : num [1, 1, 1:3] 3.15 3.79 1.4
NULL
R priorParameters: 2 8 
R maxT: 1 
R_PriorDraw_first_mu: 0.5120815 
R_PriorDraw_first_nu: 9.778019 
R-CCU: Before ClusterLabelChange for i = 29 newLabel= 1 currentLabel= 1 
R-CCU: sum(pointsPerCluster) = 268 
 num [1:3] 266 1 1
NULL
R-CCU: After ClusterLabelChange for i = 29 
R-CCU: sum(pointsPerCluster) = 269 
 num [1:3] 267 1 1
NULL
R-CCU: dpObj$numberClusters = 3 
List of 2
 $ : num [1, 1, 1:3] 0.534 0.265 0.352
 $ : num [1, 1, 1:3] 3.15 3.79 1.4
NULL
R priorParameters: 2 8 
R maxT: 1 
R_PriorDraw_first_mu: 0.1944396 
R_PriorDraw_first_nu: 4.08663 
R-CCU: Before ClusterLabelChange for i = 30 newLabel= 1 currentLabel= 1 
R-CCU: sum(pointsPerCluster) = 269 
 num [1:3] 267 1 1
NULL
R-CCU: After ClusterLabelChange for i = 30 
R-CCU: sum(pointsPerCluster) = 270 
 num [1:3] 268 1 1
NULL
R-CCU: dpObj$numberClusters = 3 
List of 2
 $ : num [1, 1, 1:3] 0.534 0.265 0.352
 $ : num [1, 1, 1:3] 3.15 3.79 1.4
NULL
R priorParameters: 2 8 
R maxT: 1 
R_PriorDraw_first_mu: 0.4586293 
R_PriorDraw_first_nu: 4.269649 
R-CCU: Before ClusterLabelChange for i = 31 newLabel= 1 currentLabel= 1 
R-CCU: sum(pointsPerCluster) = 270 
 num [1:3] 268 1 1
NULL
R-CCU: After ClusterLabelChange for i = 31 
R-CCU: sum(pointsPerCluster) = 271 
 num [1:3] 269 1 1
NULL
R-CCU: dpObj$numberClusters = 3 
List of 2
 $ : num [1, 1, 1:3] 0.534 0.265 0.352
 $ : num [1, 1, 1:3] 3.15 3.79 1.4
NULL
R priorParameters: 2 8 
R maxT: 1 
R_PriorDraw_first_mu: 0.0006486161 
R_PriorDraw_first_nu: 4.802191 
R-CCU: Before ClusterLabelChange for i = 32 newLabel= 1 currentLabel= 1 
R-CCU: sum(pointsPerCluster) = 271 
 num [1:3] 269 1 1
NULL
R-CCU: After ClusterLabelChange for i = 32 
R-CCU: sum(pointsPerCluster) = 272 
 num [1:3] 270 1 1
NULL
R-CCU: dpObj$numberClusters = 3 
List of 2
 $ : num [1, 1, 1:3] 0.534 0.265 0.352
 $ : num [1, 1, 1:3] 3.15 3.79 1.4
NULL
R priorParameters: 2 8 
R maxT: 1 
R_PriorDraw_first_mu: 0.05769026 
R_PriorDraw_first_nu: 6.778846 
R-CCU: Before ClusterLabelChange for i = 33 newLabel= 1 currentLabel= 1 
R-CCU: sum(pointsPerCluster) = 272 
 num [1:3] 270 1 1
NULL
R-CCU: After ClusterLabelChange for i = 33 
R-CCU: sum(pointsPerCluster) = 273 
 num [1:3] 271 1 1
NULL
R-CCU: dpObj$numberClusters = 3 
List of 2
 $ : num [1, 1, 1:3] 0.534 0.265 0.352
 $ : num [1, 1, 1:3] 3.15 3.79 1.4
NULL
R priorParameters: 2 8 
R maxT: 1 
R_PriorDraw_first_mu: 0.1974259 
R_PriorDraw_first_nu: 0.6389407 
R-CCU: Before ClusterLabelChange for i = 34 newLabel= 1 currentLabel= 1 
R-CCU: sum(pointsPerCluster) = 273 
 num [1:3] 271 1 1
NULL
R-CCU: After ClusterLabelChange for i = 34 
R-CCU: sum(pointsPerCluster) = 274 
 num [1:3] 272 1 1
NULL
R-CCU: dpObj$numberClusters = 3 
List of 2
 $ : num [1, 1, 1:3] 0.534 0.265 0.352
 $ : num [1, 1, 1:3] 3.15 3.79 1.4
NULL
R priorParameters: 2 8 
R maxT: 1 
R_PriorDraw_first_mu: 0.02875638 
R_PriorDraw_first_nu: 4.52271 
R-CCU: Before ClusterLabelChange for i = 35 newLabel= 1 currentLabel= 1 
R-CCU: sum(pointsPerCluster) = 274 
 num [1:3] 272 1 1
NULL
R-CCU: After ClusterLabelChange for i = 35 
R-CCU: sum(pointsPerCluster) = 275 
 num [1:3] 273 1 1
NULL
R-CCU: dpObj$numberClusters = 3 
List of 2
 $ : num [1, 1, 1:3] 0.534 0.265 0.352
 $ : num [1, 1, 1:3] 3.15 3.79 1.4
NULL
R priorParameters: 2 8 
R maxT: 1 
R_PriorDraw_first_mu: 0.211154 
R_PriorDraw_first_nu: 3.549884 
R-CCU: Before ClusterLabelChange for i = 36 newLabel= 1 currentLabel= 1 
R-CCU: sum(pointsPerCluster) = 275 
 num [1:3] 273 1 1
NULL
R-CCU: After ClusterLabelChange for i = 36 
R-CCU: sum(pointsPerCluster) = 276 
 num [1:3] 274 1 1
NULL
R-CCU: dpObj$numberClusters = 3 
List of 2
 $ : num [1, 1, 1:3] 0.534 0.265 0.352
 $ : num [1, 1, 1:3] 3.15 3.79 1.4
NULL
R priorParameters: 2 8 
R maxT: 1 
R_PriorDraw_first_mu: 0.1978168 
R_PriorDraw_first_nu: 8.322749 
R-CCU: Before ClusterLabelChange for i = 37 newLabel= 1 currentLabel= 1 
R-CCU: sum(pointsPerCluster) = 276 
 num [1:3] 274 1 1
NULL
R-CCU: After ClusterLabelChange for i = 37 
R-CCU: sum(pointsPerCluster) = 277 
 num [1:3] 275 1 1
NULL
R-CCU: dpObj$numberClusters = 3 
List of 2
 $ : num [1, 1, 1:3] 0.534 0.265 0.352
 $ : num [1, 1, 1:3] 3.15 3.79 1.4
NULL
R priorParameters: 2 8 
R maxT: 1 
R_PriorDraw_first_mu: 0.7987066 
R_PriorDraw_first_nu: 6.857767 
R-CCU: Before ClusterLabelChange for i = 38 newLabel= 1 currentLabel= 1 
R-CCU: sum(pointsPerCluster) = 277 
 num [1:3] 275 1 1
NULL
R-CCU: After ClusterLabelChange for i = 38 
R-CCU: sum(pointsPerCluster) = 278 
 num [1:3] 276 1 1
NULL
R-CCU: dpObj$numberClusters = 3 
List of 2
 $ : num [1, 1, 1:3] 0.534 0.265 0.352
 $ : num [1, 1, 1:3] 3.15 3.79 1.4
NULL
R priorParameters: 2 8 
R maxT: 1 
R_PriorDraw_first_mu: 0.1557086 
R_PriorDraw_first_nu: 3.738372 
R-CCU: Before ClusterLabelChange for i = 39 newLabel= 1 currentLabel= 1 
R-CCU: sum(pointsPerCluster) = 278 
 num [1:3] 276 1 1
NULL
R-CCU: After ClusterLabelChange for i = 39 
R-CCU: sum(pointsPerCluster) = 279 
 num [1:3] 277 1 1
NULL
R-CCU: dpObj$numberClusters = 3 
List of 2
 $ : num [1, 1, 1:3] 0.534 0.265 0.352
 $ : num [1, 1, 1:3] 3.15 3.79 1.4
NULL
R priorParameters: 2 8 
R maxT: 1 
R_PriorDraw_first_mu: 0.2460021 
R_PriorDraw_first_nu: 2.091832 
R-CCU: Before ClusterLabelChange for i = 40 newLabel= 1 currentLabel= 1 
R-CCU: sum(pointsPerCluster) = 279 
 num [1:3] 277 1 1
NULL
R-CCU: After ClusterLabelChange for i = 40 
R-CCU: sum(pointsPerCluster) = 280 
 num [1:3] 278 1 1
NULL
R-CCU: dpObj$numberClusters = 3 
List of 2
 $ : num [1, 1, 1:3] 0.534 0.265 0.352
 $ : num [1, 1, 1:3] 3.15 3.79 1.4
NULL
R priorParameters: 2 8 
R maxT: 1 
R_PriorDraw_first_mu: 0.6266661 
R_PriorDraw_first_nu: 6.730008 
R-CCU: Before ClusterLabelChange for i = 41 newLabel= 1 currentLabel= 1 
R-CCU: sum(pointsPerCluster) = 280 
 num [1:3] 278 1 1
NULL
R-CCU: After ClusterLabelChange for i = 41 
R-CCU: sum(pointsPerCluster) = 281 
 num [1:3] 279 1 1
NULL
R-CCU: dpObj$numberClusters = 3 
List of 2
 $ : num [1, 1, 1:3] 0.534 0.265 0.352
 $ : num [1, 1, 1:3] 3.15 3.79 1.4
NULL
R priorParameters: 2 8 
R maxT: 1 
R_PriorDraw_first_mu: 0.8630674 
R_PriorDraw_first_nu: 3.153515 
R-CCU: Before ClusterLabelChange for i = 42 newLabel= 1 currentLabel= 1 
R-CCU: sum(pointsPerCluster) = 281 
 num [1:3] 279 1 1
NULL
R-CCU: After ClusterLabelChange for i = 42 
R-CCU: sum(pointsPerCluster) = 282 
 num [1:3] 280 1 1
NULL
R-CCU: dpObj$numberClusters = 3 
List of 2
 $ : num [1, 1, 1:3] 0.534 0.265 0.352
 $ : num [1, 1, 1:3] 3.15 3.79 1.4
NULL
R priorParameters: 2 8 
R maxT: 1 
R_PriorDraw_first_mu: 0.3460969 
R_PriorDraw_first_nu: 14.21225 
R-CCU: Before ClusterLabelChange for i = 43 newLabel= 1 currentLabel= 1 
R-CCU: sum(pointsPerCluster) = 282 
 num [1:3] 280 1 1
NULL
R-CCU: After ClusterLabelChange for i = 43 
R-CCU: sum(pointsPerCluster) = 283 
 num [1:3] 281 1 1
NULL
R-CCU: dpObj$numberClusters = 3 
List of 2
 $ : num [1, 1, 1:3] 0.534 0.265 0.352
 $ : num [1, 1, 1:3] 3.15 3.79 1.4
NULL
R priorParameters: 2 8 
R maxT: 1 
R_PriorDraw_first_mu: 0.3138548 
R_PriorDraw_first_nu: 21.09943 
R-CCU: Before ClusterLabelChange for i = 44 newLabel= 1 currentLabel= 1 
R-CCU: sum(pointsPerCluster) = 283 
 num [1:3] 281 1 1
NULL
R-CCU: After ClusterLabelChange for i = 44 
R-CCU: sum(pointsPerCluster) = 284 
 num [1:3] 282 1 1
NULL
R-CCU: dpObj$numberClusters = 3 
List of 2
 $ : num [1, 1, 1:3] 0.534 0.265 0.352
 $ : num [1, 1, 1:3] 3.15 3.79 1.4
NULL
R priorParameters: 2 8 
R maxT: 1 
R_PriorDraw_first_mu: 0.6762169 
R_PriorDraw_first_nu: 2.39394 
R-CCU: Before ClusterLabelChange for i = 45 newLabel= 1 currentLabel= 1 
R-CCU: sum(pointsPerCluster) = 284 
 num [1:3] 282 1 1
NULL
R-CCU: After ClusterLabelChange for i = 45 
R-CCU: sum(pointsPerCluster) = 285 
 num [1:3] 283 1 1
NULL
R-CCU: dpObj$numberClusters = 3 
List of 2
 $ : num [1, 1, 1:3] 0.534 0.265 0.352
 $ : num [1, 1, 1:3] 3.15 3.79 1.4
NULL
R priorParameters: 2 8 
R maxT: 1 
R_PriorDraw_first_mu: 0.02305779 
R_PriorDraw_first_nu: 4.931132 
R-CCU: Before ClusterLabelChange for i = 46 newLabel= 1 currentLabel= 1 
R-CCU: sum(pointsPerCluster) = 285 
 num [1:3] 283 1 1
NULL
R-CCU: After ClusterLabelChange for i = 46 
R-CCU: sum(pointsPerCluster) = 286 
 num [1:3] 284 1 1
NULL
R-CCU: dpObj$numberClusters = 3 
List of 2
 $ : num [1, 1, 1:3] 0.534 0.265 0.352
 $ : num [1, 1, 1:3] 3.15 3.79 1.4
NULL
R priorParameters: 2 8 
R maxT: 1 
R_PriorDraw_first_mu: 0.8245653 
R_PriorDraw_first_nu: 7.230469 
R-CCU: Before ClusterLabelChange for i = 47 newLabel= 1 currentLabel= 1 
R-CCU: sum(pointsPerCluster) = 286 
 num [1:3] 284 1 1
NULL
R-CCU: After ClusterLabelChange for i = 47 
R-CCU: sum(pointsPerCluster) = 287 
 num [1:3] 285 1 1
NULL
R-CCU: dpObj$numberClusters = 3 
List of 2
 $ : num [1, 1, 1:3] 0.534 0.265 0.352
 $ : num [1, 1, 1:3] 3.15 3.79 1.4
NULL
R priorParameters: 2 8 
R maxT: 1 
R_PriorDraw_first_mu: 0.8233566 
R_PriorDraw_first_nu: 5.748569 
R-CCU: Before ClusterLabelChange for i = 48 newLabel= 1 currentLabel= 1 
R-CCU: sum(pointsPerCluster) = 287 
 num [1:3] 285 1 1
NULL
R-CCU: After ClusterLabelChange for i = 48 
R-CCU: sum(pointsPerCluster) = 288 
 num [1:3] 286 1 1
NULL
R-CCU: dpObj$numberClusters = 3 
List of 2
 $ : num [1, 1, 1:3] 0.534 0.265 0.352
 $ : num [1, 1, 1:3] 3.15 3.79 1.4
NULL
R priorParameters: 2 8 
R maxT: 1 
R_PriorDraw_first_mu: 0.5466474 
R_PriorDraw_first_nu: 3.784344 
R-CCU: Before ClusterLabelChange for i = 49 newLabel= 1 currentLabel= 1 
R-CCU: sum(pointsPerCluster) = 288 
 num [1:3] 286 1 1
NULL
R-CCU: After ClusterLabelChange for i = 49 
R-CCU: sum(pointsPerCluster) = 289 
 num [1:3] 287 1 1
NULL
R-CCU: dpObj$numberClusters = 3 
List of 2
 $ : num [1, 1, 1:3] 0.534 0.265 0.352
 $ : num [1, 1, 1:3] 3.15 3.79 1.4
NULL
R priorParameters: 2 8 
R maxT: 1 
R_PriorDraw_first_mu: 0.9910882 
R_PriorDraw_first_nu: 4.589901 
R-CCU: Before ClusterLabelChange for i = 50 newLabel= 1 currentLabel= 1 
R-CCU: sum(pointsPerCluster) = 289 
 num [1:3] 287 1 1
NULL
R-CCU: After ClusterLabelChange for i = 50 
R-CCU: sum(pointsPerCluster) = 290 
 num [1:3] 288 1 1
NULL
R-CCU: dpObj$numberClusters = 3 
List of 2
 $ : num [1, 1, 1:3] 0.534 0.265 0.352
 $ : num [1, 1, 1:3] 3.15 3.79 1.4
NULL
R priorParameters: 2 8 
R maxT: 1 
R_PriorDraw_first_mu: 0.5187238 
R_PriorDraw_first_nu: 8.852565 
R-CCU: Before ClusterLabelChange for i = 51 newLabel= 1 currentLabel= 1 
R-CCU: sum(pointsPerCluster) = 290 
 num [1:3] 288 1 1
NULL
R-CCU: After ClusterLabelChange for i = 51 
R-CCU: sum(pointsPerCluster) = 291 
 num [1:3] 289 1 1
NULL
R-CCU: dpObj$numberClusters = 3 
List of 2
 $ : num [1, 1, 1:3] 0.534 0.265 0.352
 $ : num [1, 1, 1:3] 3.15 3.79 1.4
NULL
R priorParameters: 2 8 
R maxT: 1 
R_PriorDraw_first_mu: 0.8977849 
R_PriorDraw_first_nu: 18.76769 
R-CCU: Before ClusterLabelChange for i = 52 newLabel= 1 currentLabel= 1 
R-CCU: sum(pointsPerCluster) = 291 
 num [1:3] 289 1 1
NULL
R-CCU: After ClusterLabelChange for i = 52 
R-CCU: sum(pointsPerCluster) = 292 
 num [1:3] 290 1 1
NULL
R-CCU: dpObj$numberClusters = 3 
List of 2
 $ : num [1, 1, 1:3] 0.534 0.265 0.352
 $ : num [1, 1, 1:3] 3.15 3.79 1.4
NULL
R priorParameters: 2 8 
R maxT: 1 
R_PriorDraw_first_mu: 0.2557989 
R_PriorDraw_first_nu: 6.001573 
R-CCU: Before ClusterLabelChange for i = 53 newLabel= 1 currentLabel= 1 
R-CCU: sum(pointsPerCluster) = 292 
 num [1:3] 290 1 1
NULL
R-CCU: After ClusterLabelChange for i = 53 
R-CCU: sum(pointsPerCluster) = 293 
 num [1:3] 291 1 1
NULL
R-CCU: dpObj$numberClusters = 3 
List of 2
 $ : num [1, 1, 1:3] 0.534 0.265 0.352
 $ : num [1, 1, 1:3] 3.15 3.79 1.4
NULL
R priorParameters: 2 8 
R maxT: 1 
R_PriorDraw_first_mu: 0.07743865 
R_PriorDraw_first_nu: 14.244 
R-CCU: Before ClusterLabelChange for i = 54 newLabel= 1 currentLabel= 1 
R-CCU: sum(pointsPerCluster) = 293 
 num [1:3] 291 1 1
NULL
R-CCU: After ClusterLabelChange for i = 54 
R-CCU: sum(pointsPerCluster) = 294 
 num [1:3] 292 1 1
NULL
R-CCU: dpObj$numberClusters = 3 
List of 2
 $ : num [1, 1, 1:3] 0.534 0.265 0.352
 $ : num [1, 1, 1:3] 3.15 3.79 1.4
NULL
R priorParameters: 2 8 
R maxT: 1 
R_PriorDraw_first_mu: 0.1326283 
R_PriorDraw_first_nu: 4.49747 
R-CCU: Before ClusterLabelChange for i = 55 newLabel= 1 currentLabel= 1 
R-CCU: sum(pointsPerCluster) = 294 
 num [1:3] 292 1 1
NULL
R-CCU: After ClusterLabelChange for i = 55 
R-CCU: sum(pointsPerCluster) = 295 
 num [1:3] 293 1 1
NULL
R-CCU: dpObj$numberClusters = 3 
List of 2
 $ : num [1, 1, 1:3] 0.534 0.265 0.352
 $ : num [1, 1, 1:3] 3.15 3.79 1.4
NULL
R priorParameters: 2 8 
R maxT: 1 
R_PriorDraw_first_mu: 0.7749306 
R_PriorDraw_first_nu: 1.550127 
R-CCU: Before ClusterLabelChange for i = 56 newLabel= 1 currentLabel= 1 
R-CCU: sum(pointsPerCluster) = 295 
 num [1:3] 293 1 1
NULL
R-CCU: After ClusterLabelChange for i = 56 
R-CCU: sum(pointsPerCluster) = 296 
 num [1:3] 294 1 1
NULL
R-CCU: dpObj$numberClusters = 3 
List of 2
 $ : num [1, 1, 1:3] 0.534 0.265 0.352
 $ : num [1, 1, 1:3] 3.15 3.79 1.4
NULL
R priorParameters: 2 8 
R maxT: 1 
R_PriorDraw_first_mu: 0.1403815 
R_PriorDraw_first_nu: 24.60763 
R-CCU: Before ClusterLabelChange for i = 57 newLabel= 1 currentLabel= 1 
R-CCU: sum(pointsPerCluster) = 296 
 num [1:3] 294 1 1
NULL
R-CCU: After ClusterLabelChange for i = 57 
R-CCU: sum(pointsPerCluster) = 297 
 num [1:3] 295 1 1
NULL
R-CCU: dpObj$numberClusters = 3 
List of 2
 $ : num [1, 1, 1:3] 0.534 0.265 0.352
 $ : num [1, 1, 1:3] 3.15 3.79 1.4
NULL
R priorParameters: 2 8 
R maxT: 1 
R_PriorDraw_first_mu: 0.7578358 
R_PriorDraw_first_nu: 6.536116 
R-CCU: Before ClusterLabelChange for i = 58 newLabel= 1 currentLabel= 1 
R-CCU: sum(pointsPerCluster) = 297 
 num [1:3] 295 1 1
NULL
R-CCU: After ClusterLabelChange for i = 58 
R-CCU: sum(pointsPerCluster) = 298 
 num [1:3] 296 1 1
NULL
R-CCU: dpObj$numberClusters = 3 
List of 2
 $ : num [1, 1, 1:3] 0.534 0.265 0.352
 $ : num [1, 1, 1:3] 3.15 3.79 1.4
NULL
R priorParameters: 2 8 
R maxT: 1 
R_PriorDraw_first_mu: 0.7223382 
R_PriorDraw_first_nu: 6.017243 
R-CCU: Before ClusterLabelChange for i = 59 newLabel= 1 currentLabel= 1 
R-CCU: sum(pointsPerCluster) = 298 
 num [1:3] 296 1 1
NULL
R-CCU: After ClusterLabelChange for i = 59 
R-CCU: sum(pointsPerCluster) = 299 
 num [1:3] 297 1 1
NULL
R-CCU: dpObj$numberClusters = 3 
List of 2
 $ : num [1, 1, 1:3] 0.534 0.265 0.352
 $ : num [1, 1, 1:3] 3.15 3.79 1.4
NULL
R priorParameters: 2 8 
R maxT: 1 
R_PriorDraw_first_mu: 0.0886901 
R_PriorDraw_first_nu: 9.3245 
R-CCU: Before ClusterLabelChange for i = 60 newLabel= 1 currentLabel= 1 
R-CCU: sum(pointsPerCluster) = 299 
 num [1:3] 297 1 1
NULL
R-CCU: After ClusterLabelChange for i = 60 
R-CCU: sum(pointsPerCluster) = 300 
 num [1:3] 298 1 1
NULL
R-CCU: dpObj$numberClusters = 3 
List of 2
 $ : num [1, 1, 1:3] 0.534 0.265 0.352
 $ : num [1, 1, 1:3] 3.15 3.79 1.4
NULL

⠧ |   8      0 | Beta Distribution Full Integration Test           R priorParameters: 2 8 
R maxT: 1 
R_PriorDraw_first_mu: 0.4077981 
R_PriorDraw_first_nu: 4.936736 
R-CCU: Before ClusterLabelChange for i = 1 newLabel= 1 currentLabel= 1 
R-CCU: sum(pointsPerCluster) = 300 
 num [1:3] 298 1 1
NULL
R-CCU: After ClusterLabelChange for i = 1 
R-CCU: sum(pointsPerCluster) = 301 
 num [1:3] 299 1 1
NULL
R-CCU: dpObj$numberClusters = 3 
List of 2
 $ : num [1, 1, 1:3] 0.502 0.265 0.352
 $ : num [1, 1, 1:3] 1.93 3.79 1.4
NULL
R priorParameters: 2 8 
R maxT: 1 
R_PriorDraw_first_mu: 0.3840302 
R_PriorDraw_first_nu: 24.87765 
R-CCU: Before ClusterLabelChange for i = 2 newLabel= 1 currentLabel= 1 
R-CCU: sum(pointsPerCluster) = 301 
 num [1:3] 299 1 1
NULL
R-CCU: After ClusterLabelChange for i = 2 
R-CCU: sum(pointsPerCluster) = 302 
 num [1:3] 300 1 1
NULL
R-CCU: dpObj$numberClusters = 3 
List of 2
 $ : num [1, 1, 1:3] 0.502 0.265 0.352
 $ : num [1, 1, 1:3] 1.93 3.79 1.4
NULL
R priorParameters: 2 8 
R maxT: 1 
R_PriorDraw_first_mu: 0.5586726 
R_PriorDraw_first_nu: 1.685035 
R-CCU: Before ClusterLabelChange for i = 3 newLabel= 1 currentLabel= 1 
R-CCU: sum(pointsPerCluster) = 302 
 num [1:3] 300 1 1
NULL
R-CCU: After ClusterLabelChange for i = 3 
R-CCU: sum(pointsPerCluster) = 303 
 num [1:3] 301 1 1
NULL
R-CCU: dpObj$numberClusters = 3 
List of 2
 $ : num [1, 1, 1:3] 0.502 0.265 0.352
 $ : num [1, 1, 1:3] 1.93 3.79 1.4
NULL
R priorParameters: 2 8 
R maxT: 1 
R_PriorDraw_first_mu: 0.03514392 
R_PriorDraw_first_nu: 6.934723 
R-CCU: Before ClusterLabelChange for i = 4 newLabel= 1 currentLabel= 1 
R-CCU: sum(pointsPerCluster) = 303 
 num [1:3] 301 1 1
NULL
R-CCU: After ClusterLabelChange for i = 4 
R-CCU: sum(pointsPerCluster) = 304 
 num [1:3] 302 1 1
NULL
R-CCU: dpObj$numberClusters = 3 
List of 2
 $ : num [1, 1, 1:3] 0.502 0.265 0.352
 $ : num [1, 1, 1:3] 1.93 3.79 1.4
NULL
R priorParameters: 2 8 
R maxT: 1 
R_PriorDraw_first_mu: 0.5673681 
R_PriorDraw_first_nu: 6.023738 
R-CCU: Before ClusterLabelChange for i = 5 newLabel= 1 currentLabel= 1 
R-CCU: sum(pointsPerCluster) = 304 
 num [1:3] 302 1 1
NULL
R-CCU: After ClusterLabelChange for i = 5 
R-CCU: sum(pointsPerCluster) = 305 
 num [1:3] 303 1 1
NULL
R-CCU: dpObj$numberClusters = 3 
List of 2
 $ : num [1, 1, 1:3] 0.502 0.265 0.352
 $ : num [1, 1, 1:3] 1.93 3.79 1.4
NULL
R priorParameters: 2 8 
R maxT: 1 
R_PriorDraw_first_mu: 0.7078746 
R_PriorDraw_first_nu: 5.67922 
R-CCU: Before ClusterLabelChange for i = 6 newLabel= 1 currentLabel= 1 
R-CCU: sum(pointsPerCluster) = 305 
 num [1:3] 303 1 1
NULL
R-CCU: After ClusterLabelChange for i = 6 
R-CCU: sum(pointsPerCluster) = 306 
 num [1:3] 304 1 1
NULL
R-CCU: dpObj$numberClusters = 3 
List of 2
 $ : num [1, 1, 1:3] 0.502 0.265 0.352
 $ : num [1, 1, 1:3] 1.93 3.79 1.4
NULL
R priorParameters: 2 8 
R maxT: 1 
R_PriorDraw_first_mu: 0.181839 
R_PriorDraw_first_nu: 4.079057 
R-CCU: Before ClusterLabelChange for i = 7 newLabel= 1 currentLabel= 1 
R-CCU: sum(pointsPerCluster) = 306 
 num [1:3] 304 1 1
NULL
R-CCU: After ClusterLabelChange for i = 7 
R-CCU: sum(pointsPerCluster) = 307 
 num [1:3] 305 1 1
NULL
R-CCU: dpObj$numberClusters = 3 
List of 2
 $ : num [1, 1, 1:3] 0.502 0.265 0.352
 $ : num [1, 1, 1:3] 1.93 3.79 1.4
NULL
R priorParameters: 2 8 
R maxT: 1 
R_PriorDraw_first_mu: 0.8012777 
R_PriorDraw_first_nu: 16.89535 
R-CCU: Before ClusterLabelChange for i = 8 newLabel= 1 currentLabel= 1 
R-CCU: sum(pointsPerCluster) = 307 
 num [1:3] 305 1 1
NULL
R-CCU: After ClusterLabelChange for i = 8 
R-CCU: sum(pointsPerCluster) = 308 
 num [1:3] 306 1 1
NULL
R-CCU: dpObj$numberClusters = 3 
List of 2
 $ : num [1, 1, 1:3] 0.502 0.265 0.352
 $ : num [1, 1, 1:3] 1.93 3.79 1.4
NULL
R priorParameters: 2 8 
R maxT: 1 
R_PriorDraw_first_mu: 0.5832786 
R_PriorDraw_first_nu: 2.700435 
R-CCU: Before ClusterLabelChange for i = 9 newLabel= 1 currentLabel= 1 
R-CCU: sum(pointsPerCluster) = 308 
 num [1:3] 306 1 1
NULL
R-CCU: After ClusterLabelChange for i = 9 
R-CCU: sum(pointsPerCluster) = 309 
 num [1:3] 307 1 1
NULL
R-CCU: dpObj$numberClusters = 3 
List of 2
 $ : num [1, 1, 1:3] 0.502 0.265 0.352
 $ : num [1, 1, 1:3] 1.93 3.79 1.4
NULL
R priorParameters: 2 8 
R maxT: 1 
R_PriorDraw_first_mu: 0.6040572 
R_PriorDraw_first_nu: 4.674702 
R-CCU: Before ClusterLabelChange for i = 10 newLabel= 1 currentLabel= 1 
R-CCU: sum(pointsPerCluster) = 309 
 num [1:3] 307 1 1
NULL
R-CCU: After ClusterLabelChange for i = 10 
R-CCU: sum(pointsPerCluster) = 310 
 num [1:3] 308 1 1
NULL
R-CCU: dpObj$numberClusters = 3 
List of 2
 $ : num [1, 1, 1:3] 0.502 0.265 0.352
 $ : num [1, 1, 1:3] 1.93 3.79 1.4
NULL
R priorParameters: 2 8 
R maxT: 1 
R_PriorDraw_first_mu: 0.1787998 
R_PriorDraw_first_nu: 5.957758 
R-CCU: Before ClusterLabelChange for i = 11 newLabel= 1 currentLabel= 1 
R-CCU: sum(pointsPerCluster) = 310 
 num [1:3] 308 1 1
NULL
R-CCU: After ClusterLabelChange for i = 11 
R-CCU: sum(pointsPerCluster) = 311 
 num [1:3] 309 1 1
NULL
R-CCU: dpObj$numberClusters = 3 
List of 2
 $ : num [1, 1, 1:3] 0.502 0.265 0.352
 $ : num [1, 1, 1:3] 1.93 3.79 1.4
NULL
R priorParameters: 2 8 
R maxT: 1 
R_PriorDraw_first_mu: 0.03927469 
R_PriorDraw_first_nu: 4.019395 
R-CCU: Before ClusterLabelChange for i = 12 newLabel= 1 currentLabel= 1 
R-CCU: sum(pointsPerCluster) = 311 
 num [1:3] 309 1 1
NULL
R-CCU: After ClusterLabelChange for i = 12 
R-CCU: sum(pointsPerCluster) = 312 
 num [1:3] 310 1 1
NULL
R-CCU: dpObj$numberClusters = 3 
List of 2
 $ : num [1, 1, 1:3] 0.502 0.265 0.352
 $ : num [1, 1, 1:3] 1.93 3.79 1.4
NULL
R priorParameters: 2 8 
R maxT: 1 
R_PriorDraw_first_mu: 0.8203716 
R_PriorDraw_first_nu: 10.00867 
R-CCU: Before ClusterLabelChange for i = 13 newLabel= 1 currentLabel= 1 
R-CCU: sum(pointsPerCluster) = 312 
 num [1:3] 310 1 1
NULL
R-CCU: After ClusterLabelChange for i = 13 
R-CCU: sum(pointsPerCluster) = 313 
 num [1:3] 311 1 1
NULL
R-CCU: dpObj$numberClusters = 3 
List of 2
 $ : num [1, 1, 1:3] 0.502 0.265 0.352
 $ : num [1, 1, 1:3] 1.93 3.79 1.4
NULL
R priorParameters: 2 8 
R maxT: 1 
R_PriorDraw_first_mu: 0.5884047 
R_PriorDraw_first_nu: 6.990008 
R-CCU: Before ClusterLabelChange for i = 14 newLabel= 1 currentLabel= 1 
R-CCU: sum(pointsPerCluster) = 313 
 num [1:3] 311 1 1
NULL
R-CCU: After ClusterLabelChange for i = 14 
R-CCU: sum(pointsPerCluster) = 314 
 num [1:3] 312 1 1
NULL
R-CCU: dpObj$numberClusters = 3 
List of 2
 $ : num [1, 1, 1:3] 0.502 0.265 0.352
 $ : num [1, 1, 1:3] 1.93 3.79 1.4
NULL
R priorParameters: 2 8 
R maxT: 1 
R_PriorDraw_first_mu: 0.4760542 
R_PriorDraw_first_nu: 6.287705 
R-CCU: Before ClusterLabelChange for i = 15 newLabel= 1 currentLabel= 1 
R-CCU: sum(pointsPerCluster) = 314 
 num [1:3] 312 1 1
NULL
R-CCU: After ClusterLabelChange for i = 15 
R-CCU: sum(pointsPerCluster) = 315 
 num [1:3] 313 1 1
NULL
R-CCU: dpObj$numberClusters = 3 
List of 2
 $ : num [1, 1, 1:3] 0.502 0.265 0.352
 $ : num [1, 1, 1:3] 1.93 3.79 1.4
NULL
R priorParameters: 2 8 
R maxT: 1 
R_PriorDraw_first_mu: 0.2211429 
R_PriorDraw_first_nu: 2.042926 
R-CCU: Before ClusterLabelChange for i = 16 newLabel= 1 currentLabel= 1 
R-CCU: sum(pointsPerCluster) = 315 
 num [1:3] 313 1 1
NULL
R-CCU: After ClusterLabelChange for i = 16 
R-CCU: sum(pointsPerCluster) = 316 
 num [1:3] 314 1 1
NULL
R-CCU: dpObj$numberClusters = 3 
List of 2
 $ : num [1, 1, 1:3] 0.502 0.265 0.352
 $ : num [1, 1, 1:3] 1.93 3.79 1.4
NULL
R priorParameters: 2 8 
R maxT: 1 
R_PriorDraw_first_mu: 0.1997613 
R_PriorDraw_first_nu: 10.27563 
R-CCU: Before ClusterLabelChange for i = 17 newLabel= 1 currentLabel= 1 
R-CCU: sum(pointsPerCluster) = 316 
 num [1:3] 314 1 1
NULL
R-CCU: After ClusterLabelChange for i = 17 
R-CCU: sum(pointsPerCluster) = 317 
 num [1:3] 315 1 1
NULL
R-CCU: dpObj$numberClusters = 3 
List of 2
 $ : num [1, 1, 1:3] 0.502 0.265 0.352
 $ : num [1, 1, 1:3] 1.93 3.79 1.4
NULL
R priorParameters: 2 8 
R maxT: 1 
R_PriorDraw_first_mu: 0.9086139 
R_PriorDraw_first_nu: 3.190144 
R-CCU: Before ClusterLabelChange for i = 18 newLabel= 1 currentLabel= 1 
R-CCU: sum(pointsPerCluster) = 317 
 num [1:3] 315 1 1
NULL
R-CCU: After ClusterLabelChange for i = 18 
R-CCU: sum(pointsPerCluster) = 318 
 num [1:3] 316 1 1
NULL
R-CCU: dpObj$numberClusters = 3 
List of 2
 $ : num [1, 1, 1:3] 0.502 0.265 0.352
 $ : num [1, 1, 1:3] 1.93 3.79 1.4
NULL
R priorParameters: 2 8 
R maxT: 1 
R_PriorDraw_first_mu: 0.8003508 
R_PriorDraw_first_nu: 4.400281 
R-CCU: Before ClusterLabelChange for i = 19 newLabel= 1 currentLabel= 1 
R-CCU: sum(pointsPerCluster) = 318 
 num [1:3] 316 1 1
NULL
R-CCU: After ClusterLabelChange for i = 19 
R-CCU: sum(pointsPerCluster) = 319 
 num [1:3] 317 1 1
NULL
R-CCU: dpObj$numberClusters = 3 
List of 2
 $ : num [1, 1, 1:3] 0.502 0.265 0.352
 $ : num [1, 1, 1:3] 1.93 3.79 1.4
NULL
R priorParameters: 2 8 
R maxT: 1 
R_PriorDraw_first_mu: 0.8262923 
R_PriorDraw_first_nu: 3.569147 
R-CCU: Before ClusterLabelChange for i = 20 newLabel= 1 currentLabel= 1 
R-CCU: sum(pointsPerCluster) = 319 
 num [1:3] 317 1 1
NULL
R-CCU: After ClusterLabelChange for i = 20 
R-CCU: sum(pointsPerCluster) = 320 
 num [1:3] 318 1 1
NULL
R-CCU: dpObj$numberClusters = 3 
List of 2
 $ : num [1, 1, 1:3] 0.502 0.265 0.352
 $ : num [1, 1, 1:3] 1.93 3.79 1.4
NULL
R priorParameters: 2 8 
R maxT: 1 
R_PriorDraw_first_mu: 0.3835861 
R_PriorDraw_first_nu: 11.45261 
R-CCU: Before ClusterLabelChange for i = 21 newLabel= 1 currentLabel= 1 
R-CCU: sum(pointsPerCluster) = 320 
 num [1:3] 318 1 1
NULL
R-CCU: After ClusterLabelChange for i = 21 
R-CCU: sum(pointsPerCluster) = 321 
 num [1:3] 319 1 1
NULL
R-CCU: dpObj$numberClusters = 3 
List of 2
 $ : num [1, 1, 1:3] 0.502 0.265 0.352
 $ : num [1, 1, 1:3] 1.93 3.79 1.4
NULL
R priorParameters: 2 8 
R maxT: 1 
R_PriorDraw_first_mu: 0.4104234 
R_PriorDraw_first_nu: 5.751515 
R-CCU: Before ClusterLabelChange for i = 22 newLabel= 1 currentLabel= 1 
R-CCU: sum(pointsPerCluster) = 321 
 num [1:3] 319 1 1
NULL
R-CCU: After ClusterLabelChange for i = 22 
R-CCU: sum(pointsPerCluster) = 322 
 num [1:3] 320 1 1
NULL
R-CCU: dpObj$numberClusters = 3 
List of 2
 $ : num [1, 1, 1:3] 0.502 0.265 0.352
 $ : num [1, 1, 1:3] 1.93 3.79 1.4
NULL
R priorParameters: 2 8 
R maxT: 1 
R_PriorDraw_first_mu: 0.7485326 
R_PriorDraw_first_nu: 3.905634 
R-CCU: Before ClusterLabelChange for i = 23 newLabel= 1 currentLabel= 1 
R-CCU: sum(pointsPerCluster) = 322 
 num [1:3] 320 1 1
NULL
R-CCU: After ClusterLabelChange for i = 23 
R-CCU: sum(pointsPerCluster) = 323 
 num [1:3] 321 1 1
NULL
R-CCU: dpObj$numberClusters = 3 
List of 2
 $ : num [1, 1, 1:3] 0.502 0.265 0.352
 $ : num [1, 1, 1:3] 1.93 3.79 1.4
NULL
R priorParameters: 2 8 
R maxT: 1 
R_PriorDraw_first_mu: 0.3485878 
R_PriorDraw_first_nu: 1.78943 
R-CCU: Before ClusterLabelChange for i = 24 newLabel= 1 currentLabel= 1 
R-CCU: sum(pointsPerCluster) = 323 
 num [1:3] 321 1 1
NULL
R-CCU: After ClusterLabelChange for i = 24 
R-CCU: sum(pointsPerCluster) = 324 
 num [1:3] 322 1 1
NULL
R-CCU: dpObj$numberClusters = 3 
List of 2
 $ : num [1, 1, 1:3] 0.502 0.265 0.352
 $ : num [1, 1, 1:3] 1.93 3.79 1.4
NULL
R priorParameters: 2 8 
R maxT: 1 
R_PriorDraw_first_mu: 0.8676212 
R_PriorDraw_first_nu: 18.83432 
R-CCU: Before ClusterLabelChange for i = 25 newLabel= 1 currentLabel= 1 
R-CCU: sum(pointsPerCluster) = 324 
 num [1:3] 322 1 1
NULL
R-CCU: After ClusterLabelChange for i = 25 
R-CCU: sum(pointsPerCluster) = 325 
 num [1:3] 323 1 1
NULL
R-CCU: dpObj$numberClusters = 3 
List of 2
 $ : num [1, 1, 1:3] 0.502 0.265 0.352
 $ : num [1, 1, 1:3] 1.93 3.79 1.4
NULL
R priorParameters: 2 8 
R maxT: 1 
R_PriorDraw_first_mu: 0.6229548 
R_PriorDraw_first_nu: 2.879207 
R-CCU: Before ClusterLabelChange for i = 26 newLabel= 1 currentLabel= 1 
R-CCU: sum(pointsPerCluster) = 325 
 num [1:3] 323 1 1
NULL
R-CCU: After ClusterLabelChange for i = 26 
R-CCU: sum(pointsPerCluster) = 326 
 num [1:3] 324 1 1
NULL
R-CCU: dpObj$numberClusters = 3 
List of 2
 $ : num [1, 1, 1:3] 0.502 0.265 0.352
 $ : num [1, 1, 1:3] 1.93 3.79 1.4
NULL
R priorParameters: 2 8 
R maxT: 1 
R_PriorDraw_first_mu: 0.7809823 
R_PriorDraw_first_nu: 2.151314 
R-CCU: Before ClusterLabelChange for i = 27 newLabel= 1 currentLabel= 1 
R-CCU: sum(pointsPerCluster) = 326 
 num [1:3] 324 1 1
NULL
R-CCU: After ClusterLabelChange for i = 27 
R-CCU: sum(pointsPerCluster) = 327 
 num [1:3] 325 1 1
NULL
R-CCU: dpObj$numberClusters = 3 
List of 2
 $ : num [1, 1, 1:3] 0.502 0.265 0.352
 $ : num [1, 1, 1:3] 1.93 3.79 1.4
NULL
R priorParameters: 2 8 
R maxT: 1 
R_PriorDraw_first_mu: 0.04898085 
R_PriorDraw_first_nu: 7.003593 
R-CCU: Before ClusterLabelChange for i = 28 newLabel= 1 currentLabel= 1 
R-CCU: sum(pointsPerCluster) = 327 
 num [1:3] 325 1 1
NULL
R-CCU: After ClusterLabelChange for i = 28 
R-CCU: sum(pointsPerCluster) = 328 
 num [1:3] 326 1 1
NULL
R-CCU: dpObj$numberClusters = 3 
List of 2
 $ : num [1, 1, 1:3] 0.502 0.265 0.352
 $ : num [1, 1, 1:3] 1.93 3.79 1.4
NULL
R priorParameters: 2 8 
R maxT: 1 
R_PriorDraw_first_mu: 0.881369 
R_PriorDraw_first_nu: 2.499869 
R-CCU: Before ClusterLabelChange for i = 29 newLabel= 1 currentLabel= 1 
R-CCU: sum(pointsPerCluster) = 328 
 num [1:3] 326 1 1
NULL
R-CCU: After ClusterLabelChange for i = 29 
R-CCU: sum(pointsPerCluster) = 329 
 num [1:3] 327 1 1
NULL
R-CCU: dpObj$numberClusters = 3 
List of 2
 $ : num [1, 1, 1:3] 0.502 0.265 0.352
 $ : num [1, 1, 1:3] 1.93 3.79 1.4
NULL
R priorParameters: 2 8 
R maxT: 1 
R_PriorDraw_first_mu: 0.8111375 
R_PriorDraw_first_nu: 4.406886 
R-CCU: Before ClusterLabelChange for i = 30 newLabel= 1 currentLabel= 1 
R-CCU: sum(pointsPerCluster) = 329 
 num [1:3] 327 1 1
NULL
R-CCU: After ClusterLabelChange for i = 30 
R-CCU: sum(pointsPerCluster) = 330 
 num [1:3] 328 1 1
NULL
R-CCU: dpObj$numberClusters = 3 
List of 2
 $ : num [1, 1, 1:3] 0.502 0.265 0.352
 $ : num [1, 1, 1:3] 1.93 3.79 1.4
NULL
R priorParameters: 2 8 
R maxT: 1 
R_PriorDraw_first_mu: 0.3635563 
R_PriorDraw_first_nu: 3.037756 
R-CCU: Before ClusterLabelChange for i = 31 newLabel= 1 currentLabel= 1 
R-CCU: sum(pointsPerCluster) = 330 
 num [1:3] 328 1 1
NULL
R-CCU: After ClusterLabelChange for i = 31 
R-CCU: sum(pointsPerCluster) = 331 
 num [1:3] 329 1 1
NULL
R-CCU: dpObj$numberClusters = 3 
List of 2
 $ : num [1, 1, 1:3] 0.502 0.265 0.352
 $ : num [1, 1, 1:3] 1.93 3.79 1.4
NULL
R priorParameters: 2 8 
R maxT: 1 
R_PriorDraw_first_mu: 0.4443919 
R_PriorDraw_first_nu: 13.84772 
R-CCU: Before ClusterLabelChange for i = 32 newLabel= 1 currentLabel= 1 
R-CCU: sum(pointsPerCluster) = 331 
 num [1:3] 329 1 1
NULL
R-CCU: After ClusterLabelChange for i = 32 
R-CCU: sum(pointsPerCluster) = 332 
 num [1:3] 330 1 1
NULL
R-CCU: dpObj$numberClusters = 3 
List of 2
 $ : num [1, 1, 1:3] 0.502 0.265 0.352
 $ : num [1, 1, 1:3] 1.93 3.79 1.4
NULL
R priorParameters: 2 8 
R maxT: 1 
R_PriorDraw_first_mu: 0.2897232 
R_PriorDraw_first_nu: 1.8153 
R-CCU: Before ClusterLabelChange for i = 33 newLabel= 1 currentLabel= 1 
R-CCU: sum(pointsPerCluster) = 332 
 num [1:3] 330 1 1
NULL
R-CCU: After ClusterLabelChange for i = 33 
R-CCU: sum(pointsPerCluster) = 333 
 num [1:3] 331 1 1
NULL
R-CCU: dpObj$numberClusters = 3 
List of 2
 $ : num [1, 1, 1:3] 0.502 0.265 0.352
 $ : num [1, 1, 1:3] 1.93 3.79 1.4
NULL
R priorParameters: 2 8 
R maxT: 1 
R_PriorDraw_first_mu: 0.737581 
R_PriorDraw_first_nu: 5.139085 
R-CCU: Before ClusterLabelChange for i = 34 newLabel= 1 currentLabel= 1 
R-CCU: sum(pointsPerCluster) = 333 
 num [1:3] 331 1 1
NULL
R-CCU: After ClusterLabelChange for i = 34 
R-CCU: sum(pointsPerCluster) = 334 
 num [1:3] 332 1 1
NULL
R-CCU: dpObj$numberClusters = 3 
List of 2
 $ : num [1, 1, 1:3] 0.502 0.265 0.352
 $ : num [1, 1, 1:3] 1.93 3.79 1.4
NULL
R priorParameters: 2 8 
R maxT: 1 
R_PriorDraw_first_mu: 0.9017847 
R_PriorDraw_first_nu: 2.158662 
R-CCU: Before ClusterLabelChange for i = 35 newLabel= 1 currentLabel= 1 
R-CCU: sum(pointsPerCluster) = 334 
 num [1:3] 332 1 1
NULL
R-CCU: After ClusterLabelChange for i = 35 
R-CCU: sum(pointsPerCluster) = 335 
 num [1:3] 333 1 1
NULL
R-CCU: dpObj$numberClusters = 3 
List of 2
 $ : num [1, 1, 1:3] 0.502 0.265 0.352
 $ : num [1, 1, 1:3] 1.93 3.79 1.4
NULL
R priorParameters: 2 8 
R maxT: 1 
R_PriorDraw_first_mu: 0.3197673 
R_PriorDraw_first_nu: 2.081634 
R-CCU: Before ClusterLabelChange for i = 36 newLabel= 1 currentLabel= 1 
R-CCU: sum(pointsPerCluster) = 335 
 num [1:3] 333 1 1
NULL
R-CCU: After ClusterLabelChange for i = 36 
R-CCU: sum(pointsPerCluster) = 336 
 num [1:3] 334 1 1
NULL
R-CCU: dpObj$numberClusters = 3 
List of 2
 $ : num [1, 1, 1:3] 0.502 0.265 0.352
 $ : num [1, 1, 1:3] 1.93 3.79 1.4
NULL
R priorParameters: 2 8 
R maxT: 1 
R_PriorDraw_first_mu: 0.5305725 
R_PriorDraw_first_nu: 5.328334 
R-CCU: Before ClusterLabelChange for i = 37 newLabel= 1 currentLabel= 1 
R-CCU: sum(pointsPerCluster) = 336 
 num [1:3] 334 1 1
NULL
R-CCU: After ClusterLabelChange for i = 37 
R-CCU: sum(pointsPerCluster) = 337 
 num [1:3] 335 1 1
NULL
R-CCU: dpObj$numberClusters = 3 
List of 2
 $ : num [1, 1, 1:3] 0.502 0.265 0.352
 $ : num [1, 1, 1:3] 1.93 3.79 1.4
NULL
R priorParameters: 2 8 
R maxT: 1 
R_PriorDraw_first_mu: 0.6081739 
R_PriorDraw_first_nu: 2.808367 
R-CCU: Before ClusterLabelChange for i = 38 newLabel= 1 currentLabel= 1 
R-CCU: sum(pointsPerCluster) = 337 
 num [1:3] 335 1 1
NULL
R-CCU: After ClusterLabelChange for i = 38 
R-CCU: sum(pointsPerCluster) = 338 
 num [1:3] 336 1 1
NULL
R-CCU: dpObj$numberClusters = 3 
List of 2
 $ : num [1, 1, 1:3] 0.502 0.265 0.352
 $ : num [1, 1, 1:3] 1.93 3.79 1.4
NULL
R priorParameters: 2 8 
R maxT: 1 
R_PriorDraw_first_mu: 0.404541 
R_PriorDraw_first_nu: 5.022948 
R-CCU: Before ClusterLabelChange for i = 39 newLabel= 1 currentLabel= 1 
R-CCU: sum(pointsPerCluster) = 338 
 num [1:3] 336 1 1
NULL
R-CCU: After ClusterLabelChange for i = 39 
R-CCU: sum(pointsPerCluster) = 339 
 num [1:3] 337 1 1
NULL
R-CCU: dpObj$numberClusters = 3 
List of 2
 $ : num [1, 1, 1:3] 0.502 0.265 0.352
 $ : num [1, 1, 1:3] 1.93 3.79 1.4
NULL
R priorParameters: 2 8 
R maxT: 1 
R_PriorDraw_first_mu: 0.1217467 
R_PriorDraw_first_nu: 6.271063 
R-CCU: Before ClusterLabelChange for i = 40 newLabel= 1 currentLabel= 1 
R-CCU: sum(pointsPerCluster) = 339 
 num [1:3] 337 1 1
NULL
R-CCU: After ClusterLabelChange for i = 40 
R-CCU: sum(pointsPerCluster) = 340 
 num [1:3] 338 1 1
NULL
R-CCU: dpObj$numberClusters = 3 
List of 2
 $ : num [1, 1, 1:3] 0.502 0.265 0.352
 $ : num [1, 1, 1:3] 1.93 3.79 1.4
NULL
R priorParameters: 2 8 
R maxT: 1 
R_PriorDraw_first_mu: 0.4964075 
R_PriorDraw_first_nu: 5.810979 
R-CCU: Before ClusterLabelChange for i = 41 newLabel= 1 currentLabel= 1 
R-CCU: sum(pointsPerCluster) = 340 
 num [1:3] 338 1 1
NULL
R-CCU: After ClusterLabelChange for i = 41 
R-CCU: sum(pointsPerCluster) = 341 
 num [1:3] 339 1 1
NULL
R-CCU: dpObj$numberClusters = 3 
List of 2
 $ : num [1, 1, 1:3] 0.502 0.265 0.352
 $ : num [1, 1, 1:3] 1.93 3.79 1.4
NULL
R priorParameters: 2 8 
R maxT: 1 
R_PriorDraw_first_mu: 0.3969807 
R_PriorDraw_first_nu: 4.36112 
R-CCU: Before ClusterLabelChange for i = 42 newLabel= 1 currentLabel= 1 
R-CCU: sum(pointsPerCluster) = 341 
 num [1:3] 339 1 1
NULL
R-CCU: After ClusterLabelChange for i = 42 
R-CCU: sum(pointsPerCluster) = 342 
 num [1:3] 340 1 1
NULL
R-CCU: dpObj$numberClusters = 3 
List of 2
 $ : num [1, 1, 1:3] 0.502 0.265 0.352
 $ : num [1, 1, 1:3] 1.93 3.79 1.4
NULL
R priorParameters: 2 8 
R maxT: 1 
R_PriorDraw_first_mu: 0.2438956 
R_PriorDraw_first_nu: 9.947573 
R-CCU: Before ClusterLabelChange for i = 43 newLabel= 1 currentLabel= 1 
R-CCU: sum(pointsPerCluster) = 342 
 num [1:3] 340 1 1
NULL
R-CCU: After ClusterLabelChange for i = 43 
R-CCU: sum(pointsPerCluster) = 343 
 num [1:3] 341 1 1
NULL
R-CCU: dpObj$numberClusters = 3 
List of 2
 $ : num [1, 1, 1:3] 0.502 0.265 0.352
 $ : num [1, 1, 1:3] 1.93 3.79 1.4
NULL
R priorParameters: 2 8 
R maxT: 1 
R_PriorDraw_first_mu: 0.8050191 
R_PriorDraw_first_nu: 6.141171 
R-CCU: Before ClusterLabelChange for i = 44 newLabel= 1 currentLabel= 1 
R-CCU: sum(pointsPerCluster) = 343 
 num [1:3] 341 1 1
NULL
R-CCU: After ClusterLabelChange for i = 44 
R-CCU: sum(pointsPerCluster) = 344 
 num [1:3] 342 1 1
NULL
R-CCU: dpObj$numberClusters = 3 
List of 2
 $ : num [1, 1, 1:3] 0.502 0.265 0.352
 $ : num [1, 1, 1:3] 1.93 3.79 1.4
NULL
R priorParameters: 2 8 
R maxT: 1 
R_PriorDraw_first_mu: 0.5119877 
R_PriorDraw_first_nu: 6.569795 
R-CCU: Before ClusterLabelChange for i = 45 newLabel= 1 currentLabel= 1 
R-CCU: sum(pointsPerCluster) = 344 
 num [1:3] 342 1 1
NULL
R-CCU: After ClusterLabelChange for i = 45 
R-CCU: sum(pointsPerCluster) = 345 
 num [1:3] 343 1 1
NULL
R-CCU: dpObj$numberClusters = 3 
List of 2
 $ : num [1, 1, 1:3] 0.502 0.265 0.352
 $ : num [1, 1, 1:3] 1.93 3.79 1.4
NULL
R priorParameters: 2 8 
R maxT: 1 
R_PriorDraw_first_mu: 0.6314316 
R_PriorDraw_first_nu: 8.460932 
R-CCU: Before ClusterLabelChange for i = 46 newLabel= 1 currentLabel= 1 
R-CCU: sum(pointsPerCluster) = 345 
 num [1:3] 343 1 1
NULL
R-CCU: After ClusterLabelChange for i = 46 
R-CCU: sum(pointsPerCluster) = 346 
 num [1:3] 344 1 1
NULL
R-CCU: dpObj$numberClusters = 3 
List of 2
 $ : num [1, 1, 1:3] 0.502 0.265 0.352
 $ : num [1, 1, 1:3] 1.93 3.79 1.4
NULL
R priorParameters: 2 8 
R maxT: 1 
R_PriorDraw_first_mu: 0.7103934 
R_PriorDraw_first_nu: 9.628522 
R-CCU: Before ClusterLabelChange for i = 47 newLabel= 1 currentLabel= 1 
R-CCU: sum(pointsPerCluster) = 346 
 num [1:3] 344 1 1
NULL
R-CCU: After ClusterLabelChange for i = 47 
R-CCU: sum(pointsPerCluster) = 347 
 num [1:3] 345 1 1
NULL
R-CCU: dpObj$numberClusters = 3 
List of 2
 $ : num [1, 1, 1:3] 0.502 0.265 0.352
 $ : num [1, 1, 1:3] 1.93 3.79 1.4
NULL
R priorParameters: 2 8 
R maxT: 1 
R_PriorDraw_first_mu: 0.5880851 
R_PriorDraw_first_nu: 4.172228 
R-CCU: Before ClusterLabelChange for i = 48 newLabel= 1 currentLabel= 1 
R-CCU: sum(pointsPerCluster) = 347 
 num [1:3] 345 1 1
NULL
R-CCU: After ClusterLabelChange for i = 48 
R-CCU: sum(pointsPerCluster) = 348 
 num [1:3] 346 1 1
NULL
R-CCU: dpObj$numberClusters = 3 
List of 2
 $ : num [1, 1, 1:3] 0.502 0.265 0.352
 $ : num [1, 1, 1:3] 1.93 3.79 1.4
NULL
R priorParameters: 2 8 
R maxT: 1 
R_PriorDraw_first_mu: 0.7643474 
R_PriorDraw_first_nu: 11.63299 
R-CCU: Before ClusterLabelChange for i = 49 newLabel= 1 currentLabel= 1 
R-CCU: sum(pointsPerCluster) = 348 
 num [1:3] 346 1 1
NULL
R-CCU: After ClusterLabelChange for i = 49 
R-CCU: sum(pointsPerCluster) = 349 
 num [1:3] 347 1 1
NULL
R-CCU: dpObj$numberClusters = 3 
List of 2
 $ : num [1, 1, 1:3] 0.502 0.265 0.352
 $ : num [1, 1, 1:3] 1.93 3.79 1.4
NULL
R priorParameters: 2 8 
R maxT: 1 
R_PriorDraw_first_mu: 0.6518543 
R_PriorDraw_first_nu: 3.447859 
R-CCU: Before ClusterLabelChange for i = 50 newLabel= 1 currentLabel= 1 
R-CCU: sum(pointsPerCluster) = 349 
 num [1:3] 347 1 1
NULL
R-CCU: After ClusterLabelChange for i = 50 
R-CCU: sum(pointsPerCluster) = 350 
 num [1:3] 348 1 1
NULL
R-CCU: dpObj$numberClusters = 3 
List of 2
 $ : num [1, 1, 1:3] 0.502 0.265 0.352
 $ : num [1, 1, 1:3] 1.93 3.79 1.4
NULL
R priorParameters: 2 8 
R maxT: 1 
R_PriorDraw_first_mu: 0.02039451 
R_PriorDraw_first_nu: 3.024973 
R-CCU: Before ClusterLabelChange for i = 51 newLabel= 1 currentLabel= 1 
R-CCU: sum(pointsPerCluster) = 350 
 num [1:3] 348 1 1
NULL
R-CCU: After ClusterLabelChange for i = 51 
R-CCU: sum(pointsPerCluster) = 351 
 num [1:3] 349 1 1
NULL
R-CCU: dpObj$numberClusters = 3 
List of 2
 $ : num [1, 1, 1:3] 0.502 0.265 0.352
 $ : num [1, 1, 1:3] 1.93 3.79 1.4
NULL
R priorParameters: 2 8 
R maxT: 1 
R_PriorDraw_first_mu: 0.0655319 
R_PriorDraw_first_nu: 3.935859 
R-CCU: Before ClusterLabelChange for i = 52 newLabel= 1 currentLabel= 1 
R-CCU: sum(pointsPerCluster) = 351 
 num [1:3] 349 1 1
NULL
R-CCU: After ClusterLabelChange for i = 52 
R-CCU: sum(pointsPerCluster) = 352 
 num [1:3] 350 1 1
NULL
R-CCU: dpObj$numberClusters = 3 
List of 2
 $ : num [1, 1, 1:3] 0.502 0.265 0.352
 $ : num [1, 1, 1:3] 1.93 3.79 1.4
NULL
R priorParameters: 2 8 
R maxT: 1 
R_PriorDraw_first_mu: 0.8621032 
R_PriorDraw_first_nu: 5.295491 
R-CCU: Before ClusterLabelChange for i = 53 newLabel= 1 currentLabel= 1 
R-CCU: sum(pointsPerCluster) = 352 
 num [1:3] 350 1 1
NULL
R-CCU: After ClusterLabelChange for i = 53 
R-CCU: sum(pointsPerCluster) = 353 
 num [1:3] 351 1 1
NULL
R-CCU: dpObj$numberClusters = 3 
List of 2
 $ : num [1, 1, 1:3] 0.502 0.265 0.352
 $ : num [1, 1, 1:3] 1.93 3.79 1.4
NULL
R priorParameters: 2 8 
R maxT: 1 
R_PriorDraw_first_mu: 0.8563221 
R_PriorDraw_first_nu: 5.428262 
R-CCU: Before ClusterLabelChange for i = 54 newLabel= 1 currentLabel= 1 
R-CCU: sum(pointsPerCluster) = 353 
 num [1:3] 351 1 1
NULL
R-CCU: After ClusterLabelChange for i = 54 
R-CCU: sum(pointsPerCluster) = 354 
 num [1:3] 352 1 1
NULL
R-CCU: dpObj$numberClusters = 3 
List of 2
 $ : num [1, 1, 1:3] 0.502 0.265 0.352
 $ : num [1, 1, 1:3] 1.93 3.79 1.4
NULL
R priorParameters: 2 8 
R maxT: 1 
R_PriorDraw_first_mu: 0.4815103 
R_PriorDraw_first_nu: 2.469115 
R-CCU: Before ClusterLabelChange for i = 55 newLabel= 1 currentLabel= 1 
R-CCU: sum(pointsPerCluster) = 354 
 num [1:3] 352 1 1
NULL
R-CCU: After ClusterLabelChange for i = 55 
R-CCU: sum(pointsPerCluster) = 355 
 num [1:3] 353 1 1
NULL
R-CCU: dpObj$numberClusters = 3 
List of 2
 $ : num [1, 1, 1:3] 0.502 0.265 0.352
 $ : num [1, 1, 1:3] 1.93 3.79 1.4
NULL
R priorParameters: 2 8 
R maxT: 1 
R_PriorDraw_first_mu: 0.5843743 
R_PriorDraw_first_nu: 2.981612 
R-CCU: Before ClusterLabelChange for i = 56 newLabel= 1 currentLabel= 1 
R-CCU: sum(pointsPerCluster) = 355 
 num [1:3] 353 1 1
NULL
R-CCU: After ClusterLabelChange for i = 56 
R-CCU: sum(pointsPerCluster) = 356 
 num [1:3] 354 1 1
NULL
R-CCU: dpObj$numberClusters = 3 
List of 2
 $ : num [1, 1, 1:3] 0.502 0.265 0.352
 $ : num [1, 1, 1:3] 1.93 3.79 1.4
NULL
R priorParameters: 2 8 
R maxT: 1 
R_PriorDraw_first_mu: 0.4099818 
R_PriorDraw_first_nu: 1.728691 
R-CCU: Before ClusterLabelChange for i = 57 newLabel= 1 currentLabel= 1 
R-CCU: sum(pointsPerCluster) = 356 
 num [1:3] 354 1 1
NULL
R-CCU: After ClusterLabelChange for i = 57 
R-CCU: sum(pointsPerCluster) = 357 
 num [1:3] 355 1 1
NULL
R-CCU: dpObj$numberClusters = 3 
List of 2
 $ : num [1, 1, 1:3] 0.502 0.265 0.352
 $ : num [1, 1, 1:3] 1.93 3.79 1.4
NULL
R priorParameters: 2 8 
R maxT: 1 
R_PriorDraw_first_mu: 0.03363354 
R_PriorDraw_first_nu: 2.104695 
R-CCU: Before ClusterLabelChange for i = 58 newLabel= 1 currentLabel= 1 
R-CCU: sum(pointsPerCluster) = 357 
 num [1:3] 355 1 1
NULL
R-CCU: After ClusterLabelChange for i = 58 
R-CCU: sum(pointsPerCluster) = 358 
 num [1:3] 356 1 1
NULL
R-CCU: dpObj$numberClusters = 3 
List of 2
 $ : num [1, 1, 1:3] 0.502 0.265 0.352
 $ : num [1, 1, 1:3] 1.93 3.79 1.4
NULL
R priorParameters: 2 8 
R maxT: 1 
R_PriorDraw_first_mu: 0.05766827 
R_PriorDraw_first_nu: 3.571766 
R-CCU: Before ClusterLabelChange for i = 59 newLabel= 1 currentLabel= 1 
R-CCU: sum(pointsPerCluster) = 358 
 num [1:3] 356 1 1
NULL
R-CCU: After ClusterLabelChange for i = 59 
R-CCU: sum(pointsPerCluster) = 359 
 num [1:3] 357 1 1
NULL
R-CCU: dpObj$numberClusters = 3 
List of 2
 $ : num [1, 1, 1:3] 0.502 0.265 0.352
 $ : num [1, 1, 1:3] 1.93 3.79 1.4
NULL
R priorParameters: 2 8 
R maxT: 1 
R_PriorDraw_first_mu: 0.8271115 
R_PriorDraw_first_nu: 1.780998 
R-CCU: Before ClusterLabelChange for i = 60 newLabel= 1 currentLabel= 1 
R-CCU: sum(pointsPerCluster) = 359 
 num [1:3] 357 1 1
NULL
R-CCU: After ClusterLabelChange for i = 60 
R-CCU: sum(pointsPerCluster) = 360 
 num [1:3] 358 1 1
NULL
R-CCU: dpObj$numberClusters = 3 
List of 2
 $ : num [1, 1, 1:3] 0.502 0.265 0.352
 $ : num [1, 1, 1:3] 1.93 3.79 1.4
NULL

⠏ |   10      0 | Beta Distribution Full Integration Test          R priorParameters: 2 8 
R maxT: 1 
R_PriorDraw_first_mu: 0.08598703 
R_PriorDraw_first_nu: 2.775594 
R-CCU: Before ClusterLabelChange for i = 1 newLabel= 1 currentLabel= 1 
R-CCU: sum(pointsPerCluster) = 360 
 num [1:3] 358 1 1
NULL
R-CCU: After ClusterLabelChange for i = 1 
R-CCU: sum(pointsPerCluster) = 361 
 num [1:3] 359 1 1
NULL
R-CCU: dpObj$numberClusters = 3 
List of 2
 $ : num [1, 1, 1:3] 0.442 0.265 0.352
 $ : num [1, 1, 1:3] 2.79 3.79 1.4
NULL
R priorParameters: 2 8 
R maxT: 1 
R_PriorDraw_first_mu: 0.5864268 
R_PriorDraw_first_nu: 1.596725 
R-CCU: Before ClusterLabelChange for i = 2 newLabel= 1 currentLabel= 1 
R-CCU: sum(pointsPerCluster) = 361 
 num [1:3] 359 1 1
NULL
R-CCU: After ClusterLabelChange for i = 2 
R-CCU: sum(pointsPerCluster) = 362 
 num [1:3] 360 1 1
NULL
R-CCU: dpObj$numberClusters = 3 
List of 2
 $ : num [1, 1, 1:3] 0.442 0.265 0.352
 $ : num [1, 1, 1:3] 2.79 3.79 1.4
NULL
R priorParameters: 2 8 
R maxT: 1 
R_PriorDraw_first_mu: 0.6765631 
R_PriorDraw_first_nu: 15.83766 
R-CCU: Before ClusterLabelChange for i = 3 newLabel= 1 currentLabel= 1 
R-CCU: sum(pointsPerCluster) = 362 
 num [1:3] 360 1 1
NULL
R-CCU: After ClusterLabelChange for i = 3 
R-CCU: sum(pointsPerCluster) = 363 
 num [1:3] 361 1 1
NULL
R-CCU: dpObj$numberClusters = 3 
List of 2
 $ : num [1, 1, 1:3] 0.442 0.265 0.352
 $ : num [1, 1, 1:3] 2.79 3.79 1.4
NULL
R priorParameters: 2 8 
R maxT: 1 
R_PriorDraw_first_mu: 0.1807061 
R_PriorDraw_first_nu: 4.974091 
R-CCU: Before ClusterLabelChange for i = 4 newLabel= 1 currentLabel= 1 
R-CCU: sum(pointsPerCluster) = 363 
 num [1:3] 361 1 1
NULL
R-CCU: After ClusterLabelChange for i = 4 
R-CCU: sum(pointsPerCluster) = 364 
 num [1:3] 362 1 1
NULL
R-CCU: dpObj$numberClusters = 3 
List of 2
 $ : num [1, 1, 1:3] 0.442 0.265 0.352
 $ : num [1, 1, 1:3] 2.79 3.79 1.4
NULL
R priorParameters: 2 8 
R maxT: 1 
R_PriorDraw_first_mu: 0.04008115 
R_PriorDraw_first_nu: 7.353654 
R-CCU: Before ClusterLabelChange for i = 5 newLabel= 1 currentLabel= 1 
R-CCU: sum(pointsPerCluster) = 364 
 num [1:3] 362 1 1
NULL
R-CCU: After ClusterLabelChange for i = 5 
R-CCU: sum(pointsPerCluster) = 365 
 num [1:3] 363 1 1
NULL
R-CCU: dpObj$numberClusters = 3 
List of 2
 $ : num [1, 1, 1:3] 0.442 0.265 0.352
 $ : num [1, 1, 1:3] 2.79 3.79 1.4
NULL
R priorParameters: 2 8 
R maxT: 1 
R_PriorDraw_first_mu: 0.4409706 
R_PriorDraw_first_nu: 24.92344 
R-CCU: Before ClusterLabelChange for i = 6 newLabel= 1 currentLabel= 1 
R-CCU: sum(pointsPerCluster) = 365 
 num [1:3] 363 1 1
NULL
R-CCU: After ClusterLabelChange for i = 6 
R-CCU: sum(pointsPerCluster) = 366 
 num [1:3] 364 1 1
NULL
R-CCU: dpObj$numberClusters = 3 
List of 2
 $ : num [1, 1, 1:3] 0.442 0.265 0.352
 $ : num [1, 1, 1:3] 2.79 3.79 1.4
NULL
R priorParameters: 2 8 
R maxT: 1 
R_PriorDraw_first_mu: 0.08457174 
R_PriorDraw_first_nu: 18.1746 
R-CCU: Before ClusterLabelChange for i = 7 newLabel= 1 currentLabel= 1 
R-CCU: sum(pointsPerCluster) = 366 
 num [1:3] 364 1 1
NULL
R-CCU: After ClusterLabelChange for i = 7 
R-CCU: sum(pointsPerCluster) = 367 
 num [1:3] 365 1 1
NULL
R-CCU: dpObj$numberClusters = 3 
List of 2
 $ : num [1, 1, 1:3] 0.442 0.265 0.352
 $ : num [1, 1, 1:3] 2.79 3.79 1.4
NULL
R priorParameters: 2 8 
R maxT: 1 
R_PriorDraw_first_mu: 0.1119553 
R_PriorDraw_first_nu: 15.02194 
R-CCU: Before ClusterLabelChange for i = 8 newLabel= 1 currentLabel= 1 
R-CCU: sum(pointsPerCluster) = 367 
 num [1:3] 365 1 1
NULL
R-CCU: After ClusterLabelChange for i = 8 
R-CCU: sum(pointsPerCluster) = 368 
 num [1:3] 366 1 1
NULL
R-CCU: dpObj$numberClusters = 3 
List of 2
 $ : num [1, 1, 1:3] 0.442 0.265 0.352
 $ : num [1, 1, 1:3] 2.79 3.79 1.4
NULL
R priorParameters: 2 8 
R maxT: 1 
R_PriorDraw_first_mu: 0.1112309 
R_PriorDraw_first_nu: 2.341553 
R-CCU: Before ClusterLabelChange for i = 9 newLabel= 1 currentLabel= 1 
R-CCU: sum(pointsPerCluster) = 368 
 num [1:3] 366 1 1
NULL
R-CCU: After ClusterLabelChange for i = 9 
R-CCU: sum(pointsPerCluster) = 369 
 num [1:3] 367 1 1
NULL
R-CCU: dpObj$numberClusters = 3 
List of 2
 $ : num [1, 1, 1:3] 0.442 0.265 0.352
 $ : num [1, 1, 1:3] 2.79 3.79 1.4
NULL
R priorParameters: 2 8 
R maxT: 1 
R_PriorDraw_first_mu: 0.006881703 
R_PriorDraw_first_nu: 4.476721 
R-CCU: Before ClusterLabelChange for i = 10 newLabel= 1 currentLabel= 1 
R-CCU: sum(pointsPerCluster) = 369 
 num [1:3] 367 1 1
NULL
R-CCU: After ClusterLabelChange for i = 10 
R-CCU: sum(pointsPerCluster) = 370 
 num [1:3] 368 1 1
NULL
R-CCU: dpObj$numberClusters = 3 
List of 2
 $ : num [1, 1, 1:3] 0.442 0.265 0.352
 $ : num [1, 1, 1:3] 2.79 3.79 1.4
NULL
R priorParameters: 2 8 
R maxT: 1 
R_PriorDraw_first_mu: 0.742966 
R_PriorDraw_first_nu: 7.829257 
R-CCU: Before ClusterLabelChange for i = 11 newLabel= 1 currentLabel= 1 
R-CCU: sum(pointsPerCluster) = 370 
 num [1:3] 368 1 1
NULL
R-CCU: After ClusterLabelChange for i = 11 
R-CCU: sum(pointsPerCluster) = 371 
 num [1:3] 369 1 1
NULL
R-CCU: dpObj$numberClusters = 3 
List of 2
 $ : num [1, 1, 1:3] 0.442 0.265 0.352
 $ : num [1, 1, 1:3] 2.79 3.79 1.4
NULL
R priorParameters: 2 8 
R maxT: 1 
R_PriorDraw_first_mu: 0.5383844 
R_PriorDraw_first_nu: 7.055046 
R-CCU: Before ClusterLabelChange for i = 12 newLabel= 1 currentLabel= 1 
R-CCU: sum(pointsPerCluster) = 371 
 num [1:3] 369 1 1
NULL
R-CCU: After ClusterLabelChange for i = 12 
R-CCU: sum(pointsPerCluster) = 372 
 num [1:3] 370 1 1
NULL
R-CCU: dpObj$numberClusters = 3 
List of 2
 $ : num [1, 1, 1:3] 0.442 0.265 0.352
 $ : num [1, 1, 1:3] 2.79 3.79 1.4
NULL
R priorParameters: 2 8 
R maxT: 1 
R_PriorDraw_first_mu: 0.5319908 
R_PriorDraw_first_nu: 6.654002 
R-CCU: Before ClusterLabelChange for i = 13 newLabel= 1 currentLabel= 1 
R-CCU: sum(pointsPerCluster) = 372 
 num [1:3] 370 1 1
NULL
R-CCU: After ClusterLabelChange for i = 13 
R-CCU: sum(pointsPerCluster) = 373 
 num [1:3] 371 1 1
NULL
R-CCU: dpObj$numberClusters = 3 
List of 2
 $ : num [1, 1, 1:3] 0.442 0.265 0.352
 $ : num [1, 1, 1:3] 2.79 3.79 1.4
NULL
R priorParameters: 2 8 
R maxT: 1 
R_PriorDraw_first_mu: 0.433854 
R_PriorDraw_first_nu: 10.25347 
R-CCU: Before ClusterLabelChange for i = 14 newLabel= 1 currentLabel= 1 
R-CCU: sum(pointsPerCluster) = 373 
 num [1:3] 371 1 1
NULL
R-CCU: After ClusterLabelChange for i = 14 
R-CCU: sum(pointsPerCluster) = 374 
 num [1:3] 372 1 1
NULL
R-CCU: dpObj$numberClusters = 3 
List of 2
 $ : num [1, 1, 1:3] 0.442 0.265 0.352
 $ : num [1, 1, 1:3] 2.79 3.79 1.4
NULL
R priorParameters: 2 8 
R maxT: 1 
R_PriorDraw_first_mu: 0.5849322 
R_PriorDraw_first_nu: 3.074197 
R-CCU: Before ClusterLabelChange for i = 15 newLabel= 1 currentLabel= 1 
R-CCU: sum(pointsPerCluster) = 374 
 num [1:3] 372 1 1
NULL
R-CCU: After ClusterLabelChange for i = 15 
R-CCU: sum(pointsPerCluster) = 375 
 num [1:3] 373 1 1
NULL
R-CCU: dpObj$numberClusters = 3 
List of 2
 $ : num [1, 1, 1:3] 0.442 0.265 0.352
 $ : num [1, 1, 1:3] 2.79 3.79 1.4
NULL
R priorParameters: 2 8 
R maxT: 1 
R_PriorDraw_first_mu: 0.6041597 
R_PriorDraw_first_nu: 3.34225 
R-CCU: Before ClusterLabelChange for i = 16 newLabel= 1 currentLabel= 1 
R-CCU: sum(pointsPerCluster) = 375 
 num [1:3] 373 1 1
NULL
R-CCU: After ClusterLabelChange for i = 16 
R-CCU: sum(pointsPerCluster) = 376 
 num [1:3] 374 1 1
NULL
R-CCU: dpObj$numberClusters = 3 
List of 2
 $ : num [1, 1, 1:3] 0.442 0.265 0.352
 $ : num [1, 1, 1:3] 2.79 3.79 1.4
NULL
R priorParameters: 2 8 
R maxT: 1 
R_PriorDraw_first_mu: 0.2274139 
R_PriorDraw_first_nu: 2.602964 
R-CCU: Before ClusterLabelChange for i = 17 newLabel= 1 currentLabel= 1 
R-CCU: sum(pointsPerCluster) = 376 
 num [1:3] 374 1 1
NULL
R-CCU: After ClusterLabelChange for i = 17 
R-CCU: sum(pointsPerCluster) = 377 
 num [1:3] 375 1 1
NULL
R-CCU: dpObj$numberClusters = 3 
List of 2
 $ : num [1, 1, 1:3] 0.442 0.265 0.352
 $ : num [1, 1, 1:3] 2.79 3.79 1.4
NULL
R priorParameters: 2 8 
R maxT: 1 
R_PriorDraw_first_mu: 0.8135615 
R_PriorDraw_first_nu: 9.526941 
R-CCU: Before ClusterLabelChange for i = 18 newLabel= 1 currentLabel= 1 
R-CCU: sum(pointsPerCluster) = 377 
 num [1:3] 375 1 1
NULL
R-CCU: After ClusterLabelChange for i = 18 
R-CCU: sum(pointsPerCluster) = 378 
 num [1:3] 376 1 1
NULL
R-CCU: dpObj$numberClusters = 3 
List of 2
 $ : num [1, 1, 1:3] 0.442 0.265 0.352
 $ : num [1, 1, 1:3] 2.79 3.79 1.4
NULL
R priorParameters: 2 8 
R maxT: 1 
R_PriorDraw_first_mu: 0.1754678 
R_PriorDraw_first_nu: 11.72295 
R-CCU: Before ClusterLabelChange for i = 19 newLabel= 1 currentLabel= 1 
R-CCU: sum(pointsPerCluster) = 378 
 num [1:3] 376 1 1
NULL
R-CCU: After ClusterLabelChange for i = 19 
R-CCU: sum(pointsPerCluster) = 379 
 num [1:3] 377 1 1
NULL
R-CCU: dpObj$numberClusters = 3 
List of 2
 $ : num [1, 1, 1:3] 0.442 0.265 0.352
 $ : num [1, 1, 1:3] 2.79 3.79 1.4
NULL
R priorParameters: 2 8 
R maxT: 1 
R_PriorDraw_first_mu: 0.4573073 
R_PriorDraw_first_nu: 3.4032 
R-CCU: Before ClusterLabelChange for i = 20 newLabel= 1 currentLabel= 1 
R-CCU: sum(pointsPerCluster) = 379 
 num [1:3] 377 1 1
NULL
R-CCU: After ClusterLabelChange for i = 20 
R-CCU: sum(pointsPerCluster) = 380 
 num [1:3] 378 1 1
NULL
R-CCU: dpObj$numberClusters = 3 
List of 2
 $ : num [1, 1, 1:3] 0.442 0.265 0.352
 $ : num [1, 1, 1:3] 2.79 3.79 1.4
NULL
R priorParameters: 2 8 
R maxT: 1 
R_PriorDraw_first_mu: 0.9449184 
R_PriorDraw_first_nu: 9.569538 
R-CCU: Before ClusterLabelChange for i = 21 newLabel= 1 currentLabel= 1 
R-CCU: sum(pointsPerCluster) = 380 
 num [1:3] 378 1 1
NULL
R-CCU: After ClusterLabelChange for i = 21 
R-CCU: sum(pointsPerCluster) = 381 
 num [1:3] 379 1 1
NULL
R-CCU: dpObj$numberClusters = 3 
List of 2
 $ : num [1, 1, 1:3] 0.442 0.265 0.352
 $ : num [1, 1, 1:3] 2.79 3.79 1.4
NULL
R priorParameters: 2 8 
R maxT: 1 
R_PriorDraw_first_mu: 0.9882032 
R_PriorDraw_first_nu: 6.957004 
R-CCU: Before ClusterLabelChange for i = 22 newLabel= 1 currentLabel= 1 
R-CCU: sum(pointsPerCluster) = 381 
 num [1:3] 379 1 1
NULL
R-CCU: After ClusterLabelChange for i = 22 
R-CCU: sum(pointsPerCluster) = 382 
 num [1:3] 380 1 1
NULL
R-CCU: dpObj$numberClusters = 3 
List of 2
 $ : num [1, 1, 1:3] 0.442 0.265 0.352
 $ : num [1, 1, 1:3] 2.79 3.79 1.4
NULL
R priorParameters: 2 8 
R maxT: 1 
R_PriorDraw_first_mu: 0.4545146 
R_PriorDraw_first_nu: 13.44256 
R-CCU: Before ClusterLabelChange for i = 23 newLabel= 1 currentLabel= 1 
R-CCU: sum(pointsPerCluster) = 382 
 num [1:3] 380 1 1
NULL
R-CCU: After ClusterLabelChange for i = 23 
R-CCU: sum(pointsPerCluster) = 383 
 num [1:3] 381 1 1
NULL
R-CCU: dpObj$numberClusters = 3 
List of 2
 $ : num [1, 1, 1:3] 0.442 0.265 0.352
 $ : num [1, 1, 1:3] 2.79 3.79 1.4
NULL
R priorParameters: 2 8 
R maxT: 1 
R_PriorDraw_first_mu: 0.7329822 
R_PriorDraw_first_nu: 3.68119 
R-CCU: Before ClusterLabelChange for i = 24 newLabel= 1 currentLabel= 1 
R-CCU: sum(pointsPerCluster) = 383 
 num [1:3] 381 1 1
NULL
R-CCU: After ClusterLabelChange for i = 24 
R-CCU: sum(pointsPerCluster) = 384 
 num [1:3] 382 1 1
NULL
R-CCU: dpObj$numberClusters = 3 
List of 2
 $ : num [1, 1, 1:3] 0.442 0.265 0.352
 $ : num [1, 1, 1:3] 2.79 3.79 1.4
NULL
R priorParameters: 2 8 
R maxT: 1 
R_PriorDraw_first_mu: 0.3038336 
R_PriorDraw_first_nu: 5.122754 
R-CCU: Before ClusterLabelChange for i = 25 newLabel= 1 currentLabel= 1 
R-CCU: sum(pointsPerCluster) = 384 
 num [1:3] 382 1 1
NULL
R-CCU: After ClusterLabelChange for i = 25 
R-CCU: sum(pointsPerCluster) = 385 
 num [1:3] 383 1 1
NULL
R-CCU: dpObj$numberClusters = 3 
List of 2
 $ : num [1, 1, 1:3] 0.442 0.265 0.352
 $ : num [1, 1, 1:3] 2.79 3.79 1.4
NULL
R priorParameters: 2 8 
R maxT: 1 
R_PriorDraw_first_mu: 0.213095 
R_PriorDraw_first_nu: 4.94402 
R-CCU: Before ClusterLabelChange for i = 26 newLabel= 1 currentLabel= 1 
R-CCU: sum(pointsPerCluster) = 385 
 num [1:3] 383 1 1
NULL
R-CCU: After ClusterLabelChange for i = 26 
R-CCU: sum(pointsPerCluster) = 386 
 num [1:3] 384 1 1
NULL
R-CCU: dpObj$numberClusters = 3 
List of 2
 $ : num [1, 1, 1:3] 0.442 0.265 0.352
 $ : num [1, 1, 1:3] 2.79 3.79 1.4
NULL
R priorParameters: 2 8 
R maxT: 1 
R_PriorDraw_first_mu: 0.9550664 
R_PriorDraw_first_nu: 3.01992 
R-CCU: Before ClusterLabelChange for i = 27 newLabel= 1 currentLabel= 1 
R-CCU: sum(pointsPerCluster) = 386 
 num [1:3] 384 1 1
NULL
R-CCU: After ClusterLabelChange for i = 27 
R-CCU: sum(pointsPerCluster) = 387 
 num [1:3] 385 1 1
NULL
R-CCU: dpObj$numberClusters = 3 
List of 2
 $ : num [1, 1, 1:3] 0.442 0.265 0.352
 $ : num [1, 1, 1:3] 2.79 3.79 1.4
NULL
R priorParameters: 2 8 
R maxT: 1 
R_PriorDraw_first_mu: 0.9805076 
R_PriorDraw_first_nu: 43.73368 
R-CCU: Before ClusterLabelChange for i = 28 newLabel= 1 currentLabel= 1 
R-CCU: sum(pointsPerCluster) = 387 
 num [1:3] 385 1 1
NULL
R-CCU: After ClusterLabelChange for i = 28 
R-CCU: sum(pointsPerCluster) = 388 
 num [1:3] 386 1 1
NULL
R-CCU: dpObj$numberClusters = 3 
List of 2
 $ : num [1, 1, 1:3] 0.442 0.265 0.352
 $ : num [1, 1, 1:3] 2.79 3.79 1.4
NULL
R priorParameters: 2 8 
R maxT: 1 
R_PriorDraw_first_mu: 0.1311362 
R_PriorDraw_first_nu: 8.642887 
R-CCU: Before ClusterLabelChange for i = 29 newLabel= 1 currentLabel= 1 
R-CCU: sum(pointsPerCluster) = 388 
 num [1:3] 386 1 1
NULL
R-CCU: After ClusterLabelChange for i = 29 
R-CCU: sum(pointsPerCluster) = 389 
 num [1:3] 387 1 1
NULL
R-CCU: dpObj$numberClusters = 3 
List of 2
 $ : num [1, 1, 1:3] 0.442 0.265 0.352
 $ : num [1, 1, 1:3] 2.79 3.79 1.4
NULL
R priorParameters: 2 8 
R maxT: 1 
R_PriorDraw_first_mu: 0.03799048 
R_PriorDraw_first_nu: 5.508061 
R-CCU: Before ClusterLabelChange for i = 30 newLabel= 1 currentLabel= 1 
R-CCU: sum(pointsPerCluster) = 389 
 num [1:3] 387 1 1
NULL
R-CCU: After ClusterLabelChange for i = 30 
R-CCU: sum(pointsPerCluster) = 390 
 num [1:3] 388 1 1
NULL
R-CCU: dpObj$numberClusters = 3 
List of 2
 $ : num [1, 1, 1:3] 0.442 0.265 0.352
 $ : num [1, 1, 1:3] 2.79 3.79 1.4
NULL
R priorParameters: 2 8 
R maxT: 1 
R_PriorDraw_first_mu: 0.9677626 
R_PriorDraw_first_nu: 11.36868 
R-CCU: Before ClusterLabelChange for i = 31 newLabel= 1 currentLabel= 1 
R-CCU: sum(pointsPerCluster) = 390 
 num [1:3] 388 1 1
NULL
R-CCU: After ClusterLabelChange for i = 31 
R-CCU: sum(pointsPerCluster) = 391 
 num [1:3] 389 1 1
NULL
R-CCU: dpObj$numberClusters = 3 
List of 2
 $ : num [1, 1, 1:3] 0.442 0.265 0.352
 $ : num [1, 1, 1:3] 2.79 3.79 1.4
NULL
R priorParameters: 2 8 
R maxT: 1 
R_PriorDraw_first_mu: 0.3198755 
R_PriorDraw_first_nu: 1.951243 
R-CCU: Before ClusterLabelChange for i = 32 newLabel= 1 currentLabel= 1 
R-CCU: sum(pointsPerCluster) = 391 
 num [1:3] 389 1 1
NULL
R-CCU: After ClusterLabelChange for i = 32 
R-CCU: sum(pointsPerCluster) = 392 
 num [1:3] 390 1 1
NULL
R-CCU: dpObj$numberClusters = 3 
List of 2
 $ : num [1, 1, 1:3] 0.442 0.265 0.352
 $ : num [1, 1, 1:3] 2.79 3.79 1.4
NULL
R priorParameters: 2 8 
R maxT: 1 
R_PriorDraw_first_mu: 0.4938204 
R_PriorDraw_first_nu: 2.771512 
R-CCU: Before ClusterLabelChange for i = 33 newLabel= 1 currentLabel= 1 
R-CCU: sum(pointsPerCluster) = 392 
 num [1:3] 390 1 1
NULL
R-CCU: After ClusterLabelChange for i = 33 
R-CCU: sum(pointsPerCluster) = 393 
 num [1:3] 391 1 1
NULL
R-CCU: dpObj$numberClusters = 3 
List of 2
 $ : num [1, 1, 1:3] 0.442 0.265 0.352
 $ : num [1, 1, 1:3] 2.79 3.79 1.4
NULL
R priorParameters: 2 8 
R maxT: 1 
R_PriorDraw_first_mu: 0.1560953 
R_PriorDraw_first_nu: 4.82016 
R-CCU: Before ClusterLabelChange for i = 34 newLabel= 1 currentLabel= 1 
R-CCU: sum(pointsPerCluster) = 393 
 num [1:3] 391 1 1
NULL
R-CCU: After ClusterLabelChange for i = 34 
R-CCU: sum(pointsPerCluster) = 394 
 num [1:3] 392 1 1
NULL
R-CCU: dpObj$numberClusters = 3 
List of 2
 $ : num [1, 1, 1:3] 0.442 0.265 0.352
 $ : num [1, 1, 1:3] 2.79 3.79 1.4
NULL
R priorParameters: 2 8 
R maxT: 1 
R_PriorDraw_first_mu: 0.1899966 
R_PriorDraw_first_nu: 10.67619 
R-CCU: Before ClusterLabelChange for i = 35 newLabel= 1 currentLabel= 1 
R-CCU: sum(pointsPerCluster) = 394 
 num [1:3] 392 1 1
NULL
R-CCU: After ClusterLabelChange for i = 35 
R-CCU: sum(pointsPerCluster) = 395 
 num [1:3] 393 1 1
NULL
R-CCU: dpObj$numberClusters = 3 
List of 2
 $ : num [1, 1, 1:3] 0.442 0.265 0.352
 $ : num [1, 1, 1:3] 2.79 3.79 1.4
NULL
R priorParameters: 2 8 
R maxT: 1 
R_PriorDraw_first_mu: 0.5117246 
R_PriorDraw_first_nu: 8.148016 
R-CCU: Before ClusterLabelChange for i = 36 newLabel= 1 currentLabel= 1 
R-CCU: sum(pointsPerCluster) = 395 
 num [1:3] 393 1 1
NULL
R-CCU: After ClusterLabelChange for i = 36 
R-CCU: sum(pointsPerCluster) = 396 
 num [1:3] 394 1 1
NULL
R-CCU: dpObj$numberClusters = 3 
List of 2
 $ : num [1, 1, 1:3] 0.442 0.265 0.352
 $ : num [1, 1, 1:3] 2.79 3.79 1.4
NULL
R priorParameters: 2 8 
R maxT: 1 
R_PriorDraw_first_mu: 0.7008014 
R_PriorDraw_first_nu: 2.329842 
R-CCU: Before ClusterLabelChange for i = 37 newLabel= 1 currentLabel= 1 
R-CCU: sum(pointsPerCluster) = 396 
 num [1:3] 394 1 1
NULL
R-CCU: After ClusterLabelChange for i = 37 
R-CCU: sum(pointsPerCluster) = 397 
 num [1:3] 395 1 1
NULL
R-CCU: dpObj$numberClusters = 3 
List of 2
 $ : num [1, 1, 1:3] 0.442 0.265 0.352
 $ : num [1, 1, 1:3] 2.79 3.79 1.4
NULL
R priorParameters: 2 8 
R maxT: 1 
R_PriorDraw_first_mu: 0.1266223 
R_PriorDraw_first_nu: 6.071304 
R-CCU: Before ClusterLabelChange for i = 38 newLabel= 1 currentLabel= 1 
R-CCU: sum(pointsPerCluster) = 397 
 num [1:3] 395 1 1
NULL
R-CCU: After ClusterLabelChange for i = 38 
R-CCU: sum(pointsPerCluster) = 398 
 num [1:3] 396 1 1
NULL
R-CCU: dpObj$numberClusters = 3 
List of 2
 $ : num [1, 1, 1:3] 0.442 0.265 0.352
 $ : num [1, 1, 1:3] 2.79 3.79 1.4
NULL
R priorParameters: 2 8 
R maxT: 1 
R_PriorDraw_first_mu: 0.5709054 
R_PriorDraw_first_nu: 3.224586 
R-CCU: Before ClusterLabelChange for i = 39 newLabel= 1 currentLabel= 1 
R-CCU: sum(pointsPerCluster) = 398 
 num [1:3] 396 1 1
NULL
R-CCU: After ClusterLabelChange for i = 39 
R-CCU: sum(pointsPerCluster) = 399 
 num [1:3] 397 1 1
NULL
R-CCU: dpObj$numberClusters = 3 
List of 2
 $ : num [1, 1, 1:3] 0.442 0.265 0.352
 $ : num [1, 1, 1:3] 2.79 3.79 1.4
NULL
R priorParameters: 2 8 
R maxT: 1 
R_PriorDraw_first_mu: 0.2106605 
R_PriorDraw_first_nu: 10.789 
R-CCU: Before ClusterLabelChange for i = 40 newLabel= 1 currentLabel= 1 
R-CCU: sum(pointsPerCluster) = 399 
 num [1:3] 397 1 1
NULL
R-CCU: After ClusterLabelChange for i = 40 
R-CCU: sum(pointsPerCluster) = 400 
 num [1:3] 398 1 1
NULL
R-CCU: dpObj$numberClusters = 3 
List of 2
 $ : num [1, 1, 1:3] 0.442 0.265 0.352
 $ : num [1, 1, 1:3] 2.79 3.79 1.4
NULL
R priorParameters: 2 8 
R maxT: 1 
R_PriorDraw_first_mu: 0.02493273 
R_PriorDraw_first_nu: 9.304084 
R-CCU: Before ClusterLabelChange for i = 41 newLabel= 1 currentLabel= 1 
R-CCU: sum(pointsPerCluster) = 400 
 num [1:3] 398 1 1
NULL
R-CCU: After ClusterLabelChange for i = 41 
R-CCU: sum(pointsPerCluster) = 401 
 num [1:3] 399 1 1
NULL
R-CCU: dpObj$numberClusters = 3 
List of 2
 $ : num [1, 1, 1:3] 0.442 0.265 0.352
 $ : num [1, 1, 1:3] 2.79 3.79 1.4
NULL
R priorParameters: 2 8 
R maxT: 1 
R_PriorDraw_first_mu: 0.2678996 
R_PriorDraw_first_nu: 4.152942 
R-CCU: Before ClusterLabelChange for i = 42 newLabel= 1 currentLabel= 1 
R-CCU: sum(pointsPerCluster) = 401 
 num [1:3] 399 1 1
NULL
R-CCU: After ClusterLabelChange for i = 42 
R-CCU: sum(pointsPerCluster) = 402 
 num [1:3] 400 1 1
NULL
R-CCU: dpObj$numberClusters = 3 
List of 2
 $ : num [1, 1, 1:3] 0.442 0.265 0.352
 $ : num [1, 1, 1:3] 2.79 3.79 1.4
NULL
R priorParameters: 2 8 
R maxT: 1 
R_PriorDraw_first_mu: 0.7402751 
R_PriorDraw_first_nu: 5.916607 
R-CCU: Before ClusterLabelChange for i = 43 newLabel= 1 currentLabel= 1 
R-CCU: sum(pointsPerCluster) = 402 
 num [1:3] 400 1 1
NULL
R-CCU: After ClusterLabelChange for i = 43 
R-CCU: sum(pointsPerCluster) = 403 
 num [1:3] 401 1 1
NULL
R-CCU: dpObj$numberClusters = 3 
List of 2
 $ : num [1, 1, 1:3] 0.442 0.265 0.352
 $ : num [1, 1, 1:3] 2.79 3.79 1.4
NULL
R priorParameters: 2 8 
R maxT: 1 
R_PriorDraw_first_mu: 0.07724126 
R_PriorDraw_first_nu: 5.346105 
R-CCU: Before ClusterLabelChange for i = 44 newLabel= 1 currentLabel= 1 
R-CCU: sum(pointsPerCluster) = 403 
 num [1:3] 401 1 1
NULL
R-CCU: After ClusterLabelChange for i = 44 
R-CCU: sum(pointsPerCluster) = 404 
 num [1:3] 402 1 1
NULL
R-CCU: dpObj$numberClusters = 3 
List of 2
 $ : num [1, 1, 1:3] 0.442 0.265 0.352
 $ : num [1, 1, 1:3] 2.79 3.79 1.4
NULL
R priorParameters: 2 8 
R maxT: 1 
R_PriorDraw_first_mu: 0.1289305 
R_PriorDraw_first_nu: 6.592477 
R-CCU: Before ClusterLabelChange for i = 45 newLabel= 1 currentLabel= 1 
R-CCU: sum(pointsPerCluster) = 404 
 num [1:3] 402 1 1
NULL
R-CCU: After ClusterLabelChange for i = 45 
R-CCU: sum(pointsPerCluster) = 405 
 num [1:3] 403 1 1
NULL
R-CCU: dpObj$numberClusters = 3 
List of 2
 $ : num [1, 1, 1:3] 0.442 0.265 0.352
 $ : num [1, 1, 1:3] 2.79 3.79 1.4
NULL
R priorParameters: 2 8 
R maxT: 1 
R_PriorDraw_first_mu: 0.3592598 
R_PriorDraw_first_nu: 10.57567 
R-CCU: Before ClusterLabelChange for i = 46 newLabel= 1 currentLabel= 1 
R-CCU: sum(pointsPerCluster) = 405 
 num [1:3] 403 1 1
NULL
R-CCU: After ClusterLabelChange for i = 46 
R-CCU: sum(pointsPerCluster) = 406 
 num [1:3] 404 1 1
NULL
R-CCU: dpObj$numberClusters = 3 
List of 2
 $ : num [1, 1, 1:3] 0.442 0.265 0.352
 $ : num [1, 1, 1:3] 2.79 3.79 1.4
NULL
R priorParameters: 2 8 
R maxT: 1 
R_PriorDraw_first_mu: 0.7175317 
R_PriorDraw_first_nu: 8.36102 
R-CCU: Before ClusterLabelChange for i = 47 newLabel= 1 currentLabel= 1 
R-CCU: sum(pointsPerCluster) = 406 
 num [1:3] 404 1 1
NULL
R-CCU: After ClusterLabelChange for i = 47 
R-CCU: sum(pointsPerCluster) = 407 
 num [1:3] 405 1 1
NULL
R-CCU: dpObj$numberClusters = 3 
List of 2
 $ : num [1, 1, 1:3] 0.442 0.265 0.352
 $ : num [1, 1, 1:3] 2.79 3.79 1.4
NULL
R priorParameters: 2 8 
R maxT: 1 
R_PriorDraw_first_mu: 0.2530057 
R_PriorDraw_first_nu: 8.987227 
R-CCU: Before ClusterLabelChange for i = 48 newLabel= 1 currentLabel= 1 
R-CCU: sum(pointsPerCluster) = 407 
 num [1:3] 405 1 1
NULL
R-CCU: After ClusterLabelChange for i = 48 
R-CCU: sum(pointsPerCluster) = 408 
 num [1:3] 406 1 1
NULL
R-CCU: dpObj$numberClusters = 3 
List of 2
 $ : num [1, 1, 1:3] 0.442 0.265 0.352
 $ : num [1, 1, 1:3] 2.79 3.79 1.4
NULL
R priorParameters: 2 8 
R maxT: 1 
R_PriorDraw_first_mu: 0.2995624 
R_PriorDraw_first_nu: 3.946368 
R-CCU: Before ClusterLabelChange for i = 49 newLabel= 1 currentLabel= 1 
R-CCU: sum(pointsPerCluster) = 408 
 num [1:3] 406 1 1
NULL
R-CCU: After ClusterLabelChange for i = 49 
R-CCU: sum(pointsPerCluster) = 409 
 num [1:3] 407 1 1
NULL
R-CCU: dpObj$numberClusters = 3 
List of 2
 $ : num [1, 1, 1:3] 0.442 0.265 0.352
 $ : num [1, 1, 1:3] 2.79 3.79 1.4
NULL
R priorParameters: 2 8 
R maxT: 1 
R_PriorDraw_first_mu: 0.8537664 
R_PriorDraw_first_nu: 10.0311 
R-CCU: Before ClusterLabelChange for i = 50 newLabel= 1 currentLabel= 1 
R-CCU: sum(pointsPerCluster) = 409 
 num [1:3] 407 1 1
NULL
R-CCU: After ClusterLabelChange for i = 50 
R-CCU: sum(pointsPerCluster) = 410 
 num [1:3] 408 1 1
NULL
R-CCU: dpObj$numberClusters = 3 
List of 2
 $ : num [1, 1, 1:3] 0.442 0.265 0.352
 $ : num [1, 1, 1:3] 2.79 3.79 1.4
NULL
R priorParameters: 2 8 
R maxT: 1 
R_PriorDraw_first_mu: 0.3574997 
R_PriorDraw_first_nu: 2.432986 
R-CCU: Before ClusterLabelChange for i = 51 newLabel= 1 currentLabel= 1 
R-CCU: sum(pointsPerCluster) = 410 
 num [1:3] 408 1 1
NULL
R-CCU: After ClusterLabelChange for i = 51 
R-CCU: sum(pointsPerCluster) = 411 
 num [1:3] 409 1 1
NULL
R-CCU: dpObj$numberClusters = 3 
List of 2
 $ : num [1, 1, 1:3] 0.442 0.265 0.352
 $ : num [1, 1, 1:3] 2.79 3.79 1.4
NULL
R priorParameters: 2 8 
R maxT: 1 
R_PriorDraw_first_mu: 0.07706274 
R_PriorDraw_first_nu: 2.01405 
R-CCU: Before ClusterLabelChange for i = 52 newLabel= 1 currentLabel= 1 
R-CCU: sum(pointsPerCluster) = 411 
 num [1:3] 409 1 1
NULL
R-CCU: After ClusterLabelChange for i = 52 
R-CCU: sum(pointsPerCluster) = 412 
 num [1:3] 410 1 1
NULL
R-CCU: dpObj$numberClusters = 3 
List of 2
 $ : num [1, 1, 1:3] 0.442 0.265 0.352
 $ : num [1, 1, 1:3] 2.79 3.79 1.4
NULL
R priorParameters: 2 8 
R maxT: 1 
R_PriorDraw_first_mu: 0.8797552 
R_PriorDraw_first_nu: 5.4325 
R-CCU: Before ClusterLabelChange for i = 53 newLabel= 1 currentLabel= 1 
R-CCU: sum(pointsPerCluster) = 412 
 num [1:3] 410 1 1
NULL
R-CCU: After ClusterLabelChange for i = 53 
R-CCU: sum(pointsPerCluster) = 413 
 num [1:3] 411 1 1
NULL
R-CCU: dpObj$numberClusters = 3 
List of 2
 $ : num [1, 1, 1:3] 0.442 0.265 0.352
 $ : num [1, 1, 1:3] 2.79 3.79 1.4
NULL
R priorParameters: 2 8 
R maxT: 1 
R_PriorDraw_first_mu: 0.5865894 
R_PriorDraw_first_nu: 2.004072 
R-CCU: Before ClusterLabelChange for i = 54 newLabel= 1 currentLabel= 1 
R-CCU: sum(pointsPerCluster) = 413 
 num [1:3] 411 1 1
NULL
R-CCU: After ClusterLabelChange for i = 54 
R-CCU: sum(pointsPerCluster) = 414 
 num [1:3] 412 1 1
NULL
R-CCU: dpObj$numberClusters = 3 
List of 2
 $ : num [1, 1, 1:3] 0.442 0.265 0.352
 $ : num [1, 1, 1:3] 2.79 3.79 1.4
NULL
R priorParameters: 2 8 
R maxT: 1 
R_PriorDraw_first_mu: 0.8374487 
R_PriorDraw_first_nu: 2.736402 
R-CCU: Before ClusterLabelChange for i = 55 newLabel= 1 currentLabel= 1 
R-CCU: sum(pointsPerCluster) = 414 
 num [1:3] 412 1 1
NULL
R-CCU: After ClusterLabelChange for i = 55 
R-CCU: sum(pointsPerCluster) = 415 
 num [1:3] 413 1 1
NULL
R-CCU: dpObj$numberClusters = 3 
List of 2
 $ : num [1, 1, 1:3] 0.442 0.265 0.352
 $ : num [1, 1, 1:3] 2.79 3.79 1.4
NULL
R priorParameters: 2 8 
R maxT: 1 
R_PriorDraw_first_mu: 0.1696599 
R_PriorDraw_first_nu: 25.8418 
R-CCU: Before ClusterLabelChange for i = 56 newLabel= 1 currentLabel= 1 
R-CCU: sum(pointsPerCluster) = 415 
 num [1:3] 413 1 1
NULL
R-CCU: After ClusterLabelChange for i = 56 
R-CCU: sum(pointsPerCluster) = 416 
 num [1:3] 414 1 1
NULL
R-CCU: dpObj$numberClusters = 3 
List of 2
 $ : num [1, 1, 1:3] 0.442 0.265 0.352
 $ : num [1, 1, 1:3] 2.79 3.79 1.4
NULL
R priorParameters: 2 8 
R maxT: 1 
R_PriorDraw_first_mu: 0.4682439 
R_PriorDraw_first_nu: 10.95353 
R-CCU: Before ClusterLabelChange for i = 57 newLabel= 1 currentLabel= 1 
R-CCU: sum(pointsPerCluster) = 416 
 num [1:3] 414 1 1
NULL
R-CCU: After ClusterLabelChange for i = 57 
R-CCU: sum(pointsPerCluster) = 417 
 num [1:3] 415 1 1
NULL
R-CCU: dpObj$numberClusters = 3 
List of 2
 $ : num [1, 1, 1:3] 0.442 0.265 0.352
 $ : num [1, 1, 1:3] 2.79 3.79 1.4
NULL
R priorParameters: 2 8 
R maxT: 1 
R_PriorDraw_first_mu: 0.9843185 
R_PriorDraw_first_nu: 23.03749 
R-CCU: Before ClusterLabelChange for i = 58 newLabel= 1 currentLabel= 1 
R-CCU: sum(pointsPerCluster) = 417 
 num [1:3] 415 1 1
NULL
R-CCU: After ClusterLabelChange for i = 58 
R-CCU: sum(pointsPerCluster) = 418 
 num [1:3] 416 1 1
NULL
R-CCU: dpObj$numberClusters = 3 
List of 2
 $ : num [1, 1, 1:3] 0.442 0.265 0.352
 $ : num [1, 1, 1:3] 2.79 3.79 1.4
NULL
R priorParameters: 2 8 
R maxT: 1 
R_PriorDraw_first_mu: 0.6956405 
R_PriorDraw_first_nu: 3.023396 
R-CCU: Before ClusterLabelChange for i = 59 newLabel= 1 currentLabel= 1 
R-CCU: sum(pointsPerCluster) = 418 
 num [1:3] 416 1 1
NULL
R-CCU: After ClusterLabelChange for i = 59 
R-CCU: sum(pointsPerCluster) = 419 
 num [1:3] 417 1 1
NULL
R-CCU: dpObj$numberClusters = 3 
List of 2
 $ : num [1, 1, 1:3] 0.442 0.265 0.352
 $ : num [1, 1, 1:3] 2.79 3.79 1.4
NULL
R priorParameters: 2 8 
R maxT: 1 
R_PriorDraw_first_mu: 0.5665913 
R_PriorDraw_first_nu: 22.52499 
R-CCU: Before ClusterLabelChange for i = 60 newLabel= 1 currentLabel= 1 
R-CCU: sum(pointsPerCluster) = 419 
 num [1:3] 417 1 1
NULL
R-CCU: After ClusterLabelChange for i = 60 
R-CCU: sum(pointsPerCluster) = 420 
 num [1:3] 418 1 1
NULL
R-CCU: dpObj$numberClusters = 3 
List of 2
 $ : num [1, 1, 1:3] 0.442 0.265 0.352
 $ : num [1, 1, 1:3] 2.79 3.79 1.4
NULL

⠙ |   12      0 | Beta Distribution Full Integration Test          R priorParameters: 2 8 
R maxT: 1 
R_PriorDraw_first_mu: 0.274842 
R_PriorDraw_first_nu: 3.414065 
R-CCU: Before ClusterLabelChange for i = 1 newLabel= 1 currentLabel= 1 
R-CCU: sum(pointsPerCluster) = 420 
 num [1:3] 418 1 1
NULL
R-CCU: After ClusterLabelChange for i = 1 
R-CCU: sum(pointsPerCluster) = 421 
 num [1:3] 419 1 1
NULL
R-CCU: dpObj$numberClusters = 3 
List of 2
 $ : num [1, 1, 1:3] 0.458 0.265 0.352
 $ : num [1, 1, 1:3] 2.01 3.79 1.4
NULL
R priorParameters: 2 8 
R maxT: 1 
R_PriorDraw_first_mu: 0.2220586 
R_PriorDraw_first_nu: 4.204237 
R-CCU: Before ClusterLabelChange for i = 2 newLabel= 1 currentLabel= 1 
R-CCU: sum(pointsPerCluster) = 421 
 num [1:3] 419 1 1
NULL
R-CCU: After ClusterLabelChange for i = 2 
R-CCU: sum(pointsPerCluster) = 422 
 num [1:3] 420 1 1
NULL
R-CCU: dpObj$numberClusters = 3 
List of 2
 $ : num [1, 1, 1:3] 0.458 0.265 0.352
 $ : num [1, 1, 1:3] 2.01 3.79 1.4
NULL
R priorParameters: 2 8 
R maxT: 1 
R_PriorDraw_first_mu: 0.8991034 
R_PriorDraw_first_nu: 14.71939 
R-CCU: Before ClusterLabelChange for i = 3 newLabel= 1 currentLabel= 1 
R-CCU: sum(pointsPerCluster) = 422 
 num [1:3] 420 1 1
NULL
R-CCU: After ClusterLabelChange for i = 3 
R-CCU: sum(pointsPerCluster) = 423 
 num [1:3] 421 1 1
NULL
R-CCU: dpObj$numberClusters = 3 
List of 2
 $ : num [1, 1, 1:3] 0.458 0.265 0.352
 $ : num [1, 1, 1:3] 2.01 3.79 1.4
NULL
R priorParameters: 2 8 
R maxT: 1 
R_PriorDraw_first_mu: 0.2243833 
R_PriorDraw_first_nu: 20.90635 
R-CCU: Before ClusterLabelChange for i = 4 newLabel= 1 currentLabel= 1 
R-CCU: sum(pointsPerCluster) = 423 
 num [1:3] 421 1 1
NULL
R-CCU: After ClusterLabelChange for i = 4 
R-CCU: sum(pointsPerCluster) = 424 
 num [1:3] 422 1 1
NULL
R-CCU: dpObj$numberClusters = 3 
List of 2
 $ : num [1, 1, 1:3] 0.458 0.265 0.352
 $ : num [1, 1, 1:3] 2.01 3.79 1.4
NULL
R priorParameters: 2 8 
R maxT: 1 
R_PriorDraw_first_mu: 0.284966 
R_PriorDraw_first_nu: 6.026957 
R-CCU: Before ClusterLabelChange for i = 5 newLabel= 1 currentLabel= 1 
R-CCU: sum(pointsPerCluster) = 424 
 num [1:3] 422 1 1
NULL
R-CCU: After ClusterLabelChange for i = 5 
R-CCU: sum(pointsPerCluster) = 425 
 num [1:3] 423 1 1
NULL
R-CCU: dpObj$numberClusters = 3 
List of 2
 $ : num [1, 1, 1:3] 0.458 0.265 0.352
 $ : num [1, 1, 1:3] 2.01 3.79 1.4
NULL
R priorParameters: 2 8 
R maxT: 1 
R_PriorDraw_first_mu: 0.3827107 
R_PriorDraw_first_nu: 1.815515 
R-CCU: Before ClusterLabelChange for i = 6 newLabel= 1 currentLabel= 1 
R-CCU: sum(pointsPerCluster) = 425 
 num [1:3] 423 1 1
NULL
R-CCU: After ClusterLabelChange for i = 6 
R-CCU: sum(pointsPerCluster) = 426 
 num [1:3] 424 1 1
NULL
R-CCU: dpObj$numberClusters = 3 
List of 2
 $ : num [1, 1, 1:3] 0.458 0.265 0.352
 $ : num [1, 1, 1:3] 2.01 3.79 1.4
NULL
R priorParameters: 2 8 
R maxT: 1 
R_PriorDraw_first_mu: 0.07819871 
R_PriorDraw_first_nu: 4.16424 
R-CCU: Before ClusterLabelChange for i = 7 newLabel= 1 currentLabel= 1 
R-CCU: sum(pointsPerCluster) = 426 
 num [1:3] 424 1 1
NULL
R-CCU: After ClusterLabelChange for i = 7 
R-CCU: sum(pointsPerCluster) = 427 
 num [1:3] 425 1 1
NULL
R-CCU: dpObj$numberClusters = 3 
List of 2
 $ : num [1, 1, 1:3] 0.458 0.265 0.352
 $ : num [1, 1, 1:3] 2.01 3.79 1.4
NULL
R priorParameters: 2 8 
R maxT: 1 
R_PriorDraw_first_mu: 0.9987981 
R_PriorDraw_first_nu: 2.899542 
R-CCU: Before ClusterLabelChange for i = 8 newLabel= 1 currentLabel= 1 
R-CCU: sum(pointsPerCluster) = 427 
 num [1:3] 425 1 1
NULL
R-CCU: After ClusterLabelChange for i = 8 
R-CCU: sum(pointsPerCluster) = 428 
 num [1:3] 426 1 1
NULL
R-CCU: dpObj$numberClusters = 3 
List of 2
 $ : num [1, 1, 1:3] 0.458 0.265 0.352
 $ : num [1, 1, 1:3] 2.01 3.79 1.4
NULL
R priorParameters: 2 8 
R maxT: 1 
R_PriorDraw_first_mu: 0.5864026 
R_PriorDraw_first_nu: 6.040529 
R-CCU: Before ClusterLabelChange for i = 9 newLabel= 1 currentLabel= 1 
R-CCU: sum(pointsPerCluster) = 428 
 num [1:3] 426 1 1
NULL
R-CCU: After ClusterLabelChange for i = 9 
R-CCU: sum(pointsPerCluster) = 429 
 num [1:3] 427 1 1
NULL
R-CCU: dpObj$numberClusters = 3 
List of 2
 $ : num [1, 1, 1:3] 0.458 0.265 0.352
 $ : num [1, 1, 1:3] 2.01 3.79 1.4
NULL
R priorParameters: 2 8 
R maxT: 1 
R_PriorDraw_first_mu: 0.05010193 
R_PriorDraw_first_nu: 5.251607 
R-CCU: Before ClusterLabelChange for i = 10 newLabel= 1 currentLabel= 1 
R-CCU: sum(pointsPerCluster) = 429 
 num [1:3] 427 1 1
NULL
R-CCU: After ClusterLabelChange for i = 10 
R-CCU: sum(pointsPerCluster) = 430 
 num [1:3] 428 1 1
NULL
R-CCU: dpObj$numberClusters = 3 
List of 2
 $ : num [1, 1, 1:3] 0.458 0.265 0.352
 $ : num [1, 1, 1:3] 2.01 3.79 1.4
NULL
R priorParameters: 2 8 
R maxT: 1 
R_PriorDraw_first_mu: 0.3812005 
R_PriorDraw_first_nu: 2.298845 
R-CCU: Before ClusterLabelChange for i = 11 newLabel= 1 currentLabel= 1 
R-CCU: sum(pointsPerCluster) = 430 
 num [1:3] 428 1 1
NULL
R-CCU: After ClusterLabelChange for i = 11 
R-CCU: sum(pointsPerCluster) = 431 
 num [1:3] 429 1 1
NULL
R-CCU: dpObj$numberClusters = 3 
List of 2
 $ : num [1, 1, 1:3] 0.458 0.265 0.352
 $ : num [1, 1, 1:3] 2.01 3.79 1.4
NULL
R priorParameters: 2 8 
R maxT: 1 
R_PriorDraw_first_mu: 0.6233673 
R_PriorDraw_first_nu: 2.328002 
R-CCU: Before ClusterLabelChange for i = 12 newLabel= 1 currentLabel= 1 
R-CCU: sum(pointsPerCluster) = 431 
 num [1:3] 429 1 1
NULL
R-CCU: After ClusterLabelChange for i = 12 
R-CCU: sum(pointsPerCluster) = 432 
 num [1:3] 430 1 1
NULL
R-CCU: dpObj$numberClusters = 3 
List of 2
 $ : num [1, 1, 1:3] 0.458 0.265 0.352
 $ : num [1, 1, 1:3] 2.01 3.79 1.4
NULL
R priorParameters: 2 8 
R maxT: 1 
R_PriorDraw_first_mu: 0.3695127 
R_PriorDraw_first_nu: 9.375124 
R-CCU: Before ClusterLabelChange for i = 13 newLabel= 1 currentLabel= 1 
R-CCU: sum(pointsPerCluster) = 432 
 num [1:3] 430 1 1
NULL
R-CCU: After ClusterLabelChange for i = 13 
R-CCU: sum(pointsPerCluster) = 433 
 num [1:3] 431 1 1
NULL
R-CCU: dpObj$numberClusters = 3 
List of 2
 $ : num [1, 1, 1:3] 0.458 0.265 0.352
 $ : num [1, 1, 1:3] 2.01 3.79 1.4
NULL
R priorParameters: 2 8 
R maxT: 1 
R_PriorDraw_first_mu: 0.3167313 
R_PriorDraw_first_nu: 6.839141 
R-CCU: Before ClusterLabelChange for i = 14 newLabel= 1 currentLabel= 1 
R-CCU: sum(pointsPerCluster) = 433 
 num [1:3] 431 1 1
NULL
R-CCU: After ClusterLabelChange for i = 14 
R-CCU: sum(pointsPerCluster) = 434 
 num [1:3] 432 1 1
NULL
R-CCU: dpObj$numberClusters = 3 
List of 2
 $ : num [1, 1, 1:3] 0.458 0.265 0.352
 $ : num [1, 1, 1:3] 2.01 3.79 1.4
NULL
R priorParameters: 2 8 
R maxT: 1 
R_PriorDraw_first_mu: 0.8033539 
R_PriorDraw_first_nu: 7.344518 
R-CCU: Before ClusterLabelChange for i = 15 newLabel= 1 currentLabel= 1 
R-CCU: sum(pointsPerCluster) = 434 
 num [1:3] 432 1 1
NULL
R-CCU: After ClusterLabelChange for i = 15 
R-CCU: sum(pointsPerCluster) = 435 
 num [1:3] 433 1 1
NULL
R-CCU: dpObj$numberClusters = 3 
List of 2
 $ : num [1, 1, 1:3] 0.458 0.265 0.352
 $ : num [1, 1, 1:3] 2.01 3.79 1.4
NULL
R priorParameters: 2 8 
R maxT: 1 
R_PriorDraw_first_mu: 0.5341357 
R_PriorDraw_first_nu: 4.02853 
R-CCU: Before ClusterLabelChange for i = 16 newLabel= 1 currentLabel= 1 
R-CCU: sum(pointsPerCluster) = 435 
 num [1:3] 433 1 1
NULL
R-CCU: After ClusterLabelChange for i = 16 
R-CCU: sum(pointsPerCluster) = 436 
 num [1:3] 434 1 1
NULL
R-CCU: dpObj$numberClusters = 3 
List of 2
 $ : num [1, 1, 1:3] 0.458 0.265 0.352
 $ : num [1, 1, 1:3] 2.01 3.79 1.4
NULL
R priorParameters: 2 8 
R maxT: 1 
R_PriorDraw_first_mu: 0.477898 
R_PriorDraw_first_nu: 3.792152 
R-CCU: Before ClusterLabelChange for i = 17 newLabel= 1 currentLabel= 1 
R-CCU: sum(pointsPerCluster) = 436 
 num [1:3] 434 1 1
NULL
R-CCU: After ClusterLabelChange for i = 17 
R-CCU: sum(pointsPerCluster) = 437 
 num [1:3] 435 1 1
NULL
R-CCU: dpObj$numberClusters = 3 
List of 2
 $ : num [1, 1, 1:3] 0.458 0.265 0.352
 $ : num [1, 1, 1:3] 2.01 3.79 1.4
NULL
R priorParameters: 2 8 
R maxT: 1 
R_PriorDraw_first_mu: 0.3063762 
R_PriorDraw_first_nu: 5.016122 
R-CCU: Before ClusterLabelChange for i = 18 newLabel= 1 currentLabel= 1 
R-CCU: sum(pointsPerCluster) = 437 
 num [1:3] 435 1 1
NULL
R-CCU: After ClusterLabelChange for i = 18 
R-CCU: sum(pointsPerCluster) = 438 
 num [1:3] 436 1 1
NULL
R-CCU: dpObj$numberClusters = 3 
List of 2
 $ : num [1, 1, 1:3] 0.458 0.265 0.352
 $ : num [1, 1, 1:3] 2.01 3.79 1.4
NULL
R priorParameters: 2 8 
R maxT: 1 
R_PriorDraw_first_mu: 0.8478293 
R_PriorDraw_first_nu: 3.5773 
R-CCU: Before ClusterLabelChange for i = 19 newLabel= 1 currentLabel= 1 
R-CCU: sum(pointsPerCluster) = 438 
 num [1:3] 436 1 1
NULL
R-CCU: After ClusterLabelChange for i = 19 
R-CCU: sum(pointsPerCluster) = 439 
 num [1:3] 437 1 1
NULL
R-CCU: dpObj$numberClusters = 3 
List of 2
 $ : num [1, 1, 1:3] 0.458 0.265 0.352
 $ : num [1, 1, 1:3] 2.01 3.79 1.4
NULL
R priorParameters: 2 8 
R maxT: 1 
R_PriorDraw_first_mu: 0.01132854 
R_PriorDraw_first_nu: 8.713669 
R-CCU: Before ClusterLabelChange for i = 20 newLabel= 1 currentLabel= 1 
R-CCU: sum(pointsPerCluster) = 439 
 num [1:3] 437 1 1
NULL
R-CCU: After ClusterLabelChange for i = 20 
R-CCU: sum(pointsPerCluster) = 440 
 num [1:3] 438 1 1
NULL
R-CCU: dpObj$numberClusters = 3 
List of 2
 $ : num [1, 1, 1:3] 0.458 0.265 0.352
 $ : num [1, 1, 1:3] 2.01 3.79 1.4
NULL
R priorParameters: 2 8 
R maxT: 1 
R_PriorDraw_first_mu: 0.8163967 
R_PriorDraw_first_nu: 3.324888 
R-CCU: Before ClusterLabelChange for i = 21 newLabel= 1 currentLabel= 1 
R-CCU: sum(pointsPerCluster) = 440 
 num [1:3] 438 1 1
NULL
R-CCU: After ClusterLabelChange for i = 21 
R-CCU: sum(pointsPerCluster) = 441 
 num [1:3] 439 1 1
NULL
R-CCU: dpObj$numberClusters = 3 
List of 2
 $ : num [1, 1, 1:3] 0.458 0.265 0.352
 $ : num [1, 1, 1:3] 2.01 3.79 1.4
NULL
R priorParameters: 2 8 
R maxT: 1 
R_PriorDraw_first_mu: 0.8490143 
R_PriorDraw_first_nu: 7.493932 
R-CCU: Before ClusterLabelChange for i = 22 newLabel= 1 currentLabel= 1 
R-CCU: sum(pointsPerCluster) = 441 
 num [1:3] 439 1 1
NULL
R-CCU: After ClusterLabelChange for i = 22 
R-CCU: sum(pointsPerCluster) = 442 
 num [1:3] 440 1 1
NULL
R-CCU: dpObj$numberClusters = 3 
List of 2
 $ : num [1, 1, 1:3] 0.458 0.265 0.352
 $ : num [1, 1, 1:3] 2.01 3.79 1.4
NULL
R priorParameters: 2 8 
R maxT: 1 
R_PriorDraw_first_mu: 0.3984172 
R_PriorDraw_first_nu: 4.849878 
R-CCU: Before ClusterLabelChange for i = 23 newLabel= 1 currentLabel= 1 
R-CCU: sum(pointsPerCluster) = 442 
 num [1:3] 440 1 1
NULL
R-CCU: After ClusterLabelChange for i = 23 
R-CCU: sum(pointsPerCluster) = 443 
 num [1:3] 441 1 1
NULL
R-CCU: dpObj$numberClusters = 3 
List of 2
 $ : num [1, 1, 1:3] 0.458 0.265 0.352
 $ : num [1, 1, 1:3] 2.01 3.79 1.4
NULL
R priorParameters: 2 8 
R maxT: 1 
R_PriorDraw_first_mu: 0.6134874 
R_PriorDraw_first_nu: 1.569754 
R-CCU: Before ClusterLabelChange for i = 24 newLabel= 1 currentLabel= 1 
R-CCU: sum(pointsPerCluster) = 443 
 num [1:3] 441 1 1
NULL
R-CCU: After ClusterLabelChange for i = 24 
R-CCU: sum(pointsPerCluster) = 444 
 num [1:3] 442 1 1
NULL
R-CCU: dpObj$numberClusters = 3 
List of 2
 $ : num [1, 1, 1:3] 0.458 0.265 0.352
 $ : num [1, 1, 1:3] 2.01 3.79 1.4
NULL
R priorParameters: 2 8 
R maxT: 1 
R_PriorDraw_first_mu: 0.08370827 
R_PriorDraw_first_nu: 2.490285 
R-CCU: Before ClusterLabelChange for i = 25 newLabel= 1 currentLabel= 1 
R-CCU: sum(pointsPerCluster) = 444 
 num [1:3] 442 1 1
NULL
R-CCU: After ClusterLabelChange for i = 25 
R-CCU: sum(pointsPerCluster) = 445 
 num [1:3] 443 1 1
NULL
R-CCU: dpObj$numberClusters = 3 
List of 2
 $ : num [1, 1, 1:3] 0.458 0.265 0.352
 $ : num [1, 1, 1:3] 2.01 3.79 1.4
NULL
R priorParameters: 2 8 
R maxT: 1 
R_PriorDraw_first_mu: 0.3570243 
R_PriorDraw_first_nu: 2.522181 
R-CCU: Before ClusterLabelChange for i = 26 newLabel= 1 currentLabel= 1 
R-CCU: sum(pointsPerCluster) = 445 
 num [1:3] 443 1 1
NULL
R-CCU: After ClusterLabelChange for i = 26 
R-CCU: sum(pointsPerCluster) = 446 
 num [1:3] 444 1 1
NULL
R-CCU: dpObj$numberClusters = 3 
List of 2
 $ : num [1, 1, 1:3] 0.458 0.265 0.352
 $ : num [1, 1, 1:3] 2.01 3.79 1.4
NULL
R priorParameters: 2 8 
R maxT: 1 
R_PriorDraw_first_mu: 0.6265828 
R_PriorDraw_first_nu: 3.651823 
R-CCU: Before ClusterLabelChange for i = 27 newLabel= 1 currentLabel= 1 
R-CCU: sum(pointsPerCluster) = 446 
 num [1:3] 444 1 1
NULL
R-CCU: After ClusterLabelChange for i = 27 
R-CCU: sum(pointsPerCluster) = 447 
 num [1:3] 445 1 1
NULL
R-CCU: dpObj$numberClusters = 3 
List of 2
 $ : num [1, 1, 1:3] 0.458 0.265 0.352
 $ : num [1, 1, 1:3] 2.01 3.79 1.4
NULL
R priorParameters: 2 8 
R maxT: 1 
R_PriorDraw_first_mu: 0.592549 
R_PriorDraw_first_nu: 4.159577 
R-CCU: Before ClusterLabelChange for i = 28 newLabel= 1 currentLabel= 1 
R-CCU: sum(pointsPerCluster) = 447 
 num [1:3] 445 1 1
NULL
R-CCU: After ClusterLabelChange for i = 28 
R-CCU: sum(pointsPerCluster) = 448 
 num [1:3] 446 1 1
NULL
R-CCU: dpObj$numberClusters = 3 
List of 2
 $ : num [1, 1, 1:3] 0.458 0.265 0.352
 $ : num [1, 1, 1:3] 2.01 3.79 1.4
NULL
R priorParameters: 2 8 
R maxT: 1 
R_PriorDraw_first_mu: 0.1686547 
R_PriorDraw_first_nu: 5.791529 
R-CCU: Before ClusterLabelChange for i = 29 newLabel= 1 currentLabel= 1 
R-CCU: sum(pointsPerCluster) = 448 
 num [1:3] 446 1 1
NULL
R-CCU: After ClusterLabelChange for i = 29 
R-CCU: sum(pointsPerCluster) = 449 
 num [1:3] 447 1 1
NULL
R-CCU: dpObj$numberClusters = 3 
List of 2
 $ : num [1, 1, 1:3] 0.458 0.265 0.352
 $ : num [1, 1, 1:3] 2.01 3.79 1.4
NULL
R priorParameters: 2 8 
R maxT: 1 
R_PriorDraw_first_mu: 0.3513667 
R_PriorDraw_first_nu: 4.278913 
R-CCU: Before ClusterLabelChange for i = 30 newLabel= 1 currentLabel= 1 
R-CCU: sum(pointsPerCluster) = 449 
 num [1:3] 447 1 1
NULL
R-CCU: After ClusterLabelChange for i = 30 
R-CCU: sum(pointsPerCluster) = 450 
 num [1:3] 448 1 1
NULL
R-CCU: dpObj$numberClusters = 3 
List of 2
 $ : num [1, 1, 1:3] 0.458 0.265 0.352
 $ : num [1, 1, 1:3] 2.01 3.79 1.4
NULL
R priorParameters: 2 8 
R maxT: 1 
R_PriorDraw_first_mu: 0.233704 
R_PriorDraw_first_nu: 2.652043 
R-CCU: Before ClusterLabelChange for i = 31 newLabel= 1 currentLabel= 1 
R-CCU: sum(pointsPerCluster) = 450 
 num [1:3] 448 1 1
NULL
R-CCU: After ClusterLabelChange for i = 31 
R-CCU: sum(pointsPerCluster) = 451 
 num [1:3] 449 1 1
NULL
R-CCU: dpObj$numberClusters = 3 
List of 2
 $ : num [1, 1, 1:3] 0.458 0.265 0.352
 $ : num [1, 1, 1:3] 2.01 3.79 1.4
NULL
R priorParameters: 2 8 
R maxT: 1 
R_PriorDraw_first_mu: 0.06670031 
R_PriorDraw_first_nu: 5.09364 
R-CCU: Before ClusterLabelChange for i = 32 newLabel= 1 currentLabel= 1 
R-CCU: sum(pointsPerCluster) = 451 
 num [1:3] 449 1 1
NULL
R-CCU: After ClusterLabelChange for i = 32 
R-CCU: sum(pointsPerCluster) = 452 
 num [1:3] 450 1 1
NULL
R-CCU: dpObj$numberClusters = 3 
List of 2
 $ : num [1, 1, 1:3] 0.458 0.265 0.352
 $ : num [1, 1, 1:3] 2.01 3.79 1.4
NULL
R priorParameters: 2 8 
R maxT: 1 
R_PriorDraw_first_mu: 0.2048784 
R_PriorDraw_first_nu: 2.87974 
R-CCU: Before ClusterLabelChange for i = 33 newLabel= 1 currentLabel= 1 
R-CCU: sum(pointsPerCluster) = 452 
 num [1:3] 450 1 1
NULL
R-CCU: After ClusterLabelChange for i = 33 
R-CCU: sum(pointsPerCluster) = 453 
 num [1:3] 451 1 1
NULL
R-CCU: dpObj$numberClusters = 3 
List of 2
 $ : num [1, 1, 1:3] 0.458 0.265 0.352
 $ : num [1, 1, 1:3] 2.01 3.79 1.4
NULL
R priorParameters: 2 8 
R maxT: 1 
R_PriorDraw_first_mu: 0.6406012 
R_PriorDraw_first_nu: 22.48012 
R-CCU: Before ClusterLabelChange for i = 34 newLabel= 1 currentLabel= 1 
R-CCU: sum(pointsPerCluster) = 453 
 num [1:3] 451 1 1
NULL
R-CCU: After ClusterLabelChange for i = 34 
R-CCU: sum(pointsPerCluster) = 454 
 num [1:3] 452 1 1
NULL
R-CCU: dpObj$numberClusters = 3 
List of 2
 $ : num [1, 1, 1:3] 0.458 0.265 0.352
 $ : num [1, 1, 1:3] 2.01 3.79 1.4
NULL
R priorParameters: 2 8 
R maxT: 1 
R_PriorDraw_first_mu: 0.3639052 
R_PriorDraw_first_nu: 5.680163 
R-CCU: Before ClusterLabelChange for i = 35 newLabel= 1 currentLabel= 1 
R-CCU: sum(pointsPerCluster) = 454 
 num [1:3] 452 1 1
NULL
R-CCU: After ClusterLabelChange for i = 35 
R-CCU: sum(pointsPerCluster) = 455 
 num [1:3] 453 1 1
NULL
R-CCU: dpObj$numberClusters = 3 
List of 2
 $ : num [1, 1, 1:3] 0.458 0.265 0.352
 $ : num [1, 1, 1:3] 2.01 3.79 1.4
NULL
R priorParameters: 2 8 
R maxT: 1 
R_PriorDraw_first_mu: 0.7425591 
R_PriorDraw_first_nu: 3.972343 
R-CCU: Before ClusterLabelChange for i = 36 newLabel= 1 currentLabel= 1 
R-CCU: sum(pointsPerCluster) = 455 
 num [1:3] 453 1 1
NULL
R-CCU: After ClusterLabelChange for i = 36 
R-CCU: sum(pointsPerCluster) = 456 
 num [1:3] 454 1 1
NULL
R-CCU: dpObj$numberClusters = 3 
List of 2
 $ : num [1, 1, 1:3] 0.458 0.265 0.352
 $ : num [1, 1, 1:3] 2.01 3.79 1.4
NULL
R priorParameters: 2 8 
R maxT: 1 
R_PriorDraw_first_mu: 0.2706964 
R_PriorDraw_first_nu: 8.180317 
R-CCU: Before ClusterLabelChange for i = 37 newLabel= 1 currentLabel= 1 
R-CCU: sum(pointsPerCluster) = 456 
 num [1:3] 454 1 1
NULL
R-CCU: After ClusterLabelChange for i = 37 
R-CCU: sum(pointsPerCluster) = 457 
 num [1:3] 455 1 1
NULL
R-CCU: dpObj$numberClusters = 3 
List of 2
 $ : num [1, 1, 1:3] 0.458 0.265 0.352
 $ : num [1, 1, 1:3] 2.01 3.79 1.4
NULL
R priorParameters: 2 8 
R maxT: 1 
R_PriorDraw_first_mu: 0.7612136 
R_PriorDraw_first_nu: 10.02212 
R-CCU: Before ClusterLabelChange for i = 38 newLabel= 1 currentLabel= 1 
R-CCU: sum(pointsPerCluster) = 457 
 num [1:3] 455 1 1
NULL
R-CCU: After ClusterLabelChange for i = 38 
R-CCU: sum(pointsPerCluster) = 458 
 num [1:3] 456 1 1
NULL
R-CCU: dpObj$numberClusters = 3 
List of 2
 $ : num [1, 1, 1:3] 0.458 0.265 0.352
 $ : num [1, 1, 1:3] 2.01 3.79 1.4
NULL
R priorParameters: 2 8 
R maxT: 1 
R_PriorDraw_first_mu: 0.2120924 
R_PriorDraw_first_nu: 4.569376 
R-CCU: Before ClusterLabelChange for i = 39 newLabel= 1 currentLabel= 1 
R-CCU: sum(pointsPerCluster) = 458 
 num [1:3] 456 1 1
NULL
R-CCU: After ClusterLabelChange for i = 39 
R-CCU: sum(pointsPerCluster) = 459 
 num [1:3] 457 1 1
NULL
R-CCU: dpObj$numberClusters = 3 
List of 2
 $ : num [1, 1, 1:3] 0.458 0.265 0.352
 $ : num [1, 1, 1:3] 2.01 3.79 1.4
NULL
R priorParameters: 2 8 
R maxT: 1 
R_PriorDraw_first_mu: 0.3813125 
R_PriorDraw_first_nu: 2.429736 
R-CCU: Before ClusterLabelChange for i = 40 newLabel= 1 currentLabel= 1 
R-CCU: sum(pointsPerCluster) = 459 
 num [1:3] 457 1 1
NULL
R-CCU: After ClusterLabelChange for i = 40 
R-CCU: sum(pointsPerCluster) = 460 
 num [1:3] 458 1 1
NULL
R-CCU: dpObj$numberClusters = 3 
List of 2
 $ : num [1, 1, 1:3] 0.458 0.265 0.352
 $ : num [1, 1, 1:3] 2.01 3.79 1.4
NULL
R priorParameters: 2 8 
R maxT: 1 
R_PriorDraw_first_mu: 0.8274902 
R_PriorDraw_first_nu: 21.28591 
R-CCU: Before ClusterLabelChange for i = 41 newLabel= 1 currentLabel= 1 
R-CCU: sum(pointsPerCluster) = 460 
 num [1:3] 458 1 1
NULL
R-CCU: After ClusterLabelChange for i = 41 
R-CCU: sum(pointsPerCluster) = 461 
 num [1:3] 459 1 1
NULL
R-CCU: dpObj$numberClusters = 3 
List of 2
 $ : num [1, 1, 1:3] 0.458 0.265 0.352
 $ : num [1, 1, 1:3] 2.01 3.79 1.4
NULL
R priorParameters: 2 8 
R maxT: 1 
R_PriorDraw_first_mu: 0.5936543 
R_PriorDraw_first_nu: 6.550162 
R-CCU: Before ClusterLabelChange for i = 42 newLabel= 3 currentLabel= 1 
R-CCU: sum(pointsPerCluster) = 461 
 num [1:3] 459 1 1
NULL
R-CCU: After ClusterLabelChange for i = 42 
R-CCU: sum(pointsPerCluster) = 462 
 num [1:3] 459 1 2
NULL
R-CCU: dpObj$numberClusters = 3 
List of 2
 $ : num [1, 1, 1:3] 0.458 0.265 0.352
 $ : num [1, 1, 1:3] 2.01 3.79 1.4
NULL
R priorParameters: 2 8 
R maxT: 1 
R_PriorDraw_first_mu: 0.4582496 
R_PriorDraw_first_nu: 2.994 
R-CCU: Before ClusterLabelChange for i = 43 newLabel= 1 currentLabel= 1 
R-CCU: sum(pointsPerCluster) = 462 
 num [1:3] 459 1 2
NULL
R-CCU: After ClusterLabelChange for i = 43 
R-CCU: sum(pointsPerCluster) = 463 
 num [1:3] 460 1 2
NULL
R-CCU: dpObj$numberClusters = 3 
List of 2
 $ : num [1, 1, 1:3] 0.458 0.265 0.352
 $ : num [1, 1, 1:3] 2.01 3.79 1.4
NULL
R priorParameters: 2 8 
R maxT: 1 
R_PriorDraw_first_mu: 0.8095605 
R_PriorDraw_first_nu: 12.57545 
R-CCU: Before ClusterLabelChange for i = 44 newLabel= 1 currentLabel= 1 
R-CCU: sum(pointsPerCluster) = 463 
 num [1:3] 460 1 2
NULL
R-CCU: After ClusterLabelChange for i = 44 
R-CCU: sum(pointsPerCluster) = 464 
 num [1:3] 461 1 2
NULL
R-CCU: dpObj$numberClusters = 3 
List of 2
 $ : num [1, 1, 1:3] 0.458 0.265 0.352
 $ : num [1, 1, 1:3] 2.01 3.79 1.4
NULL
R priorParameters: 2 8 
R maxT: 1 
R_PriorDraw_first_mu: 0.4945607 
R_PriorDraw_first_nu: 5.514225 
R-CCU: Before ClusterLabelChange for i = 45 newLabel= 1 currentLabel= 1 
R-CCU: sum(pointsPerCluster) = 464 
 num [1:3] 461 1 2
NULL
R-CCU: After ClusterLabelChange for i = 45 
R-CCU: sum(pointsPerCluster) = 465 
 num [1:3] 462 1 2
NULL
R-CCU: dpObj$numberClusters = 3 
List of 2
 $ : num [1, 1, 1:3] 0.458 0.265 0.352
 $ : num [1, 1, 1:3] 2.01 3.79 1.4
NULL
R priorParameters: 2 8 
R maxT: 1 
R_PriorDraw_first_mu: 0.2076856 
R_PriorDraw_first_nu: 5.594141 
R-CCU: Before ClusterLabelChange for i = 46 newLabel= 1 currentLabel= 1 
R-CCU: sum(pointsPerCluster) = 465 
 num [1:3] 462 1 2
NULL
R-CCU: After ClusterLabelChange for i = 46 
R-CCU: sum(pointsPerCluster) = 466 
 num [1:3] 463 1 2
NULL
R-CCU: dpObj$numberClusters = 3 
List of 2
 $ : num [1, 1, 1:3] 0.458 0.265 0.352
 $ : num [1, 1, 1:3] 2.01 3.79 1.4
NULL
R priorParameters: 2 8 
R maxT: 1 
R_PriorDraw_first_mu: 0.7315397 
R_PriorDraw_first_nu: 3.460837 
R-CCU: Before ClusterLabelChange for i = 47 newLabel= 1 currentLabel= 1 
R-CCU: sum(pointsPerCluster) = 466 
 num [1:3] 463 1 2
NULL
R-CCU: After ClusterLabelChange for i = 47 
R-CCU: sum(pointsPerCluster) = 467 
 num [1:3] 464 1 2
NULL
R-CCU: dpObj$numberClusters = 3 
List of 2
 $ : num [1, 1, 1:3] 0.458 0.265 0.352
 $ : num [1, 1, 1:3] 2.01 3.79 1.4
NULL
R priorParameters: 2 8 
R maxT: 1 
R_PriorDraw_first_mu: 0.8609388 
R_PriorDraw_first_nu: 4.127737 
R-CCU: Before ClusterLabelChange for i = 48 newLabel= 1 currentLabel= 1 
R-CCU: sum(pointsPerCluster) = 467 
 num [1:3] 464 1 2
NULL
R-CCU: After ClusterLabelChange for i = 48 
R-CCU: sum(pointsPerCluster) = 468 
 num [1:3] 465 1 2
NULL
R-CCU: dpObj$numberClusters = 3 
List of 2
 $ : num [1, 1, 1:3] 0.458 0.265 0.352
 $ : num [1, 1, 1:3] 2.01 3.79 1.4
NULL
R priorParameters: 2 8 
R maxT: 1 
R_PriorDraw_first_mu: 0.5777361 
R_PriorDraw_first_nu: 3.499837 
R-CCU: Before ClusterLabelChange for i = 49 newLabel= 1 currentLabel= 1 
R-CCU: sum(pointsPerCluster) = 468 
 num [1:3] 465 1 2
NULL
R-CCU: After ClusterLabelChange for i = 49 
R-CCU: sum(pointsPerCluster) = 469 
 num [1:3] 466 1 2
NULL
R-CCU: dpObj$numberClusters = 3 
List of 2
 $ : num [1, 1, 1:3] 0.458 0.265 0.352
 $ : num [1, 1, 1:3] 2.01 3.79 1.4
NULL
R priorParameters: 2 8 
R maxT: 1 
R_PriorDraw_first_mu: 0.8668817 
R_PriorDraw_first_nu: 3.760851 
R-CCU: Before ClusterLabelChange for i = 50 newLabel= 1 currentLabel= 1 
R-CCU: sum(pointsPerCluster) = 469 
 num [1:3] 466 1 2
NULL
R-CCU: After ClusterLabelChange for i = 50 
R-CCU: sum(pointsPerCluster) = 470 
 num [1:3] 467 1 2
NULL
R-CCU: dpObj$numberClusters = 3 
List of 2
 $ : num [1, 1, 1:3] 0.458 0.265 0.352
 $ : num [1, 1, 1:3] 2.01 3.79 1.4
NULL
R priorParameters: 2 8 
R maxT: 1 
R_PriorDraw_first_mu: 0.1333038 
R_PriorDraw_first_nu: 3.693637 
R-CCU: Before ClusterLabelChange for i = 51 newLabel= 1 currentLabel= 1 
R-CCU: sum(pointsPerCluster) = 470 
 num [1:3] 467 1 2
NULL
R-CCU: After ClusterLabelChange for i = 51 
R-CCU: sum(pointsPerCluster) = 471 
 num [1:3] 468 1 2
NULL
R-CCU: dpObj$numberClusters = 3 
List of 2
 $ : num [1, 1, 1:3] 0.458 0.265 0.352
 $ : num [1, 1, 1:3] 2.01 3.79 1.4
NULL
R priorParameters: 2 8 
R maxT: 1 
R_PriorDraw_first_mu: 0.121509 
R_PriorDraw_first_nu: 12.21565 
R-CCU: Before ClusterLabelChange for i = 52 newLabel= 1 currentLabel= 1 
R-CCU: sum(pointsPerCluster) = 471 
 num [1:3] 468 1 2
NULL
R-CCU: After ClusterLabelChange for i = 52 
R-CCU: sum(pointsPerCluster) = 472 
 num [1:3] 469 1 2
NULL
R-CCU: dpObj$numberClusters = 3 
List of 2
 $ : num [1, 1, 1:3] 0.458 0.265 0.352
 $ : num [1, 1, 1:3] 2.01 3.79 1.4
NULL
R priorParameters: 2 8 
R maxT: 1 
R_PriorDraw_first_mu: 0.09704231 
R_PriorDraw_first_nu: 6.259144 
R-CCU: Before ClusterLabelChange for i = 53 newLabel= 1 currentLabel= 1 
R-CCU: sum(pointsPerCluster) = 472 
 num [1:3] 469 1 2
NULL
R-CCU: After ClusterLabelChange for i = 53 
R-CCU: sum(pointsPerCluster) = 473 
 num [1:3] 470 1 2
NULL
R-CCU: dpObj$numberClusters = 3 
List of 2
 $ : num [1, 1, 1:3] 0.458 0.265 0.352
 $ : num [1, 1, 1:3] 2.01 3.79 1.4
NULL
R priorParameters: 2 8 
R maxT: 1 
R_PriorDraw_first_mu: 0.990282 
R_PriorDraw_first_nu: 6.727865 
R-CCU: Before ClusterLabelChange for i = 54 newLabel= 1 currentLabel= 1 
R-CCU: sum(pointsPerCluster) = 473 
 num [1:3] 470 1 2
NULL
R-CCU: After ClusterLabelChange for i = 54 
R-CCU: sum(pointsPerCluster) = 474 
 num [1:3] 471 1 2
NULL
R-CCU: dpObj$numberClusters = 3 
List of 2
 $ : num [1, 1, 1:3] 0.458 0.265 0.352
 $ : num [1, 1, 1:3] 2.01 3.79 1.4
NULL
R priorParameters: 2 8 
R maxT: 1 
R_PriorDraw_first_mu: 0.8014104 
R_PriorDraw_first_nu: 2.915734 
R-CCU: Before ClusterLabelChange for i = 55 newLabel= 1 currentLabel= 1 
R-CCU: sum(pointsPerCluster) = 474 
 num [1:3] 471 1 2
NULL
R-CCU: After ClusterLabelChange for i = 55 
R-CCU: sum(pointsPerCluster) = 475 
 num [1:3] 472 1 2
NULL
R-CCU: dpObj$numberClusters = 3 
List of 2
 $ : num [1, 1, 1:3] 0.458 0.265 0.352
 $ : num [1, 1, 1:3] 2.01 3.79 1.4
NULL
R priorParameters: 2 8 
R maxT: 1 
R_PriorDraw_first_mu: 0.6598605 
R_PriorDraw_first_nu: 3.277057 
R-CCU: Before ClusterLabelChange for i = 56 newLabel= 1 currentLabel= 1 
R-CCU: sum(pointsPerCluster) = 475 
 num [1:3] 472 1 2
NULL
R-CCU: After ClusterLabelChange for i = 56 
R-CCU: sum(pointsPerCluster) = 476 
 num [1:3] 473 1 2
NULL
R-CCU: dpObj$numberClusters = 3 
List of 2
 $ : num [1, 1, 1:3] 0.458 0.265 0.352
 $ : num [1, 1, 1:3] 2.01 3.79 1.4
NULL
R priorParameters: 2 8 
R maxT: 1 
R_PriorDraw_first_mu: 0.2062774 
R_PriorDraw_first_nu: 18.78621 
R-CCU: Before ClusterLabelChange for i = 57 newLabel= 1 currentLabel= 1 
R-CCU: sum(pointsPerCluster) = 476 
 num [1:3] 473 1 2
NULL
R-CCU: After ClusterLabelChange for i = 57 
R-CCU: sum(pointsPerCluster) = 477 
 num [1:3] 474 1 2
NULL
R-CCU: dpObj$numberClusters = 3 
List of 2
 $ : num [1, 1, 1:3] 0.458 0.265 0.352
 $ : num [1, 1, 1:3] 2.01 3.79 1.4
NULL
R priorParameters: 2 8 
R maxT: 1 
R_PriorDraw_first_mu: 0.000548556 
R_PriorDraw_first_nu: 5.482047 
R-CCU: Before ClusterLabelChange for i = 58 newLabel= 1 currentLabel= 1 
R-CCU: sum(pointsPerCluster) = 477 
 num [1:3] 474 1 2
NULL
R-CCU: After ClusterLabelChange for i = 58 
R-CCU: sum(pointsPerCluster) = 478 
 num [1:3] 475 1 2
NULL
R-CCU: dpObj$numberClusters = 3 
List of 2
 $ : num [1, 1, 1:3] 0.458 0.265 0.352
 $ : num [1, 1, 1:3] 2.01 3.79 1.4
NULL
R priorParameters: 2 8 
R maxT: 1 
R_PriorDraw_first_mu: 0.8296622 
R_PriorDraw_first_nu: 3.636441 
R-CCU: Before ClusterLabelChange for i = 59 newLabel= 1 currentLabel= 1 
R-CCU: sum(pointsPerCluster) = 478 
 num [1:3] 475 1 2
NULL
R-CCU: After ClusterLabelChange for i = 59 
R-CCU: sum(pointsPerCluster) = 479 
 num [1:3] 476 1 2
NULL
R-CCU: dpObj$numberClusters = 3 
List of 2
 $ : num [1, 1, 1:3] 0.458 0.265 0.352
 $ : num [1, 1, 1:3] 2.01 3.79 1.4
NULL
R priorParameters: 2 8 
R maxT: 1 
R_PriorDraw_first_mu: 0.9952614 
R_PriorDraw_first_nu: 2.948874 
R-CCU: Before ClusterLabelChange for i = 60 newLabel= 1 currentLabel= 1 
R-CCU: sum(pointsPerCluster) = 479 
 num [1:3] 476 1 2
NULL
R-CCU: After ClusterLabelChange for i = 60 
R-CCU: sum(pointsPerCluster) = 480 
 num [1:3] 477 1 2
NULL
R-CCU: dpObj$numberClusters = 3 
List of 2
 $ : num [1, 1, 1:3] 0.458 0.265 0.352
 $ : num [1, 1, 1:3] 2.01 3.79 1.4
NULL

⠸ |   14      0 | Beta Distribution Full Integration Test          
⠼ |   15      0 | Beta Distribution Full Integration Test          R priorParameters: 2 8 
R maxT: 1 
R_PriorDraw_first_mu: 0.2959473 
R_PriorDraw_first_nu: 16.77301 
R-CCU: Before ClusterLabelChange for i = 1 newLabel= 1 currentLabel= 1 
R-CCU: sum(pointsPerCluster) = 480 
 num [1:3] 477 1 2
NULL
R-CCU: After ClusterLabelChange for i = 1 
R-CCU: sum(pointsPerCluster) = 481 
 num [1:3] 478 1 2
NULL
R-CCU: dpObj$numberClusters = 3 
List of 2
 $ : num [1, 1, 1:3] 0.458 0.265 0.652
 $ : num [1, 1, 1:3] 2.71 3.79 3.21
NULL
R priorParameters: 2 8 
R maxT: 1 
R_PriorDraw_first_mu: 0.2453428 
R_PriorDraw_first_nu: 1.860948 
R-CCU: Before ClusterLabelChange for i = 2 newLabel= 1 currentLabel= 1 
R-CCU: sum(pointsPerCluster) = 481 
 num [1:3] 478 1 2
NULL
R-CCU: After ClusterLabelChange for i = 2 
R-CCU: sum(pointsPerCluster) = 482 
 num [1:3] 479 1 2
NULL
R-CCU: dpObj$numberClusters = 3 
List of 2
 $ : num [1, 1, 1:3] 0.458 0.265 0.652
 $ : num [1, 1, 1:3] 2.71 3.79 3.21
NULL
R priorParameters: 2 8 
R maxT: 1 
R_PriorDraw_first_mu: 0.6664824 
R_PriorDraw_first_nu: 52.78558 
R-CCU: Before ClusterLabelChange for i = 3 newLabel= 1 currentLabel= 1 
R-CCU: sum(pointsPerCluster) = 482 
 num [1:3] 479 1 2
NULL
R-CCU: After ClusterLabelChange for i = 3 
R-CCU: sum(pointsPerCluster) = 483 
 num [1:3] 480 1 2
NULL
R-CCU: dpObj$numberClusters = 3 
List of 2
 $ : num [1, 1, 1:3] 0.458 0.265 0.652
 $ : num [1, 1, 1:3] 2.71 3.79 3.21
NULL
R priorParameters: 2 8 
R maxT: 1 
R_PriorDraw_first_mu: 0.3185101 
R_PriorDraw_first_nu: 16.53382 
R-CCU: Before ClusterLabelChange for i = 4 newLabel= 1 currentLabel= 1 
R-CCU: sum(pointsPerCluster) = 483 
 num [1:3] 480 1 2
NULL
R-CCU: After ClusterLabelChange for i = 4 
R-CCU: sum(pointsPerCluster) = 484 
 num [1:3] 481 1 2
NULL
R-CCU: dpObj$numberClusters = 3 
List of 2
 $ : num [1, 1, 1:3] 0.458 0.265 0.652
 $ : num [1, 1, 1:3] 2.71 3.79 3.21
NULL
R priorParameters: 2 8 
R maxT: 1 
R_PriorDraw_first_mu: 0.6233667 
R_PriorDraw_first_nu: 2.227726 
R-CCU: Before ClusterLabelChange for i = 5 newLabel= 1 currentLabel= 1 
R-CCU: sum(pointsPerCluster) = 484 
 num [1:3] 481 1 2
NULL
R-CCU: After ClusterLabelChange for i = 5 
R-CCU: sum(pointsPerCluster) = 485 
 num [1:3] 482 1 2
NULL
R-CCU: dpObj$numberClusters = 3 
List of 2
 $ : num [1, 1, 1:3] 0.458 0.265 0.652
 $ : num [1, 1, 1:3] 2.71 3.79 3.21
NULL
R priorParameters: 2 8 
R maxT: 1 
R_PriorDraw_first_mu: 0.1461911 
R_PriorDraw_first_nu: 1.915614 
R-CCU: Before ClusterLabelChange for i = 6 newLabel= 1 currentLabel= 1 
R-CCU: sum(pointsPerCluster) = 485 
 num [1:3] 482 1 2
NULL
R-CCU: After ClusterLabelChange for i = 6 
R-CCU: sum(pointsPerCluster) = 486 
 num [1:3] 483 1 2
NULL
R-CCU: dpObj$numberClusters = 3 
List of 2
 $ : num [1, 1, 1:3] 0.458 0.265 0.652
 $ : num [1, 1, 1:3] 2.71 3.79 3.21
NULL
R priorParameters: 2 8 
R maxT: 1 
R_PriorDraw_first_mu: 0.2624766 
R_PriorDraw_first_nu: 5.932057 
R-CCU: Before ClusterLabelChange for i = 7 newLabel= 1 currentLabel= 1 
R-CCU: sum(pointsPerCluster) = 486 
 num [1:3] 483 1 2
NULL
R-CCU: After ClusterLabelChange for i = 7 
R-CCU: sum(pointsPerCluster) = 487 
 num [1:3] 484 1 2
NULL
R-CCU: dpObj$numberClusters = 3 
List of 2
 $ : num [1, 1, 1:3] 0.458 0.265 0.652
 $ : num [1, 1, 1:3] 2.71 3.79 3.21
NULL
R priorParameters: 2 8 
R maxT: 1 
R_PriorDraw_first_mu: 0.1784366 
R_PriorDraw_first_nu: 3.71133 
R-CCU: Before ClusterLabelChange for i = 8 newLabel= 1 currentLabel= 1 
R-CCU: sum(pointsPerCluster) = 487 
 num [1:3] 484 1 2
NULL
R-CCU: After ClusterLabelChange for i = 8 
R-CCU: sum(pointsPerCluster) = 488 
 num [1:3] 485 1 2
NULL
R-CCU: dpObj$numberClusters = 3 
List of 2
 $ : num [1, 1, 1:3] 0.458 0.265 0.652
 $ : num [1, 1, 1:3] 2.71 3.79 3.21
NULL
R priorParameters: 2 8 
R maxT: 1 
R_PriorDraw_first_mu: 0.5159414 
R_PriorDraw_first_nu: 16.71635 
R-CCU: Before ClusterLabelChange for i = 9 newLabel= 1 currentLabel= 1 
R-CCU: sum(pointsPerCluster) = 488 
 num [1:3] 485 1 2
NULL
R-CCU: After ClusterLabelChange for i = 9 
R-CCU: sum(pointsPerCluster) = 489 
 num [1:3] 486 1 2
NULL
R-CCU: dpObj$numberClusters = 3 
List of 2
 $ : num [1, 1, 1:3] 0.458 0.265 0.652
 $ : num [1, 1, 1:3] 2.71 3.79 3.21
NULL
R priorParameters: 2 8 
R maxT: 1 
R_PriorDraw_first_mu: 0.5924492 
R_PriorDraw_first_nu: 19.20091 
R-CCU: Before ClusterLabelChange for i = 10 newLabel= 1 currentLabel= 1 
R-CCU: sum(pointsPerCluster) = 489 
 num [1:3] 486 1 2
NULL
R-CCU: After ClusterLabelChange for i = 10 
R-CCU: sum(pointsPerCluster) = 490 
 num [1:3] 487 1 2
NULL
R-CCU: dpObj$numberClusters = 3 
List of 2
 $ : num [1, 1, 1:3] 0.458 0.265 0.652
 $ : num [1, 1, 1:3] 2.71 3.79 3.21
NULL
R priorParameters: 2 8 
R maxT: 1 
R_PriorDraw_first_mu: 0.1661899 
R_PriorDraw_first_nu: 2.136136 
R-CCU: Before ClusterLabelChange for i = 11 newLabel= 1 currentLabel= 1 
R-CCU: sum(pointsPerCluster) = 490 
 num [1:3] 487 1 2
NULL
R-CCU: After ClusterLabelChange for i = 11 
R-CCU: sum(pointsPerCluster) = 491 
 num [1:3] 488 1 2
NULL
R-CCU: dpObj$numberClusters = 3 
List of 2
 $ : num [1, 1, 1:3] 0.458 0.265 0.652
 $ : num [1, 1, 1:3] 2.71 3.79 3.21
NULL
R priorParameters: 2 8 
R maxT: 1 
R_PriorDraw_first_mu: 0.6372509 
R_PriorDraw_first_nu: 29.88062 
R-CCU: Before ClusterLabelChange for i = 12 newLabel= 1 currentLabel= 1 
R-CCU: sum(pointsPerCluster) = 491 
 num [1:3] 488 1 2
NULL
R-CCU: After ClusterLabelChange for i = 12 
R-CCU: sum(pointsPerCluster) = 492 
 num [1:3] 489 1 2
NULL
R-CCU: dpObj$numberClusters = 3 
List of 2
 $ : num [1, 1, 1:3] 0.458 0.265 0.652
 $ : num [1, 1, 1:3] 2.71 3.79 3.21
NULL
R priorParameters: 2 8 
R maxT: 1 
R_PriorDraw_first_mu: 0.3362226 
R_PriorDraw_first_nu: 6.265876 
R-CCU: Before ClusterLabelChange for i = 13 newLabel= 1 currentLabel= 1 
R-CCU: sum(pointsPerCluster) = 492 
 num [1:3] 489 1 2
NULL
R-CCU: After ClusterLabelChange for i = 13 
R-CCU: sum(pointsPerCluster) = 493 
 num [1:3] 490 1 2
NULL
R-CCU: dpObj$numberClusters = 3 
List of 2
 $ : num [1, 1, 1:3] 0.458 0.265 0.652
 $ : num [1, 1, 1:3] 2.71 3.79 3.21
NULL
R priorParameters: 2 8 
R maxT: 1 
R_PriorDraw_first_mu: 0.5947202 
R_PriorDraw_first_nu: 4.539152 
R-CCU: Before ClusterLabelChange for i = 14 newLabel= 1 currentLabel= 1 
R-CCU: sum(pointsPerCluster) = 493 
 num [1:3] 490 1 2
NULL
R-CCU: After ClusterLabelChange for i = 14 
R-CCU: sum(pointsPerCluster) = 494 
 num [1:3] 491 1 2
NULL
R-CCU: dpObj$numberClusters = 3 
List of 2
 $ : num [1, 1, 1:3] 0.458 0.265 0.652
 $ : num [1, 1, 1:3] 2.71 3.79 3.21
NULL
R priorParameters: 2 8 
R maxT: 1 
R_PriorDraw_first_mu: 0.2891163 
R_PriorDraw_first_nu: 4.338881 
R-CCU: Before ClusterLabelChange for i = 15 newLabel= 1 currentLabel= 1 
R-CCU: sum(pointsPerCluster) = 494 
 num [1:3] 491 1 2
NULL
R-CCU: After ClusterLabelChange for i = 15 
R-CCU: sum(pointsPerCluster) = 495 
 num [1:3] 492 1 2
NULL
R-CCU: dpObj$numberClusters = 3 
List of 2
 $ : num [1, 1, 1:3] 0.458 0.265 0.652
 $ : num [1, 1, 1:3] 2.71 3.79 3.21
NULL
R priorParameters: 2 8 
R maxT: 1 
R_PriorDraw_first_mu: 0.8915931 
R_PriorDraw_first_nu: 13.36374 
R-CCU: Before ClusterLabelChange for i = 16 newLabel= 1 currentLabel= 1 
R-CCU: sum(pointsPerCluster) = 495 
 num [1:3] 492 1 2
NULL
R-CCU: After ClusterLabelChange for i = 16 
R-CCU: sum(pointsPerCluster) = 496 
 num [1:3] 493 1 2
NULL
R-CCU: dpObj$numberClusters = 3 
List of 2
 $ : num [1, 1, 1:3] 0.458 0.265 0.652
 $ : num [1, 1, 1:3] 2.71 3.79 3.21
NULL
R priorParameters: 2 8 
R maxT: 1 
R_PriorDraw_first_mu: 0.6143422 
R_PriorDraw_first_nu: 8.939551 
R-CCU: Before ClusterLabelChange for i = 17 newLabel= 1 currentLabel= 1 
R-CCU: sum(pointsPerCluster) = 496 
 num [1:3] 493 1 2
NULL
R-CCU: After ClusterLabelChange for i = 17 
R-CCU: sum(pointsPerCluster) = 497 
 num [1:3] 494 1 2
NULL
R-CCU: dpObj$numberClusters = 3 
List of 2
 $ : num [1, 1, 1:3] 0.458 0.265 0.652
 $ : num [1, 1, 1:3] 2.71 3.79 3.21
NULL
R priorParameters: 2 8 
R maxT: 1 
R_PriorDraw_first_mu: 0.9870782 
R_PriorDraw_first_nu: 6.006921 
R-CCU: Before ClusterLabelChange for i = 18 newLabel= 1 currentLabel= 1 
R-CCU: sum(pointsPerCluster) = 497 
 num [1:3] 494 1 2
NULL
R-CCU: After ClusterLabelChange for i = 18 
R-CCU: sum(pointsPerCluster) = 498 
 num [1:3] 495 1 2
NULL
R-CCU: dpObj$numberClusters = 3 
List of 2
 $ : num [1, 1, 1:3] 0.458 0.265 0.652
 $ : num [1, 1, 1:3] 2.71 3.79 3.21
NULL
R priorParameters: 2 8 
R maxT: 1 
R_PriorDraw_first_mu: 0.8274 
R_PriorDraw_first_nu: 2.48341 
R-CCU: Before ClusterLabelChange for i = 19 newLabel= 1 currentLabel= 1 
R-CCU: sum(pointsPerCluster) = 498 
 num [1:3] 495 1 2
NULL
R-CCU: After ClusterLabelChange for i = 19 
R-CCU: sum(pointsPerCluster) = 499 
 num [1:3] 496 1 2
NULL
R-CCU: dpObj$numberClusters = 3 
List of 2
 $ : num [1, 1, 1:3] 0.458 0.265 0.652
 $ : num [1, 1, 1:3] 2.71 3.79 3.21
NULL
R priorParameters: 2 8 
R maxT: 1 
R_PriorDraw_first_mu: 0.8725665 
R_PriorDraw_first_nu: 1.892775 
R-CCU: Before ClusterLabelChange for i = 20 newLabel= 1 currentLabel= 1 
R-CCU: sum(pointsPerCluster) = 499 
 num [1:3] 496 1 2
NULL
R-CCU: After ClusterLabelChange for i = 20 
R-CCU: sum(pointsPerCluster) = 500 
 num [1:3] 497 1 2
NULL
R-CCU: dpObj$numberClusters = 3 
List of 2
 $ : num [1, 1, 1:3] 0.458 0.265 0.652
 $ : num [1, 1, 1:3] 2.71 3.79 3.21
NULL
R priorParameters: 2 8 
R maxT: 1 
R_PriorDraw_first_mu: 0.2907053 
R_PriorDraw_first_nu: 5.898683 
R-CCU: Before ClusterLabelChange for i = 21 newLabel= 1 currentLabel= 1 
R-CCU: sum(pointsPerCluster) = 500 
 num [1:3] 497 1 2
NULL
R-CCU: After ClusterLabelChange for i = 21 
R-CCU: sum(pointsPerCluster) = 501 
 num [1:3] 498 1 2
NULL
R-CCU: dpObj$numberClusters = 3 
List of 2
 $ : num [1, 1, 1:3] 0.458 0.265 0.652
 $ : num [1, 1, 1:3] 2.71 3.79 3.21
NULL
R priorParameters: 2 8 
R maxT: 1 
R_PriorDraw_first_mu: 0.8320012 
R_PriorDraw_first_nu: 11.33567 
R-CCU: Before ClusterLabelChange for i = 22 newLabel= 1 currentLabel= 1 
R-CCU: sum(pointsPerCluster) = 501 
 num [1:3] 498 1 2
NULL
R-CCU: After ClusterLabelChange for i = 22 
R-CCU: sum(pointsPerCluster) = 502 
 num [1:3] 499 1 2
NULL
R-CCU: dpObj$numberClusters = 3 
List of 2
 $ : num [1, 1, 1:3] 0.458 0.265 0.652
 $ : num [1, 1, 1:3] 2.71 3.79 3.21
NULL
R priorParameters: 2 8 
R maxT: 1 
R_PriorDraw_first_mu: 0.1424344 
R_PriorDraw_first_nu: 12.17085 
R-CCU: Before ClusterLabelChange for i = 23 newLabel= 1 currentLabel= 1 
R-CCU: sum(pointsPerCluster) = 502 
 num [1:3] 499 1 2
NULL
R-CCU: After ClusterLabelChange for i = 23 
R-CCU: sum(pointsPerCluster) = 503 
 num [1:3] 500 1 2
NULL
R-CCU: dpObj$numberClusters = 3 
List of 2
 $ : num [1, 1, 1:3] 0.458 0.265 0.652
 $ : num [1, 1, 1:3] 2.71 3.79 3.21
NULL
R priorParameters: 2 8 
R maxT: 1 
R_PriorDraw_first_mu: 0.6013037 
R_PriorDraw_first_nu: 2.846128 
R-CCU: Before ClusterLabelChange for i = 24 newLabel= 1 currentLabel= 1 
R-CCU: sum(pointsPerCluster) = 503 
 num [1:3] 500 1 2
NULL
R-CCU: After ClusterLabelChange for i = 24 
R-CCU: sum(pointsPerCluster) = 504 
 num [1:3] 501 1 2
NULL
R-CCU: dpObj$numberClusters = 3 
List of 2
 $ : num [1, 1, 1:3] 0.458 0.265 0.652
 $ : num [1, 1, 1:3] 2.71 3.79 3.21
NULL
R priorParameters: 2 8 
R maxT: 1 
R_PriorDraw_first_mu: 0.8820201 
R_PriorDraw_first_nu: 2.170397 
R-CCU: Before ClusterLabelChange for i = 25 newLabel= 1 currentLabel= 1 
R-CCU: sum(pointsPerCluster) = 504 
 num [1:3] 501 1 2
NULL
R-CCU: After ClusterLabelChange for i = 25 
R-CCU: sum(pointsPerCluster) = 505 
 num [1:3] 502 1 2
NULL
R-CCU: dpObj$numberClusters = 3 
List of 2
 $ : num [1, 1, 1:3] 0.458 0.265 0.652
 $ : num [1, 1, 1:3] 2.71 3.79 3.21
NULL
R priorParameters: 2 8 
R maxT: 1 
R_PriorDraw_first_mu: 0.8113325 
R_PriorDraw_first_nu: 2.592973 
R-CCU: Before ClusterLabelChange for i = 26 newLabel= 1 currentLabel= 1 
R-CCU: sum(pointsPerCluster) = 505 
 num [1:3] 502 1 2
NULL
R-CCU: After ClusterLabelChange for i = 26 
R-CCU: sum(pointsPerCluster) = 506 
 num [1:3] 503 1 2
NULL
R-CCU: dpObj$numberClusters = 3 
List of 2
 $ : num [1, 1, 1:3] 0.458 0.265 0.652
 $ : num [1, 1, 1:3] 2.71 3.79 3.21
NULL
R priorParameters: 2 8 
R maxT: 1 
R_PriorDraw_first_mu: 0.3535331 
R_PriorDraw_first_nu: 2.296145 
R-CCU: Before ClusterLabelChange for i = 27 newLabel= 1 currentLabel= 1 
R-CCU: sum(pointsPerCluster) = 506 
 num [1:3] 503 1 2
NULL
R-CCU: After ClusterLabelChange for i = 27 
R-CCU: sum(pointsPerCluster) = 507 
 num [1:3] 504 1 2
NULL
R-CCU: dpObj$numberClusters = 3 
List of 2
 $ : num [1, 1, 1:3] 0.458 0.265 0.652
 $ : num [1, 1, 1:3] 2.71 3.79 3.21
NULL
R priorParameters: 2 8 
R maxT: 1 
R_PriorDraw_first_mu: 0.8217514 
R_PriorDraw_first_nu: 5.709519 
R-CCU: Before ClusterLabelChange for i = 28 newLabel= 1 currentLabel= 1 
R-CCU: sum(pointsPerCluster) = 507 
 num [1:3] 504 1 2
NULL
R-CCU: After ClusterLabelChange for i = 28 
R-CCU: sum(pointsPerCluster) = 508 
 num [1:3] 505 1 2
NULL
R-CCU: dpObj$numberClusters = 3 
List of 2
 $ : num [1, 1, 1:3] 0.458 0.265 0.652
 $ : num [1, 1, 1:3] 2.71 3.79 3.21
NULL
R priorParameters: 2 8 
R maxT: 1 
R_PriorDraw_first_mu: 0.8096671 
R_PriorDraw_first_nu: 3.880352 
R-CCU: Before ClusterLabelChange for i = 29 newLabel= 1 currentLabel= 1 
R-CCU: sum(pointsPerCluster) = 508 
 num [1:3] 505 1 2
NULL
R-CCU: After ClusterLabelChange for i = 29 
R-CCU: sum(pointsPerCluster) = 509 
 num [1:3] 506 1 2
NULL
R-CCU: dpObj$numberClusters = 3 
List of 2
 $ : num [1, 1, 1:3] 0.458 0.265 0.652
 $ : num [1, 1, 1:3] 2.71 3.79 3.21
NULL
R priorParameters: 2 8 
R maxT: 1 
R_PriorDraw_first_mu: 0.1717105 
R_PriorDraw_first_nu: 6.879258 
R-CCU: Before ClusterLabelChange for i = 30 newLabel= 1 currentLabel= 1 
R-CCU: sum(pointsPerCluster) = 509 
 num [1:3] 506 1 2
NULL
R-CCU: After ClusterLabelChange for i = 30 
R-CCU: sum(pointsPerCluster) = 510 
 num [1:3] 507 1 2
NULL
R-CCU: dpObj$numberClusters = 3 
List of 2
 $ : num [1, 1, 1:3] 0.458 0.265 0.652
 $ : num [1, 1, 1:3] 2.71 3.79 3.21
NULL
R priorParameters: 2 8 
R maxT: 1 
R_PriorDraw_first_mu: 0.1718151 
R_PriorDraw_first_nu: 5.532684 
R-CCU: Before ClusterLabelChange for i = 31 newLabel= 1 currentLabel= 1 
R-CCU: sum(pointsPerCluster) = 510 
 num [1:3] 507 1 2
NULL
R-CCU: After ClusterLabelChange for i = 31 
R-CCU: sum(pointsPerCluster) = 511 
 num [1:3] 508 1 2
NULL
R-CCU: dpObj$numberClusters = 3 
List of 2
 $ : num [1, 1, 1:3] 0.458 0.265 0.652
 $ : num [1, 1, 1:3] 2.71 3.79 3.21
NULL
R priorParameters: 2 8 
R maxT: 1 
R_PriorDraw_first_mu: 0.01434426 
R_PriorDraw_first_nu: 1.589846 
R-CCU: Before ClusterLabelChange for i = 32 newLabel= 1 currentLabel= 1 
R-CCU: sum(pointsPerCluster) = 511 
 num [1:3] 508 1 2
NULL
R-CCU: After ClusterLabelChange for i = 32 
R-CCU: sum(pointsPerCluster) = 512 
 num [1:3] 509 1 2
NULL
R-CCU: dpObj$numberClusters = 3 
List of 2
 $ : num [1, 1, 1:3] 0.458 0.265 0.652
 $ : num [1, 1, 1:3] 2.71 3.79 3.21
NULL
R priorParameters: 2 8 
R maxT: 1 
R_PriorDraw_first_mu: 0.8668749 
R_PriorDraw_first_nu: 5.811636 
R-CCU: Before ClusterLabelChange for i = 33 newLabel= 1 currentLabel= 1 
R-CCU: sum(pointsPerCluster) = 512 
 num [1:3] 509 1 2
NULL
R-CCU: After ClusterLabelChange for i = 33 
R-CCU: sum(pointsPerCluster) = 513 
 num [1:3] 510 1 2
NULL
R-CCU: dpObj$numberClusters = 3 
List of 2
 $ : num [1, 1, 1:3] 0.458 0.265 0.652
 $ : num [1, 1, 1:3] 2.71 3.79 3.21
NULL
R priorParameters: 2 8 
R maxT: 1 
R_PriorDraw_first_mu: 0.3083432 
R_PriorDraw_first_nu: 1.853219 
R-CCU: Before ClusterLabelChange for i = 34 newLabel= 1 currentLabel= 1 
R-CCU: sum(pointsPerCluster) = 513 
 num [1:3] 510 1 2
NULL
R-CCU: After ClusterLabelChange for i = 34 
R-CCU: sum(pointsPerCluster) = 514 
 num [1:3] 511 1 2
NULL
R-CCU: dpObj$numberClusters = 3 
List of 2
 $ : num [1, 1, 1:3] 0.458 0.265 0.652
 $ : num [1, 1, 1:3] 2.71 3.79 3.21
NULL
R priorParameters: 2 8 
R maxT: 1 
R_PriorDraw_first_mu: 0.9268098 
R_PriorDraw_first_nu: 9.543866 
R-CCU: Before ClusterLabelChange for i = 35 newLabel= 1 currentLabel= 1 
R-CCU: sum(pointsPerCluster) = 514 
 num [1:3] 511 1 2
NULL
R-CCU: After ClusterLabelChange for i = 35 
R-CCU: sum(pointsPerCluster) = 515 
 num [1:3] 512 1 2
NULL
R-CCU: dpObj$numberClusters = 3 
List of 2
 $ : num [1, 1, 1:3] 0.458 0.265 0.652
 $ : num [1, 1, 1:3] 2.71 3.79 3.21
NULL
R priorParameters: 2 8 
R maxT: 1 
R_PriorDraw_first_mu: 0.440741 
R_PriorDraw_first_nu: 2.19084 
R-CCU: Before ClusterLabelChange for i = 36 newLabel= 1 currentLabel= 1 
R-CCU: sum(pointsPerCluster) = 515 
 num [1:3] 512 1 2
NULL
R-CCU: After ClusterLabelChange for i = 36 
R-CCU: sum(pointsPerCluster) = 516 
 num [1:3] 513 1 2
NULL
R-CCU: dpObj$numberClusters = 3 
List of 2
 $ : num [1, 1, 1:3] 0.458 0.265 0.652
 $ : num [1, 1, 1:3] 2.71 3.79 3.21
NULL
R priorParameters: 2 8 
R maxT: 1 
R_PriorDraw_first_mu: 0.4073199 
R_PriorDraw_first_nu: 2.865285 
R-CCU: Before ClusterLabelChange for i = 37 newLabel= 1 currentLabel= 1 
R-CCU: sum(pointsPerCluster) = 516 
 num [1:3] 513 1 2
NULL
R-CCU: After ClusterLabelChange for i = 37 
R-CCU: sum(pointsPerCluster) = 517 
 num [1:3] 514 1 2
NULL
R-CCU: dpObj$numberClusters = 3 
List of 2
 $ : num [1, 1, 1:3] 0.458 0.265 0.652
 $ : num [1, 1, 1:3] 2.71 3.79 3.21
NULL
R priorParameters: 2 8 
R maxT: 1 
R_PriorDraw_first_mu: 0.4076576 
R_PriorDraw_first_nu: 11.7144 
R-CCU: Before ClusterLabelChange for i = 38 newLabel= 1 currentLabel= 1 
R-CCU: sum(pointsPerCluster) = 517 
 num [1:3] 514 1 2
NULL
R-CCU: After ClusterLabelChange for i = 38 
R-CCU: sum(pointsPerCluster) = 518 
 num [1:3] 515 1 2
NULL
R-CCU: dpObj$numberClusters = 3 
List of 2
 $ : num [1, 1, 1:3] 0.458 0.265 0.652
 $ : num [1, 1, 1:3] 2.71 3.79 3.21
NULL
R priorParameters: 2 8 
R maxT: 1 
R_PriorDraw_first_mu: 0.7897249 
R_PriorDraw_first_nu: 8.105818 
R-CCU: Before ClusterLabelChange for i = 39 newLabel= 1 currentLabel= 1 
R-CCU: sum(pointsPerCluster) = 518 
 num [1:3] 515 1 2
NULL
R-CCU: After ClusterLabelChange for i = 39 
R-CCU: sum(pointsPerCluster) = 519 
 num [1:3] 516 1 2
NULL
R-CCU: dpObj$numberClusters = 3 
List of 2
 $ : num [1, 1, 1:3] 0.458 0.265 0.652
 $ : num [1, 1, 1:3] 2.71 3.79 3.21
NULL
R priorParameters: 2 8 
R maxT: 1 
R_PriorDraw_first_mu: 0.4254658 
R_PriorDraw_first_nu: 3.2873 
R-CCU: Before ClusterLabelChange for i = 40 newLabel= 1 currentLabel= 1 
R-CCU: sum(pointsPerCluster) = 519 
 num [1:3] 516 1 2
NULL
R-CCU: After ClusterLabelChange for i = 40 
R-CCU: sum(pointsPerCluster) = 520 
 num [1:3] 517 1 2
NULL
R-CCU: dpObj$numberClusters = 3 
List of 2
 $ : num [1, 1, 1:3] 0.458 0.265 0.652
 $ : num [1, 1, 1:3] 2.71 3.79 3.21
NULL
R priorParameters: 2 8 
R maxT: 1 
R_PriorDraw_first_mu: 0.3932789 
R_PriorDraw_first_nu: 7.350675 
R-CCU: Before ClusterLabelChange for i = 41 newLabel= 1 currentLabel= 1 
R-CCU: sum(pointsPerCluster) = 520 
 num [1:3] 517 1 2
NULL
R-CCU: After ClusterLabelChange for i = 41 
R-CCU: sum(pointsPerCluster) = 521 
 num [1:3] 518 1 2
NULL
R-CCU: dpObj$numberClusters = 3 
List of 2
 $ : num [1, 1, 1:3] 0.458 0.265 0.652
 $ : num [1, 1, 1:3] 2.71 3.79 3.21
NULL
R priorParameters: 2 8 
R maxT: 1 
R_PriorDraw_first_mu: 0.3683356 
R_PriorDraw_first_nu: 7.650807 
R-CCU: Before ClusterLabelChange for i = 42 newLabel= 1 currentLabel= 3 
R-CCU: sum(pointsPerCluster) = 521 
 num [1:3] 518 1 2
NULL
R-CCU: After ClusterLabelChange for i = 42 
R-CCU: sum(pointsPerCluster) = 522 
 num [1:3] 519 1 2
NULL
R-CCU: dpObj$numberClusters = 3 
List of 2
 $ : num [1, 1, 1:3] 0.458 0.265 0.652
 $ : num [1, 1, 1:3] 2.71 3.79 3.21
NULL
R priorParameters: 2 8 
R maxT: 1 
R_PriorDraw_first_mu: 0.9170162 
R_PriorDraw_first_nu: 3.06463 
R-CCU: Before ClusterLabelChange for i = 43 newLabel= 1 currentLabel= 1 
R-CCU: sum(pointsPerCluster) = 522 
 num [1:3] 519 1 2
NULL
R-CCU: After ClusterLabelChange for i = 43 
R-CCU: sum(pointsPerCluster) = 523 
 num [1:3] 520 1 2
NULL
R-CCU: dpObj$numberClusters = 3 
List of 2
 $ : num [1, 1, 1:3] 0.458 0.265 0.652
 $ : num [1, 1, 1:3] 2.71 3.79 3.21
NULL
R priorParameters: 2 8 
R maxT: 1 
R_PriorDraw_first_mu: 0.1585619 
R_PriorDraw_first_nu: 4.804406 
R-CCU: Before ClusterLabelChange for i = 44 newLabel= 1 currentLabel= 1 
R-CCU: sum(pointsPerCluster) = 523 
 num [1:3] 520 1 2
NULL
R-CCU: After ClusterLabelChange for i = 44 
R-CCU: sum(pointsPerCluster) = 524 
 num [1:3] 521 1 2
NULL
R-CCU: dpObj$numberClusters = 3 
List of 2
 $ : num [1, 1, 1:3] 0.458 0.265 0.652
 $ : num [1, 1, 1:3] 2.71 3.79 3.21
NULL
R priorParameters: 2 8 
R maxT: 1 
R_PriorDraw_first_mu: 0.5980098 
R_PriorDraw_first_nu: 3.470315 
R-CCU: Before ClusterLabelChange for i = 45 newLabel= 1 currentLabel= 1 
R-CCU: sum(pointsPerCluster) = 524 
 num [1:3] 521 1 2
NULL
R-CCU: After ClusterLabelChange for i = 45 
R-CCU: sum(pointsPerCluster) = 525 
 num [1:3] 522 1 2
NULL
R-CCU: dpObj$numberClusters = 3 
List of 2
 $ : num [1, 1, 1:3] 0.458 0.265 0.652
 $ : num [1, 1, 1:3] 2.71 3.79 3.21
NULL
R priorParameters: 2 8 
R maxT: 1 
R_PriorDraw_first_mu: 0.827528 
R_PriorDraw_first_nu: 3.345171 
R-CCU: Before ClusterLabelChange for i = 46 newLabel= 1 currentLabel= 1 
R-CCU: sum(pointsPerCluster) = 525 
 num [1:3] 522 1 2
NULL
R-CCU: After ClusterLabelChange for i = 46 
R-CCU: sum(pointsPerCluster) = 526 
 num [1:3] 523 1 2
NULL
R-CCU: dpObj$numberClusters = 3 
List of 2
 $ : num [1, 1, 1:3] 0.458 0.265 0.652
 $ : num [1, 1, 1:3] 2.71 3.79 3.21
NULL
R priorParameters: 2 8 
R maxT: 1 
R_PriorDraw_first_mu: 0.1874069 
R_PriorDraw_first_nu: 4.424388 
R-CCU: Before ClusterLabelChange for i = 47 newLabel= 1 currentLabel= 1 
R-CCU: sum(pointsPerCluster) = 526 
 num [1:3] 523 1 2
NULL
R-CCU: After ClusterLabelChange for i = 47 
R-CCU: sum(pointsPerCluster) = 527 
 num [1:3] 524 1 2
NULL
R-CCU: dpObj$numberClusters = 3 
List of 2
 $ : num [1, 1, 1:3] 0.458 0.265 0.652
 $ : num [1, 1, 1:3] 2.71 3.79 3.21
NULL
R priorParameters: 2 8 
R maxT: 1 
R_PriorDraw_first_mu: 0.2211039 
R_PriorDraw_first_nu: 2.949551 
R-CCU: Before ClusterLabelChange for i = 48 newLabel= 1 currentLabel= 1 
R-CCU: sum(pointsPerCluster) = 527 
 num [1:3] 524 1 2
NULL
R-CCU: After ClusterLabelChange for i = 48 
R-CCU: sum(pointsPerCluster) = 528 
 num [1:3] 525 1 2
NULL
R-CCU: dpObj$numberClusters = 3 
List of 2
 $ : num [1, 1, 1:3] 0.458 0.265 0.652
 $ : num [1, 1, 1:3] 2.71 3.79 3.21
NULL
R priorParameters: 2 8 
R maxT: 1 
R_PriorDraw_first_mu: 0.9064206 
R_PriorDraw_first_nu: 12.00149 
R-CCU: Before ClusterLabelChange for i = 49 newLabel= 1 currentLabel= 1 
R-CCU: sum(pointsPerCluster) = 528 
 num [1:3] 525 1 2
NULL
R-CCU: After ClusterLabelChange for i = 49 
R-CCU: sum(pointsPerCluster) = 529 
 num [1:3] 526 1 2
NULL
R-CCU: dpObj$numberClusters = 3 
List of 2
 $ : num [1, 1, 1:3] 0.458 0.265 0.652
 $ : num [1, 1, 1:3] 2.71 3.79 3.21
NULL
R priorParameters: 2 8 
R maxT: 1 
R_PriorDraw_first_mu: 0.6879708 
R_PriorDraw_first_nu: 1.651261 
R-CCU: Before ClusterLabelChange for i = 50 newLabel= 1 currentLabel= 1 
R-CCU: sum(pointsPerCluster) = 529 
 num [1:3] 526 1 2
NULL
R-CCU: After ClusterLabelChange for i = 50 
R-CCU: sum(pointsPerCluster) = 530 
 num [1:3] 527 1 2
NULL
R-CCU: dpObj$numberClusters = 3 
List of 2
 $ : num [1, 1, 1:3] 0.458 0.265 0.652
 $ : num [1, 1, 1:3] 2.71 3.79 3.21
NULL
R priorParameters: 2 8 
R maxT: 1 
R_PriorDraw_first_mu: 0.4401338 
R_PriorDraw_first_nu: 5.0646 
R-CCU: Before ClusterLabelChange for i = 51 newLabel= 1 currentLabel= 1 
R-CCU: sum(pointsPerCluster) = 530 
 num [1:3] 527 1 2
NULL
R-CCU: After ClusterLabelChange for i = 51 
R-CCU: sum(pointsPerCluster) = 531 
 num [1:3] 528 1 2
NULL
R-CCU: dpObj$numberClusters = 3 
List of 2
 $ : num [1, 1, 1:3] 0.458 0.265 0.652
 $ : num [1, 1, 1:3] 2.71 3.79 3.21
NULL
R priorParameters: 2 8 
R maxT: 1 
R_PriorDraw_first_mu: 0.4829782 
R_PriorDraw_first_nu: 3.569025 
R-CCU: Before ClusterLabelChange for i = 52 newLabel= 1 currentLabel= 1 
R-CCU: sum(pointsPerCluster) = 531 
 num [1:3] 528 1 2
NULL
R-CCU: After ClusterLabelChange for i = 52 
R-CCU: sum(pointsPerCluster) = 532 
 num [1:3] 529 1 2
NULL
R-CCU: dpObj$numberClusters = 3 
List of 2
 $ : num [1, 1, 1:3] 0.458 0.265 0.652
 $ : num [1, 1, 1:3] 2.71 3.79 3.21
NULL
R priorParameters: 2 8 
R maxT: 1 
R_PriorDraw_first_mu: 0.3542252 
R_PriorDraw_first_nu: 4.107385 
R-CCU: Before ClusterLabelChange for i = 53 newLabel= 1 currentLabel= 1 
R-CCU: sum(pointsPerCluster) = 532 
 num [1:3] 529 1 2
NULL
R-CCU: After ClusterLabelChange for i = 53 
R-CCU: sum(pointsPerCluster) = 533 
 num [1:3] 530 1 2
NULL
R-CCU: dpObj$numberClusters = 3 
List of 2
 $ : num [1, 1, 1:3] 0.458 0.265 0.652
 $ : num [1, 1, 1:3] 2.71 3.79 3.21
NULL
R priorParameters: 2 8 
R maxT: 1 
R_PriorDraw_first_mu: 0.2728608 
R_PriorDraw_first_nu: 3.478876 
R-CCU: Before ClusterLabelChange for i = 54 newLabel= 1 currentLabel= 1 
R-CCU: sum(pointsPerCluster) = 533 
 num [1:3] 530 1 2
NULL
R-CCU: After ClusterLabelChange for i = 54 
R-CCU: sum(pointsPerCluster) = 534 
 num [1:3] 531 1 2
NULL
R-CCU: dpObj$numberClusters = 3 
List of 2
 $ : num [1, 1, 1:3] 0.458 0.265 0.652
 $ : num [1, 1, 1:3] 2.71 3.79 3.21
NULL
R priorParameters: 2 8 
R maxT: 1 
R_PriorDraw_first_mu: 0.7008201 
R_PriorDraw_first_nu: 3.356183 
R-CCU: Before ClusterLabelChange for i = 55 newLabel= 1 currentLabel= 1 
R-CCU: sum(pointsPerCluster) = 534 
 num [1:3] 531 1 2
NULL
R-CCU: After ClusterLabelChange for i = 55 
R-CCU: sum(pointsPerCluster) = 535 
 num [1:3] 532 1 2
NULL
R-CCU: dpObj$numberClusters = 3 
List of 2
 $ : num [1, 1, 1:3] 0.458 0.265 0.652
 $ : num [1, 1, 1:3] 2.71 3.79 3.21
NULL
R priorParameters: 2 8 
R maxT: 1 
R_PriorDraw_first_mu: 0.2893085 
R_PriorDraw_first_nu: 8.359431 
R-CCU: Before ClusterLabelChange for i = 56 newLabel= 1 currentLabel= 1 
R-CCU: sum(pointsPerCluster) = 535 
 num [1:3] 532 1 2
NULL
R-CCU: After ClusterLabelChange for i = 56 
R-CCU: sum(pointsPerCluster) = 536 
 num [1:3] 533 1 2
NULL
R-CCU: dpObj$numberClusters = 3 
List of 2
 $ : num [1, 1, 1:3] 0.458 0.265 0.652
 $ : num [1, 1, 1:3] 2.71 3.79 3.21
NULL
R priorParameters: 2 8 
R maxT: 1 
R_PriorDraw_first_mu: 0.01755832 
R_PriorDraw_first_nu: 9.159228 
R-CCU: Before ClusterLabelChange for i = 57 newLabel= 1 currentLabel= 1 
R-CCU: sum(pointsPerCluster) = 536 
 num [1:3] 533 1 2
NULL
R-CCU: After ClusterLabelChange for i = 57 
R-CCU: sum(pointsPerCluster) = 537 
 num [1:3] 534 1 2
NULL
R-CCU: dpObj$numberClusters = 3 
List of 2
 $ : num [1, 1, 1:3] 0.458 0.265 0.652
 $ : num [1, 1, 1:3] 2.71 3.79 3.21
NULL
R priorParameters: 2 8 
R maxT: 1 
R_PriorDraw_first_mu: 0.1470962 
R_PriorDraw_first_nu: 6.531999 
R-CCU: Before ClusterLabelChange for i = 58 newLabel= 1 currentLabel= 1 
R-CCU: sum(pointsPerCluster) = 537 
 num [1:3] 534 1 2
NULL
R-CCU: After ClusterLabelChange for i = 58 
R-CCU: sum(pointsPerCluster) = 538 
 num [1:3] 535 1 2
NULL
R-CCU: dpObj$numberClusters = 3 
List of 2
 $ : num [1, 1, 1:3] 0.458 0.265 0.652
 $ : num [1, 1, 1:3] 2.71 3.79 3.21
NULL
R priorParameters: 2 8 
R maxT: 1 
R_PriorDraw_first_mu: 0.3029844 
R_PriorDraw_first_nu: 5.197281 
R-CCU: Before ClusterLabelChange for i = 59 newLabel= 1 currentLabel= 1 
R-CCU: sum(pointsPerCluster) = 538 
 num [1:3] 535 1 2
NULL
R-CCU: After ClusterLabelChange for i = 59 
R-CCU: sum(pointsPerCluster) = 539 
 num [1:3] 536 1 2
NULL
R-CCU: dpObj$numberClusters = 3 
List of 2
 $ : num [1, 1, 1:3] 0.458 0.265 0.652
 $ : num [1, 1, 1:3] 2.71 3.79 3.21
NULL
R priorParameters: 2 8 
R maxT: 1 
R_PriorDraw_first_mu: 0.2808416 
R_PriorDraw_first_nu: 2.754711 
R-CCU: Before ClusterLabelChange for i = 60 newLabel= 1 currentLabel= 1 
R-CCU: sum(pointsPerCluster) = 539 
 num [1:3] 536 1 2
NULL
R-CCU: After ClusterLabelChange for i = 60 
R-CCU: sum(pointsPerCluster) = 540 
 num [1:3] 537 1 2
NULL
R-CCU: dpObj$numberClusters = 3 
List of 2
 $ : num [1, 1, 1:3] 0.458 0.265 0.652
 $ : num [1, 1, 1:3] 2.71 3.79 3.21
NULL

⠴ |   16      0 | Beta Distribution Full Integration Test          R priorParameters: 2 8 
R maxT: 1 
R_PriorDraw_first_mu: 0.4470127 
R_PriorDraw_first_nu: 3.70584 
R-CCU: Before ClusterLabelChange for i = 1 newLabel= 1 currentLabel= 1 
R-CCU: sum(pointsPerCluster) = 540 
 num [1:3] 537 1 2
NULL
R-CCU: After ClusterLabelChange for i = 1 
R-CCU: sum(pointsPerCluster) = 541 
 num [1:3] 538 1 2
NULL
R-CCU: dpObj$numberClusters = 3 
List of 2
 $ : num [1, 1, 1:3] 0.513 0.265 0.652
 $ : num [1, 1, 1:3] 2.57 3.79 3.21
NULL
R priorParameters: 2 8 
R maxT: 1 
R_PriorDraw_first_mu: 0.307055 
R_PriorDraw_first_nu: 5.71775 
R-CCU: Before ClusterLabelChange for i = 2 newLabel= 1 currentLabel= 1 
R-CCU: sum(pointsPerCluster) = 541 
 num [1:3] 538 1 2
NULL
R-CCU: After ClusterLabelChange for i = 2 
R-CCU: sum(pointsPerCluster) = 542 
 num [1:3] 539 1 2
NULL
R-CCU: dpObj$numberClusters = 3 
List of 2
 $ : num [1, 1, 1:3] 0.513 0.265 0.652
 $ : num [1, 1, 1:3] 2.57 3.79 3.21
NULL
R priorParameters: 2 8 
R maxT: 1 
R_PriorDraw_first_mu: 0.2936524 
R_PriorDraw_first_nu: 14.65054 
R-CCU: Before ClusterLabelChange for i = 3 newLabel= 1 currentLabel= 1 
R-CCU: sum(pointsPerCluster) = 542 
 num [1:3] 539 1 2
NULL
R-CCU: After ClusterLabelChange for i = 3 
R-CCU: sum(pointsPerCluster) = 543 
 num [1:3] 540 1 2
NULL
R-CCU: dpObj$numberClusters = 3 
List of 2
 $ : num [1, 1, 1:3] 0.513 0.265 0.652
 $ : num [1, 1, 1:3] 2.57 3.79 3.21
NULL
R priorParameters: 2 8 
R maxT: 1 
R_PriorDraw_first_mu: 0.07351696 
R_PriorDraw_first_nu: 1.38349 
R-CCU: Before ClusterLabelChange for i = 4 newLabel= 1 currentLabel= 1 
R-CCU: sum(pointsPerCluster) = 543 
 num [1:3] 540 1 2
NULL
R-CCU: After ClusterLabelChange for i = 4 
R-CCU: sum(pointsPerCluster) = 544 
 num [1:3] 541 1 2
NULL
R-CCU: dpObj$numberClusters = 3 
List of 2
 $ : num [1, 1, 1:3] 0.513 0.265 0.652
 $ : num [1, 1, 1:3] 2.57 3.79 3.21
NULL
R priorParameters: 2 8 
R maxT: 1 
R_PriorDraw_first_mu: 0.1603822 
R_PriorDraw_first_nu: 33.52414 
R-CCU: Before ClusterLabelChange for i = 5 newLabel= 1 currentLabel= 1 
R-CCU: sum(pointsPerCluster) = 544 
 num [1:3] 541 1 2
NULL
R-CCU: After ClusterLabelChange for i = 5 
R-CCU: sum(pointsPerCluster) = 545 
 num [1:3] 542 1 2
NULL
R-CCU: dpObj$numberClusters = 3 
List of 2
 $ : num [1, 1, 1:3] 0.513 0.265 0.652
 $ : num [1, 1, 1:3] 2.57 3.79 3.21
NULL
R priorParameters: 2 8 
R maxT: 1 
R_PriorDraw_first_mu: 0.9375677 
R_PriorDraw_first_nu: 27.52717 
R-CCU: Before ClusterLabelChange for i = 6 newLabel= 1 currentLabel= 1 
R-CCU: sum(pointsPerCluster) = 545 
 num [1:3] 542 1 2
NULL
R-CCU: After ClusterLabelChange for i = 6 
R-CCU: sum(pointsPerCluster) = 546 
 num [1:3] 543 1 2
NULL
R-CCU: dpObj$numberClusters = 3 
List of 2
 $ : num [1, 1, 1:3] 0.513 0.265 0.652
 $ : num [1, 1, 1:3] 2.57 3.79 3.21
NULL
R priorParameters: 2 8 
R maxT: 1 
R_PriorDraw_first_mu: 0.2635158 
R_PriorDraw_first_nu: 17.01367 
R-CCU: Before ClusterLabelChange for i = 7 newLabel= 1 currentLabel= 1 
R-CCU: sum(pointsPerCluster) = 546 
 num [1:3] 543 1 2
NULL
R-CCU: After ClusterLabelChange for i = 7 
R-CCU: sum(pointsPerCluster) = 547 
 num [1:3] 544 1 2
NULL
R-CCU: dpObj$numberClusters = 3 
List of 2
 $ : num [1, 1, 1:3] 0.513 0.265 0.652
 $ : num [1, 1, 1:3] 2.57 3.79 3.21
NULL
R priorParameters: 2 8 
R maxT: 1 
R_PriorDraw_first_mu: 0.9624928 
R_PriorDraw_first_nu: 5.160804 
R-CCU: Before ClusterLabelChange for i = 8 newLabel= 1 currentLabel= 1 
R-CCU: sum(pointsPerCluster) = 547 
 num [1:3] 544 1 2
NULL
R-CCU: After ClusterLabelChange for i = 8 
R-CCU: sum(pointsPerCluster) = 548 
 num [1:3] 545 1 2
NULL
R-CCU: dpObj$numberClusters = 3 
List of 2
 $ : num [1, 1, 1:3] 0.513 0.265 0.652
 $ : num [1, 1, 1:3] 2.57 3.79 3.21
NULL
R priorParameters: 2 8 
R maxT: 1 
R_PriorDraw_first_mu: 0.03959496 
R_PriorDraw_first_nu: 12.31852 
R-CCU: Before ClusterLabelChange for i = 9 newLabel= 1 currentLabel= 1 
R-CCU: sum(pointsPerCluster) = 548 
 num [1:3] 545 1 2
NULL
R-CCU: After ClusterLabelChange for i = 9 
R-CCU: sum(pointsPerCluster) = 549 
 num [1:3] 546 1 2
NULL
R-CCU: dpObj$numberClusters = 3 
List of 2
 $ : num [1, 1, 1:3] 0.513 0.265 0.652
 $ : num [1, 1, 1:3] 2.57 3.79 3.21
NULL
R priorParameters: 2 8 
R maxT: 1 
R_PriorDraw_first_mu: 0.7779972 
R_PriorDraw_first_nu: 9.032276 
R-CCU: Before ClusterLabelChange for i = 10 newLabel= 1 currentLabel= 1 
R-CCU: sum(pointsPerCluster) = 549 
 num [1:3] 546 1 2
NULL
R-CCU: After ClusterLabelChange for i = 10 
R-CCU: sum(pointsPerCluster) = 550 
 num [1:3] 547 1 2
NULL
R-CCU: dpObj$numberClusters = 3 
List of 2
 $ : num [1, 1, 1:3] 0.513 0.265 0.652
 $ : num [1, 1, 1:3] 2.57 3.79 3.21
NULL
R priorParameters: 2 8 
R maxT: 1 
R_PriorDraw_first_mu: 0.06336676 
R_PriorDraw_first_nu: 3.997548 
R-CCU: Before ClusterLabelChange for i = 11 newLabel= 1 currentLabel= 1 
R-CCU: sum(pointsPerCluster) = 550 
 num [1:3] 547 1 2
NULL
R-CCU: After ClusterLabelChange for i = 11 
R-CCU: sum(pointsPerCluster) = 551 
 num [1:3] 548 1 2
NULL
R-CCU: dpObj$numberClusters = 3 
List of 2
 $ : num [1, 1, 1:3] 0.513 0.265 0.652
 $ : num [1, 1, 1:3] 2.57 3.79 3.21
NULL
R priorParameters: 2 8 
R maxT: 1 
R_PriorDraw_first_mu: 0.1680462 
R_PriorDraw_first_nu: 4.29956 
R-CCU: Before ClusterLabelChange for i = 12 newLabel= 1 currentLabel= 1 
R-CCU: sum(pointsPerCluster) = 551 
 num [1:3] 548 1 2
NULL
R-CCU: After ClusterLabelChange for i = 12 
R-CCU: sum(pointsPerCluster) = 552 
 num [1:3] 549 1 2
NULL
R-CCU: dpObj$numberClusters = 3 
List of 2
 $ : num [1, 1, 1:3] 0.513 0.265 0.652
 $ : num [1, 1, 1:3] 2.57 3.79 3.21
NULL
R priorParameters: 2 8 
R maxT: 1 
R_PriorDraw_first_mu: 0.4497779 
R_PriorDraw_first_nu: 2.286658 
R-CCU: Before ClusterLabelChange for i = 13 newLabel= 1 currentLabel= 1 
R-CCU: sum(pointsPerCluster) = 552 
 num [1:3] 549 1 2
NULL
R-CCU: After ClusterLabelChange for i = 13 
R-CCU: sum(pointsPerCluster) = 553 
 num [1:3] 550 1 2
NULL
R-CCU: dpObj$numberClusters = 3 
List of 2
 $ : num [1, 1, 1:3] 0.513 0.265 0.652
 $ : num [1, 1, 1:3] 2.57 3.79 3.21
NULL
R priorParameters: 2 8 
R maxT: 1 
R_PriorDraw_first_mu: 0.4359665 
R_PriorDraw_first_nu: 9.957368 
R-CCU: Before ClusterLabelChange for i = 14 newLabel= 1 currentLabel= 1 
R-CCU: sum(pointsPerCluster) = 553 
 num [1:3] 550 1 2
NULL
R-CCU: After ClusterLabelChange for i = 14 
R-CCU: sum(pointsPerCluster) = 554 
 num [1:3] 551 1 2
NULL
R-CCU: dpObj$numberClusters = 3 
List of 2
 $ : num [1, 1, 1:3] 0.513 0.265 0.652
 $ : num [1, 1, 1:3] 2.57 3.79 3.21
NULL
R priorParameters: 2 8 
R maxT: 1 
R_PriorDraw_first_mu: 0.008374662 
R_PriorDraw_first_nu: 5.485195 
R-CCU: Before ClusterLabelChange for i = 15 newLabel= 1 currentLabel= 1 
R-CCU: sum(pointsPerCluster) = 554 
 num [1:3] 551 1 2
NULL
R-CCU: After ClusterLabelChange for i = 15 
R-CCU: sum(pointsPerCluster) = 555 
 num [1:3] 552 1 2
NULL
R-CCU: dpObj$numberClusters = 3 
List of 2
 $ : num [1, 1, 1:3] 0.513 0.265 0.652
 $ : num [1, 1, 1:3] 2.57 3.79 3.21
NULL
R priorParameters: 2 8 
R maxT: 1 
R_PriorDraw_first_mu: 0.3442465 
R_PriorDraw_first_nu: 14.06406 
R-CCU: Before ClusterLabelChange for i = 16 newLabel= 1 currentLabel= 1 
R-CCU: sum(pointsPerCluster) = 555 
 num [1:3] 552 1 2
NULL
R-CCU: After ClusterLabelChange for i = 16 
R-CCU: sum(pointsPerCluster) = 556 
 num [1:3] 553 1 2
NULL
R-CCU: dpObj$numberClusters = 3 
List of 2
 $ : num [1, 1, 1:3] 0.513 0.265 0.652
 $ : num [1, 1, 1:3] 2.57 3.79 3.21
NULL
R priorParameters: 2 8 
R maxT: 1 
R_PriorDraw_first_mu: 0.6069741 
R_PriorDraw_first_nu: 3.636062 
R-CCU: Before ClusterLabelChange for i = 17 newLabel= 1 currentLabel= 1 
R-CCU: sum(pointsPerCluster) = 556 
 num [1:3] 553 1 2
NULL
R-CCU: After ClusterLabelChange for i = 17 
R-CCU: sum(pointsPerCluster) = 557 
 num [1:3] 554 1 2
NULL
R-CCU: dpObj$numberClusters = 3 
List of 2
 $ : num [1, 1, 1:3] 0.513 0.265 0.652
 $ : num [1, 1, 1:3] 2.57 3.79 3.21
NULL
R priorParameters: 2 8 
R maxT: 1 
R_PriorDraw_first_mu: 0.7599089 
R_PriorDraw_first_nu: 8.582124 
R-CCU: Before ClusterLabelChange for i = 18 newLabel= 1 currentLabel= 1 
R-CCU: sum(pointsPerCluster) = 557 
 num [1:3] 554 1 2
NULL
R-CCU: After ClusterLabelChange for i = 18 
R-CCU: sum(pointsPerCluster) = 558 
 num [1:3] 555 1 2
NULL
R-CCU: dpObj$numberClusters = 3 
List of 2
 $ : num [1, 1, 1:3] 0.513 0.265 0.652
 $ : num [1, 1, 1:3] 2.57 3.79 3.21
NULL
R priorParameters: 2 8 
R maxT: 1 
R_PriorDraw_first_mu: 0.1545387 
R_PriorDraw_first_nu: 4.94418 
R-CCU: Before ClusterLabelChange for i = 19 newLabel= 1 currentLabel= 1 
R-CCU: sum(pointsPerCluster) = 558 
 num [1:3] 555 1 2
NULL
R-CCU: After ClusterLabelChange for i = 19 
R-CCU: sum(pointsPerCluster) = 559 
 num [1:3] 556 1 2
NULL
R-CCU: dpObj$numberClusters = 3 
List of 2
 $ : num [1, 1, 1:3] 0.513 0.265 0.652
 $ : num [1, 1, 1:3] 2.57 3.79 3.21
NULL
R priorParameters: 2 8 
R maxT: 1 
R_PriorDraw_first_mu: 0.4699599 
R_PriorDraw_first_nu: 3.425969 
R-CCU: Before ClusterLabelChange for i = 20 newLabel= 1 currentLabel= 1 
R-CCU: sum(pointsPerCluster) = 559 
 num [1:3] 556 1 2
NULL
R-CCU: After ClusterLabelChange for i = 20 
R-CCU: sum(pointsPerCluster) = 560 
 num [1:3] 557 1 2
NULL
R-CCU: dpObj$numberClusters = 3 
List of 2
 $ : num [1, 1, 1:3] 0.513 0.265 0.652
 $ : num [1, 1, 1:3] 2.57 3.79 3.21
NULL
R priorParameters: 2 8 
R maxT: 1 
R_PriorDraw_first_mu: 0.8463543 
R_PriorDraw_first_nu: 3.074361 
R-CCU: Before ClusterLabelChange for i = 21 newLabel= 1 currentLabel= 1 
R-CCU: sum(pointsPerCluster) = 560 
 num [1:3] 557 1 2
NULL
R-CCU: After ClusterLabelChange for i = 21 
R-CCU: sum(pointsPerCluster) = 561 
 num [1:3] 558 1 2
NULL
R-CCU: dpObj$numberClusters = 3 
List of 2
 $ : num [1, 1, 1:3] 0.513 0.265 0.652
 $ : num [1, 1, 1:3] 2.57 3.79 3.21
NULL
R priorParameters: 2 8 
R maxT: 1 
R_PriorDraw_first_mu: 0.3979604 
R_PriorDraw_first_nu: 6.961609 
R-CCU: Before ClusterLabelChange for i = 22 newLabel= 1 currentLabel= 1 
R-CCU: sum(pointsPerCluster) = 561 
 num [1:3] 558 1 2
NULL
R-CCU: After ClusterLabelChange for i = 22 
R-CCU: sum(pointsPerCluster) = 562 
 num [1:3] 559 1 2
NULL
R-CCU: dpObj$numberClusters = 3 
List of 2
 $ : num [1, 1, 1:3] 0.513 0.265 0.652
 $ : num [1, 1, 1:3] 2.57 3.79 3.21
NULL
R priorParameters: 2 8 
R maxT: 1 
R_PriorDraw_first_mu: 0.5158603 
R_PriorDraw_first_nu: 5.367127 
R-CCU: Before ClusterLabelChange for i = 23 newLabel= 1 currentLabel= 1 
R-CCU: sum(pointsPerCluster) = 562 
 num [1:3] 559 1 2
NULL
R-CCU: After ClusterLabelChange for i = 23 
R-CCU: sum(pointsPerCluster) = 563 
 num [1:3] 560 1 2
NULL
R-CCU: dpObj$numberClusters = 3 
List of 2
 $ : num [1, 1, 1:3] 0.513 0.265 0.652
 $ : num [1, 1, 1:3] 2.57 3.79 3.21
NULL
R priorParameters: 2 8 
R maxT: 1 
R_PriorDraw_first_mu: 0.2551016 
R_PriorDraw_first_nu: 7.672532 
R-CCU: Before ClusterLabelChange for i = 24 newLabel= 1 currentLabel= 1 
R-CCU: sum(pointsPerCluster) = 563 
 num [1:3] 560 1 2
NULL
R-CCU: After ClusterLabelChange for i = 24 
R-CCU: sum(pointsPerCluster) = 564 
 num [1:3] 561 1 2
NULL
R-CCU: dpObj$numberClusters = 3 
List of 2
 $ : num [1, 1, 1:3] 0.513 0.265 0.652
 $ : num [1, 1, 1:3] 2.57 3.79 3.21
NULL
R priorParameters: 2 8 
R maxT: 1 
R_PriorDraw_first_mu: 0.4457291 
R_PriorDraw_first_nu: 1.203653 
R-CCU: Before ClusterLabelChange for i = 25 newLabel= 1 currentLabel= 1 
R-CCU: sum(pointsPerCluster) = 564 
 num [1:3] 561 1 2
NULL
R-CCU: After ClusterLabelChange for i = 25 
R-CCU: sum(pointsPerCluster) = 565 
 num [1:3] 562 1 2
NULL
R-CCU: dpObj$numberClusters = 3 
List of 2
 $ : num [1, 1, 1:3] 0.513 0.265 0.652
 $ : num [1, 1, 1:3] 2.57 3.79 3.21
NULL
R priorParameters: 2 8 
R maxT: 1 
R_PriorDraw_first_mu: 0.2208712 
R_PriorDraw_first_nu: 3.701794 
R-CCU: Before ClusterLabelChange for i = 26 newLabel= 1 currentLabel= 1 
R-CCU: sum(pointsPerCluster) = 565 
 num [1:3] 562 1 2
NULL
R-CCU: After ClusterLabelChange for i = 26 
R-CCU: sum(pointsPerCluster) = 566 
 num [1:3] 563 1 2
NULL
R-CCU: dpObj$numberClusters = 3 
List of 2
 $ : num [1, 1, 1:3] 0.513 0.265 0.652
 $ : num [1, 1, 1:3] 2.57 3.79 3.21
NULL
R priorParameters: 2 8 
R maxT: 1 
R_PriorDraw_first_mu: 0.996168 
R_PriorDraw_first_nu: 5.582566 
R-CCU: Before ClusterLabelChange for i = 27 newLabel= 1 currentLabel= 1 
R-CCU: sum(pointsPerCluster) = 566 
 num [1:3] 563 1 2
NULL
R-CCU: After ClusterLabelChange for i = 27 
R-CCU: sum(pointsPerCluster) = 567 
 num [1:3] 564 1 2
NULL
R-CCU: dpObj$numberClusters = 3 
List of 2
 $ : num [1, 1, 1:3] 0.513 0.265 0.652
 $ : num [1, 1, 1:3] 2.57 3.79 3.21
NULL
R priorParameters: 2 8 
R maxT: 1 
R_PriorDraw_first_mu: 0.7563413 
R_PriorDraw_first_nu: 5.109445 
R-CCU: Before ClusterLabelChange for i = 28 newLabel= 1 currentLabel= 1 
R-CCU: sum(pointsPerCluster) = 567 
 num [1:3] 564 1 2
NULL
R-CCU: After ClusterLabelChange for i = 28 
R-CCU: sum(pointsPerCluster) = 568 
 num [1:3] 565 1 2
NULL
R-CCU: dpObj$numberClusters = 3 
List of 2
 $ : num [1, 1, 1:3] 0.513 0.265 0.652
 $ : num [1, 1, 1:3] 2.57 3.79 3.21
NULL
R priorParameters: 2 8 
R maxT: 1 
R_PriorDraw_first_mu: 0.9149824 
R_PriorDraw_first_nu: 1.973446 
R-CCU: Before ClusterLabelChange for i = 29 newLabel= 1 currentLabel= 1 
R-CCU: sum(pointsPerCluster) = 568 
 num [1:3] 565 1 2
NULL
R-CCU: After ClusterLabelChange for i = 29 
R-CCU: sum(pointsPerCluster) = 569 
 num [1:3] 566 1 2
NULL
R-CCU: dpObj$numberClusters = 3 
List of 2
 $ : num [1, 1, 1:3] 0.513 0.265 0.652
 $ : num [1, 1, 1:3] 2.57 3.79 3.21
NULL
R priorParameters: 2 8 
R maxT: 1 
R_PriorDraw_first_mu: 0.09696124 
R_PriorDraw_first_nu: 2.797496 
R-CCU: Before ClusterLabelChange for i = 30 newLabel= 1 currentLabel= 1 
R-CCU: sum(pointsPerCluster) = 569 
 num [1:3] 566 1 2
NULL
R-CCU: After ClusterLabelChange for i = 30 
R-CCU: sum(pointsPerCluster) = 570 
 num [1:3] 567 1 2
NULL
R-CCU: dpObj$numberClusters = 3 
List of 2
 $ : num [1, 1, 1:3] 0.513 0.265 0.652
 $ : num [1, 1, 1:3] 2.57 3.79 3.21
NULL
R priorParameters: 2 8 
R maxT: 1 
R_PriorDraw_first_mu: 0.002658869 
R_PriorDraw_first_nu: 7.531863 
R-CCU: Before ClusterLabelChange for i = 31 newLabel= 1 currentLabel= 1 
R-CCU: sum(pointsPerCluster) = 570 
 num [1:3] 567 1 2
NULL
R-CCU: After ClusterLabelChange for i = 31 
R-CCU: sum(pointsPerCluster) = 571 
 num [1:3] 568 1 2
NULL
R-CCU: dpObj$numberClusters = 3 
List of 2
 $ : num [1, 1, 1:3] 0.513 0.265 0.652
 $ : num [1, 1, 1:3] 2.57 3.79 3.21
NULL
R priorParameters: 2 8 
R maxT: 1 
R_PriorDraw_first_mu: 0.7256243 
R_PriorDraw_first_nu: 5.889232 
R-CCU: Before ClusterLabelChange for i = 32 newLabel= 1 currentLabel= 1 
R-CCU: sum(pointsPerCluster) = 571 
 num [1:3] 568 1 2
NULL
R-CCU: After ClusterLabelChange for i = 32 
R-CCU: sum(pointsPerCluster) = 572 
 num [1:3] 569 1 2
NULL
R-CCU: dpObj$numberClusters = 3 
List of 2
 $ : num [1, 1, 1:3] 0.513 0.265 0.652
 $ : num [1, 1, 1:3] 2.57 3.79 3.21
NULL
R priorParameters: 2 8 
R maxT: 1 
R_PriorDraw_first_mu: 0.7375107 
R_PriorDraw_first_nu: 3.3085 
R-CCU: Before ClusterLabelChange for i = 33 newLabel= 1 currentLabel= 1 
R-CCU: sum(pointsPerCluster) = 572 
 num [1:3] 569 1 2
NULL
R-CCU: After ClusterLabelChange for i = 33 
R-CCU: sum(pointsPerCluster) = 573 
 num [1:3] 570 1 2
NULL
R-CCU: dpObj$numberClusters = 3 
List of 2
 $ : num [1, 1, 1:3] 0.513 0.265 0.652
 $ : num [1, 1, 1:3] 2.57 3.79 3.21
NULL
R priorParameters: 2 8 
R maxT: 1 
R_PriorDraw_first_mu: 0.6939513 
R_PriorDraw_first_nu: 8.52018 
R-CCU: Before ClusterLabelChange for i = 34 newLabel= 1 currentLabel= 1 
R-CCU: sum(pointsPerCluster) = 573 
 num [1:3] 570 1 2
NULL
R-CCU: After ClusterLabelChange for i = 34 
R-CCU: sum(pointsPerCluster) = 574 
 num [1:3] 571 1 2
NULL
R-CCU: dpObj$numberClusters = 3 
List of 2
 $ : num [1, 1, 1:3] 0.513 0.265 0.652
 $ : num [1, 1, 1:3] 2.57 3.79 3.21
NULL
R priorParameters: 2 8 
R maxT: 1 
R_PriorDraw_first_mu: 0.3790251 
R_PriorDraw_first_nu: 6.489365 
R-CCU: Before ClusterLabelChange for i = 35 newLabel= 1 currentLabel= 1 
R-CCU: sum(pointsPerCluster) = 574 
 num [1:3] 571 1 2
NULL
R-CCU: After ClusterLabelChange for i = 35 
R-CCU: sum(pointsPerCluster) = 575 
 num [1:3] 572 1 2
NULL
R-CCU: dpObj$numberClusters = 3 
List of 2
 $ : num [1, 1, 1:3] 0.513 0.265 0.652
 $ : num [1, 1, 1:3] 2.57 3.79 3.21
NULL
R priorParameters: 2 8 
R maxT: 1 
R_PriorDraw_first_mu: 0.03496377 
R_PriorDraw_first_nu: 4.084845 
R-CCU: Before ClusterLabelChange for i = 36 newLabel= 1 currentLabel= 1 
R-CCU: sum(pointsPerCluster) = 575 
 num [1:3] 572 1 2
NULL
R-CCU: After ClusterLabelChange for i = 36 
R-CCU: sum(pointsPerCluster) = 576 
 num [1:3] 573 1 2
NULL
R-CCU: dpObj$numberClusters = 3 
List of 2
 $ : num [1, 1, 1:3] 0.513 0.265 0.652
 $ : num [1, 1, 1:3] 2.57 3.79 3.21
NULL
R priorParameters: 2 8 
R maxT: 1 
R_PriorDraw_first_mu: 0.9494401 
R_PriorDraw_first_nu: 8.148072 
R-CCU: Before ClusterLabelChange for i = 37 newLabel= 1 currentLabel= 1 
R-CCU: sum(pointsPerCluster) = 576 
 num [1:3] 573 1 2
NULL
R-CCU: After ClusterLabelChange for i = 37 
R-CCU: sum(pointsPerCluster) = 577 
 num [1:3] 574 1 2
NULL
R-CCU: dpObj$numberClusters = 3 
List of 2
 $ : num [1, 1, 1:3] 0.513 0.265 0.652
 $ : num [1, 1, 1:3] 2.57 3.79 3.21
NULL
R priorParameters: 2 8 
R maxT: 1 
R_PriorDraw_first_mu: 0.251568 
R_PriorDraw_first_nu: 1.800908 
R-CCU: Before ClusterLabelChange for i = 38 newLabel= 1 currentLabel= 1 
R-CCU: sum(pointsPerCluster) = 577 
 num [1:3] 574 1 2
NULL
R-CCU: After ClusterLabelChange for i = 38 
R-CCU: sum(pointsPerCluster) = 578 
 num [1:3] 575 1 2
NULL
R-CCU: dpObj$numberClusters = 3 
List of 2
 $ : num [1, 1, 1:3] 0.513 0.265 0.652
 $ : num [1, 1, 1:3] 2.57 3.79 3.21
NULL
R priorParameters: 2 8 
R maxT: 1 
R_PriorDraw_first_mu: 0.8112243 
R_PriorDraw_first_nu: 7.582015 
R-CCU: Before ClusterLabelChange for i = 39 newLabel= 1 currentLabel= 1 
R-CCU: sum(pointsPerCluster) = 578 
 num [1:3] 575 1 2
NULL
R-CCU: After ClusterLabelChange for i = 39 
R-CCU: sum(pointsPerCluster) = 579 
 num [1:3] 576 1 2
NULL
R-CCU: dpObj$numberClusters = 3 
List of 2
 $ : num [1, 1, 1:3] 0.513 0.265 0.652
 $ : num [1, 1, 1:3] 2.57 3.79 3.21
NULL
R priorParameters: 2 8 
R maxT: 1 
R_PriorDraw_first_mu: 0.09690293 
R_PriorDraw_first_nu: 3.544672 
R-CCU: Before ClusterLabelChange for i = 40 newLabel= 1 currentLabel= 1 
R-CCU: sum(pointsPerCluster) = 579 
 num [1:3] 576 1 2
NULL
R-CCU: After ClusterLabelChange for i = 40 
R-CCU: sum(pointsPerCluster) = 580 
 num [1:3] 577 1 2
NULL
R-CCU: dpObj$numberClusters = 3 
List of 2
 $ : num [1, 1, 1:3] 0.513 0.265 0.652
 $ : num [1, 1, 1:3] 2.57 3.79 3.21
NULL
R priorParameters: 2 8 
R maxT: 1 
R_PriorDraw_first_mu: 0.5272871 
R_PriorDraw_first_nu: 6.922665 
R-CCU: Before ClusterLabelChange for i = 41 newLabel= 1 currentLabel= 1 
R-CCU: sum(pointsPerCluster) = 580 
 num [1:3] 577 1 2
NULL
R-CCU: After ClusterLabelChange for i = 41 
R-CCU: sum(pointsPerCluster) = 581 
 num [1:3] 578 1 2
NULL
R-CCU: dpObj$numberClusters = 3 
List of 2
 $ : num [1, 1, 1:3] 0.513 0.265 0.652
 $ : num [1, 1, 1:3] 2.57 3.79 3.21
NULL
R priorParameters: 2 8 
R maxT: 1 
R_PriorDraw_first_mu: 0.810192 
R_PriorDraw_first_nu: 4.885269 
R-CCU: Before ClusterLabelChange for i = 42 newLabel= 1 currentLabel= 1 
R-CCU: sum(pointsPerCluster) = 581 
 num [1:3] 578 1 2
NULL
R-CCU: After ClusterLabelChange for i = 42 
R-CCU: sum(pointsPerCluster) = 582 
 num [1:3] 579 1 2
NULL
R-CCU: dpObj$numberClusters = 3 
List of 2
 $ : num [1, 1, 1:3] 0.513 0.265 0.652
 $ : num [1, 1, 1:3] 2.57 3.79 3.21
NULL
R priorParameters: 2 8 
R maxT: 1 
R_PriorDraw_first_mu: 0.1137237 
R_PriorDraw_first_nu: 12.39701 
R-CCU: Before ClusterLabelChange for i = 43 newLabel= 1 currentLabel= 1 
R-CCU: sum(pointsPerCluster) = 582 
 num [1:3] 579 1 2
NULL
R-CCU: After ClusterLabelChange for i = 43 
R-CCU: sum(pointsPerCluster) = 583 
 num [1:3] 580 1 2
NULL
R-CCU: dpObj$numberClusters = 3 
List of 2
 $ : num [1, 1, 1:3] 0.513 0.265 0.652
 $ : num [1, 1, 1:3] 2.57 3.79 3.21
NULL
R priorParameters: 2 8 
R maxT: 1 
R_PriorDraw_first_mu: 0.814376 
R_PriorDraw_first_nu: 1.652745 
R-CCU: Before ClusterLabelChange for i = 44 newLabel= 1 currentLabel= 1 
R-CCU: sum(pointsPerCluster) = 583 
 num [1:3] 580 1 2
NULL
R-CCU: After ClusterLabelChange for i = 44 
R-CCU: sum(pointsPerCluster) = 584 
 num [1:3] 581 1 2
NULL
R-CCU: dpObj$numberClusters = 3 
List of 2
 $ : num [1, 1, 1:3] 0.513 0.265 0.652
 $ : num [1, 1, 1:3] 2.57 3.79 3.21
NULL
R priorParameters: 2 8 
R maxT: 1 
R_PriorDraw_first_mu: 0.8482936 
R_PriorDraw_first_nu: 6.865945 
R-CCU: Before ClusterLabelChange for i = 45 newLabel= 1 currentLabel= 1 
R-CCU: sum(pointsPerCluster) = 584 
 num [1:3] 581 1 2
NULL
R-CCU: After ClusterLabelChange for i = 45 
R-CCU: sum(pointsPerCluster) = 585 
 num [1:3] 582 1 2
NULL
R-CCU: dpObj$numberClusters = 3 
List of 2
 $ : num [1, 1, 1:3] 0.513 0.265 0.652
 $ : num [1, 1, 1:3] 2.57 3.79 3.21
NULL
R priorParameters: 2 8 
R maxT: 1 
R_PriorDraw_first_mu: 0.3854494 
R_PriorDraw_first_nu: 3.617925 
R-CCU: Before ClusterLabelChange for i = 46 newLabel= 1 currentLabel= 1 
R-CCU: sum(pointsPerCluster) = 585 
 num [1:3] 582 1 2
NULL
R-CCU: After ClusterLabelChange for i = 46 
R-CCU: sum(pointsPerCluster) = 586 
 num [1:3] 583 1 2
NULL
R-CCU: dpObj$numberClusters = 3 
List of 2
 $ : num [1, 1, 1:3] 0.513 0.265 0.652
 $ : num [1, 1, 1:3] 2.57 3.79 3.21
NULL
R priorParameters: 2 8 
R maxT: 1 
R_PriorDraw_first_mu: 0.9284363 
R_PriorDraw_first_nu: 9.169465 
R-CCU: Before ClusterLabelChange for i = 47 newLabel= 1 currentLabel= 1 
R-CCU: sum(pointsPerCluster) = 586 
 num [1:3] 583 1 2
NULL
R-CCU: After ClusterLabelChange for i = 47 
R-CCU: sum(pointsPerCluster) = 587 
 num [1:3] 584 1 2
NULL
R-CCU: dpObj$numberClusters = 3 
List of 2
 $ : num [1, 1, 1:3] 0.513 0.265 0.652
 $ : num [1, 1, 1:3] 2.57 3.79 3.21
NULL
R priorParameters: 2 8 
R maxT: 1 
R_PriorDraw_first_mu: 0.1033836 
R_PriorDraw_first_nu: 7.24615 
R-CCU: Before ClusterLabelChange for i = 48 newLabel= 1 currentLabel= 1 
R-CCU: sum(pointsPerCluster) = 587 
 num [1:3] 584 1 2
NULL
R-CCU: After ClusterLabelChange for i = 48 
R-CCU: sum(pointsPerCluster) = 588 
 num [1:3] 585 1 2
NULL
R-CCU: dpObj$numberClusters = 3 
List of 2
 $ : num [1, 1, 1:3] 0.513 0.265 0.652
 $ : num [1, 1, 1:3] 2.57 3.79 3.21
NULL
R priorParameters: 2 8 
R maxT: 1 
R_PriorDraw_first_mu: 0.7951932 
R_PriorDraw_first_nu: 4.231264 
R-CCU: Before ClusterLabelChange for i = 49 newLabel= 1 currentLabel= 1 
R-CCU: sum(pointsPerCluster) = 588 
 num [1:3] 585 1 2
NULL
R-CCU: After ClusterLabelChange for i = 49 
R-CCU: sum(pointsPerCluster) = 589 
 num [1:3] 586 1 2
NULL
R-CCU: dpObj$numberClusters = 3 
List of 2
 $ : num [1, 1, 1:3] 0.513 0.265 0.652
 $ : num [1, 1, 1:3] 2.57 3.79 3.21
NULL
R priorParameters: 2 8 
R maxT: 1 
R_PriorDraw_first_mu: 0.9781736 
R_PriorDraw_first_nu: 5.333541 
R-CCU: Before ClusterLabelChange for i = 50 newLabel= 1 currentLabel= 1 
R-CCU: sum(pointsPerCluster) = 589 
 num [1:3] 586 1 2
NULL
R-CCU: After ClusterLabelChange for i = 50 
R-CCU: sum(pointsPerCluster) = 590 
 num [1:3] 587 1 2
NULL
R-CCU: dpObj$numberClusters = 3 
List of 2
 $ : num [1, 1, 1:3] 0.513 0.265 0.652
 $ : num [1, 1, 1:3] 2.57 3.79 3.21
NULL
R priorParameters: 2 8 
R maxT: 1 
R_PriorDraw_first_mu: 0.6879707 
R_PriorDraw_first_nu: 3.931091 
R-CCU: Before ClusterLabelChange for i = 51 newLabel= 1 currentLabel= 1 
R-CCU: sum(pointsPerCluster) = 590 
 num [1:3] 587 1 2
NULL
R-CCU: After ClusterLabelChange for i = 51 
R-CCU: sum(pointsPerCluster) = 591 
 num [1:3] 588 1 2
NULL
R-CCU: dpObj$numberClusters = 3 
List of 2
 $ : num [1, 1, 1:3] 0.513 0.265 0.652
 $ : num [1, 1, 1:3] 2.57 3.79 3.21
NULL
R priorParameters: 2 8 
R maxT: 1 
R_PriorDraw_first_mu: 0.6288318 
R_PriorDraw_first_nu: 6.879324 
R-CCU: Before ClusterLabelChange for i = 52 newLabel= 1 currentLabel= 1 
R-CCU: sum(pointsPerCluster) = 591 
 num [1:3] 588 1 2
NULL
R-CCU: After ClusterLabelChange for i = 52 
R-CCU: sum(pointsPerCluster) = 592 
 num [1:3] 589 1 2
NULL
R-CCU: dpObj$numberClusters = 3 
List of 2
 $ : num [1, 1, 1:3] 0.513 0.265 0.652
 $ : num [1, 1, 1:3] 2.57 3.79 3.21
NULL
R priorParameters: 2 8 
R maxT: 1 
R_PriorDraw_first_mu: 0.1391463 
R_PriorDraw_first_nu: 5.142917 
R-CCU: Before ClusterLabelChange for i = 53 newLabel= 1 currentLabel= 1 
R-CCU: sum(pointsPerCluster) = 592 
 num [1:3] 589 1 2
NULL
R-CCU: After ClusterLabelChange for i = 53 
R-CCU: sum(pointsPerCluster) = 593 
 num [1:3] 590 1 2
NULL
R-CCU: dpObj$numberClusters = 3 
List of 2
 $ : num [1, 1, 1:3] 0.513 0.265 0.652
 $ : num [1, 1, 1:3] 2.57 3.79 3.21
NULL
R priorParameters: 2 8 
R maxT: 1 
R_PriorDraw_first_mu: 0.2210007 
R_PriorDraw_first_nu: 1.519869 
R-CCU: Before ClusterLabelChange for i = 54 newLabel= 1 currentLabel= 1 
R-CCU: sum(pointsPerCluster) = 593 
 num [1:3] 590 1 2
NULL
R-CCU: After ClusterLabelChange for i = 54 
R-CCU: sum(pointsPerCluster) = 594 
 num [1:3] 591 1 2
NULL
R-CCU: dpObj$numberClusters = 3 
List of 2
 $ : num [1, 1, 1:3] 0.513 0.265 0.652
 $ : num [1, 1, 1:3] 2.57 3.79 3.21
NULL
R priorParameters: 2 8 
R maxT: 1 
R_PriorDraw_first_mu: 0.9498137 
R_PriorDraw_first_nu: 29.63444 
R-CCU: Before ClusterLabelChange for i = 55 newLabel= 1 currentLabel= 1 
R-CCU: sum(pointsPerCluster) = 594 
 num [1:3] 591 1 2
NULL
R-CCU: After ClusterLabelChange for i = 55 
R-CCU: sum(pointsPerCluster) = 595 
 num [1:3] 592 1 2
NULL
R-CCU: dpObj$numberClusters = 3 
List of 2
 $ : num [1, 1, 1:3] 0.513 0.265 0.652
 $ : num [1, 1, 1:3] 2.57 3.79 3.21
NULL
R priorParameters: 2 8 
R maxT: 1 
R_PriorDraw_first_mu: 0.2077502 
R_PriorDraw_first_nu: 14.11949 
R-CCU: Before ClusterLabelChange for i = 56 newLabel= 1 currentLabel= 1 
R-CCU: sum(pointsPerCluster) = 595 
 num [1:3] 592 1 2
NULL
R-CCU: After ClusterLabelChange for i = 56 
R-CCU: sum(pointsPerCluster) = 596 
 num [1:3] 593 1 2
NULL
R-CCU: dpObj$numberClusters = 3 
List of 2
 $ : num [1, 1, 1:3] 0.513 0.265 0.652
 $ : num [1, 1, 1:3] 2.57 3.79 3.21
NULL
R priorParameters: 2 8 
R maxT: 1 
R_PriorDraw_first_mu: 0.2982879 
R_PriorDraw_first_nu: 10.2986 
R-CCU: Before ClusterLabelChange for i = 57 newLabel= 1 currentLabel= 1 
R-CCU: sum(pointsPerCluster) = 596 
 num [1:3] 593 1 2
NULL
R-CCU: After ClusterLabelChange for i = 57 
R-CCU: sum(pointsPerCluster) = 597 
 num [1:3] 594 1 2
NULL
R-CCU: dpObj$numberClusters = 3 
List of 2
 $ : num [1, 1, 1:3] 0.513 0.265 0.652
 $ : num [1, 1, 1:3] 2.57 3.79 3.21
NULL
R priorParameters: 2 8 
R maxT: 1 
R_PriorDraw_first_mu: 0.2713345 
R_PriorDraw_first_nu: 10.34656 
R-CCU: Before ClusterLabelChange for i = 58 newLabel= 1 currentLabel= 1 
R-CCU: sum(pointsPerCluster) = 597 
 num [1:3] 594 1 2
NULL
R-CCU: After ClusterLabelChange for i = 58 
R-CCU: sum(pointsPerCluster) = 598 
 num [1:3] 595 1 2
NULL
R-CCU: dpObj$numberClusters = 3 
List of 2
 $ : num [1, 1, 1:3] 0.513 0.265 0.652
 $ : num [1, 1, 1:3] 2.57 3.79 3.21
NULL
R priorParameters: 2 8 
R maxT: 1 
R_PriorDraw_first_mu: 0.731312 
R_PriorDraw_first_nu: 43.70719 
R-CCU: Before ClusterLabelChange for i = 59 newLabel= 1 currentLabel= 1 
R-CCU: sum(pointsPerCluster) = 598 
 num [1:3] 595 1 2
NULL
R-CCU: After ClusterLabelChange for i = 59 
R-CCU: sum(pointsPerCluster) = 599 
 num [1:3] 596 1 2
NULL
R-CCU: dpObj$numberClusters = 3 
List of 2
 $ : num [1, 1, 1:3] 0.513 0.265 0.652
 $ : num [1, 1, 1:3] 2.57 3.79 3.21
NULL
R priorParameters: 2 8 
R maxT: 1 
R_PriorDraw_first_mu: 0.9067677 
R_PriorDraw_first_nu: 5.436119 
R-CCU: Before ClusterLabelChange for i = 60 newLabel= 1 currentLabel= 1 
R-CCU: sum(pointsPerCluster) = 599 
 num [1:3] 596 1 2
NULL
R-CCU: After ClusterLabelChange for i = 60 
R-CCU: sum(pointsPerCluster) = 600 
 num [1:3] 597 1 2
NULL
R-CCU: dpObj$numberClusters = 3 
List of 2
 $ : num [1, 1, 1:3] 0.513 0.265 0.652
 $ : num [1, 1, 1:3] 2.57 3.79 3.21
NULL

⠧ |   18      0 | Beta Distribution Full Integration Test          R priorParameters: 2 8 
R maxT: 1 
R_PriorDraw_first_mu: 0.4601762 
R_PriorDraw_first_nu: 8.55573 
R-CCU: Before ClusterLabelChange for i = 1 newLabel= 1 currentLabel= 1 
R-CCU: sum(pointsPerCluster) = 600 
 num [1:3] 597 1 2
NULL
R-CCU: After ClusterLabelChange for i = 1 
R-CCU: sum(pointsPerCluster) = 601 
 num [1:3] 598 1 2
NULL
R-CCU: dpObj$numberClusters = 3 
List of 2
 $ : num [1, 1, 1:3] 0.513 0.265 0.652
 $ : num [1, 1, 1:3] 3.07 3.79 3.21
NULL
R priorParameters: 2 8 
R maxT: 1 
R_PriorDraw_first_mu: 0.4095578 
R_PriorDraw_first_nu: 10.23837 
R-CCU: Before ClusterLabelChange for i = 2 newLabel= 1 currentLabel= 1 
R-CCU: sum(pointsPerCluster) = 601 
 num [1:3] 598 1 2
NULL
R-CCU: After ClusterLabelChange for i = 2 
R-CCU: sum(pointsPerCluster) = 602 
 num [1:3] 599 1 2
NULL
R-CCU: dpObj$numberClusters = 3 
List of 2
 $ : num [1, 1, 1:3] 0.513 0.265 0.652
 $ : num [1, 1, 1:3] 3.07 3.79 3.21
NULL
R priorParameters: 2 8 
R maxT: 1 
R_PriorDraw_first_mu: 0.5678514 
R_PriorDraw_first_nu: 4.15352 
R-CCU: Before ClusterLabelChange for i = 3 newLabel= 1 currentLabel= 1 
R-CCU: sum(pointsPerCluster) = 602 
 num [1:3] 599 1 2
NULL
R-CCU: After ClusterLabelChange for i = 3 
R-CCU: sum(pointsPerCluster) = 603 
 num [1:3] 600 1 2
NULL
R-CCU: dpObj$numberClusters = 3 
List of 2
 $ : num [1, 1, 1:3] 0.513 0.265 0.652
 $ : num [1, 1, 1:3] 3.07 3.79 3.21
NULL
R priorParameters: 2 8 
R maxT: 1 
R_PriorDraw_first_mu: 0.6647823 
R_PriorDraw_first_nu: 2.787028 
R-CCU: Before ClusterLabelChange for i = 4 newLabel= 1 currentLabel= 1 
R-CCU: sum(pointsPerCluster) = 603 
 num [1:3] 600 1 2
NULL
R-CCU: After ClusterLabelChange for i = 4 
R-CCU: sum(pointsPerCluster) = 604 
 num [1:3] 601 1 2
NULL
R-CCU: dpObj$numberClusters = 3 
List of 2
 $ : num [1, 1, 1:3] 0.513 0.265 0.652
 $ : num [1, 1, 1:3] 3.07 3.79 3.21
NULL
R priorParameters: 2 8 
R maxT: 1 
R_PriorDraw_first_mu: 0.3771679 
R_PriorDraw_first_nu: 1.171952 
R-CCU: Before ClusterLabelChange for i = 5 newLabel= 1 currentLabel= 1 
R-CCU: sum(pointsPerCluster) = 604 
 num [1:3] 601 1 2
NULL
R-CCU: After ClusterLabelChange for i = 5 
R-CCU: sum(pointsPerCluster) = 605 
 num [1:3] 602 1 2
NULL
R-CCU: dpObj$numberClusters = 3 
List of 2
 $ : num [1, 1, 1:3] 0.513 0.265 0.652
 $ : num [1, 1, 1:3] 3.07 3.79 3.21
NULL
R priorParameters: 2 8 
R maxT: 1 
R_PriorDraw_first_mu: 0.6910816 
R_PriorDraw_first_nu: 3.103947 
R-CCU: Before ClusterLabelChange for i = 6 newLabel= 1 currentLabel= 1 
R-CCU: sum(pointsPerCluster) = 605 
 num [1:3] 602 1 2
NULL
R-CCU: After ClusterLabelChange for i = 6 
R-CCU: sum(pointsPerCluster) = 606 
 num [1:3] 603 1 2
NULL
R-CCU: dpObj$numberClusters = 3 
List of 2
 $ : num [1, 1, 1:3] 0.513 0.265 0.652
 $ : num [1, 1, 1:3] 3.07 3.79 3.21
NULL
R priorParameters: 2 8 
R maxT: 1 
R_PriorDraw_first_mu: 0.6426658 
R_PriorDraw_first_nu: 2.881942 
R-CCU: Before ClusterLabelChange for i = 7 newLabel= 1 currentLabel= 1 
R-CCU: sum(pointsPerCluster) = 606 
 num [1:3] 603 1 2
NULL
R-CCU: After ClusterLabelChange for i = 7 
R-CCU: sum(pointsPerCluster) = 607 
 num [1:3] 604 1 2
NULL
R-CCU: dpObj$numberClusters = 3 
List of 2
 $ : num [1, 1, 1:3] 0.513 0.265 0.652
 $ : num [1, 1, 1:3] 3.07 3.79 3.21
NULL
R priorParameters: 2 8 
R maxT: 1 
R_PriorDraw_first_mu: 0.4300906 
R_PriorDraw_first_nu: 4.112799 
R-CCU: Before ClusterLabelChange for i = 8 newLabel= 1 currentLabel= 1 
R-CCU: sum(pointsPerCluster) = 607 
 num [1:3] 604 1 2
NULL
R-CCU: After ClusterLabelChange for i = 8 
R-CCU: sum(pointsPerCluster) = 608 
 num [1:3] 605 1 2
NULL
R-CCU: dpObj$numberClusters = 3 
List of 2
 $ : num [1, 1, 1:3] 0.513 0.265 0.652
 $ : num [1, 1, 1:3] 3.07 3.79 3.21
NULL
R priorParameters: 2 8 
R maxT: 1 
R_PriorDraw_first_mu: 0.4188278 
R_PriorDraw_first_nu: 4.057459 
R-CCU: Before ClusterLabelChange for i = 9 newLabel= 1 currentLabel= 1 
R-CCU: sum(pointsPerCluster) = 608 
 num [1:3] 605 1 2
NULL
R-CCU: After ClusterLabelChange for i = 9 
R-CCU: sum(pointsPerCluster) = 609 
 num [1:3] 606 1 2
NULL
R-CCU: dpObj$numberClusters = 3 
List of 2
 $ : num [1, 1, 1:3] 0.513 0.265 0.652
 $ : num [1, 1, 1:3] 3.07 3.79 3.21
NULL
R priorParameters: 2 8 
R maxT: 1 
R_PriorDraw_first_mu: 0.1627184 
R_PriorDraw_first_nu: 18.46058 
R-CCU: Before ClusterLabelChange for i = 10 newLabel= 1 currentLabel= 1 
R-CCU: sum(pointsPerCluster) = 609 
 num [1:3] 606 1 2
NULL
R-CCU: After ClusterLabelChange for i = 10 
R-CCU: sum(pointsPerCluster) = 610 
 num [1:3] 607 1 2
NULL
R-CCU: dpObj$numberClusters = 3 
List of 2
 $ : num [1, 1, 1:3] 0.513 0.265 0.652
 $ : num [1, 1, 1:3] 3.07 3.79 3.21
NULL
R priorParameters: 2 8 
R maxT: 1 
R_PriorDraw_first_mu: 0.2649374 
R_PriorDraw_first_nu: 5.09738 
R-CCU: Before ClusterLabelChange for i = 11 newLabel= 1 currentLabel= 1 
R-CCU: sum(pointsPerCluster) = 610 
 num [1:3] 607 1 2
NULL
R-CCU: After ClusterLabelChange for i = 11 
R-CCU: sum(pointsPerCluster) = 611 
 num [1:3] 608 1 2
NULL
R-CCU: dpObj$numberClusters = 3 
List of 2
 $ : num [1, 1, 1:3] 0.513 0.265 0.652
 $ : num [1, 1, 1:3] 3.07 3.79 3.21
NULL
R priorParameters: 2 8 
R maxT: 1 
R_PriorDraw_first_mu: 0.6417192 
R_PriorDraw_first_nu: 2.308561 
R-CCU: Before ClusterLabelChange for i = 12 newLabel= 1 currentLabel= 1 
R-CCU: sum(pointsPerCluster) = 611 
 num [1:3] 608 1 2
NULL
R-CCU: After ClusterLabelChange for i = 12 
R-CCU: sum(pointsPerCluster) = 612 
 num [1:3] 609 1 2
NULL
R-CCU: dpObj$numberClusters = 3 
List of 2
 $ : num [1, 1, 1:3] 0.513 0.265 0.652
 $ : num [1, 1, 1:3] 3.07 3.79 3.21
NULL
R priorParameters: 2 8 
R maxT: 1 
R_PriorDraw_first_mu: 0.9209731 
R_PriorDraw_first_nu: 3.68381 
R-CCU: Before ClusterLabelChange for i = 13 newLabel= 1 currentLabel= 1 
R-CCU: sum(pointsPerCluster) = 612 
 num [1:3] 609 1 2
NULL
R-CCU: After ClusterLabelChange for i = 13 
R-CCU: sum(pointsPerCluster) = 613 
 num [1:3] 610 1 2
NULL
R-CCU: dpObj$numberClusters = 3 
List of 2
 $ : num [1, 1, 1:3] 0.513 0.265 0.652
 $ : num [1, 1, 1:3] 3.07 3.79 3.21
NULL
R priorParameters: 2 8 
R maxT: 1 
R_PriorDraw_first_mu: 0.7340516 
R_PriorDraw_first_nu: 3.121802 
R-CCU: Before ClusterLabelChange for i = 14 newLabel= 1 currentLabel= 1 
R-CCU: sum(pointsPerCluster) = 613 
 num [1:3] 610 1 2
NULL
R-CCU: After ClusterLabelChange for i = 14 
R-CCU: sum(pointsPerCluster) = 614 
 num [1:3] 611 1 2
NULL
R-CCU: dpObj$numberClusters = 3 
List of 2
 $ : num [1, 1, 1:3] 0.513 0.265 0.652
 $ : num [1, 1, 1:3] 3.07 3.79 3.21
NULL
R priorParameters: 2 8 
R maxT: 1 
R_PriorDraw_first_mu: 0.04865055 
R_PriorDraw_first_nu: 2.309285 
R-CCU: Before ClusterLabelChange for i = 15 newLabel= 1 currentLabel= 1 
R-CCU: sum(pointsPerCluster) = 614 
 num [1:3] 611 1 2
NULL
R-CCU: After ClusterLabelChange for i = 15 
R-CCU: sum(pointsPerCluster) = 615 
 num [1:3] 612 1 2
NULL
R-CCU: dpObj$numberClusters = 3 
List of 2
 $ : num [1, 1, 1:3] 0.513 0.265 0.652
 $ : num [1, 1, 1:3] 3.07 3.79 3.21
NULL
R priorParameters: 2 8 
R maxT: 1 
R_PriorDraw_first_mu: 0.5747097 
R_PriorDraw_first_nu: 4.068688 
R-CCU: Before ClusterLabelChange for i = 16 newLabel= 1 currentLabel= 1 
R-CCU: sum(pointsPerCluster) = 615 
 num [1:3] 612 1 2
NULL
R-CCU: After ClusterLabelChange for i = 16 
R-CCU: sum(pointsPerCluster) = 616 
 num [1:3] 613 1 2
NULL
R-CCU: dpObj$numberClusters = 3 
List of 2
 $ : num [1, 1, 1:3] 0.513 0.265 0.652
 $ : num [1, 1, 1:3] 3.07 3.79 3.21
NULL
R priorParameters: 2 8 
R maxT: 1 
R_PriorDraw_first_mu: 0.627064 
R_PriorDraw_first_nu: 3.966673 
R-CCU: Before ClusterLabelChange for i = 17 newLabel= 1 currentLabel= 1 
R-CCU: sum(pointsPerCluster) = 616 
 num [1:3] 613 1 2
NULL
R-CCU: After ClusterLabelChange for i = 17 
R-CCU: sum(pointsPerCluster) = 617 
 num [1:3] 614 1 2
NULL
R-CCU: dpObj$numberClusters = 3 
List of 2
 $ : num [1, 1, 1:3] 0.513 0.265 0.652
 $ : num [1, 1, 1:3] 3.07 3.79 3.21
NULL
R priorParameters: 2 8 
R maxT: 1 
R_PriorDraw_first_mu: 0.5986542 
R_PriorDraw_first_nu: 1.744711 
R-CCU: Before ClusterLabelChange for i = 18 newLabel= 1 currentLabel= 1 
R-CCU: sum(pointsPerCluster) = 617 
 num [1:3] 614 1 2
NULL
R-CCU: After ClusterLabelChange for i = 18 
R-CCU: sum(pointsPerCluster) = 618 
 num [1:3] 615 1 2
NULL
R-CCU: dpObj$numberClusters = 3 
List of 2
 $ : num [1, 1, 1:3] 0.513 0.265 0.652
 $ : num [1, 1, 1:3] 3.07 3.79 3.21
NULL
R priorParameters: 2 8 
R maxT: 1 
R_PriorDraw_first_mu: 0.7895249 
R_PriorDraw_first_nu: 9.962644 
R-CCU: Before ClusterLabelChange for i = 19 newLabel= 1 currentLabel= 1 
R-CCU: sum(pointsPerCluster) = 618 
 num [1:3] 615 1 2
NULL
R-CCU: After ClusterLabelChange for i = 19 
R-CCU: sum(pointsPerCluster) = 619 
 num [1:3] 616 1 2
NULL
R-CCU: dpObj$numberClusters = 3 
List of 2
 $ : num [1, 1, 1:3] 0.513 0.265 0.652
 $ : num [1, 1, 1:3] 3.07 3.79 3.21
NULL
R priorParameters: 2 8 
R maxT: 1 
R_PriorDraw_first_mu: 0.2837852 
R_PriorDraw_first_nu: 3.826807 
R-CCU: Before ClusterLabelChange for i = 20 newLabel= 1 currentLabel= 1 
R-CCU: sum(pointsPerCluster) = 619 
 num [1:3] 616 1 2
NULL
R-CCU: After ClusterLabelChange for i = 20 
R-CCU: sum(pointsPerCluster) = 620 
 num [1:3] 617 1 2
NULL
R-CCU: dpObj$numberClusters = 3 
List of 2
 $ : num [1, 1, 1:3] 0.513 0.265 0.652
 $ : num [1, 1, 1:3] 3.07 3.79 3.21
NULL
R priorParameters: 2 8 
R maxT: 1 
R_PriorDraw_first_mu: 0.8156937 
R_PriorDraw_first_nu: 1.876487 
R-CCU: Before ClusterLabelChange for i = 21 newLabel= 1 currentLabel= 1 
R-CCU: sum(pointsPerCluster) = 620 
 num [1:3] 617 1 2
NULL
R-CCU: After ClusterLabelChange for i = 21 
R-CCU: sum(pointsPerCluster) = 621 
 num [1:3] 618 1 2
NULL
R-CCU: dpObj$numberClusters = 3 
List of 2
 $ : num [1, 1, 1:3] 0.513 0.265 0.652
 $ : num [1, 1, 1:3] 3.07 3.79 3.21
NULL
R priorParameters: 2 8 
R maxT: 1 
R_PriorDraw_first_mu: 0.6979592 
R_PriorDraw_first_nu: 2.584315 
R-CCU: Before ClusterLabelChange for i = 22 newLabel= 1 currentLabel= 1 
R-CCU: sum(pointsPerCluster) = 621 
 num [1:3] 618 1 2
NULL
R-CCU: After ClusterLabelChange for i = 22 
R-CCU: sum(pointsPerCluster) = 622 
 num [1:3] 619 1 2
NULL
R-CCU: dpObj$numberClusters = 3 
List of 2
 $ : num [1, 1, 1:3] 0.513 0.265 0.652
 $ : num [1, 1, 1:3] 3.07 3.79 3.21
NULL
R priorParameters: 2 8 
R maxT: 1 
R_PriorDraw_first_mu: 0.2948398 
R_PriorDraw_first_nu: 1.603633 
R-CCU: Before ClusterLabelChange for i = 23 newLabel= 1 currentLabel= 1 
R-CCU: sum(pointsPerCluster) = 622 
 num [1:3] 619 1 2
NULL
R-CCU: After ClusterLabelChange for i = 23 
R-CCU: sum(pointsPerCluster) = 623 
 num [1:3] 620 1 2
NULL
R-CCU: dpObj$numberClusters = 3 
List of 2
 $ : num [1, 1, 1:3] 0.513 0.265 0.652
 $ : num [1, 1, 1:3] 3.07 3.79 3.21
NULL
R priorParameters: 2 8 
R maxT: 1 
R_PriorDraw_first_mu: 0.5506251 
R_PriorDraw_first_nu: 13.19449 
R-CCU: Before ClusterLabelChange for i = 24 newLabel= 1 currentLabel= 1 
R-CCU: sum(pointsPerCluster) = 623 
 num [1:3] 620 1 2
NULL
R-CCU: After ClusterLabelChange for i = 24 
R-CCU: sum(pointsPerCluster) = 624 
 num [1:3] 621 1 2
NULL
R-CCU: dpObj$numberClusters = 3 
List of 2
 $ : num [1, 1, 1:3] 0.513 0.265 0.652
 $ : num [1, 1, 1:3] 3.07 3.79 3.21
NULL
R priorParameters: 2 8 
R maxT: 1 
R_PriorDraw_first_mu: 0.9517361 
R_PriorDraw_first_nu: 2.877027 
R-CCU: Before ClusterLabelChange for i = 25 newLabel= 1 currentLabel= 1 
R-CCU: sum(pointsPerCluster) = 624 
 num [1:3] 621 1 2
NULL
R-CCU: After ClusterLabelChange for i = 25 
R-CCU: sum(pointsPerCluster) = 625 
 num [1:3] 622 1 2
NULL
R-CCU: dpObj$numberClusters = 3 
List of 2
 $ : num [1, 1, 1:3] 0.513 0.265 0.652
 $ : num [1, 1, 1:3] 3.07 3.79 3.21
NULL
R priorParameters: 2 8 
R maxT: 1 
R_PriorDraw_first_mu: 0.59295 
R_PriorDraw_first_nu: 26.14866 
R-CCU: Before ClusterLabelChange for i = 26 newLabel= 1 currentLabel= 1 
R-CCU: sum(pointsPerCluster) = 625 
 num [1:3] 622 1 2
NULL
R-CCU: After ClusterLabelChange for i = 26 
R-CCU: sum(pointsPerCluster) = 626 
 num [1:3] 623 1 2
NULL
R-CCU: dpObj$numberClusters = 3 
List of 2
 $ : num [1, 1, 1:3] 0.513 0.265 0.652
 $ : num [1, 1, 1:3] 3.07 3.79 3.21
NULL
R priorParameters: 2 8 
R maxT: 1 
R_PriorDraw_first_mu: 0.5839218 
R_PriorDraw_first_nu: 3.971295 
R-CCU: Before ClusterLabelChange for i = 27 newLabel= 1 currentLabel= 1 
R-CCU: sum(pointsPerCluster) = 626 
 num [1:3] 623 1 2
NULL
R-CCU: After ClusterLabelChange for i = 27 
R-CCU: sum(pointsPerCluster) = 627 
 num [1:3] 624 1 2
NULL
R-CCU: dpObj$numberClusters = 3 
List of 2
 $ : num [1, 1, 1:3] 0.513 0.265 0.652
 $ : num [1, 1, 1:3] 3.07 3.79 3.21
NULL
R priorParameters: 2 8 
R maxT: 1 
R_PriorDraw_first_mu: 0.4322607 
R_PriorDraw_first_nu: 9.046732 
R-CCU: Before ClusterLabelChange for i = 28 newLabel= 1 currentLabel= 1 
R-CCU: sum(pointsPerCluster) = 627 
 num [1:3] 624 1 2
NULL
R-CCU: After ClusterLabelChange for i = 28 
R-CCU: sum(pointsPerCluster) = 628 
 num [1:3] 625 1 2
NULL
R-CCU: dpObj$numberClusters = 3 
List of 2
 $ : num [1, 1, 1:3] 0.513 0.265 0.652
 $ : num [1, 1, 1:3] 3.07 3.79 3.21
NULL
R priorParameters: 2 8 
R maxT: 1 
R_PriorDraw_first_mu: 0.7497215 
R_PriorDraw_first_nu: 23.01871 
R-CCU: Before ClusterLabelChange for i = 29 newLabel= 1 currentLabel= 1 
R-CCU: sum(pointsPerCluster) = 628 
 num [1:3] 625 1 2
NULL
R-CCU: After ClusterLabelChange for i = 29 
R-CCU: sum(pointsPerCluster) = 629 
 num [1:3] 626 1 2
NULL
R-CCU: dpObj$numberClusters = 3 
List of 2
 $ : num [1, 1, 1:3] 0.513 0.265 0.652
 $ : num [1, 1, 1:3] 3.07 3.79 3.21
NULL
R priorParameters: 2 8 
R maxT: 1 
R_PriorDraw_first_mu: 0.05289985 
R_PriorDraw_first_nu: 1.876303 
R-CCU: Before ClusterLabelChange for i = 30 newLabel= 1 currentLabel= 1 
R-CCU: sum(pointsPerCluster) = 629 
 num [1:3] 626 1 2
NULL
R-CCU: After ClusterLabelChange for i = 30 
R-CCU: sum(pointsPerCluster) = 630 
 num [1:3] 627 1 2
NULL
R-CCU: dpObj$numberClusters = 3 
List of 2
 $ : num [1, 1, 1:3] 0.513 0.265 0.652
 $ : num [1, 1, 1:3] 3.07 3.79 3.21
NULL
R priorParameters: 2 8 
R maxT: 1 
R_PriorDraw_first_mu: 0.5111056 
R_PriorDraw_first_nu: 5.194427 
R-CCU: Before ClusterLabelChange for i = 31 newLabel= 1 currentLabel= 1 
R-CCU: sum(pointsPerCluster) = 630 
 num [1:3] 627 1 2
NULL
R-CCU: After ClusterLabelChange for i = 31 
R-CCU: sum(pointsPerCluster) = 631 
 num [1:3] 628 1 2
NULL
R-CCU: dpObj$numberClusters = 3 
List of 2
 $ : num [1, 1, 1:3] 0.513 0.265 0.652
 $ : num [1, 1, 1:3] 3.07 3.79 3.21
NULL
R priorParameters: 2 8 
R maxT: 1 
R_PriorDraw_first_mu: 0.009734055 
R_PriorDraw_first_nu: 1.615966 
R-CCU: Before ClusterLabelChange for i = 32 newLabel= 1 currentLabel= 1 
R-CCU: sum(pointsPerCluster) = 631 
 num [1:3] 628 1 2
NULL
R-CCU: After ClusterLabelChange for i = 32 
R-CCU: sum(pointsPerCluster) = 632 
 num [1:3] 629 1 2
NULL
R-CCU: dpObj$numberClusters = 3 
List of 2
 $ : num [1, 1, 1:3] 0.513 0.265 0.652
 $ : num [1, 1, 1:3] 3.07 3.79 3.21
NULL
R priorParameters: 2 8 
R maxT: 1 
R_PriorDraw_first_mu: 0.6307901 
R_PriorDraw_first_nu: 1.5403 
R-CCU: Before ClusterLabelChange for i = 33 newLabel= 1 currentLabel= 1 
R-CCU: sum(pointsPerCluster) = 632 
 num [1:3] 629 1 2
NULL
R-CCU: After ClusterLabelChange for i = 33 
R-CCU: sum(pointsPerCluster) = 633 
 num [1:3] 630 1 2
NULL
R-CCU: dpObj$numberClusters = 3 
List of 2
 $ : num [1, 1, 1:3] 0.513 0.265 0.652
 $ : num [1, 1, 1:3] 3.07 3.79 3.21
NULL
R priorParameters: 2 8 
R maxT: 1 
R_PriorDraw_first_mu: 0.2686225 
R_PriorDraw_first_nu: 10.79778 
R-CCU: Before ClusterLabelChange for i = 34 newLabel= 1 currentLabel= 1 
R-CCU: sum(pointsPerCluster) = 633 
 num [1:3] 630 1 2
NULL
R-CCU: After ClusterLabelChange for i = 34 
R-CCU: sum(pointsPerCluster) = 634 
 num [1:3] 631 1 2
NULL
R-CCU: dpObj$numberClusters = 3 
List of 2
 $ : num [1, 1, 1:3] 0.513 0.265 0.652
 $ : num [1, 1, 1:3] 3.07 3.79 3.21
NULL
R priorParameters: 2 8 
R maxT: 1 
R_PriorDraw_first_mu: 0.6380372 
R_PriorDraw_first_nu: 13.50302 
R-CCU: Before ClusterLabelChange for i = 35 newLabel= 1 currentLabel= 1 
R-CCU: sum(pointsPerCluster) = 634 
 num [1:3] 631 1 2
NULL
R-CCU: After ClusterLabelChange for i = 35 
R-CCU: sum(pointsPerCluster) = 635 
 num [1:3] 632 1 2
NULL
R-CCU: dpObj$numberClusters = 3 
List of 2
 $ : num [1, 1, 1:3] 0.513 0.265 0.652
 $ : num [1, 1, 1:3] 3.07 3.79 3.21
NULL
R priorParameters: 2 8 
R maxT: 1 
R_PriorDraw_first_mu: 0.7046418 
R_PriorDraw_first_nu: 3.976709 
R-CCU: Before ClusterLabelChange for i = 36 newLabel= 1 currentLabel= 1 
R-CCU: sum(pointsPerCluster) = 635 
 num [1:3] 632 1 2
NULL
R-CCU: After ClusterLabelChange for i = 36 
R-CCU: sum(pointsPerCluster) = 636 
 num [1:3] 633 1 2
NULL
R-CCU: dpObj$numberClusters = 3 
List of 2
 $ : num [1, 1, 1:3] 0.513 0.265 0.652
 $ : num [1, 1, 1:3] 3.07 3.79 3.21
NULL
R priorParameters: 2 8 
R maxT: 1 
R_PriorDraw_first_mu: 0.02903137 
R_PriorDraw_first_nu: 5.168731 
R-CCU: Before ClusterLabelChange for i = 37 newLabel= 1 currentLabel= 1 
R-CCU: sum(pointsPerCluster) = 636 
 num [1:3] 633 1 2
NULL
R-CCU: After ClusterLabelChange for i = 37 
R-CCU: sum(pointsPerCluster) = 637 
 num [1:3] 634 1 2
NULL
R-CCU: dpObj$numberClusters = 3 
List of 2
 $ : num [1, 1, 1:3] 0.513 0.265 0.652
 $ : num [1, 1, 1:3] 3.07 3.79 3.21
NULL
R priorParameters: 2 8 
R maxT: 1 
R_PriorDraw_first_mu: 0.1977865 
R_PriorDraw_first_nu: 13.20818 
R-CCU: Before ClusterLabelChange for i = 38 newLabel= 1 currentLabel= 1 
R-CCU: sum(pointsPerCluster) = 637 
 num [1:3] 634 1 2
NULL
R-CCU: After ClusterLabelChange for i = 38 
R-CCU: sum(pointsPerCluster) = 638 
 num [1:3] 635 1 2
NULL
R-CCU: dpObj$numberClusters = 3 
List of 2
 $ : num [1, 1, 1:3] 0.513 0.265 0.652
 $ : num [1, 1, 1:3] 3.07 3.79 3.21
NULL
R priorParameters: 2 8 
R maxT: 1 
R_PriorDraw_first_mu: 0.6273995 
R_PriorDraw_first_nu: 8.143912 
R-CCU: Before ClusterLabelChange for i = 39 newLabel= 1 currentLabel= 1 
R-CCU: sum(pointsPerCluster) = 638 
 num [1:3] 635 1 2
NULL
R-CCU: After ClusterLabelChange for i = 39 
R-CCU: sum(pointsPerCluster) = 639 
 num [1:3] 636 1 2
NULL
R-CCU: dpObj$numberClusters = 3 
List of 2
 $ : num [1, 1, 1:3] 0.513 0.265 0.652
 $ : num [1, 1, 1:3] 3.07 3.79 3.21
NULL
R priorParameters: 2 8 
R maxT: 1 
R_PriorDraw_first_mu: 0.7242202 
R_PriorDraw_first_nu: 7.362663 
R-CCU: Before ClusterLabelChange for i = 40 newLabel= 1 currentLabel= 1 
R-CCU: sum(pointsPerCluster) = 639 
 num [1:3] 636 1 2
NULL
R-CCU: After ClusterLabelChange for i = 40 
R-CCU: sum(pointsPerCluster) = 640 
 num [1:3] 637 1 2
NULL
R-CCU: dpObj$numberClusters = 3 
List of 2
 $ : num [1, 1, 1:3] 0.513 0.265 0.652
 $ : num [1, 1, 1:3] 3.07 3.79 3.21
NULL
R priorParameters: 2 8 
R maxT: 1 
R_PriorDraw_first_mu: 0.5820786 
R_PriorDraw_first_nu: 4.323927 
R-CCU: Before ClusterLabelChange for i = 41 newLabel= 1 currentLabel= 1 
R-CCU: sum(pointsPerCluster) = 640 
 num [1:3] 637 1 2
NULL
R-CCU: After ClusterLabelChange for i = 41 
R-CCU: sum(pointsPerCluster) = 641 
 num [1:3] 638 1 2
NULL
R-CCU: dpObj$numberClusters = 3 
List of 2
 $ : num [1, 1, 1:3] 0.513 0.265 0.652
 $ : num [1, 1, 1:3] 3.07 3.79 3.21
NULL
R priorParameters: 2 8 
R maxT: 1 
R_PriorDraw_first_mu: 0.2191805 
R_PriorDraw_first_nu: 3.192086 
R-CCU: Before ClusterLabelChange for i = 42 newLabel= 1 currentLabel= 1 
R-CCU: sum(pointsPerCluster) = 641 
 num [1:3] 638 1 2
NULL
R-CCU: After ClusterLabelChange for i = 42 
R-CCU: sum(pointsPerCluster) = 642 
 num [1:3] 639 1 2
NULL
R-CCU: dpObj$numberClusters = 3 
List of 2
 $ : num [1, 1, 1:3] 0.513 0.265 0.652
 $ : num [1, 1, 1:3] 3.07 3.79 3.21
NULL
R priorParameters: 2 8 
R maxT: 1 
R_PriorDraw_first_mu: 0.2216179 
R_PriorDraw_first_nu: 3.160037 
R-CCU: Before ClusterLabelChange for i = 43 newLabel= 1 currentLabel= 1 
R-CCU: sum(pointsPerCluster) = 642 
 num [1:3] 639 1 2
NULL
R-CCU: After ClusterLabelChange for i = 43 
R-CCU: sum(pointsPerCluster) = 643 
 num [1:3] 640 1 2
NULL
R-CCU: dpObj$numberClusters = 3 
List of 2
 $ : num [1, 1, 1:3] 0.513 0.265 0.652
 $ : num [1, 1, 1:3] 3.07 3.79 3.21
NULL
R priorParameters: 2 8 
R maxT: 1 
R_PriorDraw_first_mu: 0.09687069 
R_PriorDraw_first_nu: 2.953701 
R-CCU: Before ClusterLabelChange for i = 44 newLabel= 1 currentLabel= 1 
R-CCU: sum(pointsPerCluster) = 643 
 num [1:3] 640 1 2
NULL
R-CCU: After ClusterLabelChange for i = 44 
R-CCU: sum(pointsPerCluster) = 644 
 num [1:3] 641 1 2
NULL
R-CCU: dpObj$numberClusters = 3 
List of 2
 $ : num [1, 1, 1:3] 0.513 0.265 0.652
 $ : num [1, 1, 1:3] 3.07 3.79 3.21
NULL
R priorParameters: 2 8 
R maxT: 1 
R_PriorDraw_first_mu: 0.408729 
R_PriorDraw_first_nu: 4.227811 
R-CCU: Before ClusterLabelChange for i = 45 newLabel= 1 currentLabel= 1 
R-CCU: sum(pointsPerCluster) = 644 
 num [1:3] 641 1 2
NULL
R-CCU: After ClusterLabelChange for i = 45 
R-CCU: sum(pointsPerCluster) = 645 
 num [1:3] 642 1 2
NULL
R-CCU: dpObj$numberClusters = 3 
List of 2
 $ : num [1, 1, 1:3] 0.513 0.265 0.652
 $ : num [1, 1, 1:3] 3.07 3.79 3.21
NULL
R priorParameters: 2 8 
R maxT: 1 
R_PriorDraw_first_mu: 0.3081208 
R_PriorDraw_first_nu: 7.886265 
R-CCU: Before ClusterLabelChange for i = 46 newLabel= 1 currentLabel= 1 
R-CCU: sum(pointsPerCluster) = 645 
 num [1:3] 642 1 2
NULL
R-CCU: After ClusterLabelChange for i = 46 
R-CCU: sum(pointsPerCluster) = 646 
 num [1:3] 643 1 2
NULL
R-CCU: dpObj$numberClusters = 3 
List of 2
 $ : num [1, 1, 1:3] 0.513 0.265 0.652
 $ : num [1, 1, 1:3] 3.07 3.79 3.21
NULL
R priorParameters: 2 8 
R maxT: 1 
R_PriorDraw_first_mu: 0.4575511 
R_PriorDraw_first_nu: 8.912587 
R-CCU: Before ClusterLabelChange for i = 47 newLabel= 1 currentLabel= 1 
R-CCU: sum(pointsPerCluster) = 646 
 num [1:3] 643 1 2
NULL
R-CCU: After ClusterLabelChange for i = 47 
R-CCU: sum(pointsPerCluster) = 647 
 num [1:3] 644 1 2
NULL
R-CCU: dpObj$numberClusters = 3 
List of 2
 $ : num [1, 1, 1:3] 0.513 0.265 0.652
 $ : num [1, 1, 1:3] 3.07 3.79 3.21
NULL
R priorParameters: 2 8 
R maxT: 1 
R_PriorDraw_first_mu: 0.9446295 
R_PriorDraw_first_nu: 1.889079 
R-CCU: Before ClusterLabelChange for i = 48 newLabel= 1 currentLabel= 1 
R-CCU: sum(pointsPerCluster) = 647 
 num [1:3] 644 1 2
NULL
R-CCU: After ClusterLabelChange for i = 48 
R-CCU: sum(pointsPerCluster) = 648 
 num [1:3] 645 1 2
NULL
R-CCU: dpObj$numberClusters = 3 
List of 2
 $ : num [1, 1, 1:3] 0.513 0.265 0.652
 $ : num [1, 1, 1:3] 3.07 3.79 3.21
NULL
R priorParameters: 2 8 
R maxT: 1 
R_PriorDraw_first_mu: 0.2642507 
R_PriorDraw_first_nu: 5.10163 
R-CCU: Before ClusterLabelChange for i = 49 newLabel= 1 currentLabel= 1 
R-CCU: sum(pointsPerCluster) = 648 
 num [1:3] 645 1 2
NULL
R-CCU: After ClusterLabelChange for i = 49 
R-CCU: sum(pointsPerCluster) = 649 
 num [1:3] 646 1 2
NULL
R-CCU: dpObj$numberClusters = 3 
List of 2
 $ : num [1, 1, 1:3] 0.513 0.265 0.652
 $ : num [1, 1, 1:3] 3.07 3.79 3.21
NULL
R priorParameters: 2 8 
R maxT: 1 
R_PriorDraw_first_mu: 0.9565443 
R_PriorDraw_first_nu: 257.3789 
R-CCU: Before ClusterLabelChange for i = 50 newLabel= 1 currentLabel= 1 
R-CCU: sum(pointsPerCluster) = 649 
 num [1:3] 646 1 2
NULL
R-CCU: After ClusterLabelChange for i = 50 
R-CCU: sum(pointsPerCluster) = 650 
 num [1:3] 647 1 2
NULL
R-CCU: dpObj$numberClusters = 3 
List of 2
 $ : num [1, 1, 1:3] 0.513 0.265 0.652
 $ : num [1, 1, 1:3] 3.07 3.79 3.21
NULL
R priorParameters: 2 8 
R maxT: 1 
R_PriorDraw_first_mu: 0.4714627 
R_PriorDraw_first_nu: 4.651467 
R-CCU: Before ClusterLabelChange for i = 51 newLabel= 1 currentLabel= 1 
R-CCU: sum(pointsPerCluster) = 650 
 num [1:3] 647 1 2
NULL
R-CCU: After ClusterLabelChange for i = 51 
R-CCU: sum(pointsPerCluster) = 651 
 num [1:3] 648 1 2
NULL
R-CCU: dpObj$numberClusters = 3 
List of 2
 $ : num [1, 1, 1:3] 0.513 0.265 0.652
 $ : num [1, 1, 1:3] 3.07 3.79 3.21
NULL
R priorParameters: 2 8 
R maxT: 1 
R_PriorDraw_first_mu: 0.5861507 
R_PriorDraw_first_nu: 2.493749 
R-CCU: Before ClusterLabelChange for i = 52 newLabel= 1 currentLabel= 1 
R-CCU: sum(pointsPerCluster) = 651 
 num [1:3] 648 1 2
NULL
R-CCU: After ClusterLabelChange for i = 52 
R-CCU: sum(pointsPerCluster) = 652 
 num [1:3] 649 1 2
NULL
R-CCU: dpObj$numberClusters = 3 
List of 2
 $ : num [1, 1, 1:3] 0.513 0.265 0.652
 $ : num [1, 1, 1:3] 3.07 3.79 3.21
NULL
R priorParameters: 2 8 
R maxT: 1 
R_PriorDraw_first_mu: 0.5085266 
R_PriorDraw_first_nu: 5.197209 
R-CCU: Before ClusterLabelChange for i = 53 newLabel= 1 currentLabel= 1 
R-CCU: sum(pointsPerCluster) = 652 
 num [1:3] 649 1 2
NULL
R-CCU: After ClusterLabelChange for i = 53 
R-CCU: sum(pointsPerCluster) = 653 
 num [1:3] 650 1 2
NULL
R-CCU: dpObj$numberClusters = 3 
List of 2
 $ : num [1, 1, 1:3] 0.513 0.265 0.652
 $ : num [1, 1, 1:3] 3.07 3.79 3.21
NULL
R priorParameters: 2 8 
R maxT: 1 
R_PriorDraw_first_mu: 0.5204914 
R_PriorDraw_first_nu: 5.678675 
R-CCU: Before ClusterLabelChange for i = 54 newLabel= 1 currentLabel= 1 
R-CCU: sum(pointsPerCluster) = 653 
 num [1:3] 650 1 2
NULL
R-CCU: After ClusterLabelChange for i = 54 
R-CCU: sum(pointsPerCluster) = 654 
 num [1:3] 651 1 2
NULL
R-CCU: dpObj$numberClusters = 3 
List of 2
 $ : num [1, 1, 1:3] 0.513 0.265 0.652
 $ : num [1, 1, 1:3] 3.07 3.79 3.21
NULL
R priorParameters: 2 8 
R maxT: 1 
R_PriorDraw_first_mu: 0.4023888 
R_PriorDraw_first_nu: 25.55451 
R-CCU: Before ClusterLabelChange for i = 55 newLabel= 1 currentLabel= 1 
R-CCU: sum(pointsPerCluster) = 654 
 num [1:3] 651 1 2
NULL
R-CCU: After ClusterLabelChange for i = 55 
R-CCU: sum(pointsPerCluster) = 655 
 num [1:3] 652 1 2
NULL
R-CCU: dpObj$numberClusters = 3 
List of 2
 $ : num [1, 1, 1:3] 0.513 0.265 0.652
 $ : num [1, 1, 1:3] 3.07 3.79 3.21
NULL
R priorParameters: 2 8 
R maxT: 1 
R_PriorDraw_first_mu: 0.3136449 
R_PriorDraw_first_nu: 55.48647 
R-CCU: Before ClusterLabelChange for i = 56 newLabel= 1 currentLabel= 1 
R-CCU: sum(pointsPerCluster) = 655 
 num [1:3] 652 1 2
NULL
R-CCU: After ClusterLabelChange for i = 56 
R-CCU: sum(pointsPerCluster) = 656 
 num [1:3] 653 1 2
NULL
R-CCU: dpObj$numberClusters = 3 
List of 2
 $ : num [1, 1, 1:3] 0.513 0.265 0.652
 $ : num [1, 1, 1:3] 3.07 3.79 3.21
NULL
R priorParameters: 2 8 
R maxT: 1 
R_PriorDraw_first_mu: 0.4213505 
R_PriorDraw_first_nu: 4.075923 
R-CCU: Before ClusterLabelChange for i = 57 newLabel= 1 currentLabel= 1 
R-CCU: sum(pointsPerCluster) = 656 
 num [1:3] 653 1 2
NULL
R-CCU: After ClusterLabelChange for i = 57 
R-CCU: sum(pointsPerCluster) = 657 
 num [1:3] 654 1 2
NULL
R-CCU: dpObj$numberClusters = 3 
List of 2
 $ : num [1, 1, 1:3] 0.513 0.265 0.652
 $ : num [1, 1, 1:3] 3.07 3.79 3.21
NULL
R priorParameters: 2 8 
R maxT: 1 
R_PriorDraw_first_mu: 0.009795639 
R_PriorDraw_first_nu: 14.57215 
R-CCU: Before ClusterLabelChange for i = 58 newLabel= 1 currentLabel= 1 
R-CCU: sum(pointsPerCluster) = 657 
 num [1:3] 654 1 2
NULL
R-CCU: After ClusterLabelChange for i = 58 
R-CCU: sum(pointsPerCluster) = 658 
 num [1:3] 655 1 2
NULL
R-CCU: dpObj$numberClusters = 3 
List of 2
 $ : num [1, 1, 1:3] 0.513 0.265 0.652
 $ : num [1, 1, 1:3] 3.07 3.79 3.21
NULL
R priorParameters: 2 8 
R maxT: 1 
R_PriorDraw_first_mu: 0.7539032 
R_PriorDraw_first_nu: 2.993875 
R-CCU: Before ClusterLabelChange for i = 59 newLabel= 1 currentLabel= 1 
R-CCU: sum(pointsPerCluster) = 658 
 num [1:3] 655 1 2
NULL
R-CCU: After ClusterLabelChange for i = 59 
R-CCU: sum(pointsPerCluster) = 659 
 num [1:3] 656 1 2
NULL
R-CCU: dpObj$numberClusters = 3 
List of 2
 $ : num [1, 1, 1:3] 0.513 0.265 0.652
 $ : num [1, 1, 1:3] 3.07 3.79 3.21
NULL
R priorParameters: 2 8 
R maxT: 1 
R_PriorDraw_first_mu: 0.710034 
R_PriorDraw_first_nu: 3.53349 
R-CCU: Before ClusterLabelChange for i = 60 newLabel= 1 currentLabel= 1 
R-CCU: sum(pointsPerCluster) = 659 
 num [1:3] 656 1 2
NULL
R-CCU: After ClusterLabelChange for i = 60 
R-CCU: sum(pointsPerCluster) = 660 
 num [1:3] 657 1 2
NULL
R-CCU: dpObj$numberClusters = 3 
List of 2
 $ : num [1, 1, 1:3] 0.513 0.265 0.652
 $ : num [1, 1, 1:3] 3.07 3.79 3.21
NULL

⠏ |   20      0 | Beta Distribution Full Integration Test          R priorParameters: 2 8 
R maxT: 1 
R_PriorDraw_first_mu: 0.7910475 
R_PriorDraw_first_nu: 3.739571 
R-CCU: Before ClusterLabelChange for i = 1 newLabel= 1 currentLabel= 1 
R-CCU: sum(pointsPerCluster) = 660 
 num [1:3] 657 1 2
NULL
R-CCU: After ClusterLabelChange for i = 1 
R-CCU: sum(pointsPerCluster) = 661 
 num [1:3] 658 1 2
NULL
R-CCU: dpObj$numberClusters = 3 
List of 2
 $ : num [1, 1, 1:3] 0.52 0.265 0.652
 $ : num [1, 1, 1:3] 2.69 3.79 3.21
NULL
R priorParameters: 2 8 
R maxT: 1 
R_PriorDraw_first_mu: 0.8664387 
R_PriorDraw_first_nu: 3.062096 
R-CCU: Before ClusterLabelChange for i = 2 newLabel= 1 currentLabel= 1 
R-CCU: sum(pointsPerCluster) = 661 
 num [1:3] 658 1 2
NULL
R-CCU: After ClusterLabelChange for i = 2 
R-CCU: sum(pointsPerCluster) = 662 
 num [1:3] 659 1 2
NULL
R-CCU: dpObj$numberClusters = 3 
List of 2
 $ : num [1, 1, 1:3] 0.52 0.265 0.652
 $ : num [1, 1, 1:3] 2.69 3.79 3.21
NULL
R priorParameters: 2 8 
R maxT: 1 
R_PriorDraw_first_mu: 0.1814458 
R_PriorDraw_first_nu: 31.15954 
R-CCU: Before ClusterLabelChange for i = 3 newLabel= 1 currentLabel= 1 
R-CCU: sum(pointsPerCluster) = 662 
 num [1:3] 659 1 2
NULL
R-CCU: After ClusterLabelChange for i = 3 
R-CCU: sum(pointsPerCluster) = 663 
 num [1:3] 660 1 2
NULL
R-CCU: dpObj$numberClusters = 3 
List of 2
 $ : num [1, 1, 1:3] 0.52 0.265 0.652
 $ : num [1, 1, 1:3] 2.69 3.79 3.21
NULL
R priorParameters: 2 8 
R maxT: 1 
R_PriorDraw_first_mu: 0.9665288 
R_PriorDraw_first_nu: 4.05022 
R-CCU: Before ClusterLabelChange for i = 4 newLabel= 1 currentLabel= 1 
R-CCU: sum(pointsPerCluster) = 663 
 num [1:3] 660 1 2
NULL
R-CCU: After ClusterLabelChange for i = 4 
R-CCU: sum(pointsPerCluster) = 664 
 num [1:3] 661 1 2
NULL
R-CCU: dpObj$numberClusters = 3 
List of 2
 $ : num [1, 1, 1:3] 0.52 0.265 0.652
 $ : num [1, 1, 1:3] 2.69 3.79 3.21
NULL
R priorParameters: 2 8 
R maxT: 1 
R_PriorDraw_first_mu: 0.6248 
R_PriorDraw_first_nu: 3.343301 
R-CCU: Before ClusterLabelChange for i = 5 newLabel= 1 currentLabel= 1 
R-CCU: sum(pointsPerCluster) = 664 
 num [1:3] 661 1 2
NULL
R-CCU: After ClusterLabelChange for i = 5 
R-CCU: sum(pointsPerCluster) = 665 
 num [1:3] 662 1 2
NULL
R-CCU: dpObj$numberClusters = 3 
List of 2
 $ : num [1, 1, 1:3] 0.52 0.265 0.652
 $ : num [1, 1, 1:3] 2.69 3.79 3.21
NULL
R priorParameters: 2 8 
R maxT: 1 
R_PriorDraw_first_mu: 0.5207927 
R_PriorDraw_first_nu: 2.394617 
R-CCU: Before ClusterLabelChange for i = 6 newLabel= 1 currentLabel= 1 
R-CCU: sum(pointsPerCluster) = 665 
 num [1:3] 662 1 2
NULL
R-CCU: After ClusterLabelChange for i = 6 
R-CCU: sum(pointsPerCluster) = 666 
 num [1:3] 663 1 2
NULL
R-CCU: dpObj$numberClusters = 3 
List of 2
 $ : num [1, 1, 1:3] 0.52 0.265 0.652
 $ : num [1, 1, 1:3] 2.69 3.79 3.21
NULL
R priorParameters: 2 8 
R maxT: 1 
R_PriorDraw_first_mu: 0.3543226 
R_PriorDraw_first_nu: 4.719219 
R-CCU: Before ClusterLabelChange for i = 7 newLabel= 1 currentLabel= 1 
R-CCU: sum(pointsPerCluster) = 666 
 num [1:3] 663 1 2
NULL
R-CCU: After ClusterLabelChange for i = 7 
R-CCU: sum(pointsPerCluster) = 667 
 num [1:3] 664 1 2
NULL
R-CCU: dpObj$numberClusters = 3 
List of 2
 $ : num [1, 1, 1:3] 0.52 0.265 0.652
 $ : num [1, 1, 1:3] 2.69 3.79 3.21
NULL
R priorParameters: 2 8 
R maxT: 1 
R_PriorDraw_first_mu: 0.1045612 
R_PriorDraw_first_nu: 2.628468 
R-CCU: Before ClusterLabelChange for i = 8 newLabel= 1 currentLabel= 1 
R-CCU: sum(pointsPerCluster) = 667 
 num [1:3] 664 1 2
NULL
R-CCU: After ClusterLabelChange for i = 8 
R-CCU: sum(pointsPerCluster) = 668 
 num [1:3] 665 1 2
NULL
R-CCU: dpObj$numberClusters = 3 
List of 2
 $ : num [1, 1, 1:3] 0.52 0.265 0.652
 $ : num [1, 1, 1:3] 2.69 3.79 3.21
NULL
R priorParameters: 2 8 
R maxT: 1 
R_PriorDraw_first_mu: 0.1557987 
R_PriorDraw_first_nu: 0.8773345 
R-CCU: Before ClusterLabelChange for i = 9 newLabel= 1 currentLabel= 1 
R-CCU: sum(pointsPerCluster) = 668 
 num [1:3] 665 1 2
NULL
R-CCU: After ClusterLabelChange for i = 9 
R-CCU: sum(pointsPerCluster) = 669 
 num [1:3] 666 1 2
NULL
R-CCU: dpObj$numberClusters = 3 
List of 2
 $ : num [1, 1, 1:3] 0.52 0.265 0.652
 $ : num [1, 1, 1:3] 2.69 3.79 3.21
NULL
R priorParameters: 2 8 
R maxT: 1 
R_PriorDraw_first_mu: 0.2298667 
R_PriorDraw_first_nu: 33.75924 
R-CCU: Before ClusterLabelChange for i = 10 newLabel= 1 currentLabel= 1 
R-CCU: sum(pointsPerCluster) = 669 
 num [1:3] 666 1 2
NULL
R-CCU: After ClusterLabelChange for i = 10 
R-CCU: sum(pointsPerCluster) = 670 
 num [1:3] 667 1 2
NULL
R-CCU: dpObj$numberClusters = 3 
List of 2
 $ : num [1, 1, 1:3] 0.52 0.265 0.652
 $ : num [1, 1, 1:3] 2.69 3.79 3.21
NULL
R priorParameters: 2 8 
R maxT: 1 
R_PriorDraw_first_mu: 0.5084599 
R_PriorDraw_first_nu: 4.667537 
R-CCU: Before ClusterLabelChange for i = 11 newLabel= 1 currentLabel= 1 
R-CCU: sum(pointsPerCluster) = 670 
 num [1:3] 667 1 2
NULL
R-CCU: After ClusterLabelChange for i = 11 
R-CCU: sum(pointsPerCluster) = 671 
 num [1:3] 668 1 2
NULL
R-CCU: dpObj$numberClusters = 3 
List of 2
 $ : num [1, 1, 1:3] 0.52 0.265 0.652
 $ : num [1, 1, 1:3] 2.69 3.79 3.21
NULL
R priorParameters: 2 8 
R maxT: 1 
R_PriorDraw_first_mu: 0.8685849 
R_PriorDraw_first_nu: 89.81347 
R-CCU: Before ClusterLabelChange for i = 12 newLabel= 1 currentLabel= 1 
R-CCU: sum(pointsPerCluster) = 671 
 num [1:3] 668 1 2
NULL
R-CCU: After ClusterLabelChange for i = 12 
R-CCU: sum(pointsPerCluster) = 672 
 num [1:3] 669 1 2
NULL
R-CCU: dpObj$numberClusters = 3 
List of 2
 $ : num [1, 1, 1:3] 0.52 0.265 0.652
 $ : num [1, 1, 1:3] 2.69 3.79 3.21
NULL
R priorParameters: 2 8 
R maxT: 1 
R_PriorDraw_first_mu: 0.8429949 
R_PriorDraw_first_nu: 19.35442 
R-CCU: Before ClusterLabelChange for i = 13 newLabel= 1 currentLabel= 1 
R-CCU: sum(pointsPerCluster) = 672 
 num [1:3] 669 1 2
NULL
R-CCU: After ClusterLabelChange for i = 13 
R-CCU: sum(pointsPerCluster) = 673 
 num [1:3] 670 1 2
NULL
R-CCU: dpObj$numberClusters = 3 
List of 2
 $ : num [1, 1, 1:3] 0.52 0.265 0.652
 $ : num [1, 1, 1:3] 2.69 3.79 3.21
NULL
R priorParameters: 2 8 
R maxT: 1 
R_PriorDraw_first_mu: 0.5375962 
R_PriorDraw_first_nu: 8.207996 
R-CCU: Before ClusterLabelChange for i = 14 newLabel= 1 currentLabel= 1 
R-CCU: sum(pointsPerCluster) = 673 
 num [1:3] 670 1 2
NULL
R-CCU: After ClusterLabelChange for i = 14 
R-CCU: sum(pointsPerCluster) = 674 
 num [1:3] 671 1 2
NULL
R-CCU: dpObj$numberClusters = 3 
List of 2
 $ : num [1, 1, 1:3] 0.52 0.265 0.652
 $ : num [1, 1, 1:3] 2.69 3.79 3.21
NULL
R priorParameters: 2 8 
R maxT: 1 
R_PriorDraw_first_mu: 0.2866197 
R_PriorDraw_first_nu: 3.488143 
R-CCU: Before ClusterLabelChange for i = 15 newLabel= 1 currentLabel= 1 
R-CCU: sum(pointsPerCluster) = 674 
 num [1:3] 671 1 2
NULL
R-CCU: After ClusterLabelChange for i = 15 
R-CCU: sum(pointsPerCluster) = 675 
 num [1:3] 672 1 2
NULL
R-CCU: dpObj$numberClusters = 3 
List of 2
 $ : num [1, 1, 1:3] 0.52 0.265 0.652
 $ : num [1, 1, 1:3] 2.69 3.79 3.21
NULL
R priorParameters: 2 8 
R maxT: 1 
R_PriorDraw_first_mu: 0.9194164 
R_PriorDraw_first_nu: 3.213216 
R-CCU: Before ClusterLabelChange for i = 16 newLabel= 1 currentLabel= 1 
R-CCU: sum(pointsPerCluster) = 675 
 num [1:3] 672 1 2
NULL
R-CCU: After ClusterLabelChange for i = 16 
R-CCU: sum(pointsPerCluster) = 676 
 num [1:3] 673 1 2
NULL
R-CCU: dpObj$numberClusters = 3 
List of 2
 $ : num [1, 1, 1:3] 0.52 0.265 0.652
 $ : num [1, 1, 1:3] 2.69 3.79 3.21
NULL
R priorParameters: 2 8 
R maxT: 1 
R_PriorDraw_first_mu: 0.3885108 
R_PriorDraw_first_nu: 6.309763 
R-CCU: Before ClusterLabelChange for i = 17 newLabel= 1 currentLabel= 1 
R-CCU: sum(pointsPerCluster) = 676 
 num [1:3] 673 1 2
NULL
R-CCU: After ClusterLabelChange for i = 17 
R-CCU: sum(pointsPerCluster) = 677 
 num [1:3] 674 1 2
NULL
R-CCU: dpObj$numberClusters = 3 
List of 2
 $ : num [1, 1, 1:3] 0.52 0.265 0.652
 $ : num [1, 1, 1:3] 2.69 3.79 3.21
NULL
R priorParameters: 2 8 
R maxT: 1 
R_PriorDraw_first_mu: 0.02778205 
R_PriorDraw_first_nu: 3.793392 
R-CCU: Before ClusterLabelChange for i = 18 newLabel= 1 currentLabel= 1 
R-CCU: sum(pointsPerCluster) = 677 
 num [1:3] 674 1 2
NULL
R-CCU: After ClusterLabelChange for i = 18 
R-CCU: sum(pointsPerCluster) = 678 
 num [1:3] 675 1 2
NULL
R-CCU: dpObj$numberClusters = 3 
List of 2
 $ : num [1, 1, 1:3] 0.52 0.265 0.652
 $ : num [1, 1, 1:3] 2.69 3.79 3.21
NULL
R priorParameters: 2 8 
R maxT: 1 
R_PriorDraw_first_mu: 0.5607367 
R_PriorDraw_first_nu: 4.980947 
R-CCU: Before ClusterLabelChange for i = 19 newLabel= 1 currentLabel= 1 
R-CCU: sum(pointsPerCluster) = 678 
 num [1:3] 675 1 2
NULL
R-CCU: After ClusterLabelChange for i = 19 
R-CCU: sum(pointsPerCluster) = 679 
 num [1:3] 676 1 2
NULL
R-CCU: dpObj$numberClusters = 3 
List of 2
 $ : num [1, 1, 1:3] 0.52 0.265 0.652
 $ : num [1, 1, 1:3] 2.69 3.79 3.21
NULL
R priorParameters: 2 8 
R maxT: 1 
R_PriorDraw_first_mu: 0.4096023 
R_PriorDraw_first_nu: 9.553101 
R-CCU: Before ClusterLabelChange for i = 20 newLabel= 1 currentLabel= 1 
R-CCU: sum(pointsPerCluster) = 679 
 num [1:3] 676 1 2
NULL
R-CCU: After ClusterLabelChange for i = 20 
R-CCU: sum(pointsPerCluster) = 680 
 num [1:3] 677 1 2
NULL
R-CCU: dpObj$numberClusters = 3 
List of 2
 $ : num [1, 1, 1:3] 0.52 0.265 0.652
 $ : num [1, 1, 1:3] 2.69 3.79 3.21
NULL
R priorParameters: 2 8 
R maxT: 1 
R_PriorDraw_first_mu: 0.6792041 
R_PriorDraw_first_nu: 3.907456 
R-CCU: Before ClusterLabelChange for i = 21 newLabel= 1 currentLabel= 1 
R-CCU: sum(pointsPerCluster) = 680 
 num [1:3] 677 1 2
NULL
R-CCU: After ClusterLabelChange for i = 21 
R-CCU: sum(pointsPerCluster) = 681 
 num [1:3] 678 1 2
NULL
R-CCU: dpObj$numberClusters = 3 
List of 2
 $ : num [1, 1, 1:3] 0.52 0.265 0.652
 $ : num [1, 1, 1:3] 2.69 3.79 3.21
NULL
R priorParameters: 2 8 
R maxT: 1 
R_PriorDraw_first_mu: 0.7836111 
R_PriorDraw_first_nu: 4.70146 
R-CCU: Before ClusterLabelChange for i = 22 newLabel= 1 currentLabel= 1 
R-CCU: sum(pointsPerCluster) = 681 
 num [1:3] 678 1 2
NULL
R-CCU: After ClusterLabelChange for i = 22 
R-CCU: sum(pointsPerCluster) = 682 
 num [1:3] 679 1 2
NULL
R-CCU: dpObj$numberClusters = 3 
List of 2
 $ : num [1, 1, 1:3] 0.52 0.265 0.652
 $ : num [1, 1, 1:3] 2.69 3.79 3.21
NULL
R priorParameters: 2 8 
R maxT: 1 
R_PriorDraw_first_mu: 0.286103 
R_PriorDraw_first_nu: 6.083912 
R-CCU: Before ClusterLabelChange for i = 23 newLabel= 1 currentLabel= 1 
R-CCU: sum(pointsPerCluster) = 682 
 num [1:3] 679 1 2
NULL
R-CCU: After ClusterLabelChange for i = 23 
R-CCU: sum(pointsPerCluster) = 683 
 num [1:3] 680 1 2
NULL
R-CCU: dpObj$numberClusters = 3 
List of 2
 $ : num [1, 1, 1:3] 0.52 0.265 0.652
 $ : num [1, 1, 1:3] 2.69 3.79 3.21
NULL
R priorParameters: 2 8 
R maxT: 1 
R_PriorDraw_first_mu: 0.8731691 
R_PriorDraw_first_nu: 2.427364 
R-CCU: Before ClusterLabelChange for i = 24 newLabel= 1 currentLabel= 1 
R-CCU: sum(pointsPerCluster) = 683 
 num [1:3] 680 1 2
NULL
R-CCU: After ClusterLabelChange for i = 24 
R-CCU: sum(pointsPerCluster) = 684 
 num [1:3] 681 1 2
NULL
R-CCU: dpObj$numberClusters = 3 
List of 2
 $ : num [1, 1, 1:3] 0.52 0.265 0.652
 $ : num [1, 1, 1:3] 2.69 3.79 3.21
NULL
R priorParameters: 2 8 
R maxT: 1 
R_PriorDraw_first_mu: 0.3294478 
R_PriorDraw_first_nu: 3.335186 
R-CCU: Before ClusterLabelChange for i = 25 newLabel= 1 currentLabel= 1 
R-CCU: sum(pointsPerCluster) = 684 
 num [1:3] 681 1 2
NULL
R-CCU: After ClusterLabelChange for i = 25 
R-CCU: sum(pointsPerCluster) = 685 
 num [1:3] 682 1 2
NULL
R-CCU: dpObj$numberClusters = 3 
List of 2
 $ : num [1, 1, 1:3] 0.52 0.265 0.652
 $ : num [1, 1, 1:3] 2.69 3.79 3.21
NULL
R priorParameters: 2 8 
R maxT: 1 
R_PriorDraw_first_mu: 0.2955759 
R_PriorDraw_first_nu: 4.658408 
R-CCU: Before ClusterLabelChange for i = 26 newLabel= 1 currentLabel= 1 
R-CCU: sum(pointsPerCluster) = 685 
 num [1:3] 682 1 2
NULL
R-CCU: After ClusterLabelChange for i = 26 
R-CCU: sum(pointsPerCluster) = 686 
 num [1:3] 683 1 2
NULL
R-CCU: dpObj$numberClusters = 3 
List of 2
 $ : num [1, 1, 1:3] 0.52 0.265 0.652
 $ : num [1, 1, 1:3] 2.69 3.79 3.21
NULL
R priorParameters: 2 8 
R maxT: 1 
R_PriorDraw_first_mu: 0.294732 
R_PriorDraw_first_nu: 8.004193 
R-CCU: Before ClusterLabelChange for i = 27 newLabel= 1 currentLabel= 1 
R-CCU: sum(pointsPerCluster) = 686 
 num [1:3] 683 1 2
NULL
R-CCU: After ClusterLabelChange for i = 27 
R-CCU: sum(pointsPerCluster) = 687 
 num [1:3] 684 1 2
NULL
R-CCU: dpObj$numberClusters = 3 
List of 2
 $ : num [1, 1, 1:3] 0.52 0.265 0.652
 $ : num [1, 1, 1:3] 2.69 3.79 3.21
NULL
R priorParameters: 2 8 
R maxT: 1 
R_PriorDraw_first_mu: 0.03473405 
R_PriorDraw_first_nu: 4.869158 
R-CCU: Before ClusterLabelChange for i = 28 newLabel= 1 currentLabel= 1 
R-CCU: sum(pointsPerCluster) = 687 
 num [1:3] 684 1 2
NULL
R-CCU: After ClusterLabelChange for i = 28 
R-CCU: sum(pointsPerCluster) = 688 
 num [1:3] 685 1 2
NULL
R-CCU: dpObj$numberClusters = 3 
List of 2
 $ : num [1, 1, 1:3] 0.52 0.265 0.652
 $ : num [1, 1, 1:3] 2.69 3.79 3.21
NULL
R priorParameters: 2 8 
R maxT: 1 
R_PriorDraw_first_mu: 0.9288955 
R_PriorDraw_first_nu: 10.56047 
R-CCU: Before ClusterLabelChange for i = 29 newLabel= 1 currentLabel= 1 
R-CCU: sum(pointsPerCluster) = 688 
 num [1:3] 685 1 2
NULL
R-CCU: After ClusterLabelChange for i = 29 
R-CCU: sum(pointsPerCluster) = 689 
 num [1:3] 686 1 2
NULL
R-CCU: dpObj$numberClusters = 3 
List of 2
 $ : num [1, 1, 1:3] 0.52 0.265 0.652
 $ : num [1, 1, 1:3] 2.69 3.79 3.21
NULL
R priorParameters: 2 8 
R maxT: 1 
R_PriorDraw_first_mu: 0.08305235 
R_PriorDraw_first_nu: 41.17741 
R-CCU: Before ClusterLabelChange for i = 30 newLabel= 1 currentLabel= 1 
R-CCU: sum(pointsPerCluster) = 689 
 num [1:3] 686 1 2
NULL
R-CCU: After ClusterLabelChange for i = 30 
R-CCU: sum(pointsPerCluster) = 690 
 num [1:3] 687 1 2
NULL
R-CCU: dpObj$numberClusters = 3 
List of 2
 $ : num [1, 1, 1:3] 0.52 0.265 0.652
 $ : num [1, 1, 1:3] 2.69 3.79 3.21
NULL
R priorParameters: 2 8 
R maxT: 1 
R_PriorDraw_first_mu: 0.870437 
R_PriorDraw_first_nu: 5.729588 
R-CCU: Before ClusterLabelChange for i = 31 newLabel= 1 currentLabel= 1 
R-CCU: sum(pointsPerCluster) = 690 
 num [1:3] 687 1 2
NULL
R-CCU: After ClusterLabelChange for i = 31 
R-CCU: sum(pointsPerCluster) = 691 
 num [1:3] 688 1 2
NULL
R-CCU: dpObj$numberClusters = 3 
List of 2
 $ : num [1, 1, 1:3] 0.52 0.265 0.652
 $ : num [1, 1, 1:3] 2.69 3.79 3.21
NULL
R priorParameters: 2 8 
R maxT: 1 
R_PriorDraw_first_mu: 0.09584983 
R_PriorDraw_first_nu: 8.536443 
R-CCU: Before ClusterLabelChange for i = 32 newLabel= 1 currentLabel= 1 
R-CCU: sum(pointsPerCluster) = 691 
 num [1:3] 688 1 2
NULL
R-CCU: After ClusterLabelChange for i = 32 
R-CCU: sum(pointsPerCluster) = 692 
 num [1:3] 689 1 2
NULL
R-CCU: dpObj$numberClusters = 3 
List of 2
 $ : num [1, 1, 1:3] 0.52 0.265 0.652
 $ : num [1, 1, 1:3] 2.69 3.79 3.21
NULL
R priorParameters: 2 8 
R maxT: 1 
R_PriorDraw_first_mu: 0.7828224 
R_PriorDraw_first_nu: 19.613 
R-CCU: Before ClusterLabelChange for i = 33 newLabel= 1 currentLabel= 1 
R-CCU: sum(pointsPerCluster) = 692 
 num [1:3] 689 1 2
NULL
R-CCU: After ClusterLabelChange for i = 33 
R-CCU: sum(pointsPerCluster) = 693 
 num [1:3] 690 1 2
NULL
R-CCU: dpObj$numberClusters = 3 
List of 2
 $ : num [1, 1, 1:3] 0.52 0.265 0.652
 $ : num [1, 1, 1:3] 2.69 3.79 3.21
NULL
R priorParameters: 2 8 
R maxT: 1 
R_PriorDraw_first_mu: 0.0878923 
R_PriorDraw_first_nu: 4.828376 
R-CCU: Before ClusterLabelChange for i = 34 newLabel= 1 currentLabel= 1 
R-CCU: sum(pointsPerCluster) = 693 
 num [1:3] 690 1 2
NULL
R-CCU: After ClusterLabelChange for i = 34 
R-CCU: sum(pointsPerCluster) = 694 
 num [1:3] 691 1 2
NULL
R-CCU: dpObj$numberClusters = 3 
List of 2
 $ : num [1, 1, 1:3] 0.52 0.265 0.652
 $ : num [1, 1, 1:3] 2.69 3.79 3.21
NULL
R priorParameters: 2 8 
R maxT: 1 
R_PriorDraw_first_mu: 0.03851683 
R_PriorDraw_first_nu: 3.354312 
R-CCU: Before ClusterLabelChange for i = 35 newLabel= 1 currentLabel= 1 
R-CCU: sum(pointsPerCluster) = 694 
 num [1:3] 691 1 2
NULL
R-CCU: After ClusterLabelChange for i = 35 
R-CCU: sum(pointsPerCluster) = 695 
 num [1:3] 692 1 2
NULL
R-CCU: dpObj$numberClusters = 3 
List of 2
 $ : num [1, 1, 1:3] 0.52 0.265 0.652
 $ : num [1, 1, 1:3] 2.69 3.79 3.21
NULL
R priorParameters: 2 8 
R maxT: 1 
R_PriorDraw_first_mu: 0.3314521 
R_PriorDraw_first_nu: 3.501883 
R-CCU: Before ClusterLabelChange for i = 36 newLabel= 1 currentLabel= 1 
R-CCU: sum(pointsPerCluster) = 695 
 num [1:3] 692 1 2
NULL
R-CCU: After ClusterLabelChange for i = 36 
R-CCU: sum(pointsPerCluster) = 696 
 num [1:3] 693 1 2
NULL
R-CCU: dpObj$numberClusters = 3 
List of 2
 $ : num [1, 1, 1:3] 0.52 0.265 0.652
 $ : num [1, 1, 1:3] 2.69 3.79 3.21
NULL
R priorParameters: 2 8 
R maxT: 1 
R_PriorDraw_first_mu: 0.7653112 
R_PriorDraw_first_nu: 80.18206 
R-CCU: Before ClusterLabelChange for i = 37 newLabel= 1 currentLabel= 1 
R-CCU: sum(pointsPerCluster) = 696 
 num [1:3] 693 1 2
NULL
R-CCU: After ClusterLabelChange for i = 37 
R-CCU: sum(pointsPerCluster) = 697 
 num [1:3] 694 1 2
NULL
R-CCU: dpObj$numberClusters = 3 
List of 2
 $ : num [1, 1, 1:3] 0.52 0.265 0.652
 $ : num [1, 1, 1:3] 2.69 3.79 3.21
NULL
R priorParameters: 2 8 
R maxT: 1 
R_PriorDraw_first_mu: 0.1891865 
R_PriorDraw_first_nu: 1.796834 
R-CCU: Before ClusterLabelChange for i = 38 newLabel= 1 currentLabel= 1 
R-CCU: sum(pointsPerCluster) = 697 
 num [1:3] 694 1 2
NULL
R-CCU: After ClusterLabelChange for i = 38 
R-CCU: sum(pointsPerCluster) = 698 
 num [1:3] 695 1 2
NULL
R-CCU: dpObj$numberClusters = 3 
List of 2
 $ : num [1, 1, 1:3] 0.52 0.265 0.652
 $ : num [1, 1, 1:3] 2.69 3.79 3.21
NULL
R priorParameters: 2 8 
R maxT: 1 
R_PriorDraw_first_mu: 0.2101893 
R_PriorDraw_first_nu: 8.424507 
R-CCU: Before ClusterLabelChange for i = 39 newLabel= 1 currentLabel= 1 
R-CCU: sum(pointsPerCluster) = 698 
 num [1:3] 695 1 2
NULL
R-CCU: After ClusterLabelChange for i = 39 
R-CCU: sum(pointsPerCluster) = 699 
 num [1:3] 696 1 2
NULL
R-CCU: dpObj$numberClusters = 3 
List of 2
 $ : num [1, 1, 1:3] 0.52 0.265 0.652
 $ : num [1, 1, 1:3] 2.69 3.79 3.21
NULL
R priorParameters: 2 8 
R maxT: 1 
R_PriorDraw_first_mu: 0.8777334 
R_PriorDraw_first_nu: 5.731641 
R-CCU: Before ClusterLabelChange for i = 40 newLabel= 1 currentLabel= 1 
R-CCU: sum(pointsPerCluster) = 699 
 num [1:3] 696 1 2
NULL
R-CCU: After ClusterLabelChange for i = 40 
R-CCU: sum(pointsPerCluster) = 700 
 num [1:3] 697 1 2
NULL
R-CCU: dpObj$numberClusters = 3 
List of 2
 $ : num [1, 1, 1:3] 0.52 0.265 0.652
 $ : num [1, 1, 1:3] 2.69 3.79 3.21
NULL
R priorParameters: 2 8 
R maxT: 1 
R_PriorDraw_first_mu: 0.3703427 
R_PriorDraw_first_nu: 4.061015 
R-CCU: Before ClusterLabelChange for i = 41 newLabel= 1 currentLabel= 1 
R-CCU: sum(pointsPerCluster) = 700 
 num [1:3] 697 1 2
NULL
R-CCU: After ClusterLabelChange for i = 41 
R-CCU: sum(pointsPerCluster) = 701 
 num [1:3] 698 1 2
NULL
R-CCU: dpObj$numberClusters = 3 
List of 2
 $ : num [1, 1, 1:3] 0.52 0.265 0.652
 $ : num [1, 1, 1:3] 2.69 3.79 3.21
NULL
R priorParameters: 2 8 
R maxT: 1 
R_PriorDraw_first_mu: 0.21171 
R_PriorDraw_first_nu: 3.389202 
R-CCU: Before ClusterLabelChange for i = 42 newLabel= 1 currentLabel= 1 
R-CCU: sum(pointsPerCluster) = 701 
 num [1:3] 698 1 2
NULL
R-CCU: After ClusterLabelChange for i = 42 
R-CCU: sum(pointsPerCluster) = 702 
 num [1:3] 699 1 2
NULL
R-CCU: dpObj$numberClusters = 3 
List of 2
 $ : num [1, 1, 1:3] 0.52 0.265 0.652
 $ : num [1, 1, 1:3] 2.69 3.79 3.21
NULL
R priorParameters: 2 8 
R maxT: 1 
R_PriorDraw_first_mu: 0.6229801 
R_PriorDraw_first_nu: 33.29712 
R-CCU: Before ClusterLabelChange for i = 43 newLabel= 1 currentLabel= 1 
R-CCU: sum(pointsPerCluster) = 702 
 num [1:3] 699 1 2
NULL
R-CCU: After ClusterLabelChange for i = 43 
R-CCU: sum(pointsPerCluster) = 703 
 num [1:3] 700 1 2
NULL
R-CCU: dpObj$numberClusters = 3 
List of 2
 $ : num [1, 1, 1:3] 0.52 0.265 0.652
 $ : num [1, 1, 1:3] 2.69 3.79 3.21
NULL
R priorParameters: 2 8 
R maxT: 1 
R_PriorDraw_first_mu: 0.8894857 
R_PriorDraw_first_nu: 6.190855 
R-CCU: Before ClusterLabelChange for i = 44 newLabel= 1 currentLabel= 1 
R-CCU: sum(pointsPerCluster) = 703 
 num [1:3] 700 1 2
NULL
R-CCU: After ClusterLabelChange for i = 44 
R-CCU: sum(pointsPerCluster) = 704 
 num [1:3] 701 1 2
NULL
R-CCU: dpObj$numberClusters = 3 
List of 2
 $ : num [1, 1, 1:3] 0.52 0.265 0.652
 $ : num [1, 1, 1:3] 2.69 3.79 3.21
NULL
R priorParameters: 2 8 
R maxT: 1 
R_PriorDraw_first_mu: 0.5794635 
R_PriorDraw_first_nu: 11.26701 
R-CCU: Before ClusterLabelChange for i = 45 newLabel= 1 currentLabel= 1 
R-CCU: sum(pointsPerCluster) = 704 
 num [1:3] 701 1 2
NULL
R-CCU: After ClusterLabelChange for i = 45 
R-CCU: sum(pointsPerCluster) = 705 
 num [1:3] 702 1 2
NULL
R-CCU: dpObj$numberClusters = 3 
List of 2
 $ : num [1, 1, 1:3] 0.52 0.265 0.652
 $ : num [1, 1, 1:3] 2.69 3.79 3.21
NULL
R priorParameters: 2 8 
R maxT: 1 
R_PriorDraw_first_mu: 0.4119554 
R_PriorDraw_first_nu: 5.386227 
R-CCU: Before ClusterLabelChange for i = 46 newLabel= 1 currentLabel= 1 
R-CCU: sum(pointsPerCluster) = 705 
 num [1:3] 702 1 2
NULL
R-CCU: After ClusterLabelChange for i = 46 
R-CCU: sum(pointsPerCluster) = 706 
 num [1:3] 703 1 2
NULL
R-CCU: dpObj$numberClusters = 3 
List of 2
 $ : num [1, 1, 1:3] 0.52 0.265 0.652
 $ : num [1, 1, 1:3] 2.69 3.79 3.21
NULL
R priorParameters: 2 8 
R maxT: 1 
R_PriorDraw_first_mu: 0.7872024 
R_PriorDraw_first_nu: 4.700966 
R-CCU: Before ClusterLabelChange for i = 47 newLabel= 1 currentLabel= 1 
R-CCU: sum(pointsPerCluster) = 706 
 num [1:3] 703 1 2
NULL
R-CCU: After ClusterLabelChange for i = 47 
R-CCU: sum(pointsPerCluster) = 707 
 num [1:3] 704 1 2
NULL
R-CCU: dpObj$numberClusters = 3 
List of 2
 $ : num [1, 1, 1:3] 0.52 0.265 0.652
 $ : num [1, 1, 1:3] 2.69 3.79 3.21
NULL
R priorParameters: 2 8 
R maxT: 1 
R_PriorDraw_first_mu: 0.6833322 
R_PriorDraw_first_nu: 8.877148 
R-CCU: Before ClusterLabelChange for i = 48 newLabel= 1 currentLabel= 1 
R-CCU: sum(pointsPerCluster) = 707 
 num [1:3] 704 1 2
NULL
R-CCU: After ClusterLabelChange for i = 48 
R-CCU: sum(pointsPerCluster) = 708 
 num [1:3] 705 1 2
NULL
R-CCU: dpObj$numberClusters = 3 
List of 2
 $ : num [1, 1, 1:3] 0.52 0.265 0.652
 $ : num [1, 1, 1:3] 2.69 3.79 3.21
NULL
R priorParameters: 2 8 
R maxT: 1 
R_PriorDraw_first_mu: 0.5638273 
R_PriorDraw_first_nu: 31.10491 
R-CCU: Before ClusterLabelChange for i = 49 newLabel= 1 currentLabel= 1 
R-CCU: sum(pointsPerCluster) = 708 
 num [1:3] 705 1 2
NULL
R-CCU: After ClusterLabelChange for i = 49 
R-CCU: sum(pointsPerCluster) = 709 
 num [1:3] 706 1 2
NULL
R-CCU: dpObj$numberClusters = 3 
List of 2
 $ : num [1, 1, 1:3] 0.52 0.265 0.652
 $ : num [1, 1, 1:3] 2.69 3.79 3.21
NULL
R priorParameters: 2 8 
R maxT: 1 
R_PriorDraw_first_mu: 0.5928478 
R_PriorDraw_first_nu: 14.37506 
R-CCU: Before ClusterLabelChange for i = 50 newLabel= 1 currentLabel= 1 
R-CCU: sum(pointsPerCluster) = 709 
 num [1:3] 706 1 2
NULL
R-CCU: After ClusterLabelChange for i = 50 
R-CCU: sum(pointsPerCluster) = 710 
 num [1:3] 707 1 2
NULL
R-CCU: dpObj$numberClusters = 3 
List of 2
 $ : num [1, 1, 1:3] 0.52 0.265 0.652
 $ : num [1, 1, 1:3] 2.69 3.79 3.21
NULL
R priorParameters: 2 8 
R maxT: 1 
R_PriorDraw_first_mu: 0.2810328 
R_PriorDraw_first_nu: 27.23873 
R-CCU: Before ClusterLabelChange for i = 51 newLabel= 1 currentLabel= 1 
R-CCU: sum(pointsPerCluster) = 710 
 num [1:3] 707 1 2
NULL
R-CCU: After ClusterLabelChange for i = 51 
R-CCU: sum(pointsPerCluster) = 711 
 num [1:3] 708 1 2
NULL
R-CCU: dpObj$numberClusters = 3 
List of 2
 $ : num [1, 1, 1:3] 0.52 0.265 0.652
 $ : num [1, 1, 1:3] 2.69 3.79 3.21
NULL
R priorParameters: 2 8 
R maxT: 1 
R_PriorDraw_first_mu: 0.07107844 
R_PriorDraw_first_nu: 1.31536 
R-CCU: Before ClusterLabelChange for i = 52 newLabel= 1 currentLabel= 1 
R-CCU: sum(pointsPerCluster) = 711 
 num [1:3] 708 1 2
NULL
R-CCU: After ClusterLabelChange for i = 52 
R-CCU: sum(pointsPerCluster) = 712 
 num [1:3] 709 1 2
NULL
R-CCU: dpObj$numberClusters = 3 
List of 2
 $ : num [1, 1, 1:3] 0.52 0.265 0.652
 $ : num [1, 1, 1:3] 2.69 3.79 3.21
NULL
R priorParameters: 2 8 
R maxT: 1 
R_PriorDraw_first_mu: 0.1261472 
R_PriorDraw_first_nu: 8.139173 
R-CCU: Before ClusterLabelChange for i = 53 newLabel= 1 currentLabel= 1 
R-CCU: sum(pointsPerCluster) = 712 
 num [1:3] 709 1 2
NULL
R-CCU: After ClusterLabelChange for i = 53 
R-CCU: sum(pointsPerCluster) = 713 
 num [1:3] 710 1 2
NULL
R-CCU: dpObj$numberClusters = 3 
List of 2
 $ : num [1, 1, 1:3] 0.52 0.265 0.652
 $ : num [1, 1, 1:3] 2.69 3.79 3.21
NULL
R priorParameters: 2 8 
R maxT: 1 
R_PriorDraw_first_mu: 0.9036308 
R_PriorDraw_first_nu: 6.068087 
R-CCU: Before ClusterLabelChange for i = 54 newLabel= 1 currentLabel= 1 
R-CCU: sum(pointsPerCluster) = 713 
 num [1:3] 710 1 2
NULL
R-CCU: After ClusterLabelChange for i = 54 
R-CCU: sum(pointsPerCluster) = 714 
 num [1:3] 711 1 2
NULL
R-CCU: dpObj$numberClusters = 3 
List of 2
 $ : num [1, 1, 1:3] 0.52 0.265 0.652
 $ : num [1, 1, 1:3] 2.69 3.79 3.21
NULL
R priorParameters: 2 8 
R maxT: 1 
R_PriorDraw_first_mu: 0.7556406 
R_PriorDraw_first_nu: 2.00621 
R-CCU: Before ClusterLabelChange for i = 55 newLabel= 1 currentLabel= 1 
R-CCU: sum(pointsPerCluster) = 714 
 num [1:3] 711 1 2
NULL
R-CCU: After ClusterLabelChange for i = 55 
R-CCU: sum(pointsPerCluster) = 715 
 num [1:3] 712 1 2
NULL
R-CCU: dpObj$numberClusters = 3 
List of 2
 $ : num [1, 1, 1:3] 0.52 0.265 0.652
 $ : num [1, 1, 1:3] 2.69 3.79 3.21
NULL
R priorParameters: 2 8 
R maxT: 1 
R_PriorDraw_first_mu: 0.6902665 
R_PriorDraw_first_nu: 2.123153 
R-CCU: Before ClusterLabelChange for i = 56 newLabel= 1 currentLabel= 1 
R-CCU: sum(pointsPerCluster) = 715 
 num [1:3] 712 1 2
NULL
R-CCU: After ClusterLabelChange for i = 56 
R-CCU: sum(pointsPerCluster) = 716 
 num [1:3] 713 1 2
NULL
R-CCU: dpObj$numberClusters = 3 
List of 2
 $ : num [1, 1, 1:3] 0.52 0.265 0.652
 $ : num [1, 1, 1:3] 2.69 3.79 3.21
NULL
R priorParameters: 2 8 
R maxT: 1 
R_PriorDraw_first_mu: 0.4430595 
R_PriorDraw_first_nu: 3.913958 
R-CCU: Before ClusterLabelChange for i = 57 newLabel= 1 currentLabel= 1 
R-CCU: sum(pointsPerCluster) = 716 
 num [1:3] 713 1 2
NULL
R-CCU: After ClusterLabelChange for i = 57 
R-CCU: sum(pointsPerCluster) = 717 
 num [1:3] 714 1 2
NULL
R-CCU: dpObj$numberClusters = 3 
List of 2
 $ : num [1, 1, 1:3] 0.52 0.265 0.652
 $ : num [1, 1, 1:3] 2.69 3.79 3.21
NULL
R priorParameters: 2 8 
R maxT: 1 
R_PriorDraw_first_mu: 0.3578217 
R_PriorDraw_first_nu: 5.162986 
R-CCU: Before ClusterLabelChange for i = 58 newLabel= 1 currentLabel= 1 
R-CCU: sum(pointsPerCluster) = 717 
 num [1:3] 714 1 2
NULL
R-CCU: After ClusterLabelChange for i = 58 
R-CCU: sum(pointsPerCluster) = 718 
 num [1:3] 715 1 2
NULL
R-CCU: dpObj$numberClusters = 3 
List of 2
 $ : num [1, 1, 1:3] 0.52 0.265 0.652
 $ : num [1, 1, 1:3] 2.69 3.79 3.21
NULL
R priorParameters: 2 8 
R maxT: 1 
R_PriorDraw_first_mu: 0.2512241 
R_PriorDraw_first_nu: 2.64915 
R-CCU: Before ClusterLabelChange for i = 59 newLabel= 1 currentLabel= 1 
R-CCU: sum(pointsPerCluster) = 718 
 num [1:3] 715 1 2
NULL
R-CCU: After ClusterLabelChange for i = 59 
R-CCU: sum(pointsPerCluster) = 719 
 num [1:3] 716 1 2
NULL
R-CCU: dpObj$numberClusters = 3 
List of 2
 $ : num [1, 1, 1:3] 0.52 0.265 0.652
 $ : num [1, 1, 1:3] 2.69 3.79 3.21
NULL
R priorParameters: 2 8 
R maxT: 1 
R_PriorDraw_first_mu: 0.8761621 
R_PriorDraw_first_nu: 4.516474 
R-CCU: Before ClusterLabelChange for i = 60 newLabel= 1 currentLabel= 1 
R-CCU: sum(pointsPerCluster) = 719 
 num [1:3] 716 1 2
NULL
R-CCU: After ClusterLabelChange for i = 60 
R-CCU: sum(pointsPerCluster) = 720 
 num [1:3] 717 1 2
NULL
R-CCU: dpObj$numberClusters = 3 
List of 2
 $ : num [1, 1, 1:3] 0.52 0.265 0.652
 $ : num [1, 1, 1:3] 2.69 3.79 3.21
NULL

⠙ |   22      0 | Beta Distribution Full Integration Test          R priorParameters: 2 8 
R maxT: 1 
R_PriorDraw_first_mu: 0.5803687 
R_PriorDraw_first_nu: 5.059578 
R-CCU: Before ClusterLabelChange for i = 1 newLabel= 1 currentLabel= 1 
R-CCU: sum(pointsPerCluster) = 720 
 num [1:3] 717 1 2
NULL
R-CCU: After ClusterLabelChange for i = 1 
R-CCU: sum(pointsPerCluster) = 721 
 num [1:3] 718 1 2
NULL
R-CCU: dpObj$numberClusters = 3 
List of 2
 $ : num [1, 1, 1:3] 0.488 0.265 0.652
 $ : num [1, 1, 1:3] 2.64 3.79 3.21
NULL
R priorParameters: 2 8 
R maxT: 1 
R_PriorDraw_first_mu: 0.4105558 
R_PriorDraw_first_nu: 6.555761 
R-CCU: Before ClusterLabelChange for i = 2 newLabel= 1 currentLabel= 1 
R-CCU: sum(pointsPerCluster) = 721 
 num [1:3] 718 1 2
NULL
R-CCU: After ClusterLabelChange for i = 2 
R-CCU: sum(pointsPerCluster) = 722 
 num [1:3] 719 1 2
NULL
R-CCU: dpObj$numberClusters = 3 
List of 2
 $ : num [1, 1, 1:3] 0.488 0.265 0.652
 $ : num [1, 1, 1:3] 2.64 3.79 3.21
NULL
R priorParameters: 2 8 
R maxT: 1 
R_PriorDraw_first_mu: 0.4172008 
R_PriorDraw_first_nu: 3.733698 
R-CCU: Before ClusterLabelChange for i = 3 newLabel= 1 currentLabel= 1 
R-CCU: sum(pointsPerCluster) = 722 
 num [1:3] 719 1 2
NULL
R-CCU: After ClusterLabelChange for i = 3 
R-CCU: sum(pointsPerCluster) = 723 
 num [1:3] 720 1 2
NULL
R-CCU: dpObj$numberClusters = 3 
List of 2
 $ : num [1, 1, 1:3] 0.488 0.265 0.652
 $ : num [1, 1, 1:3] 2.64 3.79 3.21
NULL
R priorParameters: 2 8 
R maxT: 1 
R_PriorDraw_first_mu: 0.5986446 
R_PriorDraw_first_nu: 16.13469 
R-CCU: Before ClusterLabelChange for i = 4 newLabel= 1 currentLabel= 1 
R-CCU: sum(pointsPerCluster) = 723 
 num [1:3] 720 1 2
NULL
R-CCU: After ClusterLabelChange for i = 4 
R-CCU: sum(pointsPerCluster) = 724 
 num [1:3] 721 1 2
NULL
R-CCU: dpObj$numberClusters = 3 
List of 2
 $ : num [1, 1, 1:3] 0.488 0.265 0.652
 $ : num [1, 1, 1:3] 2.64 3.79 3.21
NULL
R priorParameters: 2 8 
R maxT: 1 
R_PriorDraw_first_mu: 0.4827298 
R_PriorDraw_first_nu: 8.03252 
R-CCU: Before ClusterLabelChange for i = 5 newLabel= 1 currentLabel= 1 
R-CCU: sum(pointsPerCluster) = 724 
 num [1:3] 721 1 2
NULL
R-CCU: After ClusterLabelChange for i = 5 
R-CCU: sum(pointsPerCluster) = 725 
 num [1:3] 722 1 2
NULL
R-CCU: dpObj$numberClusters = 3 
List of 2
 $ : num [1, 1, 1:3] 0.488 0.265 0.652
 $ : num [1, 1, 1:3] 2.64 3.79 3.21
NULL
R priorParameters: 2 8 
R maxT: 1 
R_PriorDraw_first_mu: 0.6508361 
R_PriorDraw_first_nu: 7.96987 
R-CCU: Before ClusterLabelChange for i = 6 newLabel= 1 currentLabel= 1 
R-CCU: sum(pointsPerCluster) = 725 
 num [1:3] 722 1 2
NULL
R-CCU: After ClusterLabelChange for i = 6 
R-CCU: sum(pointsPerCluster) = 726 
 num [1:3] 723 1 2
NULL
R-CCU: dpObj$numberClusters = 3 
List of 2
 $ : num [1, 1, 1:3] 0.488 0.265 0.652
 $ : num [1, 1, 1:3] 2.64 3.79 3.21
NULL
R priorParameters: 2 8 
R maxT: 1 
R_PriorDraw_first_mu: 0.7384627 
R_PriorDraw_first_nu: 4.114664 
R-CCU: Before ClusterLabelChange for i = 7 newLabel= 1 currentLabel= 1 
R-CCU: sum(pointsPerCluster) = 726 
 num [1:3] 723 1 2
NULL
R-CCU: After ClusterLabelChange for i = 7 
R-CCU: sum(pointsPerCluster) = 727 
 num [1:3] 724 1 2
NULL
R-CCU: dpObj$numberClusters = 3 
List of 2
 $ : num [1, 1, 1:3] 0.488 0.265 0.652
 $ : num [1, 1, 1:3] 2.64 3.79 3.21
NULL
R priorParameters: 2 8 
R maxT: 1 
R_PriorDraw_first_mu: 0.3885104 
R_PriorDraw_first_nu: 11.50682 
R-CCU: Before ClusterLabelChange for i = 8 newLabel= 1 currentLabel= 1 
R-CCU: sum(pointsPerCluster) = 727 
 num [1:3] 724 1 2
NULL
R-CCU: After ClusterLabelChange for i = 8 
R-CCU: sum(pointsPerCluster) = 728 
 num [1:3] 725 1 2
NULL
R-CCU: dpObj$numberClusters = 3 
List of 2
 $ : num [1, 1, 1:3] 0.488 0.265 0.652
 $ : num [1, 1, 1:3] 2.64 3.79 3.21
NULL
R priorParameters: 2 8 
R maxT: 1 
R_PriorDraw_first_mu: 0.1132467 
R_PriorDraw_first_nu: 6.369066 
R-CCU: Before ClusterLabelChange for i = 9 newLabel= 1 currentLabel= 1 
R-CCU: sum(pointsPerCluster) = 728 
 num [1:3] 725 1 2
NULL
R-CCU: After ClusterLabelChange for i = 9 
R-CCU: sum(pointsPerCluster) = 729 
 num [1:3] 726 1 2
NULL
R-CCU: dpObj$numberClusters = 3 
List of 2
 $ : num [1, 1, 1:3] 0.488 0.265 0.652
 $ : num [1, 1, 1:3] 2.64 3.79 3.21
NULL
R priorParameters: 2 8 
R maxT: 1 
R_PriorDraw_first_mu: 0.04414212 
R_PriorDraw_first_nu: 5.871675 
R-CCU: Before ClusterLabelChange for i = 10 newLabel= 1 currentLabel= 1 
R-CCU: sum(pointsPerCluster) = 729 
 num [1:3] 726 1 2
NULL
R-CCU: After ClusterLabelChange for i = 10 
R-CCU: sum(pointsPerCluster) = 730 
 num [1:3] 727 1 2
NULL
R-CCU: dpObj$numberClusters = 3 
List of 2
 $ : num [1, 1, 1:3] 0.488 0.265 0.652
 $ : num [1, 1, 1:3] 2.64 3.79 3.21
NULL
R priorParameters: 2 8 
R maxT: 1 
R_PriorDraw_first_mu: 0.7799331 
R_PriorDraw_first_nu: 6.049316 
R-CCU: Before ClusterLabelChange for i = 11 newLabel= 1 currentLabel= 1 
R-CCU: sum(pointsPerCluster) = 730 
 num [1:3] 727 1 2
NULL
R-CCU: After ClusterLabelChange for i = 11 
R-CCU: sum(pointsPerCluster) = 731 
 num [1:3] 728 1 2
NULL
R-CCU: dpObj$numberClusters = 3 
List of 2
 $ : num [1, 1, 1:3] 0.488 0.265 0.652
 $ : num [1, 1, 1:3] 2.64 3.79 3.21
NULL
R priorParameters: 2 8 
R maxT: 1 
R_PriorDraw_first_mu: 0.6606983 
R_PriorDraw_first_nu: 8.807632 
R-CCU: Before ClusterLabelChange for i = 12 newLabel= 1 currentLabel= 1 
R-CCU: sum(pointsPerCluster) = 731 
 num [1:3] 728 1 2
NULL
R-CCU: After ClusterLabelChange for i = 12 
R-CCU: sum(pointsPerCluster) = 732 
 num [1:3] 729 1 2
NULL
R-CCU: dpObj$numberClusters = 3 
List of 2
 $ : num [1, 1, 1:3] 0.488 0.265 0.652
 $ : num [1, 1, 1:3] 2.64 3.79 3.21
NULL
R priorParameters: 2 8 
R maxT: 1 
R_PriorDraw_first_mu: 0.05292656 
R_PriorDraw_first_nu: 4.110527 
R-CCU: Before ClusterLabelChange for i = 13 newLabel= 1 currentLabel= 1 
R-CCU: sum(pointsPerCluster) = 732 
 num [1:3] 729 1 2
NULL
R-CCU: After ClusterLabelChange for i = 13 
R-CCU: sum(pointsPerCluster) = 733 
 num [1:3] 730 1 2
NULL
R-CCU: dpObj$numberClusters = 3 
List of 2
 $ : num [1, 1, 1:3] 0.488 0.265 0.652
 $ : num [1, 1, 1:3] 2.64 3.79 3.21
NULL
R priorParameters: 2 8 
R maxT: 1 
R_PriorDraw_first_mu: 0.4725134 
R_PriorDraw_first_nu: 12.05476 
R-CCU: Before ClusterLabelChange for i = 14 newLabel= 1 currentLabel= 1 
R-CCU: sum(pointsPerCluster) = 733 
 num [1:3] 730 1 2
NULL
R-CCU: After ClusterLabelChange for i = 14 
R-CCU: sum(pointsPerCluster) = 734 
 num [1:3] 731 1 2
NULL
R-CCU: dpObj$numberClusters = 3 
List of 2
 $ : num [1, 1, 1:3] 0.488 0.265 0.652
 $ : num [1, 1, 1:3] 2.64 3.79 3.21
NULL
R priorParameters: 2 8 
R maxT: 1 
R_PriorDraw_first_mu: 0.6005473 
R_PriorDraw_first_nu: 4.518375 
R-CCU: Before ClusterLabelChange for i = 15 newLabel= 1 currentLabel= 1 
R-CCU: sum(pointsPerCluster) = 734 
 num [1:3] 731 1 2
NULL
R-CCU: After ClusterLabelChange for i = 15 
R-CCU: sum(pointsPerCluster) = 735 
 num [1:3] 732 1 2
NULL
R-CCU: dpObj$numberClusters = 3 
List of 2
 $ : num [1, 1, 1:3] 0.488 0.265 0.652
 $ : num [1, 1, 1:3] 2.64 3.79 3.21
NULL
R priorParameters: 2 8 
R maxT: 1 
R_PriorDraw_first_mu: 0.7864775 
R_PriorDraw_first_nu: 1.791969 
R-CCU: Before ClusterLabelChange for i = 16 newLabel= 1 currentLabel= 1 
R-CCU: sum(pointsPerCluster) = 735 
 num [1:3] 732 1 2
NULL
R-CCU: After ClusterLabelChange for i = 16 
R-CCU: sum(pointsPerCluster) = 736 
 num [1:3] 733 1 2
NULL
R-CCU: dpObj$numberClusters = 3 
List of 2
 $ : num [1, 1, 1:3] 0.488 0.265 0.652
 $ : num [1, 1, 1:3] 2.64 3.79 3.21
NULL
R priorParameters: 2 8 
R maxT: 1 
R_PriorDraw_first_mu: 0.4321487 
R_PriorDraw_first_nu: 1.840177 
R-CCU: Before ClusterLabelChange for i = 17 newLabel= 1 currentLabel= 1 
R-CCU: sum(pointsPerCluster) = 736 
 num [1:3] 733 1 2
NULL
R-CCU: After ClusterLabelChange for i = 17 
R-CCU: sum(pointsPerCluster) = 737 
 num [1:3] 734 1 2
NULL
R-CCU: dpObj$numberClusters = 3 
List of 2
 $ : num [1, 1, 1:3] 0.488 0.265 0.652
 $ : num [1, 1, 1:3] 2.64 3.79 3.21
NULL
R priorParameters: 2 8 
R maxT: 1 
R_PriorDraw_first_mu: 0.1815683 
R_PriorDraw_first_nu: 9.143519 
R-CCU: Before ClusterLabelChange for i = 18 newLabel= 1 currentLabel= 1 
R-CCU: sum(pointsPerCluster) = 737 
 num [1:3] 734 1 2
NULL
R-CCU: After ClusterLabelChange for i = 18 
R-CCU: sum(pointsPerCluster) = 738 
 num [1:3] 735 1 2
NULL
R-CCU: dpObj$numberClusters = 3 
List of 2
 $ : num [1, 1, 1:3] 0.488 0.265 0.652
 $ : num [1, 1, 1:3] 2.64 3.79 3.21
NULL
R priorParameters: 2 8 
R maxT: 1 
R_PriorDraw_first_mu: 0.2582511 
R_PriorDraw_first_nu: 40.21851 
R-CCU: Before ClusterLabelChange for i = 19 newLabel= 1 currentLabel= 1 
R-CCU: sum(pointsPerCluster) = 738 
 num [1:3] 735 1 2
NULL
R-CCU: After ClusterLabelChange for i = 19 
R-CCU: sum(pointsPerCluster) = 739 
 num [1:3] 736 1 2
NULL
R-CCU: dpObj$numberClusters = 3 
List of 2
 $ : num [1, 1, 1:3] 0.488 0.265 0.652
 $ : num [1, 1, 1:3] 2.64 3.79 3.21
NULL
R priorParameters: 2 8 
R maxT: 1 
R_PriorDraw_first_mu: 0.952962 
R_PriorDraw_first_nu: 9.100491 
R-CCU: Before ClusterLabelChange for i = 20 newLabel= 1 currentLabel= 1 
R-CCU: sum(pointsPerCluster) = 739 
 num [1:3] 736 1 2
NULL
R-CCU: After ClusterLabelChange for i = 20 
R-CCU: sum(pointsPerCluster) = 740 
 num [1:3] 737 1 2
NULL
R-CCU: dpObj$numberClusters = 3 
List of 2
 $ : num [1, 1, 1:3] 0.488 0.265 0.652
 $ : num [1, 1, 1:3] 2.64 3.79 3.21
NULL
R priorParameters: 2 8 
R maxT: 1 
R_PriorDraw_first_mu: 0.4223232 
R_PriorDraw_first_nu: 2.836458 
R-CCU: Before ClusterLabelChange for i = 21 newLabel= 1 currentLabel= 1 
R-CCU: sum(pointsPerCluster) = 740 
 num [1:3] 737 1 2
NULL
R-CCU: After ClusterLabelChange for i = 21 
R-CCU: sum(pointsPerCluster) = 741 
 num [1:3] 738 1 2
NULL
R-CCU: dpObj$numberClusters = 3 
List of 2
 $ : num [1, 1, 1:3] 0.488 0.265 0.652
 $ : num [1, 1, 1:3] 2.64 3.79 3.21
NULL
R priorParameters: 2 8 
R maxT: 1 
R_PriorDraw_first_mu: 0.06089218 
R_PriorDraw_first_nu: 5.994515 
R-CCU: Before ClusterLabelChange for i = 22 newLabel= 1 currentLabel= 1 
R-CCU: sum(pointsPerCluster) = 741 
 num [1:3] 738 1 2
NULL
R-CCU: After ClusterLabelChange for i = 22 
R-CCU: sum(pointsPerCluster) = 742 
 num [1:3] 739 1 2
NULL
R-CCU: dpObj$numberClusters = 3 
List of 2
 $ : num [1, 1, 1:3] 0.488 0.265 0.652
 $ : num [1, 1, 1:3] 2.64 3.79 3.21
NULL
R priorParameters: 2 8 
R maxT: 1 
R_PriorDraw_first_mu: 0.5136234 
R_PriorDraw_first_nu: 1.802323 
R-CCU: Before ClusterLabelChange for i = 23 newLabel= 1 currentLabel= 1 
R-CCU: sum(pointsPerCluster) = 742 
 num [1:3] 739 1 2
NULL
R-CCU: After ClusterLabelChange for i = 23 
R-CCU: sum(pointsPerCluster) = 743 
 num [1:3] 740 1 2
NULL
R-CCU: dpObj$numberClusters = 3 
List of 2
 $ : num [1, 1, 1:3] 0.488 0.265 0.652
 $ : num [1, 1, 1:3] 2.64 3.79 3.21
NULL
R priorParameters: 2 8 
R maxT: 1 
R_PriorDraw_first_mu: 0.7518415 
R_PriorDraw_first_nu: 5.405 
R-CCU: Before ClusterLabelChange for i = 24 newLabel= 1 currentLabel= 1 
R-CCU: sum(pointsPerCluster) = 743 
 num [1:3] 740 1 2
NULL
R-CCU: After ClusterLabelChange for i = 24 
R-CCU: sum(pointsPerCluster) = 744 
 num [1:3] 741 1 2
NULL
R-CCU: dpObj$numberClusters = 3 
List of 2
 $ : num [1, 1, 1:3] 0.488 0.265 0.652
 $ : num [1, 1, 1:3] 2.64 3.79 3.21
NULL
R priorParameters: 2 8 
R maxT: 1 
R_PriorDraw_first_mu: 0.3282684 
R_PriorDraw_first_nu: 25.38654 
R-CCU: Before ClusterLabelChange for i = 25 newLabel= 1 currentLabel= 1 
R-CCU: sum(pointsPerCluster) = 744 
 num [1:3] 741 1 2
NULL
R-CCU: After ClusterLabelChange for i = 25 
R-CCU: sum(pointsPerCluster) = 745 
 num [1:3] 742 1 2
NULL
R-CCU: dpObj$numberClusters = 3 
List of 2
 $ : num [1, 1, 1:3] 0.488 0.265 0.652
 $ : num [1, 1, 1:3] 2.64 3.79 3.21
NULL
R priorParameters: 2 8 
R maxT: 1 
R_PriorDraw_first_mu: 0.3805426 
R_PriorDraw_first_nu: 29.35962 
R-CCU: Before ClusterLabelChange for i = 26 newLabel= 1 currentLabel= 1 
R-CCU: sum(pointsPerCluster) = 745 
 num [1:3] 742 1 2
NULL
R-CCU: After ClusterLabelChange for i = 26 
R-CCU: sum(pointsPerCluster) = 746 
 num [1:3] 743 1 2
NULL
R-CCU: dpObj$numberClusters = 3 
List of 2
 $ : num [1, 1, 1:3] 0.488 0.265 0.652
 $ : num [1, 1, 1:3] 2.64 3.79 3.21
NULL
R priorParameters: 2 8 
R maxT: 1 
R_PriorDraw_first_mu: 0.4025069 
R_PriorDraw_first_nu: 4.194782 
R-CCU: Before ClusterLabelChange for i = 27 newLabel= 1 currentLabel= 1 
R-CCU: sum(pointsPerCluster) = 746 
 num [1:3] 743 1 2
NULL
R-CCU: After ClusterLabelChange for i = 27 
R-CCU: sum(pointsPerCluster) = 747 
 num [1:3] 744 1 2
NULL
R-CCU: dpObj$numberClusters = 3 
List of 2
 $ : num [1, 1, 1:3] 0.488 0.265 0.652
 $ : num [1, 1, 1:3] 2.64 3.79 3.21
NULL
R priorParameters: 2 8 
R maxT: 1 
R_PriorDraw_first_mu: 0.7092445 
R_PriorDraw_first_nu: 35.66364 
R-CCU: Before ClusterLabelChange for i = 28 newLabel= 1 currentLabel= 1 
R-CCU: sum(pointsPerCluster) = 747 
 num [1:3] 744 1 2
NULL
R-CCU: After ClusterLabelChange for i = 28 
R-CCU: sum(pointsPerCluster) = 748 
 num [1:3] 745 1 2
NULL
R-CCU: dpObj$numberClusters = 3 
List of 2
 $ : num [1, 1, 1:3] 0.488 0.265 0.652
 $ : num [1, 1, 1:3] 2.64 3.79 3.21
NULL
R priorParameters: 2 8 
R maxT: 1 
R_PriorDraw_first_mu: 0.1178401 
R_PriorDraw_first_nu: 28.09728 
R-CCU: Before ClusterLabelChange for i = 29 newLabel= 1 currentLabel= 1 
R-CCU: sum(pointsPerCluster) = 748 
 num [1:3] 745 1 2
NULL
R-CCU: After ClusterLabelChange for i = 29 
R-CCU: sum(pointsPerCluster) = 749 
 num [1:3] 746 1 2
NULL
R-CCU: dpObj$numberClusters = 3 
List of 2
 $ : num [1, 1, 1:3] 0.488 0.265 0.652
 $ : num [1, 1, 1:3] 2.64 3.79 3.21
NULL
R priorParameters: 2 8 
R maxT: 1 
R_PriorDraw_first_mu: 0.5586463 
R_PriorDraw_first_nu: 14.77961 
R-CCU: Before ClusterLabelChange for i = 30 newLabel= 1 currentLabel= 1 
R-CCU: sum(pointsPerCluster) = 749 
 num [1:3] 746 1 2
NULL
R-CCU: After ClusterLabelChange for i = 30 
R-CCU: sum(pointsPerCluster) = 750 
 num [1:3] 747 1 2
NULL
R-CCU: dpObj$numberClusters = 3 
List of 2
 $ : num [1, 1, 1:3] 0.488 0.265 0.652
 $ : num [1, 1, 1:3] 2.64 3.79 3.21
NULL
R priorParameters: 2 8 
R maxT: 1 
R_PriorDraw_first_mu: 0.9692402 
R_PriorDraw_first_nu: 6.530373 
R-CCU: Before ClusterLabelChange for i = 31 newLabel= 1 currentLabel= 1 
R-CCU: sum(pointsPerCluster) = 750 
 num [1:3] 747 1 2
NULL
R-CCU: After ClusterLabelChange for i = 31 
R-CCU: sum(pointsPerCluster) = 751 
 num [1:3] 748 1 2
NULL
R-CCU: dpObj$numberClusters = 3 
List of 2
 $ : num [1, 1, 1:3] 0.488 0.265 0.652
 $ : num [1, 1, 1:3] 2.64 3.79 3.21
NULL
R priorParameters: 2 8 
R maxT: 1 
R_PriorDraw_first_mu: 0.6749612 
R_PriorDraw_first_nu: 2.526734 
R-CCU: Before ClusterLabelChange for i = 32 newLabel= 1 currentLabel= 1 
R-CCU: sum(pointsPerCluster) = 751 
 num [1:3] 748 1 2
NULL
R-CCU: After ClusterLabelChange for i = 32 
R-CCU: sum(pointsPerCluster) = 752 
 num [1:3] 749 1 2
NULL
R-CCU: dpObj$numberClusters = 3 
List of 2
 $ : num [1, 1, 1:3] 0.488 0.265 0.652
 $ : num [1, 1, 1:3] 2.64 3.79 3.21
NULL
R priorParameters: 2 8 
R maxT: 1 
R_PriorDraw_first_mu: 0.3835784 
R_PriorDraw_first_nu: 5.333324 
R-CCU: Before ClusterLabelChange for i = 33 newLabel= 1 currentLabel= 1 
R-CCU: sum(pointsPerCluster) = 752 
 num [1:3] 749 1 2
NULL
R-CCU: After ClusterLabelChange for i = 33 
R-CCU: sum(pointsPerCluster) = 753 
 num [1:3] 750 1 2
NULL
R-CCU: dpObj$numberClusters = 3 
List of 2
 $ : num [1, 1, 1:3] 0.488 0.265 0.652
 $ : num [1, 1, 1:3] 2.64 3.79 3.21
NULL
R priorParameters: 2 8 
R maxT: 1 
R_PriorDraw_first_mu: 0.4275264 
R_PriorDraw_first_nu: 7.983854 
R-CCU: Before ClusterLabelChange for i = 34 newLabel= 1 currentLabel= 1 
R-CCU: sum(pointsPerCluster) = 753 
 num [1:3] 750 1 2
NULL
R-CCU: After ClusterLabelChange for i = 34 
R-CCU: sum(pointsPerCluster) = 754 
 num [1:3] 751 1 2
NULL
R-CCU: dpObj$numberClusters = 3 
List of 2
 $ : num [1, 1, 1:3] 0.488 0.265 0.652
 $ : num [1, 1, 1:3] 2.64 3.79 3.21
NULL
R priorParameters: 2 8 
R maxT: 1 
R_PriorDraw_first_mu: 0.2385696 
R_PriorDraw_first_nu: 2.737522 
R-CCU: Before ClusterLabelChange for i = 35 newLabel= 1 currentLabel= 1 
R-CCU: sum(pointsPerCluster) = 754 
 num [1:3] 751 1 2
NULL
R-CCU: After ClusterLabelChange for i = 35 
R-CCU: sum(pointsPerCluster) = 755 
 num [1:3] 752 1 2
NULL
R-CCU: dpObj$numberClusters = 3 
List of 2
 $ : num [1, 1, 1:3] 0.488 0.265 0.652
 $ : num [1, 1, 1:3] 2.64 3.79 3.21
NULL
R priorParameters: 2 8 
R maxT: 1 
R_PriorDraw_first_mu: 0.7671219 
R_PriorDraw_first_nu: 9.925147 
R-CCU: Before ClusterLabelChange for i = 36 newLabel= 1 currentLabel= 1 
R-CCU: sum(pointsPerCluster) = 755 
 num [1:3] 752 1 2
NULL
R-CCU: After ClusterLabelChange for i = 36 
R-CCU: sum(pointsPerCluster) = 756 
 num [1:3] 753 1 2
NULL
R-CCU: dpObj$numberClusters = 3 
List of 2
 $ : num [1, 1, 1:3] 0.488 0.265 0.652
 $ : num [1, 1, 1:3] 2.64 3.79 3.21
NULL
R priorParameters: 2 8 
R maxT: 1 
R_PriorDraw_first_mu: 0.222937 
R_PriorDraw_first_nu: 5.412317 
R-CCU: Before ClusterLabelChange for i = 37 newLabel= 1 currentLabel= 1 
R-CCU: sum(pointsPerCluster) = 756 
 num [1:3] 753 1 2
NULL
R-CCU: After ClusterLabelChange for i = 37 
R-CCU: sum(pointsPerCluster) = 757 
 num [1:3] 754 1 2
NULL
R-CCU: dpObj$numberClusters = 3 
List of 2
 $ : num [1, 1, 1:3] 0.488 0.265 0.652
 $ : num [1, 1, 1:3] 2.64 3.79 3.21
NULL
R priorParameters: 2 8 
R maxT: 1 
R_PriorDraw_first_mu: 0.2115463 
R_PriorDraw_first_nu: 3.109162 
R-CCU: Before ClusterLabelChange for i = 38 newLabel= 1 currentLabel= 1 
R-CCU: sum(pointsPerCluster) = 757 
 num [1:3] 754 1 2
NULL
R-CCU: After ClusterLabelChange for i = 38 
R-CCU: sum(pointsPerCluster) = 758 
 num [1:3] 755 1 2
NULL
R-CCU: dpObj$numberClusters = 3 
List of 2
 $ : num [1, 1, 1:3] 0.488 0.265 0.652
 $ : num [1, 1, 1:3] 2.64 3.79 3.21
NULL
R priorParameters: 2 8 
R maxT: 1 
R_PriorDraw_first_mu: 0.1144893 
R_PriorDraw_first_nu: 4.864376 
R-CCU: Before ClusterLabelChange for i = 39 newLabel= 1 currentLabel= 1 
R-CCU: sum(pointsPerCluster) = 758 
 num [1:3] 755 1 2
NULL
R-CCU: After ClusterLabelChange for i = 39 
R-CCU: sum(pointsPerCluster) = 759 
 num [1:3] 756 1 2
NULL
R-CCU: dpObj$numberClusters = 3 
List of 2
 $ : num [1, 1, 1:3] 0.488 0.265 0.652
 $ : num [1, 1, 1:3] 2.64 3.79 3.21
NULL
R priorParameters: 2 8 
R maxT: 1 
R_PriorDraw_first_mu: 0.3428206 
R_PriorDraw_first_nu: 2.20808 
R-CCU: Before ClusterLabelChange for i = 40 newLabel= 1 currentLabel= 1 
R-CCU: sum(pointsPerCluster) = 759 
 num [1:3] 756 1 2
NULL
R-CCU: After ClusterLabelChange for i = 40 
R-CCU: sum(pointsPerCluster) = 760 
 num [1:3] 757 1 2
NULL
R-CCU: dpObj$numberClusters = 3 
List of 2
 $ : num [1, 1, 1:3] 0.488 0.265 0.652
 $ : num [1, 1, 1:3] 2.64 3.79 3.21
NULL
R priorParameters: 2 8 
R maxT: 1 
R_PriorDraw_first_mu: 0.9458058 
R_PriorDraw_first_nu: 3.922618 
R-CCU: Before ClusterLabelChange for i = 41 newLabel= 1 currentLabel= 1 
R-CCU: sum(pointsPerCluster) = 760 
 num [1:3] 757 1 2
NULL
R-CCU: After ClusterLabelChange for i = 41 
R-CCU: sum(pointsPerCluster) = 761 
 num [1:3] 758 1 2
NULL
R-CCU: dpObj$numberClusters = 3 
List of 2
 $ : num [1, 1, 1:3] 0.488 0.265 0.652
 $ : num [1, 1, 1:3] 2.64 3.79 3.21
NULL
R priorParameters: 2 8 
R maxT: 1 
R_PriorDraw_first_mu: 0.8771434 
R_PriorDraw_first_nu: 3.900645 
R-CCU: Before ClusterLabelChange for i = 42 newLabel= 1 currentLabel= 1 
R-CCU: sum(pointsPerCluster) = 761 
 num [1:3] 758 1 2
NULL
R-CCU: After ClusterLabelChange for i = 42 
R-CCU: sum(pointsPerCluster) = 762 
 num [1:3] 759 1 2
NULL
R-CCU: dpObj$numberClusters = 3 
List of 2
 $ : num [1, 1, 1:3] 0.488 0.265 0.652
 $ : num [1, 1, 1:3] 2.64 3.79 3.21
NULL
R priorParameters: 2 8 
R maxT: 1 
R_PriorDraw_first_mu: 0.7887465 
R_PriorDraw_first_nu: 3.650384 
R-CCU: Before ClusterLabelChange for i = 43 newLabel= 1 currentLabel= 1 
R-CCU: sum(pointsPerCluster) = 762 
 num [1:3] 759 1 2
NULL
R-CCU: After ClusterLabelChange for i = 43 
R-CCU: sum(pointsPerCluster) = 763 
 num [1:3] 760 1 2
NULL
R-CCU: dpObj$numberClusters = 3 
List of 2
 $ : num [1, 1, 1:3] 0.488 0.265 0.652
 $ : num [1, 1, 1:3] 2.64 3.79 3.21
NULL
R priorParameters: 2 8 
R maxT: 1 
R_PriorDraw_first_mu: 0.6336249 
R_PriorDraw_first_nu: 8.029447 
R-CCU: Before ClusterLabelChange for i = 44 newLabel= 1 currentLabel= 1 
R-CCU: sum(pointsPerCluster) = 763 
 num [1:3] 760 1 2
NULL
R-CCU: After ClusterLabelChange for i = 44 
R-CCU: sum(pointsPerCluster) = 764 
 num [1:3] 761 1 2
NULL
R-CCU: dpObj$numberClusters = 3 
List of 2
 $ : num [1, 1, 1:3] 0.488 0.265 0.652
 $ : num [1, 1, 1:3] 2.64 3.79 3.21
NULL
R priorParameters: 2 8 
R maxT: 1 
R_PriorDraw_first_mu: 0.2313496 
R_PriorDraw_first_nu: 1.365543 
R-CCU: Before ClusterLabelChange for i = 45 newLabel= 1 currentLabel= 1 
R-CCU: sum(pointsPerCluster) = 764 
 num [1:3] 761 1 2
NULL
R-CCU: After ClusterLabelChange for i = 45 
R-CCU: sum(pointsPerCluster) = 765 
 num [1:3] 762 1 2
NULL
R-CCU: dpObj$numberClusters = 3 
List of 2
 $ : num [1, 1, 1:3] 0.488 0.265 0.652
 $ : num [1, 1, 1:3] 2.64 3.79 3.21
NULL
R priorParameters: 2 8 
R maxT: 1 
R_PriorDraw_first_mu: 0.9691269 
R_PriorDraw_first_nu: 8.098945 
R-CCU: Before ClusterLabelChange for i = 46 newLabel= 1 currentLabel= 1 
R-CCU: sum(pointsPerCluster) = 765 
 num [1:3] 762 1 2
NULL
R-CCU: After ClusterLabelChange for i = 46 
R-CCU: sum(pointsPerCluster) = 766 
 num [1:3] 763 1 2
NULL
R-CCU: dpObj$numberClusters = 3 
List of 2
 $ : num [1, 1, 1:3] 0.488 0.265 0.652
 $ : num [1, 1, 1:3] 2.64 3.79 3.21
NULL
R priorParameters: 2 8 
R maxT: 1 
R_PriorDraw_first_mu: 0.3071515 
R_PriorDraw_first_nu: 4.565046 
R-CCU: Before ClusterLabelChange for i = 47 newLabel= 1 currentLabel= 1 
R-CCU: sum(pointsPerCluster) = 766 
 num [1:3] 763 1 2
NULL
R-CCU: After ClusterLabelChange for i = 47 
R-CCU: sum(pointsPerCluster) = 767 
 num [1:3] 764 1 2
NULL
R-CCU: dpObj$numberClusters = 3 
List of 2
 $ : num [1, 1, 1:3] 0.488 0.265 0.652
 $ : num [1, 1, 1:3] 2.64 3.79 3.21
NULL
R priorParameters: 2 8 
R maxT: 1 
R_PriorDraw_first_mu: 0.1459717 
R_PriorDraw_first_nu: 1.602516 
R-CCU: Before ClusterLabelChange for i = 48 newLabel= 1 currentLabel= 1 
R-CCU: sum(pointsPerCluster) = 767 
 num [1:3] 764 1 2
NULL
R-CCU: After ClusterLabelChange for i = 48 
R-CCU: sum(pointsPerCluster) = 768 
 num [1:3] 765 1 2
NULL
R-CCU: dpObj$numberClusters = 3 
List of 2
 $ : num [1, 1, 1:3] 0.488 0.265 0.652
 $ : num [1, 1, 1:3] 2.64 3.79 3.21
NULL
R priorParameters: 2 8 
R maxT: 1 
R_PriorDraw_first_mu: 0.6046594 
R_PriorDraw_first_nu: 13.14251 
R-CCU: Before ClusterLabelChange for i = 49 newLabel= 1 currentLabel= 1 
R-CCU: sum(pointsPerCluster) = 768 
 num [1:3] 765 1 2
NULL
R-CCU: After ClusterLabelChange for i = 49 
R-CCU: sum(pointsPerCluster) = 769 
 num [1:3] 766 1 2
NULL
R-CCU: dpObj$numberClusters = 3 
List of 2
 $ : num [1, 1, 1:3] 0.488 0.265 0.652
 $ : num [1, 1, 1:3] 2.64 3.79 3.21
NULL
R priorParameters: 2 8 
R maxT: 1 
R_PriorDraw_first_mu: 0.836173 
R_PriorDraw_first_nu: 4.564854 
R-CCU: Before ClusterLabelChange for i = 50 newLabel= 1 currentLabel= 1 
R-CCU: sum(pointsPerCluster) = 769 
 num [1:3] 766 1 2
NULL
R-CCU: After ClusterLabelChange for i = 50 
R-CCU: sum(pointsPerCluster) = 770 
 num [1:3] 767 1 2
NULL
R-CCU: dpObj$numberClusters = 3 
List of 2
 $ : num [1, 1, 1:3] 0.488 0.265 0.652
 $ : num [1, 1, 1:3] 2.64 3.79 3.21
NULL
R priorParameters: 2 8 
R maxT: 1 
R_PriorDraw_first_mu: 0.03605816 
R_PriorDraw_first_nu: 1.708858 
R-CCU: Before ClusterLabelChange for i = 51 newLabel= 1 currentLabel= 1 
R-CCU: sum(pointsPerCluster) = 770 
 num [1:3] 767 1 2
NULL
R-CCU: After ClusterLabelChange for i = 51 
R-CCU: sum(pointsPerCluster) = 771 
 num [1:3] 768 1 2
NULL
R-CCU: dpObj$numberClusters = 3 
List of 2
 $ : num [1, 1, 1:3] 0.488 0.265 0.652
 $ : num [1, 1, 1:3] 2.64 3.79 3.21
NULL
R priorParameters: 2 8 
R maxT: 1 
R_PriorDraw_first_mu: 0.3038654 
R_PriorDraw_first_nu: 4.22103 
R-CCU: Before ClusterLabelChange for i = 52 newLabel= 1 currentLabel= 1 
R-CCU: sum(pointsPerCluster) = 771 
 num [1:3] 768 1 2
NULL
R-CCU: After ClusterLabelChange for i = 52 
R-CCU: sum(pointsPerCluster) = 772 
 num [1:3] 769 1 2
NULL
R-CCU: dpObj$numberClusters = 3 
List of 2
 $ : num [1, 1, 1:3] 0.488 0.265 0.652
 $ : num [1, 1, 1:3] 2.64 3.79 3.21
NULL
R priorParameters: 2 8 
R maxT: 1 
R_PriorDraw_first_mu: 0.303799 
R_PriorDraw_first_nu: 3.061162 
R-CCU: Before ClusterLabelChange for i = 53 newLabel= 1 currentLabel= 1 
R-CCU: sum(pointsPerCluster) = 772 
 num [1:3] 769 1 2
NULL
R-CCU: After ClusterLabelChange for i = 53 
R-CCU: sum(pointsPerCluster) = 773 
 num [1:3] 770 1 2
NULL
R-CCU: dpObj$numberClusters = 3 
List of 2
 $ : num [1, 1, 1:3] 0.488 0.265 0.652
 $ : num [1, 1, 1:3] 2.64 3.79 3.21
NULL
R priorParameters: 2 8 
R maxT: 1 
R_PriorDraw_first_mu: 0.3368366 
R_PriorDraw_first_nu: 3.225769 
R-CCU: Before ClusterLabelChange for i = 54 newLabel= 1 currentLabel= 1 
R-CCU: sum(pointsPerCluster) = 773 
 num [1:3] 770 1 2
NULL
R-CCU: After ClusterLabelChange for i = 54 
R-CCU: sum(pointsPerCluster) = 774 
 num [1:3] 771 1 2
NULL
R-CCU: dpObj$numberClusters = 3 
List of 2
 $ : num [1, 1, 1:3] 0.488 0.265 0.652
 $ : num [1, 1, 1:3] 2.64 3.79 3.21
NULL
R priorParameters: 2 8 
R maxT: 1 
R_PriorDraw_first_mu: 0.7889564 
R_PriorDraw_first_nu: 5.558565 
R-CCU: Before ClusterLabelChange for i = 55 newLabel= 1 currentLabel= 1 
R-CCU: sum(pointsPerCluster) = 774 
 num [1:3] 771 1 2
NULL
R-CCU: After ClusterLabelChange for i = 55 
R-CCU: sum(pointsPerCluster) = 775 
 num [1:3] 772 1 2
NULL
R-CCU: dpObj$numberClusters = 3 
List of 2
 $ : num [1, 1, 1:3] 0.488 0.265 0.652
 $ : num [1, 1, 1:3] 2.64 3.79 3.21
NULL
R priorParameters: 2 8 
R maxT: 1 
R_PriorDraw_first_mu: 0.927704 
R_PriorDraw_first_nu: 2.292679 
R-CCU: Before ClusterLabelChange for i = 56 newLabel= 1 currentLabel= 1 
R-CCU: sum(pointsPerCluster) = 775 
 num [1:3] 772 1 2
NULL
R-CCU: After ClusterLabelChange for i = 56 
R-CCU: sum(pointsPerCluster) = 776 
 num [1:3] 773 1 2
NULL
R-CCU: dpObj$numberClusters = 3 
List of 2
 $ : num [1, 1, 1:3] 0.488 0.265 0.652
 $ : num [1, 1, 1:3] 2.64 3.79 3.21
NULL
R priorParameters: 2 8 
R maxT: 1 
R_PriorDraw_first_mu: 0.8732521 
R_PriorDraw_first_nu: 3.660683 
R-CCU: Before ClusterLabelChange for i = 57 newLabel= 1 currentLabel= 1 
R-CCU: sum(pointsPerCluster) = 776 
 num [1:3] 773 1 2
NULL
R-CCU: After ClusterLabelChange for i = 57 
R-CCU: sum(pointsPerCluster) = 777 
 num [1:3] 774 1 2
NULL
R-CCU: dpObj$numberClusters = 3 
List of 2
 $ : num [1, 1, 1:3] 0.488 0.265 0.652
 $ : num [1, 1, 1:3] 2.64 3.79 3.21
NULL
R priorParameters: 2 8 
R maxT: 1 
R_PriorDraw_first_mu: 0.6753198 
R_PriorDraw_first_nu: 1.399502 
R-CCU: Before ClusterLabelChange for i = 58 newLabel= 1 currentLabel= 1 
R-CCU: sum(pointsPerCluster) = 777 
 num [1:3] 774 1 2
NULL
R-CCU: After ClusterLabelChange for i = 58 
R-CCU: sum(pointsPerCluster) = 778 
 num [1:3] 775 1 2
NULL
R-CCU: dpObj$numberClusters = 3 
List of 2
 $ : num [1, 1, 1:3] 0.488 0.265 0.652
 $ : num [1, 1, 1:3] 2.64 3.79 3.21
NULL
R priorParameters: 2 8 
R maxT: 1 
R_PriorDraw_first_mu: 0.1685439 
R_PriorDraw_first_nu: 14.17793 
R-CCU: Before ClusterLabelChange for i = 59 newLabel= 1 currentLabel= 1 
R-CCU: sum(pointsPerCluster) = 778 
 num [1:3] 775 1 2
NULL
R-CCU: After ClusterLabelChange for i = 59 
R-CCU: sum(pointsPerCluster) = 779 
 num [1:3] 776 1 2
NULL
R-CCU: dpObj$numberClusters = 3 
List of 2
 $ : num [1, 1, 1:3] 0.488 0.265 0.652
 $ : num [1, 1, 1:3] 2.64 3.79 3.21
NULL
R priorParameters: 2 8 
R maxT: 1 
R_PriorDraw_first_mu: 0.01592757 
R_PriorDraw_first_nu: 4.345479 
R-CCU: Before ClusterLabelChange for i = 60 newLabel= 1 currentLabel= 1 
R-CCU: sum(pointsPerCluster) = 779 
 num [1:3] 776 1 2
NULL
R-CCU: After ClusterLabelChange for i = 60 
R-CCU: sum(pointsPerCluster) = 780 
 num [1:3] 777 1 2
NULL
R-CCU: dpObj$numberClusters = 3 
List of 2
 $ : num [1, 1, 1:3] 0.488 0.265 0.652
 $ : num [1, 1, 1:3] 2.64 3.79 3.21
NULL

⠸ |   24      0 | Beta Distribution Full Integration Test          R priorParameters: 2 8 
R maxT: 1 
R_PriorDraw_first_mu: 0.6548585 
R_PriorDraw_first_nu: 1.881986 
R-CCU: Before ClusterLabelChange for i = 1 newLabel= 1 currentLabel= 1 
R-CCU: sum(pointsPerCluster) = 780 
 num [1:3] 777 1 2
NULL
R-CCU: After ClusterLabelChange for i = 1 
R-CCU: sum(pointsPerCluster) = 781 
 num [1:3] 778 1 2
NULL
R-CCU: dpObj$numberClusters = 3 
List of 2
 $ : num [1, 1, 1:3] 0.471 0.265 0.652
 $ : num [1, 1, 1:3] 2.63 3.79 3.21
NULL
R priorParameters: 2 8 
R maxT: 1 
R_PriorDraw_first_mu: 0.1705728 
R_PriorDraw_first_nu: 4.378118 
R-CCU: Before ClusterLabelChange for i = 2 newLabel= 1 currentLabel= 1 
R-CCU: sum(pointsPerCluster) = 781 
 num [1:3] 778 1 2
NULL
R-CCU: After ClusterLabelChange for i = 2 
R-CCU: sum(pointsPerCluster) = 782 
 num [1:3] 779 1 2
NULL
R-CCU: dpObj$numberClusters = 3 
List of 2
 $ : num [1, 1, 1:3] 0.471 0.265 0.652
 $ : num [1, 1, 1:3] 2.63 3.79 3.21
NULL
R priorParameters: 2 8 
R maxT: 1 
R_PriorDraw_first_mu: 0.5344068 
R_PriorDraw_first_nu: 11.70256 
R-CCU: Before ClusterLabelChange for i = 3 newLabel= 1 currentLabel= 1 
R-CCU: sum(pointsPerCluster) = 782 
 num [1:3] 779 1 2
NULL
R-CCU: After ClusterLabelChange for i = 3 
R-CCU: sum(pointsPerCluster) = 783 
 num [1:3] 780 1 2
NULL
R-CCU: dpObj$numberClusters = 3 
List of 2
 $ : num [1, 1, 1:3] 0.471 0.265 0.652
 $ : num [1, 1, 1:3] 2.63 3.79 3.21
NULL
R priorParameters: 2 8 
R maxT: 1 
R_PriorDraw_first_mu: 0.9952411 
R_PriorDraw_first_nu: 21.35603 
R-CCU: Before ClusterLabelChange for i = 4 newLabel= 1 currentLabel= 1 
R-CCU: sum(pointsPerCluster) = 783 
 num [1:3] 780 1 2
NULL
R-CCU: After ClusterLabelChange for i = 4 
R-CCU: sum(pointsPerCluster) = 784 
 num [1:3] 781 1 2
NULL
R-CCU: dpObj$numberClusters = 3 
List of 2
 $ : num [1, 1, 1:3] 0.471 0.265 0.652
 $ : num [1, 1, 1:3] 2.63 3.79 3.21
NULL
R priorParameters: 2 8 
R maxT: 1 
R_PriorDraw_first_mu: 0.1674955 
R_PriorDraw_first_nu: 3.504139 
R-CCU: Before ClusterLabelChange for i = 5 newLabel= 1 currentLabel= 1 
R-CCU: sum(pointsPerCluster) = 784 
 num [1:3] 781 1 2
NULL
R-CCU: After ClusterLabelChange for i = 5 
R-CCU: sum(pointsPerCluster) = 785 
 num [1:3] 782 1 2
NULL
R-CCU: dpObj$numberClusters = 3 
List of 2
 $ : num [1, 1, 1:3] 0.471 0.265 0.652
 $ : num [1, 1, 1:3] 2.63 3.79 3.21
NULL
R priorParameters: 2 8 
R maxT: 1 
R_PriorDraw_first_mu: 0.6406359 
R_PriorDraw_first_nu: 2.32704 
R-CCU: Before ClusterLabelChange for i = 6 newLabel= 1 currentLabel= 1 
R-CCU: sum(pointsPerCluster) = 785 
 num [1:3] 782 1 2
NULL
R-CCU: After ClusterLabelChange for i = 6 
R-CCU: sum(pointsPerCluster) = 786 
 num [1:3] 783 1 2
NULL
R-CCU: dpObj$numberClusters = 3 
List of 2
 $ : num [1, 1, 1:3] 0.471 0.265 0.652
 $ : num [1, 1, 1:3] 2.63 3.79 3.21
NULL
R priorParameters: 2 8 
R maxT: 1 
R_PriorDraw_first_mu: 0.3940924 
R_PriorDraw_first_nu: 4.715569 
R-CCU: Before ClusterLabelChange for i = 7 newLabel= 1 currentLabel= 1 
R-CCU: sum(pointsPerCluster) = 786 
 num [1:3] 783 1 2
NULL
R-CCU: After ClusterLabelChange for i = 7 
R-CCU: sum(pointsPerCluster) = 787 
 num [1:3] 784 1 2
NULL
R-CCU: dpObj$numberClusters = 3 
List of 2
 $ : num [1, 1, 1:3] 0.471 0.265 0.652
 $ : num [1, 1, 1:3] 2.63 3.79 3.21
NULL
R priorParameters: 2 8 
R maxT: 1 
R_PriorDraw_first_mu: 0.4435117 
R_PriorDraw_first_nu: 8.600095 
R-CCU: Before ClusterLabelChange for i = 8 newLabel= 1 currentLabel= 1 
R-CCU: sum(pointsPerCluster) = 787 
 num [1:3] 784 1 2
NULL
R-CCU: After ClusterLabelChange for i = 8 
R-CCU: sum(pointsPerCluster) = 788 
 num [1:3] 785 1 2
NULL
R-CCU: dpObj$numberClusters = 3 
List of 2
 $ : num [1, 1, 1:3] 0.471 0.265 0.652
 $ : num [1, 1, 1:3] 2.63 3.79 3.21
NULL
R priorParameters: 2 8 
R maxT: 1 
R_PriorDraw_first_mu: 0.9628181 
R_PriorDraw_first_nu: 7.706903 
R-CCU: Before ClusterLabelChange for i = 9 newLabel= 1 currentLabel= 1 
R-CCU: sum(pointsPerCluster) = 788 
 num [1:3] 785 1 2
NULL
R-CCU: After ClusterLabelChange for i = 9 
R-CCU: sum(pointsPerCluster) = 789 
 num [1:3] 786 1 2
NULL
R-CCU: dpObj$numberClusters = 3 
List of 2
 $ : num [1, 1, 1:3] 0.471 0.265 0.652
 $ : num [1, 1, 1:3] 2.63 3.79 3.21
NULL
R priorParameters: 2 8 
R maxT: 1 
R_PriorDraw_first_mu: 0.3278445 
R_PriorDraw_first_nu: 4.685213 
R-CCU: Before ClusterLabelChange for i = 10 newLabel= 1 currentLabel= 1 
R-CCU: sum(pointsPerCluster) = 789 
 num [1:3] 786 1 2
NULL
R-CCU: After ClusterLabelChange for i = 10 
R-CCU: sum(pointsPerCluster) = 790 
 num [1:3] 787 1 2
NULL
R-CCU: dpObj$numberClusters = 3 
List of 2
 $ : num [1, 1, 1:3] 0.471 0.265 0.652
 $ : num [1, 1, 1:3] 2.63 3.79 3.21
NULL
R priorParameters: 2 8 
R maxT: 1 
R_PriorDraw_first_mu: 0.8920912 
R_PriorDraw_first_nu: 9.215474 
R-CCU: Before ClusterLabelChange for i = 11 newLabel= 1 currentLabel= 1 
R-CCU: sum(pointsPerCluster) = 790 
 num [1:3] 787 1 2
NULL
R-CCU: After ClusterLabelChange for i = 11 
R-CCU: sum(pointsPerCluster) = 791 
 num [1:3] 788 1 2
NULL
R-CCU: dpObj$numberClusters = 3 
List of 2
 $ : num [1, 1, 1:3] 0.471 0.265 0.652
 $ : num [1, 1, 1:3] 2.63 3.79 3.21
NULL
R priorParameters: 2 8 
R maxT: 1 
R_PriorDraw_first_mu: 0.8127407 
R_PriorDraw_first_nu: 3.925601 
R-CCU: Before ClusterLabelChange for i = 12 newLabel= 1 currentLabel= 1 
R-CCU: sum(pointsPerCluster) = 791 
 num [1:3] 788 1 2
NULL
R-CCU: After ClusterLabelChange for i = 12 
R-CCU: sum(pointsPerCluster) = 792 
 num [1:3] 789 1 2
NULL
R-CCU: dpObj$numberClusters = 3 
List of 2
 $ : num [1, 1, 1:3] 0.471 0.265 0.652
 $ : num [1, 1, 1:3] 2.63 3.79 3.21
NULL
R priorParameters: 2 8 
R maxT: 1 
R_PriorDraw_first_mu: 0.0307228 
R_PriorDraw_first_nu: 13.72351 
R-CCU: Before ClusterLabelChange for i = 13 newLabel= 1 currentLabel= 1 
R-CCU: sum(pointsPerCluster) = 792 
 num [1:3] 789 1 2
NULL
R-CCU: After ClusterLabelChange for i = 13 
R-CCU: sum(pointsPerCluster) = 793 
 num [1:3] 790 1 2
NULL
R-CCU: dpObj$numberClusters = 3 
List of 2
 $ : num [1, 1, 1:3] 0.471 0.265 0.652
 $ : num [1, 1, 1:3] 2.63 3.79 3.21
NULL
R priorParameters: 2 8 
R maxT: 1 
R_PriorDraw_first_mu: 0.3661628 
R_PriorDraw_first_nu: 4.374117 
R-CCU: Before ClusterLabelChange for i = 14 newLabel= 1 currentLabel= 1 
R-CCU: sum(pointsPerCluster) = 793 
 num [1:3] 790 1 2
NULL
R-CCU: After ClusterLabelChange for i = 14 
R-CCU: sum(pointsPerCluster) = 794 
 num [1:3] 791 1 2
NULL
R-CCU: dpObj$numberClusters = 3 
List of 2
 $ : num [1, 1, 1:3] 0.471 0.265 0.652
 $ : num [1, 1, 1:3] 2.63 3.79 3.21
NULL
R priorParameters: 2 8 
R maxT: 1 
R_PriorDraw_first_mu: 0.2585896 
R_PriorDraw_first_nu: 7.081984 
R-CCU: Before ClusterLabelChange for i = 15 newLabel= 1 currentLabel= 1 
R-CCU: sum(pointsPerCluster) = 794 
 num [1:3] 791 1 2
NULL
R-CCU: After ClusterLabelChange for i = 15 
R-CCU: sum(pointsPerCluster) = 795 
 num [1:3] 792 1 2
NULL
R-CCU: dpObj$numberClusters = 3 
List of 2
 $ : num [1, 1, 1:3] 0.471 0.265 0.652
 $ : num [1, 1, 1:3] 2.63 3.79 3.21
NULL
R priorParameters: 2 8 
R maxT: 1 
R_PriorDraw_first_mu: 0.2939209 
R_PriorDraw_first_nu: 7.35476 
R-CCU: Before ClusterLabelChange for i = 16 newLabel= 1 currentLabel= 1 
R-CCU: sum(pointsPerCluster) = 795 
 num [1:3] 792 1 2
NULL
R-CCU: After ClusterLabelChange for i = 16 
R-CCU: sum(pointsPerCluster) = 796 
 num [1:3] 793 1 2
NULL
R-CCU: dpObj$numberClusters = 3 
List of 2
 $ : num [1, 1, 1:3] 0.471 0.265 0.652
 $ : num [1, 1, 1:3] 2.63 3.79 3.21
NULL
R priorParameters: 2 8 
R maxT: 1 
R_PriorDraw_first_mu: 0.5466375 
R_PriorDraw_first_nu: 14.69481 
R-CCU: Before ClusterLabelChange for i = 17 newLabel= 1 currentLabel= 1 
R-CCU: sum(pointsPerCluster) = 796 
 num [1:3] 793 1 2
NULL
R-CCU: After ClusterLabelChange for i = 17 
R-CCU: sum(pointsPerCluster) = 797 
 num [1:3] 794 1 2
NULL
R-CCU: dpObj$numberClusters = 3 
List of 2
 $ : num [1, 1, 1:3] 0.471 0.265 0.652
 $ : num [1, 1, 1:3] 2.63 3.79 3.21
NULL
R priorParameters: 2 8 
R maxT: 1 
R_PriorDraw_first_mu: 0.524366 
R_PriorDraw_first_nu: 49.53276 
R-CCU: Before ClusterLabelChange for i = 18 newLabel= 1 currentLabel= 1 
R-CCU: sum(pointsPerCluster) = 797 
 num [1:3] 794 1 2
NULL
R-CCU: After ClusterLabelChange for i = 18 
R-CCU: sum(pointsPerCluster) = 798 
 num [1:3] 795 1 2
NULL
R-CCU: dpObj$numberClusters = 3 
List of 2
 $ : num [1, 1, 1:3] 0.471 0.265 0.652
 $ : num [1, 1, 1:3] 2.63 3.79 3.21
NULL
R priorParameters: 2 8 
R maxT: 1 
R_PriorDraw_first_mu: 0.3098203 
R_PriorDraw_first_nu: 1.523305 
R-CCU: Before ClusterLabelChange for i = 19 newLabel= 1 currentLabel= 1 
R-CCU: sum(pointsPerCluster) = 798 
 num [1:3] 795 1 2
NULL
R-CCU: After ClusterLabelChange for i = 19 
R-CCU: sum(pointsPerCluster) = 799 
 num [1:3] 796 1 2
NULL
R-CCU: dpObj$numberClusters = 3 
List of 2
 $ : num [1, 1, 1:3] 0.471 0.265 0.652
 $ : num [1, 1, 1:3] 2.63 3.79 3.21
NULL
R priorParameters: 2 8 
R maxT: 1 
R_PriorDraw_first_mu: 0.9154336 
R_PriorDraw_first_nu: 4.170365 
R-CCU: Before ClusterLabelChange for i = 20 newLabel= 1 currentLabel= 1 
R-CCU: sum(pointsPerCluster) = 799 
 num [1:3] 796 1 2
NULL
R-CCU: After ClusterLabelChange for i = 20 
R-CCU: sum(pointsPerCluster) = 800 
 num [1:3] 797 1 2
NULL
R-CCU: dpObj$numberClusters = 3 
List of 2
 $ : num [1, 1, 1:3] 0.471 0.265 0.652
 $ : num [1, 1, 1:3] 2.63 3.79 3.21
NULL
R priorParameters: 2 8 
R maxT: 1 
R_PriorDraw_first_mu: 0.567847 
R_PriorDraw_first_nu: 6.714739 
R-CCU: Before ClusterLabelChange for i = 21 newLabel= 1 currentLabel= 1 
R-CCU: sum(pointsPerCluster) = 800 
 num [1:3] 797 1 2
NULL
R-CCU: After ClusterLabelChange for i = 21 
R-CCU: sum(pointsPerCluster) = 801 
 num [1:3] 798 1 2
NULL
R-CCU: dpObj$numberClusters = 3 
List of 2
 $ : num [1, 1, 1:3] 0.471 0.265 0.652
 $ : num [1, 1, 1:3] 2.63 3.79 3.21
NULL
R priorParameters: 2 8 
R maxT: 1 
R_PriorDraw_first_mu: 0.3414514 
R_PriorDraw_first_nu: 33.44657 
R-CCU: Before ClusterLabelChange for i = 22 newLabel= 1 currentLabel= 1 
R-CCU: sum(pointsPerCluster) = 801 
 num [1:3] 798 1 2
NULL
R-CCU: After ClusterLabelChange for i = 22 
R-CCU: sum(pointsPerCluster) = 802 
 num [1:3] 799 1 2
NULL
R-CCU: dpObj$numberClusters = 3 
List of 2
 $ : num [1, 1, 1:3] 0.471 0.265 0.652
 $ : num [1, 1, 1:3] 2.63 3.79 3.21
NULL
R priorParameters: 2 8 
R maxT: 1 
R_PriorDraw_first_mu: 0.2748374 
R_PriorDraw_first_nu: 5.968075 
R-CCU: Before ClusterLabelChange for i = 23 newLabel= 1 currentLabel= 1 
R-CCU: sum(pointsPerCluster) = 802 
 num [1:3] 799 1 2
NULL
R-CCU: After ClusterLabelChange for i = 23 
R-CCU: sum(pointsPerCluster) = 803 
 num [1:3] 800 1 2
NULL
R-CCU: dpObj$numberClusters = 3 
List of 2
 $ : num [1, 1, 1:3] 0.471 0.265 0.652
 $ : num [1, 1, 1:3] 2.63 3.79 3.21
NULL
R priorParameters: 2 8 
R maxT: 1 
R_PriorDraw_first_mu: 0.3138515 
R_PriorDraw_first_nu: 4.968345 
R-CCU: Before ClusterLabelChange for i = 24 newLabel= 1 currentLabel= 1 
R-CCU: sum(pointsPerCluster) = 803 
 num [1:3] 800 1 2
NULL
R-CCU: After ClusterLabelChange for i = 24 
R-CCU: sum(pointsPerCluster) = 804 
 num [1:3] 801 1 2
NULL
R-CCU: dpObj$numberClusters = 3 
List of 2
 $ : num [1, 1, 1:3] 0.471 0.265 0.652
 $ : num [1, 1, 1:3] 2.63 3.79 3.21
NULL
R priorParameters: 2 8 
R maxT: 1 
R_PriorDraw_first_mu: 0.1325788 
R_PriorDraw_first_nu: 2.813134 
R-CCU: Before ClusterLabelChange for i = 25 newLabel= 1 currentLabel= 1 
R-CCU: sum(pointsPerCluster) = 804 
 num [1:3] 801 1 2
NULL
R-CCU: After ClusterLabelChange for i = 25 
R-CCU: sum(pointsPerCluster) = 805 
 num [1:3] 802 1 2
NULL
R-CCU: dpObj$numberClusters = 3 
List of 2
 $ : num [1, 1, 1:3] 0.471 0.265 0.652
 $ : num [1, 1, 1:3] 2.63 3.79 3.21
NULL
R priorParameters: 2 8 
R maxT: 1 
R_PriorDraw_first_mu: 0.8658318 
R_PriorDraw_first_nu: 11.4999 
R-CCU: Before ClusterLabelChange for i = 26 newLabel= 1 currentLabel= 1 
R-CCU: sum(pointsPerCluster) = 805 
 num [1:3] 802 1 2
NULL
R-CCU: After ClusterLabelChange for i = 26 
R-CCU: sum(pointsPerCluster) = 806 
 num [1:3] 803 1 2
NULL
R-CCU: dpObj$numberClusters = 3 
List of 2
 $ : num [1, 1, 1:3] 0.471 0.265 0.652
 $ : num [1, 1, 1:3] 2.63 3.79 3.21
NULL
R priorParameters: 2 8 
R maxT: 1 
R_PriorDraw_first_mu: 0.5026326 
R_PriorDraw_first_nu: 1.623108 
R-CCU: Before ClusterLabelChange for i = 27 newLabel= 1 currentLabel= 1 
R-CCU: sum(pointsPerCluster) = 806 
 num [1:3] 803 1 2
NULL
R-CCU: After ClusterLabelChange for i = 27 
R-CCU: sum(pointsPerCluster) = 807 
 num [1:3] 804 1 2
NULL
R-CCU: dpObj$numberClusters = 3 
List of 2
 $ : num [1, 1, 1:3] 0.471 0.265 0.652
 $ : num [1, 1, 1:3] 2.63 3.79 3.21
NULL
R priorParameters: 2 8 
R maxT: 1 
R_PriorDraw_first_mu: 0.3178383 
R_PriorDraw_first_nu: 6.076507 
R-CCU: Before ClusterLabelChange for i = 28 newLabel= 1 currentLabel= 1 
R-CCU: sum(pointsPerCluster) = 807 
 num [1:3] 804 1 2
NULL
R-CCU: After ClusterLabelChange for i = 28 
R-CCU: sum(pointsPerCluster) = 808 
 num [1:3] 805 1 2
NULL
R-CCU: dpObj$numberClusters = 3 
List of 2
 $ : num [1, 1, 1:3] 0.471 0.265 0.652
 $ : num [1, 1, 1:3] 2.63 3.79 3.21
NULL
R priorParameters: 2 8 
R maxT: 1 
R_PriorDraw_first_mu: 0.7035499 
R_PriorDraw_first_nu: 1.702874 
R-CCU: Before ClusterLabelChange for i = 29 newLabel= 1 currentLabel= 1 
R-CCU: sum(pointsPerCluster) = 808 
 num [1:3] 805 1 2
NULL
R-CCU: After ClusterLabelChange for i = 29 
R-CCU: sum(pointsPerCluster) = 809 
 num [1:3] 806 1 2
NULL
R-CCU: dpObj$numberClusters = 3 
List of 2
 $ : num [1, 1, 1:3] 0.471 0.265 0.652
 $ : num [1, 1, 1:3] 2.63 3.79 3.21
NULL
R priorParameters: 2 8 
R maxT: 1 
R_PriorDraw_first_mu: 0.7795362 
R_PriorDraw_first_nu: 11.80404 
R-CCU: Before ClusterLabelChange for i = 30 newLabel= 1 currentLabel= 1 
R-CCU: sum(pointsPerCluster) = 809 
 num [1:3] 806 1 2
NULL
R-CCU: After ClusterLabelChange for i = 30 
R-CCU: sum(pointsPerCluster) = 810 
 num [1:3] 807 1 2
NULL
R-CCU: dpObj$numberClusters = 3 
List of 2
 $ : num [1, 1, 1:3] 0.471 0.265 0.652
 $ : num [1, 1, 1:3] 2.63 3.79 3.21
NULL
R priorParameters: 2 8 
R maxT: 1 
R_PriorDraw_first_mu: 0.07399558 
R_PriorDraw_first_nu: 2.87774 
R-CCU: Before ClusterLabelChange for i = 31 newLabel= 1 currentLabel= 1 
R-CCU: sum(pointsPerCluster) = 810 
 num [1:3] 807 1 2
NULL
R-CCU: After ClusterLabelChange for i = 31 
R-CCU: sum(pointsPerCluster) = 811 
 num [1:3] 808 1 2
NULL
R-CCU: dpObj$numberClusters = 3 
List of 2
 $ : num [1, 1, 1:3] 0.471 0.265 0.652
 $ : num [1, 1, 1:3] 2.63 3.79 3.21
NULL
R priorParameters: 2 8 
R maxT: 1 
R_PriorDraw_first_mu: 0.6667954 
R_PriorDraw_first_nu: 3.290692 
R-CCU: Before ClusterLabelChange for i = 32 newLabel= 1 currentLabel= 1 
R-CCU: sum(pointsPerCluster) = 811 
 num [1:3] 808 1 2
NULL
R-CCU: After ClusterLabelChange for i = 32 
R-CCU: sum(pointsPerCluster) = 812 
 num [1:3] 809 1 2
NULL
R-CCU: dpObj$numberClusters = 3 
List of 2
 $ : num [1, 1, 1:3] 0.471 0.265 0.652
 $ : num [1, 1, 1:3] 2.63 3.79 3.21
NULL
R priorParameters: 2 8 
R maxT: 1 
R_PriorDraw_first_mu: 0.4841765 
R_PriorDraw_first_nu: 2.760052 
R-CCU: Before ClusterLabelChange for i = 33 newLabel= 1 currentLabel= 1 
R-CCU: sum(pointsPerCluster) = 812 
 num [1:3] 809 1 2
NULL
R-CCU: After ClusterLabelChange for i = 33 
R-CCU: sum(pointsPerCluster) = 813 
 num [1:3] 810 1 2
NULL
R-CCU: dpObj$numberClusters = 3 
List of 2
 $ : num [1, 1, 1:3] 0.471 0.265 0.652
 $ : num [1, 1, 1:3] 2.63 3.79 3.21
NULL
R priorParameters: 2 8 
R maxT: 1 
R_PriorDraw_first_mu: 0.66586 
R_PriorDraw_first_nu: 3.402085 
R-CCU: Before ClusterLabelChange for i = 34 newLabel= 1 currentLabel= 1 
R-CCU: sum(pointsPerCluster) = 813 
 num [1:3] 810 1 2
NULL
R-CCU: After ClusterLabelChange for i = 34 
R-CCU: sum(pointsPerCluster) = 814 
 num [1:3] 811 1 2
NULL
R-CCU: dpObj$numberClusters = 3 
List of 2
 $ : num [1, 1, 1:3] 0.471 0.265 0.652
 $ : num [1, 1, 1:3] 2.63 3.79 3.21
NULL
R priorParameters: 2 8 
R maxT: 1 
R_PriorDraw_first_mu: 0.5204816 
R_PriorDraw_first_nu: 1.561825 
R-CCU: Before ClusterLabelChange for i = 35 newLabel= 1 currentLabel= 1 
R-CCU: sum(pointsPerCluster) = 814 
 num [1:3] 811 1 2
NULL
R-CCU: After ClusterLabelChange for i = 35 
R-CCU: sum(pointsPerCluster) = 815 
 num [1:3] 812 1 2
NULL
R-CCU: dpObj$numberClusters = 3 
List of 2
 $ : num [1, 1, 1:3] 0.471 0.265 0.652
 $ : num [1, 1, 1:3] 2.63 3.79 3.21
NULL
R priorParameters: 2 8 
R maxT: 1 
R_PriorDraw_first_mu: 0.844085 
R_PriorDraw_first_nu: 6.745231 
R-CCU: Before ClusterLabelChange for i = 36 newLabel= 1 currentLabel= 1 
R-CCU: sum(pointsPerCluster) = 815 
 num [1:3] 812 1 2
NULL
R-CCU: After ClusterLabelChange for i = 36 
R-CCU: sum(pointsPerCluster) = 816 
 num [1:3] 813 1 2
NULL
R-CCU: dpObj$numberClusters = 3 
List of 2
 $ : num [1, 1, 1:3] 0.471 0.265 0.652
 $ : num [1, 1, 1:3] 2.63 3.79 3.21
NULL
R priorParameters: 2 8 
R maxT: 1 
R_PriorDraw_first_mu: 0.9818381 
R_PriorDraw_first_nu: 17.00489 
R-CCU: Before ClusterLabelChange for i = 37 newLabel= 1 currentLabel= 1 
R-CCU: sum(pointsPerCluster) = 816 
 num [1:3] 813 1 2
NULL
R-CCU: After ClusterLabelChange for i = 37 
R-CCU: sum(pointsPerCluster) = 817 
 num [1:3] 814 1 2
NULL
R-CCU: dpObj$numberClusters = 3 
List of 2
 $ : num [1, 1, 1:3] 0.471 0.265 0.652
 $ : num [1, 1, 1:3] 2.63 3.79 3.21
NULL
R priorParameters: 2 8 
R maxT: 1 
R_PriorDraw_first_mu: 0.1636502 
R_PriorDraw_first_nu: 5.513276 
R-CCU: Before ClusterLabelChange for i = 38 newLabel= 1 currentLabel= 1 
R-CCU: sum(pointsPerCluster) = 817 
 num [1:3] 814 1 2
NULL
R-CCU: After ClusterLabelChange for i = 38 
R-CCU: sum(pointsPerCluster) = 818 
 num [1:3] 815 1 2
NULL
R-CCU: dpObj$numberClusters = 3 
List of 2
 $ : num [1, 1, 1:3] 0.471 0.265 0.652
 $ : num [1, 1, 1:3] 2.63 3.79 3.21
NULL
R priorParameters: 2 8 
R maxT: 1 
R_PriorDraw_first_mu: 0.1374894 
R_PriorDraw_first_nu: 15.76256 
R-CCU: Before ClusterLabelChange for i = 39 newLabel= 1 currentLabel= 1 
R-CCU: sum(pointsPerCluster) = 818 
 num [1:3] 815 1 2
NULL
R-CCU: After ClusterLabelChange for i = 39 
R-CCU: sum(pointsPerCluster) = 819 
 num [1:3] 816 1 2
NULL
R-CCU: dpObj$numberClusters = 3 
List of 2
 $ : num [1, 1, 1:3] 0.471 0.265 0.652
 $ : num [1, 1, 1:3] 2.63 3.79 3.21
NULL
R priorParameters: 2 8 
R maxT: 1 
R_PriorDraw_first_mu: 0.1941122 
R_PriorDraw_first_nu: 2.250403 
R-CCU: Before ClusterLabelChange for i = 40 newLabel= 1 currentLabel= 1 
R-CCU: sum(pointsPerCluster) = 819 
 num [1:3] 816 1 2
NULL
R-CCU: After ClusterLabelChange for i = 40 
R-CCU: sum(pointsPerCluster) = 820 
 num [1:3] 817 1 2
NULL
R-CCU: dpObj$numberClusters = 3 
List of 2
 $ : num [1, 1, 1:3] 0.471 0.265 0.652
 $ : num [1, 1, 1:3] 2.63 3.79 3.21
NULL
R priorParameters: 2 8 
R maxT: 1 
R_PriorDraw_first_mu: 0.6494833 
R_PriorDraw_first_nu: 4.098187 
R-CCU: Before ClusterLabelChange for i = 41 newLabel= 1 currentLabel= 1 
R-CCU: sum(pointsPerCluster) = 820 
 num [1:3] 817 1 2
NULL
R-CCU: After ClusterLabelChange for i = 41 
R-CCU: sum(pointsPerCluster) = 821 
 num [1:3] 818 1 2
NULL
R-CCU: dpObj$numberClusters = 3 
List of 2
 $ : num [1, 1, 1:3] 0.471 0.265 0.652
 $ : num [1, 1, 1:3] 2.63 3.79 3.21
NULL
R priorParameters: 2 8 
R maxT: 1 
R_PriorDraw_first_mu: 0.284644 
R_PriorDraw_first_nu: 8.403913 
R-CCU: Before ClusterLabelChange for i = 42 newLabel= 1 currentLabel= 1 
R-CCU: sum(pointsPerCluster) = 821 
 num [1:3] 818 1 2
NULL
R-CCU: After ClusterLabelChange for i = 42 
R-CCU: sum(pointsPerCluster) = 822 
 num [1:3] 819 1 2
NULL
R-CCU: dpObj$numberClusters = 3 
List of 2
 $ : num [1, 1, 1:3] 0.471 0.265 0.652
 $ : num [1, 1, 1:3] 2.63 3.79 3.21
NULL
R priorParameters: 2 8 
R maxT: 1 
R_PriorDraw_first_mu: 0.5366789 
R_PriorDraw_first_nu: 5.10507 
R-CCU: Before ClusterLabelChange for i = 43 newLabel= 1 currentLabel= 1 
R-CCU: sum(pointsPerCluster) = 822 
 num [1:3] 819 1 2
NULL
R-CCU: After ClusterLabelChange for i = 43 
R-CCU: sum(pointsPerCluster) = 823 
 num [1:3] 820 1 2
NULL
R-CCU: dpObj$numberClusters = 3 
List of 2
 $ : num [1, 1, 1:3] 0.471 0.265 0.652
 $ : num [1, 1, 1:3] 2.63 3.79 3.21
NULL
R priorParameters: 2 8 
R maxT: 1 
R_PriorDraw_first_mu: 0.7427252 
R_PriorDraw_first_nu: 20.56169 
R-CCU: Before ClusterLabelChange for i = 44 newLabel= 1 currentLabel= 1 
R-CCU: sum(pointsPerCluster) = 823 
 num [1:3] 820 1 2
NULL
R-CCU: After ClusterLabelChange for i = 44 
R-CCU: sum(pointsPerCluster) = 824 
 num [1:3] 821 1 2
NULL
R-CCU: dpObj$numberClusters = 3 
List of 2
 $ : num [1, 1, 1:3] 0.471 0.265 0.652
 $ : num [1, 1, 1:3] 2.63 3.79 3.21
NULL
R priorParameters: 2 8 
R maxT: 1 
R_PriorDraw_first_mu: 0.442208 
R_PriorDraw_first_nu: 5.756236 
R-CCU: Before ClusterLabelChange for i = 45 newLabel= 1 currentLabel= 1 
R-CCU: sum(pointsPerCluster) = 824 
 num [1:3] 821 1 2
NULL
R-CCU: After ClusterLabelChange for i = 45 
R-CCU: sum(pointsPerCluster) = 825 
 num [1:3] 822 1 2
NULL
R-CCU: dpObj$numberClusters = 3 
List of 2
 $ : num [1, 1, 1:3] 0.471 0.265 0.652
 $ : num [1, 1, 1:3] 2.63 3.79 3.21
NULL
R priorParameters: 2 8 
R maxT: 1 
R_PriorDraw_first_mu: 0.4124038 
R_PriorDraw_first_nu: 2.501888 
R-CCU: Before ClusterLabelChange for i = 46 newLabel= 1 currentLabel= 1 
R-CCU: sum(pointsPerCluster) = 825 
 num [1:3] 822 1 2
NULL
R-CCU: After ClusterLabelChange for i = 46 
R-CCU: sum(pointsPerCluster) = 826 
 num [1:3] 823 1 2
NULL
R-CCU: dpObj$numberClusters = 3 
List of 2
 $ : num [1, 1, 1:3] 0.471 0.265 0.652
 $ : num [1, 1, 1:3] 2.63 3.79 3.21
NULL
R priorParameters: 2 8 
R maxT: 1 
R_PriorDraw_first_mu: 0.8762047 
R_PriorDraw_first_nu: 8.862089 
R-CCU: Before ClusterLabelChange for i = 47 newLabel= 1 currentLabel= 1 
R-CCU: sum(pointsPerCluster) = 826 
 num [1:3] 823 1 2
NULL
R-CCU: After ClusterLabelChange for i = 47 
R-CCU: sum(pointsPerCluster) = 827 
 num [1:3] 824 1 2
NULL
R-CCU: dpObj$numberClusters = 3 
List of 2
 $ : num [1, 1, 1:3] 0.471 0.265 0.652
 $ : num [1, 1, 1:3] 2.63 3.79 3.21
NULL
R priorParameters: 2 8 
R maxT: 1 
R_PriorDraw_first_mu: 0.7676159 
R_PriorDraw_first_nu: 2.389221 
R-CCU: Before ClusterLabelChange for i = 48 newLabel= 1 currentLabel= 1 
R-CCU: sum(pointsPerCluster) = 827 
 num [1:3] 824 1 2
NULL
R-CCU: After ClusterLabelChange for i = 48 
R-CCU: sum(pointsPerCluster) = 828 
 num [1:3] 825 1 2
NULL
R-CCU: dpObj$numberClusters = 3 
List of 2
 $ : num [1, 1, 1:3] 0.471 0.265 0.652
 $ : num [1, 1, 1:3] 2.63 3.79 3.21
NULL
R priorParameters: 2 8 
R maxT: 1 
R_PriorDraw_first_mu: 0.3015633 
R_PriorDraw_first_nu: 24.13026 
R-CCU: Before ClusterLabelChange for i = 49 newLabel= 1 currentLabel= 1 
R-CCU: sum(pointsPerCluster) = 828 
 num [1:3] 825 1 2
NULL
R-CCU: After ClusterLabelChange for i = 49 
R-CCU: sum(pointsPerCluster) = 829 
 num [1:3] 826 1 2
NULL
R-CCU: dpObj$numberClusters = 3 
List of 2
 $ : num [1, 1, 1:3] 0.471 0.265 0.652
 $ : num [1, 1, 1:3] 2.63 3.79 3.21
NULL
R priorParameters: 2 8 
R maxT: 1 
R_PriorDraw_first_mu: 0.04681469 
R_PriorDraw_first_nu: 10.20923 
R-CCU: Before ClusterLabelChange for i = 50 newLabel= 1 currentLabel= 1 
R-CCU: sum(pointsPerCluster) = 829 
 num [1:3] 826 1 2
NULL
R-CCU: After ClusterLabelChange for i = 50 
R-CCU: sum(pointsPerCluster) = 830 
 num [1:3] 827 1 2
NULL
R-CCU: dpObj$numberClusters = 3 
List of 2
 $ : num [1, 1, 1:3] 0.471 0.265 0.652
 $ : num [1, 1, 1:3] 2.63 3.79 3.21
NULL
R priorParameters: 2 8 
R maxT: 1 
R_PriorDraw_first_mu: 0.8255767 
R_PriorDraw_first_nu: 9.755234 
R-CCU: Before ClusterLabelChange for i = 51 newLabel= 1 currentLabel= 1 
R-CCU: sum(pointsPerCluster) = 830 
 num [1:3] 827 1 2
NULL
R-CCU: After ClusterLabelChange for i = 51 
R-CCU: sum(pointsPerCluster) = 831 
 num [1:3] 828 1 2
NULL
R-CCU: dpObj$numberClusters = 3 
List of 2
 $ : num [1, 1, 1:3] 0.471 0.265 0.652
 $ : num [1, 1, 1:3] 2.63 3.79 3.21
NULL
R priorParameters: 2 8 
R maxT: 1 
R_PriorDraw_first_mu: 0.9889574 
R_PriorDraw_first_nu: 1.354902 
R-CCU: Before ClusterLabelChange for i = 52 newLabel= 1 currentLabel= 1 
R-CCU: sum(pointsPerCluster) = 831 
 num [1:3] 828 1 2
NULL
R-CCU: After ClusterLabelChange for i = 52 
R-CCU: sum(pointsPerCluster) = 832 
 num [1:3] 829 1 2
NULL
R-CCU: dpObj$numberClusters = 3 
List of 2
 $ : num [1, 1, 1:3] 0.471 0.265 0.652
 $ : num [1, 1, 1:3] 2.63 3.79 3.21
NULL
R priorParameters: 2 8 
R maxT: 1 
R_PriorDraw_first_mu: 0.03103435 
R_PriorDraw_first_nu: 11.79508 
R-CCU: Before ClusterLabelChange for i = 53 newLabel= 1 currentLabel= 1 
R-CCU: sum(pointsPerCluster) = 832 
 num [1:3] 829 1 2
NULL
R-CCU: After ClusterLabelChange for i = 53 
R-CCU: sum(pointsPerCluster) = 833 
 num [1:3] 830 1 2
NULL
R-CCU: dpObj$numberClusters = 3 
List of 2
 $ : num [1, 1, 1:3] 0.471 0.265 0.652
 $ : num [1, 1, 1:3] 2.63 3.79 3.21
NULL
R priorParameters: 2 8 
R maxT: 1 
R_PriorDraw_first_mu: 0.2290604 
R_PriorDraw_first_nu: 2.904155 
R-CCU: Before ClusterLabelChange for i = 54 newLabel= 1 currentLabel= 1 
R-CCU: sum(pointsPerCluster) = 833 
 num [1:3] 830 1 2
NULL
R-CCU: After ClusterLabelChange for i = 54 
R-CCU: sum(pointsPerCluster) = 834 
 num [1:3] 831 1 2
NULL
R-CCU: dpObj$numberClusters = 3 
List of 2
 $ : num [1, 1, 1:3] 0.471 0.265 0.652
 $ : num [1, 1, 1:3] 2.63 3.79 3.21
NULL
R priorParameters: 2 8 
R maxT: 1 
R_PriorDraw_first_mu: 0.3204561 
R_PriorDraw_first_nu: 7.483257 
R-CCU: Before ClusterLabelChange for i = 55 newLabel= 1 currentLabel= 1 
R-CCU: sum(pointsPerCluster) = 834 
 num [1:3] 831 1 2
NULL
R-CCU: After ClusterLabelChange for i = 55 
R-CCU: sum(pointsPerCluster) = 835 
 num [1:3] 832 1 2
NULL
R-CCU: dpObj$numberClusters = 3 
List of 2
 $ : num [1, 1, 1:3] 0.471 0.265 0.652
 $ : num [1, 1, 1:3] 2.63 3.79 3.21
NULL
R priorParameters: 2 8 
R maxT: 1 
R_PriorDraw_first_mu: 0.7285856 
R_PriorDraw_first_nu: 4.634279 
R-CCU: Before ClusterLabelChange for i = 56 newLabel= 1 currentLabel= 1 
R-CCU: sum(pointsPerCluster) = 835 
 num [1:3] 832 1 2
NULL
R-CCU: After ClusterLabelChange for i = 56 
R-CCU: sum(pointsPerCluster) = 836 
 num [1:3] 833 1 2
NULL
R-CCU: dpObj$numberClusters = 3 
List of 2
 $ : num [1, 1, 1:3] 0.471 0.265 0.652
 $ : num [1, 1, 1:3] 2.63 3.79 3.21
NULL
R priorParameters: 2 8 
R maxT: 1 
R_PriorDraw_first_mu: 0.1623825 
R_PriorDraw_first_nu: 1.732711 
R-CCU: Before ClusterLabelChange for i = 57 newLabel= 1 currentLabel= 1 
R-CCU: sum(pointsPerCluster) = 836 
 num [1:3] 833 1 2
NULL
R-CCU: After ClusterLabelChange for i = 57 
R-CCU: sum(pointsPerCluster) = 837 
 num [1:3] 834 1 2
NULL
R-CCU: dpObj$numberClusters = 3 
List of 2
 $ : num [1, 1, 1:3] 0.471 0.265 0.652
 $ : num [1, 1, 1:3] 2.63 3.79 3.21
NULL
R priorParameters: 2 8 
R maxT: 1 
R_PriorDraw_first_mu: 0.6932648 
R_PriorDraw_first_nu: 16.96881 
R-CCU: Before ClusterLabelChange for i = 58 newLabel= 1 currentLabel= 1 
R-CCU: sum(pointsPerCluster) = 837 
 num [1:3] 834 1 2
NULL
R-CCU: After ClusterLabelChange for i = 58 
R-CCU: sum(pointsPerCluster) = 838 
 num [1:3] 835 1 2
NULL
R-CCU: dpObj$numberClusters = 3 
List of 2
 $ : num [1, 1, 1:3] 0.471 0.265 0.652
 $ : num [1, 1, 1:3] 2.63 3.79 3.21
NULL
R priorParameters: 2 8 
R maxT: 1 
R_PriorDraw_first_mu: 0.1864701 
R_PriorDraw_first_nu: 4.922129 
R-CCU: Before ClusterLabelChange for i = 59 newLabel= 1 currentLabel= 1 
R-CCU: sum(pointsPerCluster) = 838 
 num [1:3] 835 1 2
NULL
R-CCU: After ClusterLabelChange for i = 59 
R-CCU: sum(pointsPerCluster) = 839 
 num [1:3] 836 1 2
NULL
R-CCU: dpObj$numberClusters = 3 
List of 2
 $ : num [1, 1, 1:3] 0.471 0.265 0.652
 $ : num [1, 1, 1:3] 2.63 3.79 3.21
NULL
R priorParameters: 2 8 
R maxT: 1 
R_PriorDraw_first_mu: 0.9166613 
R_PriorDraw_first_nu: 2.983195 
R-CCU: Before ClusterLabelChange for i = 60 newLabel= 1 currentLabel= 1 
R-CCU: sum(pointsPerCluster) = 839 
 num [1:3] 836 1 2
NULL
R-CCU: After ClusterLabelChange for i = 60 
R-CCU: sum(pointsPerCluster) = 840 
 num [1:3] 837 1 2
NULL
R-CCU: dpObj$numberClusters = 3 
List of 2
 $ : num [1, 1, 1:3] 0.471 0.265 0.652
 $ : num [1, 1, 1:3] 2.63 3.79 3.21
NULL

⠴ |   26      0 | Beta Distribution Full Integration Test          R priorParameters: 2 8 
R maxT: 1 
R_PriorDraw_first_mu: 0.1896104 
R_PriorDraw_first_nu: 5.849358 
R-CCU: Before ClusterLabelChange for i = 1 newLabel= 1 currentLabel= 1 
R-CCU: sum(pointsPerCluster) = 840 
 num [1:3] 837 1 2
NULL
R-CCU: After ClusterLabelChange for i = 1 
R-CCU: sum(pointsPerCluster) = 841 
 num [1:3] 838 1 2
NULL
R-CCU: dpObj$numberClusters = 3 
List of 2
 $ : num [1, 1, 1:3] 0.428 0.265 0.652
 $ : num [1, 1, 1:3] 2.79 3.79 3.21
NULL
R priorParameters: 2 8 
R maxT: 1 
R_PriorDraw_first_mu: 0.4074608 
R_PriorDraw_first_nu: 3.468968 
R-CCU: Before ClusterLabelChange for i = 2 newLabel= 1 currentLabel= 1 
R-CCU: sum(pointsPerCluster) = 841 
 num [1:3] 838 1 2
NULL
R-CCU: After ClusterLabelChange for i = 2 
R-CCU: sum(pointsPerCluster) = 842 
 num [1:3] 839 1 2
NULL
R-CCU: dpObj$numberClusters = 3 
List of 2
 $ : num [1, 1, 1:3] 0.428 0.265 0.652
 $ : num [1, 1, 1:3] 2.79 3.79 3.21
NULL
R priorParameters: 2 8 
R maxT: 1 
R_PriorDraw_first_mu: 0.6307076 
R_PriorDraw_first_nu: 21.01949 
R-CCU: Before ClusterLabelChange for i = 3 newLabel= 1 currentLabel= 1 
R-CCU: sum(pointsPerCluster) = 842 
 num [1:3] 839 1 2
NULL
R-CCU: After ClusterLabelChange for i = 3 
R-CCU: sum(pointsPerCluster) = 843 
 num [1:3] 840 1 2
NULL
R-CCU: dpObj$numberClusters = 3 
List of 2
 $ : num [1, 1, 1:3] 0.428 0.265 0.652
 $ : num [1, 1, 1:3] 2.79 3.79 3.21
NULL
R priorParameters: 2 8 
R maxT: 1 
R_PriorDraw_first_mu: 0.9262403 
R_PriorDraw_first_nu: 4.239081 
R-CCU: Before ClusterLabelChange for i = 4 newLabel= 1 currentLabel= 1 
R-CCU: sum(pointsPerCluster) = 843 
 num [1:3] 840 1 2
NULL
R-CCU: After ClusterLabelChange for i = 4 
R-CCU: sum(pointsPerCluster) = 844 
 num [1:3] 841 1 2
NULL
R-CCU: dpObj$numberClusters = 3 
List of 2
 $ : num [1, 1, 1:3] 0.428 0.265 0.652
 $ : num [1, 1, 1:3] 2.79 3.79 3.21
NULL
R priorParameters: 2 8 
R maxT: 1 
R_PriorDraw_first_mu: 0.6373873 
R_PriorDraw_first_nu: 5.345028 
R-CCU: Before ClusterLabelChange for i = 5 newLabel= 1 currentLabel= 1 
R-CCU: sum(pointsPerCluster) = 844 
 num [1:3] 841 1 2
NULL
R-CCU: After ClusterLabelChange for i = 5 
R-CCU: sum(pointsPerCluster) = 845 
 num [1:3] 842 1 2
NULL
R-CCU: dpObj$numberClusters = 3 
List of 2
 $ : num [1, 1, 1:3] 0.428 0.265 0.652
 $ : num [1, 1, 1:3] 2.79 3.79 3.21
NULL
R priorParameters: 2 8 
R maxT: 1 
R_PriorDraw_first_mu: 0.9242637 
R_PriorDraw_first_nu: 5.172862 
R-CCU: Before ClusterLabelChange for i = 6 newLabel= 1 currentLabel= 1 
R-CCU: sum(pointsPerCluster) = 845 
 num [1:3] 842 1 2
NULL
R-CCU: After ClusterLabelChange for i = 6 
R-CCU: sum(pointsPerCluster) = 846 
 num [1:3] 843 1 2
NULL
R-CCU: dpObj$numberClusters = 3 
List of 2
 $ : num [1, 1, 1:3] 0.428 0.265 0.652
 $ : num [1, 1, 1:3] 2.79 3.79 3.21
NULL
R priorParameters: 2 8 
R maxT: 1 
R_PriorDraw_first_mu: 0.02222486 
R_PriorDraw_first_nu: 4.305822 
R-CCU: Before ClusterLabelChange for i = 7 newLabel= 1 currentLabel= 1 
R-CCU: sum(pointsPerCluster) = 846 
 num [1:3] 843 1 2
NULL
R-CCU: After ClusterLabelChange for i = 7 
R-CCU: sum(pointsPerCluster) = 847 
 num [1:3] 844 1 2
NULL
R-CCU: dpObj$numberClusters = 3 
List of 2
 $ : num [1, 1, 1:3] 0.428 0.265 0.652
 $ : num [1, 1, 1:3] 2.79 3.79 3.21
NULL
R priorParameters: 2 8 
R maxT: 1 
R_PriorDraw_first_mu: 0.4812052 
R_PriorDraw_first_nu: 1.006502 
R-CCU: Before ClusterLabelChange for i = 8 newLabel= 1 currentLabel= 1 
R-CCU: sum(pointsPerCluster) = 847 
 num [1:3] 844 1 2
NULL
R-CCU: After ClusterLabelChange for i = 8 
R-CCU: sum(pointsPerCluster) = 848 
 num [1:3] 845 1 2
NULL
R-CCU: dpObj$numberClusters = 3 
List of 2
 $ : num [1, 1, 1:3] 0.428 0.265 0.652
 $ : num [1, 1, 1:3] 2.79 3.79 3.21
NULL
R priorParameters: 2 8 
R maxT: 1 
R_PriorDraw_first_mu: 0.5415574 
R_PriorDraw_first_nu: 6.502562 
R-CCU: Before ClusterLabelChange for i = 9 newLabel= 1 currentLabel= 1 
R-CCU: sum(pointsPerCluster) = 848 
 num [1:3] 845 1 2
NULL
R-CCU: After ClusterLabelChange for i = 9 
R-CCU: sum(pointsPerCluster) = 849 
 num [1:3] 846 1 2
NULL
R-CCU: dpObj$numberClusters = 3 
List of 2
 $ : num [1, 1, 1:3] 0.428 0.265 0.652
 $ : num [1, 1, 1:3] 2.79 3.79 3.21
NULL
R priorParameters: 2 8 
R maxT: 1 
R_PriorDraw_first_mu: 0.7929768 
R_PriorDraw_first_nu: 15.49353 
R-CCU: Before ClusterLabelChange for i = 10 newLabel= 1 currentLabel= 1 
R-CCU: sum(pointsPerCluster) = 849 
 num [1:3] 846 1 2
NULL
R-CCU: After ClusterLabelChange for i = 10 
R-CCU: sum(pointsPerCluster) = 850 
 num [1:3] 847 1 2
NULL
R-CCU: dpObj$numberClusters = 3 
List of 2
 $ : num [1, 1, 1:3] 0.428 0.265 0.652
 $ : num [1, 1, 1:3] 2.79 3.79 3.21
NULL
R priorParameters: 2 8 
R maxT: 1 
R_PriorDraw_first_mu: 0.3691489 
R_PriorDraw_first_nu: 3.239806 
R-CCU: Before ClusterLabelChange for i = 11 newLabel= 1 currentLabel= 1 
R-CCU: sum(pointsPerCluster) = 850 
 num [1:3] 847 1 2
NULL
R-CCU: After ClusterLabelChange for i = 11 
R-CCU: sum(pointsPerCluster) = 851 
 num [1:3] 848 1 2
NULL
R-CCU: dpObj$numberClusters = 3 
List of 2
 $ : num [1, 1, 1:3] 0.428 0.265 0.652
 $ : num [1, 1, 1:3] 2.79 3.79 3.21
NULL
R priorParameters: 2 8 
R maxT: 1 
R_PriorDraw_first_mu: 0.2297702 
R_PriorDraw_first_nu: 1.695325 
R-CCU: Before ClusterLabelChange for i = 12 newLabel= 1 currentLabel= 1 
R-CCU: sum(pointsPerCluster) = 851 
 num [1:3] 848 1 2
NULL
R-CCU: After ClusterLabelChange for i = 12 
R-CCU: sum(pointsPerCluster) = 852 
 num [1:3] 849 1 2
NULL
R-CCU: dpObj$numberClusters = 3 
List of 2
 $ : num [1, 1, 1:3] 0.428 0.265 0.652
 $ : num [1, 1, 1:3] 2.79 3.79 3.21
NULL
R priorParameters: 2 8 
R maxT: 1 
R_PriorDraw_first_mu: 0.6120338 
R_PriorDraw_first_nu: 9.668742 
R-CCU: Before ClusterLabelChange for i = 13 newLabel= 1 currentLabel= 1 
R-CCU: sum(pointsPerCluster) = 852 
 num [1:3] 849 1 2
NULL
R-CCU: After ClusterLabelChange for i = 13 
R-CCU: sum(pointsPerCluster) = 853 
 num [1:3] 850 1 2
NULL
R-CCU: dpObj$numberClusters = 3 
List of 2
 $ : num [1, 1, 1:3] 0.428 0.265 0.652
 $ : num [1, 1, 1:3] 2.79 3.79 3.21
NULL
R priorParameters: 2 8 
R maxT: 1 
R_PriorDraw_first_mu: 0.8133092 
R_PriorDraw_first_nu: 3.10842 
R-CCU: Before ClusterLabelChange for i = 14 newLabel= 1 currentLabel= 1 
R-CCU: sum(pointsPerCluster) = 853 
 num [1:3] 850 1 2
NULL
R-CCU: After ClusterLabelChange for i = 14 
R-CCU: sum(pointsPerCluster) = 854 
 num [1:3] 851 1 2
NULL
R-CCU: dpObj$numberClusters = 3 
List of 2
 $ : num [1, 1, 1:3] 0.428 0.265 0.652
 $ : num [1, 1, 1:3] 2.79 3.79 3.21
NULL
R priorParameters: 2 8 
R maxT: 1 
R_PriorDraw_first_mu: 0.3741433 
R_PriorDraw_first_nu: 6.400959 
R-CCU: Before ClusterLabelChange for i = 15 newLabel= 1 currentLabel= 1 
R-CCU: sum(pointsPerCluster) = 854 
 num [1:3] 851 1 2
NULL
R-CCU: After ClusterLabelChange for i = 15 
R-CCU: sum(pointsPerCluster) = 855 
 num [1:3] 852 1 2
NULL
R-CCU: dpObj$numberClusters = 3 
List of 2
 $ : num [1, 1, 1:3] 0.428 0.265 0.652
 $ : num [1, 1, 1:3] 2.79 3.79 3.21
NULL
R priorParameters: 2 8 
R maxT: 1 
R_PriorDraw_first_mu: 0.9919374 
R_PriorDraw_first_nu: 10.98542 
R-CCU: Before ClusterLabelChange for i = 16 newLabel= 1 currentLabel= 1 
R-CCU: sum(pointsPerCluster) = 855 
 num [1:3] 852 1 2
NULL
R-CCU: After ClusterLabelChange for i = 16 
R-CCU: sum(pointsPerCluster) = 856 
 num [1:3] 853 1 2
NULL
R-CCU: dpObj$numberClusters = 3 
List of 2
 $ : num [1, 1, 1:3] 0.428 0.265 0.652
 $ : num [1, 1, 1:3] 2.79 3.79 3.21
NULL
R priorParameters: 2 8 
R maxT: 1 
R_PriorDraw_first_mu: 0.6773664 
R_PriorDraw_first_nu: 5.257145 
R-CCU: Before ClusterLabelChange for i = 17 newLabel= 1 currentLabel= 1 
R-CCU: sum(pointsPerCluster) = 856 
 num [1:3] 853 1 2
NULL
R-CCU: After ClusterLabelChange for i = 17 
R-CCU: sum(pointsPerCluster) = 857 
 num [1:3] 854 1 2
NULL
R-CCU: dpObj$numberClusters = 3 
List of 2
 $ : num [1, 1, 1:3] 0.428 0.265 0.652
 $ : num [1, 1, 1:3] 2.79 3.79 3.21
NULL
R priorParameters: 2 8 
R maxT: 1 
R_PriorDraw_first_mu: 0.7600138 
R_PriorDraw_first_nu: 3.183096 
R-CCU: Before ClusterLabelChange for i = 18 newLabel= 1 currentLabel= 1 
R-CCU: sum(pointsPerCluster) = 857 
 num [1:3] 854 1 2
NULL
R-CCU: After ClusterLabelChange for i = 18 
R-CCU: sum(pointsPerCluster) = 858 
 num [1:3] 855 1 2
NULL
R-CCU: dpObj$numberClusters = 3 
List of 2
 $ : num [1, 1, 1:3] 0.428 0.265 0.652
 $ : num [1, 1, 1:3] 2.79 3.79 3.21
NULL
R priorParameters: 2 8 
R maxT: 1 
R_PriorDraw_first_mu: 0.2567944 
R_PriorDraw_first_nu: 2.100602 
R-CCU: Before ClusterLabelChange for i = 19 newLabel= 1 currentLabel= 1 
R-CCU: sum(pointsPerCluster) = 858 
 num [1:3] 855 1 2
NULL
R-CCU: After ClusterLabelChange for i = 19 
R-CCU: sum(pointsPerCluster) = 859 
 num [1:3] 856 1 2
NULL
R-CCU: dpObj$numberClusters = 3 
List of 2
 $ : num [1, 1, 1:3] 0.428 0.265 0.652
 $ : num [1, 1, 1:3] 2.79 3.79 3.21
NULL
R priorParameters: 2 8 
R maxT: 1 
R_PriorDraw_first_mu: 0.2782899 
R_PriorDraw_first_nu: 3.319954 
R-CCU: Before ClusterLabelChange for i = 20 newLabel= 1 currentLabel= 1 
R-CCU: sum(pointsPerCluster) = 859 
 num [1:3] 856 1 2
NULL
R-CCU: After ClusterLabelChange for i = 20 
R-CCU: sum(pointsPerCluster) = 860 
 num [1:3] 857 1 2
NULL
R-CCU: dpObj$numberClusters = 3 
List of 2
 $ : num [1, 1, 1:3] 0.428 0.265 0.652
 $ : num [1, 1, 1:3] 2.79 3.79 3.21
NULL
R priorParameters: 2 8 
R maxT: 1 
R_PriorDraw_first_mu: 0.5310748 
R_PriorDraw_first_nu: 70.73202 
R-CCU: Before ClusterLabelChange for i = 21 newLabel= 1 currentLabel= 1 
R-CCU: sum(pointsPerCluster) = 860 
 num [1:3] 857 1 2
NULL
R-CCU: After ClusterLabelChange for i = 21 
R-CCU: sum(pointsPerCluster) = 861 
 num [1:3] 858 1 2
NULL
R-CCU: dpObj$numberClusters = 3 
List of 2
 $ : num [1, 1, 1:3] 0.428 0.265 0.652
 $ : num [1, 1, 1:3] 2.79 3.79 3.21
NULL
R priorParameters: 2 8 
R maxT: 1 
R_PriorDraw_first_mu: 0.4870244 
R_PriorDraw_first_nu: 4.050153 
R-CCU: Before ClusterLabelChange for i = 22 newLabel= 1 currentLabel= 1 
R-CCU: sum(pointsPerCluster) = 861 
 num [1:3] 858 1 2
NULL
R-CCU: After ClusterLabelChange for i = 22 
R-CCU: sum(pointsPerCluster) = 862 
 num [1:3] 859 1 2
NULL
R-CCU: dpObj$numberClusters = 3 
List of 2
 $ : num [1, 1, 1:3] 0.428 0.265 0.652
 $ : num [1, 1, 1:3] 2.79 3.79 3.21
NULL
R priorParameters: 2 8 
R maxT: 1 
R_PriorDraw_first_mu: 0.6595015 
R_PriorDraw_first_nu: 4.664119 
R-CCU: Before ClusterLabelChange for i = 23 newLabel= 1 currentLabel= 1 
R-CCU: sum(pointsPerCluster) = 862 
 num [1:3] 859 1 2
NULL
R-CCU: After ClusterLabelChange for i = 23 
R-CCU: sum(pointsPerCluster) = 863 
 num [1:3] 860 1 2
NULL
R-CCU: dpObj$numberClusters = 3 
List of 2
 $ : num [1, 1, 1:3] 0.428 0.265 0.652
 $ : num [1, 1, 1:3] 2.79 3.79 3.21
NULL
R priorParameters: 2 8 
R maxT: 1 
R_PriorDraw_first_mu: 0.3880561 
R_PriorDraw_first_nu: 6.126448 
R-CCU: Before ClusterLabelChange for i = 24 newLabel= 1 currentLabel= 1 
R-CCU: sum(pointsPerCluster) = 863 
 num [1:3] 860 1 2
NULL
R-CCU: After ClusterLabelChange for i = 24 
R-CCU: sum(pointsPerCluster) = 864 
 num [1:3] 861 1 2
NULL
R-CCU: dpObj$numberClusters = 3 
List of 2
 $ : num [1, 1, 1:3] 0.428 0.265 0.652
 $ : num [1, 1, 1:3] 2.79 3.79 3.21
NULL
R priorParameters: 2 8 
R maxT: 1 
R_PriorDraw_first_mu: 0.8520492 
R_PriorDraw_first_nu: 12.36399 
R-CCU: Before ClusterLabelChange for i = 25 newLabel= 1 currentLabel= 1 
R-CCU: sum(pointsPerCluster) = 864 
 num [1:3] 861 1 2
NULL
R-CCU: After ClusterLabelChange for i = 25 
R-CCU: sum(pointsPerCluster) = 865 
 num [1:3] 862 1 2
NULL
R-CCU: dpObj$numberClusters = 3 
List of 2
 $ : num [1, 1, 1:3] 0.428 0.265 0.652
 $ : num [1, 1, 1:3] 2.79 3.79 3.21
NULL
R priorParameters: 2 8 
R maxT: 1 
R_PriorDraw_first_mu: 0.5821092 
R_PriorDraw_first_nu: 3.116892 
R-CCU: Before ClusterLabelChange for i = 26 newLabel= 1 currentLabel= 1 
R-CCU: sum(pointsPerCluster) = 865 
 num [1:3] 862 1 2
NULL
R-CCU: After ClusterLabelChange for i = 26 
R-CCU: sum(pointsPerCluster) = 866 
 num [1:3] 863 1 2
NULL
R-CCU: dpObj$numberClusters = 3 
List of 2
 $ : num [1, 1, 1:3] 0.428 0.265 0.652
 $ : num [1, 1, 1:3] 2.79 3.79 3.21
NULL
R priorParameters: 2 8 
R maxT: 1 
R_PriorDraw_first_mu: 0.9492104 
R_PriorDraw_first_nu: 1.231792 
R-CCU: Before ClusterLabelChange for i = 27 newLabel= 1 currentLabel= 1 
R-CCU: sum(pointsPerCluster) = 866 
 num [1:3] 863 1 2
NULL
R-CCU: After ClusterLabelChange for i = 27 
R-CCU: sum(pointsPerCluster) = 867 
 num [1:3] 864 1 2
NULL
R-CCU: dpObj$numberClusters = 3 
List of 2
 $ : num [1, 1, 1:3] 0.428 0.265 0.652
 $ : num [1, 1, 1:3] 2.79 3.79 3.21
NULL
R priorParameters: 2 8 
R maxT: 1 
R_PriorDraw_first_mu: 0.8298213 
R_PriorDraw_first_nu: 6.811414 
R-CCU: Before ClusterLabelChange for i = 28 newLabel= 1 currentLabel= 1 
R-CCU: sum(pointsPerCluster) = 867 
 num [1:3] 864 1 2
NULL
R-CCU: After ClusterLabelChange for i = 28 
R-CCU: sum(pointsPerCluster) = 868 
 num [1:3] 865 1 2
NULL
R-CCU: dpObj$numberClusters = 3 
List of 2
 $ : num [1, 1, 1:3] 0.428 0.265 0.652
 $ : num [1, 1, 1:3] 2.79 3.79 3.21
NULL
R priorParameters: 2 8 
R maxT: 1 
R_PriorDraw_first_mu: 0.6907455 
R_PriorDraw_first_nu: 6.684601 
R-CCU: Before ClusterLabelChange for i = 29 newLabel= 1 currentLabel= 1 
R-CCU: sum(pointsPerCluster) = 868 
 num [1:3] 865 1 2
NULL
R-CCU: After ClusterLabelChange for i = 29 
R-CCU: sum(pointsPerCluster) = 869 
 num [1:3] 866 1 2
NULL
R-CCU: dpObj$numberClusters = 3 
List of 2
 $ : num [1, 1, 1:3] 0.428 0.265 0.652
 $ : num [1, 1, 1:3] 2.79 3.79 3.21
NULL
R priorParameters: 2 8 
R maxT: 1 
R_PriorDraw_first_mu: 0.09391289 
R_PriorDraw_first_nu: 5.308073 
R-CCU: Before ClusterLabelChange for i = 30 newLabel= 1 currentLabel= 1 
R-CCU: sum(pointsPerCluster) = 869 
 num [1:3] 866 1 2
NULL
R-CCU: After ClusterLabelChange for i = 30 
R-CCU: sum(pointsPerCluster) = 870 
 num [1:3] 867 1 2
NULL
R-CCU: dpObj$numberClusters = 3 
List of 2
 $ : num [1, 1, 1:3] 0.428 0.265 0.652
 $ : num [1, 1, 1:3] 2.79 3.79 3.21
NULL
R priorParameters: 2 8 
R maxT: 1 
R_PriorDraw_first_mu: 0.02573959 
R_PriorDraw_first_nu: 3.604312 
R-CCU: Before ClusterLabelChange for i = 31 newLabel= 1 currentLabel= 1 
R-CCU: sum(pointsPerCluster) = 870 
 num [1:3] 867 1 2
NULL
R-CCU: After ClusterLabelChange for i = 31 
R-CCU: sum(pointsPerCluster) = 871 
 num [1:3] 868 1 2
NULL
R-CCU: dpObj$numberClusters = 3 
List of 2
 $ : num [1, 1, 1:3] 0.428 0.265 0.652
 $ : num [1, 1, 1:3] 2.79 3.79 3.21
NULL
R priorParameters: 2 8 
R maxT: 1 
R_PriorDraw_first_mu: 0.6547338 
R_PriorDraw_first_nu: 4.270068 
R-CCU: Before ClusterLabelChange for i = 32 newLabel= 1 currentLabel= 1 
R-CCU: sum(pointsPerCluster) = 871 
 num [1:3] 868 1 2
NULL
R-CCU: After ClusterLabelChange for i = 32 
R-CCU: sum(pointsPerCluster) = 872 
 num [1:3] 869 1 2
NULL
R-CCU: dpObj$numberClusters = 3 
List of 2
 $ : num [1, 1, 1:3] 0.428 0.265 0.652
 $ : num [1, 1, 1:3] 2.79 3.79 3.21
NULL
R priorParameters: 2 8 
R maxT: 1 
R_PriorDraw_first_mu: 0.8787735 
R_PriorDraw_first_nu: 3.277212 
R-CCU: Before ClusterLabelChange for i = 33 newLabel= 1 currentLabel= 1 
R-CCU: sum(pointsPerCluster) = 872 
 num [1:3] 869 1 2
NULL
R-CCU: After ClusterLabelChange for i = 33 
R-CCU: sum(pointsPerCluster) = 873 
 num [1:3] 870 1 2
NULL
R-CCU: dpObj$numberClusters = 3 
List of 2
 $ : num [1, 1, 1:3] 0.428 0.265 0.652
 $ : num [1, 1, 1:3] 2.79 3.79 3.21
NULL
R priorParameters: 2 8 
R maxT: 1 
R_PriorDraw_first_mu: 0.3106358 
R_PriorDraw_first_nu: 16.65811 
R-CCU: Before ClusterLabelChange for i = 34 newLabel= 1 currentLabel= 1 
R-CCU: sum(pointsPerCluster) = 873 
 num [1:3] 870 1 2
NULL
R-CCU: After ClusterLabelChange for i = 34 
R-CCU: sum(pointsPerCluster) = 874 
 num [1:3] 871 1 2
NULL
R-CCU: dpObj$numberClusters = 3 
List of 2
 $ : num [1, 1, 1:3] 0.428 0.265 0.652
 $ : num [1, 1, 1:3] 2.79 3.79 3.21
NULL
R priorParameters: 2 8 
R maxT: 1 
R_PriorDraw_first_mu: 0.5897951 
R_PriorDraw_first_nu: 3.51963 
R-CCU: Before ClusterLabelChange for i = 35 newLabel= 1 currentLabel= 1 
R-CCU: sum(pointsPerCluster) = 874 
 num [1:3] 871 1 2
NULL
R-CCU: After ClusterLabelChange for i = 35 
R-CCU: sum(pointsPerCluster) = 875 
 num [1:3] 872 1 2
NULL
R-CCU: dpObj$numberClusters = 3 
List of 2
 $ : num [1, 1, 1:3] 0.428 0.265 0.652
 $ : num [1, 1, 1:3] 2.79 3.79 3.21
NULL
R priorParameters: 2 8 
R maxT: 1 
R_PriorDraw_first_mu: 0.3715837 
R_PriorDraw_first_nu: 2.070165 
R-CCU: Before ClusterLabelChange for i = 36 newLabel= 1 currentLabel= 1 
R-CCU: sum(pointsPerCluster) = 875 
 num [1:3] 872 1 2
NULL
R-CCU: After ClusterLabelChange for i = 36 
R-CCU: sum(pointsPerCluster) = 876 
 num [1:3] 873 1 2
NULL
R-CCU: dpObj$numberClusters = 3 
List of 2
 $ : num [1, 1, 1:3] 0.428 0.265 0.652
 $ : num [1, 1, 1:3] 2.79 3.79 3.21
NULL
R priorParameters: 2 8 
R maxT: 1 
R_PriorDraw_first_mu: 0.0607858 
R_PriorDraw_first_nu: 3.675876 
R-CCU: Before ClusterLabelChange for i = 37 newLabel= 1 currentLabel= 1 
R-CCU: sum(pointsPerCluster) = 876 
 num [1:3] 873 1 2
NULL
R-CCU: After ClusterLabelChange for i = 37 
R-CCU: sum(pointsPerCluster) = 877 
 num [1:3] 874 1 2
NULL
R-CCU: dpObj$numberClusters = 3 
List of 2
 $ : num [1, 1, 1:3] 0.428 0.265 0.652
 $ : num [1, 1, 1:3] 2.79 3.79 3.21
NULL
R priorParameters: 2 8 
R maxT: 1 
R_PriorDraw_first_mu: 0.2211185 
R_PriorDraw_first_nu: 5.65511 
R-CCU: Before ClusterLabelChange for i = 38 newLabel= 1 currentLabel= 1 
R-CCU: sum(pointsPerCluster) = 877 
 num [1:3] 874 1 2
NULL
R-CCU: After ClusterLabelChange for i = 38 
R-CCU: sum(pointsPerCluster) = 878 
 num [1:3] 875 1 2
NULL
R-CCU: dpObj$numberClusters = 3 
List of 2
 $ : num [1, 1, 1:3] 0.428 0.265 0.652
 $ : num [1, 1, 1:3] 2.79 3.79 3.21
NULL
R priorParameters: 2 8 
R maxT: 1 
R_PriorDraw_first_mu: 0.990727 
R_PriorDraw_first_nu: 10.4486 
R-CCU: Before ClusterLabelChange for i = 39 newLabel= 1 currentLabel= 1 
R-CCU: sum(pointsPerCluster) = 878 
 num [1:3] 875 1 2
NULL
R-CCU: After ClusterLabelChange for i = 39 
R-CCU: sum(pointsPerCluster) = 879 
 num [1:3] 876 1 2
NULL
R-CCU: dpObj$numberClusters = 3 
List of 2
 $ : num [1, 1, 1:3] 0.428 0.265 0.652
 $ : num [1, 1, 1:3] 2.79 3.79 3.21
NULL
R priorParameters: 2 8 
R maxT: 1 
R_PriorDraw_first_mu: 0.7619721 
R_PriorDraw_first_nu: 2.419242 
R-CCU: Before ClusterLabelChange for i = 40 newLabel= 1 currentLabel= 1 
R-CCU: sum(pointsPerCluster) = 879 
 num [1:3] 876 1 2
NULL
R-CCU: After ClusterLabelChange for i = 40 
R-CCU: sum(pointsPerCluster) = 880 
 num [1:3] 877 1 2
NULL
R-CCU: dpObj$numberClusters = 3 
List of 2
 $ : num [1, 1, 1:3] 0.428 0.265 0.652
 $ : num [1, 1, 1:3] 2.79 3.79 3.21
NULL
R priorParameters: 2 8 
R maxT: 1 
R_PriorDraw_first_mu: 0.04999876 
R_PriorDraw_first_nu: 2.443826 
R-CCU: Before ClusterLabelChange for i = 41 newLabel= 1 currentLabel= 1 
R-CCU: sum(pointsPerCluster) = 880 
 num [1:3] 877 1 2
NULL
R-CCU: After ClusterLabelChange for i = 41 
R-CCU: sum(pointsPerCluster) = 881 
 num [1:3] 878 1 2
NULL
R-CCU: dpObj$numberClusters = 3 
List of 2
 $ : num [1, 1, 1:3] 0.428 0.265 0.652
 $ : num [1, 1, 1:3] 2.79 3.79 3.21
NULL
R priorParameters: 2 8 
R maxT: 1 
R_PriorDraw_first_mu: 0.6149397 
R_PriorDraw_first_nu: 7.639192 
R-CCU: Before ClusterLabelChange for i = 42 newLabel= 1 currentLabel= 1 
R-CCU: sum(pointsPerCluster) = 881 
 num [1:3] 878 1 2
NULL
R-CCU: After ClusterLabelChange for i = 42 
R-CCU: sum(pointsPerCluster) = 882 
 num [1:3] 879 1 2
NULL
R-CCU: dpObj$numberClusters = 3 
List of 2
 $ : num [1, 1, 1:3] 0.428 0.265 0.652
 $ : num [1, 1, 1:3] 2.79 3.79 3.21
NULL
R priorParameters: 2 8 
R maxT: 1 
R_PriorDraw_first_mu: 0.5711011 
R_PriorDraw_first_nu: 8.033898 
R-CCU: Before ClusterLabelChange for i = 43 newLabel= 1 currentLabel= 1 
R-CCU: sum(pointsPerCluster) = 882 
 num [1:3] 879 1 2
NULL
R-CCU: After ClusterLabelChange for i = 43 
R-CCU: sum(pointsPerCluster) = 883 
 num [1:3] 880 1 2
NULL
R-CCU: dpObj$numberClusters = 3 
List of 2
 $ : num [1, 1, 1:3] 0.428 0.265 0.652
 $ : num [1, 1, 1:3] 2.79 3.79 3.21
NULL
R priorParameters: 2 8 
R maxT: 1 
R_PriorDraw_first_mu: 0.1386418 
R_PriorDraw_first_nu: 3.885201 
R-CCU: Before ClusterLabelChange for i = 44 newLabel= 1 currentLabel= 1 
R-CCU: sum(pointsPerCluster) = 883 
 num [1:3] 880 1 2
NULL
R-CCU: After ClusterLabelChange for i = 44 
R-CCU: sum(pointsPerCluster) = 884 
 num [1:3] 881 1 2
NULL
R-CCU: dpObj$numberClusters = 3 
List of 2
 $ : num [1, 1, 1:3] 0.428 0.265 0.652
 $ : num [1, 1, 1:3] 2.79 3.79 3.21
NULL
R priorParameters: 2 8 
R maxT: 1 
R_PriorDraw_first_mu: 0.682229 
R_PriorDraw_first_nu: 6.002444 
R-CCU: Before ClusterLabelChange for i = 45 newLabel= 1 currentLabel= 1 
R-CCU: sum(pointsPerCluster) = 884 
 num [1:3] 881 1 2
NULL
R-CCU: After ClusterLabelChange for i = 45 
R-CCU: sum(pointsPerCluster) = 885 
 num [1:3] 882 1 2
NULL
R-CCU: dpObj$numberClusters = 3 
List of 2
 $ : num [1, 1, 1:3] 0.428 0.265 0.652
 $ : num [1, 1, 1:3] 2.79 3.79 3.21
NULL
R priorParameters: 2 8 
R maxT: 1 
R_PriorDraw_first_mu: 0.330962 
R_PriorDraw_first_nu: 4.75636 
R-CCU: Before ClusterLabelChange for i = 46 newLabel= 1 currentLabel= 1 
R-CCU: sum(pointsPerCluster) = 885 
 num [1:3] 882 1 2
NULL
R-CCU: After ClusterLabelChange for i = 46 
R-CCU: sum(pointsPerCluster) = 886 
 num [1:3] 883 1 2
NULL
R-CCU: dpObj$numberClusters = 3 
List of 2
 $ : num [1, 1, 1:3] 0.428 0.265 0.652
 $ : num [1, 1, 1:3] 2.79 3.79 3.21
NULL
R priorParameters: 2 8 
R maxT: 1 
R_PriorDraw_first_mu: 0.6068211 
R_PriorDraw_first_nu: 10.36437 
R-CCU: Before ClusterLabelChange for i = 47 newLabel= 1 currentLabel= 1 
R-CCU: sum(pointsPerCluster) = 886 
 num [1:3] 883 1 2
NULL
R-CCU: After ClusterLabelChange for i = 47 
R-CCU: sum(pointsPerCluster) = 887 
 num [1:3] 884 1 2
NULL
R-CCU: dpObj$numberClusters = 3 
List of 2
 $ : num [1, 1, 1:3] 0.428 0.265 0.652
 $ : num [1, 1, 1:3] 2.79 3.79 3.21
NULL
R priorParameters: 2 8 
R maxT: 1 
R_PriorDraw_first_mu: 0.640408 
R_PriorDraw_first_nu: 3.548725 
R-CCU: Before ClusterLabelChange for i = 48 newLabel= 1 currentLabel= 1 
R-CCU: sum(pointsPerCluster) = 887 
 num [1:3] 884 1 2
NULL
R-CCU: After ClusterLabelChange for i = 48 
R-CCU: sum(pointsPerCluster) = 888 
 num [1:3] 885 1 2
NULL
R-CCU: dpObj$numberClusters = 3 
List of 2
 $ : num [1, 1, 1:3] 0.428 0.265 0.652
 $ : num [1, 1, 1:3] 2.79 3.79 3.21
NULL
R priorParameters: 2 8 
R maxT: 1 
R_PriorDraw_first_mu: 0.3272002 
R_PriorDraw_first_nu: 8.313618 
R-CCU: Before ClusterLabelChange for i = 49 newLabel= 1 currentLabel= 1 
R-CCU: sum(pointsPerCluster) = 888 
 num [1:3] 885 1 2
NULL
R-CCU: After ClusterLabelChange for i = 49 
R-CCU: sum(pointsPerCluster) = 889 
 num [1:3] 886 1 2
NULL
R-CCU: dpObj$numberClusters = 3 
List of 2
 $ : num [1, 1, 1:3] 0.428 0.265 0.652
 $ : num [1, 1, 1:3] 2.79 3.79 3.21
NULL
R priorParameters: 2 8 
R maxT: 1 
R_PriorDraw_first_mu: 0.9692528 
R_PriorDraw_first_nu: 2.010962 
R-CCU: Before ClusterLabelChange for i = 50 newLabel= 1 currentLabel= 1 
R-CCU: sum(pointsPerCluster) = 889 
 num [1:3] 886 1 2
NULL
R-CCU: After ClusterLabelChange for i = 50 
R-CCU: sum(pointsPerCluster) = 890 
 num [1:3] 887 1 2
NULL
R-CCU: dpObj$numberClusters = 3 
List of 2
 $ : num [1, 1, 1:3] 0.428 0.265 0.652
 $ : num [1, 1, 1:3] 2.79 3.79 3.21
NULL
R priorParameters: 2 8 
R maxT: 1 
R_PriorDraw_first_mu: 0.6826411 
R_PriorDraw_first_nu: 6.651768 
R-CCU: Before ClusterLabelChange for i = 51 newLabel= 1 currentLabel= 1 
R-CCU: sum(pointsPerCluster) = 890 
 num [1:3] 887 1 2
NULL
R-CCU: After ClusterLabelChange for i = 51 
R-CCU: sum(pointsPerCluster) = 891 
 num [1:3] 888 1 2
NULL
R-CCU: dpObj$numberClusters = 3 
List of 2
 $ : num [1, 1, 1:3] 0.428 0.265 0.652
 $ : num [1, 1, 1:3] 2.79 3.79 3.21
NULL
R priorParameters: 2 8 
R maxT: 1 
R_PriorDraw_first_mu: 0.1336076 
R_PriorDraw_first_nu: 14.54936 
R-CCU: Before ClusterLabelChange for i = 52 newLabel= 1 currentLabel= 1 
R-CCU: sum(pointsPerCluster) = 891 
 num [1:3] 888 1 2
NULL
R-CCU: After ClusterLabelChange for i = 52 
R-CCU: sum(pointsPerCluster) = 892 
 num [1:3] 889 1 2
NULL
R-CCU: dpObj$numberClusters = 3 
List of 2
 $ : num [1, 1, 1:3] 0.428 0.265 0.652
 $ : num [1, 1, 1:3] 2.79 3.79 3.21
NULL
R priorParameters: 2 8 
R maxT: 1 
R_PriorDraw_first_mu: 0.4107023 
R_PriorDraw_first_nu: 4.479109 
R-CCU: Before ClusterLabelChange for i = 53 newLabel= 1 currentLabel= 1 
R-CCU: sum(pointsPerCluster) = 892 
 num [1:3] 889 1 2
NULL
R-CCU: After ClusterLabelChange for i = 53 
R-CCU: sum(pointsPerCluster) = 893 
 num [1:3] 890 1 2
NULL
R-CCU: dpObj$numberClusters = 3 
List of 2
 $ : num [1, 1, 1:3] 0.428 0.265 0.652
 $ : num [1, 1, 1:3] 2.79 3.79 3.21
NULL
R priorParameters: 2 8 
R maxT: 1 
R_PriorDraw_first_mu: 0.3164391 
R_PriorDraw_first_nu: 7.340739 
R-CCU: Before ClusterLabelChange for i = 54 newLabel= 1 currentLabel= 1 
R-CCU: sum(pointsPerCluster) = 893 
 num [1:3] 890 1 2
NULL
R-CCU: After ClusterLabelChange for i = 54 
R-CCU: sum(pointsPerCluster) = 894 
 num [1:3] 891 1 2
NULL
R-CCU: dpObj$numberClusters = 3 
List of 2
 $ : num [1, 1, 1:3] 0.428 0.265 0.652
 $ : num [1, 1, 1:3] 2.79 3.79 3.21
NULL
R priorParameters: 2 8 
R maxT: 1 
R_PriorDraw_first_mu: 0.04395659 
R_PriorDraw_first_nu: 2.247569 
R-CCU: Before ClusterLabelChange for i = 55 newLabel= 1 currentLabel= 1 
R-CCU: sum(pointsPerCluster) = 894 
 num [1:3] 891 1 2
NULL
R-CCU: After ClusterLabelChange for i = 55 
R-CCU: sum(pointsPerCluster) = 895 
 num [1:3] 892 1 2
NULL
R-CCU: dpObj$numberClusters = 3 
List of 2
 $ : num [1, 1, 1:3] 0.428 0.265 0.652
 $ : num [1, 1, 1:3] 2.79 3.79 3.21
NULL
R priorParameters: 2 8 
R maxT: 1 
R_PriorDraw_first_mu: 0.8388363 
R_PriorDraw_first_nu: 2.332614 
R-CCU: Before ClusterLabelChange for i = 56 newLabel= 1 currentLabel= 1 
R-CCU: sum(pointsPerCluster) = 895 
 num [1:3] 892 1 2
NULL
R-CCU: After ClusterLabelChange for i = 56 
R-CCU: sum(pointsPerCluster) = 896 
 num [1:3] 893 1 2
NULL
R-CCU: dpObj$numberClusters = 3 
List of 2
 $ : num [1, 1, 1:3] 0.428 0.265 0.652
 $ : num [1, 1, 1:3] 2.79 3.79 3.21
NULL
R priorParameters: 2 8 
R maxT: 1 
R_PriorDraw_first_mu: 0.2426855 
R_PriorDraw_first_nu: 5.26948 
R-CCU: Before ClusterLabelChange for i = 57 newLabel= 1 currentLabel= 1 
R-CCU: sum(pointsPerCluster) = 896 
 num [1:3] 893 1 2
NULL
R-CCU: After ClusterLabelChange for i = 57 
R-CCU: sum(pointsPerCluster) = 897 
 num [1:3] 894 1 2
NULL
R-CCU: dpObj$numberClusters = 3 
List of 2
 $ : num [1, 1, 1:3] 0.428 0.265 0.652
 $ : num [1, 1, 1:3] 2.79 3.79 3.21
NULL
R priorParameters: 2 8 
R maxT: 1 
R_PriorDraw_first_mu: 0.5801196 
R_PriorDraw_first_nu: 2.262515 
R-CCU: Before ClusterLabelChange for i = 58 newLabel= 1 currentLabel= 1 
R-CCU: sum(pointsPerCluster) = 897 
 num [1:3] 894 1 2
NULL
R-CCU: After ClusterLabelChange for i = 58 
R-CCU: sum(pointsPerCluster) = 898 
 num [1:3] 895 1 2
NULL
R-CCU: dpObj$numberClusters = 3 
List of 2
 $ : num [1, 1, 1:3] 0.428 0.265 0.652
 $ : num [1, 1, 1:3] 2.79 3.79 3.21
NULL
R priorParameters: 2 8 
R maxT: 1 
R_PriorDraw_first_mu: 0.2250914 
R_PriorDraw_first_nu: 3.761766 
R-CCU: Before ClusterLabelChange for i = 59 newLabel= 1 currentLabel= 1 
R-CCU: sum(pointsPerCluster) = 898 
 num [1:3] 895 1 2
NULL
R-CCU: After ClusterLabelChange for i = 59 
R-CCU: sum(pointsPerCluster) = 899 
 num [1:3] 896 1 2
NULL
R-CCU: dpObj$numberClusters = 3 
List of 2
 $ : num [1, 1, 1:3] 0.428 0.265 0.652
 $ : num [1, 1, 1:3] 2.79 3.79 3.21
NULL
R priorParameters: 2 8 
R maxT: 1 
R_PriorDraw_first_mu: 0.3027989 
R_PriorDraw_first_nu: 2.368768 
R-CCU: Before ClusterLabelChange for i = 60 newLabel= 1 currentLabel= 1 
R-CCU: sum(pointsPerCluster) = 899 
 num [1:3] 896 1 2
NULL
R-CCU: After ClusterLabelChange for i = 60 
R-CCU: sum(pointsPerCluster) = 900 
 num [1:3] 897 1 2
NULL
R-CCU: dpObj$numberClusters = 3 
List of 2
 $ : num [1, 1, 1:3] 0.428 0.265 0.652
 $ : num [1, 1, 1:3] 2.79 3.79 3.21
NULL

⠧ |   28      0 | Beta Distribution Full Integration Test          R priorParameters: 2 8 
R maxT: 1 
R_PriorDraw_first_mu: 0.5989409 
R_PriorDraw_first_nu: 3.77243 
R-CCU: Before ClusterLabelChange for i = 1 newLabel= 1 currentLabel= 1 
R-CCU: sum(pointsPerCluster) = 900 
 num [1:3] 897 1 2
NULL
R-CCU: After ClusterLabelChange for i = 1 
R-CCU: sum(pointsPerCluster) = 901 
 num [1:3] 898 1 2
NULL
R-CCU: dpObj$numberClusters = 3 
List of 2
 $ : num [1, 1, 1:3] 0.447 0.265 0.652
 $ : num [1, 1, 1:3] 2.63 3.79 3.21
NULL
R priorParameters: 2 8 
R maxT: 1 
R_PriorDraw_first_mu: 0.63369 
R_PriorDraw_first_nu: 5.001986 
R-CCU: Before ClusterLabelChange for i = 2 newLabel= 1 currentLabel= 1 
R-CCU: sum(pointsPerCluster) = 901 
 num [1:3] 898 1 2
NULL
R-CCU: After ClusterLabelChange for i = 2 
R-CCU: sum(pointsPerCluster) = 902 
 num [1:3] 899 1 2
NULL
R-CCU: dpObj$numberClusters = 3 
List of 2
 $ : num [1, 1, 1:3] 0.447 0.265 0.652
 $ : num [1, 1, 1:3] 2.63 3.79 3.21
NULL
R priorParameters: 2 8 
R maxT: 1 
R_PriorDraw_first_mu: 0.2563293 
R_PriorDraw_first_nu: 1.668497 
R-CCU: Before ClusterLabelChange for i = 3 newLabel= 1 currentLabel= 1 
R-CCU: sum(pointsPerCluster) = 902 
 num [1:3] 899 1 2
NULL
R-CCU: After ClusterLabelChange for i = 3 
R-CCU: sum(pointsPerCluster) = 903 
 num [1:3] 900 1 2
NULL
R-CCU: dpObj$numberClusters = 3 
List of 2
 $ : num [1, 1, 1:3] 0.447 0.265 0.652
 $ : num [1, 1, 1:3] 2.63 3.79 3.21
NULL
R priorParameters: 2 8 
R maxT: 1 
R_PriorDraw_first_mu: 0.6539433 
R_PriorDraw_first_nu: 4.335777 
R-CCU: Before ClusterLabelChange for i = 4 newLabel= 1 currentLabel= 1 
R-CCU: sum(pointsPerCluster) = 903 
 num [1:3] 900 1 2
NULL
R-CCU: After ClusterLabelChange for i = 4 
R-CCU: sum(pointsPerCluster) = 904 
 num [1:3] 901 1 2
NULL
R-CCU: dpObj$numberClusters = 3 
List of 2
 $ : num [1, 1, 1:3] 0.447 0.265 0.652
 $ : num [1, 1, 1:3] 2.63 3.79 3.21
NULL
R priorParameters: 2 8 
R maxT: 1 
R_PriorDraw_first_mu: 0.8616803 
R_PriorDraw_first_nu: 7.366166 
R-CCU: Before ClusterLabelChange for i = 5 newLabel= 1 currentLabel= 1 
R-CCU: sum(pointsPerCluster) = 904 
 num [1:3] 901 1 2
NULL
R-CCU: After ClusterLabelChange for i = 5 
R-CCU: sum(pointsPerCluster) = 905 
 num [1:3] 902 1 2
NULL
R-CCU: dpObj$numberClusters = 3 
List of 2
 $ : num [1, 1, 1:3] 0.447 0.265 0.652
 $ : num [1, 1, 1:3] 2.63 3.79 3.21
NULL
R priorParameters: 2 8 
R maxT: 1 
R_PriorDraw_first_mu: 0.9935426 
R_PriorDraw_first_nu: 4.124315 
R-CCU: Before ClusterLabelChange for i = 6 newLabel= 1 currentLabel= 1 
R-CCU: sum(pointsPerCluster) = 905 
 num [1:3] 902 1 2
NULL
R-CCU: After ClusterLabelChange for i = 6 
R-CCU: sum(pointsPerCluster) = 906 
 num [1:3] 903 1 2
NULL
R-CCU: dpObj$numberClusters = 3 
List of 2
 $ : num [1, 1, 1:3] 0.447 0.265 0.652
 $ : num [1, 1, 1:3] 2.63 3.79 3.21
NULL
R priorParameters: 2 8 
R maxT: 1 
R_PriorDraw_first_mu: 0.09426936 
R_PriorDraw_first_nu: 7.741818 
R-CCU: Before ClusterLabelChange for i = 7 newLabel= 1 currentLabel= 1 
R-CCU: sum(pointsPerCluster) = 906 
 num [1:3] 903 1 2
NULL
R-CCU: After ClusterLabelChange for i = 7 
R-CCU: sum(pointsPerCluster) = 907 
 num [1:3] 904 1 2
NULL
R-CCU: dpObj$numberClusters = 3 
List of 2
 $ : num [1, 1, 1:3] 0.447 0.265 0.652
 $ : num [1, 1, 1:3] 2.63 3.79 3.21
NULL
R priorParameters: 2 8 
R maxT: 1 
R_PriorDraw_first_mu: 0.05423865 
R_PriorDraw_first_nu: 9.329991 
R-CCU: Before ClusterLabelChange for i = 8 newLabel= 1 currentLabel= 1 
R-CCU: sum(pointsPerCluster) = 907 
 num [1:3] 904 1 2
NULL
R-CCU: After ClusterLabelChange for i = 8 
R-CCU: sum(pointsPerCluster) = 908 
 num [1:3] 905 1 2
NULL
R-CCU: dpObj$numberClusters = 3 
List of 2
 $ : num [1, 1, 1:3] 0.447 0.265 0.652
 $ : num [1, 1, 1:3] 2.63 3.79 3.21
NULL
R priorParameters: 2 8 
R maxT: 1 
R_PriorDraw_first_mu: 0.8128534 
R_PriorDraw_first_nu: 6.421267 
R-CCU: Before ClusterLabelChange for i = 9 newLabel= 1 currentLabel= 1 
R-CCU: sum(pointsPerCluster) = 908 
 num [1:3] 905 1 2
NULL
R-CCU: After ClusterLabelChange for i = 9 
R-CCU: sum(pointsPerCluster) = 909 
 num [1:3] 906 1 2
NULL
R-CCU: dpObj$numberClusters = 3 
List of 2
 $ : num [1, 1, 1:3] 0.447 0.265 0.652
 $ : num [1, 1, 1:3] 2.63 3.79 3.21
NULL
R priorParameters: 2 8 
R maxT: 1 
R_PriorDraw_first_mu: 0.6193758 
R_PriorDraw_first_nu: 3.628998 
R-CCU: Before ClusterLabelChange for i = 10 newLabel= 1 currentLabel= 1 
R-CCU: sum(pointsPerCluster) = 909 
 num [1:3] 906 1 2
NULL
R-CCU: After ClusterLabelChange for i = 10 
R-CCU: sum(pointsPerCluster) = 910 
 num [1:3] 907 1 2
NULL
R-CCU: dpObj$numberClusters = 3 
List of 2
 $ : num [1, 1, 1:3] 0.447 0.265 0.652
 $ : num [1, 1, 1:3] 2.63 3.79 3.21
NULL
R priorParameters: 2 8 
R maxT: 1 
R_PriorDraw_first_mu: 0.02801424 
R_PriorDraw_first_nu: 7.235108 
R-CCU: Before ClusterLabelChange for i = 11 newLabel= 1 currentLabel= 1 
R-CCU: sum(pointsPerCluster) = 910 
 num [1:3] 907 1 2
NULL
R-CCU: After ClusterLabelChange for i = 11 
R-CCU: sum(pointsPerCluster) = 911 
 num [1:3] 908 1 2
NULL
R-CCU: dpObj$numberClusters = 3 
List of 2
 $ : num [1, 1, 1:3] 0.447 0.265 0.652
 $ : num [1, 1, 1:3] 2.63 3.79 3.21
NULL
R priorParameters: 2 8 
R maxT: 1 
R_PriorDraw_first_mu: 0.2059207 
R_PriorDraw_first_nu: 2.674705 
R-CCU: Before ClusterLabelChange for i = 12 newLabel= 1 currentLabel= 1 
R-CCU: sum(pointsPerCluster) = 911 
 num [1:3] 908 1 2
NULL
R-CCU: After ClusterLabelChange for i = 12 
R-CCU: sum(pointsPerCluster) = 912 
 num [1:3] 909 1 2
NULL
R-CCU: dpObj$numberClusters = 3 
List of 2
 $ : num [1, 1, 1:3] 0.447 0.265 0.652
 $ : num [1, 1, 1:3] 2.63 3.79 3.21
NULL
R priorParameters: 2 8 
R maxT: 1 
R_PriorDraw_first_mu: 0.9484901 
R_PriorDraw_first_nu: 10.83962 
R-CCU: Before ClusterLabelChange for i = 13 newLabel= 1 currentLabel= 1 
R-CCU: sum(pointsPerCluster) = 912 
 num [1:3] 909 1 2
NULL
R-CCU: After ClusterLabelChange for i = 13 
R-CCU: sum(pointsPerCluster) = 913 
 num [1:3] 910 1 2
NULL
R-CCU: dpObj$numberClusters = 3 
List of 2
 $ : num [1, 1, 1:3] 0.447 0.265 0.652
 $ : num [1, 1, 1:3] 2.63 3.79 3.21
NULL
R priorParameters: 2 8 
R maxT: 1 
R_PriorDraw_first_mu: 0.06748989 
R_PriorDraw_first_nu: 5.885682 
R-CCU: Before ClusterLabelChange for i = 14 newLabel= 1 currentLabel= 1 
R-CCU: sum(pointsPerCluster) = 913 
 num [1:3] 910 1 2
NULL
R-CCU: After ClusterLabelChange for i = 14 
R-CCU: sum(pointsPerCluster) = 914 
 num [1:3] 911 1 2
NULL
R-CCU: dpObj$numberClusters = 3 
List of 2
 $ : num [1, 1, 1:3] 0.447 0.265 0.652
 $ : num [1, 1, 1:3] 2.63 3.79 3.21
NULL
R priorParameters: 2 8 
R maxT: 1 
R_PriorDraw_first_mu: 0.9399912 
R_PriorDraw_first_nu: 2.146868 
R-CCU: Before ClusterLabelChange for i = 15 newLabel= 1 currentLabel= 1 
R-CCU: sum(pointsPerCluster) = 914 
 num [1:3] 911 1 2
NULL
R-CCU: After ClusterLabelChange for i = 15 
R-CCU: sum(pointsPerCluster) = 915 
 num [1:3] 912 1 2
NULL
R-CCU: dpObj$numberClusters = 3 
List of 2
 $ : num [1, 1, 1:3] 0.447 0.265 0.652
 $ : num [1, 1, 1:3] 2.63 3.79 3.21
NULL
R priorParameters: 2 8 
R maxT: 1 
R_PriorDraw_first_mu: 0.2438998 
R_PriorDraw_first_nu: 3.568403 
R-CCU: Before ClusterLabelChange for i = 16 newLabel= 1 currentLabel= 1 
R-CCU: sum(pointsPerCluster) = 915 
 num [1:3] 912 1 2
NULL
R-CCU: After ClusterLabelChange for i = 16 
R-CCU: sum(pointsPerCluster) = 916 
 num [1:3] 913 1 2
NULL
R-CCU: dpObj$numberClusters = 3 
List of 2
 $ : num [1, 1, 1:3] 0.447 0.265 0.652
 $ : num [1, 1, 1:3] 2.63 3.79 3.21
NULL
R priorParameters: 2 8 
R maxT: 1 
R_PriorDraw_first_mu: 0.235072 
R_PriorDraw_first_nu: 6.417748 
R-CCU: Before ClusterLabelChange for i = 17 newLabel= 1 currentLabel= 1 
R-CCU: sum(pointsPerCluster) = 916 
 num [1:3] 913 1 2
NULL
R-CCU: After ClusterLabelChange for i = 17 
R-CCU: sum(pointsPerCluster) = 917 
 num [1:3] 914 1 2
NULL
R-CCU: dpObj$numberClusters = 3 
List of 2
 $ : num [1, 1, 1:3] 0.447 0.265 0.652
 $ : num [1, 1, 1:3] 2.63 3.79 3.21
NULL
R priorParameters: 2 8 
R maxT: 1 
R_PriorDraw_first_mu: 0.6560023 
R_PriorDraw_first_nu: 9.258934 
R-CCU: Before ClusterLabelChange for i = 18 newLabel= 1 currentLabel= 1 
R-CCU: sum(pointsPerCluster) = 917 
 num [1:3] 914 1 2
NULL
R-CCU: After ClusterLabelChange for i = 18 
R-CCU: sum(pointsPerCluster) = 918 
 num [1:3] 915 1 2
NULL
R-CCU: dpObj$numberClusters = 3 
List of 2
 $ : num [1, 1, 1:3] 0.447 0.265 0.652
 $ : num [1, 1, 1:3] 2.63 3.79 3.21
NULL
R priorParameters: 2 8 
R maxT: 1 
R_PriorDraw_first_mu: 0.751007 
R_PriorDraw_first_nu: 2.353254 
R-CCU: Before ClusterLabelChange for i = 19 newLabel= 1 currentLabel= 1 
R-CCU: sum(pointsPerCluster) = 918 
 num [1:3] 915 1 2
NULL
R-CCU: After ClusterLabelChange for i = 19 
R-CCU: sum(pointsPerCluster) = 919 
 num [1:3] 916 1 2
NULL
R-CCU: dpObj$numberClusters = 3 
List of 2
 $ : num [1, 1, 1:3] 0.447 0.265 0.652
 $ : num [1, 1, 1:3] 2.63 3.79 3.21
NULL
R priorParameters: 2 8 
R maxT: 1 
R_PriorDraw_first_mu: 0.9775722 
R_PriorDraw_first_nu: 3.485421 
R-CCU: Before ClusterLabelChange for i = 20 newLabel= 1 currentLabel= 1 
R-CCU: sum(pointsPerCluster) = 919 
 num [1:3] 916 1 2
NULL
R-CCU: After ClusterLabelChange for i = 20 
R-CCU: sum(pointsPerCluster) = 920 
 num [1:3] 917 1 2
NULL
R-CCU: dpObj$numberClusters = 3 
List of 2
 $ : num [1, 1, 1:3] 0.447 0.265 0.652
 $ : num [1, 1, 1:3] 2.63 3.79 3.21
NULL
R priorParameters: 2 8 
R maxT: 1 
R_PriorDraw_first_mu: 0.4120684 
R_PriorDraw_first_nu: 4.27152 
R-CCU: Before ClusterLabelChange for i = 21 newLabel= 1 currentLabel= 1 
R-CCU: sum(pointsPerCluster) = 920 
 num [1:3] 917 1 2
NULL
R-CCU: After ClusterLabelChange for i = 21 
R-CCU: sum(pointsPerCluster) = 921 
 num [1:3] 918 1 2
NULL
R-CCU: dpObj$numberClusters = 3 
List of 2
 $ : num [1, 1, 1:3] 0.447 0.265 0.652
 $ : num [1, 1, 1:3] 2.63 3.79 3.21
NULL
R priorParameters: 2 8 
R maxT: 1 
R_PriorDraw_first_mu: 0.8239956 
R_PriorDraw_first_nu: 2.958962 
R-CCU: Before ClusterLabelChange for i = 22 newLabel= 1 currentLabel= 1 
R-CCU: sum(pointsPerCluster) = 921 
 num [1:3] 918 1 2
NULL
R-CCU: After ClusterLabelChange for i = 22 
R-CCU: sum(pointsPerCluster) = 922 
 num [1:3] 919 1 2
NULL
R-CCU: dpObj$numberClusters = 3 
List of 2
 $ : num [1, 1, 1:3] 0.447 0.265 0.652
 $ : num [1, 1, 1:3] 2.63 3.79 3.21
NULL
R priorParameters: 2 8 
R maxT: 1 
R_PriorDraw_first_mu: 0.09312897 
R_PriorDraw_first_nu: 13.25587 
R-CCU: Before ClusterLabelChange for i = 23 newLabel= 1 currentLabel= 1 
R-CCU: sum(pointsPerCluster) = 922 
 num [1:3] 919 1 2
NULL
R-CCU: After ClusterLabelChange for i = 23 
R-CCU: sum(pointsPerCluster) = 923 
 num [1:3] 920 1 2
NULL
R-CCU: dpObj$numberClusters = 3 
List of 2
 $ : num [1, 1, 1:3] 0.447 0.265 0.652
 $ : num [1, 1, 1:3] 2.63 3.79 3.21
NULL
R priorParameters: 2 8 
R maxT: 1 
R_PriorDraw_first_mu: 0.7770005 
R_PriorDraw_first_nu: 6.244636 
R-CCU: Before ClusterLabelChange for i = 24 newLabel= 1 currentLabel= 1 
R-CCU: sum(pointsPerCluster) = 923 
 num [1:3] 920 1 2
NULL
R-CCU: After ClusterLabelChange for i = 24 
R-CCU: sum(pointsPerCluster) = 924 
 num [1:3] 921 1 2
NULL
R-CCU: dpObj$numberClusters = 3 
List of 2
 $ : num [1, 1, 1:3] 0.447 0.265 0.652
 $ : num [1, 1, 1:3] 2.63 3.79 3.21
NULL
R priorParameters: 2 8 
R maxT: 1 
R_PriorDraw_first_mu: 0.9931212 
R_PriorDraw_first_nu: 0.947028 
R-CCU: Before ClusterLabelChange for i = 25 newLabel= 1 currentLabel= 1 
R-CCU: sum(pointsPerCluster) = 924 
 num [1:3] 921 1 2
NULL
R-CCU: After ClusterLabelChange for i = 25 
R-CCU: sum(pointsPerCluster) = 925 
 num [1:3] 922 1 2
NULL
R-CCU: dpObj$numberClusters = 3 
List of 2
 $ : num [1, 1, 1:3] 0.447 0.265 0.652
 $ : num [1, 1, 1:3] 2.63 3.79 3.21
NULL
R priorParameters: 2 8 
R maxT: 1 
R_PriorDraw_first_mu: 0.3393895 
R_PriorDraw_first_nu: 2.329746 
R-CCU: Before ClusterLabelChange for i = 26 newLabel= 1 currentLabel= 1 
R-CCU: sum(pointsPerCluster) = 925 
 num [1:3] 922 1 2
NULL
R-CCU: After ClusterLabelChange for i = 26 
R-CCU: sum(pointsPerCluster) = 926 
 num [1:3] 923 1 2
NULL
R-CCU: dpObj$numberClusters = 3 
List of 2
 $ : num [1, 1, 1:3] 0.447 0.265 0.652
 $ : num [1, 1, 1:3] 2.63 3.79 3.21
NULL
R priorParameters: 2 8 
R maxT: 1 
R_PriorDraw_first_mu: 0.495356 
R_PriorDraw_first_nu: 2.890039 
R-CCU: Before ClusterLabelChange for i = 27 newLabel= 1 currentLabel= 1 
R-CCU: sum(pointsPerCluster) = 926 
 num [1:3] 923 1 2
NULL
R-CCU: After ClusterLabelChange for i = 27 
R-CCU: sum(pointsPerCluster) = 927 
 num [1:3] 924 1 2
NULL
R-CCU: dpObj$numberClusters = 3 
List of 2
 $ : num [1, 1, 1:3] 0.447 0.265 0.652
 $ : num [1, 1, 1:3] 2.63 3.79 3.21
NULL
R priorParameters: 2 8 
R maxT: 1 
R_PriorDraw_first_mu: 0.7892012 
R_PriorDraw_first_nu: 23.20139 
R-CCU: Before ClusterLabelChange for i = 28 newLabel= 1 currentLabel= 1 
R-CCU: sum(pointsPerCluster) = 927 
 num [1:3] 924 1 2
NULL
R-CCU: After ClusterLabelChange for i = 28 
R-CCU: sum(pointsPerCluster) = 928 
 num [1:3] 925 1 2
NULL
R-CCU: dpObj$numberClusters = 3 
List of 2
 $ : num [1, 1, 1:3] 0.447 0.265 0.652
 $ : num [1, 1, 1:3] 2.63 3.79 3.21
NULL
R priorParameters: 2 8 
R maxT: 1 
R_PriorDraw_first_mu: 0.3754166 
R_PriorDraw_first_nu: 2.150672 
R-CCU: Before ClusterLabelChange for i = 29 newLabel= 1 currentLabel= 1 
R-CCU: sum(pointsPerCluster) = 928 
 num [1:3] 925 1 2
NULL
R-CCU: After ClusterLabelChange for i = 29 
R-CCU: sum(pointsPerCluster) = 929 
 num [1:3] 926 1 2
NULL
R-CCU: dpObj$numberClusters = 3 
List of 2
 $ : num [1, 1, 1:3] 0.447 0.265 0.652
 $ : num [1, 1, 1:3] 2.63 3.79 3.21
NULL
R priorParameters: 2 8 
R maxT: 1 
R_PriorDraw_first_mu: 0.009546291 
R_PriorDraw_first_nu: 10.22914 
R-CCU: Before ClusterLabelChange for i = 30 newLabel= 1 currentLabel= 1 
R-CCU: sum(pointsPerCluster) = 929 
 num [1:3] 926 1 2
NULL
R-CCU: After ClusterLabelChange for i = 30 
R-CCU: sum(pointsPerCluster) = 930 
 num [1:3] 927 1 2
NULL
R-CCU: dpObj$numberClusters = 3 
List of 2
 $ : num [1, 1, 1:3] 0.447 0.265 0.652
 $ : num [1, 1, 1:3] 2.63 3.79 3.21
NULL
R priorParameters: 2 8 
R maxT: 1 
R_PriorDraw_first_mu: 0.6657302 
R_PriorDraw_first_nu: 4.913398 
R-CCU: Before ClusterLabelChange for i = 31 newLabel= 1 currentLabel= 1 
R-CCU: sum(pointsPerCluster) = 930 
 num [1:3] 927 1 2
NULL
R-CCU: After ClusterLabelChange for i = 31 
R-CCU: sum(pointsPerCluster) = 931 
 num [1:3] 928 1 2
NULL
R-CCU: dpObj$numberClusters = 3 
List of 2
 $ : num [1, 1, 1:3] 0.447 0.265 0.652
 $ : num [1, 1, 1:3] 2.63 3.79 3.21
NULL
R priorParameters: 2 8 
R maxT: 1 
R_PriorDraw_first_mu: 0.1076517 
R_PriorDraw_first_nu: 17.39991 
R-CCU: Before ClusterLabelChange for i = 32 newLabel= 1 currentLabel= 1 
R-CCU: sum(pointsPerCluster) = 931 
 num [1:3] 928 1 2
NULL
R-CCU: After ClusterLabelChange for i = 32 
R-CCU: sum(pointsPerCluster) = 932 
 num [1:3] 929 1 2
NULL
R-CCU: dpObj$numberClusters = 3 
List of 2
 $ : num [1, 1, 1:3] 0.447 0.265 0.652
 $ : num [1, 1, 1:3] 2.63 3.79 3.21
NULL
R priorParameters: 2 8 
R maxT: 1 
R_PriorDraw_first_mu: 0.1639511 
R_PriorDraw_first_nu: 5.520705 
R-CCU: Before ClusterLabelChange for i = 33 newLabel= 1 currentLabel= 1 
R-CCU: sum(pointsPerCluster) = 932 
 num [1:3] 929 1 2
NULL
R-CCU: After ClusterLabelChange for i = 33 
R-CCU: sum(pointsPerCluster) = 933 
 num [1:3] 930 1 2
NULL
R-CCU: dpObj$numberClusters = 3 
List of 2
 $ : num [1, 1, 1:3] 0.447 0.265 0.652
 $ : num [1, 1, 1:3] 2.63 3.79 3.21
NULL
R priorParameters: 2 8 
R maxT: 1 
R_PriorDraw_first_mu: 0.4842066 
R_PriorDraw_first_nu: 2.971989 
R-CCU: Before ClusterLabelChange for i = 34 newLabel= 1 currentLabel= 1 
R-CCU: sum(pointsPerCluster) = 933 
 num [1:3] 930 1 2
NULL
R-CCU: After ClusterLabelChange for i = 34 
R-CCU: sum(pointsPerCluster) = 934 
 num [1:3] 931 1 2
NULL
R-CCU: dpObj$numberClusters = 3 
List of 2
 $ : num [1, 1, 1:3] 0.447 0.265 0.652
 $ : num [1, 1, 1:3] 2.63 3.79 3.21
NULL
R priorParameters: 2 8 
R maxT: 1 
R_PriorDraw_first_mu: 0.2552065 
R_PriorDraw_first_nu: 4.257405 
R-CCU: Before ClusterLabelChange for i = 35 newLabel= 1 currentLabel= 1 
R-CCU: sum(pointsPerCluster) = 934 
 num [1:3] 931 1 2
NULL
R-CCU: After ClusterLabelChange for i = 35 
R-CCU: sum(pointsPerCluster) = 935 
 num [1:3] 932 1 2
NULL
R-CCU: dpObj$numberClusters = 3 
List of 2
 $ : num [1, 1, 1:3] 0.447 0.265 0.652
 $ : num [1, 1, 1:3] 2.63 3.79 3.21
NULL
R priorParameters: 2 8 
R maxT: 1 
R_PriorDraw_first_mu: 0.7390309 
R_PriorDraw_first_nu: 6.878606 
R-CCU: Before ClusterLabelChange for i = 36 newLabel= 1 currentLabel= 1 
R-CCU: sum(pointsPerCluster) = 935 
 num [1:3] 932 1 2
NULL
R-CCU: After ClusterLabelChange for i = 36 
R-CCU: sum(pointsPerCluster) = 936 
 num [1:3] 933 1 2
NULL
R-CCU: dpObj$numberClusters = 3 
List of 2
 $ : num [1, 1, 1:3] 0.447 0.265 0.652
 $ : num [1, 1, 1:3] 2.63 3.79 3.21
NULL
R priorParameters: 2 8 
R maxT: 1 
R_PriorDraw_first_mu: 0.4216726 
R_PriorDraw_first_nu: 2.515925 
R-CCU: Before ClusterLabelChange for i = 37 newLabel= 1 currentLabel= 1 
R-CCU: sum(pointsPerCluster) = 936 
 num [1:3] 933 1 2
NULL
R-CCU: After ClusterLabelChange for i = 37 
R-CCU: sum(pointsPerCluster) = 937 
 num [1:3] 934 1 2
NULL
R-CCU: dpObj$numberClusters = 3 
List of 2
 $ : num [1, 1, 1:3] 0.447 0.265 0.652
 $ : num [1, 1, 1:3] 2.63 3.79 3.21
NULL
R priorParameters: 2 8 
R maxT: 1 
R_PriorDraw_first_mu: 0.3382893 
R_PriorDraw_first_nu: 3.343025 
R-CCU: Before ClusterLabelChange for i = 38 newLabel= 1 currentLabel= 1 
R-CCU: sum(pointsPerCluster) = 937 
 num [1:3] 934 1 2
NULL
R-CCU: After ClusterLabelChange for i = 38 
R-CCU: sum(pointsPerCluster) = 938 
 num [1:3] 935 1 2
NULL
R-CCU: dpObj$numberClusters = 3 
List of 2
 $ : num [1, 1, 1:3] 0.447 0.265 0.652
 $ : num [1, 1, 1:3] 2.63 3.79 3.21
NULL
R priorParameters: 2 8 
R maxT: 1 
R_PriorDraw_first_mu: 0.6806657 
R_PriorDraw_first_nu: 4.425049 
R-CCU: Before ClusterLabelChange for i = 39 newLabel= 1 currentLabel= 1 
R-CCU: sum(pointsPerCluster) = 938 
 num [1:3] 935 1 2
NULL
R-CCU: After ClusterLabelChange for i = 39 
R-CCU: sum(pointsPerCluster) = 939 
 num [1:3] 936 1 2
NULL
R-CCU: dpObj$numberClusters = 3 
List of 2
 $ : num [1, 1, 1:3] 0.447 0.265 0.652
 $ : num [1, 1, 1:3] 2.63 3.79 3.21
NULL
R priorParameters: 2 8 
R maxT: 1 
R_PriorDraw_first_mu: 0.307971 
R_PriorDraw_first_nu: 162.7345 
R-CCU: Before ClusterLabelChange for i = 40 newLabel= 1 currentLabel= 1 
R-CCU: sum(pointsPerCluster) = 939 
 num [1:3] 936 1 2
NULL
R-CCU: After ClusterLabelChange for i = 40 
R-CCU: sum(pointsPerCluster) = 940 
 num [1:3] 937 1 2
NULL
R-CCU: dpObj$numberClusters = 3 
List of 2
 $ : num [1, 1, 1:3] 0.447 0.265 0.652
 $ : num [1, 1, 1:3] 2.63 3.79 3.21
NULL
R priorParameters: 2 8 
R maxT: 1 
R_PriorDraw_first_mu: 0.3258697 
R_PriorDraw_first_nu: 8.821573 
R-CCU: Before ClusterLabelChange for i = 41 newLabel= 1 currentLabel= 1 
R-CCU: sum(pointsPerCluster) = 940 
 num [1:3] 937 1 2
NULL
R-CCU: After ClusterLabelChange for i = 41 
R-CCU: sum(pointsPerCluster) = 941 
 num [1:3] 938 1 2
NULL
R-CCU: dpObj$numberClusters = 3 
List of 2
 $ : num [1, 1, 1:3] 0.447 0.265 0.652
 $ : num [1, 1, 1:3] 2.63 3.79 3.21
NULL
R priorParameters: 2 8 
R maxT: 1 
R_PriorDraw_first_mu: 0.9684874 
R_PriorDraw_first_nu: 1.71231 
R-CCU: Before ClusterLabelChange for i = 42 newLabel= 1 currentLabel= 1 
R-CCU: sum(pointsPerCluster) = 941 
 num [1:3] 938 1 2
NULL
R-CCU: After ClusterLabelChange for i = 42 
R-CCU: sum(pointsPerCluster) = 942 
 num [1:3] 939 1 2
NULL
R-CCU: dpObj$numberClusters = 3 
List of 2
 $ : num [1, 1, 1:3] 0.447 0.265 0.652
 $ : num [1, 1, 1:3] 2.63 3.79 3.21
NULL
R priorParameters: 2 8 
R maxT: 1 
R_PriorDraw_first_mu: 0.6103166 
R_PriorDraw_first_nu: 5.16493 
R-CCU: Before ClusterLabelChange for i = 43 newLabel= 1 currentLabel= 1 
R-CCU: sum(pointsPerCluster) = 942 
 num [1:3] 939 1 2
NULL
R-CCU: After ClusterLabelChange for i = 43 
R-CCU: sum(pointsPerCluster) = 943 
 num [1:3] 940 1 2
NULL
R-CCU: dpObj$numberClusters = 3 
List of 2
 $ : num [1, 1, 1:3] 0.447 0.265 0.652
 $ : num [1, 1, 1:3] 2.63 3.79 3.21
NULL
R priorParameters: 2 8 
R maxT: 1 
R_PriorDraw_first_mu: 0.183302 
R_PriorDraw_first_nu: 1.851739 
R-CCU: Before ClusterLabelChange for i = 44 newLabel= 1 currentLabel= 1 
R-CCU: sum(pointsPerCluster) = 943 
 num [1:3] 940 1 2
NULL
R-CCU: After ClusterLabelChange for i = 44 
R-CCU: sum(pointsPerCluster) = 944 
 num [1:3] 941 1 2
NULL
R-CCU: dpObj$numberClusters = 3 
List of 2
 $ : num [1, 1, 1:3] 0.447 0.265 0.652
 $ : num [1, 1, 1:3] 2.63 3.79 3.21
NULL
R priorParameters: 2 8 
R maxT: 1 
R_PriorDraw_first_mu: 0.5004514 
R_PriorDraw_first_nu: 6.279216 
R-CCU: Before ClusterLabelChange for i = 45 newLabel= 1 currentLabel= 1 
R-CCU: sum(pointsPerCluster) = 944 
 num [1:3] 941 1 2
NULL
R-CCU: After ClusterLabelChange for i = 45 
R-CCU: sum(pointsPerCluster) = 945 
 num [1:3] 942 1 2
NULL
R-CCU: dpObj$numberClusters = 3 
List of 2
 $ : num [1, 1, 1:3] 0.447 0.265 0.652
 $ : num [1, 1, 1:3] 2.63 3.79 3.21
NULL
R priorParameters: 2 8 
R maxT: 1 
R_PriorDraw_first_mu: 0.2671135 
R_PriorDraw_first_nu: 21.3332 
R-CCU: Before ClusterLabelChange for i = 46 newLabel= 1 currentLabel= 1 
R-CCU: sum(pointsPerCluster) = 945 
 num [1:3] 942 1 2
NULL
R-CCU: After ClusterLabelChange for i = 46 
R-CCU: sum(pointsPerCluster) = 946 
 num [1:3] 943 1 2
NULL
R-CCU: dpObj$numberClusters = 3 
List of 2
 $ : num [1, 1, 1:3] 0.447 0.265 0.652
 $ : num [1, 1, 1:3] 2.63 3.79 3.21
NULL
R priorParameters: 2 8 
R maxT: 1 
R_PriorDraw_first_mu: 0.9111129 
R_PriorDraw_first_nu: 9.388815 
R-CCU: Before ClusterLabelChange for i = 47 newLabel= 1 currentLabel= 1 
R-CCU: sum(pointsPerCluster) = 946 
 num [1:3] 943 1 2
NULL
R-CCU: After ClusterLabelChange for i = 47 
R-CCU: sum(pointsPerCluster) = 947 
 num [1:3] 944 1 2
NULL
R-CCU: dpObj$numberClusters = 3 
List of 2
 $ : num [1, 1, 1:3] 0.447 0.265 0.652
 $ : num [1, 1, 1:3] 2.63 3.79 3.21
NULL
R priorParameters: 2 8 
R maxT: 1 
R_PriorDraw_first_mu: 0.7285338 
R_PriorDraw_first_nu: 0.7633011 
R-CCU: Before ClusterLabelChange for i = 48 newLabel= 1 currentLabel= 1 
R-CCU: sum(pointsPerCluster) = 947 
 num [1:3] 944 1 2
NULL
R-CCU: After ClusterLabelChange for i = 48 
R-CCU: sum(pointsPerCluster) = 948 
 num [1:3] 945 1 2
NULL
R-CCU: dpObj$numberClusters = 3 
List of 2
 $ : num [1, 1, 1:3] 0.447 0.265 0.652
 $ : num [1, 1, 1:3] 2.63 3.79 3.21
NULL
R priorParameters: 2 8 
R maxT: 1 
R_PriorDraw_first_mu: 0.3563396 
R_PriorDraw_first_nu: 2.533405 
R-CCU: Before ClusterLabelChange for i = 49 newLabel= 1 currentLabel= 1 
R-CCU: sum(pointsPerCluster) = 948 
 num [1:3] 945 1 2
NULL
R-CCU: After ClusterLabelChange for i = 49 
R-CCU: sum(pointsPerCluster) = 949 
 num [1:3] 946 1 2
NULL
R-CCU: dpObj$numberClusters = 3 
List of 2
 $ : num [1, 1, 1:3] 0.447 0.265 0.652
 $ : num [1, 1, 1:3] 2.63 3.79 3.21
NULL
R priorParameters: 2 8 
R maxT: 1 
R_PriorDraw_first_mu: 0.3366378 
R_PriorDraw_first_nu: 4.667227 
R-CCU: Before ClusterLabelChange for i = 50 newLabel= 1 currentLabel= 1 
R-CCU: sum(pointsPerCluster) = 949 
 num [1:3] 946 1 2
NULL
R-CCU: After ClusterLabelChange for i = 50 
R-CCU: sum(pointsPerCluster) = 950 
 num [1:3] 947 1 2
NULL
R-CCU: dpObj$numberClusters = 3 
List of 2
 $ : num [1, 1, 1:3] 0.447 0.265 0.652
 $ : num [1, 1, 1:3] 2.63 3.79 3.21
NULL
R priorParameters: 2 8 
R maxT: 1 
R_PriorDraw_first_mu: 0.1880892 
R_PriorDraw_first_nu: 9.862898 
R-CCU: Before ClusterLabelChange for i = 51 newLabel= 1 currentLabel= 1 
R-CCU: sum(pointsPerCluster) = 950 
 num [1:3] 947 1 2
NULL
R-CCU: After ClusterLabelChange for i = 51 
R-CCU: sum(pointsPerCluster) = 951 
 num [1:3] 948 1 2
NULL
R-CCU: dpObj$numberClusters = 3 
List of 2
 $ : num [1, 1, 1:3] 0.447 0.265 0.652
 $ : num [1, 1, 1:3] 2.63 3.79 3.21
NULL
R priorParameters: 2 8 
R maxT: 1 
R_PriorDraw_first_mu: 0.02340224 
R_PriorDraw_first_nu: 4.420701 
R-CCU: Before ClusterLabelChange for i = 52 newLabel= 1 currentLabel= 1 
R-CCU: sum(pointsPerCluster) = 951 
 num [1:3] 948 1 2
NULL
R-CCU: After ClusterLabelChange for i = 52 
R-CCU: sum(pointsPerCluster) = 952 
 num [1:3] 949 1 2
NULL
R-CCU: dpObj$numberClusters = 3 
List of 2
 $ : num [1, 1, 1:3] 0.447 0.265 0.652
 $ : num [1, 1, 1:3] 2.63 3.79 3.21
NULL
R priorParameters: 2 8 
R maxT: 1 
R_PriorDraw_first_mu: 0.276728 
R_PriorDraw_first_nu: 3.892242 
R-CCU: Before ClusterLabelChange for i = 53 newLabel= 1 currentLabel= 1 
R-CCU: sum(pointsPerCluster) = 952 
 num [1:3] 949 1 2
NULL
R-CCU: After ClusterLabelChange for i = 53 
R-CCU: sum(pointsPerCluster) = 953 
 num [1:3] 950 1 2
NULL
R-CCU: dpObj$numberClusters = 3 
List of 2
 $ : num [1, 1, 1:3] 0.447 0.265 0.652
 $ : num [1, 1, 1:3] 2.63 3.79 3.21
NULL
R priorParameters: 2 8 
R maxT: 1 
R_PriorDraw_first_mu: 0.0813199 
R_PriorDraw_first_nu: 2.879915 
R-CCU: Before ClusterLabelChange for i = 54 newLabel= 1 currentLabel= 1 
R-CCU: sum(pointsPerCluster) = 953 
 num [1:3] 950 1 2
NULL
R-CCU: After ClusterLabelChange for i = 54 
R-CCU: sum(pointsPerCluster) = 954 
 num [1:3] 951 1 2
NULL
R-CCU: dpObj$numberClusters = 3 
List of 2
 $ : num [1, 1, 1:3] 0.447 0.265 0.652
 $ : num [1, 1, 1:3] 2.63 3.79 3.21
NULL
R priorParameters: 2 8 
R maxT: 1 
R_PriorDraw_first_mu: 0.359587 
R_PriorDraw_first_nu: 2.066923 
R-CCU: Before ClusterLabelChange for i = 55 newLabel= 1 currentLabel= 1 
R-CCU: sum(pointsPerCluster) = 954 
 num [1:3] 951 1 2
NULL
R-CCU: After ClusterLabelChange for i = 55 
R-CCU: sum(pointsPerCluster) = 955 
 num [1:3] 952 1 2
NULL
R-CCU: dpObj$numberClusters = 3 
List of 2
 $ : num [1, 1, 1:3] 0.447 0.265 0.652
 $ : num [1, 1, 1:3] 2.63 3.79 3.21
NULL
R priorParameters: 2 8 
R maxT: 1 
R_PriorDraw_first_mu: 0.283607 
R_PriorDraw_first_nu: 23.54407 
R-CCU: Before ClusterLabelChange for i = 56 newLabel= 1 currentLabel= 1 
R-CCU: sum(pointsPerCluster) = 955 
 num [1:3] 952 1 2
NULL
R-CCU: After ClusterLabelChange for i = 56 
R-CCU: sum(pointsPerCluster) = 956 
 num [1:3] 953 1 2
NULL
R-CCU: dpObj$numberClusters = 3 
List of 2
 $ : num [1, 1, 1:3] 0.447 0.265 0.652
 $ : num [1, 1, 1:3] 2.63 3.79 3.21
NULL
R priorParameters: 2 8 
R maxT: 1 
R_PriorDraw_first_mu: 0.9524361 
R_PriorDraw_first_nu: 6.833324 
R-CCU: Before ClusterLabelChange for i = 57 newLabel= 1 currentLabel= 1 
R-CCU: sum(pointsPerCluster) = 956 
 num [1:3] 953 1 2
NULL
R-CCU: After ClusterLabelChange for i = 57 
R-CCU: sum(pointsPerCluster) = 957 
 num [1:3] 954 1 2
NULL
R-CCU: dpObj$numberClusters = 3 
List of 2
 $ : num [1, 1, 1:3] 0.447 0.265 0.652
 $ : num [1, 1, 1:3] 2.63 3.79 3.21
NULL
R priorParameters: 2 8 
R maxT: 1 
R_PriorDraw_first_mu: 0.7441037 
R_PriorDraw_first_nu: 1.777385 
R-CCU: Before ClusterLabelChange for i = 58 newLabel= 1 currentLabel= 1 
R-CCU: sum(pointsPerCluster) = 957 
 num [1:3] 954 1 2
NULL
R-CCU: After ClusterLabelChange for i = 58 
R-CCU: sum(pointsPerCluster) = 958 
 num [1:3] 955 1 2
NULL
R-CCU: dpObj$numberClusters = 3 
List of 2
 $ : num [1, 1, 1:3] 0.447 0.265 0.652
 $ : num [1, 1, 1:3] 2.63 3.79 3.21
NULL
R priorParameters: 2 8 
R maxT: 1 
R_PriorDraw_first_mu: 0.8378636 
R_PriorDraw_first_nu: 5.387345 
R-CCU: Before ClusterLabelChange for i = 59 newLabel= 1 currentLabel= 1 
R-CCU: sum(pointsPerCluster) = 958 
 num [1:3] 955 1 2
NULL
R-CCU: After ClusterLabelChange for i = 59 
R-CCU: sum(pointsPerCluster) = 959 
 num [1:3] 956 1 2
NULL
R-CCU: dpObj$numberClusters = 3 
List of 2
 $ : num [1, 1, 1:3] 0.447 0.265 0.652
 $ : num [1, 1, 1:3] 2.63 3.79 3.21
NULL
R priorParameters: 2 8 
R maxT: 1 
R_PriorDraw_first_mu: 0.002543282 
R_PriorDraw_first_nu: 3.22932 
R-CCU: Before ClusterLabelChange for i = 60 newLabel= 1 currentLabel= 1 
R-CCU: sum(pointsPerCluster) = 959 
 num [1:3] 956 1 2
NULL
R-CCU: After ClusterLabelChange for i = 60 
R-CCU: sum(pointsPerCluster) = 960 
 num [1:3] 957 1 2
NULL
R-CCU: dpObj$numberClusters = 3 
List of 2
 $ : num [1, 1, 1:3] 0.447 0.265 0.652
 $ : num [1, 1, 1:3] 2.63 3.79 3.21
NULL

⠏ |   30      0 | Beta Distribution Full Integration Test          R priorParameters: 2 8 
R maxT: 1 
R_PriorDraw_first_mu: 0.2100986 
R_PriorDraw_first_nu: 1.95893 
R-CCU: Before ClusterLabelChange for i = 1 newLabel= 1 currentLabel= 1 
R-CCU: sum(pointsPerCluster) = 960 
 num [1:3] 957 1 2
NULL
R-CCU: After ClusterLabelChange for i = 1 
R-CCU: sum(pointsPerCluster) = 961 
 num [1:3] 958 1 2
NULL
R-CCU: dpObj$numberClusters = 3 
List of 2
 $ : num [1, 1, 1:3] 0.473 0.265 0.652
 $ : num [1, 1, 1:3] 1.73 3.79 3.21
NULL
R priorParameters: 2 8 
R maxT: 1 
R_PriorDraw_first_mu: 0.8369739 
R_PriorDraw_first_nu: 1.340698 
R-CCU: Before ClusterLabelChange for i = 2 newLabel= 1 currentLabel= 1 
R-CCU: sum(pointsPerCluster) = 961 
 num [1:3] 958 1 2
NULL
R-CCU: After ClusterLabelChange for i = 2 
R-CCU: sum(pointsPerCluster) = 962 
 num [1:3] 959 1 2
NULL
R-CCU: dpObj$numberClusters = 3 
List of 2
 $ : num [1, 1, 1:3] 0.473 0.265 0.652
 $ : num [1, 1, 1:3] 1.73 3.79 3.21
NULL
R priorParameters: 2 8 
R maxT: 1 
R_PriorDraw_first_mu: 0.7538391 
R_PriorDraw_first_nu: 12.61533 
R-CCU: Before ClusterLabelChange for i = 3 newLabel= 1 currentLabel= 1 
R-CCU: sum(pointsPerCluster) = 962 
 num [1:3] 959 1 2
NULL
R-CCU: After ClusterLabelChange for i = 3 
R-CCU: sum(pointsPerCluster) = 963 
 num [1:3] 960 1 2
NULL
R-CCU: dpObj$numberClusters = 3 
List of 2
 $ : num [1, 1, 1:3] 0.473 0.265 0.652
 $ : num [1, 1, 1:3] 1.73 3.79 3.21
NULL
R priorParameters: 2 8 
R maxT: 1 
R_PriorDraw_first_mu: 0.5588266 
R_PriorDraw_first_nu: 5.452411 
R-CCU: Before ClusterLabelChange for i = 4 newLabel= 1 currentLabel= 1 
R-CCU: sum(pointsPerCluster) = 963 
 num [1:3] 960 1 2
NULL
R-CCU: After ClusterLabelChange for i = 4 
R-CCU: sum(pointsPerCluster) = 964 
 num [1:3] 961 1 2
NULL
R-CCU: dpObj$numberClusters = 3 
List of 2
 $ : num [1, 1, 1:3] 0.473 0.265 0.652
 $ : num [1, 1, 1:3] 1.73 3.79 3.21
NULL
R priorParameters: 2 8 
R maxT: 1 
R_PriorDraw_first_mu: 0.1109485 
R_PriorDraw_first_nu: 2.707592 
R-CCU: Before ClusterLabelChange for i = 5 newLabel= 1 currentLabel= 1 
R-CCU: sum(pointsPerCluster) = 964 
 num [1:3] 961 1 2
NULL
R-CCU: After ClusterLabelChange for i = 5 
R-CCU: sum(pointsPerCluster) = 965 
 num [1:3] 962 1 2
NULL
R-CCU: dpObj$numberClusters = 3 
List of 2
 $ : num [1, 1, 1:3] 0.473 0.265 0.652
 $ : num [1, 1, 1:3] 1.73 3.79 3.21
NULL
R priorParameters: 2 8 
R maxT: 1 
R_PriorDraw_first_mu: 0.4730085 
R_PriorDraw_first_nu: 29.07054 
R-CCU: Before ClusterLabelChange for i = 6 newLabel= 1 currentLabel= 1 
R-CCU: sum(pointsPerCluster) = 965 
 num [1:3] 962 1 2
NULL
R-CCU: After ClusterLabelChange for i = 6 
R-CCU: sum(pointsPerCluster) = 966 
 num [1:3] 963 1 2
NULL
R-CCU: dpObj$numberClusters = 3 
List of 2
 $ : num [1, 1, 1:3] 0.473 0.265 0.652
 $ : num [1, 1, 1:3] 1.73 3.79 3.21
NULL
R priorParameters: 2 8 
R maxT: 1 
R_PriorDraw_first_mu: 0.0177104 
R_PriorDraw_first_nu: 5.813662 
R-CCU: Before ClusterLabelChange for i = 7 newLabel= 1 currentLabel= 1 
R-CCU: sum(pointsPerCluster) = 966 
 num [1:3] 963 1 2
NULL
R-CCU: After ClusterLabelChange for i = 7 
R-CCU: sum(pointsPerCluster) = 967 
 num [1:3] 964 1 2
NULL
R-CCU: dpObj$numberClusters = 3 
List of 2
 $ : num [1, 1, 1:3] 0.473 0.265 0.652
 $ : num [1, 1, 1:3] 1.73 3.79 3.21
NULL
R priorParameters: 2 8 
R maxT: 1 
R_PriorDraw_first_mu: 0.2993605 
R_PriorDraw_first_nu: 3.276269 
R-CCU: Before ClusterLabelChange for i = 8 newLabel= 1 currentLabel= 1 
R-CCU: sum(pointsPerCluster) = 967 
 num [1:3] 964 1 2
NULL
R-CCU: After ClusterLabelChange for i = 8 
R-CCU: sum(pointsPerCluster) = 968 
 num [1:3] 965 1 2
NULL
R-CCU: dpObj$numberClusters = 3 
List of 2
 $ : num [1, 1, 1:3] 0.473 0.265 0.652
 $ : num [1, 1, 1:3] 1.73 3.79 3.21
NULL
R priorParameters: 2 8 
R maxT: 1 
R_PriorDraw_first_mu: 0.1482273 
R_PriorDraw_first_nu: 2.108405 
R-CCU: Before ClusterLabelChange for i = 9 newLabel= 1 currentLabel= 1 
R-CCU: sum(pointsPerCluster) = 968 
 num [1:3] 965 1 2
NULL
R-CCU: After ClusterLabelChange for i = 9 
R-CCU: sum(pointsPerCluster) = 969 
 num [1:3] 966 1 2
NULL
R-CCU: dpObj$numberClusters = 3 
List of 2
 $ : num [1, 1, 1:3] 0.473 0.265 0.652
 $ : num [1, 1, 1:3] 1.73 3.79 3.21
NULL
R priorParameters: 2 8 
R maxT: 1 
R_PriorDraw_first_mu: 0.912451 
R_PriorDraw_first_nu: 1.620983 
R-CCU: Before ClusterLabelChange for i = 10 newLabel= 1 currentLabel= 1 
R-CCU: sum(pointsPerCluster) = 969 
 num [1:3] 966 1 2
NULL
R-CCU: After ClusterLabelChange for i = 10 
R-CCU: sum(pointsPerCluster) = 970 
 num [1:3] 967 1 2
NULL
R-CCU: dpObj$numberClusters = 3 
List of 2
 $ : num [1, 1, 1:3] 0.473 0.265 0.652
 $ : num [1, 1, 1:3] 1.73 3.79 3.21
NULL
R priorParameters: 2 8 
R maxT: 1 
R_PriorDraw_first_mu: 0.4368501 
R_PriorDraw_first_nu: 30.13168 
R-CCU: Before ClusterLabelChange for i = 11 newLabel= 1 currentLabel= 1 
R-CCU: sum(pointsPerCluster) = 970 
 num [1:3] 967 1 2
NULL
R-CCU: After ClusterLabelChange for i = 11 
R-CCU: sum(pointsPerCluster) = 971 
 num [1:3] 968 1 2
NULL
R-CCU: dpObj$numberClusters = 3 
List of 2
 $ : num [1, 1, 1:3] 0.473 0.265 0.652
 $ : num [1, 1, 1:3] 1.73 3.79 3.21
NULL
R priorParameters: 2 8 
R maxT: 1 
R_PriorDraw_first_mu: 0.5510327 
R_PriorDraw_first_nu: 2.818 
R-CCU: Before ClusterLabelChange for i = 12 newLabel= 1 currentLabel= 1 
R-CCU: sum(pointsPerCluster) = 971 
 num [1:3] 968 1 2
NULL
R-CCU: After ClusterLabelChange for i = 12 
R-CCU: sum(pointsPerCluster) = 972 
 num [1:3] 969 1 2
NULL
R-CCU: dpObj$numberClusters = 3 
List of 2
 $ : num [1, 1, 1:3] 0.473 0.265 0.652
 $ : num [1, 1, 1:3] 1.73 3.79 3.21
NULL
R priorParameters: 2 8 
R maxT: 1 
R_PriorDraw_first_mu: 0.02673256 
R_PriorDraw_first_nu: 26.12438 
R-CCU: Before ClusterLabelChange for i = 13 newLabel= 1 currentLabel= 1 
R-CCU: sum(pointsPerCluster) = 972 
 num [1:3] 969 1 2
NULL
R-CCU: After ClusterLabelChange for i = 13 
R-CCU: sum(pointsPerCluster) = 973 
 num [1:3] 970 1 2
NULL
R-CCU: dpObj$numberClusters = 3 
List of 2
 $ : num [1, 1, 1:3] 0.473 0.265 0.652
 $ : num [1, 1, 1:3] 1.73 3.79 3.21
NULL
R priorParameters: 2 8 
R maxT: 1 
R_PriorDraw_first_mu: 0.1217548 
R_PriorDraw_first_nu: 5.122524 
R-CCU: Before ClusterLabelChange for i = 14 newLabel= 1 currentLabel= 1 
R-CCU: sum(pointsPerCluster) = 973 
 num [1:3] 970 1 2
NULL
R-CCU: After ClusterLabelChange for i = 14 
R-CCU: sum(pointsPerCluster) = 974 
 num [1:3] 971 1 2
NULL
R-CCU: dpObj$numberClusters = 3 
List of 2
 $ : num [1, 1, 1:3] 0.473 0.265 0.652
 $ : num [1, 1, 1:3] 1.73 3.79 3.21
NULL
R priorParameters: 2 8 
R maxT: 1 
R_PriorDraw_first_mu: 0.9613722 
R_PriorDraw_first_nu: 13.69219 
R-CCU: Before ClusterLabelChange for i = 15 newLabel= 1 currentLabel= 1 
R-CCU: sum(pointsPerCluster) = 974 
 num [1:3] 971 1 2
NULL
R-CCU: After ClusterLabelChange for i = 15 
R-CCU: sum(pointsPerCluster) = 975 
 num [1:3] 972 1 2
NULL
R-CCU: dpObj$numberClusters = 3 
List of 2
 $ : num [1, 1, 1:3] 0.473 0.265 0.652
 $ : num [1, 1, 1:3] 1.73 3.79 3.21
NULL
R priorParameters: 2 8 
R maxT: 1 
R_PriorDraw_first_mu: 0.2570922 
R_PriorDraw_first_nu: 4.297785 
R-CCU: Before ClusterLabelChange for i = 16 newLabel= 1 currentLabel= 1 
R-CCU: sum(pointsPerCluster) = 975 
 num [1:3] 972 1 2
NULL
R-CCU: After ClusterLabelChange for i = 16 
R-CCU: sum(pointsPerCluster) = 976 
 num [1:3] 973 1 2
NULL
R-CCU: dpObj$numberClusters = 3 
List of 2
 $ : num [1, 1, 1:3] 0.473 0.265 0.652
 $ : num [1, 1, 1:3] 1.73 3.79 3.21
NULL
R priorParameters: 2 8 
R maxT: 1 
R_PriorDraw_first_mu: 0.514433 
R_PriorDraw_first_nu: 1.961473 
R-CCU: Before ClusterLabelChange for i = 17 newLabel= 1 currentLabel= 1 
R-CCU: sum(pointsPerCluster) = 976 
 num [1:3] 973 1 2
NULL
R-CCU: After ClusterLabelChange for i = 17 
R-CCU: sum(pointsPerCluster) = 977 
 num [1:3] 974 1 2
NULL
R-CCU: dpObj$numberClusters = 3 
List of 2
 $ : num [1, 1, 1:3] 0.473 0.265 0.652
 $ : num [1, 1, 1:3] 1.73 3.79 3.21
NULL
R priorParameters: 2 8 
R maxT: 1 
R_PriorDraw_first_mu: 0.7832274 
R_PriorDraw_first_nu: 10.98071 
R-CCU: Before ClusterLabelChange for i = 18 newLabel= 1 currentLabel= 1 
R-CCU: sum(pointsPerCluster) = 977 
 num [1:3] 974 1 2
NULL
R-CCU: After ClusterLabelChange for i = 18 
R-CCU: sum(pointsPerCluster) = 978 
 num [1:3] 975 1 2
NULL
R-CCU: dpObj$numberClusters = 3 
List of 2
 $ : num [1, 1, 1:3] 0.473 0.265 0.652
 $ : num [1, 1, 1:3] 1.73 3.79 3.21
NULL
R priorParameters: 2 8 
R maxT: 1 
R_PriorDraw_first_mu: 0.4498534 
R_PriorDraw_first_nu: 12.00814 
R-CCU: Before ClusterLabelChange for i = 19 newLabel= 1 currentLabel= 1 
R-CCU: sum(pointsPerCluster) = 978 
 num [1:3] 975 1 2
NULL
R-CCU: After ClusterLabelChange for i = 19 
R-CCU: sum(pointsPerCluster) = 979 
 num [1:3] 976 1 2
NULL
R-CCU: dpObj$numberClusters = 3 
List of 2
 $ : num [1, 1, 1:3] 0.473 0.265 0.652
 $ : num [1, 1, 1:3] 1.73 3.79 3.21
NULL
R priorParameters: 2 8 
R maxT: 1 
R_PriorDraw_first_mu: 0.7631103 
R_PriorDraw_first_nu: 6.225957 
R-CCU: Before ClusterLabelChange for i = 20 newLabel= 1 currentLabel= 1 
R-CCU: sum(pointsPerCluster) = 979 
 num [1:3] 976 1 2
NULL
R-CCU: After ClusterLabelChange for i = 20 
R-CCU: sum(pointsPerCluster) = 980 
 num [1:3] 977 1 2
NULL
R-CCU: dpObj$numberClusters = 3 
List of 2
 $ : num [1, 1, 1:3] 0.473 0.265 0.652
 $ : num [1, 1, 1:3] 1.73 3.79 3.21
NULL
R priorParameters: 2 8 
R maxT: 1 
R_PriorDraw_first_mu: 0.004028157 
R_PriorDraw_first_nu: 4.556529 
R-CCU: Before ClusterLabelChange for i = 21 newLabel= 1 currentLabel= 1 
R-CCU: sum(pointsPerCluster) = 980 
 num [1:3] 977 1 2
NULL
R-CCU: After ClusterLabelChange for i = 21 
R-CCU: sum(pointsPerCluster) = 981 
 num [1:3] 978 1 2
NULL
R-CCU: dpObj$numberClusters = 3 
List of 2
 $ : num [1, 1, 1:3] 0.473 0.265 0.652
 $ : num [1, 1, 1:3] 1.73 3.79 3.21
NULL
R priorParameters: 2 8 
R maxT: 1 
R_PriorDraw_first_mu: 0.02545498 
R_PriorDraw_first_nu: 29.51338 
R-CCU: Before ClusterLabelChange for i = 22 newLabel= 1 currentLabel= 1 
R-CCU: sum(pointsPerCluster) = 981 
 num [1:3] 978 1 2
NULL
R-CCU: After ClusterLabelChange for i = 22 
R-CCU: sum(pointsPerCluster) = 982 
 num [1:3] 979 1 2
NULL
R-CCU: dpObj$numberClusters = 3 
List of 2
 $ : num [1, 1, 1:3] 0.473 0.265 0.652
 $ : num [1, 1, 1:3] 1.73 3.79 3.21
NULL
R priorParameters: 2 8 
R maxT: 1 
R_PriorDraw_first_mu: 0.1668819 
R_PriorDraw_first_nu: 1.121565 
R-CCU: Before ClusterLabelChange for i = 23 newLabel= 1 currentLabel= 1 
R-CCU: sum(pointsPerCluster) = 982 
 num [1:3] 979 1 2
NULL
R-CCU: After ClusterLabelChange for i = 23 
R-CCU: sum(pointsPerCluster) = 983 
 num [1:3] 980 1 2
NULL
R-CCU: dpObj$numberClusters = 3 
List of 2
 $ : num [1, 1, 1:3] 0.473 0.265 0.652
 $ : num [1, 1, 1:3] 1.73 3.79 3.21
NULL
R priorParameters: 2 8 
R maxT: 1 
R_PriorDraw_first_mu: 0.005363465 
R_PriorDraw_first_nu: 10.6355 
R-CCU: Before ClusterLabelChange for i = 24 newLabel= 1 currentLabel= 1 
R-CCU: sum(pointsPerCluster) = 983 
 num [1:3] 980 1 2
NULL
R-CCU: After ClusterLabelChange for i = 24 
R-CCU: sum(pointsPerCluster) = 984 
 num [1:3] 981 1 2
NULL
R-CCU: dpObj$numberClusters = 3 
List of 2
 $ : num [1, 1, 1:3] 0.473 0.265 0.652
 $ : num [1, 1, 1:3] 1.73 3.79 3.21
NULL
R priorParameters: 2 8 
R maxT: 1 
R_PriorDraw_first_mu: 0.6593416 
R_PriorDraw_first_nu: 5.22498 
R-CCU: Before ClusterLabelChange for i = 25 newLabel= 1 currentLabel= 1 
R-CCU: sum(pointsPerCluster) = 984 
 num [1:3] 981 1 2
NULL
R-CCU: After ClusterLabelChange for i = 25 
R-CCU: sum(pointsPerCluster) = 985 
 num [1:3] 982 1 2
NULL
R-CCU: dpObj$numberClusters = 3 
List of 2
 $ : num [1, 1, 1:3] 0.473 0.265 0.652
 $ : num [1, 1, 1:3] 1.73 3.79 3.21
NULL
R priorParameters: 2 8 
R maxT: 1 
R_PriorDraw_first_mu: 0.1999142 
R_PriorDraw_first_nu: 7.31068 
R-CCU: Before ClusterLabelChange for i = 26 newLabel= 1 currentLabel= 1 
R-CCU: sum(pointsPerCluster) = 985 
 num [1:3] 982 1 2
NULL
R-CCU: After ClusterLabelChange for i = 26 
R-CCU: sum(pointsPerCluster) = 986 
 num [1:3] 983 1 2
NULL
R-CCU: dpObj$numberClusters = 3 
List of 2
 $ : num [1, 1, 1:3] 0.473 0.265 0.652
 $ : num [1, 1, 1:3] 1.73 3.79 3.21
NULL
R priorParameters: 2 8 
R maxT: 1 
R_PriorDraw_first_mu: 0.8857413 
R_PriorDraw_first_nu: 9.786135 
R-CCU: Before ClusterLabelChange for i = 27 newLabel= 1 currentLabel= 1 
R-CCU: sum(pointsPerCluster) = 986 
 num [1:3] 983 1 2
NULL
R-CCU: After ClusterLabelChange for i = 27 
R-CCU: sum(pointsPerCluster) = 987 
 num [1:3] 984 1 2
NULL
R-CCU: dpObj$numberClusters = 3 
List of 2
 $ : num [1, 1, 1:3] 0.473 0.265 0.652
 $ : num [1, 1, 1:3] 1.73 3.79 3.21
NULL
R priorParameters: 2 8 
R maxT: 1 
R_PriorDraw_first_mu: 0.5166994 
R_PriorDraw_first_nu: 1.608897 
R-CCU: Before ClusterLabelChange for i = 28 newLabel= 1 currentLabel= 1 
R-CCU: sum(pointsPerCluster) = 987 
 num [1:3] 984 1 2
NULL
R-CCU: After ClusterLabelChange for i = 28 
R-CCU: sum(pointsPerCluster) = 988 
 num [1:3] 985 1 2
NULL
R-CCU: dpObj$numberClusters = 3 
List of 2
 $ : num [1, 1, 1:3] 0.473 0.265 0.652
 $ : num [1, 1, 1:3] 1.73 3.79 3.21
NULL
R priorParameters: 2 8 
R maxT: 1 
R_PriorDraw_first_mu: 0.6453163 
R_PriorDraw_first_nu: 2.786845 
R-CCU: Before ClusterLabelChange for i = 29 newLabel= 1 currentLabel= 1 
R-CCU: sum(pointsPerCluster) = 988 
 num [1:3] 985 1 2
NULL
R-CCU: After ClusterLabelChange for i = 29 
R-CCU: sum(pointsPerCluster) = 989 
 num [1:3] 986 1 2
NULL
R-CCU: dpObj$numberClusters = 3 
List of 2
 $ : num [1, 1, 1:3] 0.473 0.265 0.652
 $ : num [1, 1, 1:3] 1.73 3.79 3.21
NULL
R priorParameters: 2 8 
R maxT: 1 
R_PriorDraw_first_mu: 0.7464826 
R_PriorDraw_first_nu: 3.943712 
R-CCU: Before ClusterLabelChange for i = 30 newLabel= 1 currentLabel= 1 
R-CCU: sum(pointsPerCluster) = 989 
 num [1:3] 986 1 2
NULL
R-CCU: After ClusterLabelChange for i = 30 
R-CCU: sum(pointsPerCluster) = 990 
 num [1:3] 987 1 2
NULL
R-CCU: dpObj$numberClusters = 3 
List of 2
 $ : num [1, 1, 1:3] 0.473 0.265 0.652
 $ : num [1, 1, 1:3] 1.73 3.79 3.21
NULL
R priorParameters: 2 8 
R maxT: 1 
R_PriorDraw_first_mu: 0.2833463 
R_PriorDraw_first_nu: 2.935696 
R-CCU: Before ClusterLabelChange for i = 31 newLabel= 1 currentLabel= 1 
R-CCU: sum(pointsPerCluster) = 990 
 num [1:3] 987 1 2
NULL
R-CCU: After ClusterLabelChange for i = 31 
R-CCU: sum(pointsPerCluster) = 991 
 num [1:3] 988 1 2
NULL
R-CCU: dpObj$numberClusters = 3 
List of 2
 $ : num [1, 1, 1:3] 0.473 0.265 0.652
 $ : num [1, 1, 1:3] 1.73 3.79 3.21
NULL
R priorParameters: 2 8 
R maxT: 1 
R_PriorDraw_first_mu: 0.6532521 
R_PriorDraw_first_nu: 3.713091 
R-CCU: Before ClusterLabelChange for i = 32 newLabel= 1 currentLabel= 1 
R-CCU: sum(pointsPerCluster) = 991 
 num [1:3] 988 1 2
NULL
R-CCU: After ClusterLabelChange for i = 32 
R-CCU: sum(pointsPerCluster) = 992 
 num [1:3] 989 1 2
NULL
R-CCU: dpObj$numberClusters = 3 
List of 2
 $ : num [1, 1, 1:3] 0.473 0.265 0.652
 $ : num [1, 1, 1:3] 1.73 3.79 3.21
NULL
R priorParameters: 2 8 
R maxT: 1 
R_PriorDraw_first_mu: 0.2746101 
R_PriorDraw_first_nu: 5.645375 
R-CCU: Before ClusterLabelChange for i = 33 newLabel= 1 currentLabel= 1 
R-CCU: sum(pointsPerCluster) = 992 
 num [1:3] 989 1 2
NULL
R-CCU: After ClusterLabelChange for i = 33 
R-CCU: sum(pointsPerCluster) = 993 
 num [1:3] 990 1 2
NULL
R-CCU: dpObj$numberClusters = 3 
List of 2
 $ : num [1, 1, 1:3] 0.473 0.265 0.652
 $ : num [1, 1, 1:3] 1.73 3.79 3.21
NULL
R priorParameters: 2 8 
R maxT: 1 
R_PriorDraw_first_mu: 0.6152713 
R_PriorDraw_first_nu: 26.83804 
R-CCU: Before ClusterLabelChange for i = 34 newLabel= 1 currentLabel= 1 
R-CCU: sum(pointsPerCluster) = 993 
 num [1:3] 990 1 2
NULL
R-CCU: After ClusterLabelChange for i = 34 
R-CCU: sum(pointsPerCluster) = 994 
 num [1:3] 991 1 2
NULL
R-CCU: dpObj$numberClusters = 3 
List of 2
 $ : num [1, 1, 1:3] 0.473 0.265 0.652
 $ : num [1, 1, 1:3] 1.73 3.79 3.21
NULL
R priorParameters: 2 8 
R maxT: 1 
R_PriorDraw_first_mu: 0.6454061 
R_PriorDraw_first_nu: 5.735188 
R-CCU: Before ClusterLabelChange for i = 35 newLabel= 1 currentLabel= 1 
R-CCU: sum(pointsPerCluster) = 994 
 num [1:3] 991 1 2
NULL
R-CCU: After ClusterLabelChange for i = 35 
R-CCU: sum(pointsPerCluster) = 995 
 num [1:3] 992 1 2
NULL
R-CCU: dpObj$numberClusters = 3 
List of 2
 $ : num [1, 1, 1:3] 0.473 0.265 0.652
 $ : num [1, 1, 1:3] 1.73 3.79 3.21
NULL
R priorParameters: 2 8 
R maxT: 1 
R_PriorDraw_first_mu: 0.1842745 
R_PriorDraw_first_nu: 8.08329 
R-CCU: Before ClusterLabelChange for i = 36 newLabel= 1 currentLabel= 1 
R-CCU: sum(pointsPerCluster) = 995 
 num [1:3] 992 1 2
NULL
R-CCU: After ClusterLabelChange for i = 36 
R-CCU: sum(pointsPerCluster) = 996 
 num [1:3] 993 1 2
NULL
R-CCU: dpObj$numberClusters = 3 
List of 2
 $ : num [1, 1, 1:3] 0.473 0.265 0.652
 $ : num [1, 1, 1:3] 1.73 3.79 3.21
NULL
R priorParameters: 2 8 
R maxT: 1 
R_PriorDraw_first_mu: 0.001987986 
R_PriorDraw_first_nu: 13.664 
R-CCU: Before ClusterLabelChange for i = 37 newLabel= 1 currentLabel= 1 
R-CCU: sum(pointsPerCluster) = 996 
 num [1:3] 993 1 2
NULL
R-CCU: After ClusterLabelChange for i = 37 
R-CCU: sum(pointsPerCluster) = 997 
 num [1:3] 994 1 2
NULL
R-CCU: dpObj$numberClusters = 3 
List of 2
 $ : num [1, 1, 1:3] 0.473 0.265 0.652
 $ : num [1, 1, 1:3] 1.73 3.79 3.21
NULL
R priorParameters: 2 8 
R maxT: 1 
R_PriorDraw_first_mu: 0.1158177 
R_PriorDraw_first_nu: 15.48979 
R-CCU: Before ClusterLabelChange for i = 38 newLabel= 1 currentLabel= 1 
R-CCU: sum(pointsPerCluster) = 997 
 num [1:3] 994 1 2
NULL
R-CCU: After ClusterLabelChange for i = 38 
R-CCU: sum(pointsPerCluster) = 998 
 num [1:3] 995 1 2
NULL
R-CCU: dpObj$numberClusters = 3 
List of 2
 $ : num [1, 1, 1:3] 0.473 0.265 0.652
 $ : num [1, 1, 1:3] 1.73 3.79 3.21
NULL
R priorParameters: 2 8 
R maxT: 1 
R_PriorDraw_first_mu: 0.8385619 
R_PriorDraw_first_nu: 3.682223 
R-CCU: Before ClusterLabelChange for i = 39 newLabel= 1 currentLabel= 1 
R-CCU: sum(pointsPerCluster) = 998 
 num [1:3] 995 1 2
NULL
R-CCU: After ClusterLabelChange for i = 39 
R-CCU: sum(pointsPerCluster) = 999 
 num [1:3] 996 1 2
NULL
R-CCU: dpObj$numberClusters = 3 
List of 2
 $ : num [1, 1, 1:3] 0.473 0.265 0.652
 $ : num [1, 1, 1:3] 1.73 3.79 3.21
NULL
R priorParameters: 2 8 
R maxT: 1 
R_PriorDraw_first_mu: 0.2510642 
R_PriorDraw_first_nu: 3.527429 
R-CCU: Before ClusterLabelChange for i = 40 newLabel= 1 currentLabel= 1 
R-CCU: sum(pointsPerCluster) = 999 
 num [1:3] 996 1 2
NULL
R-CCU: After ClusterLabelChange for i = 40 
R-CCU: sum(pointsPerCluster) = 1000 
 num [1:3] 997 1 2
NULL
R-CCU: dpObj$numberClusters = 3 
List of 2
 $ : num [1, 1, 1:3] 0.473 0.265 0.652
 $ : num [1, 1, 1:3] 1.73 3.79 3.21
NULL
R priorParameters: 2 8 
R maxT: 1 
R_PriorDraw_first_mu: 0.01408523 
R_PriorDraw_first_nu: 16.86801 
R-CCU: Before ClusterLabelChange for i = 41 newLabel= 1 currentLabel= 1 
R-CCU: sum(pointsPerCluster) = 1000 
 num [1:3] 997 1 2
NULL
R-CCU: After ClusterLabelChange for i = 41 
R-CCU: sum(pointsPerCluster) = 1001 
 num [1:3] 998 1 2
NULL
R-CCU: dpObj$numberClusters = 3 
List of 2
 $ : num [1, 1, 1:3] 0.473 0.265 0.652
 $ : num [1, 1, 1:3] 1.73 3.79 3.21
NULL
R priorParameters: 2 8 
R maxT: 1 
R_PriorDraw_first_mu: 0.3693191 
R_PriorDraw_first_nu: 15.77768 
R-CCU: Before ClusterLabelChange for i = 42 newLabel= 1 currentLabel= 1 
R-CCU: sum(pointsPerCluster) = 1001 
 num [1:3] 998 1 2
NULL
R-CCU: After ClusterLabelChange for i = 42 
R-CCU: sum(pointsPerCluster) = 1002 
 num [1:3] 999 1 2
NULL
R-CCU: dpObj$numberClusters = 3 
List of 2
 $ : num [1, 1, 1:3] 0.473 0.265 0.652
 $ : num [1, 1, 1:3] 1.73 3.79 3.21
NULL
R priorParameters: 2 8 
R maxT: 1 
R_PriorDraw_first_mu: 0.9596496 
R_PriorDraw_first_nu: 2.904313 
R-CCU: Before ClusterLabelChange for i = 43 newLabel= 1 currentLabel= 1 
R-CCU: sum(pointsPerCluster) = 1002 
 num [1:3] 999 1 2
NULL
R-CCU: After ClusterLabelChange for i = 43 
R-CCU: sum(pointsPerCluster) = 1003 
 num [1:3] 1000 1 2
NULL
R-CCU: dpObj$numberClusters = 3 
List of 2
 $ : num [1, 1, 1:3] 0.473 0.265 0.652
 $ : num [1, 1, 1:3] 1.73 3.79 3.21
NULL
R priorParameters: 2 8 
R maxT: 1 
R_PriorDraw_first_mu: 0.05265355 
R_PriorDraw_first_nu: 12.40468 
R-CCU: Before ClusterLabelChange for i = 44 newLabel= 1 currentLabel= 1 
R-CCU: sum(pointsPerCluster) = 1003 
 num [1:3] 1000 1 2
NULL
R-CCU: After ClusterLabelChange for i = 44 
R-CCU: sum(pointsPerCluster) = 1004 
 num [1:3] 1001 1 2
NULL
R-CCU: dpObj$numberClusters = 3 
List of 2
 $ : num [1, 1, 1:3] 0.473 0.265 0.652
 $ : num [1, 1, 1:3] 1.73 3.79 3.21
NULL
R priorParameters: 2 8 
R maxT: 1 
R_PriorDraw_first_mu: 0.001484723 
R_PriorDraw_first_nu: 3.633656 
R-CCU: Before ClusterLabelChange for i = 45 newLabel= 1 currentLabel= 1 
R-CCU: sum(pointsPerCluster) = 1004 
 num [1:3] 1001 1 2
NULL
R-CCU: After ClusterLabelChange for i = 45 
R-CCU: sum(pointsPerCluster) = 1005 
 num [1:3] 1002 1 2
NULL
R-CCU: dpObj$numberClusters = 3 
List of 2
 $ : num [1, 1, 1:3] 0.473 0.265 0.652
 $ : num [1, 1, 1:3] 1.73 3.79 3.21
NULL
R priorParameters: 2 8 
R maxT: 1 
R_PriorDraw_first_mu: 0.3728493 
R_PriorDraw_first_nu: 3.909143 
R-CCU: Before ClusterLabelChange for i = 46 newLabel= 1 currentLabel= 1 
R-CCU: sum(pointsPerCluster) = 1005 
 num [1:3] 1002 1 2
NULL
R-CCU: After ClusterLabelChange for i = 46 
R-CCU: sum(pointsPerCluster) = 1006 
 num [1:3] 1003 1 2
NULL
R-CCU: dpObj$numberClusters = 3 
List of 2
 $ : num [1, 1, 1:3] 0.473 0.265 0.652
 $ : num [1, 1, 1:3] 1.73 3.79 3.21
NULL
R priorParameters: 2 8 
R maxT: 1 
R_PriorDraw_first_mu: 0.999143 
R_PriorDraw_first_nu: 3.974632 
R-CCU: Before ClusterLabelChange for i = 47 newLabel= 1 currentLabel= 1 
R-CCU: sum(pointsPerCluster) = 1006 
 num [1:3] 1003 1 2
NULL
R-CCU: After ClusterLabelChange for i = 47 
R-CCU: sum(pointsPerCluster) = 1007 
 num [1:3] 1004 1 2
NULL
R-CCU: dpObj$numberClusters = 3 
List of 2
 $ : num [1, 1, 1:3] 0.473 0.265 0.652
 $ : num [1, 1, 1:3] 1.73 3.79 3.21
NULL
R priorParameters: 2 8 
R maxT: 1 
R_PriorDraw_first_mu: 0.3988181 
R_PriorDraw_first_nu: 13.80478 
R-CCU: Before ClusterLabelChange for i = 48 newLabel= 1 currentLabel= 1 
R-CCU: sum(pointsPerCluster) = 1007 
 num [1:3] 1004 1 2
NULL
R-CCU: After ClusterLabelChange for i = 48 
R-CCU: sum(pointsPerCluster) = 1008 
 num [1:3] 1005 1 2
NULL
R-CCU: dpObj$numberClusters = 3 
List of 2
 $ : num [1, 1, 1:3] 0.473 0.265 0.652
 $ : num [1, 1, 1:3] 1.73 3.79 3.21
NULL
R priorParameters: 2 8 
R maxT: 1 
R_PriorDraw_first_mu: 0.5155335 
R_PriorDraw_first_nu: 100.0541 
R-CCU: Before ClusterLabelChange for i = 49 newLabel= 1 currentLabel= 1 
R-CCU: sum(pointsPerCluster) = 1008 
 num [1:3] 1005 1 2
NULL
R-CCU: After ClusterLabelChange for i = 49 
R-CCU: sum(pointsPerCluster) = 1009 
 num [1:3] 1006 1 2
NULL
R-CCU: dpObj$numberClusters = 3 
List of 2
 $ : num [1, 1, 1:3] 0.473 0.265 0.652
 $ : num [1, 1, 1:3] 1.73 3.79 3.21
NULL
R priorParameters: 2 8 
R maxT: 1 
R_PriorDraw_first_mu: 0.8348798 
R_PriorDraw_first_nu: 29.2143 
R-CCU: Before ClusterLabelChange for i = 50 newLabel= 1 currentLabel= 1 
R-CCU: sum(pointsPerCluster) = 1009 
 num [1:3] 1006 1 2
NULL
R-CCU: After ClusterLabelChange for i = 50 
R-CCU: sum(pointsPerCluster) = 1010 
 num [1:3] 1007 1 2
NULL
R-CCU: dpObj$numberClusters = 3 
List of 2
 $ : num [1, 1, 1:3] 0.473 0.265 0.652
 $ : num [1, 1, 1:3] 1.73 3.79 3.21
NULL
R priorParameters: 2 8 
R maxT: 1 
R_PriorDraw_first_mu: 0.5402101 
R_PriorDraw_first_nu: 4.29923 
R-CCU: Before ClusterLabelChange for i = 51 newLabel= 1 currentLabel= 1 
R-CCU: sum(pointsPerCluster) = 1010 
 num [1:3] 1007 1 2
NULL
R-CCU: After ClusterLabelChange for i = 51 
R-CCU: sum(pointsPerCluster) = 1011 
 num [1:3] 1008 1 2
NULL
R-CCU: dpObj$numberClusters = 3 
List of 2
 $ : num [1, 1, 1:3] 0.473 0.265 0.652
 $ : num [1, 1, 1:3] 1.73 3.79 3.21
NULL
R priorParameters: 2 8 
R maxT: 1 
R_PriorDraw_first_mu: 0.2992468 
R_PriorDraw_first_nu: 1.012909 
R-CCU: Before ClusterLabelChange for i = 52 newLabel= 1 currentLabel= 1 
R-CCU: sum(pointsPerCluster) = 1011 
 num [1:3] 1008 1 2
NULL
R-CCU: After ClusterLabelChange for i = 52 
R-CCU: sum(pointsPerCluster) = 1012 
 num [1:3] 1009 1 2
NULL
R-CCU: dpObj$numberClusters = 3 
List of 2
 $ : num [1, 1, 1:3] 0.473 0.265 0.652
 $ : num [1, 1, 1:3] 1.73 3.79 3.21
NULL
R priorParameters: 2 8 
R maxT: 1 
R_PriorDraw_first_mu: 0.5744476 
R_PriorDraw_first_nu: 4.516184 
R-CCU: Before ClusterLabelChange for i = 53 newLabel= 1 currentLabel= 1 
R-CCU: sum(pointsPerCluster) = 1012 
 num [1:3] 1009 1 2
NULL
R-CCU: After ClusterLabelChange for i = 53 
R-CCU: sum(pointsPerCluster) = 1013 
 num [1:3] 1010 1 2
NULL
R-CCU: dpObj$numberClusters = 3 
List of 2
 $ : num [1, 1, 1:3] 0.473 0.265 0.652
 $ : num [1, 1, 1:3] 1.73 3.79 3.21
NULL
R priorParameters: 2 8 
R maxT: 1 
R_PriorDraw_first_mu: 0.1815292 
R_PriorDraw_first_nu: 1.631586 
R-CCU: Before ClusterLabelChange for i = 54 newLabel= 1 currentLabel= 1 
R-CCU: sum(pointsPerCluster) = 1013 
 num [1:3] 1010 1 2
NULL
R-CCU: After ClusterLabelChange for i = 54 
R-CCU: sum(pointsPerCluster) = 1014 
 num [1:3] 1011 1 2
NULL
R-CCU: dpObj$numberClusters = 3 
List of 2
 $ : num [1, 1, 1:3] 0.473 0.265 0.652
 $ : num [1, 1, 1:3] 1.73 3.79 3.21
NULL
R priorParameters: 2 8 
R maxT: 1 
R_PriorDraw_first_mu: 0.588489 
R_PriorDraw_first_nu: 4.765448 
R-CCU: Before ClusterLabelChange for i = 55 newLabel= 1 currentLabel= 1 
R-CCU: sum(pointsPerCluster) = 1014 
 num [1:3] 1011 1 2
NULL
R-CCU: After ClusterLabelChange for i = 55 
R-CCU: sum(pointsPerCluster) = 1015 
 num [1:3] 1012 1 2
NULL
R-CCU: dpObj$numberClusters = 3 
List of 2
 $ : num [1, 1, 1:3] 0.473 0.265 0.652
 $ : num [1, 1, 1:3] 1.73 3.79 3.21
NULL
R priorParameters: 2 8 
R maxT: 1 
R_PriorDraw_first_mu: 0.8008036 
R_PriorDraw_first_nu: 6.538457 
R-CCU: Before ClusterLabelChange for i = 56 newLabel= 1 currentLabel= 1 
R-CCU: sum(pointsPerCluster) = 1015 
 num [1:3] 1012 1 2
NULL
R-CCU: After ClusterLabelChange for i = 56 
R-CCU: sum(pointsPerCluster) = 1016 
 num [1:3] 1013 1 2
NULL
R-CCU: dpObj$numberClusters = 3 
List of 2
 $ : num [1, 1, 1:3] 0.473 0.265 0.652
 $ : num [1, 1, 1:3] 1.73 3.79 3.21
NULL
R priorParameters: 2 8 
R maxT: 1 
R_PriorDraw_first_mu: 0.1344828 
R_PriorDraw_first_nu: 6.632667 
R-CCU: Before ClusterLabelChange for i = 57 newLabel= 1 currentLabel= 1 
R-CCU: sum(pointsPerCluster) = 1016 
 num [1:3] 1013 1 2
NULL
R-CCU: After ClusterLabelChange for i = 57 
R-CCU: sum(pointsPerCluster) = 1017 
 num [1:3] 1014 1 2
NULL
R-CCU: dpObj$numberClusters = 3 
List of 2
 $ : num [1, 1, 1:3] 0.473 0.265 0.652
 $ : num [1, 1, 1:3] 1.73 3.79 3.21
NULL
R priorParameters: 2 8 
R maxT: 1 
R_PriorDraw_first_mu: 0.4947249 
R_PriorDraw_first_nu: 7.759035 
R-CCU: Before ClusterLabelChange for i = 58 newLabel= 1 currentLabel= 1 
R-CCU: sum(pointsPerCluster) = 1017 
 num [1:3] 1014 1 2
NULL
R-CCU: After ClusterLabelChange for i = 58 
R-CCU: sum(pointsPerCluster) = 1018 
 num [1:3] 1015 1 2
NULL
R-CCU: dpObj$numberClusters = 3 
List of 2
 $ : num [1, 1, 1:3] 0.473 0.265 0.652
 $ : num [1, 1, 1:3] 1.73 3.79 3.21
NULL
R priorParameters: 2 8 
R maxT: 1 
R_PriorDraw_first_mu: 0.1801969 
R_PriorDraw_first_nu: 7.84339 
R-CCU: Before ClusterLabelChange for i = 59 newLabel= 1 currentLabel= 1 
R-CCU: sum(pointsPerCluster) = 1018 
 num [1:3] 1015 1 2
NULL
R-CCU: After ClusterLabelChange for i = 59 
R-CCU: sum(pointsPerCluster) = 1019 
 num [1:3] 1016 1 2
NULL
R-CCU: dpObj$numberClusters = 3 
List of 2
 $ : num [1, 1, 1:3] 0.473 0.265 0.652
 $ : num [1, 1, 1:3] 1.73 3.79 3.21
NULL
R priorParameters: 2 8 
R maxT: 1 
R_PriorDraw_first_mu: 0.6192837 
R_PriorDraw_first_nu: 9.787362 
R-CCU: Before ClusterLabelChange for i = 60 newLabel= 1 currentLabel= 1 
R-CCU: sum(pointsPerCluster) = 1019 
 num [1:3] 1016 1 2
NULL
R-CCU: After ClusterLabelChange for i = 60 
R-CCU: sum(pointsPerCluster) = 1020 
 num [1:3] 1017 1 2
NULL
R-CCU: dpObj$numberClusters = 3 
List of 2
 $ : num [1, 1, 1:3] 0.473 0.265 0.652
 $ : num [1, 1, 1:3] 1.73 3.79 3.21
NULL

⠙ |   32      0 | Beta Distribution Full Integration Test          R priorParameters: 2 8 
R maxT: 1 
R_PriorDraw_first_mu: 0.5042763 
R_PriorDraw_first_nu: 15.56866 
R-CCU: Before ClusterLabelChange for i = 1 newLabel= 1 currentLabel= 1 
R-CCU: sum(pointsPerCluster) = 1020 
 num [1:3] 1017 1 2
NULL
R-CCU: After ClusterLabelChange for i = 1 
R-CCU: sum(pointsPerCluster) = 1021 
 num [1:3] 1018 1 2
NULL
R-CCU: dpObj$numberClusters = 3 
List of 2
 $ : num [1, 1, 1:3] 0.473 0.265 0.652
 $ : num [1, 1, 1:3] 1.7 3.79 3.21
NULL
R priorParameters: 2 8 
R maxT: 1 
R_PriorDraw_first_mu: 0.2659349 
R_PriorDraw_first_nu: 3.145262 
R-CCU: Before ClusterLabelChange for i = 2 newLabel= 1 currentLabel= 1 
R-CCU: sum(pointsPerCluster) = 1021 
 num [1:3] 1018 1 2
NULL
R-CCU: After ClusterLabelChange for i = 2 
R-CCU: sum(pointsPerCluster) = 1022 
 num [1:3] 1019 1 2
NULL
R-CCU: dpObj$numberClusters = 3 
List of 2
 $ : num [1, 1, 1:3] 0.473 0.265 0.652
 $ : num [1, 1, 1:3] 1.7 3.79 3.21
NULL
R priorParameters: 2 8 
R maxT: 1 
R_PriorDraw_first_mu: 0.1902919 
R_PriorDraw_first_nu: 7.96397 
R-CCU: Before ClusterLabelChange for i = 3 newLabel= 1 currentLabel= 1 
R-CCU: sum(pointsPerCluster) = 1022 
 num [1:3] 1019 1 2
NULL
R-CCU: After ClusterLabelChange for i = 3 
R-CCU: sum(pointsPerCluster) = 1023 
 num [1:3] 1020 1 2
NULL
R-CCU: dpObj$numberClusters = 3 
List of 2
 $ : num [1, 1, 1:3] 0.473 0.265 0.652
 $ : num [1, 1, 1:3] 1.7 3.79 3.21
NULL
R priorParameters: 2 8 
R maxT: 1 
R_PriorDraw_first_mu: 0.06657034 
R_PriorDraw_first_nu: 7.05553 
R-CCU: Before ClusterLabelChange for i = 4 newLabel= 1 currentLabel= 1 
R-CCU: sum(pointsPerCluster) = 1023 
 num [1:3] 1020 1 2
NULL
R-CCU: After ClusterLabelChange for i = 4 
R-CCU: sum(pointsPerCluster) = 1024 
 num [1:3] 1021 1 2
NULL
R-CCU: dpObj$numberClusters = 3 
List of 2
 $ : num [1, 1, 1:3] 0.473 0.265 0.652
 $ : num [1, 1, 1:3] 1.7 3.79 3.21
NULL
R priorParameters: 2 8 
R maxT: 1 
R_PriorDraw_first_mu: 0.2150695 
R_PriorDraw_first_nu: 22.77563 
R-CCU: Before ClusterLabelChange for i = 5 newLabel= 1 currentLabel= 1 
R-CCU: sum(pointsPerCluster) = 1024 
 num [1:3] 1021 1 2
NULL
R-CCU: After ClusterLabelChange for i = 5 
R-CCU: sum(pointsPerCluster) = 1025 
 num [1:3] 1022 1 2
NULL
R-CCU: dpObj$numberClusters = 3 
List of 2
 $ : num [1, 1, 1:3] 0.473 0.265 0.652
 $ : num [1, 1, 1:3] 1.7 3.79 3.21
NULL
R priorParameters: 2 8 
R maxT: 1 
R_PriorDraw_first_mu: 0.732766 
R_PriorDraw_first_nu: 34.34084 
R-CCU: Before ClusterLabelChange for i = 6 newLabel= 1 currentLabel= 1 
R-CCU: sum(pointsPerCluster) = 1025 
 num [1:3] 1022 1 2
NULL
R-CCU: After ClusterLabelChange for i = 6 
R-CCU: sum(pointsPerCluster) = 1026 
 num [1:3] 1023 1 2
NULL
R-CCU: dpObj$numberClusters = 3 
List of 2
 $ : num [1, 1, 1:3] 0.473 0.265 0.652
 $ : num [1, 1, 1:3] 1.7 3.79 3.21
NULL
R priorParameters: 2 8 
R maxT: 1 
R_PriorDraw_first_mu: 0.7186165 
R_PriorDraw_first_nu: 3.381724 
R-CCU: Before ClusterLabelChange for i = 7 newLabel= 1 currentLabel= 1 
R-CCU: sum(pointsPerCluster) = 1026 
 num [1:3] 1023 1 2
NULL
R-CCU: After ClusterLabelChange for i = 7 
R-CCU: sum(pointsPerCluster) = 1027 
 num [1:3] 1024 1 2
NULL
R-CCU: dpObj$numberClusters = 3 
List of 2
 $ : num [1, 1, 1:3] 0.473 0.265 0.652
 $ : num [1, 1, 1:3] 1.7 3.79 3.21
NULL
R priorParameters: 2 8 
R maxT: 1 
R_PriorDraw_first_mu: 0.4512785 
R_PriorDraw_first_nu: 10.90509 
R-CCU: Before ClusterLabelChange for i = 8 newLabel= 1 currentLabel= 1 
R-CCU: sum(pointsPerCluster) = 1027 
 num [1:3] 1024 1 2
NULL
R-CCU: After ClusterLabelChange for i = 8 
R-CCU: sum(pointsPerCluster) = 1028 
 num [1:3] 1025 1 2
NULL
R-CCU: dpObj$numberClusters = 3 
List of 2
 $ : num [1, 1, 1:3] 0.473 0.265 0.652
 $ : num [1, 1, 1:3] 1.7 3.79 3.21
NULL
R priorParameters: 2 8 
R maxT: 1 
R_PriorDraw_first_mu: 0.474962 
R_PriorDraw_first_nu: 7.099596 
R-CCU: Before ClusterLabelChange for i = 9 newLabel= 1 currentLabel= 1 
R-CCU: sum(pointsPerCluster) = 1028 
 num [1:3] 1025 1 2
NULL
R-CCU: After ClusterLabelChange for i = 9 
R-CCU: sum(pointsPerCluster) = 1029 
 num [1:3] 1026 1 2
NULL
R-CCU: dpObj$numberClusters = 3 
List of 2
 $ : num [1, 1, 1:3] 0.473 0.265 0.652
 $ : num [1, 1, 1:3] 1.7 3.79 3.21
NULL
R priorParameters: 2 8 
R maxT: 1 
R_PriorDraw_first_mu: 0.7712695 
R_PriorDraw_first_nu: 6.522547 
R-CCU: Before ClusterLabelChange for i = 10 newLabel= 1 currentLabel= 1 
R-CCU: sum(pointsPerCluster) = 1029 
 num [1:3] 1026 1 2
NULL
R-CCU: After ClusterLabelChange for i = 10 
R-CCU: sum(pointsPerCluster) = 1030 
 num [1:3] 1027 1 2
NULL
R-CCU: dpObj$numberClusters = 3 
List of 2
 $ : num [1, 1, 1:3] 0.473 0.265 0.652
 $ : num [1, 1, 1:3] 1.7 3.79 3.21
NULL
R priorParameters: 2 8 
R maxT: 1 
R_PriorDraw_first_mu: 0.6842624 
R_PriorDraw_first_nu: 3.841878 
R-CCU: Before ClusterLabelChange for i = 11 newLabel= 1 currentLabel= 1 
R-CCU: sum(pointsPerCluster) = 1030 
 num [1:3] 1027 1 2
NULL
R-CCU: After ClusterLabelChange for i = 11 
R-CCU: sum(pointsPerCluster) = 1031 
 num [1:3] 1028 1 2
NULL
R-CCU: dpObj$numberClusters = 3 
List of 2
 $ : num [1, 1, 1:3] 0.473 0.265 0.652
 $ : num [1, 1, 1:3] 1.7 3.79 3.21
NULL
R priorParameters: 2 8 
R maxT: 1 
R_PriorDraw_first_mu: 0.6234378 
R_PriorDraw_first_nu: 3.054905 
R-CCU: Before ClusterLabelChange for i = 12 newLabel= 1 currentLabel= 1 
R-CCU: sum(pointsPerCluster) = 1031 
 num [1:3] 1028 1 2
NULL
R-CCU: After ClusterLabelChange for i = 12 
R-CCU: sum(pointsPerCluster) = 1032 
 num [1:3] 1029 1 2
NULL
R-CCU: dpObj$numberClusters = 3 
List of 2
 $ : num [1, 1, 1:3] 0.473 0.265 0.652
 $ : num [1, 1, 1:3] 1.7 3.79 3.21
NULL
R priorParameters: 2 8 
R maxT: 1 
R_PriorDraw_first_mu: 0.514342 
R_PriorDraw_first_nu: 3.45608 
R-CCU: Before ClusterLabelChange for i = 13 newLabel= 1 currentLabel= 1 
R-CCU: sum(pointsPerCluster) = 1032 
 num [1:3] 1029 1 2
NULL
R-CCU: After ClusterLabelChange for i = 13 
R-CCU: sum(pointsPerCluster) = 1033 
 num [1:3] 1030 1 2
NULL
R-CCU: dpObj$numberClusters = 3 
List of 2
 $ : num [1, 1, 1:3] 0.473 0.265 0.652
 $ : num [1, 1, 1:3] 1.7 3.79 3.21
NULL
R priorParameters: 2 8 
R maxT: 1 
R_PriorDraw_first_mu: 0.6260003 
R_PriorDraw_first_nu: 11.2496 
R-CCU: Before ClusterLabelChange for i = 14 newLabel= 1 currentLabel= 1 
R-CCU: sum(pointsPerCluster) = 1033 
 num [1:3] 1030 1 2
NULL
R-CCU: After ClusterLabelChange for i = 14 
R-CCU: sum(pointsPerCluster) = 1034 
 num [1:3] 1031 1 2
NULL
R-CCU: dpObj$numberClusters = 3 
List of 2
 $ : num [1, 1, 1:3] 0.473 0.265 0.652
 $ : num [1, 1, 1:3] 1.7 3.79 3.21
NULL
R priorParameters: 2 8 
R maxT: 1 
R_PriorDraw_first_mu: 0.2188893 
R_PriorDraw_first_nu: 1.809738 
R-CCU: Before ClusterLabelChange for i = 15 newLabel= 1 currentLabel= 1 
R-CCU: sum(pointsPerCluster) = 1034 
 num [1:3] 1031 1 2
NULL
R-CCU: After ClusterLabelChange for i = 15 
R-CCU: sum(pointsPerCluster) = 1035 
 num [1:3] 1032 1 2
NULL
R-CCU: dpObj$numberClusters = 3 
List of 2
 $ : num [1, 1, 1:3] 0.473 0.265 0.652
 $ : num [1, 1, 1:3] 1.7 3.79 3.21
NULL
R priorParameters: 2 8 
R maxT: 1 
R_PriorDraw_first_mu: 0.08703886 
R_PriorDraw_first_nu: 13.38237 
R-CCU: Before ClusterLabelChange for i = 16 newLabel= 1 currentLabel= 1 
R-CCU: sum(pointsPerCluster) = 1035 
 num [1:3] 1032 1 2
NULL
R-CCU: After ClusterLabelChange for i = 16 
R-CCU: sum(pointsPerCluster) = 1036 
 num [1:3] 1033 1 2
NULL
R-CCU: dpObj$numberClusters = 3 
List of 2
 $ : num [1, 1, 1:3] 0.473 0.265 0.652
 $ : num [1, 1, 1:3] 1.7 3.79 3.21
NULL
R priorParameters: 2 8 
R maxT: 1 
R_PriorDraw_first_mu: 0.5417453 
R_PriorDraw_first_nu: 7.841482 
R-CCU: Before ClusterLabelChange for i = 17 newLabel= 1 currentLabel= 1 
R-CCU: sum(pointsPerCluster) = 1036 
 num [1:3] 1033 1 2
NULL
R-CCU: After ClusterLabelChange for i = 17 
R-CCU: sum(pointsPerCluster) = 1037 
 num [1:3] 1034 1 2
NULL
R-CCU: dpObj$numberClusters = 3 
List of 2
 $ : num [1, 1, 1:3] 0.473 0.265 0.652
 $ : num [1, 1, 1:3] 1.7 3.79 3.21
NULL
R priorParameters: 2 8 
R maxT: 1 
R_PriorDraw_first_mu: 0.5284509 
R_PriorDraw_first_nu: 7.948374 
R-CCU: Before ClusterLabelChange for i = 18 newLabel= 1 currentLabel= 1 
R-CCU: sum(pointsPerCluster) = 1037 
 num [1:3] 1034 1 2
NULL
R-CCU: After ClusterLabelChange for i = 18 
R-CCU: sum(pointsPerCluster) = 1038 
 num [1:3] 1035 1 2
NULL
R-CCU: dpObj$numberClusters = 3 
List of 2
 $ : num [1, 1, 1:3] 0.473 0.265 0.652
 $ : num [1, 1, 1:3] 1.7 3.79 3.21
NULL
R priorParameters: 2 8 
R maxT: 1 
R_PriorDraw_first_mu: 0.093536 
R_PriorDraw_first_nu: 22.19913 
R-CCU: Before ClusterLabelChange for i = 19 newLabel= 1 currentLabel= 1 
R-CCU: sum(pointsPerCluster) = 1038 
 num [1:3] 1035 1 2
NULL
R-CCU: After ClusterLabelChange for i = 19 
R-CCU: sum(pointsPerCluster) = 1039 
 num [1:3] 1036 1 2
NULL
R-CCU: dpObj$numberClusters = 3 
List of 2
 $ : num [1, 1, 1:3] 0.473 0.265 0.652
 $ : num [1, 1, 1:3] 1.7 3.79 3.21
NULL
R priorParameters: 2 8 
R maxT: 1 
R_PriorDraw_first_mu: 0.2545163 
R_PriorDraw_first_nu: 8.2532 
R-CCU: Before ClusterLabelChange for i = 20 newLabel= 1 currentLabel= 1 
R-CCU: sum(pointsPerCluster) = 1039 
 num [1:3] 1036 1 2
NULL
R-CCU: After ClusterLabelChange for i = 20 
R-CCU: sum(pointsPerCluster) = 1040 
 num [1:3] 1037 1 2
NULL
R-CCU: dpObj$numberClusters = 3 
List of 2
 $ : num [1, 1, 1:3] 0.473 0.265 0.652
 $ : num [1, 1, 1:3] 1.7 3.79 3.21
NULL
R priorParameters: 2 8 
R maxT: 1 
R_PriorDraw_first_mu: 0.6174041 
R_PriorDraw_first_nu: 3.306074 
R-CCU: Before ClusterLabelChange for i = 21 newLabel= 1 currentLabel= 1 
R-CCU: sum(pointsPerCluster) = 1040 
 num [1:3] 1037 1 2
NULL
R-CCU: After ClusterLabelChange for i = 21 
R-CCU: sum(pointsPerCluster) = 1041 
 num [1:3] 1038 1 2
NULL
R-CCU: dpObj$numberClusters = 3 
List of 2
 $ : num [1, 1, 1:3] 0.473 0.265 0.652
 $ : num [1, 1, 1:3] 1.7 3.79 3.21
NULL
R priorParameters: 2 8 
R maxT: 1 
R_PriorDraw_first_mu: 0.4472338 
R_PriorDraw_first_nu: 1.422517 
R-CCU: Before ClusterLabelChange for i = 22 newLabel= 1 currentLabel= 1 
R-CCU: sum(pointsPerCluster) = 1041 
 num [1:3] 1038 1 2
NULL
R-CCU: After ClusterLabelChange for i = 22 
R-CCU: sum(pointsPerCluster) = 1042 
 num [1:3] 1039 1 2
NULL
R-CCU: dpObj$numberClusters = 3 
List of 2
 $ : num [1, 1, 1:3] 0.473 0.265 0.652
 $ : num [1, 1, 1:3] 1.7 3.79 3.21
NULL
R priorParameters: 2 8 
R maxT: 1 
R_PriorDraw_first_mu: 0.9043106 
R_PriorDraw_first_nu: 15.74913 
R-CCU: Before ClusterLabelChange for i = 23 newLabel= 1 currentLabel= 1 
R-CCU: sum(pointsPerCluster) = 1042 
 num [1:3] 1039 1 2
NULL
R-CCU: After ClusterLabelChange for i = 23 
R-CCU: sum(pointsPerCluster) = 1043 
 num [1:3] 1040 1 2
NULL
R-CCU: dpObj$numberClusters = 3 
List of 2
 $ : num [1, 1, 1:3] 0.473 0.265 0.652
 $ : num [1, 1, 1:3] 1.7 3.79 3.21
NULL
R priorParameters: 2 8 
R maxT: 1 
R_PriorDraw_first_mu: 0.3795248 
R_PriorDraw_first_nu: 7.05328 
R-CCU: Before ClusterLabelChange for i = 24 newLabel= 1 currentLabel= 1 
R-CCU: sum(pointsPerCluster) = 1043 
 num [1:3] 1040 1 2
NULL
R-CCU: After ClusterLabelChange for i = 24 
R-CCU: sum(pointsPerCluster) = 1044 
 num [1:3] 1041 1 2
NULL
R-CCU: dpObj$numberClusters = 3 
List of 2
 $ : num [1, 1, 1:3] 0.473 0.265 0.652
 $ : num [1, 1, 1:3] 1.7 3.79 3.21
NULL
R priorParameters: 2 8 
R maxT: 1 
R_PriorDraw_first_mu: 0.6333567 
R_PriorDraw_first_nu: 3.395858 
R-CCU: Before ClusterLabelChange for i = 25 newLabel= 1 currentLabel= 1 
R-CCU: sum(pointsPerCluster) = 1044 
 num [1:3] 1041 1 2
NULL
R-CCU: After ClusterLabelChange for i = 25 
R-CCU: sum(pointsPerCluster) = 1045 
 num [1:3] 1042 1 2
NULL
R-CCU: dpObj$numberClusters = 3 
List of 2
 $ : num [1, 1, 1:3] 0.473 0.265 0.652
 $ : num [1, 1, 1:3] 1.7 3.79 3.21
NULL
R priorParameters: 2 8 
R maxT: 1 
R_PriorDraw_first_mu: 0.6776462 
R_PriorDraw_first_nu: 5.256215 
R-CCU: Before ClusterLabelChange for i = 26 newLabel= 1 currentLabel= 1 
R-CCU: sum(pointsPerCluster) = 1045 
 num [1:3] 1042 1 2
NULL
R-CCU: After ClusterLabelChange for i = 26 
R-CCU: sum(pointsPerCluster) = 1046 
 num [1:3] 1043 1 2
NULL
R-CCU: dpObj$numberClusters = 3 
List of 2
 $ : num [1, 1, 1:3] 0.473 0.265 0.652
 $ : num [1, 1, 1:3] 1.7 3.79 3.21
NULL
R priorParameters: 2 8 
R maxT: 1 
R_PriorDraw_first_mu: 0.5144737 
R_PriorDraw_first_nu: 8.925122 
R-CCU: Before ClusterLabelChange for i = 27 newLabel= 1 currentLabel= 1 
R-CCU: sum(pointsPerCluster) = 1046 
 num [1:3] 1043 1 2
NULL
R-CCU: After ClusterLabelChange for i = 27 
R-CCU: sum(pointsPerCluster) = 1047 
 num [1:3] 1044 1 2
NULL
R-CCU: dpObj$numberClusters = 3 
List of 2
 $ : num [1, 1, 1:3] 0.473 0.265 0.652
 $ : num [1, 1, 1:3] 1.7 3.79 3.21
NULL
R priorParameters: 2 8 
R maxT: 1 
R_PriorDraw_first_mu: 0.2429545 
R_PriorDraw_first_nu: 1.416013 
R-CCU: Before ClusterLabelChange for i = 28 newLabel= 1 currentLabel= 1 
R-CCU: sum(pointsPerCluster) = 1047 
 num [1:3] 1044 1 2
NULL
R-CCU: After ClusterLabelChange for i = 28 
R-CCU: sum(pointsPerCluster) = 1048 
 num [1:3] 1045 1 2
NULL
R-CCU: dpObj$numberClusters = 3 
List of 2
 $ : num [1, 1, 1:3] 0.473 0.265 0.652
 $ : num [1, 1, 1:3] 1.7 3.79 3.21
NULL
R priorParameters: 2 8 
R maxT: 1 
R_PriorDraw_first_mu: 0.5307208 
R_PriorDraw_first_nu: 6.952225 
R-CCU: Before ClusterLabelChange for i = 29 newLabel= 1 currentLabel= 1 
R-CCU: sum(pointsPerCluster) = 1048 
 num [1:3] 1045 1 2
NULL
R-CCU: After ClusterLabelChange for i = 29 
R-CCU: sum(pointsPerCluster) = 1049 
 num [1:3] 1046 1 2
NULL
R-CCU: dpObj$numberClusters = 3 
List of 2
 $ : num [1, 1, 1:3] 0.473 0.265 0.652
 $ : num [1, 1, 1:3] 1.7 3.79 3.21
NULL
R priorParameters: 2 8 
R maxT: 1 
R_PriorDraw_first_mu: 0.1791531 
R_PriorDraw_first_nu: 12.34919 
R-CCU: Before ClusterLabelChange for i = 30 newLabel= 1 currentLabel= 1 
R-CCU: sum(pointsPerCluster) = 1049 
 num [1:3] 1046 1 2
NULL
R-CCU: After ClusterLabelChange for i = 30 
R-CCU: sum(pointsPerCluster) = 1050 
 num [1:3] 1047 1 2
NULL
R-CCU: dpObj$numberClusters = 3 
List of 2
 $ : num [1, 1, 1:3] 0.473 0.265 0.652
 $ : num [1, 1, 1:3] 1.7 3.79 3.21
NULL
R priorParameters: 2 8 
R maxT: 1 
R_PriorDraw_first_mu: 0.1776861 
R_PriorDraw_first_nu: 4.025005 
R-CCU: Before ClusterLabelChange for i = 31 newLabel= 1 currentLabel= 1 
R-CCU: sum(pointsPerCluster) = 1050 
 num [1:3] 1047 1 2
NULL
R-CCU: After ClusterLabelChange for i = 31 
R-CCU: sum(pointsPerCluster) = 1051 
 num [1:3] 1048 1 2
NULL
R-CCU: dpObj$numberClusters = 3 
List of 2
 $ : num [1, 1, 1:3] 0.473 0.265 0.652
 $ : num [1, 1, 1:3] 1.7 3.79 3.21
NULL
R priorParameters: 2 8 
R maxT: 1 
R_PriorDraw_first_mu: 0.06331679 
R_PriorDraw_first_nu: 6.113625 
R-CCU: Before ClusterLabelChange for i = 32 newLabel= 1 currentLabel= 1 
R-CCU: sum(pointsPerCluster) = 1051 
 num [1:3] 1048 1 2
NULL
R-CCU: After ClusterLabelChange for i = 32 
R-CCU: sum(pointsPerCluster) = 1052 
 num [1:3] 1049 1 2
NULL
R-CCU: dpObj$numberClusters = 3 
List of 2
 $ : num [1, 1, 1:3] 0.473 0.265 0.652
 $ : num [1, 1, 1:3] 1.7 3.79 3.21
NULL
R priorParameters: 2 8 
R maxT: 1 
R_PriorDraw_first_mu: 0.8132685 
R_PriorDraw_first_nu: 3.050145 
R-CCU: Before ClusterLabelChange for i = 33 newLabel= 1 currentLabel= 1 
R-CCU: sum(pointsPerCluster) = 1052 
 num [1:3] 1049 1 2
NULL
R-CCU: After ClusterLabelChange for i = 33 
R-CCU: sum(pointsPerCluster) = 1053 
 num [1:3] 1050 1 2
NULL
R-CCU: dpObj$numberClusters = 3 
List of 2
 $ : num [1, 1, 1:3] 0.473 0.265 0.652
 $ : num [1, 1, 1:3] 1.7 3.79 3.21
NULL
R priorParameters: 2 8 
R maxT: 1 
R_PriorDraw_first_mu: 0.8870297 
R_PriorDraw_first_nu: 2.689795 
R-CCU: Before ClusterLabelChange for i = 34 newLabel= 1 currentLabel= 1 
R-CCU: sum(pointsPerCluster) = 1053 
 num [1:3] 1050 1 2
NULL
R-CCU: After ClusterLabelChange for i = 34 
R-CCU: sum(pointsPerCluster) = 1054 
 num [1:3] 1051 1 2
NULL
R-CCU: dpObj$numberClusters = 3 
List of 2
 $ : num [1, 1, 1:3] 0.473 0.265 0.652
 $ : num [1, 1, 1:3] 1.7 3.79 3.21
NULL
R priorParameters: 2 8 
R maxT: 1 
R_PriorDraw_first_mu: 0.5707754 
R_PriorDraw_first_nu: 1.6529 
R-CCU: Before ClusterLabelChange for i = 35 newLabel= 1 currentLabel= 1 
R-CCU: sum(pointsPerCluster) = 1054 
 num [1:3] 1051 1 2
NULL
R-CCU: After ClusterLabelChange for i = 35 
R-CCU: sum(pointsPerCluster) = 1055 
 num [1:3] 1052 1 2
NULL
R-CCU: dpObj$numberClusters = 3 
List of 2
 $ : num [1, 1, 1:3] 0.473 0.265 0.652
 $ : num [1, 1, 1:3] 1.7 3.79 3.21
NULL
R priorParameters: 2 8 
R maxT: 1 
R_PriorDraw_first_mu: 0.2634792 
R_PriorDraw_first_nu: 1.249003 
R-CCU: Before ClusterLabelChange for i = 36 newLabel= 1 currentLabel= 1 
R-CCU: sum(pointsPerCluster) = 1055 
 num [1:3] 1052 1 2
NULL
R-CCU: After ClusterLabelChange for i = 36 
R-CCU: sum(pointsPerCluster) = 1056 
 num [1:3] 1053 1 2
NULL
R-CCU: dpObj$numberClusters = 3 
List of 2
 $ : num [1, 1, 1:3] 0.473 0.265 0.652
 $ : num [1, 1, 1:3] 1.7 3.79 3.21
NULL
R priorParameters: 2 8 
R maxT: 1 
R_PriorDraw_first_mu: 0.1321759 
R_PriorDraw_first_nu: 1.696631 
R-CCU: Before ClusterLabelChange for i = 37 newLabel= 1 currentLabel= 1 
R-CCU: sum(pointsPerCluster) = 1056 
 num [1:3] 1053 1 2
NULL
R-CCU: After ClusterLabelChange for i = 37 
R-CCU: sum(pointsPerCluster) = 1057 
 num [1:3] 1054 1 2
NULL
R-CCU: dpObj$numberClusters = 3 
List of 2
 $ : num [1, 1, 1:3] 0.473 0.265 0.652
 $ : num [1, 1, 1:3] 1.7 3.79 3.21
NULL
R priorParameters: 2 8 
R maxT: 1 
R_PriorDraw_first_mu: 0.8231 
R_PriorDraw_first_nu: 7.089205 
R-CCU: Before ClusterLabelChange for i = 38 newLabel= 1 currentLabel= 1 
R-CCU: sum(pointsPerCluster) = 1057 
 num [1:3] 1054 1 2
NULL
R-CCU: After ClusterLabelChange for i = 38 
R-CCU: sum(pointsPerCluster) = 1058 
 num [1:3] 1055 1 2
NULL
R-CCU: dpObj$numberClusters = 3 
List of 2
 $ : num [1, 1, 1:3] 0.473 0.265 0.652
 $ : num [1, 1, 1:3] 1.7 3.79 3.21
NULL
R priorParameters: 2 8 
R maxT: 1 
R_PriorDraw_first_mu: 0.7142377 
R_PriorDraw_first_nu: 2.014666 
R-CCU: Before ClusterLabelChange for i = 39 newLabel= 1 currentLabel= 1 
R-CCU: sum(pointsPerCluster) = 1058 
 num [1:3] 1055 1 2
NULL
R-CCU: After ClusterLabelChange for i = 39 
R-CCU: sum(pointsPerCluster) = 1059 
 num [1:3] 1056 1 2
NULL
R-CCU: dpObj$numberClusters = 3 
List of 2
 $ : num [1, 1, 1:3] 0.473 0.265 0.652
 $ : num [1, 1, 1:3] 1.7 3.79 3.21
NULL
R priorParameters: 2 8 
R maxT: 1 
R_PriorDraw_first_mu: 0.3660264 
R_PriorDraw_first_nu: 1.346524 
R-CCU: Before ClusterLabelChange for i = 40 newLabel= 1 currentLabel= 1 
R-CCU: sum(pointsPerCluster) = 1059 
 num [1:3] 1056 1 2
NULL
R-CCU: After ClusterLabelChange for i = 40 
R-CCU: sum(pointsPerCluster) = 1060 
 num [1:3] 1057 1 2
NULL
R-CCU: dpObj$numberClusters = 3 
List of 2
 $ : num [1, 1, 1:3] 0.473 0.265 0.652
 $ : num [1, 1, 1:3] 1.7 3.79 3.21
NULL
R priorParameters: 2 8 
R maxT: 1 
R_PriorDraw_first_mu: 0.8338837 
R_PriorDraw_first_nu: 18.294 
R-CCU: Before ClusterLabelChange for i = 41 newLabel= 1 currentLabel= 1 
R-CCU: sum(pointsPerCluster) = 1060 
 num [1:3] 1057 1 2
NULL
R-CCU: After ClusterLabelChange for i = 41 
R-CCU: sum(pointsPerCluster) = 1061 
 num [1:3] 1058 1 2
NULL
R-CCU: dpObj$numberClusters = 3 
List of 2
 $ : num [1, 1, 1:3] 0.473 0.265 0.652
 $ : num [1, 1, 1:3] 1.7 3.79 3.21
NULL
R priorParameters: 2 8 
R maxT: 1 
R_PriorDraw_first_mu: 0.2244803 
R_PriorDraw_first_nu: 5.509671 
R-CCU: Before ClusterLabelChange for i = 42 newLabel= 1 currentLabel= 1 
R-CCU: sum(pointsPerCluster) = 1061 
 num [1:3] 1058 1 2
NULL
R-CCU: After ClusterLabelChange for i = 42 
R-CCU: sum(pointsPerCluster) = 1062 
 num [1:3] 1059 1 2
NULL
R-CCU: dpObj$numberClusters = 3 
List of 2
 $ : num [1, 1, 1:3] 0.473 0.265 0.652
 $ : num [1, 1, 1:3] 1.7 3.79 3.21
NULL
R priorParameters: 2 8 
R maxT: 1 
R_PriorDraw_first_mu: 0.6402446 
R_PriorDraw_first_nu: 5.658671 
R-CCU: Before ClusterLabelChange for i = 43 newLabel= 1 currentLabel= 1 
R-CCU: sum(pointsPerCluster) = 1062 
 num [1:3] 1059 1 2
NULL
R-CCU: After ClusterLabelChange for i = 43 
R-CCU: sum(pointsPerCluster) = 1063 
 num [1:3] 1060 1 2
NULL
R-CCU: dpObj$numberClusters = 3 
List of 2
 $ : num [1, 1, 1:3] 0.473 0.265 0.652
 $ : num [1, 1, 1:3] 1.7 3.79 3.21
NULL
R priorParameters: 2 8 
R maxT: 1 
R_PriorDraw_first_mu: 0.5587337 
R_PriorDraw_first_nu: 4.422618 
R-CCU: Before ClusterLabelChange for i = 44 newLabel= 1 currentLabel= 1 
R-CCU: sum(pointsPerCluster) = 1063 
 num [1:3] 1060 1 2
NULL
R-CCU: After ClusterLabelChange for i = 44 
R-CCU: sum(pointsPerCluster) = 1064 
 num [1:3] 1061 1 2
NULL
R-CCU: dpObj$numberClusters = 3 
List of 2
 $ : num [1, 1, 1:3] 0.473 0.265 0.652
 $ : num [1, 1, 1:3] 1.7 3.79 3.21
NULL
R priorParameters: 2 8 
R maxT: 1 
R_PriorDraw_first_mu: 0.8255558 
R_PriorDraw_first_nu: 4.299402 
R-CCU: Before ClusterLabelChange for i = 45 newLabel= 1 currentLabel= 1 
R-CCU: sum(pointsPerCluster) = 1064 
 num [1:3] 1061 1 2
NULL
R-CCU: After ClusterLabelChange for i = 45 
R-CCU: sum(pointsPerCluster) = 1065 
 num [1:3] 1062 1 2
NULL
R-CCU: dpObj$numberClusters = 3 
List of 2
 $ : num [1, 1, 1:3] 0.473 0.265 0.652
 $ : num [1, 1, 1:3] 1.7 3.79 3.21
NULL
R priorParameters: 2 8 
R maxT: 1 
R_PriorDraw_first_mu: 0.5583762 
R_PriorDraw_first_nu: 12.37625 
R-CCU: Before ClusterLabelChange for i = 46 newLabel= 1 currentLabel= 1 
R-CCU: sum(pointsPerCluster) = 1065 
 num [1:3] 1062 1 2
NULL
R-CCU: After ClusterLabelChange for i = 46 
R-CCU: sum(pointsPerCluster) = 1066 
 num [1:3] 1063 1 2
NULL
R-CCU: dpObj$numberClusters = 3 
List of 2
 $ : num [1, 1, 1:3] 0.473 0.265 0.652
 $ : num [1, 1, 1:3] 1.7 3.79 3.21
NULL
R priorParameters: 2 8 
R maxT: 1 
R_PriorDraw_first_mu: 0.02503367 
R_PriorDraw_first_nu: 7.141294 
R-CCU: Before ClusterLabelChange for i = 47 newLabel= 1 currentLabel= 1 
R-CCU: sum(pointsPerCluster) = 1066 
 num [1:3] 1063 1 2
NULL
R-CCU: After ClusterLabelChange for i = 47 
R-CCU: sum(pointsPerCluster) = 1067 
 num [1:3] 1064 1 2
NULL
R-CCU: dpObj$numberClusters = 3 
List of 2
 $ : num [1, 1, 1:3] 0.473 0.265 0.652
 $ : num [1, 1, 1:3] 1.7 3.79 3.21
NULL
R priorParameters: 2 8 
R maxT: 1 
R_PriorDraw_first_mu: 0.3292572 
R_PriorDraw_first_nu: 1.872879 
R-CCU: Before ClusterLabelChange for i = 48 newLabel= 1 currentLabel= 1 
R-CCU: sum(pointsPerCluster) = 1067 
 num [1:3] 1064 1 2
NULL
R-CCU: After ClusterLabelChange for i = 48 
R-CCU: sum(pointsPerCluster) = 1068 
 num [1:3] 1065 1 2
NULL
R-CCU: dpObj$numberClusters = 3 
List of 2
 $ : num [1, 1, 1:3] 0.473 0.265 0.652
 $ : num [1, 1, 1:3] 1.7 3.79 3.21
NULL
R priorParameters: 2 8 
R maxT: 1 
R_PriorDraw_first_mu: 0.005847171 
R_PriorDraw_first_nu: 9.877862 
R-CCU: Before ClusterLabelChange for i = 49 newLabel= 1 currentLabel= 1 
R-CCU: sum(pointsPerCluster) = 1068 
 num [1:3] 1065 1 2
NULL
R-CCU: After ClusterLabelChange for i = 49 
R-CCU: sum(pointsPerCluster) = 1069 
 num [1:3] 1066 1 2
NULL
R-CCU: dpObj$numberClusters = 3 
List of 2
 $ : num [1, 1, 1:3] 0.473 0.265 0.652
 $ : num [1, 1, 1:3] 1.7 3.79 3.21
NULL
R priorParameters: 2 8 
R maxT: 1 
R_PriorDraw_first_mu: 0.5211021 
R_PriorDraw_first_nu: 11.02744 
R-CCU: Before ClusterLabelChange for i = 50 newLabel= 1 currentLabel= 1 
R-CCU: sum(pointsPerCluster) = 1069 
 num [1:3] 1066 1 2
NULL
R-CCU: After ClusterLabelChange for i = 50 
R-CCU: sum(pointsPerCluster) = 1070 
 num [1:3] 1067 1 2
NULL
R-CCU: dpObj$numberClusters = 3 
List of 2
 $ : num [1, 1, 1:3] 0.473 0.265 0.652
 $ : num [1, 1, 1:3] 1.7 3.79 3.21
NULL
R priorParameters: 2 8 
R maxT: 1 
R_PriorDraw_first_mu: 0.7931242 
R_PriorDraw_first_nu: 3.116136 
R-CCU: Before ClusterLabelChange for i = 51 newLabel= 1 currentLabel= 1 
R-CCU: sum(pointsPerCluster) = 1070 
 num [1:3] 1067 1 2
NULL
R-CCU: After ClusterLabelChange for i = 51 
R-CCU: sum(pointsPerCluster) = 1071 
 num [1:3] 1068 1 2
NULL
R-CCU: dpObj$numberClusters = 3 
List of 2
 $ : num [1, 1, 1:3] 0.473 0.265 0.652
 $ : num [1, 1, 1:3] 1.7 3.79 3.21
NULL
R priorParameters: 2 8 
R maxT: 1 
R_PriorDraw_first_mu: 0.2663238 
R_PriorDraw_first_nu: 4.930765 
R-CCU: Before ClusterLabelChange for i = 52 newLabel= 1 currentLabel= 1 
R-CCU: sum(pointsPerCluster) = 1071 
 num [1:3] 1068 1 2
NULL
R-CCU: After ClusterLabelChange for i = 52 
R-CCU: sum(pointsPerCluster) = 1072 
 num [1:3] 1069 1 2
NULL
R-CCU: dpObj$numberClusters = 3 
List of 2
 $ : num [1, 1, 1:3] 0.473 0.265 0.652
 $ : num [1, 1, 1:3] 1.7 3.79 3.21
NULL
R priorParameters: 2 8 
R maxT: 1 
R_PriorDraw_first_mu: 0.7197994 
R_PriorDraw_first_nu: 1.518336 
R-CCU: Before ClusterLabelChange for i = 53 newLabel= 1 currentLabel= 1 
R-CCU: sum(pointsPerCluster) = 1072 
 num [1:3] 1069 1 2
NULL
R-CCU: After ClusterLabelChange for i = 53 
R-CCU: sum(pointsPerCluster) = 1073 
 num [1:3] 1070 1 2
NULL
R-CCU: dpObj$numberClusters = 3 
List of 2
 $ : num [1, 1, 1:3] 0.473 0.265 0.652
 $ : num [1, 1, 1:3] 1.7 3.79 3.21
NULL
R priorParameters: 2 8 
R maxT: 1 
R_PriorDraw_first_mu: 0.5327698 
R_PriorDraw_first_nu: 5.4191 
R-CCU: Before ClusterLabelChange for i = 54 newLabel= 1 currentLabel= 1 
R-CCU: sum(pointsPerCluster) = 1073 
 num [1:3] 1070 1 2
NULL
R-CCU: After ClusterLabelChange for i = 54 
R-CCU: sum(pointsPerCluster) = 1074 
 num [1:3] 1071 1 2
NULL
R-CCU: dpObj$numberClusters = 3 
List of 2
 $ : num [1, 1, 1:3] 0.473 0.265 0.652
 $ : num [1, 1, 1:3] 1.7 3.79 3.21
NULL
R priorParameters: 2 8 
R maxT: 1 
R_PriorDraw_first_mu: 0.4490176 
R_PriorDraw_first_nu: 1.564372 
R-CCU: Before ClusterLabelChange for i = 55 newLabel= 1 currentLabel= 1 
R-CCU: sum(pointsPerCluster) = 1074 
 num [1:3] 1071 1 2
NULL
R-CCU: After ClusterLabelChange for i = 55 
R-CCU: sum(pointsPerCluster) = 1075 
 num [1:3] 1072 1 2
NULL
R-CCU: dpObj$numberClusters = 3 
List of 2
 $ : num [1, 1, 1:3] 0.473 0.265 0.652
 $ : num [1, 1, 1:3] 1.7 3.79 3.21
NULL
R priorParameters: 2 8 
R maxT: 1 
R_PriorDraw_first_mu: 0.00516521 
R_PriorDraw_first_nu: 3.258702 
R-CCU: Before ClusterLabelChange for i = 56 newLabel= 1 currentLabel= 1 
R-CCU: sum(pointsPerCluster) = 1075 
 num [1:3] 1072 1 2
NULL
R-CCU: After ClusterLabelChange for i = 56 
R-CCU: sum(pointsPerCluster) = 1076 
 num [1:3] 1073 1 2
NULL
R-CCU: dpObj$numberClusters = 3 
List of 2
 $ : num [1, 1, 1:3] 0.473 0.265 0.652
 $ : num [1, 1, 1:3] 1.7 3.79 3.21
NULL
R priorParameters: 2 8 
R maxT: 1 
R_PriorDraw_first_mu: 0.2676387 
R_PriorDraw_first_nu: 2.520825 
R-CCU: Before ClusterLabelChange for i = 57 newLabel= 1 currentLabel= 1 
R-CCU: sum(pointsPerCluster) = 1076 
 num [1:3] 1073 1 2
NULL
R-CCU: After ClusterLabelChange for i = 57 
R-CCU: sum(pointsPerCluster) = 1077 
 num [1:3] 1074 1 2
NULL
R-CCU: dpObj$numberClusters = 3 
List of 2
 $ : num [1, 1, 1:3] 0.473 0.265 0.652
 $ : num [1, 1, 1:3] 1.7 3.79 3.21
NULL
R priorParameters: 2 8 
R maxT: 1 
R_PriorDraw_first_mu: 0.7848948 
R_PriorDraw_first_nu: 2.22199 
R-CCU: Before ClusterLabelChange for i = 58 newLabel= 1 currentLabel= 1 
R-CCU: sum(pointsPerCluster) = 1077 
 num [1:3] 1074 1 2
NULL
R-CCU: After ClusterLabelChange for i = 58 
R-CCU: sum(pointsPerCluster) = 1078 
 num [1:3] 1075 1 2
NULL
R-CCU: dpObj$numberClusters = 3 
List of 2
 $ : num [1, 1, 1:3] 0.473 0.265 0.652
 $ : num [1, 1, 1:3] 1.7 3.79 3.21
NULL
R priorParameters: 2 8 
R maxT: 1 
R_PriorDraw_first_mu: 0.5160542 
R_PriorDraw_first_nu: 4.363933 
R-CCU: Before ClusterLabelChange for i = 59 newLabel= 1 currentLabel= 1 
R-CCU: sum(pointsPerCluster) = 1078 
 num [1:3] 1075 1 2
NULL
R-CCU: After ClusterLabelChange for i = 59 
R-CCU: sum(pointsPerCluster) = 1079 
 num [1:3] 1076 1 2
NULL
R-CCU: dpObj$numberClusters = 3 
List of 2
 $ : num [1, 1, 1:3] 0.473 0.265 0.652
 $ : num [1, 1, 1:3] 1.7 3.79 3.21
NULL
R priorParameters: 2 8 
R maxT: 1 
R_PriorDraw_first_mu: 0.01142726 
R_PriorDraw_first_nu: 5.471901 
R-CCU: Before ClusterLabelChange for i = 60 newLabel= 1 currentLabel= 1 
R-CCU: sum(pointsPerCluster) = 1079 
 num [1:3] 1076 1 2
NULL
R-CCU: After ClusterLabelChange for i = 60 
R-CCU: sum(pointsPerCluster) = 1080 
 num [1:3] 1077 1 2
NULL
R-CCU: dpObj$numberClusters = 3 
List of 2
 $ : num [1, 1, 1:3] 0.473 0.265 0.652
 $ : num [1, 1, 1:3] 1.7 3.79 3.21
NULL

⠸ |   34      0 | Beta Distribution Full Integration Test          R priorParameters: 2 8 
R maxT: 1 
R_PriorDraw_first_mu: 0.9671215 
R_PriorDraw_first_nu: 4.525899 
R-CCU: Before ClusterLabelChange for i = 1 newLabel= 1 currentLabel= 1 
R-CCU: sum(pointsPerCluster) = 1080 
 num [1:3] 1077 1 2
NULL
R-CCU: After ClusterLabelChange for i = 1 
R-CCU: sum(pointsPerCluster) = 1081 
 num [1:3] 1078 1 2
NULL
R-CCU: dpObj$numberClusters = 3 
List of 2
 $ : num [1, 1, 1:3] 0.452 0.265 0.652
 $ : num [1, 1, 1:3] 3.28 3.79 3.21
NULL
R priorParameters: 2 8 
R maxT: 1 
R_PriorDraw_first_mu: 0.6587694 
R_PriorDraw_first_nu: 1.400651 
R-CCU: Before ClusterLabelChange for i = 2 newLabel= 1 currentLabel= 1 
R-CCU: sum(pointsPerCluster) = 1081 
 num [1:3] 1078 1 2
NULL
R-CCU: After ClusterLabelChange for i = 2 
R-CCU: sum(pointsPerCluster) = 1082 
 num [1:3] 1079 1 2
NULL
R-CCU: dpObj$numberClusters = 3 
List of 2
 $ : num [1, 1, 1:3] 0.452 0.265 0.652
 $ : num [1, 1, 1:3] 3.28 3.79 3.21
NULL
R priorParameters: 2 8 
R maxT: 1 
R_PriorDraw_first_mu: 0.7656161 
R_PriorDraw_first_nu: 17.48082 
R-CCU: Before ClusterLabelChange for i = 3 newLabel= 1 currentLabel= 1 
R-CCU: sum(pointsPerCluster) = 1082 
 num [1:3] 1079 1 2
NULL
R-CCU: After ClusterLabelChange for i = 3 
R-CCU: sum(pointsPerCluster) = 1083 
 num [1:3] 1080 1 2
NULL
R-CCU: dpObj$numberClusters = 3 
List of 2
 $ : num [1, 1, 1:3] 0.452 0.265 0.652
 $ : num [1, 1, 1:3] 3.28 3.79 3.21
NULL
R priorParameters: 2 8 
R maxT: 1 
R_PriorDraw_first_mu: 0.5433049 
R_PriorDraw_first_nu: 3.357329 
R-CCU: Before ClusterLabelChange for i = 4 newLabel= 1 currentLabel= 1 
R-CCU: sum(pointsPerCluster) = 1083 
 num [1:3] 1080 1 2
NULL
R-CCU: After ClusterLabelChange for i = 4 
R-CCU: sum(pointsPerCluster) = 1084 
 num [1:3] 1081 1 2
NULL
R-CCU: dpObj$numberClusters = 3 
List of 2
 $ : num [1, 1, 1:3] 0.452 0.265 0.652
 $ : num [1, 1, 1:3] 3.28 3.79 3.21
NULL
R priorParameters: 2 8 
R maxT: 1 
R_PriorDraw_first_mu: 0.6382556 
R_PriorDraw_first_nu: 1.099305 
R-CCU: Before ClusterLabelChange for i = 5 newLabel= 1 currentLabel= 1 
R-CCU: sum(pointsPerCluster) = 1084 
 num [1:3] 1081 1 2
NULL
R-CCU: After ClusterLabelChange for i = 5 
R-CCU: sum(pointsPerCluster) = 1085 
 num [1:3] 1082 1 2
NULL
R-CCU: dpObj$numberClusters = 3 
List of 2
 $ : num [1, 1, 1:3] 0.452 0.265 0.652
 $ : num [1, 1, 1:3] 3.28 3.79 3.21
NULL
R priorParameters: 2 8 
R maxT: 1 
R_PriorDraw_first_mu: 0.1620495 
R_PriorDraw_first_nu: 1.883153 
R-CCU: Before ClusterLabelChange for i = 6 newLabel= 1 currentLabel= 1 
R-CCU: sum(pointsPerCluster) = 1085 
 num [1:3] 1082 1 2
NULL
R-CCU: After ClusterLabelChange for i = 6 
R-CCU: sum(pointsPerCluster) = 1086 
 num [1:3] 1083 1 2
NULL
R-CCU: dpObj$numberClusters = 3 
List of 2
 $ : num [1, 1, 1:3] 0.452 0.265 0.652
 $ : num [1, 1, 1:3] 3.28 3.79 3.21
NULL
R priorParameters: 2 8 
R maxT: 1 
R_PriorDraw_first_mu: 0.47352 
R_PriorDraw_first_nu: 8.004006 
R-CCU: Before ClusterLabelChange for i = 7 newLabel= 1 currentLabel= 1 
R-CCU: sum(pointsPerCluster) = 1086 
 num [1:3] 1083 1 2
NULL
R-CCU: After ClusterLabelChange for i = 7 
R-CCU: sum(pointsPerCluster) = 1087 
 num [1:3] 1084 1 2
NULL
R-CCU: dpObj$numberClusters = 3 
List of 2
 $ : num [1, 1, 1:3] 0.452 0.265 0.652
 $ : num [1, 1, 1:3] 3.28 3.79 3.21
NULL
R priorParameters: 2 8 
R maxT: 1 
R_PriorDraw_first_mu: 0.4155514 
R_PriorDraw_first_nu: 4.261378 
R-CCU: Before ClusterLabelChange for i = 8 newLabel= 1 currentLabel= 1 
R-CCU: sum(pointsPerCluster) = 1087 
 num [1:3] 1084 1 2
NULL
R-CCU: After ClusterLabelChange for i = 8 
R-CCU: sum(pointsPerCluster) = 1088 
 num [1:3] 1085 1 2
NULL
R-CCU: dpObj$numberClusters = 3 
List of 2
 $ : num [1, 1, 1:3] 0.452 0.265 0.652
 $ : num [1, 1, 1:3] 3.28 3.79 3.21
NULL
R priorParameters: 2 8 
R maxT: 1 
R_PriorDraw_first_mu: 0.1456144 
R_PriorDraw_first_nu: 4.768426 
R-CCU: Before ClusterLabelChange for i = 9 newLabel= 1 currentLabel= 1 
R-CCU: sum(pointsPerCluster) = 1088 
 num [1:3] 1085 1 2
NULL
R-CCU: After ClusterLabelChange for i = 9 
R-CCU: sum(pointsPerCluster) = 1089 
 num [1:3] 1086 1 2
NULL
R-CCU: dpObj$numberClusters = 3 
List of 2
 $ : num [1, 1, 1:3] 0.452 0.265 0.652
 $ : num [1, 1, 1:3] 3.28 3.79 3.21
NULL
R priorParameters: 2 8 
R maxT: 1 
R_PriorDraw_first_mu: 0.02117323 
R_PriorDraw_first_nu: 5.305015 
R-CCU: Before ClusterLabelChange for i = 10 newLabel= 1 currentLabel= 1 
R-CCU: sum(pointsPerCluster) = 1089 
 num [1:3] 1086 1 2
NULL
R-CCU: After ClusterLabelChange for i = 10 
R-CCU: sum(pointsPerCluster) = 1090 
 num [1:3] 1087 1 2
NULL
R-CCU: dpObj$numberClusters = 3 
List of 2
 $ : num [1, 1, 1:3] 0.452 0.265 0.652
 $ : num [1, 1, 1:3] 3.28 3.79 3.21
NULL
R priorParameters: 2 8 
R maxT: 1 
R_PriorDraw_first_mu: 0.1793766 
R_PriorDraw_first_nu: 4.252917 
R-CCU: Before ClusterLabelChange for i = 11 newLabel= 1 currentLabel= 1 
R-CCU: sum(pointsPerCluster) = 1090 
 num [1:3] 1087 1 2
NULL
R-CCU: After ClusterLabelChange for i = 11 
R-CCU: sum(pointsPerCluster) = 1091 
 num [1:3] 1088 1 2
NULL
R-CCU: dpObj$numberClusters = 3 
List of 2
 $ : num [1, 1, 1:3] 0.452 0.265 0.652
 $ : num [1, 1, 1:3] 3.28 3.79 3.21
NULL
R priorParameters: 2 8 
R maxT: 1 
R_PriorDraw_first_mu: 0.7715695 
R_PriorDraw_first_nu: 8.351462 
R-CCU: Before ClusterLabelChange for i = 12 newLabel= 1 currentLabel= 1 
R-CCU: sum(pointsPerCluster) = 1091 
 num [1:3] 1088 1 2
NULL
R-CCU: After ClusterLabelChange for i = 12 
R-CCU: sum(pointsPerCluster) = 1092 
 num [1:3] 1089 1 2
NULL
R-CCU: dpObj$numberClusters = 3 
List of 2
 $ : num [1, 1, 1:3] 0.452 0.265 0.652
 $ : num [1, 1, 1:3] 3.28 3.79 3.21
NULL
R priorParameters: 2 8 
R maxT: 1 
R_PriorDraw_first_mu: 0.4623087 
R_PriorDraw_first_nu: 3.546964 
R-CCU: Before ClusterLabelChange for i = 13 newLabel= 1 currentLabel= 1 
R-CCU: sum(pointsPerCluster) = 1092 
 num [1:3] 1089 1 2
NULL
R-CCU: After ClusterLabelChange for i = 13 
R-CCU: sum(pointsPerCluster) = 1093 
 num [1:3] 1090 1 2
NULL
R-CCU: dpObj$numberClusters = 3 
List of 2
 $ : num [1, 1, 1:3] 0.452 0.265 0.652
 $ : num [1, 1, 1:3] 3.28 3.79 3.21
NULL
R priorParameters: 2 8 
R maxT: 1 
R_PriorDraw_first_mu: 0.1932312 
R_PriorDraw_first_nu: 20.36066 
R-CCU: Before ClusterLabelChange for i = 14 newLabel= 1 currentLabel= 1 
R-CCU: sum(pointsPerCluster) = 1093 
 num [1:3] 1090 1 2
NULL
R-CCU: After ClusterLabelChange for i = 14 
R-CCU: sum(pointsPerCluster) = 1094 
 num [1:3] 1091 1 2
NULL
R-CCU: dpObj$numberClusters = 3 
List of 2
 $ : num [1, 1, 1:3] 0.452 0.265 0.652
 $ : num [1, 1, 1:3] 3.28 3.79 3.21
NULL
R priorParameters: 2 8 
R maxT: 1 
R_PriorDraw_first_mu: 0.2481293 
R_PriorDraw_first_nu: 1.582245 
R-CCU: Before ClusterLabelChange for i = 15 newLabel= 1 currentLabel= 1 
R-CCU: sum(pointsPerCluster) = 1094 
 num [1:3] 1091 1 2
NULL
R-CCU: After ClusterLabelChange for i = 15 
R-CCU: sum(pointsPerCluster) = 1095 
 num [1:3] 1092 1 2
NULL
R-CCU: dpObj$numberClusters = 3 
List of 2
 $ : num [1, 1, 1:3] 0.452 0.265 0.652
 $ : num [1, 1, 1:3] 3.28 3.79 3.21
NULL
R priorParameters: 2 8 
R maxT: 1 
R_PriorDraw_first_mu: 0.964608 
R_PriorDraw_first_nu: 4.598307 
R-CCU: Before ClusterLabelChange for i = 16 newLabel= 1 currentLabel= 1 
R-CCU: sum(pointsPerCluster) = 1095 
 num [1:3] 1092 1 2
NULL
R-CCU: After ClusterLabelChange for i = 16 
R-CCU: sum(pointsPerCluster) = 1096 
 num [1:3] 1093 1 2
NULL
R-CCU: dpObj$numberClusters = 3 
List of 2
 $ : num [1, 1, 1:3] 0.452 0.265 0.652
 $ : num [1, 1, 1:3] 3.28 3.79 3.21
NULL
R priorParameters: 2 8 
R maxT: 1 
R_PriorDraw_first_mu: 0.2349013 
R_PriorDraw_first_nu: 8.633178 
R-CCU: Before ClusterLabelChange for i = 17 newLabel= 1 currentLabel= 1 
R-CCU: sum(pointsPerCluster) = 1096 
 num [1:3] 1093 1 2
NULL
R-CCU: After ClusterLabelChange for i = 17 
R-CCU: sum(pointsPerCluster) = 1097 
 num [1:3] 1094 1 2
NULL
R-CCU: dpObj$numberClusters = 3 
List of 2
 $ : num [1, 1, 1:3] 0.452 0.265 0.652
 $ : num [1, 1, 1:3] 3.28 3.79 3.21
NULL
R priorParameters: 2 8 
R maxT: 1 
R_PriorDraw_first_mu: 0.9087712 
R_PriorDraw_first_nu: 12.89421 
R-CCU: Before ClusterLabelChange for i = 18 newLabel= 1 currentLabel= 1 
R-CCU: sum(pointsPerCluster) = 1097 
 num [1:3] 1094 1 2
NULL
R-CCU: After ClusterLabelChange for i = 18 
R-CCU: sum(pointsPerCluster) = 1098 
 num [1:3] 1095 1 2
NULL
R-CCU: dpObj$numberClusters = 3 
List of 2
 $ : num [1, 1, 1:3] 0.452 0.265 0.652
 $ : num [1, 1, 1:3] 3.28 3.79 3.21
NULL
R priorParameters: 2 8 
R maxT: 1 
R_PriorDraw_first_mu: 0.6317462 
R_PriorDraw_first_nu: 8.279568 
R-CCU: Before ClusterLabelChange for i = 19 newLabel= 1 currentLabel= 1 
R-CCU: sum(pointsPerCluster) = 1098 
 num [1:3] 1095 1 2
NULL
R-CCU: After ClusterLabelChange for i = 19 
R-CCU: sum(pointsPerCluster) = 1099 
 num [1:3] 1096 1 2
NULL
R-CCU: dpObj$numberClusters = 3 
List of 2
 $ : num [1, 1, 1:3] 0.452 0.265 0.652
 $ : num [1, 1, 1:3] 3.28 3.79 3.21
NULL
R priorParameters: 2 8 
R maxT: 1 
R_PriorDraw_first_mu: 0.5887896 
R_PriorDraw_first_nu: 8.002926 
R-CCU: Before ClusterLabelChange for i = 20 newLabel= 1 currentLabel= 1 
R-CCU: sum(pointsPerCluster) = 1099 
 num [1:3] 1096 1 2
NULL
R-CCU: After ClusterLabelChange for i = 20 
R-CCU: sum(pointsPerCluster) = 1100 
 num [1:3] 1097 1 2
NULL
R-CCU: dpObj$numberClusters = 3 
List of 2
 $ : num [1, 1, 1:3] 0.452 0.265 0.652
 $ : num [1, 1, 1:3] 3.28 3.79 3.21
NULL
R priorParameters: 2 8 
R maxT: 1 
R_PriorDraw_first_mu: 0.5781685 
R_PriorDraw_first_nu: 15.57014 
R-CCU: Before ClusterLabelChange for i = 21 newLabel= 1 currentLabel= 1 
R-CCU: sum(pointsPerCluster) = 1100 
 num [1:3] 1097 1 2
NULL
R-CCU: After ClusterLabelChange for i = 21 
R-CCU: sum(pointsPerCluster) = 1101 
 num [1:3] 1098 1 2
NULL
R-CCU: dpObj$numberClusters = 3 
List of 2
 $ : num [1, 1, 1:3] 0.452 0.265 0.652
 $ : num [1, 1, 1:3] 3.28 3.79 3.21
NULL
R priorParameters: 2 8 
R maxT: 1 
R_PriorDraw_first_mu: 0.8882985 
R_PriorDraw_first_nu: 9.301681 
R-CCU: Before ClusterLabelChange for i = 22 newLabel= 1 currentLabel= 1 
R-CCU: sum(pointsPerCluster) = 1101 
 num [1:3] 1098 1 2
NULL
R-CCU: After ClusterLabelChange for i = 22 
R-CCU: sum(pointsPerCluster) = 1102 
 num [1:3] 1099 1 2
NULL
R-CCU: dpObj$numberClusters = 3 
List of 2
 $ : num [1, 1, 1:3] 0.452 0.265 0.652
 $ : num [1, 1, 1:3] 3.28 3.79 3.21
NULL
R priorParameters: 2 8 
R maxT: 1 
R_PriorDraw_first_mu: 0.6646333 
R_PriorDraw_first_nu: 44.51589 
R-CCU: Before ClusterLabelChange for i = 23 newLabel= 1 currentLabel= 1 
R-CCU: sum(pointsPerCluster) = 1102 
 num [1:3] 1099 1 2
NULL
R-CCU: After ClusterLabelChange for i = 23 
R-CCU: sum(pointsPerCluster) = 1103 
 num [1:3] 1100 1 2
NULL
R-CCU: dpObj$numberClusters = 3 
List of 2
 $ : num [1, 1, 1:3] 0.452 0.265 0.652
 $ : num [1, 1, 1:3] 3.28 3.79 3.21
NULL
R priorParameters: 2 8 
R maxT: 1 
R_PriorDraw_first_mu: 0.5518163 
R_PriorDraw_first_nu: 2.609141 
R-CCU: Before ClusterLabelChange for i = 24 newLabel= 1 currentLabel= 1 
R-CCU: sum(pointsPerCluster) = 1103 
 num [1:3] 1100 1 2
NULL
R-CCU: After ClusterLabelChange for i = 24 
R-CCU: sum(pointsPerCluster) = 1104 
 num [1:3] 1101 1 2
NULL
R-CCU: dpObj$numberClusters = 3 
List of 2
 $ : num [1, 1, 1:3] 0.452 0.265 0.652
 $ : num [1, 1, 1:3] 3.28 3.79 3.21
NULL
R priorParameters: 2 8 
R maxT: 1 
R_PriorDraw_first_mu: 0.5884656 
R_PriorDraw_first_nu: 7.38931 
R-CCU: Before ClusterLabelChange for i = 25 newLabel= 1 currentLabel= 1 
R-CCU: sum(pointsPerCluster) = 1104 
 num [1:3] 1101 1 2
NULL
R-CCU: After ClusterLabelChange for i = 25 
R-CCU: sum(pointsPerCluster) = 1105 
 num [1:3] 1102 1 2
NULL
R-CCU: dpObj$numberClusters = 3 
List of 2
 $ : num [1, 1, 1:3] 0.452 0.265 0.652
 $ : num [1, 1, 1:3] 3.28 3.79 3.21
NULL
R priorParameters: 2 8 
R maxT: 1 
R_PriorDraw_first_mu: 0.9916094 
R_PriorDraw_first_nu: 4.494915 
R-CCU: Before ClusterLabelChange for i = 26 newLabel= 1 currentLabel= 1 
R-CCU: sum(pointsPerCluster) = 1105 
 num [1:3] 1102 1 2
NULL
R-CCU: After ClusterLabelChange for i = 26 
R-CCU: sum(pointsPerCluster) = 1106 
 num [1:3] 1103 1 2
NULL
R-CCU: dpObj$numberClusters = 3 
List of 2
 $ : num [1, 1, 1:3] 0.452 0.265 0.652
 $ : num [1, 1, 1:3] 3.28 3.79 3.21
NULL
R priorParameters: 2 8 
R maxT: 1 
R_PriorDraw_first_mu: 0.8305482 
R_PriorDraw_first_nu: 5.399929 
R-CCU: Before ClusterLabelChange for i = 27 newLabel= 1 currentLabel= 1 
R-CCU: sum(pointsPerCluster) = 1106 
 num [1:3] 1103 1 2
NULL
R-CCU: After ClusterLabelChange for i = 27 
R-CCU: sum(pointsPerCluster) = 1107 
 num [1:3] 1104 1 2
NULL
R-CCU: dpObj$numberClusters = 3 
List of 2
 $ : num [1, 1, 1:3] 0.452 0.265 0.652
 $ : num [1, 1, 1:3] 3.28 3.79 3.21
NULL
R priorParameters: 2 8 
R maxT: 1 
R_PriorDraw_first_mu: 0.9539531 
R_PriorDraw_first_nu: 4.575991 
R-CCU: Before ClusterLabelChange for i = 28 newLabel= 1 currentLabel= 1 
R-CCU: sum(pointsPerCluster) = 1107 
 num [1:3] 1104 1 2
NULL
R-CCU: After ClusterLabelChange for i = 28 
R-CCU: sum(pointsPerCluster) = 1108 
 num [1:3] 1105 1 2
NULL
R-CCU: dpObj$numberClusters = 3 
List of 2
 $ : num [1, 1, 1:3] 0.452 0.265 0.652
 $ : num [1, 1, 1:3] 3.28 3.79 3.21
NULL
R priorParameters: 2 8 
R maxT: 1 
R_PriorDraw_first_mu: 0.2487397 
R_PriorDraw_first_nu: 19.65106 
R-CCU: Before ClusterLabelChange for i = 29 newLabel= 1 currentLabel= 1 
R-CCU: sum(pointsPerCluster) = 1108 
 num [1:3] 1105 1 2
NULL
R-CCU: After ClusterLabelChange for i = 29 
R-CCU: sum(pointsPerCluster) = 1109 
 num [1:3] 1106 1 2
NULL
R-CCU: dpObj$numberClusters = 3 
List of 2
 $ : num [1, 1, 1:3] 0.452 0.265 0.652
 $ : num [1, 1, 1:3] 3.28 3.79 3.21
NULL
R priorParameters: 2 8 
R maxT: 1 
R_PriorDraw_first_mu: 0.7757513 
R_PriorDraw_first_nu: 9.195605 
R-CCU: Before ClusterLabelChange for i = 30 newLabel= 1 currentLabel= 1 
R-CCU: sum(pointsPerCluster) = 1109 
 num [1:3] 1106 1 2
NULL
R-CCU: After ClusterLabelChange for i = 30 
R-CCU: sum(pointsPerCluster) = 1110 
 num [1:3] 1107 1 2
NULL
R-CCU: dpObj$numberClusters = 3 
List of 2
 $ : num [1, 1, 1:3] 0.452 0.265 0.652
 $ : num [1, 1, 1:3] 3.28 3.79 3.21
NULL
R priorParameters: 2 8 
R maxT: 1 
R_PriorDraw_first_mu: 0.198155 
R_PriorDraw_first_nu: 11.80952 
R-CCU: Before ClusterLabelChange for i = 31 newLabel= 1 currentLabel= 1 
R-CCU: sum(pointsPerCluster) = 1110 
 num [1:3] 1107 1 2
NULL
R-CCU: After ClusterLabelChange for i = 31 
R-CCU: sum(pointsPerCluster) = 1111 
 num [1:3] 1108 1 2
NULL
R-CCU: dpObj$numberClusters = 3 
List of 2
 $ : num [1, 1, 1:3] 0.452 0.265 0.652
 $ : num [1, 1, 1:3] 3.28 3.79 3.21
NULL
R priorParameters: 2 8 
R maxT: 1 
R_PriorDraw_first_mu: 0.03251516 
R_PriorDraw_first_nu: 5.284934 
R-CCU: Before ClusterLabelChange for i = 32 newLabel= 1 currentLabel= 1 
R-CCU: sum(pointsPerCluster) = 1111 
 num [1:3] 1108 1 2
NULL
R-CCU: After ClusterLabelChange for i = 32 
R-CCU: sum(pointsPerCluster) = 1112 
 num [1:3] 1109 1 2
NULL
R-CCU: dpObj$numberClusters = 3 
List of 2
 $ : num [1, 1, 1:3] 0.452 0.265 0.652
 $ : num [1, 1, 1:3] 3.28 3.79 3.21
NULL
R priorParameters: 2 8 
R maxT: 1 
R_PriorDraw_first_mu: 0.6205884 
R_PriorDraw_first_nu: 15.7407 
R-CCU: Before ClusterLabelChange for i = 33 newLabel= 1 currentLabel= 1 
R-CCU: sum(pointsPerCluster) = 1112 
 num [1:3] 1109 1 2
NULL
R-CCU: After ClusterLabelChange for i = 33 
R-CCU: sum(pointsPerCluster) = 1113 
 num [1:3] 1110 1 2
NULL
R-CCU: dpObj$numberClusters = 3 
List of 2
 $ : num [1, 1, 1:3] 0.452 0.265 0.652
 $ : num [1, 1, 1:3] 3.28 3.79 3.21
NULL
R priorParameters: 2 8 
R maxT: 1 
R_PriorDraw_first_mu: 0.9769257 
R_PriorDraw_first_nu: 4.453591 
R-CCU: Before ClusterLabelChange for i = 34 newLabel= 1 currentLabel= 1 
R-CCU: sum(pointsPerCluster) = 1113 
 num [1:3] 1110 1 2
NULL
R-CCU: After ClusterLabelChange for i = 34 
R-CCU: sum(pointsPerCluster) = 1114 
 num [1:3] 1111 1 2
NULL
R-CCU: dpObj$numberClusters = 3 
List of 2
 $ : num [1, 1, 1:3] 0.452 0.265 0.652
 $ : num [1, 1, 1:3] 3.28 3.79 3.21
NULL
R priorParameters: 2 8 
R maxT: 1 
R_PriorDraw_first_mu: 0.1207216 
R_PriorDraw_first_nu: 6.270421 
R-CCU: Before ClusterLabelChange for i = 35 newLabel= 1 currentLabel= 1 
R-CCU: sum(pointsPerCluster) = 1114 
 num [1:3] 1111 1 2
NULL
R-CCU: After ClusterLabelChange for i = 35 
R-CCU: sum(pointsPerCluster) = 1115 
 num [1:3] 1112 1 2
NULL
R-CCU: dpObj$numberClusters = 3 
List of 2
 $ : num [1, 1, 1:3] 0.452 0.265 0.652
 $ : num [1, 1, 1:3] 3.28 3.79 3.21
NULL
R priorParameters: 2 8 
R maxT: 1 
R_PriorDraw_first_mu: 0.8890922 
R_PriorDraw_first_nu: 1.725315 
R-CCU: Before ClusterLabelChange for i = 36 newLabel= 1 currentLabel= 1 
R-CCU: sum(pointsPerCluster) = 1115 
 num [1:3] 1112 1 2
NULL
R-CCU: After ClusterLabelChange for i = 36 
R-CCU: sum(pointsPerCluster) = 1116 
 num [1:3] 1113 1 2
NULL
R-CCU: dpObj$numberClusters = 3 
List of 2
 $ : num [1, 1, 1:3] 0.452 0.265 0.652
 $ : num [1, 1, 1:3] 3.28 3.79 3.21
NULL
R priorParameters: 2 8 
R maxT: 1 
R_PriorDraw_first_mu: 0.5129308 
R_PriorDraw_first_nu: 1.608561 
R-CCU: Before ClusterLabelChange for i = 37 newLabel= 1 currentLabel= 1 
R-CCU: sum(pointsPerCluster) = 1116 
 num [1:3] 1113 1 2
NULL
R-CCU: After ClusterLabelChange for i = 37 
R-CCU: sum(pointsPerCluster) = 1117 
 num [1:3] 1114 1 2
NULL
R-CCU: dpObj$numberClusters = 3 
List of 2
 $ : num [1, 1, 1:3] 0.452 0.265 0.652
 $ : num [1, 1, 1:3] 3.28 3.79 3.21
NULL
R priorParameters: 2 8 
R maxT: 1 
R_PriorDraw_first_mu: 0.5913998 
R_PriorDraw_first_nu: 7.908946 
R-CCU: Before ClusterLabelChange for i = 38 newLabel= 1 currentLabel= 1 
R-CCU: sum(pointsPerCluster) = 1117 
 num [1:3] 1114 1 2
NULL
R-CCU: After ClusterLabelChange for i = 38 
R-CCU: sum(pointsPerCluster) = 1118 
 num [1:3] 1115 1 2
NULL
R-CCU: dpObj$numberClusters = 3 
List of 2
 $ : num [1, 1, 1:3] 0.452 0.265 0.652
 $ : num [1, 1, 1:3] 3.28 3.79 3.21
NULL
R priorParameters: 2 8 
R maxT: 1 
R_PriorDraw_first_mu: 0.4548145 
R_PriorDraw_first_nu: 6.68911 
R-CCU: Before ClusterLabelChange for i = 39 newLabel= 1 currentLabel= 1 
R-CCU: sum(pointsPerCluster) = 1118 
 num [1:3] 1115 1 2
NULL
R-CCU: After ClusterLabelChange for i = 39 
R-CCU: sum(pointsPerCluster) = 1119 
 num [1:3] 1116 1 2
NULL
R-CCU: dpObj$numberClusters = 3 
List of 2
 $ : num [1, 1, 1:3] 0.452 0.265 0.652
 $ : num [1, 1, 1:3] 3.28 3.79 3.21
NULL
R priorParameters: 2 8 
R maxT: 1 
R_PriorDraw_first_mu: 0.8676255 
R_PriorDraw_first_nu: 3.846321 
R-CCU: Before ClusterLabelChange for i = 40 newLabel= 1 currentLabel= 1 
R-CCU: sum(pointsPerCluster) = 1119 
 num [1:3] 1116 1 2
NULL
R-CCU: After ClusterLabelChange for i = 40 
R-CCU: sum(pointsPerCluster) = 1120 
 num [1:3] 1117 1 2
NULL
R-CCU: dpObj$numberClusters = 3 
List of 2
 $ : num [1, 1, 1:3] 0.452 0.265 0.652
 $ : num [1, 1, 1:3] 3.28 3.79 3.21
NULL
R priorParameters: 2 8 
R maxT: 1 
R_PriorDraw_first_mu: 0.5042423 
R_PriorDraw_first_nu: 23.47599 
R-CCU: Before ClusterLabelChange for i = 41 newLabel= 1 currentLabel= 1 
R-CCU: sum(pointsPerCluster) = 1120 
 num [1:3] 1117 1 2
NULL
R-CCU: After ClusterLabelChange for i = 41 
R-CCU: sum(pointsPerCluster) = 1121 
 num [1:3] 1118 1 2
NULL
R-CCU: dpObj$numberClusters = 3 
List of 2
 $ : num [1, 1, 1:3] 0.452 0.265 0.652
 $ : num [1, 1, 1:3] 3.28 3.79 3.21
NULL
R priorParameters: 2 8 
R maxT: 1 
R_PriorDraw_first_mu: 0.1400794 
R_PriorDraw_first_nu: 82.01453 
R-CCU: Before ClusterLabelChange for i = 42 newLabel= 1 currentLabel= 1 
R-CCU: sum(pointsPerCluster) = 1121 
 num [1:3] 1118 1 2
NULL
R-CCU: After ClusterLabelChange for i = 42 
R-CCU: sum(pointsPerCluster) = 1122 
 num [1:3] 1119 1 2
NULL
R-CCU: dpObj$numberClusters = 3 
List of 2
 $ : num [1, 1, 1:3] 0.452 0.265 0.652
 $ : num [1, 1, 1:3] 3.28 3.79 3.21
NULL
R priorParameters: 2 8 
R maxT: 1 
R_PriorDraw_first_mu: 0.02176624 
R_PriorDraw_first_nu: 3.593926 
R-CCU: Before ClusterLabelChange for i = 43 newLabel= 1 currentLabel= 1 
R-CCU: sum(pointsPerCluster) = 1122 
 num [1:3] 1119 1 2
NULL
R-CCU: After ClusterLabelChange for i = 43 
R-CCU: sum(pointsPerCluster) = 1123 
 num [1:3] 1120 1 2
NULL
R-CCU: dpObj$numberClusters = 3 
List of 2
 $ : num [1, 1, 1:3] 0.452 0.265 0.652
 $ : num [1, 1, 1:3] 3.28 3.79 3.21
NULL
R priorParameters: 2 8 
R maxT: 1 
R_PriorDraw_first_mu: 0.9490036 
R_PriorDraw_first_nu: 2.871262 
R-CCU: Before ClusterLabelChange for i = 44 newLabel= 1 currentLabel= 1 
R-CCU: sum(pointsPerCluster) = 1123 
 num [1:3] 1120 1 2
NULL
R-CCU: After ClusterLabelChange for i = 44 
R-CCU: sum(pointsPerCluster) = 1124 
 num [1:3] 1121 1 2
NULL
R-CCU: dpObj$numberClusters = 3 
List of 2
 $ : num [1, 1, 1:3] 0.452 0.265 0.652
 $ : num [1, 1, 1:3] 3.28 3.79 3.21
NULL
R priorParameters: 2 8 
R maxT: 1 
R_PriorDraw_first_mu: 0.5504781 
R_PriorDraw_first_nu: 2.96775 
R-CCU: Before ClusterLabelChange for i = 45 newLabel= 1 currentLabel= 1 
R-CCU: sum(pointsPerCluster) = 1124 
 num [1:3] 1121 1 2
NULL
R-CCU: After ClusterLabelChange for i = 45 
R-CCU: sum(pointsPerCluster) = 1125 
 num [1:3] 1122 1 2
NULL
R-CCU: dpObj$numberClusters = 3 
List of 2
 $ : num [1, 1, 1:3] 0.452 0.265 0.652
 $ : num [1, 1, 1:3] 3.28 3.79 3.21
NULL
R priorParameters: 2 8 
R maxT: 1 
R_PriorDraw_first_mu: 0.4731637 
R_PriorDraw_first_nu: 4.025262 
R-CCU: Before ClusterLabelChange for i = 46 newLabel= 1 currentLabel= 1 
R-CCU: sum(pointsPerCluster) = 1125 
 num [1:3] 1122 1 2
NULL
R-CCU: After ClusterLabelChange for i = 46 
R-CCU: sum(pointsPerCluster) = 1126 
 num [1:3] 1123 1 2
NULL
R-CCU: dpObj$numberClusters = 3 
List of 2
 $ : num [1, 1, 1:3] 0.452 0.265 0.652
 $ : num [1, 1, 1:3] 3.28 3.79 3.21
NULL
R priorParameters: 2 8 
R maxT: 1 
R_PriorDraw_first_mu: 0.7174708 
R_PriorDraw_first_nu: 2.911049 
R-CCU: Before ClusterLabelChange for i = 47 newLabel= 1 currentLabel= 1 
R-CCU: sum(pointsPerCluster) = 1126 
 num [1:3] 1123 1 2
NULL
R-CCU: After ClusterLabelChange for i = 47 
R-CCU: sum(pointsPerCluster) = 1127 
 num [1:3] 1124 1 2
NULL
R-CCU: dpObj$numberClusters = 3 
List of 2
 $ : num [1, 1, 1:3] 0.452 0.265 0.652
 $ : num [1, 1, 1:3] 3.28 3.79 3.21
NULL
R priorParameters: 2 8 
R maxT: 1 
R_PriorDraw_first_mu: 0.2107563 
R_PriorDraw_first_nu: 2.511947 
R-CCU: Before ClusterLabelChange for i = 48 newLabel= 1 currentLabel= 1 
R-CCU: sum(pointsPerCluster) = 1127 
 num [1:3] 1124 1 2
NULL
R-CCU: After ClusterLabelChange for i = 48 
R-CCU: sum(pointsPerCluster) = 1128 
 num [1:3] 1125 1 2
NULL
R-CCU: dpObj$numberClusters = 3 
List of 2
 $ : num [1, 1, 1:3] 0.452 0.265 0.652
 $ : num [1, 1, 1:3] 3.28 3.79 3.21
NULL
R priorParameters: 2 8 
R maxT: 1 
R_PriorDraw_first_mu: 0.6684628 
R_PriorDraw_first_nu: 6.356379 
R-CCU: Before ClusterLabelChange for i = 49 newLabel= 1 currentLabel= 1 
R-CCU: sum(pointsPerCluster) = 1128 
 num [1:3] 1125 1 2
NULL
R-CCU: After ClusterLabelChange for i = 49 
R-CCU: sum(pointsPerCluster) = 1129 
 num [1:3] 1126 1 2
NULL
R-CCU: dpObj$numberClusters = 3 
List of 2
 $ : num [1, 1, 1:3] 0.452 0.265 0.652
 $ : num [1, 1, 1:3] 3.28 3.79 3.21
NULL
R priorParameters: 2 8 
R maxT: 1 
R_PriorDraw_first_mu: 0.1406548 
R_PriorDraw_first_nu: 4.588853 
R-CCU: Before ClusterLabelChange for i = 50 newLabel= 1 currentLabel= 1 
R-CCU: sum(pointsPerCluster) = 1129 
 num [1:3] 1126 1 2
NULL
R-CCU: After ClusterLabelChange for i = 50 
R-CCU: sum(pointsPerCluster) = 1130 
 num [1:3] 1127 1 2
NULL
R-CCU: dpObj$numberClusters = 3 
List of 2
 $ : num [1, 1, 1:3] 0.452 0.265 0.652
 $ : num [1, 1, 1:3] 3.28 3.79 3.21
NULL
R priorParameters: 2 8 
R maxT: 1 
R_PriorDraw_first_mu: 0.1859422 
R_PriorDraw_first_nu: 16.11806 
R-CCU: Before ClusterLabelChange for i = 51 newLabel= 1 currentLabel= 1 
R-CCU: sum(pointsPerCluster) = 1130 
 num [1:3] 1127 1 2
NULL
R-CCU: After ClusterLabelChange for i = 51 
R-CCU: sum(pointsPerCluster) = 1131 
 num [1:3] 1128 1 2
NULL
R-CCU: dpObj$numberClusters = 3 
List of 2
 $ : num [1, 1, 1:3] 0.452 0.265 0.652
 $ : num [1, 1, 1:3] 3.28 3.79 3.21
NULL
R priorParameters: 2 8 
R maxT: 1 
R_PriorDraw_first_mu: 0.2285803 
R_PriorDraw_first_nu: 2.372365 
R-CCU: Before ClusterLabelChange for i = 52 newLabel= 1 currentLabel= 1 
R-CCU: sum(pointsPerCluster) = 1131 
 num [1:3] 1128 1 2
NULL
R-CCU: After ClusterLabelChange for i = 52 
R-CCU: sum(pointsPerCluster) = 1132 
 num [1:3] 1129 1 2
NULL
R-CCU: dpObj$numberClusters = 3 
List of 2
 $ : num [1, 1, 1:3] 0.452 0.265 0.652
 $ : num [1, 1, 1:3] 3.28 3.79 3.21
NULL
R priorParameters: 2 8 
R maxT: 1 
R_PriorDraw_first_mu: 0.709384 
R_PriorDraw_first_nu: 7.527432 
R-CCU: Before ClusterLabelChange for i = 53 newLabel= 1 currentLabel= 1 
R-CCU: sum(pointsPerCluster) = 1132 
 num [1:3] 1129 1 2
NULL
R-CCU: After ClusterLabelChange for i = 53 
R-CCU: sum(pointsPerCluster) = 1133 
 num [1:3] 1130 1 2
NULL
R-CCU: dpObj$numberClusters = 3 
List of 2
 $ : num [1, 1, 1:3] 0.452 0.265 0.652
 $ : num [1, 1, 1:3] 3.28 3.79 3.21
NULL
R priorParameters: 2 8 
R maxT: 1 
R_PriorDraw_first_mu: 0.4451327 
R_PriorDraw_first_nu: 4.802395 
R-CCU: Before ClusterLabelChange for i = 54 newLabel= 1 currentLabel= 1 
R-CCU: sum(pointsPerCluster) = 1133 
 num [1:3] 1130 1 2
NULL
R-CCU: After ClusterLabelChange for i = 54 
R-CCU: sum(pointsPerCluster) = 1134 
 num [1:3] 1131 1 2
NULL
R-CCU: dpObj$numberClusters = 3 
List of 2
 $ : num [1, 1, 1:3] 0.452 0.265 0.652
 $ : num [1, 1, 1:3] 3.28 3.79 3.21
NULL
R priorParameters: 2 8 
R maxT: 1 
R_PriorDraw_first_mu: 0.5819262 
R_PriorDraw_first_nu: 5.448366 
R-CCU: Before ClusterLabelChange for i = 55 newLabel= 1 currentLabel= 1 
R-CCU: sum(pointsPerCluster) = 1134 
 num [1:3] 1131 1 2
NULL
R-CCU: After ClusterLabelChange for i = 55 
R-CCU: sum(pointsPerCluster) = 1135 
 num [1:3] 1132 1 2
NULL
R-CCU: dpObj$numberClusters = 3 
List of 2
 $ : num [1, 1, 1:3] 0.452 0.265 0.652
 $ : num [1, 1, 1:3] 3.28 3.79 3.21
NULL
R priorParameters: 2 8 
R maxT: 1 
R_PriorDraw_first_mu: 0.3119757 
R_PriorDraw_first_nu: 11.93299 
R-CCU: Before ClusterLabelChange for i = 56 newLabel= 1 currentLabel= 1 
R-CCU: sum(pointsPerCluster) = 1135 
 num [1:3] 1132 1 2
NULL
R-CCU: After ClusterLabelChange for i = 56 
R-CCU: sum(pointsPerCluster) = 1136 
 num [1:3] 1133 1 2
NULL
R-CCU: dpObj$numberClusters = 3 
List of 2
 $ : num [1, 1, 1:3] 0.452 0.265 0.652
 $ : num [1, 1, 1:3] 3.28 3.79 3.21
NULL
R priorParameters: 2 8 
R maxT: 1 
R_PriorDraw_first_mu: 0.02804564 
R_PriorDraw_first_nu: 2.227869 
R-CCU: Before ClusterLabelChange for i = 57 newLabel= 1 currentLabel= 1 
R-CCU: sum(pointsPerCluster) = 1136 
 num [1:3] 1133 1 2
NULL
R-CCU: After ClusterLabelChange for i = 57 
R-CCU: sum(pointsPerCluster) = 1137 
 num [1:3] 1134 1 2
NULL
R-CCU: dpObj$numberClusters = 3 
List of 2
 $ : num [1, 1, 1:3] 0.452 0.265 0.652
 $ : num [1, 1, 1:3] 3.28 3.79 3.21
NULL
R priorParameters: 2 8 
R maxT: 1 
R_PriorDraw_first_mu: 0.7219611 
R_PriorDraw_first_nu: 7.081174 
R-CCU: Before ClusterLabelChange for i = 58 newLabel= 1 currentLabel= 1 
R-CCU: sum(pointsPerCluster) = 1137 
 num [1:3] 1134 1 2
NULL
R-CCU: After ClusterLabelChange for i = 58 
R-CCU: sum(pointsPerCluster) = 1138 
 num [1:3] 1135 1 2
NULL
R-CCU: dpObj$numberClusters = 3 
List of 2
 $ : num [1, 1, 1:3] 0.452 0.265 0.652
 $ : num [1, 1, 1:3] 3.28 3.79 3.21
NULL
R priorParameters: 2 8 
R maxT: 1 
R_PriorDraw_first_mu: 0.6864176 
R_PriorDraw_first_nu: 9.645167 
R-CCU: Before ClusterLabelChange for i = 59 newLabel= 1 currentLabel= 1 
R-CCU: sum(pointsPerCluster) = 1138 
 num [1:3] 1135 1 2
NULL
R-CCU: After ClusterLabelChange for i = 59 
R-CCU: sum(pointsPerCluster) = 1139 
 num [1:3] 1136 1 2
NULL
R-CCU: dpObj$numberClusters = 3 
List of 2
 $ : num [1, 1, 1:3] 0.452 0.265 0.652
 $ : num [1, 1, 1:3] 3.28 3.79 3.21
NULL
R priorParameters: 2 8 
R maxT: 1 
R_PriorDraw_first_mu: 0.6162458 
R_PriorDraw_first_nu: 8.8528 
R-CCU: Before ClusterLabelChange for i = 60 newLabel= 1 currentLabel= 1 
R-CCU: sum(pointsPerCluster) = 1139 
 num [1:3] 1136 1 2
NULL
R-CCU: After ClusterLabelChange for i = 60 
R-CCU: sum(pointsPerCluster) = 1140 
 num [1:3] 1137 1 2
NULL
R-CCU: dpObj$numberClusters = 3 
List of 2
 $ : num [1, 1, 1:3] 0.452 0.265 0.652
 $ : num [1, 1, 1:3] 3.28 3.79 3.21
NULL

⠴ |   36      0 | Beta Distribution Full Integration Test          R priorParameters: 2 8 
R maxT: 1 
R_PriorDraw_first_mu: 0.3125433 
R_PriorDraw_first_nu: 8.943245 
R-CCU: Before ClusterLabelChange for i = 1 newLabel= 1 currentLabel= 1 
R-CCU: sum(pointsPerCluster) = 1140 
 num [1:3] 1137 1 2
NULL
R-CCU: After ClusterLabelChange for i = 1 
R-CCU: sum(pointsPerCluster) = 1141 
 num [1:3] 1138 1 2
NULL
R-CCU: dpObj$numberClusters = 3 
List of 2
 $ : num [1, 1, 1:3] 0.483 0.265 0.652
 $ : num [1, 1, 1:3] 1.89 3.79 3.21
NULL
R priorParameters: 2 8 
R maxT: 1 
R_PriorDraw_first_mu: 0.5958734 
R_PriorDraw_first_nu: 3.781037 
R-CCU: Before ClusterLabelChange for i = 2 newLabel= 1 currentLabel= 1 
R-CCU: sum(pointsPerCluster) = 1141 
 num [1:3] 1138 1 2
NULL
R-CCU: After ClusterLabelChange for i = 2 
R-CCU: sum(pointsPerCluster) = 1142 
 num [1:3] 1139 1 2
NULL
R-CCU: dpObj$numberClusters = 3 
List of 2
 $ : num [1, 1, 1:3] 0.483 0.265 0.652
 $ : num [1, 1, 1:3] 1.89 3.79 3.21
NULL
R priorParameters: 2 8 
R maxT: 1 
R_PriorDraw_first_mu: 0.05916251 
R_PriorDraw_first_nu: 4.009225 
R-CCU: Before ClusterLabelChange for i = 3 newLabel= 1 currentLabel= 1 
R-CCU: sum(pointsPerCluster) = 1142 
 num [1:3] 1139 1 2
NULL
R-CCU: After ClusterLabelChange for i = 3 
R-CCU: sum(pointsPerCluster) = 1143 
 num [1:3] 1140 1 2
NULL
R-CCU: dpObj$numberClusters = 3 
List of 2
 $ : num [1, 1, 1:3] 0.483 0.265 0.652
 $ : num [1, 1, 1:3] 1.89 3.79 3.21
NULL
R priorParameters: 2 8 
R maxT: 1 
R_PriorDraw_first_mu: 0.02556595 
R_PriorDraw_first_nu: 3.906464 
R-CCU: Before ClusterLabelChange for i = 4 newLabel= 1 currentLabel= 1 
R-CCU: sum(pointsPerCluster) = 1143 
 num [1:3] 1140 1 2
NULL
R-CCU: After ClusterLabelChange for i = 4 
R-CCU: sum(pointsPerCluster) = 1144 
 num [1:3] 1141 1 2
NULL
R-CCU: dpObj$numberClusters = 3 
List of 2
 $ : num [1, 1, 1:3] 0.483 0.265 0.652
 $ : num [1, 1, 1:3] 1.89 3.79 3.21
NULL
R priorParameters: 2 8 
R maxT: 1 
R_PriorDraw_first_mu: 0.05774646 
R_PriorDraw_first_nu: 2.799467 
R-CCU: Before ClusterLabelChange for i = 5 newLabel= 1 currentLabel= 1 
R-CCU: sum(pointsPerCluster) = 1144 
 num [1:3] 1141 1 2
NULL
R-CCU: After ClusterLabelChange for i = 5 
R-CCU: sum(pointsPerCluster) = 1145 
 num [1:3] 1142 1 2
NULL
R-CCU: dpObj$numberClusters = 3 
List of 2
 $ : num [1, 1, 1:3] 0.483 0.265 0.652
 $ : num [1, 1, 1:3] 1.89 3.79 3.21
NULL
R priorParameters: 2 8 
R maxT: 1 
R_PriorDraw_first_mu: 0.3379765 
R_PriorDraw_first_nu: 5.684161 
R-CCU: Before ClusterLabelChange for i = 6 newLabel= 1 currentLabel= 1 
R-CCU: sum(pointsPerCluster) = 1145 
 num [1:3] 1142 1 2
NULL
R-CCU: After ClusterLabelChange for i = 6 
R-CCU: sum(pointsPerCluster) = 1146 
 num [1:3] 1143 1 2
NULL
R-CCU: dpObj$numberClusters = 3 
List of 2
 $ : num [1, 1, 1:3] 0.483 0.265 0.652
 $ : num [1, 1, 1:3] 1.89 3.79 3.21
NULL
R priorParameters: 2 8 
R maxT: 1 
R_PriorDraw_first_mu: 0.4452681 
R_PriorDraw_first_nu: 4.454711 
R-CCU: Before ClusterLabelChange for i = 7 newLabel= 1 currentLabel= 1 
R-CCU: sum(pointsPerCluster) = 1146 
 num [1:3] 1143 1 2
NULL
R-CCU: After ClusterLabelChange for i = 7 
R-CCU: sum(pointsPerCluster) = 1147 
 num [1:3] 1144 1 2
NULL
R-CCU: dpObj$numberClusters = 3 
List of 2
 $ : num [1, 1, 1:3] 0.483 0.265 0.652
 $ : num [1, 1, 1:3] 1.89 3.79 3.21
NULL
R priorParameters: 2 8 
R maxT: 1 
R_PriorDraw_first_mu: 0.8070441 
R_PriorDraw_first_nu: 0.857594 
R-CCU: Before ClusterLabelChange for i = 8 newLabel= 1 currentLabel= 1 
R-CCU: sum(pointsPerCluster) = 1147 
 num [1:3] 1144 1 2
NULL
R-CCU: After ClusterLabelChange for i = 8 
R-CCU: sum(pointsPerCluster) = 1148 
 num [1:3] 1145 1 2
NULL
R-CCU: dpObj$numberClusters = 3 
List of 2
 $ : num [1, 1, 1:3] 0.483 0.265 0.652
 $ : num [1, 1, 1:3] 1.89 3.79 3.21
NULL
R priorParameters: 2 8 
R maxT: 1 
R_PriorDraw_first_mu: 0.8315931 
R_PriorDraw_first_nu: 5.552948 
R-CCU: Before ClusterLabelChange for i = 9 newLabel= 1 currentLabel= 1 
R-CCU: sum(pointsPerCluster) = 1148 
 num [1:3] 1145 1 2
NULL
R-CCU: After ClusterLabelChange for i = 9 
R-CCU: sum(pointsPerCluster) = 1149 
 num [1:3] 1146 1 2
NULL
R-CCU: dpObj$numberClusters = 3 
List of 2
 $ : num [1, 1, 1:3] 0.483 0.265 0.652
 $ : num [1, 1, 1:3] 1.89 3.79 3.21
NULL
R priorParameters: 2 8 
R maxT: 1 
R_PriorDraw_first_mu: 0.1157741 
R_PriorDraw_first_nu: 2.596242 
R-CCU: Before ClusterLabelChange for i = 10 newLabel= 1 currentLabel= 1 
R-CCU: sum(pointsPerCluster) = 1149 
 num [1:3] 1146 1 2
NULL
R-CCU: After ClusterLabelChange for i = 10 
R-CCU: sum(pointsPerCluster) = 1150 
 num [1:3] 1147 1 2
NULL
R-CCU: dpObj$numberClusters = 3 
List of 2
 $ : num [1, 1, 1:3] 0.483 0.265 0.652
 $ : num [1, 1, 1:3] 1.89 3.79 3.21
NULL
R priorParameters: 2 8 
R maxT: 1 
R_PriorDraw_first_mu: 0.4596921 
R_PriorDraw_first_nu: 2.998105 
R-CCU: Before ClusterLabelChange for i = 11 newLabel= 1 currentLabel= 1 
R-CCU: sum(pointsPerCluster) = 1150 
 num [1:3] 1147 1 2
NULL
R-CCU: After ClusterLabelChange for i = 11 
R-CCU: sum(pointsPerCluster) = 1151 
 num [1:3] 1148 1 2
NULL
R-CCU: dpObj$numberClusters = 3 
List of 2
 $ : num [1, 1, 1:3] 0.483 0.265 0.652
 $ : num [1, 1, 1:3] 1.89 3.79 3.21
NULL
R priorParameters: 2 8 
R maxT: 1 
R_PriorDraw_first_mu: 0.7821238 
R_PriorDraw_first_nu: 1.871305 
R-CCU: Before ClusterLabelChange for i = 12 newLabel= 1 currentLabel= 1 
R-CCU: sum(pointsPerCluster) = 1151 
 num [1:3] 1148 1 2
NULL
R-CCU: After ClusterLabelChange for i = 12 
R-CCU: sum(pointsPerCluster) = 1152 
 num [1:3] 1149 1 2
NULL
R-CCU: dpObj$numberClusters = 3 
List of 2
 $ : num [1, 1, 1:3] 0.483 0.265 0.652
 $ : num [1, 1, 1:3] 1.89 3.79 3.21
NULL
R priorParameters: 2 8 
R maxT: 1 
R_PriorDraw_first_mu: 0.2236518 
R_PriorDraw_first_nu: 6.398441 
R-CCU: Before ClusterLabelChange for i = 13 newLabel= 1 currentLabel= 1 
R-CCU: sum(pointsPerCluster) = 1152 
 num [1:3] 1149 1 2
NULL
R-CCU: After ClusterLabelChange for i = 13 
R-CCU: sum(pointsPerCluster) = 1153 
 num [1:3] 1150 1 2
NULL
R-CCU: dpObj$numberClusters = 3 
List of 2
 $ : num [1, 1, 1:3] 0.483 0.265 0.652
 $ : num [1, 1, 1:3] 1.89 3.79 3.21
NULL
R priorParameters: 2 8 
R maxT: 1 
R_PriorDraw_first_mu: 0.1653482 
R_PriorDraw_first_nu: 2.283643 
R-CCU: Before ClusterLabelChange for i = 14 newLabel= 1 currentLabel= 1 
R-CCU: sum(pointsPerCluster) = 1153 
 num [1:3] 1150 1 2
NULL
R-CCU: After ClusterLabelChange for i = 14 
R-CCU: sum(pointsPerCluster) = 1154 
 num [1:3] 1151 1 2
NULL
R-CCU: dpObj$numberClusters = 3 
List of 2
 $ : num [1, 1, 1:3] 0.483 0.265 0.652
 $ : num [1, 1, 1:3] 1.89 3.79 3.21
NULL
R priorParameters: 2 8 
R maxT: 1 
R_PriorDraw_first_mu: 0.06788013 
R_PriorDraw_first_nu: 9.113665 
R-CCU: Before ClusterLabelChange for i = 15 newLabel= 1 currentLabel= 1 
R-CCU: sum(pointsPerCluster) = 1154 
 num [1:3] 1151 1 2
NULL
R-CCU: After ClusterLabelChange for i = 15 
R-CCU: sum(pointsPerCluster) = 1155 
 num [1:3] 1152 1 2
NULL
R-CCU: dpObj$numberClusters = 3 
List of 2
 $ : num [1, 1, 1:3] 0.483 0.265 0.652
 $ : num [1, 1, 1:3] 1.89 3.79 3.21
NULL
R priorParameters: 2 8 
R maxT: 1 
R_PriorDraw_first_mu: 0.5713219 
R_PriorDraw_first_nu: 4.021154 
R-CCU: Before ClusterLabelChange for i = 16 newLabel= 1 currentLabel= 1 
R-CCU: sum(pointsPerCluster) = 1155 
 num [1:3] 1152 1 2
NULL
R-CCU: After ClusterLabelChange for i = 16 
R-CCU: sum(pointsPerCluster) = 1156 
 num [1:3] 1153 1 2
NULL
R-CCU: dpObj$numberClusters = 3 
List of 2
 $ : num [1, 1, 1:3] 0.483 0.265 0.652
 $ : num [1, 1, 1:3] 1.89 3.79 3.21
NULL
R priorParameters: 2 8 
R maxT: 1 
R_PriorDraw_first_mu: 0.6022834 
R_PriorDraw_first_nu: 4.33376 
R-CCU: Before ClusterLabelChange for i = 17 newLabel= 1 currentLabel= 1 
R-CCU: sum(pointsPerCluster) = 1156 
 num [1:3] 1153 1 2
NULL
R-CCU: After ClusterLabelChange for i = 17 
R-CCU: sum(pointsPerCluster) = 1157 
 num [1:3] 1154 1 2
NULL
R-CCU: dpObj$numberClusters = 3 
List of 2
 $ : num [1, 1, 1:3] 0.483 0.265 0.652
 $ : num [1, 1, 1:3] 1.89 3.79 3.21
NULL
R priorParameters: 2 8 
R maxT: 1 
R_PriorDraw_first_mu: 0.9417488 
R_PriorDraw_first_nu: 4.143256 
R-CCU: Before ClusterLabelChange for i = 18 newLabel= 1 currentLabel= 1 
R-CCU: sum(pointsPerCluster) = 1157 
 num [1:3] 1154 1 2
NULL
R-CCU: After ClusterLabelChange for i = 18 
R-CCU: sum(pointsPerCluster) = 1158 
 num [1:3] 1155 1 2
NULL
R-CCU: dpObj$numberClusters = 3 
List of 2
 $ : num [1, 1, 1:3] 0.483 0.265 0.652
 $ : num [1, 1, 1:3] 1.89 3.79 3.21
NULL
R priorParameters: 2 8 
R maxT: 1 
R_PriorDraw_first_mu: 0.7605778 
R_PriorDraw_first_nu: 10.52627 
R-CCU: Before ClusterLabelChange for i = 19 newLabel= 1 currentLabel= 1 
R-CCU: sum(pointsPerCluster) = 1158 
 num [1:3] 1155 1 2
NULL
R-CCU: After ClusterLabelChange for i = 19 
R-CCU: sum(pointsPerCluster) = 1159 
 num [1:3] 1156 1 2
NULL
R-CCU: dpObj$numberClusters = 3 
List of 2
 $ : num [1, 1, 1:3] 0.483 0.265 0.652
 $ : num [1, 1, 1:3] 1.89 3.79 3.21
NULL
R priorParameters: 2 8 
R maxT: 1 
R_PriorDraw_first_mu: 0.5132141 
R_PriorDraw_first_nu: 9.916854 
R-CCU: Before ClusterLabelChange for i = 20 newLabel= 1 currentLabel= 1 
R-CCU: sum(pointsPerCluster) = 1159 
 num [1:3] 1156 1 2
NULL
R-CCU: After ClusterLabelChange for i = 20 
R-CCU: sum(pointsPerCluster) = 1160 
 num [1:3] 1157 1 2
NULL
R-CCU: dpObj$numberClusters = 3 
List of 2
 $ : num [1, 1, 1:3] 0.483 0.265 0.652
 $ : num [1, 1, 1:3] 1.89 3.79 3.21
NULL
R priorParameters: 2 8 
R maxT: 1 
R_PriorDraw_first_mu: 0.9341211 
R_PriorDraw_first_nu: 2.303759 
R-CCU: Before ClusterLabelChange for i = 21 newLabel= 1 currentLabel= 1 
R-CCU: sum(pointsPerCluster) = 1160 
 num [1:3] 1157 1 2
NULL
R-CCU: After ClusterLabelChange for i = 21 
R-CCU: sum(pointsPerCluster) = 1161 
 num [1:3] 1158 1 2
NULL
R-CCU: dpObj$numberClusters = 3 
List of 2
 $ : num [1, 1, 1:3] 0.483 0.265 0.652
 $ : num [1, 1, 1:3] 1.89 3.79 3.21
NULL
R priorParameters: 2 8 
R maxT: 1 
R_PriorDraw_first_mu: 0.7999605 
R_PriorDraw_first_nu: 2.302817 
R-CCU: Before ClusterLabelChange for i = 22 newLabel= 1 currentLabel= 1 
R-CCU: sum(pointsPerCluster) = 1161 
 num [1:3] 1158 1 2
NULL
R-CCU: After ClusterLabelChange for i = 22 
R-CCU: sum(pointsPerCluster) = 1162 
 num [1:3] 1159 1 2
NULL
R-CCU: dpObj$numberClusters = 3 
List of 2
 $ : num [1, 1, 1:3] 0.483 0.265 0.652
 $ : num [1, 1, 1:3] 1.89 3.79 3.21
NULL
R priorParameters: 2 8 
R maxT: 1 
R_PriorDraw_first_mu: 0.04486084 
R_PriorDraw_first_nu: 2.938818 
R-CCU: Before ClusterLabelChange for i = 23 newLabel= 1 currentLabel= 1 
R-CCU: sum(pointsPerCluster) = 1162 
 num [1:3] 1159 1 2
NULL
R-CCU: After ClusterLabelChange for i = 23 
R-CCU: sum(pointsPerCluster) = 1163 
 num [1:3] 1160 1 2
NULL
R-CCU: dpObj$numberClusters = 3 
List of 2
 $ : num [1, 1, 1:3] 0.483 0.265 0.652
 $ : num [1, 1, 1:3] 1.89 3.79 3.21
NULL
R priorParameters: 2 8 
R maxT: 1 
R_PriorDraw_first_mu: 0.4491506 
R_PriorDraw_first_nu: 5.248341 
R-CCU: Before ClusterLabelChange for i = 24 newLabel= 1 currentLabel= 1 
R-CCU: sum(pointsPerCluster) = 1163 
 num [1:3] 1160 1 2
NULL
R-CCU: After ClusterLabelChange for i = 24 
R-CCU: sum(pointsPerCluster) = 1164 
 num [1:3] 1161 1 2
NULL
R-CCU: dpObj$numberClusters = 3 
List of 2
 $ : num [1, 1, 1:3] 0.483 0.265 0.652
 $ : num [1, 1, 1:3] 1.89 3.79 3.21
NULL
R priorParameters: 2 8 
R maxT: 1 
R_PriorDraw_first_mu: 0.7339567 
R_PriorDraw_first_nu: 5.357309 
R-CCU: Before ClusterLabelChange for i = 25 newLabel= 1 currentLabel= 1 
R-CCU: sum(pointsPerCluster) = 1164 
 num [1:3] 1161 1 2
NULL
R-CCU: After ClusterLabelChange for i = 25 
R-CCU: sum(pointsPerCluster) = 1165 
 num [1:3] 1162 1 2
NULL
R-CCU: dpObj$numberClusters = 3 
List of 2
 $ : num [1, 1, 1:3] 0.483 0.265 0.652
 $ : num [1, 1, 1:3] 1.89 3.79 3.21
NULL
R priorParameters: 2 8 
R maxT: 1 
R_PriorDraw_first_mu: 0.8268341 
R_PriorDraw_first_nu: 10.01744 
R-CCU: Before ClusterLabelChange for i = 26 newLabel= 1 currentLabel= 1 
R-CCU: sum(pointsPerCluster) = 1165 
 num [1:3] 1162 1 2
NULL
R-CCU: After ClusterLabelChange for i = 26 
R-CCU: sum(pointsPerCluster) = 1166 
 num [1:3] 1163 1 2
NULL
R-CCU: dpObj$numberClusters = 3 
List of 2
 $ : num [1, 1, 1:3] 0.483 0.265 0.652
 $ : num [1, 1, 1:3] 1.89 3.79 3.21
NULL
R priorParameters: 2 8 
R maxT: 1 
R_PriorDraw_first_mu: 0.6045458 
R_PriorDraw_first_nu: 19.10791 
R-CCU: Before ClusterLabelChange for i = 27 newLabel= 1 currentLabel= 1 
R-CCU: sum(pointsPerCluster) = 1166 
 num [1:3] 1163 1 2
NULL
R-CCU: After ClusterLabelChange for i = 27 
R-CCU: sum(pointsPerCluster) = 1167 
 num [1:3] 1164 1 2
NULL
R-CCU: dpObj$numberClusters = 3 
List of 2
 $ : num [1, 1, 1:3] 0.483 0.265 0.652
 $ : num [1, 1, 1:3] 1.89 3.79 3.21
NULL
R priorParameters: 2 8 
R maxT: 1 
R_PriorDraw_first_mu: 0.5133018 
R_PriorDraw_first_nu: 1.014427 
R-CCU: Before ClusterLabelChange for i = 28 newLabel= 1 currentLabel= 1 
R-CCU: sum(pointsPerCluster) = 1167 
 num [1:3] 1164 1 2
NULL
R-CCU: After ClusterLabelChange for i = 28 
R-CCU: sum(pointsPerCluster) = 1168 
 num [1:3] 1165 1 2
NULL
R-CCU: dpObj$numberClusters = 3 
List of 2
 $ : num [1, 1, 1:3] 0.483 0.265 0.652
 $ : num [1, 1, 1:3] 1.89 3.79 3.21
NULL
R priorParameters: 2 8 
R maxT: 1 
R_PriorDraw_first_mu: 0.7431035 
R_PriorDraw_first_nu: 2.19626 
R-CCU: Before ClusterLabelChange for i = 29 newLabel= 1 currentLabel= 1 
R-CCU: sum(pointsPerCluster) = 1168 
 num [1:3] 1165 1 2
NULL
R-CCU: After ClusterLabelChange for i = 29 
R-CCU: sum(pointsPerCluster) = 1169 
 num [1:3] 1166 1 2
NULL
R-CCU: dpObj$numberClusters = 3 
List of 2
 $ : num [1, 1, 1:3] 0.483 0.265 0.652
 $ : num [1, 1, 1:3] 1.89 3.79 3.21
NULL
R priorParameters: 2 8 
R maxT: 1 
R_PriorDraw_first_mu: 0.8236542 
R_PriorDraw_first_nu: 1.356219 
R-CCU: Before ClusterLabelChange for i = 30 newLabel= 1 currentLabel= 1 
R-CCU: sum(pointsPerCluster) = 1169 
 num [1:3] 1166 1 2
NULL
R-CCU: After ClusterLabelChange for i = 30 
R-CCU: sum(pointsPerCluster) = 1170 
 num [1:3] 1167 1 2
NULL
R-CCU: dpObj$numberClusters = 3 
List of 2
 $ : num [1, 1, 1:3] 0.483 0.265 0.652
 $ : num [1, 1, 1:3] 1.89 3.79 3.21
NULL
R priorParameters: 2 8 
R maxT: 1 
R_PriorDraw_first_mu: 0.3186244 
R_PriorDraw_first_nu: 43.04116 
R-CCU: Before ClusterLabelChange for i = 31 newLabel= 1 currentLabel= 1 
R-CCU: sum(pointsPerCluster) = 1170 
 num [1:3] 1167 1 2
NULL
R-CCU: After ClusterLabelChange for i = 31 
R-CCU: sum(pointsPerCluster) = 1171 
 num [1:3] 1168 1 2
NULL
R-CCU: dpObj$numberClusters = 3 
List of 2
 $ : num [1, 1, 1:3] 0.483 0.265 0.652
 $ : num [1, 1, 1:3] 1.89 3.79 3.21
NULL
R priorParameters: 2 8 
R maxT: 1 
R_PriorDraw_first_mu: 0.5648261 
R_PriorDraw_first_nu: 9.74533 
R-CCU: Before ClusterLabelChange for i = 32 newLabel= 1 currentLabel= 1 
R-CCU: sum(pointsPerCluster) = 1171 
 num [1:3] 1168 1 2
NULL
R-CCU: After ClusterLabelChange for i = 32 
R-CCU: sum(pointsPerCluster) = 1172 
 num [1:3] 1169 1 2
NULL
R-CCU: dpObj$numberClusters = 3 
List of 2
 $ : num [1, 1, 1:3] 0.483 0.265 0.652
 $ : num [1, 1, 1:3] 1.89 3.79 3.21
NULL
R priorParameters: 2 8 
R maxT: 1 
R_PriorDraw_first_mu: 0.08199958 
R_PriorDraw_first_nu: 2.886027 
R-CCU: Before ClusterLabelChange for i = 33 newLabel= 1 currentLabel= 1 
R-CCU: sum(pointsPerCluster) = 1172 
 num [1:3] 1169 1 2
NULL
R-CCU: After ClusterLabelChange for i = 33 
R-CCU: sum(pointsPerCluster) = 1173 
 num [1:3] 1170 1 2
NULL
R-CCU: dpObj$numberClusters = 3 
List of 2
 $ : num [1, 1, 1:3] 0.483 0.265 0.652
 $ : num [1, 1, 1:3] 1.89 3.79 3.21
NULL
R priorParameters: 2 8 
R maxT: 1 
R_PriorDraw_first_mu: 0.5037564 
R_PriorDraw_first_nu: 8.153304 
R-CCU: Before ClusterLabelChange for i = 34 newLabel= 1 currentLabel= 1 
R-CCU: sum(pointsPerCluster) = 1173 
 num [1:3] 1170 1 2
NULL
R-CCU: After ClusterLabelChange for i = 34 
R-CCU: sum(pointsPerCluster) = 1174 
 num [1:3] 1171 1 2
NULL
R-CCU: dpObj$numberClusters = 3 
List of 2
 $ : num [1, 1, 1:3] 0.483 0.265 0.652
 $ : num [1, 1, 1:3] 1.89 3.79 3.21
NULL
R priorParameters: 2 8 
R maxT: 1 
R_PriorDraw_first_mu: 0.69721 
R_PriorDraw_first_nu: 2.585148 
R-CCU: Before ClusterLabelChange for i = 35 newLabel= 1 currentLabel= 1 
R-CCU: sum(pointsPerCluster) = 1174 
 num [1:3] 1171 1 2
NULL
R-CCU: After ClusterLabelChange for i = 35 
R-CCU: sum(pointsPerCluster) = 1175 
 num [1:3] 1172 1 2
NULL
R-CCU: dpObj$numberClusters = 3 
List of 2
 $ : num [1, 1, 1:3] 0.483 0.265 0.652
 $ : num [1, 1, 1:3] 1.89 3.79 3.21
NULL
R priorParameters: 2 8 
R maxT: 1 
R_PriorDraw_first_mu: 0.0974154 
R_PriorDraw_first_nu: 4.898605 
R-CCU: Before ClusterLabelChange for i = 36 newLabel= 1 currentLabel= 1 
R-CCU: sum(pointsPerCluster) = 1175 
 num [1:3] 1172 1 2
NULL
R-CCU: After ClusterLabelChange for i = 36 
R-CCU: sum(pointsPerCluster) = 1176 
 num [1:3] 1173 1 2
NULL
R-CCU: dpObj$numberClusters = 3 
List of 2
 $ : num [1, 1, 1:3] 0.483 0.265 0.652
 $ : num [1, 1, 1:3] 1.89 3.79 3.21
NULL
R priorParameters: 2 8 
R maxT: 1 
R_PriorDraw_first_mu: 0.3072243 
R_PriorDraw_first_nu: 17.98697 
R-CCU: Before ClusterLabelChange for i = 37 newLabel= 1 currentLabel= 1 
R-CCU: sum(pointsPerCluster) = 1176 
 num [1:3] 1173 1 2
NULL
R-CCU: After ClusterLabelChange for i = 37 
R-CCU: sum(pointsPerCluster) = 1177 
 num [1:3] 1174 1 2
NULL
R-CCU: dpObj$numberClusters = 3 
List of 2
 $ : num [1, 1, 1:3] 0.483 0.265 0.652
 $ : num [1, 1, 1:3] 1.89 3.79 3.21
NULL
R priorParameters: 2 8 
R maxT: 1 
R_PriorDraw_first_mu: 0.1871358 
R_PriorDraw_first_nu: 3.910661 
R-CCU: Before ClusterLabelChange for i = 38 newLabel= 1 currentLabel= 1 
R-CCU: sum(pointsPerCluster) = 1177 
 num [1:3] 1174 1 2
NULL
R-CCU: After ClusterLabelChange for i = 38 
R-CCU: sum(pointsPerCluster) = 1178 
 num [1:3] 1175 1 2
NULL
R-CCU: dpObj$numberClusters = 3 
List of 2
 $ : num [1, 1, 1:3] 0.483 0.265 0.652
 $ : num [1, 1, 1:3] 1.89 3.79 3.21
NULL
R priorParameters: 2 8 
R maxT: 1 
R_PriorDraw_first_mu: 0.1824782 
R_PriorDraw_first_nu: 3.147742 
R-CCU: Before ClusterLabelChange for i = 39 newLabel= 1 currentLabel= 1 
R-CCU: sum(pointsPerCluster) = 1178 
 num [1:3] 1175 1 2
NULL
R-CCU: After ClusterLabelChange for i = 39 
R-CCU: sum(pointsPerCluster) = 1179 
 num [1:3] 1176 1 2
NULL
R-CCU: dpObj$numberClusters = 3 
List of 2
 $ : num [1, 1, 1:3] 0.483 0.265 0.652
 $ : num [1, 1, 1:3] 1.89 3.79 3.21
NULL
R priorParameters: 2 8 
R maxT: 1 
R_PriorDraw_first_mu: 0.3822304 
R_PriorDraw_first_nu: 12.10797 
R-CCU: Before ClusterLabelChange for i = 40 newLabel= 1 currentLabel= 1 
R-CCU: sum(pointsPerCluster) = 1179 
 num [1:3] 1176 1 2
NULL
R-CCU: After ClusterLabelChange for i = 40 
R-CCU: sum(pointsPerCluster) = 1180 
 num [1:3] 1177 1 2
NULL
R-CCU: dpObj$numberClusters = 3 
List of 2
 $ : num [1, 1, 1:3] 0.483 0.265 0.652
 $ : num [1, 1, 1:3] 1.89 3.79 3.21
NULL
R priorParameters: 2 8 
R maxT: 1 
R_PriorDraw_first_mu: 0.8851948 
R_PriorDraw_first_nu: 3.959259 
R-CCU: Before ClusterLabelChange for i = 41 newLabel= 1 currentLabel= 1 
R-CCU: sum(pointsPerCluster) = 1180 
 num [1:3] 1177 1 2
NULL
R-CCU: After ClusterLabelChange for i = 41 
R-CCU: sum(pointsPerCluster) = 1181 
 num [1:3] 1178 1 2
NULL
R-CCU: dpObj$numberClusters = 3 
List of 2
 $ : num [1, 1, 1:3] 0.483 0.265 0.652
 $ : num [1, 1, 1:3] 1.89 3.79 3.21
NULL
R priorParameters: 2 8 
R maxT: 1 
R_PriorDraw_first_mu: 0.06669091 
R_PriorDraw_first_nu: 10.42983 
R-CCU: Before ClusterLabelChange for i = 42 newLabel= 1 currentLabel= 1 
R-CCU: sum(pointsPerCluster) = 1181 
 num [1:3] 1178 1 2
NULL
R-CCU: After ClusterLabelChange for i = 42 
R-CCU: sum(pointsPerCluster) = 1182 
 num [1:3] 1179 1 2
NULL
R-CCU: dpObj$numberClusters = 3 
List of 2
 $ : num [1, 1, 1:3] 0.483 0.265 0.652
 $ : num [1, 1, 1:3] 1.89 3.79 3.21
NULL
R priorParameters: 2 8 
R maxT: 1 
R_PriorDraw_first_mu: 0.9652511 
R_PriorDraw_first_nu: 4.110975 
R-CCU: Before ClusterLabelChange for i = 43 newLabel= 1 currentLabel= 1 
R-CCU: sum(pointsPerCluster) = 1182 
 num [1:3] 1179 1 2
NULL
R-CCU: After ClusterLabelChange for i = 43 
R-CCU: sum(pointsPerCluster) = 1183 
 num [1:3] 1180 1 2
NULL
R-CCU: dpObj$numberClusters = 3 
List of 2
 $ : num [1, 1, 1:3] 0.483 0.265 0.652
 $ : num [1, 1, 1:3] 1.89 3.79 3.21
NULL
R priorParameters: 2 8 
R maxT: 1 
R_PriorDraw_first_mu: 0.0305791 
R_PriorDraw_first_nu: 2.437675 
R-CCU: Before ClusterLabelChange for i = 44 newLabel= 1 currentLabel= 1 
R-CCU: sum(pointsPerCluster) = 1183 
 num [1:3] 1180 1 2
NULL
R-CCU: After ClusterLabelChange for i = 44 
R-CCU: sum(pointsPerCluster) = 1184 
 num [1:3] 1181 1 2
NULL
R-CCU: dpObj$numberClusters = 3 
List of 2
 $ : num [1, 1, 1:3] 0.483 0.265 0.652
 $ : num [1, 1, 1:3] 1.89 3.79 3.21
NULL
R priorParameters: 2 8 
R maxT: 1 
R_PriorDraw_first_mu: 0.7092537 
R_PriorDraw_first_nu: 5.34701 
R-CCU: Before ClusterLabelChange for i = 45 newLabel= 1 currentLabel= 1 
R-CCU: sum(pointsPerCluster) = 1184 
 num [1:3] 1181 1 2
NULL
R-CCU: After ClusterLabelChange for i = 45 
R-CCU: sum(pointsPerCluster) = 1185 
 num [1:3] 1182 1 2
NULL
R-CCU: dpObj$numberClusters = 3 
List of 2
 $ : num [1, 1, 1:3] 0.483 0.265 0.652
 $ : num [1, 1, 1:3] 1.89 3.79 3.21
NULL
R priorParameters: 2 8 
R maxT: 1 
R_PriorDraw_first_mu: 0.6331716 
R_PriorDraw_first_nu: 2.920003 
R-CCU: Before ClusterLabelChange for i = 46 newLabel= 1 currentLabel= 1 
R-CCU: sum(pointsPerCluster) = 1185 
 num [1:3] 1182 1 2
NULL
R-CCU: After ClusterLabelChange for i = 46 
R-CCU: sum(pointsPerCluster) = 1186 
 num [1:3] 1183 1 2
NULL
R-CCU: dpObj$numberClusters = 3 
List of 2
 $ : num [1, 1, 1:3] 0.483 0.265 0.652
 $ : num [1, 1, 1:3] 1.89 3.79 3.21
NULL
R priorParameters: 2 8 
R maxT: 1 
R_PriorDraw_first_mu: 0.6816131 
R_PriorDraw_first_nu: 8.594437 
R-CCU: Before ClusterLabelChange for i = 47 newLabel= 1 currentLabel= 1 
R-CCU: sum(pointsPerCluster) = 1186 
 num [1:3] 1183 1 2
NULL
R-CCU: After ClusterLabelChange for i = 47 
R-CCU: sum(pointsPerCluster) = 1187 
 num [1:3] 1184 1 2
NULL
R-CCU: dpObj$numberClusters = 3 
List of 2
 $ : num [1, 1, 1:3] 0.483 0.265 0.652
 $ : num [1, 1, 1:3] 1.89 3.79 3.21
NULL
R priorParameters: 2 8 
R maxT: 1 
R_PriorDraw_first_mu: 0.9177423 
R_PriorDraw_first_nu: 14.78623 
R-CCU: Before ClusterLabelChange for i = 48 newLabel= 1 currentLabel= 1 
R-CCU: sum(pointsPerCluster) = 1187 
 num [1:3] 1184 1 2
NULL
R-CCU: After ClusterLabelChange for i = 48 
R-CCU: sum(pointsPerCluster) = 1188 
 num [1:3] 1185 1 2
NULL
R-CCU: dpObj$numberClusters = 3 
List of 2
 $ : num [1, 1, 1:3] 0.483 0.265 0.652
 $ : num [1, 1, 1:3] 1.89 3.79 3.21
NULL
R priorParameters: 2 8 
R maxT: 1 
R_PriorDraw_first_mu: 0.7822203 
R_PriorDraw_first_nu: 5.844998 
R-CCU: Before ClusterLabelChange for i = 49 newLabel= 1 currentLabel= 1 
R-CCU: sum(pointsPerCluster) = 1188 
 num [1:3] 1185 1 2
NULL
R-CCU: After ClusterLabelChange for i = 49 
R-CCU: sum(pointsPerCluster) = 1189 
 num [1:3] 1186 1 2
NULL
R-CCU: dpObj$numberClusters = 3 
List of 2
 $ : num [1, 1, 1:3] 0.483 0.265 0.652
 $ : num [1, 1, 1:3] 1.89 3.79 3.21
NULL
R priorParameters: 2 8 
R maxT: 1 
R_PriorDraw_first_mu: 0.616434 
R_PriorDraw_first_nu: 6.289173 
R-CCU: Before ClusterLabelChange for i = 50 newLabel= 1 currentLabel= 1 
R-CCU: sum(pointsPerCluster) = 1189 
 num [1:3] 1186 1 2
NULL
R-CCU: After ClusterLabelChange for i = 50 
R-CCU: sum(pointsPerCluster) = 1190 
 num [1:3] 1187 1 2
NULL
R-CCU: dpObj$numberClusters = 3 
List of 2
 $ : num [1, 1, 1:3] 0.483 0.265 0.652
 $ : num [1, 1, 1:3] 1.89 3.79 3.21
NULL
R priorParameters: 2 8 
R maxT: 1 
R_PriorDraw_first_mu: 0.5337671 
R_PriorDraw_first_nu: 2.871016 
R-CCU: Before ClusterLabelChange for i = 51 newLabel= 1 currentLabel= 1 
R-CCU: sum(pointsPerCluster) = 1190 
 num [1:3] 1187 1 2
NULL
R-CCU: After ClusterLabelChange for i = 51 
R-CCU: sum(pointsPerCluster) = 1191 
 num [1:3] 1188 1 2
NULL
R-CCU: dpObj$numberClusters = 3 
List of 2
 $ : num [1, 1, 1:3] 0.483 0.265 0.652
 $ : num [1, 1, 1:3] 1.89 3.79 3.21
NULL
R priorParameters: 2 8 
R maxT: 1 
R_PriorDraw_first_mu: 0.2723133 
R_PriorDraw_first_nu: 20.06107 
R-CCU: Before ClusterLabelChange for i = 52 newLabel= 1 currentLabel= 1 
R-CCU: sum(pointsPerCluster) = 1191 
 num [1:3] 1188 1 2
NULL
R-CCU: After ClusterLabelChange for i = 52 
R-CCU: sum(pointsPerCluster) = 1192 
 num [1:3] 1189 1 2
NULL
R-CCU: dpObj$numberClusters = 3 
List of 2
 $ : num [1, 1, 1:3] 0.483 0.265 0.652
 $ : num [1, 1, 1:3] 1.89 3.79 3.21
NULL
R priorParameters: 2 8 
R maxT: 1 
R_PriorDraw_first_mu: 0.8185249 
R_PriorDraw_first_nu: 8.76314 
R-CCU: Before ClusterLabelChange for i = 53 newLabel= 1 currentLabel= 1 
R-CCU: sum(pointsPerCluster) = 1192 
 num [1:3] 1189 1 2
NULL
R-CCU: After ClusterLabelChange for i = 53 
R-CCU: sum(pointsPerCluster) = 1193 
 num [1:3] 1190 1 2
NULL
R-CCU: dpObj$numberClusters = 3 
List of 2
 $ : num [1, 1, 1:3] 0.483 0.265 0.652
 $ : num [1, 1, 1:3] 1.89 3.79 3.21
NULL
R priorParameters: 2 8 
R maxT: 1 
R_PriorDraw_first_mu: 0.4725858 
R_PriorDraw_first_nu: 6.488735 
R-CCU: Before ClusterLabelChange for i = 54 newLabel= 1 currentLabel= 1 
R-CCU: sum(pointsPerCluster) = 1193 
 num [1:3] 1190 1 2
NULL
R-CCU: After ClusterLabelChange for i = 54 
R-CCU: sum(pointsPerCluster) = 1194 
 num [1:3] 1191 1 2
NULL
R-CCU: dpObj$numberClusters = 3 
List of 2
 $ : num [1, 1, 1:3] 0.483 0.265 0.652
 $ : num [1, 1, 1:3] 1.89 3.79 3.21
NULL
R priorParameters: 2 8 
R maxT: 1 
R_PriorDraw_first_mu: 0.2501051 
R_PriorDraw_first_nu: 3.528332 
R-CCU: Before ClusterLabelChange for i = 55 newLabel= 1 currentLabel= 1 
R-CCU: sum(pointsPerCluster) = 1194 
 num [1:3] 1191 1 2
NULL
R-CCU: After ClusterLabelChange for i = 55 
R-CCU: sum(pointsPerCluster) = 1195 
 num [1:3] 1192 1 2
NULL
R-CCU: dpObj$numberClusters = 3 
List of 2
 $ : num [1, 1, 1:3] 0.483 0.265 0.652
 $ : num [1, 1, 1:3] 1.89 3.79 3.21
NULL
R priorParameters: 2 8 
R maxT: 1 
R_PriorDraw_first_mu: 0.7897939 
R_PriorDraw_first_nu: 3.852719 
R-CCU: Before ClusterLabelChange for i = 56 newLabel= 1 currentLabel= 1 
R-CCU: sum(pointsPerCluster) = 1195 
 num [1:3] 1192 1 2
NULL
R-CCU: After ClusterLabelChange for i = 56 
R-CCU: sum(pointsPerCluster) = 1196 
 num [1:3] 1193 1 2
NULL
R-CCU: dpObj$numberClusters = 3 
List of 2
 $ : num [1, 1, 1:3] 0.483 0.265 0.652
 $ : num [1, 1, 1:3] 1.89 3.79 3.21
NULL
R priorParameters: 2 8 
R maxT: 1 
R_PriorDraw_first_mu: 0.1355628 
R_PriorDraw_first_nu: 3.309973 
R-CCU: Before ClusterLabelChange for i = 57 newLabel= 1 currentLabel= 1 
R-CCU: sum(pointsPerCluster) = 1196 
 num [1:3] 1193 1 2
NULL
R-CCU: After ClusterLabelChange for i = 57 
R-CCU: sum(pointsPerCluster) = 1197 
 num [1:3] 1194 1 2
NULL
R-CCU: dpObj$numberClusters = 3 
List of 2
 $ : num [1, 1, 1:3] 0.483 0.265 0.652
 $ : num [1, 1, 1:3] 1.89 3.79 3.21
NULL
R priorParameters: 2 8 
R maxT: 1 
R_PriorDraw_first_mu: 0.7009222 
R_PriorDraw_first_nu: 4.346666 
R-CCU: Before ClusterLabelChange for i = 58 newLabel= 1 currentLabel= 1 
R-CCU: sum(pointsPerCluster) = 1197 
 num [1:3] 1194 1 2
NULL
R-CCU: After ClusterLabelChange for i = 58 
R-CCU: sum(pointsPerCluster) = 1198 
 num [1:3] 1195 1 2
NULL
R-CCU: dpObj$numberClusters = 3 
List of 2
 $ : num [1, 1, 1:3] 0.483 0.265 0.652
 $ : num [1, 1, 1:3] 1.89 3.79 3.21
NULL
R priorParameters: 2 8 
R maxT: 1 
R_PriorDraw_first_mu: 0.2506946 
R_PriorDraw_first_nu: 10.7997 
R-CCU: Before ClusterLabelChange for i = 59 newLabel= 1 currentLabel= 1 
R-CCU: sum(pointsPerCluster) = 1198 
 num [1:3] 1195 1 2
NULL
R-CCU: After ClusterLabelChange for i = 59 
R-CCU: sum(pointsPerCluster) = 1199 
 num [1:3] 1196 1 2
NULL
R-CCU: dpObj$numberClusters = 3 
List of 2
 $ : num [1, 1, 1:3] 0.483 0.265 0.652
 $ : num [1, 1, 1:3] 1.89 3.79 3.21
NULL
R priorParameters: 2 8 
R maxT: 1 
R_PriorDraw_first_mu: 0.01455214 
R_PriorDraw_first_nu: 4.540371 
R-CCU: Before ClusterLabelChange for i = 60 newLabel= 1 currentLabel= 1 
R-CCU: sum(pointsPerCluster) = 1199 
 num [1:3] 1196 1 2
NULL
R-CCU: After ClusterLabelChange for i = 60 
R-CCU: sum(pointsPerCluster) = 1200 
 num [1:3] 1197 1 2
NULL
R-CCU: dpObj$numberClusters = 3 
List of 2
 $ : num [1, 1, 1:3] 0.483 0.265 0.652
 $ : num [1, 1, 1:3] 1.89 3.79 3.21
NULL

⠧ |   38      0 | Beta Distribution Full Integration Test          R priorParameters: 2 8 
R maxT: 1 
R_PriorDraw_first_mu: 0.7838903 
R_PriorDraw_first_nu: 5.779966 
R-CCU: Before ClusterLabelChange for i = 1 newLabel= 1 currentLabel= 1 
R-CCU: sum(pointsPerCluster) = 1200 
 num [1:3] 1197 1 2
NULL
R-CCU: After ClusterLabelChange for i = 1 
R-CCU: sum(pointsPerCluster) = 1201 
 num [1:3] 1198 1 2
NULL
R-CCU: dpObj$numberClusters = 3 
List of 2
 $ : num [1, 1, 1:3] 0.51 0.265 0.652
 $ : num [1, 1, 1:3] 2.3 3.79 3.21
NULL
R priorParameters: 2 8 
R maxT: 1 
R_PriorDraw_first_mu: 0.4283071 
R_PriorDraw_first_nu: 3.84353 
R-CCU: Before ClusterLabelChange for i = 2 newLabel= 1 currentLabel= 1 
R-CCU: sum(pointsPerCluster) = 1201 
 num [1:3] 1198 1 2
NULL
R-CCU: After ClusterLabelChange for i = 2 
R-CCU: sum(pointsPerCluster) = 1202 
 num [1:3] 1199 1 2
NULL
R-CCU: dpObj$numberClusters = 3 
List of 2
 $ : num [1, 1, 1:3] 0.51 0.265 0.652
 $ : num [1, 1, 1:3] 2.3 3.79 3.21
NULL
R priorParameters: 2 8 
R maxT: 1 
R_PriorDraw_first_mu: 0.06418664 
R_PriorDraw_first_nu: 3.621572 
R-CCU: Before ClusterLabelChange for i = 3 newLabel= 1 currentLabel= 1 
R-CCU: sum(pointsPerCluster) = 1202 
 num [1:3] 1199 1 2
NULL
R-CCU: After ClusterLabelChange for i = 3 
R-CCU: sum(pointsPerCluster) = 1203 
 num [1:3] 1200 1 2
NULL
R-CCU: dpObj$numberClusters = 3 
List of 2
 $ : num [1, 1, 1:3] 0.51 0.265 0.652
 $ : num [1, 1, 1:3] 2.3 3.79 3.21
NULL
R priorParameters: 2 8 
R maxT: 1 
R_PriorDraw_first_mu: 0.5525769 
R_PriorDraw_first_nu: 2.049603 
R-CCU: Before ClusterLabelChange for i = 4 newLabel= 1 currentLabel= 1 
R-CCU: sum(pointsPerCluster) = 1203 
 num [1:3] 1200 1 2
NULL
R-CCU: After ClusterLabelChange for i = 4 
R-CCU: sum(pointsPerCluster) = 1204 
 num [1:3] 1201 1 2
NULL
R-CCU: dpObj$numberClusters = 3 
List of 2
 $ : num [1, 1, 1:3] 0.51 0.265 0.652
 $ : num [1, 1, 1:3] 2.3 3.79 3.21
NULL
R priorParameters: 2 8 
R maxT: 1 
R_PriorDraw_first_mu: 0.4794859 
R_PriorDraw_first_nu: 5.300438 
R-CCU: Before ClusterLabelChange for i = 5 newLabel= 1 currentLabel= 1 
R-CCU: sum(pointsPerCluster) = 1204 
 num [1:3] 1201 1 2
NULL
R-CCU: After ClusterLabelChange for i = 5 
R-CCU: sum(pointsPerCluster) = 1205 
 num [1:3] 1202 1 2
NULL
R-CCU: dpObj$numberClusters = 3 
List of 2
 $ : num [1, 1, 1:3] 0.51 0.265 0.652
 $ : num [1, 1, 1:3] 2.3 3.79 3.21
NULL
R priorParameters: 2 8 
R maxT: 1 
R_PriorDraw_first_mu: 0.625013 
R_PriorDraw_first_nu: 8.299695 
R-CCU: Before ClusterLabelChange for i = 6 newLabel= 1 currentLabel= 1 
R-CCU: sum(pointsPerCluster) = 1205 
 num [1:3] 1202 1 2
NULL
R-CCU: After ClusterLabelChange for i = 6 
R-CCU: sum(pointsPerCluster) = 1206 
 num [1:3] 1203 1 2
NULL
R-CCU: dpObj$numberClusters = 3 
List of 2
 $ : num [1, 1, 1:3] 0.51 0.265 0.652
 $ : num [1, 1, 1:3] 2.3 3.79 3.21
NULL
R priorParameters: 2 8 
R maxT: 1 
R_PriorDraw_first_mu: 0.4289446 
R_PriorDraw_first_nu: 4.745681 
R-CCU: Before ClusterLabelChange for i = 7 newLabel= 1 currentLabel= 1 
R-CCU: sum(pointsPerCluster) = 1206 
 num [1:3] 1203 1 2
NULL
R-CCU: After ClusterLabelChange for i = 7 
R-CCU: sum(pointsPerCluster) = 1207 
 num [1:3] 1204 1 2
NULL
R-CCU: dpObj$numberClusters = 3 
List of 2
 $ : num [1, 1, 1:3] 0.51 0.265 0.652
 $ : num [1, 1, 1:3] 2.3 3.79 3.21
NULL
R priorParameters: 2 8 
R maxT: 1 
R_PriorDraw_first_mu: 0.7688656 
R_PriorDraw_first_nu: 2.848322 
R-CCU: Before ClusterLabelChange for i = 8 newLabel= 1 currentLabel= 1 
R-CCU: sum(pointsPerCluster) = 1207 
 num [1:3] 1204 1 2
NULL
R-CCU: After ClusterLabelChange for i = 8 
R-CCU: sum(pointsPerCluster) = 1208 
 num [1:3] 1205 1 2
NULL
R-CCU: dpObj$numberClusters = 3 
List of 2
 $ : num [1, 1, 1:3] 0.51 0.265 0.652
 $ : num [1, 1, 1:3] 2.3 3.79 3.21
NULL
R priorParameters: 2 8 
R maxT: 1 
R_PriorDraw_first_mu: 0.719947 
R_PriorDraw_first_nu: 4.375077 
R-CCU: Before ClusterLabelChange for i = 9 newLabel= 1 currentLabel= 1 
R-CCU: sum(pointsPerCluster) = 1208 
 num [1:3] 1205 1 2
NULL
R-CCU: After ClusterLabelChange for i = 9 
R-CCU: sum(pointsPerCluster) = 1209 
 num [1:3] 1206 1 2
NULL
R-CCU: dpObj$numberClusters = 3 
List of 2
 $ : num [1, 1, 1:3] 0.51 0.265 0.652
 $ : num [1, 1, 1:3] 2.3 3.79 3.21
NULL
R priorParameters: 2 8 
R maxT: 1 
R_PriorDraw_first_mu: 0.7622007 
R_PriorDraw_first_nu: 2.303968 
R-CCU: Before ClusterLabelChange for i = 10 newLabel= 1 currentLabel= 1 
R-CCU: sum(pointsPerCluster) = 1209 
 num [1:3] 1206 1 2
NULL
R-CCU: After ClusterLabelChange for i = 10 
R-CCU: sum(pointsPerCluster) = 1210 
 num [1:3] 1207 1 2
NULL
R-CCU: dpObj$numberClusters = 3 
List of 2
 $ : num [1, 1, 1:3] 0.51 0.265 0.652
 $ : num [1, 1, 1:3] 2.3 3.79 3.21
NULL
R priorParameters: 2 8 
R maxT: 1 
R_PriorDraw_first_mu: 0.5799216 
R_PriorDraw_first_nu: 3.520887 
R-CCU: Before ClusterLabelChange for i = 11 newLabel= 1 currentLabel= 1 
R-CCU: sum(pointsPerCluster) = 1210 
 num [1:3] 1207 1 2
NULL
R-CCU: After ClusterLabelChange for i = 11 
R-CCU: sum(pointsPerCluster) = 1211 
 num [1:3] 1208 1 2
NULL
R-CCU: dpObj$numberClusters = 3 
List of 2
 $ : num [1, 1, 1:3] 0.51 0.265 0.652
 $ : num [1, 1, 1:3] 2.3 3.79 3.21
NULL
R priorParameters: 2 8 
R maxT: 1 
R_PriorDraw_first_mu: 0.7018803 
R_PriorDraw_first_nu: 4.522558 
R-CCU: Before ClusterLabelChange for i = 12 newLabel= 1 currentLabel= 1 
R-CCU: sum(pointsPerCluster) = 1211 
 num [1:3] 1208 1 2
NULL
R-CCU: After ClusterLabelChange for i = 12 
R-CCU: sum(pointsPerCluster) = 1212 
 num [1:3] 1209 1 2
NULL
R-CCU: dpObj$numberClusters = 3 
List of 2
 $ : num [1, 1, 1:3] 0.51 0.265 0.652
 $ : num [1, 1, 1:3] 2.3 3.79 3.21
NULL
R priorParameters: 2 8 
R maxT: 1 
R_PriorDraw_first_mu: 0.4549468 
R_PriorDraw_first_nu: 4.423784 
R-CCU: Before ClusterLabelChange for i = 13 newLabel= 1 currentLabel= 1 
R-CCU: sum(pointsPerCluster) = 1212 
 num [1:3] 1209 1 2
NULL
R-CCU: After ClusterLabelChange for i = 13 
R-CCU: sum(pointsPerCluster) = 1213 
 num [1:3] 1210 1 2
NULL
R-CCU: dpObj$numberClusters = 3 
List of 2
 $ : num [1, 1, 1:3] 0.51 0.265 0.652
 $ : num [1, 1, 1:3] 2.3 3.79 3.21
NULL
R priorParameters: 2 8 
R maxT: 1 
R_PriorDraw_first_mu: 0.5506226 
R_PriorDraw_first_nu: 2.624939 
R-CCU: Before ClusterLabelChange for i = 14 newLabel= 1 currentLabel= 1 
R-CCU: sum(pointsPerCluster) = 1213 
 num [1:3] 1210 1 2
NULL
R-CCU: After ClusterLabelChange for i = 14 
R-CCU: sum(pointsPerCluster) = 1214 
 num [1:3] 1211 1 2
NULL
R-CCU: dpObj$numberClusters = 3 
List of 2
 $ : num [1, 1, 1:3] 0.51 0.265 0.652
 $ : num [1, 1, 1:3] 2.3 3.79 3.21
NULL
R priorParameters: 2 8 
R maxT: 1 
R_PriorDraw_first_mu: 0.7467082 
R_PriorDraw_first_nu: 1.254015 
R-CCU: Before ClusterLabelChange for i = 15 newLabel= 1 currentLabel= 1 
R-CCU: sum(pointsPerCluster) = 1214 
 num [1:3] 1211 1 2
NULL
R-CCU: After ClusterLabelChange for i = 15 
R-CCU: sum(pointsPerCluster) = 1215 
 num [1:3] 1212 1 2
NULL
R-CCU: dpObj$numberClusters = 3 
List of 2
 $ : num [1, 1, 1:3] 0.51 0.265 0.652
 $ : num [1, 1, 1:3] 2.3 3.79 3.21
NULL
R priorParameters: 2 8 
R maxT: 1 
R_PriorDraw_first_mu: 0.1774028 
R_PriorDraw_first_nu: 2.542294 
R-CCU: Before ClusterLabelChange for i = 16 newLabel= 1 currentLabel= 1 
R-CCU: sum(pointsPerCluster) = 1215 
 num [1:3] 1212 1 2
NULL
R-CCU: After ClusterLabelChange for i = 16 
R-CCU: sum(pointsPerCluster) = 1216 
 num [1:3] 1213 1 2
NULL
R-CCU: dpObj$numberClusters = 3 
List of 2
 $ : num [1, 1, 1:3] 0.51 0.265 0.652
 $ : num [1, 1, 1:3] 2.3 3.79 3.21
NULL
R priorParameters: 2 8 
R maxT: 1 
R_PriorDraw_first_mu: 0.2050611 
R_PriorDraw_first_nu: 3.922053 
R-CCU: Before ClusterLabelChange for i = 17 newLabel= 1 currentLabel= 1 
R-CCU: sum(pointsPerCluster) = 1216 
 num [1:3] 1213 1 2
NULL
R-CCU: After ClusterLabelChange for i = 17 
R-CCU: sum(pointsPerCluster) = 1217 
 num [1:3] 1214 1 2
NULL
R-CCU: dpObj$numberClusters = 3 
List of 2
 $ : num [1, 1, 1:3] 0.51 0.265 0.652
 $ : num [1, 1, 1:3] 2.3 3.79 3.21
NULL
R priorParameters: 2 8 
R maxT: 1 
R_PriorDraw_first_mu: 0.8529765 
R_PriorDraw_first_nu: 10.22426 
R-CCU: Before ClusterLabelChange for i = 18 newLabel= 1 currentLabel= 1 
R-CCU: sum(pointsPerCluster) = 1217 
 num [1:3] 1214 1 2
NULL
R-CCU: After ClusterLabelChange for i = 18 
R-CCU: sum(pointsPerCluster) = 1218 
 num [1:3] 1215 1 2
NULL
R-CCU: dpObj$numberClusters = 3 
List of 2
 $ : num [1, 1, 1:3] 0.51 0.265 0.652
 $ : num [1, 1, 1:3] 2.3 3.79 3.21
NULL
R priorParameters: 2 8 
R maxT: 1 
R_PriorDraw_first_mu: 0.5526535 
R_PriorDraw_first_nu: 2.69779 
R-CCU: Before ClusterLabelChange for i = 19 newLabel= 1 currentLabel= 1 
R-CCU: sum(pointsPerCluster) = 1218 
 num [1:3] 1215 1 2
NULL
R-CCU: After ClusterLabelChange for i = 19 
R-CCU: sum(pointsPerCluster) = 1219 
 num [1:3] 1216 1 2
NULL
R-CCU: dpObj$numberClusters = 3 
List of 2
 $ : num [1, 1, 1:3] 0.51 0.265 0.652
 $ : num [1, 1, 1:3] 2.3 3.79 3.21
NULL
R priorParameters: 2 8 
R maxT: 1 
R_PriorDraw_first_mu: 0.3283948 
R_PriorDraw_first_nu: 4.697758 
R-CCU: Before ClusterLabelChange for i = 20 newLabel= 1 currentLabel= 1 
R-CCU: sum(pointsPerCluster) = 1219 
 num [1:3] 1216 1 2
NULL
R-CCU: After ClusterLabelChange for i = 20 
R-CCU: sum(pointsPerCluster) = 1220 
 num [1:3] 1217 1 2
NULL
R-CCU: dpObj$numberClusters = 3 
List of 2
 $ : num [1, 1, 1:3] 0.51 0.265 0.652
 $ : num [1, 1, 1:3] 2.3 3.79 3.21
NULL
R priorParameters: 2 8 
R maxT: 1 
R_PriorDraw_first_mu: 0.3052638 
R_PriorDraw_first_nu: 10.798 
R-CCU: Before ClusterLabelChange for i = 21 newLabel= 1 currentLabel= 1 
R-CCU: sum(pointsPerCluster) = 1220 
 num [1:3] 1217 1 2
NULL
R-CCU: After ClusterLabelChange for i = 21 
R-CCU: sum(pointsPerCluster) = 1221 
 num [1:3] 1218 1 2
NULL
R-CCU: dpObj$numberClusters = 3 
List of 2
 $ : num [1, 1, 1:3] 0.51 0.265 0.652
 $ : num [1, 1, 1:3] 2.3 3.79 3.21
NULL
R priorParameters: 2 8 
R maxT: 1 
R_PriorDraw_first_mu: 0.523591 
R_PriorDraw_first_nu: 5.001265 
R-CCU: Before ClusterLabelChange for i = 22 newLabel= 1 currentLabel= 1 
R-CCU: sum(pointsPerCluster) = 1221 
 num [1:3] 1218 1 2
NULL
R-CCU: After ClusterLabelChange for i = 22 
R-CCU: sum(pointsPerCluster) = 1222 
 num [1:3] 1219 1 2
NULL
R-CCU: dpObj$numberClusters = 3 
List of 2
 $ : num [1, 1, 1:3] 0.51 0.265 0.652
 $ : num [1, 1, 1:3] 2.3 3.79 3.21
NULL
R priorParameters: 2 8 
R maxT: 1 
R_PriorDraw_first_mu: 0.3731039 
R_PriorDraw_first_nu: 4.250938 
R-CCU: Before ClusterLabelChange for i = 23 newLabel= 1 currentLabel= 1 
R-CCU: sum(pointsPerCluster) = 1222 
 num [1:3] 1219 1 2
NULL
R-CCU: After ClusterLabelChange for i = 23 
R-CCU: sum(pointsPerCluster) = 1223 
 num [1:3] 1220 1 2
NULL
R-CCU: dpObj$numberClusters = 3 
List of 2
 $ : num [1, 1, 1:3] 0.51 0.265 0.652
 $ : num [1, 1, 1:3] 2.3 3.79 3.21
NULL
R priorParameters: 2 8 
R maxT: 1 
R_PriorDraw_first_mu: 0.6619994 
R_PriorDraw_first_nu: 3.09936 
R-CCU: Before ClusterLabelChange for i = 24 newLabel= 1 currentLabel= 1 
R-CCU: sum(pointsPerCluster) = 1223 
 num [1:3] 1220 1 2
NULL
R-CCU: After ClusterLabelChange for i = 24 
R-CCU: sum(pointsPerCluster) = 1224 
 num [1:3] 1221 1 2
NULL
R-CCU: dpObj$numberClusters = 3 
List of 2
 $ : num [1, 1, 1:3] 0.51 0.265 0.652
 $ : num [1, 1, 1:3] 2.3 3.79 3.21
NULL
R priorParameters: 2 8 
R maxT: 1 
R_PriorDraw_first_mu: 0.9047589 
R_PriorDraw_first_nu: 8.954224 
R-CCU: Before ClusterLabelChange for i = 25 newLabel= 1 currentLabel= 1 
R-CCU: sum(pointsPerCluster) = 1224 
 num [1:3] 1221 1 2
NULL
R-CCU: After ClusterLabelChange for i = 25 
R-CCU: sum(pointsPerCluster) = 1225 
 num [1:3] 1222 1 2
NULL
R-CCU: dpObj$numberClusters = 3 
List of 2
 $ : num [1, 1, 1:3] 0.51 0.265 0.652
 $ : num [1, 1, 1:3] 2.3 3.79 3.21
NULL
R priorParameters: 2 8 
R maxT: 1 
R_PriorDraw_first_mu: 0.966853 
R_PriorDraw_first_nu: 6.486427 
R-CCU: Before ClusterLabelChange for i = 26 newLabel= 1 currentLabel= 1 
R-CCU: sum(pointsPerCluster) = 1225 
 num [1:3] 1222 1 2
NULL
R-CCU: After ClusterLabelChange for i = 26 
R-CCU: sum(pointsPerCluster) = 1226 
 num [1:3] 1223 1 2
NULL
R-CCU: dpObj$numberClusters = 3 
List of 2
 $ : num [1, 1, 1:3] 0.51 0.265 0.652
 $ : num [1, 1, 1:3] 2.3 3.79 3.21
NULL
R priorParameters: 2 8 
R maxT: 1 
R_PriorDraw_first_mu: 0.1669183 
R_PriorDraw_first_nu: 1.683236 
R-CCU: Before ClusterLabelChange for i = 27 newLabel= 1 currentLabel= 1 
R-CCU: sum(pointsPerCluster) = 1226 
 num [1:3] 1223 1 2
NULL
R-CCU: After ClusterLabelChange for i = 27 
R-CCU: sum(pointsPerCluster) = 1227 
 num [1:3] 1224 1 2
NULL
R-CCU: dpObj$numberClusters = 3 
List of 2
 $ : num [1, 1, 1:3] 0.51 0.265 0.652
 $ : num [1, 1, 1:3] 2.3 3.79 3.21
NULL
R priorParameters: 2 8 
R maxT: 1 
R_PriorDraw_first_mu: 0.455418 
R_PriorDraw_first_nu: 4.274387 
R-CCU: Before ClusterLabelChange for i = 28 newLabel= 1 currentLabel= 1 
R-CCU: sum(pointsPerCluster) = 1227 
 num [1:3] 1224 1 2
NULL
R-CCU: After ClusterLabelChange for i = 28 
R-CCU: sum(pointsPerCluster) = 1228 
 num [1:3] 1225 1 2
NULL
R-CCU: dpObj$numberClusters = 3 
List of 2
 $ : num [1, 1, 1:3] 0.51 0.265 0.652
 $ : num [1, 1, 1:3] 2.3 3.79 3.21
NULL
R priorParameters: 2 8 
R maxT: 1 
R_PriorDraw_first_mu: 0.02275136 
R_PriorDraw_first_nu: 8.645579 
R-CCU: Before ClusterLabelChange for i = 29 newLabel= 1 currentLabel= 1 
R-CCU: sum(pointsPerCluster) = 1228 
 num [1:3] 1225 1 2
NULL
R-CCU: After ClusterLabelChange for i = 29 
R-CCU: sum(pointsPerCluster) = 1229 
 num [1:3] 1226 1 2
NULL
R-CCU: dpObj$numberClusters = 3 
List of 2
 $ : num [1, 1, 1:3] 0.51 0.265 0.652
 $ : num [1, 1, 1:3] 2.3 3.79 3.21
NULL
R priorParameters: 2 8 
R maxT: 1 
R_PriorDraw_first_mu: 0.6989496 
R_PriorDraw_first_nu: 11.73575 
R-CCU: Before ClusterLabelChange for i = 30 newLabel= 1 currentLabel= 1 
R-CCU: sum(pointsPerCluster) = 1229 
 num [1:3] 1226 1 2
NULL
R-CCU: After ClusterLabelChange for i = 30 
R-CCU: sum(pointsPerCluster) = 1230 
 num [1:3] 1227 1 2
NULL
R-CCU: dpObj$numberClusters = 3 
List of 2
 $ : num [1, 1, 1:3] 0.51 0.265 0.652
 $ : num [1, 1, 1:3] 2.3 3.79 3.21
NULL
R priorParameters: 2 8 
R maxT: 1 
R_PriorDraw_first_mu: 0.02811116 
R_PriorDraw_first_nu: 2.303838 
R-CCU: Before ClusterLabelChange for i = 31 newLabel= 1 currentLabel= 1 
R-CCU: sum(pointsPerCluster) = 1230 
 num [1:3] 1227 1 2
NULL
R-CCU: After ClusterLabelChange for i = 31 
R-CCU: sum(pointsPerCluster) = 1231 
 num [1:3] 1228 1 2
NULL
R-CCU: dpObj$numberClusters = 3 
List of 2
 $ : num [1, 1, 1:3] 0.51 0.265 0.652
 $ : num [1, 1, 1:3] 2.3 3.79 3.21
NULL
R priorParameters: 2 8 
R maxT: 1 
R_PriorDraw_first_mu: 0.7112507 
R_PriorDraw_first_nu: 7.356248 
R-CCU: Before ClusterLabelChange for i = 32 newLabel= 1 currentLabel= 1 
R-CCU: sum(pointsPerCluster) = 1231 
 num [1:3] 1228 1 2
NULL
R-CCU: After ClusterLabelChange for i = 32 
R-CCU: sum(pointsPerCluster) = 1232 
 num [1:3] 1229 1 2
NULL
R-CCU: dpObj$numberClusters = 3 
List of 2
 $ : num [1, 1, 1:3] 0.51 0.265 0.652
 $ : num [1, 1, 1:3] 2.3 3.79 3.21
NULL
R priorParameters: 2 8 
R maxT: 1 
R_PriorDraw_first_mu: 0.4384138 
R_PriorDraw_first_nu: 2.799078 
R-CCU: Before ClusterLabelChange for i = 33 newLabel= 1 currentLabel= 1 
R-CCU: sum(pointsPerCluster) = 1232 
 num [1:3] 1229 1 2
NULL
R-CCU: After ClusterLabelChange for i = 33 
R-CCU: sum(pointsPerCluster) = 1233 
 num [1:3] 1230 1 2
NULL
R-CCU: dpObj$numberClusters = 3 
List of 2
 $ : num [1, 1, 1:3] 0.51 0.265 0.652
 $ : num [1, 1, 1:3] 2.3 3.79 3.21
NULL
R priorParameters: 2 8 
R maxT: 1 
R_PriorDraw_first_mu: 0.6825773 
R_PriorDraw_first_nu: 5.51184 
R-CCU: Before ClusterLabelChange for i = 34 newLabel= 1 currentLabel= 1 
R-CCU: sum(pointsPerCluster) = 1233 
 num [1:3] 1230 1 2
NULL
R-CCU: After ClusterLabelChange for i = 34 
R-CCU: sum(pointsPerCluster) = 1234 
 num [1:3] 1231 1 2
NULL
R-CCU: dpObj$numberClusters = 3 
List of 2
 $ : num [1, 1, 1:3] 0.51 0.265 0.652
 $ : num [1, 1, 1:3] 2.3 3.79 3.21
NULL
R priorParameters: 2 8 
R maxT: 1 
R_PriorDraw_first_mu: 0.7513386 
R_PriorDraw_first_nu: 13.31143 
R-CCU: Before ClusterLabelChange for i = 35 newLabel= 1 currentLabel= 1 
R-CCU: sum(pointsPerCluster) = 1234 
 num [1:3] 1231 1 2
NULL
R-CCU: After ClusterLabelChange for i = 35 
R-CCU: sum(pointsPerCluster) = 1235 
 num [1:3] 1232 1 2
NULL
R-CCU: dpObj$numberClusters = 3 
List of 2
 $ : num [1, 1, 1:3] 0.51 0.265 0.652
 $ : num [1, 1, 1:3] 2.3 3.79 3.21
NULL
R priorParameters: 2 8 
R maxT: 1 
R_PriorDraw_first_mu: 0.5223752 
R_PriorDraw_first_nu: 1.365907 
R-CCU: Before ClusterLabelChange for i = 36 newLabel= 1 currentLabel= 1 
R-CCU: sum(pointsPerCluster) = 1235 
 num [1:3] 1232 1 2
NULL
R-CCU: After ClusterLabelChange for i = 36 
R-CCU: sum(pointsPerCluster) = 1236 
 num [1:3] 1233 1 2
NULL
R-CCU: dpObj$numberClusters = 3 
List of 2
 $ : num [1, 1, 1:3] 0.51 0.265 0.652
 $ : num [1, 1, 1:3] 2.3 3.79 3.21
NULL
R priorParameters: 2 8 
R maxT: 1 
R_PriorDraw_first_mu: 0.1087931 
R_PriorDraw_first_nu: 3.978177 
R-CCU: Before ClusterLabelChange for i = 37 newLabel= 1 currentLabel= 1 
R-CCU: sum(pointsPerCluster) = 1236 
 num [1:3] 1233 1 2
NULL
R-CCU: After ClusterLabelChange for i = 37 
R-CCU: sum(pointsPerCluster) = 1237 
 num [1:3] 1234 1 2
NULL
R-CCU: dpObj$numberClusters = 3 
List of 2
 $ : num [1, 1, 1:3] 0.51 0.265 0.652
 $ : num [1, 1, 1:3] 2.3 3.79 3.21
NULL
R priorParameters: 2 8 
R maxT: 1 
R_PriorDraw_first_mu: 0.4507612 
R_PriorDraw_first_nu: 6.45206 
R-CCU: Before ClusterLabelChange for i = 38 newLabel= 1 currentLabel= 1 
R-CCU: sum(pointsPerCluster) = 1237 
 num [1:3] 1234 1 2
NULL
R-CCU: After ClusterLabelChange for i = 38 
R-CCU: sum(pointsPerCluster) = 1238 
 num [1:3] 1235 1 2
NULL
R-CCU: dpObj$numberClusters = 3 
List of 2
 $ : num [1, 1, 1:3] 0.51 0.265 0.652
 $ : num [1, 1, 1:3] 2.3 3.79 3.21
NULL
R priorParameters: 2 8 
R maxT: 1 
R_PriorDraw_first_mu: 0.8441012 
R_PriorDraw_first_nu: 7.894128 
R-CCU: Before ClusterLabelChange for i = 39 newLabel= 1 currentLabel= 1 
R-CCU: sum(pointsPerCluster) = 1238 
 num [1:3] 1235 1 2
NULL
R-CCU: After ClusterLabelChange for i = 39 
R-CCU: sum(pointsPerCluster) = 1239 
 num [1:3] 1236 1 2
NULL
R-CCU: dpObj$numberClusters = 3 
List of 2
 $ : num [1, 1, 1:3] 0.51 0.265 0.652
 $ : num [1, 1, 1:3] 2.3 3.79 3.21
NULL
R priorParameters: 2 8 
R maxT: 1 
R_PriorDraw_first_mu: 0.4549606 
R_PriorDraw_first_nu: 16.68549 
R-CCU: Before ClusterLabelChange for i = 40 newLabel= 1 currentLabel= 1 
R-CCU: sum(pointsPerCluster) = 1239 
 num [1:3] 1236 1 2
NULL
R-CCU: After ClusterLabelChange for i = 40 
R-CCU: sum(pointsPerCluster) = 1240 
 num [1:3] 1237 1 2
NULL
R-CCU: dpObj$numberClusters = 3 
List of 2
 $ : num [1, 1, 1:3] 0.51 0.265 0.652
 $ : num [1, 1, 1:3] 2.3 3.79 3.21
NULL
R priorParameters: 2 8 
R maxT: 1 
R_PriorDraw_first_mu: 0.9708508 
R_PriorDraw_first_nu: 2.079073 
R-CCU: Before ClusterLabelChange for i = 41 newLabel= 1 currentLabel= 1 
R-CCU: sum(pointsPerCluster) = 1240 
 num [1:3] 1237 1 2
NULL
R-CCU: After ClusterLabelChange for i = 41 
R-CCU: sum(pointsPerCluster) = 1241 
 num [1:3] 1238 1 2
NULL
R-CCU: dpObj$numberClusters = 3 
List of 2
 $ : num [1, 1, 1:3] 0.51 0.265 0.652
 $ : num [1, 1, 1:3] 2.3 3.79 3.21
NULL
R priorParameters: 2 8 
R maxT: 1 
R_PriorDraw_first_mu: 0.4040181 
R_PriorDraw_first_nu: 3.588379 
R-CCU: Before ClusterLabelChange for i = 42 newLabel= 1 currentLabel= 1 
R-CCU: sum(pointsPerCluster) = 1241 
 num [1:3] 1238 1 2
NULL
R-CCU: After ClusterLabelChange for i = 42 
R-CCU: sum(pointsPerCluster) = 1242 
 num [1:3] 1239 1 2
NULL
R-CCU: dpObj$numberClusters = 3 
List of 2
 $ : num [1, 1, 1:3] 0.51 0.265 0.652
 $ : num [1, 1, 1:3] 2.3 3.79 3.21
NULL
R priorParameters: 2 8 
R maxT: 1 
R_PriorDraw_first_mu: 0.09306665 
R_PriorDraw_first_nu: 15.60585 
R-CCU: Before ClusterLabelChange for i = 43 newLabel= 1 currentLabel= 1 
R-CCU: sum(pointsPerCluster) = 1242 
 num [1:3] 1239 1 2
NULL
R-CCU: After ClusterLabelChange for i = 43 
R-CCU: sum(pointsPerCluster) = 1243 
 num [1:3] 1240 1 2
NULL
R-CCU: dpObj$numberClusters = 3 
List of 2
 $ : num [1, 1, 1:3] 0.51 0.265 0.652
 $ : num [1, 1, 1:3] 2.3 3.79 3.21
NULL
R priorParameters: 2 8 
R maxT: 1 
R_PriorDraw_first_mu: 0.9222601 
R_PriorDraw_first_nu: 52.84675 
R-CCU: Before ClusterLabelChange for i = 44 newLabel= 1 currentLabel= 1 
R-CCU: sum(pointsPerCluster) = 1243 
 num [1:3] 1240 1 2
NULL
R-CCU: After ClusterLabelChange for i = 44 
R-CCU: sum(pointsPerCluster) = 1244 
 num [1:3] 1241 1 2
NULL
R-CCU: dpObj$numberClusters = 3 
List of 2
 $ : num [1, 1, 1:3] 0.51 0.265 0.652
 $ : num [1, 1, 1:3] 2.3 3.79 3.21
NULL
R priorParameters: 2 8 
R maxT: 1 
R_PriorDraw_first_mu: 0.5905518 
R_PriorDraw_first_nu: 4.982371 
R-CCU: Before ClusterLabelChange for i = 45 newLabel= 1 currentLabel= 1 
R-CCU: sum(pointsPerCluster) = 1244 
 num [1:3] 1241 1 2
NULL
R-CCU: After ClusterLabelChange for i = 45 
R-CCU: sum(pointsPerCluster) = 1245 
 num [1:3] 1242 1 2
NULL
R-CCU: dpObj$numberClusters = 3 
List of 2
 $ : num [1, 1, 1:3] 0.51 0.265 0.652
 $ : num [1, 1, 1:3] 2.3 3.79 3.21
NULL
R priorParameters: 2 8 
R maxT: 1 
R_PriorDraw_first_mu: 0.1904628 
R_PriorDraw_first_nu: 3.994415 
R-CCU: Before ClusterLabelChange for i = 46 newLabel= 1 currentLabel= 1 
R-CCU: sum(pointsPerCluster) = 1245 
 num [1:3] 1242 1 2
NULL
R-CCU: After ClusterLabelChange for i = 46 
R-CCU: sum(pointsPerCluster) = 1246 
 num [1:3] 1243 1 2
NULL
R-CCU: dpObj$numberClusters = 3 
List of 2
 $ : num [1, 1, 1:3] 0.51 0.265 0.652
 $ : num [1, 1, 1:3] 2.3 3.79 3.21
NULL
R priorParameters: 2 8 
R maxT: 1 
R_PriorDraw_first_mu: 0.4468942 
R_PriorDraw_first_nu: 5.452997 
R-CCU: Before ClusterLabelChange for i = 47 newLabel= 1 currentLabel= 1 
R-CCU: sum(pointsPerCluster) = 1246 
 num [1:3] 1243 1 2
NULL
R-CCU: After ClusterLabelChange for i = 47 
R-CCU: sum(pointsPerCluster) = 1247 
 num [1:3] 1244 1 2
NULL
R-CCU: dpObj$numberClusters = 3 
List of 2
 $ : num [1, 1, 1:3] 0.51 0.265 0.652
 $ : num [1, 1, 1:3] 2.3 3.79 3.21
NULL
R priorParameters: 2 8 
R maxT: 1 
R_PriorDraw_first_mu: 0.8478861 
R_PriorDraw_first_nu: 2.958592 
R-CCU: Before ClusterLabelChange for i = 48 newLabel= 1 currentLabel= 1 
R-CCU: sum(pointsPerCluster) = 1247 
 num [1:3] 1244 1 2
NULL
R-CCU: After ClusterLabelChange for i = 48 
R-CCU: sum(pointsPerCluster) = 1248 
 num [1:3] 1245 1 2
NULL
R-CCU: dpObj$numberClusters = 3 
List of 2
 $ : num [1, 1, 1:3] 0.51 0.265 0.652
 $ : num [1, 1, 1:3] 2.3 3.79 3.21
NULL
R priorParameters: 2 8 
R maxT: 1 
R_PriorDraw_first_mu: 0.527668 
R_PriorDraw_first_nu: 2.711618 
R-CCU: Before ClusterLabelChange for i = 49 newLabel= 1 currentLabel= 1 
R-CCU: sum(pointsPerCluster) = 1248 
 num [1:3] 1245 1 2
NULL
R-CCU: After ClusterLabelChange for i = 49 
R-CCU: sum(pointsPerCluster) = 1249 
 num [1:3] 1246 1 2
NULL
R-CCU: dpObj$numberClusters = 3 
List of 2
 $ : num [1, 1, 1:3] 0.51 0.265 0.652
 $ : num [1, 1, 1:3] 2.3 3.79 3.21
NULL
R priorParameters: 2 8 
R maxT: 1 
R_PriorDraw_first_mu: 0.3139851 
R_PriorDraw_first_nu: 3.015132 
R-CCU: Before ClusterLabelChange for i = 50 newLabel= 1 currentLabel= 1 
R-CCU: sum(pointsPerCluster) = 1249 
 num [1:3] 1246 1 2
NULL
R-CCU: After ClusterLabelChange for i = 50 
R-CCU: sum(pointsPerCluster) = 1250 
 num [1:3] 1247 1 2
NULL
R-CCU: dpObj$numberClusters = 3 
List of 2
 $ : num [1, 1, 1:3] 0.51 0.265 0.652
 $ : num [1, 1, 1:3] 2.3 3.79 3.21
NULL
R priorParameters: 2 8 
R maxT: 1 
R_PriorDraw_first_mu: 0.9252664 
R_PriorDraw_first_nu: 5.16205 
R-CCU: Before ClusterLabelChange for i = 51 newLabel= 1 currentLabel= 1 
R-CCU: sum(pointsPerCluster) = 1250 
 num [1:3] 1247 1 2
NULL
R-CCU: After ClusterLabelChange for i = 51 
R-CCU: sum(pointsPerCluster) = 1251 
 num [1:3] 1248 1 2
NULL
R-CCU: dpObj$numberClusters = 3 
List of 2
 $ : num [1, 1, 1:3] 0.51 0.265 0.652
 $ : num [1, 1, 1:3] 2.3 3.79 3.21
NULL
R priorParameters: 2 8 
R maxT: 1 
R_PriorDraw_first_mu: 0.6647945 
R_PriorDraw_first_nu: 6.338709 
R-CCU: Before ClusterLabelChange for i = 52 newLabel= 1 currentLabel= 1 
R-CCU: sum(pointsPerCluster) = 1251 
 num [1:3] 1248 1 2
NULL
R-CCU: After ClusterLabelChange for i = 52 
R-CCU: sum(pointsPerCluster) = 1252 
 num [1:3] 1249 1 2
NULL
R-CCU: dpObj$numberClusters = 3 
List of 2
 $ : num [1, 1, 1:3] 0.51 0.265 0.652
 $ : num [1, 1, 1:3] 2.3 3.79 3.21
NULL
R priorParameters: 2 8 
R maxT: 1 
R_PriorDraw_first_mu: 0.2853097 
R_PriorDraw_first_nu: 2.782396 
R-CCU: Before ClusterLabelChange for i = 53 newLabel= 1 currentLabel= 1 
R-CCU: sum(pointsPerCluster) = 1252 
 num [1:3] 1249 1 2
NULL
R-CCU: After ClusterLabelChange for i = 53 
R-CCU: sum(pointsPerCluster) = 1253 
 num [1:3] 1250 1 2
NULL
R-CCU: dpObj$numberClusters = 3 
List of 2
 $ : num [1, 1, 1:3] 0.51 0.265 0.652
 $ : num [1, 1, 1:3] 2.3 3.79 3.21
NULL
R priorParameters: 2 8 
R maxT: 1 
R_PriorDraw_first_mu: 0.653806 
R_PriorDraw_first_nu: 10.36348 
R-CCU: Before ClusterLabelChange for i = 54 newLabel= 1 currentLabel= 1 
R-CCU: sum(pointsPerCluster) = 1253 
 num [1:3] 1250 1 2
NULL
R-CCU: After ClusterLabelChange for i = 54 
R-CCU: sum(pointsPerCluster) = 1254 
 num [1:3] 1251 1 2
NULL
R-CCU: dpObj$numberClusters = 3 
List of 2
 $ : num [1, 1, 1:3] 0.51 0.265 0.652
 $ : num [1, 1, 1:3] 2.3 3.79 3.21
NULL
R priorParameters: 2 8 
R maxT: 1 
R_PriorDraw_first_mu: 0.5954565 
R_PriorDraw_first_nu: 2.88512 
R-CCU: Before ClusterLabelChange for i = 55 newLabel= 1 currentLabel= 1 
R-CCU: sum(pointsPerCluster) = 1254 
 num [1:3] 1251 1 2
NULL
R-CCU: After ClusterLabelChange for i = 55 
R-CCU: sum(pointsPerCluster) = 1255 
 num [1:3] 1252 1 2
NULL
R-CCU: dpObj$numberClusters = 3 
List of 2
 $ : num [1, 1, 1:3] 0.51 0.265 0.652
 $ : num [1, 1, 1:3] 2.3 3.79 3.21
NULL
R priorParameters: 2 8 
R maxT: 1 
R_PriorDraw_first_mu: 0.1743921 
R_PriorDraw_first_nu: 10.1056 
R-CCU: Before ClusterLabelChange for i = 56 newLabel= 1 currentLabel= 1 
R-CCU: sum(pointsPerCluster) = 1255 
 num [1:3] 1252 1 2
NULL
R-CCU: After ClusterLabelChange for i = 56 
R-CCU: sum(pointsPerCluster) = 1256 
 num [1:3] 1253 1 2
NULL
R-CCU: dpObj$numberClusters = 3 
List of 2
 $ : num [1, 1, 1:3] 0.51 0.265 0.652
 $ : num [1, 1, 1:3] 2.3 3.79 3.21
NULL
R priorParameters: 2 8 
R maxT: 1 
R_PriorDraw_first_mu: 0.1560479 
R_PriorDraw_first_nu: 4.125527 
R-CCU: Before ClusterLabelChange for i = 57 newLabel= 1 currentLabel= 1 
R-CCU: sum(pointsPerCluster) = 1256 
 num [1:3] 1253 1 2
NULL
R-CCU: After ClusterLabelChange for i = 57 
R-CCU: sum(pointsPerCluster) = 1257 
 num [1:3] 1254 1 2
NULL
R-CCU: dpObj$numberClusters = 3 
List of 2
 $ : num [1, 1, 1:3] 0.51 0.265 0.652
 $ : num [1, 1, 1:3] 2.3 3.79 3.21
NULL
R priorParameters: 2 8 
R maxT: 1 
R_PriorDraw_first_mu: 0.2058541 
R_PriorDraw_first_nu: 4.050127 
R-CCU: Before ClusterLabelChange for i = 58 newLabel= 1 currentLabel= 1 
R-CCU: sum(pointsPerCluster) = 1257 
 num [1:3] 1254 1 2
NULL
R-CCU: After ClusterLabelChange for i = 58 
R-CCU: sum(pointsPerCluster) = 1258 
 num [1:3] 1255 1 2
NULL
R-CCU: dpObj$numberClusters = 3 
List of 2
 $ : num [1, 1, 1:3] 0.51 0.265 0.652
 $ : num [1, 1, 1:3] 2.3 3.79 3.21
NULL
R priorParameters: 2 8 
R maxT: 1 
R_PriorDraw_first_mu: 0.2247019 
R_PriorDraw_first_nu: 4.143634 
R-CCU: Before ClusterLabelChange for i = 59 newLabel= 1 currentLabel= 1 
R-CCU: sum(pointsPerCluster) = 1258 
 num [1:3] 1255 1 2
NULL
R-CCU: After ClusterLabelChange for i = 59 
R-CCU: sum(pointsPerCluster) = 1259 
 num [1:3] 1256 1 2
NULL
R-CCU: dpObj$numberClusters = 3 
List of 2
 $ : num [1, 1, 1:3] 0.51 0.265 0.652
 $ : num [1, 1, 1:3] 2.3 3.79 3.21
NULL
R priorParameters: 2 8 
R maxT: 1 
R_PriorDraw_first_mu: 0.2166324 
R_PriorDraw_first_nu: 5.748688 
R-CCU: Before ClusterLabelChange for i = 60 newLabel= 1 currentLabel= 1 
R-CCU: sum(pointsPerCluster) = 1259 
 num [1:3] 1256 1 2
NULL
R-CCU: After ClusterLabelChange for i = 60 
R-CCU: sum(pointsPerCluster) = 1260 
 num [1:3] 1257 1 2
NULL
R-CCU: dpObj$numberClusters = 3 
List of 2
 $ : num [1, 1, 1:3] 0.51 0.265 0.652
 $ : num [1, 1, 1:3] 2.3 3.79 3.21
NULL

⠏ |   40      0 | Beta Distribution Full Integration Test          R priorParameters: 2 8 
R maxT: 1 
R_PriorDraw_first_mu: 0.9167037 
R_PriorDraw_first_nu: 15.4537 
R-CCU: Before ClusterLabelChange for i = 1 newLabel= 1 currentLabel= 1 
R-CCU: sum(pointsPerCluster) = 1260 
 num [1:3] 1257 1 2
NULL
R-CCU: After ClusterLabelChange for i = 1 
R-CCU: sum(pointsPerCluster) = 1261 
 num [1:3] 1258 1 2
NULL
R-CCU: dpObj$numberClusters = 3 
List of 2
 $ : num [1, 1, 1:3] 0.51 0.265 0.652
 $ : num [1, 1, 1:3] 3.21 3.79 3.21
NULL
R priorParameters: 2 8 
R maxT: 1 
R_PriorDraw_first_mu: 0.8511777 
R_PriorDraw_first_nu: 15.05727 
R-CCU: Before ClusterLabelChange for i = 2 newLabel= 1 currentLabel= 1 
R-CCU: sum(pointsPerCluster) = 1261 
 num [1:3] 1258 1 2
NULL
R-CCU: After ClusterLabelChange for i = 2 
R-CCU: sum(pointsPerCluster) = 1262 
 num [1:3] 1259 1 2
NULL
R-CCU: dpObj$numberClusters = 3 
List of 2
 $ : num [1, 1, 1:3] 0.51 0.265 0.652
 $ : num [1, 1, 1:3] 3.21 3.79 3.21
NULL
R priorParameters: 2 8 
R maxT: 1 
R_PriorDraw_first_mu: 0.9122817 
R_PriorDraw_first_nu: 2.068387 
R-CCU: Before ClusterLabelChange for i = 3 newLabel= 1 currentLabel= 1 
R-CCU: sum(pointsPerCluster) = 1262 
 num [1:3] 1259 1 2
NULL
R-CCU: After ClusterLabelChange for i = 3 
R-CCU: sum(pointsPerCluster) = 1263 
 num [1:3] 1260 1 2
NULL
R-CCU: dpObj$numberClusters = 3 
List of 2
 $ : num [1, 1, 1:3] 0.51 0.265 0.652
 $ : num [1, 1, 1:3] 3.21 3.79 3.21
NULL
R priorParameters: 2 8 
R maxT: 1 
R_PriorDraw_first_mu: 0.9233873 
R_PriorDraw_first_nu: 2.877103 
R-CCU: Before ClusterLabelChange for i = 4 newLabel= 1 currentLabel= 1 
R-CCU: sum(pointsPerCluster) = 1263 
 num [1:3] 1260 1 2
NULL
R-CCU: After ClusterLabelChange for i = 4 
R-CCU: sum(pointsPerCluster) = 1264 
 num [1:3] 1261 1 2
NULL
R-CCU: dpObj$numberClusters = 3 
List of 2
 $ : num [1, 1, 1:3] 0.51 0.265 0.652
 $ : num [1, 1, 1:3] 3.21 3.79 3.21
NULL
R priorParameters: 2 8 
R maxT: 1 
R_PriorDraw_first_mu: 0.9634859 
R_PriorDraw_first_nu: 2.148029 
R-CCU: Before ClusterLabelChange for i = 5 newLabel= 1 currentLabel= 1 
R-CCU: sum(pointsPerCluster) = 1264 
 num [1:3] 1261 1 2
NULL
R-CCU: After ClusterLabelChange for i = 5 
R-CCU: sum(pointsPerCluster) = 1265 
 num [1:3] 1262 1 2
NULL
R-CCU: dpObj$numberClusters = 3 
List of 2
 $ : num [1, 1, 1:3] 0.51 0.265 0.652
 $ : num [1, 1, 1:3] 3.21 3.79 3.21
NULL
R priorParameters: 2 8 
R maxT: 1 
R_PriorDraw_first_mu: 0.2753538 
R_PriorDraw_first_nu: 4.633337 
R-CCU: Before ClusterLabelChange for i = 6 newLabel= 1 currentLabel= 1 
R-CCU: sum(pointsPerCluster) = 1265 
 num [1:3] 1262 1 2
NULL
R-CCU: After ClusterLabelChange for i = 6 
R-CCU: sum(pointsPerCluster) = 1266 
 num [1:3] 1263 1 2
NULL
R-CCU: dpObj$numberClusters = 3 
List of 2
 $ : num [1, 1, 1:3] 0.51 0.265 0.652
 $ : num [1, 1, 1:3] 3.21 3.79 3.21
NULL
R priorParameters: 2 8 
R maxT: 1 
R_PriorDraw_first_mu: 0.3511465 
R_PriorDraw_first_nu: 4.495645 
R-CCU: Before ClusterLabelChange for i = 7 newLabel= 1 currentLabel= 1 
R-CCU: sum(pointsPerCluster) = 1266 
 num [1:3] 1263 1 2
NULL
R-CCU: After ClusterLabelChange for i = 7 
R-CCU: sum(pointsPerCluster) = 1267 
 num [1:3] 1264 1 2
NULL
R-CCU: dpObj$numberClusters = 3 
List of 2
 $ : num [1, 1, 1:3] 0.51 0.265 0.652
 $ : num [1, 1, 1:3] 3.21 3.79 3.21
NULL
R priorParameters: 2 8 
R maxT: 1 
R_PriorDraw_first_mu: 0.6971536 
R_PriorDraw_first_nu: 16.62597 
R-CCU: Before ClusterLabelChange for i = 8 newLabel= 1 currentLabel= 1 
R-CCU: sum(pointsPerCluster) = 1267 
 num [1:3] 1264 1 2
NULL
R-CCU: After ClusterLabelChange for i = 8 
R-CCU: sum(pointsPerCluster) = 1268 
 num [1:3] 1265 1 2
NULL
R-CCU: dpObj$numberClusters = 3 
List of 2
 $ : num [1, 1, 1:3] 0.51 0.265 0.652
 $ : num [1, 1, 1:3] 3.21 3.79 3.21
NULL
R priorParameters: 2 8 
R maxT: 1 
R_PriorDraw_first_mu: 0.1784834 
R_PriorDraw_first_nu: 5.974414 
R-CCU: Before ClusterLabelChange for i = 9 newLabel= 1 currentLabel= 1 
R-CCU: sum(pointsPerCluster) = 1268 
 num [1:3] 1265 1 2
NULL
R-CCU: After ClusterLabelChange for i = 9 
R-CCU: sum(pointsPerCluster) = 1269 
 num [1:3] 1266 1 2
NULL
R-CCU: dpObj$numberClusters = 3 
List of 2
 $ : num [1, 1, 1:3] 0.51 0.265 0.652
 $ : num [1, 1, 1:3] 3.21 3.79 3.21
NULL
R priorParameters: 2 8 
R maxT: 1 
R_PriorDraw_first_mu: 0.5687244 
R_PriorDraw_first_nu: 5.818058 
R-CCU: Before ClusterLabelChange for i = 10 newLabel= 1 currentLabel= 1 
R-CCU: sum(pointsPerCluster) = 1269 
 num [1:3] 1266 1 2
NULL
R-CCU: After ClusterLabelChange for i = 10 
R-CCU: sum(pointsPerCluster) = 1270 
 num [1:3] 1267 1 2
NULL
R-CCU: dpObj$numberClusters = 3 
List of 2
 $ : num [1, 1, 1:3] 0.51 0.265 0.652
 $ : num [1, 1, 1:3] 3.21 3.79 3.21
NULL
R priorParameters: 2 8 
R maxT: 1 
R_PriorDraw_first_mu: 0.236653 
R_PriorDraw_first_nu: 10.8 
R-CCU: Before ClusterLabelChange for i = 11 newLabel= 1 currentLabel= 1 
R-CCU: sum(pointsPerCluster) = 1270 
 num [1:3] 1267 1 2
NULL
R-CCU: After ClusterLabelChange for i = 11 
R-CCU: sum(pointsPerCluster) = 1271 
 num [1:3] 1268 1 2
NULL
R-CCU: dpObj$numberClusters = 3 
List of 2
 $ : num [1, 1, 1:3] 0.51 0.265 0.652
 $ : num [1, 1, 1:3] 3.21 3.79 3.21
NULL
R priorParameters: 2 8 
R maxT: 1 
R_PriorDraw_first_mu: 0.7428423 
R_PriorDraw_first_nu: 8.449258 
R-CCU: Before ClusterLabelChange for i = 12 newLabel= 1 currentLabel= 1 
R-CCU: sum(pointsPerCluster) = 1271 
 num [1:3] 1268 1 2
NULL
R-CCU: After ClusterLabelChange for i = 12 
R-CCU: sum(pointsPerCluster) = 1272 
 num [1:3] 1269 1 2
NULL
R-CCU: dpObj$numberClusters = 3 
List of 2
 $ : num [1, 1, 1:3] 0.51 0.265 0.652
 $ : num [1, 1, 1:3] 3.21 3.79 3.21
NULL
R priorParameters: 2 8 
R maxT: 1 
R_PriorDraw_first_mu: 0.2376433 
R_PriorDraw_first_nu: 43.89071 
R-CCU: Before ClusterLabelChange for i = 13 newLabel= 1 currentLabel= 1 
R-CCU: sum(pointsPerCluster) = 1272 
 num [1:3] 1269 1 2
NULL
R-CCU: After ClusterLabelChange for i = 13 
R-CCU: sum(pointsPerCluster) = 1273 
 num [1:3] 1270 1 2
NULL
R-CCU: dpObj$numberClusters = 3 
List of 2
 $ : num [1, 1, 1:3] 0.51 0.265 0.652
 $ : num [1, 1, 1:3] 3.21 3.79 3.21
NULL
R priorParameters: 2 8 
R maxT: 1 
R_PriorDraw_first_mu: 0.220963 
R_PriorDraw_first_nu: 4.452284 
R-CCU: Before ClusterLabelChange for i = 14 newLabel= 1 currentLabel= 1 
R-CCU: sum(pointsPerCluster) = 1273 
 num [1:3] 1270 1 2
NULL
R-CCU: After ClusterLabelChange for i = 14 
R-CCU: sum(pointsPerCluster) = 1274 
 num [1:3] 1271 1 2
NULL
R-CCU: dpObj$numberClusters = 3 
List of 2
 $ : num [1, 1, 1:3] 0.51 0.265 0.652
 $ : num [1, 1, 1:3] 3.21 3.79 3.21
NULL
R priorParameters: 2 8 
R maxT: 1 
R_PriorDraw_first_mu: 0.7380069 
R_PriorDraw_first_nu: 7.406412 
R-CCU: Before ClusterLabelChange for i = 15 newLabel= 1 currentLabel= 1 
R-CCU: sum(pointsPerCluster) = 1274 
 num [1:3] 1271 1 2
NULL
R-CCU: After ClusterLabelChange for i = 15 
R-CCU: sum(pointsPerCluster) = 1275 
 num [1:3] 1272 1 2
NULL
R-CCU: dpObj$numberClusters = 3 
List of 2
 $ : num [1, 1, 1:3] 0.51 0.265 0.652
 $ : num [1, 1, 1:3] 3.21 3.79 3.21
NULL
R priorParameters: 2 8 
R maxT: 1 
R_PriorDraw_first_mu: 0.450582 
R_PriorDraw_first_nu: 3.069679 
R-CCU: Before ClusterLabelChange for i = 16 newLabel= 1 currentLabel= 1 
R-CCU: sum(pointsPerCluster) = 1275 
 num [1:3] 1272 1 2
NULL
R-CCU: After ClusterLabelChange for i = 16 
R-CCU: sum(pointsPerCluster) = 1276 
 num [1:3] 1273 1 2
NULL
R-CCU: dpObj$numberClusters = 3 
List of 2
 $ : num [1, 1, 1:3] 0.51 0.265 0.652
 $ : num [1, 1, 1:3] 3.21 3.79 3.21
NULL
R priorParameters: 2 8 
R maxT: 1 
R_PriorDraw_first_mu: 0.653122 
R_PriorDraw_first_nu: 9.318844 
R-CCU: Before ClusterLabelChange for i = 17 newLabel= 1 currentLabel= 1 
R-CCU: sum(pointsPerCluster) = 1276 
 num [1:3] 1273 1 2
NULL
R-CCU: After ClusterLabelChange for i = 17 
R-CCU: sum(pointsPerCluster) = 1277 
 num [1:3] 1274 1 2
NULL
R-CCU: dpObj$numberClusters = 3 
List of 2
 $ : num [1, 1, 1:3] 0.51 0.265 0.652
 $ : num [1, 1, 1:3] 3.21 3.79 3.21
NULL
R priorParameters: 2 8 
R maxT: 1 
R_PriorDraw_first_mu: 0.08581507 
R_PriorDraw_first_nu: 3.595777 
R-CCU: Before ClusterLabelChange for i = 18 newLabel= 1 currentLabel= 1 
R-CCU: sum(pointsPerCluster) = 1277 
 num [1:3] 1274 1 2
NULL
R-CCU: After ClusterLabelChange for i = 18 
R-CCU: sum(pointsPerCluster) = 1278 
 num [1:3] 1275 1 2
NULL
R-CCU: dpObj$numberClusters = 3 
List of 2
 $ : num [1, 1, 1:3] 0.51 0.265 0.652
 $ : num [1, 1, 1:3] 3.21 3.79 3.21
NULL
R priorParameters: 2 8 
R maxT: 1 
R_PriorDraw_first_mu: 0.9542845 
R_PriorDraw_first_nu: 1.792743 
R-CCU: Before ClusterLabelChange for i = 19 newLabel= 1 currentLabel= 1 
R-CCU: sum(pointsPerCluster) = 1278 
 num [1:3] 1275 1 2
NULL
R-CCU: After ClusterLabelChange for i = 19 
R-CCU: sum(pointsPerCluster) = 1279 
 num [1:3] 1276 1 2
NULL
R-CCU: dpObj$numberClusters = 3 
List of 2
 $ : num [1, 1, 1:3] 0.51 0.265 0.652
 $ : num [1, 1, 1:3] 3.21 3.79 3.21
NULL
R priorParameters: 2 8 
R maxT: 1 
R_PriorDraw_first_mu: 0.3819567 
R_PriorDraw_first_nu: 2.21373 
R-CCU: Before ClusterLabelChange for i = 20 newLabel= 1 currentLabel= 1 
R-CCU: sum(pointsPerCluster) = 1279 
 num [1:3] 1276 1 2
NULL
R-CCU: After ClusterLabelChange for i = 20 
R-CCU: sum(pointsPerCluster) = 1280 
 num [1:3] 1277 1 2
NULL
R-CCU: dpObj$numberClusters = 3 
List of 2
 $ : num [1, 1, 1:3] 0.51 0.265 0.652
 $ : num [1, 1, 1:3] 3.21 3.79 3.21
NULL
R priorParameters: 2 8 
R maxT: 1 
R_PriorDraw_first_mu: 0.5223933 
R_PriorDraw_first_nu: 9.964351 
R-CCU: Before ClusterLabelChange for i = 21 newLabel= 1 currentLabel= 1 
R-CCU: sum(pointsPerCluster) = 1280 
 num [1:3] 1277 1 2
NULL
R-CCU: After ClusterLabelChange for i = 21 
R-CCU: sum(pointsPerCluster) = 1281 
 num [1:3] 1278 1 2
NULL
R-CCU: dpObj$numberClusters = 3 
List of 2
 $ : num [1, 1, 1:3] 0.51 0.265 0.652
 $ : num [1, 1, 1:3] 3.21 3.79 3.21
NULL
R priorParameters: 2 8 
R maxT: 1 
R_PriorDraw_first_mu: 0.02083488 
R_PriorDraw_first_nu: 5.960555 
R-CCU: Before ClusterLabelChange for i = 22 newLabel= 1 currentLabel= 1 
R-CCU: sum(pointsPerCluster) = 1281 
 num [1:3] 1278 1 2
NULL
R-CCU: After ClusterLabelChange for i = 22 
R-CCU: sum(pointsPerCluster) = 1282 
 num [1:3] 1279 1 2
NULL
R-CCU: dpObj$numberClusters = 3 
List of 2
 $ : num [1, 1, 1:3] 0.51 0.265 0.652
 $ : num [1, 1, 1:3] 3.21 3.79 3.21
NULL
R priorParameters: 2 8 
R maxT: 1 
R_PriorDraw_first_mu: 0.8547012 
R_PriorDraw_first_nu: 4.229545 
R-CCU: Before ClusterLabelChange for i = 23 newLabel= 1 currentLabel= 1 
R-CCU: sum(pointsPerCluster) = 1282 
 num [1:3] 1279 1 2
NULL
R-CCU: After ClusterLabelChange for i = 23 
R-CCU: sum(pointsPerCluster) = 1283 
 num [1:3] 1280 1 2
NULL
R-CCU: dpObj$numberClusters = 3 
List of 2
 $ : num [1, 1, 1:3] 0.51 0.265 0.652
 $ : num [1, 1, 1:3] 3.21 3.79 3.21
NULL
R priorParameters: 2 8 
R maxT: 1 
R_PriorDraw_first_mu: 0.9265354 
R_PriorDraw_first_nu: 3.524413 
R-CCU: Before ClusterLabelChange for i = 24 newLabel= 1 currentLabel= 1 
R-CCU: sum(pointsPerCluster) = 1283 
 num [1:3] 1280 1 2
NULL
R-CCU: After ClusterLabelChange for i = 24 
R-CCU: sum(pointsPerCluster) = 1284 
 num [1:3] 1281 1 2
NULL
R-CCU: dpObj$numberClusters = 3 
List of 2
 $ : num [1, 1, 1:3] 0.51 0.265 0.652
 $ : num [1, 1, 1:3] 3.21 3.79 3.21
NULL
R priorParameters: 2 8 
R maxT: 1 
R_PriorDraw_first_mu: 0.7425137 
R_PriorDraw_first_nu: 10.07119 
R-CCU: Before ClusterLabelChange for i = 25 newLabel= 1 currentLabel= 1 
R-CCU: sum(pointsPerCluster) = 1284 
 num [1:3] 1281 1 2
NULL
R-CCU: After ClusterLabelChange for i = 25 
R-CCU: sum(pointsPerCluster) = 1285 
 num [1:3] 1282 1 2
NULL
R-CCU: dpObj$numberClusters = 3 
List of 2
 $ : num [1, 1, 1:3] 0.51 0.265 0.652
 $ : num [1, 1, 1:3] 3.21 3.79 3.21
NULL
R priorParameters: 2 8 
R maxT: 1 
R_PriorDraw_first_mu: 0.5889726 
R_PriorDraw_first_nu: 2.983237 
R-CCU: Before ClusterLabelChange for i = 26 newLabel= 1 currentLabel= 1 
R-CCU: sum(pointsPerCluster) = 1285 
 num [1:3] 1282 1 2
NULL
R-CCU: After ClusterLabelChange for i = 26 
R-CCU: sum(pointsPerCluster) = 1286 
 num [1:3] 1283 1 2
NULL
R-CCU: dpObj$numberClusters = 3 
List of 2
 $ : num [1, 1, 1:3] 0.51 0.265 0.652
 $ : num [1, 1, 1:3] 3.21 3.79 3.21
NULL
R priorParameters: 2 8 
R maxT: 1 
R_PriorDraw_first_mu: 0.9689374 
R_PriorDraw_first_nu: 4.444112 
R-CCU: Before ClusterLabelChange for i = 27 newLabel= 1 currentLabel= 1 
R-CCU: sum(pointsPerCluster) = 1286 
 num [1:3] 1283 1 2
NULL
R-CCU: After ClusterLabelChange for i = 27 
R-CCU: sum(pointsPerCluster) = 1287 
 num [1:3] 1284 1 2
NULL
R-CCU: dpObj$numberClusters = 3 
List of 2
 $ : num [1, 1, 1:3] 0.51 0.265 0.652
 $ : num [1, 1, 1:3] 3.21 3.79 3.21
NULL
R priorParameters: 2 8 
R maxT: 1 
R_PriorDraw_first_mu: 0.5724748 
R_PriorDraw_first_nu: 2.14671 
R-CCU: Before ClusterLabelChange for i = 28 newLabel= 1 currentLabel= 1 
R-CCU: sum(pointsPerCluster) = 1287 
 num [1:3] 1284 1 2
NULL
R-CCU: After ClusterLabelChange for i = 28 
R-CCU: sum(pointsPerCluster) = 1288 
 num [1:3] 1285 1 2
NULL
R-CCU: dpObj$numberClusters = 3 
List of 2
 $ : num [1, 1, 1:3] 0.51 0.265 0.652
 $ : num [1, 1, 1:3] 3.21 3.79 3.21
NULL
R priorParameters: 2 8 
R maxT: 1 
R_PriorDraw_first_mu: 0.5282581 
R_PriorDraw_first_nu: 5.148462 
R-CCU: Before ClusterLabelChange for i = 29 newLabel= 1 currentLabel= 1 
R-CCU: sum(pointsPerCluster) = 1288 
 num [1:3] 1285 1 2
NULL
R-CCU: After ClusterLabelChange for i = 29 
R-CCU: sum(pointsPerCluster) = 1289 
 num [1:3] 1286 1 2
NULL
R-CCU: dpObj$numberClusters = 3 
List of 2
 $ : num [1, 1, 1:3] 0.51 0.265 0.652
 $ : num [1, 1, 1:3] 3.21 3.79 3.21
NULL
R priorParameters: 2 8 
R maxT: 1 
R_PriorDraw_first_mu: 0.2508138 
R_PriorDraw_first_nu: 2.013173 
R-CCU: Before ClusterLabelChange for i = 30 newLabel= 1 currentLabel= 1 
R-CCU: sum(pointsPerCluster) = 1289 
 num [1:3] 1286 1 2
NULL
R-CCU: After ClusterLabelChange for i = 30 
R-CCU: sum(pointsPerCluster) = 1290 
 num [1:3] 1287 1 2
NULL
R-CCU: dpObj$numberClusters = 3 
List of 2
 $ : num [1, 1, 1:3] 0.51 0.265 0.652
 $ : num [1, 1, 1:3] 3.21 3.79 3.21
NULL
R priorParameters: 2 8 
R maxT: 1 
R_PriorDraw_first_mu: 0.0217112 
R_PriorDraw_first_nu: 4.44856 
R-CCU: Before ClusterLabelChange for i = 31 newLabel= 1 currentLabel= 1 
R-CCU: sum(pointsPerCluster) = 1290 
 num [1:3] 1287 1 2
NULL
R-CCU: After ClusterLabelChange for i = 31 
R-CCU: sum(pointsPerCluster) = 1291 
 num [1:3] 1288 1 2
NULL
R-CCU: dpObj$numberClusters = 3 
List of 2
 $ : num [1, 1, 1:3] 0.51 0.265 0.652
 $ : num [1, 1, 1:3] 3.21 3.79 3.21
NULL
R priorParameters: 2 8 
R maxT: 1 
R_PriorDraw_first_mu: 0.8926164 
R_PriorDraw_first_nu: 2.214459 
R-CCU: Before ClusterLabelChange for i = 32 newLabel= 1 currentLabel= 1 
R-CCU: sum(pointsPerCluster) = 1291 
 num [1:3] 1288 1 2
NULL
R-CCU: After ClusterLabelChange for i = 32 
R-CCU: sum(pointsPerCluster) = 1292 
 num [1:3] 1289 1 2
NULL
R-CCU: dpObj$numberClusters = 3 
List of 2
 $ : num [1, 1, 1:3] 0.51 0.265 0.652
 $ : num [1, 1, 1:3] 3.21 3.79 3.21
NULL
R priorParameters: 2 8 
R maxT: 1 
R_PriorDraw_first_mu: 0.3214793 
R_PriorDraw_first_nu: 5.792124 
R-CCU: Before ClusterLabelChange for i = 33 newLabel= 1 currentLabel= 1 
R-CCU: sum(pointsPerCluster) = 1292 
 num [1:3] 1289 1 2
NULL
R-CCU: After ClusterLabelChange for i = 33 
R-CCU: sum(pointsPerCluster) = 1293 
 num [1:3] 1290 1 2
NULL
R-CCU: dpObj$numberClusters = 3 
List of 2
 $ : num [1, 1, 1:3] 0.51 0.265 0.652
 $ : num [1, 1, 1:3] 3.21 3.79 3.21
NULL
R priorParameters: 2 8 
R maxT: 1 
R_PriorDraw_first_mu: 0.137709 
R_PriorDraw_first_nu: 1.621004 
R-CCU: Before ClusterLabelChange for i = 34 newLabel= 1 currentLabel= 1 
R-CCU: sum(pointsPerCluster) = 1293 
 num [1:3] 1290 1 2
NULL
R-CCU: After ClusterLabelChange for i = 34 
R-CCU: sum(pointsPerCluster) = 1294 
 num [1:3] 1291 1 2
NULL
R-CCU: dpObj$numberClusters = 3 
List of 2
 $ : num [1, 1, 1:3] 0.51 0.265 0.652
 $ : num [1, 1, 1:3] 3.21 3.79 3.21
NULL
R priorParameters: 2 8 
R maxT: 1 
R_PriorDraw_first_mu: 0.8143762 
R_PriorDraw_first_nu: 6.138699 
R-CCU: Before ClusterLabelChange for i = 35 newLabel= 1 currentLabel= 1 
R-CCU: sum(pointsPerCluster) = 1294 
 num [1:3] 1291 1 2
NULL
R-CCU: After ClusterLabelChange for i = 35 
R-CCU: sum(pointsPerCluster) = 1295 
 num [1:3] 1292 1 2
NULL
R-CCU: dpObj$numberClusters = 3 
List of 2
 $ : num [1, 1, 1:3] 0.51 0.265 0.652
 $ : num [1, 1, 1:3] 3.21 3.79 3.21
NULL
R priorParameters: 2 8 
R maxT: 1 
R_PriorDraw_first_mu: 0.9604702 
R_PriorDraw_first_nu: 3.523859 
R-CCU: Before ClusterLabelChange for i = 36 newLabel= 1 currentLabel= 1 
R-CCU: sum(pointsPerCluster) = 1295 
 num [1:3] 1292 1 2
NULL
R-CCU: After ClusterLabelChange for i = 36 
R-CCU: sum(pointsPerCluster) = 1296 
 num [1:3] 1293 1 2
NULL
R-CCU: dpObj$numberClusters = 3 
List of 2
 $ : num [1, 1, 1:3] 0.51 0.265 0.652
 $ : num [1, 1, 1:3] 3.21 3.79 3.21
NULL
R priorParameters: 2 8 
R maxT: 1 
R_PriorDraw_first_mu: 0.6511653 
R_PriorDraw_first_nu: 18.18666 
R-CCU: Before ClusterLabelChange for i = 37 newLabel= 1 currentLabel= 1 
R-CCU: sum(pointsPerCluster) = 1296 
 num [1:3] 1293 1 2
NULL
R-CCU: After ClusterLabelChange for i = 37 
R-CCU: sum(pointsPerCluster) = 1297 
 num [1:3] 1294 1 2
NULL
R-CCU: dpObj$numberClusters = 3 
List of 2
 $ : num [1, 1, 1:3] 0.51 0.265 0.652
 $ : num [1, 1, 1:3] 3.21 3.79 3.21
NULL
R priorParameters: 2 8 
R maxT: 1 
R_PriorDraw_first_mu: 0.3064981 
R_PriorDraw_first_nu: 1.256063 
R-CCU: Before ClusterLabelChange for i = 38 newLabel= 1 currentLabel= 1 
R-CCU: sum(pointsPerCluster) = 1297 
 num [1:3] 1294 1 2
NULL
R-CCU: After ClusterLabelChange for i = 38 
R-CCU: sum(pointsPerCluster) = 1298 
 num [1:3] 1295 1 2
NULL
R-CCU: dpObj$numberClusters = 3 
List of 2
 $ : num [1, 1, 1:3] 0.51 0.265 0.652
 $ : num [1, 1, 1:3] 3.21 3.79 3.21
NULL
R priorParameters: 2 8 
R maxT: 1 
R_PriorDraw_first_mu: 0.2420617 
R_PriorDraw_first_nu: 1.458694 
R-CCU: Before ClusterLabelChange for i = 39 newLabel= 1 currentLabel= 1 
R-CCU: sum(pointsPerCluster) = 1298 
 num [1:3] 1295 1 2
NULL
R-CCU: After ClusterLabelChange for i = 39 
R-CCU: sum(pointsPerCluster) = 1299 
 num [1:3] 1296 1 2
NULL
R-CCU: dpObj$numberClusters = 3 
List of 2
 $ : num [1, 1, 1:3] 0.51 0.265 0.652
 $ : num [1, 1, 1:3] 3.21 3.79 3.21
NULL
R priorParameters: 2 8 
R maxT: 1 
R_PriorDraw_first_mu: 0.9487362 
R_PriorDraw_first_nu: 2.596904 
R-CCU: Before ClusterLabelChange for i = 40 newLabel= 1 currentLabel= 1 
R-CCU: sum(pointsPerCluster) = 1299 
 num [1:3] 1296 1 2
NULL
R-CCU: After ClusterLabelChange for i = 40 
R-CCU: sum(pointsPerCluster) = 1300 
 num [1:3] 1297 1 2
NULL
R-CCU: dpObj$numberClusters = 3 
List of 2
 $ : num [1, 1, 1:3] 0.51 0.265 0.652
 $ : num [1, 1, 1:3] 3.21 3.79 3.21
NULL
R priorParameters: 2 8 
R maxT: 1 
R_PriorDraw_first_mu: 0.002374621 
R_PriorDraw_first_nu: 123.9529 
R-CCU: Before ClusterLabelChange for i = 41 newLabel= 1 currentLabel= 1 
R-CCU: sum(pointsPerCluster) = 1300 
 num [1:3] 1297 1 2
NULL
R-CCU: After ClusterLabelChange for i = 41 
R-CCU: sum(pointsPerCluster) = 1301 
 num [1:3] 1298 1 2
NULL
R-CCU: dpObj$numberClusters = 3 
List of 2
 $ : num [1, 1, 1:3] 0.51 0.265 0.652
 $ : num [1, 1, 1:3] 3.21 3.79 3.21
NULL
R priorParameters: 2 8 
R maxT: 1 
R_PriorDraw_first_mu: 0.5853242 
R_PriorDraw_first_nu: 2.257477 
R-CCU: Before ClusterLabelChange for i = 42 newLabel= 1 currentLabel= 1 
R-CCU: sum(pointsPerCluster) = 1301 
 num [1:3] 1298 1 2
NULL
R-CCU: After ClusterLabelChange for i = 42 
R-CCU: sum(pointsPerCluster) = 1302 
 num [1:3] 1299 1 2
NULL
R-CCU: dpObj$numberClusters = 3 
List of 2
 $ : num [1, 1, 1:3] 0.51 0.265 0.652
 $ : num [1, 1, 1:3] 3.21 3.79 3.21
NULL
R priorParameters: 2 8 
R maxT: 1 
R_PriorDraw_first_mu: 0.06472182 
R_PriorDraw_first_nu: 3.036388 
R-CCU: Before ClusterLabelChange for i = 43 newLabel= 1 currentLabel= 1 
R-CCU: sum(pointsPerCluster) = 1302 
 num [1:3] 1299 1 2
NULL
R-CCU: After ClusterLabelChange for i = 43 
R-CCU: sum(pointsPerCluster) = 1303 
 num [1:3] 1300 1 2
NULL
R-CCU: dpObj$numberClusters = 3 
List of 2
 $ : num [1, 1, 1:3] 0.51 0.265 0.652
 $ : num [1, 1, 1:3] 3.21 3.79 3.21
NULL
R priorParameters: 2 8 
R maxT: 1 
R_PriorDraw_first_mu: 0.2460001 
R_PriorDraw_first_nu: 2.304107 
R-CCU: Before ClusterLabelChange for i = 44 newLabel= 1 currentLabel= 1 
R-CCU: sum(pointsPerCluster) = 1303 
 num [1:3] 1300 1 2
NULL
R-CCU: After ClusterLabelChange for i = 44 
R-CCU: sum(pointsPerCluster) = 1304 
 num [1:3] 1301 1 2
NULL
R-CCU: dpObj$numberClusters = 3 
List of 2
 $ : num [1, 1, 1:3] 0.51 0.265 0.652
 $ : num [1, 1, 1:3] 3.21 3.79 3.21
NULL
R priorParameters: 2 8 
R maxT: 1 
R_PriorDraw_first_mu: 0.6412617 
R_PriorDraw_first_nu: 4.61319 
R-CCU: Before ClusterLabelChange for i = 45 newLabel= 1 currentLabel= 1 
R-CCU: sum(pointsPerCluster) = 1304 
 num [1:3] 1301 1 2
NULL
R-CCU: After ClusterLabelChange for i = 45 
R-CCU: sum(pointsPerCluster) = 1305 
 num [1:3] 1302 1 2
NULL
R-CCU: dpObj$numberClusters = 3 
List of 2
 $ : num [1, 1, 1:3] 0.51 0.265 0.652
 $ : num [1, 1, 1:3] 3.21 3.79 3.21
NULL
R priorParameters: 2 8 
R maxT: 1 
R_PriorDraw_first_mu: 0.7047382 
R_PriorDraw_first_nu: 5.82783 
R-CCU: Before ClusterLabelChange for i = 46 newLabel= 1 currentLabel= 1 
R-CCU: sum(pointsPerCluster) = 1305 
 num [1:3] 1302 1 2
NULL
R-CCU: After ClusterLabelChange for i = 46 
R-CCU: sum(pointsPerCluster) = 1306 
 num [1:3] 1303 1 2
NULL
R-CCU: dpObj$numberClusters = 3 
List of 2
 $ : num [1, 1, 1:3] 0.51 0.265 0.652
 $ : num [1, 1, 1:3] 3.21 3.79 3.21
NULL
R priorParameters: 2 8 
R maxT: 1 
R_PriorDraw_first_mu: 0.115039 
R_PriorDraw_first_nu: 2.957976 
R-CCU: Before ClusterLabelChange for i = 47 newLabel= 1 currentLabel= 1 
R-CCU: sum(pointsPerCluster) = 1306 
 num [1:3] 1303 1 2
NULL
R-CCU: After ClusterLabelChange for i = 47 
R-CCU: sum(pointsPerCluster) = 1307 
 num [1:3] 1304 1 2
NULL
R-CCU: dpObj$numberClusters = 3 
List of 2
 $ : num [1, 1, 1:3] 0.51 0.265 0.652
 $ : num [1, 1, 1:3] 3.21 3.79 3.21
NULL
R priorParameters: 2 8 
R maxT: 1 
R_PriorDraw_first_mu: 0.9215194 
R_PriorDraw_first_nu: 1.97559 
R-CCU: Before ClusterLabelChange for i = 48 newLabel= 1 currentLabel= 1 
R-CCU: sum(pointsPerCluster) = 1307 
 num [1:3] 1304 1 2
NULL
R-CCU: After ClusterLabelChange for i = 48 
R-CCU: sum(pointsPerCluster) = 1308 
 num [1:3] 1305 1 2
NULL
R-CCU: dpObj$numberClusters = 3 
List of 2
 $ : num [1, 1, 1:3] 0.51 0.265 0.652
 $ : num [1, 1, 1:3] 3.21 3.79 3.21
NULL
R priorParameters: 2 8 
R maxT: 1 
R_PriorDraw_first_mu: 0.07869289 
R_PriorDraw_first_nu: 13.98998 
R-CCU: Before ClusterLabelChange for i = 49 newLabel= 1 currentLabel= 1 
R-CCU: sum(pointsPerCluster) = 1308 
 num [1:3] 1305 1 2
NULL
R-CCU: After ClusterLabelChange for i = 49 
R-CCU: sum(pointsPerCluster) = 1309 
 num [1:3] 1306 1 2
NULL
R-CCU: dpObj$numberClusters = 3 
List of 2
 $ : num [1, 1, 1:3] 0.51 0.265 0.652
 $ : num [1, 1, 1:3] 3.21 3.79 3.21
NULL
R priorParameters: 2 8 
R maxT: 1 
R_PriorDraw_first_mu: 0.4078342 
R_PriorDraw_first_nu: 4.556894 
R-CCU: Before ClusterLabelChange for i = 50 newLabel= 1 currentLabel= 1 
R-CCU: sum(pointsPerCluster) = 1309 
 num [1:3] 1306 1 2
NULL
R-CCU: After ClusterLabelChange for i = 50 
R-CCU: sum(pointsPerCluster) = 1310 
 num [1:3] 1307 1 2
NULL
R-CCU: dpObj$numberClusters = 3 
List of 2
 $ : num [1, 1, 1:3] 0.51 0.265 0.652
 $ : num [1, 1, 1:3] 3.21 3.79 3.21
NULL
R priorParameters: 2 8 
R maxT: 1 
R_PriorDraw_first_mu: 0.5357928 
R_PriorDraw_first_nu: 16.36804 
R-CCU: Before ClusterLabelChange for i = 51 newLabel= 1 currentLabel= 1 
R-CCU: sum(pointsPerCluster) = 1310 
 num [1:3] 1307 1 2
NULL
R-CCU: After ClusterLabelChange for i = 51 
R-CCU: sum(pointsPerCluster) = 1311 
 num [1:3] 1308 1 2
NULL
R-CCU: dpObj$numberClusters = 3 
List of 2
 $ : num [1, 1, 1:3] 0.51 0.265 0.652
 $ : num [1, 1, 1:3] 3.21 3.79 3.21
NULL
R priorParameters: 2 8 
R maxT: 1 
R_PriorDraw_first_mu: 0.3368997 
R_PriorDraw_first_nu: 2.371928 
R-CCU: Before ClusterLabelChange for i = 52 newLabel= 1 currentLabel= 1 
R-CCU: sum(pointsPerCluster) = 1311 
 num [1:3] 1308 1 2
NULL
R-CCU: After ClusterLabelChange for i = 52 
R-CCU: sum(pointsPerCluster) = 1312 
 num [1:3] 1309 1 2
NULL
R-CCU: dpObj$numberClusters = 3 
List of 2
 $ : num [1, 1, 1:3] 0.51 0.265 0.652
 $ : num [1, 1, 1:3] 3.21 3.79 3.21
NULL
R priorParameters: 2 8 
R maxT: 1 
R_PriorDraw_first_mu: 0.876436 
R_PriorDraw_first_nu: 3.213173 
R-CCU: Before ClusterLabelChange for i = 53 newLabel= 1 currentLabel= 1 
R-CCU: sum(pointsPerCluster) = 1312 
 num [1:3] 1309 1 2
NULL
R-CCU: After ClusterLabelChange for i = 53 
R-CCU: sum(pointsPerCluster) = 1313 
 num [1:3] 1310 1 2
NULL
R-CCU: dpObj$numberClusters = 3 
List of 2
 $ : num [1, 1, 1:3] 0.51 0.265 0.652
 $ : num [1, 1, 1:3] 3.21 3.79 3.21
NULL
R priorParameters: 2 8 
R maxT: 1 
R_PriorDraw_first_mu: 0.1247623 
R_PriorDraw_first_nu: 8.846676 
R-CCU: Before ClusterLabelChange for i = 54 newLabel= 1 currentLabel= 1 
R-CCU: sum(pointsPerCluster) = 1313 
 num [1:3] 1310 1 2
NULL
R-CCU: After ClusterLabelChange for i = 54 
R-CCU: sum(pointsPerCluster) = 1314 
 num [1:3] 1311 1 2
NULL
R-CCU: dpObj$numberClusters = 3 
List of 2
 $ : num [1, 1, 1:3] 0.51 0.265 0.652
 $ : num [1, 1, 1:3] 3.21 3.79 3.21
NULL
R priorParameters: 2 8 
R maxT: 1 
R_PriorDraw_first_mu: 0.3583215 
R_PriorDraw_first_nu: 6.031287 
R-CCU: Before ClusterLabelChange for i = 55 newLabel= 1 currentLabel= 1 
R-CCU: sum(pointsPerCluster) = 1314 
 num [1:3] 1311 1 2
NULL
R-CCU: After ClusterLabelChange for i = 55 
R-CCU: sum(pointsPerCluster) = 1315 
 num [1:3] 1312 1 2
NULL
R-CCU: dpObj$numberClusters = 3 
List of 2
 $ : num [1, 1, 1:3] 0.51 0.265 0.652
 $ : num [1, 1, 1:3] 3.21 3.79 3.21
NULL
R priorParameters: 2 8 
R maxT: 1 
R_PriorDraw_first_mu: 0.7699858 
R_PriorDraw_first_nu: 3.744348 
R-CCU: Before ClusterLabelChange for i = 56 newLabel= 1 currentLabel= 1 
R-CCU: sum(pointsPerCluster) = 1315 
 num [1:3] 1312 1 2
NULL
R-CCU: After ClusterLabelChange for i = 56 
R-CCU: sum(pointsPerCluster) = 1316 
 num [1:3] 1313 1 2
NULL
R-CCU: dpObj$numberClusters = 3 
List of 2
 $ : num [1, 1, 1:3] 0.51 0.265 0.652
 $ : num [1, 1, 1:3] 3.21 3.79 3.21
NULL
R priorParameters: 2 8 
R maxT: 1 
R_PriorDraw_first_mu: 0.8876023 
R_PriorDraw_first_nu: 5.145723 
R-CCU: Before ClusterLabelChange for i = 57 newLabel= 1 currentLabel= 1 
R-CCU: sum(pointsPerCluster) = 1316 
 num [1:3] 1313 1 2
NULL
R-CCU: After ClusterLabelChange for i = 57 
R-CCU: sum(pointsPerCluster) = 1317 
 num [1:3] 1314 1 2
NULL
R-CCU: dpObj$numberClusters = 3 
List of 2
 $ : num [1, 1, 1:3] 0.51 0.265 0.652
 $ : num [1, 1, 1:3] 3.21 3.79 3.21
NULL
R priorParameters: 2 8 
R maxT: 1 
R_PriorDraw_first_mu: 0.4519573 
R_PriorDraw_first_nu: 5.404949 
R-CCU: Before ClusterLabelChange for i = 58 newLabel= 1 currentLabel= 1 
R-CCU: sum(pointsPerCluster) = 1317 
 num [1:3] 1314 1 2
NULL
R-CCU: After ClusterLabelChange for i = 58 
R-CCU: sum(pointsPerCluster) = 1318 
 num [1:3] 1315 1 2
NULL
R-CCU: dpObj$numberClusters = 3 
List of 2
 $ : num [1, 1, 1:3] 0.51 0.265 0.652
 $ : num [1, 1, 1:3] 3.21 3.79 3.21
NULL
R priorParameters: 2 8 
R maxT: 1 
R_PriorDraw_first_mu: 0.7605308 
R_PriorDraw_first_nu: 1.562321 
R-CCU: Before ClusterLabelChange for i = 59 newLabel= 1 currentLabel= 1 
R-CCU: sum(pointsPerCluster) = 1318 
 num [1:3] 1315 1 2
NULL
R-CCU: After ClusterLabelChange for i = 59 
R-CCU: sum(pointsPerCluster) = 1319 
 num [1:3] 1316 1 2
NULL
R-CCU: dpObj$numberClusters = 3 
List of 2
 $ : num [1, 1, 1:3] 0.51 0.265 0.652
 $ : num [1, 1, 1:3] 3.21 3.79 3.21
NULL
R priorParameters: 2 8 
R maxT: 1 
R_PriorDraw_first_mu: 0.8892299 
R_PriorDraw_first_nu: 6.990856 
R-CCU: Before ClusterLabelChange for i = 60 newLabel= 1 currentLabel= 1 
R-CCU: sum(pointsPerCluster) = 1319 
 num [1:3] 1316 1 2
NULL
R-CCU: After ClusterLabelChange for i = 60 
R-CCU: sum(pointsPerCluster) = 1320 
 num [1:3] 1317 1 2
NULL
R-CCU: dpObj$numberClusters = 3 
List of 2
 $ : num [1, 1, 1:3] 0.51 0.265 0.652
 $ : num [1, 1, 1:3] 3.21 3.79 3.21
NULL

⠙ |   42      0 | Beta Distribution Full Integration Test          R priorParameters: 2 8 
R maxT: 1 
R_PriorDraw_first_mu: 0.03391094 
R_PriorDraw_first_nu: 1.661467 
R-CCU: Before ClusterLabelChange for i = 1 newLabel= 1 currentLabel= 1 
R-CCU: sum(pointsPerCluster) = 1320 
 num [1:3] 1317 1 2
NULL
R-CCU: After ClusterLabelChange for i = 1 
R-CCU: sum(pointsPerCluster) = 1321 
 num [1:3] 1318 1 2
NULL
R-CCU: dpObj$numberClusters = 3 
List of 2
 $ : num [1, 1, 1:3] 0.502 0.265 0.652
 $ : num [1, 1, 1:3] 2.22 3.79 3.21
NULL
R priorParameters: 2 8 
R maxT: 1 
R_PriorDraw_first_mu: 0.06694306 
R_PriorDraw_first_nu: 2.002277 
R-CCU: Before ClusterLabelChange for i = 2 newLabel= 1 currentLabel= 1 
R-CCU: sum(pointsPerCluster) = 1321 
 num [1:3] 1318 1 2
NULL
R-CCU: After ClusterLabelChange for i = 2 
R-CCU: sum(pointsPerCluster) = 1322 
 num [1:3] 1319 1 2
NULL
R-CCU: dpObj$numberClusters = 3 
List of 2
 $ : num [1, 1, 1:3] 0.502 0.265 0.652
 $ : num [1, 1, 1:3] 2.22 3.79 3.21
NULL
R priorParameters: 2 8 
R maxT: 1 
R_PriorDraw_first_mu: 0.3371141 
R_PriorDraw_first_nu: 4.763444 
R-CCU: Before ClusterLabelChange for i = 3 newLabel= 1 currentLabel= 1 
R-CCU: sum(pointsPerCluster) = 1322 
 num [1:3] 1319 1 2
NULL
R-CCU: After ClusterLabelChange for i = 3 
R-CCU: sum(pointsPerCluster) = 1323 
 num [1:3] 1320 1 2
NULL
R-CCU: dpObj$numberClusters = 3 
List of 2
 $ : num [1, 1, 1:3] 0.502 0.265 0.652
 $ : num [1, 1, 1:3] 2.22 3.79 3.21
NULL
R priorParameters: 2 8 
R maxT: 1 
R_PriorDraw_first_mu: 0.3617835 
R_PriorDraw_first_nu: 5.299272 
R-CCU: Before ClusterLabelChange for i = 4 newLabel= 1 currentLabel= 1 
R-CCU: sum(pointsPerCluster) = 1323 
 num [1:3] 1320 1 2
NULL
R-CCU: After ClusterLabelChange for i = 4 
R-CCU: sum(pointsPerCluster) = 1324 
 num [1:3] 1321 1 2
NULL
R-CCU: dpObj$numberClusters = 3 
List of 2
 $ : num [1, 1, 1:3] 0.502 0.265 0.652
 $ : num [1, 1, 1:3] 2.22 3.79 3.21
NULL
R priorParameters: 2 8 
R maxT: 1 
R_PriorDraw_first_mu: 0.8316851 
R_PriorDraw_first_nu: 1.984056 
R-CCU: Before ClusterLabelChange for i = 5 newLabel= 1 currentLabel= 1 
R-CCU: sum(pointsPerCluster) = 1324 
 num [1:3] 1321 1 2
NULL
R-CCU: After ClusterLabelChange for i = 5 
R-CCU: sum(pointsPerCluster) = 1325 
 num [1:3] 1322 1 2
NULL
R-CCU: dpObj$numberClusters = 3 
List of 2
 $ : num [1, 1, 1:3] 0.502 0.265 0.652
 $ : num [1, 1, 1:3] 2.22 3.79 3.21
NULL
R priorParameters: 2 8 
R maxT: 1 
R_PriorDraw_first_mu: 0.6891735 
R_PriorDraw_first_nu: 10.5272 
R-CCU: Before ClusterLabelChange for i = 6 newLabel= 1 currentLabel= 1 
R-CCU: sum(pointsPerCluster) = 1325 
 num [1:3] 1322 1 2
NULL
R-CCU: After ClusterLabelChange for i = 6 
R-CCU: sum(pointsPerCluster) = 1326 
 num [1:3] 1323 1 2
NULL
R-CCU: dpObj$numberClusters = 3 
List of 2
 $ : num [1, 1, 1:3] 0.502 0.265 0.652
 $ : num [1, 1, 1:3] 2.22 3.79 3.21
NULL
R priorParameters: 2 8 
R maxT: 1 
R_PriorDraw_first_mu: 0.4665931 
R_PriorDraw_first_nu: 12.95107 
R-CCU: Before ClusterLabelChange for i = 7 newLabel= 1 currentLabel= 1 
R-CCU: sum(pointsPerCluster) = 1326 
 num [1:3] 1323 1 2
NULL
R-CCU: After ClusterLabelChange for i = 7 
R-CCU: sum(pointsPerCluster) = 1327 
 num [1:3] 1324 1 2
NULL
R-CCU: dpObj$numberClusters = 3 
List of 2
 $ : num [1, 1, 1:3] 0.502 0.265 0.652
 $ : num [1, 1, 1:3] 2.22 3.79 3.21
NULL
R priorParameters: 2 8 
R maxT: 1 
R_PriorDraw_first_mu: 0.9641172 
R_PriorDraw_first_nu: 2.491767 
R-CCU: Before ClusterLabelChange for i = 8 newLabel= 1 currentLabel= 1 
R-CCU: sum(pointsPerCluster) = 1327 
 num [1:3] 1324 1 2
NULL
R-CCU: After ClusterLabelChange for i = 8 
R-CCU: sum(pointsPerCluster) = 1328 
 num [1:3] 1325 1 2
NULL
R-CCU: dpObj$numberClusters = 3 
List of 2
 $ : num [1, 1, 1:3] 0.502 0.265 0.652
 $ : num [1, 1, 1:3] 2.22 3.79 3.21
NULL
R priorParameters: 2 8 
R maxT: 1 
R_PriorDraw_first_mu: 0.7951482 
R_PriorDraw_first_nu: 2.847698 
R-CCU: Before ClusterLabelChange for i = 9 newLabel= 1 currentLabel= 1 
R-CCU: sum(pointsPerCluster) = 1328 
 num [1:3] 1325 1 2
NULL
R-CCU: After ClusterLabelChange for i = 9 
R-CCU: sum(pointsPerCluster) = 1329 
 num [1:3] 1326 1 2
NULL
R-CCU: dpObj$numberClusters = 3 
List of 2
 $ : num [1, 1, 1:3] 0.502 0.265 0.652
 $ : num [1, 1, 1:3] 2.22 3.79 3.21
NULL
R priorParameters: 2 8 
R maxT: 1 
R_PriorDraw_first_mu: 0.2819122 
R_PriorDraw_first_nu: 1.486685 
R-CCU: Before ClusterLabelChange for i = 10 newLabel= 1 currentLabel= 1 
R-CCU: sum(pointsPerCluster) = 1329 
 num [1:3] 1326 1 2
NULL
R-CCU: After ClusterLabelChange for i = 10 
R-CCU: sum(pointsPerCluster) = 1330 
 num [1:3] 1327 1 2
NULL
R-CCU: dpObj$numberClusters = 3 
List of 2
 $ : num [1, 1, 1:3] 0.502 0.265 0.652
 $ : num [1, 1, 1:3] 2.22 3.79 3.21
NULL
R priorParameters: 2 8 
R maxT: 1 
R_PriorDraw_first_mu: 0.9606312 
R_PriorDraw_first_nu: 10.90656 
R-CCU: Before ClusterLabelChange for i = 11 newLabel= 1 currentLabel= 1 
R-CCU: sum(pointsPerCluster) = 1330 
 num [1:3] 1327 1 2
NULL
R-CCU: After ClusterLabelChange for i = 11 
R-CCU: sum(pointsPerCluster) = 1331 
 num [1:3] 1328 1 2
NULL
R-CCU: dpObj$numberClusters = 3 
List of 2
 $ : num [1, 1, 1:3] 0.502 0.265 0.652
 $ : num [1, 1, 1:3] 2.22 3.79 3.21
NULL
R priorParameters: 2 8 
R maxT: 1 
R_PriorDraw_first_mu: 0.3664979 
R_PriorDraw_first_nu: 14.67035 
R-CCU: Before ClusterLabelChange for i = 12 newLabel= 1 currentLabel= 1 
R-CCU: sum(pointsPerCluster) = 1331 
 num [1:3] 1328 1 2
NULL
R-CCU: After ClusterLabelChange for i = 12 
R-CCU: sum(pointsPerCluster) = 1332 
 num [1:3] 1329 1 2
NULL
R-CCU: dpObj$numberClusters = 3 
List of 2
 $ : num [1, 1, 1:3] 0.502 0.265 0.652
 $ : num [1, 1, 1:3] 2.22 3.79 3.21
NULL
R priorParameters: 2 8 
R maxT: 1 
R_PriorDraw_first_mu: 0.9694456 
R_PriorDraw_first_nu: 3.559569 
R-CCU: Before ClusterLabelChange for i = 13 newLabel= 1 currentLabel= 1 
R-CCU: sum(pointsPerCluster) = 1332 
 num [1:3] 1329 1 2
NULL
R-CCU: After ClusterLabelChange for i = 13 
R-CCU: sum(pointsPerCluster) = 1333 
 num [1:3] 1330 1 2
NULL
R-CCU: dpObj$numberClusters = 3 
List of 2
 $ : num [1, 1, 1:3] 0.502 0.265 0.652
 $ : num [1, 1, 1:3] 2.22 3.79 3.21
NULL
R priorParameters: 2 8 
R maxT: 1 
R_PriorDraw_first_mu: 0.2715881 
R_PriorDraw_first_nu: 8.344095 
R-CCU: Before ClusterLabelChange for i = 14 newLabel= 1 currentLabel= 1 
R-CCU: sum(pointsPerCluster) = 1333 
 num [1:3] 1330 1 2
NULL
R-CCU: After ClusterLabelChange for i = 14 
R-CCU: sum(pointsPerCluster) = 1334 
 num [1:3] 1331 1 2
NULL
R-CCU: dpObj$numberClusters = 3 
List of 2
 $ : num [1, 1, 1:3] 0.502 0.265 0.652
 $ : num [1, 1, 1:3] 2.22 3.79 3.21
NULL
R priorParameters: 2 8 
R maxT: 1 
R_PriorDraw_first_mu: 0.3749706 
R_PriorDraw_first_nu: 0.9866281 
R-CCU: Before ClusterLabelChange for i = 15 newLabel= 1 currentLabel= 1 
R-CCU: sum(pointsPerCluster) = 1334 
 num [1:3] 1331 1 2
NULL
R-CCU: After ClusterLabelChange for i = 15 
R-CCU: sum(pointsPerCluster) = 1335 
 num [1:3] 1332 1 2
NULL
R-CCU: dpObj$numberClusters = 3 
List of 2
 $ : num [1, 1, 1:3] 0.502 0.265 0.652
 $ : num [1, 1, 1:3] 2.22 3.79 3.21
NULL
R priorParameters: 2 8 
R maxT: 1 
R_PriorDraw_first_mu: 0.09657256 
R_PriorDraw_first_nu: 3.797458 
R-CCU: Before ClusterLabelChange for i = 16 newLabel= 1 currentLabel= 1 
R-CCU: sum(pointsPerCluster) = 1335 
 num [1:3] 1332 1 2
NULL
R-CCU: After ClusterLabelChange for i = 16 
R-CCU: sum(pointsPerCluster) = 1336 
 num [1:3] 1333 1 2
NULL
R-CCU: dpObj$numberClusters = 3 
List of 2
 $ : num [1, 1, 1:3] 0.502 0.265 0.652
 $ : num [1, 1, 1:3] 2.22 3.79 3.21
NULL
R priorParameters: 2 8 
R maxT: 1 
R_PriorDraw_first_mu: 0.801471 
R_PriorDraw_first_nu: 3.342839 
R-CCU: Before ClusterLabelChange for i = 17 newLabel= 1 currentLabel= 1 
R-CCU: sum(pointsPerCluster) = 1336 
 num [1:3] 1333 1 2
NULL
R-CCU: After ClusterLabelChange for i = 17 
R-CCU: sum(pointsPerCluster) = 1337 
 num [1:3] 1334 1 2
NULL
R-CCU: dpObj$numberClusters = 3 
List of 2
 $ : num [1, 1, 1:3] 0.502 0.265 0.652
 $ : num [1, 1, 1:3] 2.22 3.79 3.21
NULL
R priorParameters: 2 8 
R maxT: 1 
R_PriorDraw_first_mu: 0.4294591 
R_PriorDraw_first_nu: 2.100349 
R-CCU: Before ClusterLabelChange for i = 18 newLabel= 1 currentLabel= 1 
R-CCU: sum(pointsPerCluster) = 1337 
 num [1:3] 1334 1 2
NULL
R-CCU: After ClusterLabelChange for i = 18 
R-CCU: sum(pointsPerCluster) = 1338 
 num [1:3] 1335 1 2
NULL
R-CCU: dpObj$numberClusters = 3 
List of 2
 $ : num [1, 1, 1:3] 0.502 0.265 0.652
 $ : num [1, 1, 1:3] 2.22 3.79 3.21
NULL
R priorParameters: 2 8 
R maxT: 1 
R_PriorDraw_first_mu: 0.5857351 
R_PriorDraw_first_nu: 9.31303 
R-CCU: Before ClusterLabelChange for i = 19 newLabel= 1 currentLabel= 1 
R-CCU: sum(pointsPerCluster) = 1338 
 num [1:3] 1335 1 2
NULL
R-CCU: After ClusterLabelChange for i = 19 
R-CCU: sum(pointsPerCluster) = 1339 
 num [1:3] 1336 1 2
NULL
R-CCU: dpObj$numberClusters = 3 
List of 2
 $ : num [1, 1, 1:3] 0.502 0.265 0.652
 $ : num [1, 1, 1:3] 2.22 3.79 3.21
NULL
R priorParameters: 2 8 
R maxT: 1 
R_PriorDraw_first_mu: 0.06120493 
R_PriorDraw_first_nu: 12.58843 
R-CCU: Before ClusterLabelChange for i = 20 newLabel= 1 currentLabel= 1 
R-CCU: sum(pointsPerCluster) = 1339 
 num [1:3] 1336 1 2
NULL
R-CCU: After ClusterLabelChange for i = 20 
R-CCU: sum(pointsPerCluster) = 1340 
 num [1:3] 1337 1 2
NULL
R-CCU: dpObj$numberClusters = 3 
List of 2
 $ : num [1, 1, 1:3] 0.502 0.265 0.652
 $ : num [1, 1, 1:3] 2.22 3.79 3.21
NULL
R priorParameters: 2 8 
R maxT: 1 
R_PriorDraw_first_mu: 0.2518721 
R_PriorDraw_first_nu: 17.88619 
R-CCU: Before ClusterLabelChange for i = 21 newLabel= 1 currentLabel= 1 
R-CCU: sum(pointsPerCluster) = 1340 
 num [1:3] 1337 1 2
NULL
R-CCU: After ClusterLabelChange for i = 21 
R-CCU: sum(pointsPerCluster) = 1341 
 num [1:3] 1338 1 2
NULL
R-CCU: dpObj$numberClusters = 3 
List of 2
 $ : num [1, 1, 1:3] 0.502 0.265 0.652
 $ : num [1, 1, 1:3] 2.22 3.79 3.21
NULL
R priorParameters: 2 8 
R maxT: 1 
R_PriorDraw_first_mu: 0.2948739 
R_PriorDraw_first_nu: 3.034907 
R-CCU: Before ClusterLabelChange for i = 22 newLabel= 1 currentLabel= 1 
R-CCU: sum(pointsPerCluster) = 1341 
 num [1:3] 1338 1 2
NULL
R-CCU: After ClusterLabelChange for i = 22 
R-CCU: sum(pointsPerCluster) = 1342 
 num [1:3] 1339 1 2
NULL
R-CCU: dpObj$numberClusters = 3 
List of 2
 $ : num [1, 1, 1:3] 0.502 0.265 0.652
 $ : num [1, 1, 1:3] 2.22 3.79 3.21
NULL
R priorParameters: 2 8 
R maxT: 1 
R_PriorDraw_first_mu: 0.2689922 
R_PriorDraw_first_nu: 8.786135 
R-CCU: Before ClusterLabelChange for i = 23 newLabel= 1 currentLabel= 1 
R-CCU: sum(pointsPerCluster) = 1342 
 num [1:3] 1339 1 2
NULL
R-CCU: After ClusterLabelChange for i = 23 
R-CCU: sum(pointsPerCluster) = 1343 
 num [1:3] 1340 1 2
NULL
R-CCU: dpObj$numberClusters = 3 
List of 2
 $ : num [1, 1, 1:3] 0.502 0.265 0.652
 $ : num [1, 1, 1:3] 2.22 3.79 3.21
NULL
R priorParameters: 2 8 
R maxT: 1 
R_PriorDraw_first_mu: 0.7259546 
R_PriorDraw_first_nu: 5.579076 
R-CCU: Before ClusterLabelChange for i = 24 newLabel= 1 currentLabel= 1 
R-CCU: sum(pointsPerCluster) = 1343 
 num [1:3] 1340 1 2
NULL
R-CCU: After ClusterLabelChange for i = 24 
R-CCU: sum(pointsPerCluster) = 1344 
 num [1:3] 1341 1 2
NULL
R-CCU: dpObj$numberClusters = 3 
List of 2
 $ : num [1, 1, 1:3] 0.502 0.265 0.652
 $ : num [1, 1, 1:3] 2.22 3.79 3.21
NULL
R priorParameters: 2 8 
R maxT: 1 
R_PriorDraw_first_mu: 0.6949018 
R_PriorDraw_first_nu: 6.38885 
R-CCU: Before ClusterLabelChange for i = 25 newLabel= 1 currentLabel= 1 
R-CCU: sum(pointsPerCluster) = 1344 
 num [1:3] 1341 1 2
NULL
R-CCU: After ClusterLabelChange for i = 25 
R-CCU: sum(pointsPerCluster) = 1345 
 num [1:3] 1342 1 2
NULL
R-CCU: dpObj$numberClusters = 3 
List of 2
 $ : num [1, 1, 1:3] 0.502 0.265 0.652
 $ : num [1, 1, 1:3] 2.22 3.79 3.21
NULL
R priorParameters: 2 8 
R maxT: 1 
R_PriorDraw_first_mu: 0.319408 
R_PriorDraw_first_nu: 4.837726 
R-CCU: Before ClusterLabelChange for i = 26 newLabel= 1 currentLabel= 1 
R-CCU: sum(pointsPerCluster) = 1345 
 num [1:3] 1342 1 2
NULL
R-CCU: After ClusterLabelChange for i = 26 
R-CCU: sum(pointsPerCluster) = 1346 
 num [1:3] 1343 1 2
NULL
R-CCU: dpObj$numberClusters = 3 
List of 2
 $ : num [1, 1, 1:3] 0.502 0.265 0.652
 $ : num [1, 1, 1:3] 2.22 3.79 3.21
NULL
R priorParameters: 2 8 
R maxT: 1 
R_PriorDraw_first_mu: 0.2379955 
R_PriorDraw_first_nu: 2.808633 
R-CCU: Before ClusterLabelChange for i = 27 newLabel= 1 currentLabel= 1 
R-CCU: sum(pointsPerCluster) = 1346 
 num [1:3] 1343 1 2
NULL
R-CCU: After ClusterLabelChange for i = 27 
R-CCU: sum(pointsPerCluster) = 1347 
 num [1:3] 1344 1 2
NULL
R-CCU: dpObj$numberClusters = 3 
List of 2
 $ : num [1, 1, 1:3] 0.502 0.265 0.652
 $ : num [1, 1, 1:3] 2.22 3.79 3.21
NULL
R priorParameters: 2 8 
R maxT: 1 
R_PriorDraw_first_mu: 0.2000328 
R_PriorDraw_first_nu: 2.624122 
R-CCU: Before ClusterLabelChange for i = 28 newLabel= 1 currentLabel= 1 
R-CCU: sum(pointsPerCluster) = 1347 
 num [1:3] 1344 1 2
NULL
R-CCU: After ClusterLabelChange for i = 28 
R-CCU: sum(pointsPerCluster) = 1348 
 num [1:3] 1345 1 2
NULL
R-CCU: dpObj$numberClusters = 3 
List of 2
 $ : num [1, 1, 1:3] 0.502 0.265 0.652
 $ : num [1, 1, 1:3] 2.22 3.79 3.21
NULL
R priorParameters: 2 8 
R maxT: 1 
R_PriorDraw_first_mu: 0.6811992 
R_PriorDraw_first_nu: 2.804284 
R-CCU: Before ClusterLabelChange for i = 29 newLabel= 1 currentLabel= 1 
R-CCU: sum(pointsPerCluster) = 1348 
 num [1:3] 1345 1 2
NULL
R-CCU: After ClusterLabelChange for i = 29 
R-CCU: sum(pointsPerCluster) = 1349 
 num [1:3] 1346 1 2
NULL
R-CCU: dpObj$numberClusters = 3 
List of 2
 $ : num [1, 1, 1:3] 0.502 0.265 0.652
 $ : num [1, 1, 1:3] 2.22 3.79 3.21
NULL
R priorParameters: 2 8 
R maxT: 1 
R_PriorDraw_first_mu: 0.862181 
R_PriorDraw_first_nu: 3.230612 
R-CCU: Before ClusterLabelChange for i = 30 newLabel= 1 currentLabel= 1 
R-CCU: sum(pointsPerCluster) = 1349 
 num [1:3] 1346 1 2
NULL
R-CCU: After ClusterLabelChange for i = 30 
R-CCU: sum(pointsPerCluster) = 1350 
 num [1:3] 1347 1 2
NULL
R-CCU: dpObj$numberClusters = 3 
List of 2
 $ : num [1, 1, 1:3] 0.502 0.265 0.652
 $ : num [1, 1, 1:3] 2.22 3.79 3.21
NULL
R priorParameters: 2 8 
R maxT: 1 
R_PriorDraw_first_mu: 0.02701095 
R_PriorDraw_first_nu: 2.31532 
R-CCU: Before ClusterLabelChange for i = 31 newLabel= 1 currentLabel= 1 
R-CCU: sum(pointsPerCluster) = 1350 
 num [1:3] 1347 1 2
NULL
R-CCU: After ClusterLabelChange for i = 31 
R-CCU: sum(pointsPerCluster) = 1351 
 num [1:3] 1348 1 2
NULL
R-CCU: dpObj$numberClusters = 3 
List of 2
 $ : num [1, 1, 1:3] 0.502 0.265 0.652
 $ : num [1, 1, 1:3] 2.22 3.79 3.21
NULL
R priorParameters: 2 8 
R maxT: 1 
R_PriorDraw_first_mu: 0.7855377 
R_PriorDraw_first_nu: 8.652839 
R-CCU: Before ClusterLabelChange for i = 32 newLabel= 1 currentLabel= 1 
R-CCU: sum(pointsPerCluster) = 1351 
 num [1:3] 1348 1 2
NULL
R-CCU: After ClusterLabelChange for i = 32 
R-CCU: sum(pointsPerCluster) = 1352 
 num [1:3] 1349 1 2
NULL
R-CCU: dpObj$numberClusters = 3 
List of 2
 $ : num [1, 1, 1:3] 0.502 0.265 0.652
 $ : num [1, 1, 1:3] 2.22 3.79 3.21
NULL
R priorParameters: 2 8 
R maxT: 1 
R_PriorDraw_first_mu: 0.01011653 
R_PriorDraw_first_nu: 14.62284 
R-CCU: Before ClusterLabelChange for i = 33 newLabel= 1 currentLabel= 1 
R-CCU: sum(pointsPerCluster) = 1352 
 num [1:3] 1349 1 2
NULL
R-CCU: After ClusterLabelChange for i = 33 
R-CCU: sum(pointsPerCluster) = 1353 
 num [1:3] 1350 1 2
NULL
R-CCU: dpObj$numberClusters = 3 
List of 2
 $ : num [1, 1, 1:3] 0.502 0.265 0.652
 $ : num [1, 1, 1:3] 2.22 3.79 3.21
NULL
R priorParameters: 2 8 
R maxT: 1 
R_PriorDraw_first_mu: 0.01238598 
R_PriorDraw_first_nu: 19.62052 
R-CCU: Before ClusterLabelChange for i = 34 newLabel= 1 currentLabel= 1 
R-CCU: sum(pointsPerCluster) = 1353 
 num [1:3] 1350 1 2
NULL
R-CCU: After ClusterLabelChange for i = 34 
R-CCU: sum(pointsPerCluster) = 1354 
 num [1:3] 1351 1 2
NULL
R-CCU: dpObj$numberClusters = 3 
List of 2
 $ : num [1, 1, 1:3] 0.502 0.265 0.652
 $ : num [1, 1, 1:3] 2.22 3.79 3.21
NULL
R priorParameters: 2 8 
R maxT: 1 
R_PriorDraw_first_mu: 0.3142766 
R_PriorDraw_first_nu: 5.31332 
R-CCU: Before ClusterLabelChange for i = 35 newLabel= 1 currentLabel= 1 
R-CCU: sum(pointsPerCluster) = 1354 
 num [1:3] 1351 1 2
NULL
R-CCU: After ClusterLabelChange for i = 35 
R-CCU: sum(pointsPerCluster) = 1355 
 num [1:3] 1352 1 2
NULL
R-CCU: dpObj$numberClusters = 3 
List of 2
 $ : num [1, 1, 1:3] 0.502 0.265 0.652
 $ : num [1, 1, 1:3] 2.22 3.79 3.21
NULL
R priorParameters: 2 8 
R maxT: 1 
R_PriorDraw_first_mu: 0.4004165 
R_PriorDraw_first_nu: 13.50674 
R-CCU: Before ClusterLabelChange for i = 36 newLabel= 1 currentLabel= 1 
R-CCU: sum(pointsPerCluster) = 1355 
 num [1:3] 1352 1 2
NULL
R-CCU: After ClusterLabelChange for i = 36 
R-CCU: sum(pointsPerCluster) = 1356 
 num [1:3] 1353 1 2
NULL
R-CCU: dpObj$numberClusters = 3 
List of 2
 $ : num [1, 1, 1:3] 0.502 0.265 0.652
 $ : num [1, 1, 1:3] 2.22 3.79 3.21
NULL
R priorParameters: 2 8 
R maxT: 1 
R_PriorDraw_first_mu: 0.6811782 
R_PriorDraw_first_nu: 25.73265 
R-CCU: Before ClusterLabelChange for i = 37 newLabel= 1 currentLabel= 1 
R-CCU: sum(pointsPerCluster) = 1356 
 num [1:3] 1353 1 2
NULL
R-CCU: After ClusterLabelChange for i = 37 
R-CCU: sum(pointsPerCluster) = 1357 
 num [1:3] 1354 1 2
NULL
R-CCU: dpObj$numberClusters = 3 
List of 2
 $ : num [1, 1, 1:3] 0.502 0.265 0.652
 $ : num [1, 1, 1:3] 2.22 3.79 3.21
NULL
R priorParameters: 2 8 
R maxT: 1 
R_PriorDraw_first_mu: 0.9952472 
R_PriorDraw_first_nu: 14.30778 
R-CCU: Before ClusterLabelChange for i = 38 newLabel= 1 currentLabel= 1 
R-CCU: sum(pointsPerCluster) = 1357 
 num [1:3] 1354 1 2
NULL
R-CCU: After ClusterLabelChange for i = 38 
R-CCU: sum(pointsPerCluster) = 1358 
 num [1:3] 1355 1 2
NULL
R-CCU: dpObj$numberClusters = 3 
List of 2
 $ : num [1, 1, 1:3] 0.502 0.265 0.652
 $ : num [1, 1, 1:3] 2.22 3.79 3.21
NULL
R priorParameters: 2 8 
R maxT: 1 
R_PriorDraw_first_mu: 0.8146692 
R_PriorDraw_first_nu: 5.214993 
R-CCU: Before ClusterLabelChange for i = 39 newLabel= 1 currentLabel= 1 
R-CCU: sum(pointsPerCluster) = 1358 
 num [1:3] 1355 1 2
NULL
R-CCU: After ClusterLabelChange for i = 39 
R-CCU: sum(pointsPerCluster) = 1359 
 num [1:3] 1356 1 2
NULL
R-CCU: dpObj$numberClusters = 3 
List of 2
 $ : num [1, 1, 1:3] 0.502 0.265 0.652
 $ : num [1, 1, 1:3] 2.22 3.79 3.21
NULL
R priorParameters: 2 8 
R maxT: 1 
R_PriorDraw_first_mu: 0.1062308 
R_PriorDraw_first_nu: 2.987703 
R-CCU: Before ClusterLabelChange for i = 40 newLabel= 1 currentLabel= 1 
R-CCU: sum(pointsPerCluster) = 1359 
 num [1:3] 1356 1 2
NULL
R-CCU: After ClusterLabelChange for i = 40 
R-CCU: sum(pointsPerCluster) = 1360 
 num [1:3] 1357 1 2
NULL
R-CCU: dpObj$numberClusters = 3 
List of 2
 $ : num [1, 1, 1:3] 0.502 0.265 0.652
 $ : num [1, 1, 1:3] 2.22 3.79 3.21
NULL
R priorParameters: 2 8 
R maxT: 1 
R_PriorDraw_first_mu: 0.005205318 
R_PriorDraw_first_nu: 1.091718 
R-CCU: Before ClusterLabelChange for i = 41 newLabel= 1 currentLabel= 1 
R-CCU: sum(pointsPerCluster) = 1360 
 num [1:3] 1357 1 2
NULL
R-CCU: After ClusterLabelChange for i = 41 
R-CCU: sum(pointsPerCluster) = 1361 
 num [1:3] 1358 1 2
NULL
R-CCU: dpObj$numberClusters = 3 
List of 2
 $ : num [1, 1, 1:3] 0.502 0.265 0.652
 $ : num [1, 1, 1:3] 2.22 3.79 3.21
NULL
R priorParameters: 2 8 
R maxT: 1 
R_PriorDraw_first_mu: 0.6608409 
R_PriorDraw_first_nu: 7.565174 
R-CCU: Before ClusterLabelChange for i = 42 newLabel= 1 currentLabel= 1 
R-CCU: sum(pointsPerCluster) = 1361 
 num [1:3] 1358 1 2
NULL
R-CCU: After ClusterLabelChange for i = 42 
R-CCU: sum(pointsPerCluster) = 1362 
 num [1:3] 1359 1 2
NULL
R-CCU: dpObj$numberClusters = 3 
List of 2
 $ : num [1, 1, 1:3] 0.502 0.265 0.652
 $ : num [1, 1, 1:3] 2.22 3.79 3.21
NULL
R priorParameters: 2 8 
R maxT: 1 
R_PriorDraw_first_mu: 0.4303383 
R_PriorDraw_first_nu: 4.340167 
R-CCU: Before ClusterLabelChange for i = 43 newLabel= 1 currentLabel= 1 
R-CCU: sum(pointsPerCluster) = 1362 
 num [1:3] 1359 1 2
NULL
R-CCU: After ClusterLabelChange for i = 43 
R-CCU: sum(pointsPerCluster) = 1363 
 num [1:3] 1360 1 2
NULL
R-CCU: dpObj$numberClusters = 3 
List of 2
 $ : num [1, 1, 1:3] 0.502 0.265 0.652
 $ : num [1, 1, 1:3] 2.22 3.79 3.21
NULL
R priorParameters: 2 8 
R maxT: 1 
R_PriorDraw_first_mu: 0.2489534 
R_PriorDraw_first_nu: 2.265879 
R-CCU: Before ClusterLabelChange for i = 44 newLabel= 1 currentLabel= 1 
R-CCU: sum(pointsPerCluster) = 1363 
 num [1:3] 1360 1 2
NULL
R-CCU: After ClusterLabelChange for i = 44 
R-CCU: sum(pointsPerCluster) = 1364 
 num [1:3] 1361 1 2
NULL
R-CCU: dpObj$numberClusters = 3 
List of 2
 $ : num [1, 1, 1:3] 0.502 0.265 0.652
 $ : num [1, 1, 1:3] 2.22 3.79 3.21
NULL
R priorParameters: 2 8 
R maxT: 1 
R_PriorDraw_first_mu: 0.7762595 
R_PriorDraw_first_nu: 1.699731 
R-CCU: Before ClusterLabelChange for i = 45 newLabel= 1 currentLabel= 1 
R-CCU: sum(pointsPerCluster) = 1364 
 num [1:3] 1361 1 2
NULL
R-CCU: After ClusterLabelChange for i = 45 
R-CCU: sum(pointsPerCluster) = 1365 
 num [1:3] 1362 1 2
NULL
R-CCU: dpObj$numberClusters = 3 
List of 2
 $ : num [1, 1, 1:3] 0.502 0.265 0.652
 $ : num [1, 1, 1:3] 2.22 3.79 3.21
NULL
R priorParameters: 2 8 
R maxT: 1 
R_PriorDraw_first_mu: 0.7022889 
R_PriorDraw_first_nu: 3.102109 
R-CCU: Before ClusterLabelChange for i = 46 newLabel= 1 currentLabel= 1 
R-CCU: sum(pointsPerCluster) = 1365 
 num [1:3] 1362 1 2
NULL
R-CCU: After ClusterLabelChange for i = 46 
R-CCU: sum(pointsPerCluster) = 1366 
 num [1:3] 1363 1 2
NULL
R-CCU: dpObj$numberClusters = 3 
List of 2
 $ : num [1, 1, 1:3] 0.502 0.265 0.652
 $ : num [1, 1, 1:3] 2.22 3.79 3.21
NULL
R priorParameters: 2 8 
R maxT: 1 
R_PriorDraw_first_mu: 0.7945071 
R_PriorDraw_first_nu: 3.367503 
R-CCU: Before ClusterLabelChange for i = 47 newLabel= 1 currentLabel= 1 
R-CCU: sum(pointsPerCluster) = 1366 
 num [1:3] 1363 1 2
NULL
R-CCU: After ClusterLabelChange for i = 47 
R-CCU: sum(pointsPerCluster) = 1367 
 num [1:3] 1364 1 2
NULL
R-CCU: dpObj$numberClusters = 3 
List of 2
 $ : num [1, 1, 1:3] 0.502 0.265 0.652
 $ : num [1, 1, 1:3] 2.22 3.79 3.21
NULL
R priorParameters: 2 8 
R maxT: 1 
R_PriorDraw_first_mu: 0.5853318 
R_PriorDraw_first_nu: 6.754673 
R-CCU: Before ClusterLabelChange for i = 48 newLabel= 1 currentLabel= 1 
R-CCU: sum(pointsPerCluster) = 1367 
 num [1:3] 1364 1 2
NULL
R-CCU: After ClusterLabelChange for i = 48 
R-CCU: sum(pointsPerCluster) = 1368 
 num [1:3] 1365 1 2
NULL
R-CCU: dpObj$numberClusters = 3 
List of 2
 $ : num [1, 1, 1:3] 0.502 0.265 0.652
 $ : num [1, 1, 1:3] 2.22 3.79 3.21
NULL
R priorParameters: 2 8 
R maxT: 1 
R_PriorDraw_first_mu: 0.103719 
R_PriorDraw_first_nu: 15.61903 
R-CCU: Before ClusterLabelChange for i = 49 newLabel= 1 currentLabel= 1 
R-CCU: sum(pointsPerCluster) = 1368 
 num [1:3] 1365 1 2
NULL
R-CCU: After ClusterLabelChange for i = 49 
R-CCU: sum(pointsPerCluster) = 1369 
 num [1:3] 1366 1 2
NULL
R-CCU: dpObj$numberClusters = 3 
List of 2
 $ : num [1, 1, 1:3] 0.502 0.265 0.652
 $ : num [1, 1, 1:3] 2.22 3.79 3.21
NULL
R priorParameters: 2 8 
R maxT: 1 
R_PriorDraw_first_mu: 0.742325 
R_PriorDraw_first_nu: 2.571737 
R-CCU: Before ClusterLabelChange for i = 50 newLabel= 1 currentLabel= 1 
R-CCU: sum(pointsPerCluster) = 1369 
 num [1:3] 1366 1 2
NULL
R-CCU: After ClusterLabelChange for i = 50 
R-CCU: sum(pointsPerCluster) = 1370 
 num [1:3] 1367 1 2
NULL
R-CCU: dpObj$numberClusters = 3 
List of 2
 $ : num [1, 1, 1:3] 0.502 0.265 0.652
 $ : num [1, 1, 1:3] 2.22 3.79 3.21
NULL
R priorParameters: 2 8 
R maxT: 1 
R_PriorDraw_first_mu: 0.2618969 
R_PriorDraw_first_nu: 6.966972 
R-CCU: Before ClusterLabelChange for i = 51 newLabel= 1 currentLabel= 1 
R-CCU: sum(pointsPerCluster) = 1370 
 num [1:3] 1367 1 2
NULL
R-CCU: After ClusterLabelChange for i = 51 
R-CCU: sum(pointsPerCluster) = 1371 
 num [1:3] 1368 1 2
NULL
R-CCU: dpObj$numberClusters = 3 
List of 2
 $ : num [1, 1, 1:3] 0.502 0.265 0.652
 $ : num [1, 1, 1:3] 2.22 3.79 3.21
NULL
R priorParameters: 2 8 
R maxT: 1 
R_PriorDraw_first_mu: 0.6787381 
R_PriorDraw_first_nu: 2.123311 
R-CCU: Before ClusterLabelChange for i = 52 newLabel= 1 currentLabel= 1 
R-CCU: sum(pointsPerCluster) = 1371 
 num [1:3] 1368 1 2
NULL
R-CCU: After ClusterLabelChange for i = 52 
R-CCU: sum(pointsPerCluster) = 1372 
 num [1:3] 1369 1 2
NULL
R-CCU: dpObj$numberClusters = 3 
List of 2
 $ : num [1, 1, 1:3] 0.502 0.265 0.652
 $ : num [1, 1, 1:3] 2.22 3.79 3.21
NULL
R priorParameters: 2 8 
R maxT: 1 
R_PriorDraw_first_mu: 0.3427663 
R_PriorDraw_first_nu: 3.873519 
R-CCU: Before ClusterLabelChange for i = 53 newLabel= 1 currentLabel= 1 
R-CCU: sum(pointsPerCluster) = 1372 
 num [1:3] 1369 1 2
NULL
R-CCU: After ClusterLabelChange for i = 53 
R-CCU: sum(pointsPerCluster) = 1373 
 num [1:3] 1370 1 2
NULL
R-CCU: dpObj$numberClusters = 3 
List of 2
 $ : num [1, 1, 1:3] 0.502 0.265 0.652
 $ : num [1, 1, 1:3] 2.22 3.79 3.21
NULL
R priorParameters: 2 8 
R maxT: 1 
R_PriorDraw_first_mu: 0.7350002 
R_PriorDraw_first_nu: 11.08757 
R-CCU: Before ClusterLabelChange for i = 54 newLabel= 1 currentLabel= 1 
R-CCU: sum(pointsPerCluster) = 1373 
 num [1:3] 1370 1 2
NULL
R-CCU: After ClusterLabelChange for i = 54 
R-CCU: sum(pointsPerCluster) = 1374 
 num [1:3] 1371 1 2
NULL
R-CCU: dpObj$numberClusters = 3 
List of 2
 $ : num [1, 1, 1:3] 0.502 0.265 0.652
 $ : num [1, 1, 1:3] 2.22 3.79 3.21
NULL
R priorParameters: 2 8 
R maxT: 1 
R_PriorDraw_first_mu: 0.2327577 
R_PriorDraw_first_nu: 2.242309 
R-CCU: Before ClusterLabelChange for i = 55 newLabel= 1 currentLabel= 1 
R-CCU: sum(pointsPerCluster) = 1374 
 num [1:3] 1371 1 2
NULL
R-CCU: After ClusterLabelChange for i = 55 
R-CCU: sum(pointsPerCluster) = 1375 
 num [1:3] 1372 1 2
NULL
R-CCU: dpObj$numberClusters = 3 
List of 2
 $ : num [1, 1, 1:3] 0.502 0.265 0.652
 $ : num [1, 1, 1:3] 2.22 3.79 3.21
NULL
R priorParameters: 2 8 
R maxT: 1 
R_PriorDraw_first_mu: 0.01689161 
R_PriorDraw_first_nu: 10.59229 
R-CCU: Before ClusterLabelChange for i = 56 newLabel= 1 currentLabel= 1 
R-CCU: sum(pointsPerCluster) = 1375 
 num [1:3] 1372 1 2
NULL
R-CCU: After ClusterLabelChange for i = 56 
R-CCU: sum(pointsPerCluster) = 1376 
 num [1:3] 1373 1 2
NULL
R-CCU: dpObj$numberClusters = 3 
List of 2
 $ : num [1, 1, 1:3] 0.502 0.265 0.652
 $ : num [1, 1, 1:3] 2.22 3.79 3.21
NULL
R priorParameters: 2 8 
R maxT: 1 
R_PriorDraw_first_mu: 0.888842 
R_PriorDraw_first_nu: 2.354795 
R-CCU: Before ClusterLabelChange for i = 57 newLabel= 1 currentLabel= 1 
R-CCU: sum(pointsPerCluster) = 1376 
 num [1:3] 1373 1 2
NULL
R-CCU: After ClusterLabelChange for i = 57 
R-CCU: sum(pointsPerCluster) = 1377 
 num [1:3] 1374 1 2
NULL
R-CCU: dpObj$numberClusters = 3 
List of 2
 $ : num [1, 1, 1:3] 0.502 0.265 0.652
 $ : num [1, 1, 1:3] 2.22 3.79 3.21
NULL
R priorParameters: 2 8 
R maxT: 1 
R_PriorDraw_first_mu: 0.6910398 
R_PriorDraw_first_nu: 11.26093 
R-CCU: Before ClusterLabelChange for i = 58 newLabel= 1 currentLabel= 1 
R-CCU: sum(pointsPerCluster) = 1377 
 num [1:3] 1374 1 2
NULL
R-CCU: After ClusterLabelChange for i = 58 
R-CCU: sum(pointsPerCluster) = 1378 
 num [1:3] 1375 1 2
NULL
R-CCU: dpObj$numberClusters = 3 
List of 2
 $ : num [1, 1, 1:3] 0.502 0.265 0.652
 $ : num [1, 1, 1:3] 2.22 3.79 3.21
NULL
R priorParameters: 2 8 
R maxT: 1 
R_PriorDraw_first_mu: 0.4189346 
R_PriorDraw_first_nu: 2.137498 
R-CCU: Before ClusterLabelChange for i = 59 newLabel= 1 currentLabel= 1 
R-CCU: sum(pointsPerCluster) = 1378 
 num [1:3] 1375 1 2
NULL
R-CCU: After ClusterLabelChange for i = 59 
R-CCU: sum(pointsPerCluster) = 1379 
 num [1:3] 1376 1 2
NULL
R-CCU: dpObj$numberClusters = 3 
List of 2
 $ : num [1, 1, 1:3] 0.502 0.265 0.652
 $ : num [1, 1, 1:3] 2.22 3.79 3.21
NULL
R priorParameters: 2 8 
R maxT: 1 
R_PriorDraw_first_mu: 0.5401496 
R_PriorDraw_first_nu: 27.08894 
R-CCU: Before ClusterLabelChange for i = 60 newLabel= 1 currentLabel= 1 
R-CCU: sum(pointsPerCluster) = 1379 
 num [1:3] 1376 1 2
NULL
R-CCU: After ClusterLabelChange for i = 60 
R-CCU: sum(pointsPerCluster) = 1380 
 num [1:3] 1377 1 2
NULL
R-CCU: dpObj$numberClusters = 3 
List of 2
 $ : num [1, 1, 1:3] 0.502 0.265 0.652
 $ : num [1, 1, 1:3] 2.22 3.79 3.21
NULL

⠸ |   44      0 | Beta Distribution Full Integration Test          R priorParameters: 2 8 
R maxT: 1 
R_PriorDraw_first_mu: 0.7660436 
R_PriorDraw_first_nu: 21.47446 
R-CCU: Before ClusterLabelChange for i = 1 newLabel= 1 currentLabel= 1 
R-CCU: sum(pointsPerCluster) = 1380 
 num [1:3] 1377 1 2
NULL
R-CCU: After ClusterLabelChange for i = 1 
R-CCU: sum(pointsPerCluster) = 1381 
 num [1:3] 1378 1 2
NULL
R-CCU: dpObj$numberClusters = 3 
List of 2
 $ : num [1, 1, 1:3] 0.502 0.265 0.652
 $ : num [1, 1, 1:3] 2.54 3.79 3.21
NULL
R priorParameters: 2 8 
R maxT: 1 
R_PriorDraw_first_mu: 0.2224126 
R_PriorDraw_first_nu: 6.020085 
R-CCU: Before ClusterLabelChange for i = 2 newLabel= 1 currentLabel= 1 
R-CCU: sum(pointsPerCluster) = 1381 
 num [1:3] 1378 1 2
NULL
R-CCU: After ClusterLabelChange for i = 2 
R-CCU: sum(pointsPerCluster) = 1382 
 num [1:3] 1379 1 2
NULL
R-CCU: dpObj$numberClusters = 3 
List of 2
 $ : num [1, 1, 1:3] 0.502 0.265 0.652
 $ : num [1, 1, 1:3] 2.54 3.79 3.21
NULL
R priorParameters: 2 8 
R maxT: 1 
R_PriorDraw_first_mu: 0.2310834 
R_PriorDraw_first_nu: 2.642984 
R-CCU: Before ClusterLabelChange for i = 3 newLabel= 1 currentLabel= 1 
R-CCU: sum(pointsPerCluster) = 1382 
 num [1:3] 1379 1 2
NULL
R-CCU: After ClusterLabelChange for i = 3 
R-CCU: sum(pointsPerCluster) = 1383 
 num [1:3] 1380 1 2
NULL
R-CCU: dpObj$numberClusters = 3 
List of 2
 $ : num [1, 1, 1:3] 0.502 0.265 0.652
 $ : num [1, 1, 1:3] 2.54 3.79 3.21
NULL
R priorParameters: 2 8 
R maxT: 1 
R_PriorDraw_first_mu: 0.1076046 
R_PriorDraw_first_nu: 5.349154 
R-CCU: Before ClusterLabelChange for i = 4 newLabel= 1 currentLabel= 1 
R-CCU: sum(pointsPerCluster) = 1383 
 num [1:3] 1380 1 2
NULL
R-CCU: After ClusterLabelChange for i = 4 
R-CCU: sum(pointsPerCluster) = 1384 
 num [1:3] 1381 1 2
NULL
R-CCU: dpObj$numberClusters = 3 
List of 2
 $ : num [1, 1, 1:3] 0.502 0.265 0.652
 $ : num [1, 1, 1:3] 2.54 3.79 3.21
NULL
R priorParameters: 2 8 
R maxT: 1 
R_PriorDraw_first_mu: 0.2107884 
R_PriorDraw_first_nu: 3.872802 
R-CCU: Before ClusterLabelChange for i = 5 newLabel= 1 currentLabel= 1 
R-CCU: sum(pointsPerCluster) = 1384 
 num [1:3] 1381 1 2
NULL
R-CCU: After ClusterLabelChange for i = 5 
R-CCU: sum(pointsPerCluster) = 1385 
 num [1:3] 1382 1 2
NULL
R-CCU: dpObj$numberClusters = 3 
List of 2
 $ : num [1, 1, 1:3] 0.502 0.265 0.652
 $ : num [1, 1, 1:3] 2.54 3.79 3.21
NULL
R priorParameters: 2 8 
R maxT: 1 
R_PriorDraw_first_mu: 0.5588826 
R_PriorDraw_first_nu: 9.086079 
R-CCU: Before ClusterLabelChange for i = 6 newLabel= 1 currentLabel= 1 
R-CCU: sum(pointsPerCluster) = 1385 
 num [1:3] 1382 1 2
NULL
R-CCU: After ClusterLabelChange for i = 6 
R-CCU: sum(pointsPerCluster) = 1386 
 num [1:3] 1383 1 2
NULL
R-CCU: dpObj$numberClusters = 3 
List of 2
 $ : num [1, 1, 1:3] 0.502 0.265 0.652
 $ : num [1, 1, 1:3] 2.54 3.79 3.21
NULL
R priorParameters: 2 8 
R maxT: 1 
R_PriorDraw_first_mu: 0.6662661 
R_PriorDraw_first_nu: 25.90583 
R-CCU: Before ClusterLabelChange for i = 7 newLabel= 1 currentLabel= 1 
R-CCU: sum(pointsPerCluster) = 1386 
 num [1:3] 1383 1 2
NULL
R-CCU: After ClusterLabelChange for i = 7 
R-CCU: sum(pointsPerCluster) = 1387 
 num [1:3] 1384 1 2
NULL
R-CCU: dpObj$numberClusters = 3 
List of 2
 $ : num [1, 1, 1:3] 0.502 0.265 0.652
 $ : num [1, 1, 1:3] 2.54 3.79 3.21
NULL
R priorParameters: 2 8 
R maxT: 1 
R_PriorDraw_first_mu: 0.3247046 
R_PriorDraw_first_nu: 3.318893 
R-CCU: Before ClusterLabelChange for i = 8 newLabel= 1 currentLabel= 1 
R-CCU: sum(pointsPerCluster) = 1387 
 num [1:3] 1384 1 2
NULL
R-CCU: After ClusterLabelChange for i = 8 
R-CCU: sum(pointsPerCluster) = 1388 
 num [1:3] 1385 1 2
NULL
R-CCU: dpObj$numberClusters = 3 
List of 2
 $ : num [1, 1, 1:3] 0.502 0.265 0.652
 $ : num [1, 1, 1:3] 2.54 3.79 3.21
NULL
R priorParameters: 2 8 
R maxT: 1 
R_PriorDraw_first_mu: 0.8944169 
R_PriorDraw_first_nu: 2.73445 
R-CCU: Before ClusterLabelChange for i = 9 newLabel= 1 currentLabel= 1 
R-CCU: sum(pointsPerCluster) = 1388 
 num [1:3] 1385 1 2
NULL
R-CCU: After ClusterLabelChange for i = 9 
R-CCU: sum(pointsPerCluster) = 1389 
 num [1:3] 1386 1 2
NULL
R-CCU: dpObj$numberClusters = 3 
List of 2
 $ : num [1, 1, 1:3] 0.502 0.265 0.652
 $ : num [1, 1, 1:3] 2.54 3.79 3.21
NULL
R priorParameters: 2 8 
R maxT: 1 
R_PriorDraw_first_mu: 0.3116851 
R_PriorDraw_first_nu: 4.193657 
R-CCU: Before ClusterLabelChange for i = 10 newLabel= 1 currentLabel= 1 
R-CCU: sum(pointsPerCluster) = 1389 
 num [1:3] 1386 1 2
NULL
R-CCU: After ClusterLabelChange for i = 10 
R-CCU: sum(pointsPerCluster) = 1390 
 num [1:3] 1387 1 2
NULL
R-CCU: dpObj$numberClusters = 3 
List of 2
 $ : num [1, 1, 1:3] 0.502 0.265 0.652
 $ : num [1, 1, 1:3] 2.54 3.79 3.21
NULL
R priorParameters: 2 8 
R maxT: 1 
R_PriorDraw_first_mu: 0.07189134 
R_PriorDraw_first_nu: 1.569883 
R-CCU: Before ClusterLabelChange for i = 11 newLabel= 1 currentLabel= 1 
R-CCU: sum(pointsPerCluster) = 1390 
 num [1:3] 1387 1 2
NULL
R-CCU: After ClusterLabelChange for i = 11 
R-CCU: sum(pointsPerCluster) = 1391 
 num [1:3] 1388 1 2
NULL
R-CCU: dpObj$numberClusters = 3 
List of 2
 $ : num [1, 1, 1:3] 0.502 0.265 0.652
 $ : num [1, 1, 1:3] 2.54 3.79 3.21
NULL
R priorParameters: 2 8 
R maxT: 1 
R_PriorDraw_first_mu: 0.7688166 
R_PriorDraw_first_nu: 3.06518 
R-CCU: Before ClusterLabelChange for i = 12 newLabel= 1 currentLabel= 1 
R-CCU: sum(pointsPerCluster) = 1391 
 num [1:3] 1388 1 2
NULL
R-CCU: After ClusterLabelChange for i = 12 
R-CCU: sum(pointsPerCluster) = 1392 
 num [1:3] 1389 1 2
NULL
R-CCU: dpObj$numberClusters = 3 
List of 2
 $ : num [1, 1, 1:3] 0.502 0.265 0.652
 $ : num [1, 1, 1:3] 2.54 3.79 3.21
NULL
R priorParameters: 2 8 
R maxT: 1 
R_PriorDraw_first_mu: 0.7516655 
R_PriorDraw_first_nu: 1.113851 
R-CCU: Before ClusterLabelChange for i = 13 newLabel= 1 currentLabel= 1 
R-CCU: sum(pointsPerCluster) = 1392 
 num [1:3] 1389 1 2
NULL
R-CCU: After ClusterLabelChange for i = 13 
R-CCU: sum(pointsPerCluster) = 1393 
 num [1:3] 1390 1 2
NULL
R-CCU: dpObj$numberClusters = 3 
List of 2
 $ : num [1, 1, 1:3] 0.502 0.265 0.652
 $ : num [1, 1, 1:3] 2.54 3.79 3.21
NULL
R priorParameters: 2 8 
R maxT: 1 
R_PriorDraw_first_mu: 0.07661873 
R_PriorDraw_first_nu: 10.85964 
R-CCU: Before ClusterLabelChange for i = 14 newLabel= 1 currentLabel= 1 
R-CCU: sum(pointsPerCluster) = 1393 
 num [1:3] 1390 1 2
NULL
R-CCU: After ClusterLabelChange for i = 14 
R-CCU: sum(pointsPerCluster) = 1394 
 num [1:3] 1391 1 2
NULL
R-CCU: dpObj$numberClusters = 3 
List of 2
 $ : num [1, 1, 1:3] 0.502 0.265 0.652
 $ : num [1, 1, 1:3] 2.54 3.79 3.21
NULL
R priorParameters: 2 8 
R maxT: 1 
R_PriorDraw_first_mu: 0.4447182 
R_PriorDraw_first_nu: 11.94452 
R-CCU: Before ClusterLabelChange for i = 15 newLabel= 1 currentLabel= 1 
R-CCU: sum(pointsPerCluster) = 1394 
 num [1:3] 1391 1 2
NULL
R-CCU: After ClusterLabelChange for i = 15 
R-CCU: sum(pointsPerCluster) = 1395 
 num [1:3] 1392 1 2
NULL
R-CCU: dpObj$numberClusters = 3 
List of 2
 $ : num [1, 1, 1:3] 0.502 0.265 0.652
 $ : num [1, 1, 1:3] 2.54 3.79 3.21
NULL
R priorParameters: 2 8 
R maxT: 1 
R_PriorDraw_first_mu: 0.1815879 
R_PriorDraw_first_nu: 2.083236 
R-CCU: Before ClusterLabelChange for i = 16 newLabel= 1 currentLabel= 1 
R-CCU: sum(pointsPerCluster) = 1395 
 num [1:3] 1392 1 2
NULL
R-CCU: After ClusterLabelChange for i = 16 
R-CCU: sum(pointsPerCluster) = 1396 
 num [1:3] 1393 1 2
NULL
R-CCU: dpObj$numberClusters = 3 
List of 2
 $ : num [1, 1, 1:3] 0.502 0.265 0.652
 $ : num [1, 1, 1:3] 2.54 3.79 3.21
NULL
R priorParameters: 2 8 
R maxT: 1 
R_PriorDraw_first_mu: 0.8632297 
R_PriorDraw_first_nu: 10.89014 
R-CCU: Before ClusterLabelChange for i = 17 newLabel= 1 currentLabel= 1 
R-CCU: sum(pointsPerCluster) = 1396 
 num [1:3] 1393 1 2
NULL
R-CCU: After ClusterLabelChange for i = 17 
R-CCU: sum(pointsPerCluster) = 1397 
 num [1:3] 1394 1 2
NULL
R-CCU: dpObj$numberClusters = 3 
List of 2
 $ : num [1, 1, 1:3] 0.502 0.265 0.652
 $ : num [1, 1, 1:3] 2.54 3.79 3.21
NULL
R priorParameters: 2 8 
R maxT: 1 
R_PriorDraw_first_mu: 0.0382447 
R_PriorDraw_first_nu: 1.693821 
R-CCU: Before ClusterLabelChange for i = 18 newLabel= 1 currentLabel= 1 
R-CCU: sum(pointsPerCluster) = 1397 
 num [1:3] 1394 1 2
NULL
R-CCU: After ClusterLabelChange for i = 18 
R-CCU: sum(pointsPerCluster) = 1398 
 num [1:3] 1395 1 2
NULL
R-CCU: dpObj$numberClusters = 3 
List of 2
 $ : num [1, 1, 1:3] 0.502 0.265 0.652
 $ : num [1, 1, 1:3] 2.54 3.79 3.21
NULL
R priorParameters: 2 8 
R maxT: 1 
R_PriorDraw_first_mu: 0.4156122 
R_PriorDraw_first_nu: 2.060822 
R-CCU: Before ClusterLabelChange for i = 19 newLabel= 1 currentLabel= 1 
R-CCU: sum(pointsPerCluster) = 1398 
 num [1:3] 1395 1 2
NULL
R-CCU: After ClusterLabelChange for i = 19 
R-CCU: sum(pointsPerCluster) = 1399 
 num [1:3] 1396 1 2
NULL
R-CCU: dpObj$numberClusters = 3 
List of 2
 $ : num [1, 1, 1:3] 0.502 0.265 0.652
 $ : num [1, 1, 1:3] 2.54 3.79 3.21
NULL
R priorParameters: 2 8 
R maxT: 1 
R_PriorDraw_first_mu: 0.9954909 
R_PriorDraw_first_nu: 1.404298 
R-CCU: Before ClusterLabelChange for i = 20 newLabel= 1 currentLabel= 1 
R-CCU: sum(pointsPerCluster) = 1399 
 num [1:3] 1396 1 2
NULL
R-CCU: After ClusterLabelChange for i = 20 
R-CCU: sum(pointsPerCluster) = 1400 
 num [1:3] 1397 1 2
NULL
R-CCU: dpObj$numberClusters = 3 
List of 2
 $ : num [1, 1, 1:3] 0.502 0.265 0.652
 $ : num [1, 1, 1:3] 2.54 3.79 3.21
NULL
R priorParameters: 2 8 
R maxT: 1 
R_PriorDraw_first_mu: 0.03980236 
R_PriorDraw_first_nu: 4.975881 
R-CCU: Before ClusterLabelChange for i = 21 newLabel= 1 currentLabel= 1 
R-CCU: sum(pointsPerCluster) = 1400 
 num [1:3] 1397 1 2
NULL
R-CCU: After ClusterLabelChange for i = 21 
R-CCU: sum(pointsPerCluster) = 1401 
 num [1:3] 1398 1 2
NULL
R-CCU: dpObj$numberClusters = 3 
List of 2
 $ : num [1, 1, 1:3] 0.502 0.265 0.652
 $ : num [1, 1, 1:3] 2.54 3.79 3.21
NULL
R priorParameters: 2 8 
R maxT: 1 
R_PriorDraw_first_mu: 0.402138 
R_PriorDraw_first_nu: 4.266277 
R-CCU: Before ClusterLabelChange for i = 22 newLabel= 1 currentLabel= 1 
R-CCU: sum(pointsPerCluster) = 1401 
 num [1:3] 1398 1 2
NULL
R-CCU: After ClusterLabelChange for i = 22 
R-CCU: sum(pointsPerCluster) = 1402 
 num [1:3] 1399 1 2
NULL
R-CCU: dpObj$numberClusters = 3 
List of 2
 $ : num [1, 1, 1:3] 0.502 0.265 0.652
 $ : num [1, 1, 1:3] 2.54 3.79 3.21
NULL
R priorParameters: 2 8 
R maxT: 1 
R_PriorDraw_first_mu: 0.01621519 
R_PriorDraw_first_nu: 58.3417 
R-CCU: Before ClusterLabelChange for i = 23 newLabel= 1 currentLabel= 1 
R-CCU: sum(pointsPerCluster) = 1402 
 num [1:3] 1399 1 2
NULL
R-CCU: After ClusterLabelChange for i = 23 
R-CCU: sum(pointsPerCluster) = 1403 
 num [1:3] 1400 1 2
NULL
R-CCU: dpObj$numberClusters = 3 
List of 2
 $ : num [1, 1, 1:3] 0.502 0.265 0.652
 $ : num [1, 1, 1:3] 2.54 3.79 3.21
NULL
R priorParameters: 2 8 
R maxT: 1 
R_PriorDraw_first_mu: 0.1587813 
R_PriorDraw_first_nu: 1.451432 
R-CCU: Before ClusterLabelChange for i = 24 newLabel= 1 currentLabel= 1 
R-CCU: sum(pointsPerCluster) = 1403 
 num [1:3] 1400 1 2
NULL
R-CCU: After ClusterLabelChange for i = 24 
R-CCU: sum(pointsPerCluster) = 1404 
 num [1:3] 1401 1 2
NULL
R-CCU: dpObj$numberClusters = 3 
List of 2
 $ : num [1, 1, 1:3] 0.502 0.265 0.652
 $ : num [1, 1, 1:3] 2.54 3.79 3.21
NULL
R priorParameters: 2 8 
R maxT: 1 
R_PriorDraw_first_mu: 0.4400127 
R_PriorDraw_first_nu: 1.330965 
R-CCU: Before ClusterLabelChange for i = 25 newLabel= 1 currentLabel= 1 
R-CCU: sum(pointsPerCluster) = 1404 
 num [1:3] 1401 1 2
NULL
R-CCU: After ClusterLabelChange for i = 25 
R-CCU: sum(pointsPerCluster) = 1405 
 num [1:3] 1402 1 2
NULL
R-CCU: dpObj$numberClusters = 3 
List of 2
 $ : num [1, 1, 1:3] 0.502 0.265 0.652
 $ : num [1, 1, 1:3] 2.54 3.79 3.21
NULL
R priorParameters: 2 8 
R maxT: 1 
R_PriorDraw_first_mu: 0.7339284 
R_PriorDraw_first_nu: 3.005267 
R-CCU: Before ClusterLabelChange for i = 26 newLabel= 1 currentLabel= 1 
R-CCU: sum(pointsPerCluster) = 1405 
 num [1:3] 1402 1 2
NULL
R-CCU: After ClusterLabelChange for i = 26 
R-CCU: sum(pointsPerCluster) = 1406 
 num [1:3] 1403 1 2
NULL
R-CCU: dpObj$numberClusters = 3 
List of 2
 $ : num [1, 1, 1:3] 0.502 0.265 0.652
 $ : num [1, 1, 1:3] 2.54 3.79 3.21
NULL
R priorParameters: 2 8 
R maxT: 1 
R_PriorDraw_first_mu: 0.6715978 
R_PriorDraw_first_nu: 3.879448 
R-CCU: Before ClusterLabelChange for i = 27 newLabel= 1 currentLabel= 1 
R-CCU: sum(pointsPerCluster) = 1406 
 num [1:3] 1403 1 2
NULL
R-CCU: After ClusterLabelChange for i = 27 
R-CCU: sum(pointsPerCluster) = 1407 
 num [1:3] 1404 1 2
NULL
R-CCU: dpObj$numberClusters = 3 
List of 2
 $ : num [1, 1, 1:3] 0.502 0.265 0.652
 $ : num [1, 1, 1:3] 2.54 3.79 3.21
NULL
R priorParameters: 2 8 
R maxT: 1 
R_PriorDraw_first_mu: 0.7507864 
R_PriorDraw_first_nu: 2.643867 
R-CCU: Before ClusterLabelChange for i = 28 newLabel= 1 currentLabel= 1 
R-CCU: sum(pointsPerCluster) = 1407 
 num [1:3] 1404 1 2
NULL
R-CCU: After ClusterLabelChange for i = 28 
R-CCU: sum(pointsPerCluster) = 1408 
 num [1:3] 1405 1 2
NULL
R-CCU: dpObj$numberClusters = 3 
List of 2
 $ : num [1, 1, 1:3] 0.502 0.265 0.652
 $ : num [1, 1, 1:3] 2.54 3.79 3.21
NULL
R priorParameters: 2 8 
R maxT: 1 
R_PriorDraw_first_mu: 0.6926803 
R_PriorDraw_first_nu: 6.450794 
R-CCU: Before ClusterLabelChange for i = 29 newLabel= 1 currentLabel= 1 
R-CCU: sum(pointsPerCluster) = 1408 
 num [1:3] 1405 1 2
NULL
R-CCU: After ClusterLabelChange for i = 29 
R-CCU: sum(pointsPerCluster) = 1409 
 num [1:3] 1406 1 2
NULL
R-CCU: dpObj$numberClusters = 3 
List of 2
 $ : num [1, 1, 1:3] 0.502 0.265 0.652
 $ : num [1, 1, 1:3] 2.54 3.79 3.21
NULL
R priorParameters: 2 8 
R maxT: 1 
R_PriorDraw_first_mu: 0.6280946 
R_PriorDraw_first_nu: 8.866873 
R-CCU: Before ClusterLabelChange for i = 30 newLabel= 1 currentLabel= 1 
R-CCU: sum(pointsPerCluster) = 1409 
 num [1:3] 1406 1 2
NULL
R-CCU: After ClusterLabelChange for i = 30 
R-CCU: sum(pointsPerCluster) = 1410 
 num [1:3] 1407 1 2
NULL
R-CCU: dpObj$numberClusters = 3 
List of 2
 $ : num [1, 1, 1:3] 0.502 0.265 0.652
 $ : num [1, 1, 1:3] 2.54 3.79 3.21
NULL
R priorParameters: 2 8 
R maxT: 1 
R_PriorDraw_first_mu: 0.9692185 
R_PriorDraw_first_nu: 4.37699 
R-CCU: Before ClusterLabelChange for i = 31 newLabel= 1 currentLabel= 1 
R-CCU: sum(pointsPerCluster) = 1410 
 num [1:3] 1407 1 2
NULL
R-CCU: After ClusterLabelChange for i = 31 
R-CCU: sum(pointsPerCluster) = 1411 
 num [1:3] 1408 1 2
NULL
R-CCU: dpObj$numberClusters = 3 
List of 2
 $ : num [1, 1, 1:3] 0.502 0.265 0.652
 $ : num [1, 1, 1:3] 2.54 3.79 3.21
NULL
R priorParameters: 2 8 
R maxT: 1 
R_PriorDraw_first_mu: 0.9962951 
R_PriorDraw_first_nu: 7.100089 
R-CCU: Before ClusterLabelChange for i = 32 newLabel= 1 currentLabel= 1 
R-CCU: sum(pointsPerCluster) = 1411 
 num [1:3] 1408 1 2
NULL
R-CCU: After ClusterLabelChange for i = 32 
R-CCU: sum(pointsPerCluster) = 1412 
 num [1:3] 1409 1 2
NULL
R-CCU: dpObj$numberClusters = 3 
List of 2
 $ : num [1, 1, 1:3] 0.502 0.265 0.652
 $ : num [1, 1, 1:3] 2.54 3.79 3.21
NULL
R priorParameters: 2 8 
R maxT: 1 
R_PriorDraw_first_mu: 0.5532873 
R_PriorDraw_first_nu: 8.339238 
R-CCU: Before ClusterLabelChange for i = 33 newLabel= 1 currentLabel= 1 
R-CCU: sum(pointsPerCluster) = 1412 
 num [1:3] 1409 1 2
NULL
R-CCU: After ClusterLabelChange for i = 33 
R-CCU: sum(pointsPerCluster) = 1413 
 num [1:3] 1410 1 2
NULL
R-CCU: dpObj$numberClusters = 3 
List of 2
 $ : num [1, 1, 1:3] 0.502 0.265 0.652
 $ : num [1, 1, 1:3] 2.54 3.79 3.21
NULL
R priorParameters: 2 8 
R maxT: 1 
R_PriorDraw_first_mu: 0.7871012 
R_PriorDraw_first_nu: 2.000427 
R-CCU: Before ClusterLabelChange for i = 34 newLabel= 1 currentLabel= 1 
R-CCU: sum(pointsPerCluster) = 1413 
 num [1:3] 1410 1 2
NULL
R-CCU: After ClusterLabelChange for i = 34 
R-CCU: sum(pointsPerCluster) = 1414 
 num [1:3] 1411 1 2
NULL
R-CCU: dpObj$numberClusters = 3 
List of 2
 $ : num [1, 1, 1:3] 0.502 0.265 0.652
 $ : num [1, 1, 1:3] 2.54 3.79 3.21
NULL
R priorParameters: 2 8 
R maxT: 1 
R_PriorDraw_first_mu: 0.927202 
R_PriorDraw_first_nu: 3.734736 
R-CCU: Before ClusterLabelChange for i = 35 newLabel= 1 currentLabel= 1 
R-CCU: sum(pointsPerCluster) = 1414 
 num [1:3] 1411 1 2
NULL
R-CCU: After ClusterLabelChange for i = 35 
R-CCU: sum(pointsPerCluster) = 1415 
 num [1:3] 1412 1 2
NULL
R-CCU: dpObj$numberClusters = 3 
List of 2
 $ : num [1, 1, 1:3] 0.502 0.265 0.652
 $ : num [1, 1, 1:3] 2.54 3.79 3.21
NULL
R priorParameters: 2 8 
R maxT: 1 
R_PriorDraw_first_mu: 0.926187 
R_PriorDraw_first_nu: 3.67458 
R-CCU: Before ClusterLabelChange for i = 36 newLabel= 1 currentLabel= 1 
R-CCU: sum(pointsPerCluster) = 1415 
 num [1:3] 1412 1 2
NULL
R-CCU: After ClusterLabelChange for i = 36 
R-CCU: sum(pointsPerCluster) = 1416 
 num [1:3] 1413 1 2
NULL
R-CCU: dpObj$numberClusters = 3 
List of 2
 $ : num [1, 1, 1:3] 0.502 0.265 0.652
 $ : num [1, 1, 1:3] 2.54 3.79 3.21
NULL
R priorParameters: 2 8 
R maxT: 1 
R_PriorDraw_first_mu: 0.3109775 
R_PriorDraw_first_nu: 1.637285 
R-CCU: Before ClusterLabelChange for i = 37 newLabel= 1 currentLabel= 1 
R-CCU: sum(pointsPerCluster) = 1416 
 num [1:3] 1413 1 2
NULL
R-CCU: After ClusterLabelChange for i = 37 
R-CCU: sum(pointsPerCluster) = 1417 
 num [1:3] 1414 1 2
NULL
R-CCU: dpObj$numberClusters = 3 
List of 2
 $ : num [1, 1, 1:3] 0.502 0.265 0.652
 $ : num [1, 1, 1:3] 2.54 3.79 3.21
NULL
R priorParameters: 2 8 
R maxT: 1 
R_PriorDraw_first_mu: 0.08175191 
R_PriorDraw_first_nu: 19.13466 
R-CCU: Before ClusterLabelChange for i = 38 newLabel= 1 currentLabel= 1 
R-CCU: sum(pointsPerCluster) = 1417 
 num [1:3] 1414 1 2
NULL
R-CCU: After ClusterLabelChange for i = 38 
R-CCU: sum(pointsPerCluster) = 1418 
 num [1:3] 1415 1 2
NULL
R-CCU: dpObj$numberClusters = 3 
List of 2
 $ : num [1, 1, 1:3] 0.502 0.265 0.652
 $ : num [1, 1, 1:3] 2.54 3.79 3.21
NULL
R priorParameters: 2 8 
R maxT: 1 
R_PriorDraw_first_mu: 0.2377198 
R_PriorDraw_first_nu: 2.065742 
R-CCU: Before ClusterLabelChange for i = 39 newLabel= 1 currentLabel= 1 
R-CCU: sum(pointsPerCluster) = 1418 
 num [1:3] 1415 1 2
NULL
R-CCU: After ClusterLabelChange for i = 39 
R-CCU: sum(pointsPerCluster) = 1419 
 num [1:3] 1416 1 2
NULL
R-CCU: dpObj$numberClusters = 3 
List of 2
 $ : num [1, 1, 1:3] 0.502 0.265 0.652
 $ : num [1, 1, 1:3] 2.54 3.79 3.21
NULL
R priorParameters: 2 8 
R maxT: 1 
R_PriorDraw_first_mu: 0.2847169 
R_PriorDraw_first_nu: 8.477378 
R-CCU: Before ClusterLabelChange for i = 40 newLabel= 1 currentLabel= 1 
R-CCU: sum(pointsPerCluster) = 1419 
 num [1:3] 1416 1 2
NULL
R-CCU: After ClusterLabelChange for i = 40 
R-CCU: sum(pointsPerCluster) = 1420 
 num [1:3] 1417 1 2
NULL
R-CCU: dpObj$numberClusters = 3 
List of 2
 $ : num [1, 1, 1:3] 0.502 0.265 0.652
 $ : num [1, 1, 1:3] 2.54 3.79 3.21
NULL
R priorParameters: 2 8 
R maxT: 1 
R_PriorDraw_first_mu: 0.4720058 
R_PriorDraw_first_nu: 4.383948 
R-CCU: Before ClusterLabelChange for i = 41 newLabel= 1 currentLabel= 1 
R-CCU: sum(pointsPerCluster) = 1420 
 num [1:3] 1417 1 2
NULL
R-CCU: After ClusterLabelChange for i = 41 
R-CCU: sum(pointsPerCluster) = 1421 
 num [1:3] 1418 1 2
NULL
R-CCU: dpObj$numberClusters = 3 
List of 2
 $ : num [1, 1, 1:3] 0.502 0.265 0.652
 $ : num [1, 1, 1:3] 2.54 3.79 3.21
NULL
R priorParameters: 2 8 
R maxT: 1 
R_PriorDraw_first_mu: 0.6233452 
R_PriorDraw_first_nu: 6.448278 
R-CCU: Before ClusterLabelChange for i = 42 newLabel= 1 currentLabel= 1 
R-CCU: sum(pointsPerCluster) = 1421 
 num [1:3] 1418 1 2
NULL
R-CCU: After ClusterLabelChange for i = 42 
R-CCU: sum(pointsPerCluster) = 1422 
 num [1:3] 1419 1 2
NULL
R-CCU: dpObj$numberClusters = 3 
List of 2
 $ : num [1, 1, 1:3] 0.502 0.265 0.652
 $ : num [1, 1, 1:3] 2.54 3.79 3.21
NULL
R priorParameters: 2 8 
R maxT: 1 
R_PriorDraw_first_mu: 0.4714884 
R_PriorDraw_first_nu: 2.234945 
R-CCU: Before ClusterLabelChange for i = 43 newLabel= 1 currentLabel= 1 
R-CCU: sum(pointsPerCluster) = 1422 
 num [1:3] 1419 1 2
NULL
R-CCU: After ClusterLabelChange for i = 43 
R-CCU: sum(pointsPerCluster) = 1423 
 num [1:3] 1420 1 2
NULL
R-CCU: dpObj$numberClusters = 3 
List of 2
 $ : num [1, 1, 1:3] 0.502 0.265 0.652
 $ : num [1, 1, 1:3] 2.54 3.79 3.21
NULL
R priorParameters: 2 8 
R maxT: 1 
R_PriorDraw_first_mu: 0.201347 
R_PriorDraw_first_nu: 2.863444 
R-CCU: Before ClusterLabelChange for i = 44 newLabel= 1 currentLabel= 1 
R-CCU: sum(pointsPerCluster) = 1423 
 num [1:3] 1420 1 2
NULL
R-CCU: After ClusterLabelChange for i = 44 
R-CCU: sum(pointsPerCluster) = 1424 
 num [1:3] 1421 1 2
NULL
R-CCU: dpObj$numberClusters = 3 
List of 2
 $ : num [1, 1, 1:3] 0.502 0.265 0.652
 $ : num [1, 1, 1:3] 2.54 3.79 3.21
NULL
R priorParameters: 2 8 
R maxT: 1 
R_PriorDraw_first_mu: 0.1262396 
R_PriorDraw_first_nu: 11.88028 
R-CCU: Before ClusterLabelChange for i = 45 newLabel= 1 currentLabel= 1 
R-CCU: sum(pointsPerCluster) = 1424 
 num [1:3] 1421 1 2
NULL
R-CCU: After ClusterLabelChange for i = 45 
R-CCU: sum(pointsPerCluster) = 1425 
 num [1:3] 1422 1 2
NULL
R-CCU: dpObj$numberClusters = 3 
List of 2
 $ : num [1, 1, 1:3] 0.502 0.265 0.652
 $ : num [1, 1, 1:3] 2.54 3.79 3.21
NULL
R priorParameters: 2 8 
R maxT: 1 
R_PriorDraw_first_mu: 0.6168378 
R_PriorDraw_first_nu: 4.363123 
R-CCU: Before ClusterLabelChange for i = 46 newLabel= 1 currentLabel= 1 
R-CCU: sum(pointsPerCluster) = 1425 
 num [1:3] 1422 1 2
NULL
R-CCU: After ClusterLabelChange for i = 46 
R-CCU: sum(pointsPerCluster) = 1426 
 num [1:3] 1423 1 2
NULL
R-CCU: dpObj$numberClusters = 3 
List of 2
 $ : num [1, 1, 1:3] 0.502 0.265 0.652
 $ : num [1, 1, 1:3] 2.54 3.79 3.21
NULL
R priorParameters: 2 8 
R maxT: 1 
R_PriorDraw_first_mu: 0.8697207 
R_PriorDraw_first_nu: 26.3448 
R-CCU: Before ClusterLabelChange for i = 47 newLabel= 1 currentLabel= 1 
R-CCU: sum(pointsPerCluster) = 1426 
 num [1:3] 1423 1 2
NULL
R-CCU: After ClusterLabelChange for i = 47 
R-CCU: sum(pointsPerCluster) = 1427 
 num [1:3] 1424 1 2
NULL
R-CCU: dpObj$numberClusters = 3 
List of 2
 $ : num [1, 1, 1:3] 0.502 0.265 0.652
 $ : num [1, 1, 1:3] 2.54 3.79 3.21
NULL
R priorParameters: 2 8 
R maxT: 1 
R_PriorDraw_first_mu: 0.6031697 
R_PriorDraw_first_nu: 13.29863 
R-CCU: Before ClusterLabelChange for i = 48 newLabel= 1 currentLabel= 1 
R-CCU: sum(pointsPerCluster) = 1427 
 num [1:3] 1424 1 2
NULL
R-CCU: After ClusterLabelChange for i = 48 
R-CCU: sum(pointsPerCluster) = 1428 
 num [1:3] 1425 1 2
NULL
R-CCU: dpObj$numberClusters = 3 
List of 2
 $ : num [1, 1, 1:3] 0.502 0.265 0.652
 $ : num [1, 1, 1:3] 2.54 3.79 3.21
NULL
R priorParameters: 2 8 
R maxT: 1 
R_PriorDraw_first_mu: 0.2668371 
R_PriorDraw_first_nu: 2.900689 
R-CCU: Before ClusterLabelChange for i = 49 newLabel= 1 currentLabel= 1 
R-CCU: sum(pointsPerCluster) = 1428 
 num [1:3] 1425 1 2
NULL
R-CCU: After ClusterLabelChange for i = 49 
R-CCU: sum(pointsPerCluster) = 1429 
 num [1:3] 1426 1 2
NULL
R-CCU: dpObj$numberClusters = 3 
List of 2
 $ : num [1, 1, 1:3] 0.502 0.265 0.652
 $ : num [1, 1, 1:3] 2.54 3.79 3.21
NULL
R priorParameters: 2 8 
R maxT: 1 
R_PriorDraw_first_mu: 0.2684275 
R_PriorDraw_first_nu: 5.981515 
R-CCU: Before ClusterLabelChange for i = 50 newLabel= 1 currentLabel= 1 
R-CCU: sum(pointsPerCluster) = 1429 
 num [1:3] 1426 1 2
NULL
R-CCU: After ClusterLabelChange for i = 50 
R-CCU: sum(pointsPerCluster) = 1430 
 num [1:3] 1427 1 2
NULL
R-CCU: dpObj$numberClusters = 3 
List of 2
 $ : num [1, 1, 1:3] 0.502 0.265 0.652
 $ : num [1, 1, 1:3] 2.54 3.79 3.21
NULL
R priorParameters: 2 8 
R maxT: 1 
R_PriorDraw_first_mu: 0.2397421 
R_PriorDraw_first_nu: 4.812022 
R-CCU: Before ClusterLabelChange for i = 51 newLabel= 1 currentLabel= 1 
R-CCU: sum(pointsPerCluster) = 1430 
 num [1:3] 1427 1 2
NULL
R-CCU: After ClusterLabelChange for i = 51 
R-CCU: sum(pointsPerCluster) = 1431 
 num [1:3] 1428 1 2
NULL
R-CCU: dpObj$numberClusters = 3 
List of 2
 $ : num [1, 1, 1:3] 0.502 0.265 0.652
 $ : num [1, 1, 1:3] 2.54 3.79 3.21
NULL
R priorParameters: 2 8 
R maxT: 1 
R_PriorDraw_first_mu: 0.1062376 
R_PriorDraw_first_nu: 16.77372 
R-CCU: Before ClusterLabelChange for i = 52 newLabel= 1 currentLabel= 1 
R-CCU: sum(pointsPerCluster) = 1431 
 num [1:3] 1428 1 2
NULL
R-CCU: After ClusterLabelChange for i = 52 
R-CCU: sum(pointsPerCluster) = 1432 
 num [1:3] 1429 1 2
NULL
R-CCU: dpObj$numberClusters = 3 
List of 2
 $ : num [1, 1, 1:3] 0.502 0.265 0.652
 $ : num [1, 1, 1:3] 2.54 3.79 3.21
NULL
R priorParameters: 2 8 
R maxT: 1 
R_PriorDraw_first_mu: 0.7700255 
R_PriorDraw_first_nu: 6.050249 
R-CCU: Before ClusterLabelChange for i = 53 newLabel= 1 currentLabel= 1 
R-CCU: sum(pointsPerCluster) = 1432 
 num [1:3] 1429 1 2
NULL
R-CCU: After ClusterLabelChange for i = 53 
R-CCU: sum(pointsPerCluster) = 1433 
 num [1:3] 1430 1 2
NULL
R-CCU: dpObj$numberClusters = 3 
List of 2
 $ : num [1, 1, 1:3] 0.502 0.265 0.652
 $ : num [1, 1, 1:3] 2.54 3.79 3.21
NULL
R priorParameters: 2 8 
R maxT: 1 
R_PriorDraw_first_mu: 0.7235576 
R_PriorDraw_first_nu: 4.511255 
R-CCU: Before ClusterLabelChange for i = 54 newLabel= 1 currentLabel= 1 
R-CCU: sum(pointsPerCluster) = 1433 
 num [1:3] 1430 1 2
NULL
R-CCU: After ClusterLabelChange for i = 54 
R-CCU: sum(pointsPerCluster) = 1434 
 num [1:3] 1431 1 2
NULL
R-CCU: dpObj$numberClusters = 3 
List of 2
 $ : num [1, 1, 1:3] 0.502 0.265 0.652
 $ : num [1, 1, 1:3] 2.54 3.79 3.21
NULL
R priorParameters: 2 8 
R maxT: 1 
R_PriorDraw_first_mu: 0.594915 
R_PriorDraw_first_nu: 2.241499 
R-CCU: Before ClusterLabelChange for i = 55 newLabel= 1 currentLabel= 1 
R-CCU: sum(pointsPerCluster) = 1434 
 num [1:3] 1431 1 2
NULL
R-CCU: After ClusterLabelChange for i = 55 
R-CCU: sum(pointsPerCluster) = 1435 
 num [1:3] 1432 1 2
NULL
R-CCU: dpObj$numberClusters = 3 
List of 2
 $ : num [1, 1, 1:3] 0.502 0.265 0.652
 $ : num [1, 1, 1:3] 2.54 3.79 3.21
NULL
R priorParameters: 2 8 
R maxT: 1 
R_PriorDraw_first_mu: 0.8573061 
R_PriorDraw_first_nu: 4.047018 
R-CCU: Before ClusterLabelChange for i = 56 newLabel= 1 currentLabel= 1 
R-CCU: sum(pointsPerCluster) = 1435 
 num [1:3] 1432 1 2
NULL
R-CCU: After ClusterLabelChange for i = 56 
R-CCU: sum(pointsPerCluster) = 1436 
 num [1:3] 1433 1 2
NULL
R-CCU: dpObj$numberClusters = 3 
List of 2
 $ : num [1, 1, 1:3] 0.502 0.265 0.652
 $ : num [1, 1, 1:3] 2.54 3.79 3.21
NULL
R priorParameters: 2 8 
R maxT: 1 
R_PriorDraw_first_mu: 0.1429446 
R_PriorDraw_first_nu: 2.425474 
R-CCU: Before ClusterLabelChange for i = 57 newLabel= 1 currentLabel= 1 
R-CCU: sum(pointsPerCluster) = 1436 
 num [1:3] 1433 1 2
NULL
R-CCU: After ClusterLabelChange for i = 57 
R-CCU: sum(pointsPerCluster) = 1437 
 num [1:3] 1434 1 2
NULL
R-CCU: dpObj$numberClusters = 3 
List of 2
 $ : num [1, 1, 1:3] 0.502 0.265 0.652
 $ : num [1, 1, 1:3] 2.54 3.79 3.21
NULL
R priorParameters: 2 8 
R maxT: 1 
R_PriorDraw_first_mu: 0.1414699 
R_PriorDraw_first_nu: 3.449267 
R-CCU: Before ClusterLabelChange for i = 58 newLabel= 1 currentLabel= 1 
R-CCU: sum(pointsPerCluster) = 1437 
 num [1:3] 1434 1 2
NULL
R-CCU: After ClusterLabelChange for i = 58 
R-CCU: sum(pointsPerCluster) = 1438 
 num [1:3] 1435 1 2
NULL
R-CCU: dpObj$numberClusters = 3 
List of 2
 $ : num [1, 1, 1:3] 0.502 0.265 0.652
 $ : num [1, 1, 1:3] 2.54 3.79 3.21
NULL
R priorParameters: 2 8 
R maxT: 1 
R_PriorDraw_first_mu: 0.3970549 
R_PriorDraw_first_nu: 2.591275 
R-CCU: Before ClusterLabelChange for i = 59 newLabel= 1 currentLabel= 1 
R-CCU: sum(pointsPerCluster) = 1438 
 num [1:3] 1435 1 2
NULL
R-CCU: After ClusterLabelChange for i = 59 
R-CCU: sum(pointsPerCluster) = 1439 
 num [1:3] 1436 1 2
NULL
R-CCU: dpObj$numberClusters = 3 
List of 2
 $ : num [1, 1, 1:3] 0.502 0.265 0.652
 $ : num [1, 1, 1:3] 2.54 3.79 3.21
NULL
R priorParameters: 2 8 
R maxT: 1 
R_PriorDraw_first_mu: 0.794457 
R_PriorDraw_first_nu: 18.34932 
R-CCU: Before ClusterLabelChange for i = 60 newLabel= 1 currentLabel= 1 
R-CCU: sum(pointsPerCluster) = 1439 
 num [1:3] 1436 1 2
NULL
R-CCU: After ClusterLabelChange for i = 60 
R-CCU: sum(pointsPerCluster) = 1440 
 num [1:3] 1437 1 2
NULL
R-CCU: dpObj$numberClusters = 3 
List of 2
 $ : num [1, 1, 1:3] 0.502 0.265 0.652
 $ : num [1, 1, 1:3] 2.54 3.79 3.21
NULL

⠴ |   46      0 | Beta Distribution Full Integration Test          R priorParameters: 2 8 
R maxT: 1 
R_PriorDraw_first_mu: 0.1584817 
R_PriorDraw_first_nu: 4.985107 
R-CCU: Before ClusterLabelChange for i = 1 newLabel= 1 currentLabel= 1 
R-CCU: sum(pointsPerCluster) = 1440 
 num [1:3] 1437 1 2
NULL
R-CCU: After ClusterLabelChange for i = 1 
R-CCU: sum(pointsPerCluster) = 1441 
 num [1:3] 1438 1 2
NULL
R-CCU: dpObj$numberClusters = 3 
List of 2
 $ : num [1, 1, 1:3] 0.476 0.265 0.652
 $ : num [1, 1, 1:3] 2.26 3.79 3.21
NULL
R priorParameters: 2 8 
R maxT: 1 
R_PriorDraw_first_mu: 0.7536388 
R_PriorDraw_first_nu: 19.55935 
R-CCU: Before ClusterLabelChange for i = 2 newLabel= 1 currentLabel= 1 
R-CCU: sum(pointsPerCluster) = 1441 
 num [1:3] 1438 1 2
NULL
R-CCU: After ClusterLabelChange for i = 2 
R-CCU: sum(pointsPerCluster) = 1442 
 num [1:3] 1439 1 2
NULL
R-CCU: dpObj$numberClusters = 3 
List of 2
 $ : num [1, 1, 1:3] 0.476 0.265 0.652
 $ : num [1, 1, 1:3] 2.26 3.79 3.21
NULL
R priorParameters: 2 8 
R maxT: 1 
R_PriorDraw_first_mu: 0.2639218 
R_PriorDraw_first_nu: 10.10529 
R-CCU: Before ClusterLabelChange for i = 3 newLabel= 1 currentLabel= 1 
R-CCU: sum(pointsPerCluster) = 1442 
 num [1:3] 1439 1 2
NULL
R-CCU: After ClusterLabelChange for i = 3 
R-CCU: sum(pointsPerCluster) = 1443 
 num [1:3] 1440 1 2
NULL
R-CCU: dpObj$numberClusters = 3 
List of 2
 $ : num [1, 1, 1:3] 0.476 0.265 0.652
 $ : num [1, 1, 1:3] 2.26 3.79 3.21
NULL
R priorParameters: 2 8 
R maxT: 1 
R_PriorDraw_first_mu: 0.9834329 
R_PriorDraw_first_nu: 17.24001 
R-CCU: Before ClusterLabelChange for i = 4 newLabel= 1 currentLabel= 1 
R-CCU: sum(pointsPerCluster) = 1443 
 num [1:3] 1440 1 2
NULL
R-CCU: After ClusterLabelChange for i = 4 
R-CCU: sum(pointsPerCluster) = 1444 
 num [1:3] 1441 1 2
NULL
R-CCU: dpObj$numberClusters = 3 
List of 2
 $ : num [1, 1, 1:3] 0.476 0.265 0.652
 $ : num [1, 1, 1:3] 2.26 3.79 3.21
NULL
R priorParameters: 2 8 
R maxT: 1 
R_PriorDraw_first_mu: 0.3520659 
R_PriorDraw_first_nu: 4.836208 
R-CCU: Before ClusterLabelChange for i = 5 newLabel= 1 currentLabel= 1 
R-CCU: sum(pointsPerCluster) = 1444 
 num [1:3] 1441 1 2
NULL
R-CCU: After ClusterLabelChange for i = 5 
R-CCU: sum(pointsPerCluster) = 1445 
 num [1:3] 1442 1 2
NULL
R-CCU: dpObj$numberClusters = 3 
List of 2
 $ : num [1, 1, 1:3] 0.476 0.265 0.652
 $ : num [1, 1, 1:3] 2.26 3.79 3.21
NULL
R priorParameters: 2 8 
R maxT: 1 
R_PriorDraw_first_mu: 0.229331 
R_PriorDraw_first_nu: 1.794247 
R-CCU: Before ClusterLabelChange for i = 6 newLabel= 1 currentLabel= 1 
R-CCU: sum(pointsPerCluster) = 1445 
 num [1:3] 1442 1 2
NULL
R-CCU: After ClusterLabelChange for i = 6 
R-CCU: sum(pointsPerCluster) = 1446 
 num [1:3] 1443 1 2
NULL
R-CCU: dpObj$numberClusters = 3 
List of 2
 $ : num [1, 1, 1:3] 0.476 0.265 0.652
 $ : num [1, 1, 1:3] 2.26 3.79 3.21
NULL
R priorParameters: 2 8 
R maxT: 1 
R_PriorDraw_first_mu: 0.90549 
R_PriorDraw_first_nu: 4.687842 
R-CCU: Before ClusterLabelChange for i = 7 newLabel= 1 currentLabel= 1 
R-CCU: sum(pointsPerCluster) = 1446 
 num [1:3] 1443 1 2
NULL
R-CCU: After ClusterLabelChange for i = 7 
R-CCU: sum(pointsPerCluster) = 1447 
 num [1:3] 1444 1 2
NULL
R-CCU: dpObj$numberClusters = 3 
List of 2
 $ : num [1, 1, 1:3] 0.476 0.265 0.652
 $ : num [1, 1, 1:3] 2.26 3.79 3.21
NULL
R priorParameters: 2 8 
R maxT: 1 
R_PriorDraw_first_mu: 0.4443328 
R_PriorDraw_first_nu: 6.566046 
R-CCU: Before ClusterLabelChange for i = 8 newLabel= 1 currentLabel= 1 
R-CCU: sum(pointsPerCluster) = 1447 
 num [1:3] 1444 1 2
NULL
R-CCU: After ClusterLabelChange for i = 8 
R-CCU: sum(pointsPerCluster) = 1448 
 num [1:3] 1445 1 2
NULL
R-CCU: dpObj$numberClusters = 3 
List of 2
 $ : num [1, 1, 1:3] 0.476 0.265 0.652
 $ : num [1, 1, 1:3] 2.26 3.79 3.21
NULL
R priorParameters: 2 8 
R maxT: 1 
R_PriorDraw_first_mu: 0.4175293 
R_PriorDraw_first_nu: 2.08791 
R-CCU: Before ClusterLabelChange for i = 9 newLabel= 1 currentLabel= 1 
R-CCU: sum(pointsPerCluster) = 1448 
 num [1:3] 1445 1 2
NULL
R-CCU: After ClusterLabelChange for i = 9 
R-CCU: sum(pointsPerCluster) = 1449 
 num [1:3] 1446 1 2
NULL
R-CCU: dpObj$numberClusters = 3 
List of 2
 $ : num [1, 1, 1:3] 0.476 0.265 0.652
 $ : num [1, 1, 1:3] 2.26 3.79 3.21
NULL
R priorParameters: 2 8 
R maxT: 1 
R_PriorDraw_first_mu: 0.8544315 
R_PriorDraw_first_nu: 10.43263 
R-CCU: Before ClusterLabelChange for i = 10 newLabel= 1 currentLabel= 1 
R-CCU: sum(pointsPerCluster) = 1449 
 num [1:3] 1446 1 2
NULL
R-CCU: After ClusterLabelChange for i = 10 
R-CCU: sum(pointsPerCluster) = 1450 
 num [1:3] 1447 1 2
NULL
R-CCU: dpObj$numberClusters = 3 
List of 2
 $ : num [1, 1, 1:3] 0.476 0.265 0.652
 $ : num [1, 1, 1:3] 2.26 3.79 3.21
NULL
R priorParameters: 2 8 
R maxT: 1 
R_PriorDraw_first_mu: 0.6840573 
R_PriorDraw_first_nu: 46.3461 
R-CCU: Before ClusterLabelChange for i = 11 newLabel= 1 currentLabel= 1 
R-CCU: sum(pointsPerCluster) = 1450 
 num [1:3] 1447 1 2
NULL
R-CCU: After ClusterLabelChange for i = 11 
R-CCU: sum(pointsPerCluster) = 1451 
 num [1:3] 1448 1 2
NULL
R-CCU: dpObj$numberClusters = 3 
List of 2
 $ : num [1, 1, 1:3] 0.476 0.265 0.652
 $ : num [1, 1, 1:3] 2.26 3.79 3.21
NULL
R priorParameters: 2 8 
R maxT: 1 
R_PriorDraw_first_mu: 0.646729 
R_PriorDraw_first_nu: 11.56471 
R-CCU: Before ClusterLabelChange for i = 12 newLabel= 1 currentLabel= 1 
R-CCU: sum(pointsPerCluster) = 1451 
 num [1:3] 1448 1 2
NULL
R-CCU: After ClusterLabelChange for i = 12 
R-CCU: sum(pointsPerCluster) = 1452 
 num [1:3] 1449 1 2
NULL
R-CCU: dpObj$numberClusters = 3 
List of 2
 $ : num [1, 1, 1:3] 0.476 0.265 0.652
 $ : num [1, 1, 1:3] 2.26 3.79 3.21
NULL
R priorParameters: 2 8 
R maxT: 1 
R_PriorDraw_first_mu: 0.8211673 
R_PriorDraw_first_nu: 4.192726 
R-CCU: Before ClusterLabelChange for i = 13 newLabel= 1 currentLabel= 1 
R-CCU: sum(pointsPerCluster) = 1452 
 num [1:3] 1449 1 2
NULL
R-CCU: After ClusterLabelChange for i = 13 
R-CCU: sum(pointsPerCluster) = 1453 
 num [1:3] 1450 1 2
NULL
R-CCU: dpObj$numberClusters = 3 
List of 2
 $ : num [1, 1, 1:3] 0.476 0.265 0.652
 $ : num [1, 1, 1:3] 2.26 3.79 3.21
NULL
R priorParameters: 2 8 
R maxT: 1 
R_PriorDraw_first_mu: 0.04755272 
R_PriorDraw_first_nu: 5.438181 
R-CCU: Before ClusterLabelChange for i = 14 newLabel= 1 currentLabel= 1 
R-CCU: sum(pointsPerCluster) = 1453 
 num [1:3] 1450 1 2
NULL
R-CCU: After ClusterLabelChange for i = 14 
R-CCU: sum(pointsPerCluster) = 1454 
 num [1:3] 1451 1 2
NULL
R-CCU: dpObj$numberClusters = 3 
List of 2
 $ : num [1, 1, 1:3] 0.476 0.265 0.652
 $ : num [1, 1, 1:3] 2.26 3.79 3.21
NULL
R priorParameters: 2 8 
R maxT: 1 
R_PriorDraw_first_mu: 0.9064764 
R_PriorDraw_first_nu: 2.209905 
R-CCU: Before ClusterLabelChange for i = 15 newLabel= 1 currentLabel= 1 
R-CCU: sum(pointsPerCluster) = 1454 
 num [1:3] 1451 1 2
NULL
R-CCU: After ClusterLabelChange for i = 15 
R-CCU: sum(pointsPerCluster) = 1455 
 num [1:3] 1452 1 2
NULL
R-CCU: dpObj$numberClusters = 3 
List of 2
 $ : num [1, 1, 1:3] 0.476 0.265 0.652
 $ : num [1, 1, 1:3] 2.26 3.79 3.21
NULL
R priorParameters: 2 8 
R maxT: 1 
R_PriorDraw_first_mu: 0.6391375 
R_PriorDraw_first_nu: 6.879099 
R-CCU: Before ClusterLabelChange for i = 16 newLabel= 1 currentLabel= 1 
R-CCU: sum(pointsPerCluster) = 1455 
 num [1:3] 1452 1 2
NULL
R-CCU: After ClusterLabelChange for i = 16 
R-CCU: sum(pointsPerCluster) = 1456 
 num [1:3] 1453 1 2
NULL
R-CCU: dpObj$numberClusters = 3 
List of 2
 $ : num [1, 1, 1:3] 0.476 0.265 0.652
 $ : num [1, 1, 1:3] 2.26 3.79 3.21
NULL
R priorParameters: 2 8 
R maxT: 1 
R_PriorDraw_first_mu: 0.513746 
R_PriorDraw_first_nu: 3.037688 
R-CCU: Before ClusterLabelChange for i = 17 newLabel= 1 currentLabel= 1 
R-CCU: sum(pointsPerCluster) = 1456 
 num [1:3] 1453 1 2
NULL
R-CCU: After ClusterLabelChange for i = 17 
R-CCU: sum(pointsPerCluster) = 1457 
 num [1:3] 1454 1 2
NULL
R-CCU: dpObj$numberClusters = 3 
List of 2
 $ : num [1, 1, 1:3] 0.476 0.265 0.652
 $ : num [1, 1, 1:3] 2.26 3.79 3.21
NULL
R priorParameters: 2 8 
R maxT: 1 
R_PriorDraw_first_mu: 0.2860439 
R_PriorDraw_first_nu: 6.049606 
R-CCU: Before ClusterLabelChange for i = 18 newLabel= 1 currentLabel= 1 
R-CCU: sum(pointsPerCluster) = 1457 
 num [1:3] 1454 1 2
NULL
R-CCU: After ClusterLabelChange for i = 18 
R-CCU: sum(pointsPerCluster) = 1458 
 num [1:3] 1455 1 2
NULL
R-CCU: dpObj$numberClusters = 3 
List of 2
 $ : num [1, 1, 1:3] 0.476 0.265 0.652
 $ : num [1, 1, 1:3] 2.26 3.79 3.21
NULL
R priorParameters: 2 8 
R maxT: 1 
R_PriorDraw_first_mu: 0.1636582 
R_PriorDraw_first_nu: 6.267343 
R-CCU: Before ClusterLabelChange for i = 19 newLabel= 1 currentLabel= 1 
R-CCU: sum(pointsPerCluster) = 1458 
 num [1:3] 1455 1 2
NULL
R-CCU: After ClusterLabelChange for i = 19 
R-CCU: sum(pointsPerCluster) = 1459 
 num [1:3] 1456 1 2
NULL
R-CCU: dpObj$numberClusters = 3 
List of 2
 $ : num [1, 1, 1:3] 0.476 0.265 0.652
 $ : num [1, 1, 1:3] 2.26 3.79 3.21
NULL
R priorParameters: 2 8 
R maxT: 1 
R_PriorDraw_first_mu: 0.1679617 
R_PriorDraw_first_nu: 4.32139 
R-CCU: Before ClusterLabelChange for i = 20 newLabel= 1 currentLabel= 1 
R-CCU: sum(pointsPerCluster) = 1459 
 num [1:3] 1456 1 2
NULL
R-CCU: After ClusterLabelChange for i = 20 
R-CCU: sum(pointsPerCluster) = 1460 
 num [1:3] 1457 1 2
NULL
R-CCU: dpObj$numberClusters = 3 
List of 2
 $ : num [1, 1, 1:3] 0.476 0.265 0.652
 $ : num [1, 1, 1:3] 2.26 3.79 3.21
NULL
R priorParameters: 2 8 
R maxT: 1 
R_PriorDraw_first_mu: 0.6664953 
R_PriorDraw_first_nu: 7.544832 
R-CCU: Before ClusterLabelChange for i = 21 newLabel= 1 currentLabel= 1 
R-CCU: sum(pointsPerCluster) = 1460 
 num [1:3] 1457 1 2
NULL
R-CCU: After ClusterLabelChange for i = 21 
R-CCU: sum(pointsPerCluster) = 1461 
 num [1:3] 1458 1 2
NULL
R-CCU: dpObj$numberClusters = 3 
List of 2
 $ : num [1, 1, 1:3] 0.476 0.265 0.652
 $ : num [1, 1, 1:3] 2.26 3.79 3.21
NULL
R priorParameters: 2 8 
R maxT: 1 
R_PriorDraw_first_mu: 0.06533584 
R_PriorDraw_first_nu: 8.386291 
R-CCU: Before ClusterLabelChange for i = 22 newLabel= 1 currentLabel= 1 
R-CCU: sum(pointsPerCluster) = 1461 
 num [1:3] 1458 1 2
NULL
R-CCU: After ClusterLabelChange for i = 22 
R-CCU: sum(pointsPerCluster) = 1462 
 num [1:3] 1459 1 2
NULL
R-CCU: dpObj$numberClusters = 3 
List of 2
 $ : num [1, 1, 1:3] 0.476 0.265 0.652
 $ : num [1, 1, 1:3] 2.26 3.79 3.21
NULL
R priorParameters: 2 8 
R maxT: 1 
R_PriorDraw_first_mu: 0.6463133 
R_PriorDraw_first_nu: 4.515685 
R-CCU: Before ClusterLabelChange for i = 23 newLabel= 1 currentLabel= 1 
R-CCU: sum(pointsPerCluster) = 1462 
 num [1:3] 1459 1 2
NULL
R-CCU: After ClusterLabelChange for i = 23 
R-CCU: sum(pointsPerCluster) = 1463 
 num [1:3] 1460 1 2
NULL
R-CCU: dpObj$numberClusters = 3 
List of 2
 $ : num [1, 1, 1:3] 0.476 0.265 0.652
 $ : num [1, 1, 1:3] 2.26 3.79 3.21
NULL
R priorParameters: 2 8 
R maxT: 1 
R_PriorDraw_first_mu: 0.486627 
R_PriorDraw_first_nu: 11.66434 
R-CCU: Before ClusterLabelChange for i = 24 newLabel= 1 currentLabel= 1 
R-CCU: sum(pointsPerCluster) = 1463 
 num [1:3] 1460 1 2
NULL
R-CCU: After ClusterLabelChange for i = 24 
R-CCU: sum(pointsPerCluster) = 1464 
 num [1:3] 1461 1 2
NULL
R-CCU: dpObj$numberClusters = 3 
List of 2
 $ : num [1, 1, 1:3] 0.476 0.265 0.652
 $ : num [1, 1, 1:3] 2.26 3.79 3.21
NULL
R priorParameters: 2 8 
R maxT: 1 
R_PriorDraw_first_mu: 0.2875208 
R_PriorDraw_first_nu: 16.14204 
R-CCU: Before ClusterLabelChange for i = 25 newLabel= 1 currentLabel= 1 
R-CCU: sum(pointsPerCluster) = 1464 
 num [1:3] 1461 1 2
NULL
R-CCU: After ClusterLabelChange for i = 25 
R-CCU: sum(pointsPerCluster) = 1465 
 num [1:3] 1462 1 2
NULL
R-CCU: dpObj$numberClusters = 3 
List of 2
 $ : num [1, 1, 1:3] 0.476 0.265 0.652
 $ : num [1, 1, 1:3] 2.26 3.79 3.21
NULL
R priorParameters: 2 8 
R maxT: 1 
R_PriorDraw_first_mu: 0.6041416 
R_PriorDraw_first_nu: 1.232876 
R-CCU: Before ClusterLabelChange for i = 26 newLabel= 1 currentLabel= 1 
R-CCU: sum(pointsPerCluster) = 1465 
 num [1:3] 1462 1 2
NULL
R-CCU: After ClusterLabelChange for i = 26 
R-CCU: sum(pointsPerCluster) = 1466 
 num [1:3] 1463 1 2
NULL
R-CCU: dpObj$numberClusters = 3 
List of 2
 $ : num [1, 1, 1:3] 0.476 0.265 0.652
 $ : num [1, 1, 1:3] 2.26 3.79 3.21
NULL
R priorParameters: 2 8 
R maxT: 1 
R_PriorDraw_first_mu: 0.2307648 
R_PriorDraw_first_nu: 1.486486 
R-CCU: Before ClusterLabelChange for i = 27 newLabel= 1 currentLabel= 1 
R-CCU: sum(pointsPerCluster) = 1466 
 num [1:3] 1463 1 2
NULL
R-CCU: After ClusterLabelChange for i = 27 
R-CCU: sum(pointsPerCluster) = 1467 
 num [1:3] 1464 1 2
NULL
R-CCU: dpObj$numberClusters = 3 
List of 2
 $ : num [1, 1, 1:3] 0.476 0.265 0.652
 $ : num [1, 1, 1:3] 2.26 3.79 3.21
NULL
R priorParameters: 2 8 
R maxT: 1 
R_PriorDraw_first_mu: 0.2550962 
R_PriorDraw_first_nu: 4.82652 
R-CCU: Before ClusterLabelChange for i = 28 newLabel= 1 currentLabel= 1 
R-CCU: sum(pointsPerCluster) = 1467 
 num [1:3] 1464 1 2
NULL
R-CCU: After ClusterLabelChange for i = 28 
R-CCU: sum(pointsPerCluster) = 1468 
 num [1:3] 1465 1 2
NULL
R-CCU: dpObj$numberClusters = 3 
List of 2
 $ : num [1, 1, 1:3] 0.476 0.265 0.652
 $ : num [1, 1, 1:3] 2.26 3.79 3.21
NULL
R priorParameters: 2 8 
R maxT: 1 
R_PriorDraw_first_mu: 0.7377163 
R_PriorDraw_first_nu: 4.278811 
R-CCU: Before ClusterLabelChange for i = 29 newLabel= 1 currentLabel= 1 
R-CCU: sum(pointsPerCluster) = 1468 
 num [1:3] 1465 1 2
NULL
R-CCU: After ClusterLabelChange for i = 29 
R-CCU: sum(pointsPerCluster) = 1469 
 num [1:3] 1466 1 2
NULL
R-CCU: dpObj$numberClusters = 3 
List of 2
 $ : num [1, 1, 1:3] 0.476 0.265 0.652
 $ : num [1, 1, 1:3] 2.26 3.79 3.21
NULL
R priorParameters: 2 8 
R maxT: 1 
R_PriorDraw_first_mu: 0.1417659 
R_PriorDraw_first_nu: 3.428699 
R-CCU: Before ClusterLabelChange for i = 30 newLabel= 1 currentLabel= 1 
R-CCU: sum(pointsPerCluster) = 1469 
 num [1:3] 1466 1 2
NULL
R-CCU: After ClusterLabelChange for i = 30 
R-CCU: sum(pointsPerCluster) = 1470 
 num [1:3] 1467 1 2
NULL
R-CCU: dpObj$numberClusters = 3 
List of 2
 $ : num [1, 1, 1:3] 0.476 0.265 0.652
 $ : num [1, 1, 1:3] 2.26 3.79 3.21
NULL
R priorParameters: 2 8 
R maxT: 1 
R_PriorDraw_first_mu: 0.3776812 
R_PriorDraw_first_nu: 6.065713 
R-CCU: Before ClusterLabelChange for i = 31 newLabel= 1 currentLabel= 1 
R-CCU: sum(pointsPerCluster) = 1470 
 num [1:3] 1467 1 2
NULL
R-CCU: After ClusterLabelChange for i = 31 
R-CCU: sum(pointsPerCluster) = 1471 
 num [1:3] 1468 1 2
NULL
R-CCU: dpObj$numberClusters = 3 
List of 2
 $ : num [1, 1, 1:3] 0.476 0.265 0.652
 $ : num [1, 1, 1:3] 2.26 3.79 3.21
NULL
R priorParameters: 2 8 
R maxT: 1 
R_PriorDraw_first_mu: 0.9560986 
R_PriorDraw_first_nu: 4.768317 
R-CCU: Before ClusterLabelChange for i = 32 newLabel= 1 currentLabel= 1 
R-CCU: sum(pointsPerCluster) = 1471 
 num [1:3] 1468 1 2
NULL
R-CCU: After ClusterLabelChange for i = 32 
R-CCU: sum(pointsPerCluster) = 1472 
 num [1:3] 1469 1 2
NULL
R-CCU: dpObj$numberClusters = 3 
List of 2
 $ : num [1, 1, 1:3] 0.476 0.265 0.652
 $ : num [1, 1, 1:3] 2.26 3.79 3.21
NULL
R priorParameters: 2 8 
R maxT: 1 
R_PriorDraw_first_mu: 0.970274 
R_PriorDraw_first_nu: 11.11581 
R-CCU: Before ClusterLabelChange for i = 33 newLabel= 1 currentLabel= 1 
R-CCU: sum(pointsPerCluster) = 1472 
 num [1:3] 1469 1 2
NULL
R-CCU: After ClusterLabelChange for i = 33 
R-CCU: sum(pointsPerCluster) = 1473 
 num [1:3] 1470 1 2
NULL
R-CCU: dpObj$numberClusters = 3 
List of 2
 $ : num [1, 1, 1:3] 0.476 0.265 0.652
 $ : num [1, 1, 1:3] 2.26 3.79 3.21
NULL
R priorParameters: 2 8 
R maxT: 1 
R_PriorDraw_first_mu: 0.4428623 
R_PriorDraw_first_nu: 7.259055 
R-CCU: Before ClusterLabelChange for i = 34 newLabel= 1 currentLabel= 1 
R-CCU: sum(pointsPerCluster) = 1473 
 num [1:3] 1470 1 2
NULL
R-CCU: After ClusterLabelChange for i = 34 
R-CCU: sum(pointsPerCluster) = 1474 
 num [1:3] 1471 1 2
NULL
R-CCU: dpObj$numberClusters = 3 
List of 2
 $ : num [1, 1, 1:3] 0.476 0.265 0.652
 $ : num [1, 1, 1:3] 2.26 3.79 3.21
NULL
R priorParameters: 2 8 
R maxT: 1 
R_PriorDraw_first_mu: 0.7176623 
R_PriorDraw_first_nu: 16.84546 
R-CCU: Before ClusterLabelChange for i = 35 newLabel= 1 currentLabel= 1 
R-CCU: sum(pointsPerCluster) = 1474 
 num [1:3] 1471 1 2
NULL
R-CCU: After ClusterLabelChange for i = 35 
R-CCU: sum(pointsPerCluster) = 1475 
 num [1:3] 1472 1 2
NULL
R-CCU: dpObj$numberClusters = 3 
List of 2
 $ : num [1, 1, 1:3] 0.476 0.265 0.652
 $ : num [1, 1, 1:3] 2.26 3.79 3.21
NULL
R priorParameters: 2 8 
R maxT: 1 
R_PriorDraw_first_mu: 0.01715089 
R_PriorDraw_first_nu: 2.984171 
R-CCU: Before ClusterLabelChange for i = 36 newLabel= 1 currentLabel= 1 
R-CCU: sum(pointsPerCluster) = 1475 
 num [1:3] 1472 1 2
NULL
R-CCU: After ClusterLabelChange for i = 36 
R-CCU: sum(pointsPerCluster) = 1476 
 num [1:3] 1473 1 2
NULL
R-CCU: dpObj$numberClusters = 3 
List of 2
 $ : num [1, 1, 1:3] 0.476 0.265 0.652
 $ : num [1, 1, 1:3] 2.26 3.79 3.21
NULL
R priorParameters: 2 8 
R maxT: 1 
R_PriorDraw_first_mu: 0.9846354 
R_PriorDraw_first_nu: 16.61882 
R-CCU: Before ClusterLabelChange for i = 37 newLabel= 1 currentLabel= 1 
R-CCU: sum(pointsPerCluster) = 1476 
 num [1:3] 1473 1 2
NULL
R-CCU: After ClusterLabelChange for i = 37 
R-CCU: sum(pointsPerCluster) = 1477 
 num [1:3] 1474 1 2
NULL
R-CCU: dpObj$numberClusters = 3 
List of 2
 $ : num [1, 1, 1:3] 0.476 0.265 0.652
 $ : num [1, 1, 1:3] 2.26 3.79 3.21
NULL
R priorParameters: 2 8 
R maxT: 1 
R_PriorDraw_first_mu: 0.7875628 
R_PriorDraw_first_nu: 5.160282 
R-CCU: Before ClusterLabelChange for i = 38 newLabel= 1 currentLabel= 1 
R-CCU: sum(pointsPerCluster) = 1477 
 num [1:3] 1474 1 2
NULL
R-CCU: After ClusterLabelChange for i = 38 
R-CCU: sum(pointsPerCluster) = 1478 
 num [1:3] 1475 1 2
NULL
R-CCU: dpObj$numberClusters = 3 
List of 2
 $ : num [1, 1, 1:3] 0.476 0.265 0.652
 $ : num [1, 1, 1:3] 2.26 3.79 3.21
NULL
R priorParameters: 2 8 
R maxT: 1 
R_PriorDraw_first_mu: 0.8787901 
R_PriorDraw_first_nu: 4.649665 
R-CCU: Before ClusterLabelChange for i = 39 newLabel= 1 currentLabel= 1 
R-CCU: sum(pointsPerCluster) = 1478 
 num [1:3] 1475 1 2
NULL
R-CCU: After ClusterLabelChange for i = 39 
R-CCU: sum(pointsPerCluster) = 1479 
 num [1:3] 1476 1 2
NULL
R-CCU: dpObj$numberClusters = 3 
List of 2
 $ : num [1, 1, 1:3] 0.476 0.265 0.652
 $ : num [1, 1, 1:3] 2.26 3.79 3.21
NULL
R priorParameters: 2 8 
R maxT: 1 
R_PriorDraw_first_mu: 0.0018922 
R_PriorDraw_first_nu: 7.989965 
R-CCU: Before ClusterLabelChange for i = 40 newLabel= 1 currentLabel= 1 
R-CCU: sum(pointsPerCluster) = 1479 
 num [1:3] 1476 1 2
NULL
R-CCU: After ClusterLabelChange for i = 40 
R-CCU: sum(pointsPerCluster) = 1480 
 num [1:3] 1477 1 2
NULL
R-CCU: dpObj$numberClusters = 3 
List of 2
 $ : num [1, 1, 1:3] 0.476 0.265 0.652
 $ : num [1, 1, 1:3] 2.26 3.79 3.21
NULL
R priorParameters: 2 8 
R maxT: 1 
R_PriorDraw_first_mu: 0.59912 
R_PriorDraw_first_nu: 2.130906 
R-CCU: Before ClusterLabelChange for i = 41 newLabel= 1 currentLabel= 1 
R-CCU: sum(pointsPerCluster) = 1480 
 num [1:3] 1477 1 2
NULL
R-CCU: After ClusterLabelChange for i = 41 
R-CCU: sum(pointsPerCluster) = 1481 
 num [1:3] 1478 1 2
NULL
R-CCU: dpObj$numberClusters = 3 
List of 2
 $ : num [1, 1, 1:3] 0.476 0.265 0.652
 $ : num [1, 1, 1:3] 2.26 3.79 3.21
NULL
R priorParameters: 2 8 
R maxT: 1 
R_PriorDraw_first_mu: 0.4633295 
R_PriorDraw_first_nu: 3.035929 
R-CCU: Before ClusterLabelChange for i = 42 newLabel= 1 currentLabel= 1 
R-CCU: sum(pointsPerCluster) = 1481 
 num [1:3] 1478 1 2
NULL
R-CCU: After ClusterLabelChange for i = 42 
R-CCU: sum(pointsPerCluster) = 1482 
 num [1:3] 1479 1 2
NULL
R-CCU: dpObj$numberClusters = 3 
List of 2
 $ : num [1, 1, 1:3] 0.476 0.265 0.652
 $ : num [1, 1, 1:3] 2.26 3.79 3.21
NULL
R priorParameters: 2 8 
R maxT: 1 
R_PriorDraw_first_mu: 0.3931751 
R_PriorDraw_first_nu: 8.430448 
R-CCU: Before ClusterLabelChange for i = 43 newLabel= 1 currentLabel= 1 
R-CCU: sum(pointsPerCluster) = 1482 
 num [1:3] 1479 1 2
NULL
R-CCU: After ClusterLabelChange for i = 43 
R-CCU: sum(pointsPerCluster) = 1483 
 num [1:3] 1480 1 2
NULL
R-CCU: dpObj$numberClusters = 3 
List of 2
 $ : num [1, 1, 1:3] 0.476 0.265 0.652
 $ : num [1, 1, 1:3] 2.26 3.79 3.21
NULL
R priorParameters: 2 8 
R maxT: 1 
R_PriorDraw_first_mu: 0.4471794 
R_PriorDraw_first_nu: 5.837522 
R-CCU: Before ClusterLabelChange for i = 44 newLabel= 1 currentLabel= 1 
R-CCU: sum(pointsPerCluster) = 1483 
 num [1:3] 1480 1 2
NULL
R-CCU: After ClusterLabelChange for i = 44 
R-CCU: sum(pointsPerCluster) = 1484 
 num [1:3] 1481 1 2
NULL
R-CCU: dpObj$numberClusters = 3 
List of 2
 $ : num [1, 1, 1:3] 0.476 0.265 0.652
 $ : num [1, 1, 1:3] 2.26 3.79 3.21
NULL
R priorParameters: 2 8 
R maxT: 1 
R_PriorDraw_first_mu: 0.2435386 
R_PriorDraw_first_nu: 1.949779 
R-CCU: Before ClusterLabelChange for i = 45 newLabel= 1 currentLabel= 1 
R-CCU: sum(pointsPerCluster) = 1484 
 num [1:3] 1481 1 2
NULL
R-CCU: After ClusterLabelChange for i = 45 
R-CCU: sum(pointsPerCluster) = 1485 
 num [1:3] 1482 1 2
NULL
R-CCU: dpObj$numberClusters = 3 
List of 2
 $ : num [1, 1, 1:3] 0.476 0.265 0.652
 $ : num [1, 1, 1:3] 2.26 3.79 3.21
NULL
R priorParameters: 2 8 
R maxT: 1 
R_PriorDraw_first_mu: 0.770872 
R_PriorDraw_first_nu: 2.861926 
R-CCU: Before ClusterLabelChange for i = 46 newLabel= 1 currentLabel= 1 
R-CCU: sum(pointsPerCluster) = 1485 
 num [1:3] 1482 1 2
NULL
R-CCU: After ClusterLabelChange for i = 46 
R-CCU: sum(pointsPerCluster) = 1486 
 num [1:3] 1483 1 2
NULL
R-CCU: dpObj$numberClusters = 3 
List of 2
 $ : num [1, 1, 1:3] 0.476 0.265 0.652
 $ : num [1, 1, 1:3] 2.26 3.79 3.21
NULL
R priorParameters: 2 8 
R maxT: 1 
R_PriorDraw_first_mu: 0.7058839 
R_PriorDraw_first_nu: 1.983746 
R-CCU: Before ClusterLabelChange for i = 47 newLabel= 1 currentLabel= 1 
R-CCU: sum(pointsPerCluster) = 1486 
 num [1:3] 1483 1 2
NULL
R-CCU: After ClusterLabelChange for i = 47 
R-CCU: sum(pointsPerCluster) = 1487 
 num [1:3] 1484 1 2
NULL
R-CCU: dpObj$numberClusters = 3 
List of 2
 $ : num [1, 1, 1:3] 0.476 0.265 0.652
 $ : num [1, 1, 1:3] 2.26 3.79 3.21
NULL
R priorParameters: 2 8 
R maxT: 1 
R_PriorDraw_first_mu: 0.5244702 
R_PriorDraw_first_nu: 8.112133 
R-CCU: Before ClusterLabelChange for i = 48 newLabel= 1 currentLabel= 1 
R-CCU: sum(pointsPerCluster) = 1487 
 num [1:3] 1484 1 2
NULL
R-CCU: After ClusterLabelChange for i = 48 
R-CCU: sum(pointsPerCluster) = 1488 
 num [1:3] 1485 1 2
NULL
R-CCU: dpObj$numberClusters = 3 
List of 2
 $ : num [1, 1, 1:3] 0.476 0.265 0.652
 $ : num [1, 1, 1:3] 2.26 3.79 3.21
NULL
R priorParameters: 2 8 
R maxT: 1 
R_PriorDraw_first_mu: 0.3145332 
R_PriorDraw_first_nu: 4.422174 
R-CCU: Before ClusterLabelChange for i = 49 newLabel= 1 currentLabel= 1 
R-CCU: sum(pointsPerCluster) = 1488 
 num [1:3] 1485 1 2
NULL
R-CCU: After ClusterLabelChange for i = 49 
R-CCU: sum(pointsPerCluster) = 1489 
 num [1:3] 1486 1 2
NULL
R-CCU: dpObj$numberClusters = 3 
List of 2
 $ : num [1, 1, 1:3] 0.476 0.265 0.652
 $ : num [1, 1, 1:3] 2.26 3.79 3.21
NULL
R priorParameters: 2 8 
R maxT: 1 
R_PriorDraw_first_mu: 0.6763214 
R_PriorDraw_first_nu: 7.615426 
R-CCU: Before ClusterLabelChange for i = 50 newLabel= 1 currentLabel= 1 
R-CCU: sum(pointsPerCluster) = 1489 
 num [1:3] 1486 1 2
NULL
R-CCU: After ClusterLabelChange for i = 50 
R-CCU: sum(pointsPerCluster) = 1490 
 num [1:3] 1487 1 2
NULL
R-CCU: dpObj$numberClusters = 3 
List of 2
 $ : num [1, 1, 1:3] 0.476 0.265 0.652
 $ : num [1, 1, 1:3] 2.26 3.79 3.21
NULL
R priorParameters: 2 8 
R maxT: 1 
R_PriorDraw_first_mu: 0.7841541 
R_PriorDraw_first_nu: 4.823639 
R-CCU: Before ClusterLabelChange for i = 51 newLabel= 1 currentLabel= 1 
R-CCU: sum(pointsPerCluster) = 1490 
 num [1:3] 1487 1 2
NULL
R-CCU: After ClusterLabelChange for i = 51 
R-CCU: sum(pointsPerCluster) = 1491 
 num [1:3] 1488 1 2
NULL
R-CCU: dpObj$numberClusters = 3 
List of 2
 $ : num [1, 1, 1:3] 0.476 0.265 0.652
 $ : num [1, 1, 1:3] 2.26 3.79 3.21
NULL
R priorParameters: 2 8 
R maxT: 1 
R_PriorDraw_first_mu: 0.5984776 
R_PriorDraw_first_nu: 16.15091 
R-CCU: Before ClusterLabelChange for i = 52 newLabel= 1 currentLabel= 1 
R-CCU: sum(pointsPerCluster) = 1491 
 num [1:3] 1488 1 2
NULL
R-CCU: After ClusterLabelChange for i = 52 
R-CCU: sum(pointsPerCluster) = 1492 
 num [1:3] 1489 1 2
NULL
R-CCU: dpObj$numberClusters = 3 
List of 2
 $ : num [1, 1, 1:3] 0.476 0.265 0.652
 $ : num [1, 1, 1:3] 2.26 3.79 3.21
NULL
R priorParameters: 2 8 
R maxT: 1 
R_PriorDraw_first_mu: 0.1854274 
R_PriorDraw_first_nu: 3.336382 
R-CCU: Before ClusterLabelChange for i = 53 newLabel= 1 currentLabel= 1 
R-CCU: sum(pointsPerCluster) = 1492 
 num [1:3] 1489 1 2
NULL
R-CCU: After ClusterLabelChange for i = 53 
R-CCU: sum(pointsPerCluster) = 1493 
 num [1:3] 1490 1 2
NULL
R-CCU: dpObj$numberClusters = 3 
List of 2
 $ : num [1, 1, 1:3] 0.476 0.265 0.652
 $ : num [1, 1, 1:3] 2.26 3.79 3.21
NULL
R priorParameters: 2 8 
R maxT: 1 
R_PriorDraw_first_mu: 0.04298067 
R_PriorDraw_first_nu: 1.229425 
R-CCU: Before ClusterLabelChange for i = 54 newLabel= 1 currentLabel= 1 
R-CCU: sum(pointsPerCluster) = 1493 
 num [1:3] 1490 1 2
NULL
R-CCU: After ClusterLabelChange for i = 54 
R-CCU: sum(pointsPerCluster) = 1494 
 num [1:3] 1491 1 2
NULL
R-CCU: dpObj$numberClusters = 3 
List of 2
 $ : num [1, 1, 1:3] 0.476 0.265 0.652
 $ : num [1, 1, 1:3] 2.26 3.79 3.21
NULL
R priorParameters: 2 8 
R maxT: 1 
R_PriorDraw_first_mu: 0.05317466 
R_PriorDraw_first_nu: 1.572967 
R-CCU: Before ClusterLabelChange for i = 55 newLabel= 1 currentLabel= 1 
R-CCU: sum(pointsPerCluster) = 1494 
 num [1:3] 1491 1 2
NULL
R-CCU: After ClusterLabelChange for i = 55 
R-CCU: sum(pointsPerCluster) = 1495 
 num [1:3] 1492 1 2
NULL
R-CCU: dpObj$numberClusters = 3 
List of 2
 $ : num [1, 1, 1:3] 0.476 0.265 0.652
 $ : num [1, 1, 1:3] 2.26 3.79 3.21
NULL
R priorParameters: 2 8 
R maxT: 1 
R_PriorDraw_first_mu: 0.1366733 
R_PriorDraw_first_nu: 3.968192 
R-CCU: Before ClusterLabelChange for i = 56 newLabel= 1 currentLabel= 1 
R-CCU: sum(pointsPerCluster) = 1495 
 num [1:3] 1492 1 2
NULL
R-CCU: After ClusterLabelChange for i = 56 
R-CCU: sum(pointsPerCluster) = 1496 
 num [1:3] 1493 1 2
NULL
R-CCU: dpObj$numberClusters = 3 
List of 2
 $ : num [1, 1, 1:3] 0.476 0.265 0.652
 $ : num [1, 1, 1:3] 2.26 3.79 3.21
NULL
R priorParameters: 2 8 
R maxT: 1 
R_PriorDraw_first_mu: 0.924153 
R_PriorDraw_first_nu: 3.3055 
R-CCU: Before ClusterLabelChange for i = 57 newLabel= 1 currentLabel= 1 
R-CCU: sum(pointsPerCluster) = 1496 
 num [1:3] 1493 1 2
NULL
R-CCU: After ClusterLabelChange for i = 57 
R-CCU: sum(pointsPerCluster) = 1497 
 num [1:3] 1494 1 2
NULL
R-CCU: dpObj$numberClusters = 3 
List of 2
 $ : num [1, 1, 1:3] 0.476 0.265 0.652
 $ : num [1, 1, 1:3] 2.26 3.79 3.21
NULL
R priorParameters: 2 8 
R maxT: 1 
R_PriorDraw_first_mu: 0.06724182 
R_PriorDraw_first_nu: 3.780426 
R-CCU: Before ClusterLabelChange for i = 58 newLabel= 1 currentLabel= 1 
R-CCU: sum(pointsPerCluster) = 1497 
 num [1:3] 1494 1 2
NULL
R-CCU: After ClusterLabelChange for i = 58 
R-CCU: sum(pointsPerCluster) = 1498 
 num [1:3] 1495 1 2
NULL
R-CCU: dpObj$numberClusters = 3 
List of 2
 $ : num [1, 1, 1:3] 0.476 0.265 0.652
 $ : num [1, 1, 1:3] 2.26 3.79 3.21
NULL
R priorParameters: 2 8 
R maxT: 1 
R_PriorDraw_first_mu: 0.1424203 
R_PriorDraw_first_nu: 2.653031 
R-CCU: Before ClusterLabelChange for i = 59 newLabel= 1 currentLabel= 1 
R-CCU: sum(pointsPerCluster) = 1498 
 num [1:3] 1495 1 2
NULL
R-CCU: After ClusterLabelChange for i = 59 
R-CCU: sum(pointsPerCluster) = 1499 
 num [1:3] 1496 1 2
NULL
R-CCU: dpObj$numberClusters = 3 
List of 2
 $ : num [1, 1, 1:3] 0.476 0.265 0.652
 $ : num [1, 1, 1:3] 2.26 3.79 3.21
NULL
R priorParameters: 2 8 
R maxT: 1 
R_PriorDraw_first_mu: 0.2965007 
R_PriorDraw_first_nu: 4.439169 
R-CCU: Before ClusterLabelChange for i = 60 newLabel= 1 currentLabel= 1 
R-CCU: sum(pointsPerCluster) = 1499 
 num [1:3] 1496 1 2
NULL
R-CCU: After ClusterLabelChange for i = 60 
R-CCU: sum(pointsPerCluster) = 1500 
 num [1:3] 1497 1 2
NULL
R-CCU: dpObj$numberClusters = 3 
List of 2
 $ : num [1, 1, 1:3] 0.476 0.265 0.652
 $ : num [1, 1, 1:3] 2.26 3.79 3.21
NULL

⠧ |   48      0 | Beta Distribution Full Integration Test          R priorParameters: 2 8 
R maxT: 1 
R_PriorDraw_first_mu: 0.06782496 
R_PriorDraw_first_nu: 6.723958 
R-CCU: Before ClusterLabelChange for i = 1 newLabel= 1 currentLabel= 1 
R-CCU: sum(pointsPerCluster) = 1500 
 num [1:3] 1497 1 2
NULL
R-CCU: After ClusterLabelChange for i = 1 
R-CCU: sum(pointsPerCluster) = 1501 
 num [1:3] 1498 1 2
NULL
R-CCU: dpObj$numberClusters = 3 
List of 2
 $ : num [1, 1, 1:3] 0.46 0.265 0.652
 $ : num [1, 1, 1:3] 2.4 3.79 3.21
NULL
R priorParameters: 2 8 
R maxT: 1 
R_PriorDraw_first_mu: 0.8795172 
R_PriorDraw_first_nu: 2.857724 
R-CCU: Before ClusterLabelChange for i = 2 newLabel= 1 currentLabel= 1 
R-CCU: sum(pointsPerCluster) = 1501 
 num [1:3] 1498 1 2
NULL
R-CCU: After ClusterLabelChange for i = 2 
R-CCU: sum(pointsPerCluster) = 1502 
 num [1:3] 1499 1 2
NULL
R-CCU: dpObj$numberClusters = 3 
List of 2
 $ : num [1, 1, 1:3] 0.46 0.265 0.652
 $ : num [1, 1, 1:3] 2.4 3.79 3.21
NULL
R priorParameters: 2 8 
R maxT: 1 
R_PriorDraw_first_mu: 0.8535558 
R_PriorDraw_first_nu: 7.997195 
R-CCU: Before ClusterLabelChange for i = 3 newLabel= 1 currentLabel= 1 
R-CCU: sum(pointsPerCluster) = 1502 
 num [1:3] 1499 1 2
NULL
R-CCU: After ClusterLabelChange for i = 3 
R-CCU: sum(pointsPerCluster) = 1503 
 num [1:3] 1500 1 2
NULL
R-CCU: dpObj$numberClusters = 3 
List of 2
 $ : num [1, 1, 1:3] 0.46 0.265 0.652
 $ : num [1, 1, 1:3] 2.4 3.79 3.21
NULL
R priorParameters: 2 8 
R maxT: 1 
R_PriorDraw_first_mu: 0.5044948 
R_PriorDraw_first_nu: 8.159396 
R-CCU: Before ClusterLabelChange for i = 4 newLabel= 1 currentLabel= 1 
R-CCU: sum(pointsPerCluster) = 1503 
 num [1:3] 1500 1 2
NULL
R-CCU: After ClusterLabelChange for i = 4 
R-CCU: sum(pointsPerCluster) = 1504 
 num [1:3] 1501 1 2
NULL
R-CCU: dpObj$numberClusters = 3 
List of 2
 $ : num [1, 1, 1:3] 0.46 0.265 0.652
 $ : num [1, 1, 1:3] 2.4 3.79 3.21
NULL
R priorParameters: 2 8 
R maxT: 1 
R_PriorDraw_first_mu: 0.7399079 
R_PriorDraw_first_nu: 5.853077 
R-CCU: Before ClusterLabelChange for i = 5 newLabel= 1 currentLabel= 1 
R-CCU: sum(pointsPerCluster) = 1504 
 num [1:3] 1501 1 2
NULL
R-CCU: After ClusterLabelChange for i = 5 
R-CCU: sum(pointsPerCluster) = 1505 
 num [1:3] 1502 1 2
NULL
R-CCU: dpObj$numberClusters = 3 
List of 2
 $ : num [1, 1, 1:3] 0.46 0.265 0.652
 $ : num [1, 1, 1:3] 2.4 3.79 3.21
NULL
R priorParameters: 2 8 
R maxT: 1 
R_PriorDraw_first_mu: 0.6906861 
R_PriorDraw_first_nu: 2.356169 
R-CCU: Before ClusterLabelChange for i = 6 newLabel= 1 currentLabel= 1 
R-CCU: sum(pointsPerCluster) = 1505 
 num [1:3] 1502 1 2
NULL
R-CCU: After ClusterLabelChange for i = 6 
R-CCU: sum(pointsPerCluster) = 1506 
 num [1:3] 1503 1 2
NULL
R-CCU: dpObj$numberClusters = 3 
List of 2
 $ : num [1, 1, 1:3] 0.46 0.265 0.652
 $ : num [1, 1, 1:3] 2.4 3.79 3.21
NULL
R priorParameters: 2 8 
R maxT: 1 
R_PriorDraw_first_mu: 0.1609505 
R_PriorDraw_first_nu: 13.32784 
R-CCU: Before ClusterLabelChange for i = 7 newLabel= 1 currentLabel= 1 
R-CCU: sum(pointsPerCluster) = 1506 
 num [1:3] 1503 1 2
NULL
R-CCU: After ClusterLabelChange for i = 7 
R-CCU: sum(pointsPerCluster) = 1507 
 num [1:3] 1504 1 2
NULL
R-CCU: dpObj$numberClusters = 3 
List of 2
 $ : num [1, 1, 1:3] 0.46 0.265 0.652
 $ : num [1, 1, 1:3] 2.4 3.79 3.21
NULL
R priorParameters: 2 8 
R maxT: 1 
R_PriorDraw_first_mu: 0.6581278 
R_PriorDraw_first_nu: 3.040527 
R-CCU: Before ClusterLabelChange for i = 8 newLabel= 1 currentLabel= 1 
R-CCU: sum(pointsPerCluster) = 1507 
 num [1:3] 1504 1 2
NULL
R-CCU: After ClusterLabelChange for i = 8 
R-CCU: sum(pointsPerCluster) = 1508 
 num [1:3] 1505 1 2
NULL
R-CCU: dpObj$numberClusters = 3 
List of 2
 $ : num [1, 1, 1:3] 0.46 0.265 0.652
 $ : num [1, 1, 1:3] 2.4 3.79 3.21
NULL
R priorParameters: 2 8 
R maxT: 1 
R_PriorDraw_first_mu: 0.1518232 
R_PriorDraw_first_nu: 1.658712 
R-CCU: Before ClusterLabelChange for i = 9 newLabel= 1 currentLabel= 1 
R-CCU: sum(pointsPerCluster) = 1508 
 num [1:3] 1505 1 2
NULL
R-CCU: After ClusterLabelChange for i = 9 
R-CCU: sum(pointsPerCluster) = 1509 
 num [1:3] 1506 1 2
NULL
R-CCU: dpObj$numberClusters = 3 
List of 2
 $ : num [1, 1, 1:3] 0.46 0.265 0.652
 $ : num [1, 1, 1:3] 2.4 3.79 3.21
NULL
R priorParameters: 2 8 
R maxT: 1 
R_PriorDraw_first_mu: 0.631416 
R_PriorDraw_first_nu: 2.621138 
R-CCU: Before ClusterLabelChange for i = 10 newLabel= 1 currentLabel= 1 
R-CCU: sum(pointsPerCluster) = 1509 
 num [1:3] 1506 1 2
NULL
R-CCU: After ClusterLabelChange for i = 10 
R-CCU: sum(pointsPerCluster) = 1510 
 num [1:3] 1507 1 2
NULL
R-CCU: dpObj$numberClusters = 3 
List of 2
 $ : num [1, 1, 1:3] 0.46 0.265 0.652
 $ : num [1, 1, 1:3] 2.4 3.79 3.21
NULL
R priorParameters: 2 8 
R maxT: 1 
R_PriorDraw_first_mu: 0.5066624 
R_PriorDraw_first_nu: 2.950267 
R-CCU: Before ClusterLabelChange for i = 11 newLabel= 1 currentLabel= 1 
R-CCU: sum(pointsPerCluster) = 1510 
 num [1:3] 1507 1 2
NULL
R-CCU: After ClusterLabelChange for i = 11 
R-CCU: sum(pointsPerCluster) = 1511 
 num [1:3] 1508 1 2
NULL
R-CCU: dpObj$numberClusters = 3 
List of 2
 $ : num [1, 1, 1:3] 0.46 0.265 0.652
 $ : num [1, 1, 1:3] 2.4 3.79 3.21
NULL
R priorParameters: 2 8 
R maxT: 1 
R_PriorDraw_first_mu: 0.9881216 
R_PriorDraw_first_nu: 3.304131 
R-CCU: Before ClusterLabelChange for i = 12 newLabel= 1 currentLabel= 1 
R-CCU: sum(pointsPerCluster) = 1511 
 num [1:3] 1508 1 2
NULL
R-CCU: After ClusterLabelChange for i = 12 
R-CCU: sum(pointsPerCluster) = 1512 
 num [1:3] 1509 1 2
NULL
R-CCU: dpObj$numberClusters = 3 
List of 2
 $ : num [1, 1, 1:3] 0.46 0.265 0.652
 $ : num [1, 1, 1:3] 2.4 3.79 3.21
NULL
R priorParameters: 2 8 
R maxT: 1 
R_PriorDraw_first_mu: 0.5260283 
R_PriorDraw_first_nu: 4.472296 
R-CCU: Before ClusterLabelChange for i = 13 newLabel= 1 currentLabel= 1 
R-CCU: sum(pointsPerCluster) = 1512 
 num [1:3] 1509 1 2
NULL
R-CCU: After ClusterLabelChange for i = 13 
R-CCU: sum(pointsPerCluster) = 1513 
 num [1:3] 1510 1 2
NULL
R-CCU: dpObj$numberClusters = 3 
List of 2
 $ : num [1, 1, 1:3] 0.46 0.265 0.652
 $ : num [1, 1, 1:3] 2.4 3.79 3.21
NULL
R priorParameters: 2 8 
R maxT: 1 
R_PriorDraw_first_mu: 0.8363642 
R_PriorDraw_first_nu: 9.800619 
R-CCU: Before ClusterLabelChange for i = 14 newLabel= 1 currentLabel= 1 
R-CCU: sum(pointsPerCluster) = 1513 
 num [1:3] 1510 1 2
NULL
R-CCU: After ClusterLabelChange for i = 14 
R-CCU: sum(pointsPerCluster) = 1514 
 num [1:3] 1511 1 2
NULL
R-CCU: dpObj$numberClusters = 3 
List of 2
 $ : num [1, 1, 1:3] 0.46 0.265 0.652
 $ : num [1, 1, 1:3] 2.4 3.79 3.21
NULL
R priorParameters: 2 8 
R maxT: 1 
R_PriorDraw_first_mu: 0.8424519 
R_PriorDraw_first_nu: 4.261012 
R-CCU: Before ClusterLabelChange for i = 15 newLabel= 1 currentLabel= 1 
R-CCU: sum(pointsPerCluster) = 1514 
 num [1:3] 1511 1 2
NULL
R-CCU: After ClusterLabelChange for i = 15 
R-CCU: sum(pointsPerCluster) = 1515 
 num [1:3] 1512 1 2
NULL
R-CCU: dpObj$numberClusters = 3 
List of 2
 $ : num [1, 1, 1:3] 0.46 0.265 0.652
 $ : num [1, 1, 1:3] 2.4 3.79 3.21
NULL
R priorParameters: 2 8 
R maxT: 1 
R_PriorDraw_first_mu: 0.6185845 
R_PriorDraw_first_nu: 2.927355 
R-CCU: Before ClusterLabelChange for i = 16 newLabel= 1 currentLabel= 1 
R-CCU: sum(pointsPerCluster) = 1515 
 num [1:3] 1512 1 2
NULL
R-CCU: After ClusterLabelChange for i = 16 
R-CCU: sum(pointsPerCluster) = 1516 
 num [1:3] 1513 1 2
NULL
R-CCU: dpObj$numberClusters = 3 
List of 2
 $ : num [1, 1, 1:3] 0.46 0.265 0.652
 $ : num [1, 1, 1:3] 2.4 3.79 3.21
NULL
R priorParameters: 2 8 
R maxT: 1 
R_PriorDraw_first_mu: 0.9062805 
R_PriorDraw_first_nu: 3.525909 
R-CCU: Before ClusterLabelChange for i = 17 newLabel= 1 currentLabel= 1 
R-CCU: sum(pointsPerCluster) = 1516 
 num [1:3] 1513 1 2
NULL
R-CCU: After ClusterLabelChange for i = 17 
R-CCU: sum(pointsPerCluster) = 1517 
 num [1:3] 1514 1 2
NULL
R-CCU: dpObj$numberClusters = 3 
List of 2
 $ : num [1, 1, 1:3] 0.46 0.265 0.652
 $ : num [1, 1, 1:3] 2.4 3.79 3.21
NULL
R priorParameters: 2 8 
R maxT: 1 
R_PriorDraw_first_mu: 0.3142057 
R_PriorDraw_first_nu: 2.23471 
R-CCU: Before ClusterLabelChange for i = 18 newLabel= 1 currentLabel= 1 
R-CCU: sum(pointsPerCluster) = 1517 
 num [1:3] 1514 1 2
NULL
R-CCU: After ClusterLabelChange for i = 18 
R-CCU: sum(pointsPerCluster) = 1518 
 num [1:3] 1515 1 2
NULL
R-CCU: dpObj$numberClusters = 3 
List of 2
 $ : num [1, 1, 1:3] 0.46 0.265 0.652
 $ : num [1, 1, 1:3] 2.4 3.79 3.21
NULL
R priorParameters: 2 8 
R maxT: 1 
R_PriorDraw_first_mu: 0.5134859 
R_PriorDraw_first_nu: 6.511608 
R-CCU: Before ClusterLabelChange for i = 19 newLabel= 1 currentLabel= 1 
R-CCU: sum(pointsPerCluster) = 1518 
 num [1:3] 1515 1 2
NULL
R-CCU: After ClusterLabelChange for i = 19 
R-CCU: sum(pointsPerCluster) = 1519 
 num [1:3] 1516 1 2
NULL
R-CCU: dpObj$numberClusters = 3 
List of 2
 $ : num [1, 1, 1:3] 0.46 0.265 0.652
 $ : num [1, 1, 1:3] 2.4 3.79 3.21
NULL
R priorParameters: 2 8 
R maxT: 1 
R_PriorDraw_first_mu: 0.4243115 
R_PriorDraw_first_nu: 1.498631 
R-CCU: Before ClusterLabelChange for i = 20 newLabel= 1 currentLabel= 1 
R-CCU: sum(pointsPerCluster) = 1519 
 num [1:3] 1516 1 2
NULL
R-CCU: After ClusterLabelChange for i = 20 
R-CCU: sum(pointsPerCluster) = 1520 
 num [1:3] 1517 1 2
NULL
R-CCU: dpObj$numberClusters = 3 
List of 2
 $ : num [1, 1, 1:3] 0.46 0.265 0.652
 $ : num [1, 1, 1:3] 2.4 3.79 3.21
NULL
R priorParameters: 2 8 
R maxT: 1 
R_PriorDraw_first_mu: 0.2680465 
R_PriorDraw_first_nu: 5.741767 
R-CCU: Before ClusterLabelChange for i = 21 newLabel= 1 currentLabel= 1 
R-CCU: sum(pointsPerCluster) = 1520 
 num [1:3] 1517 1 2
NULL
R-CCU: After ClusterLabelChange for i = 21 
R-CCU: sum(pointsPerCluster) = 1521 
 num [1:3] 1518 1 2
NULL
R-CCU: dpObj$numberClusters = 3 
List of 2
 $ : num [1, 1, 1:3] 0.46 0.265 0.652
 $ : num [1, 1, 1:3] 2.4 3.79 3.21
NULL
R priorParameters: 2 8 
R maxT: 1 
R_PriorDraw_first_mu: 0.5885282 
R_PriorDraw_first_nu: 5.105203 
R-CCU: Before ClusterLabelChange for i = 22 newLabel= 1 currentLabel= 1 
R-CCU: sum(pointsPerCluster) = 1521 
 num [1:3] 1518 1 2
NULL
R-CCU: After ClusterLabelChange for i = 22 
R-CCU: sum(pointsPerCluster) = 1522 
 num [1:3] 1519 1 2
NULL
R-CCU: dpObj$numberClusters = 3 
List of 2
 $ : num [1, 1, 1:3] 0.46 0.265 0.652
 $ : num [1, 1, 1:3] 2.4 3.79 3.21
NULL
R priorParameters: 2 8 
R maxT: 1 
R_PriorDraw_first_mu: 0.7748743 
R_PriorDraw_first_nu: 33.10089 
R-CCU: Before ClusterLabelChange for i = 23 newLabel= 1 currentLabel= 1 
R-CCU: sum(pointsPerCluster) = 1522 
 num [1:3] 1519 1 2
NULL
R-CCU: After ClusterLabelChange for i = 23 
R-CCU: sum(pointsPerCluster) = 1523 
 num [1:3] 1520 1 2
NULL
R-CCU: dpObj$numberClusters = 3 
List of 2
 $ : num [1, 1, 1:3] 0.46 0.265 0.652
 $ : num [1, 1, 1:3] 2.4 3.79 3.21
NULL
R priorParameters: 2 8 
R maxT: 1 
R_PriorDraw_first_mu: 0.4382646 
R_PriorDraw_first_nu: 12.68699 
R-CCU: Before ClusterLabelChange for i = 24 newLabel= 1 currentLabel= 1 
R-CCU: sum(pointsPerCluster) = 1523 
 num [1:3] 1520 1 2
NULL
R-CCU: After ClusterLabelChange for i = 24 
R-CCU: sum(pointsPerCluster) = 1524 
 num [1:3] 1521 1 2
NULL
R-CCU: dpObj$numberClusters = 3 
List of 2
 $ : num [1, 1, 1:3] 0.46 0.265 0.652
 $ : num [1, 1, 1:3] 2.4 3.79 3.21
NULL
R priorParameters: 2 8 
R maxT: 1 
R_PriorDraw_first_mu: 0.5854465 
R_PriorDraw_first_nu: 12.77128 
R-CCU: Before ClusterLabelChange for i = 25 newLabel= 1 currentLabel= 1 
R-CCU: sum(pointsPerCluster) = 1524 
 num [1:3] 1521 1 2
NULL
R-CCU: After ClusterLabelChange for i = 25 
R-CCU: sum(pointsPerCluster) = 1525 
 num [1:3] 1522 1 2
NULL
R-CCU: dpObj$numberClusters = 3 
List of 2
 $ : num [1, 1, 1:3] 0.46 0.265 0.652
 $ : num [1, 1, 1:3] 2.4 3.79 3.21
NULL
R priorParameters: 2 8 
R maxT: 1 
R_PriorDraw_first_mu: 0.06672492 
R_PriorDraw_first_nu: 28.42592 
R-CCU: Before ClusterLabelChange for i = 26 newLabel= 1 currentLabel= 1 
R-CCU: sum(pointsPerCluster) = 1525 
 num [1:3] 1522 1 2
NULL
R-CCU: After ClusterLabelChange for i = 26 
R-CCU: sum(pointsPerCluster) = 1526 
 num [1:3] 1523 1 2
NULL
R-CCU: dpObj$numberClusters = 3 
List of 2
 $ : num [1, 1, 1:3] 0.46 0.265 0.652
 $ : num [1, 1, 1:3] 2.4 3.79 3.21
NULL
R priorParameters: 2 8 
R maxT: 1 
R_PriorDraw_first_mu: 0.3072282 
R_PriorDraw_first_nu: 4.194073 
R-CCU: Before ClusterLabelChange for i = 27 newLabel= 1 currentLabel= 1 
R-CCU: sum(pointsPerCluster) = 1526 
 num [1:3] 1523 1 2
NULL
R-CCU: After ClusterLabelChange for i = 27 
R-CCU: sum(pointsPerCluster) = 1527 
 num [1:3] 1524 1 2
NULL
R-CCU: dpObj$numberClusters = 3 
List of 2
 $ : num [1, 1, 1:3] 0.46 0.265 0.652
 $ : num [1, 1, 1:3] 2.4 3.79 3.21
NULL
R priorParameters: 2 8 
R maxT: 1 
R_PriorDraw_first_mu: 0.2130297 
R_PriorDraw_first_nu: 3.446985 
R-CCU: Before ClusterLabelChange for i = 28 newLabel= 1 currentLabel= 1 
R-CCU: sum(pointsPerCluster) = 1527 
 num [1:3] 1524 1 2
NULL
R-CCU: After ClusterLabelChange for i = 28 
R-CCU: sum(pointsPerCluster) = 1528 
 num [1:3] 1525 1 2
NULL
R-CCU: dpObj$numberClusters = 3 
List of 2
 $ : num [1, 1, 1:3] 0.46 0.265 0.652
 $ : num [1, 1, 1:3] 2.4 3.79 3.21
NULL
R priorParameters: 2 8 
R maxT: 1 
R_PriorDraw_first_mu: 0.4372834 
R_PriorDraw_first_nu: 4.277547 
R-CCU: Before ClusterLabelChange for i = 29 newLabel= 1 currentLabel= 1 
R-CCU: sum(pointsPerCluster) = 1528 
 num [1:3] 1525 1 2
NULL
R-CCU: After ClusterLabelChange for i = 29 
R-CCU: sum(pointsPerCluster) = 1529 
 num [1:3] 1526 1 2
NULL
R-CCU: dpObj$numberClusters = 3 
List of 2
 $ : num [1, 1, 1:3] 0.46 0.265 0.652
 $ : num [1, 1, 1:3] 2.4 3.79 3.21
NULL
R priorParameters: 2 8 
R maxT: 1 
R_PriorDraw_first_mu: 0.2096669 
R_PriorDraw_first_nu: 3.553467 
R-CCU: Before ClusterLabelChange for i = 30 newLabel= 1 currentLabel= 1 
R-CCU: sum(pointsPerCluster) = 1529 
 num [1:3] 1526 1 2
NULL
R-CCU: After ClusterLabelChange for i = 30 
R-CCU: sum(pointsPerCluster) = 1530 
 num [1:3] 1527 1 2
NULL
R-CCU: dpObj$numberClusters = 3 
List of 2
 $ : num [1, 1, 1:3] 0.46 0.265 0.652
 $ : num [1, 1, 1:3] 2.4 3.79 3.21
NULL
R priorParameters: 2 8 
R maxT: 1 
R_PriorDraw_first_mu: 0.09955568 
R_PriorDraw_first_nu: 7.129813 
R-CCU: Before ClusterLabelChange for i = 31 newLabel= 1 currentLabel= 1 
R-CCU: sum(pointsPerCluster) = 1530 
 num [1:3] 1527 1 2
NULL
R-CCU: After ClusterLabelChange for i = 31 
R-CCU: sum(pointsPerCluster) = 1531 
 num [1:3] 1528 1 2
NULL
R-CCU: dpObj$numberClusters = 3 
List of 2
 $ : num [1, 1, 1:3] 0.46 0.265 0.652
 $ : num [1, 1, 1:3] 2.4 3.79 3.21
NULL
R priorParameters: 2 8 
R maxT: 1 
R_PriorDraw_first_mu: 0.1272891 
R_PriorDraw_first_nu: 8.269619 
R-CCU: Before ClusterLabelChange for i = 32 newLabel= 1 currentLabel= 1 
R-CCU: sum(pointsPerCluster) = 1531 
 num [1:3] 1528 1 2
NULL
R-CCU: After ClusterLabelChange for i = 32 
R-CCU: sum(pointsPerCluster) = 1532 
 num [1:3] 1529 1 2
NULL
R-CCU: dpObj$numberClusters = 3 
List of 2
 $ : num [1, 1, 1:3] 0.46 0.265 0.652
 $ : num [1, 1, 1:3] 2.4 3.79 3.21
NULL
R priorParameters: 2 8 
R maxT: 1 
R_PriorDraw_first_mu: 0.8769461 
R_PriorDraw_first_nu: 20.24226 
R-CCU: Before ClusterLabelChange for i = 33 newLabel= 1 currentLabel= 1 
R-CCU: sum(pointsPerCluster) = 1532 
 num [1:3] 1529 1 2
NULL
R-CCU: After ClusterLabelChange for i = 33 
R-CCU: sum(pointsPerCluster) = 1533 
 num [1:3] 1530 1 2
NULL
R-CCU: dpObj$numberClusters = 3 
List of 2
 $ : num [1, 1, 1:3] 0.46 0.265 0.652
 $ : num [1, 1, 1:3] 2.4 3.79 3.21
NULL
R priorParameters: 2 8 
R maxT: 1 
R_PriorDraw_first_mu: 0.6596132 
R_PriorDraw_first_nu: 2.632506 
R-CCU: Before ClusterLabelChange for i = 34 newLabel= 1 currentLabel= 1 
R-CCU: sum(pointsPerCluster) = 1533 
 num [1:3] 1530 1 2
NULL
R-CCU: After ClusterLabelChange for i = 34 
R-CCU: sum(pointsPerCluster) = 1534 
 num [1:3] 1531 1 2
NULL
R-CCU: dpObj$numberClusters = 3 
List of 2
 $ : num [1, 1, 1:3] 0.46 0.265 0.652
 $ : num [1, 1, 1:3] 2.4 3.79 3.21
NULL
R priorParameters: 2 8 
R maxT: 1 
R_PriorDraw_first_mu: 0.7918203 
R_PriorDraw_first_nu: 15.90774 
R-CCU: Before ClusterLabelChange for i = 35 newLabel= 1 currentLabel= 1 
R-CCU: sum(pointsPerCluster) = 1534 
 num [1:3] 1531 1 2
NULL
R-CCU: After ClusterLabelChange for i = 35 
R-CCU: sum(pointsPerCluster) = 1535 
 num [1:3] 1532 1 2
NULL
R-CCU: dpObj$numberClusters = 3 
List of 2
 $ : num [1, 1, 1:3] 0.46 0.265 0.652
 $ : num [1, 1, 1:3] 2.4 3.79 3.21
NULL
R priorParameters: 2 8 
R maxT: 1 
R_PriorDraw_first_mu: 0.7144817 
R_PriorDraw_first_nu: 4.415588 
R-CCU: Before ClusterLabelChange for i = 36 newLabel= 1 currentLabel= 1 
R-CCU: sum(pointsPerCluster) = 1535 
 num [1:3] 1532 1 2
NULL
R-CCU: After ClusterLabelChange for i = 36 
R-CCU: sum(pointsPerCluster) = 1536 
 num [1:3] 1533 1 2
NULL
R-CCU: dpObj$numberClusters = 3 
List of 2
 $ : num [1, 1, 1:3] 0.46 0.265 0.652
 $ : num [1, 1, 1:3] 2.4 3.79 3.21
NULL
R priorParameters: 2 8 
R maxT: 1 
R_PriorDraw_first_mu: 0.7815895 
R_PriorDraw_first_nu: 4.336764 
R-CCU: Before ClusterLabelChange for i = 37 newLabel= 1 currentLabel= 1 
R-CCU: sum(pointsPerCluster) = 1536 
 num [1:3] 1533 1 2
NULL
R-CCU: After ClusterLabelChange for i = 37 
R-CCU: sum(pointsPerCluster) = 1537 
 num [1:3] 1534 1 2
NULL
R-CCU: dpObj$numberClusters = 3 
List of 2
 $ : num [1, 1, 1:3] 0.46 0.265 0.652
 $ : num [1, 1, 1:3] 2.4 3.79 3.21
NULL
R priorParameters: 2 8 
R maxT: 1 
R_PriorDraw_first_mu: 0.9237191 
R_PriorDraw_first_nu: 13.8485 
R-CCU: Before ClusterLabelChange for i = 38 newLabel= 1 currentLabel= 1 
R-CCU: sum(pointsPerCluster) = 1537 
 num [1:3] 1534 1 2
NULL
R-CCU: After ClusterLabelChange for i = 38 
R-CCU: sum(pointsPerCluster) = 1538 
 num [1:3] 1535 1 2
NULL
R-CCU: dpObj$numberClusters = 3 
List of 2
 $ : num [1, 1, 1:3] 0.46 0.265 0.652
 $ : num [1, 1, 1:3] 2.4 3.79 3.21
NULL
R priorParameters: 2 8 
R maxT: 1 
R_PriorDraw_first_mu: 0.3005179 
R_PriorDraw_first_nu: 3.780265 
R-CCU: Before ClusterLabelChange for i = 39 newLabel= 1 currentLabel= 1 
R-CCU: sum(pointsPerCluster) = 1538 
 num [1:3] 1535 1 2
NULL
R-CCU: After ClusterLabelChange for i = 39 
R-CCU: sum(pointsPerCluster) = 1539 
 num [1:3] 1536 1 2
NULL
R-CCU: dpObj$numberClusters = 3 
List of 2
 $ : num [1, 1, 1:3] 0.46 0.265 0.652
 $ : num [1, 1, 1:3] 2.4 3.79 3.21
NULL
R priorParameters: 2 8 
R maxT: 1 
R_PriorDraw_first_mu: 0.7597489 
R_PriorDraw_first_nu: 30.129 
R-CCU: Before ClusterLabelChange for i = 40 newLabel= 1 currentLabel= 1 
R-CCU: sum(pointsPerCluster) = 1539 
 num [1:3] 1536 1 2
NULL
R-CCU: After ClusterLabelChange for i = 40 
R-CCU: sum(pointsPerCluster) = 1540 
 num [1:3] 1537 1 2
NULL
R-CCU: dpObj$numberClusters = 3 
List of 2
 $ : num [1, 1, 1:3] 0.46 0.265 0.652
 $ : num [1, 1, 1:3] 2.4 3.79 3.21
NULL
R priorParameters: 2 8 
R maxT: 1 
R_PriorDraw_first_mu: 0.1178462 
R_PriorDraw_first_nu: 9.993758 
R-CCU: Before ClusterLabelChange for i = 41 newLabel= 1 currentLabel= 1 
R-CCU: sum(pointsPerCluster) = 1540 
 num [1:3] 1537 1 2
NULL
R-CCU: After ClusterLabelChange for i = 41 
R-CCU: sum(pointsPerCluster) = 1541 
 num [1:3] 1538 1 2
NULL
R-CCU: dpObj$numberClusters = 3 
List of 2
 $ : num [1, 1, 1:3] 0.46 0.265 0.652
 $ : num [1, 1, 1:3] 2.4 3.79 3.21
NULL
R priorParameters: 2 8 
R maxT: 1 
R_PriorDraw_first_mu: 0.6849624 
R_PriorDraw_first_nu: 4.58992 
R-CCU: Before ClusterLabelChange for i = 42 newLabel= 1 currentLabel= 1 
R-CCU: sum(pointsPerCluster) = 1541 
 num [1:3] 1538 1 2
NULL
R-CCU: After ClusterLabelChange for i = 42 
R-CCU: sum(pointsPerCluster) = 1542 
 num [1:3] 1539 1 2
NULL
R-CCU: dpObj$numberClusters = 3 
List of 2
 $ : num [1, 1, 1:3] 0.46 0.265 0.652
 $ : num [1, 1, 1:3] 2.4 3.79 3.21
NULL
R priorParameters: 2 8 
R maxT: 1 
R_PriorDraw_first_mu: 0.4787542 
R_PriorDraw_first_nu: 10.07121 
R-CCU: Before ClusterLabelChange for i = 43 newLabel= 1 currentLabel= 1 
R-CCU: sum(pointsPerCluster) = 1542 
 num [1:3] 1539 1 2
NULL
R-CCU: After ClusterLabelChange for i = 43 
R-CCU: sum(pointsPerCluster) = 1543 
 num [1:3] 1540 1 2
NULL
R-CCU: dpObj$numberClusters = 3 
List of 2
 $ : num [1, 1, 1:3] 0.46 0.265 0.652
 $ : num [1, 1, 1:3] 2.4 3.79 3.21
NULL
R priorParameters: 2 8 
R maxT: 1 
R_PriorDraw_first_mu: 0.7199816 
R_PriorDraw_first_nu: 3.773538 
R-CCU: Before ClusterLabelChange for i = 44 newLabel= 1 currentLabel= 1 
R-CCU: sum(pointsPerCluster) = 1543 
 num [1:3] 1540 1 2
NULL
R-CCU: After ClusterLabelChange for i = 44 
R-CCU: sum(pointsPerCluster) = 1544 
 num [1:3] 1541 1 2
NULL
R-CCU: dpObj$numberClusters = 3 
List of 2
 $ : num [1, 1, 1:3] 0.46 0.265 0.652
 $ : num [1, 1, 1:3] 2.4 3.79 3.21
NULL
R priorParameters: 2 8 
R maxT: 1 
R_PriorDraw_first_mu: 0.110142 
R_PriorDraw_first_nu: 3.632496 
R-CCU: Before ClusterLabelChange for i = 45 newLabel= 1 currentLabel= 1 
R-CCU: sum(pointsPerCluster) = 1544 
 num [1:3] 1541 1 2
NULL
R-CCU: After ClusterLabelChange for i = 45 
R-CCU: sum(pointsPerCluster) = 1545 
 num [1:3] 1542 1 2
NULL
R-CCU: dpObj$numberClusters = 3 
List of 2
 $ : num [1, 1, 1:3] 0.46 0.265 0.652
 $ : num [1, 1, 1:3] 2.4 3.79 3.21
NULL
R priorParameters: 2 8 
R maxT: 1 
R_PriorDraw_first_mu: 0.02208672 
R_PriorDraw_first_nu: 3.345496 
R-CCU: Before ClusterLabelChange for i = 46 newLabel= 1 currentLabel= 1 
R-CCU: sum(pointsPerCluster) = 1545 
 num [1:3] 1542 1 2
NULL
R-CCU: After ClusterLabelChange for i = 46 
R-CCU: sum(pointsPerCluster) = 1546 
 num [1:3] 1543 1 2
NULL
R-CCU: dpObj$numberClusters = 3 
List of 2
 $ : num [1, 1, 1:3] 0.46 0.265 0.652
 $ : num [1, 1, 1:3] 2.4 3.79 3.21
NULL
R priorParameters: 2 8 
R maxT: 1 
R_PriorDraw_first_mu: 0.8369689 
R_PriorDraw_first_nu: 5.835221 
R-CCU: Before ClusterLabelChange for i = 47 newLabel= 1 currentLabel= 1 
R-CCU: sum(pointsPerCluster) = 1546 
 num [1:3] 1543 1 2
NULL
R-CCU: After ClusterLabelChange for i = 47 
R-CCU: sum(pointsPerCluster) = 1547 
 num [1:3] 1544 1 2
NULL
R-CCU: dpObj$numberClusters = 3 
List of 2
 $ : num [1, 1, 1:3] 0.46 0.265 0.652
 $ : num [1, 1, 1:3] 2.4 3.79 3.21
NULL
R priorParameters: 2 8 
R maxT: 1 
R_PriorDraw_first_mu: 0.9775949 
R_PriorDraw_first_nu: 4.734778 
R-CCU: Before ClusterLabelChange for i = 48 newLabel= 1 currentLabel= 1 
R-CCU: sum(pointsPerCluster) = 1547 
 num [1:3] 1544 1 2
NULL
R-CCU: After ClusterLabelChange for i = 48 
R-CCU: sum(pointsPerCluster) = 1548 
 num [1:3] 1545 1 2
NULL
R-CCU: dpObj$numberClusters = 3 
List of 2
 $ : num [1, 1, 1:3] 0.46 0.265 0.652
 $ : num [1, 1, 1:3] 2.4 3.79 3.21
NULL
R priorParameters: 2 8 
R maxT: 1 
R_PriorDraw_first_mu: 0.7101255 
R_PriorDraw_first_nu: 3.881158 
R-CCU: Before ClusterLabelChange for i = 49 newLabel= 1 currentLabel= 1 
R-CCU: sum(pointsPerCluster) = 1548 
 num [1:3] 1545 1 2
NULL
R-CCU: After ClusterLabelChange for i = 49 
R-CCU: sum(pointsPerCluster) = 1549 
 num [1:3] 1546 1 2
NULL
R-CCU: dpObj$numberClusters = 3 
List of 2
 $ : num [1, 1, 1:3] 0.46 0.265 0.652
 $ : num [1, 1, 1:3] 2.4 3.79 3.21
NULL
R priorParameters: 2 8 
R maxT: 1 
R_PriorDraw_first_mu: 0.8339051 
R_PriorDraw_first_nu: 2.375723 
R-CCU: Before ClusterLabelChange for i = 50 newLabel= 1 currentLabel= 1 
R-CCU: sum(pointsPerCluster) = 1549 
 num [1:3] 1546 1 2
NULL
R-CCU: After ClusterLabelChange for i = 50 
R-CCU: sum(pointsPerCluster) = 1550 
 num [1:3] 1547 1 2
NULL
R-CCU: dpObj$numberClusters = 3 
List of 2
 $ : num [1, 1, 1:3] 0.46 0.265 0.652
 $ : num [1, 1, 1:3] 2.4 3.79 3.21
NULL
R priorParameters: 2 8 
R maxT: 1 
R_PriorDraw_first_mu: 0.5114265 
R_PriorDraw_first_nu: 10.73193 
R-CCU: Before ClusterLabelChange for i = 51 newLabel= 1 currentLabel= 1 
R-CCU: sum(pointsPerCluster) = 1550 
 num [1:3] 1547 1 2
NULL
R-CCU: After ClusterLabelChange for i = 51 
R-CCU: sum(pointsPerCluster) = 1551 
 num [1:3] 1548 1 2
NULL
R-CCU: dpObj$numberClusters = 3 
List of 2
 $ : num [1, 1, 1:3] 0.46 0.265 0.652
 $ : num [1, 1, 1:3] 2.4 3.79 3.21
NULL
R priorParameters: 2 8 
R maxT: 1 
R_PriorDraw_first_mu: 0.7834706 
R_PriorDraw_first_nu: 6.468232 
R-CCU: Before ClusterLabelChange for i = 52 newLabel= 1 currentLabel= 1 
R-CCU: sum(pointsPerCluster) = 1551 
 num [1:3] 1548 1 2
NULL
R-CCU: After ClusterLabelChange for i = 52 
R-CCU: sum(pointsPerCluster) = 1552 
 num [1:3] 1549 1 2
NULL
R-CCU: dpObj$numberClusters = 3 
List of 2
 $ : num [1, 1, 1:3] 0.46 0.265 0.652
 $ : num [1, 1, 1:3] 2.4 3.79 3.21
NULL
R priorParameters: 2 8 
R maxT: 1 
R_PriorDraw_first_mu: 0.6280713 
R_PriorDraw_first_nu: 4.202351 
R-CCU: Before ClusterLabelChange for i = 53 newLabel= 1 currentLabel= 1 
R-CCU: sum(pointsPerCluster) = 1552 
 num [1:3] 1549 1 2
NULL
R-CCU: After ClusterLabelChange for i = 53 
R-CCU: sum(pointsPerCluster) = 1553 
 num [1:3] 1550 1 2
NULL
R-CCU: dpObj$numberClusters = 3 
List of 2
 $ : num [1, 1, 1:3] 0.46 0.265 0.652
 $ : num [1, 1, 1:3] 2.4 3.79 3.21
NULL
R priorParameters: 2 8 
R maxT: 1 
R_PriorDraw_first_mu: 0.09854112 
R_PriorDraw_first_nu: 2.105738 
R-CCU: Before ClusterLabelChange for i = 54 newLabel= 1 currentLabel= 1 
R-CCU: sum(pointsPerCluster) = 1553 
 num [1:3] 1550 1 2
NULL
R-CCU: After ClusterLabelChange for i = 54 
R-CCU: sum(pointsPerCluster) = 1554 
 num [1:3] 1551 1 2
NULL
R-CCU: dpObj$numberClusters = 3 
List of 2
 $ : num [1, 1, 1:3] 0.46 0.265 0.652
 $ : num [1, 1, 1:3] 2.4 3.79 3.21
NULL
R priorParameters: 2 8 
R maxT: 1 
R_PriorDraw_first_mu: 0.6431959 
R_PriorDraw_first_nu: 7.910399 
R-CCU: Before ClusterLabelChange for i = 55 newLabel= 1 currentLabel= 1 
R-CCU: sum(pointsPerCluster) = 1554 
 num [1:3] 1551 1 2
NULL
R-CCU: After ClusterLabelChange for i = 55 
R-CCU: sum(pointsPerCluster) = 1555 
 num [1:3] 1552 1 2
NULL
R-CCU: dpObj$numberClusters = 3 
List of 2
 $ : num [1, 1, 1:3] 0.46 0.265 0.652
 $ : num [1, 1, 1:3] 2.4 3.79 3.21
NULL
R priorParameters: 2 8 
R maxT: 1 
R_PriorDraw_first_mu: 0.8032731 
R_PriorDraw_first_nu: 2.4523 
R-CCU: Before ClusterLabelChange for i = 56 newLabel= 1 currentLabel= 1 
R-CCU: sum(pointsPerCluster) = 1555 
 num [1:3] 1552 1 2
NULL
R-CCU: After ClusterLabelChange for i = 56 
R-CCU: sum(pointsPerCluster) = 1556 
 num [1:3] 1553 1 2
NULL
R-CCU: dpObj$numberClusters = 3 
List of 2
 $ : num [1, 1, 1:3] 0.46 0.265 0.652
 $ : num [1, 1, 1:3] 2.4 3.79 3.21
NULL
R priorParameters: 2 8 
R maxT: 1 
R_PriorDraw_first_mu: 0.672084 
R_PriorDraw_first_nu: 6.658805 
R-CCU: Before ClusterLabelChange for i = 57 newLabel= 1 currentLabel= 1 
R-CCU: sum(pointsPerCluster) = 1556 
 num [1:3] 1553 1 2
NULL
R-CCU: After ClusterLabelChange for i = 57 
R-CCU: sum(pointsPerCluster) = 1557 
 num [1:3] 1554 1 2
NULL
R-CCU: dpObj$numberClusters = 3 
List of 2
 $ : num [1, 1, 1:3] 0.46 0.265 0.652
 $ : num [1, 1, 1:3] 2.4 3.79 3.21
NULL
R priorParameters: 2 8 
R maxT: 1 
R_PriorDraw_first_mu: 0.9125228 
R_PriorDraw_first_nu: 3.825221 
R-CCU: Before ClusterLabelChange for i = 58 newLabel= 1 currentLabel= 1 
R-CCU: sum(pointsPerCluster) = 1557 
 num [1:3] 1554 1 2
NULL
R-CCU: After ClusterLabelChange for i = 58 
R-CCU: sum(pointsPerCluster) = 1558 
 num [1:3] 1555 1 2
NULL
R-CCU: dpObj$numberClusters = 3 
List of 2
 $ : num [1, 1, 1:3] 0.46 0.265 0.652
 $ : num [1, 1, 1:3] 2.4 3.79 3.21
NULL
R priorParameters: 2 8 
R maxT: 1 
R_PriorDraw_first_mu: 0.6976082 
R_PriorDraw_first_nu: 4.822521 
R-CCU: Before ClusterLabelChange for i = 59 newLabel= 1 currentLabel= 1 
R-CCU: sum(pointsPerCluster) = 1558 
 num [1:3] 1555 1 2
NULL
R-CCU: After ClusterLabelChange for i = 59 
R-CCU: sum(pointsPerCluster) = 1559 
 num [1:3] 1556 1 2
NULL
R-CCU: dpObj$numberClusters = 3 
List of 2
 $ : num [1, 1, 1:3] 0.46 0.265 0.652
 $ : num [1, 1, 1:3] 2.4 3.79 3.21
NULL
R priorParameters: 2 8 
R maxT: 1 
R_PriorDraw_first_mu: 0.470261 
R_PriorDraw_first_nu: 12.09601 
R-CCU: Before ClusterLabelChange for i = 60 newLabel= 1 currentLabel= 1 
R-CCU: sum(pointsPerCluster) = 1559 
 num [1:3] 1556 1 2
NULL
R-CCU: After ClusterLabelChange for i = 60 
R-CCU: sum(pointsPerCluster) = 1560 
 num [1:3] 1557 1 2
NULL
R-CCU: dpObj$numberClusters = 3 
List of 2
 $ : num [1, 1, 1:3] 0.46 0.265 0.652
 $ : num [1, 1, 1:3] 2.4 3.79 3.21
NULL

⠏ |   50      0 | Beta Distribution Full Integration Test          R priorParameters: 2 8 
R maxT: 1 
R_PriorDraw_first_mu: 0.0834924 
R_PriorDraw_first_nu: 4.142334 
R-CCU: Before ClusterLabelChange for i = 1 newLabel= 1 currentLabel= 1 
R-CCU: sum(pointsPerCluster) = 1560 
 num [1:3] 1557 1 2
NULL
R-CCU: After ClusterLabelChange for i = 1 
R-CCU: sum(pointsPerCluster) = 1561 
 num [1:3] 1558 1 2
NULL
R-CCU: dpObj$numberClusters = 3 
List of 2
 $ : num [1, 1, 1:3] 0.425 0.265 0.652
 $ : num [1, 1, 1:3] 2.87 3.79 3.21
NULL
R priorParameters: 2 8 
R maxT: 1 
R_PriorDraw_first_mu: 0.9881584 
R_PriorDraw_first_nu: 3.272495 
R-CCU: Before ClusterLabelChange for i = 2 newLabel= 1 currentLabel= 1 
R-CCU: sum(pointsPerCluster) = 1561 
 num [1:3] 1558 1 2
NULL
R-CCU: After ClusterLabelChange for i = 2 
R-CCU: sum(pointsPerCluster) = 1562 
 num [1:3] 1559 1 2
NULL
R-CCU: dpObj$numberClusters = 3 
List of 2
 $ : num [1, 1, 1:3] 0.425 0.265 0.652
 $ : num [1, 1, 1:3] 2.87 3.79 3.21
NULL
R priorParameters: 2 8 
R maxT: 1 
R_PriorDraw_first_mu: 0.1666698 
R_PriorDraw_first_nu: 7.510341 
R-CCU: Before ClusterLabelChange for i = 3 newLabel= 1 currentLabel= 1 
R-CCU: sum(pointsPerCluster) = 1562 
 num [1:3] 1559 1 2
NULL
R-CCU: After ClusterLabelChange for i = 3 
R-CCU: sum(pointsPerCluster) = 1563 
 num [1:3] 1560 1 2
NULL
R-CCU: dpObj$numberClusters = 3 
List of 2
 $ : num [1, 1, 1:3] 0.425 0.265 0.652
 $ : num [1, 1, 1:3] 2.87 3.79 3.21
NULL
R priorParameters: 2 8 
R maxT: 1 
R_PriorDraw_first_mu: 0.3583517 
R_PriorDraw_first_nu: 5.275822 
R-CCU: Before ClusterLabelChange for i = 4 newLabel= 1 currentLabel= 1 
R-CCU: sum(pointsPerCluster) = 1563 
 num [1:3] 1560 1 2
NULL
R-CCU: After ClusterLabelChange for i = 4 
R-CCU: sum(pointsPerCluster) = 1564 
 num [1:3] 1561 1 2
NULL
R-CCU: dpObj$numberClusters = 3 
List of 2
 $ : num [1, 1, 1:3] 0.425 0.265 0.652
 $ : num [1, 1, 1:3] 2.87 3.79 3.21
NULL
R priorParameters: 2 8 
R maxT: 1 
R_PriorDraw_first_mu: 0.4601665 
R_PriorDraw_first_nu: 5.635672 
R-CCU: Before ClusterLabelChange for i = 5 newLabel= 1 currentLabel= 1 
R-CCU: sum(pointsPerCluster) = 1564 
 num [1:3] 1561 1 2
NULL
R-CCU: After ClusterLabelChange for i = 5 
R-CCU: sum(pointsPerCluster) = 1565 
 num [1:3] 1562 1 2
NULL
R-CCU: dpObj$numberClusters = 3 
List of 2
 $ : num [1, 1, 1:3] 0.425 0.265 0.652
 $ : num [1, 1, 1:3] 2.87 3.79 3.21
NULL
R priorParameters: 2 8 
R maxT: 1 
R_PriorDraw_first_mu: 0.526238 
R_PriorDraw_first_nu: 1.668721 
R-CCU: Before ClusterLabelChange for i = 6 newLabel= 1 currentLabel= 1 
R-CCU: sum(pointsPerCluster) = 1565 
 num [1:3] 1562 1 2
NULL
R-CCU: After ClusterLabelChange for i = 6 
R-CCU: sum(pointsPerCluster) = 1566 
 num [1:3] 1563 1 2
NULL
R-CCU: dpObj$numberClusters = 3 
List of 2
 $ : num [1, 1, 1:3] 0.425 0.265 0.652
 $ : num [1, 1, 1:3] 2.87 3.79 3.21
NULL
R priorParameters: 2 8 
R maxT: 1 
R_PriorDraw_first_mu: 0.5089912 
R_PriorDraw_first_nu: 3.407935 
R-CCU: Before ClusterLabelChange for i = 7 newLabel= 1 currentLabel= 1 
R-CCU: sum(pointsPerCluster) = 1566 
 num [1:3] 1563 1 2
NULL
R-CCU: After ClusterLabelChange for i = 7 
R-CCU: sum(pointsPerCluster) = 1567 
 num [1:3] 1564 1 2
NULL
R-CCU: dpObj$numberClusters = 3 
List of 2
 $ : num [1, 1, 1:3] 0.425 0.265 0.652
 $ : num [1, 1, 1:3] 2.87 3.79 3.21
NULL
R priorParameters: 2 8 
R maxT: 1 
R_PriorDraw_first_mu: 0.7261829 
R_PriorDraw_first_nu: 3.635314 
R-CCU: Before ClusterLabelChange for i = 8 newLabel= 1 currentLabel= 1 
R-CCU: sum(pointsPerCluster) = 1567 
 num [1:3] 1564 1 2
NULL
R-CCU: After ClusterLabelChange for i = 8 
R-CCU: sum(pointsPerCluster) = 1568 
 num [1:3] 1565 1 2
NULL
R-CCU: dpObj$numberClusters = 3 
List of 2
 $ : num [1, 1, 1:3] 0.425 0.265 0.652
 $ : num [1, 1, 1:3] 2.87 3.79 3.21
NULL
R priorParameters: 2 8 
R maxT: 1 
R_PriorDraw_first_mu: 0.5999095 
R_PriorDraw_first_nu: 6.537125 
R-CCU: Before ClusterLabelChange for i = 9 newLabel= 1 currentLabel= 1 
R-CCU: sum(pointsPerCluster) = 1568 
 num [1:3] 1565 1 2
NULL
R-CCU: After ClusterLabelChange for i = 9 
R-CCU: sum(pointsPerCluster) = 1569 
 num [1:3] 1566 1 2
NULL
R-CCU: dpObj$numberClusters = 3 
List of 2
 $ : num [1, 1, 1:3] 0.425 0.265 0.652
 $ : num [1, 1, 1:3] 2.87 3.79 3.21
NULL
R priorParameters: 2 8 
R maxT: 1 
R_PriorDraw_first_mu: 0.755442 
R_PriorDraw_first_nu: 5.780742 
R-CCU: Before ClusterLabelChange for i = 10 newLabel= 1 currentLabel= 1 
R-CCU: sum(pointsPerCluster) = 1569 
 num [1:3] 1566 1 2
NULL
R-CCU: After ClusterLabelChange for i = 10 
R-CCU: sum(pointsPerCluster) = 1570 
 num [1:3] 1567 1 2
NULL
R-CCU: dpObj$numberClusters = 3 
List of 2
 $ : num [1, 1, 1:3] 0.425 0.265 0.652
 $ : num [1, 1, 1:3] 2.87 3.79 3.21
NULL
R priorParameters: 2 8 
R maxT: 1 
R_PriorDraw_first_mu: 0.6972885 
R_PriorDraw_first_nu: 79.0758 
R-CCU: Before ClusterLabelChange for i = 11 newLabel= 1 currentLabel= 1 
R-CCU: sum(pointsPerCluster) = 1570 
 num [1:3] 1567 1 2
NULL
R-CCU: After ClusterLabelChange for i = 11 
R-CCU: sum(pointsPerCluster) = 1571 
 num [1:3] 1568 1 2
NULL
R-CCU: dpObj$numberClusters = 3 
List of 2
 $ : num [1, 1, 1:3] 0.425 0.265 0.652
 $ : num [1, 1, 1:3] 2.87 3.79 3.21
NULL
R priorParameters: 2 8 
R maxT: 1 
R_PriorDraw_first_mu: 0.7429036 
R_PriorDraw_first_nu: 201.5993 
R-CCU: Before ClusterLabelChange for i = 12 newLabel= 1 currentLabel= 1 
R-CCU: sum(pointsPerCluster) = 1571 
 num [1:3] 1568 1 2
NULL
R-CCU: After ClusterLabelChange for i = 12 
R-CCU: sum(pointsPerCluster) = 1572 
 num [1:3] 1569 1 2
NULL
R-CCU: dpObj$numberClusters = 3 
List of 2
 $ : num [1, 1, 1:3] 0.425 0.265 0.652
 $ : num [1, 1, 1:3] 2.87 3.79 3.21
NULL
R priorParameters: 2 8 
R maxT: 1 
R_PriorDraw_first_mu: 0.9707214 
R_PriorDraw_first_nu: 2.774024 
R-CCU: Before ClusterLabelChange for i = 13 newLabel= 1 currentLabel= 1 
R-CCU: sum(pointsPerCluster) = 1572 
 num [1:3] 1569 1 2
NULL
R-CCU: After ClusterLabelChange for i = 13 
R-CCU: sum(pointsPerCluster) = 1573 
 num [1:3] 1570 1 2
NULL
R-CCU: dpObj$numberClusters = 3 
List of 2
 $ : num [1, 1, 1:3] 0.425 0.265 0.652
 $ : num [1, 1, 1:3] 2.87 3.79 3.21
NULL
R priorParameters: 2 8 
R maxT: 1 
R_PriorDraw_first_mu: 0.2729017 
R_PriorDraw_first_nu: 2.159153 
R-CCU: Before ClusterLabelChange for i = 14 newLabel= 1 currentLabel= 1 
R-CCU: sum(pointsPerCluster) = 1573 
 num [1:3] 1570 1 2
NULL
R-CCU: After ClusterLabelChange for i = 14 
R-CCU: sum(pointsPerCluster) = 1574 
 num [1:3] 1571 1 2
NULL
R-CCU: dpObj$numberClusters = 3 
List of 2
 $ : num [1, 1, 1:3] 0.425 0.265 0.652
 $ : num [1, 1, 1:3] 2.87 3.79 3.21
NULL
R priorParameters: 2 8 
R maxT: 1 
R_PriorDraw_first_mu: 0.4927312 
R_PriorDraw_first_nu: 23.56671 
R-CCU: Before ClusterLabelChange for i = 15 newLabel= 1 currentLabel= 1 
R-CCU: sum(pointsPerCluster) = 1574 
 num [1:3] 1571 1 2
NULL
R-CCU: After ClusterLabelChange for i = 15 
R-CCU: sum(pointsPerCluster) = 1575 
 num [1:3] 1572 1 2
NULL
R-CCU: dpObj$numberClusters = 3 
List of 2
 $ : num [1, 1, 1:3] 0.425 0.265 0.652
 $ : num [1, 1, 1:3] 2.87 3.79 3.21
NULL
R priorParameters: 2 8 
R maxT: 1 
R_PriorDraw_first_mu: 0.7404405 
R_PriorDraw_first_nu: 1.540974 
R-CCU: Before ClusterLabelChange for i = 16 newLabel= 1 currentLabel= 1 
R-CCU: sum(pointsPerCluster) = 1575 
 num [1:3] 1572 1 2
NULL
R-CCU: After ClusterLabelChange for i = 16 
R-CCU: sum(pointsPerCluster) = 1576 
 num [1:3] 1573 1 2
NULL
R-CCU: dpObj$numberClusters = 3 
List of 2
 $ : num [1, 1, 1:3] 0.425 0.265 0.652
 $ : num [1, 1, 1:3] 2.87 3.79 3.21
NULL
R priorParameters: 2 8 
R maxT: 1 
R_PriorDraw_first_mu: 0.5487654 
R_PriorDraw_first_nu: 3.862546 
R-CCU: Before ClusterLabelChange for i = 17 newLabel= 1 currentLabel= 1 
R-CCU: sum(pointsPerCluster) = 1576 
 num [1:3] 1573 1 2
NULL
R-CCU: After ClusterLabelChange for i = 17 
R-CCU: sum(pointsPerCluster) = 1577 
 num [1:3] 1574 1 2
NULL
R-CCU: dpObj$numberClusters = 3 
List of 2
 $ : num [1, 1, 1:3] 0.425 0.265 0.652
 $ : num [1, 1, 1:3] 2.87 3.79 3.21
NULL
R priorParameters: 2 8 
R maxT: 1 
R_PriorDraw_first_mu: 0.3147863 
R_PriorDraw_first_nu: 3.921727 
R-CCU: Before ClusterLabelChange for i = 18 newLabel= 1 currentLabel= 1 
R-CCU: sum(pointsPerCluster) = 1577 
 num [1:3] 1574 1 2
NULL
R-CCU: After ClusterLabelChange for i = 18 
R-CCU: sum(pointsPerCluster) = 1578 
 num [1:3] 1575 1 2
NULL
R-CCU: dpObj$numberClusters = 3 
List of 2
 $ : num [1, 1, 1:3] 0.425 0.265 0.652
 $ : num [1, 1, 1:3] 2.87 3.79 3.21
NULL
R priorParameters: 2 8 
R maxT: 1 
R_PriorDraw_first_mu: 0.8425215 
R_PriorDraw_first_nu: 3.047588 
R-CCU: Before ClusterLabelChange for i = 19 newLabel= 1 currentLabel= 1 
R-CCU: sum(pointsPerCluster) = 1578 
 num [1:3] 1575 1 2
NULL
R-CCU: After ClusterLabelChange for i = 19 
R-CCU: sum(pointsPerCluster) = 1579 
 num [1:3] 1576 1 2
NULL
R-CCU: dpObj$numberClusters = 3 
List of 2
 $ : num [1, 1, 1:3] 0.425 0.265 0.652
 $ : num [1, 1, 1:3] 2.87 3.79 3.21
NULL
R priorParameters: 2 8 
R maxT: 1 
R_PriorDraw_first_mu: 0.5473612 
R_PriorDraw_first_nu: 10.96649 
R-CCU: Before ClusterLabelChange for i = 20 newLabel= 1 currentLabel= 1 
R-CCU: sum(pointsPerCluster) = 1579 
 num [1:3] 1576 1 2
NULL
R-CCU: After ClusterLabelChange for i = 20 
R-CCU: sum(pointsPerCluster) = 1580 
 num [1:3] 1577 1 2
NULL
R-CCU: dpObj$numberClusters = 3 
List of 2
 $ : num [1, 1, 1:3] 0.425 0.265 0.652
 $ : num [1, 1, 1:3] 2.87 3.79 3.21
NULL
R priorParameters: 2 8 
R maxT: 1 
R_PriorDraw_first_mu: 0.618572 
R_PriorDraw_first_nu: 7.854169 
R-CCU: Before ClusterLabelChange for i = 21 newLabel= 1 currentLabel= 1 
R-CCU: sum(pointsPerCluster) = 1580 
 num [1:3] 1577 1 2
NULL
R-CCU: After ClusterLabelChange for i = 21 
R-CCU: sum(pointsPerCluster) = 1581 
 num [1:3] 1578 1 2
NULL
R-CCU: dpObj$numberClusters = 3 
List of 2
 $ : num [1, 1, 1:3] 0.425 0.265 0.652
 $ : num [1, 1, 1:3] 2.87 3.79 3.21
NULL
R priorParameters: 2 8 
R maxT: 1 
R_PriorDraw_first_mu: 0.3033579 
R_PriorDraw_first_nu: 13.68358 
R-CCU: Before ClusterLabelChange for i = 22 newLabel= 1 currentLabel= 1 
R-CCU: sum(pointsPerCluster) = 1581 
 num [1:3] 1578 1 2
NULL
R-CCU: After ClusterLabelChange for i = 22 
R-CCU: sum(pointsPerCluster) = 1582 
 num [1:3] 1579 1 2
NULL
R-CCU: dpObj$numberClusters = 3 
List of 2
 $ : num [1, 1, 1:3] 0.425 0.265 0.652
 $ : num [1, 1, 1:3] 2.87 3.79 3.21
NULL
R priorParameters: 2 8 
R maxT: 1 
R_PriorDraw_first_mu: 0.08688779 
R_PriorDraw_first_nu: 4.992012 
R-CCU: Before ClusterLabelChange for i = 23 newLabel= 1 currentLabel= 1 
R-CCU: sum(pointsPerCluster) = 1582 
 num [1:3] 1579 1 2
NULL
R-CCU: After ClusterLabelChange for i = 23 
R-CCU: sum(pointsPerCluster) = 1583 
 num [1:3] 1580 1 2
NULL
R-CCU: dpObj$numberClusters = 3 
List of 2
 $ : num [1, 1, 1:3] 0.425 0.265 0.652
 $ : num [1, 1, 1:3] 2.87 3.79 3.21
NULL
R priorParameters: 2 8 
R maxT: 1 
R_PriorDraw_first_mu: 0.07664401 
R_PriorDraw_first_nu: 3.292588 
R-CCU: Before ClusterLabelChange for i = 24 newLabel= 1 currentLabel= 1 
R-CCU: sum(pointsPerCluster) = 1583 
 num [1:3] 1580 1 2
NULL
R-CCU: After ClusterLabelChange for i = 24 
R-CCU: sum(pointsPerCluster) = 1584 
 num [1:3] 1581 1 2
NULL
R-CCU: dpObj$numberClusters = 3 
List of 2
 $ : num [1, 1, 1:3] 0.425 0.265 0.652
 $ : num [1, 1, 1:3] 2.87 3.79 3.21
NULL
R priorParameters: 2 8 
R maxT: 1 
R_PriorDraw_first_mu: 0.5610412 
R_PriorDraw_first_nu: 1.624548 
R-CCU: Before ClusterLabelChange for i = 25 newLabel= 1 currentLabel= 1 
R-CCU: sum(pointsPerCluster) = 1584 
 num [1:3] 1581 1 2
NULL
R-CCU: After ClusterLabelChange for i = 25 
R-CCU: sum(pointsPerCluster) = 1585 
 num [1:3] 1582 1 2
NULL
R-CCU: dpObj$numberClusters = 3 
List of 2
 $ : num [1, 1, 1:3] 0.425 0.265 0.652
 $ : num [1, 1, 1:3] 2.87 3.79 3.21
NULL
R priorParameters: 2 8 
R maxT: 1 
R_PriorDraw_first_mu: 0.5476119 
R_PriorDraw_first_nu: 5.347141 
R-CCU: Before ClusterLabelChange for i = 26 newLabel= 1 currentLabel= 1 
R-CCU: sum(pointsPerCluster) = 1585 
 num [1:3] 1582 1 2
NULL
R-CCU: After ClusterLabelChange for i = 26 
R-CCU: sum(pointsPerCluster) = 1586 
 num [1:3] 1583 1 2
NULL
R-CCU: dpObj$numberClusters = 3 
List of 2
 $ : num [1, 1, 1:3] 0.425 0.265 0.652
 $ : num [1, 1, 1:3] 2.87 3.79 3.21
NULL
R priorParameters: 2 8 
R maxT: 1 
R_PriorDraw_first_mu: 0.4983479 
R_PriorDraw_first_nu: 8.197369 
R-CCU: Before ClusterLabelChange for i = 27 newLabel= 1 currentLabel= 1 
R-CCU: sum(pointsPerCluster) = 1586 
 num [1:3] 1583 1 2
NULL
R-CCU: After ClusterLabelChange for i = 27 
R-CCU: sum(pointsPerCluster) = 1587 
 num [1:3] 1584 1 2
NULL
R-CCU: dpObj$numberClusters = 3 
List of 2
 $ : num [1, 1, 1:3] 0.425 0.265 0.652
 $ : num [1, 1, 1:3] 2.87 3.79 3.21
NULL
R priorParameters: 2 8 
R maxT: 1 
R_PriorDraw_first_mu: 0.4283101 
R_PriorDraw_first_nu: 5.486444 
R-CCU: Before ClusterLabelChange for i = 28 newLabel= 1 currentLabel= 1 
R-CCU: sum(pointsPerCluster) = 1587 
 num [1:3] 1584 1 2
NULL
R-CCU: After ClusterLabelChange for i = 28 
R-CCU: sum(pointsPerCluster) = 1588 
 num [1:3] 1585 1 2
NULL
R-CCU: dpObj$numberClusters = 3 
List of 2
 $ : num [1, 1, 1:3] 0.425 0.265 0.652
 $ : num [1, 1, 1:3] 2.87 3.79 3.21
NULL
R priorParameters: 2 8 
R maxT: 1 
R_PriorDraw_first_mu: 0.2015392 
R_PriorDraw_first_nu: 3.121933 
R-CCU: Before ClusterLabelChange for i = 29 newLabel= 1 currentLabel= 1 
R-CCU: sum(pointsPerCluster) = 1588 
 num [1:3] 1585 1 2
NULL
R-CCU: After ClusterLabelChange for i = 29 
R-CCU: sum(pointsPerCluster) = 1589 
 num [1:3] 1586 1 2
NULL
R-CCU: dpObj$numberClusters = 3 
List of 2
 $ : num [1, 1, 1:3] 0.425 0.265 0.652
 $ : num [1, 1, 1:3] 2.87 3.79 3.21
NULL
R priorParameters: 2 8 
R maxT: 1 
R_PriorDraw_first_mu: 0.4490399 
R_PriorDraw_first_nu: 1.824413 
R-CCU: Before ClusterLabelChange for i = 30 newLabel= 1 currentLabel= 1 
R-CCU: sum(pointsPerCluster) = 1589 
 num [1:3] 1586 1 2
NULL
R-CCU: After ClusterLabelChange for i = 30 
R-CCU: sum(pointsPerCluster) = 1590 
 num [1:3] 1587 1 2
NULL
R-CCU: dpObj$numberClusters = 3 
List of 2
 $ : num [1, 1, 1:3] 0.425 0.265 0.652
 $ : num [1, 1, 1:3] 2.87 3.79 3.21
NULL
R priorParameters: 2 8 
R maxT: 1 
R_PriorDraw_first_mu: 0.4653726 
R_PriorDraw_first_nu: 10.50712 
R-CCU: Before ClusterLabelChange for i = 31 newLabel= 1 currentLabel= 1 
R-CCU: sum(pointsPerCluster) = 1590 
 num [1:3] 1587 1 2
NULL
R-CCU: After ClusterLabelChange for i = 31 
R-CCU: sum(pointsPerCluster) = 1591 
 num [1:3] 1588 1 2
NULL
R-CCU: dpObj$numberClusters = 3 
List of 2
 $ : num [1, 1, 1:3] 0.425 0.265 0.652
 $ : num [1, 1, 1:3] 2.87 3.79 3.21
NULL
R priorParameters: 2 8 
R maxT: 1 
R_PriorDraw_first_mu: 0.3973331 
R_PriorDraw_first_nu: 4.157801 
R-CCU: Before ClusterLabelChange for i = 32 newLabel= 1 currentLabel= 1 
R-CCU: sum(pointsPerCluster) = 1591 
 num [1:3] 1588 1 2
NULL
R-CCU: After ClusterLabelChange for i = 32 
R-CCU: sum(pointsPerCluster) = 1592 
 num [1:3] 1589 1 2
NULL
R-CCU: dpObj$numberClusters = 3 
List of 2
 $ : num [1, 1, 1:3] 0.425 0.265 0.652
 $ : num [1, 1, 1:3] 2.87 3.79 3.21
NULL
R priorParameters: 2 8 
R maxT: 1 
R_PriorDraw_first_mu: 0.1834372 
R_PriorDraw_first_nu: 3.352786 
R-CCU: Before ClusterLabelChange for i = 33 newLabel= 1 currentLabel= 1 
R-CCU: sum(pointsPerCluster) = 1592 
 num [1:3] 1589 1 2
NULL
R-CCU: After ClusterLabelChange for i = 33 
R-CCU: sum(pointsPerCluster) = 1593 
 num [1:3] 1590 1 2
NULL
R-CCU: dpObj$numberClusters = 3 
List of 2
 $ : num [1, 1, 1:3] 0.425 0.265 0.652
 $ : num [1, 1, 1:3] 2.87 3.79 3.21
NULL
R priorParameters: 2 8 
R maxT: 1 
R_PriorDraw_first_mu: 0.9441991 
R_PriorDraw_first_nu: 6.886578 
R-CCU: Before ClusterLabelChange for i = 34 newLabel= 1 currentLabel= 1 
R-CCU: sum(pointsPerCluster) = 1593 
 num [1:3] 1590 1 2
NULL
R-CCU: After ClusterLabelChange for i = 34 
R-CCU: sum(pointsPerCluster) = 1594 
 num [1:3] 1591 1 2
NULL
R-CCU: dpObj$numberClusters = 3 
List of 2
 $ : num [1, 1, 1:3] 0.425 0.265 0.652
 $ : num [1, 1, 1:3] 2.87 3.79 3.21
NULL
R priorParameters: 2 8 
R maxT: 1 
R_PriorDraw_first_mu: 0.05860658 
R_PriorDraw_first_nu: 3.293935 
R-CCU: Before ClusterLabelChange for i = 35 newLabel= 1 currentLabel= 1 
R-CCU: sum(pointsPerCluster) = 1594 
 num [1:3] 1591 1 2
NULL
R-CCU: After ClusterLabelChange for i = 35 
R-CCU: sum(pointsPerCluster) = 1595 
 num [1:3] 1592 1 2
NULL
R-CCU: dpObj$numberClusters = 3 
List of 2
 $ : num [1, 1, 1:3] 0.425 0.265 0.652
 $ : num [1, 1, 1:3] 2.87 3.79 3.21
NULL
R priorParameters: 2 8 
R maxT: 1 
R_PriorDraw_first_mu: 0.1902599 
R_PriorDraw_first_nu: 2.651176 
R-CCU: Before ClusterLabelChange for i = 36 newLabel= 1 currentLabel= 1 
R-CCU: sum(pointsPerCluster) = 1595 
 num [1:3] 1592 1 2
NULL
R-CCU: After ClusterLabelChange for i = 36 
R-CCU: sum(pointsPerCluster) = 1596 
 num [1:3] 1593 1 2
NULL
R-CCU: dpObj$numberClusters = 3 
List of 2
 $ : num [1, 1, 1:3] 0.425 0.265 0.652
 $ : num [1, 1, 1:3] 2.87 3.79 3.21
NULL
R priorParameters: 2 8 
R maxT: 1 
R_PriorDraw_first_mu: 0.2494153 
R_PriorDraw_first_nu: 5.380987 
R-CCU: Before ClusterLabelChange for i = 37 newLabel= 1 currentLabel= 1 
R-CCU: sum(pointsPerCluster) = 1596 
 num [1:3] 1593 1 2
NULL
R-CCU: After ClusterLabelChange for i = 37 
R-CCU: sum(pointsPerCluster) = 1597 
 num [1:3] 1594 1 2
NULL
R-CCU: dpObj$numberClusters = 3 
List of 2
 $ : num [1, 1, 1:3] 0.425 0.265 0.652
 $ : num [1, 1, 1:3] 2.87 3.79 3.21
NULL
R priorParameters: 2 8 
R maxT: 1 
R_PriorDraw_first_mu: 0.3805157 
R_PriorDraw_first_nu: 4.763829 
R-CCU: Before ClusterLabelChange for i = 38 newLabel= 1 currentLabel= 1 
R-CCU: sum(pointsPerCluster) = 1597 
 num [1:3] 1594 1 2
NULL
R-CCU: After ClusterLabelChange for i = 38 
R-CCU: sum(pointsPerCluster) = 1598 
 num [1:3] 1595 1 2
NULL
R-CCU: dpObj$numberClusters = 3 
List of 2
 $ : num [1, 1, 1:3] 0.425 0.265 0.652
 $ : num [1, 1, 1:3] 2.87 3.79 3.21
NULL
R priorParameters: 2 8 
R maxT: 1 
R_PriorDraw_first_mu: 0.3489987 
R_PriorDraw_first_nu: 13.0278 
R-CCU: Before ClusterLabelChange for i = 39 newLabel= 1 currentLabel= 1 
R-CCU: sum(pointsPerCluster) = 1598 
 num [1:3] 1595 1 2
NULL
R-CCU: After ClusterLabelChange for i = 39 
R-CCU: sum(pointsPerCluster) = 1599 
 num [1:3] 1596 1 2
NULL
R-CCU: dpObj$numberClusters = 3 
List of 2
 $ : num [1, 1, 1:3] 0.425 0.265 0.652
 $ : num [1, 1, 1:3] 2.87 3.79 3.21
NULL
R priorParameters: 2 8 
R maxT: 1 
R_PriorDraw_first_mu: 0.2105018 
R_PriorDraw_first_nu: 3.253053 
R-CCU: Before ClusterLabelChange for i = 40 newLabel= 1 currentLabel= 1 
R-CCU: sum(pointsPerCluster) = 1599 
 num [1:3] 1596 1 2
NULL
R-CCU: After ClusterLabelChange for i = 40 
R-CCU: sum(pointsPerCluster) = 1600 
 num [1:3] 1597 1 2
NULL
R-CCU: dpObj$numberClusters = 3 
List of 2
 $ : num [1, 1, 1:3] 0.425 0.265 0.652
 $ : num [1, 1, 1:3] 2.87 3.79 3.21
NULL
R priorParameters: 2 8 
R maxT: 1 
R_PriorDraw_first_mu: 0.2582084 
R_PriorDraw_first_nu: 4.579688 
R-CCU: Before ClusterLabelChange for i = 41 newLabel= 1 currentLabel= 1 
R-CCU: sum(pointsPerCluster) = 1600 
 num [1:3] 1597 1 2
NULL
R-CCU: After ClusterLabelChange for i = 41 
R-CCU: sum(pointsPerCluster) = 1601 
 num [1:3] 1598 1 2
NULL
R-CCU: dpObj$numberClusters = 3 
List of 2
 $ : num [1, 1, 1:3] 0.425 0.265 0.652
 $ : num [1, 1, 1:3] 2.87 3.79 3.21
NULL
R priorParameters: 2 8 
R maxT: 1 
R_PriorDraw_first_mu: 0.6835101 
R_PriorDraw_first_nu: 5.574 
R-CCU: Before ClusterLabelChange for i = 42 newLabel= 1 currentLabel= 1 
R-CCU: sum(pointsPerCluster) = 1601 
 num [1:3] 1598 1 2
NULL
R-CCU: After ClusterLabelChange for i = 42 
R-CCU: sum(pointsPerCluster) = 1602 
 num [1:3] 1599 1 2
NULL
R-CCU: dpObj$numberClusters = 3 
List of 2
 $ : num [1, 1, 1:3] 0.425 0.265 0.652
 $ : num [1, 1, 1:3] 2.87 3.79 3.21
NULL
R priorParameters: 2 8 
R maxT: 1 
R_PriorDraw_first_mu: 0.4878842 
R_PriorDraw_first_nu: 3.478563 
R-CCU: Before ClusterLabelChange for i = 43 newLabel= 1 currentLabel= 1 
R-CCU: sum(pointsPerCluster) = 1602 
 num [1:3] 1599 1 2
NULL
R-CCU: After ClusterLabelChange for i = 43 
R-CCU: sum(pointsPerCluster) = 1603 
 num [1:3] 1600 1 2
NULL
R-CCU: dpObj$numberClusters = 3 
List of 2
 $ : num [1, 1, 1:3] 0.425 0.265 0.652
 $ : num [1, 1, 1:3] 2.87 3.79 3.21
NULL
R priorParameters: 2 8 
R maxT: 1 
R_PriorDraw_first_mu: 0.5756831 
R_PriorDraw_first_nu: 8.45262 
R-CCU: Before ClusterLabelChange for i = 44 newLabel= 1 currentLabel= 1 
R-CCU: sum(pointsPerCluster) = 1603 
 num [1:3] 1600 1 2
NULL
R-CCU: After ClusterLabelChange for i = 44 
R-CCU: sum(pointsPerCluster) = 1604 
 num [1:3] 1601 1 2
NULL
R-CCU: dpObj$numberClusters = 3 
List of 2
 $ : num [1, 1, 1:3] 0.425 0.265 0.652
 $ : num [1, 1, 1:3] 2.87 3.79 3.21
NULL
R priorParameters: 2 8 
R maxT: 1 
R_PriorDraw_first_mu: 0.5305801 
R_PriorDraw_first_nu: 5.501471 
R-CCU: Before ClusterLabelChange for i = 45 newLabel= 1 currentLabel= 1 
R-CCU: sum(pointsPerCluster) = 1604 
 num [1:3] 1601 1 2
NULL
R-CCU: After ClusterLabelChange for i = 45 
R-CCU: sum(pointsPerCluster) = 1605 
 num [1:3] 1602 1 2
NULL
R-CCU: dpObj$numberClusters = 3 
List of 2
 $ : num [1, 1, 1:3] 0.425 0.265 0.652
 $ : num [1, 1, 1:3] 2.87 3.79 3.21
NULL
R priorParameters: 2 8 
R maxT: 1 
R_PriorDraw_first_mu: 0.6259549 
R_PriorDraw_first_nu: 7.333899 
R-CCU: Before ClusterLabelChange for i = 46 newLabel= 1 currentLabel= 1 
R-CCU: sum(pointsPerCluster) = 1605 
 num [1:3] 1602 1 2
NULL
R-CCU: After ClusterLabelChange for i = 46 
R-CCU: sum(pointsPerCluster) = 1606 
 num [1:3] 1603 1 2
NULL
R-CCU: dpObj$numberClusters = 3 
List of 2
 $ : num [1, 1, 1:3] 0.425 0.265 0.652
 $ : num [1, 1, 1:3] 2.87 3.79 3.21
NULL
R priorParameters: 2 8 
R maxT: 1 
R_PriorDraw_first_mu: 0.6902814 
R_PriorDraw_first_nu: 3.722998 
R-CCU: Before ClusterLabelChange for i = 47 newLabel= 1 currentLabel= 1 
R-CCU: sum(pointsPerCluster) = 1606 
 num [1:3] 1603 1 2
NULL
R-CCU: After ClusterLabelChange for i = 47 
R-CCU: sum(pointsPerCluster) = 1607 
 num [1:3] 1604 1 2
NULL
R-CCU: dpObj$numberClusters = 3 
List of 2
 $ : num [1, 1, 1:3] 0.425 0.265 0.652
 $ : num [1, 1, 1:3] 2.87 3.79 3.21
NULL
R priorParameters: 2 8 
R maxT: 1 
R_PriorDraw_first_mu: 0.8057972 
R_PriorDraw_first_nu: 4.732747 
R-CCU: Before ClusterLabelChange for i = 48 newLabel= 1 currentLabel= 1 
R-CCU: sum(pointsPerCluster) = 1607 
 num [1:3] 1604 1 2
NULL
R-CCU: After ClusterLabelChange for i = 48 
R-CCU: sum(pointsPerCluster) = 1608 
 num [1:3] 1605 1 2
NULL
R-CCU: dpObj$numberClusters = 3 
List of 2
 $ : num [1, 1, 1:3] 0.425 0.265 0.652
 $ : num [1, 1, 1:3] 2.87 3.79 3.21
NULL
R priorParameters: 2 8 
R maxT: 1 
R_PriorDraw_first_mu: 0.7978431 
R_PriorDraw_first_nu: 1.393654 
R-CCU: Before ClusterLabelChange for i = 49 newLabel= 1 currentLabel= 1 
R-CCU: sum(pointsPerCluster) = 1608 
 num [1:3] 1605 1 2
NULL
R-CCU: After ClusterLabelChange for i = 49 
R-CCU: sum(pointsPerCluster) = 1609 
 num [1:3] 1606 1 2
NULL
R-CCU: dpObj$numberClusters = 3 
List of 2
 $ : num [1, 1, 1:3] 0.425 0.265 0.652
 $ : num [1, 1, 1:3] 2.87 3.79 3.21
NULL
R priorParameters: 2 8 
R maxT: 1 
R_PriorDraw_first_mu: 0.8092875 
R_PriorDraw_first_nu: 5.527764 
R-CCU: Before ClusterLabelChange for i = 50 newLabel= 1 currentLabel= 1 
R-CCU: sum(pointsPerCluster) = 1609 
 num [1:3] 1606 1 2
NULL
R-CCU: After ClusterLabelChange for i = 50 
R-CCU: sum(pointsPerCluster) = 1610 
 num [1:3] 1607 1 2
NULL
R-CCU: dpObj$numberClusters = 3 
List of 2
 $ : num [1, 1, 1:3] 0.425 0.265 0.652
 $ : num [1, 1, 1:3] 2.87 3.79 3.21
NULL
R priorParameters: 2 8 
R maxT: 1 
R_PriorDraw_first_mu: 0.7314184 
R_PriorDraw_first_nu: 50.92182 
R-CCU: Before ClusterLabelChange for i = 51 newLabel= 1 currentLabel= 1 
R-CCU: sum(pointsPerCluster) = 1610 
 num [1:3] 1607 1 2
NULL
R-CCU: After ClusterLabelChange for i = 51 
R-CCU: sum(pointsPerCluster) = 1611 
 num [1:3] 1608 1 2
NULL
R-CCU: dpObj$numberClusters = 3 
List of 2
 $ : num [1, 1, 1:3] 0.425 0.265 0.652
 $ : num [1, 1, 1:3] 2.87 3.79 3.21
NULL
R priorParameters: 2 8 
R maxT: 1 
R_PriorDraw_first_mu: 0.9539923 
R_PriorDraw_first_nu: 1.937448 
R-CCU: Before ClusterLabelChange for i = 52 newLabel= 1 currentLabel= 1 
R-CCU: sum(pointsPerCluster) = 1611 
 num [1:3] 1608 1 2
NULL
R-CCU: After ClusterLabelChange for i = 52 
R-CCU: sum(pointsPerCluster) = 1612 
 num [1:3] 1609 1 2
NULL
R-CCU: dpObj$numberClusters = 3 
List of 2
 $ : num [1, 1, 1:3] 0.425 0.265 0.652
 $ : num [1, 1, 1:3] 2.87 3.79 3.21
NULL
R priorParameters: 2 8 
R maxT: 1 
R_PriorDraw_first_mu: 0.2542083 
R_PriorDraw_first_nu: 13.56061 
R-CCU: Before ClusterLabelChange for i = 53 newLabel= 1 currentLabel= 1 
R-CCU: sum(pointsPerCluster) = 1612 
 num [1:3] 1609 1 2
NULL
R-CCU: After ClusterLabelChange for i = 53 
R-CCU: sum(pointsPerCluster) = 1613 
 num [1:3] 1610 1 2
NULL
R-CCU: dpObj$numberClusters = 3 
List of 2
 $ : num [1, 1, 1:3] 0.425 0.265 0.652
 $ : num [1, 1, 1:3] 2.87 3.79 3.21
NULL
R priorParameters: 2 8 
R maxT: 1 
R_PriorDraw_first_mu: 0.9496857 
R_PriorDraw_first_nu: 7.997726 
R-CCU: Before ClusterLabelChange for i = 54 newLabel= 1 currentLabel= 1 
R-CCU: sum(pointsPerCluster) = 1613 
 num [1:3] 1610 1 2
NULL
R-CCU: After ClusterLabelChange for i = 54 
R-CCU: sum(pointsPerCluster) = 1614 
 num [1:3] 1611 1 2
NULL
R-CCU: dpObj$numberClusters = 3 
List of 2
 $ : num [1, 1, 1:3] 0.425 0.265 0.652
 $ : num [1, 1, 1:3] 2.87 3.79 3.21
NULL
R priorParameters: 2 8 
R maxT: 1 
R_PriorDraw_first_mu: 0.4260504 
R_PriorDraw_first_nu: 8.876698 
R-CCU: Before ClusterLabelChange for i = 55 newLabel= 1 currentLabel= 1 
R-CCU: sum(pointsPerCluster) = 1614 
 num [1:3] 1611 1 2
NULL
R-CCU: After ClusterLabelChange for i = 55 
R-CCU: sum(pointsPerCluster) = 1615 
 num [1:3] 1612 1 2
NULL
R-CCU: dpObj$numberClusters = 3 
List of 2
 $ : num [1, 1, 1:3] 0.425 0.265 0.652
 $ : num [1, 1, 1:3] 2.87 3.79 3.21
NULL
R priorParameters: 2 8 
R maxT: 1 
R_PriorDraw_first_mu: 0.4193372 
R_PriorDraw_first_nu: 6.85815 
R-CCU: Before ClusterLabelChange for i = 56 newLabel= 1 currentLabel= 1 
R-CCU: sum(pointsPerCluster) = 1615 
 num [1:3] 1612 1 2
NULL
R-CCU: After ClusterLabelChange for i = 56 
R-CCU: sum(pointsPerCluster) = 1616 
 num [1:3] 1613 1 2
NULL
R-CCU: dpObj$numberClusters = 3 
List of 2
 $ : num [1, 1, 1:3] 0.425 0.265 0.652
 $ : num [1, 1, 1:3] 2.87 3.79 3.21
NULL
R priorParameters: 2 8 
R maxT: 1 
R_PriorDraw_first_mu: 0.9458664 
R_PriorDraw_first_nu: 3.879723 
R-CCU: Before ClusterLabelChange for i = 57 newLabel= 1 currentLabel= 1 
R-CCU: sum(pointsPerCluster) = 1616 
 num [1:3] 1613 1 2
NULL
R-CCU: After ClusterLabelChange for i = 57 
R-CCU: sum(pointsPerCluster) = 1617 
 num [1:3] 1614 1 2
NULL
R-CCU: dpObj$numberClusters = 3 
List of 2
 $ : num [1, 1, 1:3] 0.425 0.265 0.652
 $ : num [1, 1, 1:3] 2.87 3.79 3.21
NULL
R priorParameters: 2 8 
R maxT: 1 
R_PriorDraw_first_mu: 0.8590947 
R_PriorDraw_first_nu: 7.74319 
R-CCU: Before ClusterLabelChange for i = 58 newLabel= 1 currentLabel= 1 
R-CCU: sum(pointsPerCluster) = 1617 
 num [1:3] 1614 1 2
NULL
R-CCU: After ClusterLabelChange for i = 58 
R-CCU: sum(pointsPerCluster) = 1618 
 num [1:3] 1615 1 2
NULL
R-CCU: dpObj$numberClusters = 3 
List of 2
 $ : num [1, 1, 1:3] 0.425 0.265 0.652
 $ : num [1, 1, 1:3] 2.87 3.79 3.21
NULL
R priorParameters: 2 8 
R maxT: 1 
R_PriorDraw_first_mu: 0.2585658 
R_PriorDraw_first_nu: 2.975386 
R-CCU: Before ClusterLabelChange for i = 59 newLabel= 1 currentLabel= 1 
R-CCU: sum(pointsPerCluster) = 1618 
 num [1:3] 1615 1 2
NULL
R-CCU: After ClusterLabelChange for i = 59 
R-CCU: sum(pointsPerCluster) = 1619 
 num [1:3] 1616 1 2
NULL
R-CCU: dpObj$numberClusters = 3 
List of 2
 $ : num [1, 1, 1:3] 0.425 0.265 0.652
 $ : num [1, 1, 1:3] 2.87 3.79 3.21
NULL
R priorParameters: 2 8 
R maxT: 1 
R_PriorDraw_first_mu: 0.2206638 
R_PriorDraw_first_nu: 14.15569 
R-CCU: Before ClusterLabelChange for i = 60 newLabel= 1 currentLabel= 1 
R-CCU: sum(pointsPerCluster) = 1619 
 num [1:3] 1616 1 2
NULL
R-CCU: After ClusterLabelChange for i = 60 
R-CCU: sum(pointsPerCluster) = 1620 
 num [1:3] 1617 1 2
NULL
R-CCU: dpObj$numberClusters = 3 
List of 2
 $ : num [1, 1, 1:3] 0.425 0.265 0.652
 $ : num [1, 1, 1:3] 2.87 3.79 3.21
NULL

⠙ |   52      0 | Beta Distribution Full Integration Test          R priorParameters: 2 8 
R maxT: 1 
R_PriorDraw_first_mu: 0.5516262 
R_PriorDraw_first_nu: 3.271201 
R-CCU: Before ClusterLabelChange for i = 1 newLabel= 1 currentLabel= 1 
R-CCU: sum(pointsPerCluster) = 1620 
 num [1:3] 1617 1 2
NULL
R-CCU: After ClusterLabelChange for i = 1 
R-CCU: sum(pointsPerCluster) = 1621 
 num [1:3] 1618 1 2
NULL
R-CCU: dpObj$numberClusters = 3 
List of 2
 $ : num [1, 1, 1:3] 0.552 0.265 0.652
 $ : num [1, 1, 1:3] 2.76 3.79 3.21
NULL
R priorParameters: 2 8 
R maxT: 1 
R_PriorDraw_first_mu: 0.7260658 
R_PriorDraw_first_nu: 3.135004 
R-CCU: Before ClusterLabelChange for i = 2 newLabel= 1 currentLabel= 1 
R-CCU: sum(pointsPerCluster) = 1621 
 num [1:3] 1618 1 2
NULL
R-CCU: After ClusterLabelChange for i = 2 
R-CCU: sum(pointsPerCluster) = 1622 
 num [1:3] 1619 1 2
NULL
R-CCU: dpObj$numberClusters = 3 
List of 2
 $ : num [1, 1, 1:3] 0.552 0.265 0.652
 $ : num [1, 1, 1:3] 2.76 3.79 3.21
NULL
R priorParameters: 2 8 
R maxT: 1 
R_PriorDraw_first_mu: 0.04954701 
R_PriorDraw_first_nu: 21.90266 
R-CCU: Before ClusterLabelChange for i = 3 newLabel= 1 currentLabel= 1 
R-CCU: sum(pointsPerCluster) = 1622 
 num [1:3] 1619 1 2
NULL
R-CCU: After ClusterLabelChange for i = 3 
R-CCU: sum(pointsPerCluster) = 1623 
 num [1:3] 1620 1 2
NULL
R-CCU: dpObj$numberClusters = 3 
List of 2
 $ : num [1, 1, 1:3] 0.552 0.265 0.652
 $ : num [1, 1, 1:3] 2.76 3.79 3.21
NULL
R priorParameters: 2 8 
R maxT: 1 
R_PriorDraw_first_mu: 0.2138654 
R_PriorDraw_first_nu: 4.795954 
R-CCU: Before ClusterLabelChange for i = 4 newLabel= 1 currentLabel= 1 
R-CCU: sum(pointsPerCluster) = 1623 
 num [1:3] 1620 1 2
NULL
R-CCU: After ClusterLabelChange for i = 4 
R-CCU: sum(pointsPerCluster) = 1624 
 num [1:3] 1621 1 2
NULL
R-CCU: dpObj$numberClusters = 3 
List of 2
 $ : num [1, 1, 1:3] 0.552 0.265 0.652
 $ : num [1, 1, 1:3] 2.76 3.79 3.21
NULL
R priorParameters: 2 8 
R maxT: 1 
R_PriorDraw_first_mu: 0.1290665 
R_PriorDraw_first_nu: 2.567536 
R-CCU: Before ClusterLabelChange for i = 5 newLabel= 1 currentLabel= 1 
R-CCU: sum(pointsPerCluster) = 1624 
 num [1:3] 1621 1 2
NULL
R-CCU: After ClusterLabelChange for i = 5 
R-CCU: sum(pointsPerCluster) = 1625 
 num [1:3] 1622 1 2
NULL
R-CCU: dpObj$numberClusters = 3 
List of 2
 $ : num [1, 1, 1:3] 0.552 0.265 0.652
 $ : num [1, 1, 1:3] 2.76 3.79 3.21
NULL
R priorParameters: 2 8 
R maxT: 1 
R_PriorDraw_first_mu: 0.7061622 
R_PriorDraw_first_nu: 6.374908 
R-CCU: Before ClusterLabelChange for i = 6 newLabel= 1 currentLabel= 1 
R-CCU: sum(pointsPerCluster) = 1625 
 num [1:3] 1622 1 2
NULL
R-CCU: After ClusterLabelChange for i = 6 
R-CCU: sum(pointsPerCluster) = 1626 
 num [1:3] 1623 1 2
NULL
R-CCU: dpObj$numberClusters = 3 
List of 2
 $ : num [1, 1, 1:3] 0.552 0.265 0.652
 $ : num [1, 1, 1:3] 2.76 3.79 3.21
NULL
R priorParameters: 2 8 
R maxT: 1 
R_PriorDraw_first_mu: 0.553904 
R_PriorDraw_first_nu: 3.306251 
R-CCU: Before ClusterLabelChange for i = 7 newLabel= 1 currentLabel= 1 
R-CCU: sum(pointsPerCluster) = 1626 
 num [1:3] 1623 1 2
NULL
R-CCU: After ClusterLabelChange for i = 7 
R-CCU: sum(pointsPerCluster) = 1627 
 num [1:3] 1624 1 2
NULL
R-CCU: dpObj$numberClusters = 3 
List of 2
 $ : num [1, 1, 1:3] 0.552 0.265 0.652
 $ : num [1, 1, 1:3] 2.76 3.79 3.21
NULL
R priorParameters: 2 8 
R maxT: 1 
R_PriorDraw_first_mu: 0.1232185 
R_PriorDraw_first_nu: 4.782855 
R-CCU: Before ClusterLabelChange for i = 8 newLabel= 1 currentLabel= 1 
R-CCU: sum(pointsPerCluster) = 1627 
 num [1:3] 1624 1 2
NULL
R-CCU: After ClusterLabelChange for i = 8 
R-CCU: sum(pointsPerCluster) = 1628 
 num [1:3] 1625 1 2
NULL
R-CCU: dpObj$numberClusters = 3 
List of 2
 $ : num [1, 1, 1:3] 0.552 0.265 0.652
 $ : num [1, 1, 1:3] 2.76 3.79 3.21
NULL
R priorParameters: 2 8 
R maxT: 1 
R_PriorDraw_first_mu: 0.7263287 
R_PriorDraw_first_nu: 10.42692 
R-CCU: Before ClusterLabelChange for i = 9 newLabel= 1 currentLabel= 1 
R-CCU: sum(pointsPerCluster) = 1628 
 num [1:3] 1625 1 2
NULL
R-CCU: After ClusterLabelChange for i = 9 
R-CCU: sum(pointsPerCluster) = 1629 
 num [1:3] 1626 1 2
NULL
R-CCU: dpObj$numberClusters = 3 
List of 2
 $ : num [1, 1, 1:3] 0.552 0.265 0.652
 $ : num [1, 1, 1:3] 2.76 3.79 3.21
NULL
R priorParameters: 2 8 
R maxT: 1 
R_PriorDraw_first_mu: 0.9557645 
R_PriorDraw_first_nu: 14.27485 
R-CCU: Before ClusterLabelChange for i = 10 newLabel= 1 currentLabel= 1 
R-CCU: sum(pointsPerCluster) = 1629 
 num [1:3] 1626 1 2
NULL
R-CCU: After ClusterLabelChange for i = 10 
R-CCU: sum(pointsPerCluster) = 1630 
 num [1:3] 1627 1 2
NULL
R-CCU: dpObj$numberClusters = 3 
List of 2
 $ : num [1, 1, 1:3] 0.552 0.265 0.652
 $ : num [1, 1, 1:3] 2.76 3.79 3.21
NULL
R priorParameters: 2 8 
R maxT: 1 
R_PriorDraw_first_mu: 0.274061 
R_PriorDraw_first_nu: 6.033497 
R-CCU: Before ClusterLabelChange for i = 11 newLabel= 1 currentLabel= 1 
R-CCU: sum(pointsPerCluster) = 1630 
 num [1:3] 1627 1 2
NULL
R-CCU: After ClusterLabelChange for i = 11 
R-CCU: sum(pointsPerCluster) = 1631 
 num [1:3] 1628 1 2
NULL
R-CCU: dpObj$numberClusters = 3 
List of 2
 $ : num [1, 1, 1:3] 0.552 0.265 0.652
 $ : num [1, 1, 1:3] 2.76 3.79 3.21
NULL
R priorParameters: 2 8 
R maxT: 1 
R_PriorDraw_first_mu: 0.6134028 
R_PriorDraw_first_nu: 8.914922 
R-CCU: Before ClusterLabelChange for i = 12 newLabel= 1 currentLabel= 1 
R-CCU: sum(pointsPerCluster) = 1631 
 num [1:3] 1628 1 2
NULL
R-CCU: After ClusterLabelChange for i = 12 
R-CCU: sum(pointsPerCluster) = 1632 
 num [1:3] 1629 1 2
NULL
R-CCU: dpObj$numberClusters = 3 
List of 2
 $ : num [1, 1, 1:3] 0.552 0.265 0.652
 $ : num [1, 1, 1:3] 2.76 3.79 3.21
NULL
R priorParameters: 2 8 
R maxT: 1 
R_PriorDraw_first_mu: 0.5847495 
R_PriorDraw_first_nu: 3.776851 
R-CCU: Before ClusterLabelChange for i = 13 newLabel= 1 currentLabel= 1 
R-CCU: sum(pointsPerCluster) = 1632 
 num [1:3] 1629 1 2
NULL
R-CCU: After ClusterLabelChange for i = 13 
R-CCU: sum(pointsPerCluster) = 1633 
 num [1:3] 1630 1 2
NULL
R-CCU: dpObj$numberClusters = 3 
List of 2
 $ : num [1, 1, 1:3] 0.552 0.265 0.652
 $ : num [1, 1, 1:3] 2.76 3.79 3.21
NULL
R priorParameters: 2 8 
R maxT: 1 
R_PriorDraw_first_mu: 0.1910826 
R_PriorDraw_first_nu: 3.915624 
R-CCU: Before ClusterLabelChange for i = 14 newLabel= 1 currentLabel= 1 
R-CCU: sum(pointsPerCluster) = 1633 
 num [1:3] 1630 1 2
NULL
R-CCU: After ClusterLabelChange for i = 14 
R-CCU: sum(pointsPerCluster) = 1634 
 num [1:3] 1631 1 2
NULL
R-CCU: dpObj$numberClusters = 3 
List of 2
 $ : num [1, 1, 1:3] 0.552 0.265 0.652
 $ : num [1, 1, 1:3] 2.76 3.79 3.21
NULL
R priorParameters: 2 8 
R maxT: 1 
R_PriorDraw_first_mu: 0.1917276 
R_PriorDraw_first_nu: 7.438031 
R-CCU: Before ClusterLabelChange for i = 15 newLabel= 1 currentLabel= 1 
R-CCU: sum(pointsPerCluster) = 1634 
 num [1:3] 1631 1 2
NULL
R-CCU: After ClusterLabelChange for i = 15 
R-CCU: sum(pointsPerCluster) = 1635 
 num [1:3] 1632 1 2
NULL
R-CCU: dpObj$numberClusters = 3 
List of 2
 $ : num [1, 1, 1:3] 0.552 0.265 0.652
 $ : num [1, 1, 1:3] 2.76 3.79 3.21
NULL
R priorParameters: 2 8 
R maxT: 1 
R_PriorDraw_first_mu: 0.2443538 
R_PriorDraw_first_nu: 4.896531 
R-CCU: Before ClusterLabelChange for i = 16 newLabel= 1 currentLabel= 1 
R-CCU: sum(pointsPerCluster) = 1635 
 num [1:3] 1632 1 2
NULL
R-CCU: After ClusterLabelChange for i = 16 
R-CCU: sum(pointsPerCluster) = 1636 
 num [1:3] 1633 1 2
NULL
R-CCU: dpObj$numberClusters = 3 
List of 2
 $ : num [1, 1, 1:3] 0.552 0.265 0.652
 $ : num [1, 1, 1:3] 2.76 3.79 3.21
NULL
R priorParameters: 2 8 
R maxT: 1 
R_PriorDraw_first_mu: 0.03645782 
R_PriorDraw_first_nu: 1.975788 
R-CCU: Before ClusterLabelChange for i = 17 newLabel= 1 currentLabel= 1 
R-CCU: sum(pointsPerCluster) = 1636 
 num [1:3] 1633 1 2
NULL
R-CCU: After ClusterLabelChange for i = 17 
R-CCU: sum(pointsPerCluster) = 1637 
 num [1:3] 1634 1 2
NULL
R-CCU: dpObj$numberClusters = 3 
List of 2
 $ : num [1, 1, 1:3] 0.552 0.265 0.652
 $ : num [1, 1, 1:3] 2.76 3.79 3.21
NULL
R priorParameters: 2 8 
R maxT: 1 
R_PriorDraw_first_mu: 0.4022349 
R_PriorDraw_first_nu: 6.329054 
R-CCU: Before ClusterLabelChange for i = 18 newLabel= 1 currentLabel= 1 
R-CCU: sum(pointsPerCluster) = 1637 
 num [1:3] 1634 1 2
NULL
R-CCU: After ClusterLabelChange for i = 18 
R-CCU: sum(pointsPerCluster) = 1638 
 num [1:3] 1635 1 2
NULL
R-CCU: dpObj$numberClusters = 3 
List of 2
 $ : num [1, 1, 1:3] 0.552 0.265 0.652
 $ : num [1, 1, 1:3] 2.76 3.79 3.21
NULL
R priorParameters: 2 8 
R maxT: 1 
R_PriorDraw_first_mu: 0.9599563 
R_PriorDraw_first_nu: 2.345867 
R-CCU: Before ClusterLabelChange for i = 19 newLabel= 1 currentLabel= 1 
R-CCU: sum(pointsPerCluster) = 1638 
 num [1:3] 1635 1 2
NULL
R-CCU: After ClusterLabelChange for i = 19 
R-CCU: sum(pointsPerCluster) = 1639 
 num [1:3] 1636 1 2
NULL
R-CCU: dpObj$numberClusters = 3 
List of 2
 $ : num [1, 1, 1:3] 0.552 0.265 0.652
 $ : num [1, 1, 1:3] 2.76 3.79 3.21
NULL
R priorParameters: 2 8 
R maxT: 1 
R_PriorDraw_first_mu: 0.362684 
R_PriorDraw_first_nu: 4.490845 
R-CCU: Before ClusterLabelChange for i = 20 newLabel= 1 currentLabel= 1 
R-CCU: sum(pointsPerCluster) = 1639 
 num [1:3] 1636 1 2
NULL
R-CCU: After ClusterLabelChange for i = 20 
R-CCU: sum(pointsPerCluster) = 1640 
 num [1:3] 1637 1 2
NULL
R-CCU: dpObj$numberClusters = 3 
List of 2
 $ : num [1, 1, 1:3] 0.552 0.265 0.652
 $ : num [1, 1, 1:3] 2.76 3.79 3.21
NULL
R priorParameters: 2 8 
R maxT: 1 
R_PriorDraw_first_mu: 0.2567832 
R_PriorDraw_first_nu: 4.777388 
R-CCU: Before ClusterLabelChange for i = 21 newLabel= 1 currentLabel= 1 
R-CCU: sum(pointsPerCluster) = 1640 
 num [1:3] 1637 1 2
NULL
R-CCU: After ClusterLabelChange for i = 21 
R-CCU: sum(pointsPerCluster) = 1641 
 num [1:3] 1638 1 2
NULL
R-CCU: dpObj$numberClusters = 3 
List of 2
 $ : num [1, 1, 1:3] 0.552 0.265 0.652
 $ : num [1, 1, 1:3] 2.76 3.79 3.21
NULL
R priorParameters: 2 8 
R maxT: 1 
R_PriorDraw_first_mu: 0.09578678 
R_PriorDraw_first_nu: 2.276856 
R-CCU: Before ClusterLabelChange for i = 22 newLabel= 1 currentLabel= 1 
R-CCU: sum(pointsPerCluster) = 1641 
 num [1:3] 1638 1 2
NULL
R-CCU: After ClusterLabelChange for i = 22 
R-CCU: sum(pointsPerCluster) = 1642 
 num [1:3] 1639 1 2
NULL
R-CCU: dpObj$numberClusters = 3 
List of 2
 $ : num [1, 1, 1:3] 0.552 0.265 0.652
 $ : num [1, 1, 1:3] 2.76 3.79 3.21
NULL
R priorParameters: 2 8 
R maxT: 1 
R_PriorDraw_first_mu: 0.08710712 
R_PriorDraw_first_nu: 4.084989 
R-CCU: Before ClusterLabelChange for i = 23 newLabel= 1 currentLabel= 1 
R-CCU: sum(pointsPerCluster) = 1642 
 num [1:3] 1639 1 2
NULL
R-CCU: After ClusterLabelChange for i = 23 
R-CCU: sum(pointsPerCluster) = 1643 
 num [1:3] 1640 1 2
NULL
R-CCU: dpObj$numberClusters = 3 
List of 2
 $ : num [1, 1, 1:3] 0.552 0.265 0.652
 $ : num [1, 1, 1:3] 2.76 3.79 3.21
NULL
R priorParameters: 2 8 
R maxT: 1 
R_PriorDraw_first_mu: 0.7995823 
R_PriorDraw_first_nu: 2.459108 
R-CCU: Before ClusterLabelChange for i = 24 newLabel= 1 currentLabel= 1 
R-CCU: sum(pointsPerCluster) = 1643 
 num [1:3] 1640 1 2
NULL
R-CCU: After ClusterLabelChange for i = 24 
R-CCU: sum(pointsPerCluster) = 1644 
 num [1:3] 1641 1 2
NULL
R-CCU: dpObj$numberClusters = 3 
List of 2
 $ : num [1, 1, 1:3] 0.552 0.265 0.652
 $ : num [1, 1, 1:3] 2.76 3.79 3.21
NULL
R priorParameters: 2 8 
R maxT: 1 
R_PriorDraw_first_mu: 0.2265729 
R_PriorDraw_first_nu: 3.827536 
R-CCU: Before ClusterLabelChange for i = 25 newLabel= 1 currentLabel= 1 
R-CCU: sum(pointsPerCluster) = 1644 
 num [1:3] 1641 1 2
NULL
R-CCU: After ClusterLabelChange for i = 25 
R-CCU: sum(pointsPerCluster) = 1645 
 num [1:3] 1642 1 2
NULL
R-CCU: dpObj$numberClusters = 3 
List of 2
 $ : num [1, 1, 1:3] 0.552 0.265 0.652
 $ : num [1, 1, 1:3] 2.76 3.79 3.21
NULL
R priorParameters: 2 8 
R maxT: 1 
R_PriorDraw_first_mu: 0.3338083 
R_PriorDraw_first_nu: 8.389912 
R-CCU: Before ClusterLabelChange for i = 26 newLabel= 1 currentLabel= 1 
R-CCU: sum(pointsPerCluster) = 1645 
 num [1:3] 1642 1 2
NULL
R-CCU: After ClusterLabelChange for i = 26 
R-CCU: sum(pointsPerCluster) = 1646 
 num [1:3] 1643 1 2
NULL
R-CCU: dpObj$numberClusters = 3 
List of 2
 $ : num [1, 1, 1:3] 0.552 0.265 0.652
 $ : num [1, 1, 1:3] 2.76 3.79 3.21
NULL
R priorParameters: 2 8 
R maxT: 1 
R_PriorDraw_first_mu: 0.7803581 
R_PriorDraw_first_nu: 4.5941 
R-CCU: Before ClusterLabelChange for i = 27 newLabel= 1 currentLabel= 1 
R-CCU: sum(pointsPerCluster) = 1646 
 num [1:3] 1643 1 2
NULL
R-CCU: After ClusterLabelChange for i = 27 
R-CCU: sum(pointsPerCluster) = 1647 
 num [1:3] 1644 1 2
NULL
R-CCU: dpObj$numberClusters = 3 
List of 2
 $ : num [1, 1, 1:3] 0.552 0.265 0.652
 $ : num [1, 1, 1:3] 2.76 3.79 3.21
NULL
R priorParameters: 2 8 
R maxT: 1 
R_PriorDraw_first_mu: 0.1113867 
R_PriorDraw_first_nu: 5.157754 
R-CCU: Before ClusterLabelChange for i = 28 newLabel= 1 currentLabel= 1 
R-CCU: sum(pointsPerCluster) = 1647 
 num [1:3] 1644 1 2
NULL
R-CCU: After ClusterLabelChange for i = 28 
R-CCU: sum(pointsPerCluster) = 1648 
 num [1:3] 1645 1 2
NULL
R-CCU: dpObj$numberClusters = 3 
List of 2
 $ : num [1, 1, 1:3] 0.552 0.265 0.652
 $ : num [1, 1, 1:3] 2.76 3.79 3.21
NULL
R priorParameters: 2 8 
R maxT: 1 
R_PriorDraw_first_mu: 0.01449881 
R_PriorDraw_first_nu: 27.90281 
R-CCU: Before ClusterLabelChange for i = 29 newLabel= 1 currentLabel= 1 
R-CCU: sum(pointsPerCluster) = 1648 
 num [1:3] 1645 1 2
NULL
R-CCU: After ClusterLabelChange for i = 29 
R-CCU: sum(pointsPerCluster) = 1649 
 num [1:3] 1646 1 2
NULL
R-CCU: dpObj$numberClusters = 3 
List of 2
 $ : num [1, 1, 1:3] 0.552 0.265 0.652
 $ : num [1, 1, 1:3] 2.76 3.79 3.21
NULL
R priorParameters: 2 8 
R maxT: 1 
R_PriorDraw_first_mu: 0.7535114 
R_PriorDraw_first_nu: 35.93592 
R-CCU: Before ClusterLabelChange for i = 30 newLabel= 1 currentLabel= 1 
R-CCU: sum(pointsPerCluster) = 1649 
 num [1:3] 1646 1 2
NULL
R-CCU: After ClusterLabelChange for i = 30 
R-CCU: sum(pointsPerCluster) = 1650 
 num [1:3] 1647 1 2
NULL
R-CCU: dpObj$numberClusters = 3 
List of 2
 $ : num [1, 1, 1:3] 0.552 0.265 0.652
 $ : num [1, 1, 1:3] 2.76 3.79 3.21
NULL
R priorParameters: 2 8 
R maxT: 1 
R_PriorDraw_first_mu: 0.3776327 
R_PriorDraw_first_nu: 2.189208 
R-CCU: Before ClusterLabelChange for i = 31 newLabel= 1 currentLabel= 1 
R-CCU: sum(pointsPerCluster) = 1650 
 num [1:3] 1647 1 2
NULL
R-CCU: After ClusterLabelChange for i = 31 
R-CCU: sum(pointsPerCluster) = 1651 
 num [1:3] 1648 1 2
NULL
R-CCU: dpObj$numberClusters = 3 
List of 2
 $ : num [1, 1, 1:3] 0.552 0.265 0.652
 $ : num [1, 1, 1:3] 2.76 3.79 3.21
NULL
R priorParameters: 2 8 
R maxT: 1 
R_PriorDraw_first_mu: 0.4033195 
R_PriorDraw_first_nu: 9.137953 
R-CCU: Before ClusterLabelChange for i = 32 newLabel= 1 currentLabel= 1 
R-CCU: sum(pointsPerCluster) = 1651 
 num [1:3] 1648 1 2
NULL
R-CCU: After ClusterLabelChange for i = 32 
R-CCU: sum(pointsPerCluster) = 1652 
 num [1:3] 1649 1 2
NULL
R-CCU: dpObj$numberClusters = 3 
List of 2
 $ : num [1, 1, 1:3] 0.552 0.265 0.652
 $ : num [1, 1, 1:3] 2.76 3.79 3.21
NULL
R priorParameters: 2 8 
R maxT: 1 
R_PriorDraw_first_mu: 0.3173195 
R_PriorDraw_first_nu: 2.258486 
R-CCU: Before ClusterLabelChange for i = 33 newLabel= 1 currentLabel= 1 
R-CCU: sum(pointsPerCluster) = 1652 
 num [1:3] 1649 1 2
NULL
R-CCU: After ClusterLabelChange for i = 33 
R-CCU: sum(pointsPerCluster) = 1653 
 num [1:3] 1650 1 2
NULL
R-CCU: dpObj$numberClusters = 3 
List of 2
 $ : num [1, 1, 1:3] 0.552 0.265 0.652
 $ : num [1, 1, 1:3] 2.76 3.79 3.21
NULL
R priorParameters: 2 8 
R maxT: 1 
R_PriorDraw_first_mu: 0.6451993 
R_PriorDraw_first_nu: 19.14713 
R-CCU: Before ClusterLabelChange for i = 34 newLabel= 1 currentLabel= 1 
R-CCU: sum(pointsPerCluster) = 1653 
 num [1:3] 1650 1 2
NULL
R-CCU: After ClusterLabelChange for i = 34 
R-CCU: sum(pointsPerCluster) = 1654 
 num [1:3] 1651 1 2
NULL
R-CCU: dpObj$numberClusters = 3 
List of 2
 $ : num [1, 1, 1:3] 0.552 0.265 0.652
 $ : num [1, 1, 1:3] 2.76 3.79 3.21
NULL
R priorParameters: 2 8 
R maxT: 1 
R_PriorDraw_first_mu: 0.01956401 
R_PriorDraw_first_nu: 5.474532 
R-CCU: Before ClusterLabelChange for i = 35 newLabel= 1 currentLabel= 1 
R-CCU: sum(pointsPerCluster) = 1654 
 num [1:3] 1651 1 2
NULL
R-CCU: After ClusterLabelChange for i = 35 
R-CCU: sum(pointsPerCluster) = 1655 
 num [1:3] 1652 1 2
NULL
R-CCU: dpObj$numberClusters = 3 
List of 2
 $ : num [1, 1, 1:3] 0.552 0.265 0.652
 $ : num [1, 1, 1:3] 2.76 3.79 3.21
NULL
R priorParameters: 2 8 
R maxT: 1 
R_PriorDraw_first_mu: 0.3465959 
R_PriorDraw_first_nu: 3.085207 
R-CCU: Before ClusterLabelChange for i = 36 newLabel= 1 currentLabel= 1 
R-CCU: sum(pointsPerCluster) = 1655 
 num [1:3] 1652 1 2
NULL
R-CCU: After ClusterLabelChange for i = 36 
R-CCU: sum(pointsPerCluster) = 1656 
 num [1:3] 1653 1 2
NULL
R-CCU: dpObj$numberClusters = 3 
List of 2
 $ : num [1, 1, 1:3] 0.552 0.265 0.652
 $ : num [1, 1, 1:3] 2.76 3.79 3.21
NULL
R priorParameters: 2 8 
R maxT: 1 
R_PriorDraw_first_mu: 0.3920493 
R_PriorDraw_first_nu: 95.54892 
R-CCU: Before ClusterLabelChange for i = 37 newLabel= 1 currentLabel= 1 
R-CCU: sum(pointsPerCluster) = 1656 
 num [1:3] 1653 1 2
NULL
R-CCU: After ClusterLabelChange for i = 37 
R-CCU: sum(pointsPerCluster) = 1657 
 num [1:3] 1654 1 2
NULL
R-CCU: dpObj$numberClusters = 3 
List of 2
 $ : num [1, 1, 1:3] 0.552 0.265 0.652
 $ : num [1, 1, 1:3] 2.76 3.79 3.21
NULL
R priorParameters: 2 8 
R maxT: 1 
R_PriorDraw_first_mu: 0.13944 
R_PriorDraw_first_nu: 4.400063 
R-CCU: Before ClusterLabelChange for i = 38 newLabel= 1 currentLabel= 1 
R-CCU: sum(pointsPerCluster) = 1657 
 num [1:3] 1654 1 2
NULL
R-CCU: After ClusterLabelChange for i = 38 
R-CCU: sum(pointsPerCluster) = 1658 
 num [1:3] 1655 1 2
NULL
R-CCU: dpObj$numberClusters = 3 
List of 2
 $ : num [1, 1, 1:3] 0.552 0.265 0.652
 $ : num [1, 1, 1:3] 2.76 3.79 3.21
NULL
R priorParameters: 2 8 
R maxT: 1 
R_PriorDraw_first_mu: 0.7056245 
R_PriorDraw_first_nu: 5.130022 
R-CCU: Before ClusterLabelChange for i = 39 newLabel= 1 currentLabel= 1 
R-CCU: sum(pointsPerCluster) = 1658 
 num [1:3] 1655 1 2
NULL
R-CCU: After ClusterLabelChange for i = 39 
R-CCU: sum(pointsPerCluster) = 1659 
 num [1:3] 1656 1 2
NULL
R-CCU: dpObj$numberClusters = 3 
List of 2
 $ : num [1, 1, 1:3] 0.552 0.265 0.652
 $ : num [1, 1, 1:3] 2.76 3.79 3.21
NULL
R priorParameters: 2 8 
R maxT: 1 
R_PriorDraw_first_mu: 0.3697758 
R_PriorDraw_first_nu: 3.134428 
R-CCU: Before ClusterLabelChange for i = 40 newLabel= 1 currentLabel= 1 
R-CCU: sum(pointsPerCluster) = 1659 
 num [1:3] 1656 1 2
NULL
R-CCU: After ClusterLabelChange for i = 40 
R-CCU: sum(pointsPerCluster) = 1660 
 num [1:3] 1657 1 2
NULL
R-CCU: dpObj$numberClusters = 3 
List of 2
 $ : num [1, 1, 1:3] 0.552 0.265 0.652
 $ : num [1, 1, 1:3] 2.76 3.79 3.21
NULL
R priorParameters: 2 8 
R maxT: 1 
R_PriorDraw_first_mu: 0.8035395 
R_PriorDraw_first_nu: 3.379993 
R-CCU: Before ClusterLabelChange for i = 41 newLabel= 1 currentLabel= 1 
R-CCU: sum(pointsPerCluster) = 1660 
 num [1:3] 1657 1 2
NULL
R-CCU: After ClusterLabelChange for i = 41 
R-CCU: sum(pointsPerCluster) = 1661 
 num [1:3] 1658 1 2
NULL
R-CCU: dpObj$numberClusters = 3 
List of 2
 $ : num [1, 1, 1:3] 0.552 0.265 0.652
 $ : num [1, 1, 1:3] 2.76 3.79 3.21
NULL
R priorParameters: 2 8 
R maxT: 1 
R_PriorDraw_first_mu: 0.7284972 
R_PriorDraw_first_nu: 4.934804 
R-CCU: Before ClusterLabelChange for i = 42 newLabel= 1 currentLabel= 1 
R-CCU: sum(pointsPerCluster) = 1661 
 num [1:3] 1658 1 2
NULL
R-CCU: After ClusterLabelChange for i = 42 
R-CCU: sum(pointsPerCluster) = 1662 
 num [1:3] 1659 1 2
NULL
R-CCU: dpObj$numberClusters = 3 
List of 2
 $ : num [1, 1, 1:3] 0.552 0.265 0.652
 $ : num [1, 1, 1:3] 2.76 3.79 3.21
NULL
R priorParameters: 2 8 
R maxT: 1 
R_PriorDraw_first_mu: 0.2074357 
R_PriorDraw_first_nu: 6.461732 
R-CCU: Before ClusterLabelChange for i = 43 newLabel= 1 currentLabel= 1 
R-CCU: sum(pointsPerCluster) = 1662 
 num [1:3] 1659 1 2
NULL
R-CCU: After ClusterLabelChange for i = 43 
R-CCU: sum(pointsPerCluster) = 1663 
 num [1:3] 1660 1 2
NULL
R-CCU: dpObj$numberClusters = 3 
List of 2
 $ : num [1, 1, 1:3] 0.552 0.265 0.652
 $ : num [1, 1, 1:3] 2.76 3.79 3.21
NULL
R priorParameters: 2 8 
R maxT: 1 
R_PriorDraw_first_mu: 0.1721981 
R_PriorDraw_first_nu: 4.573047 
R-CCU: Before ClusterLabelChange for i = 44 newLabel= 1 currentLabel= 1 
R-CCU: sum(pointsPerCluster) = 1663 
 num [1:3] 1660 1 2
NULL
R-CCU: After ClusterLabelChange for i = 44 
R-CCU: sum(pointsPerCluster) = 1664 
 num [1:3] 1661 1 2
NULL
R-CCU: dpObj$numberClusters = 3 
List of 2
 $ : num [1, 1, 1:3] 0.552 0.265 0.652
 $ : num [1, 1, 1:3] 2.76 3.79 3.21
NULL
R priorParameters: 2 8 
R maxT: 1 
R_PriorDraw_first_mu: 0.4574058 
R_PriorDraw_first_nu: 12.99481 
R-CCU: Before ClusterLabelChange for i = 45 newLabel= 1 currentLabel= 1 
R-CCU: sum(pointsPerCluster) = 1664 
 num [1:3] 1661 1 2
NULL
R-CCU: After ClusterLabelChange for i = 45 
R-CCU: sum(pointsPerCluster) = 1665 
 num [1:3] 1662 1 2
NULL
R-CCU: dpObj$numberClusters = 3 
List of 2
 $ : num [1, 1, 1:3] 0.552 0.265 0.652
 $ : num [1, 1, 1:3] 2.76 3.79 3.21
NULL
R priorParameters: 2 8 
R maxT: 1 
R_PriorDraw_first_mu: 0.6863206 
R_PriorDraw_first_nu: 5.329406 
R-CCU: Before ClusterLabelChange for i = 46 newLabel= 1 currentLabel= 1 
R-CCU: sum(pointsPerCluster) = 1665 
 num [1:3] 1662 1 2
NULL
R-CCU: After ClusterLabelChange for i = 46 
R-CCU: sum(pointsPerCluster) = 1666 
 num [1:3] 1663 1 2
NULL
R-CCU: dpObj$numberClusters = 3 
List of 2
 $ : num [1, 1, 1:3] 0.552 0.265 0.652
 $ : num [1, 1, 1:3] 2.76 3.79 3.21
NULL
R priorParameters: 2 8 
R maxT: 1 
R_PriorDraw_first_mu: 0.541849 
R_PriorDraw_first_nu: 2.245576 
R-CCU: Before ClusterLabelChange for i = 47 newLabel= 1 currentLabel= 1 
R-CCU: sum(pointsPerCluster) = 1666 
 num [1:3] 1663 1 2
NULL
R-CCU: After ClusterLabelChange for i = 47 
R-CCU: sum(pointsPerCluster) = 1667 
 num [1:3] 1664 1 2
NULL
R-CCU: dpObj$numberClusters = 3 
List of 2
 $ : num [1, 1, 1:3] 0.552 0.265 0.652
 $ : num [1, 1, 1:3] 2.76 3.79 3.21
NULL
R priorParameters: 2 8 
R maxT: 1 
R_PriorDraw_first_mu: 0.3217345 
R_PriorDraw_first_nu: 36.76119 
R-CCU: Before ClusterLabelChange for i = 48 newLabel= 1 currentLabel= 1 
R-CCU: sum(pointsPerCluster) = 1667 
 num [1:3] 1664 1 2
NULL
R-CCU: After ClusterLabelChange for i = 48 
R-CCU: sum(pointsPerCluster) = 1668 
 num [1:3] 1665 1 2
NULL
R-CCU: dpObj$numberClusters = 3 
List of 2
 $ : num [1, 1, 1:3] 0.552 0.265 0.652
 $ : num [1, 1, 1:3] 2.76 3.79 3.21
NULL
R priorParameters: 2 8 
R maxT: 1 
R_PriorDraw_first_mu: 0.4118114 
R_PriorDraw_first_nu: 1.933872 
R-CCU: Before ClusterLabelChange for i = 49 newLabel= 1 currentLabel= 1 
R-CCU: sum(pointsPerCluster) = 1668 
 num [1:3] 1665 1 2
NULL
R-CCU: After ClusterLabelChange for i = 49 
R-CCU: sum(pointsPerCluster) = 1669 
 num [1:3] 1666 1 2
NULL
R-CCU: dpObj$numberClusters = 3 
List of 2
 $ : num [1, 1, 1:3] 0.552 0.265 0.652
 $ : num [1, 1, 1:3] 2.76 3.79 3.21
NULL
R priorParameters: 2 8 
R maxT: 1 
R_PriorDraw_first_mu: 0.2182095 
R_PriorDraw_first_nu: 14.82445 
R-CCU: Before ClusterLabelChange for i = 50 newLabel= 1 currentLabel= 1 
R-CCU: sum(pointsPerCluster) = 1669 
 num [1:3] 1666 1 2
NULL
R-CCU: After ClusterLabelChange for i = 50 
R-CCU: sum(pointsPerCluster) = 1670 
 num [1:3] 1667 1 2
NULL
R-CCU: dpObj$numberClusters = 3 
List of 2
 $ : num [1, 1, 1:3] 0.552 0.265 0.652
 $ : num [1, 1, 1:3] 2.76 3.79 3.21
NULL
R priorParameters: 2 8 
R maxT: 1 
R_PriorDraw_first_mu: 0.5326977 
R_PriorDraw_first_nu: 2.463543 
R-CCU: Before ClusterLabelChange for i = 51 newLabel= 1 currentLabel= 1 
R-CCU: sum(pointsPerCluster) = 1670 
 num [1:3] 1667 1 2
NULL
R-CCU: After ClusterLabelChange for i = 51 
R-CCU: sum(pointsPerCluster) = 1671 
 num [1:3] 1668 1 2
NULL
R-CCU: dpObj$numberClusters = 3 
List of 2
 $ : num [1, 1, 1:3] 0.552 0.265 0.652
 $ : num [1, 1, 1:3] 2.76 3.79 3.21
NULL
R priorParameters: 2 8 
R maxT: 1 
R_PriorDraw_first_mu: 0.0837638 
R_PriorDraw_first_nu: 11.85733 
R-CCU: Before ClusterLabelChange for i = 52 newLabel= 1 currentLabel= 1 
R-CCU: sum(pointsPerCluster) = 1671 
 num [1:3] 1668 1 2
NULL
R-CCU: After ClusterLabelChange for i = 52 
R-CCU: sum(pointsPerCluster) = 1672 
 num [1:3] 1669 1 2
NULL
R-CCU: dpObj$numberClusters = 3 
List of 2
 $ : num [1, 1, 1:3] 0.552 0.265 0.652
 $ : num [1, 1, 1:3] 2.76 3.79 3.21
NULL
R priorParameters: 2 8 
R maxT: 1 
R_PriorDraw_first_mu: 0.6776183 
R_PriorDraw_first_nu: 3.016065 
R-CCU: Before ClusterLabelChange for i = 53 newLabel= 1 currentLabel= 1 
R-CCU: sum(pointsPerCluster) = 1672 
 num [1:3] 1669 1 2
NULL
R-CCU: After ClusterLabelChange for i = 53 
R-CCU: sum(pointsPerCluster) = 1673 
 num [1:3] 1670 1 2
NULL
R-CCU: dpObj$numberClusters = 3 
List of 2
 $ : num [1, 1, 1:3] 0.552 0.265 0.652
 $ : num [1, 1, 1:3] 2.76 3.79 3.21
NULL
R priorParameters: 2 8 
R maxT: 1 
R_PriorDraw_first_mu: 0.2695042 
R_PriorDraw_first_nu: 13.97972 
R-CCU: Before ClusterLabelChange for i = 54 newLabel= 1 currentLabel= 1 
R-CCU: sum(pointsPerCluster) = 1673 
 num [1:3] 1670 1 2
NULL
R-CCU: After ClusterLabelChange for i = 54 
R-CCU: sum(pointsPerCluster) = 1674 
 num [1:3] 1671 1 2
NULL
R-CCU: dpObj$numberClusters = 3 
List of 2
 $ : num [1, 1, 1:3] 0.552 0.265 0.652
 $ : num [1, 1, 1:3] 2.76 3.79 3.21
NULL
R priorParameters: 2 8 
R maxT: 1 
R_PriorDraw_first_mu: 0.4751382 
R_PriorDraw_first_nu: 5.562927 
R-CCU: Before ClusterLabelChange for i = 55 newLabel= 1 currentLabel= 1 
R-CCU: sum(pointsPerCluster) = 1674 
 num [1:3] 1671 1 2
NULL
R-CCU: After ClusterLabelChange for i = 55 
R-CCU: sum(pointsPerCluster) = 1675 
 num [1:3] 1672 1 2
NULL
R-CCU: dpObj$numberClusters = 3 
List of 2
 $ : num [1, 1, 1:3] 0.552 0.265 0.652
 $ : num [1, 1, 1:3] 2.76 3.79 3.21
NULL
R priorParameters: 2 8 
R maxT: 1 
R_PriorDraw_first_mu: 0.9044682 
R_PriorDraw_first_nu: 114.4443 
R-CCU: Before ClusterLabelChange for i = 56 newLabel= 1 currentLabel= 1 
R-CCU: sum(pointsPerCluster) = 1675 
 num [1:3] 1672 1 2
NULL
R-CCU: After ClusterLabelChange for i = 56 
R-CCU: sum(pointsPerCluster) = 1676 
 num [1:3] 1673 1 2
NULL
R-CCU: dpObj$numberClusters = 3 
List of 2
 $ : num [1, 1, 1:3] 0.552 0.265 0.652
 $ : num [1, 1, 1:3] 2.76 3.79 3.21
NULL
R priorParameters: 2 8 
R maxT: 1 
R_PriorDraw_first_mu: 0.9656482 
R_PriorDraw_first_nu: 5.775333 
R-CCU: Before ClusterLabelChange for i = 57 newLabel= 1 currentLabel= 1 
R-CCU: sum(pointsPerCluster) = 1676 
 num [1:3] 1673 1 2
NULL
R-CCU: After ClusterLabelChange for i = 57 
R-CCU: sum(pointsPerCluster) = 1677 
 num [1:3] 1674 1 2
NULL
R-CCU: dpObj$numberClusters = 3 
List of 2
 $ : num [1, 1, 1:3] 0.552 0.265 0.652
 $ : num [1, 1, 1:3] 2.76 3.79 3.21
NULL
R priorParameters: 2 8 
R maxT: 1 
R_PriorDraw_first_mu: 0.9788505 
R_PriorDraw_first_nu: 10.14089 
R-CCU: Before ClusterLabelChange for i = 58 newLabel= 1 currentLabel= 1 
R-CCU: sum(pointsPerCluster) = 1677 
 num [1:3] 1674 1 2
NULL
R-CCU: After ClusterLabelChange for i = 58 
R-CCU: sum(pointsPerCluster) = 1678 
 num [1:3] 1675 1 2
NULL
R-CCU: dpObj$numberClusters = 3 
List of 2
 $ : num [1, 1, 1:3] 0.552 0.265 0.652
 $ : num [1, 1, 1:3] 2.76 3.79 3.21
NULL
R priorParameters: 2 8 
R maxT: 1 
R_PriorDraw_first_mu: 0.1993988 
R_PriorDraw_first_nu: 18.84122 
R-CCU: Before ClusterLabelChange for i = 59 newLabel= 1 currentLabel= 1 
R-CCU: sum(pointsPerCluster) = 1678 
 num [1:3] 1675 1 2
NULL
R-CCU: After ClusterLabelChange for i = 59 
R-CCU: sum(pointsPerCluster) = 1679 
 num [1:3] 1676 1 2
NULL
R-CCU: dpObj$numberClusters = 3 
List of 2
 $ : num [1, 1, 1:3] 0.552 0.265 0.652
 $ : num [1, 1, 1:3] 2.76 3.79 3.21
NULL
R priorParameters: 2 8 
R maxT: 1 
R_PriorDraw_first_mu: 0.5326753 
R_PriorDraw_first_nu: 10.91279 
R-CCU: Before ClusterLabelChange for i = 60 newLabel= 1 currentLabel= 1 
R-CCU: sum(pointsPerCluster) = 1679 
 num [1:3] 1676 1 2
NULL
R-CCU: After ClusterLabelChange for i = 60 
R-CCU: sum(pointsPerCluster) = 1680 
 num [1:3] 1677 1 2
NULL
R-CCU: dpObj$numberClusters = 3 
List of 2
 $ : num [1, 1, 1:3] 0.552 0.265 0.652
 $ : num [1, 1, 1:3] 2.76 3.79 3.21
NULL

⠸ |   54      0 | Beta Distribution Full Integration Test          R priorParameters: 2 8 
R maxT: 1 
R_PriorDraw_first_mu: 0.8080911 
R_PriorDraw_first_nu: 4.399445 
R-CCU: Before ClusterLabelChange for i = 1 newLabel= 1 currentLabel= 1 
R-CCU: sum(pointsPerCluster) = 1680 
 num [1:3] 1677 1 2
NULL
R-CCU: After ClusterLabelChange for i = 1 
R-CCU: sum(pointsPerCluster) = 1681 
 num [1:3] 1678 1 2
NULL
R-CCU: dpObj$numberClusters = 3 
List of 2
 $ : num [1, 1, 1:3] 0.513 0.265 0.652
 $ : num [1, 1, 1:3] 3.11 3.79 3.21
NULL
R priorParameters: 2 8 
R maxT: 1 
R_PriorDraw_first_mu: 0.8746215 
R_PriorDraw_first_nu: 7.328007 
R-CCU: Before ClusterLabelChange for i = 2 newLabel= 1 currentLabel= 1 
R-CCU: sum(pointsPerCluster) = 1681 
 num [1:3] 1678 1 2
NULL
R-CCU: After ClusterLabelChange for i = 2 
R-CCU: sum(pointsPerCluster) = 1682 
 num [1:3] 1679 1 2
NULL
R-CCU: dpObj$numberClusters = 3 
List of 2
 $ : num [1, 1, 1:3] 0.513 0.265 0.652
 $ : num [1, 1, 1:3] 3.11 3.79 3.21
NULL
R priorParameters: 2 8 
R maxT: 1 
R_PriorDraw_first_mu: 0.2156688 
R_PriorDraw_first_nu: 7.435214 
R-CCU: Before ClusterLabelChange for i = 3 newLabel= 1 currentLabel= 1 
R-CCU: sum(pointsPerCluster) = 1682 
 num [1:3] 1679 1 2
NULL
R-CCU: After ClusterLabelChange for i = 3 
R-CCU: sum(pointsPerCluster) = 1683 
 num [1:3] 1680 1 2
NULL
R-CCU: dpObj$numberClusters = 3 
List of 2
 $ : num [1, 1, 1:3] 0.513 0.265 0.652
 $ : num [1, 1, 1:3] 3.11 3.79 3.21
NULL
R priorParameters: 2 8 
R maxT: 1 
R_PriorDraw_first_mu: 0.06321376 
R_PriorDraw_first_nu: 12.03069 
R-CCU: Before ClusterLabelChange for i = 4 newLabel= 1 currentLabel= 1 
R-CCU: sum(pointsPerCluster) = 1683 
 num [1:3] 1680 1 2
NULL
R-CCU: After ClusterLabelChange for i = 4 
R-CCU: sum(pointsPerCluster) = 1684 
 num [1:3] 1681 1 2
NULL
R-CCU: dpObj$numberClusters = 3 
List of 2
 $ : num [1, 1, 1:3] 0.513 0.265 0.652
 $ : num [1, 1, 1:3] 3.11 3.79 3.21
NULL
R priorParameters: 2 8 
R maxT: 1 
R_PriorDraw_first_mu: 0.5467989 
R_PriorDraw_first_nu: 3.74572 
R-CCU: Before ClusterLabelChange for i = 5 newLabel= 1 currentLabel= 1 
R-CCU: sum(pointsPerCluster) = 1684 
 num [1:3] 1681 1 2
NULL
R-CCU: After ClusterLabelChange for i = 5 
R-CCU: sum(pointsPerCluster) = 1685 
 num [1:3] 1682 1 2
NULL
R-CCU: dpObj$numberClusters = 3 
List of 2
 $ : num [1, 1, 1:3] 0.513 0.265 0.652
 $ : num [1, 1, 1:3] 3.11 3.79 3.21
NULL
R priorParameters: 2 8 
R maxT: 1 
R_PriorDraw_first_mu: 0.5789989 
R_PriorDraw_first_nu: 12.47774 
R-CCU: Before ClusterLabelChange for i = 6 newLabel= 1 currentLabel= 1 
R-CCU: sum(pointsPerCluster) = 1685 
 num [1:3] 1682 1 2
NULL
R-CCU: After ClusterLabelChange for i = 6 
R-CCU: sum(pointsPerCluster) = 1686 
 num [1:3] 1683 1 2
NULL
R-CCU: dpObj$numberClusters = 3 
List of 2
 $ : num [1, 1, 1:3] 0.513 0.265 0.652
 $ : num [1, 1, 1:3] 3.11 3.79 3.21
NULL
R priorParameters: 2 8 
R maxT: 1 
R_PriorDraw_first_mu: 0.09042136 
R_PriorDraw_first_nu: 5.483708 
R-CCU: Before ClusterLabelChange for i = 7 newLabel= 1 currentLabel= 1 
R-CCU: sum(pointsPerCluster) = 1686 
 num [1:3] 1683 1 2
NULL
R-CCU: After ClusterLabelChange for i = 7 
R-CCU: sum(pointsPerCluster) = 1687 
 num [1:3] 1684 1 2
NULL
R-CCU: dpObj$numberClusters = 3 
List of 2
 $ : num [1, 1, 1:3] 0.513 0.265 0.652
 $ : num [1, 1, 1:3] 3.11 3.79 3.21
NULL
R priorParameters: 2 8 
R maxT: 1 
R_PriorDraw_first_mu: 0.8030839 
R_PriorDraw_first_nu: 5.087038 
R-CCU: Before ClusterLabelChange for i = 8 newLabel= 1 currentLabel= 1 
R-CCU: sum(pointsPerCluster) = 1687 
 num [1:3] 1684 1 2
NULL
R-CCU: After ClusterLabelChange for i = 8 
R-CCU: sum(pointsPerCluster) = 1688 
 num [1:3] 1685 1 2
NULL
R-CCU: dpObj$numberClusters = 3 
List of 2
 $ : num [1, 1, 1:3] 0.513 0.265 0.652
 $ : num [1, 1, 1:3] 3.11 3.79 3.21
NULL
R priorParameters: 2 8 
R maxT: 1 
R_PriorDraw_first_mu: 0.6163238 
R_PriorDraw_first_nu: 10.55254 
R-CCU: Before ClusterLabelChange for i = 9 newLabel= 1 currentLabel= 1 
R-CCU: sum(pointsPerCluster) = 1688 
 num [1:3] 1685 1 2
NULL
R-CCU: After ClusterLabelChange for i = 9 
R-CCU: sum(pointsPerCluster) = 1689 
 num [1:3] 1686 1 2
NULL
R-CCU: dpObj$numberClusters = 3 
List of 2
 $ : num [1, 1, 1:3] 0.513 0.265 0.652
 $ : num [1, 1, 1:3] 3.11 3.79 3.21
NULL
R priorParameters: 2 8 
R maxT: 1 
R_PriorDraw_first_mu: 0.4992976 
R_PriorDraw_first_nu: 2.648902 
R-CCU: Before ClusterLabelChange for i = 10 newLabel= 1 currentLabel= 1 
R-CCU: sum(pointsPerCluster) = 1689 
 num [1:3] 1686 1 2
NULL
R-CCU: After ClusterLabelChange for i = 10 
R-CCU: sum(pointsPerCluster) = 1690 
 num [1:3] 1687 1 2
NULL
R-CCU: dpObj$numberClusters = 3 
List of 2
 $ : num [1, 1, 1:3] 0.513 0.265 0.652
 $ : num [1, 1, 1:3] 3.11 3.79 3.21
NULL
R priorParameters: 2 8 
R maxT: 1 
R_PriorDraw_first_mu: 0.4487487 
R_PriorDraw_first_nu: 10.82683 
R-CCU: Before ClusterLabelChange for i = 11 newLabel= 1 currentLabel= 1 
R-CCU: sum(pointsPerCluster) = 1690 
 num [1:3] 1687 1 2
NULL
R-CCU: After ClusterLabelChange for i = 11 
R-CCU: sum(pointsPerCluster) = 1691 
 num [1:3] 1688 1 2
NULL
R-CCU: dpObj$numberClusters = 3 
List of 2
 $ : num [1, 1, 1:3] 0.513 0.265 0.652
 $ : num [1, 1, 1:3] 3.11 3.79 3.21
NULL
R priorParameters: 2 8 
R maxT: 1 
R_PriorDraw_first_mu: 0.2328578 
R_PriorDraw_first_nu: 15.12103 
R-CCU: Before ClusterLabelChange for i = 12 newLabel= 1 currentLabel= 1 
R-CCU: sum(pointsPerCluster) = 1691 
 num [1:3] 1688 1 2
NULL
R-CCU: After ClusterLabelChange for i = 12 
R-CCU: sum(pointsPerCluster) = 1692 
 num [1:3] 1689 1 2
NULL
R-CCU: dpObj$numberClusters = 3 
List of 2
 $ : num [1, 1, 1:3] 0.513 0.265 0.652
 $ : num [1, 1, 1:3] 3.11 3.79 3.21
NULL
R priorParameters: 2 8 
R maxT: 1 
R_PriorDraw_first_mu: 0.02344264 
R_PriorDraw_first_nu: 2.601923 
R-CCU: Before ClusterLabelChange for i = 13 newLabel= 1 currentLabel= 1 
R-CCU: sum(pointsPerCluster) = 1692 
 num [1:3] 1689 1 2
NULL
R-CCU: After ClusterLabelChange for i = 13 
R-CCU: sum(pointsPerCluster) = 1693 
 num [1:3] 1690 1 2
NULL
R-CCU: dpObj$numberClusters = 3 
List of 2
 $ : num [1, 1, 1:3] 0.513 0.265 0.652
 $ : num [1, 1, 1:3] 3.11 3.79 3.21
NULL
R priorParameters: 2 8 
R maxT: 1 
R_PriorDraw_first_mu: 0.709073 
R_PriorDraw_first_nu: 4.277632 
R-CCU: Before ClusterLabelChange for i = 14 newLabel= 1 currentLabel= 1 
R-CCU: sum(pointsPerCluster) = 1693 
 num [1:3] 1690 1 2
NULL
R-CCU: After ClusterLabelChange for i = 14 
R-CCU: sum(pointsPerCluster) = 1694 
 num [1:3] 1691 1 2
NULL
R-CCU: dpObj$numberClusters = 3 
List of 2
 $ : num [1, 1, 1:3] 0.513 0.265 0.652
 $ : num [1, 1, 1:3] 3.11 3.79 3.21
NULL
R priorParameters: 2 8 
R maxT: 1 
R_PriorDraw_first_mu: 0.1034955 
R_PriorDraw_first_nu: 10.41822 
R-CCU: Before ClusterLabelChange for i = 15 newLabel= 1 currentLabel= 1 
R-CCU: sum(pointsPerCluster) = 1694 
 num [1:3] 1691 1 2
NULL
R-CCU: After ClusterLabelChange for i = 15 
R-CCU: sum(pointsPerCluster) = 1695 
 num [1:3] 1692 1 2
NULL
R-CCU: dpObj$numberClusters = 3 
List of 2
 $ : num [1, 1, 1:3] 0.513 0.265 0.652
 $ : num [1, 1, 1:3] 3.11 3.79 3.21
NULL
R priorParameters: 2 8 
R maxT: 1 
R_PriorDraw_first_mu: 0.1468461 
R_PriorDraw_first_nu: 59.58195 
R-CCU: Before ClusterLabelChange for i = 16 newLabel= 1 currentLabel= 1 
R-CCU: sum(pointsPerCluster) = 1695 
 num [1:3] 1692 1 2
NULL
R-CCU: After ClusterLabelChange for i = 16 
R-CCU: sum(pointsPerCluster) = 1696 
 num [1:3] 1693 1 2
NULL
R-CCU: dpObj$numberClusters = 3 
List of 2
 $ : num [1, 1, 1:3] 0.513 0.265 0.652
 $ : num [1, 1, 1:3] 3.11 3.79 3.21
NULL
R priorParameters: 2 8 
R maxT: 1 
R_PriorDraw_first_mu: 0.5554708 
R_PriorDraw_first_nu: 8.476518 
R-CCU: Before ClusterLabelChange for i = 17 newLabel= 1 currentLabel= 1 
R-CCU: sum(pointsPerCluster) = 1696 
 num [1:3] 1693 1 2
NULL
R-CCU: After ClusterLabelChange for i = 17 
R-CCU: sum(pointsPerCluster) = 1697 
 num [1:3] 1694 1 2
NULL
R-CCU: dpObj$numberClusters = 3 
List of 2
 $ : num [1, 1, 1:3] 0.513 0.265 0.652
 $ : num [1, 1, 1:3] 3.11 3.79 3.21
NULL
R priorParameters: 2 8 
R maxT: 1 
R_PriorDraw_first_mu: 0.9710766 
R_PriorDraw_first_nu: 5.444033 
R-CCU: Before ClusterLabelChange for i = 18 newLabel= 1 currentLabel= 1 
R-CCU: sum(pointsPerCluster) = 1697 
 num [1:3] 1694 1 2
NULL
R-CCU: After ClusterLabelChange for i = 18 
R-CCU: sum(pointsPerCluster) = 1698 
 num [1:3] 1695 1 2
NULL
R-CCU: dpObj$numberClusters = 3 
List of 2
 $ : num [1, 1, 1:3] 0.513 0.265 0.652
 $ : num [1, 1, 1:3] 3.11 3.79 3.21
NULL
R priorParameters: 2 8 
R maxT: 1 
R_PriorDraw_first_mu: 0.4340506 
R_PriorDraw_first_nu: 2.151337 
R-CCU: Before ClusterLabelChange for i = 19 newLabel= 1 currentLabel= 1 
R-CCU: sum(pointsPerCluster) = 1698 
 num [1:3] 1695 1 2
NULL
R-CCU: After ClusterLabelChange for i = 19 
R-CCU: sum(pointsPerCluster) = 1699 
 num [1:3] 1696 1 2
NULL
R-CCU: dpObj$numberClusters = 3 
List of 2
 $ : num [1, 1, 1:3] 0.513 0.265 0.652
 $ : num [1, 1, 1:3] 3.11 3.79 3.21
NULL
R priorParameters: 2 8 
R maxT: 1 
R_PriorDraw_first_mu: 0.7083354 
R_PriorDraw_first_nu: 2.978004 
R-CCU: Before ClusterLabelChange for i = 20 newLabel= 1 currentLabel= 1 
R-CCU: sum(pointsPerCluster) = 1699 
 num [1:3] 1696 1 2
NULL
R-CCU: After ClusterLabelChange for i = 20 
R-CCU: sum(pointsPerCluster) = 1700 
 num [1:3] 1697 1 2
NULL
R-CCU: dpObj$numberClusters = 3 
List of 2
 $ : num [1, 1, 1:3] 0.513 0.265 0.652
 $ : num [1, 1, 1:3] 3.11 3.79 3.21
NULL
R priorParameters: 2 8 
R maxT: 1 
R_PriorDraw_first_mu: 0.6875807 
R_PriorDraw_first_nu: 2.674072 
R-CCU: Before ClusterLabelChange for i = 21 newLabel= 1 currentLabel= 1 
R-CCU: sum(pointsPerCluster) = 1700 
 num [1:3] 1697 1 2
NULL
R-CCU: After ClusterLabelChange for i = 21 
R-CCU: sum(pointsPerCluster) = 1701 
 num [1:3] 1698 1 2
NULL
R-CCU: dpObj$numberClusters = 3 
List of 2
 $ : num [1, 1, 1:3] 0.513 0.265 0.652
 $ : num [1, 1, 1:3] 3.11 3.79 3.21
NULL
R priorParameters: 2 8 
R maxT: 1 
R_PriorDraw_first_mu: 0.9602122 
R_PriorDraw_first_nu: 3.214283 
R-CCU: Before ClusterLabelChange for i = 22 newLabel= 1 currentLabel= 1 
R-CCU: sum(pointsPerCluster) = 1701 
 num [1:3] 1698 1 2
NULL
R-CCU: After ClusterLabelChange for i = 22 
R-CCU: sum(pointsPerCluster) = 1702 
 num [1:3] 1699 1 2
NULL
R-CCU: dpObj$numberClusters = 3 
List of 2
 $ : num [1, 1, 1:3] 0.513 0.265 0.652
 $ : num [1, 1, 1:3] 3.11 3.79 3.21
NULL
R priorParameters: 2 8 
R maxT: 1 
R_PriorDraw_first_mu: 0.9290076 
R_PriorDraw_first_nu: 5.052219 
R-CCU: Before ClusterLabelChange for i = 23 newLabel= 1 currentLabel= 1 
R-CCU: sum(pointsPerCluster) = 1702 
 num [1:3] 1699 1 2
NULL
R-CCU: After ClusterLabelChange for i = 23 
R-CCU: sum(pointsPerCluster) = 1703 
 num [1:3] 1700 1 2
NULL
R-CCU: dpObj$numberClusters = 3 
List of 2
 $ : num [1, 1, 1:3] 0.513 0.265 0.652
 $ : num [1, 1, 1:3] 3.11 3.79 3.21
NULL
R priorParameters: 2 8 
R maxT: 1 
R_PriorDraw_first_mu: 0.4005167 
R_PriorDraw_first_nu: 2.33676 
R-CCU: Before ClusterLabelChange for i = 24 newLabel= 1 currentLabel= 1 
R-CCU: sum(pointsPerCluster) = 1703 
 num [1:3] 1700 1 2
NULL
R-CCU: After ClusterLabelChange for i = 24 
R-CCU: sum(pointsPerCluster) = 1704 
 num [1:3] 1701 1 2
NULL
R-CCU: dpObj$numberClusters = 3 
List of 2
 $ : num [1, 1, 1:3] 0.513 0.265 0.652
 $ : num [1, 1, 1:3] 3.11 3.79 3.21
NULL
R priorParameters: 2 8 
R maxT: 1 
R_PriorDraw_first_mu: 0.07694219 
R_PriorDraw_first_nu: 3.854988 
R-CCU: Before ClusterLabelChange for i = 25 newLabel= 1 currentLabel= 1 
R-CCU: sum(pointsPerCluster) = 1704 
 num [1:3] 1701 1 2
NULL
R-CCU: After ClusterLabelChange for i = 25 
R-CCU: sum(pointsPerCluster) = 1705 
 num [1:3] 1702 1 2
NULL
R-CCU: dpObj$numberClusters = 3 
List of 2
 $ : num [1, 1, 1:3] 0.513 0.265 0.652
 $ : num [1, 1, 1:3] 3.11 3.79 3.21
NULL
R priorParameters: 2 8 
R maxT: 1 
R_PriorDraw_first_mu: 0.2953798 
R_PriorDraw_first_nu: 2.804451 
R-CCU: Before ClusterLabelChange for i = 26 newLabel= 1 currentLabel= 1 
R-CCU: sum(pointsPerCluster) = 1705 
 num [1:3] 1702 1 2
NULL
R-CCU: After ClusterLabelChange for i = 26 
R-CCU: sum(pointsPerCluster) = 1706 
 num [1:3] 1703 1 2
NULL
R-CCU: dpObj$numberClusters = 3 
List of 2
 $ : num [1, 1, 1:3] 0.513 0.265 0.652
 $ : num [1, 1, 1:3] 3.11 3.79 3.21
NULL
R priorParameters: 2 8 
R maxT: 1 
R_PriorDraw_first_mu: 0.9213886 
R_PriorDraw_first_nu: 3.539492 
R-CCU: Before ClusterLabelChange for i = 27 newLabel= 1 currentLabel= 1 
R-CCU: sum(pointsPerCluster) = 1706 
 num [1:3] 1703 1 2
NULL
R-CCU: After ClusterLabelChange for i = 27 
R-CCU: sum(pointsPerCluster) = 1707 
 num [1:3] 1704 1 2
NULL
R-CCU: dpObj$numberClusters = 3 
List of 2
 $ : num [1, 1, 1:3] 0.513 0.265 0.652
 $ : num [1, 1, 1:3] 3.11 3.79 3.21
NULL
R priorParameters: 2 8 
R maxT: 1 
R_PriorDraw_first_mu: 0.1806329 
R_PriorDraw_first_nu: 16.12644 
R-CCU: Before ClusterLabelChange for i = 28 newLabel= 1 currentLabel= 1 
R-CCU: sum(pointsPerCluster) = 1707 
 num [1:3] 1704 1 2
NULL
R-CCU: After ClusterLabelChange for i = 28 
R-CCU: sum(pointsPerCluster) = 1708 
 num [1:3] 1705 1 2
NULL
R-CCU: dpObj$numberClusters = 3 
List of 2
 $ : num [1, 1, 1:3] 0.513 0.265 0.652
 $ : num [1, 1, 1:3] 3.11 3.79 3.21
NULL
R priorParameters: 2 8 
R maxT: 1 
R_PriorDraw_first_mu: 0.8381541 
R_PriorDraw_first_nu: 11.29587 
R-CCU: Before ClusterLabelChange for i = 29 newLabel= 1 currentLabel= 1 
R-CCU: sum(pointsPerCluster) = 1708 
 num [1:3] 1705 1 2
NULL
R-CCU: After ClusterLabelChange for i = 29 
R-CCU: sum(pointsPerCluster) = 1709 
 num [1:3] 1706 1 2
NULL
R-CCU: dpObj$numberClusters = 3 
List of 2
 $ : num [1, 1, 1:3] 0.513 0.265 0.652
 $ : num [1, 1, 1:3] 3.11 3.79 3.21
NULL
R priorParameters: 2 8 
R maxT: 1 
R_PriorDraw_first_mu: 0.5735664 
R_PriorDraw_first_nu: 81.95285 
R-CCU: Before ClusterLabelChange for i = 30 newLabel= 1 currentLabel= 1 
R-CCU: sum(pointsPerCluster) = 1709 
 num [1:3] 1706 1 2
NULL
R-CCU: After ClusterLabelChange for i = 30 
R-CCU: sum(pointsPerCluster) = 1710 
 num [1:3] 1707 1 2
NULL
R-CCU: dpObj$numberClusters = 3 
List of 2
 $ : num [1, 1, 1:3] 0.513 0.265 0.652
 $ : num [1, 1, 1:3] 3.11 3.79 3.21
NULL
R priorParameters: 2 8 
R maxT: 1 
R_PriorDraw_first_mu: 0.118855 
R_PriorDraw_first_nu: 3.431643 
R-CCU: Before ClusterLabelChange for i = 31 newLabel= 1 currentLabel= 1 
R-CCU: sum(pointsPerCluster) = 1710 
 num [1:3] 1707 1 2
NULL
R-CCU: After ClusterLabelChange for i = 31 
R-CCU: sum(pointsPerCluster) = 1711 
 num [1:3] 1708 1 2
NULL
R-CCU: dpObj$numberClusters = 3 
List of 2
 $ : num [1, 1, 1:3] 0.513 0.265 0.652
 $ : num [1, 1, 1:3] 3.11 3.79 3.21
NULL
R priorParameters: 2 8 
R maxT: 1 
R_PriorDraw_first_mu: 0.6750252 
R_PriorDraw_first_nu: 7.130049 
R-CCU: Before ClusterLabelChange for i = 32 newLabel= 1 currentLabel= 1 
R-CCU: sum(pointsPerCluster) = 1711 
 num [1:3] 1708 1 2
NULL
R-CCU: After ClusterLabelChange for i = 32 
R-CCU: sum(pointsPerCluster) = 1712 
 num [1:3] 1709 1 2
NULL
R-CCU: dpObj$numberClusters = 3 
List of 2
 $ : num [1, 1, 1:3] 0.513 0.265 0.652
 $ : num [1, 1, 1:3] 3.11 3.79 3.21
NULL
R priorParameters: 2 8 
R maxT: 1 
R_PriorDraw_first_mu: 0.1509989 
R_PriorDraw_first_nu: 4.38694 
R-CCU: Before ClusterLabelChange for i = 33 newLabel= 1 currentLabel= 1 
R-CCU: sum(pointsPerCluster) = 1712 
 num [1:3] 1709 1 2
NULL
R-CCU: After ClusterLabelChange for i = 33 
R-CCU: sum(pointsPerCluster) = 1713 
 num [1:3] 1710 1 2
NULL
R-CCU: dpObj$numberClusters = 3 
List of 2
 $ : num [1, 1, 1:3] 0.513 0.265 0.652
 $ : num [1, 1, 1:3] 3.11 3.79 3.21
NULL
R priorParameters: 2 8 
R maxT: 1 
R_PriorDraw_first_mu: 0.2891631 
R_PriorDraw_first_nu: 3.681337 
R-CCU: Before ClusterLabelChange for i = 34 newLabel= 1 currentLabel= 1 
R-CCU: sum(pointsPerCluster) = 1713 
 num [1:3] 1710 1 2
NULL
R-CCU: After ClusterLabelChange for i = 34 
R-CCU: sum(pointsPerCluster) = 1714 
 num [1:3] 1711 1 2
NULL
R-CCU: dpObj$numberClusters = 3 
List of 2
 $ : num [1, 1, 1:3] 0.513 0.265 0.652
 $ : num [1, 1, 1:3] 3.11 3.79 3.21
NULL
R priorParameters: 2 8 
R maxT: 1 
R_PriorDraw_first_mu: 0.2650049 
R_PriorDraw_first_nu: 4.055068 
R-CCU: Before ClusterLabelChange for i = 35 newLabel= 1 currentLabel= 1 
R-CCU: sum(pointsPerCluster) = 1714 
 num [1:3] 1711 1 2
NULL
R-CCU: After ClusterLabelChange for i = 35 
R-CCU: sum(pointsPerCluster) = 1715 
 num [1:3] 1712 1 2
NULL
R-CCU: dpObj$numberClusters = 3 
List of 2
 $ : num [1, 1, 1:3] 0.513 0.265 0.652
 $ : num [1, 1, 1:3] 3.11 3.79 3.21
NULL
R priorParameters: 2 8 
R maxT: 1 
R_PriorDraw_first_mu: 0.67407 
R_PriorDraw_first_nu: 6.45298 
R-CCU: Before ClusterLabelChange for i = 36 newLabel= 1 currentLabel= 1 
R-CCU: sum(pointsPerCluster) = 1715 
 num [1:3] 1712 1 2
NULL
R-CCU: After ClusterLabelChange for i = 36 
R-CCU: sum(pointsPerCluster) = 1716 
 num [1:3] 1713 1 2
NULL
R-CCU: dpObj$numberClusters = 3 
List of 2
 $ : num [1, 1, 1:3] 0.513 0.265 0.652
 $ : num [1, 1, 1:3] 3.11 3.79 3.21
NULL
R priorParameters: 2 8 
R maxT: 1 
R_PriorDraw_first_mu: 0.5041924 
R_PriorDraw_first_nu: 1.663594 
R-CCU: Before ClusterLabelChange for i = 37 newLabel= 1 currentLabel= 1 
R-CCU: sum(pointsPerCluster) = 1716 
 num [1:3] 1713 1 2
NULL
R-CCU: After ClusterLabelChange for i = 37 
R-CCU: sum(pointsPerCluster) = 1717 
 num [1:3] 1714 1 2
NULL
R-CCU: dpObj$numberClusters = 3 
List of 2
 $ : num [1, 1, 1:3] 0.513 0.265 0.652
 $ : num [1, 1, 1:3] 3.11 3.79 3.21
NULL
R priorParameters: 2 8 
R maxT: 1 
R_PriorDraw_first_mu: 0.1133457 
R_PriorDraw_first_nu: 12.48768 
R-CCU: Before ClusterLabelChange for i = 38 newLabel= 1 currentLabel= 1 
R-CCU: sum(pointsPerCluster) = 1717 
 num [1:3] 1714 1 2
NULL
R-CCU: After ClusterLabelChange for i = 38 
R-CCU: sum(pointsPerCluster) = 1718 
 num [1:3] 1715 1 2
NULL
R-CCU: dpObj$numberClusters = 3 
List of 2
 $ : num [1, 1, 1:3] 0.513 0.265 0.652
 $ : num [1, 1, 1:3] 3.11 3.79 3.21
NULL
R priorParameters: 2 8 
R maxT: 1 
R_PriorDraw_first_mu: 0.5683405 
R_PriorDraw_first_nu: 7.450926 
R-CCU: Before ClusterLabelChange for i = 39 newLabel= 1 currentLabel= 1 
R-CCU: sum(pointsPerCluster) = 1718 
 num [1:3] 1715 1 2
NULL
R-CCU: After ClusterLabelChange for i = 39 
R-CCU: sum(pointsPerCluster) = 1719 
 num [1:3] 1716 1 2
NULL
R-CCU: dpObj$numberClusters = 3 
List of 2
 $ : num [1, 1, 1:3] 0.513 0.265 0.652
 $ : num [1, 1, 1:3] 3.11 3.79 3.21
NULL
R priorParameters: 2 8 
R maxT: 1 
R_PriorDraw_first_mu: 0.1820688 
R_PriorDraw_first_nu: 1.570004 
R-CCU: Before ClusterLabelChange for i = 40 newLabel= 1 currentLabel= 1 
R-CCU: sum(pointsPerCluster) = 1719 
 num [1:3] 1716 1 2
NULL
R-CCU: After ClusterLabelChange for i = 40 
R-CCU: sum(pointsPerCluster) = 1720 
 num [1:3] 1717 1 2
NULL
R-CCU: dpObj$numberClusters = 3 
List of 2
 $ : num [1, 1, 1:3] 0.513 0.265 0.652
 $ : num [1, 1, 1:3] 3.11 3.79 3.21
NULL
R priorParameters: 2 8 
R maxT: 1 
R_PriorDraw_first_mu: 0.2495695 
R_PriorDraw_first_nu: 1.947361 
R-CCU: Before ClusterLabelChange for i = 41 newLabel= 1 currentLabel= 1 
R-CCU: sum(pointsPerCluster) = 1720 
 num [1:3] 1717 1 2
NULL
R-CCU: After ClusterLabelChange for i = 41 
R-CCU: sum(pointsPerCluster) = 1721 
 num [1:3] 1718 1 2
NULL
R-CCU: dpObj$numberClusters = 3 
List of 2
 $ : num [1, 1, 1:3] 0.513 0.265 0.652
 $ : num [1, 1, 1:3] 3.11 3.79 3.21
NULL
R priorParameters: 2 8 
R maxT: 1 
R_PriorDraw_first_mu: 0.7872018 
R_PriorDraw_first_nu: 3.202426 
R-CCU: Before ClusterLabelChange for i = 42 newLabel= 1 currentLabel= 1 
R-CCU: sum(pointsPerCluster) = 1721 
 num [1:3] 1718 1 2
NULL
R-CCU: After ClusterLabelChange for i = 42 
R-CCU: sum(pointsPerCluster) = 1722 
 num [1:3] 1719 1 2
NULL
R-CCU: dpObj$numberClusters = 3 
List of 2
 $ : num [1, 1, 1:3] 0.513 0.265 0.652
 $ : num [1, 1, 1:3] 3.11 3.79 3.21
NULL
R priorParameters: 2 8 
R maxT: 1 
R_PriorDraw_first_mu: 0.9477516 
R_PriorDraw_first_nu: 3.728295 
R-CCU: Before ClusterLabelChange for i = 43 newLabel= 1 currentLabel= 1 
R-CCU: sum(pointsPerCluster) = 1722 
 num [1:3] 1719 1 2
NULL
R-CCU: After ClusterLabelChange for i = 43 
R-CCU: sum(pointsPerCluster) = 1723 
 num [1:3] 1720 1 2
NULL
R-CCU: dpObj$numberClusters = 3 
List of 2
 $ : num [1, 1, 1:3] 0.513 0.265 0.652
 $ : num [1, 1, 1:3] 3.11 3.79 3.21
NULL
R priorParameters: 2 8 
R maxT: 1 
R_PriorDraw_first_mu: 0.833777 
R_PriorDraw_first_nu: 6.80219 
R-CCU: Before ClusterLabelChange for i = 44 newLabel= 1 currentLabel= 1 
R-CCU: sum(pointsPerCluster) = 1723 
 num [1:3] 1720 1 2
NULL
R-CCU: After ClusterLabelChange for i = 44 
R-CCU: sum(pointsPerCluster) = 1724 
 num [1:3] 1721 1 2
NULL
R-CCU: dpObj$numberClusters = 3 
List of 2
 $ : num [1, 1, 1:3] 0.513 0.265 0.652
 $ : num [1, 1, 1:3] 3.11 3.79 3.21
NULL
R priorParameters: 2 8 
R maxT: 1 
R_PriorDraw_first_mu: 0.7713872 
R_PriorDraw_first_nu: 1.500239 
R-CCU: Before ClusterLabelChange for i = 45 newLabel= 1 currentLabel= 1 
R-CCU: sum(pointsPerCluster) = 1724 
 num [1:3] 1721 1 2
NULL
R-CCU: After ClusterLabelChange for i = 45 
R-CCU: sum(pointsPerCluster) = 1725 
 num [1:3] 1722 1 2
NULL
R-CCU: dpObj$numberClusters = 3 
List of 2
 $ : num [1, 1, 1:3] 0.513 0.265 0.652
 $ : num [1, 1, 1:3] 3.11 3.79 3.21
NULL
R priorParameters: 2 8 
R maxT: 1 
R_PriorDraw_first_mu: 0.7130056 
R_PriorDraw_first_nu: 1.87472 
R-CCU: Before ClusterLabelChange for i = 46 newLabel= 1 currentLabel= 1 
R-CCU: sum(pointsPerCluster) = 1725 
 num [1:3] 1722 1 2
NULL
R-CCU: After ClusterLabelChange for i = 46 
R-CCU: sum(pointsPerCluster) = 1726 
 num [1:3] 1723 1 2
NULL
R-CCU: dpObj$numberClusters = 3 
List of 2
 $ : num [1, 1, 1:3] 0.513 0.265 0.652
 $ : num [1, 1, 1:3] 3.11 3.79 3.21
NULL
R priorParameters: 2 8 
R maxT: 1 
R_PriorDraw_first_mu: 0.0336753 
R_PriorDraw_first_nu: 1.726171 
R-CCU: Before ClusterLabelChange for i = 47 newLabel= 1 currentLabel= 1 
R-CCU: sum(pointsPerCluster) = 1726 
 num [1:3] 1723 1 2
NULL
R-CCU: After ClusterLabelChange for i = 47 
R-CCU: sum(pointsPerCluster) = 1727 
 num [1:3] 1724 1 2
NULL
R-CCU: dpObj$numberClusters = 3 
List of 2
 $ : num [1, 1, 1:3] 0.513 0.265 0.652
 $ : num [1, 1, 1:3] 3.11 3.79 3.21
NULL
R priorParameters: 2 8 
R maxT: 1 
R_PriorDraw_first_mu: 0.7670283 
R_PriorDraw_first_nu: 20.90054 
R-CCU: Before ClusterLabelChange for i = 48 newLabel= 1 currentLabel= 1 
R-CCU: sum(pointsPerCluster) = 1727 
 num [1:3] 1724 1 2
NULL
R-CCU: After ClusterLabelChange for i = 48 
R-CCU: sum(pointsPerCluster) = 1728 
 num [1:3] 1725 1 2
NULL
R-CCU: dpObj$numberClusters = 3 
List of 2
 $ : num [1, 1, 1:3] 0.513 0.265 0.652
 $ : num [1, 1, 1:3] 3.11 3.79 3.21
NULL
R priorParameters: 2 8 
R maxT: 1 
R_PriorDraw_first_mu: 0.8153821 
R_PriorDraw_first_nu: 8.505616 
R-CCU: Before ClusterLabelChange for i = 49 newLabel= 1 currentLabel= 1 
R-CCU: sum(pointsPerCluster) = 1728 
 num [1:3] 1725 1 2
NULL
R-CCU: After ClusterLabelChange for i = 49 
R-CCU: sum(pointsPerCluster) = 1729 
 num [1:3] 1726 1 2
NULL
R-CCU: dpObj$numberClusters = 3 
List of 2
 $ : num [1, 1, 1:3] 0.513 0.265 0.652
 $ : num [1, 1, 1:3] 3.11 3.79 3.21
NULL
R priorParameters: 2 8 
R maxT: 1 
R_PriorDraw_first_mu: 0.3123161 
R_PriorDraw_first_nu: 1.228542 
R-CCU: Before ClusterLabelChange for i = 50 newLabel= 1 currentLabel= 1 
R-CCU: sum(pointsPerCluster) = 1729 
 num [1:3] 1726 1 2
NULL
R-CCU: After ClusterLabelChange for i = 50 
R-CCU: sum(pointsPerCluster) = 1730 
 num [1:3] 1727 1 2
NULL
R-CCU: dpObj$numberClusters = 3 
List of 2
 $ : num [1, 1, 1:3] 0.513 0.265 0.652
 $ : num [1, 1, 1:3] 3.11 3.79 3.21
NULL
R priorParameters: 2 8 
R maxT: 1 
R_PriorDraw_first_mu: 0.8072216 
R_PriorDraw_first_nu: 7.624598 
R-CCU: Before ClusterLabelChange for i = 51 newLabel= 1 currentLabel= 1 
R-CCU: sum(pointsPerCluster) = 1730 
 num [1:3] 1727 1 2
NULL
R-CCU: After ClusterLabelChange for i = 51 
R-CCU: sum(pointsPerCluster) = 1731 
 num [1:3] 1728 1 2
NULL
R-CCU: dpObj$numberClusters = 3 
List of 2
 $ : num [1, 1, 1:3] 0.513 0.265 0.652
 $ : num [1, 1, 1:3] 3.11 3.79 3.21
NULL
R priorParameters: 2 8 
R maxT: 1 
R_PriorDraw_first_mu: 0.9702373 
R_PriorDraw_first_nu: 10.66255 
R-CCU: Before ClusterLabelChange for i = 52 newLabel= 1 currentLabel= 1 
R-CCU: sum(pointsPerCluster) = 1731 
 num [1:3] 1728 1 2
NULL
R-CCU: After ClusterLabelChange for i = 52 
R-CCU: sum(pointsPerCluster) = 1732 
 num [1:3] 1729 1 2
NULL
R-CCU: dpObj$numberClusters = 3 
List of 2
 $ : num [1, 1, 1:3] 0.513 0.265 0.652
 $ : num [1, 1, 1:3] 3.11 3.79 3.21
NULL
R priorParameters: 2 8 
R maxT: 1 
R_PriorDraw_first_mu: 0.622564 
R_PriorDraw_first_nu: 3.431868 
R-CCU: Before ClusterLabelChange for i = 53 newLabel= 1 currentLabel= 1 
R-CCU: sum(pointsPerCluster) = 1732 
 num [1:3] 1729 1 2
NULL
R-CCU: After ClusterLabelChange for i = 53 
R-CCU: sum(pointsPerCluster) = 1733 
 num [1:3] 1730 1 2
NULL
R-CCU: dpObj$numberClusters = 3 
List of 2
 $ : num [1, 1, 1:3] 0.513 0.265 0.652
 $ : num [1, 1, 1:3] 3.11 3.79 3.21
NULL
R priorParameters: 2 8 
R maxT: 1 
R_PriorDraw_first_mu: 0.4119271 
R_PriorDraw_first_nu: 6.117889 
R-CCU: Before ClusterLabelChange for i = 54 newLabel= 1 currentLabel= 1 
R-CCU: sum(pointsPerCluster) = 1733 
 num [1:3] 1730 1 2
NULL
R-CCU: After ClusterLabelChange for i = 54 
R-CCU: sum(pointsPerCluster) = 1734 
 num [1:3] 1731 1 2
NULL
R-CCU: dpObj$numberClusters = 3 
List of 2
 $ : num [1, 1, 1:3] 0.513 0.265 0.652
 $ : num [1, 1, 1:3] 3.11 3.79 3.21
NULL
R priorParameters: 2 8 
R maxT: 1 
R_PriorDraw_first_mu: 0.9197288 
R_PriorDraw_first_nu: 13.84458 
R-CCU: Before ClusterLabelChange for i = 55 newLabel= 1 currentLabel= 1 
R-CCU: sum(pointsPerCluster) = 1734 
 num [1:3] 1731 1 2
NULL
R-CCU: After ClusterLabelChange for i = 55 
R-CCU: sum(pointsPerCluster) = 1735 
 num [1:3] 1732 1 2
NULL
R-CCU: dpObj$numberClusters = 3 
List of 2
 $ : num [1, 1, 1:3] 0.513 0.265 0.652
 $ : num [1, 1, 1:3] 3.11 3.79 3.21
NULL
R priorParameters: 2 8 
R maxT: 1 
R_PriorDraw_first_mu: 0.3981225 
R_PriorDraw_first_nu: 1.34553 
R-CCU: Before ClusterLabelChange for i = 56 newLabel= 1 currentLabel= 1 
R-CCU: sum(pointsPerCluster) = 1735 
 num [1:3] 1732 1 2
NULL
R-CCU: After ClusterLabelChange for i = 56 
R-CCU: sum(pointsPerCluster) = 1736 
 num [1:3] 1733 1 2
NULL
R-CCU: dpObj$numberClusters = 3 
List of 2
 $ : num [1, 1, 1:3] 0.513 0.265 0.652
 $ : num [1, 1, 1:3] 3.11 3.79 3.21
NULL
R priorParameters: 2 8 
R maxT: 1 
R_PriorDraw_first_mu: 0.1501911 
R_PriorDraw_first_nu: 6.908501 
R-CCU: Before ClusterLabelChange for i = 57 newLabel= 1 currentLabel= 1 
R-CCU: sum(pointsPerCluster) = 1736 
 num [1:3] 1733 1 2
NULL
R-CCU: After ClusterLabelChange for i = 57 
R-CCU: sum(pointsPerCluster) = 1737 
 num [1:3] 1734 1 2
NULL
R-CCU: dpObj$numberClusters = 3 
List of 2
 $ : num [1, 1, 1:3] 0.513 0.265 0.652
 $ : num [1, 1, 1:3] 3.11 3.79 3.21
NULL
R priorParameters: 2 8 
R maxT: 1 
R_PriorDraw_first_mu: 0.9091088 
R_PriorDraw_first_nu: 30.48837 
R-CCU: Before ClusterLabelChange for i = 58 newLabel= 1 currentLabel= 1 
R-CCU: sum(pointsPerCluster) = 1737 
 num [1:3] 1734 1 2
NULL
R-CCU: After ClusterLabelChange for i = 58 
R-CCU: sum(pointsPerCluster) = 1738 
 num [1:3] 1735 1 2
NULL
R-CCU: dpObj$numberClusters = 3 
List of 2
 $ : num [1, 1, 1:3] 0.513 0.265 0.652
 $ : num [1, 1, 1:3] 3.11 3.79 3.21
NULL
R priorParameters: 2 8 
R maxT: 1 
R_PriorDraw_first_mu: 0.08220924 
R_PriorDraw_first_nu: 2.752994 
R-CCU: Before ClusterLabelChange for i = 59 newLabel= 1 currentLabel= 1 
R-CCU: sum(pointsPerCluster) = 1738 
 num [1:3] 1735 1 2
NULL
R-CCU: After ClusterLabelChange for i = 59 
R-CCU: sum(pointsPerCluster) = 1739 
 num [1:3] 1736 1 2
NULL
R-CCU: dpObj$numberClusters = 3 
List of 2
 $ : num [1, 1, 1:3] 0.513 0.265 0.652
 $ : num [1, 1, 1:3] 3.11 3.79 3.21
NULL
R priorParameters: 2 8 
R maxT: 1 
R_PriorDraw_first_mu: 0.7626457 
R_PriorDraw_first_nu: 3.232616 
R-CCU: Before ClusterLabelChange for i = 60 newLabel= 1 currentLabel= 1 
R-CCU: sum(pointsPerCluster) = 1739 
 num [1:3] 1736 1 2
NULL
R-CCU: After ClusterLabelChange for i = 60 
R-CCU: sum(pointsPerCluster) = 1740 
 num [1:3] 1737 1 2
NULL
R-CCU: dpObj$numberClusters = 3 
List of 2
 $ : num [1, 1, 1:3] 0.513 0.265 0.652
 $ : num [1, 1, 1:3] 3.11 3.79 3.21
NULL

⠴ |   56      0 | Beta Distribution Full Integration Test          R priorParameters: 2 8 
R maxT: 1 
R_PriorDraw_first_mu: 0.09504241 
R_PriorDraw_first_nu: 2.109218 
R-CCU: Before ClusterLabelChange for i = 1 newLabel= 1 currentLabel= 1 
R-CCU: sum(pointsPerCluster) = 1740 
 num [1:3] 1737 1 2
NULL
R-CCU: After ClusterLabelChange for i = 1 
R-CCU: sum(pointsPerCluster) = 1741 
 num [1:3] 1738 1 2
NULL
R-CCU: dpObj$numberClusters = 3 
List of 2
 $ : num [1, 1, 1:3] 0.513 0.265 0.652
 $ : num [1, 1, 1:3] 2.25 3.79 3.21
NULL
R priorParameters: 2 8 
R maxT: 1 
R_PriorDraw_first_mu: 0.08087477 
R_PriorDraw_first_nu: 1.96909 
R-CCU: Before ClusterLabelChange for i = 2 newLabel= 1 currentLabel= 1 
R-CCU: sum(pointsPerCluster) = 1741 
 num [1:3] 1738 1 2
NULL
R-CCU: After ClusterLabelChange for i = 2 
R-CCU: sum(pointsPerCluster) = 1742 
 num [1:3] 1739 1 2
NULL
R-CCU: dpObj$numberClusters = 3 
List of 2
 $ : num [1, 1, 1:3] 0.513 0.265 0.652
 $ : num [1, 1, 1:3] 2.25 3.79 3.21
NULL
R priorParameters: 2 8 
R maxT: 1 
R_PriorDraw_first_mu: 0.1179624 
R_PriorDraw_first_nu: 6.342277 
R-CCU: Before ClusterLabelChange for i = 3 newLabel= 1 currentLabel= 1 
R-CCU: sum(pointsPerCluster) = 1742 
 num [1:3] 1739 1 2
NULL
R-CCU: After ClusterLabelChange for i = 3 
R-CCU: sum(pointsPerCluster) = 1743 
 num [1:3] 1740 1 2
NULL
R-CCU: dpObj$numberClusters = 3 
List of 2
 $ : num [1, 1, 1:3] 0.513 0.265 0.652
 $ : num [1, 1, 1:3] 2.25 3.79 3.21
NULL
R priorParameters: 2 8 
R maxT: 1 
R_PriorDraw_first_mu: 0.4696058 
R_PriorDraw_first_nu: 3.580225 
R-CCU: Before ClusterLabelChange for i = 4 newLabel= 1 currentLabel= 1 
R-CCU: sum(pointsPerCluster) = 1743 
 num [1:3] 1740 1 2
NULL
R-CCU: After ClusterLabelChange for i = 4 
R-CCU: sum(pointsPerCluster) = 1744 
 num [1:3] 1741 1 2
NULL
R-CCU: dpObj$numberClusters = 3 
List of 2
 $ : num [1, 1, 1:3] 0.513 0.265 0.652
 $ : num [1, 1, 1:3] 2.25 3.79 3.21
NULL
R priorParameters: 2 8 
R maxT: 1 
R_PriorDraw_first_mu: 0.6795607 
R_PriorDraw_first_nu: 8.273048 
R-CCU: Before ClusterLabelChange for i = 5 newLabel= 1 currentLabel= 1 
R-CCU: sum(pointsPerCluster) = 1744 
 num [1:3] 1741 1 2
NULL
R-CCU: After ClusterLabelChange for i = 5 
R-CCU: sum(pointsPerCluster) = 1745 
 num [1:3] 1742 1 2
NULL
R-CCU: dpObj$numberClusters = 3 
List of 2
 $ : num [1, 1, 1:3] 0.513 0.265 0.652
 $ : num [1, 1, 1:3] 2.25 3.79 3.21
NULL
R priorParameters: 2 8 
R maxT: 1 
R_PriorDraw_first_mu: 0.8005054 
R_PriorDraw_first_nu: 2.910627 
R-CCU: Before ClusterLabelChange for i = 6 newLabel= 1 currentLabel= 1 
R-CCU: sum(pointsPerCluster) = 1745 
 num [1:3] 1742 1 2
NULL
R-CCU: After ClusterLabelChange for i = 6 
R-CCU: sum(pointsPerCluster) = 1746 
 num [1:3] 1743 1 2
NULL
R-CCU: dpObj$numberClusters = 3 
List of 2
 $ : num [1, 1, 1:3] 0.513 0.265 0.652
 $ : num [1, 1, 1:3] 2.25 3.79 3.21
NULL
R priorParameters: 2 8 
R maxT: 1 
R_PriorDraw_first_mu: 0.4034384 
R_PriorDraw_first_nu: 5.05203 
R-CCU: Before ClusterLabelChange for i = 7 newLabel= 1 currentLabel= 1 
R-CCU: sum(pointsPerCluster) = 1746 
 num [1:3] 1743 1 2
NULL
R-CCU: After ClusterLabelChange for i = 7 
R-CCU: sum(pointsPerCluster) = 1747 
 num [1:3] 1744 1 2
NULL
R-CCU: dpObj$numberClusters = 3 
List of 2
 $ : num [1, 1, 1:3] 0.513 0.265 0.652
 $ : num [1, 1, 1:3] 2.25 3.79 3.21
NULL
R priorParameters: 2 8 
R maxT: 1 
R_PriorDraw_first_mu: 0.9429715 
R_PriorDraw_first_nu: 7.257981 
R-CCU: Before ClusterLabelChange for i = 8 newLabel= 1 currentLabel= 1 
R-CCU: sum(pointsPerCluster) = 1747 
 num [1:3] 1744 1 2
NULL
R-CCU: After ClusterLabelChange for i = 8 
R-CCU: sum(pointsPerCluster) = 1748 
 num [1:3] 1745 1 2
NULL
R-CCU: dpObj$numberClusters = 3 
List of 2
 $ : num [1, 1, 1:3] 0.513 0.265 0.652
 $ : num [1, 1, 1:3] 2.25 3.79 3.21
NULL
R priorParameters: 2 8 
R maxT: 1 
R_PriorDraw_first_mu: 0.8729697 
R_PriorDraw_first_nu: 4.628818 
R-CCU: Before ClusterLabelChange for i = 9 newLabel= 1 currentLabel= 1 
R-CCU: sum(pointsPerCluster) = 1748 
 num [1:3] 1745 1 2
NULL
R-CCU: After ClusterLabelChange for i = 9 
R-CCU: sum(pointsPerCluster) = 1749 
 num [1:3] 1746 1 2
NULL
R-CCU: dpObj$numberClusters = 3 
List of 2
 $ : num [1, 1, 1:3] 0.513 0.265 0.652
 $ : num [1, 1, 1:3] 2.25 3.79 3.21
NULL
R priorParameters: 2 8 
R maxT: 1 
R_PriorDraw_first_mu: 0.935383 
R_PriorDraw_first_nu: 22.45264 
R-CCU: Before ClusterLabelChange for i = 10 newLabel= 1 currentLabel= 1 
R-CCU: sum(pointsPerCluster) = 1749 
 num [1:3] 1746 1 2
NULL
R-CCU: After ClusterLabelChange for i = 10 
R-CCU: sum(pointsPerCluster) = 1750 
 num [1:3] 1747 1 2
NULL
R-CCU: dpObj$numberClusters = 3 
List of 2
 $ : num [1, 1, 1:3] 0.513 0.265 0.652
 $ : num [1, 1, 1:3] 2.25 3.79 3.21
NULL
R priorParameters: 2 8 
R maxT: 1 
R_PriorDraw_first_mu: 0.01015165 
R_PriorDraw_first_nu: 1.442258 
R-CCU: Before ClusterLabelChange for i = 11 newLabel= 1 currentLabel= 1 
R-CCU: sum(pointsPerCluster) = 1750 
 num [1:3] 1747 1 2
NULL
R-CCU: After ClusterLabelChange for i = 11 
R-CCU: sum(pointsPerCluster) = 1751 
 num [1:3] 1748 1 2
NULL
R-CCU: dpObj$numberClusters = 3 
List of 2
 $ : num [1, 1, 1:3] 0.513 0.265 0.652
 $ : num [1, 1, 1:3] 2.25 3.79 3.21
NULL
R priorParameters: 2 8 
R maxT: 1 
R_PriorDraw_first_mu: 0.6637976 
R_PriorDraw_first_nu: 38.19833 
R-CCU: Before ClusterLabelChange for i = 12 newLabel= 1 currentLabel= 1 
R-CCU: sum(pointsPerCluster) = 1751 
 num [1:3] 1748 1 2
NULL
R-CCU: After ClusterLabelChange for i = 12 
R-CCU: sum(pointsPerCluster) = 1752 
 num [1:3] 1749 1 2
NULL
R-CCU: dpObj$numberClusters = 3 
List of 2
 $ : num [1, 1, 1:3] 0.513 0.265 0.652
 $ : num [1, 1, 1:3] 2.25 3.79 3.21
NULL
R priorParameters: 2 8 
R maxT: 1 
R_PriorDraw_first_mu: 0.959929 
R_PriorDraw_first_nu: 2.120446 
R-CCU: Before ClusterLabelChange for i = 13 newLabel= 1 currentLabel= 1 
R-CCU: sum(pointsPerCluster) = 1752 
 num [1:3] 1749 1 2
NULL
R-CCU: After ClusterLabelChange for i = 13 
R-CCU: sum(pointsPerCluster) = 1753 
 num [1:3] 1750 1 2
NULL
R-CCU: dpObj$numberClusters = 3 
List of 2
 $ : num [1, 1, 1:3] 0.513 0.265 0.652
 $ : num [1, 1, 1:3] 2.25 3.79 3.21
NULL
R priorParameters: 2 8 
R maxT: 1 
R_PriorDraw_first_mu: 0.2119404 
R_PriorDraw_first_nu: 10.46319 
R-CCU: Before ClusterLabelChange for i = 14 newLabel= 1 currentLabel= 1 
R-CCU: sum(pointsPerCluster) = 1753 
 num [1:3] 1750 1 2
NULL
R-CCU: After ClusterLabelChange for i = 14 
R-CCU: sum(pointsPerCluster) = 1754 
 num [1:3] 1751 1 2
NULL
R-CCU: dpObj$numberClusters = 3 
List of 2
 $ : num [1, 1, 1:3] 0.513 0.265 0.652
 $ : num [1, 1, 1:3] 2.25 3.79 3.21
NULL
R priorParameters: 2 8 
R maxT: 1 
R_PriorDraw_first_mu: 0.8237729 
R_PriorDraw_first_nu: 2.411517 
R-CCU: Before ClusterLabelChange for i = 15 newLabel= 1 currentLabel= 1 
R-CCU: sum(pointsPerCluster) = 1754 
 num [1:3] 1751 1 2
NULL
R-CCU: After ClusterLabelChange for i = 15 
R-CCU: sum(pointsPerCluster) = 1755 
 num [1:3] 1752 1 2
NULL
R-CCU: dpObj$numberClusters = 3 
List of 2
 $ : num [1, 1, 1:3] 0.513 0.265 0.652
 $ : num [1, 1, 1:3] 2.25 3.79 3.21
NULL
R priorParameters: 2 8 
R maxT: 1 
R_PriorDraw_first_mu: 0.7271922 
R_PriorDraw_first_nu: 19.12272 
R-CCU: Before ClusterLabelChange for i = 16 newLabel= 1 currentLabel= 1 
R-CCU: sum(pointsPerCluster) = 1755 
 num [1:3] 1752 1 2
NULL
R-CCU: After ClusterLabelChange for i = 16 
R-CCU: sum(pointsPerCluster) = 1756 
 num [1:3] 1753 1 2
NULL
R-CCU: dpObj$numberClusters = 3 
List of 2
 $ : num [1, 1, 1:3] 0.513 0.265 0.652
 $ : num [1, 1, 1:3] 2.25 3.79 3.21
NULL
R priorParameters: 2 8 
R maxT: 1 
R_PriorDraw_first_mu: 0.2272263 
R_PriorDraw_first_nu: 1.372549 
R-CCU: Before ClusterLabelChange for i = 17 newLabel= 1 currentLabel= 1 
R-CCU: sum(pointsPerCluster) = 1756 
 num [1:3] 1753 1 2
NULL
R-CCU: After ClusterLabelChange for i = 17 
R-CCU: sum(pointsPerCluster) = 1757 
 num [1:3] 1754 1 2
NULL
R-CCU: dpObj$numberClusters = 3 
List of 2
 $ : num [1, 1, 1:3] 0.513 0.265 0.652
 $ : num [1, 1, 1:3] 2.25 3.79 3.21
NULL
R priorParameters: 2 8 
R maxT: 1 
R_PriorDraw_first_mu: 0.543602 
R_PriorDraw_first_nu: 14.63424 
R-CCU: Before ClusterLabelChange for i = 18 newLabel= 1 currentLabel= 1 
R-CCU: sum(pointsPerCluster) = 1757 
 num [1:3] 1754 1 2
NULL
R-CCU: After ClusterLabelChange for i = 18 
R-CCU: sum(pointsPerCluster) = 1758 
 num [1:3] 1755 1 2
NULL
R-CCU: dpObj$numberClusters = 3 
List of 2
 $ : num [1, 1, 1:3] 0.513 0.265 0.652
 $ : num [1, 1, 1:3] 2.25 3.79 3.21
NULL
R priorParameters: 2 8 
R maxT: 1 
R_PriorDraw_first_mu: 0.472726 
R_PriorDraw_first_nu: 53.46145 
R-CCU: Before ClusterLabelChange for i = 19 newLabel= 1 currentLabel= 1 
R-CCU: sum(pointsPerCluster) = 1758 
 num [1:3] 1755 1 2
NULL
R-CCU: After ClusterLabelChange for i = 19 
R-CCU: sum(pointsPerCluster) = 1759 
 num [1:3] 1756 1 2
NULL
R-CCU: dpObj$numberClusters = 3 
List of 2
 $ : num [1, 1, 1:3] 0.513 0.265 0.652
 $ : num [1, 1, 1:3] 2.25 3.79 3.21
NULL
R priorParameters: 2 8 
R maxT: 1 
R_PriorDraw_first_mu: 0.1973709 
R_PriorDraw_first_nu: 15.35307 
R-CCU: Before ClusterLabelChange for i = 20 newLabel= 1 currentLabel= 1 
R-CCU: sum(pointsPerCluster) = 1759 
 num [1:3] 1756 1 2
NULL
R-CCU: After ClusterLabelChange for i = 20 
R-CCU: sum(pointsPerCluster) = 1760 
 num [1:3] 1757 1 2
NULL
R-CCU: dpObj$numberClusters = 3 
List of 2
 $ : num [1, 1, 1:3] 0.513 0.265 0.652
 $ : num [1, 1, 1:3] 2.25 3.79 3.21
NULL
R priorParameters: 2 8 
R maxT: 1 
R_PriorDraw_first_mu: 0.7065495 
R_PriorDraw_first_nu: 4.943932 
R-CCU: Before ClusterLabelChange for i = 21 newLabel= 1 currentLabel= 1 
R-CCU: sum(pointsPerCluster) = 1760 
 num [1:3] 1757 1 2
NULL
R-CCU: After ClusterLabelChange for i = 21 
R-CCU: sum(pointsPerCluster) = 1761 
 num [1:3] 1758 1 2
NULL
R-CCU: dpObj$numberClusters = 3 
List of 2
 $ : num [1, 1, 1:3] 0.513 0.265 0.652
 $ : num [1, 1, 1:3] 2.25 3.79 3.21
NULL
R priorParameters: 2 8 
R maxT: 1 
R_PriorDraw_first_mu: 0.3540641 
R_PriorDraw_first_nu: 3.542716 
R-CCU: Before ClusterLabelChange for i = 22 newLabel= 1 currentLabel= 1 
R-CCU: sum(pointsPerCluster) = 1761 
 num [1:3] 1758 1 2
NULL
R-CCU: After ClusterLabelChange for i = 22 
R-CCU: sum(pointsPerCluster) = 1762 
 num [1:3] 1759 1 2
NULL
R-CCU: dpObj$numberClusters = 3 
List of 2
 $ : num [1, 1, 1:3] 0.513 0.265 0.652
 $ : num [1, 1, 1:3] 2.25 3.79 3.21
NULL
R priorParameters: 2 8 
R maxT: 1 
R_PriorDraw_first_mu: 0.02811296 
R_PriorDraw_first_nu: 2.568202 
R-CCU: Before ClusterLabelChange for i = 23 newLabel= 1 currentLabel= 1 
R-CCU: sum(pointsPerCluster) = 1762 
 num [1:3] 1759 1 2
NULL
R-CCU: After ClusterLabelChange for i = 23 
R-CCU: sum(pointsPerCluster) = 1763 
 num [1:3] 1760 1 2
NULL
R-CCU: dpObj$numberClusters = 3 
List of 2
 $ : num [1, 1, 1:3] 0.513 0.265 0.652
 $ : num [1, 1, 1:3] 2.25 3.79 3.21
NULL
R priorParameters: 2 8 
R maxT: 1 
R_PriorDraw_first_mu: 0.3770424 
R_PriorDraw_first_nu: 2.407246 
R-CCU: Before ClusterLabelChange for i = 24 newLabel= 1 currentLabel= 1 
R-CCU: sum(pointsPerCluster) = 1763 
 num [1:3] 1760 1 2
NULL
R-CCU: After ClusterLabelChange for i = 24 
R-CCU: sum(pointsPerCluster) = 1764 
 num [1:3] 1761 1 2
NULL
R-CCU: dpObj$numberClusters = 3 
List of 2
 $ : num [1, 1, 1:3] 0.513 0.265 0.652
 $ : num [1, 1, 1:3] 2.25 3.79 3.21
NULL
R priorParameters: 2 8 
R maxT: 1 
R_PriorDraw_first_mu: 0.4681213 
R_PriorDraw_first_nu: 1.712396 
R-CCU: Before ClusterLabelChange for i = 25 newLabel= 1 currentLabel= 1 
R-CCU: sum(pointsPerCluster) = 1764 
 num [1:3] 1761 1 2
NULL
R-CCU: After ClusterLabelChange for i = 25 
R-CCU: sum(pointsPerCluster) = 1765 
 num [1:3] 1762 1 2
NULL
R-CCU: dpObj$numberClusters = 3 
List of 2
 $ : num [1, 1, 1:3] 0.513 0.265 0.652
 $ : num [1, 1, 1:3] 2.25 3.79 3.21
NULL
R priorParameters: 2 8 
R maxT: 1 
R_PriorDraw_first_mu: 0.4092858 
R_PriorDraw_first_nu: 215.4567 
R-CCU: Before ClusterLabelChange for i = 26 newLabel= 1 currentLabel= 1 
R-CCU: sum(pointsPerCluster) = 1765 
 num [1:3] 1762 1 2
NULL
R-CCU: After ClusterLabelChange for i = 26 
R-CCU: sum(pointsPerCluster) = 1766 
 num [1:3] 1763 1 2
NULL
R-CCU: dpObj$numberClusters = 3 
List of 2
 $ : num [1, 1, 1:3] 0.513 0.265 0.652
 $ : num [1, 1, 1:3] 2.25 3.79 3.21
NULL
R priorParameters: 2 8 
R maxT: 1 
R_PriorDraw_first_mu: 0.4770535 
R_PriorDraw_first_nu: 9.451249 
R-CCU: Before ClusterLabelChange for i = 27 newLabel= 1 currentLabel= 1 
R-CCU: sum(pointsPerCluster) = 1766 
 num [1:3] 1763 1 2
NULL
R-CCU: After ClusterLabelChange for i = 27 
R-CCU: sum(pointsPerCluster) = 1767 
 num [1:3] 1764 1 2
NULL
R-CCU: dpObj$numberClusters = 3 
List of 2
 $ : num [1, 1, 1:3] 0.513 0.265 0.652
 $ : num [1, 1, 1:3] 2.25 3.79 3.21
NULL
R priorParameters: 2 8 
R maxT: 1 
R_PriorDraw_first_mu: 0.6220059 
R_PriorDraw_first_nu: 18.61015 
R-CCU: Before ClusterLabelChange for i = 28 newLabel= 1 currentLabel= 1 
R-CCU: sum(pointsPerCluster) = 1767 
 num [1:3] 1764 1 2
NULL
R-CCU: After ClusterLabelChange for i = 28 
R-CCU: sum(pointsPerCluster) = 1768 
 num [1:3] 1765 1 2
NULL
R-CCU: dpObj$numberClusters = 3 
List of 2
 $ : num [1, 1, 1:3] 0.513 0.265 0.652
 $ : num [1, 1, 1:3] 2.25 3.79 3.21
NULL
R priorParameters: 2 8 
R maxT: 1 
R_PriorDraw_first_mu: 0.4449801 
R_PriorDraw_first_nu: 2.686428 
R-CCU: Before ClusterLabelChange for i = 29 newLabel= 1 currentLabel= 1 
R-CCU: sum(pointsPerCluster) = 1768 
 num [1:3] 1765 1 2
NULL
R-CCU: After ClusterLabelChange for i = 29 
R-CCU: sum(pointsPerCluster) = 1769 
 num [1:3] 1766 1 2
NULL
R-CCU: dpObj$numberClusters = 3 
List of 2
 $ : num [1, 1, 1:3] 0.513 0.265 0.652
 $ : num [1, 1, 1:3] 2.25 3.79 3.21
NULL
R priorParameters: 2 8 
R maxT: 1 
R_PriorDraw_first_mu: 0.5612429 
R_PriorDraw_first_nu: 9.702624 
R-CCU: Before ClusterLabelChange for i = 30 newLabel= 1 currentLabel= 1 
R-CCU: sum(pointsPerCluster) = 1769 
 num [1:3] 1766 1 2
NULL
R-CCU: After ClusterLabelChange for i = 30 
R-CCU: sum(pointsPerCluster) = 1770 
 num [1:3] 1767 1 2
NULL
R-CCU: dpObj$numberClusters = 3 
List of 2
 $ : num [1, 1, 1:3] 0.513 0.265 0.652
 $ : num [1, 1, 1:3] 2.25 3.79 3.21
NULL
R priorParameters: 2 8 
R maxT: 1 
R_PriorDraw_first_mu: 0.9087181 
R_PriorDraw_first_nu: 4.456317 
R-CCU: Before ClusterLabelChange for i = 31 newLabel= 1 currentLabel= 1 
R-CCU: sum(pointsPerCluster) = 1770 
 num [1:3] 1767 1 2
NULL
R-CCU: After ClusterLabelChange for i = 31 
R-CCU: sum(pointsPerCluster) = 1771 
 num [1:3] 1768 1 2
NULL
R-CCU: dpObj$numberClusters = 3 
List of 2
 $ : num [1, 1, 1:3] 0.513 0.265 0.652
 $ : num [1, 1, 1:3] 2.25 3.79 3.21
NULL
R priorParameters: 2 8 
R maxT: 1 
R_PriorDraw_first_mu: 0.8856286 
R_PriorDraw_first_nu: 12.64822 
R-CCU: Before ClusterLabelChange for i = 32 newLabel= 1 currentLabel= 1 
R-CCU: sum(pointsPerCluster) = 1771 
 num [1:3] 1768 1 2
NULL
R-CCU: After ClusterLabelChange for i = 32 
R-CCU: sum(pointsPerCluster) = 1772 
 num [1:3] 1769 1 2
NULL
R-CCU: dpObj$numberClusters = 3 
List of 2
 $ : num [1, 1, 1:3] 0.513 0.265 0.652
 $ : num [1, 1, 1:3] 2.25 3.79 3.21
NULL
R priorParameters: 2 8 
R maxT: 1 
R_PriorDraw_first_mu: 0.3919791 
R_PriorDraw_first_nu: 1.577909 
R-CCU: Before ClusterLabelChange for i = 33 newLabel= 1 currentLabel= 1 
R-CCU: sum(pointsPerCluster) = 1772 
 num [1:3] 1769 1 2
NULL
R-CCU: After ClusterLabelChange for i = 33 
R-CCU: sum(pointsPerCluster) = 1773 
 num [1:3] 1770 1 2
NULL
R-CCU: dpObj$numberClusters = 3 
List of 2
 $ : num [1, 1, 1:3] 0.513 0.265 0.652
 $ : num [1, 1, 1:3] 2.25 3.79 3.21
NULL
R priorParameters: 2 8 
R maxT: 1 
R_PriorDraw_first_mu: 0.6144985 
R_PriorDraw_first_nu: 1.047807 
R-CCU: Before ClusterLabelChange for i = 34 newLabel= 1 currentLabel= 1 
R-CCU: sum(pointsPerCluster) = 1773 
 num [1:3] 1770 1 2
NULL
R-CCU: After ClusterLabelChange for i = 34 
R-CCU: sum(pointsPerCluster) = 1774 
 num [1:3] 1771 1 2
NULL
R-CCU: dpObj$numberClusters = 3 
List of 2
 $ : num [1, 1, 1:3] 0.513 0.265 0.652
 $ : num [1, 1, 1:3] 2.25 3.79 3.21
NULL
R priorParameters: 2 8 
R maxT: 1 
R_PriorDraw_first_mu: 0.4411528 
R_PriorDraw_first_nu: 6.1728 
R-CCU: Before ClusterLabelChange for i = 35 newLabel= 1 currentLabel= 1 
R-CCU: sum(pointsPerCluster) = 1774 
 num [1:3] 1771 1 2
NULL
R-CCU: After ClusterLabelChange for i = 35 
R-CCU: sum(pointsPerCluster) = 1775 
 num [1:3] 1772 1 2
NULL
R-CCU: dpObj$numberClusters = 3 
List of 2
 $ : num [1, 1, 1:3] 0.513 0.265 0.652
 $ : num [1, 1, 1:3] 2.25 3.79 3.21
NULL
R priorParameters: 2 8 
R maxT: 1 
R_PriorDraw_first_mu: 0.4527269 
R_PriorDraw_first_nu: 2.642297 
R-CCU: Before ClusterLabelChange for i = 36 newLabel= 1 currentLabel= 1 
R-CCU: sum(pointsPerCluster) = 1775 
 num [1:3] 1772 1 2
NULL
R-CCU: After ClusterLabelChange for i = 36 
R-CCU: sum(pointsPerCluster) = 1776 
 num [1:3] 1773 1 2
NULL
R-CCU: dpObj$numberClusters = 3 
List of 2
 $ : num [1, 1, 1:3] 0.513 0.265 0.652
 $ : num [1, 1, 1:3] 2.25 3.79 3.21
NULL
R priorParameters: 2 8 
R maxT: 1 
R_PriorDraw_first_mu: 0.7344506 
R_PriorDraw_first_nu: 2.852596 
R-CCU: Before ClusterLabelChange for i = 37 newLabel= 1 currentLabel= 1 
R-CCU: sum(pointsPerCluster) = 1776 
 num [1:3] 1773 1 2
NULL
R-CCU: After ClusterLabelChange for i = 37 
R-CCU: sum(pointsPerCluster) = 1777 
 num [1:3] 1774 1 2
NULL
R-CCU: dpObj$numberClusters = 3 
List of 2
 $ : num [1, 1, 1:3] 0.513 0.265 0.652
 $ : num [1, 1, 1:3] 2.25 3.79 3.21
NULL
R priorParameters: 2 8 
R maxT: 1 
R_PriorDraw_first_mu: 0.1775781 
R_PriorDraw_first_nu: 11.03931 
R-CCU: Before ClusterLabelChange for i = 38 newLabel= 1 currentLabel= 1 
R-CCU: sum(pointsPerCluster) = 1777 
 num [1:3] 1774 1 2
NULL
R-CCU: After ClusterLabelChange for i = 38 
R-CCU: sum(pointsPerCluster) = 1778 
 num [1:3] 1775 1 2
NULL
R-CCU: dpObj$numberClusters = 3 
List of 2
 $ : num [1, 1, 1:3] 0.513 0.265 0.652
 $ : num [1, 1, 1:3] 2.25 3.79 3.21
NULL
R priorParameters: 2 8 
R maxT: 1 
R_PriorDraw_first_mu: 0.9792511 
R_PriorDraw_first_nu: 4.350445 
R-CCU: Before ClusterLabelChange for i = 39 newLabel= 1 currentLabel= 1 
R-CCU: sum(pointsPerCluster) = 1778 
 num [1:3] 1775 1 2
NULL
R-CCU: After ClusterLabelChange for i = 39 
R-CCU: sum(pointsPerCluster) = 1779 
 num [1:3] 1776 1 2
NULL
R-CCU: dpObj$numberClusters = 3 
List of 2
 $ : num [1, 1, 1:3] 0.513 0.265 0.652
 $ : num [1, 1, 1:3] 2.25 3.79 3.21
NULL
R priorParameters: 2 8 
R maxT: 1 
R_PriorDraw_first_mu: 0.8995127 
R_PriorDraw_first_nu: 7.889601 
R-CCU: Before ClusterLabelChange for i = 40 newLabel= 1 currentLabel= 1 
R-CCU: sum(pointsPerCluster) = 1779 
 num [1:3] 1776 1 2
NULL
R-CCU: After ClusterLabelChange for i = 40 
R-CCU: sum(pointsPerCluster) = 1780 
 num [1:3] 1777 1 2
NULL
R-CCU: dpObj$numberClusters = 3 
List of 2
 $ : num [1, 1, 1:3] 0.513 0.265 0.652
 $ : num [1, 1, 1:3] 2.25 3.79 3.21
NULL
R priorParameters: 2 8 
R maxT: 1 
R_PriorDraw_first_mu: 0.467818 
R_PriorDraw_first_nu: 1.743482 
R-CCU: Before ClusterLabelChange for i = 41 newLabel= 1 currentLabel= 1 
R-CCU: sum(pointsPerCluster) = 1780 
 num [1:3] 1777 1 2
NULL
R-CCU: After ClusterLabelChange for i = 41 
R-CCU: sum(pointsPerCluster) = 1781 
 num [1:3] 1778 1 2
NULL
R-CCU: dpObj$numberClusters = 3 
List of 2
 $ : num [1, 1, 1:3] 0.513 0.265 0.652
 $ : num [1, 1, 1:3] 2.25 3.79 3.21
NULL
R priorParameters: 2 8 
R maxT: 1 
R_PriorDraw_first_mu: 0.4854577 
R_PriorDraw_first_nu: 3.895151 
R-CCU: Before ClusterLabelChange for i = 42 newLabel= 1 currentLabel= 1 
R-CCU: sum(pointsPerCluster) = 1781 
 num [1:3] 1778 1 2
NULL
R-CCU: After ClusterLabelChange for i = 42 
R-CCU: sum(pointsPerCluster) = 1782 
 num [1:3] 1779 1 2
NULL
R-CCU: dpObj$numberClusters = 3 
List of 2
 $ : num [1, 1, 1:3] 0.513 0.265 0.652
 $ : num [1, 1, 1:3] 2.25 3.79 3.21
NULL
R priorParameters: 2 8 
R maxT: 1 
R_PriorDraw_first_mu: 0.9465675 
R_PriorDraw_first_nu: 9.110934 
R-CCU: Before ClusterLabelChange for i = 43 newLabel= 1 currentLabel= 1 
R-CCU: sum(pointsPerCluster) = 1782 
 num [1:3] 1779 1 2
NULL
R-CCU: After ClusterLabelChange for i = 43 
R-CCU: sum(pointsPerCluster) = 1783 
 num [1:3] 1780 1 2
NULL
R-CCU: dpObj$numberClusters = 3 
List of 2
 $ : num [1, 1, 1:3] 0.513 0.265 0.652
 $ : num [1, 1, 1:3] 2.25 3.79 3.21
NULL
R priorParameters: 2 8 
R maxT: 1 
R_PriorDraw_first_mu: 0.92202 
R_PriorDraw_first_nu: 3.575102 
R-CCU: Before ClusterLabelChange for i = 44 newLabel= 1 currentLabel= 1 
R-CCU: sum(pointsPerCluster) = 1783 
 num [1:3] 1780 1 2
NULL
R-CCU: After ClusterLabelChange for i = 44 
R-CCU: sum(pointsPerCluster) = 1784 
 num [1:3] 1781 1 2
NULL
R-CCU: dpObj$numberClusters = 3 
List of 2
 $ : num [1, 1, 1:3] 0.513 0.265 0.652
 $ : num [1, 1, 1:3] 2.25 3.79 3.21
NULL
R priorParameters: 2 8 
R maxT: 1 
R_PriorDraw_first_mu: 0.4981687 
R_PriorDraw_first_nu: 5.162439 
R-CCU: Before ClusterLabelChange for i = 45 newLabel= 1 currentLabel= 1 
R-CCU: sum(pointsPerCluster) = 1784 
 num [1:3] 1781 1 2
NULL
R-CCU: After ClusterLabelChange for i = 45 
R-CCU: sum(pointsPerCluster) = 1785 
 num [1:3] 1782 1 2
NULL
R-CCU: dpObj$numberClusters = 3 
List of 2
 $ : num [1, 1, 1:3] 0.513 0.265 0.652
 $ : num [1, 1, 1:3] 2.25 3.79 3.21
NULL
R priorParameters: 2 8 
R maxT: 1 
R_PriorDraw_first_mu: 0.9964924 
R_PriorDraw_first_nu: 2.959587 
R-CCU: Before ClusterLabelChange for i = 46 newLabel= 1 currentLabel= 1 
R-CCU: sum(pointsPerCluster) = 1785 
 num [1:3] 1782 1 2
NULL
R-CCU: After ClusterLabelChange for i = 46 
R-CCU: sum(pointsPerCluster) = 1786 
 num [1:3] 1783 1 2
NULL
R-CCU: dpObj$numberClusters = 3 
List of 2
 $ : num [1, 1, 1:3] 0.513 0.265 0.652
 $ : num [1, 1, 1:3] 2.25 3.79 3.21
NULL
R priorParameters: 2 8 
R maxT: 1 
R_PriorDraw_first_mu: 0.5119729 
R_PriorDraw_first_nu: 1.746098 
R-CCU: Before ClusterLabelChange for i = 47 newLabel= 1 currentLabel= 1 
R-CCU: sum(pointsPerCluster) = 1786 
 num [1:3] 1783 1 2
NULL
R-CCU: After ClusterLabelChange for i = 47 
R-CCU: sum(pointsPerCluster) = 1787 
 num [1:3] 1784 1 2
NULL
R-CCU: dpObj$numberClusters = 3 
List of 2
 $ : num [1, 1, 1:3] 0.513 0.265 0.652
 $ : num [1, 1, 1:3] 2.25 3.79 3.21
NULL
R priorParameters: 2 8 
R maxT: 1 
R_PriorDraw_first_mu: 0.3560374 
R_PriorDraw_first_nu: 1.772684 
R-CCU: Before ClusterLabelChange for i = 48 newLabel= 1 currentLabel= 1 
R-CCU: sum(pointsPerCluster) = 1787 
 num [1:3] 1784 1 2
NULL
R-CCU: After ClusterLabelChange for i = 48 
R-CCU: sum(pointsPerCluster) = 1788 
 num [1:3] 1785 1 2
NULL
R-CCU: dpObj$numberClusters = 3 
List of 2
 $ : num [1, 1, 1:3] 0.513 0.265 0.652
 $ : num [1, 1, 1:3] 2.25 3.79 3.21
NULL
R priorParameters: 2 8 
R maxT: 1 
R_PriorDraw_first_mu: 0.6579198 
R_PriorDraw_first_nu: 10.08154 
R-CCU: Before ClusterLabelChange for i = 49 newLabel= 1 currentLabel= 1 
R-CCU: sum(pointsPerCluster) = 1788 
 num [1:3] 1785 1 2
NULL
R-CCU: After ClusterLabelChange for i = 49 
R-CCU: sum(pointsPerCluster) = 1789 
 num [1:3] 1786 1 2
NULL
R-CCU: dpObj$numberClusters = 3 
List of 2
 $ : num [1, 1, 1:3] 0.513 0.265 0.652
 $ : num [1, 1, 1:3] 2.25 3.79 3.21
NULL
R priorParameters: 2 8 
R maxT: 1 
R_PriorDraw_first_mu: 0.4099898 
R_PriorDraw_first_nu: 6.610533 
R-CCU: Before ClusterLabelChange for i = 50 newLabel= 1 currentLabel= 1 
R-CCU: sum(pointsPerCluster) = 1789 
 num [1:3] 1786 1 2
NULL
R-CCU: After ClusterLabelChange for i = 50 
R-CCU: sum(pointsPerCluster) = 1790 
 num [1:3] 1787 1 2
NULL
R-CCU: dpObj$numberClusters = 3 
List of 2
 $ : num [1, 1, 1:3] 0.513 0.265 0.652
 $ : num [1, 1, 1:3] 2.25 3.79 3.21
NULL
R priorParameters: 2 8 
R maxT: 1 
R_PriorDraw_first_mu: 0.8922527 
R_PriorDraw_first_nu: 6.421162 
R-CCU: Before ClusterLabelChange for i = 51 newLabel= 1 currentLabel= 1 
R-CCU: sum(pointsPerCluster) = 1790 
 num [1:3] 1787 1 2
NULL
R-CCU: After ClusterLabelChange for i = 51 
R-CCU: sum(pointsPerCluster) = 1791 
 num [1:3] 1788 1 2
NULL
R-CCU: dpObj$numberClusters = 3 
List of 2
 $ : num [1, 1, 1:3] 0.513 0.265 0.652
 $ : num [1, 1, 1:3] 2.25 3.79 3.21
NULL
R priorParameters: 2 8 
R maxT: 1 
R_PriorDraw_first_mu: 0.6895813 
R_PriorDraw_first_nu: 3.818668 
R-CCU: Before ClusterLabelChange for i = 52 newLabel= 1 currentLabel= 1 
R-CCU: sum(pointsPerCluster) = 1791 
 num [1:3] 1788 1 2
NULL
R-CCU: After ClusterLabelChange for i = 52 
R-CCU: sum(pointsPerCluster) = 1792 
 num [1:3] 1789 1 2
NULL
R-CCU: dpObj$numberClusters = 3 
List of 2
 $ : num [1, 1, 1:3] 0.513 0.265 0.652
 $ : num [1, 1, 1:3] 2.25 3.79 3.21
NULL
R priorParameters: 2 8 
R maxT: 1 
R_PriorDraw_first_mu: 0.3047476 
R_PriorDraw_first_nu: 14.4148 
R-CCU: Before ClusterLabelChange for i = 53 newLabel= 1 currentLabel= 1 
R-CCU: sum(pointsPerCluster) = 1792 
 num [1:3] 1789 1 2
NULL
R-CCU: After ClusterLabelChange for i = 53 
R-CCU: sum(pointsPerCluster) = 1793 
 num [1:3] 1790 1 2
NULL
R-CCU: dpObj$numberClusters = 3 
List of 2
 $ : num [1, 1, 1:3] 0.513 0.265 0.652
 $ : num [1, 1, 1:3] 2.25 3.79 3.21
NULL
R priorParameters: 2 8 
R maxT: 1 
R_PriorDraw_first_mu: 0.4221656 
R_PriorDraw_first_nu: 6.853032 
R-CCU: Before ClusterLabelChange for i = 54 newLabel= 1 currentLabel= 1 
R-CCU: sum(pointsPerCluster) = 1793 
 num [1:3] 1790 1 2
NULL
R-CCU: After ClusterLabelChange for i = 54 
R-CCU: sum(pointsPerCluster) = 1794 
 num [1:3] 1791 1 2
NULL
R-CCU: dpObj$numberClusters = 3 
List of 2
 $ : num [1, 1, 1:3] 0.513 0.265 0.652
 $ : num [1, 1, 1:3] 2.25 3.79 3.21
NULL
R priorParameters: 2 8 
R maxT: 1 
R_PriorDraw_first_mu: 0.2316819 
R_PriorDraw_first_nu: 6.611287 
R-CCU: Before ClusterLabelChange for i = 55 newLabel= 1 currentLabel= 1 
R-CCU: sum(pointsPerCluster) = 1794 
 num [1:3] 1791 1 2
NULL
R-CCU: After ClusterLabelChange for i = 55 
R-CCU: sum(pointsPerCluster) = 1795 
 num [1:3] 1792 1 2
NULL
R-CCU: dpObj$numberClusters = 3 
List of 2
 $ : num [1, 1, 1:3] 0.513 0.265 0.652
 $ : num [1, 1, 1:3] 2.25 3.79 3.21
NULL
R priorParameters: 2 8 
R maxT: 1 
R_PriorDraw_first_mu: 0.3180605 
R_PriorDraw_first_nu: 2.38213 
R-CCU: Before ClusterLabelChange for i = 56 newLabel= 1 currentLabel= 1 
R-CCU: sum(pointsPerCluster) = 1795 
 num [1:3] 1792 1 2
NULL
R-CCU: After ClusterLabelChange for i = 56 
R-CCU: sum(pointsPerCluster) = 1796 
 num [1:3] 1793 1 2
NULL
R-CCU: dpObj$numberClusters = 3 
List of 2
 $ : num [1, 1, 1:3] 0.513 0.265 0.652
 $ : num [1, 1, 1:3] 2.25 3.79 3.21
NULL
R priorParameters: 2 8 
R maxT: 1 
R_PriorDraw_first_mu: 0.7025358 
R_PriorDraw_first_nu: 5.854509 
R-CCU: Before ClusterLabelChange for i = 57 newLabel= 1 currentLabel= 1 
R-CCU: sum(pointsPerCluster) = 1796 
 num [1:3] 1793 1 2
NULL
R-CCU: After ClusterLabelChange for i = 57 
R-CCU: sum(pointsPerCluster) = 1797 
 num [1:3] 1794 1 2
NULL
R-CCU: dpObj$numberClusters = 3 
List of 2
 $ : num [1, 1, 1:3] 0.513 0.265 0.652
 $ : num [1, 1, 1:3] 2.25 3.79 3.21
NULL
R priorParameters: 2 8 
R maxT: 1 
R_PriorDraw_first_mu: 0.78269 
R_PriorDraw_first_nu: 3.013109 
R-CCU: Before ClusterLabelChange for i = 58 newLabel= 1 currentLabel= 1 
R-CCU: sum(pointsPerCluster) = 1797 
 num [1:3] 1794 1 2
NULL
R-CCU: After ClusterLabelChange for i = 58 
R-CCU: sum(pointsPerCluster) = 1798 
 num [1:3] 1795 1 2
NULL
R-CCU: dpObj$numberClusters = 3 
List of 2
 $ : num [1, 1, 1:3] 0.513 0.265 0.652
 $ : num [1, 1, 1:3] 2.25 3.79 3.21
NULL
R priorParameters: 2 8 
R maxT: 1 
R_PriorDraw_first_mu: 0.7873549 
R_PriorDraw_first_nu: 14.84948 
R-CCU: Before ClusterLabelChange for i = 59 newLabel= 1 currentLabel= 1 
R-CCU: sum(pointsPerCluster) = 1798 
 num [1:3] 1795 1 2
NULL
R-CCU: After ClusterLabelChange for i = 59 
R-CCU: sum(pointsPerCluster) = 1799 
 num [1:3] 1796 1 2
NULL
R-CCU: dpObj$numberClusters = 3 
List of 2
 $ : num [1, 1, 1:3] 0.513 0.265 0.652
 $ : num [1, 1, 1:3] 2.25 3.79 3.21
NULL
R priorParameters: 2 8 
R maxT: 1 
R_PriorDraw_first_mu: 0.9723215 
R_PriorDraw_first_nu: 16.76592 
R-CCU: Before ClusterLabelChange for i = 60 newLabel= 1 currentLabel= 1 
R-CCU: sum(pointsPerCluster) = 1799 
 num [1:3] 1796 1 2
NULL
R-CCU: After ClusterLabelChange for i = 60 
R-CCU: sum(pointsPerCluster) = 1800 
 num [1:3] 1797 1 2
NULL
R-CCU: dpObj$numberClusters = 3 
List of 2
 $ : num [1, 1, 1:3] 0.513 0.265 0.652
 $ : num [1, 1, 1:3] 2.25 3.79 3.21
NULL

⠧ |   58      0 | Beta Distribution Full Integration Test          R priorParameters: 2 8 
R maxT: 1 
R_PriorDraw_first_mu: 0.3698467 
R_PriorDraw_first_nu: 10.48162 
R-CCU: Before ClusterLabelChange for i = 1 newLabel= 1 currentLabel= 1 
R-CCU: sum(pointsPerCluster) = 1800 
 num [1:3] 1797 1 2
NULL
R-CCU: After ClusterLabelChange for i = 1 
R-CCU: sum(pointsPerCluster) = 1801 
 num [1:3] 1798 1 2
NULL
R-CCU: dpObj$numberClusters = 3 
List of 2
 $ : num [1, 1, 1:3] 0.445 0.265 0.652
 $ : num [1, 1, 1:3] 2.41 3.79 3.21
NULL
R priorParameters: 2 8 
R maxT: 1 
R_PriorDraw_first_mu: 0.2940976 
R_PriorDraw_first_nu: 8.823167 
R-CCU: Before ClusterLabelChange for i = 2 newLabel= 1 currentLabel= 1 
R-CCU: sum(pointsPerCluster) = 1801 
 num [1:3] 1798 1 2
NULL
R-CCU: After ClusterLabelChange for i = 2 
R-CCU: sum(pointsPerCluster) = 1802 
 num [1:3] 1799 1 2
NULL
R-CCU: dpObj$numberClusters = 3 
List of 2
 $ : num [1, 1, 1:3] 0.445 0.265 0.652
 $ : num [1, 1, 1:3] 2.41 3.79 3.21
NULL
R priorParameters: 2 8 
R maxT: 1 
R_PriorDraw_first_mu: 0.7993056 
R_PriorDraw_first_nu: 21.5659 
R-CCU: Before ClusterLabelChange for i = 3 newLabel= 1 currentLabel= 1 
R-CCU: sum(pointsPerCluster) = 1802 
 num [1:3] 1799 1 2
NULL
R-CCU: After ClusterLabelChange for i = 3 
R-CCU: sum(pointsPerCluster) = 1803 
 num [1:3] 1800 1 2
NULL
R-CCU: dpObj$numberClusters = 3 
List of 2
 $ : num [1, 1, 1:3] 0.445 0.265 0.652
 $ : num [1, 1, 1:3] 2.41 3.79 3.21
NULL
R priorParameters: 2 8 
R maxT: 1 
R_PriorDraw_first_mu: 0.449125 
R_PriorDraw_first_nu: 9.156649 
R-CCU: Before ClusterLabelChange for i = 4 newLabel= 1 currentLabel= 1 
R-CCU: sum(pointsPerCluster) = 1803 
 num [1:3] 1800 1 2
NULL
R-CCU: After ClusterLabelChange for i = 4 
R-CCU: sum(pointsPerCluster) = 1804 
 num [1:3] 1801 1 2
NULL
R-CCU: dpObj$numberClusters = 3 
List of 2
 $ : num [1, 1, 1:3] 0.445 0.265 0.652
 $ : num [1, 1, 1:3] 2.41 3.79 3.21
NULL
R priorParameters: 2 8 
R maxT: 1 
R_PriorDraw_first_mu: 0.8528604 
R_PriorDraw_first_nu: 13.72733 
R-CCU: Before ClusterLabelChange for i = 5 newLabel= 1 currentLabel= 1 
R-CCU: sum(pointsPerCluster) = 1804 
 num [1:3] 1801 1 2
NULL
R-CCU: After ClusterLabelChange for i = 5 
R-CCU: sum(pointsPerCluster) = 1805 
 num [1:3] 1802 1 2
NULL
R-CCU: dpObj$numberClusters = 3 
List of 2
 $ : num [1, 1, 1:3] 0.445 0.265 0.652
 $ : num [1, 1, 1:3] 2.41 3.79 3.21
NULL
R priorParameters: 2 8 
R maxT: 1 
R_PriorDraw_first_mu: 0.8588641 
R_PriorDraw_first_nu: 3.096662 
R-CCU: Before ClusterLabelChange for i = 6 newLabel= 1 currentLabel= 1 
R-CCU: sum(pointsPerCluster) = 1805 
 num [1:3] 1802 1 2
NULL
R-CCU: After ClusterLabelChange for i = 6 
R-CCU: sum(pointsPerCluster) = 1806 
 num [1:3] 1803 1 2
NULL
R-CCU: dpObj$numberClusters = 3 
List of 2
 $ : num [1, 1, 1:3] 0.445 0.265 0.652
 $ : num [1, 1, 1:3] 2.41 3.79 3.21
NULL
R priorParameters: 2 8 
R maxT: 1 
R_PriorDraw_first_mu: 0.4597655 
R_PriorDraw_first_nu: 5.158899 
R-CCU: Before ClusterLabelChange for i = 7 newLabel= 1 currentLabel= 1 
R-CCU: sum(pointsPerCluster) = 1806 
 num [1:3] 1803 1 2
NULL
R-CCU: After ClusterLabelChange for i = 7 
R-CCU: sum(pointsPerCluster) = 1807 
 num [1:3] 1804 1 2
NULL
R-CCU: dpObj$numberClusters = 3 
List of 2
 $ : num [1, 1, 1:3] 0.445 0.265 0.652
 $ : num [1, 1, 1:3] 2.41 3.79 3.21
NULL
R priorParameters: 2 8 
R maxT: 1 
R_PriorDraw_first_mu: 0.8995527 
R_PriorDraw_first_nu: 6.456464 
R-CCU: Before ClusterLabelChange for i = 8 newLabel= 1 currentLabel= 1 
R-CCU: sum(pointsPerCluster) = 1807 
 num [1:3] 1804 1 2
NULL
R-CCU: After ClusterLabelChange for i = 8 
R-CCU: sum(pointsPerCluster) = 1808 
 num [1:3] 1805 1 2
NULL
R-CCU: dpObj$numberClusters = 3 
List of 2
 $ : num [1, 1, 1:3] 0.445 0.265 0.652
 $ : num [1, 1, 1:3] 2.41 3.79 3.21
NULL
R priorParameters: 2 8 
R maxT: 1 
R_PriorDraw_first_mu: 0.4633423 
R_PriorDraw_first_nu: 3.492455 
R-CCU: Before ClusterLabelChange for i = 9 newLabel= 1 currentLabel= 1 
R-CCU: sum(pointsPerCluster) = 1808 
 num [1:3] 1805 1 2
NULL
R-CCU: After ClusterLabelChange for i = 9 
R-CCU: sum(pointsPerCluster) = 1809 
 num [1:3] 1806 1 2
NULL
R-CCU: dpObj$numberClusters = 3 
List of 2
 $ : num [1, 1, 1:3] 0.445 0.265 0.652
 $ : num [1, 1, 1:3] 2.41 3.79 3.21
NULL
R priorParameters: 2 8 
R maxT: 1 
R_PriorDraw_first_mu: 0.1235894 
R_PriorDraw_first_nu: 3.298921 
R-CCU: Before ClusterLabelChange for i = 10 newLabel= 1 currentLabel= 1 
R-CCU: sum(pointsPerCluster) = 1809 
 num [1:3] 1806 1 2
NULL
R-CCU: After ClusterLabelChange for i = 10 
R-CCU: sum(pointsPerCluster) = 1810 
 num [1:3] 1807 1 2
NULL
R-CCU: dpObj$numberClusters = 3 
List of 2
 $ : num [1, 1, 1:3] 0.445 0.265 0.652
 $ : num [1, 1, 1:3] 2.41 3.79 3.21
NULL
R priorParameters: 2 8 
R maxT: 1 
R_PriorDraw_first_mu: 0.3937752 
R_PriorDraw_first_nu: 15.782 
R-CCU: Before ClusterLabelChange for i = 11 newLabel= 1 currentLabel= 1 
R-CCU: sum(pointsPerCluster) = 1810 
 num [1:3] 1807 1 2
NULL
R-CCU: After ClusterLabelChange for i = 11 
R-CCU: sum(pointsPerCluster) = 1811 
 num [1:3] 1808 1 2
NULL
R-CCU: dpObj$numberClusters = 3 
List of 2
 $ : num [1, 1, 1:3] 0.445 0.265 0.652
 $ : num [1, 1, 1:3] 2.41 3.79 3.21
NULL
R priorParameters: 2 8 
R maxT: 1 
R_PriorDraw_first_mu: 0.8126175 
R_PriorDraw_first_nu: 1.89292 
R-CCU: Before ClusterLabelChange for i = 12 newLabel= 1 currentLabel= 1 
R-CCU: sum(pointsPerCluster) = 1811 
 num [1:3] 1808 1 2
NULL
R-CCU: After ClusterLabelChange for i = 12 
R-CCU: sum(pointsPerCluster) = 1812 
 num [1:3] 1809 1 2
NULL
R-CCU: dpObj$numberClusters = 3 
List of 2
 $ : num [1, 1, 1:3] 0.445 0.265 0.652
 $ : num [1, 1, 1:3] 2.41 3.79 3.21
NULL
R priorParameters: 2 8 
R maxT: 1 
R_PriorDraw_first_mu: 0.3744606 
R_PriorDraw_first_nu: 2.38365 
R-CCU: Before ClusterLabelChange for i = 13 newLabel= 1 currentLabel= 1 
R-CCU: sum(pointsPerCluster) = 1812 
 num [1:3] 1809 1 2
NULL
R-CCU: After ClusterLabelChange for i = 13 
R-CCU: sum(pointsPerCluster) = 1813 
 num [1:3] 1810 1 2
NULL
R-CCU: dpObj$numberClusters = 3 
List of 2
 $ : num [1, 1, 1:3] 0.445 0.265 0.652
 $ : num [1, 1, 1:3] 2.41 3.79 3.21
NULL
R priorParameters: 2 8 
R maxT: 1 
R_PriorDraw_first_mu: 0.624269 
R_PriorDraw_first_nu: 45.85712 
R-CCU: Before ClusterLabelChange for i = 14 newLabel= 1 currentLabel= 1 
R-CCU: sum(pointsPerCluster) = 1813 
 num [1:3] 1810 1 2
NULL
R-CCU: After ClusterLabelChange for i = 14 
R-CCU: sum(pointsPerCluster) = 1814 
 num [1:3] 1811 1 2
NULL
R-CCU: dpObj$numberClusters = 3 
List of 2
 $ : num [1, 1, 1:3] 0.445 0.265 0.652
 $ : num [1, 1, 1:3] 2.41 3.79 3.21
NULL
R priorParameters: 2 8 
R maxT: 1 
R_PriorDraw_first_mu: 0.08508668 
R_PriorDraw_first_nu: 5.06518 
R-CCU: Before ClusterLabelChange for i = 15 newLabel= 1 currentLabel= 1 
R-CCU: sum(pointsPerCluster) = 1814 
 num [1:3] 1811 1 2
NULL
R-CCU: After ClusterLabelChange for i = 15 
R-CCU: sum(pointsPerCluster) = 1815 
 num [1:3] 1812 1 2
NULL
R-CCU: dpObj$numberClusters = 3 
List of 2
 $ : num [1, 1, 1:3] 0.445 0.265 0.652
 $ : num [1, 1, 1:3] 2.41 3.79 3.21
NULL
R priorParameters: 2 8 
R maxT: 1 
R_PriorDraw_first_mu: 0.8774281 
R_PriorDraw_first_nu: 3.156728 
R-CCU: Before ClusterLabelChange for i = 16 newLabel= 1 currentLabel= 1 
R-CCU: sum(pointsPerCluster) = 1815 
 num [1:3] 1812 1 2
NULL
R-CCU: After ClusterLabelChange for i = 16 
R-CCU: sum(pointsPerCluster) = 1816 
 num [1:3] 1813 1 2
NULL
R-CCU: dpObj$numberClusters = 3 
List of 2
 $ : num [1, 1, 1:3] 0.445 0.265 0.652
 $ : num [1, 1, 1:3] 2.41 3.79 3.21
NULL
R priorParameters: 2 8 
R maxT: 1 
R_PriorDraw_first_mu: 0.1674223 
R_PriorDraw_first_nu: 4.078474 
R-CCU: Before ClusterLabelChange for i = 17 newLabel= 1 currentLabel= 1 
R-CCU: sum(pointsPerCluster) = 1816 
 num [1:3] 1813 1 2
NULL
R-CCU: After ClusterLabelChange for i = 17 
R-CCU: sum(pointsPerCluster) = 1817 
 num [1:3] 1814 1 2
NULL
R-CCU: dpObj$numberClusters = 3 
List of 2
 $ : num [1, 1, 1:3] 0.445 0.265 0.652
 $ : num [1, 1, 1:3] 2.41 3.79 3.21
NULL
R priorParameters: 2 8 
R maxT: 1 
R_PriorDraw_first_mu: 0.2677905 
R_PriorDraw_first_nu: 20.9967 
R-CCU: Before ClusterLabelChange for i = 18 newLabel= 1 currentLabel= 1 
R-CCU: sum(pointsPerCluster) = 1817 
 num [1:3] 1814 1 2
NULL
R-CCU: After ClusterLabelChange for i = 18 
R-CCU: sum(pointsPerCluster) = 1818 
 num [1:3] 1815 1 2
NULL
R-CCU: dpObj$numberClusters = 3 
List of 2
 $ : num [1, 1, 1:3] 0.445 0.265 0.652
 $ : num [1, 1, 1:3] 2.41 3.79 3.21
NULL
R priorParameters: 2 8 
R maxT: 1 
R_PriorDraw_first_mu: 0.61563 
R_PriorDraw_first_nu: 6.776435 
R-CCU: Before ClusterLabelChange for i = 19 newLabel= 1 currentLabel= 1 
R-CCU: sum(pointsPerCluster) = 1818 
 num [1:3] 1815 1 2
NULL
R-CCU: After ClusterLabelChange for i = 19 
R-CCU: sum(pointsPerCluster) = 1819 
 num [1:3] 1816 1 2
NULL
R-CCU: dpObj$numberClusters = 3 
List of 2
 $ : num [1, 1, 1:3] 0.445 0.265 0.652
 $ : num [1, 1, 1:3] 2.41 3.79 3.21
NULL
R priorParameters: 2 8 
R maxT: 1 
R_PriorDraw_first_mu: 0.9062576 
R_PriorDraw_first_nu: 3.747475 
R-CCU: Before ClusterLabelChange for i = 20 newLabel= 1 currentLabel= 1 
R-CCU: sum(pointsPerCluster) = 1819 
 num [1:3] 1816 1 2
NULL
R-CCU: After ClusterLabelChange for i = 20 
R-CCU: sum(pointsPerCluster) = 1820 
 num [1:3] 1817 1 2
NULL
R-CCU: dpObj$numberClusters = 3 
List of 2
 $ : num [1, 1, 1:3] 0.445 0.265 0.652
 $ : num [1, 1, 1:3] 2.41 3.79 3.21
NULL
R priorParameters: 2 8 
R maxT: 1 
R_PriorDraw_first_mu: 0.0769347 
R_PriorDraw_first_nu: 2.880823 
R-CCU: Before ClusterLabelChange for i = 21 newLabel= 1 currentLabel= 1 
R-CCU: sum(pointsPerCluster) = 1820 
 num [1:3] 1817 1 2
NULL
R-CCU: After ClusterLabelChange for i = 21 
R-CCU: sum(pointsPerCluster) = 1821 
 num [1:3] 1818 1 2
NULL
R-CCU: dpObj$numberClusters = 3 
List of 2
 $ : num [1, 1, 1:3] 0.445 0.265 0.652
 $ : num [1, 1, 1:3] 2.41 3.79 3.21
NULL
R priorParameters: 2 8 
R maxT: 1 
R_PriorDraw_first_mu: 0.3227899 
R_PriorDraw_first_nu: 5.78834 
R-CCU: Before ClusterLabelChange for i = 22 newLabel= 1 currentLabel= 1 
R-CCU: sum(pointsPerCluster) = 1821 
 num [1:3] 1818 1 2
NULL
R-CCU: After ClusterLabelChange for i = 22 
R-CCU: sum(pointsPerCluster) = 1822 
 num [1:3] 1819 1 2
NULL
R-CCU: dpObj$numberClusters = 3 
List of 2
 $ : num [1, 1, 1:3] 0.445 0.265 0.652
 $ : num [1, 1, 1:3] 2.41 3.79 3.21
NULL
R priorParameters: 2 8 
R maxT: 1 
R_PriorDraw_first_mu: 0.239203 
R_PriorDraw_first_nu: 10.38779 
R-CCU: Before ClusterLabelChange for i = 23 newLabel= 1 currentLabel= 1 
R-CCU: sum(pointsPerCluster) = 1822 
 num [1:3] 1819 1 2
NULL
R-CCU: After ClusterLabelChange for i = 23 
R-CCU: sum(pointsPerCluster) = 1823 
 num [1:3] 1820 1 2
NULL
R-CCU: dpObj$numberClusters = 3 
List of 2
 $ : num [1, 1, 1:3] 0.445 0.265 0.652
 $ : num [1, 1, 1:3] 2.41 3.79 3.21
NULL
R priorParameters: 2 8 
R maxT: 1 
R_PriorDraw_first_mu: 0.07332938 
R_PriorDraw_first_nu: 7.198912 
R-CCU: Before ClusterLabelChange for i = 24 newLabel= 1 currentLabel= 1 
R-CCU: sum(pointsPerCluster) = 1823 
 num [1:3] 1820 1 2
NULL
R-CCU: After ClusterLabelChange for i = 24 
R-CCU: sum(pointsPerCluster) = 1824 
 num [1:3] 1821 1 2
NULL
R-CCU: dpObj$numberClusters = 3 
List of 2
 $ : num [1, 1, 1:3] 0.445 0.265 0.652
 $ : num [1, 1, 1:3] 2.41 3.79 3.21
NULL
R priorParameters: 2 8 
R maxT: 1 
R_PriorDraw_first_mu: 0.6337156 
R_PriorDraw_first_nu: 3.203073 
R-CCU: Before ClusterLabelChange for i = 25 newLabel= 1 currentLabel= 1 
R-CCU: sum(pointsPerCluster) = 1824 
 num [1:3] 1821 1 2
NULL
R-CCU: After ClusterLabelChange for i = 25 
R-CCU: sum(pointsPerCluster) = 1825 
 num [1:3] 1822 1 2
NULL
R-CCU: dpObj$numberClusters = 3 
List of 2
 $ : num [1, 1, 1:3] 0.445 0.265 0.652
 $ : num [1, 1, 1:3] 2.41 3.79 3.21
NULL
R priorParameters: 2 8 
R maxT: 1 
R_PriorDraw_first_mu: 0.8935807 
R_PriorDraw_first_nu: 3.34978 
R-CCU: Before ClusterLabelChange for i = 26 newLabel= 1 currentLabel= 1 
R-CCU: sum(pointsPerCluster) = 1825 
 num [1:3] 1822 1 2
NULL
R-CCU: After ClusterLabelChange for i = 26 
R-CCU: sum(pointsPerCluster) = 1826 
 num [1:3] 1823 1 2
NULL
R-CCU: dpObj$numberClusters = 3 
List of 2
 $ : num [1, 1, 1:3] 0.445 0.265 0.652
 $ : num [1, 1, 1:3] 2.41 3.79 3.21
NULL
R priorParameters: 2 8 
R maxT: 1 
R_PriorDraw_first_mu: 0.7031609 
R_PriorDraw_first_nu: 1.632237 
R-CCU: Before ClusterLabelChange for i = 27 newLabel= 1 currentLabel= 1 
R-CCU: sum(pointsPerCluster) = 1826 
 num [1:3] 1823 1 2
NULL
R-CCU: After ClusterLabelChange for i = 27 
R-CCU: sum(pointsPerCluster) = 1827 
 num [1:3] 1824 1 2
NULL
R-CCU: dpObj$numberClusters = 3 
List of 2
 $ : num [1, 1, 1:3] 0.445 0.265 0.652
 $ : num [1, 1, 1:3] 2.41 3.79 3.21
NULL
R priorParameters: 2 8 
R maxT: 1 
R_PriorDraw_first_mu: 0.7792755 
R_PriorDraw_first_nu: 4.959499 
R-CCU: Before ClusterLabelChange for i = 28 newLabel= 1 currentLabel= 1 
R-CCU: sum(pointsPerCluster) = 1827 
 num [1:3] 1824 1 2
NULL
R-CCU: After ClusterLabelChange for i = 28 
R-CCU: sum(pointsPerCluster) = 1828 
 num [1:3] 1825 1 2
NULL
R-CCU: dpObj$numberClusters = 3 
List of 2
 $ : num [1, 1, 1:3] 0.445 0.265 0.652
 $ : num [1, 1, 1:3] 2.41 3.79 3.21
NULL
R priorParameters: 2 8 
R maxT: 1 
R_PriorDraw_first_mu: 0.4333859 
R_PriorDraw_first_nu: 6.364496 
R-CCU: Before ClusterLabelChange for i = 29 newLabel= 1 currentLabel= 1 
R-CCU: sum(pointsPerCluster) = 1828 
 num [1:3] 1825 1 2
NULL
R-CCU: After ClusterLabelChange for i = 29 
R-CCU: sum(pointsPerCluster) = 1829 
 num [1:3] 1826 1 2
NULL
R-CCU: dpObj$numberClusters = 3 
List of 2
 $ : num [1, 1, 1:3] 0.445 0.265 0.652
 $ : num [1, 1, 1:3] 2.41 3.79 3.21
NULL
R priorParameters: 2 8 
R maxT: 1 
R_PriorDraw_first_mu: 0.5291471 
R_PriorDraw_first_nu: 4.435861 
R-CCU: Before ClusterLabelChange for i = 30 newLabel= 1 currentLabel= 1 
R-CCU: sum(pointsPerCluster) = 1829 
 num [1:3] 1826 1 2
NULL
R-CCU: After ClusterLabelChange for i = 30 
R-CCU: sum(pointsPerCluster) = 1830 
 num [1:3] 1827 1 2
NULL
R-CCU: dpObj$numberClusters = 3 
List of 2
 $ : num [1, 1, 1:3] 0.445 0.265 0.652
 $ : num [1, 1, 1:3] 2.41 3.79 3.21
NULL
R priorParameters: 2 8 
R maxT: 1 
R_PriorDraw_first_mu: 0.1626609 
R_PriorDraw_first_nu: 18.12462 
R-CCU: Before ClusterLabelChange for i = 31 newLabel= 1 currentLabel= 1 
R-CCU: sum(pointsPerCluster) = 1830 
 num [1:3] 1827 1 2
NULL
R-CCU: After ClusterLabelChange for i = 31 
R-CCU: sum(pointsPerCluster) = 1831 
 num [1:3] 1828 1 2
NULL
R-CCU: dpObj$numberClusters = 3 
List of 2
 $ : num [1, 1, 1:3] 0.445 0.265 0.652
 $ : num [1, 1, 1:3] 2.41 3.79 3.21
NULL
R priorParameters: 2 8 
R maxT: 1 
R_PriorDraw_first_mu: 0.8707688 
R_PriorDraw_first_nu: 4.873714 
R-CCU: Before ClusterLabelChange for i = 32 newLabel= 1 currentLabel= 1 
R-CCU: sum(pointsPerCluster) = 1831 
 num [1:3] 1828 1 2
NULL
R-CCU: After ClusterLabelChange for i = 32 
R-CCU: sum(pointsPerCluster) = 1832 
 num [1:3] 1829 1 2
NULL
R-CCU: dpObj$numberClusters = 3 
List of 2
 $ : num [1, 1, 1:3] 0.445 0.265 0.652
 $ : num [1, 1, 1:3] 2.41 3.79 3.21
NULL
R priorParameters: 2 8 
R maxT: 1 
R_PriorDraw_first_mu: 0.5698188 
R_PriorDraw_first_nu: 2.940666 
R-CCU: Before ClusterLabelChange for i = 33 newLabel= 1 currentLabel= 1 
R-CCU: sum(pointsPerCluster) = 1832 
 num [1:3] 1829 1 2
NULL
R-CCU: After ClusterLabelChange for i = 33 
R-CCU: sum(pointsPerCluster) = 1833 
 num [1:3] 1830 1 2
NULL
R-CCU: dpObj$numberClusters = 3 
List of 2
 $ : num [1, 1, 1:3] 0.445 0.265 0.652
 $ : num [1, 1, 1:3] 2.41 3.79 3.21
NULL
R priorParameters: 2 8 
R maxT: 1 
R_PriorDraw_first_mu: 0.2831937 
R_PriorDraw_first_nu: 3.738089 
R-CCU: Before ClusterLabelChange for i = 34 newLabel= 1 currentLabel= 1 
R-CCU: sum(pointsPerCluster) = 1833 
 num [1:3] 1830 1 2
NULL
R-CCU: After ClusterLabelChange for i = 34 
R-CCU: sum(pointsPerCluster) = 1834 
 num [1:3] 1831 1 2
NULL
R-CCU: dpObj$numberClusters = 3 
List of 2
 $ : num [1, 1, 1:3] 0.445 0.265 0.652
 $ : num [1, 1, 1:3] 2.41 3.79 3.21
NULL
R priorParameters: 2 8 
R maxT: 1 
R_PriorDraw_first_mu: 0.6096031 
R_PriorDraw_first_nu: 4.150826 
R-CCU: Before ClusterLabelChange for i = 35 newLabel= 1 currentLabel= 1 
R-CCU: sum(pointsPerCluster) = 1834 
 num [1:3] 1831 1 2
NULL
R-CCU: After ClusterLabelChange for i = 35 
R-CCU: sum(pointsPerCluster) = 1835 
 num [1:3] 1832 1 2
NULL
R-CCU: dpObj$numberClusters = 3 
List of 2
 $ : num [1, 1, 1:3] 0.445 0.265 0.652
 $ : num [1, 1, 1:3] 2.41 3.79 3.21
NULL
R priorParameters: 2 8 
R maxT: 1 
R_PriorDraw_first_mu: 0.425863 
R_PriorDraw_first_nu: 3.513642 
R-CCU: Before ClusterLabelChange for i = 36 newLabel= 1 currentLabel= 1 
R-CCU: sum(pointsPerCluster) = 1835 
 num [1:3] 1832 1 2
NULL
R-CCU: After ClusterLabelChange for i = 36 
R-CCU: sum(pointsPerCluster) = 1836 
 num [1:3] 1833 1 2
NULL
R-CCU: dpObj$numberClusters = 3 
List of 2
 $ : num [1, 1, 1:3] 0.445 0.265 0.652
 $ : num [1, 1, 1:3] 2.41 3.79 3.21
NULL
R priorParameters: 2 8 
R maxT: 1 
R_PriorDraw_first_mu: 0.1185296 
R_PriorDraw_first_nu: 2.378981 
R-CCU: Before ClusterLabelChange for i = 37 newLabel= 1 currentLabel= 1 
R-CCU: sum(pointsPerCluster) = 1836 
 num [1:3] 1833 1 2
NULL
R-CCU: After ClusterLabelChange for i = 37 
R-CCU: sum(pointsPerCluster) = 1837 
 num [1:3] 1834 1 2
NULL
R-CCU: dpObj$numberClusters = 3 
List of 2
 $ : num [1, 1, 1:3] 0.445 0.265 0.652
 $ : num [1, 1, 1:3] 2.41 3.79 3.21
NULL
R priorParameters: 2 8 
R maxT: 1 
R_PriorDraw_first_mu: 0.6388459 
R_PriorDraw_first_nu: 7.18553 
R-CCU: Before ClusterLabelChange for i = 38 newLabel= 1 currentLabel= 1 
R-CCU: sum(pointsPerCluster) = 1837 
 num [1:3] 1834 1 2
NULL
R-CCU: After ClusterLabelChange for i = 38 
R-CCU: sum(pointsPerCluster) = 1838 
 num [1:3] 1835 1 2
NULL
R-CCU: dpObj$numberClusters = 3 
List of 2
 $ : num [1, 1, 1:3] 0.445 0.265 0.652
 $ : num [1, 1, 1:3] 2.41 3.79 3.21
NULL
R priorParameters: 2 8 
R maxT: 1 
R_PriorDraw_first_mu: 0.1398959 
R_PriorDraw_first_nu: 4.426572 
R-CCU: Before ClusterLabelChange for i = 39 newLabel= 1 currentLabel= 1 
R-CCU: sum(pointsPerCluster) = 1838 
 num [1:3] 1835 1 2
NULL
R-CCU: After ClusterLabelChange for i = 39 
R-CCU: sum(pointsPerCluster) = 1839 
 num [1:3] 1836 1 2
NULL
R-CCU: dpObj$numberClusters = 3 
List of 2
 $ : num [1, 1, 1:3] 0.445 0.265 0.652
 $ : num [1, 1, 1:3] 2.41 3.79 3.21
NULL
R priorParameters: 2 8 
R maxT: 1 
R_PriorDraw_first_mu: 0.7540172 
R_PriorDraw_first_nu: 6.014753 
R-CCU: Before ClusterLabelChange for i = 40 newLabel= 1 currentLabel= 1 
R-CCU: sum(pointsPerCluster) = 1839 
 num [1:3] 1836 1 2
NULL
R-CCU: After ClusterLabelChange for i = 40 
R-CCU: sum(pointsPerCluster) = 1840 
 num [1:3] 1837 1 2
NULL
R-CCU: dpObj$numberClusters = 3 
List of 2
 $ : num [1, 1, 1:3] 0.445 0.265 0.652
 $ : num [1, 1, 1:3] 2.41 3.79 3.21
NULL
R priorParameters: 2 8 
R maxT: 1 
R_PriorDraw_first_mu: 0.4145183 
R_PriorDraw_first_nu: 4.935613 
R-CCU: Before ClusterLabelChange for i = 41 newLabel= 1 currentLabel= 1 
R-CCU: sum(pointsPerCluster) = 1840 
 num [1:3] 1837 1 2
NULL
R-CCU: After ClusterLabelChange for i = 41 
R-CCU: sum(pointsPerCluster) = 1841 
 num [1:3] 1838 1 2
NULL
R-CCU: dpObj$numberClusters = 3 
List of 2
 $ : num [1, 1, 1:3] 0.445 0.265 0.652
 $ : num [1, 1, 1:3] 2.41 3.79 3.21
NULL
R priorParameters: 2 8 
R maxT: 1 
R_PriorDraw_first_mu: 0.4774081 
R_PriorDraw_first_nu: 7.098964 
R-CCU: Before ClusterLabelChange for i = 42 newLabel= 1 currentLabel= 1 
R-CCU: sum(pointsPerCluster) = 1841 
 num [1:3] 1838 1 2
NULL
R-CCU: After ClusterLabelChange for i = 42 
R-CCU: sum(pointsPerCluster) = 1842 
 num [1:3] 1839 1 2
NULL
R-CCU: dpObj$numberClusters = 3 
List of 2
 $ : num [1, 1, 1:3] 0.445 0.265 0.652
 $ : num [1, 1, 1:3] 2.41 3.79 3.21
NULL
R priorParameters: 2 8 
R maxT: 1 
R_PriorDraw_first_mu: 0.9165576 
R_PriorDraw_first_nu: 5.805443 
R-CCU: Before ClusterLabelChange for i = 43 newLabel= 1 currentLabel= 1 
R-CCU: sum(pointsPerCluster) = 1842 
 num [1:3] 1839 1 2
NULL
R-CCU: After ClusterLabelChange for i = 43 
R-CCU: sum(pointsPerCluster) = 1843 
 num [1:3] 1840 1 2
NULL
R-CCU: dpObj$numberClusters = 3 
List of 2
 $ : num [1, 1, 1:3] 0.445 0.265 0.652
 $ : num [1, 1, 1:3] 2.41 3.79 3.21
NULL
R priorParameters: 2 8 
R maxT: 1 
R_PriorDraw_first_mu: 0.9816997 
R_PriorDraw_first_nu: 5.835742 
R-CCU: Before ClusterLabelChange for i = 44 newLabel= 1 currentLabel= 1 
R-CCU: sum(pointsPerCluster) = 1843 
 num [1:3] 1840 1 2
NULL
R-CCU: After ClusterLabelChange for i = 44 
R-CCU: sum(pointsPerCluster) = 1844 
 num [1:3] 1841 1 2
NULL
R-CCU: dpObj$numberClusters = 3 
List of 2
 $ : num [1, 1, 1:3] 0.445 0.265 0.652
 $ : num [1, 1, 1:3] 2.41 3.79 3.21
NULL
R priorParameters: 2 8 
R maxT: 1 
R_PriorDraw_first_mu: 0.6736647 
R_PriorDraw_first_nu: 1.331422 
R-CCU: Before ClusterLabelChange for i = 45 newLabel= 1 currentLabel= 1 
R-CCU: sum(pointsPerCluster) = 1844 
 num [1:3] 1841 1 2
NULL
R-CCU: After ClusterLabelChange for i = 45 
R-CCU: sum(pointsPerCluster) = 1845 
 num [1:3] 1842 1 2
NULL
R-CCU: dpObj$numberClusters = 3 
List of 2
 $ : num [1, 1, 1:3] 0.445 0.265 0.652
 $ : num [1, 1, 1:3] 2.41 3.79 3.21
NULL
R priorParameters: 2 8 
R maxT: 1 
R_PriorDraw_first_mu: 0.8417952 
R_PriorDraw_first_nu: 2.65241 
R-CCU: Before ClusterLabelChange for i = 46 newLabel= 1 currentLabel= 1 
R-CCU: sum(pointsPerCluster) = 1845 
 num [1:3] 1842 1 2
NULL
R-CCU: After ClusterLabelChange for i = 46 
R-CCU: sum(pointsPerCluster) = 1846 
 num [1:3] 1843 1 2
NULL
R-CCU: dpObj$numberClusters = 3 
List of 2
 $ : num [1, 1, 1:3] 0.445 0.265 0.652
 $ : num [1, 1, 1:3] 2.41 3.79 3.21
NULL
R priorParameters: 2 8 
R maxT: 1 
R_PriorDraw_first_mu: 0.128813 
R_PriorDraw_first_nu: 7.544883 
R-CCU: Before ClusterLabelChange for i = 47 newLabel= 1 currentLabel= 1 
R-CCU: sum(pointsPerCluster) = 1846 
 num [1:3] 1843 1 2
NULL
R-CCU: After ClusterLabelChange for i = 47 
R-CCU: sum(pointsPerCluster) = 1847 
 num [1:3] 1844 1 2
NULL
R-CCU: dpObj$numberClusters = 3 
List of 2
 $ : num [1, 1, 1:3] 0.445 0.265 0.652
 $ : num [1, 1, 1:3] 2.41 3.79 3.21
NULL
R priorParameters: 2 8 
R maxT: 1 
R_PriorDraw_first_mu: 0.5207376 
R_PriorDraw_first_nu: 4.437836 
R-CCU: Before ClusterLabelChange for i = 48 newLabel= 1 currentLabel= 1 
R-CCU: sum(pointsPerCluster) = 1847 
 num [1:3] 1844 1 2
NULL
R-CCU: After ClusterLabelChange for i = 48 
R-CCU: sum(pointsPerCluster) = 1848 
 num [1:3] 1845 1 2
NULL
R-CCU: dpObj$numberClusters = 3 
List of 2
 $ : num [1, 1, 1:3] 0.445 0.265 0.652
 $ : num [1, 1, 1:3] 2.41 3.79 3.21
NULL
R priorParameters: 2 8 
R maxT: 1 
R_PriorDraw_first_mu: 0.1359011 
R_PriorDraw_first_nu: 2.564532 
R-CCU: Before ClusterLabelChange for i = 49 newLabel= 1 currentLabel= 1 
R-CCU: sum(pointsPerCluster) = 1848 
 num [1:3] 1845 1 2
NULL
R-CCU: After ClusterLabelChange for i = 49 
R-CCU: sum(pointsPerCluster) = 1849 
 num [1:3] 1846 1 2
NULL
R-CCU: dpObj$numberClusters = 3 
List of 2
 $ : num [1, 1, 1:3] 0.445 0.265 0.652
 $ : num [1, 1, 1:3] 2.41 3.79 3.21
NULL
R priorParameters: 2 8 
R maxT: 1 
R_PriorDraw_first_mu: 0.5406767 
R_PriorDraw_first_nu: 2.937943 
R-CCU: Before ClusterLabelChange for i = 50 newLabel= 1 currentLabel= 1 
R-CCU: sum(pointsPerCluster) = 1849 
 num [1:3] 1846 1 2
NULL
R-CCU: After ClusterLabelChange for i = 50 
R-CCU: sum(pointsPerCluster) = 1850 
 num [1:3] 1847 1 2
NULL
R-CCU: dpObj$numberClusters = 3 
List of 2
 $ : num [1, 1, 1:3] 0.445 0.265 0.652
 $ : num [1, 1, 1:3] 2.41 3.79 3.21
NULL
R priorParameters: 2 8 
R maxT: 1 
R_PriorDraw_first_mu: 0.9581865 
R_PriorDraw_first_nu: 3.327417 
R-CCU: Before ClusterLabelChange for i = 51 newLabel= 1 currentLabel= 1 
R-CCU: sum(pointsPerCluster) = 1850 
 num [1:3] 1847 1 2
NULL
R-CCU: After ClusterLabelChange for i = 51 
R-CCU: sum(pointsPerCluster) = 1851 
 num [1:3] 1848 1 2
NULL
R-CCU: dpObj$numberClusters = 3 
List of 2
 $ : num [1, 1, 1:3] 0.445 0.265 0.652
 $ : num [1, 1, 1:3] 2.41 3.79 3.21
NULL
R priorParameters: 2 8 
R maxT: 1 
R_PriorDraw_first_mu: 0.2829645 
R_PriorDraw_first_nu: 2.792 
R-CCU: Before ClusterLabelChange for i = 52 newLabel= 1 currentLabel= 1 
R-CCU: sum(pointsPerCluster) = 1851 
 num [1:3] 1848 1 2
NULL
R-CCU: After ClusterLabelChange for i = 52 
R-CCU: sum(pointsPerCluster) = 1852 
 num [1:3] 1849 1 2
NULL
R-CCU: dpObj$numberClusters = 3 
List of 2
 $ : num [1, 1, 1:3] 0.445 0.265 0.652
 $ : num [1, 1, 1:3] 2.41 3.79 3.21
NULL
R priorParameters: 2 8 
R maxT: 1 
R_PriorDraw_first_mu: 0.1035826 
R_PriorDraw_first_nu: 5.146535 
R-CCU: Before ClusterLabelChange for i = 53 newLabel= 1 currentLabel= 1 
R-CCU: sum(pointsPerCluster) = 1852 
 num [1:3] 1849 1 2
NULL
R-CCU: After ClusterLabelChange for i = 53 
R-CCU: sum(pointsPerCluster) = 1853 
 num [1:3] 1850 1 2
NULL
R-CCU: dpObj$numberClusters = 3 
List of 2
 $ : num [1, 1, 1:3] 0.445 0.265 0.652
 $ : num [1, 1, 1:3] 2.41 3.79 3.21
NULL
R priorParameters: 2 8 
R maxT: 1 
R_PriorDraw_first_mu: 0.4540224 
R_PriorDraw_first_nu: 16.90013 
R-CCU: Before ClusterLabelChange for i = 54 newLabel= 1 currentLabel= 1 
R-CCU: sum(pointsPerCluster) = 1853 
 num [1:3] 1850 1 2
NULL
R-CCU: After ClusterLabelChange for i = 54 
R-CCU: sum(pointsPerCluster) = 1854 
 num [1:3] 1851 1 2
NULL
R-CCU: dpObj$numberClusters = 3 
List of 2
 $ : num [1, 1, 1:3] 0.445 0.265 0.652
 $ : num [1, 1, 1:3] 2.41 3.79 3.21
NULL
R priorParameters: 2 8 
R maxT: 1 
R_PriorDraw_first_mu: 0.5610735 
R_PriorDraw_first_nu: 10.95518 
R-CCU: Before ClusterLabelChange for i = 55 newLabel= 1 currentLabel= 1 
R-CCU: sum(pointsPerCluster) = 1854 
 num [1:3] 1851 1 2
NULL
R-CCU: After ClusterLabelChange for i = 55 
R-CCU: sum(pointsPerCluster) = 1855 
 num [1:3] 1852 1 2
NULL
R-CCU: dpObj$numberClusters = 3 
List of 2
 $ : num [1, 1, 1:3] 0.445 0.265 0.652
 $ : num [1, 1, 1:3] 2.41 3.79 3.21
NULL
R priorParameters: 2 8 
R maxT: 1 
R_PriorDraw_first_mu: 0.9363447 
R_PriorDraw_first_nu: 2.367513 
R-CCU: Before ClusterLabelChange for i = 56 newLabel= 1 currentLabel= 1 
R-CCU: sum(pointsPerCluster) = 1855 
 num [1:3] 1852 1 2
NULL
R-CCU: After ClusterLabelChange for i = 56 
R-CCU: sum(pointsPerCluster) = 1856 
 num [1:3] 1853 1 2
NULL
R-CCU: dpObj$numberClusters = 3 
List of 2
 $ : num [1, 1, 1:3] 0.445 0.265 0.652
 $ : num [1, 1, 1:3] 2.41 3.79 3.21
NULL
R priorParameters: 2 8 
R maxT: 1 
R_PriorDraw_first_mu: 0.5662333 
R_PriorDraw_first_nu: 3.348386 
R-CCU: Before ClusterLabelChange for i = 57 newLabel= 1 currentLabel= 1 
R-CCU: sum(pointsPerCluster) = 1856 
 num [1:3] 1853 1 2
NULL
R-CCU: After ClusterLabelChange for i = 57 
R-CCU: sum(pointsPerCluster) = 1857 
 num [1:3] 1854 1 2
NULL
R-CCU: dpObj$numberClusters = 3 
List of 2
 $ : num [1, 1, 1:3] 0.445 0.265 0.652
 $ : num [1, 1, 1:3] 2.41 3.79 3.21
NULL
R priorParameters: 2 8 
R maxT: 1 
R_PriorDraw_first_mu: 0.1369978 
R_PriorDraw_first_nu: 20.84284 
R-CCU: Before ClusterLabelChange for i = 58 newLabel= 1 currentLabel= 1 
R-CCU: sum(pointsPerCluster) = 1857 
 num [1:3] 1854 1 2
NULL
R-CCU: After ClusterLabelChange for i = 58 
R-CCU: sum(pointsPerCluster) = 1858 
 num [1:3] 1855 1 2
NULL
R-CCU: dpObj$numberClusters = 3 
List of 2
 $ : num [1, 1, 1:3] 0.445 0.265 0.652
 $ : num [1, 1, 1:3] 2.41 3.79 3.21
NULL
R priorParameters: 2 8 
R maxT: 1 
R_PriorDraw_first_mu: 0.8932653 
R_PriorDraw_first_nu: 5.24246 
R-CCU: Before ClusterLabelChange for i = 59 newLabel= 1 currentLabel= 1 
R-CCU: sum(pointsPerCluster) = 1858 
 num [1:3] 1855 1 2
NULL
R-CCU: After ClusterLabelChange for i = 59 
R-CCU: sum(pointsPerCluster) = 1859 
 num [1:3] 1856 1 2
NULL
R-CCU: dpObj$numberClusters = 3 
List of 2
 $ : num [1, 1, 1:3] 0.445 0.265 0.652
 $ : num [1, 1, 1:3] 2.41 3.79 3.21
NULL
R priorParameters: 2 8 
R maxT: 1 
R_PriorDraw_first_mu: 0.6222086 
R_PriorDraw_first_nu: 1.859795 
R-CCU: Before ClusterLabelChange for i = 60 newLabel= 1 currentLabel= 1 
R-CCU: sum(pointsPerCluster) = 1859 
 num [1:3] 1856 1 2
NULL
R-CCU: After ClusterLabelChange for i = 60 
R-CCU: sum(pointsPerCluster) = 1860 
 num [1:3] 1857 1 2
NULL
R-CCU: dpObj$numberClusters = 3 
List of 2
 $ : num [1, 1, 1:3] 0.445 0.265 0.652
 $ : num [1, 1, 1:3] 2.41 3.79 3.21
NULL

⠏ |   60      0 | Beta Distribution Full Integration Test          R priorParameters: 2 8 
R maxT: 1 
R_PriorDraw_first_mu: 0.4223532 
R_PriorDraw_first_nu: 3.284102 
R-CCU: Before ClusterLabelChange for i = 1 newLabel= 1 currentLabel= 1 
R-CCU: sum(pointsPerCluster) = 1860 
 num [1:3] 1857 1 2
NULL
R-CCU: After ClusterLabelChange for i = 1 
R-CCU: sum(pointsPerCluster) = 1861 
 num [1:3] 1858 1 2
NULL
R-CCU: dpObj$numberClusters = 3 
List of 2
 $ : num [1, 1, 1:3] 0.402 0.265 0.652
 $ : num [1, 1, 1:3] 2.95 3.79 3.21
NULL
R priorParameters: 2 8 
R maxT: 1 
R_PriorDraw_first_mu: 0.8125674 
R_PriorDraw_first_nu: 3.181108 
R-CCU: Before ClusterLabelChange for i = 2 newLabel= 1 currentLabel= 1 
R-CCU: sum(pointsPerCluster) = 1861 
 num [1:3] 1858 1 2
NULL
R-CCU: After ClusterLabelChange for i = 2 
R-CCU: sum(pointsPerCluster) = 1862 
 num [1:3] 1859 1 2
NULL
R-CCU: dpObj$numberClusters = 3 
List of 2
 $ : num [1, 1, 1:3] 0.402 0.265 0.652
 $ : num [1, 1, 1:3] 2.95 3.79 3.21
NULL
R priorParameters: 2 8 
R maxT: 1 
R_PriorDraw_first_mu: 0.3494702 
R_PriorDraw_first_nu: 3.176468 
R-CCU: Before ClusterLabelChange for i = 3 newLabel= 1 currentLabel= 1 
R-CCU: sum(pointsPerCluster) = 1862 
 num [1:3] 1859 1 2
NULL
R-CCU: After ClusterLabelChange for i = 3 
R-CCU: sum(pointsPerCluster) = 1863 
 num [1:3] 1860 1 2
NULL
R-CCU: dpObj$numberClusters = 3 
List of 2
 $ : num [1, 1, 1:3] 0.402 0.265 0.652
 $ : num [1, 1, 1:3] 2.95 3.79 3.21
NULL
R priorParameters: 2 8 
R maxT: 1 
R_PriorDraw_first_mu: 0.5742728 
R_PriorDraw_first_nu: 12.5111 
R-CCU: Before ClusterLabelChange for i = 4 newLabel= 1 currentLabel= 1 
R-CCU: sum(pointsPerCluster) = 1863 
 num [1:3] 1860 1 2
NULL
R-CCU: After ClusterLabelChange for i = 4 
R-CCU: sum(pointsPerCluster) = 1864 
 num [1:3] 1861 1 2
NULL
R-CCU: dpObj$numberClusters = 3 
List of 2
 $ : num [1, 1, 1:3] 0.402 0.265 0.652
 $ : num [1, 1, 1:3] 2.95 3.79 3.21
NULL
R priorParameters: 2 8 
R maxT: 1 
R_PriorDraw_first_mu: 0.6681696 
R_PriorDraw_first_nu: 12.11132 
R-CCU: Before ClusterLabelChange for i = 5 newLabel= 1 currentLabel= 1 
R-CCU: sum(pointsPerCluster) = 1864 
 num [1:3] 1861 1 2
NULL
R-CCU: After ClusterLabelChange for i = 5 
R-CCU: sum(pointsPerCluster) = 1865 
 num [1:3] 1862 1 2
NULL
R-CCU: dpObj$numberClusters = 3 
List of 2
 $ : num [1, 1, 1:3] 0.402 0.265 0.652
 $ : num [1, 1, 1:3] 2.95 3.79 3.21
NULL
R priorParameters: 2 8 
R maxT: 1 
R_PriorDraw_first_mu: 0.0796627 
R_PriorDraw_first_nu: 2.766138 
R-CCU: Before ClusterLabelChange for i = 6 newLabel= 1 currentLabel= 1 
R-CCU: sum(pointsPerCluster) = 1865 
 num [1:3] 1862 1 2
NULL
R-CCU: After ClusterLabelChange for i = 6 
R-CCU: sum(pointsPerCluster) = 1866 
 num [1:3] 1863 1 2
NULL
R-CCU: dpObj$numberClusters = 3 
List of 2
 $ : num [1, 1, 1:3] 0.402 0.265 0.652
 $ : num [1, 1, 1:3] 2.95 3.79 3.21
NULL
R priorParameters: 2 8 
R maxT: 1 
R_PriorDraw_first_mu: 0.1490105 
R_PriorDraw_first_nu: 3.122315 
R-CCU: Before ClusterLabelChange for i = 7 newLabel= 1 currentLabel= 1 
R-CCU: sum(pointsPerCluster) = 1866 
 num [1:3] 1863 1 2
NULL
R-CCU: After ClusterLabelChange for i = 7 
R-CCU: sum(pointsPerCluster) = 1867 
 num [1:3] 1864 1 2
NULL
R-CCU: dpObj$numberClusters = 3 
List of 2
 $ : num [1, 1, 1:3] 0.402 0.265 0.652
 $ : num [1, 1, 1:3] 2.95 3.79 3.21
NULL
R priorParameters: 2 8 
R maxT: 1 
R_PriorDraw_first_mu: 0.7995488 
R_PriorDraw_first_nu: 4.805807 
R-CCU: Before ClusterLabelChange for i = 8 newLabel= 1 currentLabel= 1 
R-CCU: sum(pointsPerCluster) = 1867 
 num [1:3] 1864 1 2
NULL
R-CCU: After ClusterLabelChange for i = 8 
R-CCU: sum(pointsPerCluster) = 1868 
 num [1:3] 1865 1 2
NULL
R-CCU: dpObj$numberClusters = 3 
List of 2
 $ : num [1, 1, 1:3] 0.402 0.265 0.652
 $ : num [1, 1, 1:3] 2.95 3.79 3.21
NULL
R priorParameters: 2 8 
R maxT: 1 
R_PriorDraw_first_mu: 0.814909 
R_PriorDraw_first_nu: 2.907388 
R-CCU: Before ClusterLabelChange for i = 9 newLabel= 1 currentLabel= 1 
R-CCU: sum(pointsPerCluster) = 1868 
 num [1:3] 1865 1 2
NULL
R-CCU: After ClusterLabelChange for i = 9 
R-CCU: sum(pointsPerCluster) = 1869 
 num [1:3] 1866 1 2
NULL
R-CCU: dpObj$numberClusters = 3 
List of 2
 $ : num [1, 1, 1:3] 0.402 0.265 0.652
 $ : num [1, 1, 1:3] 2.95 3.79 3.21
NULL
R priorParameters: 2 8 
R maxT: 1 
R_PriorDraw_first_mu: 0.6343215 
R_PriorDraw_first_nu: 6.17676 
R-CCU: Before ClusterLabelChange for i = 10 newLabel= 1 currentLabel= 1 
R-CCU: sum(pointsPerCluster) = 1869 
 num [1:3] 1866 1 2
NULL
R-CCU: After ClusterLabelChange for i = 10 
R-CCU: sum(pointsPerCluster) = 1870 
 num [1:3] 1867 1 2
NULL
R-CCU: dpObj$numberClusters = 3 
List of 2
 $ : num [1, 1, 1:3] 0.402 0.265 0.652
 $ : num [1, 1, 1:3] 2.95 3.79 3.21
NULL
R priorParameters: 2 8 
R maxT: 1 
R_PriorDraw_first_mu: 0.9521366 
R_PriorDraw_first_nu: 2.508733 
R-CCU: Before ClusterLabelChange for i = 11 newLabel= 1 currentLabel= 1 
R-CCU: sum(pointsPerCluster) = 1870 
 num [1:3] 1867 1 2
NULL
R-CCU: After ClusterLabelChange for i = 11 
R-CCU: sum(pointsPerCluster) = 1871 
 num [1:3] 1868 1 2
NULL
R-CCU: dpObj$numberClusters = 3 
List of 2
 $ : num [1, 1, 1:3] 0.402 0.265 0.652
 $ : num [1, 1, 1:3] 2.95 3.79 3.21
NULL
R priorParameters: 2 8 
R maxT: 1 
R_PriorDraw_first_mu: 0.9652572 
R_PriorDraw_first_nu: 2.279321 
R-CCU: Before ClusterLabelChange for i = 12 newLabel= 1 currentLabel= 1 
R-CCU: sum(pointsPerCluster) = 1871 
 num [1:3] 1868 1 2
NULL
R-CCU: After ClusterLabelChange for i = 12 
R-CCU: sum(pointsPerCluster) = 1872 
 num [1:3] 1869 1 2
NULL
R-CCU: dpObj$numberClusters = 3 
List of 2
 $ : num [1, 1, 1:3] 0.402 0.265 0.652
 $ : num [1, 1, 1:3] 2.95 3.79 3.21
NULL
R priorParameters: 2 8 
R maxT: 1 
R_PriorDraw_first_mu: 0.4801168 
R_PriorDraw_first_nu: 2.133152 
R-CCU: Before ClusterLabelChange for i = 13 newLabel= 1 currentLabel= 1 
R-CCU: sum(pointsPerCluster) = 1872 
 num [1:3] 1869 1 2
NULL
R-CCU: After ClusterLabelChange for i = 13 
R-CCU: sum(pointsPerCluster) = 1873 
 num [1:3] 1870 1 2
NULL
R-CCU: dpObj$numberClusters = 3 
List of 2
 $ : num [1, 1, 1:3] 0.402 0.265 0.652
 $ : num [1, 1, 1:3] 2.95 3.79 3.21
NULL
R priorParameters: 2 8 
R maxT: 1 
R_PriorDraw_first_mu: 0.598018 
R_PriorDraw_first_nu: 4.752288 
R-CCU: Before ClusterLabelChange for i = 14 newLabel= 1 currentLabel= 1 
R-CCU: sum(pointsPerCluster) = 1873 
 num [1:3] 1870 1 2
NULL
R-CCU: After ClusterLabelChange for i = 14 
R-CCU: sum(pointsPerCluster) = 1874 
 num [1:3] 1871 1 2
NULL
R-CCU: dpObj$numberClusters = 3 
List of 2
 $ : num [1, 1, 1:3] 0.402 0.265 0.652
 $ : num [1, 1, 1:3] 2.95 3.79 3.21
NULL
R priorParameters: 2 8 
R maxT: 1 
R_PriorDraw_first_mu: 0.2434884 
R_PriorDraw_first_nu: 335.1349 
R-CCU: Before ClusterLabelChange for i = 15 newLabel= 1 currentLabel= 1 
R-CCU: sum(pointsPerCluster) = 1874 
 num [1:3] 1871 1 2
NULL
R-CCU: After ClusterLabelChange for i = 15 
R-CCU: sum(pointsPerCluster) = 1875 
 num [1:3] 1872 1 2
NULL
R-CCU: dpObj$numberClusters = 3 
List of 2
 $ : num [1, 1, 1:3] 0.402 0.265 0.652
 $ : num [1, 1, 1:3] 2.95 3.79 3.21
NULL
R priorParameters: 2 8 
R maxT: 1 
R_PriorDraw_first_mu: 0.7512919 
R_PriorDraw_first_nu: 10.48087 
R-CCU: Before ClusterLabelChange for i = 16 newLabel= 1 currentLabel= 1 
R-CCU: sum(pointsPerCluster) = 1875 
 num [1:3] 1872 1 2
NULL
R-CCU: After ClusterLabelChange for i = 16 
R-CCU: sum(pointsPerCluster) = 1876 
 num [1:3] 1873 1 2
NULL
R-CCU: dpObj$numberClusters = 3 
List of 2
 $ : num [1, 1, 1:3] 0.402 0.265 0.652
 $ : num [1, 1, 1:3] 2.95 3.79 3.21
NULL
R priorParameters: 2 8 
R maxT: 1 
R_PriorDraw_first_mu: 0.1564141 
R_PriorDraw_first_nu: 11.5431 
R-CCU: Before ClusterLabelChange for i = 17 newLabel= 1 currentLabel= 1 
R-CCU: sum(pointsPerCluster) = 1876 
 num [1:3] 1873 1 2
NULL
R-CCU: After ClusterLabelChange for i = 17 
R-CCU: sum(pointsPerCluster) = 1877 
 num [1:3] 1874 1 2
NULL
R-CCU: dpObj$numberClusters = 3 
List of 2
 $ : num [1, 1, 1:3] 0.402 0.265 0.652
 $ : num [1, 1, 1:3] 2.95 3.79 3.21
NULL
R priorParameters: 2 8 
R maxT: 1 
R_PriorDraw_first_mu: 0.9181696 
R_PriorDraw_first_nu: 3.798572 
R-CCU: Before ClusterLabelChange for i = 18 newLabel= 1 currentLabel= 1 
R-CCU: sum(pointsPerCluster) = 1877 
 num [1:3] 1874 1 2
NULL
R-CCU: After ClusterLabelChange for i = 18 
R-CCU: sum(pointsPerCluster) = 1878 
 num [1:3] 1875 1 2
NULL
R-CCU: dpObj$numberClusters = 3 
List of 2
 $ : num [1, 1, 1:3] 0.402 0.265 0.652
 $ : num [1, 1, 1:3] 2.95 3.79 3.21
NULL
R priorParameters: 2 8 
R maxT: 1 
R_PriorDraw_first_mu: 0.9973598 
R_PriorDraw_first_nu: 2.468272 
R-CCU: Before ClusterLabelChange for i = 19 newLabel= 1 currentLabel= 1 
R-CCU: sum(pointsPerCluster) = 1878 
 num [1:3] 1875 1 2
NULL
R-CCU: After ClusterLabelChange for i = 19 
R-CCU: sum(pointsPerCluster) = 1879 
 num [1:3] 1876 1 2
NULL
R-CCU: dpObj$numberClusters = 3 
List of 2
 $ : num [1, 1, 1:3] 0.402 0.265 0.652
 $ : num [1, 1, 1:3] 2.95 3.79 3.21
NULL
R priorParameters: 2 8 
R maxT: 1 
R_PriorDraw_first_mu: 0.04561596 
R_PriorDraw_first_nu: 10.53943 
R-CCU: Before ClusterLabelChange for i = 20 newLabel= 1 currentLabel= 1 
R-CCU: sum(pointsPerCluster) = 1879 
 num [1:3] 1876 1 2
NULL
R-CCU: After ClusterLabelChange for i = 20 
R-CCU: sum(pointsPerCluster) = 1880 
 num [1:3] 1877 1 2
NULL
R-CCU: dpObj$numberClusters = 3 
List of 2
 $ : num [1, 1, 1:3] 0.402 0.265 0.652
 $ : num [1, 1, 1:3] 2.95 3.79 3.21
NULL
R priorParameters: 2 8 
R maxT: 1 
R_PriorDraw_first_mu: 0.3140332 
R_PriorDraw_first_nu: 6.928499 
R-CCU: Before ClusterLabelChange for i = 21 newLabel= 1 currentLabel= 1 
R-CCU: sum(pointsPerCluster) = 1880 
 num [1:3] 1877 1 2
NULL
R-CCU: After ClusterLabelChange for i = 21 
R-CCU: sum(pointsPerCluster) = 1881 
 num [1:3] 1878 1 2
NULL
R-CCU: dpObj$numberClusters = 3 
List of 2
 $ : num [1, 1, 1:3] 0.402 0.265 0.652
 $ : num [1, 1, 1:3] 2.95 3.79 3.21
NULL
R priorParameters: 2 8 
R maxT: 1 
R_PriorDraw_first_mu: 0.1836695 
R_PriorDraw_first_nu: 2.717796 
R-CCU: Before ClusterLabelChange for i = 22 newLabel= 1 currentLabel= 1 
R-CCU: sum(pointsPerCluster) = 1881 
 num [1:3] 1878 1 2
NULL
R-CCU: After ClusterLabelChange for i = 22 
R-CCU: sum(pointsPerCluster) = 1882 
 num [1:3] 1879 1 2
NULL
R-CCU: dpObj$numberClusters = 3 
List of 2
 $ : num [1, 1, 1:3] 0.402 0.265 0.652
 $ : num [1, 1, 1:3] 2.95 3.79 3.21
NULL
R priorParameters: 2 8 
R maxT: 1 
R_PriorDraw_first_mu: 0.6173974 
R_PriorDraw_first_nu: 1.640233 
R-CCU: Before ClusterLabelChange for i = 23 newLabel= 1 currentLabel= 1 
R-CCU: sum(pointsPerCluster) = 1882 
 num [1:3] 1879 1 2
NULL
R-CCU: After ClusterLabelChange for i = 23 
R-CCU: sum(pointsPerCluster) = 1883 
 num [1:3] 1880 1 2
NULL
R-CCU: dpObj$numberClusters = 3 
List of 2
 $ : num [1, 1, 1:3] 0.402 0.265 0.652
 $ : num [1, 1, 1:3] 2.95 3.79 3.21
NULL
R priorParameters: 2 8 
R maxT: 1 
R_PriorDraw_first_mu: 0.7301386 
R_PriorDraw_first_nu: 4.912917 
R-CCU: Before ClusterLabelChange for i = 24 newLabel= 1 currentLabel= 1 
R-CCU: sum(pointsPerCluster) = 1883 
 num [1:3] 1880 1 2
NULL
R-CCU: After ClusterLabelChange for i = 24 
R-CCU: sum(pointsPerCluster) = 1884 
 num [1:3] 1881 1 2
NULL
R-CCU: dpObj$numberClusters = 3 
List of 2
 $ : num [1, 1, 1:3] 0.402 0.265 0.652
 $ : num [1, 1, 1:3] 2.95 3.79 3.21
NULL
R priorParameters: 2 8 
R maxT: 1 
R_PriorDraw_first_mu: 0.5882068 
R_PriorDraw_first_nu: 1.853243 
R-CCU: Before ClusterLabelChange for i = 25 newLabel= 1 currentLabel= 1 
R-CCU: sum(pointsPerCluster) = 1884 
 num [1:3] 1881 1 2
NULL
R-CCU: After ClusterLabelChange for i = 25 
R-CCU: sum(pointsPerCluster) = 1885 
 num [1:3] 1882 1 2
NULL
R-CCU: dpObj$numberClusters = 3 
List of 2
 $ : num [1, 1, 1:3] 0.402 0.265 0.652
 $ : num [1, 1, 1:3] 2.95 3.79 3.21
NULL
R priorParameters: 2 8 
R maxT: 1 
R_PriorDraw_first_mu: 0.5775277 
R_PriorDraw_first_nu: 17.44797 
R-CCU: Before ClusterLabelChange for i = 26 newLabel= 1 currentLabel= 1 
R-CCU: sum(pointsPerCluster) = 1885 
 num [1:3] 1882 1 2
NULL
R-CCU: After ClusterLabelChange for i = 26 
R-CCU: sum(pointsPerCluster) = 1886 
 num [1:3] 1883 1 2
NULL
R-CCU: dpObj$numberClusters = 3 
List of 2
 $ : num [1, 1, 1:3] 0.402 0.265 0.652
 $ : num [1, 1, 1:3] 2.95 3.79 3.21
NULL
R priorParameters: 2 8 
R maxT: 1 
R_PriorDraw_first_mu: 0.8595515 
R_PriorDraw_first_nu: 6.542479 
R-CCU: Before ClusterLabelChange for i = 27 newLabel= 1 currentLabel= 1 
R-CCU: sum(pointsPerCluster) = 1886 
 num [1:3] 1883 1 2
NULL
R-CCU: After ClusterLabelChange for i = 27 
R-CCU: sum(pointsPerCluster) = 1887 
 num [1:3] 1884 1 2
NULL
R-CCU: dpObj$numberClusters = 3 
List of 2
 $ : num [1, 1, 1:3] 0.402 0.265 0.652
 $ : num [1, 1, 1:3] 2.95 3.79 3.21
NULL
R priorParameters: 2 8 
R maxT: 1 
R_PriorDraw_first_mu: 0.07285987 
R_PriorDraw_first_nu: 5.242238 
R-CCU: Before ClusterLabelChange for i = 28 newLabel= 1 currentLabel= 1 
R-CCU: sum(pointsPerCluster) = 1887 
 num [1:3] 1884 1 2
NULL
R-CCU: After ClusterLabelChange for i = 28 
R-CCU: sum(pointsPerCluster) = 1888 
 num [1:3] 1885 1 2
NULL
R-CCU: dpObj$numberClusters = 3 
List of 2
 $ : num [1, 1, 1:3] 0.402 0.265 0.652
 $ : num [1, 1, 1:3] 2.95 3.79 3.21
NULL
R priorParameters: 2 8 
R maxT: 1 
R_PriorDraw_first_mu: 0.2561277 
R_PriorDraw_first_nu: 12.65028 
R-CCU: Before ClusterLabelChange for i = 29 newLabel= 1 currentLabel= 1 
R-CCU: sum(pointsPerCluster) = 1888 
 num [1:3] 1885 1 2
NULL
R-CCU: After ClusterLabelChange for i = 29 
R-CCU: sum(pointsPerCluster) = 1889 
 num [1:3] 1886 1 2
NULL
R-CCU: dpObj$numberClusters = 3 
List of 2
 $ : num [1, 1, 1:3] 0.402 0.265 0.652
 $ : num [1, 1, 1:3] 2.95 3.79 3.21
NULL
R priorParameters: 2 8 
R maxT: 1 
R_PriorDraw_first_mu: 0.1074216 
R_PriorDraw_first_nu: 2.755221 
R-CCU: Before ClusterLabelChange for i = 30 newLabel= 1 currentLabel= 1 
R-CCU: sum(pointsPerCluster) = 1889 
 num [1:3] 1886 1 2
NULL
R-CCU: After ClusterLabelChange for i = 30 
R-CCU: sum(pointsPerCluster) = 1890 
 num [1:3] 1887 1 2
NULL
R-CCU: dpObj$numberClusters = 3 
List of 2
 $ : num [1, 1, 1:3] 0.402 0.265 0.652
 $ : num [1, 1, 1:3] 2.95 3.79 3.21
NULL
R priorParameters: 2 8 
R maxT: 1 
R_PriorDraw_first_mu: 0.4574837 
R_PriorDraw_first_nu: 6.959004 
R-CCU: Before ClusterLabelChange for i = 31 newLabel= 1 currentLabel= 1 
R-CCU: sum(pointsPerCluster) = 1890 
 num [1:3] 1887 1 2
NULL
R-CCU: After ClusterLabelChange for i = 31 
R-CCU: sum(pointsPerCluster) = 1891 
 num [1:3] 1888 1 2
NULL
R-CCU: dpObj$numberClusters = 3 
List of 2
 $ : num [1, 1, 1:3] 0.402 0.265 0.652
 $ : num [1, 1, 1:3] 2.95 3.79 3.21
NULL
R priorParameters: 2 8 
R maxT: 1 
R_PriorDraw_first_mu: 0.9786606 
R_PriorDraw_first_nu: 2.707192 
R-CCU: Before ClusterLabelChange for i = 32 newLabel= 1 currentLabel= 1 
R-CCU: sum(pointsPerCluster) = 1891 
 num [1:3] 1888 1 2
NULL
R-CCU: After ClusterLabelChange for i = 32 
R-CCU: sum(pointsPerCluster) = 1892 
 num [1:3] 1889 1 2
NULL
R-CCU: dpObj$numberClusters = 3 
List of 2
 $ : num [1, 1, 1:3] 0.402 0.265 0.652
 $ : num [1, 1, 1:3] 2.95 3.79 3.21
NULL
R priorParameters: 2 8 
R maxT: 1 
R_PriorDraw_first_mu: 0.5846571 
R_PriorDraw_first_nu: 4.98567 
R-CCU: Before ClusterLabelChange for i = 33 newLabel= 1 currentLabel= 1 
R-CCU: sum(pointsPerCluster) = 1892 
 num [1:3] 1889 1 2
NULL
R-CCU: After ClusterLabelChange for i = 33 
R-CCU: sum(pointsPerCluster) = 1893 
 num [1:3] 1890 1 2
NULL
R-CCU: dpObj$numberClusters = 3 
List of 2
 $ : num [1, 1, 1:3] 0.402 0.265 0.652
 $ : num [1, 1, 1:3] 2.95 3.79 3.21
NULL
R priorParameters: 2 8 
R maxT: 1 
R_PriorDraw_first_mu: 0.1027045 
R_PriorDraw_first_nu: 3.844954 
R-CCU: Before ClusterLabelChange for i = 34 newLabel= 1 currentLabel= 1 
R-CCU: sum(pointsPerCluster) = 1893 
 num [1:3] 1890 1 2
NULL
R-CCU: After ClusterLabelChange for i = 34 
R-CCU: sum(pointsPerCluster) = 1894 
 num [1:3] 1891 1 2
NULL
R-CCU: dpObj$numberClusters = 3 
List of 2
 $ : num [1, 1, 1:3] 0.402 0.265 0.652
 $ : num [1, 1, 1:3] 2.95 3.79 3.21
NULL
R priorParameters: 2 8 
R maxT: 1 
R_PriorDraw_first_mu: 0.4979711 
R_PriorDraw_first_nu: 4.309539 
R-CCU: Before ClusterLabelChange for i = 35 newLabel= 1 currentLabel= 1 
R-CCU: sum(pointsPerCluster) = 1894 
 num [1:3] 1891 1 2
NULL
R-CCU: After ClusterLabelChange for i = 35 
R-CCU: sum(pointsPerCluster) = 1895 
 num [1:3] 1892 1 2
NULL
R-CCU: dpObj$numberClusters = 3 
List of 2
 $ : num [1, 1, 1:3] 0.402 0.265 0.652
 $ : num [1, 1, 1:3] 2.95 3.79 3.21
NULL
R priorParameters: 2 8 
R maxT: 1 
R_PriorDraw_first_mu: 0.001568391 
R_PriorDraw_first_nu: 4.149046 
R-CCU: Before ClusterLabelChange for i = 36 newLabel= 1 currentLabel= 1 
R-CCU: sum(pointsPerCluster) = 1895 
 num [1:3] 1892 1 2
NULL
R-CCU: After ClusterLabelChange for i = 36 
R-CCU: sum(pointsPerCluster) = 1896 
 num [1:3] 1893 1 2
NULL
R-CCU: dpObj$numberClusters = 3 
List of 2
 $ : num [1, 1, 1:3] 0.402 0.265 0.652
 $ : num [1, 1, 1:3] 2.95 3.79 3.21
NULL
R priorParameters: 2 8 
R maxT: 1 
R_PriorDraw_first_mu: 0.2657853 
R_PriorDraw_first_nu: 7.805412 
R-CCU: Before ClusterLabelChange for i = 37 newLabel= 1 currentLabel= 1 
R-CCU: sum(pointsPerCluster) = 1896 
 num [1:3] 1893 1 2
NULL
R-CCU: After ClusterLabelChange for i = 37 
R-CCU: sum(pointsPerCluster) = 1897 
 num [1:3] 1894 1 2
NULL
R-CCU: dpObj$numberClusters = 3 
List of 2
 $ : num [1, 1, 1:3] 0.402 0.265 0.652
 $ : num [1, 1, 1:3] 2.95 3.79 3.21
NULL
R priorParameters: 2 8 
R maxT: 1 
R_PriorDraw_first_mu: 0.3898475 
R_PriorDraw_first_nu: 5.391929 
R-CCU: Before ClusterLabelChange for i = 38 newLabel= 1 currentLabel= 1 
R-CCU: sum(pointsPerCluster) = 1897 
 num [1:3] 1894 1 2
NULL
R-CCU: After ClusterLabelChange for i = 38 
R-CCU: sum(pointsPerCluster) = 1898 
 num [1:3] 1895 1 2
NULL
R-CCU: dpObj$numberClusters = 3 
List of 2
 $ : num [1, 1, 1:3] 0.402 0.265 0.652
 $ : num [1, 1, 1:3] 2.95 3.79 3.21
NULL
R priorParameters: 2 8 
R maxT: 1 
R_PriorDraw_first_mu: 0.2930862 
R_PriorDraw_first_nu: 24.39134 
R-CCU: Before ClusterLabelChange for i = 39 newLabel= 1 currentLabel= 1 
R-CCU: sum(pointsPerCluster) = 1898 
 num [1:3] 1895 1 2
NULL
R-CCU: After ClusterLabelChange for i = 39 
R-CCU: sum(pointsPerCluster) = 1899 
 num [1:3] 1896 1 2
NULL
R-CCU: dpObj$numberClusters = 3 
List of 2
 $ : num [1, 1, 1:3] 0.402 0.265 0.652
 $ : num [1, 1, 1:3] 2.95 3.79 3.21
NULL
R priorParameters: 2 8 
R maxT: 1 
R_PriorDraw_first_mu: 0.315778 
R_PriorDraw_first_nu: 5.157854 
R-CCU: Before ClusterLabelChange for i = 40 newLabel= 1 currentLabel= 1 
R-CCU: sum(pointsPerCluster) = 1899 
 num [1:3] 1896 1 2
NULL
R-CCU: After ClusterLabelChange for i = 40 
R-CCU: sum(pointsPerCluster) = 1900 
 num [1:3] 1897 1 2
NULL
R-CCU: dpObj$numberClusters = 3 
List of 2
 $ : num [1, 1, 1:3] 0.402 0.265 0.652
 $ : num [1, 1, 1:3] 2.95 3.79 3.21
NULL
R priorParameters: 2 8 
R maxT: 1 
R_PriorDraw_first_mu: 0.3954761 
R_PriorDraw_first_nu: 3.912936 
R-CCU: Before ClusterLabelChange for i = 41 newLabel= 1 currentLabel= 1 
R-CCU: sum(pointsPerCluster) = 1900 
 num [1:3] 1897 1 2
NULL
R-CCU: After ClusterLabelChange for i = 41 
R-CCU: sum(pointsPerCluster) = 1901 
 num [1:3] 1898 1 2
NULL
R-CCU: dpObj$numberClusters = 3 
List of 2
 $ : num [1, 1, 1:3] 0.402 0.265 0.652
 $ : num [1, 1, 1:3] 2.95 3.79 3.21
NULL
R priorParameters: 2 8 
R maxT: 1 
R_PriorDraw_first_mu: 0.05791739 
R_PriorDraw_first_nu: 35.25764 
R-CCU: Before ClusterLabelChange for i = 42 newLabel= 1 currentLabel= 1 
R-CCU: sum(pointsPerCluster) = 1901 
 num [1:3] 1898 1 2
NULL
R-CCU: After ClusterLabelChange for i = 42 
R-CCU: sum(pointsPerCluster) = 1902 
 num [1:3] 1899 1 2
NULL
R-CCU: dpObj$numberClusters = 3 
List of 2
 $ : num [1, 1, 1:3] 0.402 0.265 0.652
 $ : num [1, 1, 1:3] 2.95 3.79 3.21
NULL
R priorParameters: 2 8 
R maxT: 1 
R_PriorDraw_first_mu: 0.04237913 
R_PriorDraw_first_nu: 2.999328 
R-CCU: Before ClusterLabelChange for i = 43 newLabel= 1 currentLabel= 1 
R-CCU: sum(pointsPerCluster) = 1902 
 num [1:3] 1899 1 2
NULL
R-CCU: After ClusterLabelChange for i = 43 
R-CCU: sum(pointsPerCluster) = 1903 
 num [1:3] 1900 1 2
NULL
R-CCU: dpObj$numberClusters = 3 
List of 2
 $ : num [1, 1, 1:3] 0.402 0.265 0.652
 $ : num [1, 1, 1:3] 2.95 3.79 3.21
NULL
R priorParameters: 2 8 
R maxT: 1 
R_PriorDraw_first_mu: 0.788229 
R_PriorDraw_first_nu: 10.32817 
R-CCU: Before ClusterLabelChange for i = 44 newLabel= 4 currentLabel= 1 
R-CCU: sum(pointsPerCluster) = 1903 
 num [1:3] 1900 1 2
NULL
R-CCU: After ClusterLabelChange for i = 44 
R-CCU: sum(pointsPerCluster) = 1904 
 num [1:4] 1900 1 2 1
NULL
R-CCU: dpObj$numberClusters = 4 
List of 2
 $ : num [1, 1, 1:4] 0.402 0.265 0.652 0.788
 $ : num [1, 1, 1:4] 2.95 3.79 3.21 10.33
NULL
R priorParameters: 2 8 
R maxT: 1 
R_PriorDraw_first_mu: 0.9793415 
R_PriorDraw_first_nu: 2.261952 
R-CCU: Before ClusterLabelChange for i = 45 newLabel= 1 currentLabel= 1 
R-CCU: sum(pointsPerCluster) = 1904 
 num [1:4] 1900 1 2 1
NULL
R-CCU: After ClusterLabelChange for i = 45 
R-CCU: sum(pointsPerCluster) = 1905 
 num [1:4] 1901 1 2 1
NULL
R-CCU: dpObj$numberClusters = 4 
List of 2
 $ : num [1, 1, 1:4] 0.402 0.265 0.652 0.788
 $ : num [1, 1, 1:4] 2.95 3.79 3.21 10.33
NULL
R priorParameters: 2 8 
R maxT: 1 
R_PriorDraw_first_mu: 0.4580552 
R_PriorDraw_first_nu: 25.20145 
R-CCU: Before ClusterLabelChange for i = 46 newLabel= 1 currentLabel= 1 
R-CCU: sum(pointsPerCluster) = 1905 
 num [1:4] 1901 1 2 1
NULL
R-CCU: After ClusterLabelChange for i = 46 
R-CCU: sum(pointsPerCluster) = 1906 
 num [1:4] 1902 1 2 1
NULL
R-CCU: dpObj$numberClusters = 4 
List of 2
 $ : num [1, 1, 1:4] 0.402 0.265 0.652 0.788
 $ : num [1, 1, 1:4] 2.95 3.79 3.21 10.33
NULL
R priorParameters: 2 8 
R maxT: 1 
R_PriorDraw_first_mu: 0.2559964 
R_PriorDraw_first_nu: 10.29711 
R-CCU: Before ClusterLabelChange for i = 47 newLabel= 1 currentLabel= 1 
R-CCU: sum(pointsPerCluster) = 1906 
 num [1:4] 1902 1 2 1
NULL
R-CCU: After ClusterLabelChange for i = 47 
R-CCU: sum(pointsPerCluster) = 1907 
 num [1:4] 1903 1 2 1
NULL
R-CCU: dpObj$numberClusters = 4 
List of 2
 $ : num [1, 1, 1:4] 0.402 0.265 0.652 0.788
 $ : num [1, 1, 1:4] 2.95 3.79 3.21 10.33
NULL
R priorParameters: 2 8 
R maxT: 1 
R_PriorDraw_first_mu: 0.6939267 
R_PriorDraw_first_nu: 4.432949 
R-CCU: Before ClusterLabelChange for i = 48 newLabel= 1 currentLabel= 1 
R-CCU: sum(pointsPerCluster) = 1907 
 num [1:4] 1903 1 2 1
NULL
R-CCU: After ClusterLabelChange for i = 48 
R-CCU: sum(pointsPerCluster) = 1908 
 num [1:4] 1904 1 2 1
NULL
R-CCU: dpObj$numberClusters = 4 
List of 2
 $ : num [1, 1, 1:4] 0.402 0.265 0.652 0.788
 $ : num [1, 1, 1:4] 2.95 3.79 3.21 10.33
NULL
R priorParameters: 2 8 
R maxT: 1 
R_PriorDraw_first_mu: 0.4823633 
R_PriorDraw_first_nu: 3.503535 
R-CCU: Before ClusterLabelChange for i = 49 newLabel= 1 currentLabel= 1 
R-CCU: sum(pointsPerCluster) = 1908 
 num [1:4] 1904 1 2 1
NULL
R-CCU: After ClusterLabelChange for i = 49 
R-CCU: sum(pointsPerCluster) = 1909 
 num [1:4] 1905 1 2 1
NULL
R-CCU: dpObj$numberClusters = 4 
List of 2
 $ : num [1, 1, 1:4] 0.402 0.265 0.652 0.788
 $ : num [1, 1, 1:4] 2.95 3.79 3.21 10.33
NULL
R priorParameters: 2 8 
R maxT: 1 
R_PriorDraw_first_mu: 0.03777285 
R_PriorDraw_first_nu: 1.055785 
R-CCU: Before ClusterLabelChange for i = 50 newLabel= 1 currentLabel= 1 
R-CCU: sum(pointsPerCluster) = 1909 
 num [1:4] 1905 1 2 1
NULL
R-CCU: After ClusterLabelChange for i = 50 
R-CCU: sum(pointsPerCluster) = 1910 
 num [1:4] 1906 1 2 1
NULL
R-CCU: dpObj$numberClusters = 4 
List of 2
 $ : num [1, 1, 1:4] 0.402 0.265 0.652 0.788
 $ : num [1, 1, 1:4] 2.95 3.79 3.21 10.33
NULL
R priorParameters: 2 8 
R maxT: 1 
R_PriorDraw_first_mu: 0.9259485 
R_PriorDraw_first_nu: 2.694113 
R-CCU: Before ClusterLabelChange for i = 51 newLabel= 1 currentLabel= 1 
R-CCU: sum(pointsPerCluster) = 1910 
 num [1:4] 1906 1 2 1
NULL
R-CCU: After ClusterLabelChange for i = 51 
R-CCU: sum(pointsPerCluster) = 1911 
 num [1:4] 1907 1 2 1
NULL
R-CCU: dpObj$numberClusters = 4 
List of 2
 $ : num [1, 1, 1:4] 0.402 0.265 0.652 0.788
 $ : num [1, 1, 1:4] 2.95 3.79 3.21 10.33
NULL
R priorParameters: 2 8 
R maxT: 1 
R_PriorDraw_first_mu: 0.2494559 
R_PriorDraw_first_nu: 6.924761 
R-CCU: Before ClusterLabelChange for i = 52 newLabel= 1 currentLabel= 1 
R-CCU: sum(pointsPerCluster) = 1911 
 num [1:4] 1907 1 2 1
NULL
R-CCU: After ClusterLabelChange for i = 52 
R-CCU: sum(pointsPerCluster) = 1912 
 num [1:4] 1908 1 2 1
NULL
R-CCU: dpObj$numberClusters = 4 
List of 2
 $ : num [1, 1, 1:4] 0.402 0.265 0.652 0.788
 $ : num [1, 1, 1:4] 2.95 3.79 3.21 10.33
NULL
R priorParameters: 2 8 
R maxT: 1 
R_PriorDraw_first_mu: 0.7600626 
R_PriorDraw_first_nu: 2.799528 
R-CCU: Before ClusterLabelChange for i = 53 newLabel= 1 currentLabel= 1 
R-CCU: sum(pointsPerCluster) = 1912 
 num [1:4] 1908 1 2 1
NULL
R-CCU: After ClusterLabelChange for i = 53 
R-CCU: sum(pointsPerCluster) = 1913 
 num [1:4] 1909 1 2 1
NULL
R-CCU: dpObj$numberClusters = 4 
List of 2
 $ : num [1, 1, 1:4] 0.402 0.265 0.652 0.788
 $ : num [1, 1, 1:4] 2.95 3.79 3.21 10.33
NULL
R priorParameters: 2 8 
R maxT: 1 
R_PriorDraw_first_mu: 0.03102116 
R_PriorDraw_first_nu: 7.943756 
R-CCU: Before ClusterLabelChange for i = 54 newLabel= 1 currentLabel= 1 
R-CCU: sum(pointsPerCluster) = 1913 
 num [1:4] 1909 1 2 1
NULL
R-CCU: After ClusterLabelChange for i = 54 
R-CCU: sum(pointsPerCluster) = 1914 
 num [1:4] 1910 1 2 1
NULL
R-CCU: dpObj$numberClusters = 4 
List of 2
 $ : num [1, 1, 1:4] 0.402 0.265 0.652 0.788
 $ : num [1, 1, 1:4] 2.95 3.79 3.21 10.33
NULL
R priorParameters: 2 8 
R maxT: 1 
R_PriorDraw_first_mu: 0.7870137 
R_PriorDraw_first_nu: 5.04802 
R-CCU: Before ClusterLabelChange for i = 55 newLabel= 1 currentLabel= 1 
R-CCU: sum(pointsPerCluster) = 1914 
 num [1:4] 1910 1 2 1
NULL
R-CCU: After ClusterLabelChange for i = 55 
R-CCU: sum(pointsPerCluster) = 1915 
 num [1:4] 1911 1 2 1
NULL
R-CCU: dpObj$numberClusters = 4 
List of 2
 $ : num [1, 1, 1:4] 0.402 0.265 0.652 0.788
 $ : num [1, 1, 1:4] 2.95 3.79 3.21 10.33
NULL
R priorParameters: 2 8 
R maxT: 1 
R_PriorDraw_first_mu: 0.9681232 
R_PriorDraw_first_nu: 48.38192 
R-CCU: Before ClusterLabelChange for i = 56 newLabel= 1 currentLabel= 1 
R-CCU: sum(pointsPerCluster) = 1915 
 num [1:4] 1911 1 2 1
NULL
R-CCU: After ClusterLabelChange for i = 56 
R-CCU: sum(pointsPerCluster) = 1916 
 num [1:4] 1912 1 2 1
NULL
R-CCU: dpObj$numberClusters = 4 
List of 2
 $ : num [1, 1, 1:4] 0.402 0.265 0.652 0.788
 $ : num [1, 1, 1:4] 2.95 3.79 3.21 10.33
NULL
R priorParameters: 2 8 
R maxT: 1 
R_PriorDraw_first_mu: 0.9735215 
R_PriorDraw_first_nu: 3.129318 
R-CCU: Before ClusterLabelChange for i = 57 newLabel= 1 currentLabel= 1 
R-CCU: sum(pointsPerCluster) = 1916 
 num [1:4] 1912 1 2 1
NULL
R-CCU: After ClusterLabelChange for i = 57 
R-CCU: sum(pointsPerCluster) = 1917 
 num [1:4] 1913 1 2 1
NULL
R-CCU: dpObj$numberClusters = 4 
List of 2
 $ : num [1, 1, 1:4] 0.402 0.265 0.652 0.788
 $ : num [1, 1, 1:4] 2.95 3.79 3.21 10.33
NULL
R priorParameters: 2 8 
R maxT: 1 
R_PriorDraw_first_mu: 0.3294207 
R_PriorDraw_first_nu: 15.11468 
R-CCU: Before ClusterLabelChange for i = 58 newLabel= 1 currentLabel= 1 
R-CCU: sum(pointsPerCluster) = 1917 
 num [1:4] 1913 1 2 1
NULL
R-CCU: After ClusterLabelChange for i = 58 
R-CCU: sum(pointsPerCluster) = 1918 
 num [1:4] 1914 1 2 1
NULL
R-CCU: dpObj$numberClusters = 4 
List of 2
 $ : num [1, 1, 1:4] 0.402 0.265 0.652 0.788
 $ : num [1, 1, 1:4] 2.95 3.79 3.21 10.33
NULL
R priorParameters: 2 8 
R maxT: 1 
R_PriorDraw_first_mu: 0.8500134 
R_PriorDraw_first_nu: 3.913472 
R-CCU: Before ClusterLabelChange for i = 59 newLabel= 1 currentLabel= 1 
R-CCU: sum(pointsPerCluster) = 1918 
 num [1:4] 1914 1 2 1
NULL
R-CCU: After ClusterLabelChange for i = 59 
R-CCU: sum(pointsPerCluster) = 1919 
 num [1:4] 1915 1 2 1
NULL
R-CCU: dpObj$numberClusters = 4 
List of 2
 $ : num [1, 1, 1:4] 0.402 0.265 0.652 0.788
 $ : num [1, 1, 1:4] 2.95 3.79 3.21 10.33
NULL
R priorParameters: 2 8 
R maxT: 1 
R_PriorDraw_first_mu: 0.01342712 
R_PriorDraw_first_nu: 1.071035 
R-CCU: Before ClusterLabelChange for i = 60 newLabel= 1 currentLabel= 1 
R-CCU: sum(pointsPerCluster) = 1919 
 num [1:4] 1915 1 2 1
NULL
R-CCU: After ClusterLabelChange for i = 60 
R-CCU: sum(pointsPerCluster) = 1920 
 num [1:4] 1916 1 2 1
NULL
R-CCU: dpObj$numberClusters = 4 
List of 2
 $ : num [1, 1, 1:4] 0.402 0.265 0.652 0.788
 $ : num [1, 1, 1:4] 2.95 3.79 3.21 10.33
NULL

⠙ |   62      0 | Beta Distribution Full Integration Test          R priorParameters: 2 8 
R maxT: 1 
R_PriorDraw_first_mu: 0.2389826 
R_PriorDraw_first_nu: 6.258703 
R-CCU: Before ClusterLabelChange for i = 1 newLabel= 1 currentLabel= 1 
R-CCU: sum(pointsPerCluster) = 1920 
 num [1:4] 1916 1 2 1
NULL
R-CCU: After ClusterLabelChange for i = 1 
R-CCU: sum(pointsPerCluster) = 1921 
 num [1:4] 1917 1 2 1
NULL
R-CCU: dpObj$numberClusters = 4 
List of 2
 $ : num [1, 1, 1:4] 0.45 0.265 0.652 0.795
 $ : num [1, 1, 1:4] 2.45 3.79 3.21 5.45
NULL
R priorParameters: 2 8 
R maxT: 1 
R_PriorDraw_first_mu: 0.2158665 
R_PriorDraw_first_nu: 12.20169 
R-CCU: Before ClusterLabelChange for i = 2 newLabel= 1 currentLabel= 1 
R-CCU: sum(pointsPerCluster) = 1921 
 num [1:4] 1917 1 2 1
NULL
R-CCU: After ClusterLabelChange for i = 2 
R-CCU: sum(pointsPerCluster) = 1922 
 num [1:4] 1918 1 2 1
NULL
R-CCU: dpObj$numberClusters = 4 
List of 2
 $ : num [1, 1, 1:4] 0.45 0.265 0.652 0.795
 $ : num [1, 1, 1:4] 2.45 3.79 3.21 5.45
NULL
R priorParameters: 2 8 
R maxT: 1 
R_PriorDraw_first_mu: 0.5738907 
R_PriorDraw_first_nu: 14.76261 
R-CCU: Before ClusterLabelChange for i = 3 newLabel= 1 currentLabel= 1 
R-CCU: sum(pointsPerCluster) = 1922 
 num [1:4] 1918 1 2 1
NULL
R-CCU: After ClusterLabelChange for i = 3 
R-CCU: sum(pointsPerCluster) = 1923 
 num [1:4] 1919 1 2 1
NULL
R-CCU: dpObj$numberClusters = 4 
List of 2
 $ : num [1, 1, 1:4] 0.45 0.265 0.652 0.795
 $ : num [1, 1, 1:4] 2.45 3.79 3.21 5.45
NULL
R priorParameters: 2 8 
R maxT: 1 
R_PriorDraw_first_mu: 0.08680331 
R_PriorDraw_first_nu: 10.63965 
R-CCU: Before ClusterLabelChange for i = 4 newLabel= 1 currentLabel= 1 
R-CCU: sum(pointsPerCluster) = 1923 
 num [1:4] 1919 1 2 1
NULL
R-CCU: After ClusterLabelChange for i = 4 
R-CCU: sum(pointsPerCluster) = 1924 
 num [1:4] 1920 1 2 1
NULL
R-CCU: dpObj$numberClusters = 4 
List of 2
 $ : num [1, 1, 1:4] 0.45 0.265 0.652 0.795
 $ : num [1, 1, 1:4] 2.45 3.79 3.21 5.45
NULL
R priorParameters: 2 8 
R maxT: 1 
R_PriorDraw_first_mu: 0.710281 
R_PriorDraw_first_nu: 8.544956 
R-CCU: Before ClusterLabelChange for i = 5 newLabel= 1 currentLabel= 1 
R-CCU: sum(pointsPerCluster) = 1924 
 num [1:4] 1920 1 2 1
NULL
R-CCU: After ClusterLabelChange for i = 5 
R-CCU: sum(pointsPerCluster) = 1925 
 num [1:4] 1921 1 2 1
NULL
R-CCU: dpObj$numberClusters = 4 
List of 2
 $ : num [1, 1, 1:4] 0.45 0.265 0.652 0.795
 $ : num [1, 1, 1:4] 2.45 3.79 3.21 5.45
NULL
R priorParameters: 2 8 
R maxT: 1 
R_PriorDraw_first_mu: 0.1415452 
R_PriorDraw_first_nu: 9.755356 
R-CCU: Before ClusterLabelChange for i = 6 newLabel= 1 currentLabel= 1 
R-CCU: sum(pointsPerCluster) = 1925 
 num [1:4] 1921 1 2 1
NULL
R-CCU: After ClusterLabelChange for i = 6 
R-CCU: sum(pointsPerCluster) = 1926 
 num [1:4] 1922 1 2 1
NULL
R-CCU: dpObj$numberClusters = 4 
List of 2
 $ : num [1, 1, 1:4] 0.45 0.265 0.652 0.795
 $ : num [1, 1, 1:4] 2.45 3.79 3.21 5.45
NULL
R priorParameters: 2 8 
R maxT: 1 
R_PriorDraw_first_mu: 0.322762 
R_PriorDraw_first_nu: 11.41444 
R-CCU: Before ClusterLabelChange for i = 7 newLabel= 1 currentLabel= 1 
R-CCU: sum(pointsPerCluster) = 1926 
 num [1:4] 1922 1 2 1
NULL
R-CCU: After ClusterLabelChange for i = 7 
R-CCU: sum(pointsPerCluster) = 1927 
 num [1:4] 1923 1 2 1
NULL
R-CCU: dpObj$numberClusters = 4 
List of 2
 $ : num [1, 1, 1:4] 0.45 0.265 0.652 0.795
 $ : num [1, 1, 1:4] 2.45 3.79 3.21 5.45
NULL
R priorParameters: 2 8 
R maxT: 1 
R_PriorDraw_first_mu: 0.3832924 
R_PriorDraw_first_nu: 3.120561 
R-CCU: Before ClusterLabelChange for i = 8 newLabel= 1 currentLabel= 1 
R-CCU: sum(pointsPerCluster) = 1927 
 num [1:4] 1923 1 2 1
NULL
R-CCU: After ClusterLabelChange for i = 8 
R-CCU: sum(pointsPerCluster) = 1928 
 num [1:4] 1924 1 2 1
NULL
R-CCU: dpObj$numberClusters = 4 
List of 2
 $ : num [1, 1, 1:4] 0.45 0.265 0.652 0.795
 $ : num [1, 1, 1:4] 2.45 3.79 3.21 5.45
NULL
R priorParameters: 2 8 
R maxT: 1 
R_PriorDraw_first_mu: 0.141629 
R_PriorDraw_first_nu: 2.707211 
R-CCU: Before ClusterLabelChange for i = 9 newLabel= 1 currentLabel= 1 
R-CCU: sum(pointsPerCluster) = 1928 
 num [1:4] 1924 1 2 1
NULL
R-CCU: After ClusterLabelChange for i = 9 
R-CCU: sum(pointsPerCluster) = 1929 
 num [1:4] 1925 1 2 1
NULL
R-CCU: dpObj$numberClusters = 4 
List of 2
 $ : num [1, 1, 1:4] 0.45 0.265 0.652 0.795
 $ : num [1, 1, 1:4] 2.45 3.79 3.21 5.45
NULL
R priorParameters: 2 8 
R maxT: 1 
R_PriorDraw_first_mu: 0.536708 
R_PriorDraw_first_nu: 8.9194 
R-CCU: Before ClusterLabelChange for i = 10 newLabel= 1 currentLabel= 1 
R-CCU: sum(pointsPerCluster) = 1929 
 num [1:4] 1925 1 2 1
NULL
R-CCU: After ClusterLabelChange for i = 10 
R-CCU: sum(pointsPerCluster) = 1930 
 num [1:4] 1926 1 2 1
NULL
R-CCU: dpObj$numberClusters = 4 
List of 2
 $ : num [1, 1, 1:4] 0.45 0.265 0.652 0.795
 $ : num [1, 1, 1:4] 2.45 3.79 3.21 5.45
NULL
R priorParameters: 2 8 
R maxT: 1 
R_PriorDraw_first_mu: 0.3690513 
R_PriorDraw_first_nu: 1.846318 
R-CCU: Before ClusterLabelChange for i = 11 newLabel= 1 currentLabel= 1 
R-CCU: sum(pointsPerCluster) = 1930 
 num [1:4] 1926 1 2 1
NULL
R-CCU: After ClusterLabelChange for i = 11 
R-CCU: sum(pointsPerCluster) = 1931 
 num [1:4] 1927 1 2 1
NULL
R-CCU: dpObj$numberClusters = 4 
List of 2
 $ : num [1, 1, 1:4] 0.45 0.265 0.652 0.795
 $ : num [1, 1, 1:4] 2.45 3.79 3.21 5.45
NULL
R priorParameters: 2 8 
R maxT: 1 
R_PriorDraw_first_mu: 0.4272668 
R_PriorDraw_first_nu: 9.45032 
R-CCU: Before ClusterLabelChange for i = 12 newLabel= 1 currentLabel= 1 
R-CCU: sum(pointsPerCluster) = 1931 
 num [1:4] 1927 1 2 1
NULL
R-CCU: After ClusterLabelChange for i = 12 
R-CCU: sum(pointsPerCluster) = 1932 
 num [1:4] 1928 1 2 1
NULL
R-CCU: dpObj$numberClusters = 4 
List of 2
 $ : num [1, 1, 1:4] 0.45 0.265 0.652 0.795
 $ : num [1, 1, 1:4] 2.45 3.79 3.21 5.45
NULL
R priorParameters: 2 8 
R maxT: 1 
R_PriorDraw_first_mu: 0.4146641 
R_PriorDraw_first_nu: 5.319377 
R-CCU: Before ClusterLabelChange for i = 13 newLabel= 1 currentLabel= 1 
R-CCU: sum(pointsPerCluster) = 1932 
 num [1:4] 1928 1 2 1
NULL
R-CCU: After ClusterLabelChange for i = 13 
R-CCU: sum(pointsPerCluster) = 1933 
 num [1:4] 1929 1 2 1
NULL
R-CCU: dpObj$numberClusters = 4 
List of 2
 $ : num [1, 1, 1:4] 0.45 0.265 0.652 0.795
 $ : num [1, 1, 1:4] 2.45 3.79 3.21 5.45
NULL
R priorParameters: 2 8 
R maxT: 1 
R_PriorDraw_first_mu: 0.8764141 
R_PriorDraw_first_nu: 2.173819 
R-CCU: Before ClusterLabelChange for i = 14 newLabel= 1 currentLabel= 1 
R-CCU: sum(pointsPerCluster) = 1933 
 num [1:4] 1929 1 2 1
NULL
R-CCU: After ClusterLabelChange for i = 14 
R-CCU: sum(pointsPerCluster) = 1934 
 num [1:4] 1930 1 2 1
NULL
R-CCU: dpObj$numberClusters = 4 
List of 2
 $ : num [1, 1, 1:4] 0.45 0.265 0.652 0.795
 $ : num [1, 1, 1:4] 2.45 3.79 3.21 5.45
NULL
R priorParameters: 2 8 
R maxT: 1 
R_PriorDraw_first_mu: 0.2233881 
R_PriorDraw_first_nu: 4.133443 
R-CCU: Before ClusterLabelChange for i = 15 newLabel= 1 currentLabel= 1 
R-CCU: sum(pointsPerCluster) = 1934 
 num [1:4] 1930 1 2 1
NULL
R-CCU: After ClusterLabelChange for i = 15 
R-CCU: sum(pointsPerCluster) = 1935 
 num [1:4] 1931 1 2 1
NULL
R-CCU: dpObj$numberClusters = 4 
List of 2
 $ : num [1, 1, 1:4] 0.45 0.265 0.652 0.795
 $ : num [1, 1, 1:4] 2.45 3.79 3.21 5.45
NULL
R priorParameters: 2 8 
R maxT: 1 
R_PriorDraw_first_mu: 0.05824104 
R_PriorDraw_first_nu: 2.091555 
R-CCU: Before ClusterLabelChange for i = 16 newLabel= 1 currentLabel= 1 
R-CCU: sum(pointsPerCluster) = 1935 
 num [1:4] 1931 1 2 1
NULL
R-CCU: After ClusterLabelChange for i = 16 
R-CCU: sum(pointsPerCluster) = 1936 
 num [1:4] 1932 1 2 1
NULL
R-CCU: dpObj$numberClusters = 4 
List of 2
 $ : num [1, 1, 1:4] 0.45 0.265 0.652 0.795
 $ : num [1, 1, 1:4] 2.45 3.79 3.21 5.45
NULL
R priorParameters: 2 8 
R maxT: 1 
R_PriorDraw_first_mu: 0.3026135 
R_PriorDraw_first_nu: 1.886875 
R-CCU: Before ClusterLabelChange for i = 17 newLabel= 1 currentLabel= 1 
R-CCU: sum(pointsPerCluster) = 1936 
 num [1:4] 1932 1 2 1
NULL
R-CCU: After ClusterLabelChange for i = 17 
R-CCU: sum(pointsPerCluster) = 1937 
 num [1:4] 1933 1 2 1
NULL
R-CCU: dpObj$numberClusters = 4 
List of 2
 $ : num [1, 1, 1:4] 0.45 0.265 0.652 0.795
 $ : num [1, 1, 1:4] 2.45 3.79 3.21 5.45
NULL
R priorParameters: 2 8 
R maxT: 1 
R_PriorDraw_first_mu: 0.4565472 
R_PriorDraw_first_nu: 4.692187 
R-CCU: Before ClusterLabelChange for i = 18 newLabel= 1 currentLabel= 1 
R-CCU: sum(pointsPerCluster) = 1937 
 num [1:4] 1933 1 2 1
NULL
R-CCU: After ClusterLabelChange for i = 18 
R-CCU: sum(pointsPerCluster) = 1938 
 num [1:4] 1934 1 2 1
NULL
R-CCU: dpObj$numberClusters = 4 
List of 2
 $ : num [1, 1, 1:4] 0.45 0.265 0.652 0.795
 $ : num [1, 1, 1:4] 2.45 3.79 3.21 5.45
NULL
R priorParameters: 2 8 
R maxT: 1 
R_PriorDraw_first_mu: 0.9752627 
R_PriorDraw_first_nu: 3.344962 
R-CCU: Before ClusterLabelChange for i = 19 newLabel= 1 currentLabel= 1 
R-CCU: sum(pointsPerCluster) = 1938 
 num [1:4] 1934 1 2 1
NULL
R-CCU: After ClusterLabelChange for i = 19 
R-CCU: sum(pointsPerCluster) = 1939 
 num [1:4] 1935 1 2 1
NULL
R-CCU: dpObj$numberClusters = 4 
List of 2
 $ : num [1, 1, 1:4] 0.45 0.265 0.652 0.795
 $ : num [1, 1, 1:4] 2.45 3.79 3.21 5.45
NULL
R priorParameters: 2 8 
R maxT: 1 
R_PriorDraw_first_mu: 0.877648 
R_PriorDraw_first_nu: 3.028362 
R-CCU: Before ClusterLabelChange for i = 20 newLabel= 1 currentLabel= 1 
R-CCU: sum(pointsPerCluster) = 1939 
 num [1:4] 1935 1 2 1
NULL
R-CCU: After ClusterLabelChange for i = 20 
R-CCU: sum(pointsPerCluster) = 1940 
 num [1:4] 1936 1 2 1
NULL
R-CCU: dpObj$numberClusters = 4 
List of 2
 $ : num [1, 1, 1:4] 0.45 0.265 0.652 0.795
 $ : num [1, 1, 1:4] 2.45 3.79 3.21 5.45
NULL
R priorParameters: 2 8 
R maxT: 1 
R_PriorDraw_first_mu: 0.9195481 
R_PriorDraw_first_nu: 12.77788 
R-CCU: Before ClusterLabelChange for i = 21 newLabel= 1 currentLabel= 1 
R-CCU: sum(pointsPerCluster) = 1940 
 num [1:4] 1936 1 2 1
NULL
R-CCU: After ClusterLabelChange for i = 21 
R-CCU: sum(pointsPerCluster) = 1941 
 num [1:4] 1937 1 2 1
NULL
R-CCU: dpObj$numberClusters = 4 
List of 2
 $ : num [1, 1, 1:4] 0.45 0.265 0.652 0.795
 $ : num [1, 1, 1:4] 2.45 3.79 3.21 5.45
NULL
R priorParameters: 2 8 
R maxT: 1 
R_PriorDraw_first_mu: 0.9094608 
R_PriorDraw_first_nu: 22.65999 
R-CCU: Before ClusterLabelChange for i = 22 newLabel= 1 currentLabel= 1 
R-CCU: sum(pointsPerCluster) = 1941 
 num [1:4] 1937 1 2 1
NULL
R-CCU: After ClusterLabelChange for i = 22 
R-CCU: sum(pointsPerCluster) = 1942 
 num [1:4] 1938 1 2 1
NULL
R-CCU: dpObj$numberClusters = 4 
List of 2
 $ : num [1, 1, 1:4] 0.45 0.265 0.652 0.795
 $ : num [1, 1, 1:4] 2.45 3.79 3.21 5.45
NULL
R priorParameters: 2 8 
R maxT: 1 
R_PriorDraw_first_mu: 0.3266144 
R_PriorDraw_first_nu: 7.408911 
R-CCU: Before ClusterLabelChange for i = 23 newLabel= 1 currentLabel= 1 
R-CCU: sum(pointsPerCluster) = 1942 
 num [1:4] 1938 1 2 1
NULL
R-CCU: After ClusterLabelChange for i = 23 
R-CCU: sum(pointsPerCluster) = 1943 
 num [1:4] 1939 1 2 1
NULL
R-CCU: dpObj$numberClusters = 4 
List of 2
 $ : num [1, 1, 1:4] 0.45 0.265 0.652 0.795
 $ : num [1, 1, 1:4] 2.45 3.79 3.21 5.45
NULL
R priorParameters: 2 8 
R maxT: 1 
R_PriorDraw_first_mu: 0.2190334 
R_PriorDraw_first_nu: 2.612275 
R-CCU: Before ClusterLabelChange for i = 24 newLabel= 1 currentLabel= 1 
R-CCU: sum(pointsPerCluster) = 1943 
 num [1:4] 1939 1 2 1
NULL
R-CCU: After ClusterLabelChange for i = 24 
R-CCU: sum(pointsPerCluster) = 1944 
 num [1:4] 1940 1 2 1
NULL
R-CCU: dpObj$numberClusters = 4 
List of 2
 $ : num [1, 1, 1:4] 0.45 0.265 0.652 0.795
 $ : num [1, 1, 1:4] 2.45 3.79 3.21 5.45
NULL
R priorParameters: 2 8 
R maxT: 1 
R_PriorDraw_first_mu: 0.7239187 
R_PriorDraw_first_nu: 5.381113 
R-CCU: Before ClusterLabelChange for i = 25 newLabel= 1 currentLabel= 1 
R-CCU: sum(pointsPerCluster) = 1944 
 num [1:4] 1940 1 2 1
NULL
R-CCU: After ClusterLabelChange for i = 25 
R-CCU: sum(pointsPerCluster) = 1945 
 num [1:4] 1941 1 2 1
NULL
R-CCU: dpObj$numberClusters = 4 
List of 2
 $ : num [1, 1, 1:4] 0.45 0.265 0.652 0.795
 $ : num [1, 1, 1:4] 2.45 3.79 3.21 5.45
NULL
R priorParameters: 2 8 
R maxT: 1 
R_PriorDraw_first_mu: 0.5913178 
R_PriorDraw_first_nu: 7.695756 
R-CCU: Before ClusterLabelChange for i = 26 newLabel= 1 currentLabel= 1 
R-CCU: sum(pointsPerCluster) = 1945 
 num [1:4] 1941 1 2 1
NULL
R-CCU: After ClusterLabelChange for i = 26 
R-CCU: sum(pointsPerCluster) = 1946 
 num [1:4] 1942 1 2 1
NULL
R-CCU: dpObj$numberClusters = 4 
List of 2
 $ : num [1, 1, 1:4] 0.45 0.265 0.652 0.795
 $ : num [1, 1, 1:4] 2.45 3.79 3.21 5.45
NULL
R priorParameters: 2 8 
R maxT: 1 
R_PriorDraw_first_mu: 0.31035 
R_PriorDraw_first_nu: 12.7344 
R-CCU: Before ClusterLabelChange for i = 27 newLabel= 1 currentLabel= 1 
R-CCU: sum(pointsPerCluster) = 1946 
 num [1:4] 1942 1 2 1
NULL
R-CCU: After ClusterLabelChange for i = 27 
R-CCU: sum(pointsPerCluster) = 1947 
 num [1:4] 1943 1 2 1
NULL
R-CCU: dpObj$numberClusters = 4 
List of 2
 $ : num [1, 1, 1:4] 0.45 0.265 0.652 0.795
 $ : num [1, 1, 1:4] 2.45 3.79 3.21 5.45
NULL
R priorParameters: 2 8 
R maxT: 1 
R_PriorDraw_first_mu: 0.2441364 
R_PriorDraw_first_nu: 7.17719 
R-CCU: Before ClusterLabelChange for i = 28 newLabel= 1 currentLabel= 1 
R-CCU: sum(pointsPerCluster) = 1947 
 num [1:4] 1943 1 2 1
NULL
R-CCU: After ClusterLabelChange for i = 28 
R-CCU: sum(pointsPerCluster) = 1948 
 num [1:4] 1944 1 2 1
NULL
R-CCU: dpObj$numberClusters = 4 
List of 2
 $ : num [1, 1, 1:4] 0.45 0.265 0.652 0.795
 $ : num [1, 1, 1:4] 2.45 3.79 3.21 5.45
NULL
R priorParameters: 2 8 
R maxT: 1 
R_PriorDraw_first_mu: 0.0174844 
R_PriorDraw_first_nu: 7.868717 
R-CCU: Before ClusterLabelChange for i = 29 newLabel= 1 currentLabel= 1 
R-CCU: sum(pointsPerCluster) = 1948 
 num [1:4] 1944 1 2 1
NULL
R-CCU: After ClusterLabelChange for i = 29 
R-CCU: sum(pointsPerCluster) = 1949 
 num [1:4] 1945 1 2 1
NULL
R-CCU: dpObj$numberClusters = 4 
List of 2
 $ : num [1, 1, 1:4] 0.45 0.265 0.652 0.795
 $ : num [1, 1, 1:4] 2.45 3.79 3.21 5.45
NULL
R priorParameters: 2 8 
R maxT: 1 
R_PriorDraw_first_mu: 0.407027 
R_PriorDraw_first_nu: 2.999574 
R-CCU: Before ClusterLabelChange for i = 30 newLabel= 1 currentLabel= 1 
R-CCU: sum(pointsPerCluster) = 1949 
 num [1:4] 1945 1 2 1
NULL
R-CCU: After ClusterLabelChange for i = 30 
R-CCU: sum(pointsPerCluster) = 1950 
 num [1:4] 1946 1 2 1
NULL
R-CCU: dpObj$numberClusters = 4 
List of 2
 $ : num [1, 1, 1:4] 0.45 0.265 0.652 0.795
 $ : num [1, 1, 1:4] 2.45 3.79 3.21 5.45
NULL
R priorParameters: 2 8 
R maxT: 1 
R_PriorDraw_first_mu: 0.907059 
R_PriorDraw_first_nu: 38.43137 
R-CCU: Before ClusterLabelChange for i = 31 newLabel= 1 currentLabel= 1 
R-CCU: sum(pointsPerCluster) = 1950 
 num [1:4] 1946 1 2 1
NULL
R-CCU: After ClusterLabelChange for i = 31 
R-CCU: sum(pointsPerCluster) = 1951 
 num [1:4] 1947 1 2 1
NULL
R-CCU: dpObj$numberClusters = 4 
List of 2
 $ : num [1, 1, 1:4] 0.45 0.265 0.652 0.795
 $ : num [1, 1, 1:4] 2.45 3.79 3.21 5.45
NULL
R priorParameters: 2 8 
R maxT: 1 
R_PriorDraw_first_mu: 0.2488786 
R_PriorDraw_first_nu: 1.742298 
R-CCU: Before ClusterLabelChange for i = 32 newLabel= 1 currentLabel= 1 
R-CCU: sum(pointsPerCluster) = 1951 
 num [1:4] 1947 1 2 1
NULL
R-CCU: After ClusterLabelChange for i = 32 
R-CCU: sum(pointsPerCluster) = 1952 
 num [1:4] 1948 1 2 1
NULL
R-CCU: dpObj$numberClusters = 4 
List of 2
 $ : num [1, 1, 1:4] 0.45 0.265 0.652 0.795
 $ : num [1, 1, 1:4] 2.45 3.79 3.21 5.45
NULL
R priorParameters: 2 8 
R maxT: 1 
R_PriorDraw_first_mu: 0.06236586 
R_PriorDraw_first_nu: 17.22746 
R-CCU: Before ClusterLabelChange for i = 33 newLabel= 1 currentLabel= 1 
R-CCU: sum(pointsPerCluster) = 1952 
 num [1:4] 1948 1 2 1
NULL
R-CCU: After ClusterLabelChange for i = 33 
R-CCU: sum(pointsPerCluster) = 1953 
 num [1:4] 1949 1 2 1
NULL
R-CCU: dpObj$numberClusters = 4 
List of 2
 $ : num [1, 1, 1:4] 0.45 0.265 0.652 0.795
 $ : num [1, 1, 1:4] 2.45 3.79 3.21 5.45
NULL
R priorParameters: 2 8 
R maxT: 1 
R_PriorDraw_first_mu: 0.9758038 
R_PriorDraw_first_nu: 12.27787 
R-CCU: Before ClusterLabelChange for i = 34 newLabel= 1 currentLabel= 1 
R-CCU: sum(pointsPerCluster) = 1953 
 num [1:4] 1949 1 2 1
NULL
R-CCU: After ClusterLabelChange for i = 34 
R-CCU: sum(pointsPerCluster) = 1954 
 num [1:4] 1950 1 2 1
NULL
R-CCU: dpObj$numberClusters = 4 
List of 2
 $ : num [1, 1, 1:4] 0.45 0.265 0.652 0.795
 $ : num [1, 1, 1:4] 2.45 3.79 3.21 5.45
NULL
R priorParameters: 2 8 
R maxT: 1 
R_PriorDraw_first_mu: 0.8822533 
R_PriorDraw_first_nu: 3.143426 
R-CCU: Before ClusterLabelChange for i = 35 newLabel= 1 currentLabel= 1 
R-CCU: sum(pointsPerCluster) = 1954 
 num [1:4] 1950 1 2 1
NULL
R-CCU: After ClusterLabelChange for i = 35 
R-CCU: sum(pointsPerCluster) = 1955 
 num [1:4] 1951 1 2 1
NULL
R-CCU: dpObj$numberClusters = 4 
List of 2
 $ : num [1, 1, 1:4] 0.45 0.265 0.652 0.795
 $ : num [1, 1, 1:4] 2.45 3.79 3.21 5.45
NULL
R priorParameters: 2 8 
R maxT: 1 
R_PriorDraw_first_mu: 0.1939025 
R_PriorDraw_first_nu: 10.71248 
R-CCU: Before ClusterLabelChange for i = 36 newLabel= 1 currentLabel= 1 
R-CCU: sum(pointsPerCluster) = 1955 
 num [1:4] 1951 1 2 1
NULL
R-CCU: After ClusterLabelChange for i = 36 
R-CCU: sum(pointsPerCluster) = 1956 
 num [1:4] 1952 1 2 1
NULL
R-CCU: dpObj$numberClusters = 4 
List of 2
 $ : num [1, 1, 1:4] 0.45 0.265 0.652 0.795
 $ : num [1, 1, 1:4] 2.45 3.79 3.21 5.45
NULL
R priorParameters: 2 8 
R maxT: 1 
R_PriorDraw_first_mu: 0.8022258 
R_PriorDraw_first_nu: 1.212931 
R-CCU: Before ClusterLabelChange for i = 37 newLabel= 1 currentLabel= 1 
R-CCU: sum(pointsPerCluster) = 1956 
 num [1:4] 1952 1 2 1
NULL
R-CCU: After ClusterLabelChange for i = 37 
R-CCU: sum(pointsPerCluster) = 1957 
 num [1:4] 1953 1 2 1
NULL
R-CCU: dpObj$numberClusters = 4 
List of 2
 $ : num [1, 1, 1:4] 0.45 0.265 0.652 0.795
 $ : num [1, 1, 1:4] 2.45 3.79 3.21 5.45
NULL
R priorParameters: 2 8 
R maxT: 1 
R_PriorDraw_first_mu: 0.9940754 
R_PriorDraw_first_nu: 26.47794 
R-CCU: Before ClusterLabelChange for i = 38 newLabel= 1 currentLabel= 1 
R-CCU: sum(pointsPerCluster) = 1957 
 num [1:4] 1953 1 2 1
NULL
R-CCU: After ClusterLabelChange for i = 38 
R-CCU: sum(pointsPerCluster) = 1958 
 num [1:4] 1954 1 2 1
NULL
R-CCU: dpObj$numberClusters = 4 
List of 2
 $ : num [1, 1, 1:4] 0.45 0.265 0.652 0.795
 $ : num [1, 1, 1:4] 2.45 3.79 3.21 5.45
NULL
R priorParameters: 2 8 
R maxT: 1 
R_PriorDraw_first_mu: 0.8110587 
R_PriorDraw_first_nu: 5.220459 
R-CCU: Before ClusterLabelChange for i = 39 newLabel= 1 currentLabel= 1 
R-CCU: sum(pointsPerCluster) = 1958 
 num [1:4] 1954 1 2 1
NULL
R-CCU: After ClusterLabelChange for i = 39 
R-CCU: sum(pointsPerCluster) = 1959 
 num [1:4] 1955 1 2 1
NULL
R-CCU: dpObj$numberClusters = 4 
List of 2
 $ : num [1, 1, 1:4] 0.45 0.265 0.652 0.795
 $ : num [1, 1, 1:4] 2.45 3.79 3.21 5.45
NULL
R priorParameters: 2 8 
R maxT: 1 
R_PriorDraw_first_mu: 0.4144134 
R_PriorDraw_first_nu: 4.308268 
R-CCU: Before ClusterLabelChange for i = 40 newLabel= 1 currentLabel= 1 
R-CCU: sum(pointsPerCluster) = 1959 
 num [1:4] 1955 1 2 1
NULL
R-CCU: After ClusterLabelChange for i = 40 
R-CCU: sum(pointsPerCluster) = 1960 
 num [1:4] 1956 1 2 1
NULL
R-CCU: dpObj$numberClusters = 4 
List of 2
 $ : num [1, 1, 1:4] 0.45 0.265 0.652 0.795
 $ : num [1, 1, 1:4] 2.45 3.79 3.21 5.45
NULL
R priorParameters: 2 8 
R maxT: 1 
R_PriorDraw_first_mu: 0.332524 
R_PriorDraw_first_nu: 31.2287 
R-CCU: Before ClusterLabelChange for i = 41 newLabel= 1 currentLabel= 1 
R-CCU: sum(pointsPerCluster) = 1960 
 num [1:4] 1956 1 2 1
NULL
R-CCU: After ClusterLabelChange for i = 41 
R-CCU: sum(pointsPerCluster) = 1961 
 num [1:4] 1957 1 2 1
NULL
R-CCU: dpObj$numberClusters = 4 
List of 2
 $ : num [1, 1, 1:4] 0.45 0.265 0.652 0.795
 $ : num [1, 1, 1:4] 2.45 3.79 3.21 5.45
NULL
R priorParameters: 2 8 
R maxT: 1 
R_PriorDraw_first_mu: 0.09206894 
R_PriorDraw_first_nu: 2.699116 
R-CCU: Before ClusterLabelChange for i = 42 newLabel= 1 currentLabel= 1 
R-CCU: sum(pointsPerCluster) = 1961 
 num [1:4] 1957 1 2 1
NULL
R-CCU: After ClusterLabelChange for i = 42 
R-CCU: sum(pointsPerCluster) = 1962 
 num [1:4] 1958 1 2 1
NULL
R-CCU: dpObj$numberClusters = 4 
List of 2
 $ : num [1, 1, 1:4] 0.45 0.265 0.652 0.795
 $ : num [1, 1, 1:4] 2.45 3.79 3.21 5.45
NULL
R priorParameters: 2 8 
R maxT: 1 
R_PriorDraw_first_mu: 0.9054433 
R_PriorDraw_first_nu: 9.242187 
R-CCU: Before ClusterLabelChange for i = 43 newLabel= 1 currentLabel= 1 
R-CCU: sum(pointsPerCluster) = 1962 
 num [1:4] 1958 1 2 1
NULL
R-CCU: After ClusterLabelChange for i = 43 
R-CCU: sum(pointsPerCluster) = 1963 
 num [1:4] 1959 1 2 1
NULL
R-CCU: dpObj$numberClusters = 4 
List of 2
 $ : num [1, 1, 1:4] 0.45 0.265 0.652 0.795
 $ : num [1, 1, 1:4] 2.45 3.79 3.21 5.45
NULL
R priorParameters: 2 8 
R maxT: 1 
R_PriorDraw_first_mu: 0.9136752 
R_PriorDraw_first_nu: 2.892017 
R-CCU: Before ClusterLabelChange for i = 44 newLabel= 1 currentLabel= 4 
R-CCU: sum(pointsPerCluster) = 1963 
 num [1:4] 1959 1 2 1
NULL
R-CCU: After ClusterLabelChange for i = 44 
R-CCU: sum(pointsPerCluster) = 1964 
 num [1:4] 1960 1 2 1
NULL
R-CCU: dpObj$numberClusters = 4 
List of 2
 $ : num [1, 1, 1:4] 0.45 0.265 0.652 0.795
 $ : num [1, 1, 1:4] 2.45 3.79 3.21 5.45
NULL
R priorParameters: 2 8 
R maxT: 1 
R_PriorDraw_first_mu: 0.05676808 
R_PriorDraw_first_nu: 10.28183 
R-CCU: Before ClusterLabelChange for i = 45 newLabel= 1 currentLabel= 1 
R-CCU: sum(pointsPerCluster) = 1964 
 num [1:4] 1960 1 2 1
NULL
R-CCU: After ClusterLabelChange for i = 45 
R-CCU: sum(pointsPerCluster) = 1965 
 num [1:4] 1961 1 2 1
NULL
R-CCU: dpObj$numberClusters = 4 
List of 2
 $ : num [1, 1, 1:4] 0.45 0.265 0.652 0.795
 $ : num [1, 1, 1:4] 2.45 3.79 3.21 5.45
NULL
R priorParameters: 2 8 
R maxT: 1 
R_PriorDraw_first_mu: 0.7765324 
R_PriorDraw_first_nu: 39.87993 
R-CCU: Before ClusterLabelChange for i = 46 newLabel= 1 currentLabel= 1 
R-CCU: sum(pointsPerCluster) = 1965 
 num [1:4] 1961 1 2 1
NULL
R-CCU: After ClusterLabelChange for i = 46 
R-CCU: sum(pointsPerCluster) = 1966 
 num [1:4] 1962 1 2 1
NULL
R-CCU: dpObj$numberClusters = 4 
List of 2
 $ : num [1, 1, 1:4] 0.45 0.265 0.652 0.795
 $ : num [1, 1, 1:4] 2.45 3.79 3.21 5.45
NULL
R priorParameters: 2 8 
R maxT: 1 
R_PriorDraw_first_mu: 0.6718726 
R_PriorDraw_first_nu: 1.646198 
R-CCU: Before ClusterLabelChange for i = 47 newLabel= 1 currentLabel= 1 
R-CCU: sum(pointsPerCluster) = 1966 
 num [1:4] 1962 1 2 1
NULL
R-CCU: After ClusterLabelChange for i = 47 
R-CCU: sum(pointsPerCluster) = 1967 
 num [1:4] 1963 1 2 1
NULL
R-CCU: dpObj$numberClusters = 4 
List of 2
 $ : num [1, 1, 1:4] 0.45 0.265 0.652 0.795
 $ : num [1, 1, 1:4] 2.45 3.79 3.21 5.45
NULL
R priorParameters: 2 8 
R maxT: 1 
R_PriorDraw_first_mu: 0.7336539 
R_PriorDraw_first_nu: 5.151904 
R-CCU: Before ClusterLabelChange for i = 48 newLabel= 1 currentLabel= 1 
R-CCU: sum(pointsPerCluster) = 1967 
 num [1:4] 1963 1 2 1
NULL
R-CCU: After ClusterLabelChange for i = 48 
R-CCU: sum(pointsPerCluster) = 1968 
 num [1:4] 1964 1 2 1
NULL
R-CCU: dpObj$numberClusters = 4 
List of 2
 $ : num [1, 1, 1:4] 0.45 0.265 0.652 0.795
 $ : num [1, 1, 1:4] 2.45 3.79 3.21 5.45
NULL
R priorParameters: 2 8 
R maxT: 1 
R_PriorDraw_first_mu: 0.7497093 
R_PriorDraw_first_nu: 2.01141 
R-CCU: Before ClusterLabelChange for i = 49 newLabel= 1 currentLabel= 1 
R-CCU: sum(pointsPerCluster) = 1968 
 num [1:4] 1964 1 2 1
NULL
R-CCU: After ClusterLabelChange for i = 49 
R-CCU: sum(pointsPerCluster) = 1969 
 num [1:4] 1965 1 2 1
NULL
R-CCU: dpObj$numberClusters = 4 
List of 2
 $ : num [1, 1, 1:4] 0.45 0.265 0.652 0.795
 $ : num [1, 1, 1:4] 2.45 3.79 3.21 5.45
NULL
R priorParameters: 2 8 
R maxT: 1 
R_PriorDraw_first_mu: 0.8761704 
R_PriorDraw_first_nu: 2.656753 
R-CCU: Before ClusterLabelChange for i = 50 newLabel= 1 currentLabel= 1 
R-CCU: sum(pointsPerCluster) = 1969 
 num [1:4] 1965 1 2 1
NULL
R-CCU: After ClusterLabelChange for i = 50 
R-CCU: sum(pointsPerCluster) = 1970 
 num [1:4] 1966 1 2 1
NULL
R-CCU: dpObj$numberClusters = 4 
List of 2
 $ : num [1, 1, 1:4] 0.45 0.265 0.652 0.795
 $ : num [1, 1, 1:4] 2.45 3.79 3.21 5.45
NULL
R priorParameters: 2 8 
R maxT: 1 
R_PriorDraw_first_mu: 0.2452383 
R_PriorDraw_first_nu: 5.115695 
R-CCU: Before ClusterLabelChange for i = 51 newLabel= 1 currentLabel= 1 
R-CCU: sum(pointsPerCluster) = 1970 
 num [1:4] 1966 1 2 1
NULL
R-CCU: After ClusterLabelChange for i = 51 
R-CCU: sum(pointsPerCluster) = 1971 
 num [1:4] 1967 1 2 1
NULL
R-CCU: dpObj$numberClusters = 4 
List of 2
 $ : num [1, 1, 1:4] 0.45 0.265 0.652 0.795
 $ : num [1, 1, 1:4] 2.45 3.79 3.21 5.45
NULL
R priorParameters: 2 8 
R maxT: 1 
R_PriorDraw_first_mu: 0.8819565 
R_PriorDraw_first_nu: 4.446902 
R-CCU: Before ClusterLabelChange for i = 52 newLabel= 1 currentLabel= 1 
R-CCU: sum(pointsPerCluster) = 1971 
 num [1:4] 1967 1 2 1
NULL
R-CCU: After ClusterLabelChange for i = 52 
R-CCU: sum(pointsPerCluster) = 1972 
 num [1:4] 1968 1 2 1
NULL
R-CCU: dpObj$numberClusters = 4 
List of 2
 $ : num [1, 1, 1:4] 0.45 0.265 0.652 0.795
 $ : num [1, 1, 1:4] 2.45 3.79 3.21 5.45
NULL
R priorParameters: 2 8 
R maxT: 1 
R_PriorDraw_first_mu: 0.7515957 
R_PriorDraw_first_nu: 19.71846 
R-CCU: Before ClusterLabelChange for i = 53 newLabel= 1 currentLabel= 1 
R-CCU: sum(pointsPerCluster) = 1972 
 num [1:4] 1968 1 2 1
NULL
R-CCU: After ClusterLabelChange for i = 53 
R-CCU: sum(pointsPerCluster) = 1973 
 num [1:4] 1969 1 2 1
NULL
R-CCU: dpObj$numberClusters = 4 
List of 2
 $ : num [1, 1, 1:4] 0.45 0.265 0.652 0.795
 $ : num [1, 1, 1:4] 2.45 3.79 3.21 5.45
NULL
R priorParameters: 2 8 
R maxT: 1 
R_PriorDraw_first_mu: 0.2742416 
R_PriorDraw_first_nu: 3.228899 
R-CCU: Before ClusterLabelChange for i = 54 newLabel= 1 currentLabel= 1 
R-CCU: sum(pointsPerCluster) = 1973 
 num [1:4] 1969 1 2 1
NULL
R-CCU: After ClusterLabelChange for i = 54 
R-CCU: sum(pointsPerCluster) = 1974 
 num [1:4] 1970 1 2 1
NULL
R-CCU: dpObj$numberClusters = 4 
List of 2
 $ : num [1, 1, 1:4] 0.45 0.265 0.652 0.795
 $ : num [1, 1, 1:4] 2.45 3.79 3.21 5.45
NULL
R priorParameters: 2 8 
R maxT: 1 
R_PriorDraw_first_mu: 0.2680769 
R_PriorDraw_first_nu: 21.81413 
R-CCU: Before ClusterLabelChange for i = 55 newLabel= 1 currentLabel= 1 
R-CCU: sum(pointsPerCluster) = 1974 
 num [1:4] 1970 1 2 1
NULL
R-CCU: After ClusterLabelChange for i = 55 
R-CCU: sum(pointsPerCluster) = 1975 
 num [1:4] 1971 1 2 1
NULL
R-CCU: dpObj$numberClusters = 4 
List of 2
 $ : num [1, 1, 1:4] 0.45 0.265 0.652 0.795
 $ : num [1, 1, 1:4] 2.45 3.79 3.21 5.45
NULL
R priorParameters: 2 8 
R maxT: 1 
R_PriorDraw_first_mu: 0.6294461 
R_PriorDraw_first_nu: 4.875622 
R-CCU: Before ClusterLabelChange for i = 56 newLabel= 1 currentLabel= 1 
R-CCU: sum(pointsPerCluster) = 1975 
 num [1:4] 1971 1 2 1
NULL
R-CCU: After ClusterLabelChange for i = 56 
R-CCU: sum(pointsPerCluster) = 1976 
 num [1:4] 1972 1 2 1
NULL
R-CCU: dpObj$numberClusters = 4 
List of 2
 $ : num [1, 1, 1:4] 0.45 0.265 0.652 0.795
 $ : num [1, 1, 1:4] 2.45 3.79 3.21 5.45
NULL
R priorParameters: 2 8 
R maxT: 1 
R_PriorDraw_first_mu: 0.7124229 
R_PriorDraw_first_nu: 7.409662 
R-CCU: Before ClusterLabelChange for i = 57 newLabel= 1 currentLabel= 1 
R-CCU: sum(pointsPerCluster) = 1976 
 num [1:4] 1972 1 2 1
NULL
R-CCU: After ClusterLabelChange for i = 57 
R-CCU: sum(pointsPerCluster) = 1977 
 num [1:4] 1973 1 2 1
NULL
R-CCU: dpObj$numberClusters = 4 
List of 2
 $ : num [1, 1, 1:4] 0.45 0.265 0.652 0.795
 $ : num [1, 1, 1:4] 2.45 3.79 3.21 5.45
NULL
R priorParameters: 2 8 
R maxT: 1 
R_PriorDraw_first_mu: 0.4071876 
R_PriorDraw_first_nu: 8.050426 
R-CCU: Before ClusterLabelChange for i = 58 newLabel= 1 currentLabel= 1 
R-CCU: sum(pointsPerCluster) = 1977 
 num [1:4] 1973 1 2 1
NULL
R-CCU: After ClusterLabelChange for i = 58 
R-CCU: sum(pointsPerCluster) = 1978 
 num [1:4] 1974 1 2 1
NULL
R-CCU: dpObj$numberClusters = 4 
List of 2
 $ : num [1, 1, 1:4] 0.45 0.265 0.652 0.795
 $ : num [1, 1, 1:4] 2.45 3.79 3.21 5.45
NULL
R priorParameters: 2 8 
R maxT: 1 
R_PriorDraw_first_mu: 0.1296744 
R_PriorDraw_first_nu: 3.666506 
R-CCU: Before ClusterLabelChange for i = 59 newLabel= 1 currentLabel= 1 
R-CCU: sum(pointsPerCluster) = 1978 
 num [1:4] 1974 1 2 1
NULL
R-CCU: After ClusterLabelChange for i = 59 
R-CCU: sum(pointsPerCluster) = 1979 
 num [1:4] 1975 1 2 1
NULL
R-CCU: dpObj$numberClusters = 4 
List of 2
 $ : num [1, 1, 1:4] 0.45 0.265 0.652 0.795
 $ : num [1, 1, 1:4] 2.45 3.79 3.21 5.45
NULL
R priorParameters: 2 8 
R maxT: 1 
R_PriorDraw_first_mu: 0.1617317 
R_PriorDraw_first_nu: 2.944806 
R-CCU: Before ClusterLabelChange for i = 60 newLabel= 1 currentLabel= 1 
R-CCU: sum(pointsPerCluster) = 1979 
 num [1:4] 1975 1 2 1
NULL
R-CCU: After ClusterLabelChange for i = 60 
R-CCU: sum(pointsPerCluster) = 1980 
 num [1:4] 1976 1 2 1
NULL
R-CCU: dpObj$numberClusters = 4 
List of 2
 $ : num [1, 1, 1:4] 0.45 0.265 0.652 0.795
 $ : num [1, 1, 1:4] 2.45 3.79 3.21 5.45
NULL

⠸ |   64      0 | Beta Distribution Full Integration Test          R priorParameters: 2 8 
R maxT: 1 
R_PriorDraw_first_mu: 0.7804009 
R_PriorDraw_first_nu: 4.386059 
R-CCU: Before ClusterLabelChange for i = 1 newLabel= 1 currentLabel= 1 
R-CCU: sum(pointsPerCluster) = 1980 
 num [1:4] 1976 1 2 1
NULL
R-CCU: After ClusterLabelChange for i = 1 
R-CCU: sum(pointsPerCluster) = 1981 
 num [1:4] 1977 1 2 1
NULL
R-CCU: dpObj$numberClusters = 4 
List of 2
 $ : num [1, 1, 1:4] 0.564 0.265 0.652 0.795
 $ : num [1, 1, 1:4] 2.95 3.79 3.21 5.45
NULL
R priorParameters: 2 8 
R maxT: 1 
R_PriorDraw_first_mu: 0.2006528 
R_PriorDraw_first_nu: 3.362918 
R-CCU: Before ClusterLabelChange for i = 2 newLabel= 1 currentLabel= 1 
R-CCU: sum(pointsPerCluster) = 1981 
 num [1:4] 1977 1 2 1
NULL
R-CCU: After ClusterLabelChange for i = 2 
R-CCU: sum(pointsPerCluster) = 1982 
 num [1:4] 1978 1 2 1
NULL
R-CCU: dpObj$numberClusters = 4 
List of 2
 $ : num [1, 1, 1:4] 0.564 0.265 0.652 0.795
 $ : num [1, 1, 1:4] 2.95 3.79 3.21 5.45
NULL
R priorParameters: 2 8 
R maxT: 1 
R_PriorDraw_first_mu: 0.9612557 
R_PriorDraw_first_nu: 3.202548 
R-CCU: Before ClusterLabelChange for i = 3 newLabel= 1 currentLabel= 1 
R-CCU: sum(pointsPerCluster) = 1982 
 num [1:4] 1978 1 2 1
NULL
R-CCU: After ClusterLabelChange for i = 3 
R-CCU: sum(pointsPerCluster) = 1983 
 num [1:4] 1979 1 2 1
NULL
R-CCU: dpObj$numberClusters = 4 
List of 2
 $ : num [1, 1, 1:4] 0.564 0.265 0.652 0.795
 $ : num [1, 1, 1:4] 2.95 3.79 3.21 5.45
NULL
R priorParameters: 2 8 
R maxT: 1 
R_PriorDraw_first_mu: 0.5481563 
R_PriorDraw_first_nu: 1.61892 
R-CCU: Before ClusterLabelChange for i = 4 newLabel= 1 currentLabel= 1 
R-CCU: sum(pointsPerCluster) = 1983 
 num [1:4] 1979 1 2 1
NULL
R-CCU: After ClusterLabelChange for i = 4 
R-CCU: sum(pointsPerCluster) = 1984 
 num [1:4] 1980 1 2 1
NULL
R-CCU: dpObj$numberClusters = 4 
List of 2
 $ : num [1, 1, 1:4] 0.564 0.265 0.652 0.795
 $ : num [1, 1, 1:4] 2.95 3.79 3.21 5.45
NULL
R priorParameters: 2 8 
R maxT: 1 
R_PriorDraw_first_mu: 0.362102 
R_PriorDraw_first_nu: 3.737271 
R-CCU: Before ClusterLabelChange for i = 5 newLabel= 1 currentLabel= 1 
R-CCU: sum(pointsPerCluster) = 1984 
 num [1:4] 1980 1 2 1
NULL
R-CCU: After ClusterLabelChange for i = 5 
R-CCU: sum(pointsPerCluster) = 1985 
 num [1:4] 1981 1 2 1
NULL
R-CCU: dpObj$numberClusters = 4 
List of 2
 $ : num [1, 1, 1:4] 0.564 0.265 0.652 0.795
 $ : num [1, 1, 1:4] 2.95 3.79 3.21 5.45
NULL
R priorParameters: 2 8 
R maxT: 1 
R_PriorDraw_first_mu: 0.7077792 
R_PriorDraw_first_nu: 3.18405 
R-CCU: Before ClusterLabelChange for i = 6 newLabel= 1 currentLabel= 1 
R-CCU: sum(pointsPerCluster) = 1985 
 num [1:4] 1981 1 2 1
NULL
R-CCU: After ClusterLabelChange for i = 6 
R-CCU: sum(pointsPerCluster) = 1986 
 num [1:4] 1982 1 2 1
NULL
R-CCU: dpObj$numberClusters = 4 
List of 2
 $ : num [1, 1, 1:4] 0.564 0.265 0.652 0.795
 $ : num [1, 1, 1:4] 2.95 3.79 3.21 5.45
NULL
R priorParameters: 2 8 
R maxT: 1 
R_PriorDraw_first_mu: 0.5188929 
R_PriorDraw_first_nu: 6.250444 
R-CCU: Before ClusterLabelChange for i = 7 newLabel= 1 currentLabel= 1 
R-CCU: sum(pointsPerCluster) = 1986 
 num [1:4] 1982 1 2 1
NULL
R-CCU: After ClusterLabelChange for i = 7 
R-CCU: sum(pointsPerCluster) = 1987 
 num [1:4] 1983 1 2 1
NULL
R-CCU: dpObj$numberClusters = 4 
List of 2
 $ : num [1, 1, 1:4] 0.564 0.265 0.652 0.795
 $ : num [1, 1, 1:4] 2.95 3.79 3.21 5.45
NULL
R priorParameters: 2 8 
R maxT: 1 
R_PriorDraw_first_mu: 0.6023635 
R_PriorDraw_first_nu: 1.687929 
R-CCU: Before ClusterLabelChange for i = 8 newLabel= 1 currentLabel= 1 
R-CCU: sum(pointsPerCluster) = 1987 
 num [1:4] 1983 1 2 1
NULL
R-CCU: After ClusterLabelChange for i = 8 
R-CCU: sum(pointsPerCluster) = 1988 
 num [1:4] 1984 1 2 1
NULL
R-CCU: dpObj$numberClusters = 4 
List of 2
 $ : num [1, 1, 1:4] 0.564 0.265 0.652 0.795
 $ : num [1, 1, 1:4] 2.95 3.79 3.21 5.45
NULL
R priorParameters: 2 8 
R maxT: 1 
R_PriorDraw_first_mu: 0.6379996 
R_PriorDraw_first_nu: 9.585822 
R-CCU: Before ClusterLabelChange for i = 9 newLabel= 1 currentLabel= 1 
R-CCU: sum(pointsPerCluster) = 1988 
 num [1:4] 1984 1 2 1
NULL
R-CCU: After ClusterLabelChange for i = 9 
R-CCU: sum(pointsPerCluster) = 1989 
 num [1:4] 1985 1 2 1
NULL
R-CCU: dpObj$numberClusters = 4 
List of 2
 $ : num [1, 1, 1:4] 0.564 0.265 0.652 0.795
 $ : num [1, 1, 1:4] 2.95 3.79 3.21 5.45
NULL
R priorParameters: 2 8 
R maxT: 1 
R_PriorDraw_first_mu: 0.2153742 
R_PriorDraw_first_nu: 3.484272 
R-CCU: Before ClusterLabelChange for i = 10 newLabel= 1 currentLabel= 1 
R-CCU: sum(pointsPerCluster) = 1989 
 num [1:4] 1985 1 2 1
NULL
R-CCU: After ClusterLabelChange for i = 10 
R-CCU: sum(pointsPerCluster) = 1990 
 num [1:4] 1986 1 2 1
NULL
R-CCU: dpObj$numberClusters = 4 
List of 2
 $ : num [1, 1, 1:4] 0.564 0.265 0.652 0.795
 $ : num [1, 1, 1:4] 2.95 3.79 3.21 5.45
NULL
R priorParameters: 2 8 
R maxT: 1 
R_PriorDraw_first_mu: 0.8705848 
R_PriorDraw_first_nu: 5.360773 
R-CCU: Before ClusterLabelChange for i = 11 newLabel= 1 currentLabel= 1 
R-CCU: sum(pointsPerCluster) = 1990 
 num [1:4] 1986 1 2 1
NULL
R-CCU: After ClusterLabelChange for i = 11 
R-CCU: sum(pointsPerCluster) = 1991 
 num [1:4] 1987 1 2 1
NULL
R-CCU: dpObj$numberClusters = 4 
List of 2
 $ : num [1, 1, 1:4] 0.564 0.265 0.652 0.795
 $ : num [1, 1, 1:4] 2.95 3.79 3.21 5.45
NULL
R priorParameters: 2 8 
R maxT: 1 
R_PriorDraw_first_mu: 0.8278358 
R_PriorDraw_first_nu: 3.215656 
R-CCU: Before ClusterLabelChange for i = 12 newLabel= 1 currentLabel= 1 
R-CCU: sum(pointsPerCluster) = 1991 
 num [1:4] 1987 1 2 1
NULL
R-CCU: After ClusterLabelChange for i = 12 
R-CCU: sum(pointsPerCluster) = 1992 
 num [1:4] 1988 1 2 1
NULL
R-CCU: dpObj$numberClusters = 4 
List of 2
 $ : num [1, 1, 1:4] 0.564 0.265 0.652 0.795
 $ : num [1, 1, 1:4] 2.95 3.79 3.21 5.45
NULL
R priorParameters: 2 8 
R maxT: 1 
R_PriorDraw_first_mu: 0.2998364 
R_PriorDraw_first_nu: 7.984371 
R-CCU: Before ClusterLabelChange for i = 13 newLabel= 1 currentLabel= 1 
R-CCU: sum(pointsPerCluster) = 1992 
 num [1:4] 1988 1 2 1
NULL
R-CCU: After ClusterLabelChange for i = 13 
R-CCU: sum(pointsPerCluster) = 1993 
 num [1:4] 1989 1 2 1
NULL
R-CCU: dpObj$numberClusters = 4 
List of 2
 $ : num [1, 1, 1:4] 0.564 0.265 0.652 0.795
 $ : num [1, 1, 1:4] 2.95 3.79 3.21 5.45
NULL
R priorParameters: 2 8 
R maxT: 1 
R_PriorDraw_first_mu: 0.1738741 
R_PriorDraw_first_nu: 12.71948 
R-CCU: Before ClusterLabelChange for i = 14 newLabel= 1 currentLabel= 1 
R-CCU: sum(pointsPerCluster) = 1993 
 num [1:4] 1989 1 2 1
NULL
R-CCU: After ClusterLabelChange for i = 14 
R-CCU: sum(pointsPerCluster) = 1994 
 num [1:4] 1990 1 2 1
NULL
R-CCU: dpObj$numberClusters = 4 
List of 2
 $ : num [1, 1, 1:4] 0.564 0.265 0.652 0.795
 $ : num [1, 1, 1:4] 2.95 3.79 3.21 5.45
NULL
R priorParameters: 2 8 
R maxT: 1 
R_PriorDraw_first_mu: 0.5414566 
R_PriorDraw_first_nu: 5.130402 
R-CCU: Before ClusterLabelChange for i = 15 newLabel= 1 currentLabel= 1 
R-CCU: sum(pointsPerCluster) = 1994 
 num [1:4] 1990 1 2 1
NULL
R-CCU: After ClusterLabelChange for i = 15 
R-CCU: sum(pointsPerCluster) = 1995 
 num [1:4] 1991 1 2 1
NULL
R-CCU: dpObj$numberClusters = 4 
List of 2
 $ : num [1, 1, 1:4] 0.564 0.265 0.652 0.795
 $ : num [1, 1, 1:4] 2.95 3.79 3.21 5.45
NULL
R priorParameters: 2 8 
R maxT: 1 
R_PriorDraw_first_mu: 0.07360217 
R_PriorDraw_first_nu: 28.43861 
R-CCU: Before ClusterLabelChange for i = 16 newLabel= 1 currentLabel= 1 
R-CCU: sum(pointsPerCluster) = 1995 
 num [1:4] 1991 1 2 1
NULL
R-CCU: After ClusterLabelChange for i = 16 
R-CCU: sum(pointsPerCluster) = 1996 
 num [1:4] 1992 1 2 1
NULL
R-CCU: dpObj$numberClusters = 4 
List of 2
 $ : num [1, 1, 1:4] 0.564 0.265 0.652 0.795
 $ : num [1, 1, 1:4] 2.95 3.79 3.21 5.45
NULL
R priorParameters: 2 8 
R maxT: 1 
R_PriorDraw_first_mu: 0.9627563 
R_PriorDraw_first_nu: 1.423234 
R-CCU: Before ClusterLabelChange for i = 17 newLabel= 1 currentLabel= 1 
R-CCU: sum(pointsPerCluster) = 1996 
 num [1:4] 1992 1 2 1
NULL
R-CCU: After ClusterLabelChange for i = 17 
R-CCU: sum(pointsPerCluster) = 1997 
 num [1:4] 1993 1 2 1
NULL
R-CCU: dpObj$numberClusters = 4 
List of 2
 $ : num [1, 1, 1:4] 0.564 0.265 0.652 0.795
 $ : num [1, 1, 1:4] 2.95 3.79 3.21 5.45
NULL
R priorParameters: 2 8 
R maxT: 1 
R_PriorDraw_first_mu: 0.8453674 
R_PriorDraw_first_nu: 5.782941 
R-CCU: Before ClusterLabelChange for i = 18 newLabel= 1 currentLabel= 1 
R-CCU: sum(pointsPerCluster) = 1997 
 num [1:4] 1993 1 2 1
NULL
R-CCU: After ClusterLabelChange for i = 18 
R-CCU: sum(pointsPerCluster) = 1998 
 num [1:4] 1994 1 2 1
NULL
R-CCU: dpObj$numberClusters = 4 
List of 2
 $ : num [1, 1, 1:4] 0.564 0.265 0.652 0.795
 $ : num [1, 1, 1:4] 2.95 3.79 3.21 5.45
NULL
R priorParameters: 2 8 
R maxT: 1 
R_PriorDraw_first_mu: 0.8409571 
R_PriorDraw_first_nu: 2.382082 
R-CCU: Before ClusterLabelChange for i = 19 newLabel= 1 currentLabel= 1 
R-CCU: sum(pointsPerCluster) = 1998 
 num [1:4] 1994 1 2 1
NULL
R-CCU: After ClusterLabelChange for i = 19 
R-CCU: sum(pointsPerCluster) = 1999 
 num [1:4] 1995 1 2 1
NULL
R-CCU: dpObj$numberClusters = 4 
List of 2
 $ : num [1, 1, 1:4] 0.564 0.265 0.652 0.795
 $ : num [1, 1, 1:4] 2.95 3.79 3.21 5.45
NULL
R priorParameters: 2 8 
R maxT: 1 
R_PriorDraw_first_mu: 0.5450822 
R_PriorDraw_first_nu: 7.265577 
R-CCU: Before ClusterLabelChange for i = 20 newLabel= 1 currentLabel= 1 
R-CCU: sum(pointsPerCluster) = 1999 
 num [1:4] 1995 1 2 1
NULL
R-CCU: After ClusterLabelChange for i = 20 
R-CCU: sum(pointsPerCluster) = 2000 
 num [1:4] 1996 1 2 1
NULL
R-CCU: dpObj$numberClusters = 4 
List of 2
 $ : num [1, 1, 1:4] 0.564 0.265 0.652 0.795
 $ : num [1, 1, 1:4] 2.95 3.79 3.21 5.45
NULL
R priorParameters: 2 8 
R maxT: 1 
R_PriorDraw_first_mu: 0.6203528 
R_PriorDraw_first_nu: 2.506715 
R-CCU: Before ClusterLabelChange for i = 21 newLabel= 1 currentLabel= 1 
R-CCU: sum(pointsPerCluster) = 2000 
 num [1:4] 1996 1 2 1
NULL
R-CCU: After ClusterLabelChange for i = 21 
R-CCU: sum(pointsPerCluster) = 2001 
 num [1:4] 1997 1 2 1
NULL
R-CCU: dpObj$numberClusters = 4 
List of 2
 $ : num [1, 1, 1:4] 0.564 0.265 0.652 0.795
 $ : num [1, 1, 1:4] 2.95 3.79 3.21 5.45
NULL
R priorParameters: 2 8 
R maxT: 1 
R_PriorDraw_first_mu: 0.1720061 
R_PriorDraw_first_nu: 3.309442 
R-CCU: Before ClusterLabelChange for i = 22 newLabel= 1 currentLabel= 1 
R-CCU: sum(pointsPerCluster) = 2001 
 num [1:4] 1997 1 2 1
NULL
R-CCU: After ClusterLabelChange for i = 22 
R-CCU: sum(pointsPerCluster) = 2002 
 num [1:4] 1998 1 2 1
NULL
R-CCU: dpObj$numberClusters = 4 
List of 2
 $ : num [1, 1, 1:4] 0.564 0.265 0.652 0.795
 $ : num [1, 1, 1:4] 2.95 3.79 3.21 5.45
NULL
R priorParameters: 2 8 
R maxT: 1 
R_PriorDraw_first_mu: 0.1797364 
R_PriorDraw_first_nu: 3.019414 
R-CCU: Before ClusterLabelChange for i = 23 newLabel= 1 currentLabel= 1 
R-CCU: sum(pointsPerCluster) = 2002 
 num [1:4] 1998 1 2 1
NULL
R-CCU: After ClusterLabelChange for i = 23 
R-CCU: sum(pointsPerCluster) = 2003 
 num [1:4] 1999 1 2 1
NULL
R-CCU: dpObj$numberClusters = 4 
List of 2
 $ : num [1, 1, 1:4] 0.564 0.265 0.652 0.795
 $ : num [1, 1, 1:4] 2.95 3.79 3.21 5.45
NULL
R priorParameters: 2 8 
R maxT: 1 
R_PriorDraw_first_mu: 0.8565151 
R_PriorDraw_first_nu: 5.667717 
R-CCU: Before ClusterLabelChange for i = 24 newLabel= 1 currentLabel= 1 
R-CCU: sum(pointsPerCluster) = 2003 
 num [1:4] 1999 1 2 1
NULL
R-CCU: After ClusterLabelChange for i = 24 
R-CCU: sum(pointsPerCluster) = 2004 
 num [1:4] 2000 1 2 1
NULL
R-CCU: dpObj$numberClusters = 4 
List of 2
 $ : num [1, 1, 1:4] 0.564 0.265 0.652 0.795
 $ : num [1, 1, 1:4] 2.95 3.79 3.21 5.45
NULL
R priorParameters: 2 8 
R maxT: 1 
R_PriorDraw_first_mu: 0.7908412 
R_PriorDraw_first_nu: 6.774551 
R-CCU: Before ClusterLabelChange for i = 25 newLabel= 1 currentLabel= 1 
R-CCU: sum(pointsPerCluster) = 2004 
 num [1:4] 2000 1 2 1
NULL
R-CCU: After ClusterLabelChange for i = 25 
R-CCU: sum(pointsPerCluster) = 2005 
 num [1:4] 2001 1 2 1
NULL
R-CCU: dpObj$numberClusters = 4 
List of 2
 $ : num [1, 1, 1:4] 0.564 0.265 0.652 0.795
 $ : num [1, 1, 1:4] 2.95 3.79 3.21 5.45
NULL
R priorParameters: 2 8 
R maxT: 1 
R_PriorDraw_first_mu: 0.9851698 
R_PriorDraw_first_nu: 2.712116 
R-CCU: Before ClusterLabelChange for i = 26 newLabel= 1 currentLabel= 1 
R-CCU: sum(pointsPerCluster) = 2005 
 num [1:4] 2001 1 2 1
NULL
R-CCU: After ClusterLabelChange for i = 26 
R-CCU: sum(pointsPerCluster) = 2006 
 num [1:4] 2002 1 2 1
NULL
R-CCU: dpObj$numberClusters = 4 
List of 2
 $ : num [1, 1, 1:4] 0.564 0.265 0.652 0.795
 $ : num [1, 1, 1:4] 2.95 3.79 3.21 5.45
NULL
R priorParameters: 2 8 
R maxT: 1 
R_PriorDraw_first_mu: 0.1377018 
R_PriorDraw_first_nu: 2.136404 
R-CCU: Before ClusterLabelChange for i = 27 newLabel= 1 currentLabel= 1 
R-CCU: sum(pointsPerCluster) = 2006 
 num [1:4] 2002 1 2 1
NULL
R-CCU: After ClusterLabelChange for i = 27 
R-CCU: sum(pointsPerCluster) = 2007 
 num [1:4] 2003 1 2 1
NULL
R-CCU: dpObj$numberClusters = 4 
List of 2
 $ : num [1, 1, 1:4] 0.564 0.265 0.652 0.795
 $ : num [1, 1, 1:4] 2.95 3.79 3.21 5.45
NULL
R priorParameters: 2 8 
R maxT: 1 
R_PriorDraw_first_mu: 0.760448 
R_PriorDraw_first_nu: 38.11519 
R-CCU: Before ClusterLabelChange for i = 28 newLabel= 1 currentLabel= 1 
R-CCU: sum(pointsPerCluster) = 2007 
 num [1:4] 2003 1 2 1
NULL
R-CCU: After ClusterLabelChange for i = 28 
R-CCU: sum(pointsPerCluster) = 2008 
 num [1:4] 2004 1 2 1
NULL
R-CCU: dpObj$numberClusters = 4 
List of 2
 $ : num [1, 1, 1:4] 0.564 0.265 0.652 0.795
 $ : num [1, 1, 1:4] 2.95 3.79 3.21 5.45
NULL
R priorParameters: 2 8 
R maxT: 1 
R_PriorDraw_first_mu: 0.1830088 
R_PriorDraw_first_nu: 2.100513 
R-CCU: Before ClusterLabelChange for i = 29 newLabel= 1 currentLabel= 1 
R-CCU: sum(pointsPerCluster) = 2008 
 num [1:4] 2004 1 2 1
NULL
R-CCU: After ClusterLabelChange for i = 29 
R-CCU: sum(pointsPerCluster) = 2009 
 num [1:4] 2005 1 2 1
NULL
R-CCU: dpObj$numberClusters = 4 
List of 2
 $ : num [1, 1, 1:4] 0.564 0.265 0.652 0.795
 $ : num [1, 1, 1:4] 2.95 3.79 3.21 5.45
NULL
R priorParameters: 2 8 
R maxT: 1 
R_PriorDraw_first_mu: 0.9583764 
R_PriorDraw_first_nu: 8.351746 
R-CCU: Before ClusterLabelChange for i = 30 newLabel= 1 currentLabel= 1 
R-CCU: sum(pointsPerCluster) = 2009 
 num [1:4] 2005 1 2 1
NULL
R-CCU: After ClusterLabelChange for i = 30 
R-CCU: sum(pointsPerCluster) = 2010 
 num [1:4] 2006 1 2 1
NULL
R-CCU: dpObj$numberClusters = 4 
List of 2
 $ : num [1, 1, 1:4] 0.564 0.265 0.652 0.795
 $ : num [1, 1, 1:4] 2.95 3.79 3.21 5.45
NULL
R priorParameters: 2 8 
R maxT: 1 
R_PriorDraw_first_mu: 0.2900669 
R_PriorDraw_first_nu: 3.615073 
R-CCU: Before ClusterLabelChange for i = 31 newLabel= 1 currentLabel= 1 
R-CCU: sum(pointsPerCluster) = 2010 
 num [1:4] 2006 1 2 1
NULL
R-CCU: After ClusterLabelChange for i = 31 
R-CCU: sum(pointsPerCluster) = 2011 
 num [1:4] 2007 1 2 1
NULL
R-CCU: dpObj$numberClusters = 4 
List of 2
 $ : num [1, 1, 1:4] 0.564 0.265 0.652 0.795
 $ : num [1, 1, 1:4] 2.95 3.79 3.21 5.45
NULL
R priorParameters: 2 8 
R maxT: 1 
R_PriorDraw_first_mu: 0.6173927 
R_PriorDraw_first_nu: 2.07744 
R-CCU: Before ClusterLabelChange for i = 32 newLabel= 1 currentLabel= 1 
R-CCU: sum(pointsPerCluster) = 2011 
 num [1:4] 2007 1 2 1
NULL
R-CCU: After ClusterLabelChange for i = 32 
R-CCU: sum(pointsPerCluster) = 2012 
 num [1:4] 2008 1 2 1
NULL
R-CCU: dpObj$numberClusters = 4 
List of 2
 $ : num [1, 1, 1:4] 0.564 0.265 0.652 0.795
 $ : num [1, 1, 1:4] 2.95 3.79 3.21 5.45
NULL
R priorParameters: 2 8 
R maxT: 1 
R_PriorDraw_first_mu: 0.954475 
R_PriorDraw_first_nu: 3.431313 
R-CCU: Before ClusterLabelChange for i = 33 newLabel= 1 currentLabel= 1 
R-CCU: sum(pointsPerCluster) = 2012 
 num [1:4] 2008 1 2 1
NULL
R-CCU: After ClusterLabelChange for i = 33 
R-CCU: sum(pointsPerCluster) = 2013 
 num [1:4] 2009 1 2 1
NULL
R-CCU: dpObj$numberClusters = 4 
List of 2
 $ : num [1, 1, 1:4] 0.564 0.265 0.652 0.795
 $ : num [1, 1, 1:4] 2.95 3.79 3.21 5.45
NULL
R priorParameters: 2 8 
R maxT: 1 
R_PriorDraw_first_mu: 0.2377438 
R_PriorDraw_first_nu: 4.09508 
R-CCU: Before ClusterLabelChange for i = 34 newLabel= 1 currentLabel= 1 
R-CCU: sum(pointsPerCluster) = 2013 
 num [1:4] 2009 1 2 1
NULL
R-CCU: After ClusterLabelChange for i = 34 
R-CCU: sum(pointsPerCluster) = 2014 
 num [1:4] 2010 1 2 1
NULL
R-CCU: dpObj$numberClusters = 4 
List of 2
 $ : num [1, 1, 1:4] 0.564 0.265 0.652 0.795
 $ : num [1, 1, 1:4] 2.95 3.79 3.21 5.45
NULL
R priorParameters: 2 8 
R maxT: 1 
R_PriorDraw_first_mu: 0.4323294 
R_PriorDraw_first_nu: 3.93652 
R-CCU: Before ClusterLabelChange for i = 35 newLabel= 1 currentLabel= 1 
R-CCU: sum(pointsPerCluster) = 2014 
 num [1:4] 2010 1 2 1
NULL
R-CCU: After ClusterLabelChange for i = 35 
R-CCU: sum(pointsPerCluster) = 2015 
 num [1:4] 2011 1 2 1
NULL
R-CCU: dpObj$numberClusters = 4 
List of 2
 $ : num [1, 1, 1:4] 0.564 0.265 0.652 0.795
 $ : num [1, 1, 1:4] 2.95 3.79 3.21 5.45
NULL
R priorParameters: 2 8 
R maxT: 1 
R_PriorDraw_first_mu: 0.3499818 
R_PriorDraw_first_nu: 2.950907 
R-CCU: Before ClusterLabelChange for i = 36 newLabel= 1 currentLabel= 1 
R-CCU: sum(pointsPerCluster) = 2015 
 num [1:4] 2011 1 2 1
NULL
R-CCU: After ClusterLabelChange for i = 36 
R-CCU: sum(pointsPerCluster) = 2016 
 num [1:4] 2012 1 2 1
NULL
R-CCU: dpObj$numberClusters = 4 
List of 2
 $ : num [1, 1, 1:4] 0.564 0.265 0.652 0.795
 $ : num [1, 1, 1:4] 2.95 3.79 3.21 5.45
NULL
R priorParameters: 2 8 
R maxT: 1 
R_PriorDraw_first_mu: 0.3514547 
R_PriorDraw_first_nu: 3.758797 
R-CCU: Before ClusterLabelChange for i = 37 newLabel= 1 currentLabel= 1 
R-CCU: sum(pointsPerCluster) = 2016 
 num [1:4] 2012 1 2 1
NULL
R-CCU: After ClusterLabelChange for i = 37 
R-CCU: sum(pointsPerCluster) = 2017 
 num [1:4] 2013 1 2 1
NULL
R-CCU: dpObj$numberClusters = 4 
List of 2
 $ : num [1, 1, 1:4] 0.564 0.265 0.652 0.795
 $ : num [1, 1, 1:4] 2.95 3.79 3.21 5.45
NULL
R priorParameters: 2 8 
R maxT: 1 
R_PriorDraw_first_mu: 0.2799849 
R_PriorDraw_first_nu: 6.913902 
R-CCU: Before ClusterLabelChange for i = 38 newLabel= 1 currentLabel= 1 
R-CCU: sum(pointsPerCluster) = 2017 
 num [1:4] 2013 1 2 1
NULL
R-CCU: After ClusterLabelChange for i = 38 
R-CCU: sum(pointsPerCluster) = 2018 
 num [1:4] 2014 1 2 1
NULL
R-CCU: dpObj$numberClusters = 4 
List of 2
 $ : num [1, 1, 1:4] 0.564 0.265 0.652 0.795
 $ : num [1, 1, 1:4] 2.95 3.79 3.21 5.45
NULL
R priorParameters: 2 8 
R maxT: 1 
R_PriorDraw_first_mu: 0.9869624 
R_PriorDraw_first_nu: 6.032116 
R-CCU: Before ClusterLabelChange for i = 39 newLabel= 1 currentLabel= 1 
R-CCU: sum(pointsPerCluster) = 2018 
 num [1:4] 2014 1 2 1
NULL
R-CCU: After ClusterLabelChange for i = 39 
R-CCU: sum(pointsPerCluster) = 2019 
 num [1:4] 2015 1 2 1
NULL
R-CCU: dpObj$numberClusters = 4 
List of 2
 $ : num [1, 1, 1:4] 0.564 0.265 0.652 0.795
 $ : num [1, 1, 1:4] 2.95 3.79 3.21 5.45
NULL
R priorParameters: 2 8 
R maxT: 1 
R_PriorDraw_first_mu: 0.5770675 
R_PriorDraw_first_nu: 1.481515 
R-CCU: Before ClusterLabelChange for i = 40 newLabel= 1 currentLabel= 1 
R-CCU: sum(pointsPerCluster) = 2019 
 num [1:4] 2015 1 2 1
NULL
R-CCU: After ClusterLabelChange for i = 40 
R-CCU: sum(pointsPerCluster) = 2020 
 num [1:4] 2016 1 2 1
NULL
R-CCU: dpObj$numberClusters = 4 
List of 2
 $ : num [1, 1, 1:4] 0.564 0.265 0.652 0.795
 $ : num [1, 1, 1:4] 2.95 3.79 3.21 5.45
NULL
R priorParameters: 2 8 
R maxT: 1 
R_PriorDraw_first_mu: 0.7917863 
R_PriorDraw_first_nu: 6.547315 
R-CCU: Before ClusterLabelChange for i = 41 newLabel= 1 currentLabel= 1 
R-CCU: sum(pointsPerCluster) = 2020 
 num [1:4] 2016 1 2 1
NULL
R-CCU: After ClusterLabelChange for i = 41 
R-CCU: sum(pointsPerCluster) = 2021 
 num [1:4] 2017 1 2 1
NULL
R-CCU: dpObj$numberClusters = 4 
List of 2
 $ : num [1, 1, 1:4] 0.564 0.265 0.652 0.795
 $ : num [1, 1, 1:4] 2.95 3.79 3.21 5.45
NULL
R priorParameters: 2 8 
R maxT: 1 
R_PriorDraw_first_mu: 0.9235555 
R_PriorDraw_first_nu: 12.704 
R-CCU: Before ClusterLabelChange for i = 42 newLabel= 1 currentLabel= 1 
R-CCU: sum(pointsPerCluster) = 2021 
 num [1:4] 2017 1 2 1
NULL
R-CCU: After ClusterLabelChange for i = 42 
R-CCU: sum(pointsPerCluster) = 2022 
 num [1:4] 2018 1 2 1
NULL
R-CCU: dpObj$numberClusters = 4 
List of 2
 $ : num [1, 1, 1:4] 0.564 0.265 0.652 0.795
 $ : num [1, 1, 1:4] 2.95 3.79 3.21 5.45
NULL
R priorParameters: 2 8 
R maxT: 1 
R_PriorDraw_first_mu: 0.1735233 
R_PriorDraw_first_nu: 1.816021 
R-CCU: Before ClusterLabelChange for i = 43 newLabel= 1 currentLabel= 1 
R-CCU: sum(pointsPerCluster) = 2022 
 num [1:4] 2018 1 2 1
NULL
R-CCU: After ClusterLabelChange for i = 43 
R-CCU: sum(pointsPerCluster) = 2023 
 num [1:4] 2019 1 2 1
NULL
R-CCU: dpObj$numberClusters = 4 
List of 2
 $ : num [1, 1, 1:4] 0.564 0.265 0.652 0.795
 $ : num [1, 1, 1:4] 2.95 3.79 3.21 5.45
NULL
R priorParameters: 2 8 
R maxT: 1 
R_PriorDraw_first_mu: 0.6059604 
R_PriorDraw_first_nu: 19.10955 
R-CCU: Before ClusterLabelChange for i = 44 newLabel= 1 currentLabel= 1 
R-CCU: sum(pointsPerCluster) = 2023 
 num [1:4] 2019 1 2 1
NULL
R-CCU: After ClusterLabelChange for i = 44 
R-CCU: sum(pointsPerCluster) = 2024 
 num [1:4] 2020 1 2 1
NULL
R-CCU: dpObj$numberClusters = 4 
List of 2
 $ : num [1, 1, 1:4] 0.564 0.265 0.652 0.795
 $ : num [1, 1, 1:4] 2.95 3.79 3.21 5.45
NULL
R priorParameters: 2 8 
R maxT: 1 
R_PriorDraw_first_mu: 0.5338492 
R_PriorDraw_first_nu: 4.14636 
R-CCU: Before ClusterLabelChange for i = 45 newLabel= 1 currentLabel= 1 
R-CCU: sum(pointsPerCluster) = 2024 
 num [1:4] 2020 1 2 1
NULL
R-CCU: After ClusterLabelChange for i = 45 
R-CCU: sum(pointsPerCluster) = 2025 
 num [1:4] 2021 1 2 1
NULL
R-CCU: dpObj$numberClusters = 4 
List of 2
 $ : num [1, 1, 1:4] 0.564 0.265 0.652 0.795
 $ : num [1, 1, 1:4] 2.95 3.79 3.21 5.45
NULL
R priorParameters: 2 8 
R maxT: 1 
R_PriorDraw_first_mu: 0.6629702 
R_PriorDraw_first_nu: 3.052146 
R-CCU: Before ClusterLabelChange for i = 46 newLabel= 1 currentLabel= 1 
R-CCU: sum(pointsPerCluster) = 2025 
 num [1:4] 2021 1 2 1
NULL
R-CCU: After ClusterLabelChange for i = 46 
R-CCU: sum(pointsPerCluster) = 2026 
 num [1:4] 2022 1 2 1
NULL
R-CCU: dpObj$numberClusters = 4 
List of 2
 $ : num [1, 1, 1:4] 0.564 0.265 0.652 0.795
 $ : num [1, 1, 1:4] 2.95 3.79 3.21 5.45
NULL
R priorParameters: 2 8 
R maxT: 1 
R_PriorDraw_first_mu: 0.8324267 
R_PriorDraw_first_nu: 5.299124 
R-CCU: Before ClusterLabelChange for i = 47 newLabel= 1 currentLabel= 1 
R-CCU: sum(pointsPerCluster) = 2026 
 num [1:4] 2022 1 2 1
NULL
R-CCU: After ClusterLabelChange for i = 47 
R-CCU: sum(pointsPerCluster) = 2027 
 num [1:4] 2023 1 2 1
NULL
R-CCU: dpObj$numberClusters = 4 
List of 2
 $ : num [1, 1, 1:4] 0.564 0.265 0.652 0.795
 $ : num [1, 1, 1:4] 2.95 3.79 3.21 5.45
NULL
R priorParameters: 2 8 
R maxT: 1 
R_PriorDraw_first_mu: 0.6852933 
R_PriorDraw_first_nu: 6.957309 
R-CCU: Before ClusterLabelChange for i = 48 newLabel= 1 currentLabel= 1 
R-CCU: sum(pointsPerCluster) = 2027 
 num [1:4] 2023 1 2 1
NULL
R-CCU: After ClusterLabelChange for i = 48 
R-CCU: sum(pointsPerCluster) = 2028 
 num [1:4] 2024 1 2 1
NULL
R-CCU: dpObj$numberClusters = 4 
List of 2
 $ : num [1, 1, 1:4] 0.564 0.265 0.652 0.795
 $ : num [1, 1, 1:4] 2.95 3.79 3.21 5.45
NULL
R priorParameters: 2 8 
R maxT: 1 
R_PriorDraw_first_mu: 0.9204951 
R_PriorDraw_first_nu: 7.648591 
R-CCU: Before ClusterLabelChange for i = 49 newLabel= 1 currentLabel= 1 
R-CCU: sum(pointsPerCluster) = 2028 
 num [1:4] 2024 1 2 1
NULL
R-CCU: After ClusterLabelChange for i = 49 
R-CCU: sum(pointsPerCluster) = 2029 
 num [1:4] 2025 1 2 1
NULL
R-CCU: dpObj$numberClusters = 4 
List of 2
 $ : num [1, 1, 1:4] 0.564 0.265 0.652 0.795
 $ : num [1, 1, 1:4] 2.95 3.79 3.21 5.45
NULL
R priorParameters: 2 8 
R maxT: 1 
R_PriorDraw_first_mu: 0.8708932 
R_PriorDraw_first_nu: 5.70945 
R-CCU: Before ClusterLabelChange for i = 50 newLabel= 1 currentLabel= 1 
R-CCU: sum(pointsPerCluster) = 2029 
 num [1:4] 2025 1 2 1
NULL
R-CCU: After ClusterLabelChange for i = 50 
R-CCU: sum(pointsPerCluster) = 2030 
 num [1:4] 2026 1 2 1
NULL
R-CCU: dpObj$numberClusters = 4 
List of 2
 $ : num [1, 1, 1:4] 0.564 0.265 0.652 0.795
 $ : num [1, 1, 1:4] 2.95 3.79 3.21 5.45
NULL
R priorParameters: 2 8 
R maxT: 1 
R_PriorDraw_first_mu: 0.7716909 
R_PriorDraw_first_nu: 4.242328 
R-CCU: Before ClusterLabelChange for i = 51 newLabel= 1 currentLabel= 1 
R-CCU: sum(pointsPerCluster) = 2030 
 num [1:4] 2026 1 2 1
NULL
R-CCU: After ClusterLabelChange for i = 51 
R-CCU: sum(pointsPerCluster) = 2031 
 num [1:4] 2027 1 2 1
NULL
R-CCU: dpObj$numberClusters = 4 
List of 2
 $ : num [1, 1, 1:4] 0.564 0.265 0.652 0.795
 $ : num [1, 1, 1:4] 2.95 3.79 3.21 5.45
NULL
R priorParameters: 2 8 
R maxT: 1 
R_PriorDraw_first_mu: 0.9618636 
R_PriorDraw_first_nu: 5.884838 
R-CCU: Before ClusterLabelChange for i = 52 newLabel= 1 currentLabel= 1 
R-CCU: sum(pointsPerCluster) = 2031 
 num [1:4] 2027 1 2 1
NULL
R-CCU: After ClusterLabelChange for i = 52 
R-CCU: sum(pointsPerCluster) = 2032 
 num [1:4] 2028 1 2 1
NULL
R-CCU: dpObj$numberClusters = 4 
List of 2
 $ : num [1, 1, 1:4] 0.564 0.265 0.652 0.795
 $ : num [1, 1, 1:4] 2.95 3.79 3.21 5.45
NULL
R priorParameters: 2 8 
R maxT: 1 
R_PriorDraw_first_mu: 0.8334428 
R_PriorDraw_first_nu: 6.606393 
R-CCU: Before ClusterLabelChange for i = 53 newLabel= 1 currentLabel= 1 
R-CCU: sum(pointsPerCluster) = 2032 
 num [1:4] 2028 1 2 1
NULL
R-CCU: After ClusterLabelChange for i = 53 
R-CCU: sum(pointsPerCluster) = 2033 
 num [1:4] 2029 1 2 1
NULL
R-CCU: dpObj$numberClusters = 4 
List of 2
 $ : num [1, 1, 1:4] 0.564 0.265 0.652 0.795
 $ : num [1, 1, 1:4] 2.95 3.79 3.21 5.45
NULL
R priorParameters: 2 8 
R maxT: 1 
R_PriorDraw_first_mu: 0.9008316 
R_PriorDraw_first_nu: 3.13153 
R-CCU: Before ClusterLabelChange for i = 54 newLabel= 1 currentLabel= 1 
R-CCU: sum(pointsPerCluster) = 2033 
 num [1:4] 2029 1 2 1
NULL
R-CCU: After ClusterLabelChange for i = 54 
R-CCU: sum(pointsPerCluster) = 2034 
 num [1:4] 2030 1 2 1
NULL
R-CCU: dpObj$numberClusters = 4 
List of 2
 $ : num [1, 1, 1:4] 0.564 0.265 0.652 0.795
 $ : num [1, 1, 1:4] 2.95 3.79 3.21 5.45
NULL
R priorParameters: 2 8 
R maxT: 1 
R_PriorDraw_first_mu: 0.343382 
R_PriorDraw_first_nu: 2.885221 
R-CCU: Before ClusterLabelChange for i = 55 newLabel= 1 currentLabel= 1 
R-CCU: sum(pointsPerCluster) = 2034 
 num [1:4] 2030 1 2 1
NULL
R-CCU: After ClusterLabelChange for i = 55 
R-CCU: sum(pointsPerCluster) = 2035 
 num [1:4] 2031 1 2 1
NULL
R-CCU: dpObj$numberClusters = 4 
List of 2
 $ : num [1, 1, 1:4] 0.564 0.265 0.652 0.795
 $ : num [1, 1, 1:4] 2.95 3.79 3.21 5.45
NULL
R priorParameters: 2 8 
R maxT: 1 
R_PriorDraw_first_mu: 0.3879228 
R_PriorDraw_first_nu: 8.870588 
R-CCU: Before ClusterLabelChange for i = 56 newLabel= 1 currentLabel= 1 
R-CCU: sum(pointsPerCluster) = 2035 
 num [1:4] 2031 1 2 1
NULL
R-CCU: After ClusterLabelChange for i = 56 
R-CCU: sum(pointsPerCluster) = 2036 
 num [1:4] 2032 1 2 1
NULL
R-CCU: dpObj$numberClusters = 4 
List of 2
 $ : num [1, 1, 1:4] 0.564 0.265 0.652 0.795
 $ : num [1, 1, 1:4] 2.95 3.79 3.21 5.45
NULL
R priorParameters: 2 8 
R maxT: 1 
R_PriorDraw_first_mu: 0.8467229 
R_PriorDraw_first_nu: 19.52011 
R-CCU: Before ClusterLabelChange for i = 57 newLabel= 1 currentLabel= 1 
R-CCU: sum(pointsPerCluster) = 2036 
 num [1:4] 2032 1 2 1
NULL
R-CCU: After ClusterLabelChange for i = 57 
R-CCU: sum(pointsPerCluster) = 2037 
 num [1:4] 2033 1 2 1
NULL
R-CCU: dpObj$numberClusters = 4 
List of 2
 $ : num [1, 1, 1:4] 0.564 0.265 0.652 0.795
 $ : num [1, 1, 1:4] 2.95 3.79 3.21 5.45
NULL
R priorParameters: 2 8 
R maxT: 1 
R_PriorDraw_first_mu: 0.6265807 
R_PriorDraw_first_nu: 19.92127 
R-CCU: Before ClusterLabelChange for i = 58 newLabel= 1 currentLabel= 1 
R-CCU: sum(pointsPerCluster) = 2037 
 num [1:4] 2033 1 2 1
NULL
R-CCU: After ClusterLabelChange for i = 58 
R-CCU: sum(pointsPerCluster) = 2038 
 num [1:4] 2034 1 2 1
NULL
R-CCU: dpObj$numberClusters = 4 
List of 2
 $ : num [1, 1, 1:4] 0.564 0.265 0.652 0.795
 $ : num [1, 1, 1:4] 2.95 3.79 3.21 5.45
NULL
R priorParameters: 2 8 
R maxT: 1 
R_PriorDraw_first_mu: 0.3254503 
R_PriorDraw_first_nu: 2.139128 
R-CCU: Before ClusterLabelChange for i = 59 newLabel= 1 currentLabel= 1 
R-CCU: sum(pointsPerCluster) = 2038 
 num [1:4] 2034 1 2 1
NULL
R-CCU: After ClusterLabelChange for i = 59 
R-CCU: sum(pointsPerCluster) = 2039 
 num [1:4] 2035 1 2 1
NULL
R-CCU: dpObj$numberClusters = 4 
List of 2
 $ : num [1, 1, 1:4] 0.564 0.265 0.652 0.795
 $ : num [1, 1, 1:4] 2.95 3.79 3.21 5.45
NULL
R priorParameters: 2 8 
R maxT: 1 
R_PriorDraw_first_mu: 0.2113587 
R_PriorDraw_first_nu: 8.346056 
R-CCU: Before ClusterLabelChange for i = 60 newLabel= 1 currentLabel= 1 
R-CCU: sum(pointsPerCluster) = 2039 
 num [1:4] 2035 1 2 1
NULL
R-CCU: After ClusterLabelChange for i = 60 
R-CCU: sum(pointsPerCluster) = 2040 
 num [1:4] 2036 1 2 1
NULL
R-CCU: dpObj$numberClusters = 4 
List of 2
 $ : num [1, 1, 1:4] 0.564 0.265 0.652 0.795
 $ : num [1, 1, 1:4] 2.95 3.79 3.21 5.45
NULL

⠴ |   66      0 | Beta Distribution Full Integration Test          R priorParameters: 2 8 
R maxT: 1 
R_PriorDraw_first_mu: 0.7107717 
R_PriorDraw_first_nu: 12.24248 
R-CCU: Before ClusterLabelChange for i = 1 newLabel= 1 currentLabel= 1 
R-CCU: sum(pointsPerCluster) = 2040 
 num [1:4] 2036 1 2 1
NULL
R-CCU: After ClusterLabelChange for i = 1 
R-CCU: sum(pointsPerCluster) = 2041 
 num [1:4] 2037 1 2 1
NULL
R-CCU: dpObj$numberClusters = 4 
List of 2
 $ : num [1, 1, 1:4] 0.504 0.265 0.652 0.795
 $ : num [1, 1, 1:4] 2.59 3.79 3.21 5.45
NULL
R priorParameters: 2 8 
R maxT: 1 
R_PriorDraw_first_mu: 0.004420841 
R_PriorDraw_first_nu: 8.724536 
R-CCU: Before ClusterLabelChange for i = 2 newLabel= 1 currentLabel= 1 
R-CCU: sum(pointsPerCluster) = 2041 
 num [1:4] 2037 1 2 1
NULL
R-CCU: After ClusterLabelChange for i = 2 
R-CCU: sum(pointsPerCluster) = 2042 
 num [1:4] 2038 1 2 1
NULL
R-CCU: dpObj$numberClusters = 4 
List of 2
 $ : num [1, 1, 1:4] 0.504 0.265 0.652 0.795
 $ : num [1, 1, 1:4] 2.59 3.79 3.21 5.45
NULL
R priorParameters: 2 8 
R maxT: 1 
R_PriorDraw_first_mu: 0.5939102 
R_PriorDraw_first_nu: 1.899978 
R-CCU: Before ClusterLabelChange for i = 3 newLabel= 1 currentLabel= 1 
R-CCU: sum(pointsPerCluster) = 2042 
 num [1:4] 2038 1 2 1
NULL
R-CCU: After ClusterLabelChange for i = 3 
R-CCU: sum(pointsPerCluster) = 2043 
 num [1:4] 2039 1 2 1
NULL
R-CCU: dpObj$numberClusters = 4 
List of 2
 $ : num [1, 1, 1:4] 0.504 0.265 0.652 0.795
 $ : num [1, 1, 1:4] 2.59 3.79 3.21 5.45
NULL
R priorParameters: 2 8 
R maxT: 1 
R_PriorDraw_first_mu: 0.44056 
R_PriorDraw_first_nu: 6.885922 
R-CCU: Before ClusterLabelChange for i = 4 newLabel= 1 currentLabel= 1 
R-CCU: sum(pointsPerCluster) = 2043 
 num [1:4] 2039 1 2 1
NULL
R-CCU: After ClusterLabelChange for i = 4 
R-CCU: sum(pointsPerCluster) = 2044 
 num [1:4] 2040 1 2 1
NULL
R-CCU: dpObj$numberClusters = 4 
List of 2
 $ : num [1, 1, 1:4] 0.504 0.265 0.652 0.795
 $ : num [1, 1, 1:4] 2.59 3.79 3.21 5.45
NULL
R priorParameters: 2 8 
R maxT: 1 
R_PriorDraw_first_mu: 0.6836795 
R_PriorDraw_first_nu: 7.253672 
R-CCU: Before ClusterLabelChange for i = 5 newLabel= 1 currentLabel= 1 
R-CCU: sum(pointsPerCluster) = 2044 
 num [1:4] 2040 1 2 1
NULL
R-CCU: After ClusterLabelChange for i = 5 
R-CCU: sum(pointsPerCluster) = 2045 
 num [1:4] 2041 1 2 1
NULL
R-CCU: dpObj$numberClusters = 4 
List of 2
 $ : num [1, 1, 1:4] 0.504 0.265 0.652 0.795
 $ : num [1, 1, 1:4] 2.59 3.79 3.21 5.45
NULL
R priorParameters: 2 8 
R maxT: 1 
R_PriorDraw_first_mu: 0.1868708 
R_PriorDraw_first_nu: 11.20696 
R-CCU: Before ClusterLabelChange for i = 6 newLabel= 1 currentLabel= 1 
R-CCU: sum(pointsPerCluster) = 2045 
 num [1:4] 2041 1 2 1
NULL
R-CCU: After ClusterLabelChange for i = 6 
R-CCU: sum(pointsPerCluster) = 2046 
 num [1:4] 2042 1 2 1
NULL
R-CCU: dpObj$numberClusters = 4 
List of 2
 $ : num [1, 1, 1:4] 0.504 0.265 0.652 0.795
 $ : num [1, 1, 1:4] 2.59 3.79 3.21 5.45
NULL
R priorParameters: 2 8 
R maxT: 1 
R_PriorDraw_first_mu: 0.9740179 
R_PriorDraw_first_nu: 5.309223 
R-CCU: Before ClusterLabelChange for i = 7 newLabel= 1 currentLabel= 1 
R-CCU: sum(pointsPerCluster) = 2046 
 num [1:4] 2042 1 2 1
NULL
R-CCU: After ClusterLabelChange for i = 7 
R-CCU: sum(pointsPerCluster) = 2047 
 num [1:4] 2043 1 2 1
NULL
R-CCU: dpObj$numberClusters = 4 
List of 2
 $ : num [1, 1, 1:4] 0.504 0.265 0.652 0.795
 $ : num [1, 1, 1:4] 2.59 3.79 3.21 5.45
NULL
R priorParameters: 2 8 
R maxT: 1 
R_PriorDraw_first_mu: 0.5405257 
R_PriorDraw_first_nu: 58.46353 
R-CCU: Before ClusterLabelChange for i = 8 newLabel= 1 currentLabel= 1 
R-CCU: sum(pointsPerCluster) = 2047 
 num [1:4] 2043 1 2 1
NULL
R-CCU: After ClusterLabelChange for i = 8 
R-CCU: sum(pointsPerCluster) = 2048 
 num [1:4] 2044 1 2 1
NULL
R-CCU: dpObj$numberClusters = 4 
List of 2
 $ : num [1, 1, 1:4] 0.504 0.265 0.652 0.795
 $ : num [1, 1, 1:4] 2.59 3.79 3.21 5.45
NULL
R priorParameters: 2 8 
R maxT: 1 
R_PriorDraw_first_mu: 0.4760785 
R_PriorDraw_first_nu: 1.681293 
R-CCU: Before ClusterLabelChange for i = 9 newLabel= 1 currentLabel= 1 
R-CCU: sum(pointsPerCluster) = 2048 
 num [1:4] 2044 1 2 1
NULL
R-CCU: After ClusterLabelChange for i = 9 
R-CCU: sum(pointsPerCluster) = 2049 
 num [1:4] 2045 1 2 1
NULL
R-CCU: dpObj$numberClusters = 4 
List of 2
 $ : num [1, 1, 1:4] 0.504 0.265 0.652 0.795
 $ : num [1, 1, 1:4] 2.59 3.79 3.21 5.45
NULL
R priorParameters: 2 8 
R maxT: 1 
R_PriorDraw_first_mu: 0.6831909 
R_PriorDraw_first_nu: 1.813271 
R-CCU: Before ClusterLabelChange for i = 10 newLabel= 1 currentLabel= 1 
R-CCU: sum(pointsPerCluster) = 2049 
 num [1:4] 2045 1 2 1
NULL
R-CCU: After ClusterLabelChange for i = 10 
R-CCU: sum(pointsPerCluster) = 2050 
 num [1:4] 2046 1 2 1
NULL
R-CCU: dpObj$numberClusters = 4 
List of 2
 $ : num [1, 1, 1:4] 0.504 0.265 0.652 0.795
 $ : num [1, 1, 1:4] 2.59 3.79 3.21 5.45
NULL
R priorParameters: 2 8 
R maxT: 1 
R_PriorDraw_first_mu: 0.3110043 
R_PriorDraw_first_nu: 9.278914 
R-CCU: Before ClusterLabelChange for i = 11 newLabel= 1 currentLabel= 1 
R-CCU: sum(pointsPerCluster) = 2050 
 num [1:4] 2046 1 2 1
NULL
R-CCU: After ClusterLabelChange for i = 11 
R-CCU: sum(pointsPerCluster) = 2051 
 num [1:4] 2047 1 2 1
NULL
R-CCU: dpObj$numberClusters = 4 
List of 2
 $ : num [1, 1, 1:4] 0.504 0.265 0.652 0.795
 $ : num [1, 1, 1:4] 2.59 3.79 3.21 5.45
NULL
R priorParameters: 2 8 
R maxT: 1 
R_PriorDraw_first_mu: 0.6306564 
R_PriorDraw_first_nu: 3.438475 
R-CCU: Before ClusterLabelChange for i = 12 newLabel= 1 currentLabel= 1 
R-CCU: sum(pointsPerCluster) = 2051 
 num [1:4] 2047 1 2 1
NULL
R-CCU: After ClusterLabelChange for i = 12 
R-CCU: sum(pointsPerCluster) = 2052 
 num [1:4] 2048 1 2 1
NULL
R-CCU: dpObj$numberClusters = 4 
List of 2
 $ : num [1, 1, 1:4] 0.504 0.265 0.652 0.795
 $ : num [1, 1, 1:4] 2.59 3.79 3.21 5.45
NULL
R priorParameters: 2 8 
R maxT: 1 
R_PriorDraw_first_mu: 0.2474754 
R_PriorDraw_first_nu: 19.53398 
R-CCU: Before ClusterLabelChange for i = 13 newLabel= 1 currentLabel= 1 
R-CCU: sum(pointsPerCluster) = 2052 
 num [1:4] 2048 1 2 1
NULL
R-CCU: After ClusterLabelChange for i = 13 
R-CCU: sum(pointsPerCluster) = 2053 
 num [1:4] 2049 1 2 1
NULL
R-CCU: dpObj$numberClusters = 4 
List of 2
 $ : num [1, 1, 1:4] 0.504 0.265 0.652 0.795
 $ : num [1, 1, 1:4] 2.59 3.79 3.21 5.45
NULL
R priorParameters: 2 8 
R maxT: 1 
R_PriorDraw_first_mu: 0.5576768 
R_PriorDraw_first_nu: 8.44303 
R-CCU: Before ClusterLabelChange for i = 14 newLabel= 1 currentLabel= 1 
R-CCU: sum(pointsPerCluster) = 2053 
 num [1:4] 2049 1 2 1
NULL
R-CCU: After ClusterLabelChange for i = 14 
R-CCU: sum(pointsPerCluster) = 2054 
 num [1:4] 2050 1 2 1
NULL
R-CCU: dpObj$numberClusters = 4 
List of 2
 $ : num [1, 1, 1:4] 0.504 0.265 0.652 0.795
 $ : num [1, 1, 1:4] 2.59 3.79 3.21 5.45
NULL
R priorParameters: 2 8 
R maxT: 1 
R_PriorDraw_first_mu: 0.3598866 
R_PriorDraw_first_nu: 2.698641 
R-CCU: Before ClusterLabelChange for i = 15 newLabel= 1 currentLabel= 1 
R-CCU: sum(pointsPerCluster) = 2054 
 num [1:4] 2050 1 2 1
NULL
R-CCU: After ClusterLabelChange for i = 15 
R-CCU: sum(pointsPerCluster) = 2055 
 num [1:4] 2051 1 2 1
NULL
R-CCU: dpObj$numberClusters = 4 
List of 2
 $ : num [1, 1, 1:4] 0.504 0.265 0.652 0.795
 $ : num [1, 1, 1:4] 2.59 3.79 3.21 5.45
NULL
R priorParameters: 2 8 
R maxT: 1 
R_PriorDraw_first_mu: 0.949525 
R_PriorDraw_first_nu: 15.34073 
R-CCU: Before ClusterLabelChange for i = 16 newLabel= 1 currentLabel= 1 
R-CCU: sum(pointsPerCluster) = 2055 
 num [1:4] 2051 1 2 1
NULL
R-CCU: After ClusterLabelChange for i = 16 
R-CCU: sum(pointsPerCluster) = 2056 
 num [1:4] 2052 1 2 1
NULL
R-CCU: dpObj$numberClusters = 4 
List of 2
 $ : num [1, 1, 1:4] 0.504 0.265 0.652 0.795
 $ : num [1, 1, 1:4] 2.59 3.79 3.21 5.45
NULL
R priorParameters: 2 8 
R maxT: 1 
R_PriorDraw_first_mu: 0.1908757 
R_PriorDraw_first_nu: 64.19946 
R-CCU: Before ClusterLabelChange for i = 17 newLabel= 1 currentLabel= 1 
R-CCU: sum(pointsPerCluster) = 2056 
 num [1:4] 2052 1 2 1
NULL
R-CCU: After ClusterLabelChange for i = 17 
R-CCU: sum(pointsPerCluster) = 2057 
 num [1:4] 2053 1 2 1
NULL
R-CCU: dpObj$numberClusters = 4 
List of 2
 $ : num [1, 1, 1:4] 0.504 0.265 0.652 0.795
 $ : num [1, 1, 1:4] 2.59 3.79 3.21 5.45
NULL
R priorParameters: 2 8 
R maxT: 1 
R_PriorDraw_first_mu: 0.8472125 
R_PriorDraw_first_nu: 4.537365 
R-CCU: Before ClusterLabelChange for i = 18 newLabel= 1 currentLabel= 1 
R-CCU: sum(pointsPerCluster) = 2057 
 num [1:4] 2053 1 2 1
NULL
R-CCU: After ClusterLabelChange for i = 18 
R-CCU: sum(pointsPerCluster) = 2058 
 num [1:4] 2054 1 2 1
NULL
R-CCU: dpObj$numberClusters = 4 
List of 2
 $ : num [1, 1, 1:4] 0.504 0.265 0.652 0.795
 $ : num [1, 1, 1:4] 2.59 3.79 3.21 5.45
NULL
R priorParameters: 2 8 
R maxT: 1 
R_PriorDraw_first_mu: 0.9783641 
R_PriorDraw_first_nu: 9.669302 
R-CCU: Before ClusterLabelChange for i = 19 newLabel= 1 currentLabel= 1 
R-CCU: sum(pointsPerCluster) = 2058 
 num [1:4] 2054 1 2 1
NULL
R-CCU: After ClusterLabelChange for i = 19 
R-CCU: sum(pointsPerCluster) = 2059 
 num [1:4] 2055 1 2 1
NULL
R-CCU: dpObj$numberClusters = 4 
List of 2
 $ : num [1, 1, 1:4] 0.504 0.265 0.652 0.795
 $ : num [1, 1, 1:4] 2.59 3.79 3.21 5.45
NULL
R priorParameters: 2 8 
R maxT: 1 
R_PriorDraw_first_mu: 0.1206579 
R_PriorDraw_first_nu: 6.380109 
R-CCU: Before ClusterLabelChange for i = 20 newLabel= 1 currentLabel= 1 
R-CCU: sum(pointsPerCluster) = 2059 
 num [1:4] 2055 1 2 1
NULL
R-CCU: After ClusterLabelChange for i = 20 
R-CCU: sum(pointsPerCluster) = 2060 
 num [1:4] 2056 1 2 1
NULL
R-CCU: dpObj$numberClusters = 4 
List of 2
 $ : num [1, 1, 1:4] 0.504 0.265 0.652 0.795
 $ : num [1, 1, 1:4] 2.59 3.79 3.21 5.45
NULL
R priorParameters: 2 8 
R maxT: 1 
R_PriorDraw_first_mu: 0.6469927 
R_PriorDraw_first_nu: 2.001536 
R-CCU: Before ClusterLabelChange for i = 21 newLabel= 1 currentLabel= 1 
R-CCU: sum(pointsPerCluster) = 2060 
 num [1:4] 2056 1 2 1
NULL
R-CCU: After ClusterLabelChange for i = 21 
R-CCU: sum(pointsPerCluster) = 2061 
 num [1:4] 2057 1 2 1
NULL
R-CCU: dpObj$numberClusters = 4 
List of 2
 $ : num [1, 1, 1:4] 0.504 0.265 0.652 0.795
 $ : num [1, 1, 1:4] 2.59 3.79 3.21 5.45
NULL
R priorParameters: 2 8 
R maxT: 1 
R_PriorDraw_first_mu: 0.496266 
R_PriorDraw_first_nu: 8.411617 
R-CCU: Before ClusterLabelChange for i = 22 newLabel= 1 currentLabel= 1 
R-CCU: sum(pointsPerCluster) = 2061 
 num [1:4] 2057 1 2 1
NULL
R-CCU: After ClusterLabelChange for i = 22 
R-CCU: sum(pointsPerCluster) = 2062 
 num [1:4] 2058 1 2 1
NULL
R-CCU: dpObj$numberClusters = 4 
List of 2
 $ : num [1, 1, 1:4] 0.504 0.265 0.652 0.795
 $ : num [1, 1, 1:4] 2.59 3.79 3.21 5.45
NULL
R priorParameters: 2 8 
R maxT: 1 
R_PriorDraw_first_mu: 0.7181948 
R_PriorDraw_first_nu: 4.08665 
R-CCU: Before ClusterLabelChange for i = 23 newLabel= 1 currentLabel= 1 
R-CCU: sum(pointsPerCluster) = 2062 
 num [1:4] 2058 1 2 1
NULL
R-CCU: After ClusterLabelChange for i = 23 
R-CCU: sum(pointsPerCluster) = 2063 
 num [1:4] 2059 1 2 1
NULL
R-CCU: dpObj$numberClusters = 4 
List of 2
 $ : num [1, 1, 1:4] 0.504 0.265 0.652 0.795
 $ : num [1, 1, 1:4] 2.59 3.79 3.21 5.45
NULL
R priorParameters: 2 8 
R maxT: 1 
R_PriorDraw_first_mu: 0.3678904 
R_PriorDraw_first_nu: 7.615357 
R-CCU: Before ClusterLabelChange for i = 24 newLabel= 1 currentLabel= 1 
R-CCU: sum(pointsPerCluster) = 2063 
 num [1:4] 2059 1 2 1
NULL
R-CCU: After ClusterLabelChange for i = 24 
R-CCU: sum(pointsPerCluster) = 2064 
 num [1:4] 2060 1 2 1
NULL
R-CCU: dpObj$numberClusters = 4 
List of 2
 $ : num [1, 1, 1:4] 0.504 0.265 0.652 0.795
 $ : num [1, 1, 1:4] 2.59 3.79 3.21 5.45
NULL
R priorParameters: 2 8 
R maxT: 1 
R_PriorDraw_first_mu: 0.3358551 
R_PriorDraw_first_nu: 6.435873 
R-CCU: Before ClusterLabelChange for i = 25 newLabel= 1 currentLabel= 1 
R-CCU: sum(pointsPerCluster) = 2064 
 num [1:4] 2060 1 2 1
NULL
R-CCU: After ClusterLabelChange for i = 25 
R-CCU: sum(pointsPerCluster) = 2065 
 num [1:4] 2061 1 2 1
NULL
R-CCU: dpObj$numberClusters = 4 
List of 2
 $ : num [1, 1, 1:4] 0.504 0.265 0.652 0.795
 $ : num [1, 1, 1:4] 2.59 3.79 3.21 5.45
NULL
R priorParameters: 2 8 
R maxT: 1 
R_PriorDraw_first_mu: 0.8692022 
R_PriorDraw_first_nu: 1.926802 
R-CCU: Before ClusterLabelChange for i = 26 newLabel= 1 currentLabel= 1 
R-CCU: sum(pointsPerCluster) = 2065 
 num [1:4] 2061 1 2 1
NULL
R-CCU: After ClusterLabelChange for i = 26 
R-CCU: sum(pointsPerCluster) = 2066 
 num [1:4] 2062 1 2 1
NULL
R-CCU: dpObj$numberClusters = 4 
List of 2
 $ : num [1, 1, 1:4] 0.504 0.265 0.652 0.795
 $ : num [1, 1, 1:4] 2.59 3.79 3.21 5.45
NULL
R priorParameters: 2 8 
R maxT: 1 
R_PriorDraw_first_mu: 0.6595648 
R_PriorDraw_first_nu: 31.25559 
R-CCU: Before ClusterLabelChange for i = 27 newLabel= 1 currentLabel= 1 
R-CCU: sum(pointsPerCluster) = 2066 
 num [1:4] 2062 1 2 1
NULL
R-CCU: After ClusterLabelChange for i = 27 
R-CCU: sum(pointsPerCluster) = 2067 
 num [1:4] 2063 1 2 1
NULL
R-CCU: dpObj$numberClusters = 4 
List of 2
 $ : num [1, 1, 1:4] 0.504 0.265 0.652 0.795
 $ : num [1, 1, 1:4] 2.59 3.79 3.21 5.45
NULL
R priorParameters: 2 8 
R maxT: 1 
R_PriorDraw_first_mu: 0.02506836 
R_PriorDraw_first_nu: 4.172492 
R-CCU: Before ClusterLabelChange for i = 28 newLabel= 1 currentLabel= 1 
R-CCU: sum(pointsPerCluster) = 2067 
 num [1:4] 2063 1 2 1
NULL
R-CCU: After ClusterLabelChange for i = 28 
R-CCU: sum(pointsPerCluster) = 2068 
 num [1:4] 2064 1 2 1
NULL
R-CCU: dpObj$numberClusters = 4 
List of 2
 $ : num [1, 1, 1:4] 0.504 0.265 0.652 0.795
 $ : num [1, 1, 1:4] 2.59 3.79 3.21 5.45
NULL
R priorParameters: 2 8 
R maxT: 1 
R_PriorDraw_first_mu: 0.1167322 
R_PriorDraw_first_nu: 7.986231 
R-CCU: Before ClusterLabelChange for i = 29 newLabel= 1 currentLabel= 1 
R-CCU: sum(pointsPerCluster) = 2068 
 num [1:4] 2064 1 2 1
NULL
R-CCU: After ClusterLabelChange for i = 29 
R-CCU: sum(pointsPerCluster) = 2069 
 num [1:4] 2065 1 2 1
NULL
R-CCU: dpObj$numberClusters = 4 
List of 2
 $ : num [1, 1, 1:4] 0.504 0.265 0.652 0.795
 $ : num [1, 1, 1:4] 2.59 3.79 3.21 5.45
NULL
R priorParameters: 2 8 
R maxT: 1 
R_PriorDraw_first_mu: 0.5044729 
R_PriorDraw_first_nu: 3.539564 
R-CCU: Before ClusterLabelChange for i = 30 newLabel= 1 currentLabel= 1 
R-CCU: sum(pointsPerCluster) = 2069 
 num [1:4] 2065 1 2 1
NULL
R-CCU: After ClusterLabelChange for i = 30 
R-CCU: sum(pointsPerCluster) = 2070 
 num [1:4] 2066 1 2 1
NULL
R-CCU: dpObj$numberClusters = 4 
List of 2
 $ : num [1, 1, 1:4] 0.504 0.265 0.652 0.795
 $ : num [1, 1, 1:4] 2.59 3.79 3.21 5.45
NULL
R priorParameters: 2 8 
R maxT: 1 
R_PriorDraw_first_mu: 0.5712025 
R_PriorDraw_first_nu: 5.959973 
R-CCU: Before ClusterLabelChange for i = 31 newLabel= 1 currentLabel= 1 
R-CCU: sum(pointsPerCluster) = 2070 
 num [1:4] 2066 1 2 1
NULL
R-CCU: After ClusterLabelChange for i = 31 
R-CCU: sum(pointsPerCluster) = 2071 
 num [1:4] 2067 1 2 1
NULL
R-CCU: dpObj$numberClusters = 4 
List of 2
 $ : num [1, 1, 1:4] 0.504 0.265 0.652 0.795
 $ : num [1, 1, 1:4] 2.59 3.79 3.21 5.45
NULL
R priorParameters: 2 8 
R maxT: 1 
R_PriorDraw_first_mu: 0.2070326 
R_PriorDraw_first_nu: 2.76565 
R-CCU: Before ClusterLabelChange for i = 32 newLabel= 1 currentLabel= 1 
R-CCU: sum(pointsPerCluster) = 2071 
 num [1:4] 2067 1 2 1
NULL
R-CCU: After ClusterLabelChange for i = 32 
R-CCU: sum(pointsPerCluster) = 2072 
 num [1:4] 2068 1 2 1
NULL
R-CCU: dpObj$numberClusters = 4 
List of 2
 $ : num [1, 1, 1:4] 0.504 0.265 0.652 0.795
 $ : num [1, 1, 1:4] 2.59 3.79 3.21 5.45
NULL
R priorParameters: 2 8 
R maxT: 1 
R_PriorDraw_first_mu: 0.7523679 
R_PriorDraw_first_nu: 1.550439 
R-CCU: Before ClusterLabelChange for i = 33 newLabel= 1 currentLabel= 1 
R-CCU: sum(pointsPerCluster) = 2072 
 num [1:4] 2068 1 2 1
NULL
R-CCU: After ClusterLabelChange for i = 33 
R-CCU: sum(pointsPerCluster) = 2073 
 num [1:4] 2069 1 2 1
NULL
R-CCU: dpObj$numberClusters = 4 
List of 2
 $ : num [1, 1, 1:4] 0.504 0.265 0.652 0.795
 $ : num [1, 1, 1:4] 2.59 3.79 3.21 5.45
NULL
R priorParameters: 2 8 
R maxT: 1 
R_PriorDraw_first_mu: 0.9514573 
R_PriorDraw_first_nu: 2.057108 
R-CCU: Before ClusterLabelChange for i = 34 newLabel= 1 currentLabel= 1 
R-CCU: sum(pointsPerCluster) = 2073 
 num [1:4] 2069 1 2 1
NULL
R-CCU: After ClusterLabelChange for i = 34 
R-CCU: sum(pointsPerCluster) = 2074 
 num [1:4] 2070 1 2 1
NULL
R-CCU: dpObj$numberClusters = 4 
List of 2
 $ : num [1, 1, 1:4] 0.504 0.265 0.652 0.795
 $ : num [1, 1, 1:4] 2.59 3.79 3.21 5.45
NULL
R priorParameters: 2 8 
R maxT: 1 
R_PriorDraw_first_mu: 0.9183359 
R_PriorDraw_first_nu: 3.869053 
R-CCU: Before ClusterLabelChange for i = 35 newLabel= 1 currentLabel= 1 
R-CCU: sum(pointsPerCluster) = 2074 
 num [1:4] 2070 1 2 1
NULL
R-CCU: After ClusterLabelChange for i = 35 
R-CCU: sum(pointsPerCluster) = 2075 
 num [1:4] 2071 1 2 1
NULL
R-CCU: dpObj$numberClusters = 4 
List of 2
 $ : num [1, 1, 1:4] 0.504 0.265 0.652 0.795
 $ : num [1, 1, 1:4] 2.59 3.79 3.21 5.45
NULL
R priorParameters: 2 8 
R maxT: 1 
R_PriorDraw_first_mu: 0.3809389 
R_PriorDraw_first_nu: 5.030325 
R-CCU: Before ClusterLabelChange for i = 36 newLabel= 1 currentLabel= 1 
R-CCU: sum(pointsPerCluster) = 2075 
 num [1:4] 2071 1 2 1
NULL
R-CCU: After ClusterLabelChange for i = 36 
R-CCU: sum(pointsPerCluster) = 2076 
 num [1:4] 2072 1 2 1
NULL
R-CCU: dpObj$numberClusters = 4 
List of 2
 $ : num [1, 1, 1:4] 0.504 0.265 0.652 0.795
 $ : num [1, 1, 1:4] 2.59 3.79 3.21 5.45
NULL
R priorParameters: 2 8 
R maxT: 1 
R_PriorDraw_first_mu: 0.2831845 
R_PriorDraw_first_nu: 9.856507 
R-CCU: Before ClusterLabelChange for i = 37 newLabel= 1 currentLabel= 1 
R-CCU: sum(pointsPerCluster) = 2076 
 num [1:4] 2072 1 2 1
NULL
R-CCU: After ClusterLabelChange for i = 37 
R-CCU: sum(pointsPerCluster) = 2077 
 num [1:4] 2073 1 2 1
NULL
R-CCU: dpObj$numberClusters = 4 
List of 2
 $ : num [1, 1, 1:4] 0.504 0.265 0.652 0.795
 $ : num [1, 1, 1:4] 2.59 3.79 3.21 5.45
NULL
R priorParameters: 2 8 
R maxT: 1 
R_PriorDraw_first_mu: 0.3688025 
R_PriorDraw_first_nu: 6.48898 
R-CCU: Before ClusterLabelChange for i = 38 newLabel= 1 currentLabel= 1 
R-CCU: sum(pointsPerCluster) = 2077 
 num [1:4] 2073 1 2 1
NULL
R-CCU: After ClusterLabelChange for i = 38 
R-CCU: sum(pointsPerCluster) = 2078 
 num [1:4] 2074 1 2 1
NULL
R-CCU: dpObj$numberClusters = 4 
List of 2
 $ : num [1, 1, 1:4] 0.504 0.265 0.652 0.795
 $ : num [1, 1, 1:4] 2.59 3.79 3.21 5.45
NULL
R priorParameters: 2 8 
R maxT: 1 
R_PriorDraw_first_mu: 0.4531467 
R_PriorDraw_first_nu: 4.692485 
R-CCU: Before ClusterLabelChange for i = 39 newLabel= 1 currentLabel= 1 
R-CCU: sum(pointsPerCluster) = 2078 
 num [1:4] 2074 1 2 1
NULL
R-CCU: After ClusterLabelChange for i = 39 
R-CCU: sum(pointsPerCluster) = 2079 
 num [1:4] 2075 1 2 1
NULL
R-CCU: dpObj$numberClusters = 4 
List of 2
 $ : num [1, 1, 1:4] 0.504 0.265 0.652 0.795
 $ : num [1, 1, 1:4] 2.59 3.79 3.21 5.45
NULL
R priorParameters: 2 8 
R maxT: 1 
R_PriorDraw_first_mu: 0.8917777 
R_PriorDraw_first_nu: 6.456707 
R-CCU: Before ClusterLabelChange for i = 40 newLabel= 1 currentLabel= 1 
R-CCU: sum(pointsPerCluster) = 2079 
 num [1:4] 2075 1 2 1
NULL
R-CCU: After ClusterLabelChange for i = 40 
R-CCU: sum(pointsPerCluster) = 2080 
 num [1:4] 2076 1 2 1
NULL
R-CCU: dpObj$numberClusters = 4 
List of 2
 $ : num [1, 1, 1:4] 0.504 0.265 0.652 0.795
 $ : num [1, 1, 1:4] 2.59 3.79 3.21 5.45
NULL
R priorParameters: 2 8 
R maxT: 1 
R_PriorDraw_first_mu: 0.4429708 
R_PriorDraw_first_nu: 9.303184 
R-CCU: Before ClusterLabelChange for i = 41 newLabel= 1 currentLabel= 1 
R-CCU: sum(pointsPerCluster) = 2080 
 num [1:4] 2076 1 2 1
NULL
R-CCU: After ClusterLabelChange for i = 41 
R-CCU: sum(pointsPerCluster) = 2081 
 num [1:4] 2077 1 2 1
NULL
R-CCU: dpObj$numberClusters = 4 
List of 2
 $ : num [1, 1, 1:4] 0.504 0.265 0.652 0.795
 $ : num [1, 1, 1:4] 2.59 3.79 3.21 5.45
NULL
R priorParameters: 2 8 
R maxT: 1 
R_PriorDraw_first_mu: 0.6105715 
R_PriorDraw_first_nu: 14.43858 
R-CCU: Before ClusterLabelChange for i = 42 newLabel= 1 currentLabel= 1 
R-CCU: sum(pointsPerCluster) = 2081 
 num [1:4] 2077 1 2 1
NULL
R-CCU: After ClusterLabelChange for i = 42 
R-CCU: sum(pointsPerCluster) = 2082 
 num [1:4] 2078 1 2 1
NULL
R-CCU: dpObj$numberClusters = 4 
List of 2
 $ : num [1, 1, 1:4] 0.504 0.265 0.652 0.795
 $ : num [1, 1, 1:4] 2.59 3.79 3.21 5.45
NULL
R priorParameters: 2 8 
R maxT: 1 
R_PriorDraw_first_mu: 0.3834474 
R_PriorDraw_first_nu: 2.323371 
R-CCU: Before ClusterLabelChange for i = 43 newLabel= 1 currentLabel= 1 
R-CCU: sum(pointsPerCluster) = 2082 
 num [1:4] 2078 1 2 1
NULL
R-CCU: After ClusterLabelChange for i = 43 
R-CCU: sum(pointsPerCluster) = 2083 
 num [1:4] 2079 1 2 1
NULL
R-CCU: dpObj$numberClusters = 4 
List of 2
 $ : num [1, 1, 1:4] 0.504 0.265 0.652 0.795
 $ : num [1, 1, 1:4] 2.59 3.79 3.21 5.45
NULL
R priorParameters: 2 8 
R maxT: 1 
R_PriorDraw_first_mu: 0.7596547 
R_PriorDraw_first_nu: 11.05408 
R-CCU: Before ClusterLabelChange for i = 44 newLabel= 1 currentLabel= 1 
R-CCU: sum(pointsPerCluster) = 2083 
 num [1:4] 2079 1 2 1
NULL
R-CCU: After ClusterLabelChange for i = 44 
R-CCU: sum(pointsPerCluster) = 2084 
 num [1:4] 2080 1 2 1
NULL
R-CCU: dpObj$numberClusters = 4 
List of 2
 $ : num [1, 1, 1:4] 0.504 0.265 0.652 0.795
 $ : num [1, 1, 1:4] 2.59 3.79 3.21 5.45
NULL
R priorParameters: 2 8 
R maxT: 1 
R_PriorDraw_first_mu: 0.4209031 
R_PriorDraw_first_nu: 10.17106 
R-CCU: Before ClusterLabelChange for i = 45 newLabel= 1 currentLabel= 1 
R-CCU: sum(pointsPerCluster) = 2084 
 num [1:4] 2080 1 2 1
NULL
R-CCU: After ClusterLabelChange for i = 45 
R-CCU: sum(pointsPerCluster) = 2085 
 num [1:4] 2081 1 2 1
NULL
R-CCU: dpObj$numberClusters = 4 
List of 2
 $ : num [1, 1, 1:4] 0.504 0.265 0.652 0.795
 $ : num [1, 1, 1:4] 2.59 3.79 3.21 5.45
NULL
R priorParameters: 2 8 
R maxT: 1 
R_PriorDraw_first_mu: 0.8405238 
R_PriorDraw_first_nu: 6.222634 
R-CCU: Before ClusterLabelChange for i = 46 newLabel= 1 currentLabel= 1 
R-CCU: sum(pointsPerCluster) = 2085 
 num [1:4] 2081 1 2 1
NULL
R-CCU: After ClusterLabelChange for i = 46 
R-CCU: sum(pointsPerCluster) = 2086 
 num [1:4] 2082 1 2 1
NULL
R-CCU: dpObj$numberClusters = 4 
List of 2
 $ : num [1, 1, 1:4] 0.504 0.265 0.652 0.795
 $ : num [1, 1, 1:4] 2.59 3.79 3.21 5.45
NULL
R priorParameters: 2 8 
R maxT: 1 
R_PriorDraw_first_mu: 0.9420653 
R_PriorDraw_first_nu: 10.20001 
R-CCU: Before ClusterLabelChange for i = 47 newLabel= 1 currentLabel= 1 
R-CCU: sum(pointsPerCluster) = 2086 
 num [1:4] 2082 1 2 1
NULL
R-CCU: After ClusterLabelChange for i = 47 
R-CCU: sum(pointsPerCluster) = 2087 
 num [1:4] 2083 1 2 1
NULL
R-CCU: dpObj$numberClusters = 4 
List of 2
 $ : num [1, 1, 1:4] 0.504 0.265 0.652 0.795
 $ : num [1, 1, 1:4] 2.59 3.79 3.21 5.45
NULL
R priorParameters: 2 8 
R maxT: 1 
R_PriorDraw_first_mu: 0.2917183 
R_PriorDraw_first_nu: 8.022347 
R-CCU: Before ClusterLabelChange for i = 48 newLabel= 1 currentLabel= 1 
R-CCU: sum(pointsPerCluster) = 2087 
 num [1:4] 2083 1 2 1
NULL
R-CCU: After ClusterLabelChange for i = 48 
R-CCU: sum(pointsPerCluster) = 2088 
 num [1:4] 2084 1 2 1
NULL
R-CCU: dpObj$numberClusters = 4 
List of 2
 $ : num [1, 1, 1:4] 0.504 0.265 0.652 0.795
 $ : num [1, 1, 1:4] 2.59 3.79 3.21 5.45
NULL
R priorParameters: 2 8 
R maxT: 1 
R_PriorDraw_first_mu: 0.9071907 
R_PriorDraw_first_nu: 2.731901 
R-CCU: Before ClusterLabelChange for i = 49 newLabel= 1 currentLabel= 1 
R-CCU: sum(pointsPerCluster) = 2088 
 num [1:4] 2084 1 2 1
NULL
R-CCU: After ClusterLabelChange for i = 49 
R-CCU: sum(pointsPerCluster) = 2089 
 num [1:4] 2085 1 2 1
NULL
R-CCU: dpObj$numberClusters = 4 
List of 2
 $ : num [1, 1, 1:4] 0.504 0.265 0.652 0.795
 $ : num [1, 1, 1:4] 2.59 3.79 3.21 5.45
NULL
R priorParameters: 2 8 
R maxT: 1 
R_PriorDraw_first_mu: 0.242876 
R_PriorDraw_first_nu: 4.5357 
R-CCU: Before ClusterLabelChange for i = 50 newLabel= 1 currentLabel= 1 
R-CCU: sum(pointsPerCluster) = 2089 
 num [1:4] 2085 1 2 1
NULL
R-CCU: After ClusterLabelChange for i = 50 
R-CCU: sum(pointsPerCluster) = 2090 
 num [1:4] 2086 1 2 1
NULL
R-CCU: dpObj$numberClusters = 4 
List of 2
 $ : num [1, 1, 1:4] 0.504 0.265 0.652 0.795
 $ : num [1, 1, 1:4] 2.59 3.79 3.21 5.45
NULL
R priorParameters: 2 8 
R maxT: 1 
R_PriorDraw_first_mu: 0.01263292 
R_PriorDraw_first_nu: 7.415722 
R-CCU: Before ClusterLabelChange for i = 51 newLabel= 1 currentLabel= 1 
R-CCU: sum(pointsPerCluster) = 2090 
 num [1:4] 2086 1 2 1
NULL
R-CCU: After ClusterLabelChange for i = 51 
R-CCU: sum(pointsPerCluster) = 2091 
 num [1:4] 2087 1 2 1
NULL
R-CCU: dpObj$numberClusters = 4 
List of 2
 $ : num [1, 1, 1:4] 0.504 0.265 0.652 0.795
 $ : num [1, 1, 1:4] 2.59 3.79 3.21 5.45
NULL
R priorParameters: 2 8 
R maxT: 1 
R_PriorDraw_first_mu: 0.703653 
R_PriorDraw_first_nu: 5.477681 
R-CCU: Before ClusterLabelChange for i = 52 newLabel= 1 currentLabel= 1 
R-CCU: sum(pointsPerCluster) = 2091 
 num [1:4] 2087 1 2 1
NULL
R-CCU: After ClusterLabelChange for i = 52 
R-CCU: sum(pointsPerCluster) = 2092 
 num [1:4] 2088 1 2 1
NULL
R-CCU: dpObj$numberClusters = 4 
List of 2
 $ : num [1, 1, 1:4] 0.504 0.265 0.652 0.795
 $ : num [1, 1, 1:4] 2.59 3.79 3.21 5.45
NULL
R priorParameters: 2 8 
R maxT: 1 
R_PriorDraw_first_mu: 0.8847915 
R_PriorDraw_first_nu: 1.676867 
R-CCU: Before ClusterLabelChange for i = 53 newLabel= 1 currentLabel= 1 
R-CCU: sum(pointsPerCluster) = 2092 
 num [1:4] 2088 1 2 1
NULL
R-CCU: After ClusterLabelChange for i = 53 
R-CCU: sum(pointsPerCluster) = 2093 
 num [1:4] 2089 1 2 1
NULL
R-CCU: dpObj$numberClusters = 4 
List of 2
 $ : num [1, 1, 1:4] 0.504 0.265 0.652 0.795
 $ : num [1, 1, 1:4] 2.59 3.79 3.21 5.45
NULL
R priorParameters: 2 8 
R maxT: 1 
R_PriorDraw_first_mu: 0.7015362 
R_PriorDraw_first_nu: 3.224394 
R-CCU: Before ClusterLabelChange for i = 54 newLabel= 1 currentLabel= 1 
R-CCU: sum(pointsPerCluster) = 2093 
 num [1:4] 2089 1 2 1
NULL
R-CCU: After ClusterLabelChange for i = 54 
R-CCU: sum(pointsPerCluster) = 2094 
 num [1:4] 2090 1 2 1
NULL
R-CCU: dpObj$numberClusters = 4 
List of 2
 $ : num [1, 1, 1:4] 0.504 0.265 0.652 0.795
 $ : num [1, 1, 1:4] 2.59 3.79 3.21 5.45
NULL
R priorParameters: 2 8 
R maxT: 1 
R_PriorDraw_first_mu: 0.2339797 
R_PriorDraw_first_nu: 1.182572 
R-CCU: Before ClusterLabelChange for i = 55 newLabel= 1 currentLabel= 1 
R-CCU: sum(pointsPerCluster) = 2094 
 num [1:4] 2090 1 2 1
NULL
R-CCU: After ClusterLabelChange for i = 55 
R-CCU: sum(pointsPerCluster) = 2095 
 num [1:4] 2091 1 2 1
NULL
R-CCU: dpObj$numberClusters = 4 
List of 2
 $ : num [1, 1, 1:4] 0.504 0.265 0.652 0.795
 $ : num [1, 1, 1:4] 2.59 3.79 3.21 5.45
NULL
R priorParameters: 2 8 
R maxT: 1 
R_PriorDraw_first_mu: 0.7505105 
R_PriorDraw_first_nu: 26.74744 
R-CCU: Before ClusterLabelChange for i = 56 newLabel= 1 currentLabel= 1 
R-CCU: sum(pointsPerCluster) = 2095 
 num [1:4] 2091 1 2 1
NULL
R-CCU: After ClusterLabelChange for i = 56 
R-CCU: sum(pointsPerCluster) = 2096 
 num [1:4] 2092 1 2 1
NULL
R-CCU: dpObj$numberClusters = 4 
List of 2
 $ : num [1, 1, 1:4] 0.504 0.265 0.652 0.795
 $ : num [1, 1, 1:4] 2.59 3.79 3.21 5.45
NULL
R priorParameters: 2 8 
R maxT: 1 
R_PriorDraw_first_mu: 0.6959316 
R_PriorDraw_first_nu: 3.127391 
R-CCU: Before ClusterLabelChange for i = 57 newLabel= 1 currentLabel= 1 
R-CCU: sum(pointsPerCluster) = 2096 
 num [1:4] 2092 1 2 1
NULL
R-CCU: After ClusterLabelChange for i = 57 
R-CCU: sum(pointsPerCluster) = 2097 
 num [1:4] 2093 1 2 1
NULL
R-CCU: dpObj$numberClusters = 4 
List of 2
 $ : num [1, 1, 1:4] 0.504 0.265 0.652 0.795
 $ : num [1, 1, 1:4] 2.59 3.79 3.21 5.45
NULL
R priorParameters: 2 8 
R maxT: 1 
R_PriorDraw_first_mu: 0.9289651 
R_PriorDraw_first_nu: 6.845527 
R-CCU: Before ClusterLabelChange for i = 58 newLabel= 1 currentLabel= 1 
R-CCU: sum(pointsPerCluster) = 2097 
 num [1:4] 2093 1 2 1
NULL
R-CCU: After ClusterLabelChange for i = 58 
R-CCU: sum(pointsPerCluster) = 2098 
 num [1:4] 2094 1 2 1
NULL
R-CCU: dpObj$numberClusters = 4 
List of 2
 $ : num [1, 1, 1:4] 0.504 0.265 0.652 0.795
 $ : num [1, 1, 1:4] 2.59 3.79 3.21 5.45
NULL
R priorParameters: 2 8 
R maxT: 1 
R_PriorDraw_first_mu: 0.4275274 
R_PriorDraw_first_nu: 3.344415 
R-CCU: Before ClusterLabelChange for i = 59 newLabel= 1 currentLabel= 1 
R-CCU: sum(pointsPerCluster) = 2098 
 num [1:4] 2094 1 2 1
NULL
R-CCU: After ClusterLabelChange for i = 59 
R-CCU: sum(pointsPerCluster) = 2099 
 num [1:4] 2095 1 2 1
NULL
R-CCU: dpObj$numberClusters = 4 
List of 2
 $ : num [1, 1, 1:4] 0.504 0.265 0.652 0.795
 $ : num [1, 1, 1:4] 2.59 3.79 3.21 5.45
NULL
R priorParameters: 2 8 
R maxT: 1 
R_PriorDraw_first_mu: 0.5842766 
R_PriorDraw_first_nu: 6.027172 
R-CCU: Before ClusterLabelChange for i = 60 newLabel= 1 currentLabel= 1 
R-CCU: sum(pointsPerCluster) = 2099 
 num [1:4] 2095 1 2 1
NULL
R-CCU: After ClusterLabelChange for i = 60 
R-CCU: sum(pointsPerCluster) = 2100 
 num [1:4] 2096 1 2 1
NULL
R-CCU: dpObj$numberClusters = 4 
List of 2
 $ : num [1, 1, 1:4] 0.504 0.265 0.652 0.795
 $ : num [1, 1, 1:4] 2.59 3.79 3.21 5.45
NULL

⠧ |   68      0 | Beta Distribution Full Integration Test          R priorParameters: 2 8 
R maxT: 1 
R_PriorDraw_first_mu: 0.1499566 
R_PriorDraw_first_nu: 2.189929 
R-CCU: Before ClusterLabelChange for i = 1 newLabel= 1 currentLabel= 1 
R-CCU: sum(pointsPerCluster) = 2100 
 num [1:4] 2096 1 2 1
NULL
R-CCU: After ClusterLabelChange for i = 1 
R-CCU: sum(pointsPerCluster) = 2101 
 num [1:4] 2097 1 2 1
NULL
R-CCU: dpObj$numberClusters = 4 
List of 2
 $ : num [1, 1, 1:4] 0.522 0.265 0.652 0.795
 $ : num [1, 1, 1:4] 3.14 3.79 3.21 5.45
NULL
R priorParameters: 2 8 
R maxT: 1 
R_PriorDraw_first_mu: 0.7882715 
R_PriorDraw_first_nu: 1.311955 
R-CCU: Before ClusterLabelChange for i = 2 newLabel= 1 currentLabel= 1 
R-CCU: sum(pointsPerCluster) = 2101 
 num [1:4] 2097 1 2 1
NULL
R-CCU: After ClusterLabelChange for i = 2 
R-CCU: sum(pointsPerCluster) = 2102 
 num [1:4] 2098 1 2 1
NULL
R-CCU: dpObj$numberClusters = 4 
List of 2
 $ : num [1, 1, 1:4] 0.522 0.265 0.652 0.795
 $ : num [1, 1, 1:4] 3.14 3.79 3.21 5.45
NULL
R priorParameters: 2 8 
R maxT: 1 
R_PriorDraw_first_mu: 0.2023149 
R_PriorDraw_first_nu: 7.176808 
R-CCU: Before ClusterLabelChange for i = 3 newLabel= 1 currentLabel= 1 
R-CCU: sum(pointsPerCluster) = 2102 
 num [1:4] 2098 1 2 1
NULL
R-CCU: After ClusterLabelChange for i = 3 
R-CCU: sum(pointsPerCluster) = 2103 
 num [1:4] 2099 1 2 1
NULL
R-CCU: dpObj$numberClusters = 4 
List of 2
 $ : num [1, 1, 1:4] 0.522 0.265 0.652 0.795
 $ : num [1, 1, 1:4] 3.14 3.79 3.21 5.45
NULL
R priorParameters: 2 8 
R maxT: 1 
R_PriorDraw_first_mu: 0.7485765 
R_PriorDraw_first_nu: 4.633024 
R-CCU: Before ClusterLabelChange for i = 4 newLabel= 1 currentLabel= 1 
R-CCU: sum(pointsPerCluster) = 2103 
 num [1:4] 2099 1 2 1
NULL
R-CCU: After ClusterLabelChange for i = 4 
R-CCU: sum(pointsPerCluster) = 2104 
 num [1:4] 2100 1 2 1
NULL
R-CCU: dpObj$numberClusters = 4 
List of 2
 $ : num [1, 1, 1:4] 0.522 0.265 0.652 0.795
 $ : num [1, 1, 1:4] 3.14 3.79 3.21 5.45
NULL
R priorParameters: 2 8 
R maxT: 1 
R_PriorDraw_first_mu: 0.03685634 
R_PriorDraw_first_nu: 3.348091 
R-CCU: Before ClusterLabelChange for i = 5 newLabel= 1 currentLabel= 1 
R-CCU: sum(pointsPerCluster) = 2104 
 num [1:4] 2100 1 2 1
NULL
R-CCU: After ClusterLabelChange for i = 5 
R-CCU: sum(pointsPerCluster) = 2105 
 num [1:4] 2101 1 2 1
NULL
R-CCU: dpObj$numberClusters = 4 
List of 2
 $ : num [1, 1, 1:4] 0.522 0.265 0.652 0.795
 $ : num [1, 1, 1:4] 3.14 3.79 3.21 5.45
NULL
R priorParameters: 2 8 
R maxT: 1 
R_PriorDraw_first_mu: 0.4942903 
R_PriorDraw_first_nu: 4.831896 
R-CCU: Before ClusterLabelChange for i = 6 newLabel= 1 currentLabel= 1 
R-CCU: sum(pointsPerCluster) = 2105 
 num [1:4] 2101 1 2 1
NULL
R-CCU: After ClusterLabelChange for i = 6 
R-CCU: sum(pointsPerCluster) = 2106 
 num [1:4] 2102 1 2 1
NULL
R-CCU: dpObj$numberClusters = 4 
List of 2
 $ : num [1, 1, 1:4] 0.522 0.265 0.652 0.795
 $ : num [1, 1, 1:4] 3.14 3.79 3.21 5.45
NULL
R priorParameters: 2 8 
R maxT: 1 
R_PriorDraw_first_mu: 0.8132626 
R_PriorDraw_first_nu: 7.785452 
R-CCU: Before ClusterLabelChange for i = 7 newLabel= 1 currentLabel= 1 
R-CCU: sum(pointsPerCluster) = 2106 
 num [1:4] 2102 1 2 1
NULL
R-CCU: After ClusterLabelChange for i = 7 
R-CCU: sum(pointsPerCluster) = 2107 
 num [1:4] 2103 1 2 1
NULL
R-CCU: dpObj$numberClusters = 4 
List of 2
 $ : num [1, 1, 1:4] 0.522 0.265 0.652 0.795
 $ : num [1, 1, 1:4] 3.14 3.79 3.21 5.45
NULL
R priorParameters: 2 8 
R maxT: 1 
R_PriorDraw_first_mu: 0.55438 
R_PriorDraw_first_nu: 2.411424 
R-CCU: Before ClusterLabelChange for i = 8 newLabel= 1 currentLabel= 1 
R-CCU: sum(pointsPerCluster) = 2107 
 num [1:4] 2103 1 2 1
NULL
R-CCU: After ClusterLabelChange for i = 8 
R-CCU: sum(pointsPerCluster) = 2108 
 num [1:4] 2104 1 2 1
NULL
R-CCU: dpObj$numberClusters = 4 
List of 2
 $ : num [1, 1, 1:4] 0.522 0.265 0.652 0.795
 $ : num [1, 1, 1:4] 3.14 3.79 3.21 5.45
NULL
R priorParameters: 2 8 
R maxT: 1 
R_PriorDraw_first_mu: 0.8920434 
R_PriorDraw_first_nu: 2.455844 
R-CCU: Before ClusterLabelChange for i = 9 newLabel= 1 currentLabel= 1 
R-CCU: sum(pointsPerCluster) = 2108 
 num [1:4] 2104 1 2 1
NULL
R-CCU: After ClusterLabelChange for i = 9 
R-CCU: sum(pointsPerCluster) = 2109 
 num [1:4] 2105 1 2 1
NULL
R-CCU: dpObj$numberClusters = 4 
List of 2
 $ : num [1, 1, 1:4] 0.522 0.265 0.652 0.795
 $ : num [1, 1, 1:4] 3.14 3.79 3.21 5.45
NULL
R priorParameters: 2 8 
R maxT: 1 
R_PriorDraw_first_mu: 0.7384872 
R_PriorDraw_first_nu: 4.999982 
R-CCU: Before ClusterLabelChange for i = 10 newLabel= 1 currentLabel= 1 
R-CCU: sum(pointsPerCluster) = 2109 
 num [1:4] 2105 1 2 1
NULL
R-CCU: After ClusterLabelChange for i = 10 
R-CCU: sum(pointsPerCluster) = 2110 
 num [1:4] 2106 1 2 1
NULL
R-CCU: dpObj$numberClusters = 4 
List of 2
 $ : num [1, 1, 1:4] 0.522 0.265 0.652 0.795
 $ : num [1, 1, 1:4] 3.14 3.79 3.21 5.45
NULL
R priorParameters: 2 8 
R maxT: 1 
R_PriorDraw_first_mu: 0.6033487 
R_PriorDraw_first_nu: 9.371566 
R-CCU: Before ClusterLabelChange for i = 11 newLabel= 1 currentLabel= 1 
R-CCU: sum(pointsPerCluster) = 2110 
 num [1:4] 2106 1 2 1
NULL
R-CCU: After ClusterLabelChange for i = 11 
R-CCU: sum(pointsPerCluster) = 2111 
 num [1:4] 2107 1 2 1
NULL
R-CCU: dpObj$numberClusters = 4 
List of 2
 $ : num [1, 1, 1:4] 0.522 0.265 0.652 0.795
 $ : num [1, 1, 1:4] 3.14 3.79 3.21 5.45
NULL
R priorParameters: 2 8 
R maxT: 1 
R_PriorDraw_first_mu: 0.7054243 
R_PriorDraw_first_nu: 1.954958 
R-CCU: Before ClusterLabelChange for i = 12 newLabel= 1 currentLabel= 1 
R-CCU: sum(pointsPerCluster) = 2111 
 num [1:4] 2107 1 2 1
NULL
R-CCU: After ClusterLabelChange for i = 12 
R-CCU: sum(pointsPerCluster) = 2112 
 num [1:4] 2108 1 2 1
NULL
R-CCU: dpObj$numberClusters = 4 
List of 2
 $ : num [1, 1, 1:4] 0.522 0.265 0.652 0.795
 $ : num [1, 1, 1:4] 3.14 3.79 3.21 5.45
NULL
R priorParameters: 2 8 
R maxT: 1 
R_PriorDraw_first_mu: 0.9515313 
R_PriorDraw_first_nu: 4.475864 
R-CCU: Before ClusterLabelChange for i = 13 newLabel= 1 currentLabel= 1 
R-CCU: sum(pointsPerCluster) = 2112 
 num [1:4] 2108 1 2 1
NULL
R-CCU: After ClusterLabelChange for i = 13 
R-CCU: sum(pointsPerCluster) = 2113 
 num [1:4] 2109 1 2 1
NULL
R-CCU: dpObj$numberClusters = 4 
List of 2
 $ : num [1, 1, 1:4] 0.522 0.265 0.652 0.795
 $ : num [1, 1, 1:4] 3.14 3.79 3.21 5.45
NULL
R priorParameters: 2 8 
R maxT: 1 
R_PriorDraw_first_mu: 0.1936972 
R_PriorDraw_first_nu: 6.745675 
R-CCU: Before ClusterLabelChange for i = 14 newLabel= 1 currentLabel= 1 
R-CCU: sum(pointsPerCluster) = 2113 
 num [1:4] 2109 1 2 1
NULL
R-CCU: After ClusterLabelChange for i = 14 
R-CCU: sum(pointsPerCluster) = 2114 
 num [1:4] 2110 1 2 1
NULL
R-CCU: dpObj$numberClusters = 4 
List of 2
 $ : num [1, 1, 1:4] 0.522 0.265 0.652 0.795
 $ : num [1, 1, 1:4] 3.14 3.79 3.21 5.45
NULL
R priorParameters: 2 8 
R maxT: 1 
R_PriorDraw_first_mu: 0.718369 
R_PriorDraw_first_nu: 2.012502 
R-CCU: Before ClusterLabelChange for i = 15 newLabel= 1 currentLabel= 1 
R-CCU: sum(pointsPerCluster) = 2114 
 num [1:4] 2110 1 2 1
NULL
R-CCU: After ClusterLabelChange for i = 15 
R-CCU: sum(pointsPerCluster) = 2115 
 num [1:4] 2111 1 2 1
NULL
R-CCU: dpObj$numberClusters = 4 
List of 2
 $ : num [1, 1, 1:4] 0.522 0.265 0.652 0.795
 $ : num [1, 1, 1:4] 3.14 3.79 3.21 5.45
NULL
R priorParameters: 2 8 
R maxT: 1 
R_PriorDraw_first_mu: 0.6694024 
R_PriorDraw_first_nu: 2.807087 
R-CCU: Before ClusterLabelChange for i = 16 newLabel= 1 currentLabel= 1 
R-CCU: sum(pointsPerCluster) = 2115 
 num [1:4] 2111 1 2 1
NULL
R-CCU: After ClusterLabelChange for i = 16 
R-CCU: sum(pointsPerCluster) = 2116 
 num [1:4] 2112 1 2 1
NULL
R-CCU: dpObj$numberClusters = 4 
List of 2
 $ : num [1, 1, 1:4] 0.522 0.265 0.652 0.795
 $ : num [1, 1, 1:4] 3.14 3.79 3.21 5.45
NULL
R priorParameters: 2 8 
R maxT: 1 
R_PriorDraw_first_mu: 0.6874682 
R_PriorDraw_first_nu: 1.806603 
R-CCU: Before ClusterLabelChange for i = 17 newLabel= 1 currentLabel= 1 
R-CCU: sum(pointsPerCluster) = 2116 
 num [1:4] 2112 1 2 1
NULL
R-CCU: After ClusterLabelChange for i = 17 
R-CCU: sum(pointsPerCluster) = 2117 
 num [1:4] 2113 1 2 1
NULL
R-CCU: dpObj$numberClusters = 4 
List of 2
 $ : num [1, 1, 1:4] 0.522 0.265 0.652 0.795
 $ : num [1, 1, 1:4] 3.14 3.79 3.21 5.45
NULL
R priorParameters: 2 8 
R maxT: 1 
R_PriorDraw_first_mu: 0.004391275 
R_PriorDraw_first_nu: 2.509374 
R-CCU: Before ClusterLabelChange for i = 18 newLabel= 1 currentLabel= 1 
R-CCU: sum(pointsPerCluster) = 2117 
 num [1:4] 2113 1 2 1
NULL
R-CCU: After ClusterLabelChange for i = 18 
R-CCU: sum(pointsPerCluster) = 2118 
 num [1:4] 2114 1 2 1
NULL
R-CCU: dpObj$numberClusters = 4 
List of 2
 $ : num [1, 1, 1:4] 0.522 0.265 0.652 0.795
 $ : num [1, 1, 1:4] 3.14 3.79 3.21 5.45
NULL
R priorParameters: 2 8 
R maxT: 1 
R_PriorDraw_first_mu: 0.3514939 
R_PriorDraw_first_nu: 5.055439 
R-CCU: Before ClusterLabelChange for i = 19 newLabel= 1 currentLabel= 1 
R-CCU: sum(pointsPerCluster) = 2118 
 num [1:4] 2114 1 2 1
NULL
R-CCU: After ClusterLabelChange for i = 19 
R-CCU: sum(pointsPerCluster) = 2119 
 num [1:4] 2115 1 2 1
NULL
R-CCU: dpObj$numberClusters = 4 
List of 2
 $ : num [1, 1, 1:4] 0.522 0.265 0.652 0.795
 $ : num [1, 1, 1:4] 3.14 3.79 3.21 5.45
NULL
R priorParameters: 2 8 
R maxT: 1 
R_PriorDraw_first_mu: 0.5834048 
R_PriorDraw_first_nu: 2.568178 
R-CCU: Before ClusterLabelChange for i = 20 newLabel= 1 currentLabel= 1 
R-CCU: sum(pointsPerCluster) = 2119 
 num [1:4] 2115 1 2 1
NULL
R-CCU: After ClusterLabelChange for i = 20 
R-CCU: sum(pointsPerCluster) = 2120 
 num [1:4] 2116 1 2 1
NULL
R-CCU: dpObj$numberClusters = 4 
List of 2
 $ : num [1, 1, 1:4] 0.522 0.265 0.652 0.795
 $ : num [1, 1, 1:4] 3.14 3.79 3.21 5.45
NULL
R priorParameters: 2 8 
R maxT: 1 
R_PriorDraw_first_mu: 0.5116353 
R_PriorDraw_first_nu: 28.54775 
R-CCU: Before ClusterLabelChange for i = 21 newLabel= 1 currentLabel= 1 
R-CCU: sum(pointsPerCluster) = 2120 
 num [1:4] 2116 1 2 1
NULL
R-CCU: After ClusterLabelChange for i = 21 
R-CCU: sum(pointsPerCluster) = 2121 
 num [1:4] 2117 1 2 1
NULL
R-CCU: dpObj$numberClusters = 4 
List of 2
 $ : num [1, 1, 1:4] 0.522 0.265 0.652 0.795
 $ : num [1, 1, 1:4] 3.14 3.79 3.21 5.45
NULL
R priorParameters: 2 8 
R maxT: 1 
R_PriorDraw_first_mu: 0.1062462 
R_PriorDraw_first_nu: 6.872437 
R-CCU: Before ClusterLabelChange for i = 22 newLabel= 1 currentLabel= 1 
R-CCU: sum(pointsPerCluster) = 2121 
 num [1:4] 2117 1 2 1
NULL
R-CCU: After ClusterLabelChange for i = 22 
R-CCU: sum(pointsPerCluster) = 2122 
 num [1:4] 2118 1 2 1
NULL
R-CCU: dpObj$numberClusters = 4 
List of 2
 $ : num [1, 1, 1:4] 0.522 0.265 0.652 0.795
 $ : num [1, 1, 1:4] 3.14 3.79 3.21 5.45
NULL
R priorParameters: 2 8 
R maxT: 1 
R_PriorDraw_first_mu: 0.2196154 
R_PriorDraw_first_nu: 4.758017 
R-CCU: Before ClusterLabelChange for i = 23 newLabel= 1 currentLabel= 1 
R-CCU: sum(pointsPerCluster) = 2122 
 num [1:4] 2118 1 2 1
NULL
R-CCU: After ClusterLabelChange for i = 23 
R-CCU: sum(pointsPerCluster) = 2123 
 num [1:4] 2119 1 2 1
NULL
R-CCU: dpObj$numberClusters = 4 
List of 2
 $ : num [1, 1, 1:4] 0.522 0.265 0.652 0.795
 $ : num [1, 1, 1:4] 3.14 3.79 3.21 5.45
NULL
R priorParameters: 2 8 
R maxT: 1 
R_PriorDraw_first_mu: 0.6312973 
R_PriorDraw_first_nu: 16.28767 
R-CCU: Before ClusterLabelChange for i = 24 newLabel= 1 currentLabel= 1 
R-CCU: sum(pointsPerCluster) = 2123 
 num [1:4] 2119 1 2 1
NULL
R-CCU: After ClusterLabelChange for i = 24 
R-CCU: sum(pointsPerCluster) = 2124 
 num [1:4] 2120 1 2 1
NULL
R-CCU: dpObj$numberClusters = 4 
List of 2
 $ : num [1, 1, 1:4] 0.522 0.265 0.652 0.795
 $ : num [1, 1, 1:4] 3.14 3.79 3.21 5.45
NULL
R priorParameters: 2 8 
R maxT: 1 
R_PriorDraw_first_mu: 0.5947183 
R_PriorDraw_first_nu: 4.731625 
R-CCU: Before ClusterLabelChange for i = 25 newLabel= 1 currentLabel= 1 
R-CCU: sum(pointsPerCluster) = 2124 
 num [1:4] 2120 1 2 1
NULL
R-CCU: After ClusterLabelChange for i = 25 
R-CCU: sum(pointsPerCluster) = 2125 
 num [1:4] 2121 1 2 1
NULL
R-CCU: dpObj$numberClusters = 4 
List of 2
 $ : num [1, 1, 1:4] 0.522 0.265 0.652 0.795
 $ : num [1, 1, 1:4] 3.14 3.79 3.21 5.45
NULL
R priorParameters: 2 8 
R maxT: 1 
R_PriorDraw_first_mu: 0.3306884 
R_PriorDraw_first_nu: 2.290748 
R-CCU: Before ClusterLabelChange for i = 26 newLabel= 1 currentLabel= 1 
R-CCU: sum(pointsPerCluster) = 2125 
 num [1:4] 2121 1 2 1
NULL
R-CCU: After ClusterLabelChange for i = 26 
R-CCU: sum(pointsPerCluster) = 2126 
 num [1:4] 2122 1 2 1
NULL
R-CCU: dpObj$numberClusters = 4 
List of 2
 $ : num [1, 1, 1:4] 0.522 0.265 0.652 0.795
 $ : num [1, 1, 1:4] 3.14 3.79 3.21 5.45
NULL
R priorParameters: 2 8 
R maxT: 1 
R_PriorDraw_first_mu: 0.7745451 
R_PriorDraw_first_nu: 5.671806 
R-CCU: Before ClusterLabelChange for i = 27 newLabel= 1 currentLabel= 1 
R-CCU: sum(pointsPerCluster) = 2126 
 num [1:4] 2122 1 2 1
NULL
R-CCU: After ClusterLabelChange for i = 27 
R-CCU: sum(pointsPerCluster) = 2127 
 num [1:4] 2123 1 2 1
NULL
R-CCU: dpObj$numberClusters = 4 
List of 2
 $ : num [1, 1, 1:4] 0.522 0.265 0.652 0.795
 $ : num [1, 1, 1:4] 3.14 3.79 3.21 5.45
NULL
R priorParameters: 2 8 
R maxT: 1 
R_PriorDraw_first_mu: 0.06467544 
R_PriorDraw_first_nu: 12.36887 
R-CCU: Before ClusterLabelChange for i = 28 newLabel= 1 currentLabel= 1 
R-CCU: sum(pointsPerCluster) = 2127 
 num [1:4] 2123 1 2 1
NULL
R-CCU: After ClusterLabelChange for i = 28 
R-CCU: sum(pointsPerCluster) = 2128 
 num [1:4] 2124 1 2 1
NULL
R-CCU: dpObj$numberClusters = 4 
List of 2
 $ : num [1, 1, 1:4] 0.522 0.265 0.652 0.795
 $ : num [1, 1, 1:4] 3.14 3.79 3.21 5.45
NULL
R priorParameters: 2 8 
R maxT: 1 
R_PriorDraw_first_mu: 0.3419017 
R_PriorDraw_first_nu: 4.506919 
R-CCU: Before ClusterLabelChange for i = 29 newLabel= 1 currentLabel= 1 
R-CCU: sum(pointsPerCluster) = 2128 
 num [1:4] 2124 1 2 1
NULL
R-CCU: After ClusterLabelChange for i = 29 
R-CCU: sum(pointsPerCluster) = 2129 
 num [1:4] 2125 1 2 1
NULL
R-CCU: dpObj$numberClusters = 4 
List of 2
 $ : num [1, 1, 1:4] 0.522 0.265 0.652 0.795
 $ : num [1, 1, 1:4] 3.14 3.79 3.21 5.45
NULL
R priorParameters: 2 8 
R maxT: 1 
R_PriorDraw_first_mu: 0.1353641 
R_PriorDraw_first_nu: 3.508334 
R-CCU: Before ClusterLabelChange for i = 30 newLabel= 1 currentLabel= 1 
R-CCU: sum(pointsPerCluster) = 2129 
 num [1:4] 2125 1 2 1
NULL
R-CCU: After ClusterLabelChange for i = 30 
R-CCU: sum(pointsPerCluster) = 2130 
 num [1:4] 2126 1 2 1
NULL
R-CCU: dpObj$numberClusters = 4 
List of 2
 $ : num [1, 1, 1:4] 0.522 0.265 0.652 0.795
 $ : num [1, 1, 1:4] 3.14 3.79 3.21 5.45
NULL
R priorParameters: 2 8 
R maxT: 1 
R_PriorDraw_first_mu: 0.8711549 
R_PriorDraw_first_nu: 1.249174 
R-CCU: Before ClusterLabelChange for i = 31 newLabel= 1 currentLabel= 1 
R-CCU: sum(pointsPerCluster) = 2130 
 num [1:4] 2126 1 2 1
NULL
R-CCU: After ClusterLabelChange for i = 31 
R-CCU: sum(pointsPerCluster) = 2131 
 num [1:4] 2127 1 2 1
NULL
R-CCU: dpObj$numberClusters = 4 
List of 2
 $ : num [1, 1, 1:4] 0.522 0.265 0.652 0.795
 $ : num [1, 1, 1:4] 3.14 3.79 3.21 5.45
NULL
R priorParameters: 2 8 
R maxT: 1 
R_PriorDraw_first_mu: 0.898268 
R_PriorDraw_first_nu: 2.253458 
R-CCU: Before ClusterLabelChange for i = 32 newLabel= 1 currentLabel= 1 
R-CCU: sum(pointsPerCluster) = 2131 
 num [1:4] 2127 1 2 1
NULL
R-CCU: After ClusterLabelChange for i = 32 
R-CCU: sum(pointsPerCluster) = 2132 
 num [1:4] 2128 1 2 1
NULL
R-CCU: dpObj$numberClusters = 4 
List of 2
 $ : num [1, 1, 1:4] 0.522 0.265 0.652 0.795
 $ : num [1, 1, 1:4] 3.14 3.79 3.21 5.45
NULL
R priorParameters: 2 8 
R maxT: 1 
R_PriorDraw_first_mu: 0.1125857 
R_PriorDraw_first_nu: 6.372572 
R-CCU: Before ClusterLabelChange for i = 33 newLabel= 1 currentLabel= 1 
R-CCU: sum(pointsPerCluster) = 2132 
 num [1:4] 2128 1 2 1
NULL
R-CCU: After ClusterLabelChange for i = 33 
R-CCU: sum(pointsPerCluster) = 2133 
 num [1:4] 2129 1 2 1
NULL
R-CCU: dpObj$numberClusters = 4 
List of 2
 $ : num [1, 1, 1:4] 0.522 0.265 0.652 0.795
 $ : num [1, 1, 1:4] 3.14 3.79 3.21 5.45
NULL
R priorParameters: 2 8 
R maxT: 1 
R_PriorDraw_first_mu: 0.02276974 
R_PriorDraw_first_nu: 14.37894 
R-CCU: Before ClusterLabelChange for i = 34 newLabel= 1 currentLabel= 1 
R-CCU: sum(pointsPerCluster) = 2133 
 num [1:4] 2129 1 2 1
NULL
R-CCU: After ClusterLabelChange for i = 34 
R-CCU: sum(pointsPerCluster) = 2134 
 num [1:4] 2130 1 2 1
NULL
R-CCU: dpObj$numberClusters = 4 
List of 2
 $ : num [1, 1, 1:4] 0.522 0.265 0.652 0.795
 $ : num [1, 1, 1:4] 3.14 3.79 3.21 5.45
NULL
R priorParameters: 2 8 
R maxT: 1 
R_PriorDraw_first_mu: 0.1343758 
R_PriorDraw_first_nu: 3.404508 
R-CCU: Before ClusterLabelChange for i = 35 newLabel= 1 currentLabel= 1 
R-CCU: sum(pointsPerCluster) = 2134 
 num [1:4] 2130 1 2 1
NULL
R-CCU: After ClusterLabelChange for i = 35 
R-CCU: sum(pointsPerCluster) = 2135 
 num [1:4] 2131 1 2 1
NULL
R-CCU: dpObj$numberClusters = 4 
List of 2
 $ : num [1, 1, 1:4] 0.522 0.265 0.652 0.795
 $ : num [1, 1, 1:4] 3.14 3.79 3.21 5.45
NULL
R priorParameters: 2 8 
R maxT: 1 
R_PriorDraw_first_mu: 0.570053 
R_PriorDraw_first_nu: 9.827973 
R-CCU: Before ClusterLabelChange for i = 36 newLabel= 1 currentLabel= 1 
R-CCU: sum(pointsPerCluster) = 2135 
 num [1:4] 2131 1 2 1
NULL
R-CCU: After ClusterLabelChange for i = 36 
R-CCU: sum(pointsPerCluster) = 2136 
 num [1:4] 2132 1 2 1
NULL
R-CCU: dpObj$numberClusters = 4 
List of 2
 $ : num [1, 1, 1:4] 0.522 0.265 0.652 0.795
 $ : num [1, 1, 1:4] 3.14 3.79 3.21 5.45
NULL
R priorParameters: 2 8 
R maxT: 1 
R_PriorDraw_first_mu: 0.8519747 
R_PriorDraw_first_nu: 3.795265 
R-CCU: Before ClusterLabelChange for i = 37 newLabel= 1 currentLabel= 1 
R-CCU: sum(pointsPerCluster) = 2136 
 num [1:4] 2132 1 2 1
NULL
R-CCU: After ClusterLabelChange for i = 37 
R-CCU: sum(pointsPerCluster) = 2137 
 num [1:4] 2133 1 2 1
NULL
R-CCU: dpObj$numberClusters = 4 
List of 2
 $ : num [1, 1, 1:4] 0.522 0.265 0.652 0.795
 $ : num [1, 1, 1:4] 3.14 3.79 3.21 5.45
NULL
R priorParameters: 2 8 
R maxT: 1 
R_PriorDraw_first_mu: 0.661116 
R_PriorDraw_first_nu: 3.98528 
R-CCU: Before ClusterLabelChange for i = 38 newLabel= 1 currentLabel= 1 
R-CCU: sum(pointsPerCluster) = 2137 
 num [1:4] 2133 1 2 1
NULL
R-CCU: After ClusterLabelChange for i = 38 
R-CCU: sum(pointsPerCluster) = 2138 
 num [1:4] 2134 1 2 1
NULL
R-CCU: dpObj$numberClusters = 4 
List of 2
 $ : num [1, 1, 1:4] 0.522 0.265 0.652 0.795
 $ : num [1, 1, 1:4] 3.14 3.79 3.21 5.45
NULL
R priorParameters: 2 8 
R maxT: 1 
R_PriorDraw_first_mu: 0.3677441 
R_PriorDraw_first_nu: 4.144202 
R-CCU: Before ClusterLabelChange for i = 39 newLabel= 1 currentLabel= 1 
R-CCU: sum(pointsPerCluster) = 2138 
 num [1:4] 2134 1 2 1
NULL
R-CCU: After ClusterLabelChange for i = 39 
R-CCU: sum(pointsPerCluster) = 2139 
 num [1:4] 2135 1 2 1
NULL
R-CCU: dpObj$numberClusters = 4 
List of 2
 $ : num [1, 1, 1:4] 0.522 0.265 0.652 0.795
 $ : num [1, 1, 1:4] 3.14 3.79 3.21 5.45
NULL
R priorParameters: 2 8 
R maxT: 1 
R_PriorDraw_first_mu: 0.35488 
R_PriorDraw_first_nu: 67.37325 
R-CCU: Before ClusterLabelChange for i = 40 newLabel= 1 currentLabel= 1 
R-CCU: sum(pointsPerCluster) = 2139 
 num [1:4] 2135 1 2 1
NULL
R-CCU: After ClusterLabelChange for i = 40 
R-CCU: sum(pointsPerCluster) = 2140 
 num [1:4] 2136 1 2 1
NULL
R-CCU: dpObj$numberClusters = 4 
List of 2
 $ : num [1, 1, 1:4] 0.522 0.265 0.652 0.795
 $ : num [1, 1, 1:4] 3.14 3.79 3.21 5.45
NULL
R priorParameters: 2 8 
R maxT: 1 
R_PriorDraw_first_mu: 0.9145536 
R_PriorDraw_first_nu: 6.114154 
R-CCU: Before ClusterLabelChange for i = 41 newLabel= 1 currentLabel= 1 
R-CCU: sum(pointsPerCluster) = 2140 
 num [1:4] 2136 1 2 1
NULL
R-CCU: After ClusterLabelChange for i = 41 
R-CCU: sum(pointsPerCluster) = 2141 
 num [1:4] 2137 1 2 1
NULL
R-CCU: dpObj$numberClusters = 4 
List of 2
 $ : num [1, 1, 1:4] 0.522 0.265 0.652 0.795
 $ : num [1, 1, 1:4] 3.14 3.79 3.21 5.45
NULL
R priorParameters: 2 8 
R maxT: 1 
R_PriorDraw_first_mu: 0.2677884 
R_PriorDraw_first_nu: 4.164915 
R-CCU: Before ClusterLabelChange for i = 42 newLabel= 1 currentLabel= 1 
R-CCU: sum(pointsPerCluster) = 2141 
 num [1:4] 2137 1 2 1
NULL
R-CCU: After ClusterLabelChange for i = 42 
R-CCU: sum(pointsPerCluster) = 2142 
 num [1:4] 2138 1 2 1
NULL
R-CCU: dpObj$numberClusters = 4 
List of 2
 $ : num [1, 1, 1:4] 0.522 0.265 0.652 0.795
 $ : num [1, 1, 1:4] 3.14 3.79 3.21 5.45
NULL
R priorParameters: 2 8 
R maxT: 1 
R_PriorDraw_first_mu: 0.3461541 
R_PriorDraw_first_nu: 7.404377 
R-CCU: Before ClusterLabelChange for i = 43 newLabel= 1 currentLabel= 1 
R-CCU: sum(pointsPerCluster) = 2142 
 num [1:4] 2138 1 2 1
NULL
R-CCU: After ClusterLabelChange for i = 43 
R-CCU: sum(pointsPerCluster) = 2143 
 num [1:4] 2139 1 2 1
NULL
R-CCU: dpObj$numberClusters = 4 
List of 2
 $ : num [1, 1, 1:4] 0.522 0.265 0.652 0.795
 $ : num [1, 1, 1:4] 3.14 3.79 3.21 5.45
NULL
R priorParameters: 2 8 
R maxT: 1 
R_PriorDraw_first_mu: 0.6683528 
R_PriorDraw_first_nu: 15.91364 
R-CCU: Before ClusterLabelChange for i = 44 newLabel= 1 currentLabel= 1 
R-CCU: sum(pointsPerCluster) = 2143 
 num [1:4] 2139 1 2 1
NULL
R-CCU: After ClusterLabelChange for i = 44 
R-CCU: sum(pointsPerCluster) = 2144 
 num [1:4] 2140 1 2 1
NULL
R-CCU: dpObj$numberClusters = 4 
List of 2
 $ : num [1, 1, 1:4] 0.522 0.265 0.652 0.795
 $ : num [1, 1, 1:4] 3.14 3.79 3.21 5.45
NULL
R priorParameters: 2 8 
R maxT: 1 
R_PriorDraw_first_mu: 0.39803 
R_PriorDraw_first_nu: 5.082047 
R-CCU: Before ClusterLabelChange for i = 45 newLabel= 1 currentLabel= 1 
R-CCU: sum(pointsPerCluster) = 2144 
 num [1:4] 2140 1 2 1
NULL
R-CCU: After ClusterLabelChange for i = 45 
R-CCU: sum(pointsPerCluster) = 2145 
 num [1:4] 2141 1 2 1
NULL
R-CCU: dpObj$numberClusters = 4 
List of 2
 $ : num [1, 1, 1:4] 0.522 0.265 0.652 0.795
 $ : num [1, 1, 1:4] 3.14 3.79 3.21 5.45
NULL
R priorParameters: 2 8 
R maxT: 1 
R_PriorDraw_first_mu: 0.7939681 
R_PriorDraw_first_nu: 3.061686 
R-CCU: Before ClusterLabelChange for i = 46 newLabel= 1 currentLabel= 1 
R-CCU: sum(pointsPerCluster) = 2145 
 num [1:4] 2141 1 2 1
NULL
R-CCU: After ClusterLabelChange for i = 46 
R-CCU: sum(pointsPerCluster) = 2146 
 num [1:4] 2142 1 2 1
NULL
R-CCU: dpObj$numberClusters = 4 
List of 2
 $ : num [1, 1, 1:4] 0.522 0.265 0.652 0.795
 $ : num [1, 1, 1:4] 3.14 3.79 3.21 5.45
NULL
R priorParameters: 2 8 
R maxT: 1 
R_PriorDraw_first_mu: 0.3204806 
R_PriorDraw_first_nu: 5.488545 
R-CCU: Before ClusterLabelChange for i = 47 newLabel= 1 currentLabel= 1 
R-CCU: sum(pointsPerCluster) = 2146 
 num [1:4] 2142 1 2 1
NULL
R-CCU: After ClusterLabelChange for i = 47 
R-CCU: sum(pointsPerCluster) = 2147 
 num [1:4] 2143 1 2 1
NULL
R-CCU: dpObj$numberClusters = 4 
List of 2
 $ : num [1, 1, 1:4] 0.522 0.265 0.652 0.795
 $ : num [1, 1, 1:4] 3.14 3.79 3.21 5.45
NULL
R priorParameters: 2 8 
R maxT: 1 
R_PriorDraw_first_mu: 0.9118458 
R_PriorDraw_first_nu: 13.94044 
R-CCU: Before ClusterLabelChange for i = 48 newLabel= 1 currentLabel= 1 
R-CCU: sum(pointsPerCluster) = 2147 
 num [1:4] 2143 1 2 1
NULL
R-CCU: After ClusterLabelChange for i = 48 
R-CCU: sum(pointsPerCluster) = 2148 
 num [1:4] 2144 1 2 1
NULL
R-CCU: dpObj$numberClusters = 4 
List of 2
 $ : num [1, 1, 1:4] 0.522 0.265 0.652 0.795
 $ : num [1, 1, 1:4] 3.14 3.79 3.21 5.45
NULL
R priorParameters: 2 8 
R maxT: 1 
R_PriorDraw_first_mu: 0.9686458 
R_PriorDraw_first_nu: 2.678588 
R-CCU: Before ClusterLabelChange for i = 49 newLabel= 1 currentLabel= 1 
R-CCU: sum(pointsPerCluster) = 2148 
 num [1:4] 2144 1 2 1
NULL
R-CCU: After ClusterLabelChange for i = 49 
R-CCU: sum(pointsPerCluster) = 2149 
 num [1:4] 2145 1 2 1
NULL
R-CCU: dpObj$numberClusters = 4 
List of 2
 $ : num [1, 1, 1:4] 0.522 0.265 0.652 0.795
 $ : num [1, 1, 1:4] 3.14 3.79 3.21 5.45
NULL
R priorParameters: 2 8 
R maxT: 1 
R_PriorDraw_first_mu: 0.9867322 
R_PriorDraw_first_nu: 1.298503 
R-CCU: Before ClusterLabelChange for i = 50 newLabel= 1 currentLabel= 1 
R-CCU: sum(pointsPerCluster) = 2149 
 num [1:4] 2145 1 2 1
NULL
R-CCU: After ClusterLabelChange for i = 50 
R-CCU: sum(pointsPerCluster) = 2150 
 num [1:4] 2146 1 2 1
NULL
R-CCU: dpObj$numberClusters = 4 
List of 2
 $ : num [1, 1, 1:4] 0.522 0.265 0.652 0.795
 $ : num [1, 1, 1:4] 3.14 3.79 3.21 5.45
NULL
R priorParameters: 2 8 
R maxT: 1 
R_PriorDraw_first_mu: 0.1843203 
R_PriorDraw_first_nu: 6.832233 
R-CCU: Before ClusterLabelChange for i = 51 newLabel= 1 currentLabel= 1 
R-CCU: sum(pointsPerCluster) = 2150 
 num [1:4] 2146 1 2 1
NULL
R-CCU: After ClusterLabelChange for i = 51 
R-CCU: sum(pointsPerCluster) = 2151 
 num [1:4] 2147 1 2 1
NULL
R-CCU: dpObj$numberClusters = 4 
List of 2
 $ : num [1, 1, 1:4] 0.522 0.265 0.652 0.795
 $ : num [1, 1, 1:4] 3.14 3.79 3.21 5.45
NULL
R priorParameters: 2 8 
R maxT: 1 
R_PriorDraw_first_mu: 0.05062719 
R_PriorDraw_first_nu: 4.530485 
R-CCU: Before ClusterLabelChange for i = 52 newLabel= 1 currentLabel= 1 
R-CCU: sum(pointsPerCluster) = 2151 
 num [1:4] 2147 1 2 1
NULL
R-CCU: After ClusterLabelChange for i = 52 
R-CCU: sum(pointsPerCluster) = 2152 
 num [1:4] 2148 1 2 1
NULL
R-CCU: dpObj$numberClusters = 4 
List of 2
 $ : num [1, 1, 1:4] 0.522 0.265 0.652 0.795
 $ : num [1, 1, 1:4] 3.14 3.79 3.21 5.45
NULL
R priorParameters: 2 8 
R maxT: 1 
R_PriorDraw_first_mu: 0.2130088 
R_PriorDraw_first_nu: 3.489111 
R-CCU: Before ClusterLabelChange for i = 53 newLabel= 1 currentLabel= 1 
R-CCU: sum(pointsPerCluster) = 2152 
 num [1:4] 2148 1 2 1
NULL
R-CCU: After ClusterLabelChange for i = 53 
R-CCU: sum(pointsPerCluster) = 2153 
 num [1:4] 2149 1 2 1
NULL
R-CCU: dpObj$numberClusters = 4 
List of 2
 $ : num [1, 1, 1:4] 0.522 0.265 0.652 0.795
 $ : num [1, 1, 1:4] 3.14 3.79 3.21 5.45
NULL
R priorParameters: 2 8 
R maxT: 1 
R_PriorDraw_first_mu: 0.9628905 
R_PriorDraw_first_nu: 4.500371 
R-CCU: Before ClusterLabelChange for i = 54 newLabel= 1 currentLabel= 1 
R-CCU: sum(pointsPerCluster) = 2153 
 num [1:4] 2149 1 2 1
NULL
R-CCU: After ClusterLabelChange for i = 54 
R-CCU: sum(pointsPerCluster) = 2154 
 num [1:4] 2150 1 2 1
NULL
R-CCU: dpObj$numberClusters = 4 
List of 2
 $ : num [1, 1, 1:4] 0.522 0.265 0.652 0.795
 $ : num [1, 1, 1:4] 3.14 3.79 3.21 5.45
NULL
R priorParameters: 2 8 
R maxT: 1 
R_PriorDraw_first_mu: 0.1135728 
R_PriorDraw_first_nu: 2.206379 
R-CCU: Before ClusterLabelChange for i = 55 newLabel= 1 currentLabel= 1 
R-CCU: sum(pointsPerCluster) = 2154 
 num [1:4] 2150 1 2 1
NULL
R-CCU: After ClusterLabelChange for i = 55 
R-CCU: sum(pointsPerCluster) = 2155 
 num [1:4] 2151 1 2 1
NULL
R-CCU: dpObj$numberClusters = 4 
List of 2
 $ : num [1, 1, 1:4] 0.522 0.265 0.652 0.795
 $ : num [1, 1, 1:4] 3.14 3.79 3.21 5.45
NULL
R priorParameters: 2 8 
R maxT: 1 
R_PriorDraw_first_mu: 0.0192154 
R_PriorDraw_first_nu: 2.735747 
R-CCU: Before ClusterLabelChange for i = 56 newLabel= 1 currentLabel= 1 
R-CCU: sum(pointsPerCluster) = 2155 
 num [1:4] 2151 1 2 1
NULL
R-CCU: After ClusterLabelChange for i = 56 
R-CCU: sum(pointsPerCluster) = 2156 
 num [1:4] 2152 1 2 1
NULL
R-CCU: dpObj$numberClusters = 4 
List of 2
 $ : num [1, 1, 1:4] 0.522 0.265 0.652 0.795
 $ : num [1, 1, 1:4] 3.14 3.79 3.21 5.45
NULL
R priorParameters: 2 8 
R maxT: 1 
R_PriorDraw_first_mu: 0.0495509 
R_PriorDraw_first_nu: 2.730766 
R-CCU: Before ClusterLabelChange for i = 57 newLabel= 1 currentLabel= 1 
R-CCU: sum(pointsPerCluster) = 2156 
 num [1:4] 2152 1 2 1
NULL
R-CCU: After ClusterLabelChange for i = 57 
R-CCU: sum(pointsPerCluster) = 2157 
 num [1:4] 2153 1 2 1
NULL
R-CCU: dpObj$numberClusters = 4 
List of 2
 $ : num [1, 1, 1:4] 0.522 0.265 0.652 0.795
 $ : num [1, 1, 1:4] 3.14 3.79 3.21 5.45
NULL
R priorParameters: 2 8 
R maxT: 1 
R_PriorDraw_first_mu: 0.9871445 
R_PriorDraw_first_nu: 4.827891 
R-CCU: Before ClusterLabelChange for i = 58 newLabel= 1 currentLabel= 1 
R-CCU: sum(pointsPerCluster) = 2157 
 num [1:4] 2153 1 2 1
NULL
R-CCU: After ClusterLabelChange for i = 58 
R-CCU: sum(pointsPerCluster) = 2158 
 num [1:4] 2154 1 2 1
NULL
R-CCU: dpObj$numberClusters = 4 
List of 2
 $ : num [1, 1, 1:4] 0.522 0.265 0.652 0.795
 $ : num [1, 1, 1:4] 3.14 3.79 3.21 5.45
NULL
R priorParameters: 2 8 
R maxT: 1 
R_PriorDraw_first_mu: 0.7071563 
R_PriorDraw_first_nu: 2.985881 
R-CCU: Before ClusterLabelChange for i = 59 newLabel= 1 currentLabel= 1 
R-CCU: sum(pointsPerCluster) = 2158 
 num [1:4] 2154 1 2 1
NULL
R-CCU: After ClusterLabelChange for i = 59 
R-CCU: sum(pointsPerCluster) = 2159 
 num [1:4] 2155 1 2 1
NULL
R-CCU: dpObj$numberClusters = 4 
List of 2
 $ : num [1, 1, 1:4] 0.522 0.265 0.652 0.795
 $ : num [1, 1, 1:4] 3.14 3.79 3.21 5.45
NULL
R priorParameters: 2 8 
R maxT: 1 
R_PriorDraw_first_mu: 0.4431054 
R_PriorDraw_first_nu: 13.02713 
R-CCU: Before ClusterLabelChange for i = 60 newLabel= 1 currentLabel= 1 
R-CCU: sum(pointsPerCluster) = 2159 
 num [1:4] 2155 1 2 1
NULL
R-CCU: After ClusterLabelChange for i = 60 
R-CCU: sum(pointsPerCluster) = 2160 
 num [1:4] 2156 1 2 1
NULL
R-CCU: dpObj$numberClusters = 4 
List of 2
 $ : num [1, 1, 1:4] 0.522 0.265 0.652 0.795
 $ : num [1, 1, 1:4] 3.14 3.79 3.21 5.45
NULL

⠏ |   70      0 | Beta Distribution Full Integration Test          R priorParameters: 2 8 
R maxT: 1 
R_PriorDraw_first_mu: 0.235127 
R_PriorDraw_first_nu: 9.649387 
R-CCU: Before ClusterLabelChange for i = 1 newLabel= 1 currentLabel= 1 
R-CCU: sum(pointsPerCluster) = 2160 
 num [1:4] 2156 1 2 1
NULL
R-CCU: After ClusterLabelChange for i = 1 
R-CCU: sum(pointsPerCluster) = 2161 
 num [1:4] 2157 1 2 1
NULL
R-CCU: dpObj$numberClusters = 4 
List of 2
 $ : num [1, 1, 1:4] 0.522 0.265 0.652 0.795
 $ : num [1, 1, 1:4] 1.7 3.79 3.21 5.45
NULL
R priorParameters: 2 8 
R maxT: 1 
R_PriorDraw_first_mu: 0.3170669 
R_PriorDraw_first_nu: 4.304638 
R-CCU: Before ClusterLabelChange for i = 2 newLabel= 1 currentLabel= 1 
R-CCU: sum(pointsPerCluster) = 2161 
 num [1:4] 2157 1 2 1
NULL
R-CCU: After ClusterLabelChange for i = 2 
R-CCU: sum(pointsPerCluster) = 2162 
 num [1:4] 2158 1 2 1
NULL
R-CCU: dpObj$numberClusters = 4 
List of 2
 $ : num [1, 1, 1:4] 0.522 0.265 0.652 0.795
 $ : num [1, 1, 1:4] 1.7 3.79 3.21 5.45
NULL
R priorParameters: 2 8 
R maxT: 1 
R_PriorDraw_first_mu: 0.07408451 
R_PriorDraw_first_nu: 5.528312 
R-CCU: Before ClusterLabelChange for i = 3 newLabel= 1 currentLabel= 1 
R-CCU: sum(pointsPerCluster) = 2162 
 num [1:4] 2158 1 2 1
NULL
R-CCU: After ClusterLabelChange for i = 3 
R-CCU: sum(pointsPerCluster) = 2163 
 num [1:4] 2159 1 2 1
NULL
R-CCU: dpObj$numberClusters = 4 
List of 2
 $ : num [1, 1, 1:4] 0.522 0.265 0.652 0.795
 $ : num [1, 1, 1:4] 1.7 3.79 3.21 5.45
NULL
R priorParameters: 2 8 
R maxT: 1 
R_PriorDraw_first_mu: 0.4231038 
R_PriorDraw_first_nu: 6.411574 
R-CCU: Before ClusterLabelChange for i = 4 newLabel= 1 currentLabel= 1 
R-CCU: sum(pointsPerCluster) = 2163 
 num [1:4] 2159 1 2 1
NULL
R-CCU: After ClusterLabelChange for i = 4 
R-CCU: sum(pointsPerCluster) = 2164 
 num [1:4] 2160 1 2 1
NULL
R-CCU: dpObj$numberClusters = 4 
List of 2
 $ : num [1, 1, 1:4] 0.522 0.265 0.652 0.795
 $ : num [1, 1, 1:4] 1.7 3.79 3.21 5.45
NULL
R priorParameters: 2 8 
R maxT: 1 
R_PriorDraw_first_mu: 0.1555796 
R_PriorDraw_first_nu: 5.847494 
R-CCU: Before ClusterLabelChange for i = 5 newLabel= 1 currentLabel= 1 
R-CCU: sum(pointsPerCluster) = 2164 
 num [1:4] 2160 1 2 1
NULL
R-CCU: After ClusterLabelChange for i = 5 
R-CCU: sum(pointsPerCluster) = 2165 
 num [1:4] 2161 1 2 1
NULL
R-CCU: dpObj$numberClusters = 4 
List of 2
 $ : num [1, 1, 1:4] 0.522 0.265 0.652 0.795
 $ : num [1, 1, 1:4] 1.7 3.79 3.21 5.45
NULL
R priorParameters: 2 8 
R maxT: 1 
R_PriorDraw_first_mu: 0.1983071 
R_PriorDraw_first_nu: 15.82333 
R-CCU: Before ClusterLabelChange for i = 6 newLabel= 1 currentLabel= 1 
R-CCU: sum(pointsPerCluster) = 2165 
 num [1:4] 2161 1 2 1
NULL
R-CCU: After ClusterLabelChange for i = 6 
R-CCU: sum(pointsPerCluster) = 2166 
 num [1:4] 2162 1 2 1
NULL
R-CCU: dpObj$numberClusters = 4 
List of 2
 $ : num [1, 1, 1:4] 0.522 0.265 0.652 0.795
 $ : num [1, 1, 1:4] 1.7 3.79 3.21 5.45
NULL
R priorParameters: 2 8 
R maxT: 1 
R_PriorDraw_first_mu: 0.6717267 
R_PriorDraw_first_nu: 3.575205 
R-CCU: Before ClusterLabelChange for i = 7 newLabel= 1 currentLabel= 1 
R-CCU: sum(pointsPerCluster) = 2166 
 num [1:4] 2162 1 2 1
NULL
R-CCU: After ClusterLabelChange for i = 7 
R-CCU: sum(pointsPerCluster) = 2167 
 num [1:4] 2163 1 2 1
NULL
R-CCU: dpObj$numberClusters = 4 
List of 2
 $ : num [1, 1, 1:4] 0.522 0.265 0.652 0.795
 $ : num [1, 1, 1:4] 1.7 3.79 3.21 5.45
NULL
R priorParameters: 2 8 
R maxT: 1 
R_PriorDraw_first_mu: 0.6949725 
R_PriorDraw_first_nu: 3.889948 
R-CCU: Before ClusterLabelChange for i = 8 newLabel= 1 currentLabel= 1 
R-CCU: sum(pointsPerCluster) = 2167 
 num [1:4] 2163 1 2 1
NULL
R-CCU: After ClusterLabelChange for i = 8 
R-CCU: sum(pointsPerCluster) = 2168 
 num [1:4] 2164 1 2 1
NULL
R-CCU: dpObj$numberClusters = 4 
List of 2
 $ : num [1, 1, 1:4] 0.522 0.265 0.652 0.795
 $ : num [1, 1, 1:4] 1.7 3.79 3.21 5.45
NULL
R priorParameters: 2 8 
R maxT: 1 
R_PriorDraw_first_mu: 0.8068047 
R_PriorDraw_first_nu: 10.00596 
R-CCU: Before ClusterLabelChange for i = 9 newLabel= 1 currentLabel= 1 
R-CCU: sum(pointsPerCluster) = 2168 
 num [1:4] 2164 1 2 1
NULL
R-CCU: After ClusterLabelChange for i = 9 
R-CCU: sum(pointsPerCluster) = 2169 
 num [1:4] 2165 1 2 1
NULL
R-CCU: dpObj$numberClusters = 4 
List of 2
 $ : num [1, 1, 1:4] 0.522 0.265 0.652 0.795
 $ : num [1, 1, 1:4] 1.7 3.79 3.21 5.45
NULL
R priorParameters: 2 8 
R maxT: 1 
R_PriorDraw_first_mu: 0.9637015 
R_PriorDraw_first_nu: 6.240667 
R-CCU: Before ClusterLabelChange for i = 10 newLabel= 1 currentLabel= 1 
R-CCU: sum(pointsPerCluster) = 2169 
 num [1:4] 2165 1 2 1
NULL
R-CCU: After ClusterLabelChange for i = 10 
R-CCU: sum(pointsPerCluster) = 2170 
 num [1:4] 2166 1 2 1
NULL
R-CCU: dpObj$numberClusters = 4 
List of 2
 $ : num [1, 1, 1:4] 0.522 0.265 0.652 0.795
 $ : num [1, 1, 1:4] 1.7 3.79 3.21 5.45
NULL
R priorParameters: 2 8 
R maxT: 1 
R_PriorDraw_first_mu: 0.7190594 
R_PriorDraw_first_nu: 9.274072 
R-CCU: Before ClusterLabelChange for i = 11 newLabel= 1 currentLabel= 1 
R-CCU: sum(pointsPerCluster) = 2170 
 num [1:4] 2166 1 2 1
NULL
R-CCU: After ClusterLabelChange for i = 11 
R-CCU: sum(pointsPerCluster) = 2171 
 num [1:4] 2167 1 2 1
NULL
R-CCU: dpObj$numberClusters = 4 
List of 2
 $ : num [1, 1, 1:4] 0.522 0.265 0.652 0.795
 $ : num [1, 1, 1:4] 1.7 3.79 3.21 5.45
NULL
R priorParameters: 2 8 
R maxT: 1 
R_PriorDraw_first_mu: 0.2973096 
R_PriorDraw_first_nu: 4.712962 
R-CCU: Before ClusterLabelChange for i = 12 newLabel= 1 currentLabel= 1 
R-CCU: sum(pointsPerCluster) = 2171 
 num [1:4] 2167 1 2 1
NULL
R-CCU: After ClusterLabelChange for i = 12 
R-CCU: sum(pointsPerCluster) = 2172 
 num [1:4] 2168 1 2 1
NULL
R-CCU: dpObj$numberClusters = 4 
List of 2
 $ : num [1, 1, 1:4] 0.522 0.265 0.652 0.795
 $ : num [1, 1, 1:4] 1.7 3.79 3.21 5.45
NULL
R priorParameters: 2 8 
R maxT: 1 
R_PriorDraw_first_mu: 0.8831252 
R_PriorDraw_first_nu: 1.916269 
R-CCU: Before ClusterLabelChange for i = 13 newLabel= 1 currentLabel= 1 
R-CCU: sum(pointsPerCluster) = 2172 
 num [1:4] 2168 1 2 1
NULL
R-CCU: After ClusterLabelChange for i = 13 
R-CCU: sum(pointsPerCluster) = 2173 
 num [1:4] 2169 1 2 1
NULL
R-CCU: dpObj$numberClusters = 4 
List of 2
 $ : num [1, 1, 1:4] 0.522 0.265 0.652 0.795
 $ : num [1, 1, 1:4] 1.7 3.79 3.21 5.45
NULL
R priorParameters: 2 8 
R maxT: 1 
R_PriorDraw_first_mu: 0.2672373 
R_PriorDraw_first_nu: 3.042538 
R-CCU: Before ClusterLabelChange for i = 14 newLabel= 1 currentLabel= 1 
R-CCU: sum(pointsPerCluster) = 2173 
 num [1:4] 2169 1 2 1
NULL
R-CCU: After ClusterLabelChange for i = 14 
R-CCU: sum(pointsPerCluster) = 2174 
 num [1:4] 2170 1 2 1
NULL
R-CCU: dpObj$numberClusters = 4 
List of 2
 $ : num [1, 1, 1:4] 0.522 0.265 0.652 0.795
 $ : num [1, 1, 1:4] 1.7 3.79 3.21 5.45
NULL
R priorParameters: 2 8 
R maxT: 1 
R_PriorDraw_first_mu: 0.818346 
R_PriorDraw_first_nu: 2.964509 
R-CCU: Before ClusterLabelChange for i = 15 newLabel= 1 currentLabel= 1 
R-CCU: sum(pointsPerCluster) = 2174 
 num [1:4] 2170 1 2 1
NULL
R-CCU: After ClusterLabelChange for i = 15 
R-CCU: sum(pointsPerCluster) = 2175 
 num [1:4] 2171 1 2 1
NULL
R-CCU: dpObj$numberClusters = 4 
List of 2
 $ : num [1, 1, 1:4] 0.522 0.265 0.652 0.795
 $ : num [1, 1, 1:4] 1.7 3.79 3.21 5.45
NULL
R priorParameters: 2 8 
R maxT: 1 
R_PriorDraw_first_mu: 0.1038322 
R_PriorDraw_first_nu: 3.62315 
R-CCU: Before ClusterLabelChange for i = 16 newLabel= 1 currentLabel= 1 
R-CCU: sum(pointsPerCluster) = 2175 
 num [1:4] 2171 1 2 1
NULL
R-CCU: After ClusterLabelChange for i = 16 
R-CCU: sum(pointsPerCluster) = 2176 
 num [1:4] 2172 1 2 1
NULL
R-CCU: dpObj$numberClusters = 4 
List of 2
 $ : num [1, 1, 1:4] 0.522 0.265 0.652 0.795
 $ : num [1, 1, 1:4] 1.7 3.79 3.21 5.45
NULL
R priorParameters: 2 8 
R maxT: 1 
R_PriorDraw_first_mu: 0.532288 
R_PriorDraw_first_nu: 3.186493 
R-CCU: Before ClusterLabelChange for i = 17 newLabel= 1 currentLabel= 1 
R-CCU: sum(pointsPerCluster) = 2176 
 num [1:4] 2172 1 2 1
NULL
R-CCU: After ClusterLabelChange for i = 17 
R-CCU: sum(pointsPerCluster) = 2177 
 num [1:4] 2173 1 2 1
NULL
R-CCU: dpObj$numberClusters = 4 
List of 2
 $ : num [1, 1, 1:4] 0.522 0.265 0.652 0.795
 $ : num [1, 1, 1:4] 1.7 3.79 3.21 5.45
NULL
R priorParameters: 2 8 
R maxT: 1 
R_PriorDraw_first_mu: 0.9850076 
R_PriorDraw_first_nu: 1.303175 
R-CCU: Before ClusterLabelChange for i = 18 newLabel= 1 currentLabel= 1 
R-CCU: sum(pointsPerCluster) = 2177 
 num [1:4] 2173 1 2 1
NULL
R-CCU: After ClusterLabelChange for i = 18 
R-CCU: sum(pointsPerCluster) = 2178 
 num [1:4] 2174 1 2 1
NULL
R-CCU: dpObj$numberClusters = 4 
List of 2
 $ : num [1, 1, 1:4] 0.522 0.265 0.652 0.795
 $ : num [1, 1, 1:4] 1.7 3.79 3.21 5.45
NULL
R priorParameters: 2 8 
R maxT: 1 
R_PriorDraw_first_mu: 0.03813232 
R_PriorDraw_first_nu: 1.229457 
R-CCU: Before ClusterLabelChange for i = 19 newLabel= 1 currentLabel= 1 
R-CCU: sum(pointsPerCluster) = 2178 
 num [1:4] 2174 1 2 1
NULL
R-CCU: After ClusterLabelChange for i = 19 
R-CCU: sum(pointsPerCluster) = 2179 
 num [1:4] 2175 1 2 1
NULL
R-CCU: dpObj$numberClusters = 4 
List of 2
 $ : num [1, 1, 1:4] 0.522 0.265 0.652 0.795
 $ : num [1, 1, 1:4] 1.7 3.79 3.21 5.45
NULL
R priorParameters: 2 8 
R maxT: 1 
R_PriorDraw_first_mu: 0.825075 
R_PriorDraw_first_nu: 3.663526 
R-CCU: Before ClusterLabelChange for i = 20 newLabel= 1 currentLabel= 1 
R-CCU: sum(pointsPerCluster) = 2179 
 num [1:4] 2175 1 2 1
NULL
R-CCU: After ClusterLabelChange for i = 20 
R-CCU: sum(pointsPerCluster) = 2180 
 num [1:4] 2176 1 2 1
NULL
R-CCU: dpObj$numberClusters = 4 
List of 2
 $ : num [1, 1, 1:4] 0.522 0.265 0.652 0.795
 $ : num [1, 1, 1:4] 1.7 3.79 3.21 5.45
NULL
R priorParameters: 2 8 
R maxT: 1 
R_PriorDraw_first_mu: 0.5722369 
R_PriorDraw_first_nu: 4.28548 
R-CCU: Before ClusterLabelChange for i = 21 newLabel= 1 currentLabel= 1 
R-CCU: sum(pointsPerCluster) = 2180 
 num [1:4] 2176 1 2 1
NULL
R-CCU: After ClusterLabelChange for i = 21 
R-CCU: sum(pointsPerCluster) = 2181 
 num [1:4] 2177 1 2 1
NULL
R-CCU: dpObj$numberClusters = 4 
List of 2
 $ : num [1, 1, 1:4] 0.522 0.265 0.652 0.795
 $ : num [1, 1, 1:4] 1.7 3.79 3.21 5.45
NULL
R priorParameters: 2 8 
R maxT: 1 
R_PriorDraw_first_mu: 0.188085 
R_PriorDraw_first_nu: 4.592861 
R-CCU: Before ClusterLabelChange for i = 22 newLabel= 1 currentLabel= 1 
R-CCU: sum(pointsPerCluster) = 2181 
 num [1:4] 2177 1 2 1
NULL
R-CCU: After ClusterLabelChange for i = 22 
R-CCU: sum(pointsPerCluster) = 2182 
 num [1:4] 2178 1 2 1
NULL
R-CCU: dpObj$numberClusters = 4 
List of 2
 $ : num [1, 1, 1:4] 0.522 0.265 0.652 0.795
 $ : num [1, 1, 1:4] 1.7 3.79 3.21 5.45
NULL
R priorParameters: 2 8 
R maxT: 1 
R_PriorDraw_first_mu: 0.4296237 
R_PriorDraw_first_nu: 7.018414 
R-CCU: Before ClusterLabelChange for i = 23 newLabel= 1 currentLabel= 1 
R-CCU: sum(pointsPerCluster) = 2182 
 num [1:4] 2178 1 2 1
NULL
R-CCU: After ClusterLabelChange for i = 23 
R-CCU: sum(pointsPerCluster) = 2183 
 num [1:4] 2179 1 2 1
NULL
R-CCU: dpObj$numberClusters = 4 
List of 2
 $ : num [1, 1, 1:4] 0.522 0.265 0.652 0.795
 $ : num [1, 1, 1:4] 1.7 3.79 3.21 5.45
NULL
R priorParameters: 2 8 
R maxT: 1 
R_PriorDraw_first_mu: 0.2250852 
R_PriorDraw_first_nu: 2.623915 
R-CCU: Before ClusterLabelChange for i = 24 newLabel= 1 currentLabel= 1 
R-CCU: sum(pointsPerCluster) = 2183 
 num [1:4] 2179 1 2 1
NULL
R-CCU: After ClusterLabelChange for i = 24 
R-CCU: sum(pointsPerCluster) = 2184 
 num [1:4] 2180 1 2 1
NULL
R-CCU: dpObj$numberClusters = 4 
List of 2
 $ : num [1, 1, 1:4] 0.522 0.265 0.652 0.795
 $ : num [1, 1, 1:4] 1.7 3.79 3.21 5.45
NULL
R priorParameters: 2 8 
R maxT: 1 
R_PriorDraw_first_mu: 0.03381674 
R_PriorDraw_first_nu: 10.4719 
R-CCU: Before ClusterLabelChange for i = 25 newLabel= 1 currentLabel= 1 
R-CCU: sum(pointsPerCluster) = 2184 
 num [1:4] 2180 1 2 1
NULL
R-CCU: After ClusterLabelChange for i = 25 
R-CCU: sum(pointsPerCluster) = 2185 
 num [1:4] 2181 1 2 1
NULL
R-CCU: dpObj$numberClusters = 4 
List of 2
 $ : num [1, 1, 1:4] 0.522 0.265 0.652 0.795
 $ : num [1, 1, 1:4] 1.7 3.79 3.21 5.45
NULL
R priorParameters: 2 8 
R maxT: 1 
R_PriorDraw_first_mu: 0.4052569 
R_PriorDraw_first_nu: 1.596895 
R-CCU: Before ClusterLabelChange for i = 26 newLabel= 1 currentLabel= 1 
R-CCU: sum(pointsPerCluster) = 2185 
 num [1:4] 2181 1 2 1
NULL
R-CCU: After ClusterLabelChange for i = 26 
R-CCU: sum(pointsPerCluster) = 2186 
 num [1:4] 2182 1 2 1
NULL
R-CCU: dpObj$numberClusters = 4 
List of 2
 $ : num [1, 1, 1:4] 0.522 0.265 0.652 0.795
 $ : num [1, 1, 1:4] 1.7 3.79 3.21 5.45
NULL
R priorParameters: 2 8 
R maxT: 1 
R_PriorDraw_first_mu: 0.2301994 
R_PriorDraw_first_nu: 7.677768 
R-CCU: Before ClusterLabelChange for i = 27 newLabel= 1 currentLabel= 1 
R-CCU: sum(pointsPerCluster) = 2186 
 num [1:4] 2182 1 2 1
NULL
R-CCU: After ClusterLabelChange for i = 27 
R-CCU: sum(pointsPerCluster) = 2187 
 num [1:4] 2183 1 2 1
NULL
R-CCU: dpObj$numberClusters = 4 
List of 2
 $ : num [1, 1, 1:4] 0.522 0.265 0.652 0.795
 $ : num [1, 1, 1:4] 1.7 3.79 3.21 5.45
NULL
R priorParameters: 2 8 
R maxT: 1 
R_PriorDraw_first_mu: 0.2289049 
R_PriorDraw_first_nu: 7.141421 
R-CCU: Before ClusterLabelChange for i = 28 newLabel= 1 currentLabel= 1 
R-CCU: sum(pointsPerCluster) = 2187 
 num [1:4] 2183 1 2 1
NULL
R-CCU: After ClusterLabelChange for i = 28 
R-CCU: sum(pointsPerCluster) = 2188 
 num [1:4] 2184 1 2 1
NULL
R-CCU: dpObj$numberClusters = 4 
List of 2
 $ : num [1, 1, 1:4] 0.522 0.265 0.652 0.795
 $ : num [1, 1, 1:4] 1.7 3.79 3.21 5.45
NULL
R priorParameters: 2 8 
R maxT: 1 
R_PriorDraw_first_mu: 0.5752063 
R_PriorDraw_first_nu: 10.01672 
R-CCU: Before ClusterLabelChange for i = 29 newLabel= 1 currentLabel= 1 
R-CCU: sum(pointsPerCluster) = 2188 
 num [1:4] 2184 1 2 1
NULL
R-CCU: After ClusterLabelChange for i = 29 
R-CCU: sum(pointsPerCluster) = 2189 
 num [1:4] 2185 1 2 1
NULL
R-CCU: dpObj$numberClusters = 4 
List of 2
 $ : num [1, 1, 1:4] 0.522 0.265 0.652 0.795
 $ : num [1, 1, 1:4] 1.7 3.79 3.21 5.45
NULL
R priorParameters: 2 8 
R maxT: 1 
R_PriorDraw_first_mu: 0.8674618 
R_PriorDraw_first_nu: 2.563028 
R-CCU: Before ClusterLabelChange for i = 30 newLabel= 1 currentLabel= 1 
R-CCU: sum(pointsPerCluster) = 2189 
 num [1:4] 2185 1 2 1
NULL
R-CCU: After ClusterLabelChange for i = 30 
R-CCU: sum(pointsPerCluster) = 2190 
 num [1:4] 2186 1 2 1
NULL
R-CCU: dpObj$numberClusters = 4 
List of 2
 $ : num [1, 1, 1:4] 0.522 0.265 0.652 0.795
 $ : num [1, 1, 1:4] 1.7 3.79 3.21 5.45
NULL
R priorParameters: 2 8 
R maxT: 1 
R_PriorDraw_first_mu: 0.6829429 
R_PriorDraw_first_nu: 2.482265 
R-CCU: Before ClusterLabelChange for i = 31 newLabel= 1 currentLabel= 1 
R-CCU: sum(pointsPerCluster) = 2190 
 num [1:4] 2186 1 2 1
NULL
R-CCU: After ClusterLabelChange for i = 31 
R-CCU: sum(pointsPerCluster) = 2191 
 num [1:4] 2187 1 2 1
NULL
R-CCU: dpObj$numberClusters = 4 
List of 2
 $ : num [1, 1, 1:4] 0.522 0.265 0.652 0.795
 $ : num [1, 1, 1:4] 1.7 3.79 3.21 5.45
NULL
R priorParameters: 2 8 
R maxT: 1 
R_PriorDraw_first_mu: 0.4701081 
R_PriorDraw_first_nu: 4.383035 
R-CCU: Before ClusterLabelChange for i = 32 newLabel= 1 currentLabel= 1 
R-CCU: sum(pointsPerCluster) = 2191 
 num [1:4] 2187 1 2 1
NULL
R-CCU: After ClusterLabelChange for i = 32 
R-CCU: sum(pointsPerCluster) = 2192 
 num [1:4] 2188 1 2 1
NULL
R-CCU: dpObj$numberClusters = 4 
List of 2
 $ : num [1, 1, 1:4] 0.522 0.265 0.652 0.795
 $ : num [1, 1, 1:4] 1.7 3.79 3.21 5.45
NULL
R priorParameters: 2 8 
R maxT: 1 
R_PriorDraw_first_mu: 0.9316599 
R_PriorDraw_first_nu: 4.721375 
R-CCU: Before ClusterLabelChange for i = 33 newLabel= 1 currentLabel= 1 
R-CCU: sum(pointsPerCluster) = 2192 
 num [1:4] 2188 1 2 1
NULL
R-CCU: After ClusterLabelChange for i = 33 
R-CCU: sum(pointsPerCluster) = 2193 
 num [1:4] 2189 1 2 1
NULL
R-CCU: dpObj$numberClusters = 4 
List of 2
 $ : num [1, 1, 1:4] 0.522 0.265 0.652 0.795
 $ : num [1, 1, 1:4] 1.7 3.79 3.21 5.45
NULL
R priorParameters: 2 8 
R maxT: 1 
R_PriorDraw_first_mu: 0.3248163 
R_PriorDraw_first_nu: 14.57059 
R-CCU: Before ClusterLabelChange for i = 34 newLabel= 1 currentLabel= 1 
R-CCU: sum(pointsPerCluster) = 2193 
 num [1:4] 2189 1 2 1
NULL
R-CCU: After ClusterLabelChange for i = 34 
R-CCU: sum(pointsPerCluster) = 2194 
 num [1:4] 2190 1 2 1
NULL
R-CCU: dpObj$numberClusters = 4 
List of 2
 $ : num [1, 1, 1:4] 0.522 0.265 0.652 0.795
 $ : num [1, 1, 1:4] 1.7 3.79 3.21 5.45
NULL
R priorParameters: 2 8 
R maxT: 1 
R_PriorDraw_first_mu: 0.09422468 
R_PriorDraw_first_nu: 36.22026 
R-CCU: Before ClusterLabelChange for i = 35 newLabel= 1 currentLabel= 1 
R-CCU: sum(pointsPerCluster) = 2194 
 num [1:4] 2190 1 2 1
NULL
R-CCU: After ClusterLabelChange for i = 35 
R-CCU: sum(pointsPerCluster) = 2195 
 num [1:4] 2191 1 2 1
NULL
R-CCU: dpObj$numberClusters = 4 
List of 2
 $ : num [1, 1, 1:4] 0.522 0.265 0.652 0.795
 $ : num [1, 1, 1:4] 1.7 3.79 3.21 5.45
NULL
R priorParameters: 2 8 
R maxT: 1 
R_PriorDraw_first_mu: 0.2565473 
R_PriorDraw_first_nu: 3.426319 
R-CCU: Before ClusterLabelChange for i = 36 newLabel= 1 currentLabel= 1 
R-CCU: sum(pointsPerCluster) = 2195 
 num [1:4] 2191 1 2 1
NULL
R-CCU: After ClusterLabelChange for i = 36 
R-CCU: sum(pointsPerCluster) = 2196 
 num [1:4] 2192 1 2 1
NULL
R-CCU: dpObj$numberClusters = 4 
List of 2
 $ : num [1, 1, 1:4] 0.522 0.265 0.652 0.795
 $ : num [1, 1, 1:4] 1.7 3.79 3.21 5.45
NULL
R priorParameters: 2 8 
R maxT: 1 
R_PriorDraw_first_mu: 0.5682875 
R_PriorDraw_first_nu: 5.499963 
R-CCU: Before ClusterLabelChange for i = 37 newLabel= 1 currentLabel= 1 
R-CCU: sum(pointsPerCluster) = 2196 
 num [1:4] 2192 1 2 1
NULL
R-CCU: After ClusterLabelChange for i = 37 
R-CCU: sum(pointsPerCluster) = 2197 
 num [1:4] 2193 1 2 1
NULL
R-CCU: dpObj$numberClusters = 4 
List of 2
 $ : num [1, 1, 1:4] 0.522 0.265 0.652 0.795
 $ : num [1, 1, 1:4] 1.7 3.79 3.21 5.45
NULL
R priorParameters: 2 8 
R maxT: 1 
R_PriorDraw_first_mu: 0.6693349 
R_PriorDraw_first_nu: 9.901964 
R-CCU: Before ClusterLabelChange for i = 38 newLabel= 1 currentLabel= 1 
R-CCU: sum(pointsPerCluster) = 2197 
 num [1:4] 2193 1 2 1
NULL
R-CCU: After ClusterLabelChange for i = 38 
R-CCU: sum(pointsPerCluster) = 2198 
 num [1:4] 2194 1 2 1
NULL
R-CCU: dpObj$numberClusters = 4 
List of 2
 $ : num [1, 1, 1:4] 0.522 0.265 0.652 0.795
 $ : num [1, 1, 1:4] 1.7 3.79 3.21 5.45
NULL
R priorParameters: 2 8 
R maxT: 1 
R_PriorDraw_first_mu: 0.9830408 
R_PriorDraw_first_nu: 2.856501 
R-CCU: Before ClusterLabelChange for i = 39 newLabel= 1 currentLabel= 1 
R-CCU: sum(pointsPerCluster) = 2198 
 num [1:4] 2194 1 2 1
NULL
R-CCU: After ClusterLabelChange for i = 39 
R-CCU: sum(pointsPerCluster) = 2199 
 num [1:4] 2195 1 2 1
NULL
R-CCU: dpObj$numberClusters = 4 
List of 2
 $ : num [1, 1, 1:4] 0.522 0.265 0.652 0.795
 $ : num [1, 1, 1:4] 1.7 3.79 3.21 5.45
NULL
R priorParameters: 2 8 
R maxT: 1 
R_PriorDraw_first_mu: 0.1483039 
R_PriorDraw_first_nu: 1.178092 
R-CCU: Before ClusterLabelChange for i = 40 newLabel= 1 currentLabel= 1 
R-CCU: sum(pointsPerCluster) = 2199 
 num [1:4] 2195 1 2 1
NULL
R-CCU: After ClusterLabelChange for i = 40 
R-CCU: sum(pointsPerCluster) = 2200 
 num [1:4] 2196 1 2 1
NULL
R-CCU: dpObj$numberClusters = 4 
List of 2
 $ : num [1, 1, 1:4] 0.522 0.265 0.652 0.795
 $ : num [1, 1, 1:4] 1.7 3.79 3.21 5.45
NULL
R priorParameters: 2 8 
R maxT: 1 
R_PriorDraw_first_mu: 0.9055971 
R_PriorDraw_first_nu: 3.611686 
R-CCU: Before ClusterLabelChange for i = 41 newLabel= 1 currentLabel= 1 
R-CCU: sum(pointsPerCluster) = 2200 
 num [1:4] 2196 1 2 1
NULL
R-CCU: After ClusterLabelChange for i = 41 
R-CCU: sum(pointsPerCluster) = 2201 
 num [1:4] 2197 1 2 1
NULL
R-CCU: dpObj$numberClusters = 4 
List of 2
 $ : num [1, 1, 1:4] 0.522 0.265 0.652 0.795
 $ : num [1, 1, 1:4] 1.7 3.79 3.21 5.45
NULL
R priorParameters: 2 8 
R maxT: 1 
R_PriorDraw_first_mu: 0.6125852 
R_PriorDraw_first_nu: 5.786685 
R-CCU: Before ClusterLabelChange for i = 42 newLabel= 1 currentLabel= 1 
R-CCU: sum(pointsPerCluster) = 2201 
 num [1:4] 2197 1 2 1
NULL
R-CCU: After ClusterLabelChange for i = 42 
R-CCU: sum(pointsPerCluster) = 2202 
 num [1:4] 2198 1 2 1
NULL
R-CCU: dpObj$numberClusters = 4 
List of 2
 $ : num [1, 1, 1:4] 0.522 0.265 0.652 0.795
 $ : num [1, 1, 1:4] 1.7 3.79 3.21 5.45
NULL
R priorParameters: 2 8 
R maxT: 1 
R_PriorDraw_first_mu: 0.9250434 
R_PriorDraw_first_nu: 12.32838 
R-CCU: Before ClusterLabelChange for i = 43 newLabel= 1 currentLabel= 1 
R-CCU: sum(pointsPerCluster) = 2202 
 num [1:4] 2198 1 2 1
NULL
R-CCU: After ClusterLabelChange for i = 43 
R-CCU: sum(pointsPerCluster) = 2203 
 num [1:4] 2199 1 2 1
NULL
R-CCU: dpObj$numberClusters = 4 
List of 2
 $ : num [1, 1, 1:4] 0.522 0.265 0.652 0.795
 $ : num [1, 1, 1:4] 1.7 3.79 3.21 5.45
NULL
R priorParameters: 2 8 
R maxT: 1 
R_PriorDraw_first_mu: 0.8727835 
R_PriorDraw_first_nu: 5.800109 
R-CCU: Before ClusterLabelChange for i = 44 newLabel= 1 currentLabel= 1 
R-CCU: sum(pointsPerCluster) = 2203 
 num [1:4] 2199 1 2 1
NULL
R-CCU: After ClusterLabelChange for i = 44 
R-CCU: sum(pointsPerCluster) = 2204 
 num [1:4] 2200 1 2 1
NULL
R-CCU: dpObj$numberClusters = 4 
List of 2
 $ : num [1, 1, 1:4] 0.522 0.265 0.652 0.795
 $ : num [1, 1, 1:4] 1.7 3.79 3.21 5.45
NULL
R priorParameters: 2 8 
R maxT: 1 
R_PriorDraw_first_mu: 0.01304308 
R_PriorDraw_first_nu: 18.46895 
R-CCU: Before ClusterLabelChange for i = 45 newLabel= 1 currentLabel= 1 
R-CCU: sum(pointsPerCluster) = 2204 
 num [1:4] 2200 1 2 1
NULL
R-CCU: After ClusterLabelChange for i = 45 
R-CCU: sum(pointsPerCluster) = 2205 
 num [1:4] 2201 1 2 1
NULL
R-CCU: dpObj$numberClusters = 4 
List of 2
 $ : num [1, 1, 1:4] 0.522 0.265 0.652 0.795
 $ : num [1, 1, 1:4] 1.7 3.79 3.21 5.45
NULL
R priorParameters: 2 8 
R maxT: 1 
R_PriorDraw_first_mu: 0.9028482 
R_PriorDraw_first_nu: 4.995082 
R-CCU: Before ClusterLabelChange for i = 46 newLabel= 1 currentLabel= 1 
R-CCU: sum(pointsPerCluster) = 2205 
 num [1:4] 2201 1 2 1
NULL
R-CCU: After ClusterLabelChange for i = 46 
R-CCU: sum(pointsPerCluster) = 2206 
 num [1:4] 2202 1 2 1
NULL
R-CCU: dpObj$numberClusters = 4 
List of 2
 $ : num [1, 1, 1:4] 0.522 0.265 0.652 0.795
 $ : num [1, 1, 1:4] 1.7 3.79 3.21 5.45
NULL
R priorParameters: 2 8 
R maxT: 1 
R_PriorDraw_first_mu: 0.04350021 
R_PriorDraw_first_nu: 15.22039 
R-CCU: Before ClusterLabelChange for i = 47 newLabel= 1 currentLabel= 1 
R-CCU: sum(pointsPerCluster) = 2206 
 num [1:4] 2202 1 2 1
NULL
R-CCU: After ClusterLabelChange for i = 47 
R-CCU: sum(pointsPerCluster) = 2207 
 num [1:4] 2203 1 2 1
NULL
R-CCU: dpObj$numberClusters = 4 
List of 2
 $ : num [1, 1, 1:4] 0.522 0.265 0.652 0.795
 $ : num [1, 1, 1:4] 1.7 3.79 3.21 5.45
NULL
R priorParameters: 2 8 
R maxT: 1 
R_PriorDraw_first_mu: 0.1090548 
R_PriorDraw_first_nu: 28.65807 
R-CCU: Before ClusterLabelChange for i = 48 newLabel= 1 currentLabel= 1 
R-CCU: sum(pointsPerCluster) = 2207 
 num [1:4] 2203 1 2 1
NULL
R-CCU: After ClusterLabelChange for i = 48 
R-CCU: sum(pointsPerCluster) = 2208 
 num [1:4] 2204 1 2 1
NULL
R-CCU: dpObj$numberClusters = 4 
List of 2
 $ : num [1, 1, 1:4] 0.522 0.265 0.652 0.795
 $ : num [1, 1, 1:4] 1.7 3.79 3.21 5.45
NULL
R priorParameters: 2 8 
R maxT: 1 
R_PriorDraw_first_mu: 0.4170977 
R_PriorDraw_first_nu: 7.061953 
R-CCU: Before ClusterLabelChange for i = 49 newLabel= 1 currentLabel= 1 
R-CCU: sum(pointsPerCluster) = 2208 
 num [1:4] 2204 1 2 1
NULL
R-CCU: After ClusterLabelChange for i = 49 
R-CCU: sum(pointsPerCluster) = 2209 
 num [1:4] 2205 1 2 1
NULL
R-CCU: dpObj$numberClusters = 4 
List of 2
 $ : num [1, 1, 1:4] 0.522 0.265 0.652 0.795
 $ : num [1, 1, 1:4] 1.7 3.79 3.21 5.45
NULL
R priorParameters: 2 8 
R maxT: 1 
R_PriorDraw_first_mu: 0.7946527 
R_PriorDraw_first_nu: 1.689187 
R-CCU: Before ClusterLabelChange for i = 50 newLabel= 1 currentLabel= 1 
R-CCU: sum(pointsPerCluster) = 2209 
 num [1:4] 2205 1 2 1
NULL
R-CCU: After ClusterLabelChange for i = 50 
R-CCU: sum(pointsPerCluster) = 2210 
 num [1:4] 2206 1 2 1
NULL
R-CCU: dpObj$numberClusters = 4 
List of 2
 $ : num [1, 1, 1:4] 0.522 0.265 0.652 0.795
 $ : num [1, 1, 1:4] 1.7 3.79 3.21 5.45
NULL
R priorParameters: 2 8 
R maxT: 1 
R_PriorDraw_first_mu: 0.7560902 
R_PriorDraw_first_nu: 5.198922 
R-CCU: Before ClusterLabelChange for i = 51 newLabel= 1 currentLabel= 1 
R-CCU: sum(pointsPerCluster) = 2210 
 num [1:4] 2206 1 2 1
NULL
R-CCU: After ClusterLabelChange for i = 51 
R-CCU: sum(pointsPerCluster) = 2211 
 num [1:4] 2207 1 2 1
NULL
R-CCU: dpObj$numberClusters = 4 
List of 2
 $ : num [1, 1, 1:4] 0.522 0.265 0.652 0.795
 $ : num [1, 1, 1:4] 1.7 3.79 3.21 5.45
NULL
R priorParameters: 2 8 
R maxT: 1 
R_PriorDraw_first_mu: 0.0884368 
R_PriorDraw_first_nu: 7.404096 
R-CCU: Before ClusterLabelChange for i = 52 newLabel= 1 currentLabel= 1 
R-CCU: sum(pointsPerCluster) = 2211 
 num [1:4] 2207 1 2 1
NULL
R-CCU: After ClusterLabelChange for i = 52 
R-CCU: sum(pointsPerCluster) = 2212 
 num [1:4] 2208 1 2 1
NULL
R-CCU: dpObj$numberClusters = 4 
List of 2
 $ : num [1, 1, 1:4] 0.522 0.265 0.652 0.795
 $ : num [1, 1, 1:4] 1.7 3.79 3.21 5.45
NULL
R priorParameters: 2 8 
R maxT: 1 
R_PriorDraw_first_mu: 0.1079972 
R_PriorDraw_first_nu: 4.528405 
R-CCU: Before ClusterLabelChange for i = 53 newLabel= 1 currentLabel= 1 
R-CCU: sum(pointsPerCluster) = 2212 
 num [1:4] 2208 1 2 1
NULL
R-CCU: After ClusterLabelChange for i = 53 
R-CCU: sum(pointsPerCluster) = 2213 
 num [1:4] 2209 1 2 1
NULL
R-CCU: dpObj$numberClusters = 4 
List of 2
 $ : num [1, 1, 1:4] 0.522 0.265 0.652 0.795
 $ : num [1, 1, 1:4] 1.7 3.79 3.21 5.45
NULL
R priorParameters: 2 8 
R maxT: 1 
R_PriorDraw_first_mu: 0.4357296 
R_PriorDraw_first_nu: 2.729897 
R-CCU: Before ClusterLabelChange for i = 54 newLabel= 1 currentLabel= 1 
R-CCU: sum(pointsPerCluster) = 2213 
 num [1:4] 2209 1 2 1
NULL
R-CCU: After ClusterLabelChange for i = 54 
R-CCU: sum(pointsPerCluster) = 2214 
 num [1:4] 2210 1 2 1
NULL
R-CCU: dpObj$numberClusters = 4 
List of 2
 $ : num [1, 1, 1:4] 0.522 0.265 0.652 0.795
 $ : num [1, 1, 1:4] 1.7 3.79 3.21 5.45
NULL
R priorParameters: 2 8 
R maxT: 1 
R_PriorDraw_first_mu: 0.9221298 
R_PriorDraw_first_nu: 4.309243 
R-CCU: Before ClusterLabelChange for i = 55 newLabel= 1 currentLabel= 1 
R-CCU: sum(pointsPerCluster) = 2214 
 num [1:4] 2210 1 2 1
NULL
R-CCU: After ClusterLabelChange for i = 55 
R-CCU: sum(pointsPerCluster) = 2215 
 num [1:4] 2211 1 2 1
NULL
R-CCU: dpObj$numberClusters = 4 
List of 2
 $ : num [1, 1, 1:4] 0.522 0.265 0.652 0.795
 $ : num [1, 1, 1:4] 1.7 3.79 3.21 5.45
NULL
R priorParameters: 2 8 
R maxT: 1 
R_PriorDraw_first_mu: 0.06887211 
R_PriorDraw_first_nu: 6.870474 
R-CCU: Before ClusterLabelChange for i = 56 newLabel= 1 currentLabel= 1 
R-CCU: sum(pointsPerCluster) = 2215 
 num [1:4] 2211 1 2 1
NULL
R-CCU: After ClusterLabelChange for i = 56 
R-CCU: sum(pointsPerCluster) = 2216 
 num [1:4] 2212 1 2 1
NULL
R-CCU: dpObj$numberClusters = 4 
List of 2
 $ : num [1, 1, 1:4] 0.522 0.265 0.652 0.795
 $ : num [1, 1, 1:4] 1.7 3.79 3.21 5.45
NULL
R priorParameters: 2 8 
R maxT: 1 
R_PriorDraw_first_mu: 0.6349377 
R_PriorDraw_first_nu: 3.848958 
R-CCU: Before ClusterLabelChange for i = 57 newLabel= 1 currentLabel= 1 
R-CCU: sum(pointsPerCluster) = 2216 
 num [1:4] 2212 1 2 1
NULL
R-CCU: After ClusterLabelChange for i = 57 
R-CCU: sum(pointsPerCluster) = 2217 
 num [1:4] 2213 1 2 1
NULL
R-CCU: dpObj$numberClusters = 4 
List of 2
 $ : num [1, 1, 1:4] 0.522 0.265 0.652 0.795
 $ : num [1, 1, 1:4] 1.7 3.79 3.21 5.45
NULL
R priorParameters: 2 8 
R maxT: 1 
R_PriorDraw_first_mu: 0.6915972 
R_PriorDraw_first_nu: 7.26609 
R-CCU: Before ClusterLabelChange for i = 58 newLabel= 1 currentLabel= 1 
R-CCU: sum(pointsPerCluster) = 2217 
 num [1:4] 2213 1 2 1
NULL
R-CCU: After ClusterLabelChange for i = 58 
R-CCU: sum(pointsPerCluster) = 2218 
 num [1:4] 2214 1 2 1
NULL
R-CCU: dpObj$numberClusters = 4 
List of 2
 $ : num [1, 1, 1:4] 0.522 0.265 0.652 0.795
 $ : num [1, 1, 1:4] 1.7 3.79 3.21 5.45
NULL
R priorParameters: 2 8 
R maxT: 1 
R_PriorDraw_first_mu: 0.3078474 
R_PriorDraw_first_nu: 1.737419 
R-CCU: Before ClusterLabelChange for i = 59 newLabel= 1 currentLabel= 1 
R-CCU: sum(pointsPerCluster) = 2218 
 num [1:4] 2214 1 2 1
NULL
R-CCU: After ClusterLabelChange for i = 59 
R-CCU: sum(pointsPerCluster) = 2219 
 num [1:4] 2215 1 2 1
NULL
R-CCU: dpObj$numberClusters = 4 
List of 2
 $ : num [1, 1, 1:4] 0.522 0.265 0.652 0.795
 $ : num [1, 1, 1:4] 1.7 3.79 3.21 5.45
NULL
R priorParameters: 2 8 
R maxT: 1 
R_PriorDraw_first_mu: 0.6065308 
R_PriorDraw_first_nu: 5.377797 
R-CCU: Before ClusterLabelChange for i = 60 newLabel= 1 currentLabel= 1 
R-CCU: sum(pointsPerCluster) = 2219 
 num [1:4] 2215 1 2 1
NULL
R-CCU: After ClusterLabelChange for i = 60 
R-CCU: sum(pointsPerCluster) = 2220 
 num [1:4] 2216 1 2 1
NULL
R-CCU: dpObj$numberClusters = 4 
List of 2
 $ : num [1, 1, 1:4] 0.522 0.265 0.652 0.795
 $ : num [1, 1, 1:4] 1.7 3.79 3.21 5.45
NULL

⠙ |   72      0 | Beta Distribution Full Integration Test          R priorParameters: 2 8 
R maxT: 1 
R_PriorDraw_first_mu: 0.9073093 
R_PriorDraw_first_nu: 10.50042 
R-CCU: Before ClusterLabelChange for i = 1 newLabel= 1 currentLabel= 1 
R-CCU: sum(pointsPerCluster) = 2220 
 num [1:4] 2216 1 2 1
NULL
R-CCU: After ClusterLabelChange for i = 1 
R-CCU: sum(pointsPerCluster) = 2221 
 num [1:4] 2217 1 2 1
NULL
R-CCU: dpObj$numberClusters = 4 
List of 2
 $ : num [1, 1, 1:4] 0.522 0.265 0.652 0.795
 $ : num [1, 1, 1:4] 2.21 3.79 3.21 5.45
NULL
R priorParameters: 2 8 
R maxT: 1 
R_PriorDraw_first_mu: 0.09523124 
R_PriorDraw_first_nu: 14.31361 
R-CCU: Before ClusterLabelChange for i = 2 newLabel= 1 currentLabel= 1 
R-CCU: sum(pointsPerCluster) = 2221 
 num [1:4] 2217 1 2 1
NULL
R-CCU: After ClusterLabelChange for i = 2 
R-CCU: sum(pointsPerCluster) = 2222 
 num [1:4] 2218 1 2 1
NULL
R-CCU: dpObj$numberClusters = 4 
List of 2
 $ : num [1, 1, 1:4] 0.522 0.265 0.652 0.795
 $ : num [1, 1, 1:4] 2.21 3.79 3.21 5.45
NULL
R priorParameters: 2 8 
R maxT: 1 
R_PriorDraw_first_mu: 0.5836512 
R_PriorDraw_first_nu: 4.369641 
R-CCU: Before ClusterLabelChange for i = 3 newLabel= 1 currentLabel= 1 
R-CCU: sum(pointsPerCluster) = 2222 
 num [1:4] 2218 1 2 1
NULL
R-CCU: After ClusterLabelChange for i = 3 
R-CCU: sum(pointsPerCluster) = 2223 
 num [1:4] 2219 1 2 1
NULL
R-CCU: dpObj$numberClusters = 4 
List of 2
 $ : num [1, 1, 1:4] 0.522 0.265 0.652 0.795
 $ : num [1, 1, 1:4] 2.21 3.79 3.21 5.45
NULL
R priorParameters: 2 8 
R maxT: 1 
R_PriorDraw_first_mu: 0.953265 
R_PriorDraw_first_nu: 3.040335 
R-CCU: Before ClusterLabelChange for i = 4 newLabel= 1 currentLabel= 1 
R-CCU: sum(pointsPerCluster) = 2223 
 num [1:4] 2219 1 2 1
NULL
R-CCU: After ClusterLabelChange for i = 4 
R-CCU: sum(pointsPerCluster) = 2224 
 num [1:4] 2220 1 2 1
NULL
R-CCU: dpObj$numberClusters = 4 
List of 2
 $ : num [1, 1, 1:4] 0.522 0.265 0.652 0.795
 $ : num [1, 1, 1:4] 2.21 3.79 3.21 5.45
NULL
R priorParameters: 2 8 
R maxT: 1 
R_PriorDraw_first_mu: 0.7040002 
R_PriorDraw_first_nu: 9.397938 
R-CCU: Before ClusterLabelChange for i = 5 newLabel= 1 currentLabel= 1 
R-CCU: sum(pointsPerCluster) = 2224 
 num [1:4] 2220 1 2 1
NULL
R-CCU: After ClusterLabelChange for i = 5 
R-CCU: sum(pointsPerCluster) = 2225 
 num [1:4] 2221 1 2 1
NULL
R-CCU: dpObj$numberClusters = 4 
List of 2
 $ : num [1, 1, 1:4] 0.522 0.265 0.652 0.795
 $ : num [1, 1, 1:4] 2.21 3.79 3.21 5.45
NULL
R priorParameters: 2 8 
R maxT: 1 
R_PriorDraw_first_mu: 0.5616241 
R_PriorDraw_first_nu: 10.43196 
R-CCU: Before ClusterLabelChange for i = 6 newLabel= 1 currentLabel= 1 
R-CCU: sum(pointsPerCluster) = 2225 
 num [1:4] 2221 1 2 1
NULL
R-CCU: After ClusterLabelChange for i = 6 
R-CCU: sum(pointsPerCluster) = 2226 
 num [1:4] 2222 1 2 1
NULL
R-CCU: dpObj$numberClusters = 4 
List of 2
 $ : num [1, 1, 1:4] 0.522 0.265 0.652 0.795
 $ : num [1, 1, 1:4] 2.21 3.79 3.21 5.45
NULL
R priorParameters: 2 8 
R maxT: 1 
R_PriorDraw_first_mu: 0.1040806 
R_PriorDraw_first_nu: 4.311476 
R-CCU: Before ClusterLabelChange for i = 7 newLabel= 1 currentLabel= 1 
R-CCU: sum(pointsPerCluster) = 2226 
 num [1:4] 2222 1 2 1
NULL
R-CCU: After ClusterLabelChange for i = 7 
R-CCU: sum(pointsPerCluster) = 2227 
 num [1:4] 2223 1 2 1
NULL
R-CCU: dpObj$numberClusters = 4 
List of 2
 $ : num [1, 1, 1:4] 0.522 0.265 0.652 0.795
 $ : num [1, 1, 1:4] 2.21 3.79 3.21 5.45
NULL
R priorParameters: 2 8 
R maxT: 1 
R_PriorDraw_first_mu: 0.854084 
R_PriorDraw_first_nu: 5.53562 
R-CCU: Before ClusterLabelChange for i = 8 newLabel= 1 currentLabel= 1 
R-CCU: sum(pointsPerCluster) = 2227 
 num [1:4] 2223 1 2 1
NULL
R-CCU: After ClusterLabelChange for i = 8 
R-CCU: sum(pointsPerCluster) = 2228 
 num [1:4] 2224 1 2 1
NULL
R-CCU: dpObj$numberClusters = 4 
List of 2
 $ : num [1, 1, 1:4] 0.522 0.265 0.652 0.795
 $ : num [1, 1, 1:4] 2.21 3.79 3.21 5.45
NULL
R priorParameters: 2 8 
R maxT: 1 
R_PriorDraw_first_mu: 0.8481272 
R_PriorDraw_first_nu: 2.146502 
R-CCU: Before ClusterLabelChange for i = 9 newLabel= 1 currentLabel= 1 
R-CCU: sum(pointsPerCluster) = 2228 
 num [1:4] 2224 1 2 1
NULL
R-CCU: After ClusterLabelChange for i = 9 
R-CCU: sum(pointsPerCluster) = 2229 
 num [1:4] 2225 1 2 1
NULL
R-CCU: dpObj$numberClusters = 4 
List of 2
 $ : num [1, 1, 1:4] 0.522 0.265 0.652 0.795
 $ : num [1, 1, 1:4] 2.21 3.79 3.21 5.45
NULL
R priorParameters: 2 8 
R maxT: 1 
R_PriorDraw_first_mu: 0.01056029 
R_PriorDraw_first_nu: 3.225569 
R-CCU: Before ClusterLabelChange for i = 10 newLabel= 1 currentLabel= 1 
R-CCU: sum(pointsPerCluster) = 2229 
 num [1:4] 2225 1 2 1
NULL
R-CCU: After ClusterLabelChange for i = 10 
R-CCU: sum(pointsPerCluster) = 2230 
 num [1:4] 2226 1 2 1
NULL
R-CCU: dpObj$numberClusters = 4 
List of 2
 $ : num [1, 1, 1:4] 0.522 0.265 0.652 0.795
 $ : num [1, 1, 1:4] 2.21 3.79 3.21 5.45
NULL
R priorParameters: 2 8 
R maxT: 1 
R_PriorDraw_first_mu: 0.7384037 
R_PriorDraw_first_nu: 1.980597 
R-CCU: Before ClusterLabelChange for i = 11 newLabel= 1 currentLabel= 1 
R-CCU: sum(pointsPerCluster) = 2230 
 num [1:4] 2226 1 2 1
NULL
R-CCU: After ClusterLabelChange for i = 11 
R-CCU: sum(pointsPerCluster) = 2231 
 num [1:4] 2227 1 2 1
NULL
R-CCU: dpObj$numberClusters = 4 
List of 2
 $ : num [1, 1, 1:4] 0.522 0.265 0.652 0.795
 $ : num [1, 1, 1:4] 2.21 3.79 3.21 5.45
NULL
R priorParameters: 2 8 
R maxT: 1 
R_PriorDraw_first_mu: 0.8379643 
R_PriorDraw_first_nu: 1.990999 
R-CCU: Before ClusterLabelChange for i = 12 newLabel= 1 currentLabel= 1 
R-CCU: sum(pointsPerCluster) = 2231 
 num [1:4] 2227 1 2 1
NULL
R-CCU: After ClusterLabelChange for i = 12 
R-CCU: sum(pointsPerCluster) = 2232 
 num [1:4] 2228 1 2 1
NULL
R-CCU: dpObj$numberClusters = 4 
List of 2
 $ : num [1, 1, 1:4] 0.522 0.265 0.652 0.795
 $ : num [1, 1, 1:4] 2.21 3.79 3.21 5.45
NULL
R priorParameters: 2 8 
R maxT: 1 
R_PriorDraw_first_mu: 0.9398829 
R_PriorDraw_first_nu: 2.576785 
R-CCU: Before ClusterLabelChange for i = 13 newLabel= 1 currentLabel= 1 
R-CCU: sum(pointsPerCluster) = 2232 
 num [1:4] 2228 1 2 1
NULL
R-CCU: After ClusterLabelChange for i = 13 
R-CCU: sum(pointsPerCluster) = 2233 
 num [1:4] 2229 1 2 1
NULL
R-CCU: dpObj$numberClusters = 4 
List of 2
 $ : num [1, 1, 1:4] 0.522 0.265 0.652 0.795
 $ : num [1, 1, 1:4] 2.21 3.79 3.21 5.45
NULL
R priorParameters: 2 8 
R maxT: 1 
R_PriorDraw_first_mu: 0.2118337 
R_PriorDraw_first_nu: 4.758094 
R-CCU: Before ClusterLabelChange for i = 14 newLabel= 1 currentLabel= 1 
R-CCU: sum(pointsPerCluster) = 2233 
 num [1:4] 2229 1 2 1
NULL
R-CCU: After ClusterLabelChange for i = 14 
R-CCU: sum(pointsPerCluster) = 2234 
 num [1:4] 2230 1 2 1
NULL
R-CCU: dpObj$numberClusters = 4 
List of 2
 $ : num [1, 1, 1:4] 0.522 0.265 0.652 0.795
 $ : num [1, 1, 1:4] 2.21 3.79 3.21 5.45
NULL
R priorParameters: 2 8 
R maxT: 1 
R_PriorDraw_first_mu: 0.8903637 
R_PriorDraw_first_nu: 5.345085 
R-CCU: Before ClusterLabelChange for i = 15 newLabel= 1 currentLabel= 1 
R-CCU: sum(pointsPerCluster) = 2234 
 num [1:4] 2230 1 2 1
NULL
R-CCU: After ClusterLabelChange for i = 15 
R-CCU: sum(pointsPerCluster) = 2235 
 num [1:4] 2231 1 2 1
NULL
R-CCU: dpObj$numberClusters = 4 
List of 2
 $ : num [1, 1, 1:4] 0.522 0.265 0.652 0.795
 $ : num [1, 1, 1:4] 2.21 3.79 3.21 5.45
NULL
R priorParameters: 2 8 
R maxT: 1 
R_PriorDraw_first_mu: 0.9875129 
R_PriorDraw_first_nu: 3.7684 
R-CCU: Before ClusterLabelChange for i = 16 newLabel= 1 currentLabel= 1 
R-CCU: sum(pointsPerCluster) = 2235 
 num [1:4] 2231 1 2 1
NULL
R-CCU: After ClusterLabelChange for i = 16 
R-CCU: sum(pointsPerCluster) = 2236 
 num [1:4] 2232 1 2 1
NULL
R-CCU: dpObj$numberClusters = 4 
List of 2
 $ : num [1, 1, 1:4] 0.522 0.265 0.652 0.795
 $ : num [1, 1, 1:4] 2.21 3.79 3.21 5.45
NULL
R priorParameters: 2 8 
R maxT: 1 
R_PriorDraw_first_mu: 0.9796358 
R_PriorDraw_first_nu: 13.13784 
R-CCU: Before ClusterLabelChange for i = 17 newLabel= 1 currentLabel= 1 
R-CCU: sum(pointsPerCluster) = 2236 
 num [1:4] 2232 1 2 1
NULL
R-CCU: After ClusterLabelChange for i = 17 
R-CCU: sum(pointsPerCluster) = 2237 
 num [1:4] 2233 1 2 1
NULL
R-CCU: dpObj$numberClusters = 4 
List of 2
 $ : num [1, 1, 1:4] 0.522 0.265 0.652 0.795
 $ : num [1, 1, 1:4] 2.21 3.79 3.21 5.45
NULL
R priorParameters: 2 8 
R maxT: 1 
R_PriorDraw_first_mu: 0.3078412 
R_PriorDraw_first_nu: 1.980295 
R-CCU: Before ClusterLabelChange for i = 18 newLabel= 1 currentLabel= 1 
R-CCU: sum(pointsPerCluster) = 2237 
 num [1:4] 2233 1 2 1
NULL
R-CCU: After ClusterLabelChange for i = 18 
R-CCU: sum(pointsPerCluster) = 2238 
 num [1:4] 2234 1 2 1
NULL
R-CCU: dpObj$numberClusters = 4 
List of 2
 $ : num [1, 1, 1:4] 0.522 0.265 0.652 0.795
 $ : num [1, 1, 1:4] 2.21 3.79 3.21 5.45
NULL
R priorParameters: 2 8 
R maxT: 1 
R_PriorDraw_first_mu: 0.3274153 
R_PriorDraw_first_nu: 2.671924 
R-CCU: Before ClusterLabelChange for i = 19 newLabel= 1 currentLabel= 1 
R-CCU: sum(pointsPerCluster) = 2238 
 num [1:4] 2234 1 2 1
NULL
R-CCU: After ClusterLabelChange for i = 19 
R-CCU: sum(pointsPerCluster) = 2239 
 num [1:4] 2235 1 2 1
NULL
R-CCU: dpObj$numberClusters = 4 
List of 2
 $ : num [1, 1, 1:4] 0.522 0.265 0.652 0.795
 $ : num [1, 1, 1:4] 2.21 3.79 3.21 5.45
NULL
R priorParameters: 2 8 
R maxT: 1 
R_PriorDraw_first_mu: 0.1063125 
R_PriorDraw_first_nu: 10.88668 
R-CCU: Before ClusterLabelChange for i = 20 newLabel= 1 currentLabel= 1 
R-CCU: sum(pointsPerCluster) = 2239 
 num [1:4] 2235 1 2 1
NULL
R-CCU: After ClusterLabelChange for i = 20 
R-CCU: sum(pointsPerCluster) = 2240 
 num [1:4] 2236 1 2 1
NULL
R-CCU: dpObj$numberClusters = 4 
List of 2
 $ : num [1, 1, 1:4] 0.522 0.265 0.652 0.795
 $ : num [1, 1, 1:4] 2.21 3.79 3.21 5.45
NULL
R priorParameters: 2 8 
R maxT: 1 
R_PriorDraw_first_mu: 0.2990053 
R_PriorDraw_first_nu: 3.223113 
R-CCU: Before ClusterLabelChange for i = 21 newLabel= 1 currentLabel= 1 
R-CCU: sum(pointsPerCluster) = 2240 
 num [1:4] 2236 1 2 1
NULL
R-CCU: After ClusterLabelChange for i = 21 
R-CCU: sum(pointsPerCluster) = 2241 
 num [1:4] 2237 1 2 1
NULL
R-CCU: dpObj$numberClusters = 4 
List of 2
 $ : num [1, 1, 1:4] 0.522 0.265 0.652 0.795
 $ : num [1, 1, 1:4] 2.21 3.79 3.21 5.45
NULL
R priorParameters: 2 8 
R maxT: 1 
R_PriorDraw_first_mu: 0.8067497 
R_PriorDraw_first_nu: 2.903402 
R-CCU: Before ClusterLabelChange for i = 22 newLabel= 1 currentLabel= 1 
R-CCU: sum(pointsPerCluster) = 2241 
 num [1:4] 2237 1 2 1
NULL
R-CCU: After ClusterLabelChange for i = 22 
R-CCU: sum(pointsPerCluster) = 2242 
 num [1:4] 2238 1 2 1
NULL
R-CCU: dpObj$numberClusters = 4 
List of 2
 $ : num [1, 1, 1:4] 0.522 0.265 0.652 0.795
 $ : num [1, 1, 1:4] 2.21 3.79 3.21 5.45
NULL
R priorParameters: 2 8 
R maxT: 1 
R_PriorDraw_first_mu: 0.8748017 
R_PriorDraw_first_nu: 7.511404 
R-CCU: Before ClusterLabelChange for i = 23 newLabel= 1 currentLabel= 1 
R-CCU: sum(pointsPerCluster) = 2242 
 num [1:4] 2238 1 2 1
NULL
R-CCU: After ClusterLabelChange for i = 23 
R-CCU: sum(pointsPerCluster) = 2243 
 num [1:4] 2239 1 2 1
NULL
R-CCU: dpObj$numberClusters = 4 
List of 2
 $ : num [1, 1, 1:4] 0.522 0.265 0.652 0.795
 $ : num [1, 1, 1:4] 2.21 3.79 3.21 5.45
NULL
R priorParameters: 2 8 
R maxT: 1 
R_PriorDraw_first_mu: 0.2477051 
R_PriorDraw_first_nu: 1.9955 
R-CCU: Before ClusterLabelChange for i = 24 newLabel= 1 currentLabel= 1 
R-CCU: sum(pointsPerCluster) = 2243 
 num [1:4] 2239 1 2 1
NULL
R-CCU: After ClusterLabelChange for i = 24 
R-CCU: sum(pointsPerCluster) = 2244 
 num [1:4] 2240 1 2 1
NULL
R-CCU: dpObj$numberClusters = 4 
List of 2
 $ : num [1, 1, 1:4] 0.522 0.265 0.652 0.795
 $ : num [1, 1, 1:4] 2.21 3.79 3.21 5.45
NULL
R priorParameters: 2 8 
R maxT: 1 
R_PriorDraw_first_mu: 0.4934538 
R_PriorDraw_first_nu: 5.103693 
R-CCU: Before ClusterLabelChange for i = 25 newLabel= 1 currentLabel= 1 
R-CCU: sum(pointsPerCluster) = 2244 
 num [1:4] 2240 1 2 1
NULL
R-CCU: After ClusterLabelChange for i = 25 
R-CCU: sum(pointsPerCluster) = 2245 
 num [1:4] 2241 1 2 1
NULL
R-CCU: dpObj$numberClusters = 4 
List of 2
 $ : num [1, 1, 1:4] 0.522 0.265 0.652 0.795
 $ : num [1, 1, 1:4] 2.21 3.79 3.21 5.45
NULL
R priorParameters: 2 8 
R maxT: 1 
R_PriorDraw_first_mu: 0.315574 
R_PriorDraw_first_nu: 9.355855 
R-CCU: Before ClusterLabelChange for i = 26 newLabel= 1 currentLabel= 1 
R-CCU: sum(pointsPerCluster) = 2245 
 num [1:4] 2241 1 2 1
NULL
R-CCU: After ClusterLabelChange for i = 26 
R-CCU: sum(pointsPerCluster) = 2246 
 num [1:4] 2242 1 2 1
NULL
R-CCU: dpObj$numberClusters = 4 
List of 2
 $ : num [1, 1, 1:4] 0.522 0.265 0.652 0.795
 $ : num [1, 1, 1:4] 2.21 3.79 3.21 5.45
NULL
R priorParameters: 2 8 
R maxT: 1 
R_PriorDraw_first_mu: 0.7040383 
R_PriorDraw_first_nu: 8.10472 
R-CCU: Before ClusterLabelChange for i = 27 newLabel= 1 currentLabel= 1 
R-CCU: sum(pointsPerCluster) = 2246 
 num [1:4] 2242 1 2 1
NULL
R-CCU: After ClusterLabelChange for i = 27 
R-CCU: sum(pointsPerCluster) = 2247 
 num [1:4] 2243 1 2 1
NULL
R-CCU: dpObj$numberClusters = 4 
List of 2
 $ : num [1, 1, 1:4] 0.522 0.265 0.652 0.795
 $ : num [1, 1, 1:4] 2.21 3.79 3.21 5.45
NULL
R priorParameters: 2 8 
R maxT: 1 
R_PriorDraw_first_mu: 0.540097 
R_PriorDraw_first_nu: 10.51292 
R-CCU: Before ClusterLabelChange for i = 28 newLabel= 1 currentLabel= 1 
R-CCU: sum(pointsPerCluster) = 2247 
 num [1:4] 2243 1 2 1
NULL
R-CCU: After ClusterLabelChange for i = 28 
R-CCU: sum(pointsPerCluster) = 2248 
 num [1:4] 2244 1 2 1
NULL
R-CCU: dpObj$numberClusters = 4 
List of 2
 $ : num [1, 1, 1:4] 0.522 0.265 0.652 0.795
 $ : num [1, 1, 1:4] 2.21 3.79 3.21 5.45
NULL
R priorParameters: 2 8 
R maxT: 1 
R_PriorDraw_first_mu: 0.6628978 
R_PriorDraw_first_nu: 3.034576 
R-CCU: Before ClusterLabelChange for i = 29 newLabel= 1 currentLabel= 1 
R-CCU: sum(pointsPerCluster) = 2248 
 num [1:4] 2244 1 2 1
NULL
R-CCU: After ClusterLabelChange for i = 29 
R-CCU: sum(pointsPerCluster) = 2249 
 num [1:4] 2245 1 2 1
NULL
R-CCU: dpObj$numberClusters = 4 
List of 2
 $ : num [1, 1, 1:4] 0.522 0.265 0.652 0.795
 $ : num [1, 1, 1:4] 2.21 3.79 3.21 5.45
NULL
R priorParameters: 2 8 
R maxT: 1 
R_PriorDraw_first_mu: 0.3174363 
R_PriorDraw_first_nu: 9.607551 
R-CCU: Before ClusterLabelChange for i = 30 newLabel= 1 currentLabel= 1 
R-CCU: sum(pointsPerCluster) = 2249 
 num [1:4] 2245 1 2 1
NULL
R-CCU: After ClusterLabelChange for i = 30 
R-CCU: sum(pointsPerCluster) = 2250 
 num [1:4] 2246 1 2 1
NULL
R-CCU: dpObj$numberClusters = 4 
List of 2
 $ : num [1, 1, 1:4] 0.522 0.265 0.652 0.795
 $ : num [1, 1, 1:4] 2.21 3.79 3.21 5.45
NULL
R priorParameters: 2 8 
R maxT: 1 
R_PriorDraw_first_mu: 0.4765251 
R_PriorDraw_first_nu: 10.94589 
R-CCU: Before ClusterLabelChange for i = 31 newLabel= 1 currentLabel= 1 
R-CCU: sum(pointsPerCluster) = 2250 
 num [1:4] 2246 1 2 1
NULL
R-CCU: After ClusterLabelChange for i = 31 
R-CCU: sum(pointsPerCluster) = 2251 
 num [1:4] 2247 1 2 1
NULL
R-CCU: dpObj$numberClusters = 4 
List of 2
 $ : num [1, 1, 1:4] 0.522 0.265 0.652 0.795
 $ : num [1, 1, 1:4] 2.21 3.79 3.21 5.45
NULL
R priorParameters: 2 8 
R maxT: 1 
R_PriorDraw_first_mu: 0.8850571 
R_PriorDraw_first_nu: 6.62906 
R-CCU: Before ClusterLabelChange for i = 32 newLabel= 1 currentLabel= 1 
R-CCU: sum(pointsPerCluster) = 2251 
 num [1:4] 2247 1 2 1
NULL
R-CCU: After ClusterLabelChange for i = 32 
R-CCU: sum(pointsPerCluster) = 2252 
 num [1:4] 2248 1 2 1
NULL
R-CCU: dpObj$numberClusters = 4 
List of 2
 $ : num [1, 1, 1:4] 0.522 0.265 0.652 0.795
 $ : num [1, 1, 1:4] 2.21 3.79 3.21 5.45
NULL
R priorParameters: 2 8 
R maxT: 1 
R_PriorDraw_first_mu: 0.9829487 
R_PriorDraw_first_nu: 10.91522 
R-CCU: Before ClusterLabelChange for i = 33 newLabel= 1 currentLabel= 1 
R-CCU: sum(pointsPerCluster) = 2252 
 num [1:4] 2248 1 2 1
NULL
R-CCU: After ClusterLabelChange for i = 33 
R-CCU: sum(pointsPerCluster) = 2253 
 num [1:4] 2249 1 2 1
NULL
R-CCU: dpObj$numberClusters = 4 
List of 2
 $ : num [1, 1, 1:4] 0.522 0.265 0.652 0.795
 $ : num [1, 1, 1:4] 2.21 3.79 3.21 5.45
NULL
R priorParameters: 2 8 
R maxT: 1 
R_PriorDraw_first_mu: 0.5263306 
R_PriorDraw_first_nu: 36.92397 
R-CCU: Before ClusterLabelChange for i = 34 newLabel= 1 currentLabel= 1 
R-CCU: sum(pointsPerCluster) = 2253 
 num [1:4] 2249 1 2 1
NULL
R-CCU: After ClusterLabelChange for i = 34 
R-CCU: sum(pointsPerCluster) = 2254 
 num [1:4] 2250 1 2 1
NULL
R-CCU: dpObj$numberClusters = 4 
List of 2
 $ : num [1, 1, 1:4] 0.522 0.265 0.652 0.795
 $ : num [1, 1, 1:4] 2.21 3.79 3.21 5.45
NULL
R priorParameters: 2 8 
R maxT: 1 
R_PriorDraw_first_mu: 0.3028885 
R_PriorDraw_first_nu: 2.960285 
R-CCU: Before ClusterLabelChange for i = 35 newLabel= 1 currentLabel= 1 
R-CCU: sum(pointsPerCluster) = 2254 
 num [1:4] 2250 1 2 1
NULL
R-CCU: After ClusterLabelChange for i = 35 
R-CCU: sum(pointsPerCluster) = 2255 
 num [1:4] 2251 1 2 1
NULL
R-CCU: dpObj$numberClusters = 4 
List of 2
 $ : num [1, 1, 1:4] 0.522 0.265 0.652 0.795
 $ : num [1, 1, 1:4] 2.21 3.79 3.21 5.45
NULL
R priorParameters: 2 8 
R maxT: 1 
R_PriorDraw_first_mu: 0.3807892 
R_PriorDraw_first_nu: 5.91725 
R-CCU: Before ClusterLabelChange for i = 36 newLabel= 1 currentLabel= 1 
R-CCU: sum(pointsPerCluster) = 2255 
 num [1:4] 2251 1 2 1
NULL
R-CCU: After ClusterLabelChange for i = 36 
R-CCU: sum(pointsPerCluster) = 2256 
 num [1:4] 2252 1 2 1
NULL
R-CCU: dpObj$numberClusters = 4 
List of 2
 $ : num [1, 1, 1:4] 0.522 0.265 0.652 0.795
 $ : num [1, 1, 1:4] 2.21 3.79 3.21 5.45
NULL
R priorParameters: 2 8 
R maxT: 1 
R_PriorDraw_first_mu: 0.8095534 
R_PriorDraw_first_nu: 4.741054 
R-CCU: Before ClusterLabelChange for i = 37 newLabel= 1 currentLabel= 1 
R-CCU: sum(pointsPerCluster) = 2256 
 num [1:4] 2252 1 2 1
NULL
R-CCU: After ClusterLabelChange for i = 37 
R-CCU: sum(pointsPerCluster) = 2257 
 num [1:4] 2253 1 2 1
NULL
R-CCU: dpObj$numberClusters = 4 
List of 2
 $ : num [1, 1, 1:4] 0.522 0.265 0.652 0.795
 $ : num [1, 1, 1:4] 2.21 3.79 3.21 5.45
NULL
R priorParameters: 2 8 
R maxT: 1 
R_PriorDraw_first_mu: 0.7189564 
R_PriorDraw_first_nu: 5.939997 
R-CCU: Before ClusterLabelChange for i = 38 newLabel= 1 currentLabel= 1 
R-CCU: sum(pointsPerCluster) = 2257 
 num [1:4] 2253 1 2 1
NULL
R-CCU: After ClusterLabelChange for i = 38 
R-CCU: sum(pointsPerCluster) = 2258 
 num [1:4] 2254 1 2 1
NULL
R-CCU: dpObj$numberClusters = 4 
List of 2
 $ : num [1, 1, 1:4] 0.522 0.265 0.652 0.795
 $ : num [1, 1, 1:4] 2.21 3.79 3.21 5.45
NULL
R priorParameters: 2 8 
R maxT: 1 
R_PriorDraw_first_mu: 0.1115564 
R_PriorDraw_first_nu: 8.688007 
R-CCU: Before ClusterLabelChange for i = 39 newLabel= 1 currentLabel= 1 
R-CCU: sum(pointsPerCluster) = 2258 
 num [1:4] 2254 1 2 1
NULL
R-CCU: After ClusterLabelChange for i = 39 
R-CCU: sum(pointsPerCluster) = 2259 
 num [1:4] 2255 1 2 1
NULL
R-CCU: dpObj$numberClusters = 4 
List of 2
 $ : num [1, 1, 1:4] 0.522 0.265 0.652 0.795
 $ : num [1, 1, 1:4] 2.21 3.79 3.21 5.45
NULL
R priorParameters: 2 8 
R maxT: 1 
R_PriorDraw_first_mu: 0.7564783 
R_PriorDraw_first_nu: 5.648881 
R-CCU: Before ClusterLabelChange for i = 40 newLabel= 1 currentLabel= 1 
R-CCU: sum(pointsPerCluster) = 2259 
 num [1:4] 2255 1 2 1
NULL
R-CCU: After ClusterLabelChange for i = 40 
R-CCU: sum(pointsPerCluster) = 2260 
 num [1:4] 2256 1 2 1
NULL
R-CCU: dpObj$numberClusters = 4 
List of 2
 $ : num [1, 1, 1:4] 0.522 0.265 0.652 0.795
 $ : num [1, 1, 1:4] 2.21 3.79 3.21 5.45
NULL
R priorParameters: 2 8 
R maxT: 1 
R_PriorDraw_first_mu: 0.8609753 
R_PriorDraw_first_nu: 3.36681 
R-CCU: Before ClusterLabelChange for i = 41 newLabel= 1 currentLabel= 1 
R-CCU: sum(pointsPerCluster) = 2260 
 num [1:4] 2256 1 2 1
NULL
R-CCU: After ClusterLabelChange for i = 41 
R-CCU: sum(pointsPerCluster) = 2261 
 num [1:4] 2257 1 2 1
NULL
R-CCU: dpObj$numberClusters = 4 
List of 2
 $ : num [1, 1, 1:4] 0.522 0.265 0.652 0.795
 $ : num [1, 1, 1:4] 2.21 3.79 3.21 5.45
NULL
R priorParameters: 2 8 
R maxT: 1 
R_PriorDraw_first_mu: 0.7640444 
R_PriorDraw_first_nu: 9.239733 
R-CCU: Before ClusterLabelChange for i = 42 newLabel= 1 currentLabel= 1 
R-CCU: sum(pointsPerCluster) = 2261 
 num [1:4] 2257 1 2 1
NULL
R-CCU: After ClusterLabelChange for i = 42 
R-CCU: sum(pointsPerCluster) = 2262 
 num [1:4] 2258 1 2 1
NULL
R-CCU: dpObj$numberClusters = 4 
List of 2
 $ : num [1, 1, 1:4] 0.522 0.265 0.652 0.795
 $ : num [1, 1, 1:4] 2.21 3.79 3.21 5.45
NULL
R priorParameters: 2 8 
R maxT: 1 
R_PriorDraw_first_mu: 0.3100314 
R_PriorDraw_first_nu: 5.278574 
R-CCU: Before ClusterLabelChange for i = 43 newLabel= 1 currentLabel= 1 
R-CCU: sum(pointsPerCluster) = 2262 
 num [1:4] 2258 1 2 1
NULL
R-CCU: After ClusterLabelChange for i = 43 
R-CCU: sum(pointsPerCluster) = 2263 
 num [1:4] 2259 1 2 1
NULL
R-CCU: dpObj$numberClusters = 4 
List of 2
 $ : num [1, 1, 1:4] 0.522 0.265 0.652 0.795
 $ : num [1, 1, 1:4] 2.21 3.79 3.21 5.45
NULL
R priorParameters: 2 8 
R maxT: 1 
R_PriorDraw_first_mu: 0.6512141 
R_PriorDraw_first_nu: 6.766852 
R-CCU: Before ClusterLabelChange for i = 44 newLabel= 1 currentLabel= 1 
R-CCU: sum(pointsPerCluster) = 2263 
 num [1:4] 2259 1 2 1
NULL
R-CCU: After ClusterLabelChange for i = 44 
R-CCU: sum(pointsPerCluster) = 2264 
 num [1:4] 2260 1 2 1
NULL
R-CCU: dpObj$numberClusters = 4 
List of 2
 $ : num [1, 1, 1:4] 0.522 0.265 0.652 0.795
 $ : num [1, 1, 1:4] 2.21 3.79 3.21 5.45
NULL
R priorParameters: 2 8 
R maxT: 1 
R_PriorDraw_first_mu: 0.2126247 
R_PriorDraw_first_nu: 2.805191 
R-CCU: Before ClusterLabelChange for i = 45 newLabel= 1 currentLabel= 1 
R-CCU: sum(pointsPerCluster) = 2264 
 num [1:4] 2260 1 2 1
NULL
R-CCU: After ClusterLabelChange for i = 45 
R-CCU: sum(pointsPerCluster) = 2265 
 num [1:4] 2261 1 2 1
NULL
R-CCU: dpObj$numberClusters = 4 
List of 2
 $ : num [1, 1, 1:4] 0.522 0.265 0.652 0.795
 $ : num [1, 1, 1:4] 2.21 3.79 3.21 5.45
NULL
R priorParameters: 2 8 
R maxT: 1 
R_PriorDraw_first_mu: 0.6725544 
R_PriorDraw_first_nu: 4.994161 
R-CCU: Before ClusterLabelChange for i = 46 newLabel= 1 currentLabel= 1 
R-CCU: sum(pointsPerCluster) = 2265 
 num [1:4] 2261 1 2 1
NULL
R-CCU: After ClusterLabelChange for i = 46 
R-CCU: sum(pointsPerCluster) = 2266 
 num [1:4] 2262 1 2 1
NULL
R-CCU: dpObj$numberClusters = 4 
List of 2
 $ : num [1, 1, 1:4] 0.522 0.265 0.652 0.795
 $ : num [1, 1, 1:4] 2.21 3.79 3.21 5.45
NULL
R priorParameters: 2 8 
R maxT: 1 
R_PriorDraw_first_mu: 0.3059301 
R_PriorDraw_first_nu: 3.7864 
R-CCU: Before ClusterLabelChange for i = 47 newLabel= 1 currentLabel= 1 
R-CCU: sum(pointsPerCluster) = 2266 
 num [1:4] 2262 1 2 1
NULL
R-CCU: After ClusterLabelChange for i = 47 
R-CCU: sum(pointsPerCluster) = 2267 
 num [1:4] 2263 1 2 1
NULL
R-CCU: dpObj$numberClusters = 4 
List of 2
 $ : num [1, 1, 1:4] 0.522 0.265 0.652 0.795
 $ : num [1, 1, 1:4] 2.21 3.79 3.21 5.45
NULL
R priorParameters: 2 8 
R maxT: 1 
R_PriorDraw_first_mu: 0.7665133 
R_PriorDraw_first_nu: 7.279234 
R-CCU: Before ClusterLabelChange for i = 48 newLabel= 1 currentLabel= 1 
R-CCU: sum(pointsPerCluster) = 2267 
 num [1:4] 2263 1 2 1
NULL
R-CCU: After ClusterLabelChange for i = 48 
R-CCU: sum(pointsPerCluster) = 2268 
 num [1:4] 2264 1 2 1
NULL
R-CCU: dpObj$numberClusters = 4 
List of 2
 $ : num [1, 1, 1:4] 0.522 0.265 0.652 0.795
 $ : num [1, 1, 1:4] 2.21 3.79 3.21 5.45
NULL
R priorParameters: 2 8 
R maxT: 1 
R_PriorDraw_first_mu: 0.6262884 
R_PriorDraw_first_nu: 2.927485 
R-CCU: Before ClusterLabelChange for i = 49 newLabel= 1 currentLabel= 1 
R-CCU: sum(pointsPerCluster) = 2268 
 num [1:4] 2264 1 2 1
NULL
R-CCU: After ClusterLabelChange for i = 49 
R-CCU: sum(pointsPerCluster) = 2269 
 num [1:4] 2265 1 2 1
NULL
R-CCU: dpObj$numberClusters = 4 
List of 2
 $ : num [1, 1, 1:4] 0.522 0.265 0.652 0.795
 $ : num [1, 1, 1:4] 2.21 3.79 3.21 5.45
NULL
R priorParameters: 2 8 
R maxT: 1 
R_PriorDraw_first_mu: 0.197833 
R_PriorDraw_first_nu: 3.324602 
R-CCU: Before ClusterLabelChange for i = 50 newLabel= 1 currentLabel= 1 
R-CCU: sum(pointsPerCluster) = 2269 
 num [1:4] 2265 1 2 1
NULL
R-CCU: After ClusterLabelChange for i = 50 
R-CCU: sum(pointsPerCluster) = 2270 
 num [1:4] 2266 1 2 1
NULL
R-CCU: dpObj$numberClusters = 4 
List of 2
 $ : num [1, 1, 1:4] 0.522 0.265 0.652 0.795
 $ : num [1, 1, 1:4] 2.21 3.79 3.21 5.45
NULL
R priorParameters: 2 8 
R maxT: 1 
R_PriorDraw_first_mu: 0.9771963 
R_PriorDraw_first_nu: 5.792106 
R-CCU: Before ClusterLabelChange for i = 51 newLabel= 1 currentLabel= 1 
R-CCU: sum(pointsPerCluster) = 2270 
 num [1:4] 2266 1 2 1
NULL
R-CCU: After ClusterLabelChange for i = 51 
R-CCU: sum(pointsPerCluster) = 2271 
 num [1:4] 2267 1 2 1
NULL
R-CCU: dpObj$numberClusters = 4 
List of 2
 $ : num [1, 1, 1:4] 0.522 0.265 0.652 0.795
 $ : num [1, 1, 1:4] 2.21 3.79 3.21 5.45
NULL
R priorParameters: 2 8 
R maxT: 1 
R_PriorDraw_first_mu: 0.4840523 
R_PriorDraw_first_nu: 2.931767 
R-CCU: Before ClusterLabelChange for i = 52 newLabel= 1 currentLabel= 1 
R-CCU: sum(pointsPerCluster) = 2271 
 num [1:4] 2267 1 2 1
NULL
R-CCU: After ClusterLabelChange for i = 52 
R-CCU: sum(pointsPerCluster) = 2272 
 num [1:4] 2268 1 2 1
NULL
R-CCU: dpObj$numberClusters = 4 
List of 2
 $ : num [1, 1, 1:4] 0.522 0.265 0.652 0.795
 $ : num [1, 1, 1:4] 2.21 3.79 3.21 5.45
NULL
R priorParameters: 2 8 
R maxT: 1 
R_PriorDraw_first_mu: 0.436053 
R_PriorDraw_first_nu: 9.518386 
R-CCU: Before ClusterLabelChange for i = 53 newLabel= 1 currentLabel= 1 
R-CCU: sum(pointsPerCluster) = 2272 
 num [1:4] 2268 1 2 1
NULL
R-CCU: After ClusterLabelChange for i = 53 
R-CCU: sum(pointsPerCluster) = 2273 
 num [1:4] 2269 1 2 1
NULL
R-CCU: dpObj$numberClusters = 4 
List of 2
 $ : num [1, 1, 1:4] 0.522 0.265 0.652 0.795
 $ : num [1, 1, 1:4] 2.21 3.79 3.21 5.45
NULL
R priorParameters: 2 8 
R maxT: 1 
R_PriorDraw_first_mu: 0.6726005 
R_PriorDraw_first_nu: 3.6945 
R-CCU: Before ClusterLabelChange for i = 54 newLabel= 1 currentLabel= 1 
R-CCU: sum(pointsPerCluster) = 2273 
 num [1:4] 2269 1 2 1
NULL
R-CCU: After ClusterLabelChange for i = 54 
R-CCU: sum(pointsPerCluster) = 2274 
 num [1:4] 2270 1 2 1
NULL
R-CCU: dpObj$numberClusters = 4 
List of 2
 $ : num [1, 1, 1:4] 0.522 0.265 0.652 0.795
 $ : num [1, 1, 1:4] 2.21 3.79 3.21 5.45
NULL
R priorParameters: 2 8 
R maxT: 1 
R_PriorDraw_first_mu: 0.6741223 
R_PriorDraw_first_nu: 9.622338 
R-CCU: Before ClusterLabelChange for i = 55 newLabel= 1 currentLabel= 1 
R-CCU: sum(pointsPerCluster) = 2274 
 num [1:4] 2270 1 2 1
NULL
R-CCU: After ClusterLabelChange for i = 55 
R-CCU: sum(pointsPerCluster) = 2275 
 num [1:4] 2271 1 2 1
NULL
R-CCU: dpObj$numberClusters = 4 
List of 2
 $ : num [1, 1, 1:4] 0.522 0.265 0.652 0.795
 $ : num [1, 1, 1:4] 2.21 3.79 3.21 5.45
NULL
R priorParameters: 2 8 
R maxT: 1 
R_PriorDraw_first_mu: 0.4622046 
R_PriorDraw_first_nu: 3.70973 
R-CCU: Before ClusterLabelChange for i = 56 newLabel= 1 currentLabel= 1 
R-CCU: sum(pointsPerCluster) = 2275 
 num [1:4] 2271 1 2 1
NULL
R-CCU: After ClusterLabelChange for i = 56 
R-CCU: sum(pointsPerCluster) = 2276 
 num [1:4] 2272 1 2 1
NULL
R-CCU: dpObj$numberClusters = 4 
List of 2
 $ : num [1, 1, 1:4] 0.522 0.265 0.652 0.795
 $ : num [1, 1, 1:4] 2.21 3.79 3.21 5.45
NULL
R priorParameters: 2 8 
R maxT: 1 
R_PriorDraw_first_mu: 0.8131196 
R_PriorDraw_first_nu: 1.002056 
R-CCU: Before ClusterLabelChange for i = 57 newLabel= 1 currentLabel= 1 
R-CCU: sum(pointsPerCluster) = 2276 
 num [1:4] 2272 1 2 1
NULL
R-CCU: After ClusterLabelChange for i = 57 
R-CCU: sum(pointsPerCluster) = 2277 
 num [1:4] 2273 1 2 1
NULL
R-CCU: dpObj$numberClusters = 4 
List of 2
 $ : num [1, 1, 1:4] 0.522 0.265 0.652 0.795
 $ : num [1, 1, 1:4] 2.21 3.79 3.21 5.45
NULL
R priorParameters: 2 8 
R maxT: 1 
R_PriorDraw_first_mu: 0.7356329 
R_PriorDraw_first_nu: 5.408692 
R-CCU: Before ClusterLabelChange for i = 58 newLabel= 1 currentLabel= 1 
R-CCU: sum(pointsPerCluster) = 2277 
 num [1:4] 2273 1 2 1
NULL
R-CCU: After ClusterLabelChange for i = 58 
R-CCU: sum(pointsPerCluster) = 2278 
 num [1:4] 2274 1 2 1
NULL
R-CCU: dpObj$numberClusters = 4 
List of 2
 $ : num [1, 1, 1:4] 0.522 0.265 0.652 0.795
 $ : num [1, 1, 1:4] 2.21 3.79 3.21 5.45
NULL
R priorParameters: 2 8 
R maxT: 1 
R_PriorDraw_first_mu: 0.2918305 
R_PriorDraw_first_nu: 10.55792 
R-CCU: Before ClusterLabelChange for i = 59 newLabel= 1 currentLabel= 1 
R-CCU: sum(pointsPerCluster) = 2278 
 num [1:4] 2274 1 2 1
NULL
R-CCU: After ClusterLabelChange for i = 59 
R-CCU: sum(pointsPerCluster) = 2279 
 num [1:4] 2275 1 2 1
NULL
R-CCU: dpObj$numberClusters = 4 
List of 2
 $ : num [1, 1, 1:4] 0.522 0.265 0.652 0.795
 $ : num [1, 1, 1:4] 2.21 3.79 3.21 5.45
NULL
R priorParameters: 2 8 
R maxT: 1 
R_PriorDraw_first_mu: 0.9093887 
R_PriorDraw_first_nu: 4.147614 
R-CCU: Before ClusterLabelChange for i = 60 newLabel= 1 currentLabel= 1 
R-CCU: sum(pointsPerCluster) = 2279 
 num [1:4] 2275 1 2 1
NULL
R-CCU: After ClusterLabelChange for i = 60 
R-CCU: sum(pointsPerCluster) = 2280 
 num [1:4] 2276 1 2 1
NULL
R-CCU: dpObj$numberClusters = 4 
List of 2
 $ : num [1, 1, 1:4] 0.522 0.265 0.652 0.795
 $ : num [1, 1, 1:4] 2.21 3.79 3.21 5.45
NULL

⠸ |   74      0 | Beta Distribution Full Integration Test          R priorParameters: 2 8 
R maxT: 1 
R_PriorDraw_first_mu: 0.4659597 
R_PriorDraw_first_nu: 3.512949 
R-CCU: Before ClusterLabelChange for i = 1 newLabel= 1 currentLabel= 1 
R-CCU: sum(pointsPerCluster) = 2280 
 num [1:4] 2276 1 2 1
NULL
R-CCU: After ClusterLabelChange for i = 1 
R-CCU: sum(pointsPerCluster) = 2281 
 num [1:4] 2277 1 2 1
NULL
R-CCU: dpObj$numberClusters = 4 
List of 2
 $ : num [1, 1, 1:4] 0.522 0.265 0.652 0.795
 $ : num [1, 1, 1:4] 2.96 3.79 3.21 5.45
NULL
R priorParameters: 2 8 
R maxT: 1 
R_PriorDraw_first_mu: 0.4672913 
R_PriorDraw_first_nu: 2.015875 
R-CCU: Before ClusterLabelChange for i = 2 newLabel= 1 currentLabel= 1 
R-CCU: sum(pointsPerCluster) = 2281 
 num [1:4] 2277 1 2 1
NULL
R-CCU: After ClusterLabelChange for i = 2 
R-CCU: sum(pointsPerCluster) = 2282 
 num [1:4] 2278 1 2 1
NULL
R-CCU: dpObj$numberClusters = 4 
List of 2
 $ : num [1, 1, 1:4] 0.522 0.265 0.652 0.795
 $ : num [1, 1, 1:4] 2.96 3.79 3.21 5.45
NULL
R priorParameters: 2 8 
R maxT: 1 
R_PriorDraw_first_mu: 0.1166666 
R_PriorDraw_first_nu: 4.116808 
R-CCU: Before ClusterLabelChange for i = 3 newLabel= 1 currentLabel= 1 
R-CCU: sum(pointsPerCluster) = 2282 
 num [1:4] 2278 1 2 1
NULL
R-CCU: After ClusterLabelChange for i = 3 
R-CCU: sum(pointsPerCluster) = 2283 
 num [1:4] 2279 1 2 1
NULL
R-CCU: dpObj$numberClusters = 4 
List of 2
 $ : num [1, 1, 1:4] 0.522 0.265 0.652 0.795
 $ : num [1, 1, 1:4] 2.96 3.79 3.21 5.45
NULL
R priorParameters: 2 8 
R maxT: 1 
R_PriorDraw_first_mu: 0.3264453 
R_PriorDraw_first_nu: 0.9880454 
R-CCU: Before ClusterLabelChange for i = 4 newLabel= 1 currentLabel= 1 
R-CCU: sum(pointsPerCluster) = 2283 
 num [1:4] 2279 1 2 1
NULL
R-CCU: After ClusterLabelChange for i = 4 
R-CCU: sum(pointsPerCluster) = 2284 
 num [1:4] 2280 1 2 1
NULL
R-CCU: dpObj$numberClusters = 4 
List of 2
 $ : num [1, 1, 1:4] 0.522 0.265 0.652 0.795
 $ : num [1, 1, 1:4] 2.96 3.79 3.21 5.45
NULL
R priorParameters: 2 8 
R maxT: 1 
R_PriorDraw_first_mu: 0.6443281 
R_PriorDraw_first_nu: 9.240197 
R-CCU: Before ClusterLabelChange for i = 5 newLabel= 1 currentLabel= 1 
R-CCU: sum(pointsPerCluster) = 2284 
 num [1:4] 2280 1 2 1
NULL
R-CCU: After ClusterLabelChange for i = 5 
R-CCU: sum(pointsPerCluster) = 2285 
 num [1:4] 2281 1 2 1
NULL
R-CCU: dpObj$numberClusters = 4 
List of 2
 $ : num [1, 1, 1:4] 0.522 0.265 0.652 0.795
 $ : num [1, 1, 1:4] 2.96 3.79 3.21 5.45
NULL
R priorParameters: 2 8 
R maxT: 1 
R_PriorDraw_first_mu: 0.3415334 
R_PriorDraw_first_nu: 17.82283 
R-CCU: Before ClusterLabelChange for i = 6 newLabel= 1 currentLabel= 1 
R-CCU: sum(pointsPerCluster) = 2285 
 num [1:4] 2281 1 2 1
NULL
R-CCU: After ClusterLabelChange for i = 6 
R-CCU: sum(pointsPerCluster) = 2286 
 num [1:4] 2282 1 2 1
NULL
R-CCU: dpObj$numberClusters = 4 
List of 2
 $ : num [1, 1, 1:4] 0.522 0.265 0.652 0.795
 $ : num [1, 1, 1:4] 2.96 3.79 3.21 5.45
NULL
R priorParameters: 2 8 
R maxT: 1 
R_PriorDraw_first_mu: 0.4942136 
R_PriorDraw_first_nu: 12.2766 
R-CCU: Before ClusterLabelChange for i = 7 newLabel= 1 currentLabel= 1 
R-CCU: sum(pointsPerCluster) = 2286 
 num [1:4] 2282 1 2 1
NULL
R-CCU: After ClusterLabelChange for i = 7 
R-CCU: sum(pointsPerCluster) = 2287 
 num [1:4] 2283 1 2 1
NULL
R-CCU: dpObj$numberClusters = 4 
List of 2
 $ : num [1, 1, 1:4] 0.522 0.265 0.652 0.795
 $ : num [1, 1, 1:4] 2.96 3.79 3.21 5.45
NULL
R priorParameters: 2 8 
R maxT: 1 
R_PriorDraw_first_mu: 0.6301364 
R_PriorDraw_first_nu: 4.966577 
R-CCU: Before ClusterLabelChange for i = 8 newLabel= 1 currentLabel= 1 
R-CCU: sum(pointsPerCluster) = 2287 
 num [1:4] 2283 1 2 1
NULL
R-CCU: After ClusterLabelChange for i = 8 
R-CCU: sum(pointsPerCluster) = 2288 
 num [1:4] 2284 1 2 1
NULL
R-CCU: dpObj$numberClusters = 4 
List of 2
 $ : num [1, 1, 1:4] 0.522 0.265 0.652 0.795
 $ : num [1, 1, 1:4] 2.96 3.79 3.21 5.45
NULL
R priorParameters: 2 8 
R maxT: 1 
R_PriorDraw_first_mu: 0.727367 
R_PriorDraw_first_nu: 12.00491 
R-CCU: Before ClusterLabelChange for i = 9 newLabel= 1 currentLabel= 1 
R-CCU: sum(pointsPerCluster) = 2288 
 num [1:4] 2284 1 2 1
NULL
R-CCU: After ClusterLabelChange for i = 9 
R-CCU: sum(pointsPerCluster) = 2289 
 num [1:4] 2285 1 2 1
NULL
R-CCU: dpObj$numberClusters = 4 
List of 2
 $ : num [1, 1, 1:4] 0.522 0.265 0.652 0.795
 $ : num [1, 1, 1:4] 2.96 3.79 3.21 5.45
NULL
R priorParameters: 2 8 
R maxT: 1 
R_PriorDraw_first_mu: 0.03612907 
R_PriorDraw_first_nu: 7.765775 
R-CCU: Before ClusterLabelChange for i = 10 newLabel= 1 currentLabel= 1 
R-CCU: sum(pointsPerCluster) = 2289 
 num [1:4] 2285 1 2 1
NULL
R-CCU: After ClusterLabelChange for i = 10 
R-CCU: sum(pointsPerCluster) = 2290 
 num [1:4] 2286 1 2 1
NULL
R-CCU: dpObj$numberClusters = 4 
List of 2
 $ : num [1, 1, 1:4] 0.522 0.265 0.652 0.795
 $ : num [1, 1, 1:4] 2.96 3.79 3.21 5.45
NULL
R priorParameters: 2 8 
R maxT: 1 
R_PriorDraw_first_mu: 0.7591852 
R_PriorDraw_first_nu: 2.837628 
R-CCU: Before ClusterLabelChange for i = 11 newLabel= 1 currentLabel= 1 
R-CCU: sum(pointsPerCluster) = 2290 
 num [1:4] 2286 1 2 1
NULL
R-CCU: After ClusterLabelChange for i = 11 
R-CCU: sum(pointsPerCluster) = 2291 
 num [1:4] 2287 1 2 1
NULL
R-CCU: dpObj$numberClusters = 4 
List of 2
 $ : num [1, 1, 1:4] 0.522 0.265 0.652 0.795
 $ : num [1, 1, 1:4] 2.96 3.79 3.21 5.45
NULL
R priorParameters: 2 8 
R maxT: 1 
R_PriorDraw_first_mu: 0.3374189 
R_PriorDraw_first_nu: 13.15285 
R-CCU: Before ClusterLabelChange for i = 12 newLabel= 1 currentLabel= 1 
R-CCU: sum(pointsPerCluster) = 2291 
 num [1:4] 2287 1 2 1
NULL
R-CCU: After ClusterLabelChange for i = 12 
R-CCU: sum(pointsPerCluster) = 2292 
 num [1:4] 2288 1 2 1
NULL
R-CCU: dpObj$numberClusters = 4 
List of 2
 $ : num [1, 1, 1:4] 0.522 0.265 0.652 0.795
 $ : num [1, 1, 1:4] 2.96 3.79 3.21 5.45
NULL
R priorParameters: 2 8 
R maxT: 1 
R_PriorDraw_first_mu: 0.8185225 
R_PriorDraw_first_nu: 7.325158 
R-CCU: Before ClusterLabelChange for i = 13 newLabel= 1 currentLabel= 1 
R-CCU: sum(pointsPerCluster) = 2292 
 num [1:4] 2288 1 2 1
NULL
R-CCU: After ClusterLabelChange for i = 13 
R-CCU: sum(pointsPerCluster) = 2293 
 num [1:4] 2289 1 2 1
NULL
R-CCU: dpObj$numberClusters = 4 
List of 2
 $ : num [1, 1, 1:4] 0.522 0.265 0.652 0.795
 $ : num [1, 1, 1:4] 2.96 3.79 3.21 5.45
NULL
R priorParameters: 2 8 
R maxT: 1 
R_PriorDraw_first_mu: 0.7618229 
R_PriorDraw_first_nu: 27.13582 
R-CCU: Before ClusterLabelChange for i = 14 newLabel= 1 currentLabel= 1 
R-CCU: sum(pointsPerCluster) = 2293 
 num [1:4] 2289 1 2 1
NULL
R-CCU: After ClusterLabelChange for i = 14 
R-CCU: sum(pointsPerCluster) = 2294 
 num [1:4] 2290 1 2 1
NULL
R-CCU: dpObj$numberClusters = 4 
List of 2
 $ : num [1, 1, 1:4] 0.522 0.265 0.652 0.795
 $ : num [1, 1, 1:4] 2.96 3.79 3.21 5.45
NULL
R priorParameters: 2 8 
R maxT: 1 
R_PriorDraw_first_mu: 0.9760175 
R_PriorDraw_first_nu: 9.43214 
R-CCU: Before ClusterLabelChange for i = 15 newLabel= 1 currentLabel= 1 
R-CCU: sum(pointsPerCluster) = 2294 
 num [1:4] 2290 1 2 1
NULL
R-CCU: After ClusterLabelChange for i = 15 
R-CCU: sum(pointsPerCluster) = 2295 
 num [1:4] 2291 1 2 1
NULL
R-CCU: dpObj$numberClusters = 4 
List of 2
 $ : num [1, 1, 1:4] 0.522 0.265 0.652 0.795
 $ : num [1, 1, 1:4] 2.96 3.79 3.21 5.45
NULL
R priorParameters: 2 8 
R maxT: 1 
R_PriorDraw_first_mu: 0.5189714 
R_PriorDraw_first_nu: 3.256503 
R-CCU: Before ClusterLabelChange for i = 16 newLabel= 1 currentLabel= 1 
R-CCU: sum(pointsPerCluster) = 2295 
 num [1:4] 2291 1 2 1
NULL
R-CCU: After ClusterLabelChange for i = 16 
R-CCU: sum(pointsPerCluster) = 2296 
 num [1:4] 2292 1 2 1
NULL
R-CCU: dpObj$numberClusters = 4 
List of 2
 $ : num [1, 1, 1:4] 0.522 0.265 0.652 0.795
 $ : num [1, 1, 1:4] 2.96 3.79 3.21 5.45
NULL
R priorParameters: 2 8 
R maxT: 1 
R_PriorDraw_first_mu: 0.1562921 
R_PriorDraw_first_nu: 2.904441 
R-CCU: Before ClusterLabelChange for i = 17 newLabel= 1 currentLabel= 1 
R-CCU: sum(pointsPerCluster) = 2296 
 num [1:4] 2292 1 2 1
NULL
R-CCU: After ClusterLabelChange for i = 17 
R-CCU: sum(pointsPerCluster) = 2297 
 num [1:4] 2293 1 2 1
NULL
R-CCU: dpObj$numberClusters = 4 
List of 2
 $ : num [1, 1, 1:4] 0.522 0.265 0.652 0.795
 $ : num [1, 1, 1:4] 2.96 3.79 3.21 5.45
NULL
R priorParameters: 2 8 
R maxT: 1 
R_PriorDraw_first_mu: 0.2587881 
R_PriorDraw_first_nu: 4.61748 
R-CCU: Before ClusterLabelChange for i = 18 newLabel= 1 currentLabel= 1 
R-CCU: sum(pointsPerCluster) = 2297 
 num [1:4] 2293 1 2 1
NULL
R-CCU: After ClusterLabelChange for i = 18 
R-CCU: sum(pointsPerCluster) = 2298 
 num [1:4] 2294 1 2 1
NULL
R-CCU: dpObj$numberClusters = 4 
List of 2
 $ : num [1, 1, 1:4] 0.522 0.265 0.652 0.795
 $ : num [1, 1, 1:4] 2.96 3.79 3.21 5.45
NULL
R priorParameters: 2 8 
R maxT: 1 
R_PriorDraw_first_mu: 0.8286046 
R_PriorDraw_first_nu: 7.02012 
R-CCU: Before ClusterLabelChange for i = 19 newLabel= 1 currentLabel= 1 
R-CCU: sum(pointsPerCluster) = 2298 
 num [1:4] 2294 1 2 1
NULL
R-CCU: After ClusterLabelChange for i = 19 
R-CCU: sum(pointsPerCluster) = 2299 
 num [1:4] 2295 1 2 1
NULL
R-CCU: dpObj$numberClusters = 4 
List of 2
 $ : num [1, 1, 1:4] 0.522 0.265 0.652 0.795
 $ : num [1, 1, 1:4] 2.96 3.79 3.21 5.45
NULL
R priorParameters: 2 8 
R maxT: 1 
R_PriorDraw_first_mu: 0.9000663 
R_PriorDraw_first_nu: 21.77682 
R-CCU: Before ClusterLabelChange for i = 20 newLabel= 1 currentLabel= 1 
R-CCU: sum(pointsPerCluster) = 2299 
 num [1:4] 2295 1 2 1
NULL
R-CCU: After ClusterLabelChange for i = 20 
R-CCU: sum(pointsPerCluster) = 2300 
 num [1:4] 2296 1 2 1
NULL
R-CCU: dpObj$numberClusters = 4 
List of 2
 $ : num [1, 1, 1:4] 0.522 0.265 0.652 0.795
 $ : num [1, 1, 1:4] 2.96 3.79 3.21 5.45
NULL
R priorParameters: 2 8 
R maxT: 1 
R_PriorDraw_first_mu: 0.3997134 
R_PriorDraw_first_nu: 19.52039 
R-CCU: Before ClusterLabelChange for i = 21 newLabel= 1 currentLabel= 1 
R-CCU: sum(pointsPerCluster) = 2300 
 num [1:4] 2296 1 2 1
NULL
R-CCU: After ClusterLabelChange for i = 21 
R-CCU: sum(pointsPerCluster) = 2301 
 num [1:4] 2297 1 2 1
NULL
R-CCU: dpObj$numberClusters = 4 
List of 2
 $ : num [1, 1, 1:4] 0.522 0.265 0.652 0.795
 $ : num [1, 1, 1:4] 2.96 3.79 3.21 5.45
NULL
R priorParameters: 2 8 
R maxT: 1 
R_PriorDraw_first_mu: 0.625143 
R_PriorDraw_first_nu: 2.261579 
R-CCU: Before ClusterLabelChange for i = 22 newLabel= 1 currentLabel= 1 
R-CCU: sum(pointsPerCluster) = 2301 
 num [1:4] 2297 1 2 1
NULL
R-CCU: After ClusterLabelChange for i = 22 
R-CCU: sum(pointsPerCluster) = 2302 
 num [1:4] 2298 1 2 1
NULL
R-CCU: dpObj$numberClusters = 4 
List of 2
 $ : num [1, 1, 1:4] 0.522 0.265 0.652 0.795
 $ : num [1, 1, 1:4] 2.96 3.79 3.21 5.45
NULL
R priorParameters: 2 8 
R maxT: 1 
R_PriorDraw_first_mu: 0.9470333 
R_PriorDraw_first_nu: 7.57555 
R-CCU: Before ClusterLabelChange for i = 23 newLabel= 1 currentLabel= 1 
R-CCU: sum(pointsPerCluster) = 2302 
 num [1:4] 2298 1 2 1
NULL
R-CCU: After ClusterLabelChange for i = 23 
R-CCU: sum(pointsPerCluster) = 2303 
 num [1:4] 2299 1 2 1
NULL
R-CCU: dpObj$numberClusters = 4 
List of 2
 $ : num [1, 1, 1:4] 0.522 0.265 0.652 0.795
 $ : num [1, 1, 1:4] 2.96 3.79 3.21 5.45
NULL
R priorParameters: 2 8 
R maxT: 1 
R_PriorDraw_first_mu: 0.6063508 
R_PriorDraw_first_nu: 1.758814 
R-CCU: Before ClusterLabelChange for i = 24 newLabel= 1 currentLabel= 1 
R-CCU: sum(pointsPerCluster) = 2303 
 num [1:4] 2299 1 2 1
NULL
R-CCU: After ClusterLabelChange for i = 24 
R-CCU: sum(pointsPerCluster) = 2304 
 num [1:4] 2300 1 2 1
NULL
R-CCU: dpObj$numberClusters = 4 
List of 2
 $ : num [1, 1, 1:4] 0.522 0.265 0.652 0.795
 $ : num [1, 1, 1:4] 2.96 3.79 3.21 5.45
NULL
R priorParameters: 2 8 
R maxT: 1 
R_PriorDraw_first_mu: 0.1491217 
R_PriorDraw_first_nu: 2.25857 
R-CCU: Before ClusterLabelChange for i = 25 newLabel= 1 currentLabel= 1 
R-CCU: sum(pointsPerCluster) = 2304 
 num [1:4] 2300 1 2 1
NULL
R-CCU: After ClusterLabelChange for i = 25 
R-CCU: sum(pointsPerCluster) = 2305 
 num [1:4] 2301 1 2 1
NULL
R-CCU: dpObj$numberClusters = 4 
List of 2
 $ : num [1, 1, 1:4] 0.522 0.265 0.652 0.795
 $ : num [1, 1, 1:4] 2.96 3.79 3.21 5.45
NULL
R priorParameters: 2 8 
R maxT: 1 
R_PriorDraw_first_mu: 0.5076607 
R_PriorDraw_first_nu: 13.47944 
R-CCU: Before ClusterLabelChange for i = 26 newLabel= 1 currentLabel= 1 
R-CCU: sum(pointsPerCluster) = 2305 
 num [1:4] 2301 1 2 1
NULL
R-CCU: After ClusterLabelChange for i = 26 
R-CCU: sum(pointsPerCluster) = 2306 
 num [1:4] 2302 1 2 1
NULL
R-CCU: dpObj$numberClusters = 4 
List of 2
 $ : num [1, 1, 1:4] 0.522 0.265 0.652 0.795
 $ : num [1, 1, 1:4] 2.96 3.79 3.21 5.45
NULL
R priorParameters: 2 8 
R maxT: 1 
R_PriorDraw_first_mu: 0.08815454 
R_PriorDraw_first_nu: 2.402026 
R-CCU: Before ClusterLabelChange for i = 27 newLabel= 1 currentLabel= 1 
R-CCU: sum(pointsPerCluster) = 2306 
 num [1:4] 2302 1 2 1
NULL
R-CCU: After ClusterLabelChange for i = 27 
R-CCU: sum(pointsPerCluster) = 2307 
 num [1:4] 2303 1 2 1
NULL
R-CCU: dpObj$numberClusters = 4 
List of 2
 $ : num [1, 1, 1:4] 0.522 0.265 0.652 0.795
 $ : num [1, 1, 1:4] 2.96 3.79 3.21 5.45
NULL
R priorParameters: 2 8 
R maxT: 1 
R_PriorDraw_first_mu: 0.1525151 
R_PriorDraw_first_nu: 3.702556 
R-CCU: Before ClusterLabelChange for i = 28 newLabel= 1 currentLabel= 1 
R-CCU: sum(pointsPerCluster) = 2307 
 num [1:4] 2303 1 2 1
NULL
R-CCU: After ClusterLabelChange for i = 28 
R-CCU: sum(pointsPerCluster) = 2308 
 num [1:4] 2304 1 2 1
NULL
R-CCU: dpObj$numberClusters = 4 
List of 2
 $ : num [1, 1, 1:4] 0.522 0.265 0.652 0.795
 $ : num [1, 1, 1:4] 2.96 3.79 3.21 5.45
NULL
R priorParameters: 2 8 
R maxT: 1 
R_PriorDraw_first_mu: 0.4759413 
R_PriorDraw_first_nu: 2.066687 
R-CCU: Before ClusterLabelChange for i = 29 newLabel= 1 currentLabel= 1 
R-CCU: sum(pointsPerCluster) = 2308 
 num [1:4] 2304 1 2 1
NULL
R-CCU: After ClusterLabelChange for i = 29 
R-CCU: sum(pointsPerCluster) = 2309 
 num [1:4] 2305 1 2 1
NULL
R-CCU: dpObj$numberClusters = 4 
List of 2
 $ : num [1, 1, 1:4] 0.522 0.265 0.652 0.795
 $ : num [1, 1, 1:4] 2.96 3.79 3.21 5.45
NULL
R priorParameters: 2 8 
R maxT: 1 
R_PriorDraw_first_mu: 0.882092 
R_PriorDraw_first_nu: 2.996788 
R-CCU: Before ClusterLabelChange for i = 30 newLabel= 1 currentLabel= 1 
R-CCU: sum(pointsPerCluster) = 2309 
 num [1:4] 2305 1 2 1
NULL
R-CCU: After ClusterLabelChange for i = 30 
R-CCU: sum(pointsPerCluster) = 2310 
 num [1:4] 2306 1 2 1
NULL
R-CCU: dpObj$numberClusters = 4 
List of 2
 $ : num [1, 1, 1:4] 0.522 0.265 0.652 0.795
 $ : num [1, 1, 1:4] 2.96 3.79 3.21 5.45
NULL
R priorParameters: 2 8 
R maxT: 1 
R_PriorDraw_first_mu: 0.6934346 
R_PriorDraw_first_nu: 4.441428 
R-CCU: Before ClusterLabelChange for i = 31 newLabel= 1 currentLabel= 1 
R-CCU: sum(pointsPerCluster) = 2310 
 num [1:4] 2306 1 2 1
NULL
R-CCU: After ClusterLabelChange for i = 31 
R-CCU: sum(pointsPerCluster) = 2311 
 num [1:4] 2307 1 2 1
NULL
R-CCU: dpObj$numberClusters = 4 
List of 2
 $ : num [1, 1, 1:4] 0.522 0.265 0.652 0.795
 $ : num [1, 1, 1:4] 2.96 3.79 3.21 5.45
NULL
R priorParameters: 2 8 
R maxT: 1 
R_PriorDraw_first_mu: 0.0395427 
R_PriorDraw_first_nu: 3.479918 
R-CCU: Before ClusterLabelChange for i = 32 newLabel= 1 currentLabel= 1 
R-CCU: sum(pointsPerCluster) = 2311 
 num [1:4] 2307 1 2 1
NULL
R-CCU: After ClusterLabelChange for i = 32 
R-CCU: sum(pointsPerCluster) = 2312 
 num [1:4] 2308 1 2 1
NULL
R-CCU: dpObj$numberClusters = 4 
List of 2
 $ : num [1, 1, 1:4] 0.522 0.265 0.652 0.795
 $ : num [1, 1, 1:4] 2.96 3.79 3.21 5.45
NULL
R priorParameters: 2 8 
R maxT: 1 
R_PriorDraw_first_mu: 0.5195848 
R_PriorDraw_first_nu: 6.208105 
R-CCU: Before ClusterLabelChange for i = 33 newLabel= 1 currentLabel= 1 
R-CCU: sum(pointsPerCluster) = 2312 
 num [1:4] 2308 1 2 1
NULL
R-CCU: After ClusterLabelChange for i = 33 
R-CCU: sum(pointsPerCluster) = 2313 
 num [1:4] 2309 1 2 1
NULL
R-CCU: dpObj$numberClusters = 4 
List of 2
 $ : num [1, 1, 1:4] 0.522 0.265 0.652 0.795
 $ : num [1, 1, 1:4] 2.96 3.79 3.21 5.45
NULL
R priorParameters: 2 8 
R maxT: 1 
R_PriorDraw_first_mu: 0.3880798 
R_PriorDraw_first_nu: 4.706301 
R-CCU: Before ClusterLabelChange for i = 34 newLabel= 1 currentLabel= 1 
R-CCU: sum(pointsPerCluster) = 2313 
 num [1:4] 2309 1 2 1
NULL
R-CCU: After ClusterLabelChange for i = 34 
R-CCU: sum(pointsPerCluster) = 2314 
 num [1:4] 2310 1 2 1
NULL
R-CCU: dpObj$numberClusters = 4 
List of 2
 $ : num [1, 1, 1:4] 0.522 0.265 0.652 0.795
 $ : num [1, 1, 1:4] 2.96 3.79 3.21 5.45
NULL
R priorParameters: 2 8 
R maxT: 1 
R_PriorDraw_first_mu: 0.870681 
R_PriorDraw_first_nu: 11.74004 
R-CCU: Before ClusterLabelChange for i = 35 newLabel= 1 currentLabel= 1 
R-CCU: sum(pointsPerCluster) = 2314 
 num [1:4] 2310 1 2 1
NULL
R-CCU: After ClusterLabelChange for i = 35 
R-CCU: sum(pointsPerCluster) = 2315 
 num [1:4] 2311 1 2 1
NULL
R-CCU: dpObj$numberClusters = 4 
List of 2
 $ : num [1, 1, 1:4] 0.522 0.265 0.652 0.795
 $ : num [1, 1, 1:4] 2.96 3.79 3.21 5.45
NULL
R priorParameters: 2 8 
R maxT: 1 
R_PriorDraw_first_mu: 0.08856487 
R_PriorDraw_first_nu: 5.46003 
R-CCU: Before ClusterLabelChange for i = 36 newLabel= 1 currentLabel= 1 
R-CCU: sum(pointsPerCluster) = 2315 
 num [1:4] 2311 1 2 1
NULL
R-CCU: After ClusterLabelChange for i = 36 
R-CCU: sum(pointsPerCluster) = 2316 
 num [1:4] 2312 1 2 1
NULL
R-CCU: dpObj$numberClusters = 4 
List of 2
 $ : num [1, 1, 1:4] 0.522 0.265 0.652 0.795
 $ : num [1, 1, 1:4] 2.96 3.79 3.21 5.45
NULL
R priorParameters: 2 8 
R maxT: 1 
R_PriorDraw_first_mu: 0.2902975 
R_PriorDraw_first_nu: 5.726933 
R-CCU: Before ClusterLabelChange for i = 37 newLabel= 1 currentLabel= 1 
R-CCU: sum(pointsPerCluster) = 2316 
 num [1:4] 2312 1 2 1
NULL
R-CCU: After ClusterLabelChange for i = 37 
R-CCU: sum(pointsPerCluster) = 2317 
 num [1:4] 2313 1 2 1
NULL
R-CCU: dpObj$numberClusters = 4 
List of 2
 $ : num [1, 1, 1:4] 0.522 0.265 0.652 0.795
 $ : num [1, 1, 1:4] 2.96 3.79 3.21 5.45
NULL
R priorParameters: 2 8 
R maxT: 1 
R_PriorDraw_first_mu: 0.7011642 
R_PriorDraw_first_nu: 1.132205 
R-CCU: Before ClusterLabelChange for i = 38 newLabel= 1 currentLabel= 1 
R-CCU: sum(pointsPerCluster) = 2317 
 num [1:4] 2313 1 2 1
NULL
R-CCU: After ClusterLabelChange for i = 38 
R-CCU: sum(pointsPerCluster) = 2318 
 num [1:4] 2314 1 2 1
NULL
R-CCU: dpObj$numberClusters = 4 
List of 2
 $ : num [1, 1, 1:4] 0.522 0.265 0.652 0.795
 $ : num [1, 1, 1:4] 2.96 3.79 3.21 5.45
NULL
R priorParameters: 2 8 
R maxT: 1 
R_PriorDraw_first_mu: 0.4248251 
R_PriorDraw_first_nu: 35.45417 
R-CCU: Before ClusterLabelChange for i = 39 newLabel= 1 currentLabel= 1 
R-CCU: sum(pointsPerCluster) = 2318 
 num [1:4] 2314 1 2 1
NULL
R-CCU: After ClusterLabelChange for i = 39 
R-CCU: sum(pointsPerCluster) = 2319 
 num [1:4] 2315 1 2 1
NULL
R-CCU: dpObj$numberClusters = 4 
List of 2
 $ : num [1, 1, 1:4] 0.522 0.265 0.652 0.795
 $ : num [1, 1, 1:4] 2.96 3.79 3.21 5.45
NULL
R priorParameters: 2 8 
R maxT: 1 
R_PriorDraw_first_mu: 0.9403161 
R_PriorDraw_first_nu: 5.264616 
R-CCU: Before ClusterLabelChange for i = 40 newLabel= 1 currentLabel= 1 
R-CCU: sum(pointsPerCluster) = 2319 
 num [1:4] 2315 1 2 1
NULL
R-CCU: After ClusterLabelChange for i = 40 
R-CCU: sum(pointsPerCluster) = 2320 
 num [1:4] 2316 1 2 1
NULL
R-CCU: dpObj$numberClusters = 4 
List of 2
 $ : num [1, 1, 1:4] 0.522 0.265 0.652 0.795
 $ : num [1, 1, 1:4] 2.96 3.79 3.21 5.45
NULL
R priorParameters: 2 8 
R maxT: 1 
R_PriorDraw_first_mu: 0.4533794 
R_PriorDraw_first_nu: 6.25349 
R-CCU: Before ClusterLabelChange for i = 41 newLabel= 1 currentLabel= 1 
R-CCU: sum(pointsPerCluster) = 2320 
 num [1:4] 2316 1 2 1
NULL
R-CCU: After ClusterLabelChange for i = 41 
R-CCU: sum(pointsPerCluster) = 2321 
 num [1:4] 2317 1 2 1
NULL
R-CCU: dpObj$numberClusters = 4 
List of 2
 $ : num [1, 1, 1:4] 0.522 0.265 0.652 0.795
 $ : num [1, 1, 1:4] 2.96 3.79 3.21 5.45
NULL
R priorParameters: 2 8 
R maxT: 1 
R_PriorDraw_first_mu: 0.1455675 
R_PriorDraw_first_nu: 3.763001 
R-CCU: Before ClusterLabelChange for i = 42 newLabel= 1 currentLabel= 1 
R-CCU: sum(pointsPerCluster) = 2321 
 num [1:4] 2317 1 2 1
NULL
R-CCU: After ClusterLabelChange for i = 42 
R-CCU: sum(pointsPerCluster) = 2322 
 num [1:4] 2318 1 2 1
NULL
R-CCU: dpObj$numberClusters = 4 
List of 2
 $ : num [1, 1, 1:4] 0.522 0.265 0.652 0.795
 $ : num [1, 1, 1:4] 2.96 3.79 3.21 5.45
NULL
R priorParameters: 2 8 
R maxT: 1 
R_PriorDraw_first_mu: 0.01743008 
R_PriorDraw_first_nu: 34.75726 
R-CCU: Before ClusterLabelChange for i = 43 newLabel= 1 currentLabel= 1 
R-CCU: sum(pointsPerCluster) = 2322 
 num [1:4] 2318 1 2 1
NULL
R-CCU: After ClusterLabelChange for i = 43 
R-CCU: sum(pointsPerCluster) = 2323 
 num [1:4] 2319 1 2 1
NULL
R-CCU: dpObj$numberClusters = 4 
List of 2
 $ : num [1, 1, 1:4] 0.522 0.265 0.652 0.795
 $ : num [1, 1, 1:4] 2.96 3.79 3.21 5.45
NULL
R priorParameters: 2 8 
R maxT: 1 
R_PriorDraw_first_mu: 0.02554624 
R_PriorDraw_first_nu: 3.334181 
R-CCU: Before ClusterLabelChange for i = 44 newLabel= 1 currentLabel= 1 
R-CCU: sum(pointsPerCluster) = 2323 
 num [1:4] 2319 1 2 1
NULL
R-CCU: After ClusterLabelChange for i = 44 
R-CCU: sum(pointsPerCluster) = 2324 
 num [1:4] 2320 1 2 1
NULL
R-CCU: dpObj$numberClusters = 4 
List of 2
 $ : num [1, 1, 1:4] 0.522 0.265 0.652 0.795
 $ : num [1, 1, 1:4] 2.96 3.79 3.21 5.45
NULL
R priorParameters: 2 8 
R maxT: 1 
R_PriorDraw_first_mu: 0.9409161 
R_PriorDraw_first_nu: 12.12806 
R-CCU: Before ClusterLabelChange for i = 45 newLabel= 1 currentLabel= 1 
R-CCU: sum(pointsPerCluster) = 2324 
 num [1:4] 2320 1 2 1
NULL
R-CCU: After ClusterLabelChange for i = 45 
R-CCU: sum(pointsPerCluster) = 2325 
 num [1:4] 2321 1 2 1
NULL
R-CCU: dpObj$numberClusters = 4 
List of 2
 $ : num [1, 1, 1:4] 0.522 0.265 0.652 0.795
 $ : num [1, 1, 1:4] 2.96 3.79 3.21 5.45
NULL
R priorParameters: 2 8 
R maxT: 1 
R_PriorDraw_first_mu: 0.7281901 
R_PriorDraw_first_nu: 4.635241 
R-CCU: Before ClusterLabelChange for i = 46 newLabel= 1 currentLabel= 1 
R-CCU: sum(pointsPerCluster) = 2325 
 num [1:4] 2321 1 2 1
NULL
R-CCU: After ClusterLabelChange for i = 46 
R-CCU: sum(pointsPerCluster) = 2326 
 num [1:4] 2322 1 2 1
NULL
R-CCU: dpObj$numberClusters = 4 
List of 2
 $ : num [1, 1, 1:4] 0.522 0.265 0.652 0.795
 $ : num [1, 1, 1:4] 2.96 3.79 3.21 5.45
NULL
R priorParameters: 2 8 
R maxT: 1 
R_PriorDraw_first_mu: 0.3491448 
R_PriorDraw_first_nu: 1.715848 
R-CCU: Before ClusterLabelChange for i = 47 newLabel= 1 currentLabel= 1 
R-CCU: sum(pointsPerCluster) = 2326 
 num [1:4] 2322 1 2 1
NULL
R-CCU: After ClusterLabelChange for i = 47 
R-CCU: sum(pointsPerCluster) = 2327 
 num [1:4] 2323 1 2 1
NULL
R-CCU: dpObj$numberClusters = 4 
List of 2
 $ : num [1, 1, 1:4] 0.522 0.265 0.652 0.795
 $ : num [1, 1, 1:4] 2.96 3.79 3.21 5.45
NULL
R priorParameters: 2 8 
R maxT: 1 
R_PriorDraw_first_mu: 0.1052748 
R_PriorDraw_first_nu: 6.162298 
R-CCU: Before ClusterLabelChange for i = 48 newLabel= 1 currentLabel= 1 
R-CCU: sum(pointsPerCluster) = 2327 
 num [1:4] 2323 1 2 1
NULL
R-CCU: After ClusterLabelChange for i = 48 
R-CCU: sum(pointsPerCluster) = 2328 
 num [1:4] 2324 1 2 1
NULL
R-CCU: dpObj$numberClusters = 4 
List of 2
 $ : num [1, 1, 1:4] 0.522 0.265 0.652 0.795
 $ : num [1, 1, 1:4] 2.96 3.79 3.21 5.45
NULL
R priorParameters: 2 8 
R maxT: 1 
R_PriorDraw_first_mu: 0.5573418 
R_PriorDraw_first_nu: 4.034598 
R-CCU: Before ClusterLabelChange for i = 49 newLabel= 1 currentLabel= 1 
R-CCU: sum(pointsPerCluster) = 2328 
 num [1:4] 2324 1 2 1
NULL
R-CCU: After ClusterLabelChange for i = 49 
R-CCU: sum(pointsPerCluster) = 2329 
 num [1:4] 2325 1 2 1
NULL
R-CCU: dpObj$numberClusters = 4 
List of 2
 $ : num [1, 1, 1:4] 0.522 0.265 0.652 0.795
 $ : num [1, 1, 1:4] 2.96 3.79 3.21 5.45
NULL
R priorParameters: 2 8 
R maxT: 1 
R_PriorDraw_first_mu: 0.798784 
R_PriorDraw_first_nu: 3.057193 
R-CCU: Before ClusterLabelChange for i = 50 newLabel= 1 currentLabel= 1 
R-CCU: sum(pointsPerCluster) = 2329 
 num [1:4] 2325 1 2 1
NULL
R-CCU: After ClusterLabelChange for i = 50 
R-CCU: sum(pointsPerCluster) = 2330 
 num [1:4] 2326 1 2 1
NULL
R-CCU: dpObj$numberClusters = 4 
List of 2
 $ : num [1, 1, 1:4] 0.522 0.265 0.652 0.795
 $ : num [1, 1, 1:4] 2.96 3.79 3.21 5.45
NULL
R priorParameters: 2 8 
R maxT: 1 
R_PriorDraw_first_mu: 0.492736 
R_PriorDraw_first_nu: 2.618966 
R-CCU: Before ClusterLabelChange for i = 51 newLabel= 1 currentLabel= 1 
R-CCU: sum(pointsPerCluster) = 2330 
 num [1:4] 2326 1 2 1
NULL
R-CCU: After ClusterLabelChange for i = 51 
R-CCU: sum(pointsPerCluster) = 2331 
 num [1:4] 2327 1 2 1
NULL
R-CCU: dpObj$numberClusters = 4 
List of 2
 $ : num [1, 1, 1:4] 0.522 0.265 0.652 0.795
 $ : num [1, 1, 1:4] 2.96 3.79 3.21 5.45
NULL
R priorParameters: 2 8 
R maxT: 1 
R_PriorDraw_first_mu: 0.6286315 
R_PriorDraw_first_nu: 5.234532 
R-CCU: Before ClusterLabelChange for i = 52 newLabel= 1 currentLabel= 1 
R-CCU: sum(pointsPerCluster) = 2331 
 num [1:4] 2327 1 2 1
NULL
R-CCU: After ClusterLabelChange for i = 52 
R-CCU: sum(pointsPerCluster) = 2332 
 num [1:4] 2328 1 2 1
NULL
R-CCU: dpObj$numberClusters = 4 
List of 2
 $ : num [1, 1, 1:4] 0.522 0.265 0.652 0.795
 $ : num [1, 1, 1:4] 2.96 3.79 3.21 5.45
NULL
R priorParameters: 2 8 
R maxT: 1 
R_PriorDraw_first_mu: 0.2320762 
R_PriorDraw_first_nu: 7.273185 
R-CCU: Before ClusterLabelChange for i = 53 newLabel= 1 currentLabel= 1 
R-CCU: sum(pointsPerCluster) = 2332 
 num [1:4] 2328 1 2 1
NULL
R-CCU: After ClusterLabelChange for i = 53 
R-CCU: sum(pointsPerCluster) = 2333 
 num [1:4] 2329 1 2 1
NULL
R-CCU: dpObj$numberClusters = 4 
List of 2
 $ : num [1, 1, 1:4] 0.522 0.265 0.652 0.795
 $ : num [1, 1, 1:4] 2.96 3.79 3.21 5.45
NULL
R priorParameters: 2 8 
R maxT: 1 
R_PriorDraw_first_mu: 0.6212854 
R_PriorDraw_first_nu: 4.901731 
R-CCU: Before ClusterLabelChange for i = 54 newLabel= 1 currentLabel= 1 
R-CCU: sum(pointsPerCluster) = 2333 
 num [1:4] 2329 1 2 1
NULL
R-CCU: After ClusterLabelChange for i = 54 
R-CCU: sum(pointsPerCluster) = 2334 
 num [1:4] 2330 1 2 1
NULL
R-CCU: dpObj$numberClusters = 4 
List of 2
 $ : num [1, 1, 1:4] 0.522 0.265 0.652 0.795
 $ : num [1, 1, 1:4] 2.96 3.79 3.21 5.45
NULL
R priorParameters: 2 8 
R maxT: 1 
R_PriorDraw_first_mu: 0.334608 
R_PriorDraw_first_nu: 5.807191 
R-CCU: Before ClusterLabelChange for i = 55 newLabel= 1 currentLabel= 1 
R-CCU: sum(pointsPerCluster) = 2334 
 num [1:4] 2330 1 2 1
NULL
R-CCU: After ClusterLabelChange for i = 55 
R-CCU: sum(pointsPerCluster) = 2335 
 num [1:4] 2331 1 2 1
NULL
R-CCU: dpObj$numberClusters = 4 
List of 2
 $ : num [1, 1, 1:4] 0.522 0.265 0.652 0.795
 $ : num [1, 1, 1:4] 2.96 3.79 3.21 5.45
NULL
R priorParameters: 2 8 
R maxT: 1 
R_PriorDraw_first_mu: 0.9822208 
R_PriorDraw_first_nu: 9.430109 
R-CCU: Before ClusterLabelChange for i = 56 newLabel= 1 currentLabel= 1 
R-CCU: sum(pointsPerCluster) = 2335 
 num [1:4] 2331 1 2 1
NULL
R-CCU: After ClusterLabelChange for i = 56 
R-CCU: sum(pointsPerCluster) = 2336 
 num [1:4] 2332 1 2 1
NULL
R-CCU: dpObj$numberClusters = 4 
List of 2
 $ : num [1, 1, 1:4] 0.522 0.265 0.652 0.795
 $ : num [1, 1, 1:4] 2.96 3.79 3.21 5.45
NULL
R priorParameters: 2 8 
R maxT: 1 
R_PriorDraw_first_mu: 0.1269531 
R_PriorDraw_first_nu: 5.074196 
R-CCU: Before ClusterLabelChange for i = 57 newLabel= 1 currentLabel= 1 
R-CCU: sum(pointsPerCluster) = 2336 
 num [1:4] 2332 1 2 1
NULL
R-CCU: After ClusterLabelChange for i = 57 
R-CCU: sum(pointsPerCluster) = 2337 
 num [1:4] 2333 1 2 1
NULL
R-CCU: dpObj$numberClusters = 4 
List of 2
 $ : num [1, 1, 1:4] 0.522 0.265 0.652 0.795
 $ : num [1, 1, 1:4] 2.96 3.79 3.21 5.45
NULL
R priorParameters: 2 8 
R maxT: 1 
R_PriorDraw_first_mu: 0.9199656 
R_PriorDraw_first_nu: 6.250062 
R-CCU: Before ClusterLabelChange for i = 58 newLabel= 1 currentLabel= 1 
R-CCU: sum(pointsPerCluster) = 2337 
 num [1:4] 2333 1 2 1
NULL
R-CCU: After ClusterLabelChange for i = 58 
R-CCU: sum(pointsPerCluster) = 2338 
 num [1:4] 2334 1 2 1
NULL
R-CCU: dpObj$numberClusters = 4 
List of 2
 $ : num [1, 1, 1:4] 0.522 0.265 0.652 0.795
 $ : num [1, 1, 1:4] 2.96 3.79 3.21 5.45
NULL
R priorParameters: 2 8 
R maxT: 1 
R_PriorDraw_first_mu: 0.1849153 
R_PriorDraw_first_nu: 7.731597 
R-CCU: Before ClusterLabelChange for i = 59 newLabel= 1 currentLabel= 1 
R-CCU: sum(pointsPerCluster) = 2338 
 num [1:4] 2334 1 2 1
NULL
R-CCU: After ClusterLabelChange for i = 59 
R-CCU: sum(pointsPerCluster) = 2339 
 num [1:4] 2335 1 2 1
NULL
R-CCU: dpObj$numberClusters = 4 
List of 2
 $ : num [1, 1, 1:4] 0.522 0.265 0.652 0.795
 $ : num [1, 1, 1:4] 2.96 3.79 3.21 5.45
NULL
R priorParameters: 2 8 
R maxT: 1 
R_PriorDraw_first_mu: 0.1787096 
R_PriorDraw_first_nu: 5.798689 
R-CCU: Before ClusterLabelChange for i = 60 newLabel= 1 currentLabel= 1 
R-CCU: sum(pointsPerCluster) = 2339 
 num [1:4] 2335 1 2 1
NULL
R-CCU: After ClusterLabelChange for i = 60 
R-CCU: sum(pointsPerCluster) = 2340 
 num [1:4] 2336 1 2 1
NULL
R-CCU: dpObj$numberClusters = 4 
List of 2
 $ : num [1, 1, 1:4] 0.522 0.265 0.652 0.795
 $ : num [1, 1, 1:4] 2.96 3.79 3.21 5.45
NULL

⠴ |   76      0 | Beta Distribution Full Integration Test          R priorParameters: 2 8 
R maxT: 1 
R_PriorDraw_first_mu: 0.8092407 
R_PriorDraw_first_nu: 3.957522 
R-CCU: Before ClusterLabelChange for i = 1 newLabel= 1 currentLabel= 1 
R-CCU: sum(pointsPerCluster) = 2340 
 num [1:4] 2336 1 2 1
NULL
R-CCU: After ClusterLabelChange for i = 1 
R-CCU: sum(pointsPerCluster) = 2341 
 num [1:4] 2337 1 2 1
NULL
R-CCU: dpObj$numberClusters = 4 
List of 2
 $ : num [1, 1, 1:4] 0.466 0.265 0.652 0.795
 $ : num [1, 1, 1:4] 3.21 3.79 3.21 5.45
NULL
R priorParameters: 2 8 
R maxT: 1 
R_PriorDraw_first_mu: 0.1684322 
R_PriorDraw_first_nu: 5.15272 
R-CCU: Before ClusterLabelChange for i = 2 newLabel= 1 currentLabel= 1 
R-CCU: sum(pointsPerCluster) = 2341 
 num [1:4] 2337 1 2 1
NULL
R-CCU: After ClusterLabelChange for i = 2 
R-CCU: sum(pointsPerCluster) = 2342 
 num [1:4] 2338 1 2 1
NULL
R-CCU: dpObj$numberClusters = 4 
List of 2
 $ : num [1, 1, 1:4] 0.466 0.265 0.652 0.795
 $ : num [1, 1, 1:4] 3.21 3.79 3.21 5.45
NULL
R priorParameters: 2 8 
R maxT: 1 
R_PriorDraw_first_mu: 0.589981 
R_PriorDraw_first_nu: 10.82478 
R-CCU: Before ClusterLabelChange for i = 3 newLabel= 1 currentLabel= 1 
R-CCU: sum(pointsPerCluster) = 2342 
 num [1:4] 2338 1 2 1
NULL
R-CCU: After ClusterLabelChange for i = 3 
R-CCU: sum(pointsPerCluster) = 2343 
 num [1:4] 2339 1 2 1
NULL
R-CCU: dpObj$numberClusters = 4 
List of 2
 $ : num [1, 1, 1:4] 0.466 0.265 0.652 0.795
 $ : num [1, 1, 1:4] 3.21 3.79 3.21 5.45
NULL
R priorParameters: 2 8 
R maxT: 1 
R_PriorDraw_first_mu: 0.02840205 
R_PriorDraw_first_nu: 1.38571 
R-CCU: Before ClusterLabelChange for i = 4 newLabel= 1 currentLabel= 1 
R-CCU: sum(pointsPerCluster) = 2343 
 num [1:4] 2339 1 2 1
NULL
R-CCU: After ClusterLabelChange for i = 4 
R-CCU: sum(pointsPerCluster) = 2344 
 num [1:4] 2340 1 2 1
NULL
R-CCU: dpObj$numberClusters = 4 
List of 2
 $ : num [1, 1, 1:4] 0.466 0.265 0.652 0.795
 $ : num [1, 1, 1:4] 3.21 3.79 3.21 5.45
NULL
R priorParameters: 2 8 
R maxT: 1 
R_PriorDraw_first_mu: 0.8368526 
R_PriorDraw_first_nu: 2.776516 
R-CCU: Before ClusterLabelChange for i = 5 newLabel= 1 currentLabel= 1 
R-CCU: sum(pointsPerCluster) = 2344 
 num [1:4] 2340 1 2 1
NULL
R-CCU: After ClusterLabelChange for i = 5 
R-CCU: sum(pointsPerCluster) = 2345 
 num [1:4] 2341 1 2 1
NULL
R-CCU: dpObj$numberClusters = 4 
List of 2
 $ : num [1, 1, 1:4] 0.466 0.265 0.652 0.795
 $ : num [1, 1, 1:4] 3.21 3.79 3.21 5.45
NULL
R priorParameters: 2 8 
R maxT: 1 
R_PriorDraw_first_mu: 0.9679356 
R_PriorDraw_first_nu: 7.587586 
R-CCU: Before ClusterLabelChange for i = 6 newLabel= 1 currentLabel= 1 
R-CCU: sum(pointsPerCluster) = 2345 
 num [1:4] 2341 1 2 1
NULL
R-CCU: After ClusterLabelChange for i = 6 
R-CCU: sum(pointsPerCluster) = 2346 
 num [1:4] 2342 1 2 1
NULL
R-CCU: dpObj$numberClusters = 4 
List of 2
 $ : num [1, 1, 1:4] 0.466 0.265 0.652 0.795
 $ : num [1, 1, 1:4] 3.21 3.79 3.21 5.45
NULL
R priorParameters: 2 8 
R maxT: 1 
R_PriorDraw_first_mu: 0.8855662 
R_PriorDraw_first_nu: 2.222936 
R-CCU: Before ClusterLabelChange for i = 7 newLabel= 1 currentLabel= 1 
R-CCU: sum(pointsPerCluster) = 2346 
 num [1:4] 2342 1 2 1
NULL
R-CCU: After ClusterLabelChange for i = 7 
R-CCU: sum(pointsPerCluster) = 2347 
 num [1:4] 2343 1 2 1
NULL
R-CCU: dpObj$numberClusters = 4 
List of 2
 $ : num [1, 1, 1:4] 0.466 0.265 0.652 0.795
 $ : num [1, 1, 1:4] 3.21 3.79 3.21 5.45
NULL
R priorParameters: 2 8 
R maxT: 1 
R_PriorDraw_first_mu: 0.7898924 
R_PriorDraw_first_nu: 5.007879 
R-CCU: Before ClusterLabelChange for i = 8 newLabel= 1 currentLabel= 1 
R-CCU: sum(pointsPerCluster) = 2347 
 num [1:4] 2343 1 2 1
NULL
R-CCU: After ClusterLabelChange for i = 8 
R-CCU: sum(pointsPerCluster) = 2348 
 num [1:4] 2344 1 2 1
NULL
R-CCU: dpObj$numberClusters = 4 
List of 2
 $ : num [1, 1, 1:4] 0.466 0.265 0.652 0.795
 $ : num [1, 1, 1:4] 3.21 3.79 3.21 5.45
NULL
R priorParameters: 2 8 
R maxT: 1 
R_PriorDraw_first_mu: 0.3256749 
R_PriorDraw_first_nu: 6.802139 
R-CCU: Before ClusterLabelChange for i = 9 newLabel= 1 currentLabel= 1 
R-CCU: sum(pointsPerCluster) = 2348 
 num [1:4] 2344 1 2 1
NULL
R-CCU: After ClusterLabelChange for i = 9 
R-CCU: sum(pointsPerCluster) = 2349 
 num [1:4] 2345 1 2 1
NULL
R-CCU: dpObj$numberClusters = 4 
List of 2
 $ : num [1, 1, 1:4] 0.466 0.265 0.652 0.795
 $ : num [1, 1, 1:4] 3.21 3.79 3.21 5.45
NULL
R priorParameters: 2 8 
R maxT: 1 
R_PriorDraw_first_mu: 0.6514636 
R_PriorDraw_first_nu: 3.181782 
R-CCU: Before ClusterLabelChange for i = 10 newLabel= 1 currentLabel= 1 
R-CCU: sum(pointsPerCluster) = 2349 
 num [1:4] 2345 1 2 1
NULL
R-CCU: After ClusterLabelChange for i = 10 
R-CCU: sum(pointsPerCluster) = 2350 
 num [1:4] 2346 1 2 1
NULL
R-CCU: dpObj$numberClusters = 4 
List of 2
 $ : num [1, 1, 1:4] 0.466 0.265 0.652 0.795
 $ : num [1, 1, 1:4] 3.21 3.79 3.21 5.45
NULL
R priorParameters: 2 8 
R maxT: 1 
R_PriorDraw_first_mu: 0.907832 
R_PriorDraw_first_nu: 2.130636 
R-CCU: Before ClusterLabelChange for i = 11 newLabel= 1 currentLabel= 1 
R-CCU: sum(pointsPerCluster) = 2350 
 num [1:4] 2346 1 2 1
NULL
R-CCU: After ClusterLabelChange for i = 11 
R-CCU: sum(pointsPerCluster) = 2351 
 num [1:4] 2347 1 2 1
NULL
R-CCU: dpObj$numberClusters = 4 
List of 2
 $ : num [1, 1, 1:4] 0.466 0.265 0.652 0.795
 $ : num [1, 1, 1:4] 3.21 3.79 3.21 5.45
NULL
R priorParameters: 2 8 
R maxT: 1 
R_PriorDraw_first_mu: 0.6526758 
R_PriorDraw_first_nu: 4.646179 
R-CCU: Before ClusterLabelChange for i = 12 newLabel= 1 currentLabel= 1 
R-CCU: sum(pointsPerCluster) = 2351 
 num [1:4] 2347 1 2 1
NULL
R-CCU: After ClusterLabelChange for i = 12 
R-CCU: sum(pointsPerCluster) = 2352 
 num [1:4] 2348 1 2 1
NULL
R-CCU: dpObj$numberClusters = 4 
List of 2
 $ : num [1, 1, 1:4] 0.466 0.265 0.652 0.795
 $ : num [1, 1, 1:4] 3.21 3.79 3.21 5.45
NULL
R priorParameters: 2 8 
R maxT: 1 
R_PriorDraw_first_mu: 0.4191877 
R_PriorDraw_first_nu: 2.842187 
R-CCU: Before ClusterLabelChange for i = 13 newLabel= 1 currentLabel= 1 
R-CCU: sum(pointsPerCluster) = 2352 
 num [1:4] 2348 1 2 1
NULL
R-CCU: After ClusterLabelChange for i = 13 
R-CCU: sum(pointsPerCluster) = 2353 
 num [1:4] 2349 1 2 1
NULL
R-CCU: dpObj$numberClusters = 4 
List of 2
 $ : num [1, 1, 1:4] 0.466 0.265 0.652 0.795
 $ : num [1, 1, 1:4] 3.21 3.79 3.21 5.45
NULL
R priorParameters: 2 8 
R maxT: 1 
R_PriorDraw_first_mu: 0.6986925 
R_PriorDraw_first_nu: 3.396541 
R-CCU: Before ClusterLabelChange for i = 14 newLabel= 1 currentLabel= 1 
R-CCU: sum(pointsPerCluster) = 2353 
 num [1:4] 2349 1 2 1
NULL
R-CCU: After ClusterLabelChange for i = 14 
R-CCU: sum(pointsPerCluster) = 2354 
 num [1:4] 2350 1 2 1
NULL
R-CCU: dpObj$numberClusters = 4 
List of 2
 $ : num [1, 1, 1:4] 0.466 0.265 0.652 0.795
 $ : num [1, 1, 1:4] 3.21 3.79 3.21 5.45
NULL
R priorParameters: 2 8 
R maxT: 1 
R_PriorDraw_first_mu: 0.5552084 
R_PriorDraw_first_nu: 8.163561 
R-CCU: Before ClusterLabelChange for i = 15 newLabel= 1 currentLabel= 1 
R-CCU: sum(pointsPerCluster) = 2354 
 num [1:4] 2350 1 2 1
NULL
R-CCU: After ClusterLabelChange for i = 15 
R-CCU: sum(pointsPerCluster) = 2355 
 num [1:4] 2351 1 2 1
NULL
R-CCU: dpObj$numberClusters = 4 
List of 2
 $ : num [1, 1, 1:4] 0.466 0.265 0.652 0.795
 $ : num [1, 1, 1:4] 3.21 3.79 3.21 5.45
NULL
R priorParameters: 2 8 
R maxT: 1 
R_PriorDraw_first_mu: 0.9191006 
R_PriorDraw_first_nu: 6.807315 
R-CCU: Before ClusterLabelChange for i = 16 newLabel= 1 currentLabel= 1 
R-CCU: sum(pointsPerCluster) = 2355 
 num [1:4] 2351 1 2 1
NULL
R-CCU: After ClusterLabelChange for i = 16 
R-CCU: sum(pointsPerCluster) = 2356 
 num [1:4] 2352 1 2 1
NULL
R-CCU: dpObj$numberClusters = 4 
List of 2
 $ : num [1, 1, 1:4] 0.466 0.265 0.652 0.795
 $ : num [1, 1, 1:4] 3.21 3.79 3.21 5.45
NULL
R priorParameters: 2 8 
R maxT: 1 
R_PriorDraw_first_mu: 0.3887878 
R_PriorDraw_first_nu: 7.852261 
R-CCU: Before ClusterLabelChange for i = 17 newLabel= 1 currentLabel= 1 
R-CCU: sum(pointsPerCluster) = 2356 
 num [1:4] 2352 1 2 1
NULL
R-CCU: After ClusterLabelChange for i = 17 
R-CCU: sum(pointsPerCluster) = 2357 
 num [1:4] 2353 1 2 1
NULL
R-CCU: dpObj$numberClusters = 4 
List of 2
 $ : num [1, 1, 1:4] 0.466 0.265 0.652 0.795
 $ : num [1, 1, 1:4] 3.21 3.79 3.21 5.45
NULL
R priorParameters: 2 8 
R maxT: 1 
R_PriorDraw_first_mu: 0.218638 
R_PriorDraw_first_nu: 4.620453 
R-CCU: Before ClusterLabelChange for i = 18 newLabel= 1 currentLabel= 1 
R-CCU: sum(pointsPerCluster) = 2357 
 num [1:4] 2353 1 2 1
NULL
R-CCU: After ClusterLabelChange for i = 18 
R-CCU: sum(pointsPerCluster) = 2358 
 num [1:4] 2354 1 2 1
NULL
R-CCU: dpObj$numberClusters = 4 
List of 2
 $ : num [1, 1, 1:4] 0.466 0.265 0.652 0.795
 $ : num [1, 1, 1:4] 3.21 3.79 3.21 5.45
NULL
R priorParameters: 2 8 
R maxT: 1 
R_PriorDraw_first_mu: 0.149898 
R_PriorDraw_first_nu: 1.897145 
R-CCU: Before ClusterLabelChange for i = 19 newLabel= 1 currentLabel= 1 
R-CCU: sum(pointsPerCluster) = 2358 
 num [1:4] 2354 1 2 1
NULL
R-CCU: After ClusterLabelChange for i = 19 
R-CCU: sum(pointsPerCluster) = 2359 
 num [1:4] 2355 1 2 1
NULL
R-CCU: dpObj$numberClusters = 4 
List of 2
 $ : num [1, 1, 1:4] 0.466 0.265 0.652 0.795
 $ : num [1, 1, 1:4] 3.21 3.79 3.21 5.45
NULL
R priorParameters: 2 8 
R maxT: 1 
R_PriorDraw_first_mu: 0.09766753 
R_PriorDraw_first_nu: 4.215665 
R-CCU: Before ClusterLabelChange for i = 20 newLabel= 1 currentLabel= 1 
R-CCU: sum(pointsPerCluster) = 2359 
 num [1:4] 2355 1 2 1
NULL
R-CCU: After ClusterLabelChange for i = 20 
R-CCU: sum(pointsPerCluster) = 2360 
 num [1:4] 2356 1 2 1
NULL
R-CCU: dpObj$numberClusters = 4 
List of 2
 $ : num [1, 1, 1:4] 0.466 0.265 0.652 0.795
 $ : num [1, 1, 1:4] 3.21 3.79 3.21 5.45
NULL
R priorParameters: 2 8 
R maxT: 1 
R_PriorDraw_first_mu: 0.1049724 
R_PriorDraw_first_nu: 8.161509 
R-CCU: Before ClusterLabelChange for i = 21 newLabel= 1 currentLabel= 1 
R-CCU: sum(pointsPerCluster) = 2360 
 num [1:4] 2356 1 2 1
NULL
R-CCU: After ClusterLabelChange for i = 21 
R-CCU: sum(pointsPerCluster) = 2361 
 num [1:4] 2357 1 2 1
NULL
R-CCU: dpObj$numberClusters = 4 
List of 2
 $ : num [1, 1, 1:4] 0.466 0.265 0.652 0.795
 $ : num [1, 1, 1:4] 3.21 3.79 3.21 5.45
NULL
R priorParameters: 2 8 
R maxT: 1 
R_PriorDraw_first_mu: 0.2946815 
R_PriorDraw_first_nu: 8.378532 
R-CCU: Before ClusterLabelChange for i = 22 newLabel= 1 currentLabel= 1 
R-CCU: sum(pointsPerCluster) = 2361 
 num [1:4] 2357 1 2 1
NULL
R-CCU: After ClusterLabelChange for i = 22 
R-CCU: sum(pointsPerCluster) = 2362 
 num [1:4] 2358 1 2 1
NULL
R-CCU: dpObj$numberClusters = 4 
List of 2
 $ : num [1, 1, 1:4] 0.466 0.265 0.652 0.795
 $ : num [1, 1, 1:4] 3.21 3.79 3.21 5.45
NULL
R priorParameters: 2 8 
R maxT: 1 
R_PriorDraw_first_mu: 0.4432018 
R_PriorDraw_first_nu: 4.7985 
R-CCU: Before ClusterLabelChange for i = 23 newLabel= 1 currentLabel= 1 
R-CCU: sum(pointsPerCluster) = 2362 
 num [1:4] 2358 1 2 1
NULL
R-CCU: After ClusterLabelChange for i = 23 
R-CCU: sum(pointsPerCluster) = 2363 
 num [1:4] 2359 1 2 1
NULL
R-CCU: dpObj$numberClusters = 4 
List of 2
 $ : num [1, 1, 1:4] 0.466 0.265 0.652 0.795
 $ : num [1, 1, 1:4] 3.21 3.79 3.21 5.45
NULL
R priorParameters: 2 8 
R maxT: 1 
R_PriorDraw_first_mu: 0.9897973 
R_PriorDraw_first_nu: 5.879878 
R-CCU: Before ClusterLabelChange for i = 24 newLabel= 1 currentLabel= 1 
R-CCU: sum(pointsPerCluster) = 2363 
 num [1:4] 2359 1 2 1
NULL
R-CCU: After ClusterLabelChange for i = 24 
R-CCU: sum(pointsPerCluster) = 2364 
 num [1:4] 2360 1 2 1
NULL
R-CCU: dpObj$numberClusters = 4 
List of 2
 $ : num [1, 1, 1:4] 0.466 0.265 0.652 0.795
 $ : num [1, 1, 1:4] 3.21 3.79 3.21 5.45
NULL
R priorParameters: 2 8 
R maxT: 1 
R_PriorDraw_first_mu: 0.6248138 
R_PriorDraw_first_nu: 8.217228 
R-CCU: Before ClusterLabelChange for i = 25 newLabel= 1 currentLabel= 1 
R-CCU: sum(pointsPerCluster) = 2364 
 num [1:4] 2360 1 2 1
NULL
R-CCU: After ClusterLabelChange for i = 25 
R-CCU: sum(pointsPerCluster) = 2365 
 num [1:4] 2361 1 2 1
NULL
R-CCU: dpObj$numberClusters = 4 
List of 2
 $ : num [1, 1, 1:4] 0.466 0.265 0.652 0.795
 $ : num [1, 1, 1:4] 3.21 3.79 3.21 5.45
NULL
R priorParameters: 2 8 
R maxT: 1 
R_PriorDraw_first_mu: 0.6405065 
R_PriorDraw_first_nu: 4.9619 
R-CCU: Before ClusterLabelChange for i = 26 newLabel= 1 currentLabel= 1 
R-CCU: sum(pointsPerCluster) = 2365 
 num [1:4] 2361 1 2 1
NULL
R-CCU: After ClusterLabelChange for i = 26 
R-CCU: sum(pointsPerCluster) = 2366 
 num [1:4] 2362 1 2 1
NULL
R-CCU: dpObj$numberClusters = 4 
List of 2
 $ : num [1, 1, 1:4] 0.466 0.265 0.652 0.795
 $ : num [1, 1, 1:4] 3.21 3.79 3.21 5.45
NULL
R priorParameters: 2 8 
R maxT: 1 
R_PriorDraw_first_mu: 0.2014937 
R_PriorDraw_first_nu: 4.60302 
R-CCU: Before ClusterLabelChange for i = 27 newLabel= 1 currentLabel= 1 
R-CCU: sum(pointsPerCluster) = 2366 
 num [1:4] 2362 1 2 1
NULL
R-CCU: After ClusterLabelChange for i = 27 
R-CCU: sum(pointsPerCluster) = 2367 
 num [1:4] 2363 1 2 1
NULL
R-CCU: dpObj$numberClusters = 4 
List of 2
 $ : num [1, 1, 1:4] 0.466 0.265 0.652 0.795
 $ : num [1, 1, 1:4] 3.21 3.79 3.21 5.45
NULL
R priorParameters: 2 8 
R maxT: 1 
R_PriorDraw_first_mu: 0.5586905 
R_PriorDraw_first_nu: 3.428122 
R-CCU: Before ClusterLabelChange for i = 28 newLabel= 1 currentLabel= 1 
R-CCU: sum(pointsPerCluster) = 2367 
 num [1:4] 2363 1 2 1
NULL
R-CCU: After ClusterLabelChange for i = 28 
R-CCU: sum(pointsPerCluster) = 2368 
 num [1:4] 2364 1 2 1
NULL
R-CCU: dpObj$numberClusters = 4 
List of 2
 $ : num [1, 1, 1:4] 0.466 0.265 0.652 0.795
 $ : num [1, 1, 1:4] 3.21 3.79 3.21 5.45
NULL
R priorParameters: 2 8 
R maxT: 1 
R_PriorDraw_first_mu: 0.370397 
R_PriorDraw_first_nu: 5.818902 
R-CCU: Before ClusterLabelChange for i = 29 newLabel= 1 currentLabel= 1 
R-CCU: sum(pointsPerCluster) = 2368 
 num [1:4] 2364 1 2 1
NULL
R-CCU: After ClusterLabelChange for i = 29 
R-CCU: sum(pointsPerCluster) = 2369 
 num [1:4] 2365 1 2 1
NULL
R-CCU: dpObj$numberClusters = 4 
List of 2
 $ : num [1, 1, 1:4] 0.466 0.265 0.652 0.795
 $ : num [1, 1, 1:4] 3.21 3.79 3.21 5.45
NULL
R priorParameters: 2 8 
R maxT: 1 
R_PriorDraw_first_mu: 0.2907456 
R_PriorDraw_first_nu: 22.055 
R-CCU: Before ClusterLabelChange for i = 30 newLabel= 1 currentLabel= 1 
R-CCU: sum(pointsPerCluster) = 2369 
 num [1:4] 2365 1 2 1
NULL
R-CCU: After ClusterLabelChange for i = 30 
R-CCU: sum(pointsPerCluster) = 2370 
 num [1:4] 2366 1 2 1
NULL
R-CCU: dpObj$numberClusters = 4 
List of 2
 $ : num [1, 1, 1:4] 0.466 0.265 0.652 0.795
 $ : num [1, 1, 1:4] 3.21 3.79 3.21 5.45
NULL
R priorParameters: 2 8 
R maxT: 1 
R_PriorDraw_first_mu: 0.9965251 
R_PriorDraw_first_nu: 11.62852 
R-CCU: Before ClusterLabelChange for i = 31 newLabel= 1 currentLabel= 1 
R-CCU: sum(pointsPerCluster) = 2370 
 num [1:4] 2366 1 2 1
NULL
R-CCU: After ClusterLabelChange for i = 31 
R-CCU: sum(pointsPerCluster) = 2371 
 num [1:4] 2367 1 2 1
NULL
R-CCU: dpObj$numberClusters = 4 
List of 2
 $ : num [1, 1, 1:4] 0.466 0.265 0.652 0.795
 $ : num [1, 1, 1:4] 3.21 3.79 3.21 5.45
NULL
R priorParameters: 2 8 
R maxT: 1 
R_PriorDraw_first_mu: 0.1945993 
R_PriorDraw_first_nu: 2.284915 
R-CCU: Before ClusterLabelChange for i = 32 newLabel= 1 currentLabel= 1 
R-CCU: sum(pointsPerCluster) = 2371 
 num [1:4] 2367 1 2 1
NULL
R-CCU: After ClusterLabelChange for i = 32 
R-CCU: sum(pointsPerCluster) = 2372 
 num [1:4] 2368 1 2 1
NULL
R-CCU: dpObj$numberClusters = 4 
List of 2
 $ : num [1, 1, 1:4] 0.466 0.265 0.652 0.795
 $ : num [1, 1, 1:4] 3.21 3.79 3.21 5.45
NULL
R priorParameters: 2 8 
R maxT: 1 
R_PriorDraw_first_mu: 0.2549592 
R_PriorDraw_first_nu: 1.943296 
R-CCU: Before ClusterLabelChange for i = 33 newLabel= 1 currentLabel= 1 
R-CCU: sum(pointsPerCluster) = 2372 
 num [1:4] 2368 1 2 1
NULL
R-CCU: After ClusterLabelChange for i = 33 
R-CCU: sum(pointsPerCluster) = 2373 
 num [1:4] 2369 1 2 1
NULL
R-CCU: dpObj$numberClusters = 4 
List of 2
 $ : num [1, 1, 1:4] 0.466 0.265 0.652 0.795
 $ : num [1, 1, 1:4] 3.21 3.79 3.21 5.45
NULL
R priorParameters: 2 8 
R maxT: 1 
R_PriorDraw_first_mu: 0.3219067 
R_PriorDraw_first_nu: 2.506384 
R-CCU: Before ClusterLabelChange for i = 34 newLabel= 1 currentLabel= 1 
R-CCU: sum(pointsPerCluster) = 2373 
 num [1:4] 2369 1 2 1
NULL
R-CCU: After ClusterLabelChange for i = 34 
R-CCU: sum(pointsPerCluster) = 2374 
 num [1:4] 2370 1 2 1
NULL
R-CCU: dpObj$numberClusters = 4 
List of 2
 $ : num [1, 1, 1:4] 0.466 0.265 0.652 0.795
 $ : num [1, 1, 1:4] 3.21 3.79 3.21 5.45
NULL
R priorParameters: 2 8 
R maxT: 1 
R_PriorDraw_first_mu: 0.7625231 
R_PriorDraw_first_nu: 2.704649 
R-CCU: Before ClusterLabelChange for i = 35 newLabel= 1 currentLabel= 1 
R-CCU: sum(pointsPerCluster) = 2374 
 num [1:4] 2370 1 2 1
NULL
R-CCU: After ClusterLabelChange for i = 35 
R-CCU: sum(pointsPerCluster) = 2375 
 num [1:4] 2371 1 2 1
NULL
R-CCU: dpObj$numberClusters = 4 
List of 2
 $ : num [1, 1, 1:4] 0.466 0.265 0.652 0.795
 $ : num [1, 1, 1:4] 3.21 3.79 3.21 5.45
NULL
R priorParameters: 2 8 
R maxT: 1 
R_PriorDraw_first_mu: 0.3656629 
R_PriorDraw_first_nu: 3.324585 
R-CCU: Before ClusterLabelChange for i = 36 newLabel= 1 currentLabel= 1 
R-CCU: sum(pointsPerCluster) = 2375 
 num [1:4] 2371 1 2 1
NULL
R-CCU: After ClusterLabelChange for i = 36 
R-CCU: sum(pointsPerCluster) = 2376 
 num [1:4] 2372 1 2 1
NULL
R-CCU: dpObj$numberClusters = 4 
List of 2
 $ : num [1, 1, 1:4] 0.466 0.265 0.652 0.795
 $ : num [1, 1, 1:4] 3.21 3.79 3.21 5.45
NULL
R priorParameters: 2 8 
R maxT: 1 
R_PriorDraw_first_mu: 0.8659189 
R_PriorDraw_first_nu: 2.9443 
R-CCU: Before ClusterLabelChange for i = 37 newLabel= 1 currentLabel= 1 
R-CCU: sum(pointsPerCluster) = 2376 
 num [1:4] 2372 1 2 1
NULL
R-CCU: After ClusterLabelChange for i = 37 
R-CCU: sum(pointsPerCluster) = 2377 
 num [1:4] 2373 1 2 1
NULL
R-CCU: dpObj$numberClusters = 4 
List of 2
 $ : num [1, 1, 1:4] 0.466 0.265 0.652 0.795
 $ : num [1, 1, 1:4] 3.21 3.79 3.21 5.45
NULL
R priorParameters: 2 8 
R maxT: 1 
R_PriorDraw_first_mu: 0.3808512 
R_PriorDraw_first_nu: 7.608761 
R-CCU: Before ClusterLabelChange for i = 38 newLabel= 1 currentLabel= 1 
R-CCU: sum(pointsPerCluster) = 2377 
 num [1:4] 2373 1 2 1
NULL
R-CCU: After ClusterLabelChange for i = 38 
R-CCU: sum(pointsPerCluster) = 2378 
 num [1:4] 2374 1 2 1
NULL
R-CCU: dpObj$numberClusters = 4 
List of 2
 $ : num [1, 1, 1:4] 0.466 0.265 0.652 0.795
 $ : num [1, 1, 1:4] 3.21 3.79 3.21 5.45
NULL
R priorParameters: 2 8 
R maxT: 1 
R_PriorDraw_first_mu: 0.09808189 
R_PriorDraw_first_nu: 4.03355 
R-CCU: Before ClusterLabelChange for i = 39 newLabel= 1 currentLabel= 1 
R-CCU: sum(pointsPerCluster) = 2378 
 num [1:4] 2374 1 2 1
NULL
R-CCU: After ClusterLabelChange for i = 39 
R-CCU: sum(pointsPerCluster) = 2379 
 num [1:4] 2375 1 2 1
NULL
R-CCU: dpObj$numberClusters = 4 
List of 2
 $ : num [1, 1, 1:4] 0.466 0.265 0.652 0.795
 $ : num [1, 1, 1:4] 3.21 3.79 3.21 5.45
NULL
R priorParameters: 2 8 
R maxT: 1 
R_PriorDraw_first_mu: 0.8304684 
R_PriorDraw_first_nu: 7.178642 
R-CCU: Before ClusterLabelChange for i = 40 newLabel= 1 currentLabel= 1 
R-CCU: sum(pointsPerCluster) = 2379 
 num [1:4] 2375 1 2 1
NULL
R-CCU: After ClusterLabelChange for i = 40 
R-CCU: sum(pointsPerCluster) = 2380 
 num [1:4] 2376 1 2 1
NULL
R-CCU: dpObj$numberClusters = 4 
List of 2
 $ : num [1, 1, 1:4] 0.466 0.265 0.652 0.795
 $ : num [1, 1, 1:4] 3.21 3.79 3.21 5.45
NULL
R priorParameters: 2 8 
R maxT: 1 
R_PriorDraw_first_mu: 0.7008275 
R_PriorDraw_first_nu: 13.96959 
R-CCU: Before ClusterLabelChange for i = 41 newLabel= 1 currentLabel= 1 
R-CCU: sum(pointsPerCluster) = 2380 
 num [1:4] 2376 1 2 1
NULL
R-CCU: After ClusterLabelChange for i = 41 
R-CCU: sum(pointsPerCluster) = 2381 
 num [1:4] 2377 1 2 1
NULL
R-CCU: dpObj$numberClusters = 4 
List of 2
 $ : num [1, 1, 1:4] 0.466 0.265 0.652 0.795
 $ : num [1, 1, 1:4] 3.21 3.79 3.21 5.45
NULL
R priorParameters: 2 8 
R maxT: 1 
R_PriorDraw_first_mu: 0.615916 
R_PriorDraw_first_nu: 6.15875 
R-CCU: Before ClusterLabelChange for i = 42 newLabel= 1 currentLabel= 1 
R-CCU: sum(pointsPerCluster) = 2381 
 num [1:4] 2377 1 2 1
NULL
R-CCU: After ClusterLabelChange for i = 42 
R-CCU: sum(pointsPerCluster) = 2382 
 num [1:4] 2378 1 2 1
NULL
R-CCU: dpObj$numberClusters = 4 
List of 2
 $ : num [1, 1, 1:4] 0.466 0.265 0.652 0.795
 $ : num [1, 1, 1:4] 3.21 3.79 3.21 5.45
NULL
R priorParameters: 2 8 
R maxT: 1 
R_PriorDraw_first_mu: 0.8952877 
R_PriorDraw_first_nu: 2.776856 
R-CCU: Before ClusterLabelChange for i = 43 newLabel= 1 currentLabel= 1 
R-CCU: sum(pointsPerCluster) = 2382 
 num [1:4] 2378 1 2 1
NULL
R-CCU: After ClusterLabelChange for i = 43 
R-CCU: sum(pointsPerCluster) = 2383 
 num [1:4] 2379 1 2 1
NULL
R-CCU: dpObj$numberClusters = 4 
List of 2
 $ : num [1, 1, 1:4] 0.466 0.265 0.652 0.795
 $ : num [1, 1, 1:4] 3.21 3.79 3.21 5.45
NULL
R priorParameters: 2 8 
R maxT: 1 
R_PriorDraw_first_mu: 0.7909666 
R_PriorDraw_first_nu: 4.500685 
R-CCU: Before ClusterLabelChange for i = 44 newLabel= 1 currentLabel= 1 
R-CCU: sum(pointsPerCluster) = 2383 
 num [1:4] 2379 1 2 1
NULL
R-CCU: After ClusterLabelChange for i = 44 
R-CCU: sum(pointsPerCluster) = 2384 
 num [1:4] 2380 1 2 1
NULL
R-CCU: dpObj$numberClusters = 4 
List of 2
 $ : num [1, 1, 1:4] 0.466 0.265 0.652 0.795
 $ : num [1, 1, 1:4] 3.21 3.79 3.21 5.45
NULL
R priorParameters: 2 8 
R maxT: 1 
R_PriorDraw_first_mu: 0.9812902 
R_PriorDraw_first_nu: 6.953618 
R-CCU: Before ClusterLabelChange for i = 45 newLabel= 1 currentLabel= 1 
R-CCU: sum(pointsPerCluster) = 2384 
 num [1:4] 2380 1 2 1
NULL
R-CCU: After ClusterLabelChange for i = 45 
R-CCU: sum(pointsPerCluster) = 2385 
 num [1:4] 2381 1 2 1
NULL
R-CCU: dpObj$numberClusters = 4 
List of 2
 $ : num [1, 1, 1:4] 0.466 0.265 0.652 0.795
 $ : num [1, 1, 1:4] 3.21 3.79 3.21 5.45
NULL
R priorParameters: 2 8 
R maxT: 1 
R_PriorDraw_first_mu: 0.1549957 
R_PriorDraw_first_nu: 11.67265 
R-CCU: Before ClusterLabelChange for i = 46 newLabel= 1 currentLabel= 1 
R-CCU: sum(pointsPerCluster) = 2385 
 num [1:4] 2381 1 2 1
NULL
R-CCU: After ClusterLabelChange for i = 46 
R-CCU: sum(pointsPerCluster) = 2386 
 num [1:4] 2382 1 2 1
NULL
R-CCU: dpObj$numberClusters = 4 
List of 2
 $ : num [1, 1, 1:4] 0.466 0.265 0.652 0.795
 $ : num [1, 1, 1:4] 3.21 3.79 3.21 5.45
NULL
R priorParameters: 2 8 
R maxT: 1 
R_PriorDraw_first_mu: 0.3283524 
R_PriorDraw_first_nu: 4.015548 
R-CCU: Before ClusterLabelChange for i = 47 newLabel= 1 currentLabel= 1 
R-CCU: sum(pointsPerCluster) = 2386 
 num [1:4] 2382 1 2 1
NULL
R-CCU: After ClusterLabelChange for i = 47 
R-CCU: sum(pointsPerCluster) = 2387 
 num [1:4] 2383 1 2 1
NULL
R-CCU: dpObj$numberClusters = 4 
List of 2
 $ : num [1, 1, 1:4] 0.466 0.265 0.652 0.795
 $ : num [1, 1, 1:4] 3.21 3.79 3.21 5.45
NULL
R priorParameters: 2 8 
R maxT: 1 
R_PriorDraw_first_mu: 0.05491263 
R_PriorDraw_first_nu: 2.432604 
R-CCU: Before ClusterLabelChange for i = 48 newLabel= 1 currentLabel= 1 
R-CCU: sum(pointsPerCluster) = 2387 
 num [1:4] 2383 1 2 1
NULL
R-CCU: After ClusterLabelChange for i = 48 
R-CCU: sum(pointsPerCluster) = 2388 
 num [1:4] 2384 1 2 1
NULL
R-CCU: dpObj$numberClusters = 4 
List of 2
 $ : num [1, 1, 1:4] 0.466 0.265 0.652 0.795
 $ : num [1, 1, 1:4] 3.21 3.79 3.21 5.45
NULL
R priorParameters: 2 8 
R maxT: 1 
R_PriorDraw_first_mu: 0.1958127 
R_PriorDraw_first_nu: 5.337646 
R-CCU: Before ClusterLabelChange for i = 49 newLabel= 4 currentLabel= 1 
R-CCU: sum(pointsPerCluster) = 2388 
 num [1:4] 2384 1 2 1
NULL
R-CCU: After ClusterLabelChange for i = 49 
R-CCU: sum(pointsPerCluster) = 2389 
 num [1:4] 2384 1 2 2
NULL
R-CCU: dpObj$numberClusters = 4 
List of 2
 $ : num [1, 1, 1:4] 0.466 0.265 0.652 0.795
 $ : num [1, 1, 1:4] 3.21 3.79 3.21 5.45
NULL
R priorParameters: 2 8 
R maxT: 1 
R_PriorDraw_first_mu: 0.5812409 
R_PriorDraw_first_nu: 2.04378 
R-CCU: Before ClusterLabelChange for i = 50 newLabel= 1 currentLabel= 1 
R-CCU: sum(pointsPerCluster) = 2389 
 num [1:4] 2384 1 2 2
NULL
R-CCU: After ClusterLabelChange for i = 50 
R-CCU: sum(pointsPerCluster) = 2390 
 num [1:4] 2385 1 2 2
NULL
R-CCU: dpObj$numberClusters = 4 
List of 2
 $ : num [1, 1, 1:4] 0.466 0.265 0.652 0.795
 $ : num [1, 1, 1:4] 3.21 3.79 3.21 5.45
NULL
R priorParameters: 2 8 
R maxT: 1 
R_PriorDraw_first_mu: 0.6583307 
R_PriorDraw_first_nu: 2.040861 
R-CCU: Before ClusterLabelChange for i = 51 newLabel= 1 currentLabel= 1 
R-CCU: sum(pointsPerCluster) = 2390 
 num [1:4] 2385 1 2 2
NULL
R-CCU: After ClusterLabelChange for i = 51 
R-CCU: sum(pointsPerCluster) = 2391 
 num [1:4] 2386 1 2 2
NULL
R-CCU: dpObj$numberClusters = 4 
List of 2
 $ : num [1, 1, 1:4] 0.466 0.265 0.652 0.795
 $ : num [1, 1, 1:4] 3.21 3.79 3.21 5.45
NULL
R priorParameters: 2 8 
R maxT: 1 
R_PriorDraw_first_mu: 0.2284338 
R_PriorDraw_first_nu: 7.5185 
R-CCU: Before ClusterLabelChange for i = 52 newLabel= 1 currentLabel= 1 
R-CCU: sum(pointsPerCluster) = 2391 
 num [1:4] 2386 1 2 2
NULL
R-CCU: After ClusterLabelChange for i = 52 
R-CCU: sum(pointsPerCluster) = 2392 
 num [1:4] 2387 1 2 2
NULL
R-CCU: dpObj$numberClusters = 4 
List of 2
 $ : num [1, 1, 1:4] 0.466 0.265 0.652 0.795
 $ : num [1, 1, 1:4] 3.21 3.79 3.21 5.45
NULL
R priorParameters: 2 8 
R maxT: 1 
R_PriorDraw_first_mu: 0.00841815 
R_PriorDraw_first_nu: 2.039275 
R-CCU: Before ClusterLabelChange for i = 53 newLabel= 1 currentLabel= 1 
R-CCU: sum(pointsPerCluster) = 2392 
 num [1:4] 2387 1 2 2
NULL
R-CCU: After ClusterLabelChange for i = 53 
R-CCU: sum(pointsPerCluster) = 2393 
 num [1:4] 2388 1 2 2
NULL
R-CCU: dpObj$numberClusters = 4 
List of 2
 $ : num [1, 1, 1:4] 0.466 0.265 0.652 0.795
 $ : num [1, 1, 1:4] 3.21 3.79 3.21 5.45
NULL
R priorParameters: 2 8 
R maxT: 1 
R_PriorDraw_first_mu: 0.7483941 
R_PriorDraw_first_nu: 4.983112 
R-CCU: Before ClusterLabelChange for i = 54 newLabel= 1 currentLabel= 1 
R-CCU: sum(pointsPerCluster) = 2393 
 num [1:4] 2388 1 2 2
NULL
R-CCU: After ClusterLabelChange for i = 54 
R-CCU: sum(pointsPerCluster) = 2394 
 num [1:4] 2389 1 2 2
NULL
R-CCU: dpObj$numberClusters = 4 
List of 2
 $ : num [1, 1, 1:4] 0.466 0.265 0.652 0.795
 $ : num [1, 1, 1:4] 3.21 3.79 3.21 5.45
NULL
R priorParameters: 2 8 
R maxT: 1 
R_PriorDraw_first_mu: 0.8345148 
R_PriorDraw_first_nu: 1.784261 
R-CCU: Before ClusterLabelChange for i = 55 newLabel= 1 currentLabel= 1 
R-CCU: sum(pointsPerCluster) = 2394 
 num [1:4] 2389 1 2 2
NULL
R-CCU: After ClusterLabelChange for i = 55 
R-CCU: sum(pointsPerCluster) = 2395 
 num [1:4] 2390 1 2 2
NULL
R-CCU: dpObj$numberClusters = 4 
List of 2
 $ : num [1, 1, 1:4] 0.466 0.265 0.652 0.795
 $ : num [1, 1, 1:4] 3.21 3.79 3.21 5.45
NULL
R priorParameters: 2 8 
R maxT: 1 
R_PriorDraw_first_mu: 0.7170396 
R_PriorDraw_first_nu: 7.713867 
R-CCU: Before ClusterLabelChange for i = 56 newLabel= 1 currentLabel= 1 
R-CCU: sum(pointsPerCluster) = 2395 
 num [1:4] 2390 1 2 2
NULL
R-CCU: After ClusterLabelChange for i = 56 
R-CCU: sum(pointsPerCluster) = 2396 
 num [1:4] 2391 1 2 2
NULL
R-CCU: dpObj$numberClusters = 4 
List of 2
 $ : num [1, 1, 1:4] 0.466 0.265 0.652 0.795
 $ : num [1, 1, 1:4] 3.21 3.79 3.21 5.45
NULL
R priorParameters: 2 8 
R maxT: 1 
R_PriorDraw_first_mu: 0.6958133 
R_PriorDraw_first_nu: 4.084149 
R-CCU: Before ClusterLabelChange for i = 57 newLabel= 1 currentLabel= 1 
R-CCU: sum(pointsPerCluster) = 2396 
 num [1:4] 2391 1 2 2
NULL
R-CCU: After ClusterLabelChange for i = 57 
R-CCU: sum(pointsPerCluster) = 2397 
 num [1:4] 2392 1 2 2
NULL
R-CCU: dpObj$numberClusters = 4 
List of 2
 $ : num [1, 1, 1:4] 0.466 0.265 0.652 0.795
 $ : num [1, 1, 1:4] 3.21 3.79 3.21 5.45
NULL
R priorParameters: 2 8 
R maxT: 1 
R_PriorDraw_first_mu: 0.4909398 
R_PriorDraw_first_nu: 2.120344 
R-CCU: Before ClusterLabelChange for i = 58 newLabel= 1 currentLabel= 1 
R-CCU: sum(pointsPerCluster) = 2397 
 num [1:4] 2392 1 2 2
NULL
R-CCU: After ClusterLabelChange for i = 58 
R-CCU: sum(pointsPerCluster) = 2398 
 num [1:4] 2393 1 2 2
NULL
R-CCU: dpObj$numberClusters = 4 
List of 2
 $ : num [1, 1, 1:4] 0.466 0.265 0.652 0.795
 $ : num [1, 1, 1:4] 3.21 3.79 3.21 5.45
NULL
R priorParameters: 2 8 
R maxT: 1 
R_PriorDraw_first_mu: 0.2334872 
R_PriorDraw_first_nu: 0.9830635 
R-CCU: Before ClusterLabelChange for i = 59 newLabel= 1 currentLabel= 1 
R-CCU: sum(pointsPerCluster) = 2398 
 num [1:4] 2393 1 2 2
NULL
R-CCU: After ClusterLabelChange for i = 59 
R-CCU: sum(pointsPerCluster) = 2399 
 num [1:4] 2394 1 2 2
NULL
R-CCU: dpObj$numberClusters = 4 
List of 2
 $ : num [1, 1, 1:4] 0.466 0.265 0.652 0.795
 $ : num [1, 1, 1:4] 3.21 3.79 3.21 5.45
NULL
R priorParameters: 2 8 
R maxT: 1 
R_PriorDraw_first_mu: 0.8297673 
R_PriorDraw_first_nu: 1.560475 
R-CCU: Before ClusterLabelChange for i = 60 newLabel= 1 currentLabel= 1 
R-CCU: sum(pointsPerCluster) = 2399 
 num [1:4] 2394 1 2 2
NULL
R-CCU: After ClusterLabelChange for i = 60 
R-CCU: sum(pointsPerCluster) = 2400 
 num [1:4] 2395 1 2 2
NULL
R-CCU: dpObj$numberClusters = 4 
List of 2
 $ : num [1, 1, 1:4] 0.466 0.265 0.652 0.795
 $ : num [1, 1, 1:4] 3.21 3.79 3.21 5.45
NULL

⠧ |   78      0 | Beta Distribution Full Integration Test          
⠇ |   79      0 | Beta Distribution Full Integration Test          R priorParameters: 2 8 
R maxT: 1 
R_PriorDraw_first_mu: 0.2169151 
R_PriorDraw_first_nu: 11.635 
R-CCU: Before ClusterLabelChange for i = 1 newLabel= 1 currentLabel= 1 
R-CCU: sum(pointsPerCluster) = 2400 
 num [1:4] 2395 1 2 2
NULL
R-CCU: After ClusterLabelChange for i = 1 
R-CCU: sum(pointsPerCluster) = 2401 
 num [1:4] 2396 1 2 2
NULL
R-CCU: dpObj$numberClusters = 4 
List of 2
 $ : num [1, 1, 1:4] 0.483 0.265 0.652 0.719
 $ : num [1, 1, 1:4] 2.54 3.79 3.21 5.57
NULL
R priorParameters: 2 8 
R maxT: 1 
R_PriorDraw_first_mu: 0.5247863 
R_PriorDraw_first_nu: 1.595173 
R-CCU: Before ClusterLabelChange for i = 2 newLabel= 1 currentLabel= 1 
R-CCU: sum(pointsPerCluster) = 2401 
 num [1:4] 2396 1 2 2
NULL
R-CCU: After ClusterLabelChange for i = 2 
R-CCU: sum(pointsPerCluster) = 2402 
 num [1:4] 2397 1 2 2
NULL
R-CCU: dpObj$numberClusters = 4 
List of 2
 $ : num [1, 1, 1:4] 0.483 0.265 0.652 0.719
 $ : num [1, 1, 1:4] 2.54 3.79 3.21 5.57
NULL
R priorParameters: 2 8 
R maxT: 1 
R_PriorDraw_first_mu: 0.3635395 
R_PriorDraw_first_nu: 1.756325 
R-CCU: Before ClusterLabelChange for i = 3 newLabel= 1 currentLabel= 1 
R-CCU: sum(pointsPerCluster) = 2402 
 num [1:4] 2397 1 2 2
NULL
R-CCU: After ClusterLabelChange for i = 3 
R-CCU: sum(pointsPerCluster) = 2403 
 num [1:4] 2398 1 2 2
NULL
R-CCU: dpObj$numberClusters = 4 
List of 2
 $ : num [1, 1, 1:4] 0.483 0.265 0.652 0.719
 $ : num [1, 1, 1:4] 2.54 3.79 3.21 5.57
NULL
R priorParameters: 2 8 
R maxT: 1 
R_PriorDraw_first_mu: 0.3864882 
R_PriorDraw_first_nu: 5.213087 
R-CCU: Before ClusterLabelChange for i = 4 newLabel= 1 currentLabel= 1 
R-CCU: sum(pointsPerCluster) = 2403 
 num [1:4] 2398 1 2 2
NULL
R-CCU: After ClusterLabelChange for i = 4 
R-CCU: sum(pointsPerCluster) = 2404 
 num [1:4] 2399 1 2 2
NULL
R-CCU: dpObj$numberClusters = 4 
List of 2
 $ : num [1, 1, 1:4] 0.483 0.265 0.652 0.719
 $ : num [1, 1, 1:4] 2.54 3.79 3.21 5.57
NULL
R priorParameters: 2 8 
R maxT: 1 
R_PriorDraw_first_mu: 0.1398566 
R_PriorDraw_first_nu: 2.859895 
R-CCU: Before ClusterLabelChange for i = 5 newLabel= 1 currentLabel= 1 
R-CCU: sum(pointsPerCluster) = 2404 
 num [1:4] 2399 1 2 2
NULL
R-CCU: After ClusterLabelChange for i = 5 
R-CCU: sum(pointsPerCluster) = 2405 
 num [1:4] 2400 1 2 2
NULL
R-CCU: dpObj$numberClusters = 4 
List of 2
 $ : num [1, 1, 1:4] 0.483 0.265 0.652 0.719
 $ : num [1, 1, 1:4] 2.54 3.79 3.21 5.57
NULL
R priorParameters: 2 8 
R maxT: 1 
R_PriorDraw_first_mu: 0.7737068 
R_PriorDraw_first_nu: 1.364194 
R-CCU: Before ClusterLabelChange for i = 6 newLabel= 1 currentLabel= 1 
R-CCU: sum(pointsPerCluster) = 2405 
 num [1:4] 2400 1 2 2
NULL
R-CCU: After ClusterLabelChange for i = 6 
R-CCU: sum(pointsPerCluster) = 2406 
 num [1:4] 2401 1 2 2
NULL
R-CCU: dpObj$numberClusters = 4 
List of 2
 $ : num [1, 1, 1:4] 0.483 0.265 0.652 0.719
 $ : num [1, 1, 1:4] 2.54 3.79 3.21 5.57
NULL
R priorParameters: 2 8 
R maxT: 1 
R_PriorDraw_first_mu: 0.1701217 
R_PriorDraw_first_nu: 5.755391 
R-CCU: Before ClusterLabelChange for i = 7 newLabel= 1 currentLabel= 1 
R-CCU: sum(pointsPerCluster) = 2406 
 num [1:4] 2401 1 2 2
NULL
R-CCU: After ClusterLabelChange for i = 7 
R-CCU: sum(pointsPerCluster) = 2407 
 num [1:4] 2402 1 2 2
NULL
R-CCU: dpObj$numberClusters = 4 
List of 2
 $ : num [1, 1, 1:4] 0.483 0.265 0.652 0.719
 $ : num [1, 1, 1:4] 2.54 3.79 3.21 5.57
NULL
R priorParameters: 2 8 
R maxT: 1 
R_PriorDraw_first_mu: 0.7856522 
R_PriorDraw_first_nu: 5.656283 
R-CCU: Before ClusterLabelChange for i = 8 newLabel= 1 currentLabel= 1 
R-CCU: sum(pointsPerCluster) = 2407 
 num [1:4] 2402 1 2 2
NULL
R-CCU: After ClusterLabelChange for i = 8 
R-CCU: sum(pointsPerCluster) = 2408 
 num [1:4] 2403 1 2 2
NULL
R-CCU: dpObj$numberClusters = 4 
List of 2
 $ : num [1, 1, 1:4] 0.483 0.265 0.652 0.719
 $ : num [1, 1, 1:4] 2.54 3.79 3.21 5.57
NULL
R priorParameters: 2 8 
R maxT: 1 
R_PriorDraw_first_mu: 0.8190038 
R_PriorDraw_first_nu: 3.826637 
R-CCU: Before ClusterLabelChange for i = 9 newLabel= 1 currentLabel= 1 
R-CCU: sum(pointsPerCluster) = 2408 
 num [1:4] 2403 1 2 2
NULL
R-CCU: After ClusterLabelChange for i = 9 
R-CCU: sum(pointsPerCluster) = 2409 
 num [1:4] 2404 1 2 2
NULL
R-CCU: dpObj$numberClusters = 4 
List of 2
 $ : num [1, 1, 1:4] 0.483 0.265 0.652 0.719
 $ : num [1, 1, 1:4] 2.54 3.79 3.21 5.57
NULL
R priorParameters: 2 8 
R maxT: 1 
R_PriorDraw_first_mu: 0.5352176 
R_PriorDraw_first_nu: 5.540602 
R-CCU: Before ClusterLabelChange for i = 10 newLabel= 1 currentLabel= 1 
R-CCU: sum(pointsPerCluster) = 2409 
 num [1:4] 2404 1 2 2
NULL
R-CCU: After ClusterLabelChange for i = 10 
R-CCU: sum(pointsPerCluster) = 2410 
 num [1:4] 2405 1 2 2
NULL
R-CCU: dpObj$numberClusters = 4 
List of 2
 $ : num [1, 1, 1:4] 0.483 0.265 0.652 0.719
 $ : num [1, 1, 1:4] 2.54 3.79 3.21 5.57
NULL
R priorParameters: 2 8 
R maxT: 1 
R_PriorDraw_first_mu: 0.2614138 
R_PriorDraw_first_nu: 7.149727 
R-CCU: Before ClusterLabelChange for i = 11 newLabel= 1 currentLabel= 1 
R-CCU: sum(pointsPerCluster) = 2410 
 num [1:4] 2405 1 2 2
NULL
R-CCU: After ClusterLabelChange for i = 11 
R-CCU: sum(pointsPerCluster) = 2411 
 num [1:4] 2406 1 2 2
NULL
R-CCU: dpObj$numberClusters = 4 
List of 2
 $ : num [1, 1, 1:4] 0.483 0.265 0.652 0.719
 $ : num [1, 1, 1:4] 2.54 3.79 3.21 5.57
NULL
R priorParameters: 2 8 
R maxT: 1 
R_PriorDraw_first_mu: 0.3615541 
R_PriorDraw_first_nu: 1.310026 
R-CCU: Before ClusterLabelChange for i = 12 newLabel= 1 currentLabel= 1 
R-CCU: sum(pointsPerCluster) = 2411 
 num [1:4] 2406 1 2 2
NULL
R-CCU: After ClusterLabelChange for i = 12 
R-CCU: sum(pointsPerCluster) = 2412 
 num [1:4] 2407 1 2 2
NULL
R-CCU: dpObj$numberClusters = 4 
List of 2
 $ : num [1, 1, 1:4] 0.483 0.265 0.652 0.719
 $ : num [1, 1, 1:4] 2.54 3.79 3.21 5.57
NULL
R priorParameters: 2 8 
R maxT: 1 
R_PriorDraw_first_mu: 0.6289669 
R_PriorDraw_first_nu: 7.381443 
R-CCU: Before ClusterLabelChange for i = 13 newLabel= 1 currentLabel= 1 
R-CCU: sum(pointsPerCluster) = 2412 
 num [1:4] 2407 1 2 2
NULL
R-CCU: After ClusterLabelChange for i = 13 
R-CCU: sum(pointsPerCluster) = 2413 
 num [1:4] 2408 1 2 2
NULL
R-CCU: dpObj$numberClusters = 4 
List of 2
 $ : num [1, 1, 1:4] 0.483 0.265 0.652 0.719
 $ : num [1, 1, 1:4] 2.54 3.79 3.21 5.57
NULL
R priorParameters: 2 8 
R maxT: 1 
R_PriorDraw_first_mu: 0.2513661 
R_PriorDraw_first_nu: 2.032632 
R-CCU: Before ClusterLabelChange for i = 14 newLabel= 1 currentLabel= 1 
R-CCU: sum(pointsPerCluster) = 2413 
 num [1:4] 2408 1 2 2
NULL
R-CCU: After ClusterLabelChange for i = 14 
R-CCU: sum(pointsPerCluster) = 2414 
 num [1:4] 2409 1 2 2
NULL
R-CCU: dpObj$numberClusters = 4 
List of 2
 $ : num [1, 1, 1:4] 0.483 0.265 0.652 0.719
 $ : num [1, 1, 1:4] 2.54 3.79 3.21 5.57
NULL
R priorParameters: 2 8 
R maxT: 1 
R_PriorDraw_first_mu: 0.9962699 
R_PriorDraw_first_nu: 4.670844 
R-CCU: Before ClusterLabelChange for i = 15 newLabel= 1 currentLabel= 1 
R-CCU: sum(pointsPerCluster) = 2414 
 num [1:4] 2409 1 2 2
NULL
R-CCU: After ClusterLabelChange for i = 15 
R-CCU: sum(pointsPerCluster) = 2415 
 num [1:4] 2410 1 2 2
NULL
R-CCU: dpObj$numberClusters = 4 
List of 2
 $ : num [1, 1, 1:4] 0.483 0.265 0.652 0.719
 $ : num [1, 1, 1:4] 2.54 3.79 3.21 5.57
NULL
R priorParameters: 2 8 
R maxT: 1 
R_PriorDraw_first_mu: 0.07620131 
R_PriorDraw_first_nu: 64.64184 
R-CCU: Before ClusterLabelChange for i = 16 newLabel= 1 currentLabel= 1 
R-CCU: sum(pointsPerCluster) = 2415 
 num [1:4] 2410 1 2 2
NULL
R-CCU: After ClusterLabelChange for i = 16 
R-CCU: sum(pointsPerCluster) = 2416 
 num [1:4] 2411 1 2 2
NULL
R-CCU: dpObj$numberClusters = 4 
List of 2
 $ : num [1, 1, 1:4] 0.483 0.265 0.652 0.719
 $ : num [1, 1, 1:4] 2.54 3.79 3.21 5.57
NULL
R priorParameters: 2 8 
R maxT: 1 
R_PriorDraw_first_mu: 0.6880605 
R_PriorDraw_first_nu: 2.656646 
R-CCU: Before ClusterLabelChange for i = 17 newLabel= 1 currentLabel= 1 
R-CCU: sum(pointsPerCluster) = 2416 
 num [1:4] 2411 1 2 2
NULL
R-CCU: After ClusterLabelChange for i = 17 
R-CCU: sum(pointsPerCluster) = 2417 
 num [1:4] 2412 1 2 2
NULL
R-CCU: dpObj$numberClusters = 4 
List of 2
 $ : num [1, 1, 1:4] 0.483 0.265 0.652 0.719
 $ : num [1, 1, 1:4] 2.54 3.79 3.21 5.57
NULL
R priorParameters: 2 8 
R maxT: 1 
R_PriorDraw_first_mu: 0.6638576 
R_PriorDraw_first_nu: 5.234695 
R-CCU: Before ClusterLabelChange for i = 18 newLabel= 1 currentLabel= 1 
R-CCU: sum(pointsPerCluster) = 2417 
 num [1:4] 2412 1 2 2
NULL
R-CCU: After ClusterLabelChange for i = 18 
R-CCU: sum(pointsPerCluster) = 2418 
 num [1:4] 2413 1 2 2
NULL
R-CCU: dpObj$numberClusters = 4 
List of 2
 $ : num [1, 1, 1:4] 0.483 0.265 0.652 0.719
 $ : num [1, 1, 1:4] 2.54 3.79 3.21 5.57
NULL
R priorParameters: 2 8 
R maxT: 1 
R_PriorDraw_first_mu: 0.6009262 
R_PriorDraw_first_nu: 3.26732 
R-CCU: Before ClusterLabelChange for i = 19 newLabel= 1 currentLabel= 1 
R-CCU: sum(pointsPerCluster) = 2418 
 num [1:4] 2413 1 2 2
NULL
R-CCU: After ClusterLabelChange for i = 19 
R-CCU: sum(pointsPerCluster) = 2419 
 num [1:4] 2414 1 2 2
NULL
R-CCU: dpObj$numberClusters = 4 
List of 2
 $ : num [1, 1, 1:4] 0.483 0.265 0.652 0.719
 $ : num [1, 1, 1:4] 2.54 3.79 3.21 5.57
NULL
R priorParameters: 2 8 
R maxT: 1 
R_PriorDraw_first_mu: 0.4000691 
R_PriorDraw_first_nu: 7.450027 
R-CCU: Before ClusterLabelChange for i = 20 newLabel= 1 currentLabel= 1 
R-CCU: sum(pointsPerCluster) = 2419 
 num [1:4] 2414 1 2 2
NULL
R-CCU: After ClusterLabelChange for i = 20 
R-CCU: sum(pointsPerCluster) = 2420 
 num [1:4] 2415 1 2 2
NULL
R-CCU: dpObj$numberClusters = 4 
List of 2
 $ : num [1, 1, 1:4] 0.483 0.265 0.652 0.719
 $ : num [1, 1, 1:4] 2.54 3.79 3.21 5.57
NULL
R priorParameters: 2 8 
R maxT: 1 
R_PriorDraw_first_mu: 0.669342 
R_PriorDraw_first_nu: 4.648212 
R-CCU: Before ClusterLabelChange for i = 21 newLabel= 1 currentLabel= 1 
R-CCU: sum(pointsPerCluster) = 2420 
 num [1:4] 2415 1 2 2
NULL
R-CCU: After ClusterLabelChange for i = 21 
R-CCU: sum(pointsPerCluster) = 2421 
 num [1:4] 2416 1 2 2
NULL
R-CCU: dpObj$numberClusters = 4 
List of 2
 $ : num [1, 1, 1:4] 0.483 0.265 0.652 0.719
 $ : num [1, 1, 1:4] 2.54 3.79 3.21 5.57
NULL
R priorParameters: 2 8 
R maxT: 1 
R_PriorDraw_first_mu: 0.6522031 
R_PriorDraw_first_nu: 2.280295 
R-CCU: Before ClusterLabelChange for i = 22 newLabel= 1 currentLabel= 1 
R-CCU: sum(pointsPerCluster) = 2421 
 num [1:4] 2416 1 2 2
NULL
R-CCU: After ClusterLabelChange for i = 22 
R-CCU: sum(pointsPerCluster) = 2422 
 num [1:4] 2417 1 2 2
NULL
R-CCU: dpObj$numberClusters = 4 
List of 2
 $ : num [1, 1, 1:4] 0.483 0.265 0.652 0.719
 $ : num [1, 1, 1:4] 2.54 3.79 3.21 5.57
NULL
R priorParameters: 2 8 
R maxT: 1 
R_PriorDraw_first_mu: 0.3940314 
R_PriorDraw_first_nu: 1.36532 
R-CCU: Before ClusterLabelChange for i = 23 newLabel= 1 currentLabel= 1 
R-CCU: sum(pointsPerCluster) = 2422 
 num [1:4] 2417 1 2 2
NULL
R-CCU: After ClusterLabelChange for i = 23 
R-CCU: sum(pointsPerCluster) = 2423 
 num [1:4] 2418 1 2 2
NULL
R-CCU: dpObj$numberClusters = 4 
List of 2
 $ : num [1, 1, 1:4] 0.483 0.265 0.652 0.719
 $ : num [1, 1, 1:4] 2.54 3.79 3.21 5.57
NULL
R priorParameters: 2 8 
R maxT: 1 
R_PriorDraw_first_mu: 0.4838358 
R_PriorDraw_first_nu: 2.220618 
R-CCU: Before ClusterLabelChange for i = 24 newLabel= 1 currentLabel= 1 
R-CCU: sum(pointsPerCluster) = 2423 
 num [1:4] 2418 1 2 2
NULL
R-CCU: After ClusterLabelChange for i = 24 
R-CCU: sum(pointsPerCluster) = 2424 
 num [1:4] 2419 1 2 2
NULL
R-CCU: dpObj$numberClusters = 4 
List of 2
 $ : num [1, 1, 1:4] 0.483 0.265 0.652 0.719
 $ : num [1, 1, 1:4] 2.54 3.79 3.21 5.57
NULL
R priorParameters: 2 8 
R maxT: 1 
R_PriorDraw_first_mu: 0.9322371 
R_PriorDraw_first_nu: 15.44437 
R-CCU: Before ClusterLabelChange for i = 25 newLabel= 1 currentLabel= 1 
R-CCU: sum(pointsPerCluster) = 2424 
 num [1:4] 2419 1 2 2
NULL
R-CCU: After ClusterLabelChange for i = 25 
R-CCU: sum(pointsPerCluster) = 2425 
 num [1:4] 2420 1 2 2
NULL
R-CCU: dpObj$numberClusters = 4 
List of 2
 $ : num [1, 1, 1:4] 0.483 0.265 0.652 0.719
 $ : num [1, 1, 1:4] 2.54 3.79 3.21 5.57
NULL
R priorParameters: 2 8 
R maxT: 1 
R_PriorDraw_first_mu: 0.8468279 
R_PriorDraw_first_nu: 2.081117 
R-CCU: Before ClusterLabelChange for i = 26 newLabel= 1 currentLabel= 1 
R-CCU: sum(pointsPerCluster) = 2425 
 num [1:4] 2420 1 2 2
NULL
R-CCU: After ClusterLabelChange for i = 26 
R-CCU: sum(pointsPerCluster) = 2426 
 num [1:4] 2421 1 2 2
NULL
R-CCU: dpObj$numberClusters = 4 
List of 2
 $ : num [1, 1, 1:4] 0.483 0.265 0.652 0.719
 $ : num [1, 1, 1:4] 2.54 3.79 3.21 5.57
NULL
R priorParameters: 2 8 
R maxT: 1 
R_PriorDraw_first_mu: 0.7620488 
R_PriorDraw_first_nu: 4.655436 
R-CCU: Before ClusterLabelChange for i = 27 newLabel= 1 currentLabel= 1 
R-CCU: sum(pointsPerCluster) = 2426 
 num [1:4] 2421 1 2 2
NULL
R-CCU: After ClusterLabelChange for i = 27 
R-CCU: sum(pointsPerCluster) = 2427 
 num [1:4] 2422 1 2 2
NULL
R-CCU: dpObj$numberClusters = 4 
List of 2
 $ : num [1, 1, 1:4] 0.483 0.265 0.652 0.719
 $ : num [1, 1, 1:4] 2.54 3.79 3.21 5.57
NULL
R priorParameters: 2 8 
R maxT: 1 
R_PriorDraw_first_mu: 0.1997241 
R_PriorDraw_first_nu: 18.05311 
R-CCU: Before ClusterLabelChange for i = 28 newLabel= 1 currentLabel= 1 
R-CCU: sum(pointsPerCluster) = 2427 
 num [1:4] 2422 1 2 2
NULL
R-CCU: After ClusterLabelChange for i = 28 
R-CCU: sum(pointsPerCluster) = 2428 
 num [1:4] 2423 1 2 2
NULL
R-CCU: dpObj$numberClusters = 4 
List of 2
 $ : num [1, 1, 1:4] 0.483 0.265 0.652 0.719
 $ : num [1, 1, 1:4] 2.54 3.79 3.21 5.57
NULL
R priorParameters: 2 8 
R maxT: 1 
R_PriorDraw_first_mu: 0.1837308 
R_PriorDraw_first_nu: 4.104775 
R-CCU: Before ClusterLabelChange for i = 29 newLabel= 1 currentLabel= 1 
R-CCU: sum(pointsPerCluster) = 2428 
 num [1:4] 2423 1 2 2
NULL
R-CCU: After ClusterLabelChange for i = 29 
R-CCU: sum(pointsPerCluster) = 2429 
 num [1:4] 2424 1 2 2
NULL
R-CCU: dpObj$numberClusters = 4 
List of 2
 $ : num [1, 1, 1:4] 0.483 0.265 0.652 0.719
 $ : num [1, 1, 1:4] 2.54 3.79 3.21 5.57
NULL
R priorParameters: 2 8 
R maxT: 1 
R_PriorDraw_first_mu: 0.1121974 
R_PriorDraw_first_nu: 3.701981 
R-CCU: Before ClusterLabelChange for i = 30 newLabel= 1 currentLabel= 1 
R-CCU: sum(pointsPerCluster) = 2429 
 num [1:4] 2424 1 2 2
NULL
R-CCU: After ClusterLabelChange for i = 30 
R-CCU: sum(pointsPerCluster) = 2430 
 num [1:4] 2425 1 2 2
NULL
R-CCU: dpObj$numberClusters = 4 
List of 2
 $ : num [1, 1, 1:4] 0.483 0.265 0.652 0.719
 $ : num [1, 1, 1:4] 2.54 3.79 3.21 5.57
NULL
R priorParameters: 2 8 
R maxT: 1 
R_PriorDraw_first_mu: 0.4771518 
R_PriorDraw_first_nu: 36.25145 
R-CCU: Before ClusterLabelChange for i = 31 newLabel= 1 currentLabel= 1 
R-CCU: sum(pointsPerCluster) = 2430 
 num [1:4] 2425 1 2 2
NULL
R-CCU: After ClusterLabelChange for i = 31 
R-CCU: sum(pointsPerCluster) = 2431 
 num [1:4] 2426 1 2 2
NULL
R-CCU: dpObj$numberClusters = 4 
List of 2
 $ : num [1, 1, 1:4] 0.483 0.265 0.652 0.719
 $ : num [1, 1, 1:4] 2.54 3.79 3.21 5.57
NULL
R priorParameters: 2 8 
R maxT: 1 
R_PriorDraw_first_mu: 0.2493253 
R_PriorDraw_first_nu: 3.570167 
R-CCU: Before ClusterLabelChange for i = 32 newLabel= 1 currentLabel= 1 
R-CCU: sum(pointsPerCluster) = 2431 
 num [1:4] 2426 1 2 2
NULL
R-CCU: After ClusterLabelChange for i = 32 
R-CCU: sum(pointsPerCluster) = 2432 
 num [1:4] 2427 1 2 2
NULL
R-CCU: dpObj$numberClusters = 4 
List of 2
 $ : num [1, 1, 1:4] 0.483 0.265 0.652 0.719
 $ : num [1, 1, 1:4] 2.54 3.79 3.21 5.57
NULL
R priorParameters: 2 8 
R maxT: 1 
R_PriorDraw_first_mu: 0.2188289 
R_PriorDraw_first_nu: 3.77046 
R-CCU: Before ClusterLabelChange for i = 33 newLabel= 1 currentLabel= 1 
R-CCU: sum(pointsPerCluster) = 2432 
 num [1:4] 2427 1 2 2
NULL
R-CCU: After ClusterLabelChange for i = 33 
R-CCU: sum(pointsPerCluster) = 2433 
 num [1:4] 2428 1 2 2
NULL
R-CCU: dpObj$numberClusters = 4 
List of 2
 $ : num [1, 1, 1:4] 0.483 0.265 0.652 0.719
 $ : num [1, 1, 1:4] 2.54 3.79 3.21 5.57
NULL
R priorParameters: 2 8 
R maxT: 1 
R_PriorDraw_first_mu: 0.09266941 
R_PriorDraw_first_nu: 9.159492 
R-CCU: Before ClusterLabelChange for i = 34 newLabel= 1 currentLabel= 1 
R-CCU: sum(pointsPerCluster) = 2433 
 num [1:4] 2428 1 2 2
NULL
R-CCU: After ClusterLabelChange for i = 34 
R-CCU: sum(pointsPerCluster) = 2434 
 num [1:4] 2429 1 2 2
NULL
R-CCU: dpObj$numberClusters = 4 
List of 2
 $ : num [1, 1, 1:4] 0.483 0.265 0.652 0.719
 $ : num [1, 1, 1:4] 2.54 3.79 3.21 5.57
NULL
R priorParameters: 2 8 
R maxT: 1 
R_PriorDraw_first_mu: 0.6094962 
R_PriorDraw_first_nu: 8.100695 
R-CCU: Before ClusterLabelChange for i = 35 newLabel= 1 currentLabel= 1 
R-CCU: sum(pointsPerCluster) = 2434 
 num [1:4] 2429 1 2 2
NULL
R-CCU: After ClusterLabelChange for i = 35 
R-CCU: sum(pointsPerCluster) = 2435 
 num [1:4] 2430 1 2 2
NULL
R-CCU: dpObj$numberClusters = 4 
List of 2
 $ : num [1, 1, 1:4] 0.483 0.265 0.652 0.719
 $ : num [1, 1, 1:4] 2.54 3.79 3.21 5.57
NULL
R priorParameters: 2 8 
R maxT: 1 
R_PriorDraw_first_mu: 0.2595957 
R_PriorDraw_first_nu: 4.899302 
R-CCU: Before ClusterLabelChange for i = 36 newLabel= 1 currentLabel= 1 
R-CCU: sum(pointsPerCluster) = 2435 
 num [1:4] 2430 1 2 2
NULL
R-CCU: After ClusterLabelChange for i = 36 
R-CCU: sum(pointsPerCluster) = 2436 
 num [1:4] 2431 1 2 2
NULL
R-CCU: dpObj$numberClusters = 4 
List of 2
 $ : num [1, 1, 1:4] 0.483 0.265 0.652 0.719
 $ : num [1, 1, 1:4] 2.54 3.79 3.21 5.57
NULL
R priorParameters: 2 8 
R maxT: 1 
R_PriorDraw_first_mu: 0.6460184 
R_PriorDraw_first_nu: 3.202637 
R-CCU: Before ClusterLabelChange for i = 37 newLabel= 1 currentLabel= 1 
R-CCU: sum(pointsPerCluster) = 2436 
 num [1:4] 2431 1 2 2
NULL
R-CCU: After ClusterLabelChange for i = 37 
R-CCU: sum(pointsPerCluster) = 2437 
 num [1:4] 2432 1 2 2
NULL
R-CCU: dpObj$numberClusters = 4 
List of 2
 $ : num [1, 1, 1:4] 0.483 0.265 0.652 0.719
 $ : num [1, 1, 1:4] 2.54 3.79 3.21 5.57
NULL
R priorParameters: 2 8 
R maxT: 1 
R_PriorDraw_first_mu: 0.4720223 
R_PriorDraw_first_nu: 2.150012 
R-CCU: Before ClusterLabelChange for i = 38 newLabel= 1 currentLabel= 1 
R-CCU: sum(pointsPerCluster) = 2437 
 num [1:4] 2432 1 2 2
NULL
R-CCU: After ClusterLabelChange for i = 38 
R-CCU: sum(pointsPerCluster) = 2438 
 num [1:4] 2433 1 2 2
NULL
R-CCU: dpObj$numberClusters = 4 
List of 2
 $ : num [1, 1, 1:4] 0.483 0.265 0.652 0.719
 $ : num [1, 1, 1:4] 2.54 3.79 3.21 5.57
NULL
R priorParameters: 2 8 
R maxT: 1 
R_PriorDraw_first_mu: 0.2060351 
R_PriorDraw_first_nu: 7.355475 
R-CCU: Before ClusterLabelChange for i = 39 newLabel= 1 currentLabel= 1 
R-CCU: sum(pointsPerCluster) = 2438 
 num [1:4] 2433 1 2 2
NULL
R-CCU: After ClusterLabelChange for i = 39 
R-CCU: sum(pointsPerCluster) = 2439 
 num [1:4] 2434 1 2 2
NULL
R-CCU: dpObj$numberClusters = 4 
List of 2
 $ : num [1, 1, 1:4] 0.483 0.265 0.652 0.719
 $ : num [1, 1, 1:4] 2.54 3.79 3.21 5.57
NULL
R priorParameters: 2 8 
R maxT: 1 
R_PriorDraw_first_mu: 0.6989348 
R_PriorDraw_first_nu: 6.685269 
R-CCU: Before ClusterLabelChange for i = 40 newLabel= 1 currentLabel= 1 
R-CCU: sum(pointsPerCluster) = 2439 
 num [1:4] 2434 1 2 2
NULL
R-CCU: After ClusterLabelChange for i = 40 
R-CCU: sum(pointsPerCluster) = 2440 
 num [1:4] 2435 1 2 2
NULL
R-CCU: dpObj$numberClusters = 4 
List of 2
 $ : num [1, 1, 1:4] 0.483 0.265 0.652 0.719
 $ : num [1, 1, 1:4] 2.54 3.79 3.21 5.57
NULL
R priorParameters: 2 8 
R maxT: 1 
R_PriorDraw_first_mu: 0.5826777 
R_PriorDraw_first_nu: 3.675403 
R-CCU: Before ClusterLabelChange for i = 41 newLabel= 1 currentLabel= 1 
R-CCU: sum(pointsPerCluster) = 2440 
 num [1:4] 2435 1 2 2
NULL
R-CCU: After ClusterLabelChange for i = 41 
R-CCU: sum(pointsPerCluster) = 2441 
 num [1:4] 2436 1 2 2
NULL
R-CCU: dpObj$numberClusters = 4 
List of 2
 $ : num [1, 1, 1:4] 0.483 0.265 0.652 0.719
 $ : num [1, 1, 1:4] 2.54 3.79 3.21 5.57
NULL
R priorParameters: 2 8 
R maxT: 1 
R_PriorDraw_first_mu: 0.6775918 
R_PriorDraw_first_nu: 5.587429 
R-CCU: Before ClusterLabelChange for i = 42 newLabel= 1 currentLabel= 1 
R-CCU: sum(pointsPerCluster) = 2441 
 num [1:4] 2436 1 2 2
NULL
R-CCU: After ClusterLabelChange for i = 42 
R-CCU: sum(pointsPerCluster) = 2442 
 num [1:4] 2437 1 2 2
NULL
R-CCU: dpObj$numberClusters = 4 
List of 2
 $ : num [1, 1, 1:4] 0.483 0.265 0.652 0.719
 $ : num [1, 1, 1:4] 2.54 3.79 3.21 5.57
NULL
R priorParameters: 2 8 
R maxT: 1 
R_PriorDraw_first_mu: 0.3872503 
R_PriorDraw_first_nu: 1.583096 
R-CCU: Before ClusterLabelChange for i = 43 newLabel= 1 currentLabel= 1 
R-CCU: sum(pointsPerCluster) = 2442 
 num [1:4] 2437 1 2 2
NULL
R-CCU: After ClusterLabelChange for i = 43 
R-CCU: sum(pointsPerCluster) = 2443 
 num [1:4] 2438 1 2 2
NULL
R-CCU: dpObj$numberClusters = 4 
List of 2
 $ : num [1, 1, 1:4] 0.483 0.265 0.652 0.719
 $ : num [1, 1, 1:4] 2.54 3.79 3.21 5.57
NULL
R priorParameters: 2 8 
R maxT: 1 
R_PriorDraw_first_mu: 0.3365161 
R_PriorDraw_first_nu: 7.248918 
R-CCU: Before ClusterLabelChange for i = 44 newLabel= 1 currentLabel= 1 
R-CCU: sum(pointsPerCluster) = 2443 
 num [1:4] 2438 1 2 2
NULL
R-CCU: After ClusterLabelChange for i = 44 
R-CCU: sum(pointsPerCluster) = 2444 
 num [1:4] 2439 1 2 2
NULL
R-CCU: dpObj$numberClusters = 4 
List of 2
 $ : num [1, 1, 1:4] 0.483 0.265 0.652 0.719
 $ : num [1, 1, 1:4] 2.54 3.79 3.21 5.57
NULL
R priorParameters: 2 8 
R maxT: 1 
R_PriorDraw_first_mu: 0.6835144 
R_PriorDraw_first_nu: 5.232134 
R-CCU: Before ClusterLabelChange for i = 45 newLabel= 1 currentLabel= 1 
R-CCU: sum(pointsPerCluster) = 2444 
 num [1:4] 2439 1 2 2
NULL
R-CCU: After ClusterLabelChange for i = 45 
R-CCU: sum(pointsPerCluster) = 2445 
 num [1:4] 2440 1 2 2
NULL
R-CCU: dpObj$numberClusters = 4 
List of 2
 $ : num [1, 1, 1:4] 0.483 0.265 0.652 0.719
 $ : num [1, 1, 1:4] 2.54 3.79 3.21 5.57
NULL
R priorParameters: 2 8 
R maxT: 1 
R_PriorDraw_first_mu: 0.4904574 
R_PriorDraw_first_nu: 7.726455 
R-CCU: Before ClusterLabelChange for i = 46 newLabel= 1 currentLabel= 1 
R-CCU: sum(pointsPerCluster) = 2445 
 num [1:4] 2440 1 2 2
NULL
R-CCU: After ClusterLabelChange for i = 46 
R-CCU: sum(pointsPerCluster) = 2446 
 num [1:4] 2441 1 2 2
NULL
R-CCU: dpObj$numberClusters = 4 
List of 2
 $ : num [1, 1, 1:4] 0.483 0.265 0.652 0.719
 $ : num [1, 1, 1:4] 2.54 3.79 3.21 5.57
NULL
R priorParameters: 2 8 
R maxT: 1 
R_PriorDraw_first_mu: 0.9144629 
R_PriorDraw_first_nu: 9.208212 
R-CCU: Before ClusterLabelChange for i = 47 newLabel= 1 currentLabel= 1 
R-CCU: sum(pointsPerCluster) = 2446 
 num [1:4] 2441 1 2 2
NULL
R-CCU: After ClusterLabelChange for i = 47 
R-CCU: sum(pointsPerCluster) = 2447 
 num [1:4] 2442 1 2 2
NULL
R-CCU: dpObj$numberClusters = 4 
List of 2
 $ : num [1, 1, 1:4] 0.483 0.265 0.652 0.719
 $ : num [1, 1, 1:4] 2.54 3.79 3.21 5.57
NULL
R priorParameters: 2 8 
R maxT: 1 
R_PriorDraw_first_mu: 0.07854718 
R_PriorDraw_first_nu: 11.18881 
R-CCU: Before ClusterLabelChange for i = 48 newLabel= 1 currentLabel= 1 
R-CCU: sum(pointsPerCluster) = 2447 
 num [1:4] 2442 1 2 2
NULL
R-CCU: After ClusterLabelChange for i = 48 
R-CCU: sum(pointsPerCluster) = 2448 
 num [1:4] 2443 1 2 2
NULL
R-CCU: dpObj$numberClusters = 4 
List of 2
 $ : num [1, 1, 1:4] 0.483 0.265 0.652 0.719
 $ : num [1, 1, 1:4] 2.54 3.79 3.21 5.57
NULL
R priorParameters: 2 8 
R maxT: 1 
R_PriorDraw_first_mu: 0.2209215 
R_PriorDraw_first_nu: 2.665042 
R-CCU: Before ClusterLabelChange for i = 49 newLabel= 1 currentLabel= 4 
R-CCU: sum(pointsPerCluster) = 2448 
 num [1:4] 2443 1 2 2
NULL
R-CCU: After ClusterLabelChange for i = 49 
R-CCU: sum(pointsPerCluster) = 2449 
 num [1:4] 2444 1 2 2
NULL
R-CCU: dpObj$numberClusters = 4 
List of 2
 $ : num [1, 1, 1:4] 0.483 0.265 0.652 0.719
 $ : num [1, 1, 1:4] 2.54 3.79 3.21 5.57
NULL
R priorParameters: 2 8 
R maxT: 1 
R_PriorDraw_first_mu: 0.03464375 
R_PriorDraw_first_nu: 2.168182 
R-CCU: Before ClusterLabelChange for i = 50 newLabel= 1 currentLabel= 1 
R-CCU: sum(pointsPerCluster) = 2449 
 num [1:4] 2444 1 2 2
NULL
R-CCU: After ClusterLabelChange for i = 50 
R-CCU: sum(pointsPerCluster) = 2450 
 num [1:4] 2445 1 2 2
NULL
R-CCU: dpObj$numberClusters = 4 
List of 2
 $ : num [1, 1, 1:4] 0.483 0.265 0.652 0.719
 $ : num [1, 1, 1:4] 2.54 3.79 3.21 5.57
NULL
R priorParameters: 2 8 
R maxT: 1 
R_PriorDraw_first_mu: 0.7674598 
R_PriorDraw_first_nu: 2.083389 
R-CCU: Before ClusterLabelChange for i = 51 newLabel= 1 currentLabel= 1 
R-CCU: sum(pointsPerCluster) = 2450 
 num [1:4] 2445 1 2 2
NULL
R-CCU: After ClusterLabelChange for i = 51 
R-CCU: sum(pointsPerCluster) = 2451 
 num [1:4] 2446 1 2 2
NULL
R-CCU: dpObj$numberClusters = 4 
List of 2
 $ : num [1, 1, 1:4] 0.483 0.265 0.652 0.719
 $ : num [1, 1, 1:4] 2.54 3.79 3.21 5.57
NULL
R priorParameters: 2 8 
R maxT: 1 
R_PriorDraw_first_mu: 0.6533871 
R_PriorDraw_first_nu: 16.99484 
R-CCU: Before ClusterLabelChange for i = 52 newLabel= 1 currentLabel= 1 
R-CCU: sum(pointsPerCluster) = 2451 
 num [1:4] 2446 1 2 2
NULL
R-CCU: After ClusterLabelChange for i = 52 
R-CCU: sum(pointsPerCluster) = 2452 
 num [1:4] 2447 1 2 2
NULL
R-CCU: dpObj$numberClusters = 4 
List of 2
 $ : num [1, 1, 1:4] 0.483 0.265 0.652 0.719
 $ : num [1, 1, 1:4] 2.54 3.79 3.21 5.57
NULL
R priorParameters: 2 8 
R maxT: 1 
R_PriorDraw_first_mu: 0.3437371 
R_PriorDraw_first_nu: 11.86281 
R-CCU: Before ClusterLabelChange for i = 53 newLabel= 1 currentLabel= 1 
R-CCU: sum(pointsPerCluster) = 2452 
 num [1:4] 2447 1 2 2
NULL
R-CCU: After ClusterLabelChange for i = 53 
R-CCU: sum(pointsPerCluster) = 2453 
 num [1:4] 2448 1 2 2
NULL
R-CCU: dpObj$numberClusters = 4 
List of 2
 $ : num [1, 1, 1:4] 0.483 0.265 0.652 0.719
 $ : num [1, 1, 1:4] 2.54 3.79 3.21 5.57
NULL
R priorParameters: 2 8 
R maxT: 1 
R_PriorDraw_first_mu: 0.1755088 
R_PriorDraw_first_nu: 6.222247 
R-CCU: Before ClusterLabelChange for i = 54 newLabel= 1 currentLabel= 1 
R-CCU: sum(pointsPerCluster) = 2453 
 num [1:4] 2448 1 2 2
NULL
R-CCU: After ClusterLabelChange for i = 54 
R-CCU: sum(pointsPerCluster) = 2454 
 num [1:4] 2449 1 2 2
NULL
R-CCU: dpObj$numberClusters = 4 
List of 2
 $ : num [1, 1, 1:4] 0.483 0.265 0.652 0.719
 $ : num [1, 1, 1:4] 2.54 3.79 3.21 5.57
NULL
R priorParameters: 2 8 
R maxT: 1 
R_PriorDraw_first_mu: 0.1361694 
R_PriorDraw_first_nu: 3.969374 
R-CCU: Before ClusterLabelChange for i = 55 newLabel= 1 currentLabel= 1 
R-CCU: sum(pointsPerCluster) = 2454 
 num [1:4] 2449 1 2 2
NULL
R-CCU: After ClusterLabelChange for i = 55 
R-CCU: sum(pointsPerCluster) = 2455 
 num [1:4] 2450 1 2 2
NULL
R-CCU: dpObj$numberClusters = 4 
List of 2
 $ : num [1, 1, 1:4] 0.483 0.265 0.652 0.719
 $ : num [1, 1, 1:4] 2.54 3.79 3.21 5.57
NULL
R priorParameters: 2 8 
R maxT: 1 
R_PriorDraw_first_mu: 0.589823 
R_PriorDraw_first_nu: 4.379921 
R-CCU: Before ClusterLabelChange for i = 56 newLabel= 1 currentLabel= 1 
R-CCU: sum(pointsPerCluster) = 2455 
 num [1:4] 2450 1 2 2
NULL
R-CCU: After ClusterLabelChange for i = 56 
R-CCU: sum(pointsPerCluster) = 2456 
 num [1:4] 2451 1 2 2
NULL
R-CCU: dpObj$numberClusters = 4 
List of 2
 $ : num [1, 1, 1:4] 0.483 0.265 0.652 0.719
 $ : num [1, 1, 1:4] 2.54 3.79 3.21 5.57
NULL
R priorParameters: 2 8 
R maxT: 1 
R_PriorDraw_first_mu: 0.7786778 
R_PriorDraw_first_nu: 2.289669 
R-CCU: Before ClusterLabelChange for i = 57 newLabel= 1 currentLabel= 1 
R-CCU: sum(pointsPerCluster) = 2456 
 num [1:4] 2451 1 2 2
NULL
R-CCU: After ClusterLabelChange for i = 57 
R-CCU: sum(pointsPerCluster) = 2457 
 num [1:4] 2452 1 2 2
NULL
R-CCU: dpObj$numberClusters = 4 
List of 2
 $ : num [1, 1, 1:4] 0.483 0.265 0.652 0.719
 $ : num [1, 1, 1:4] 2.54 3.79 3.21 5.57
NULL
R priorParameters: 2 8 
R maxT: 1 
R_PriorDraw_first_mu: 0.2033933 
R_PriorDraw_first_nu: 6.837313 
R-CCU: Before ClusterLabelChange for i = 58 newLabel= 1 currentLabel= 1 
R-CCU: sum(pointsPerCluster) = 2457 
 num [1:4] 2452 1 2 2
NULL
R-CCU: After ClusterLabelChange for i = 58 
R-CCU: sum(pointsPerCluster) = 2458 
 num [1:4] 2453 1 2 2
NULL
R-CCU: dpObj$numberClusters = 4 
List of 2
 $ : num [1, 1, 1:4] 0.483 0.265 0.652 0.719
 $ : num [1, 1, 1:4] 2.54 3.79 3.21 5.57
NULL
R priorParameters: 2 8 
R maxT: 1 
R_PriorDraw_first_mu: 0.5833756 
R_PriorDraw_first_nu: 2.146554 
R-CCU: Before ClusterLabelChange for i = 59 newLabel= 1 currentLabel= 1 
R-CCU: sum(pointsPerCluster) = 2458 
 num [1:4] 2453 1 2 2
NULL
R-CCU: After ClusterLabelChange for i = 59 
R-CCU: sum(pointsPerCluster) = 2459 
 num [1:4] 2454 1 2 2
NULL
R-CCU: dpObj$numberClusters = 4 
List of 2
 $ : num [1, 1, 1:4] 0.483 0.265 0.652 0.719
 $ : num [1, 1, 1:4] 2.54 3.79 3.21 5.57
NULL
R priorParameters: 2 8 
R maxT: 1 
R_PriorDraw_first_mu: 0.1649104 
R_PriorDraw_first_nu: 3.218436 
R-CCU: Before ClusterLabelChange for i = 60 newLabel= 1 currentLabel= 1 
R-CCU: sum(pointsPerCluster) = 2459 
 num [1:4] 2454 1 2 2
NULL
R-CCU: After ClusterLabelChange for i = 60 
R-CCU: sum(pointsPerCluster) = 2460 
 num [1:4] 2455 1 2 2
NULL
R-CCU: dpObj$numberClusters = 4 
List of 2
 $ : num [1, 1, 1:4] 0.483 0.265 0.652 0.719
 $ : num [1, 1, 1:4] 2.54 3.79 3.21 5.57
NULL

⠏ |   80      0 | Beta Distribution Full Integration Test          R priorParameters: 2 8 
R maxT: 1 
R_PriorDraw_first_mu: 0.3077729 
R_PriorDraw_first_nu: 3.727987 
R-CCU: Before ClusterLabelChange for i = 1 newLabel= 1 currentLabel= 1 
R-CCU: sum(pointsPerCluster) = 2460 
 num [1:4] 2455 1 2 2
NULL
R-CCU: After ClusterLabelChange for i = 1 
R-CCU: sum(pointsPerCluster) = 2461 
 num [1:4] 2456 1 2 2
NULL
R-CCU: dpObj$numberClusters = 4 
List of 2
 $ : num [1, 1, 1:4] 0.483 0.265 0.652 0.719
 $ : num [1, 1, 1:4] 2.71 3.79 3.21 5.57
NULL
R priorParameters: 2 8 
R maxT: 1 
R_PriorDraw_first_mu: 0.8760689 
R_PriorDraw_first_nu: 18.37119 
R-CCU: Before ClusterLabelChange for i = 2 newLabel= 1 currentLabel= 1 
R-CCU: sum(pointsPerCluster) = 2461 
 num [1:4] 2456 1 2 2
NULL
R-CCU: After ClusterLabelChange for i = 2 
R-CCU: sum(pointsPerCluster) = 2462 
 num [1:4] 2457 1 2 2
NULL
R-CCU: dpObj$numberClusters = 4 
List of 2
 $ : num [1, 1, 1:4] 0.483 0.265 0.652 0.719
 $ : num [1, 1, 1:4] 2.71 3.79 3.21 5.57
NULL
R priorParameters: 2 8 
R maxT: 1 
R_PriorDraw_first_mu: 0.3194846 
R_PriorDraw_first_nu: 2.754563 
R-CCU: Before ClusterLabelChange for i = 3 newLabel= 1 currentLabel= 1 
R-CCU: sum(pointsPerCluster) = 2462 
 num [1:4] 2457 1 2 2
NULL
R-CCU: After ClusterLabelChange for i = 3 
R-CCU: sum(pointsPerCluster) = 2463 
 num [1:4] 2458 1 2 2
NULL
R-CCU: dpObj$numberClusters = 4 
List of 2
 $ : num [1, 1, 1:4] 0.483 0.265 0.652 0.719
 $ : num [1, 1, 1:4] 2.71 3.79 3.21 5.57
NULL
R priorParameters: 2 8 
R maxT: 1 
R_PriorDraw_first_mu: 0.6293139 
R_PriorDraw_first_nu: 4.740692 
R-CCU: Before ClusterLabelChange for i = 4 newLabel= 1 currentLabel= 1 
R-CCU: sum(pointsPerCluster) = 2463 
 num [1:4] 2458 1 2 2
NULL
R-CCU: After ClusterLabelChange for i = 4 
R-CCU: sum(pointsPerCluster) = 2464 
 num [1:4] 2459 1 2 2
NULL
R-CCU: dpObj$numberClusters = 4 
List of 2
 $ : num [1, 1, 1:4] 0.483 0.265 0.652 0.719
 $ : num [1, 1, 1:4] 2.71 3.79 3.21 5.57
NULL
R priorParameters: 2 8 
R maxT: 1 
R_PriorDraw_first_mu: 0.1635997 
R_PriorDraw_first_nu: 6.848975 
R-CCU: Before ClusterLabelChange for i = 5 newLabel= 1 currentLabel= 1 
R-CCU: sum(pointsPerCluster) = 2464 
 num [1:4] 2459 1 2 2
NULL
R-CCU: After ClusterLabelChange for i = 5 
R-CCU: sum(pointsPerCluster) = 2465 
 num [1:4] 2460 1 2 2
NULL
R-CCU: dpObj$numberClusters = 4 
List of 2
 $ : num [1, 1, 1:4] 0.483 0.265 0.652 0.719
 $ : num [1, 1, 1:4] 2.71 3.79 3.21 5.57
NULL
R priorParameters: 2 8 
R maxT: 1 
R_PriorDraw_first_mu: 0.3545361 
R_PriorDraw_first_nu: 11.64792 
R-CCU: Before ClusterLabelChange for i = 6 newLabel= 1 currentLabel= 1 
R-CCU: sum(pointsPerCluster) = 2465 
 num [1:4] 2460 1 2 2
NULL
R-CCU: After ClusterLabelChange for i = 6 
R-CCU: sum(pointsPerCluster) = 2466 
 num [1:4] 2461 1 2 2
NULL
R-CCU: dpObj$numberClusters = 4 
List of 2
 $ : num [1, 1, 1:4] 0.483 0.265 0.652 0.719
 $ : num [1, 1, 1:4] 2.71 3.79 3.21 5.57
NULL
R priorParameters: 2 8 
R maxT: 1 
R_PriorDraw_first_mu: 0.6685046 
R_PriorDraw_first_nu: 3.328336 
R-CCU: Before ClusterLabelChange for i = 7 newLabel= 1 currentLabel= 1 
R-CCU: sum(pointsPerCluster) = 2466 
 num [1:4] 2461 1 2 2
NULL
R-CCU: After ClusterLabelChange for i = 7 
R-CCU: sum(pointsPerCluster) = 2467 
 num [1:4] 2462 1 2 2
NULL
R-CCU: dpObj$numberClusters = 4 
List of 2
 $ : num [1, 1, 1:4] 0.483 0.265 0.652 0.719
 $ : num [1, 1, 1:4] 2.71 3.79 3.21 5.57
NULL
R priorParameters: 2 8 
R maxT: 1 
R_PriorDraw_first_mu: 0.9975492 
R_PriorDraw_first_nu: 6.010176 
R-CCU: Before ClusterLabelChange for i = 8 newLabel= 1 currentLabel= 1 
R-CCU: sum(pointsPerCluster) = 2467 
 num [1:4] 2462 1 2 2
NULL
R-CCU: After ClusterLabelChange for i = 8 
R-CCU: sum(pointsPerCluster) = 2468 
 num [1:4] 2463 1 2 2
NULL
R-CCU: dpObj$numberClusters = 4 
List of 2
 $ : num [1, 1, 1:4] 0.483 0.265 0.652 0.719
 $ : num [1, 1, 1:4] 2.71 3.79 3.21 5.57
NULL
R priorParameters: 2 8 
R maxT: 1 
R_PriorDraw_first_mu: 0.2215471 
R_PriorDraw_first_nu: 4.766496 
R-CCU: Before ClusterLabelChange for i = 9 newLabel= 1 currentLabel= 1 
R-CCU: sum(pointsPerCluster) = 2468 
 num [1:4] 2463 1 2 2
NULL
R-CCU: After ClusterLabelChange for i = 9 
R-CCU: sum(pointsPerCluster) = 2469 
 num [1:4] 2464 1 2 2
NULL
R-CCU: dpObj$numberClusters = 4 
List of 2
 $ : num [1, 1, 1:4] 0.483 0.265 0.652 0.719
 $ : num [1, 1, 1:4] 2.71 3.79 3.21 5.57
NULL
R priorParameters: 2 8 
R maxT: 1 
R_PriorDraw_first_mu: 0.6923913 
R_PriorDraw_first_nu: 2.722094 
R-CCU: Before ClusterLabelChange for i = 10 newLabel= 1 currentLabel= 1 
R-CCU: sum(pointsPerCluster) = 2469 
 num [1:4] 2464 1 2 2
NULL
R-CCU: After ClusterLabelChange for i = 10 
R-CCU: sum(pointsPerCluster) = 2470 
 num [1:4] 2465 1 2 2
NULL
R-CCU: dpObj$numberClusters = 4 
List of 2
 $ : num [1, 1, 1:4] 0.483 0.265 0.652 0.719
 $ : num [1, 1, 1:4] 2.71 3.79 3.21 5.57
NULL
R priorParameters: 2 8 
R maxT: 1 
R_PriorDraw_first_mu: 0.3600995 
R_PriorDraw_first_nu: 2.268431 
R-CCU: Before ClusterLabelChange for i = 11 newLabel= 1 currentLabel= 1 
R-CCU: sum(pointsPerCluster) = 2470 
 num [1:4] 2465 1 2 2
NULL
R-CCU: After ClusterLabelChange for i = 11 
R-CCU: sum(pointsPerCluster) = 2471 
 num [1:4] 2466 1 2 2
NULL
R-CCU: dpObj$numberClusters = 4 
List of 2
 $ : num [1, 1, 1:4] 0.483 0.265 0.652 0.719
 $ : num [1, 1, 1:4] 2.71 3.79 3.21 5.57
NULL
R priorParameters: 2 8 
R maxT: 1 
R_PriorDraw_first_mu: 0.7747358 
R_PriorDraw_first_nu: 10.23161 
R-CCU: Before ClusterLabelChange for i = 12 newLabel= 1 currentLabel= 1 
R-CCU: sum(pointsPerCluster) = 2471 
 num [1:4] 2466 1 2 2
NULL
R-CCU: After ClusterLabelChange for i = 12 
R-CCU: sum(pointsPerCluster) = 2472 
 num [1:4] 2467 1 2 2
NULL
R-CCU: dpObj$numberClusters = 4 
List of 2
 $ : num [1, 1, 1:4] 0.483 0.265 0.652 0.719
 $ : num [1, 1, 1:4] 2.71 3.79 3.21 5.57
NULL
R priorParameters: 2 8 
R maxT: 1 
R_PriorDraw_first_mu: 0.08144085 
R_PriorDraw_first_nu: 3.077614 
R-CCU: Before ClusterLabelChange for i = 13 newLabel= 1 currentLabel= 1 
R-CCU: sum(pointsPerCluster) = 2472 
 num [1:4] 2467 1 2 2
NULL
R-CCU: After ClusterLabelChange for i = 13 
R-CCU: sum(pointsPerCluster) = 2473 
 num [1:4] 2468 1 2 2
NULL
R-CCU: dpObj$numberClusters = 4 
List of 2
 $ : num [1, 1, 1:4] 0.483 0.265 0.652 0.719
 $ : num [1, 1, 1:4] 2.71 3.79 3.21 5.57
NULL
R priorParameters: 2 8 
R maxT: 1 
R_PriorDraw_first_mu: 0.9416229 
R_PriorDraw_first_nu: 6.481927 
R-CCU: Before ClusterLabelChange for i = 14 newLabel= 1 currentLabel= 1 
R-CCU: sum(pointsPerCluster) = 2473 
 num [1:4] 2468 1 2 2
NULL
R-CCU: After ClusterLabelChange for i = 14 
R-CCU: sum(pointsPerCluster) = 2474 
 num [1:4] 2469 1 2 2
NULL
R-CCU: dpObj$numberClusters = 4 
List of 2
 $ : num [1, 1, 1:4] 0.483 0.265 0.652 0.719
 $ : num [1, 1, 1:4] 2.71 3.79 3.21 5.57
NULL
R priorParameters: 2 8 
R maxT: 1 
R_PriorDraw_first_mu: 0.3559807 
R_PriorDraw_first_nu: 6.882114 
R-CCU: Before ClusterLabelChange for i = 15 newLabel= 1 currentLabel= 1 
R-CCU: sum(pointsPerCluster) = 2474 
 num [1:4] 2469 1 2 2
NULL
R-CCU: After ClusterLabelChange for i = 15 
R-CCU: sum(pointsPerCluster) = 2475 
 num [1:4] 2470 1 2 2
NULL
R-CCU: dpObj$numberClusters = 4 
List of 2
 $ : num [1, 1, 1:4] 0.483 0.265 0.652 0.719
 $ : num [1, 1, 1:4] 2.71 3.79 3.21 5.57
NULL
R priorParameters: 2 8 
R maxT: 1 
R_PriorDraw_first_mu: 0.406113 
R_PriorDraw_first_nu: 3.393144 
R-CCU: Before ClusterLabelChange for i = 16 newLabel= 1 currentLabel= 1 
R-CCU: sum(pointsPerCluster) = 2475 
 num [1:4] 2470 1 2 2
NULL
R-CCU: After ClusterLabelChange for i = 16 
R-CCU: sum(pointsPerCluster) = 2476 
 num [1:4] 2471 1 2 2
NULL
R-CCU: dpObj$numberClusters = 4 
List of 2
 $ : num [1, 1, 1:4] 0.483 0.265 0.652 0.719
 $ : num [1, 1, 1:4] 2.71 3.79 3.21 5.57
NULL
R priorParameters: 2 8 
R maxT: 1 
R_PriorDraw_first_mu: 0.3550337 
R_PriorDraw_first_nu: 5.726162 
R-CCU: Before ClusterLabelChange for i = 17 newLabel= 1 currentLabel= 1 
R-CCU: sum(pointsPerCluster) = 2476 
 num [1:4] 2471 1 2 2
NULL
R-CCU: After ClusterLabelChange for i = 17 
R-CCU: sum(pointsPerCluster) = 2477 
 num [1:4] 2472 1 2 2
NULL
R-CCU: dpObj$numberClusters = 4 
List of 2
 $ : num [1, 1, 1:4] 0.483 0.265 0.652 0.719
 $ : num [1, 1, 1:4] 2.71 3.79 3.21 5.57
NULL
R priorParameters: 2 8 
R maxT: 1 
R_PriorDraw_first_mu: 0.8668475 
R_PriorDraw_first_nu: 2.428763 
R-CCU: Before ClusterLabelChange for i = 18 newLabel= 1 currentLabel= 1 
R-CCU: sum(pointsPerCluster) = 2477 
 num [1:4] 2472 1 2 2
NULL
R-CCU: After ClusterLabelChange for i = 18 
R-CCU: sum(pointsPerCluster) = 2478 
 num [1:4] 2473 1 2 2
NULL
R-CCU: dpObj$numberClusters = 4 
List of 2
 $ : num [1, 1, 1:4] 0.483 0.265 0.652 0.719
 $ : num [1, 1, 1:4] 2.71 3.79 3.21 5.57
NULL
R priorParameters: 2 8 
R maxT: 1 
R_PriorDraw_first_mu: 0.2512975 
R_PriorDraw_first_nu: 5.218137 
R-CCU: Before ClusterLabelChange for i = 19 newLabel= 1 currentLabel= 1 
R-CCU: sum(pointsPerCluster) = 2478 
 num [1:4] 2473 1 2 2
NULL
R-CCU: After ClusterLabelChange for i = 19 
R-CCU: sum(pointsPerCluster) = 2479 
 num [1:4] 2474 1 2 2
NULL
R-CCU: dpObj$numberClusters = 4 
List of 2
 $ : num [1, 1, 1:4] 0.483 0.265 0.652 0.719
 $ : num [1, 1, 1:4] 2.71 3.79 3.21 5.57
NULL
R priorParameters: 2 8 
R maxT: 1 
R_PriorDraw_first_mu: 0.4527283 
R_PriorDraw_first_nu: 33.67538 
R-CCU: Before ClusterLabelChange for i = 20 newLabel= 1 currentLabel= 1 
R-CCU: sum(pointsPerCluster) = 2479 
 num [1:4] 2474 1 2 2
NULL
R-CCU: After ClusterLabelChange for i = 20 
R-CCU: sum(pointsPerCluster) = 2480 
 num [1:4] 2475 1 2 2
NULL
R-CCU: dpObj$numberClusters = 4 
List of 2
 $ : num [1, 1, 1:4] 0.483 0.265 0.652 0.719
 $ : num [1, 1, 1:4] 2.71 3.79 3.21 5.57
NULL
R priorParameters: 2 8 
R maxT: 1 
R_PriorDraw_first_mu: 0.6498238 
R_PriorDraw_first_nu: 3.365152 
R-CCU: Before ClusterLabelChange for i = 21 newLabel= 1 currentLabel= 1 
R-CCU: sum(pointsPerCluster) = 2480 
 num [1:4] 2475 1 2 2
NULL
R-CCU: After ClusterLabelChange for i = 21 
R-CCU: sum(pointsPerCluster) = 2481 
 num [1:4] 2476 1 2 2
NULL
R-CCU: dpObj$numberClusters = 4 
List of 2
 $ : num [1, 1, 1:4] 0.483 0.265 0.652 0.719
 $ : num [1, 1, 1:4] 2.71 3.79 3.21 5.57
NULL
R priorParameters: 2 8 
R maxT: 1 
R_PriorDraw_first_mu: 0.1915817 
R_PriorDraw_first_nu: 2.835793 
R-CCU: Before ClusterLabelChange for i = 22 newLabel= 1 currentLabel= 1 
R-CCU: sum(pointsPerCluster) = 2481 
 num [1:4] 2476 1 2 2
NULL
R-CCU: After ClusterLabelChange for i = 22 
R-CCU: sum(pointsPerCluster) = 2482 
 num [1:4] 2477 1 2 2
NULL
R-CCU: dpObj$numberClusters = 4 
List of 2
 $ : num [1, 1, 1:4] 0.483 0.265 0.652 0.719
 $ : num [1, 1, 1:4] 2.71 3.79 3.21 5.57
NULL
R priorParameters: 2 8 
R maxT: 1 
R_PriorDraw_first_mu: 0.2025833 
R_PriorDraw_first_nu: 7.463009 
R-CCU: Before ClusterLabelChange for i = 23 newLabel= 1 currentLabel= 1 
R-CCU: sum(pointsPerCluster) = 2482 
 num [1:4] 2477 1 2 2
NULL
R-CCU: After ClusterLabelChange for i = 23 
R-CCU: sum(pointsPerCluster) = 2483 
 num [1:4] 2478 1 2 2
NULL
R-CCU: dpObj$numberClusters = 4 
List of 2
 $ : num [1, 1, 1:4] 0.483 0.265 0.652 0.719
 $ : num [1, 1, 1:4] 2.71 3.79 3.21 5.57
NULL
R priorParameters: 2 8 
R maxT: 1 
R_PriorDraw_first_mu: 0.5849272 
R_PriorDraw_first_nu: 1.742559 
R-CCU: Before ClusterLabelChange for i = 24 newLabel= 1 currentLabel= 1 
R-CCU: sum(pointsPerCluster) = 2483 
 num [1:4] 2478 1 2 2
NULL
R-CCU: After ClusterLabelChange for i = 24 
R-CCU: sum(pointsPerCluster) = 2484 
 num [1:4] 2479 1 2 2
NULL
R-CCU: dpObj$numberClusters = 4 
List of 2
 $ : num [1, 1, 1:4] 0.483 0.265 0.652 0.719
 $ : num [1, 1, 1:4] 2.71 3.79 3.21 5.57
NULL
R priorParameters: 2 8 
R maxT: 1 
R_PriorDraw_first_mu: 0.331917 
R_PriorDraw_first_nu: 7.30071 
R-CCU: Before ClusterLabelChange for i = 25 newLabel= 1 currentLabel= 1 
R-CCU: sum(pointsPerCluster) = 2484 
 num [1:4] 2479 1 2 2
NULL
R-CCU: After ClusterLabelChange for i = 25 
R-CCU: sum(pointsPerCluster) = 2485 
 num [1:4] 2480 1 2 2
NULL
R-CCU: dpObj$numberClusters = 4 
List of 2
 $ : num [1, 1, 1:4] 0.483 0.265 0.652 0.719
 $ : num [1, 1, 1:4] 2.71 3.79 3.21 5.57
NULL
R priorParameters: 2 8 
R maxT: 1 
R_PriorDraw_first_mu: 0.4668158 
R_PriorDraw_first_nu: 5.736463 
R-CCU: Before ClusterLabelChange for i = 26 newLabel= 1 currentLabel= 1 
R-CCU: sum(pointsPerCluster) = 2485 
 num [1:4] 2480 1 2 2
NULL
R-CCU: After ClusterLabelChange for i = 26 
R-CCU: sum(pointsPerCluster) = 2486 
 num [1:4] 2481 1 2 2
NULL
R-CCU: dpObj$numberClusters = 4 
List of 2
 $ : num [1, 1, 1:4] 0.483 0.265 0.652 0.719
 $ : num [1, 1, 1:4] 2.71 3.79 3.21 5.57
NULL
R priorParameters: 2 8 
R maxT: 1 
R_PriorDraw_first_mu: 0.5086801 
R_PriorDraw_first_nu: 9.066803 
R-CCU: Before ClusterLabelChange for i = 27 newLabel= 1 currentLabel= 1 
R-CCU: sum(pointsPerCluster) = 2486 
 num [1:4] 2481 1 2 2
NULL
R-CCU: After ClusterLabelChange for i = 27 
R-CCU: sum(pointsPerCluster) = 2487 
 num [1:4] 2482 1 2 2
NULL
R-CCU: dpObj$numberClusters = 4 
List of 2
 $ : num [1, 1, 1:4] 0.483 0.265 0.652 0.719
 $ : num [1, 1, 1:4] 2.71 3.79 3.21 5.57
NULL
R priorParameters: 2 8 
R maxT: 1 
R_PriorDraw_first_mu: 0.7719042 
R_PriorDraw_first_nu: 3.476173 
R-CCU: Before ClusterLabelChange for i = 28 newLabel= 1 currentLabel= 1 
R-CCU: sum(pointsPerCluster) = 2487 
 num [1:4] 2482 1 2 2
NULL
R-CCU: After ClusterLabelChange for i = 28 
R-CCU: sum(pointsPerCluster) = 2488 
 num [1:4] 2483 1 2 2
NULL
R-CCU: dpObj$numberClusters = 4 
List of 2
 $ : num [1, 1, 1:4] 0.483 0.265 0.652 0.719
 $ : num [1, 1, 1:4] 2.71 3.79 3.21 5.57
NULL
R priorParameters: 2 8 
R maxT: 1 
R_PriorDraw_first_mu: 0.6966106 
R_PriorDraw_first_nu: 7.032189 
R-CCU: Before ClusterLabelChange for i = 29 newLabel= 1 currentLabel= 1 
R-CCU: sum(pointsPerCluster) = 2488 
 num [1:4] 2483 1 2 2
NULL
R-CCU: After ClusterLabelChange for i = 29 
R-CCU: sum(pointsPerCluster) = 2489 
 num [1:4] 2484 1 2 2
NULL
R-CCU: dpObj$numberClusters = 4 
List of 2
 $ : num [1, 1, 1:4] 0.483 0.265 0.652 0.719
 $ : num [1, 1, 1:4] 2.71 3.79 3.21 5.57
NULL
R priorParameters: 2 8 
R maxT: 1 
R_PriorDraw_first_mu: 0.1288676 
R_PriorDraw_first_nu: 2.162656 
R-CCU: Before ClusterLabelChange for i = 30 newLabel= 1 currentLabel= 1 
R-CCU: sum(pointsPerCluster) = 2489 
 num [1:4] 2484 1 2 2
NULL
R-CCU: After ClusterLabelChange for i = 30 
R-CCU: sum(pointsPerCluster) = 2490 
 num [1:4] 2485 1 2 2
NULL
R-CCU: dpObj$numberClusters = 4 
List of 2
 $ : num [1, 1, 1:4] 0.483 0.265 0.652 0.719
 $ : num [1, 1, 1:4] 2.71 3.79 3.21 5.57
NULL
R priorParameters: 2 8 
R maxT: 1 
R_PriorDraw_first_mu: 0.6226407 
R_PriorDraw_first_nu: 2.596764 
R-CCU: Before ClusterLabelChange for i = 31 newLabel= 1 currentLabel= 1 
R-CCU: sum(pointsPerCluster) = 2490 
 num [1:4] 2485 1 2 2
NULL
R-CCU: After ClusterLabelChange for i = 31 
R-CCU: sum(pointsPerCluster) = 2491 
 num [1:4] 2486 1 2 2
NULL
R-CCU: dpObj$numberClusters = 4 
List of 2
 $ : num [1, 1, 1:4] 0.483 0.265 0.652 0.719
 $ : num [1, 1, 1:4] 2.71 3.79 3.21 5.57
NULL
R priorParameters: 2 8 
R maxT: 1 
R_PriorDraw_first_mu: 0.910672 
R_PriorDraw_first_nu: 2.352116 
R-CCU: Before ClusterLabelChange for i = 32 newLabel= 1 currentLabel= 1 
R-CCU: sum(pointsPerCluster) = 2491 
 num [1:4] 2486 1 2 2
NULL
R-CCU: After ClusterLabelChange for i = 32 
R-CCU: sum(pointsPerCluster) = 2492 
 num [1:4] 2487 1 2 2
NULL
R-CCU: dpObj$numberClusters = 4 
List of 2
 $ : num [1, 1, 1:4] 0.483 0.265 0.652 0.719
 $ : num [1, 1, 1:4] 2.71 3.79 3.21 5.57
NULL
R priorParameters: 2 8 
R maxT: 1 
R_PriorDraw_first_mu: 0.1741932 
R_PriorDraw_first_nu: 279.3398 
R-CCU: Before ClusterLabelChange for i = 33 newLabel= 1 currentLabel= 1 
R-CCU: sum(pointsPerCluster) = 2492 
 num [1:4] 2487 1 2 2
NULL
R-CCU: After ClusterLabelChange for i = 33 
R-CCU: sum(pointsPerCluster) = 2493 
 num [1:4] 2488 1 2 2
NULL
R-CCU: dpObj$numberClusters = 4 
List of 2
 $ : num [1, 1, 1:4] 0.483 0.265 0.652 0.719
 $ : num [1, 1, 1:4] 2.71 3.79 3.21 5.57
NULL
R priorParameters: 2 8 
R maxT: 1 
R_PriorDraw_first_mu: 0.8022138 
R_PriorDraw_first_nu: 4.380604 
R-CCU: Before ClusterLabelChange for i = 34 newLabel= 1 currentLabel= 1 
R-CCU: sum(pointsPerCluster) = 2493 
 num [1:4] 2488 1 2 2
NULL
R-CCU: After ClusterLabelChange for i = 34 
R-CCU: sum(pointsPerCluster) = 2494 
 num [1:4] 2489 1 2 2
NULL
R-CCU: dpObj$numberClusters = 4 
List of 2
 $ : num [1, 1, 1:4] 0.483 0.265 0.652 0.719
 $ : num [1, 1, 1:4] 2.71 3.79 3.21 5.57
NULL
R priorParameters: 2 8 
R maxT: 1 
R_PriorDraw_first_mu: 0.5475349 
R_PriorDraw_first_nu: 2.810517 
R-CCU: Before ClusterLabelChange for i = 35 newLabel= 1 currentLabel= 1 
R-CCU: sum(pointsPerCluster) = 2494 
 num [1:4] 2489 1 2 2
NULL
R-CCU: After ClusterLabelChange for i = 35 
R-CCU: sum(pointsPerCluster) = 2495 
 num [1:4] 2490 1 2 2
NULL
R-CCU: dpObj$numberClusters = 4 
List of 2
 $ : num [1, 1, 1:4] 0.483 0.265 0.652 0.719
 $ : num [1, 1, 1:4] 2.71 3.79 3.21 5.57
NULL
R priorParameters: 2 8 
R maxT: 1 
R_PriorDraw_first_mu: 0.6721357 
R_PriorDraw_first_nu: 5.932385 
R-CCU: Before ClusterLabelChange for i = 36 newLabel= 1 currentLabel= 1 
R-CCU: sum(pointsPerCluster) = 2495 
 num [1:4] 2490 1 2 2
NULL
R-CCU: After ClusterLabelChange for i = 36 
R-CCU: sum(pointsPerCluster) = 2496 
 num [1:4] 2491 1 2 2
NULL
R-CCU: dpObj$numberClusters = 4 
List of 2
 $ : num [1, 1, 1:4] 0.483 0.265 0.652 0.719
 $ : num [1, 1, 1:4] 2.71 3.79 3.21 5.57
NULL
R priorParameters: 2 8 
R maxT: 1 
R_PriorDraw_first_mu: 0.7519166 
R_PriorDraw_first_nu: 2.406504 
R-CCU: Before ClusterLabelChange for i = 37 newLabel= 1 currentLabel= 1 
R-CCU: sum(pointsPerCluster) = 2496 
 num [1:4] 2491 1 2 2
NULL
R-CCU: After ClusterLabelChange for i = 37 
R-CCU: sum(pointsPerCluster) = 2497 
 num [1:4] 2492 1 2 2
NULL
R-CCU: dpObj$numberClusters = 4 
List of 2
 $ : num [1, 1, 1:4] 0.483 0.265 0.652 0.719
 $ : num [1, 1, 1:4] 2.71 3.79 3.21 5.57
NULL
R priorParameters: 2 8 
R maxT: 1 
R_PriorDraw_first_mu: 0.9854806 
R_PriorDraw_first_nu: 1.894988 
R-CCU: Before ClusterLabelChange for i = 38 newLabel= 1 currentLabel= 1 
R-CCU: sum(pointsPerCluster) = 2497 
 num [1:4] 2492 1 2 2
NULL
R-CCU: After ClusterLabelChange for i = 38 
R-CCU: sum(pointsPerCluster) = 2498 
 num [1:4] 2493 1 2 2
NULL
R-CCU: dpObj$numberClusters = 4 
List of 2
 $ : num [1, 1, 1:4] 0.483 0.265 0.652 0.719
 $ : num [1, 1, 1:4] 2.71 3.79 3.21 5.57
NULL
R priorParameters: 2 8 
R maxT: 1 
R_PriorDraw_first_mu: 0.6991019 
R_PriorDraw_first_nu: 9.482732 
R-CCU: Before ClusterLabelChange for i = 39 newLabel= 1 currentLabel= 1 
R-CCU: sum(pointsPerCluster) = 2498 
 num [1:4] 2493 1 2 2
NULL
R-CCU: After ClusterLabelChange for i = 39 
R-CCU: sum(pointsPerCluster) = 2499 
 num [1:4] 2494 1 2 2
NULL
R-CCU: dpObj$numberClusters = 4 
List of 2
 $ : num [1, 1, 1:4] 0.483 0.265 0.652 0.719
 $ : num [1, 1, 1:4] 2.71 3.79 3.21 5.57
NULL
R priorParameters: 2 8 
R maxT: 1 
R_PriorDraw_first_mu: 0.4664516 
R_PriorDraw_first_nu: 3.765213 
R-CCU: Before ClusterLabelChange for i = 40 newLabel= 1 currentLabel= 1 
R-CCU: sum(pointsPerCluster) = 2499 
 num [1:4] 2494 1 2 2
NULL
R-CCU: After ClusterLabelChange for i = 40 
R-CCU: sum(pointsPerCluster) = 2500 
 num [1:4] 2495 1 2 2
NULL
R-CCU: dpObj$numberClusters = 4 
List of 2
 $ : num [1, 1, 1:4] 0.483 0.265 0.652 0.719
 $ : num [1, 1, 1:4] 2.71 3.79 3.21 5.57
NULL
R priorParameters: 2 8 
R maxT: 1 
R_PriorDraw_first_mu: 0.8242595 
R_PriorDraw_first_nu: 8.70059 
R-CCU: Before ClusterLabelChange for i = 41 newLabel= 1 currentLabel= 1 
R-CCU: sum(pointsPerCluster) = 2500 
 num [1:4] 2495 1 2 2
NULL
R-CCU: After ClusterLabelChange for i = 41 
R-CCU: sum(pointsPerCluster) = 2501 
 num [1:4] 2496 1 2 2
NULL
R-CCU: dpObj$numberClusters = 4 
List of 2
 $ : num [1, 1, 1:4] 0.483 0.265 0.652 0.719
 $ : num [1, 1, 1:4] 2.71 3.79 3.21 5.57
NULL
R priorParameters: 2 8 
R maxT: 1 
R_PriorDraw_first_mu: 0.8098636 
R_PriorDraw_first_nu: 7.608279 
R-CCU: Before ClusterLabelChange for i = 42 newLabel= 1 currentLabel= 1 
R-CCU: sum(pointsPerCluster) = 2501 
 num [1:4] 2496 1 2 2
NULL
R-CCU: After ClusterLabelChange for i = 42 
R-CCU: sum(pointsPerCluster) = 2502 
 num [1:4] 2497 1 2 2
NULL
R-CCU: dpObj$numberClusters = 4 
List of 2
 $ : num [1, 1, 1:4] 0.483 0.265 0.652 0.719
 $ : num [1, 1, 1:4] 2.71 3.79 3.21 5.57
NULL
R priorParameters: 2 8 
R maxT: 1 
R_PriorDraw_first_mu: 0.6929771 
R_PriorDraw_first_nu: 4.227606 
R-CCU: Before ClusterLabelChange for i = 43 newLabel= 1 currentLabel= 1 
R-CCU: sum(pointsPerCluster) = 2502 
 num [1:4] 2497 1 2 2
NULL
R-CCU: After ClusterLabelChange for i = 43 
R-CCU: sum(pointsPerCluster) = 2503 
 num [1:4] 2498 1 2 2
NULL
R-CCU: dpObj$numberClusters = 4 
List of 2
 $ : num [1, 1, 1:4] 0.483 0.265 0.652 0.719
 $ : num [1, 1, 1:4] 2.71 3.79 3.21 5.57
NULL
R priorParameters: 2 8 
R maxT: 1 
R_PriorDraw_first_mu: 0.6725364 
R_PriorDraw_first_nu: 1.638108 
R-CCU: Before ClusterLabelChange for i = 44 newLabel= 1 currentLabel= 1 
R-CCU: sum(pointsPerCluster) = 2503 
 num [1:4] 2498 1 2 2
NULL
R-CCU: After ClusterLabelChange for i = 44 
R-CCU: sum(pointsPerCluster) = 2504 
 num [1:4] 2499 1 2 2
NULL
R-CCU: dpObj$numberClusters = 4 
List of 2
 $ : num [1, 1, 1:4] 0.483 0.265 0.652 0.719
 $ : num [1, 1, 1:4] 2.71 3.79 3.21 5.57
NULL
R priorParameters: 2 8 
R maxT: 1 
R_PriorDraw_first_mu: 0.8568351 
R_PriorDraw_first_nu: 6.237583 
R-CCU: Before ClusterLabelChange for i = 45 newLabel= 1 currentLabel= 1 
R-CCU: sum(pointsPerCluster) = 2504 
 num [1:4] 2499 1 2 2
NULL
R-CCU: After ClusterLabelChange for i = 45 
R-CCU: sum(pointsPerCluster) = 2505 
 num [1:4] 2500 1 2 2
NULL
R-CCU: dpObj$numberClusters = 4 
List of 2
 $ : num [1, 1, 1:4] 0.483 0.265 0.652 0.719
 $ : num [1, 1, 1:4] 2.71 3.79 3.21 5.57
NULL
R priorParameters: 2 8 
R maxT: 1 
R_PriorDraw_first_mu: 0.6525639 
R_PriorDraw_first_nu: 3.940097 
R-CCU: Before ClusterLabelChange for i = 46 newLabel= 1 currentLabel= 1 
R-CCU: sum(pointsPerCluster) = 2505 
 num [1:4] 2500 1 2 2
NULL
R-CCU: After ClusterLabelChange for i = 46 
R-CCU: sum(pointsPerCluster) = 2506 
 num [1:4] 2501 1 2 2
NULL
R-CCU: dpObj$numberClusters = 4 
List of 2
 $ : num [1, 1, 1:4] 0.483 0.265 0.652 0.719
 $ : num [1, 1, 1:4] 2.71 3.79 3.21 5.57
NULL
R priorParameters: 2 8 
R maxT: 1 
R_PriorDraw_first_mu: 0.5123474 
R_PriorDraw_first_nu: 11.15271 
R-CCU: Before ClusterLabelChange for i = 47 newLabel= 1 currentLabel= 1 
R-CCU: sum(pointsPerCluster) = 2506 
 num [1:4] 2501 1 2 2
NULL
R-CCU: After ClusterLabelChange for i = 47 
R-CCU: sum(pointsPerCluster) = 2507 
 num [1:4] 2502 1 2 2
NULL
R-CCU: dpObj$numberClusters = 4 
List of 2
 $ : num [1, 1, 1:4] 0.483 0.265 0.652 0.719
 $ : num [1, 1, 1:4] 2.71 3.79 3.21 5.57
NULL
R priorParameters: 2 8 
R maxT: 1 
R_PriorDraw_first_mu: 0.2850051 
R_PriorDraw_first_nu: 24.14204 
R-CCU: Before ClusterLabelChange for i = 48 newLabel= 1 currentLabel= 1 
R-CCU: sum(pointsPerCluster) = 2507 
 num [1:4] 2502 1 2 2
NULL
R-CCU: After ClusterLabelChange for i = 48 
R-CCU: sum(pointsPerCluster) = 2508 
 num [1:4] 2503 1 2 2
NULL
R-CCU: dpObj$numberClusters = 4 
List of 2
 $ : num [1, 1, 1:4] 0.483 0.265 0.652 0.719
 $ : num [1, 1, 1:4] 2.71 3.79 3.21 5.57
NULL
R priorParameters: 2 8 
R maxT: 1 
R_PriorDraw_first_mu: 0.5605714 
R_PriorDraw_first_nu: 6.992559 
R-CCU: Before ClusterLabelChange for i = 49 newLabel= 1 currentLabel= 1 
R-CCU: sum(pointsPerCluster) = 2508 
 num [1:4] 2503 1 2 2
NULL
R-CCU: After ClusterLabelChange for i = 49 
R-CCU: sum(pointsPerCluster) = 2509 
 num [1:4] 2504 1 2 2
NULL
R-CCU: dpObj$numberClusters = 4 
List of 2
 $ : num [1, 1, 1:4] 0.483 0.265 0.652 0.719
 $ : num [1, 1, 1:4] 2.71 3.79 3.21 5.57
NULL
R priorParameters: 2 8 
R maxT: 1 
R_PriorDraw_first_mu: 0.09374311 
R_PriorDraw_first_nu: 1.928103 
R-CCU: Before ClusterLabelChange for i = 50 newLabel= 1 currentLabel= 1 
R-CCU: sum(pointsPerCluster) = 2509 
 num [1:4] 2504 1 2 2
NULL
R-CCU: After ClusterLabelChange for i = 50 
R-CCU: sum(pointsPerCluster) = 2510 
 num [1:4] 2505 1 2 2
NULL
R-CCU: dpObj$numberClusters = 4 
List of 2
 $ : num [1, 1, 1:4] 0.483 0.265 0.652 0.719
 $ : num [1, 1, 1:4] 2.71 3.79 3.21 5.57
NULL
R priorParameters: 2 8 
R maxT: 1 
R_PriorDraw_first_mu: 0.8806123 
R_PriorDraw_first_nu: 8.464889 
R-CCU: Before ClusterLabelChange for i = 51 newLabel= 1 currentLabel= 1 
R-CCU: sum(pointsPerCluster) = 2510 
 num [1:4] 2505 1 2 2
NULL
R-CCU: After ClusterLabelChange for i = 51 
R-CCU: sum(pointsPerCluster) = 2511 
 num [1:4] 2506 1 2 2
NULL
R-CCU: dpObj$numberClusters = 4 
List of 2
 $ : num [1, 1, 1:4] 0.483 0.265 0.652 0.719
 $ : num [1, 1, 1:4] 2.71 3.79 3.21 5.57
NULL
R priorParameters: 2 8 
R maxT: 1 
R_PriorDraw_first_mu: 0.7444031 
R_PriorDraw_first_nu: 2.857904 
R-CCU: Before ClusterLabelChange for i = 52 newLabel= 1 currentLabel= 1 
R-CCU: sum(pointsPerCluster) = 2511 
 num [1:4] 2506 1 2 2
NULL
R-CCU: After ClusterLabelChange for i = 52 
R-CCU: sum(pointsPerCluster) = 2512 
 num [1:4] 2507 1 2 2
NULL
R-CCU: dpObj$numberClusters = 4 
List of 2
 $ : num [1, 1, 1:4] 0.483 0.265 0.652 0.719
 $ : num [1, 1, 1:4] 2.71 3.79 3.21 5.57
NULL
R priorParameters: 2 8 
R maxT: 1 
R_PriorDraw_first_mu: 0.7429721 
R_PriorDraw_first_nu: 4.013713 
R-CCU: Before ClusterLabelChange for i = 53 newLabel= 1 currentLabel= 1 
R-CCU: sum(pointsPerCluster) = 2512 
 num [1:4] 2507 1 2 2
NULL
R-CCU: After ClusterLabelChange for i = 53 
R-CCU: sum(pointsPerCluster) = 2513 
 num [1:4] 2508 1 2 2
NULL
R-CCU: dpObj$numberClusters = 4 
List of 2
 $ : num [1, 1, 1:4] 0.483 0.265 0.652 0.719
 $ : num [1, 1, 1:4] 2.71 3.79 3.21 5.57
NULL
R priorParameters: 2 8 
R maxT: 1 
R_PriorDraw_first_mu: 0.1671001 
R_PriorDraw_first_nu: 7.577036 
R-CCU: Before ClusterLabelChange for i = 54 newLabel= 1 currentLabel= 1 
R-CCU: sum(pointsPerCluster) = 2513 
 num [1:4] 2508 1 2 2
NULL
R-CCU: After ClusterLabelChange for i = 54 
R-CCU: sum(pointsPerCluster) = 2514 
 num [1:4] 2509 1 2 2
NULL
R-CCU: dpObj$numberClusters = 4 
List of 2
 $ : num [1, 1, 1:4] 0.483 0.265 0.652 0.719
 $ : num [1, 1, 1:4] 2.71 3.79 3.21 5.57
NULL
R priorParameters: 2 8 
R maxT: 1 
R_PriorDraw_first_mu: 0.4400736 
R_PriorDraw_first_nu: 19.52692 
R-CCU: Before ClusterLabelChange for i = 55 newLabel= 1 currentLabel= 1 
R-CCU: sum(pointsPerCluster) = 2514 
 num [1:4] 2509 1 2 2
NULL
R-CCU: After ClusterLabelChange for i = 55 
R-CCU: sum(pointsPerCluster) = 2515 
 num [1:4] 2510 1 2 2
NULL
R-CCU: dpObj$numberClusters = 4 
List of 2
 $ : num [1, 1, 1:4] 0.483 0.265 0.652 0.719
 $ : num [1, 1, 1:4] 2.71 3.79 3.21 5.57
NULL
R priorParameters: 2 8 
R maxT: 1 
R_PriorDraw_first_mu: 0.3203354 
R_PriorDraw_first_nu: 3.521889 
R-CCU: Before ClusterLabelChange for i = 56 newLabel= 1 currentLabel= 1 
R-CCU: sum(pointsPerCluster) = 2515 
 num [1:4] 2510 1 2 2
NULL
R-CCU: After ClusterLabelChange for i = 56 
R-CCU: sum(pointsPerCluster) = 2516 
 num [1:4] 2511 1 2 2
NULL
R-CCU: dpObj$numberClusters = 4 
List of 2
 $ : num [1, 1, 1:4] 0.483 0.265 0.652 0.719
 $ : num [1, 1, 1:4] 2.71 3.79 3.21 5.57
NULL
R priorParameters: 2 8 
R maxT: 1 
R_PriorDraw_first_mu: 0.03529639 
R_PriorDraw_first_nu: 5.606763 
R-CCU: Before ClusterLabelChange for i = 57 newLabel= 1 currentLabel= 1 
R-CCU: sum(pointsPerCluster) = 2516 
 num [1:4] 2511 1 2 2
NULL
R-CCU: After ClusterLabelChange for i = 57 
R-CCU: sum(pointsPerCluster) = 2517 
 num [1:4] 2512 1 2 2
NULL
R-CCU: dpObj$numberClusters = 4 
List of 2
 $ : num [1, 1, 1:4] 0.483 0.265 0.652 0.719
 $ : num [1, 1, 1:4] 2.71 3.79 3.21 5.57
NULL
R priorParameters: 2 8 
R maxT: 1 
R_PriorDraw_first_mu: 0.5248853 
R_PriorDraw_first_nu: 6.157692 
R-CCU: Before ClusterLabelChange for i = 58 newLabel= 1 currentLabel= 1 
R-CCU: sum(pointsPerCluster) = 2517 
 num [1:4] 2512 1 2 2
NULL
R-CCU: After ClusterLabelChange for i = 58 
R-CCU: sum(pointsPerCluster) = 2518 
 num [1:4] 2513 1 2 2
NULL
R-CCU: dpObj$numberClusters = 4 
List of 2
 $ : num [1, 1, 1:4] 0.483 0.265 0.652 0.719
 $ : num [1, 1, 1:4] 2.71 3.79 3.21 5.57
NULL
R priorParameters: 2 8 
R maxT: 1 
R_PriorDraw_first_mu: 0.9831871 
R_PriorDraw_first_nu: 7.515103 
R-CCU: Before ClusterLabelChange for i = 59 newLabel= 1 currentLabel= 1 
R-CCU: sum(pointsPerCluster) = 2518 
 num [1:4] 2513 1 2 2
NULL
R-CCU: After ClusterLabelChange for i = 59 
R-CCU: sum(pointsPerCluster) = 2519 
 num [1:4] 2514 1 2 2
NULL
R-CCU: dpObj$numberClusters = 4 
List of 2
 $ : num [1, 1, 1:4] 0.483 0.265 0.652 0.719
 $ : num [1, 1, 1:4] 2.71 3.79 3.21 5.57
NULL
R priorParameters: 2 8 
R maxT: 1 
R_PriorDraw_first_mu: 0.5673446 
R_PriorDraw_first_nu: 4.298758 
R-CCU: Before ClusterLabelChange for i = 60 newLabel= 1 currentLabel= 1 
R-CCU: sum(pointsPerCluster) = 2519 
 num [1:4] 2514 1 2 2
NULL
R-CCU: After ClusterLabelChange for i = 60 
R-CCU: sum(pointsPerCluster) = 2520 
 num [1:4] 2515 1 2 2
NULL
R-CCU: dpObj$numberClusters = 4 
List of 2
 $ : num [1, 1, 1:4] 0.483 0.265 0.652 0.719
 $ : num [1, 1, 1:4] 2.71 3.79 3.21 5.57
NULL

⠙ |   82      0 | Beta Distribution Full Integration Test          R priorParameters: 2 8 
R maxT: 1 
R_PriorDraw_first_mu: 0.6469582 
R_PriorDraw_first_nu: 5.814055 
R-CCU: Before ClusterLabelChange for i = 1 newLabel= 1 currentLabel= 1 
R-CCU: sum(pointsPerCluster) = 2520 
 num [1:4] 2515 1 2 2
NULL
R-CCU: After ClusterLabelChange for i = 1 
R-CCU: sum(pointsPerCluster) = 2521 
 num [1:4] 2516 1 2 2
NULL
R-CCU: dpObj$numberClusters = 4 
List of 2
 $ : num [1, 1, 1:4] 0.48 0.265 0.652 0.719
 $ : num [1, 1, 1:4] 1.91 3.79 3.21 5.57
NULL
R priorParameters: 2 8 
R maxT: 1 
R_PriorDraw_first_mu: 0.6491918 
R_PriorDraw_first_nu: 1.73769 
R-CCU: Before ClusterLabelChange for i = 2 newLabel= 1 currentLabel= 1 
R-CCU: sum(pointsPerCluster) = 2521 
 num [1:4] 2516 1 2 2
NULL
R-CCU: After ClusterLabelChange for i = 2 
R-CCU: sum(pointsPerCluster) = 2522 
 num [1:4] 2517 1 2 2
NULL
R-CCU: dpObj$numberClusters = 4 
List of 2
 $ : num [1, 1, 1:4] 0.48 0.265 0.652 0.719
 $ : num [1, 1, 1:4] 1.91 3.79 3.21 5.57
NULL
R priorParameters: 2 8 
R maxT: 1 
R_PriorDraw_first_mu: 0.7198544 
R_PriorDraw_first_nu: 3.105291 
R-CCU: Before ClusterLabelChange for i = 3 newLabel= 1 currentLabel= 1 
R-CCU: sum(pointsPerCluster) = 2522 
 num [1:4] 2517 1 2 2
NULL
R-CCU: After ClusterLabelChange for i = 3 
R-CCU: sum(pointsPerCluster) = 2523 
 num [1:4] 2518 1 2 2
NULL
R-CCU: dpObj$numberClusters = 4 
List of 2
 $ : num [1, 1, 1:4] 0.48 0.265 0.652 0.719
 $ : num [1, 1, 1:4] 1.91 3.79 3.21 5.57
NULL
R priorParameters: 2 8 
R maxT: 1 
R_PriorDraw_first_mu: 0.7343583 
R_PriorDraw_first_nu: 4.886659 
R-CCU: Before ClusterLabelChange for i = 4 newLabel= 1 currentLabel= 1 
R-CCU: sum(pointsPerCluster) = 2523 
 num [1:4] 2518 1 2 2
NULL
R-CCU: After ClusterLabelChange for i = 4 
R-CCU: sum(pointsPerCluster) = 2524 
 num [1:4] 2519 1 2 2
NULL
R-CCU: dpObj$numberClusters = 4 
List of 2
 $ : num [1, 1, 1:4] 0.48 0.265 0.652 0.719
 $ : num [1, 1, 1:4] 1.91 3.79 3.21 5.57
NULL
R priorParameters: 2 8 
R maxT: 1 
R_PriorDraw_first_mu: 0.7704927 
R_PriorDraw_first_nu: 7.259281 
R-CCU: Before ClusterLabelChange for i = 5 newLabel= 1 currentLabel= 1 
R-CCU: sum(pointsPerCluster) = 2524 
 num [1:4] 2519 1 2 2
NULL
R-CCU: After ClusterLabelChange for i = 5 
R-CCU: sum(pointsPerCluster) = 2525 
 num [1:4] 2520 1 2 2
NULL
R-CCU: dpObj$numberClusters = 4 
List of 2
 $ : num [1, 1, 1:4] 0.48 0.265 0.652 0.719
 $ : num [1, 1, 1:4] 1.91 3.79 3.21 5.57
NULL
R priorParameters: 2 8 
R maxT: 1 
R_PriorDraw_first_mu: 0.4367302 
R_PriorDraw_first_nu: 4.341247 
R-CCU: Before ClusterLabelChange for i = 6 newLabel= 1 currentLabel= 1 
R-CCU: sum(pointsPerCluster) = 2525 
 num [1:4] 2520 1 2 2
NULL
R-CCU: After ClusterLabelChange for i = 6 
R-CCU: sum(pointsPerCluster) = 2526 
 num [1:4] 2521 1 2 2
NULL
R-CCU: dpObj$numberClusters = 4 
List of 2
 $ : num [1, 1, 1:4] 0.48 0.265 0.652 0.719
 $ : num [1, 1, 1:4] 1.91 3.79 3.21 5.57
NULL
R priorParameters: 2 8 
R maxT: 1 
R_PriorDraw_first_mu: 0.2756215 
R_PriorDraw_first_nu: 3.425054 
R-CCU: Before ClusterLabelChange for i = 7 newLabel= 1 currentLabel= 1 
R-CCU: sum(pointsPerCluster) = 2526 
 num [1:4] 2521 1 2 2
NULL
R-CCU: After ClusterLabelChange for i = 7 
R-CCU: sum(pointsPerCluster) = 2527 
 num [1:4] 2522 1 2 2
NULL
R-CCU: dpObj$numberClusters = 4 
List of 2
 $ : num [1, 1, 1:4] 0.48 0.265 0.652 0.719
 $ : num [1, 1, 1:4] 1.91 3.79 3.21 5.57
NULL
R priorParameters: 2 8 
R maxT: 1 
R_PriorDraw_first_mu: 0.6278116 
R_PriorDraw_first_nu: 7.335909 
R-CCU: Before ClusterLabelChange for i = 8 newLabel= 1 currentLabel= 1 
R-CCU: sum(pointsPerCluster) = 2527 
 num [1:4] 2522 1 2 2
NULL
R-CCU: After ClusterLabelChange for i = 8 
R-CCU: sum(pointsPerCluster) = 2528 
 num [1:4] 2523 1 2 2
NULL
R-CCU: dpObj$numberClusters = 4 
List of 2
 $ : num [1, 1, 1:4] 0.48 0.265 0.652 0.719
 $ : num [1, 1, 1:4] 1.91 3.79 3.21 5.57
NULL
R priorParameters: 2 8 
R maxT: 1 
R_PriorDraw_first_mu: 0.1333895 
R_PriorDraw_first_nu: 49.77639 
R-CCU: Before ClusterLabelChange for i = 9 newLabel= 1 currentLabel= 1 
R-CCU: sum(pointsPerCluster) = 2528 
 num [1:4] 2523 1 2 2
NULL
R-CCU: After ClusterLabelChange for i = 9 
R-CCU: sum(pointsPerCluster) = 2529 
 num [1:4] 2524 1 2 2
NULL
R-CCU: dpObj$numberClusters = 4 
List of 2
 $ : num [1, 1, 1:4] 0.48 0.265 0.652 0.719
 $ : num [1, 1, 1:4] 1.91 3.79 3.21 5.57
NULL
R priorParameters: 2 8 
R maxT: 1 
R_PriorDraw_first_mu: 0.8636065 
R_PriorDraw_first_nu: 4.091344 
R-CCU: Before ClusterLabelChange for i = 10 newLabel= 1 currentLabel= 1 
R-CCU: sum(pointsPerCluster) = 2529 
 num [1:4] 2524 1 2 2
NULL
R-CCU: After ClusterLabelChange for i = 10 
R-CCU: sum(pointsPerCluster) = 2530 
 num [1:4] 2525 1 2 2
NULL
R-CCU: dpObj$numberClusters = 4 
List of 2
 $ : num [1, 1, 1:4] 0.48 0.265 0.652 0.719
 $ : num [1, 1, 1:4] 1.91 3.79 3.21 5.57
NULL
R priorParameters: 2 8 
R maxT: 1 
R_PriorDraw_first_mu: 0.7766462 
R_PriorDraw_first_nu: 18.09419 
R-CCU: Before ClusterLabelChange for i = 11 newLabel= 1 currentLabel= 1 
R-CCU: sum(pointsPerCluster) = 2530 
 num [1:4] 2525 1 2 2
NULL
R-CCU: After ClusterLabelChange for i = 11 
R-CCU: sum(pointsPerCluster) = 2531 
 num [1:4] 2526 1 2 2
NULL
R-CCU: dpObj$numberClusters = 4 
List of 2
 $ : num [1, 1, 1:4] 0.48 0.265 0.652 0.719
 $ : num [1, 1, 1:4] 1.91 3.79 3.21 5.57
NULL
R priorParameters: 2 8 
R maxT: 1 
R_PriorDraw_first_mu: 0.5275497 
R_PriorDraw_first_nu: 4.219982 
R-CCU: Before ClusterLabelChange for i = 12 newLabel= 1 currentLabel= 1 
R-CCU: sum(pointsPerCluster) = 2531 
 num [1:4] 2526 1 2 2
NULL
R-CCU: After ClusterLabelChange for i = 12 
R-CCU: sum(pointsPerCluster) = 2532 
 num [1:4] 2527 1 2 2
NULL
R-CCU: dpObj$numberClusters = 4 
List of 2
 $ : num [1, 1, 1:4] 0.48 0.265 0.652 0.719
 $ : num [1, 1, 1:4] 1.91 3.79 3.21 5.57
NULL
R priorParameters: 2 8 
R maxT: 1 
R_PriorDraw_first_mu: 0.1785258 
R_PriorDraw_first_nu: 2.498573 
R-CCU: Before ClusterLabelChange for i = 13 newLabel= 1 currentLabel= 1 
R-CCU: sum(pointsPerCluster) = 2532 
 num [1:4] 2527 1 2 2
NULL
R-CCU: After ClusterLabelChange for i = 13 
R-CCU: sum(pointsPerCluster) = 2533 
 num [1:4] 2528 1 2 2
NULL
R-CCU: dpObj$numberClusters = 4 
List of 2
 $ : num [1, 1, 1:4] 0.48 0.265 0.652 0.719
 $ : num [1, 1, 1:4] 1.91 3.79 3.21 5.57
NULL
R priorParameters: 2 8 
R maxT: 1 
R_PriorDraw_first_mu: 0.2956212 
R_PriorDraw_first_nu: 1.300706 
R-CCU: Before ClusterLabelChange for i = 14 newLabel= 1 currentLabel= 1 
R-CCU: sum(pointsPerCluster) = 2533 
 num [1:4] 2528 1 2 2
NULL
R-CCU: After ClusterLabelChange for i = 14 
R-CCU: sum(pointsPerCluster) = 2534 
 num [1:4] 2529 1 2 2
NULL
R-CCU: dpObj$numberClusters = 4 
List of 2
 $ : num [1, 1, 1:4] 0.48 0.265 0.652 0.719
 $ : num [1, 1, 1:4] 1.91 3.79 3.21 5.57
NULL
R priorParameters: 2 8 
R maxT: 1 
R_PriorDraw_first_mu: 0.3747223 
R_PriorDraw_first_nu: 4.376968 
R-CCU: Before ClusterLabelChange for i = 15 newLabel= 1 currentLabel= 1 
R-CCU: sum(pointsPerCluster) = 2534 
 num [1:4] 2529 1 2 2
NULL
R-CCU: After ClusterLabelChange for i = 15 
R-CCU: sum(pointsPerCluster) = 2535 
 num [1:4] 2530 1 2 2
NULL
R-CCU: dpObj$numberClusters = 4 
List of 2
 $ : num [1, 1, 1:4] 0.48 0.265 0.652 0.719
 $ : num [1, 1, 1:4] 1.91 3.79 3.21 5.57
NULL
R priorParameters: 2 8 
R maxT: 1 
R_PriorDraw_first_mu: 0.6123134 
R_PriorDraw_first_nu: 2.023497 
R-CCU: Before ClusterLabelChange for i = 16 newLabel= 1 currentLabel= 1 
R-CCU: sum(pointsPerCluster) = 2535 
 num [1:4] 2530 1 2 2
NULL
R-CCU: After ClusterLabelChange for i = 16 
R-CCU: sum(pointsPerCluster) = 2536 
 num [1:4] 2531 1 2 2
NULL
R-CCU: dpObj$numberClusters = 4 
List of 2
 $ : num [1, 1, 1:4] 0.48 0.265 0.652 0.719
 $ : num [1, 1, 1:4] 1.91 3.79 3.21 5.57
NULL
R priorParameters: 2 8 
R maxT: 1 
R_PriorDraw_first_mu: 0.6100827 
R_PriorDraw_first_nu: 2.941042 
R-CCU: Before ClusterLabelChange for i = 17 newLabel= 1 currentLabel= 1 
R-CCU: sum(pointsPerCluster) = 2536 
 num [1:4] 2531 1 2 2
NULL
R-CCU: After ClusterLabelChange for i = 17 
R-CCU: sum(pointsPerCluster) = 2537 
 num [1:4] 2532 1 2 2
NULL
R-CCU: dpObj$numberClusters = 4 
List of 2
 $ : num [1, 1, 1:4] 0.48 0.265 0.652 0.719
 $ : num [1, 1, 1:4] 1.91 3.79 3.21 5.57
NULL
R priorParameters: 2 8 
R maxT: 1 
R_PriorDraw_first_mu: 0.7534961 
R_PriorDraw_first_nu: 2.743736 
R-CCU: Before ClusterLabelChange for i = 18 newLabel= 1 currentLabel= 1 
R-CCU: sum(pointsPerCluster) = 2537 
 num [1:4] 2532 1 2 2
NULL
R-CCU: After ClusterLabelChange for i = 18 
R-CCU: sum(pointsPerCluster) = 2538 
 num [1:4] 2533 1 2 2
NULL
R-CCU: dpObj$numberClusters = 4 
List of 2
 $ : num [1, 1, 1:4] 0.48 0.265 0.652 0.719
 $ : num [1, 1, 1:4] 1.91 3.79 3.21 5.57
NULL
R priorParameters: 2 8 
R maxT: 1 
R_PriorDraw_first_mu: 0.4340994 
R_PriorDraw_first_nu: 22.4537 
R-CCU: Before ClusterLabelChange for i = 19 newLabel= 1 currentLabel= 1 
R-CCU: sum(pointsPerCluster) = 2538 
 num [1:4] 2533 1 2 2
NULL
R-CCU: After ClusterLabelChange for i = 19 
R-CCU: sum(pointsPerCluster) = 2539 
 num [1:4] 2534 1 2 2
NULL
R-CCU: dpObj$numberClusters = 4 
List of 2
 $ : num [1, 1, 1:4] 0.48 0.265 0.652 0.719
 $ : num [1, 1, 1:4] 1.91 3.79 3.21 5.57
NULL
R priorParameters: 2 8 
R maxT: 1 
R_PriorDraw_first_mu: 0.5657605 
R_PriorDraw_first_nu: 3.311321 
R-CCU: Before ClusterLabelChange for i = 20 newLabel= 1 currentLabel= 1 
R-CCU: sum(pointsPerCluster) = 2539 
 num [1:4] 2534 1 2 2
NULL
R-CCU: After ClusterLabelChange for i = 20 
R-CCU: sum(pointsPerCluster) = 2540 
 num [1:4] 2535 1 2 2
NULL
R-CCU: dpObj$numberClusters = 4 
List of 2
 $ : num [1, 1, 1:4] 0.48 0.265 0.652 0.719
 $ : num [1, 1, 1:4] 1.91 3.79 3.21 5.57
NULL
R priorParameters: 2 8 
R maxT: 1 
R_PriorDraw_first_mu: 0.6838571 
R_PriorDraw_first_nu: 7.576093 
R-CCU: Before ClusterLabelChange for i = 21 newLabel= 1 currentLabel= 1 
R-CCU: sum(pointsPerCluster) = 2540 
 num [1:4] 2535 1 2 2
NULL
R-CCU: After ClusterLabelChange for i = 21 
R-CCU: sum(pointsPerCluster) = 2541 
 num [1:4] 2536 1 2 2
NULL
R-CCU: dpObj$numberClusters = 4 
List of 2
 $ : num [1, 1, 1:4] 0.48 0.265 0.652 0.719
 $ : num [1, 1, 1:4] 1.91 3.79 3.21 5.57
NULL
R priorParameters: 2 8 
R maxT: 1 
R_PriorDraw_first_mu: 0.8981213 
R_PriorDraw_first_nu: 2.369712 
R-CCU: Before ClusterLabelChange for i = 22 newLabel= 1 currentLabel= 1 
R-CCU: sum(pointsPerCluster) = 2541 
 num [1:4] 2536 1 2 2
NULL
R-CCU: After ClusterLabelChange for i = 22 
R-CCU: sum(pointsPerCluster) = 2542 
 num [1:4] 2537 1 2 2
NULL
R-CCU: dpObj$numberClusters = 4 
List of 2
 $ : num [1, 1, 1:4] 0.48 0.265 0.652 0.719
 $ : num [1, 1, 1:4] 1.91 3.79 3.21 5.57
NULL
R priorParameters: 2 8 
R maxT: 1 
R_PriorDraw_first_mu: 0.4419199 
R_PriorDraw_first_nu: 19.80099 
R-CCU: Before ClusterLabelChange for i = 23 newLabel= 1 currentLabel= 1 
R-CCU: sum(pointsPerCluster) = 2542 
 num [1:4] 2537 1 2 2
NULL
R-CCU: After ClusterLabelChange for i = 23 
R-CCU: sum(pointsPerCluster) = 2543 
 num [1:4] 2538 1 2 2
NULL
R-CCU: dpObj$numberClusters = 4 
List of 2
 $ : num [1, 1, 1:4] 0.48 0.265 0.652 0.719
 $ : num [1, 1, 1:4] 1.91 3.79 3.21 5.57
NULL
R priorParameters: 2 8 
R maxT: 1 
R_PriorDraw_first_mu: 0.6456757 
R_PriorDraw_first_nu: 11.55354 
R-CCU: Before ClusterLabelChange for i = 24 newLabel= 1 currentLabel= 1 
R-CCU: sum(pointsPerCluster) = 2543 
 num [1:4] 2538 1 2 2
NULL
R-CCU: After ClusterLabelChange for i = 24 
R-CCU: sum(pointsPerCluster) = 2544 
 num [1:4] 2539 1 2 2
NULL
R-CCU: dpObj$numberClusters = 4 
List of 2
 $ : num [1, 1, 1:4] 0.48 0.265 0.652 0.719
 $ : num [1, 1, 1:4] 1.91 3.79 3.21 5.57
NULL
R priorParameters: 2 8 
R maxT: 1 
R_PriorDraw_first_mu: 0.6817283 
R_PriorDraw_first_nu: 4.058022 
R-CCU: Before ClusterLabelChange for i = 25 newLabel= 1 currentLabel= 1 
R-CCU: sum(pointsPerCluster) = 2544 
 num [1:4] 2539 1 2 2
NULL
R-CCU: After ClusterLabelChange for i = 25 
R-CCU: sum(pointsPerCluster) = 2545 
 num [1:4] 2540 1 2 2
NULL
R-CCU: dpObj$numberClusters = 4 
List of 2
 $ : num [1, 1, 1:4] 0.48 0.265 0.652 0.719
 $ : num [1, 1, 1:4] 1.91 3.79 3.21 5.57
NULL
R priorParameters: 2 8 
R maxT: 1 
R_PriorDraw_first_mu: 0.8617831 
R_PriorDraw_first_nu: 2.82291 
R-CCU: Before ClusterLabelChange for i = 26 newLabel= 1 currentLabel= 1 
R-CCU: sum(pointsPerCluster) = 2545 
 num [1:4] 2540 1 2 2
NULL
R-CCU: After ClusterLabelChange for i = 26 
R-CCU: sum(pointsPerCluster) = 2546 
 num [1:4] 2541 1 2 2
NULL
R-CCU: dpObj$numberClusters = 4 
List of 2
 $ : num [1, 1, 1:4] 0.48 0.265 0.652 0.719
 $ : num [1, 1, 1:4] 1.91 3.79 3.21 5.57
NULL
R priorParameters: 2 8 
R maxT: 1 
R_PriorDraw_first_mu: 0.07720714 
R_PriorDraw_first_nu: 3.613789 
R-CCU: Before ClusterLabelChange for i = 27 newLabel= 1 currentLabel= 1 
R-CCU: sum(pointsPerCluster) = 2546 
 num [1:4] 2541 1 2 2
NULL
R-CCU: After ClusterLabelChange for i = 27 
R-CCU: sum(pointsPerCluster) = 2547 
 num [1:4] 2542 1 2 2
NULL
R-CCU: dpObj$numberClusters = 4 
List of 2
 $ : num [1, 1, 1:4] 0.48 0.265 0.652 0.719
 $ : num [1, 1, 1:4] 1.91 3.79 3.21 5.57
NULL
R priorParameters: 2 8 
R maxT: 1 
R_PriorDraw_first_mu: 0.035342 
R_PriorDraw_first_nu: 6.29277 
R-CCU: Before ClusterLabelChange for i = 28 newLabel= 1 currentLabel= 1 
R-CCU: sum(pointsPerCluster) = 2547 
 num [1:4] 2542 1 2 2
NULL
R-CCU: After ClusterLabelChange for i = 28 
R-CCU: sum(pointsPerCluster) = 2548 
 num [1:4] 2543 1 2 2
NULL
R-CCU: dpObj$numberClusters = 4 
List of 2
 $ : num [1, 1, 1:4] 0.48 0.265 0.652 0.719
 $ : num [1, 1, 1:4] 1.91 3.79 3.21 5.57
NULL
R priorParameters: 2 8 
R maxT: 1 
R_PriorDraw_first_mu: 0.3270392 
R_PriorDraw_first_nu: 5.757871 
R-CCU: Before ClusterLabelChange for i = 29 newLabel= 1 currentLabel= 1 
R-CCU: sum(pointsPerCluster) = 2548 
 num [1:4] 2543 1 2 2
NULL
R-CCU: After ClusterLabelChange for i = 29 
R-CCU: sum(pointsPerCluster) = 2549 
 num [1:4] 2544 1 2 2
NULL
R-CCU: dpObj$numberClusters = 4 
List of 2
 $ : num [1, 1, 1:4] 0.48 0.265 0.652 0.719
 $ : num [1, 1, 1:4] 1.91 3.79 3.21 5.57
NULL
R priorParameters: 2 8 
R maxT: 1 
R_PriorDraw_first_mu: 0.8206857 
R_PriorDraw_first_nu: 17.30098 
R-CCU: Before ClusterLabelChange for i = 30 newLabel= 1 currentLabel= 1 
R-CCU: sum(pointsPerCluster) = 2549 
 num [1:4] 2544 1 2 2
NULL
R-CCU: After ClusterLabelChange for i = 30 
R-CCU: sum(pointsPerCluster) = 2550 
 num [1:4] 2545 1 2 2
NULL
R-CCU: dpObj$numberClusters = 4 
List of 2
 $ : num [1, 1, 1:4] 0.48 0.265 0.652 0.719
 $ : num [1, 1, 1:4] 1.91 3.79 3.21 5.57
NULL
R priorParameters: 2 8 
R maxT: 1 
R_PriorDraw_first_mu: 0.5054348 
R_PriorDraw_first_nu: 3.390803 
R-CCU: Before ClusterLabelChange for i = 31 newLabel= 1 currentLabel= 1 
R-CCU: sum(pointsPerCluster) = 2550 
 num [1:4] 2545 1 2 2
NULL
R-CCU: After ClusterLabelChange for i = 31 
R-CCU: sum(pointsPerCluster) = 2551 
 num [1:4] 2546 1 2 2
NULL
R-CCU: dpObj$numberClusters = 4 
List of 2
 $ : num [1, 1, 1:4] 0.48 0.265 0.652 0.719
 $ : num [1, 1, 1:4] 1.91 3.79 3.21 5.57
NULL
R priorParameters: 2 8 
R maxT: 1 
R_PriorDraw_first_mu: 0.3571016 
R_PriorDraw_first_nu: 6.222289 
R-CCU: Before ClusterLabelChange for i = 32 newLabel= 1 currentLabel= 1 
R-CCU: sum(pointsPerCluster) = 2551 
 num [1:4] 2546 1 2 2
NULL
R-CCU: After ClusterLabelChange for i = 32 
R-CCU: sum(pointsPerCluster) = 2552 
 num [1:4] 2547 1 2 2
NULL
R-CCU: dpObj$numberClusters = 4 
List of 2
 $ : num [1, 1, 1:4] 0.48 0.265 0.652 0.719
 $ : num [1, 1, 1:4] 1.91 3.79 3.21 5.57
NULL
R priorParameters: 2 8 
R maxT: 1 
R_PriorDraw_first_mu: 0.6018329 
R_PriorDraw_first_nu: 4.988771 
R-CCU: Before ClusterLabelChange for i = 33 newLabel= 1 currentLabel= 1 
R-CCU: sum(pointsPerCluster) = 2552 
 num [1:4] 2547 1 2 2
NULL
R-CCU: After ClusterLabelChange for i = 33 
R-CCU: sum(pointsPerCluster) = 2553 
 num [1:4] 2548 1 2 2
NULL
R-CCU: dpObj$numberClusters = 4 
List of 2
 $ : num [1, 1, 1:4] 0.48 0.265 0.652 0.719
 $ : num [1, 1, 1:4] 1.91 3.79 3.21 5.57
NULL
R priorParameters: 2 8 
R maxT: 1 
R_PriorDraw_first_mu: 0.01118373 
R_PriorDraw_first_nu: 3.089412 
R-CCU: Before ClusterLabelChange for i = 34 newLabel= 1 currentLabel= 1 
R-CCU: sum(pointsPerCluster) = 2553 
 num [1:4] 2548 1 2 2
NULL
R-CCU: After ClusterLabelChange for i = 34 
R-CCU: sum(pointsPerCluster) = 2554 
 num [1:4] 2549 1 2 2
NULL
R-CCU: dpObj$numberClusters = 4 
List of 2
 $ : num [1, 1, 1:4] 0.48 0.265 0.652 0.719
 $ : num [1, 1, 1:4] 1.91 3.79 3.21 5.57
NULL
R priorParameters: 2 8 
R maxT: 1 
R_PriorDraw_first_mu: 0.2106362 
R_PriorDraw_first_nu: 13.66334 
R-CCU: Before ClusterLabelChange for i = 35 newLabel= 1 currentLabel= 1 
R-CCU: sum(pointsPerCluster) = 2554 
 num [1:4] 2549 1 2 2
NULL
R-CCU: After ClusterLabelChange for i = 35 
R-CCU: sum(pointsPerCluster) = 2555 
 num [1:4] 2550 1 2 2
NULL
R-CCU: dpObj$numberClusters = 4 
List of 2
 $ : num [1, 1, 1:4] 0.48 0.265 0.652 0.719
 $ : num [1, 1, 1:4] 1.91 3.79 3.21 5.57
NULL
R priorParameters: 2 8 
R maxT: 1 
R_PriorDraw_first_mu: 0.5080517 
R_PriorDraw_first_nu: 16.58216 
R-CCU: Before ClusterLabelChange for i = 36 newLabel= 1 currentLabel= 1 
R-CCU: sum(pointsPerCluster) = 2555 
 num [1:4] 2550 1 2 2
NULL
R-CCU: After ClusterLabelChange for i = 36 
R-CCU: sum(pointsPerCluster) = 2556 
 num [1:4] 2551 1 2 2
NULL
R-CCU: dpObj$numberClusters = 4 
List of 2
 $ : num [1, 1, 1:4] 0.48 0.265 0.652 0.719
 $ : num [1, 1, 1:4] 1.91 3.79 3.21 5.57
NULL
R priorParameters: 2 8 
R maxT: 1 
R_PriorDraw_first_mu: 0.5901667 
R_PriorDraw_first_nu: 26.85977 
R-CCU: Before ClusterLabelChange for i = 37 newLabel= 4 currentLabel= 1 
R-CCU: sum(pointsPerCluster) = 2556 
 num [1:4] 2551 1 2 2
NULL
R-CCU: After ClusterLabelChange for i = 37 
R-CCU: sum(pointsPerCluster) = 2557 
 num [1:4] 2551 1 2 3
NULL
R-CCU: dpObj$numberClusters = 4 
List of 2
 $ : num [1, 1, 1:4] 0.48 0.265 0.652 0.719
 $ : num [1, 1, 1:4] 1.91 3.79 3.21 5.57
NULL
R priorParameters: 2 8 
R maxT: 1 
R_PriorDraw_first_mu: 0.532314 
R_PriorDraw_first_nu: 11.09806 
R-CCU: Before ClusterLabelChange for i = 38 newLabel= 1 currentLabel= 1 
R-CCU: sum(pointsPerCluster) = 2557 
 num [1:4] 2551 1 2 3
NULL
R-CCU: After ClusterLabelChange for i = 38 
R-CCU: sum(pointsPerCluster) = 2558 
 num [1:4] 2552 1 2 3
NULL
R-CCU: dpObj$numberClusters = 4 
List of 2
 $ : num [1, 1, 1:4] 0.48 0.265 0.652 0.719
 $ : num [1, 1, 1:4] 1.91 3.79 3.21 5.57
NULL
R priorParameters: 2 8 
R maxT: 1 
R_PriorDraw_first_mu: 0.8444909 
R_PriorDraw_first_nu: 3.53044 
R-CCU: Before ClusterLabelChange for i = 39 newLabel= 1 currentLabel= 1 
R-CCU: sum(pointsPerCluster) = 2558 
 num [1:4] 2552 1 2 3
NULL
R-CCU: After ClusterLabelChange for i = 39 
R-CCU: sum(pointsPerCluster) = 2559 
 num [1:4] 2553 1 2 3
NULL
R-CCU: dpObj$numberClusters = 4 
List of 2
 $ : num [1, 1, 1:4] 0.48 0.265 0.652 0.719
 $ : num [1, 1, 1:4] 1.91 3.79 3.21 5.57
NULL
R priorParameters: 2 8 
R maxT: 1 
R_PriorDraw_first_mu: 0.4682024 
R_PriorDraw_first_nu: 4.801541 
R-CCU: Before ClusterLabelChange for i = 40 newLabel= 1 currentLabel= 1 
R-CCU: sum(pointsPerCluster) = 2559 
 num [1:4] 2553 1 2 3
NULL
R-CCU: After ClusterLabelChange for i = 40 
R-CCU: sum(pointsPerCluster) = 2560 
 num [1:4] 2554 1 2 3
NULL
R-CCU: dpObj$numberClusters = 4 
List of 2
 $ : num [1, 1, 1:4] 0.48 0.265 0.652 0.719
 $ : num [1, 1, 1:4] 1.91 3.79 3.21 5.57
NULL
R priorParameters: 2 8 
R maxT: 1 
R_PriorDraw_first_mu: 0.166976 
R_PriorDraw_first_nu: 5.787437 
R-CCU: Before ClusterLabelChange for i = 41 newLabel= 1 currentLabel= 1 
R-CCU: sum(pointsPerCluster) = 2560 
 num [1:4] 2554 1 2 3
NULL
R-CCU: After ClusterLabelChange for i = 41 
R-CCU: sum(pointsPerCluster) = 2561 
 num [1:4] 2555 1 2 3
NULL
R-CCU: dpObj$numberClusters = 4 
List of 2
 $ : num [1, 1, 1:4] 0.48 0.265 0.652 0.719
 $ : num [1, 1, 1:4] 1.91 3.79 3.21 5.57
NULL
R priorParameters: 2 8 
R maxT: 1 
R_PriorDraw_first_mu: 0.2968654 
R_PriorDraw_first_nu: 6.358959 
R-CCU: Before ClusterLabelChange for i = 42 newLabel= 1 currentLabel= 1 
R-CCU: sum(pointsPerCluster) = 2561 
 num [1:4] 2555 1 2 3
NULL
R-CCU: After ClusterLabelChange for i = 42 
R-CCU: sum(pointsPerCluster) = 2562 
 num [1:4] 2556 1 2 3
NULL
R-CCU: dpObj$numberClusters = 4 
List of 2
 $ : num [1, 1, 1:4] 0.48 0.265 0.652 0.719
 $ : num [1, 1, 1:4] 1.91 3.79 3.21 5.57
NULL
R priorParameters: 2 8 
R maxT: 1 
R_PriorDraw_first_mu: 0.8786036 
R_PriorDraw_first_nu: 3.541797 
R-CCU: Before ClusterLabelChange for i = 43 newLabel= 1 currentLabel= 1 
R-CCU: sum(pointsPerCluster) = 2562 
 num [1:4] 2556 1 2 3
NULL
R-CCU: After ClusterLabelChange for i = 43 
R-CCU: sum(pointsPerCluster) = 2563 
 num [1:4] 2557 1 2 3
NULL
R-CCU: dpObj$numberClusters = 4 
List of 2
 $ : num [1, 1, 1:4] 0.48 0.265 0.652 0.719
 $ : num [1, 1, 1:4] 1.91 3.79 3.21 5.57
NULL
R priorParameters: 2 8 
R maxT: 1 
R_PriorDraw_first_mu: 0.8397933 
R_PriorDraw_first_nu: 3.680793 
R-CCU: Before ClusterLabelChange for i = 44 newLabel= 1 currentLabel= 1 
R-CCU: sum(pointsPerCluster) = 2563 
 num [1:4] 2557 1 2 3
NULL
R-CCU: After ClusterLabelChange for i = 44 
R-CCU: sum(pointsPerCluster) = 2564 
 num [1:4] 2558 1 2 3
NULL
R-CCU: dpObj$numberClusters = 4 
List of 2
 $ : num [1, 1, 1:4] 0.48 0.265 0.652 0.719
 $ : num [1, 1, 1:4] 1.91 3.79 3.21 5.57
NULL
R priorParameters: 2 8 
R maxT: 1 
R_PriorDraw_first_mu: 0.3621285 
R_PriorDraw_first_nu: 4.283871 
R-CCU: Before ClusterLabelChange for i = 45 newLabel= 1 currentLabel= 1 
R-CCU: sum(pointsPerCluster) = 2564 
 num [1:4] 2558 1 2 3
NULL
R-CCU: After ClusterLabelChange for i = 45 
R-CCU: sum(pointsPerCluster) = 2565 
 num [1:4] 2559 1 2 3
NULL
R-CCU: dpObj$numberClusters = 4 
List of 2
 $ : num [1, 1, 1:4] 0.48 0.265 0.652 0.719
 $ : num [1, 1, 1:4] 1.91 3.79 3.21 5.57
NULL
R priorParameters: 2 8 
R maxT: 1 
R_PriorDraw_first_mu: 0.9232749 
R_PriorDraw_first_nu: 13.72947 
R-CCU: Before ClusterLabelChange for i = 46 newLabel= 1 currentLabel= 1 
R-CCU: sum(pointsPerCluster) = 2565 
 num [1:4] 2559 1 2 3
NULL
R-CCU: After ClusterLabelChange for i = 46 
R-CCU: sum(pointsPerCluster) = 2566 
 num [1:4] 2560 1 2 3
NULL
R-CCU: dpObj$numberClusters = 4 
List of 2
 $ : num [1, 1, 1:4] 0.48 0.265 0.652 0.719
 $ : num [1, 1, 1:4] 1.91 3.79 3.21 5.57
NULL
R priorParameters: 2 8 
R maxT: 1 
R_PriorDraw_first_mu: 0.005762974 
R_PriorDraw_first_nu: 16.74767 
R-CCU: Before ClusterLabelChange for i = 47 newLabel= 1 currentLabel= 1 
R-CCU: sum(pointsPerCluster) = 2566 
 num [1:4] 2560 1 2 3
NULL
R-CCU: After ClusterLabelChange for i = 47 
R-CCU: sum(pointsPerCluster) = 2567 
 num [1:4] 2561 1 2 3
NULL
R-CCU: dpObj$numberClusters = 4 
List of 2
 $ : num [1, 1, 1:4] 0.48 0.265 0.652 0.719
 $ : num [1, 1, 1:4] 1.91 3.79 3.21 5.57
NULL
R priorParameters: 2 8 
R maxT: 1 
R_PriorDraw_first_mu: 0.6459377 
R_PriorDraw_first_nu: 21.54134 
R-CCU: Before ClusterLabelChange for i = 48 newLabel= 1 currentLabel= 1 
R-CCU: sum(pointsPerCluster) = 2567 
 num [1:4] 2561 1 2 3
NULL
R-CCU: After ClusterLabelChange for i = 48 
R-CCU: sum(pointsPerCluster) = 2568 
 num [1:4] 2562 1 2 3
NULL
R-CCU: dpObj$numberClusters = 4 
List of 2
 $ : num [1, 1, 1:4] 0.48 0.265 0.652 0.719
 $ : num [1, 1, 1:4] 1.91 3.79 3.21 5.57
NULL
R priorParameters: 2 8 
R maxT: 1 
R_PriorDraw_first_mu: 0.6280284 
R_PriorDraw_first_nu: 3.074057 
R-CCU: Before ClusterLabelChange for i = 49 newLabel= 1 currentLabel= 1 
R-CCU: sum(pointsPerCluster) = 2568 
 num [1:4] 2562 1 2 3
NULL
R-CCU: After ClusterLabelChange for i = 49 
R-CCU: sum(pointsPerCluster) = 2569 
 num [1:4] 2563 1 2 3
NULL
R-CCU: dpObj$numberClusters = 4 
List of 2
 $ : num [1, 1, 1:4] 0.48 0.265 0.652 0.719
 $ : num [1, 1, 1:4] 1.91 3.79 3.21 5.57
NULL
R priorParameters: 2 8 
R maxT: 1 
R_PriorDraw_first_mu: 0.5318781 
R_PriorDraw_first_nu: 1.980591 
R-CCU: Before ClusterLabelChange for i = 50 newLabel= 1 currentLabel= 1 
R-CCU: sum(pointsPerCluster) = 2569 
 num [1:4] 2563 1 2 3
NULL
R-CCU: After ClusterLabelChange for i = 50 
R-CCU: sum(pointsPerCluster) = 2570 
 num [1:4] 2564 1 2 3
NULL
R-CCU: dpObj$numberClusters = 4 
List of 2
 $ : num [1, 1, 1:4] 0.48 0.265 0.652 0.719
 $ : num [1, 1, 1:4] 1.91 3.79 3.21 5.57
NULL
R priorParameters: 2 8 
R maxT: 1 
R_PriorDraw_first_mu: 0.4762858 
R_PriorDraw_first_nu: 2.357213 
R-CCU: Before ClusterLabelChange for i = 51 newLabel= 1 currentLabel= 1 
R-CCU: sum(pointsPerCluster) = 2570 
 num [1:4] 2564 1 2 3
NULL
R-CCU: After ClusterLabelChange for i = 51 
R-CCU: sum(pointsPerCluster) = 2571 
 num [1:4] 2565 1 2 3
NULL
R-CCU: dpObj$numberClusters = 4 
List of 2
 $ : num [1, 1, 1:4] 0.48 0.265 0.652 0.719
 $ : num [1, 1, 1:4] 1.91 3.79 3.21 5.57
NULL
R priorParameters: 2 8 
R maxT: 1 
R_PriorDraw_first_mu: 0.879234 
R_PriorDraw_first_nu: 2.301927 
R-CCU: Before ClusterLabelChange for i = 52 newLabel= 1 currentLabel= 1 
R-CCU: sum(pointsPerCluster) = 2571 
 num [1:4] 2565 1 2 3
NULL
R-CCU: After ClusterLabelChange for i = 52 
R-CCU: sum(pointsPerCluster) = 2572 
 num [1:4] 2566 1 2 3
NULL
R-CCU: dpObj$numberClusters = 4 
List of 2
 $ : num [1, 1, 1:4] 0.48 0.265 0.652 0.719
 $ : num [1, 1, 1:4] 1.91 3.79 3.21 5.57
NULL
R priorParameters: 2 8 
R maxT: 1 
R_PriorDraw_first_mu: 0.6238277 
R_PriorDraw_first_nu: 10.03103 
R-CCU: Before ClusterLabelChange for i = 53 newLabel= 1 currentLabel= 1 
R-CCU: sum(pointsPerCluster) = 2572 
 num [1:4] 2566 1 2 3
NULL
R-CCU: After ClusterLabelChange for i = 53 
R-CCU: sum(pointsPerCluster) = 2573 
 num [1:4] 2567 1 2 3
NULL
R-CCU: dpObj$numberClusters = 4 
List of 2
 $ : num [1, 1, 1:4] 0.48 0.265 0.652 0.719
 $ : num [1, 1, 1:4] 1.91 3.79 3.21 5.57
NULL
R priorParameters: 2 8 
R maxT: 1 
R_PriorDraw_first_mu: 0.5415336 
R_PriorDraw_first_nu: 20.41055 
R-CCU: Before ClusterLabelChange for i = 54 newLabel= 1 currentLabel= 1 
R-CCU: sum(pointsPerCluster) = 2573 
 num [1:4] 2567 1 2 3
NULL
R-CCU: After ClusterLabelChange for i = 54 
R-CCU: sum(pointsPerCluster) = 2574 
 num [1:4] 2568 1 2 3
NULL
R-CCU: dpObj$numberClusters = 4 
List of 2
 $ : num [1, 1, 1:4] 0.48 0.265 0.652 0.719
 $ : num [1, 1, 1:4] 1.91 3.79 3.21 5.57
NULL
R priorParameters: 2 8 
R maxT: 1 
R_PriorDraw_first_mu: 0.7123138 
R_PriorDraw_first_nu: 7.5745 
R-CCU: Before ClusterLabelChange for i = 55 newLabel= 1 currentLabel= 1 
R-CCU: sum(pointsPerCluster) = 2574 
 num [1:4] 2568 1 2 3
NULL
R-CCU: After ClusterLabelChange for i = 55 
R-CCU: sum(pointsPerCluster) = 2575 
 num [1:4] 2569 1 2 3
NULL
R-CCU: dpObj$numberClusters = 4 
List of 2
 $ : num [1, 1, 1:4] 0.48 0.265 0.652 0.719
 $ : num [1, 1, 1:4] 1.91 3.79 3.21 5.57
NULL
R priorParameters: 2 8 
R maxT: 1 
R_PriorDraw_first_mu: 0.9850525 
R_PriorDraw_first_nu: 16.55557 
R-CCU: Before ClusterLabelChange for i = 56 newLabel= 1 currentLabel= 1 
R-CCU: sum(pointsPerCluster) = 2575 
 num [1:4] 2569 1 2 3
NULL
R-CCU: After ClusterLabelChange for i = 56 
R-CCU: sum(pointsPerCluster) = 2576 
 num [1:4] 2570 1 2 3
NULL
R-CCU: dpObj$numberClusters = 4 
List of 2
 $ : num [1, 1, 1:4] 0.48 0.265 0.652 0.719
 $ : num [1, 1, 1:4] 1.91 3.79 3.21 5.57
NULL
R priorParameters: 2 8 
R maxT: 1 
R_PriorDraw_first_mu: 0.4100195 
R_PriorDraw_first_nu: 54.36185 
R-CCU: Before ClusterLabelChange for i = 57 newLabel= 1 currentLabel= 1 
R-CCU: sum(pointsPerCluster) = 2576 
 num [1:4] 2570 1 2 3
NULL
R-CCU: After ClusterLabelChange for i = 57 
R-CCU: sum(pointsPerCluster) = 2577 
 num [1:4] 2571 1 2 3
NULL
R-CCU: dpObj$numberClusters = 4 
List of 2
 $ : num [1, 1, 1:4] 0.48 0.265 0.652 0.719
 $ : num [1, 1, 1:4] 1.91 3.79 3.21 5.57
NULL
R priorParameters: 2 8 
R maxT: 1 
R_PriorDraw_first_mu: 0.3997721 
R_PriorDraw_first_nu: 1.781468 
R-CCU: Before ClusterLabelChange for i = 58 newLabel= 1 currentLabel= 1 
R-CCU: sum(pointsPerCluster) = 2577 
 num [1:4] 2571 1 2 3
NULL
R-CCU: After ClusterLabelChange for i = 58 
R-CCU: sum(pointsPerCluster) = 2578 
 num [1:4] 2572 1 2 3
NULL
R-CCU: dpObj$numberClusters = 4 
List of 2
 $ : num [1, 1, 1:4] 0.48 0.265 0.652 0.719
 $ : num [1, 1, 1:4] 1.91 3.79 3.21 5.57
NULL
R priorParameters: 2 8 
R maxT: 1 
R_PriorDraw_first_mu: 0.7426488 
R_PriorDraw_first_nu: 6.615156 
R-CCU: Before ClusterLabelChange for i = 59 newLabel= 1 currentLabel= 1 
R-CCU: sum(pointsPerCluster) = 2578 
 num [1:4] 2572 1 2 3
NULL
R-CCU: After ClusterLabelChange for i = 59 
R-CCU: sum(pointsPerCluster) = 2579 
 num [1:4] 2573 1 2 3
NULL
R-CCU: dpObj$numberClusters = 4 
List of 2
 $ : num [1, 1, 1:4] 0.48 0.265 0.652 0.719
 $ : num [1, 1, 1:4] 1.91 3.79 3.21 5.57
NULL
R priorParameters: 2 8 
R maxT: 1 
R_PriorDraw_first_mu: 0.1348786 
R_PriorDraw_first_nu: 6.312607 
R-CCU: Before ClusterLabelChange for i = 60 newLabel= 1 currentLabel= 1 
R-CCU: sum(pointsPerCluster) = 2579 
 num [1:4] 2573 1 2 3
NULL
R-CCU: After ClusterLabelChange for i = 60 
R-CCU: sum(pointsPerCluster) = 2580 
 num [1:4] 2574 1 2 3
NULL
R-CCU: dpObj$numberClusters = 4 
List of 2
 $ : num [1, 1, 1:4] 0.48 0.265 0.652 0.719
 $ : num [1, 1, 1:4] 1.91 3.79 3.21 5.57
NULL

⠸ |   84      0 | Beta Distribution Full Integration Test          
⠼ |   85      0 | Beta Distribution Full Integration Test          R priorParameters: 2 8 
R maxT: 1 
R_PriorDraw_first_mu: 0.3668865 
R_PriorDraw_first_nu: 15.51503 
R-CCU: Before ClusterLabelChange for i = 1 newLabel= 1 currentLabel= 1 
R-CCU: sum(pointsPerCluster) = 2580 
 num [1:4] 2574 1 2 3
NULL
R-CCU: After ClusterLabelChange for i = 1 
R-CCU: sum(pointsPerCluster) = 2581 
 num [1:4] 2575 1 2 3
NULL
R-CCU: dpObj$numberClusters = 4 
List of 2
 $ : num [1, 1, 1:4] 0.48 0.265 0.652 0.302
 $ : num [1, 1, 1:4] 2.14 3.79 3.21 11.39
NULL
R priorParameters: 2 8 
R maxT: 1 
R_PriorDraw_first_mu: 0.4275211 
R_PriorDraw_first_nu: 1.792717 
R-CCU: Before ClusterLabelChange for i = 2 newLabel= 1 currentLabel= 1 
R-CCU: sum(pointsPerCluster) = 2581 
 num [1:4] 2575 1 2 3
NULL
R-CCU: After ClusterLabelChange for i = 2 
R-CCU: sum(pointsPerCluster) = 2582 
 num [1:4] 2576 1 2 3
NULL
R-CCU: dpObj$numberClusters = 4 
List of 2
 $ : num [1, 1, 1:4] 0.48 0.265 0.652 0.302
 $ : num [1, 1, 1:4] 2.14 3.79 3.21 11.39
NULL
R priorParameters: 2 8 
R maxT: 1 
R_PriorDraw_first_mu: 0.8053536 
R_PriorDraw_first_nu: 2.094182 
R-CCU: Before ClusterLabelChange for i = 3 newLabel= 1 currentLabel= 1 
R-CCU: sum(pointsPerCluster) = 2582 
 num [1:4] 2576 1 2 3
NULL
R-CCU: After ClusterLabelChange for i = 3 
R-CCU: sum(pointsPerCluster) = 2583 
 num [1:4] 2577 1 2 3
NULL
R-CCU: dpObj$numberClusters = 4 
List of 2
 $ : num [1, 1, 1:4] 0.48 0.265 0.652 0.302
 $ : num [1, 1, 1:4] 2.14 3.79 3.21 11.39
NULL
R priorParameters: 2 8 
R maxT: 1 
R_PriorDraw_first_mu: 0.1469211 
R_PriorDraw_first_nu: 3.362158 
R-CCU: Before ClusterLabelChange for i = 4 newLabel= 1 currentLabel= 1 
R-CCU: sum(pointsPerCluster) = 2583 
 num [1:4] 2577 1 2 3
NULL
R-CCU: After ClusterLabelChange for i = 4 
R-CCU: sum(pointsPerCluster) = 2584 
 num [1:4] 2578 1 2 3
NULL
R-CCU: dpObj$numberClusters = 4 
List of 2
 $ : num [1, 1, 1:4] 0.48 0.265 0.652 0.302
 $ : num [1, 1, 1:4] 2.14 3.79 3.21 11.39
NULL
R priorParameters: 2 8 
R maxT: 1 
R_PriorDraw_first_mu: 0.04552562 
R_PriorDraw_first_nu: 8.688311 
R-CCU: Before ClusterLabelChange for i = 5 newLabel= 1 currentLabel= 1 
R-CCU: sum(pointsPerCluster) = 2584 
 num [1:4] 2578 1 2 3
NULL
R-CCU: After ClusterLabelChange for i = 5 
R-CCU: sum(pointsPerCluster) = 2585 
 num [1:4] 2579 1 2 3
NULL
R-CCU: dpObj$numberClusters = 4 
List of 2
 $ : num [1, 1, 1:4] 0.48 0.265 0.652 0.302
 $ : num [1, 1, 1:4] 2.14 3.79 3.21 11.39
NULL
R priorParameters: 2 8 
R maxT: 1 
R_PriorDraw_first_mu: 0.9029002 
R_PriorDraw_first_nu: 6.171797 
R-CCU: Before ClusterLabelChange for i = 6 newLabel= 1 currentLabel= 1 
R-CCU: sum(pointsPerCluster) = 2585 
 num [1:4] 2579 1 2 3
NULL
R-CCU: After ClusterLabelChange for i = 6 
R-CCU: sum(pointsPerCluster) = 2586 
 num [1:4] 2580 1 2 3
NULL
R-CCU: dpObj$numberClusters = 4 
List of 2
 $ : num [1, 1, 1:4] 0.48 0.265 0.652 0.302
 $ : num [1, 1, 1:4] 2.14 3.79 3.21 11.39
NULL
R priorParameters: 2 8 
R maxT: 1 
R_PriorDraw_first_mu: 0.7775433 
R_PriorDraw_first_nu: 5.167787 
R-CCU: Before ClusterLabelChange for i = 7 newLabel= 1 currentLabel= 1 
R-CCU: sum(pointsPerCluster) = 2586 
 num [1:4] 2580 1 2 3
NULL
R-CCU: After ClusterLabelChange for i = 7 
R-CCU: sum(pointsPerCluster) = 2587 
 num [1:4] 2581 1 2 3
NULL
R-CCU: dpObj$numberClusters = 4 
List of 2
 $ : num [1, 1, 1:4] 0.48 0.265 0.652 0.302
 $ : num [1, 1, 1:4] 2.14 3.79 3.21 11.39
NULL
R priorParameters: 2 8 
R maxT: 1 
R_PriorDraw_first_mu: 0.9617742 
R_PriorDraw_first_nu: 3.229125 
R-CCU: Before ClusterLabelChange for i = 8 newLabel= 1 currentLabel= 1 
R-CCU: sum(pointsPerCluster) = 2587 
 num [1:4] 2581 1 2 3
NULL
R-CCU: After ClusterLabelChange for i = 8 
R-CCU: sum(pointsPerCluster) = 2588 
 num [1:4] 2582 1 2 3
NULL
R-CCU: dpObj$numberClusters = 4 
List of 2
 $ : num [1, 1, 1:4] 0.48 0.265 0.652 0.302
 $ : num [1, 1, 1:4] 2.14 3.79 3.21 11.39
NULL
R priorParameters: 2 8 
R maxT: 1 
R_PriorDraw_first_mu: 0.5092029 
R_PriorDraw_first_nu: 8.8263 
R-CCU: Before ClusterLabelChange for i = 9 newLabel= 1 currentLabel= 1 
R-CCU: sum(pointsPerCluster) = 2588 
 num [1:4] 2582 1 2 3
NULL
R-CCU: After ClusterLabelChange for i = 9 
R-CCU: sum(pointsPerCluster) = 2589 
 num [1:4] 2583 1 2 3
NULL
R-CCU: dpObj$numberClusters = 4 
List of 2
 $ : num [1, 1, 1:4] 0.48 0.265 0.652 0.302
 $ : num [1, 1, 1:4] 2.14 3.79 3.21 11.39
NULL
R priorParameters: 2 8 
R maxT: 1 
R_PriorDraw_first_mu: 0.7996752 
R_PriorDraw_first_nu: 2.344458 
R-CCU: Before ClusterLabelChange for i = 10 newLabel= 1 currentLabel= 1 
R-CCU: sum(pointsPerCluster) = 2589 
 num [1:4] 2583 1 2 3
NULL
R-CCU: After ClusterLabelChange for i = 10 
R-CCU: sum(pointsPerCluster) = 2590 
 num [1:4] 2584 1 2 3
NULL
R-CCU: dpObj$numberClusters = 4 
List of 2
 $ : num [1, 1, 1:4] 0.48 0.265 0.652 0.302
 $ : num [1, 1, 1:4] 2.14 3.79 3.21 11.39
NULL
R priorParameters: 2 8 
R maxT: 1 
R_PriorDraw_first_mu: 0.1825064 
R_PriorDraw_first_nu: 10.39556 
R-CCU: Before ClusterLabelChange for i = 11 newLabel= 1 currentLabel= 1 
R-CCU: sum(pointsPerCluster) = 2590 
 num [1:4] 2584 1 2 3
NULL
R-CCU: After ClusterLabelChange for i = 11 
R-CCU: sum(pointsPerCluster) = 2591 
 num [1:4] 2585 1 2 3
NULL
R-CCU: dpObj$numberClusters = 4 
List of 2
 $ : num [1, 1, 1:4] 0.48 0.265 0.652 0.302
 $ : num [1, 1, 1:4] 2.14 3.79 3.21 11.39
NULL
R priorParameters: 2 8 
R maxT: 1 
R_PriorDraw_first_mu: 0.464304 
R_PriorDraw_first_nu: 6.534453 
R-CCU: Before ClusterLabelChange for i = 12 newLabel= 1 currentLabel= 1 
R-CCU: sum(pointsPerCluster) = 2591 
 num [1:4] 2585 1 2 3
NULL
R-CCU: After ClusterLabelChange for i = 12 
R-CCU: sum(pointsPerCluster) = 2592 
 num [1:4] 2586 1 2 3
NULL
R-CCU: dpObj$numberClusters = 4 
List of 2
 $ : num [1, 1, 1:4] 0.48 0.265 0.652 0.302
 $ : num [1, 1, 1:4] 2.14 3.79 3.21 11.39
NULL
R priorParameters: 2 8 
R maxT: 1 
R_PriorDraw_first_mu: 0.3938088 
R_PriorDraw_first_nu: 13.97674 
R-CCU: Before ClusterLabelChange for i = 13 newLabel= 1 currentLabel= 1 
R-CCU: sum(pointsPerCluster) = 2592 
 num [1:4] 2586 1 2 3
NULL
R-CCU: After ClusterLabelChange for i = 13 
R-CCU: sum(pointsPerCluster) = 2593 
 num [1:4] 2587 1 2 3
NULL
R-CCU: dpObj$numberClusters = 4 
List of 2
 $ : num [1, 1, 1:4] 0.48 0.265 0.652 0.302
 $ : num [1, 1, 1:4] 2.14 3.79 3.21 11.39
NULL
R priorParameters: 2 8 
R maxT: 1 
R_PriorDraw_first_mu: 0.5885521 
R_PriorDraw_first_nu: 8.154164 
R-CCU: Before ClusterLabelChange for i = 14 newLabel= 1 currentLabel= 1 
R-CCU: sum(pointsPerCluster) = 2593 
 num [1:4] 2587 1 2 3
NULL
R-CCU: After ClusterLabelChange for i = 14 
R-CCU: sum(pointsPerCluster) = 2594 
 num [1:4] 2588 1 2 3
NULL
R-CCU: dpObj$numberClusters = 4 
List of 2
 $ : num [1, 1, 1:4] 0.48 0.265 0.652 0.302
 $ : num [1, 1, 1:4] 2.14 3.79 3.21 11.39
NULL
R priorParameters: 2 8 
R maxT: 1 
R_PriorDraw_first_mu: 0.6627312 
R_PriorDraw_first_nu: 75.87223 
R-CCU: Before ClusterLabelChange for i = 15 newLabel= 1 currentLabel= 1 
R-CCU: sum(pointsPerCluster) = 2594 
 num [1:4] 2588 1 2 3
NULL
R-CCU: After ClusterLabelChange for i = 15 
R-CCU: sum(pointsPerCluster) = 2595 
 num [1:4] 2589 1 2 3
NULL
R-CCU: dpObj$numberClusters = 4 
List of 2
 $ : num [1, 1, 1:4] 0.48 0.265 0.652 0.302
 $ : num [1, 1, 1:4] 2.14 3.79 3.21 11.39
NULL
R priorParameters: 2 8 
R maxT: 1 
R_PriorDraw_first_mu: 0.9533018 
R_PriorDraw_first_nu: 9.121349 
R-CCU: Before ClusterLabelChange for i = 16 newLabel= 1 currentLabel= 1 
R-CCU: sum(pointsPerCluster) = 2595 
 num [1:4] 2589 1 2 3
NULL
R-CCU: After ClusterLabelChange for i = 16 
R-CCU: sum(pointsPerCluster) = 2596 
 num [1:4] 2590 1 2 3
NULL
R-CCU: dpObj$numberClusters = 4 
List of 2
 $ : num [1, 1, 1:4] 0.48 0.265 0.652 0.302
 $ : num [1, 1, 1:4] 2.14 3.79 3.21 11.39
NULL
R priorParameters: 2 8 
R maxT: 1 
R_PriorDraw_first_mu: 0.76905 
R_PriorDraw_first_nu: 5.277968 
R-CCU: Before ClusterLabelChange for i = 17 newLabel= 1 currentLabel= 1 
R-CCU: sum(pointsPerCluster) = 2596 
 num [1:4] 2590 1 2 3
NULL
R-CCU: After ClusterLabelChange for i = 17 
R-CCU: sum(pointsPerCluster) = 2597 
 num [1:4] 2591 1 2 3
NULL
R-CCU: dpObj$numberClusters = 4 
List of 2
 $ : num [1, 1, 1:4] 0.48 0.265 0.652 0.302
 $ : num [1, 1, 1:4] 2.14 3.79 3.21 11.39
NULL
R priorParameters: 2 8 
R maxT: 1 
R_PriorDraw_first_mu: 0.0116891 
R_PriorDraw_first_nu: 2.772487 
R-CCU: Before ClusterLabelChange for i = 18 newLabel= 1 currentLabel= 1 
R-CCU: sum(pointsPerCluster) = 2597 
 num [1:4] 2591 1 2 3
NULL
R-CCU: After ClusterLabelChange for i = 18 
R-CCU: sum(pointsPerCluster) = 2598 
 num [1:4] 2592 1 2 3
NULL
R-CCU: dpObj$numberClusters = 4 
List of 2
 $ : num [1, 1, 1:4] 0.48 0.265 0.652 0.302
 $ : num [1, 1, 1:4] 2.14 3.79 3.21 11.39
NULL
R priorParameters: 2 8 
R maxT: 1 
R_PriorDraw_first_mu: 0.3135878 
R_PriorDraw_first_nu: 6.700845 
R-CCU: Before ClusterLabelChange for i = 19 newLabel= 1 currentLabel= 1 
R-CCU: sum(pointsPerCluster) = 2598 
 num [1:4] 2592 1 2 3
NULL
R-CCU: After ClusterLabelChange for i = 19 
R-CCU: sum(pointsPerCluster) = 2599 
 num [1:4] 2593 1 2 3
NULL
R-CCU: dpObj$numberClusters = 4 
List of 2
 $ : num [1, 1, 1:4] 0.48 0.265 0.652 0.302
 $ : num [1, 1, 1:4] 2.14 3.79 3.21 11.39
NULL
R priorParameters: 2 8 
R maxT: 1 
R_PriorDraw_first_mu: 0.3421517 
R_PriorDraw_first_nu: 12.79821 
R-CCU: Before ClusterLabelChange for i = 20 newLabel= 1 currentLabel= 1 
R-CCU: sum(pointsPerCluster) = 2599 
 num [1:4] 2593 1 2 3
NULL
R-CCU: After ClusterLabelChange for i = 20 
R-CCU: sum(pointsPerCluster) = 2600 
 num [1:4] 2594 1 2 3
NULL
R-CCU: dpObj$numberClusters = 4 
List of 2
 $ : num [1, 1, 1:4] 0.48 0.265 0.652 0.302
 $ : num [1, 1, 1:4] 2.14 3.79 3.21 11.39
NULL
R priorParameters: 2 8 
R maxT: 1 
R_PriorDraw_first_mu: 0.8598706 
R_PriorDraw_first_nu: 4.013022 
R-CCU: Before ClusterLabelChange for i = 21 newLabel= 1 currentLabel= 1 
R-CCU: sum(pointsPerCluster) = 2600 
 num [1:4] 2594 1 2 3
NULL
R-CCU: After ClusterLabelChange for i = 21 
R-CCU: sum(pointsPerCluster) = 2601 
 num [1:4] 2595 1 2 3
NULL
R-CCU: dpObj$numberClusters = 4 
List of 2
 $ : num [1, 1, 1:4] 0.48 0.265 0.652 0.302
 $ : num [1, 1, 1:4] 2.14 3.79 3.21 11.39
NULL
R priorParameters: 2 8 
R maxT: 1 
R_PriorDraw_first_mu: 0.1927354 
R_PriorDraw_first_nu: 5.149902 
R-CCU: Before ClusterLabelChange for i = 22 newLabel= 1 currentLabel= 1 
R-CCU: sum(pointsPerCluster) = 2601 
 num [1:4] 2595 1 2 3
NULL
R-CCU: After ClusterLabelChange for i = 22 
R-CCU: sum(pointsPerCluster) = 2602 
 num [1:4] 2596 1 2 3
NULL
R-CCU: dpObj$numberClusters = 4 
List of 2
 $ : num [1, 1, 1:4] 0.48 0.265 0.652 0.302
 $ : num [1, 1, 1:4] 2.14 3.79 3.21 11.39
NULL
R priorParameters: 2 8 
R maxT: 1 
R_PriorDraw_first_mu: 0.1672274 
R_PriorDraw_first_nu: 3.262943 
R-CCU: Before ClusterLabelChange for i = 23 newLabel= 1 currentLabel= 1 
R-CCU: sum(pointsPerCluster) = 2602 
 num [1:4] 2596 1 2 3
NULL
R-CCU: After ClusterLabelChange for i = 23 
R-CCU: sum(pointsPerCluster) = 2603 
 num [1:4] 2597 1 2 3
NULL
R-CCU: dpObj$numberClusters = 4 
List of 2
 $ : num [1, 1, 1:4] 0.48 0.265 0.652 0.302
 $ : num [1, 1, 1:4] 2.14 3.79 3.21 11.39
NULL
R priorParameters: 2 8 
R maxT: 1 
R_PriorDraw_first_mu: 0.09595496 
R_PriorDraw_first_nu: 5.211502 
R-CCU: Before ClusterLabelChange for i = 24 newLabel= 1 currentLabel= 1 
R-CCU: sum(pointsPerCluster) = 2603 
 num [1:4] 2597 1 2 3
NULL
R-CCU: After ClusterLabelChange for i = 24 
R-CCU: sum(pointsPerCluster) = 2604 
 num [1:4] 2598 1 2 3
NULL
R-CCU: dpObj$numberClusters = 4 
List of 2
 $ : num [1, 1, 1:4] 0.48 0.265 0.652 0.302
 $ : num [1, 1, 1:4] 2.14 3.79 3.21 11.39
NULL
R priorParameters: 2 8 
R maxT: 1 
R_PriorDraw_first_mu: 0.678975 
R_PriorDraw_first_nu: 5.969787 
R-CCU: Before ClusterLabelChange for i = 25 newLabel= 1 currentLabel= 1 
R-CCU: sum(pointsPerCluster) = 2604 
 num [1:4] 2598 1 2 3
NULL
R-CCU: After ClusterLabelChange for i = 25 
R-CCU: sum(pointsPerCluster) = 2605 
 num [1:4] 2599 1 2 3
NULL
R-CCU: dpObj$numberClusters = 4 
List of 2
 $ : num [1, 1, 1:4] 0.48 0.265 0.652 0.302
 $ : num [1, 1, 1:4] 2.14 3.79 3.21 11.39
NULL
R priorParameters: 2 8 
R maxT: 1 
R_PriorDraw_first_mu: 0.2774871 
R_PriorDraw_first_nu: 4.269776 
R-CCU: Before ClusterLabelChange for i = 26 newLabel= 1 currentLabel= 1 
R-CCU: sum(pointsPerCluster) = 2605 
 num [1:4] 2599 1 2 3
NULL
R-CCU: After ClusterLabelChange for i = 26 
R-CCU: sum(pointsPerCluster) = 2606 
 num [1:4] 2600 1 2 3
NULL
R-CCU: dpObj$numberClusters = 4 
List of 2
 $ : num [1, 1, 1:4] 0.48 0.265 0.652 0.302
 $ : num [1, 1, 1:4] 2.14 3.79 3.21 11.39
NULL
R priorParameters: 2 8 
R maxT: 1 
R_PriorDraw_first_mu: 0.9789698 
R_PriorDraw_first_nu: 11.35789 
R-CCU: Before ClusterLabelChange for i = 27 newLabel= 1 currentLabel= 1 
R-CCU: sum(pointsPerCluster) = 2606 
 num [1:4] 2600 1 2 3
NULL
R-CCU: After ClusterLabelChange for i = 27 
R-CCU: sum(pointsPerCluster) = 2607 
 num [1:4] 2601 1 2 3
NULL
R-CCU: dpObj$numberClusters = 4 
List of 2
 $ : num [1, 1, 1:4] 0.48 0.265 0.652 0.302
 $ : num [1, 1, 1:4] 2.14 3.79 3.21 11.39
NULL
R priorParameters: 2 8 
R maxT: 1 
R_PriorDraw_first_mu: 0.602868 
R_PriorDraw_first_nu: 4.242133 
R-CCU: Before ClusterLabelChange for i = 28 newLabel= 1 currentLabel= 1 
R-CCU: sum(pointsPerCluster) = 2607 
 num [1:4] 2601 1 2 3
NULL
R-CCU: After ClusterLabelChange for i = 28 
R-CCU: sum(pointsPerCluster) = 2608 
 num [1:4] 2602 1 2 3
NULL
R-CCU: dpObj$numberClusters = 4 
List of 2
 $ : num [1, 1, 1:4] 0.48 0.265 0.652 0.302
 $ : num [1, 1, 1:4] 2.14 3.79 3.21 11.39
NULL
R priorParameters: 2 8 
R maxT: 1 
R_PriorDraw_first_mu: 0.6223455 
R_PriorDraw_first_nu: 5.360979 
R-CCU: Before ClusterLabelChange for i = 29 newLabel= 1 currentLabel= 1 
R-CCU: sum(pointsPerCluster) = 2608 
 num [1:4] 2602 1 2 3
NULL
R-CCU: After ClusterLabelChange for i = 29 
R-CCU: sum(pointsPerCluster) = 2609 
 num [1:4] 2603 1 2 3
NULL
R-CCU: dpObj$numberClusters = 4 
List of 2
 $ : num [1, 1, 1:4] 0.48 0.265 0.652 0.302
 $ : num [1, 1, 1:4] 2.14 3.79 3.21 11.39
NULL
R priorParameters: 2 8 
R maxT: 1 
R_PriorDraw_first_mu: 0.6657044 
R_PriorDraw_first_nu: 2.153835 
R-CCU: Before ClusterLabelChange for i = 30 newLabel= 1 currentLabel= 1 
R-CCU: sum(pointsPerCluster) = 2609 
 num [1:4] 2603 1 2 3
NULL
R-CCU: After ClusterLabelChange for i = 30 
R-CCU: sum(pointsPerCluster) = 2610 
 num [1:4] 2604 1 2 3
NULL
R-CCU: dpObj$numberClusters = 4 
List of 2
 $ : num [1, 1, 1:4] 0.48 0.265 0.652 0.302
 $ : num [1, 1, 1:4] 2.14 3.79 3.21 11.39
NULL
R priorParameters: 2 8 
R maxT: 1 
R_PriorDraw_first_mu: 0.4642323 
R_PriorDraw_first_nu: 3.498265 
R-CCU: Before ClusterLabelChange for i = 31 newLabel= 1 currentLabel= 1 
R-CCU: sum(pointsPerCluster) = 2610 
 num [1:4] 2604 1 2 3
NULL
R-CCU: After ClusterLabelChange for i = 31 
R-CCU: sum(pointsPerCluster) = 2611 
 num [1:4] 2605 1 2 3
NULL
R-CCU: dpObj$numberClusters = 4 
List of 2
 $ : num [1, 1, 1:4] 0.48 0.265 0.652 0.302
 $ : num [1, 1, 1:4] 2.14 3.79 3.21 11.39
NULL
R priorParameters: 2 8 
R maxT: 1 
R_PriorDraw_first_mu: 0.7894143 
R_PriorDraw_first_nu: 7.283626 
R-CCU: Before ClusterLabelChange for i = 32 newLabel= 1 currentLabel= 1 
R-CCU: sum(pointsPerCluster) = 2611 
 num [1:4] 2605 1 2 3
NULL
R-CCU: After ClusterLabelChange for i = 32 
R-CCU: sum(pointsPerCluster) = 2612 
 num [1:4] 2606 1 2 3
NULL
R-CCU: dpObj$numberClusters = 4 
List of 2
 $ : num [1, 1, 1:4] 0.48 0.265 0.652 0.302
 $ : num [1, 1, 1:4] 2.14 3.79 3.21 11.39
NULL
R priorParameters: 2 8 
R maxT: 1 
R_PriorDraw_first_mu: 0.8442539 
R_PriorDraw_first_nu: 16.44849 
R-CCU: Before ClusterLabelChange for i = 33 newLabel= 1 currentLabel= 1 
R-CCU: sum(pointsPerCluster) = 2612 
 num [1:4] 2606 1 2 3
NULL
R-CCU: After ClusterLabelChange for i = 33 
R-CCU: sum(pointsPerCluster) = 2613 
 num [1:4] 2607 1 2 3
NULL
R-CCU: dpObj$numberClusters = 4 
List of 2
 $ : num [1, 1, 1:4] 0.48 0.265 0.652 0.302
 $ : num [1, 1, 1:4] 2.14 3.79 3.21 11.39
NULL
R priorParameters: 2 8 
R maxT: 1 
R_PriorDraw_first_mu: 0.6988239 
R_PriorDraw_first_nu: 3.570036 
R-CCU: Before ClusterLabelChange for i = 34 newLabel= 1 currentLabel= 1 
R-CCU: sum(pointsPerCluster) = 2613 
 num [1:4] 2607 1 2 3
NULL
R-CCU: After ClusterLabelChange for i = 34 
R-CCU: sum(pointsPerCluster) = 2614 
 num [1:4] 2608 1 2 3
NULL
R-CCU: dpObj$numberClusters = 4 
List of 2
 $ : num [1, 1, 1:4] 0.48 0.265 0.652 0.302
 $ : num [1, 1, 1:4] 2.14 3.79 3.21 11.39
NULL
R priorParameters: 2 8 
R maxT: 1 
R_PriorDraw_first_mu: 0.09566255 
R_PriorDraw_first_nu: 15.7266 
R-CCU: Before ClusterLabelChange for i = 35 newLabel= 1 currentLabel= 1 
R-CCU: sum(pointsPerCluster) = 2614 
 num [1:4] 2608 1 2 3
NULL
R-CCU: After ClusterLabelChange for i = 35 
R-CCU: sum(pointsPerCluster) = 2615 
 num [1:4] 2609 1 2 3
NULL
R-CCU: dpObj$numberClusters = 4 
List of 2
 $ : num [1, 1, 1:4] 0.48 0.265 0.652 0.302
 $ : num [1, 1, 1:4] 2.14 3.79 3.21 11.39
NULL
R priorParameters: 2 8 
R maxT: 1 
R_PriorDraw_first_mu: 0.4559201 
R_PriorDraw_first_nu: 5.513552 
R-CCU: Before ClusterLabelChange for i = 36 newLabel= 1 currentLabel= 1 
R-CCU: sum(pointsPerCluster) = 2615 
 num [1:4] 2609 1 2 3
NULL
R-CCU: After ClusterLabelChange for i = 36 
R-CCU: sum(pointsPerCluster) = 2616 
 num [1:4] 2610 1 2 3
NULL
R-CCU: dpObj$numberClusters = 4 
List of 2
 $ : num [1, 1, 1:4] 0.48 0.265 0.652 0.302
 $ : num [1, 1, 1:4] 2.14 3.79 3.21 11.39
NULL
R priorParameters: 2 8 
R maxT: 1 
R_PriorDraw_first_mu: 0.4111398 
R_PriorDraw_first_nu: 15.90454 
R-CCU: Before ClusterLabelChange for i = 37 newLabel= 1 currentLabel= 4 
R-CCU: sum(pointsPerCluster) = 2616 
 num [1:4] 2610 1 2 3
NULL
R-CCU: After ClusterLabelChange for i = 37 
R-CCU: sum(pointsPerCluster) = 2617 
 num [1:4] 2611 1 2 3
NULL
R-CCU: dpObj$numberClusters = 4 
List of 2
 $ : num [1, 1, 1:4] 0.48 0.265 0.652 0.302
 $ : num [1, 1, 1:4] 2.14 3.79 3.21 11.39
NULL
R priorParameters: 2 8 
R maxT: 1 
R_PriorDraw_first_mu: 0.3781423 
R_PriorDraw_first_nu: 3.663345 
R-CCU: Before ClusterLabelChange for i = 38 newLabel= 1 currentLabel= 1 
R-CCU: sum(pointsPerCluster) = 2617 
 num [1:4] 2611 1 2 3
NULL
R-CCU: After ClusterLabelChange for i = 38 
R-CCU: sum(pointsPerCluster) = 2618 
 num [1:4] 2612 1 2 3
NULL
R-CCU: dpObj$numberClusters = 4 
List of 2
 $ : num [1, 1, 1:4] 0.48 0.265 0.652 0.302
 $ : num [1, 1, 1:4] 2.14 3.79 3.21 11.39
NULL
R priorParameters: 2 8 
R maxT: 1 
R_PriorDraw_first_mu: 0.227423 
R_PriorDraw_first_nu: 10.38948 
R-CCU: Before ClusterLabelChange for i = 39 newLabel= 1 currentLabel= 1 
R-CCU: sum(pointsPerCluster) = 2618 
 num [1:4] 2612 1 2 3
NULL
R-CCU: After ClusterLabelChange for i = 39 
R-CCU: sum(pointsPerCluster) = 2619 
 num [1:4] 2613 1 2 3
NULL
R-CCU: dpObj$numberClusters = 4 
List of 2
 $ : num [1, 1, 1:4] 0.48 0.265 0.652 0.302
 $ : num [1, 1, 1:4] 2.14 3.79 3.21 11.39
NULL
R priorParameters: 2 8 
R maxT: 1 
R_PriorDraw_first_mu: 0.7912619 
R_PriorDraw_first_nu: 9.747227 
R-CCU: Before ClusterLabelChange for i = 40 newLabel= 1 currentLabel= 1 
R-CCU: sum(pointsPerCluster) = 2619 
 num [1:4] 2613 1 2 3
NULL
R-CCU: After ClusterLabelChange for i = 40 
R-CCU: sum(pointsPerCluster) = 2620 
 num [1:4] 2614 1 2 3
NULL
R-CCU: dpObj$numberClusters = 4 
List of 2
 $ : num [1, 1, 1:4] 0.48 0.265 0.652 0.302
 $ : num [1, 1, 1:4] 2.14 3.79 3.21 11.39
NULL
R priorParameters: 2 8 
R maxT: 1 
R_PriorDraw_first_mu: 0.2262998 
R_PriorDraw_first_nu: 4.336334 
R-CCU: Before ClusterLabelChange for i = 41 newLabel= 1 currentLabel= 1 
R-CCU: sum(pointsPerCluster) = 2620 
 num [1:4] 2614 1 2 3
NULL
R-CCU: After ClusterLabelChange for i = 41 
R-CCU: sum(pointsPerCluster) = 2621 
 num [1:4] 2615 1 2 3
NULL
R-CCU: dpObj$numberClusters = 4 
List of 2
 $ : num [1, 1, 1:4] 0.48 0.265 0.652 0.302
 $ : num [1, 1, 1:4] 2.14 3.79 3.21 11.39
NULL
R priorParameters: 2 8 
R maxT: 1 
R_PriorDraw_first_mu: 0.337572 
R_PriorDraw_first_nu: 3.444396 
R-CCU: Before ClusterLabelChange for i = 42 newLabel= 1 currentLabel= 1 
R-CCU: sum(pointsPerCluster) = 2621 
 num [1:4] 2615 1 2 3
NULL
R-CCU: After ClusterLabelChange for i = 42 
R-CCU: sum(pointsPerCluster) = 2622 
 num [1:4] 2616 1 2 3
NULL
R-CCU: dpObj$numberClusters = 4 
List of 2
 $ : num [1, 1, 1:4] 0.48 0.265 0.652 0.302
 $ : num [1, 1, 1:4] 2.14 3.79 3.21 11.39
NULL
R priorParameters: 2 8 
R maxT: 1 
R_PriorDraw_first_mu: 0.06298136 
R_PriorDraw_first_nu: 2.253718 
R-CCU: Before ClusterLabelChange for i = 43 newLabel= 1 currentLabel= 1 
R-CCU: sum(pointsPerCluster) = 2622 
 num [1:4] 2616 1 2 3
NULL
R-CCU: After ClusterLabelChange for i = 43 
R-CCU: sum(pointsPerCluster) = 2623 
 num [1:4] 2617 1 2 3
NULL
R-CCU: dpObj$numberClusters = 4 
List of 2
 $ : num [1, 1, 1:4] 0.48 0.265 0.652 0.302
 $ : num [1, 1, 1:4] 2.14 3.79 3.21 11.39
NULL
R priorParameters: 2 8 
R maxT: 1 
R_PriorDraw_first_mu: 0.3833116 
R_PriorDraw_first_nu: 12.42968 
R-CCU: Before ClusterLabelChange for i = 44 newLabel= 1 currentLabel= 1 
R-CCU: sum(pointsPerCluster) = 2623 
 num [1:4] 2617 1 2 3
NULL
R-CCU: After ClusterLabelChange for i = 44 
R-CCU: sum(pointsPerCluster) = 2624 
 num [1:4] 2618 1 2 3
NULL
R-CCU: dpObj$numberClusters = 4 
List of 2
 $ : num [1, 1, 1:4] 0.48 0.265 0.652 0.302
 $ : num [1, 1, 1:4] 2.14 3.79 3.21 11.39
NULL
R priorParameters: 2 8 
R maxT: 1 
R_PriorDraw_first_mu: 0.5550464 
R_PriorDraw_first_nu: 2.834357 
R-CCU: Before ClusterLabelChange for i = 45 newLabel= 1 currentLabel= 1 
R-CCU: sum(pointsPerCluster) = 2624 
 num [1:4] 2618 1 2 3
NULL
R-CCU: After ClusterLabelChange for i = 45 
R-CCU: sum(pointsPerCluster) = 2625 
 num [1:4] 2619 1 2 3
NULL
R-CCU: dpObj$numberClusters = 4 
List of 2
 $ : num [1, 1, 1:4] 0.48 0.265 0.652 0.302
 $ : num [1, 1, 1:4] 2.14 3.79 3.21 11.39
NULL
R priorParameters: 2 8 
R maxT: 1 
R_PriorDraw_first_mu: 0.335943 
R_PriorDraw_first_nu: 8.501328 
R-CCU: Before ClusterLabelChange for i = 46 newLabel= 1 currentLabel= 1 
R-CCU: sum(pointsPerCluster) = 2625 
 num [1:4] 2619 1 2 3
NULL
R-CCU: After ClusterLabelChange for i = 46 
R-CCU: sum(pointsPerCluster) = 2626 
 num [1:4] 2620 1 2 3
NULL
R-CCU: dpObj$numberClusters = 4 
List of 2
 $ : num [1, 1, 1:4] 0.48 0.265 0.652 0.302
 $ : num [1, 1, 1:4] 2.14 3.79 3.21 11.39
NULL
R priorParameters: 2 8 
R maxT: 1 
R_PriorDraw_first_mu: 0.1323092 
R_PriorDraw_first_nu: 7.699733 
R-CCU: Before ClusterLabelChange for i = 47 newLabel= 1 currentLabel= 1 
R-CCU: sum(pointsPerCluster) = 2626 
 num [1:4] 2620 1 2 3
NULL
R-CCU: After ClusterLabelChange for i = 47 
R-CCU: sum(pointsPerCluster) = 2627 
 num [1:4] 2621 1 2 3
NULL
R-CCU: dpObj$numberClusters = 4 
List of 2
 $ : num [1, 1, 1:4] 0.48 0.265 0.652 0.302
 $ : num [1, 1, 1:4] 2.14 3.79 3.21 11.39
NULL
R priorParameters: 2 8 
R maxT: 1 
R_PriorDraw_first_mu: 0.7678688 
R_PriorDraw_first_nu: 5.09611 
R-CCU: Before ClusterLabelChange for i = 48 newLabel= 1 currentLabel= 1 
R-CCU: sum(pointsPerCluster) = 2627 
 num [1:4] 2621 1 2 3
NULL
R-CCU: After ClusterLabelChange for i = 48 
R-CCU: sum(pointsPerCluster) = 2628 
 num [1:4] 2622 1 2 3
NULL
R-CCU: dpObj$numberClusters = 4 
List of 2
 $ : num [1, 1, 1:4] 0.48 0.265 0.652 0.302
 $ : num [1, 1, 1:4] 2.14 3.79 3.21 11.39
NULL
R priorParameters: 2 8 
R maxT: 1 
R_PriorDraw_first_mu: 0.6609303 
R_PriorDraw_first_nu: 19.01016 
R-CCU: Before ClusterLabelChange for i = 49 newLabel= 1 currentLabel= 1 
R-CCU: sum(pointsPerCluster) = 2628 
 num [1:4] 2622 1 2 3
NULL
R-CCU: After ClusterLabelChange for i = 49 
R-CCU: sum(pointsPerCluster) = 2629 
 num [1:4] 2623 1 2 3
NULL
R-CCU: dpObj$numberClusters = 4 
List of 2
 $ : num [1, 1, 1:4] 0.48 0.265 0.652 0.302
 $ : num [1, 1, 1:4] 2.14 3.79 3.21 11.39
NULL
R priorParameters: 2 8 
R maxT: 1 
R_PriorDraw_first_mu: 0.1645338 
R_PriorDraw_first_nu: 1.932486 
R-CCU: Before ClusterLabelChange for i = 50 newLabel= 1 currentLabel= 1 
R-CCU: sum(pointsPerCluster) = 2629 
 num [1:4] 2623 1 2 3
NULL
R-CCU: After ClusterLabelChange for i = 50 
R-CCU: sum(pointsPerCluster) = 2630 
 num [1:4] 2624 1 2 3
NULL
R-CCU: dpObj$numberClusters = 4 
List of 2
 $ : num [1, 1, 1:4] 0.48 0.265 0.652 0.302
 $ : num [1, 1, 1:4] 2.14 3.79 3.21 11.39
NULL
R priorParameters: 2 8 
R maxT: 1 
R_PriorDraw_first_mu: 0.2915147 
R_PriorDraw_first_nu: 1.929041 
R-CCU: Before ClusterLabelChange for i = 51 newLabel= 1 currentLabel= 1 
R-CCU: sum(pointsPerCluster) = 2630 
 num [1:4] 2624 1 2 3
NULL
R-CCU: After ClusterLabelChange for i = 51 
R-CCU: sum(pointsPerCluster) = 2631 
 num [1:4] 2625 1 2 3
NULL
R-CCU: dpObj$numberClusters = 4 
List of 2
 $ : num [1, 1, 1:4] 0.48 0.265 0.652 0.302
 $ : num [1, 1, 1:4] 2.14 3.79 3.21 11.39
NULL
R priorParameters: 2 8 
R maxT: 1 
R_PriorDraw_first_mu: 0.6241209 
R_PriorDraw_first_nu: 3.516122 
R-CCU: Before ClusterLabelChange for i = 52 newLabel= 1 currentLabel= 1 
R-CCU: sum(pointsPerCluster) = 2631 
 num [1:4] 2625 1 2 3
NULL
R-CCU: After ClusterLabelChange for i = 52 
R-CCU: sum(pointsPerCluster) = 2632 
 num [1:4] 2626 1 2 3
NULL
R-CCU: dpObj$numberClusters = 4 
List of 2
 $ : num [1, 1, 1:4] 0.48 0.265 0.652 0.302
 $ : num [1, 1, 1:4] 2.14 3.79 3.21 11.39
NULL
R priorParameters: 2 8 
R maxT: 1 
R_PriorDraw_first_mu: 0.2325607 
R_PriorDraw_first_nu: 18.09796 
R-CCU: Before ClusterLabelChange for i = 53 newLabel= 1 currentLabel= 1 
R-CCU: sum(pointsPerCluster) = 2632 
 num [1:4] 2626 1 2 3
NULL
R-CCU: After ClusterLabelChange for i = 53 
R-CCU: sum(pointsPerCluster) = 2633 
 num [1:4] 2627 1 2 3
NULL
R-CCU: dpObj$numberClusters = 4 
List of 2
 $ : num [1, 1, 1:4] 0.48 0.265 0.652 0.302
 $ : num [1, 1, 1:4] 2.14 3.79 3.21 11.39
NULL
R priorParameters: 2 8 
R maxT: 1 
R_PriorDraw_first_mu: 0.1634963 
R_PriorDraw_first_nu: 3.805329 
R-CCU: Before ClusterLabelChange for i = 54 newLabel= 1 currentLabel= 1 
R-CCU: sum(pointsPerCluster) = 2633 
 num [1:4] 2627 1 2 3
NULL
R-CCU: After ClusterLabelChange for i = 54 
R-CCU: sum(pointsPerCluster) = 2634 
 num [1:4] 2628 1 2 3
NULL
R-CCU: dpObj$numberClusters = 4 
List of 2
 $ : num [1, 1, 1:4] 0.48 0.265 0.652 0.302
 $ : num [1, 1, 1:4] 2.14 3.79 3.21 11.39
NULL
R priorParameters: 2 8 
R maxT: 1 
R_PriorDraw_first_mu: 0.8842801 
R_PriorDraw_first_nu: 6.428783 
R-CCU: Before ClusterLabelChange for i = 55 newLabel= 1 currentLabel= 1 
R-CCU: sum(pointsPerCluster) = 2634 
 num [1:4] 2628 1 2 3
NULL
R-CCU: After ClusterLabelChange for i = 55 
R-CCU: sum(pointsPerCluster) = 2635 
 num [1:4] 2629 1 2 3
NULL
R-CCU: dpObj$numberClusters = 4 
List of 2
 $ : num [1, 1, 1:4] 0.48 0.265 0.652 0.302
 $ : num [1, 1, 1:4] 2.14 3.79 3.21 11.39
NULL
R priorParameters: 2 8 
R maxT: 1 
R_PriorDraw_first_mu: 0.5850694 
R_PriorDraw_first_nu: 1.752332 
R-CCU: Before ClusterLabelChange for i = 56 newLabel= 1 currentLabel= 1 
R-CCU: sum(pointsPerCluster) = 2635 
 num [1:4] 2629 1 2 3
NULL
R-CCU: After ClusterLabelChange for i = 56 
R-CCU: sum(pointsPerCluster) = 2636 
 num [1:4] 2630 1 2 3
NULL
R-CCU: dpObj$numberClusters = 4 
List of 2
 $ : num [1, 1, 1:4] 0.48 0.265 0.652 0.302
 $ : num [1, 1, 1:4] 2.14 3.79 3.21 11.39
NULL
R priorParameters: 2 8 
R maxT: 1 
R_PriorDraw_first_mu: 0.7571597 
R_PriorDraw_first_nu: 10.9822 
R-CCU: Before ClusterLabelChange for i = 57 newLabel= 1 currentLabel= 1 
R-CCU: sum(pointsPerCluster) = 2636 
 num [1:4] 2630 1 2 3
NULL
R-CCU: After ClusterLabelChange for i = 57 
R-CCU: sum(pointsPerCluster) = 2637 
 num [1:4] 2631 1 2 3
NULL
R-CCU: dpObj$numberClusters = 4 
List of 2
 $ : num [1, 1, 1:4] 0.48 0.265 0.652 0.302
 $ : num [1, 1, 1:4] 2.14 3.79 3.21 11.39
NULL
R priorParameters: 2 8 
R maxT: 1 
R_PriorDraw_first_mu: 0.9136733 
R_PriorDraw_first_nu: 16.23436 
R-CCU: Before ClusterLabelChange for i = 58 newLabel= 1 currentLabel= 1 
R-CCU: sum(pointsPerCluster) = 2637 
 num [1:4] 2631 1 2 3
NULL
R-CCU: After ClusterLabelChange for i = 58 
R-CCU: sum(pointsPerCluster) = 2638 
 num [1:4] 2632 1 2 3
NULL
R-CCU: dpObj$numberClusters = 4 
List of 2
 $ : num [1, 1, 1:4] 0.48 0.265 0.652 0.302
 $ : num [1, 1, 1:4] 2.14 3.79 3.21 11.39
NULL
R priorParameters: 2 8 
R maxT: 1 
R_PriorDraw_first_mu: 0.1497324 
R_PriorDraw_first_nu: 13.85664 
R-CCU: Before ClusterLabelChange for i = 59 newLabel= 1 currentLabel= 1 
R-CCU: sum(pointsPerCluster) = 2638 
 num [1:4] 2632 1 2 3
NULL
R-CCU: After ClusterLabelChange for i = 59 
R-CCU: sum(pointsPerCluster) = 2639 
 num [1:4] 2633 1 2 3
NULL
R-CCU: dpObj$numberClusters = 4 
List of 2
 $ : num [1, 1, 1:4] 0.48 0.265 0.652 0.302
 $ : num [1, 1, 1:4] 2.14 3.79 3.21 11.39
NULL
R priorParameters: 2 8 
R maxT: 1 
R_PriorDraw_first_mu: 0.1192455 
R_PriorDraw_first_nu: 5.285335 
R-CCU: Before ClusterLabelChange for i = 60 newLabel= 1 currentLabel= 1 
R-CCU: sum(pointsPerCluster) = 2639 
 num [1:4] 2633 1 2 3
NULL
R-CCU: After ClusterLabelChange for i = 60 
R-CCU: sum(pointsPerCluster) = 2640 
 num [1:4] 2634 1 2 3
NULL
R-CCU: dpObj$numberClusters = 4 
List of 2
 $ : num [1, 1, 1:4] 0.48 0.265 0.652 0.302
 $ : num [1, 1, 1:4] 2.14 3.79 3.21 11.39
NULL

⠴ |   86      0 | Beta Distribution Full Integration Test          R priorParameters: 2 8 
R maxT: 1 
R_PriorDraw_first_mu: 0.9164303 
R_PriorDraw_first_nu: 14.98322 
R-CCU: Before ClusterLabelChange for i = 1 newLabel= 1 currentLabel= 1 
R-CCU: sum(pointsPerCluster) = 2640 
 num [1:4] 2634 1 2 3
NULL
R-CCU: After ClusterLabelChange for i = 1 
R-CCU: sum(pointsPerCluster) = 2641 
 num [1:4] 2635 1 2 3
NULL
R-CCU: dpObj$numberClusters = 4 
List of 2
 $ : num [1, 1, 1:4] 0.48 0.265 0.652 0.302
 $ : num [1, 1, 1:4] 3.39 3.79 3.21 11.39
NULL
R priorParameters: 2 8 
R maxT: 1 
R_PriorDraw_first_mu: 0.490352 
R_PriorDraw_first_nu: 6.840577 
R-CCU: Before ClusterLabelChange for i = 2 newLabel= 1 currentLabel= 1 
R-CCU: sum(pointsPerCluster) = 2641 
 num [1:4] 2635 1 2 3
NULL
R-CCU: After ClusterLabelChange for i = 2 
R-CCU: sum(pointsPerCluster) = 2642 
 num [1:4] 2636 1 2 3
NULL
R-CCU: dpObj$numberClusters = 4 
List of 2
 $ : num [1, 1, 1:4] 0.48 0.265 0.652 0.302
 $ : num [1, 1, 1:4] 3.39 3.79 3.21 11.39
NULL
R priorParameters: 2 8 
R maxT: 1 
R_PriorDraw_first_mu: 0.0997888 
R_PriorDraw_first_nu: 4.132477 
R-CCU: Before ClusterLabelChange for i = 3 newLabel= 1 currentLabel= 1 
R-CCU: sum(pointsPerCluster) = 2642 
 num [1:4] 2636 1 2 3
NULL
R-CCU: After ClusterLabelChange for i = 3 
R-CCU: sum(pointsPerCluster) = 2643 
 num [1:4] 2637 1 2 3
NULL
R-CCU: dpObj$numberClusters = 4 
List of 2
 $ : num [1, 1, 1:4] 0.48 0.265 0.652 0.302
 $ : num [1, 1, 1:4] 3.39 3.79 3.21 11.39
NULL
R priorParameters: 2 8 
R maxT: 1 
R_PriorDraw_first_mu: 0.8082113 
R_PriorDraw_first_nu: 7.930636 
R-CCU: Before ClusterLabelChange for i = 4 newLabel= 1 currentLabel= 1 
R-CCU: sum(pointsPerCluster) = 2643 
 num [1:4] 2637 1 2 3
NULL
R-CCU: After ClusterLabelChange for i = 4 
R-CCU: sum(pointsPerCluster) = 2644 
 num [1:4] 2638 1 2 3
NULL
R-CCU: dpObj$numberClusters = 4 
List of 2
 $ : num [1, 1, 1:4] 0.48 0.265 0.652 0.302
 $ : num [1, 1, 1:4] 3.39 3.79 3.21 11.39
NULL
R priorParameters: 2 8 
R maxT: 1 
R_PriorDraw_first_mu: 0.4562862 
R_PriorDraw_first_nu: 10.33991 
R-CCU: Before ClusterLabelChange for i = 5 newLabel= 1 currentLabel= 1 
R-CCU: sum(pointsPerCluster) = 2644 
 num [1:4] 2638 1 2 3
NULL
R-CCU: After ClusterLabelChange for i = 5 
R-CCU: sum(pointsPerCluster) = 2645 
 num [1:4] 2639 1 2 3
NULL
R-CCU: dpObj$numberClusters = 4 
List of 2
 $ : num [1, 1, 1:4] 0.48 0.265 0.652 0.302
 $ : num [1, 1, 1:4] 3.39 3.79 3.21 11.39
NULL
R priorParameters: 2 8 
R maxT: 1 
R_PriorDraw_first_mu: 0.882567 
R_PriorDraw_first_nu: 1.810638 
R-CCU: Before ClusterLabelChange for i = 6 newLabel= 1 currentLabel= 1 
R-CCU: sum(pointsPerCluster) = 2645 
 num [1:4] 2639 1 2 3
NULL
R-CCU: After ClusterLabelChange for i = 6 
R-CCU: sum(pointsPerCluster) = 2646 
 num [1:4] 2640 1 2 3
NULL
R-CCU: dpObj$numberClusters = 4 
List of 2
 $ : num [1, 1, 1:4] 0.48 0.265 0.652 0.302
 $ : num [1, 1, 1:4] 3.39 3.79 3.21 11.39
NULL
R priorParameters: 2 8 
R maxT: 1 
R_PriorDraw_first_mu: 0.9916432 
R_PriorDraw_first_nu: 3.467605 
R-CCU: Before ClusterLabelChange for i = 7 newLabel= 1 currentLabel= 1 
R-CCU: sum(pointsPerCluster) = 2646 
 num [1:4] 2640 1 2 3
NULL
R-CCU: After ClusterLabelChange for i = 7 
R-CCU: sum(pointsPerCluster) = 2647 
 num [1:4] 2641 1 2 3
NULL
R-CCU: dpObj$numberClusters = 4 
List of 2
 $ : num [1, 1, 1:4] 0.48 0.265 0.652 0.302
 $ : num [1, 1, 1:4] 3.39 3.79 3.21 11.39
NULL
R priorParameters: 2 8 
R maxT: 1 
R_PriorDraw_first_mu: 0.7583261 
R_PriorDraw_first_nu: 5.266536 
R-CCU: Before ClusterLabelChange for i = 8 newLabel= 1 currentLabel= 1 
R-CCU: sum(pointsPerCluster) = 2647 
 num [1:4] 2641 1 2 3
NULL
R-CCU: After ClusterLabelChange for i = 8 
R-CCU: sum(pointsPerCluster) = 2648 
 num [1:4] 2642 1 2 3
NULL
R-CCU: dpObj$numberClusters = 4 
List of 2
 $ : num [1, 1, 1:4] 0.48 0.265 0.652 0.302
 $ : num [1, 1, 1:4] 3.39 3.79 3.21 11.39
NULL
R priorParameters: 2 8 
R maxT: 1 
R_PriorDraw_first_mu: 0.2001335 
R_PriorDraw_first_nu: 1.721954 
R-CCU: Before ClusterLabelChange for i = 9 newLabel= 1 currentLabel= 1 
R-CCU: sum(pointsPerCluster) = 2648 
 num [1:4] 2642 1 2 3
NULL
R-CCU: After ClusterLabelChange for i = 9 
R-CCU: sum(pointsPerCluster) = 2649 
 num [1:4] 2643 1 2 3
NULL
R-CCU: dpObj$numberClusters = 4 
List of 2
 $ : num [1, 1, 1:4] 0.48 0.265 0.652 0.302
 $ : num [1, 1, 1:4] 3.39 3.79 3.21 11.39
NULL
R priorParameters: 2 8 
R maxT: 1 
R_PriorDraw_first_mu: 0.7074569 
R_PriorDraw_first_nu: 61.62542 
R-CCU: Before ClusterLabelChange for i = 10 newLabel= 1 currentLabel= 1 
R-CCU: sum(pointsPerCluster) = 2649 
 num [1:4] 2643 1 2 3
NULL
R-CCU: After ClusterLabelChange for i = 10 
R-CCU: sum(pointsPerCluster) = 2650 
 num [1:4] 2644 1 2 3
NULL
R-CCU: dpObj$numberClusters = 4 
List of 2
 $ : num [1, 1, 1:4] 0.48 0.265 0.652 0.302
 $ : num [1, 1, 1:4] 3.39 3.79 3.21 11.39
NULL
R priorParameters: 2 8 
R maxT: 1 
R_PriorDraw_first_mu: 0.3080493 
R_PriorDraw_first_nu: 73.38204 
R-CCU: Before ClusterLabelChange for i = 11 newLabel= 1 currentLabel= 1 
R-CCU: sum(pointsPerCluster) = 2650 
 num [1:4] 2644 1 2 3
NULL
R-CCU: After ClusterLabelChange for i = 11 
R-CCU: sum(pointsPerCluster) = 2651 
 num [1:4] 2645 1 2 3
NULL
R-CCU: dpObj$numberClusters = 4 
List of 2
 $ : num [1, 1, 1:4] 0.48 0.265 0.652 0.302
 $ : num [1, 1, 1:4] 3.39 3.79 3.21 11.39
NULL
R priorParameters: 2 8 
R maxT: 1 
R_PriorDraw_first_mu: 0.03929371 
R_PriorDraw_first_nu: 3.194999 
R-CCU: Before ClusterLabelChange for i = 12 newLabel= 1 currentLabel= 1 
R-CCU: sum(pointsPerCluster) = 2651 
 num [1:4] 2645 1 2 3
NULL
R-CCU: After ClusterLabelChange for i = 12 
R-CCU: sum(pointsPerCluster) = 2652 
 num [1:4] 2646 1 2 3
NULL
R-CCU: dpObj$numberClusters = 4 
List of 2
 $ : num [1, 1, 1:4] 0.48 0.265 0.652 0.302
 $ : num [1, 1, 1:4] 3.39 3.79 3.21 11.39
NULL
R priorParameters: 2 8 
R maxT: 1 
R_PriorDraw_first_mu: 0.9499211 
R_PriorDraw_first_nu: 5.66619 
R-CCU: Before ClusterLabelChange for i = 13 newLabel= 1 currentLabel= 1 
R-CCU: sum(pointsPerCluster) = 2652 
 num [1:4] 2646 1 2 3
NULL
R-CCU: After ClusterLabelChange for i = 13 
R-CCU: sum(pointsPerCluster) = 2653 
 num [1:4] 2647 1 2 3
NULL
R-CCU: dpObj$numberClusters = 4 
List of 2
 $ : num [1, 1, 1:4] 0.48 0.265 0.652 0.302
 $ : num [1, 1, 1:4] 3.39 3.79 3.21 11.39
NULL
R priorParameters: 2 8 
R maxT: 1 
R_PriorDraw_first_mu: 0.8575686 
R_PriorDraw_first_nu: 9.564924 
R-CCU: Before ClusterLabelChange for i = 14 newLabel= 1 currentLabel= 1 
R-CCU: sum(pointsPerCluster) = 2653 
 num [1:4] 2647 1 2 3
NULL
R-CCU: After ClusterLabelChange for i = 14 
R-CCU: sum(pointsPerCluster) = 2654 
 num [1:4] 2648 1 2 3
NULL
R-CCU: dpObj$numberClusters = 4 
List of 2
 $ : num [1, 1, 1:4] 0.48 0.265 0.652 0.302
 $ : num [1, 1, 1:4] 3.39 3.79 3.21 11.39
NULL
R priorParameters: 2 8 
R maxT: 1 
R_PriorDraw_first_mu: 0.3310688 
R_PriorDraw_first_nu: 2.162431 
R-CCU: Before ClusterLabelChange for i = 15 newLabel= 1 currentLabel= 1 
R-CCU: sum(pointsPerCluster) = 2654 
 num [1:4] 2648 1 2 3
NULL
R-CCU: After ClusterLabelChange for i = 15 
R-CCU: sum(pointsPerCluster) = 2655 
 num [1:4] 2649 1 2 3
NULL
R-CCU: dpObj$numberClusters = 4 
List of 2
 $ : num [1, 1, 1:4] 0.48 0.265 0.652 0.302
 $ : num [1, 1, 1:4] 3.39 3.79 3.21 11.39
NULL
R priorParameters: 2 8 
R maxT: 1 
R_PriorDraw_first_mu: 0.940312 
R_PriorDraw_first_nu: 2.142392 
R-CCU: Before ClusterLabelChange for i = 16 newLabel= 1 currentLabel= 1 
R-CCU: sum(pointsPerCluster) = 2655 
 num [1:4] 2649 1 2 3
NULL
R-CCU: After ClusterLabelChange for i = 16 
R-CCU: sum(pointsPerCluster) = 2656 
 num [1:4] 2650 1 2 3
NULL
R-CCU: dpObj$numberClusters = 4 
List of 2
 $ : num [1, 1, 1:4] 0.48 0.265 0.652 0.302
 $ : num [1, 1, 1:4] 3.39 3.79 3.21 11.39
NULL
R priorParameters: 2 8 
R maxT: 1 
R_PriorDraw_first_mu: 0.2198453 
R_PriorDraw_first_nu: 5.522598 
R-CCU: Before ClusterLabelChange for i = 17 newLabel= 1 currentLabel= 1 
R-CCU: sum(pointsPerCluster) = 2656 
 num [1:4] 2650 1 2 3
NULL
R-CCU: After ClusterLabelChange for i = 17 
R-CCU: sum(pointsPerCluster) = 2657 
 num [1:4] 2651 1 2 3
NULL
R-CCU: dpObj$numberClusters = 4 
List of 2
 $ : num [1, 1, 1:4] 0.48 0.265 0.652 0.302
 $ : num [1, 1, 1:4] 3.39 3.79 3.21 11.39
NULL
R priorParameters: 2 8 
R maxT: 1 
R_PriorDraw_first_mu: 0.3105689 
R_PriorDraw_first_nu: 1.365276 
R-CCU: Before ClusterLabelChange for i = 18 newLabel= 1 currentLabel= 1 
R-CCU: sum(pointsPerCluster) = 2657 
 num [1:4] 2651 1 2 3
NULL
R-CCU: After ClusterLabelChange for i = 18 
R-CCU: sum(pointsPerCluster) = 2658 
 num [1:4] 2652 1 2 3
NULL
R-CCU: dpObj$numberClusters = 4 
List of 2
 $ : num [1, 1, 1:4] 0.48 0.265 0.652 0.302
 $ : num [1, 1, 1:4] 3.39 3.79 3.21 11.39
NULL
R priorParameters: 2 8 
R maxT: 1 
R_PriorDraw_first_mu: 0.5872691 
R_PriorDraw_first_nu: 3.262881 
R-CCU: Before ClusterLabelChange for i = 19 newLabel= 1 currentLabel= 1 
R-CCU: sum(pointsPerCluster) = 2658 
 num [1:4] 2652 1 2 3
NULL
R-CCU: After ClusterLabelChange for i = 19 
R-CCU: sum(pointsPerCluster) = 2659 
 num [1:4] 2653 1 2 3
NULL
R-CCU: dpObj$numberClusters = 4 
List of 2
 $ : num [1, 1, 1:4] 0.48 0.265 0.652 0.302
 $ : num [1, 1, 1:4] 3.39 3.79 3.21 11.39
NULL
R priorParameters: 2 8 
R maxT: 1 
R_PriorDraw_first_mu: 0.004102182 
R_PriorDraw_first_nu: 11.61555 
R-CCU: Before ClusterLabelChange for i = 20 newLabel= 1 currentLabel= 1 
R-CCU: sum(pointsPerCluster) = 2659 
 num [1:4] 2653 1 2 3
NULL
R-CCU: After ClusterLabelChange for i = 20 
R-CCU: sum(pointsPerCluster) = 2660 
 num [1:4] 2654 1 2 3
NULL
R-CCU: dpObj$numberClusters = 4 
List of 2
 $ : num [1, 1, 1:4] 0.48 0.265 0.652 0.302
 $ : num [1, 1, 1:4] 3.39 3.79 3.21 11.39
NULL
R priorParameters: 2 8 
R maxT: 1 
R_PriorDraw_first_mu: 0.9553781 
R_PriorDraw_first_nu: 2.956789 
R-CCU: Before ClusterLabelChange for i = 21 newLabel= 1 currentLabel= 1 
R-CCU: sum(pointsPerCluster) = 2660 
 num [1:4] 2654 1 2 3
NULL
R-CCU: After ClusterLabelChange for i = 21 
R-CCU: sum(pointsPerCluster) = 2661 
 num [1:4] 2655 1 2 3
NULL
R-CCU: dpObj$numberClusters = 4 
List of 2
 $ : num [1, 1, 1:4] 0.48 0.265 0.652 0.302
 $ : num [1, 1, 1:4] 3.39 3.79 3.21 11.39
NULL
R priorParameters: 2 8 
R maxT: 1 
R_PriorDraw_first_mu: 0.663253 
R_PriorDraw_first_nu: 2.546263 
R-CCU: Before ClusterLabelChange for i = 22 newLabel= 1 currentLabel= 1 
R-CCU: sum(pointsPerCluster) = 2661 
 num [1:4] 2655 1 2 3
NULL
R-CCU: After ClusterLabelChange for i = 22 
R-CCU: sum(pointsPerCluster) = 2662 
 num [1:4] 2656 1 2 3
NULL
R-CCU: dpObj$numberClusters = 4 
List of 2
 $ : num [1, 1, 1:4] 0.48 0.265 0.652 0.302
 $ : num [1, 1, 1:4] 3.39 3.79 3.21 11.39
NULL
R priorParameters: 2 8 
R maxT: 1 
R_PriorDraw_first_mu: 0.3402693 
R_PriorDraw_first_nu: 6.617233 
R-CCU: Before ClusterLabelChange for i = 23 newLabel= 1 currentLabel= 1 
R-CCU: sum(pointsPerCluster) = 2662 
 num [1:4] 2656 1 2 3
NULL
R-CCU: After ClusterLabelChange for i = 23 
R-CCU: sum(pointsPerCluster) = 2663 
 num [1:4] 2657 1 2 3
NULL
R-CCU: dpObj$numberClusters = 4 
List of 2
 $ : num [1, 1, 1:4] 0.48 0.265 0.652 0.302
 $ : num [1, 1, 1:4] 3.39 3.79 3.21 11.39
NULL
R priorParameters: 2 8 
R maxT: 1 
R_PriorDraw_first_mu: 0.06735495 
R_PriorDraw_first_nu: 0.9415044 
R-CCU: Before ClusterLabelChange for i = 24 newLabel= 1 currentLabel= 1 
R-CCU: sum(pointsPerCluster) = 2663 
 num [1:4] 2657 1 2 3
NULL
R-CCU: After ClusterLabelChange for i = 24 
R-CCU: sum(pointsPerCluster) = 2664 
 num [1:4] 2658 1 2 3
NULL
R-CCU: dpObj$numberClusters = 4 
List of 2
 $ : num [1, 1, 1:4] 0.48 0.265 0.652 0.302
 $ : num [1, 1, 1:4] 3.39 3.79 3.21 11.39
NULL
R priorParameters: 2 8 
R maxT: 1 
R_PriorDraw_first_mu: 0.8556361 
R_PriorDraw_first_nu: 5.032634 
R-CCU: Before ClusterLabelChange for i = 25 newLabel= 1 currentLabel= 1 
R-CCU: sum(pointsPerCluster) = 2664 
 num [1:4] 2658 1 2 3
NULL
R-CCU: After ClusterLabelChange for i = 25 
R-CCU: sum(pointsPerCluster) = 2665 
 num [1:4] 2659 1 2 3
NULL
R-CCU: dpObj$numberClusters = 4 
List of 2
 $ : num [1, 1, 1:4] 0.48 0.265 0.652 0.302
 $ : num [1, 1, 1:4] 3.39 3.79 3.21 11.39
NULL
R priorParameters: 2 8 
R maxT: 1 
R_PriorDraw_first_mu: 0.9073097 
R_PriorDraw_first_nu: 6.10632 
R-CCU: Before ClusterLabelChange for i = 26 newLabel= 1 currentLabel= 1 
R-CCU: sum(pointsPerCluster) = 2665 
 num [1:4] 2659 1 2 3
NULL
R-CCU: After ClusterLabelChange for i = 26 
R-CCU: sum(pointsPerCluster) = 2666 
 num [1:4] 2660 1 2 3
NULL
R-CCU: dpObj$numberClusters = 4 
List of 2
 $ : num [1, 1, 1:4] 0.48 0.265 0.652 0.302
 $ : num [1, 1, 1:4] 3.39 3.79 3.21 11.39
NULL
R priorParameters: 2 8 
R maxT: 1 
R_PriorDraw_first_mu: 0.4690953 
R_PriorDraw_first_nu: 2.88185 
R-CCU: Before ClusterLabelChange for i = 27 newLabel= 1 currentLabel= 1 
R-CCU: sum(pointsPerCluster) = 2666 
 num [1:4] 2660 1 2 3
NULL
R-CCU: After ClusterLabelChange for i = 27 
R-CCU: sum(pointsPerCluster) = 2667 
 num [1:4] 2661 1 2 3
NULL
R-CCU: dpObj$numberClusters = 4 
List of 2
 $ : num [1, 1, 1:4] 0.48 0.265 0.652 0.302
 $ : num [1, 1, 1:4] 3.39 3.79 3.21 11.39
NULL
R priorParameters: 2 8 
R maxT: 1 
R_PriorDraw_first_mu: 0.477307 
R_PriorDraw_first_nu: 5.502908 
R-CCU: Before ClusterLabelChange for i = 28 newLabel= 1 currentLabel= 1 
R-CCU: sum(pointsPerCluster) = 2667 
 num [1:4] 2661 1 2 3
NULL
R-CCU: After ClusterLabelChange for i = 28 
R-CCU: sum(pointsPerCluster) = 2668 
 num [1:4] 2662 1 2 3
NULL
R-CCU: dpObj$numberClusters = 4 
List of 2
 $ : num [1, 1, 1:4] 0.48 0.265 0.652 0.302
 $ : num [1, 1, 1:4] 3.39 3.79 3.21 11.39
NULL
R priorParameters: 2 8 
R maxT: 1 
R_PriorDraw_first_mu: 0.9935694 
R_PriorDraw_first_nu: 6.492156 
R-CCU: Before ClusterLabelChange for i = 29 newLabel= 1 currentLabel= 1 
R-CCU: sum(pointsPerCluster) = 2668 
 num [1:4] 2662 1 2 3
NULL
R-CCU: After ClusterLabelChange for i = 29 
R-CCU: sum(pointsPerCluster) = 2669 
 num [1:4] 2663 1 2 3
NULL
R-CCU: dpObj$numberClusters = 4 
List of 2
 $ : num [1, 1, 1:4] 0.48 0.265 0.652 0.302
 $ : num [1, 1, 1:4] 3.39 3.79 3.21 11.39
NULL
R priorParameters: 2 8 
R maxT: 1 
R_PriorDraw_first_mu: 0.3821797 
R_PriorDraw_first_nu: 9.635555 
R-CCU: Before ClusterLabelChange for i = 30 newLabel= 1 currentLabel= 1 
R-CCU: sum(pointsPerCluster) = 2669 
 num [1:4] 2663 1 2 3
NULL
R-CCU: After ClusterLabelChange for i = 30 
R-CCU: sum(pointsPerCluster) = 2670 
 num [1:4] 2664 1 2 3
NULL
R-CCU: dpObj$numberClusters = 4 
List of 2
 $ : num [1, 1, 1:4] 0.48 0.265 0.652 0.302
 $ : num [1, 1, 1:4] 3.39 3.79 3.21 11.39
NULL
R priorParameters: 2 8 
R maxT: 1 
R_PriorDraw_first_mu: 0.195909 
R_PriorDraw_first_nu: 5.032761 
R-CCU: Before ClusterLabelChange for i = 31 newLabel= 1 currentLabel= 1 
R-CCU: sum(pointsPerCluster) = 2670 
 num [1:4] 2664 1 2 3
NULL
R-CCU: After ClusterLabelChange for i = 31 
R-CCU: sum(pointsPerCluster) = 2671 
 num [1:4] 2665 1 2 3
NULL
R-CCU: dpObj$numberClusters = 4 
List of 2
 $ : num [1, 1, 1:4] 0.48 0.265 0.652 0.302
 $ : num [1, 1, 1:4] 3.39 3.79 3.21 11.39
NULL
R priorParameters: 2 8 
R maxT: 1 
R_PriorDraw_first_mu: 0.2478776 
R_PriorDraw_first_nu: 3.468575 
R-CCU: Before ClusterLabelChange for i = 32 newLabel= 1 currentLabel= 1 
R-CCU: sum(pointsPerCluster) = 2671 
 num [1:4] 2665 1 2 3
NULL
R-CCU: After ClusterLabelChange for i = 32 
R-CCU: sum(pointsPerCluster) = 2672 
 num [1:4] 2666 1 2 3
NULL
R-CCU: dpObj$numberClusters = 4 
List of 2
 $ : num [1, 1, 1:4] 0.48 0.265 0.652 0.302
 $ : num [1, 1, 1:4] 3.39 3.79 3.21 11.39
NULL
R priorParameters: 2 8 
R maxT: 1 
R_PriorDraw_first_mu: 0.3001637 
R_PriorDraw_first_nu: 10.02281 
R-CCU: Before ClusterLabelChange for i = 33 newLabel= 1 currentLabel= 1 
R-CCU: sum(pointsPerCluster) = 2672 
 num [1:4] 2666 1 2 3
NULL
R-CCU: After ClusterLabelChange for i = 33 
R-CCU: sum(pointsPerCluster) = 2673 
 num [1:4] 2667 1 2 3
NULL
R-CCU: dpObj$numberClusters = 4 
List of 2
 $ : num [1, 1, 1:4] 0.48 0.265 0.652 0.302
 $ : num [1, 1, 1:4] 3.39 3.79 3.21 11.39
NULL
R priorParameters: 2 8 
R maxT: 1 
R_PriorDraw_first_mu: 0.2914188 
R_PriorDraw_first_nu: 1.712148 
R-CCU: Before ClusterLabelChange for i = 34 newLabel= 1 currentLabel= 1 
R-CCU: sum(pointsPerCluster) = 2673 
 num [1:4] 2667 1 2 3
NULL
R-CCU: After ClusterLabelChange for i = 34 
R-CCU: sum(pointsPerCluster) = 2674 
 num [1:4] 2668 1 2 3
NULL
R-CCU: dpObj$numberClusters = 4 
List of 2
 $ : num [1, 1, 1:4] 0.48 0.265 0.652 0.302
 $ : num [1, 1, 1:4] 3.39 3.79 3.21 11.39
NULL
R priorParameters: 2 8 
R maxT: 1 
R_PriorDraw_first_mu: 0.4713775 
R_PriorDraw_first_nu: 2.024276 
R-CCU: Before ClusterLabelChange for i = 35 newLabel= 1 currentLabel= 1 
R-CCU: sum(pointsPerCluster) = 2674 
 num [1:4] 2668 1 2 3
NULL
R-CCU: After ClusterLabelChange for i = 35 
R-CCU: sum(pointsPerCluster) = 2675 
 num [1:4] 2669 1 2 3
NULL
R-CCU: dpObj$numberClusters = 4 
List of 2
 $ : num [1, 1, 1:4] 0.48 0.265 0.652 0.302
 $ : num [1, 1, 1:4] 3.39 3.79 3.21 11.39
NULL
R priorParameters: 2 8 
R maxT: 1 
R_PriorDraw_first_mu: 0.6616404 
R_PriorDraw_first_nu: 4.812316 
R-CCU: Before ClusterLabelChange for i = 36 newLabel= 1 currentLabel= 1 
R-CCU: sum(pointsPerCluster) = 2675 
 num [1:4] 2669 1 2 3
NULL
R-CCU: After ClusterLabelChange for i = 36 
R-CCU: sum(pointsPerCluster) = 2676 
 num [1:4] 2670 1 2 3
NULL
R-CCU: dpObj$numberClusters = 4 
List of 2
 $ : num [1, 1, 1:4] 0.48 0.265 0.652 0.302
 $ : num [1, 1, 1:4] 3.39 3.79 3.21 11.39
NULL
R priorParameters: 2 8 
R maxT: 1 
R_PriorDraw_first_mu: 0.6578005 
R_PriorDraw_first_nu: 7.285573 
R-CCU: Before ClusterLabelChange for i = 37 newLabel= 1 currentLabel= 1 
R-CCU: sum(pointsPerCluster) = 2676 
 num [1:4] 2670 1 2 3
NULL
R-CCU: After ClusterLabelChange for i = 37 
R-CCU: sum(pointsPerCluster) = 2677 
 num [1:4] 2671 1 2 3
NULL
R-CCU: dpObj$numberClusters = 4 
List of 2
 $ : num [1, 1, 1:4] 0.48 0.265 0.652 0.302
 $ : num [1, 1, 1:4] 3.39 3.79 3.21 11.39
NULL
R priorParameters: 2 8 
R maxT: 1 
R_PriorDraw_first_mu: 0.8720841 
R_PriorDraw_first_nu: 13.15546 
R-CCU: Before ClusterLabelChange for i = 38 newLabel= 1 currentLabel= 1 
R-CCU: sum(pointsPerCluster) = 2677 
 num [1:4] 2671 1 2 3
NULL
R-CCU: After ClusterLabelChange for i = 38 
R-CCU: sum(pointsPerCluster) = 2678 
 num [1:4] 2672 1 2 3
NULL
R-CCU: dpObj$numberClusters = 4 
List of 2
 $ : num [1, 1, 1:4] 0.48 0.265 0.652 0.302
 $ : num [1, 1, 1:4] 3.39 3.79 3.21 11.39
NULL
R priorParameters: 2 8 
R maxT: 1 
R_PriorDraw_first_mu: 0.808179 
R_PriorDraw_first_nu: 21.32696 
R-CCU: Before ClusterLabelChange for i = 39 newLabel= 1 currentLabel= 1 
R-CCU: sum(pointsPerCluster) = 2678 
 num [1:4] 2672 1 2 3
NULL
R-CCU: After ClusterLabelChange for i = 39 
R-CCU: sum(pointsPerCluster) = 2679 
 num [1:4] 2673 1 2 3
NULL
R-CCU: dpObj$numberClusters = 4 
List of 2
 $ : num [1, 1, 1:4] 0.48 0.265 0.652 0.302
 $ : num [1, 1, 1:4] 3.39 3.79 3.21 11.39
NULL
R priorParameters: 2 8 
R maxT: 1 
R_PriorDraw_first_mu: 0.3685469 
R_PriorDraw_first_nu: 19.23593 
R-CCU: Before ClusterLabelChange for i = 40 newLabel= 1 currentLabel= 1 
R-CCU: sum(pointsPerCluster) = 2679 
 num [1:4] 2673 1 2 3
NULL
R-CCU: After ClusterLabelChange for i = 40 
R-CCU: sum(pointsPerCluster) = 2680 
 num [1:4] 2674 1 2 3
NULL
R-CCU: dpObj$numberClusters = 4 
List of 2
 $ : num [1, 1, 1:4] 0.48 0.265 0.652 0.302
 $ : num [1, 1, 1:4] 3.39 3.79 3.21 11.39
NULL
R priorParameters: 2 8 
R maxT: 1 
R_PriorDraw_first_mu: 0.3304603 
R_PriorDraw_first_nu: 7.360294 
R-CCU: Before ClusterLabelChange for i = 41 newLabel= 1 currentLabel= 1 
R-CCU: sum(pointsPerCluster) = 2680 
 num [1:4] 2674 1 2 3
NULL
R-CCU: After ClusterLabelChange for i = 41 
R-CCU: sum(pointsPerCluster) = 2681 
 num [1:4] 2675 1 2 3
NULL
R-CCU: dpObj$numberClusters = 4 
List of 2
 $ : num [1, 1, 1:4] 0.48 0.265 0.652 0.302
 $ : num [1, 1, 1:4] 3.39 3.79 3.21 11.39
NULL
R priorParameters: 2 8 
R maxT: 1 
R_PriorDraw_first_mu: 0.02161063 
R_PriorDraw_first_nu: 3.153595 
R-CCU: Before ClusterLabelChange for i = 42 newLabel= 1 currentLabel= 1 
R-CCU: sum(pointsPerCluster) = 2681 
 num [1:4] 2675 1 2 3
NULL
R-CCU: After ClusterLabelChange for i = 42 
R-CCU: sum(pointsPerCluster) = 2682 
 num [1:4] 2676 1 2 3
NULL
R-CCU: dpObj$numberClusters = 4 
List of 2
 $ : num [1, 1, 1:4] 0.48 0.265 0.652 0.302
 $ : num [1, 1, 1:4] 3.39 3.79 3.21 11.39
NULL
R priorParameters: 2 8 
R maxT: 1 
R_PriorDraw_first_mu: 0.8847872 
R_PriorDraw_first_nu: 1.854007 
R-CCU: Before ClusterLabelChange for i = 43 newLabel= 1 currentLabel= 1 
R-CCU: sum(pointsPerCluster) = 2682 
 num [1:4] 2676 1 2 3
NULL
R-CCU: After ClusterLabelChange for i = 43 
R-CCU: sum(pointsPerCluster) = 2683 
 num [1:4] 2677 1 2 3
NULL
R-CCU: dpObj$numberClusters = 4 
List of 2
 $ : num [1, 1, 1:4] 0.48 0.265 0.652 0.302
 $ : num [1, 1, 1:4] 3.39 3.79 3.21 11.39
NULL
R priorParameters: 2 8 
R maxT: 1 
R_PriorDraw_first_mu: 0.2872322 
R_PriorDraw_first_nu: 1.991565 
R-CCU: Before ClusterLabelChange for i = 44 newLabel= 1 currentLabel= 1 
R-CCU: sum(pointsPerCluster) = 2683 
 num [1:4] 2677 1 2 3
NULL
R-CCU: After ClusterLabelChange for i = 44 
R-CCU: sum(pointsPerCluster) = 2684 
 num [1:4] 2678 1 2 3
NULL
R-CCU: dpObj$numberClusters = 4 
List of 2
 $ : num [1, 1, 1:4] 0.48 0.265 0.652 0.302
 $ : num [1, 1, 1:4] 3.39 3.79 3.21 11.39
NULL
R priorParameters: 2 8 
R maxT: 1 
R_PriorDraw_first_mu: 0.9623807 
R_PriorDraw_first_nu: 5.919434 
R-CCU: Before ClusterLabelChange for i = 45 newLabel= 1 currentLabel= 1 
R-CCU: sum(pointsPerCluster) = 2684 
 num [1:4] 2678 1 2 3
NULL
R-CCU: After ClusterLabelChange for i = 45 
R-CCU: sum(pointsPerCluster) = 2685 
 num [1:4] 2679 1 2 3
NULL
R-CCU: dpObj$numberClusters = 4 
List of 2
 $ : num [1, 1, 1:4] 0.48 0.265 0.652 0.302
 $ : num [1, 1, 1:4] 3.39 3.79 3.21 11.39
NULL
R priorParameters: 2 8 
R maxT: 1 
R_PriorDraw_first_mu: 0.3378155 
R_PriorDraw_first_nu: 4.724151 
R-CCU: Before ClusterLabelChange for i = 46 newLabel= 1 currentLabel= 1 
R-CCU: sum(pointsPerCluster) = 2685 
 num [1:4] 2679 1 2 3
NULL
R-CCU: After ClusterLabelChange for i = 46 
R-CCU: sum(pointsPerCluster) = 2686 
 num [1:4] 2680 1 2 3
NULL
R-CCU: dpObj$numberClusters = 4 
List of 2
 $ : num [1, 1, 1:4] 0.48 0.265 0.652 0.302
 $ : num [1, 1, 1:4] 3.39 3.79 3.21 11.39
NULL
R priorParameters: 2 8 
R maxT: 1 
R_PriorDraw_first_mu: 0.2315242 
R_PriorDraw_first_nu: 4.090665 
R-CCU: Before ClusterLabelChange for i = 47 newLabel= 1 currentLabel= 1 
R-CCU: sum(pointsPerCluster) = 2686 
 num [1:4] 2680 1 2 3
NULL
R-CCU: After ClusterLabelChange for i = 47 
R-CCU: sum(pointsPerCluster) = 2687 
 num [1:4] 2681 1 2 3
NULL
R-CCU: dpObj$numberClusters = 4 
List of 2
 $ : num [1, 1, 1:4] 0.48 0.265 0.652 0.302
 $ : num [1, 1, 1:4] 3.39 3.79 3.21 11.39
NULL
R priorParameters: 2 8 
R maxT: 1 
R_PriorDraw_first_mu: 0.6693926 
R_PriorDraw_first_nu: 6.753946 
R-CCU: Before ClusterLabelChange for i = 48 newLabel= 1 currentLabel= 1 
R-CCU: sum(pointsPerCluster) = 2687 
 num [1:4] 2681 1 2 3
NULL
R-CCU: After ClusterLabelChange for i = 48 
R-CCU: sum(pointsPerCluster) = 2688 
 num [1:4] 2682 1 2 3
NULL
R-CCU: dpObj$numberClusters = 4 
List of 2
 $ : num [1, 1, 1:4] 0.48 0.265 0.652 0.302
 $ : num [1, 1, 1:4] 3.39 3.79 3.21 11.39
NULL
R priorParameters: 2 8 
R maxT: 1 
R_PriorDraw_first_mu: 0.3765349 
R_PriorDraw_first_nu: 1.722449 
R-CCU: Before ClusterLabelChange for i = 49 newLabel= 1 currentLabel= 1 
R-CCU: sum(pointsPerCluster) = 2688 
 num [1:4] 2682 1 2 3
NULL
R-CCU: After ClusterLabelChange for i = 49 
R-CCU: sum(pointsPerCluster) = 2689 
 num [1:4] 2683 1 2 3
NULL
R-CCU: dpObj$numberClusters = 4 
List of 2
 $ : num [1, 1, 1:4] 0.48 0.265 0.652 0.302
 $ : num [1, 1, 1:4] 3.39 3.79 3.21 11.39
NULL
R priorParameters: 2 8 
R maxT: 1 
R_PriorDraw_first_mu: 0.8523603 
R_PriorDraw_first_nu: 9.582563 
R-CCU: Before ClusterLabelChange for i = 50 newLabel= 1 currentLabel= 1 
R-CCU: sum(pointsPerCluster) = 2689 
 num [1:4] 2683 1 2 3
NULL
R-CCU: After ClusterLabelChange for i = 50 
R-CCU: sum(pointsPerCluster) = 2690 
 num [1:4] 2684 1 2 3
NULL
R-CCU: dpObj$numberClusters = 4 
List of 2
 $ : num [1, 1, 1:4] 0.48 0.265 0.652 0.302
 $ : num [1, 1, 1:4] 3.39 3.79 3.21 11.39
NULL
R priorParameters: 2 8 
R maxT: 1 
R_PriorDraw_first_mu: 0.5269938 
R_PriorDraw_first_nu: 2.006935 
R-CCU: Before ClusterLabelChange for i = 51 newLabel= 1 currentLabel= 1 
R-CCU: sum(pointsPerCluster) = 2690 
 num [1:4] 2684 1 2 3
NULL
R-CCU: After ClusterLabelChange for i = 51 
R-CCU: sum(pointsPerCluster) = 2691 
 num [1:4] 2685 1 2 3
NULL
R-CCU: dpObj$numberClusters = 4 
List of 2
 $ : num [1, 1, 1:4] 0.48 0.265 0.652 0.302
 $ : num [1, 1, 1:4] 3.39 3.79 3.21 11.39
NULL
R priorParameters: 2 8 
R maxT: 1 
R_PriorDraw_first_mu: 0.6557805 
R_PriorDraw_first_nu: 4.737723 
R-CCU: Before ClusterLabelChange for i = 52 newLabel= 1 currentLabel= 1 
R-CCU: sum(pointsPerCluster) = 2691 
 num [1:4] 2685 1 2 3
NULL
R-CCU: After ClusterLabelChange for i = 52 
R-CCU: sum(pointsPerCluster) = 2692 
 num [1:4] 2686 1 2 3
NULL
R-CCU: dpObj$numberClusters = 4 
List of 2
 $ : num [1, 1, 1:4] 0.48 0.265 0.652 0.302
 $ : num [1, 1, 1:4] 3.39 3.79 3.21 11.39
NULL
R priorParameters: 2 8 
R maxT: 1 
R_PriorDraw_first_mu: 0.69377 
R_PriorDraw_first_nu: 7.496459 
R-CCU: Before ClusterLabelChange for i = 53 newLabel= 1 currentLabel= 1 
R-CCU: sum(pointsPerCluster) = 2692 
 num [1:4] 2686 1 2 3
NULL
R-CCU: After ClusterLabelChange for i = 53 
R-CCU: sum(pointsPerCluster) = 2693 
 num [1:4] 2687 1 2 3
NULL
R-CCU: dpObj$numberClusters = 4 
List of 2
 $ : num [1, 1, 1:4] 0.48 0.265 0.652 0.302
 $ : num [1, 1, 1:4] 3.39 3.79 3.21 11.39
NULL
R priorParameters: 2 8 
R maxT: 1 
R_PriorDraw_first_mu: 0.9545709 
R_PriorDraw_first_nu: 4.398342 
R-CCU: Before ClusterLabelChange for i = 54 newLabel= 1 currentLabel= 1 
R-CCU: sum(pointsPerCluster) = 2693 
 num [1:4] 2687 1 2 3
NULL
R-CCU: After ClusterLabelChange for i = 54 
R-CCU: sum(pointsPerCluster) = 2694 
 num [1:4] 2688 1 2 3
NULL
R-CCU: dpObj$numberClusters = 4 
List of 2
 $ : num [1, 1, 1:4] 0.48 0.265 0.652 0.302
 $ : num [1, 1, 1:4] 3.39 3.79 3.21 11.39
NULL
R priorParameters: 2 8 
R maxT: 1 
R_PriorDraw_first_mu: 0.2837566 
R_PriorDraw_first_nu: 10.12687 
R-CCU: Before ClusterLabelChange for i = 55 newLabel= 1 currentLabel= 1 
R-CCU: sum(pointsPerCluster) = 2694 
 num [1:4] 2688 1 2 3
NULL
R-CCU: After ClusterLabelChange for i = 55 
R-CCU: sum(pointsPerCluster) = 2695 
 num [1:4] 2689 1 2 3
NULL
R-CCU: dpObj$numberClusters = 4 
List of 2
 $ : num [1, 1, 1:4] 0.48 0.265 0.652 0.302
 $ : num [1, 1, 1:4] 3.39 3.79 3.21 11.39
NULL
R priorParameters: 2 8 
R maxT: 1 
R_PriorDraw_first_mu: 0.7548342 
R_PriorDraw_first_nu: 2.263013 
R-CCU: Before ClusterLabelChange for i = 56 newLabel= 1 currentLabel= 1 
R-CCU: sum(pointsPerCluster) = 2695 
 num [1:4] 2689 1 2 3
NULL
R-CCU: After ClusterLabelChange for i = 56 
R-CCU: sum(pointsPerCluster) = 2696 
 num [1:4] 2690 1 2 3
NULL
R-CCU: dpObj$numberClusters = 4 
List of 2
 $ : num [1, 1, 1:4] 0.48 0.265 0.652 0.302
 $ : num [1, 1, 1:4] 3.39 3.79 3.21 11.39
NULL
R priorParameters: 2 8 
R maxT: 1 
R_PriorDraw_first_mu: 0.7047441 
R_PriorDraw_first_nu: 5.434859 
R-CCU: Before ClusterLabelChange for i = 57 newLabel= 1 currentLabel= 1 
R-CCU: sum(pointsPerCluster) = 2696 
 num [1:4] 2690 1 2 3
NULL
R-CCU: After ClusterLabelChange for i = 57 
R-CCU: sum(pointsPerCluster) = 2697 
 num [1:4] 2691 1 2 3
NULL
R-CCU: dpObj$numberClusters = 4 
List of 2
 $ : num [1, 1, 1:4] 0.48 0.265 0.652 0.302
 $ : num [1, 1, 1:4] 3.39 3.79 3.21 11.39
NULL
R priorParameters: 2 8 
R maxT: 1 
R_PriorDraw_first_mu: 0.3336835 
R_PriorDraw_first_nu: 44.22481 
R-CCU: Before ClusterLabelChange for i = 58 newLabel= 1 currentLabel= 1 
R-CCU: sum(pointsPerCluster) = 2697 
 num [1:4] 2691 1 2 3
NULL
R-CCU: After ClusterLabelChange for i = 58 
R-CCU: sum(pointsPerCluster) = 2698 
 num [1:4] 2692 1 2 3
NULL
R-CCU: dpObj$numberClusters = 4 
List of 2
 $ : num [1, 1, 1:4] 0.48 0.265 0.652 0.302
 $ : num [1, 1, 1:4] 3.39 3.79 3.21 11.39
NULL
R priorParameters: 2 8 
R maxT: 1 
R_PriorDraw_first_mu: 0.5727583 
R_PriorDraw_first_nu: 4.225301 
R-CCU: Before ClusterLabelChange for i = 59 newLabel= 1 currentLabel= 1 
R-CCU: sum(pointsPerCluster) = 2698 
 num [1:4] 2692 1 2 3
NULL
R-CCU: After ClusterLabelChange for i = 59 
R-CCU: sum(pointsPerCluster) = 2699 
 num [1:4] 2693 1 2 3
NULL
R-CCU: dpObj$numberClusters = 4 
List of 2
 $ : num [1, 1, 1:4] 0.48 0.265 0.652 0.302
 $ : num [1, 1, 1:4] 3.39 3.79 3.21 11.39
NULL
R priorParameters: 2 8 
R maxT: 1 
R_PriorDraw_first_mu: 0.319966 
R_PriorDraw_first_nu: 1.873252 
R-CCU: Before ClusterLabelChange for i = 60 newLabel= 1 currentLabel= 1 
R-CCU: sum(pointsPerCluster) = 2699 
 num [1:4] 2693 1 2 3
NULL
R-CCU: After ClusterLabelChange for i = 60 
R-CCU: sum(pointsPerCluster) = 2700 
 num [1:4] 2694 1 2 3
NULL
R-CCU: dpObj$numberClusters = 4 
List of 2
 $ : num [1, 1, 1:4] 0.48 0.265 0.652 0.302
 $ : num [1, 1, 1:4] 3.39 3.79 3.21 11.39
NULL

⠧ |   88      0 | Beta Distribution Full Integration Test          R priorParameters: 2 8 
R maxT: 1 
R_PriorDraw_first_mu: 0.4258217 
R_PriorDraw_first_nu: 4.105762 
R-CCU: Before ClusterLabelChange for i = 1 newLabel= 1 currentLabel= 1 
R-CCU: sum(pointsPerCluster) = 2700 
 num [1:4] 2694 1 2 3
NULL
R-CCU: After ClusterLabelChange for i = 1 
R-CCU: sum(pointsPerCluster) = 2701 
 num [1:4] 2695 1 2 3
NULL
R-CCU: dpObj$numberClusters = 4 
List of 2
 $ : num [1, 1, 1:4] 0.43 0.265 0.652 0.302
 $ : num [1, 1, 1:4] 3.02 3.79 3.21 11.39
NULL
R priorParameters: 2 8 
R maxT: 1 
R_PriorDraw_first_mu: 0.8597793 
R_PriorDraw_first_nu: 10.35129 
R-CCU: Before ClusterLabelChange for i = 2 newLabel= 1 currentLabel= 1 
R-CCU: sum(pointsPerCluster) = 2701 
 num [1:4] 2695 1 2 3
NULL
R-CCU: After ClusterLabelChange for i = 2 
R-CCU: sum(pointsPerCluster) = 2702 
 num [1:4] 2696 1 2 3
NULL
R-CCU: dpObj$numberClusters = 4 
List of 2
 $ : num [1, 1, 1:4] 0.43 0.265 0.652 0.302
 $ : num [1, 1, 1:4] 3.02 3.79 3.21 11.39
NULL
R priorParameters: 2 8 
R maxT: 1 
R_PriorDraw_first_mu: 0.03840954 
R_PriorDraw_first_nu: 6.206365 
R-CCU: Before ClusterLabelChange for i = 3 newLabel= 1 currentLabel= 1 
R-CCU: sum(pointsPerCluster) = 2702 
 num [1:4] 2696 1 2 3
NULL
R-CCU: After ClusterLabelChange for i = 3 
R-CCU: sum(pointsPerCluster) = 2703 
 num [1:4] 2697 1 2 3
NULL
R-CCU: dpObj$numberClusters = 4 
List of 2
 $ : num [1, 1, 1:4] 0.43 0.265 0.652 0.302
 $ : num [1, 1, 1:4] 3.02 3.79 3.21 11.39
NULL
R priorParameters: 2 8 
R maxT: 1 
R_PriorDraw_first_mu: 0.7210064 
R_PriorDraw_first_nu: 6.91117 
R-CCU: Before ClusterLabelChange for i = 4 newLabel= 1 currentLabel= 1 
R-CCU: sum(pointsPerCluster) = 2703 
 num [1:4] 2697 1 2 3
NULL
R-CCU: After ClusterLabelChange for i = 4 
R-CCU: sum(pointsPerCluster) = 2704 
 num [1:4] 2698 1 2 3
NULL
R-CCU: dpObj$numberClusters = 4 
List of 2
 $ : num [1, 1, 1:4] 0.43 0.265 0.652 0.302
 $ : num [1, 1, 1:4] 3.02 3.79 3.21 11.39
NULL
R priorParameters: 2 8 
R maxT: 1 
R_PriorDraw_first_mu: 0.2838246 
R_PriorDraw_first_nu: 7.378908 
R-CCU: Before ClusterLabelChange for i = 5 newLabel= 1 currentLabel= 1 
R-CCU: sum(pointsPerCluster) = 2704 
 num [1:4] 2698 1 2 3
NULL
R-CCU: After ClusterLabelChange for i = 5 
R-CCU: sum(pointsPerCluster) = 2705 
 num [1:4] 2699 1 2 3
NULL
R-CCU: dpObj$numberClusters = 4 
List of 2
 $ : num [1, 1, 1:4] 0.43 0.265 0.652 0.302
 $ : num [1, 1, 1:4] 3.02 3.79 3.21 11.39
NULL
R priorParameters: 2 8 
R maxT: 1 
R_PriorDraw_first_mu: 0.1382666 
R_PriorDraw_first_nu: 7.009311 
R-CCU: Before ClusterLabelChange for i = 6 newLabel= 1 currentLabel= 1 
R-CCU: sum(pointsPerCluster) = 2705 
 num [1:4] 2699 1 2 3
NULL
R-CCU: After ClusterLabelChange for i = 6 
R-CCU: sum(pointsPerCluster) = 2706 
 num [1:4] 2700 1 2 3
NULL
R-CCU: dpObj$numberClusters = 4 
List of 2
 $ : num [1, 1, 1:4] 0.43 0.265 0.652 0.302
 $ : num [1, 1, 1:4] 3.02 3.79 3.21 11.39
NULL
R priorParameters: 2 8 
R maxT: 1 
R_PriorDraw_first_mu: 0.4363766 
R_PriorDraw_first_nu: 2.828665 
R-CCU: Before ClusterLabelChange for i = 7 newLabel= 1 currentLabel= 1 
R-CCU: sum(pointsPerCluster) = 2706 
 num [1:4] 2700 1 2 3
NULL
R-CCU: After ClusterLabelChange for i = 7 
R-CCU: sum(pointsPerCluster) = 2707 
 num [1:4] 2701 1 2 3
NULL
R-CCU: dpObj$numberClusters = 4 
List of 2
 $ : num [1, 1, 1:4] 0.43 0.265 0.652 0.302
 $ : num [1, 1, 1:4] 3.02 3.79 3.21 11.39
NULL
R priorParameters: 2 8 
R maxT: 1 
R_PriorDraw_first_mu: 0.5732315 
R_PriorDraw_first_nu: 8.992359 
R-CCU: Before ClusterLabelChange for i = 8 newLabel= 1 currentLabel= 1 
R-CCU: sum(pointsPerCluster) = 2707 
 num [1:4] 2701 1 2 3
NULL
R-CCU: After ClusterLabelChange for i = 8 
R-CCU: sum(pointsPerCluster) = 2708 
 num [1:4] 2702 1 2 3
NULL
R-CCU: dpObj$numberClusters = 4 
List of 2
 $ : num [1, 1, 1:4] 0.43 0.265 0.652 0.302
 $ : num [1, 1, 1:4] 3.02 3.79 3.21 11.39
NULL
R priorParameters: 2 8 
R maxT: 1 
R_PriorDraw_first_mu: 0.2294031 
R_PriorDraw_first_nu: 1.972919 
R-CCU: Before ClusterLabelChange for i = 9 newLabel= 1 currentLabel= 1 
R-CCU: sum(pointsPerCluster) = 2708 
 num [1:4] 2702 1 2 3
NULL
R-CCU: After ClusterLabelChange for i = 9 
R-CCU: sum(pointsPerCluster) = 2709 
 num [1:4] 2703 1 2 3
NULL
R-CCU: dpObj$numberClusters = 4 
List of 2
 $ : num [1, 1, 1:4] 0.43 0.265 0.652 0.302
 $ : num [1, 1, 1:4] 3.02 3.79 3.21 11.39
NULL
R priorParameters: 2 8 
R maxT: 1 
R_PriorDraw_first_mu: 0.23246 
R_PriorDraw_first_nu: 1.60777 
R-CCU: Before ClusterLabelChange for i = 10 newLabel= 1 currentLabel= 1 
R-CCU: sum(pointsPerCluster) = 2709 
 num [1:4] 2703 1 2 3
NULL
R-CCU: After ClusterLabelChange for i = 10 
R-CCU: sum(pointsPerCluster) = 2710 
 num [1:4] 2704 1 2 3
NULL
R-CCU: dpObj$numberClusters = 4 
List of 2
 $ : num [1, 1, 1:4] 0.43 0.265 0.652 0.302
 $ : num [1, 1, 1:4] 3.02 3.79 3.21 11.39
NULL
R priorParameters: 2 8 
R maxT: 1 
R_PriorDraw_first_mu: 0.3475465 
R_PriorDraw_first_nu: 1.853345 
R-CCU: Before ClusterLabelChange for i = 11 newLabel= 1 currentLabel= 1 
R-CCU: sum(pointsPerCluster) = 2710 
 num [1:4] 2704 1 2 3
NULL
R-CCU: After ClusterLabelChange for i = 11 
R-CCU: sum(pointsPerCluster) = 2711 
 num [1:4] 2705 1 2 3
NULL
R-CCU: dpObj$numberClusters = 4 
List of 2
 $ : num [1, 1, 1:4] 0.43 0.265 0.652 0.302
 $ : num [1, 1, 1:4] 3.02 3.79 3.21 11.39
NULL
R priorParameters: 2 8 
R maxT: 1 
R_PriorDraw_first_mu: 0.3670651 
R_PriorDraw_first_nu: 2.973333 
R-CCU: Before ClusterLabelChange for i = 12 newLabel= 1 currentLabel= 1 
R-CCU: sum(pointsPerCluster) = 2711 
 num [1:4] 2705 1 2 3
NULL
R-CCU: After ClusterLabelChange for i = 12 
R-CCU: sum(pointsPerCluster) = 2712 
 num [1:4] 2706 1 2 3
NULL
R-CCU: dpObj$numberClusters = 4 
List of 2
 $ : num [1, 1, 1:4] 0.43 0.265 0.652 0.302
 $ : num [1, 1, 1:4] 3.02 3.79 3.21 11.39
NULL
R priorParameters: 2 8 
R maxT: 1 
R_PriorDraw_first_mu: 0.7775981 
R_PriorDraw_first_nu: 1.472884 
R-CCU: Before ClusterLabelChange for i = 13 newLabel= 1 currentLabel= 1 
R-CCU: sum(pointsPerCluster) = 2712 
 num [1:4] 2706 1 2 3
NULL
R-CCU: After ClusterLabelChange for i = 13 
R-CCU: sum(pointsPerCluster) = 2713 
 num [1:4] 2707 1 2 3
NULL
R-CCU: dpObj$numberClusters = 4 
List of 2
 $ : num [1, 1, 1:4] 0.43 0.265 0.652 0.302
 $ : num [1, 1, 1:4] 3.02 3.79 3.21 11.39
NULL
R priorParameters: 2 8 
R maxT: 1 
R_PriorDraw_first_mu: 0.6026779 
R_PriorDraw_first_nu: 3.617771 
R-CCU: Before ClusterLabelChange for i = 14 newLabel= 1 currentLabel= 1 
R-CCU: sum(pointsPerCluster) = 2713 
 num [1:4] 2707 1 2 3
NULL
R-CCU: After ClusterLabelChange for i = 14 
R-CCU: sum(pointsPerCluster) = 2714 
 num [1:4] 2708 1 2 3
NULL
R-CCU: dpObj$numberClusters = 4 
List of 2
 $ : num [1, 1, 1:4] 0.43 0.265 0.652 0.302
 $ : num [1, 1, 1:4] 3.02 3.79 3.21 11.39
NULL
R priorParameters: 2 8 
R maxT: 1 
R_PriorDraw_first_mu: 0.8254613 
R_PriorDraw_first_nu: 8.976059 
R-CCU: Before ClusterLabelChange for i = 15 newLabel= 1 currentLabel= 1 
R-CCU: sum(pointsPerCluster) = 2714 
 num [1:4] 2708 1 2 3
NULL
R-CCU: After ClusterLabelChange for i = 15 
R-CCU: sum(pointsPerCluster) = 2715 
 num [1:4] 2709 1 2 3
NULL
R-CCU: dpObj$numberClusters = 4 
List of 2
 $ : num [1, 1, 1:4] 0.43 0.265 0.652 0.302
 $ : num [1, 1, 1:4] 3.02 3.79 3.21 11.39
NULL
R priorParameters: 2 8 
R maxT: 1 
R_PriorDraw_first_mu: 0.9198953 
R_PriorDraw_first_nu: 5.746401 
R-CCU: Before ClusterLabelChange for i = 16 newLabel= 1 currentLabel= 1 
R-CCU: sum(pointsPerCluster) = 2715 
 num [1:4] 2709 1 2 3
NULL
R-CCU: After ClusterLabelChange for i = 16 
R-CCU: sum(pointsPerCluster) = 2716 
 num [1:4] 2710 1 2 3
NULL
R-CCU: dpObj$numberClusters = 4 
List of 2
 $ : num [1, 1, 1:4] 0.43 0.265 0.652 0.302
 $ : num [1, 1, 1:4] 3.02 3.79 3.21 11.39
NULL
R priorParameters: 2 8 
R maxT: 1 
R_PriorDraw_first_mu: 0.5493192 
R_PriorDraw_first_nu: 4.569867 
R-CCU: Before ClusterLabelChange for i = 17 newLabel= 1 currentLabel= 1 
R-CCU: sum(pointsPerCluster) = 2716 
 num [1:4] 2710 1 2 3
NULL
R-CCU: After ClusterLabelChange for i = 17 
R-CCU: sum(pointsPerCluster) = 2717 
 num [1:4] 2711 1 2 3
NULL
R-CCU: dpObj$numberClusters = 4 
List of 2
 $ : num [1, 1, 1:4] 0.43 0.265 0.652 0.302
 $ : num [1, 1, 1:4] 3.02 3.79 3.21 11.39
NULL
R priorParameters: 2 8 
R maxT: 1 
R_PriorDraw_first_mu: 0.1356718 
R_PriorDraw_first_nu: 5.950575 
R-CCU: Before ClusterLabelChange for i = 18 newLabel= 1 currentLabel= 1 
R-CCU: sum(pointsPerCluster) = 2717 
 num [1:4] 2711 1 2 3
NULL
R-CCU: After ClusterLabelChange for i = 18 
R-CCU: sum(pointsPerCluster) = 2718 
 num [1:4] 2712 1 2 3
NULL
R-CCU: dpObj$numberClusters = 4 
List of 2
 $ : num [1, 1, 1:4] 0.43 0.265 0.652 0.302
 $ : num [1, 1, 1:4] 3.02 3.79 3.21 11.39
NULL
R priorParameters: 2 8 
R maxT: 1 
R_PriorDraw_first_mu: 0.1679153 
R_PriorDraw_first_nu: 16.69244 
R-CCU: Before ClusterLabelChange for i = 19 newLabel= 1 currentLabel= 1 
R-CCU: sum(pointsPerCluster) = 2718 
 num [1:4] 2712 1 2 3
NULL
R-CCU: After ClusterLabelChange for i = 19 
R-CCU: sum(pointsPerCluster) = 2719 
 num [1:4] 2713 1 2 3
NULL
R-CCU: dpObj$numberClusters = 4 
List of 2
 $ : num [1, 1, 1:4] 0.43 0.265 0.652 0.302
 $ : num [1, 1, 1:4] 3.02 3.79 3.21 11.39
NULL
R priorParameters: 2 8 
R maxT: 1 
R_PriorDraw_first_mu: 0.1058854 
R_PriorDraw_first_nu: 5.618535 
R-CCU: Before ClusterLabelChange for i = 20 newLabel= 1 currentLabel= 1 
R-CCU: sum(pointsPerCluster) = 2719 
 num [1:4] 2713 1 2 3
NULL
R-CCU: After ClusterLabelChange for i = 20 
R-CCU: sum(pointsPerCluster) = 2720 
 num [1:4] 2714 1 2 3
NULL
R-CCU: dpObj$numberClusters = 4 
List of 2
 $ : num [1, 1, 1:4] 0.43 0.265 0.652 0.302
 $ : num [1, 1, 1:4] 3.02 3.79 3.21 11.39
NULL
R priorParameters: 2 8 
R maxT: 1 
R_PriorDraw_first_mu: 0.737423 
R_PriorDraw_first_nu: 6.781062 
R-CCU: Before ClusterLabelChange for i = 21 newLabel= 1 currentLabel= 1 
R-CCU: sum(pointsPerCluster) = 2720 
 num [1:4] 2714 1 2 3
NULL
R-CCU: After ClusterLabelChange for i = 21 
R-CCU: sum(pointsPerCluster) = 2721 
 num [1:4] 2715 1 2 3
NULL
R-CCU: dpObj$numberClusters = 4 
List of 2
 $ : num [1, 1, 1:4] 0.43 0.265 0.652 0.302
 $ : num [1, 1, 1:4] 3.02 3.79 3.21 11.39
NULL
R priorParameters: 2 8 
R maxT: 1 
R_PriorDraw_first_mu: 0.527242 
R_PriorDraw_first_nu: 14.95062 
R-CCU: Before ClusterLabelChange for i = 22 newLabel= 1 currentLabel= 1 
R-CCU: sum(pointsPerCluster) = 2721 
 num [1:4] 2715 1 2 3
NULL
R-CCU: After ClusterLabelChange for i = 22 
R-CCU: sum(pointsPerCluster) = 2722 
 num [1:4] 2716 1 2 3
NULL
R-CCU: dpObj$numberClusters = 4 
List of 2
 $ : num [1, 1, 1:4] 0.43 0.265 0.652 0.302
 $ : num [1, 1, 1:4] 3.02 3.79 3.21 11.39
NULL
R priorParameters: 2 8 
R maxT: 1 
R_PriorDraw_first_mu: 0.3491957 
R_PriorDraw_first_nu: 1.922205 
R-CCU: Before ClusterLabelChange for i = 23 newLabel= 1 currentLabel= 1 
R-CCU: sum(pointsPerCluster) = 2722 
 num [1:4] 2716 1 2 3
NULL
R-CCU: After ClusterLabelChange for i = 23 
R-CCU: sum(pointsPerCluster) = 2723 
 num [1:4] 2717 1 2 3
NULL
R-CCU: dpObj$numberClusters = 4 
List of 2
 $ : num [1, 1, 1:4] 0.43 0.265 0.652 0.302
 $ : num [1, 1, 1:4] 3.02 3.79 3.21 11.39
NULL
R priorParameters: 2 8 
R maxT: 1 
R_PriorDraw_first_mu: 0.5083215 
R_PriorDraw_first_nu: 4.081672 
R-CCU: Before ClusterLabelChange for i = 24 newLabel= 1 currentLabel= 1 
R-CCU: sum(pointsPerCluster) = 2723 
 num [1:4] 2717 1 2 3
NULL
R-CCU: After ClusterLabelChange for i = 24 
R-CCU: sum(pointsPerCluster) = 2724 
 num [1:4] 2718 1 2 3
NULL
R-CCU: dpObj$numberClusters = 4 
List of 2
 $ : num [1, 1, 1:4] 0.43 0.265 0.652 0.302
 $ : num [1, 1, 1:4] 3.02 3.79 3.21 11.39
NULL
R priorParameters: 2 8 
R maxT: 1 
R_PriorDraw_first_mu: 0.4015013 
R_PriorDraw_first_nu: 2.789432 
R-CCU: Before ClusterLabelChange for i = 25 newLabel= 1 currentLabel= 1 
R-CCU: sum(pointsPerCluster) = 2724 
 num [1:4] 2718 1 2 3
NULL
R-CCU: After ClusterLabelChange for i = 25 
R-CCU: sum(pointsPerCluster) = 2725 
 num [1:4] 2719 1 2 3
NULL
R-CCU: dpObj$numberClusters = 4 
List of 2
 $ : num [1, 1, 1:4] 0.43 0.265 0.652 0.302
 $ : num [1, 1, 1:4] 3.02 3.79 3.21 11.39
NULL
R priorParameters: 2 8 
R maxT: 1 
R_PriorDraw_first_mu: 0.129158 
R_PriorDraw_first_nu: 4.31978 
R-CCU: Before ClusterLabelChange for i = 26 newLabel= 1 currentLabel= 1 
R-CCU: sum(pointsPerCluster) = 2725 
 num [1:4] 2719 1 2 3
NULL
R-CCU: After ClusterLabelChange for i = 26 
R-CCU: sum(pointsPerCluster) = 2726 
 num [1:4] 2720 1 2 3
NULL
R-CCU: dpObj$numberClusters = 4 
List of 2
 $ : num [1, 1, 1:4] 0.43 0.265 0.652 0.302
 $ : num [1, 1, 1:4] 3.02 3.79 3.21 11.39
NULL
R priorParameters: 2 8 
R maxT: 1 
R_PriorDraw_first_mu: 0.9019265 
R_PriorDraw_first_nu: 70.9027 
R-CCU: Before ClusterLabelChange for i = 27 newLabel= 1 currentLabel= 1 
R-CCU: sum(pointsPerCluster) = 2726 
 num [1:4] 2720 1 2 3
NULL
R-CCU: After ClusterLabelChange for i = 27 
R-CCU: sum(pointsPerCluster) = 2727 
 num [1:4] 2721 1 2 3
NULL
R-CCU: dpObj$numberClusters = 4 
List of 2
 $ : num [1, 1, 1:4] 0.43 0.265 0.652 0.302
 $ : num [1, 1, 1:4] 3.02 3.79 3.21 11.39
NULL
R priorParameters: 2 8 
R maxT: 1 
R_PriorDraw_first_mu: 0.9698094 
R_PriorDraw_first_nu: 3.209164 
R-CCU: Before ClusterLabelChange for i = 28 newLabel= 1 currentLabel= 1 
R-CCU: sum(pointsPerCluster) = 2727 
 num [1:4] 2721 1 2 3
NULL
R-CCU: After ClusterLabelChange for i = 28 
R-CCU: sum(pointsPerCluster) = 2728 
 num [1:4] 2722 1 2 3
NULL
R-CCU: dpObj$numberClusters = 4 
List of 2
 $ : num [1, 1, 1:4] 0.43 0.265 0.652 0.302
 $ : num [1, 1, 1:4] 3.02 3.79 3.21 11.39
NULL
R priorParameters: 2 8 
R maxT: 1 
R_PriorDraw_first_mu: 0.6004408 
R_PriorDraw_first_nu: 6.94338 
R-CCU: Before ClusterLabelChange for i = 29 newLabel= 1 currentLabel= 1 
R-CCU: sum(pointsPerCluster) = 2728 
 num [1:4] 2722 1 2 3
NULL
R-CCU: After ClusterLabelChange for i = 29 
R-CCU: sum(pointsPerCluster) = 2729 
 num [1:4] 2723 1 2 3
NULL
R-CCU: dpObj$numberClusters = 4 
List of 2
 $ : num [1, 1, 1:4] 0.43 0.265 0.652 0.302
 $ : num [1, 1, 1:4] 3.02 3.79 3.21 11.39
NULL
R priorParameters: 2 8 
R maxT: 1 
R_PriorDraw_first_mu: 0.1131034 
R_PriorDraw_first_nu: 2.162693 
R-CCU: Before ClusterLabelChange for i = 30 newLabel= 1 currentLabel= 1 
R-CCU: sum(pointsPerCluster) = 2729 
 num [1:4] 2723 1 2 3
NULL
R-CCU: After ClusterLabelChange for i = 30 
R-CCU: sum(pointsPerCluster) = 2730 
 num [1:4] 2724 1 2 3
NULL
R-CCU: dpObj$numberClusters = 4 
List of 2
 $ : num [1, 1, 1:4] 0.43 0.265 0.652 0.302
 $ : num [1, 1, 1:4] 3.02 3.79 3.21 11.39
NULL
R priorParameters: 2 8 
R maxT: 1 
R_PriorDraw_first_mu: 0.05082635 
R_PriorDraw_first_nu: 3.675045 
R-CCU: Before ClusterLabelChange for i = 31 newLabel= 1 currentLabel= 1 
R-CCU: sum(pointsPerCluster) = 2730 
 num [1:4] 2724 1 2 3
NULL
R-CCU: After ClusterLabelChange for i = 31 
R-CCU: sum(pointsPerCluster) = 2731 
 num [1:4] 2725 1 2 3
NULL
R-CCU: dpObj$numberClusters = 4 
List of 2
 $ : num [1, 1, 1:4] 0.43 0.265 0.652 0.302
 $ : num [1, 1, 1:4] 3.02 3.79 3.21 11.39
NULL
R priorParameters: 2 8 
R maxT: 1 
R_PriorDraw_first_mu: 0.9834445 
R_PriorDraw_first_nu: 7.099924 
R-CCU: Before ClusterLabelChange for i = 32 newLabel= 1 currentLabel= 1 
R-CCU: sum(pointsPerCluster) = 2731 
 num [1:4] 2725 1 2 3
NULL
R-CCU: After ClusterLabelChange for i = 32 
R-CCU: sum(pointsPerCluster) = 2732 
 num [1:4] 2726 1 2 3
NULL
R-CCU: dpObj$numberClusters = 4 
List of 2
 $ : num [1, 1, 1:4] 0.43 0.265 0.652 0.302
 $ : num [1, 1, 1:4] 3.02 3.79 3.21 11.39
NULL
R priorParameters: 2 8 
R maxT: 1 
R_PriorDraw_first_mu: 0.4008989 
R_PriorDraw_first_nu: 1.34932 
R-CCU: Before ClusterLabelChange for i = 33 newLabel= 1 currentLabel= 1 
R-CCU: sum(pointsPerCluster) = 2732 
 num [1:4] 2726 1 2 3
NULL
R-CCU: After ClusterLabelChange for i = 33 
R-CCU: sum(pointsPerCluster) = 2733 
 num [1:4] 2727 1 2 3
NULL
R-CCU: dpObj$numberClusters = 4 
List of 2
 $ : num [1, 1, 1:4] 0.43 0.265 0.652 0.302
 $ : num [1, 1, 1:4] 3.02 3.79 3.21 11.39
NULL
R priorParameters: 2 8 
R maxT: 1 
R_PriorDraw_first_mu: 0.7718019 
R_PriorDraw_first_nu: 4.395922 
R-CCU: Before ClusterLabelChange for i = 34 newLabel= 1 currentLabel= 1 
R-CCU: sum(pointsPerCluster) = 2733 
 num [1:4] 2727 1 2 3
NULL
R-CCU: After ClusterLabelChange for i = 34 
R-CCU: sum(pointsPerCluster) = 2734 
 num [1:4] 2728 1 2 3
NULL
R-CCU: dpObj$numberClusters = 4 
List of 2
 $ : num [1, 1, 1:4] 0.43 0.265 0.652 0.302
 $ : num [1, 1, 1:4] 3.02 3.79 3.21 11.39
NULL
R priorParameters: 2 8 
R maxT: 1 
R_PriorDraw_first_mu: 0.645081 
R_PriorDraw_first_nu: 9.428357 
R-CCU: Before ClusterLabelChange for i = 35 newLabel= 1 currentLabel= 1 
R-CCU: sum(pointsPerCluster) = 2734 
 num [1:4] 2728 1 2 3
NULL
R-CCU: After ClusterLabelChange for i = 35 
R-CCU: sum(pointsPerCluster) = 2735 
 num [1:4] 2729 1 2 3
NULL
R-CCU: dpObj$numberClusters = 4 
List of 2
 $ : num [1, 1, 1:4] 0.43 0.265 0.652 0.302
 $ : num [1, 1, 1:4] 3.02 3.79 3.21 11.39
NULL
R priorParameters: 2 8 
R maxT: 1 
R_PriorDraw_first_mu: 0.5631079 
R_PriorDraw_first_nu: 7.900054 
R-CCU: Before ClusterLabelChange for i = 36 newLabel= 1 currentLabel= 1 
R-CCU: sum(pointsPerCluster) = 2735 
 num [1:4] 2729 1 2 3
NULL
R-CCU: After ClusterLabelChange for i = 36 
R-CCU: sum(pointsPerCluster) = 2736 
 num [1:4] 2730 1 2 3
NULL
R-CCU: dpObj$numberClusters = 4 
List of 2
 $ : num [1, 1, 1:4] 0.43 0.265 0.652 0.302
 $ : num [1, 1, 1:4] 3.02 3.79 3.21 11.39
NULL
R priorParameters: 2 8 
R maxT: 1 
R_PriorDraw_first_mu: 0.01180462 
R_PriorDraw_first_nu: 1.810171 
R-CCU: Before ClusterLabelChange for i = 37 newLabel= 1 currentLabel= 1 
R-CCU: sum(pointsPerCluster) = 2736 
 num [1:4] 2730 1 2 3
NULL
R-CCU: After ClusterLabelChange for i = 37 
R-CCU: sum(pointsPerCluster) = 2737 
 num [1:4] 2731 1 2 3
NULL
R-CCU: dpObj$numberClusters = 4 
List of 2
 $ : num [1, 1, 1:4] 0.43 0.265 0.652 0.302
 $ : num [1, 1, 1:4] 3.02 3.79 3.21 11.39
NULL
R priorParameters: 2 8 
R maxT: 1 
R_PriorDraw_first_mu: 0.7540402 
R_PriorDraw_first_nu: 1.593885 
R-CCU: Before ClusterLabelChange for i = 38 newLabel= 1 currentLabel= 1 
R-CCU: sum(pointsPerCluster) = 2737 
 num [1:4] 2731 1 2 3
NULL
R-CCU: After ClusterLabelChange for i = 38 
R-CCU: sum(pointsPerCluster) = 2738 
 num [1:4] 2732 1 2 3
NULL
R-CCU: dpObj$numberClusters = 4 
List of 2
 $ : num [1, 1, 1:4] 0.43 0.265 0.652 0.302
 $ : num [1, 1, 1:4] 3.02 3.79 3.21 11.39
NULL
R priorParameters: 2 8 
R maxT: 1 
R_PriorDraw_first_mu: 0.2551859 
R_PriorDraw_first_nu: 4.877211 
R-CCU: Before ClusterLabelChange for i = 39 newLabel= 1 currentLabel= 1 
R-CCU: sum(pointsPerCluster) = 2738 
 num [1:4] 2732 1 2 3
NULL
R-CCU: After ClusterLabelChange for i = 39 
R-CCU: sum(pointsPerCluster) = 2739 
 num [1:4] 2733 1 2 3
NULL
R-CCU: dpObj$numberClusters = 4 
List of 2
 $ : num [1, 1, 1:4] 0.43 0.265 0.652 0.302
 $ : num [1, 1, 1:4] 3.02 3.79 3.21 11.39
NULL
R priorParameters: 2 8 
R maxT: 1 
R_PriorDraw_first_mu: 0.249033 
R_PriorDraw_first_nu: 4.643062 
R-CCU: Before ClusterLabelChange for i = 40 newLabel= 1 currentLabel= 1 
R-CCU: sum(pointsPerCluster) = 2739 
 num [1:4] 2733 1 2 3
NULL
R-CCU: After ClusterLabelChange for i = 40 
R-CCU: sum(pointsPerCluster) = 2740 
 num [1:4] 2734 1 2 3
NULL
R-CCU: dpObj$numberClusters = 4 
List of 2
 $ : num [1, 1, 1:4] 0.43 0.265 0.652 0.302
 $ : num [1, 1, 1:4] 3.02 3.79 3.21 11.39
NULL
R priorParameters: 2 8 
R maxT: 1 
R_PriorDraw_first_mu: 0.2363632 
R_PriorDraw_first_nu: 1.610402 
R-CCU: Before ClusterLabelChange for i = 41 newLabel= 1 currentLabel= 1 
R-CCU: sum(pointsPerCluster) = 2740 
 num [1:4] 2734 1 2 3
NULL
R-CCU: After ClusterLabelChange for i = 41 
R-CCU: sum(pointsPerCluster) = 2741 
 num [1:4] 2735 1 2 3
NULL
R-CCU: dpObj$numberClusters = 4 
List of 2
 $ : num [1, 1, 1:4] 0.43 0.265 0.652 0.302
 $ : num [1, 1, 1:4] 3.02 3.79 3.21 11.39
NULL
R priorParameters: 2 8 
R maxT: 1 
R_PriorDraw_first_mu: 0.3253093 
R_PriorDraw_first_nu: 7.886343 
R-CCU: Before ClusterLabelChange for i = 42 newLabel= 1 currentLabel= 1 
R-CCU: sum(pointsPerCluster) = 2741 
 num [1:4] 2735 1 2 3
NULL
R-CCU: After ClusterLabelChange for i = 42 
R-CCU: sum(pointsPerCluster) = 2742 
 num [1:4] 2736 1 2 3
NULL
R-CCU: dpObj$numberClusters = 4 
List of 2
 $ : num [1, 1, 1:4] 0.43 0.265 0.652 0.302
 $ : num [1, 1, 1:4] 3.02 3.79 3.21 11.39
NULL
R priorParameters: 2 8 
R maxT: 1 
R_PriorDraw_first_mu: 0.6353182 
R_PriorDraw_first_nu: 3.757733 
R-CCU: Before ClusterLabelChange for i = 43 newLabel= 1 currentLabel= 1 
R-CCU: sum(pointsPerCluster) = 2742 
 num [1:4] 2736 1 2 3
NULL
R-CCU: After ClusterLabelChange for i = 43 
R-CCU: sum(pointsPerCluster) = 2743 
 num [1:4] 2737 1 2 3
NULL
R-CCU: dpObj$numberClusters = 4 
List of 2
 $ : num [1, 1, 1:4] 0.43 0.265 0.652 0.302
 $ : num [1, 1, 1:4] 3.02 3.79 3.21 11.39
NULL
R priorParameters: 2 8 
R maxT: 1 
R_PriorDraw_first_mu: 0.9220845 
R_PriorDraw_first_nu: 5.240133 
R-CCU: Before ClusterLabelChange for i = 44 newLabel= 1 currentLabel= 1 
R-CCU: sum(pointsPerCluster) = 2743 
 num [1:4] 2737 1 2 3
NULL
R-CCU: After ClusterLabelChange for i = 44 
R-CCU: sum(pointsPerCluster) = 2744 
 num [1:4] 2738 1 2 3
NULL
R-CCU: dpObj$numberClusters = 4 
List of 2
 $ : num [1, 1, 1:4] 0.43 0.265 0.652 0.302
 $ : num [1, 1, 1:4] 3.02 3.79 3.21 11.39
NULL
R priorParameters: 2 8 
R maxT: 1 
R_PriorDraw_first_mu: 0.8560357 
R_PriorDraw_first_nu: 15.71498 
R-CCU: Before ClusterLabelChange for i = 45 newLabel= 1 currentLabel= 1 
R-CCU: sum(pointsPerCluster) = 2744 
 num [1:4] 2738 1 2 3
NULL
R-CCU: After ClusterLabelChange for i = 45 
R-CCU: sum(pointsPerCluster) = 2745 
 num [1:4] 2739 1 2 3
NULL
R-CCU: dpObj$numberClusters = 4 
List of 2
 $ : num [1, 1, 1:4] 0.43 0.265 0.652 0.302
 $ : num [1, 1, 1:4] 3.02 3.79 3.21 11.39
NULL
R priorParameters: 2 8 
R maxT: 1 
R_PriorDraw_first_mu: 0.5444513 
R_PriorDraw_first_nu: 15.58327 
R-CCU: Before ClusterLabelChange for i = 46 newLabel= 1 currentLabel= 1 
R-CCU: sum(pointsPerCluster) = 2745 
 num [1:4] 2739 1 2 3
NULL
R-CCU: After ClusterLabelChange for i = 46 
R-CCU: sum(pointsPerCluster) = 2746 
 num [1:4] 2740 1 2 3
NULL
R-CCU: dpObj$numberClusters = 4 
List of 2
 $ : num [1, 1, 1:4] 0.43 0.265 0.652 0.302
 $ : num [1, 1, 1:4] 3.02 3.79 3.21 11.39
NULL
R priorParameters: 2 8 
R maxT: 1 
R_PriorDraw_first_mu: 0.3452819 
R_PriorDraw_first_nu: 3.415913 
R-CCU: Before ClusterLabelChange for i = 47 newLabel= 1 currentLabel= 1 
R-CCU: sum(pointsPerCluster) = 2746 
 num [1:4] 2740 1 2 3
NULL
R-CCU: After ClusterLabelChange for i = 47 
R-CCU: sum(pointsPerCluster) = 2747 
 num [1:4] 2741 1 2 3
NULL
R-CCU: dpObj$numberClusters = 4 
List of 2
 $ : num [1, 1, 1:4] 0.43 0.265 0.652 0.302
 $ : num [1, 1, 1:4] 3.02 3.79 3.21 11.39
NULL
R priorParameters: 2 8 
R maxT: 1 
R_PriorDraw_first_mu: 0.722799 
R_PriorDraw_first_nu: 1.573863 
R-CCU: Before ClusterLabelChange for i = 48 newLabel= 1 currentLabel= 1 
R-CCU: sum(pointsPerCluster) = 2747 
 num [1:4] 2741 1 2 3
NULL
R-CCU: After ClusterLabelChange for i = 48 
R-CCU: sum(pointsPerCluster) = 2748 
 num [1:4] 2742 1 2 3
NULL
R-CCU: dpObj$numberClusters = 4 
List of 2
 $ : num [1, 1, 1:4] 0.43 0.265 0.652 0.302
 $ : num [1, 1, 1:4] 3.02 3.79 3.21 11.39
NULL
R priorParameters: 2 8 
R maxT: 1 
R_PriorDraw_first_mu: 0.4574161 
R_PriorDraw_first_nu: 15.11944 
R-CCU: Before ClusterLabelChange for i = 49 newLabel= 1 currentLabel= 1 
R-CCU: sum(pointsPerCluster) = 2748 
 num [1:4] 2742 1 2 3
NULL
R-CCU: After ClusterLabelChange for i = 49 
R-CCU: sum(pointsPerCluster) = 2749 
 num [1:4] 2743 1 2 3
NULL
R-CCU: dpObj$numberClusters = 4 
List of 2
 $ : num [1, 1, 1:4] 0.43 0.265 0.652 0.302
 $ : num [1, 1, 1:4] 3.02 3.79 3.21 11.39
NULL
R priorParameters: 2 8 
R maxT: 1 
R_PriorDraw_first_mu: 0.01958803 
R_PriorDraw_first_nu: 10.3426 
R-CCU: Before ClusterLabelChange for i = 50 newLabel= 1 currentLabel= 1 
R-CCU: sum(pointsPerCluster) = 2749 
 num [1:4] 2743 1 2 3
NULL
R-CCU: After ClusterLabelChange for i = 50 
R-CCU: sum(pointsPerCluster) = 2750 
 num [1:4] 2744 1 2 3
NULL
R-CCU: dpObj$numberClusters = 4 
List of 2
 $ : num [1, 1, 1:4] 0.43 0.265 0.652 0.302
 $ : num [1, 1, 1:4] 3.02 3.79 3.21 11.39
NULL
R priorParameters: 2 8 
R maxT: 1 
R_PriorDraw_first_mu: 0.4696899 
R_PriorDraw_first_nu: 4.064967 
R-CCU: Before ClusterLabelChange for i = 51 newLabel= 1 currentLabel= 1 
R-CCU: sum(pointsPerCluster) = 2750 
 num [1:4] 2744 1 2 3
NULL
R-CCU: After ClusterLabelChange for i = 51 
R-CCU: sum(pointsPerCluster) = 2751 
 num [1:4] 2745 1 2 3
NULL
R-CCU: dpObj$numberClusters = 4 
List of 2
 $ : num [1, 1, 1:4] 0.43 0.265 0.652 0.302
 $ : num [1, 1, 1:4] 3.02 3.79 3.21 11.39
NULL
R priorParameters: 2 8 
R maxT: 1 
R_PriorDraw_first_mu: 0.9627992 
R_PriorDraw_first_nu: 2.570348 
R-CCU: Before ClusterLabelChange for i = 52 newLabel= 1 currentLabel= 1 
R-CCU: sum(pointsPerCluster) = 2751 
 num [1:4] 2745 1 2 3
NULL
R-CCU: After ClusterLabelChange for i = 52 
R-CCU: sum(pointsPerCluster) = 2752 
 num [1:4] 2746 1 2 3
NULL
R-CCU: dpObj$numberClusters = 4 
List of 2
 $ : num [1, 1, 1:4] 0.43 0.265 0.652 0.302
 $ : num [1, 1, 1:4] 3.02 3.79 3.21 11.39
NULL
R priorParameters: 2 8 
R maxT: 1 
R_PriorDraw_first_mu: 0.8984611 
R_PriorDraw_first_nu: 87.8283 
R-CCU: Before ClusterLabelChange for i = 53 newLabel= 1 currentLabel= 1 
R-CCU: sum(pointsPerCluster) = 2752 
 num [1:4] 2746 1 2 3
NULL
R-CCU: After ClusterLabelChange for i = 53 
R-CCU: sum(pointsPerCluster) = 2753 
 num [1:4] 2747 1 2 3
NULL
R-CCU: dpObj$numberClusters = 4 
List of 2
 $ : num [1, 1, 1:4] 0.43 0.265 0.652 0.302
 $ : num [1, 1, 1:4] 3.02 3.79 3.21 11.39
NULL
R priorParameters: 2 8 
R maxT: 1 
R_PriorDraw_first_mu: 0.9820416 
R_PriorDraw_first_nu: 3.63401 
R-CCU: Before ClusterLabelChange for i = 54 newLabel= 1 currentLabel= 1 
R-CCU: sum(pointsPerCluster) = 2753 
 num [1:4] 2747 1 2 3
NULL
R-CCU: After ClusterLabelChange for i = 54 
R-CCU: sum(pointsPerCluster) = 2754 
 num [1:4] 2748 1 2 3
NULL
R-CCU: dpObj$numberClusters = 4 
List of 2
 $ : num [1, 1, 1:4] 0.43 0.265 0.652 0.302
 $ : num [1, 1, 1:4] 3.02 3.79 3.21 11.39
NULL
R priorParameters: 2 8 
R maxT: 1 
R_PriorDraw_first_mu: 0.9020758 
R_PriorDraw_first_nu: 13.89556 
R-CCU: Before ClusterLabelChange for i = 55 newLabel= 1 currentLabel= 1 
R-CCU: sum(pointsPerCluster) = 2754 
 num [1:4] 2748 1 2 3
NULL
R-CCU: After ClusterLabelChange for i = 55 
R-CCU: sum(pointsPerCluster) = 2755 
 num [1:4] 2749 1 2 3
NULL
R-CCU: dpObj$numberClusters = 4 
List of 2
 $ : num [1, 1, 1:4] 0.43 0.265 0.652 0.302
 $ : num [1, 1, 1:4] 3.02 3.79 3.21 11.39
NULL
R priorParameters: 2 8 
R maxT: 1 
R_PriorDraw_first_mu: 0.7136068 
R_PriorDraw_first_nu: 2.069655 
R-CCU: Before ClusterLabelChange for i = 56 newLabel= 1 currentLabel= 1 
R-CCU: sum(pointsPerCluster) = 2755 
 num [1:4] 2749 1 2 3
NULL
R-CCU: After ClusterLabelChange for i = 56 
R-CCU: sum(pointsPerCluster) = 2756 
 num [1:4] 2750 1 2 3
NULL
R-CCU: dpObj$numberClusters = 4 
List of 2
 $ : num [1, 1, 1:4] 0.43 0.265 0.652 0.302
 $ : num [1, 1, 1:4] 3.02 3.79 3.21 11.39
NULL
R priorParameters: 2 8 
R maxT: 1 
R_PriorDraw_first_mu: 0.4301126 
R_PriorDraw_first_nu: 19.78262 
R-CCU: Before ClusterLabelChange for i = 57 newLabel= 1 currentLabel= 1 
R-CCU: sum(pointsPerCluster) = 2756 
 num [1:4] 2750 1 2 3
NULL
R-CCU: After ClusterLabelChange for i = 57 
R-CCU: sum(pointsPerCluster) = 2757 
 num [1:4] 2751 1 2 3
NULL
R-CCU: dpObj$numberClusters = 4 
List of 2
 $ : num [1, 1, 1:4] 0.43 0.265 0.652 0.302
 $ : num [1, 1, 1:4] 3.02 3.79 3.21 11.39
NULL
R priorParameters: 2 8 
R maxT: 1 
R_PriorDraw_first_mu: 0.04721477 
R_PriorDraw_first_nu: 5.191144 
R-CCU: Before ClusterLabelChange for i = 58 newLabel= 1 currentLabel= 1 
R-CCU: sum(pointsPerCluster) = 2757 
 num [1:4] 2751 1 2 3
NULL
R-CCU: After ClusterLabelChange for i = 58 
R-CCU: sum(pointsPerCluster) = 2758 
 num [1:4] 2752 1 2 3
NULL
R-CCU: dpObj$numberClusters = 4 
List of 2
 $ : num [1, 1, 1:4] 0.43 0.265 0.652 0.302
 $ : num [1, 1, 1:4] 3.02 3.79 3.21 11.39
NULL
R priorParameters: 2 8 
R maxT: 1 
R_PriorDraw_first_mu: 0.7123448 
R_PriorDraw_first_nu: 31.90696 
R-CCU: Before ClusterLabelChange for i = 59 newLabel= 1 currentLabel= 1 
R-CCU: sum(pointsPerCluster) = 2758 
 num [1:4] 2752 1 2 3
NULL
R-CCU: After ClusterLabelChange for i = 59 
R-CCU: sum(pointsPerCluster) = 2759 
 num [1:4] 2753 1 2 3
NULL
R-CCU: dpObj$numberClusters = 4 
List of 2
 $ : num [1, 1, 1:4] 0.43 0.265 0.652 0.302
 $ : num [1, 1, 1:4] 3.02 3.79 3.21 11.39
NULL
R priorParameters: 2 8 
R maxT: 1 
R_PriorDraw_first_mu: 0.8975757 
R_PriorDraw_first_nu: 3.417215 
R-CCU: Before ClusterLabelChange for i = 60 newLabel= 1 currentLabel= 1 
R-CCU: sum(pointsPerCluster) = 2759 
 num [1:4] 2753 1 2 3
NULL
R-CCU: After ClusterLabelChange for i = 60 
R-CCU: sum(pointsPerCluster) = 2760 
 num [1:4] 2754 1 2 3
NULL
R-CCU: dpObj$numberClusters = 4 
List of 2
 $ : num [1, 1, 1:4] 0.43 0.265 0.652 0.302
 $ : num [1, 1, 1:4] 3.02 3.79 3.21 11.39
NULL

⠏ |   90      0 | Beta Distribution Full Integration Test          R priorParameters: 2 8 
R maxT: 1 
R_PriorDraw_first_mu: 0.4846595 
R_PriorDraw_first_nu: 10.36492 
R-CCU: Before ClusterLabelChange for i = 1 newLabel= 1 currentLabel= 1 
R-CCU: sum(pointsPerCluster) = 2760 
 num [1:4] 2754 1 2 3
NULL
R-CCU: After ClusterLabelChange for i = 1 
R-CCU: sum(pointsPerCluster) = 2761 
 num [1:4] 2755 1 2 3
NULL
R-CCU: dpObj$numberClusters = 4 
List of 2
 $ : num [1, 1, 1:4] 0.496 0.265 0.652 0.302
 $ : num [1, 1, 1:4] 2.43 3.79 3.21 11.39
NULL
R priorParameters: 2 8 
R maxT: 1 
R_PriorDraw_first_mu: 0.3047206 
R_PriorDraw_first_nu: 2.61732 
R-CCU: Before ClusterLabelChange for i = 2 newLabel= 1 currentLabel= 1 
R-CCU: sum(pointsPerCluster) = 2761 
 num [1:4] 2755 1 2 3
NULL
R-CCU: After ClusterLabelChange for i = 2 
R-CCU: sum(pointsPerCluster) = 2762 
 num [1:4] 2756 1 2 3
NULL
R-CCU: dpObj$numberClusters = 4 
List of 2
 $ : num [1, 1, 1:4] 0.496 0.265 0.652 0.302
 $ : num [1, 1, 1:4] 2.43 3.79 3.21 11.39
NULL
R priorParameters: 2 8 
R maxT: 1 
R_PriorDraw_first_mu: 0.2757589 
R_PriorDraw_first_nu: 6.505163 
R-CCU: Before ClusterLabelChange for i = 3 newLabel= 1 currentLabel= 1 
R-CCU: sum(pointsPerCluster) = 2762 
 num [1:4] 2756 1 2 3
NULL
R-CCU: After ClusterLabelChange for i = 3 
R-CCU: sum(pointsPerCluster) = 2763 
 num [1:4] 2757 1 2 3
NULL
R-CCU: dpObj$numberClusters = 4 
List of 2
 $ : num [1, 1, 1:4] 0.496 0.265 0.652 0.302
 $ : num [1, 1, 1:4] 2.43 3.79 3.21 11.39
NULL
R priorParameters: 2 8 
R maxT: 1 
R_PriorDraw_first_mu: 0.5752502 
R_PriorDraw_first_nu: 3.411795 
R-CCU: Before ClusterLabelChange for i = 4 newLabel= 1 currentLabel= 1 
R-CCU: sum(pointsPerCluster) = 2763 
 num [1:4] 2757 1 2 3
NULL
R-CCU: After ClusterLabelChange for i = 4 
R-CCU: sum(pointsPerCluster) = 2764 
 num [1:4] 2758 1 2 3
NULL
R-CCU: dpObj$numberClusters = 4 
List of 2
 $ : num [1, 1, 1:4] 0.496 0.265 0.652 0.302
 $ : num [1, 1, 1:4] 2.43 3.79 3.21 11.39
NULL
R priorParameters: 2 8 
R maxT: 1 
R_PriorDraw_first_mu: 0.7034556 
R_PriorDraw_first_nu: 3.327374 
R-CCU: Before ClusterLabelChange for i = 5 newLabel= 1 currentLabel= 1 
R-CCU: sum(pointsPerCluster) = 2764 
 num [1:4] 2758 1 2 3
NULL
R-CCU: After ClusterLabelChange for i = 5 
R-CCU: sum(pointsPerCluster) = 2765 
 num [1:4] 2759 1 2 3
NULL
R-CCU: dpObj$numberClusters = 4 
List of 2
 $ : num [1, 1, 1:4] 0.496 0.265 0.652 0.302
 $ : num [1, 1, 1:4] 2.43 3.79 3.21 11.39
NULL
R priorParameters: 2 8 
R maxT: 1 
R_PriorDraw_first_mu: 0.5092043 
R_PriorDraw_first_nu: 2.334473 
R-CCU: Before ClusterLabelChange for i = 6 newLabel= 1 currentLabel= 1 
R-CCU: sum(pointsPerCluster) = 2765 
 num [1:4] 2759 1 2 3
NULL
R-CCU: After ClusterLabelChange for i = 6 
R-CCU: sum(pointsPerCluster) = 2766 
 num [1:4] 2760 1 2 3
NULL
R-CCU: dpObj$numberClusters = 4 
List of 2
 $ : num [1, 1, 1:4] 0.496 0.265 0.652 0.302
 $ : num [1, 1, 1:4] 2.43 3.79 3.21 11.39
NULL
R priorParameters: 2 8 
R maxT: 1 
R_PriorDraw_first_mu: 0.09652065 
R_PriorDraw_first_nu: 8.458732 
R-CCU: Before ClusterLabelChange for i = 7 newLabel= 1 currentLabel= 1 
R-CCU: sum(pointsPerCluster) = 2766 
 num [1:4] 2760 1 2 3
NULL
R-CCU: After ClusterLabelChange for i = 7 
R-CCU: sum(pointsPerCluster) = 2767 
 num [1:4] 2761 1 2 3
NULL
R-CCU: dpObj$numberClusters = 4 
List of 2
 $ : num [1, 1, 1:4] 0.496 0.265 0.652 0.302
 $ : num [1, 1, 1:4] 2.43 3.79 3.21 11.39
NULL
R priorParameters: 2 8 
R maxT: 1 
R_PriorDraw_first_mu: 0.7480706 
R_PriorDraw_first_nu: 1.691413 
R-CCU: Before ClusterLabelChange for i = 8 newLabel= 1 currentLabel= 1 
R-CCU: sum(pointsPerCluster) = 2767 
 num [1:4] 2761 1 2 3
NULL
R-CCU: After ClusterLabelChange for i = 8 
R-CCU: sum(pointsPerCluster) = 2768 
 num [1:4] 2762 1 2 3
NULL
R-CCU: dpObj$numberClusters = 4 
List of 2
 $ : num [1, 1, 1:4] 0.496 0.265 0.652 0.302
 $ : num [1, 1, 1:4] 2.43 3.79 3.21 11.39
NULL
R priorParameters: 2 8 
R maxT: 1 
R_PriorDraw_first_mu: 0.8284342 
R_PriorDraw_first_nu: 5.386439 
R-CCU: Before ClusterLabelChange for i = 9 newLabel= 1 currentLabel= 1 
R-CCU: sum(pointsPerCluster) = 2768 
 num [1:4] 2762 1 2 3
NULL
R-CCU: After ClusterLabelChange for i = 9 
R-CCU: sum(pointsPerCluster) = 2769 
 num [1:4] 2763 1 2 3
NULL
R-CCU: dpObj$numberClusters = 4 
List of 2
 $ : num [1, 1, 1:4] 0.496 0.265 0.652 0.302
 $ : num [1, 1, 1:4] 2.43 3.79 3.21 11.39
NULL
R priorParameters: 2 8 
R maxT: 1 
R_PriorDraw_first_mu: 0.4874193 
R_PriorDraw_first_nu: 5.980711 
R-CCU: Before ClusterLabelChange for i = 10 newLabel= 1 currentLabel= 1 
R-CCU: sum(pointsPerCluster) = 2769 
 num [1:4] 2763 1 2 3
NULL
R-CCU: After ClusterLabelChange for i = 10 
R-CCU: sum(pointsPerCluster) = 2770 
 num [1:4] 2764 1 2 3
NULL
R-CCU: dpObj$numberClusters = 4 
List of 2
 $ : num [1, 1, 1:4] 0.496 0.265 0.652 0.302
 $ : num [1, 1, 1:4] 2.43 3.79 3.21 11.39
NULL
R priorParameters: 2 8 
R maxT: 1 
R_PriorDraw_first_mu: 0.4784783 
R_PriorDraw_first_nu: 3.185837 
R-CCU: Before ClusterLabelChange for i = 11 newLabel= 1 currentLabel= 1 
R-CCU: sum(pointsPerCluster) = 2770 
 num [1:4] 2764 1 2 3
NULL
R-CCU: After ClusterLabelChange for i = 11 
R-CCU: sum(pointsPerCluster) = 2771 
 num [1:4] 2765 1 2 3
NULL
R-CCU: dpObj$numberClusters = 4 
List of 2
 $ : num [1, 1, 1:4] 0.496 0.265 0.652 0.302
 $ : num [1, 1, 1:4] 2.43 3.79 3.21 11.39
NULL
R priorParameters: 2 8 
R maxT: 1 
R_PriorDraw_first_mu: 0.9720351 
R_PriorDraw_first_nu: 7.680658 
R-CCU: Before ClusterLabelChange for i = 12 newLabel= 1 currentLabel= 1 
R-CCU: sum(pointsPerCluster) = 2771 
 num [1:4] 2765 1 2 3
NULL
R-CCU: After ClusterLabelChange for i = 12 
R-CCU: sum(pointsPerCluster) = 2772 
 num [1:4] 2766 1 2 3
NULL
R-CCU: dpObj$numberClusters = 4 
List of 2
 $ : num [1, 1, 1:4] 0.496 0.265 0.652 0.302
 $ : num [1, 1, 1:4] 2.43 3.79 3.21 11.39
NULL
R priorParameters: 2 8 
R maxT: 1 
R_PriorDraw_first_mu: 0.1563937 
R_PriorDraw_first_nu: 3.601032 
R-CCU: Before ClusterLabelChange for i = 13 newLabel= 1 currentLabel= 1 
R-CCU: sum(pointsPerCluster) = 2772 
 num [1:4] 2766 1 2 3
NULL
R-CCU: After ClusterLabelChange for i = 13 
R-CCU: sum(pointsPerCluster) = 2773 
 num [1:4] 2767 1 2 3
NULL
R-CCU: dpObj$numberClusters = 4 
List of 2
 $ : num [1, 1, 1:4] 0.496 0.265 0.652 0.302
 $ : num [1, 1, 1:4] 2.43 3.79 3.21 11.39
NULL
R priorParameters: 2 8 
R maxT: 1 
R_PriorDraw_first_mu: 0.2612846 
R_PriorDraw_first_nu: 10.48051 
R-CCU: Before ClusterLabelChange for i = 14 newLabel= 1 currentLabel= 1 
R-CCU: sum(pointsPerCluster) = 2773 
 num [1:4] 2767 1 2 3
NULL
R-CCU: After ClusterLabelChange for i = 14 
R-CCU: sum(pointsPerCluster) = 2774 
 num [1:4] 2768 1 2 3
NULL
R-CCU: dpObj$numberClusters = 4 
List of 2
 $ : num [1, 1, 1:4] 0.496 0.265 0.652 0.302
 $ : num [1, 1, 1:4] 2.43 3.79 3.21 11.39
NULL
R priorParameters: 2 8 
R maxT: 1 
R_PriorDraw_first_mu: 0.7444252 
R_PriorDraw_first_nu: 2.317618 
R-CCU: Before ClusterLabelChange for i = 15 newLabel= 1 currentLabel= 1 
R-CCU: sum(pointsPerCluster) = 2774 
 num [1:4] 2768 1 2 3
NULL
R-CCU: After ClusterLabelChange for i = 15 
R-CCU: sum(pointsPerCluster) = 2775 
 num [1:4] 2769 1 2 3
NULL
R-CCU: dpObj$numberClusters = 4 
List of 2
 $ : num [1, 1, 1:4] 0.496 0.265 0.652 0.302
 $ : num [1, 1, 1:4] 2.43 3.79 3.21 11.39
NULL
R priorParameters: 2 8 
R maxT: 1 
R_PriorDraw_first_mu: 0.372027 
R_PriorDraw_first_nu: 2.482111 
R-CCU: Before ClusterLabelChange for i = 16 newLabel= 1 currentLabel= 1 
R-CCU: sum(pointsPerCluster) = 2775 
 num [1:4] 2769 1 2 3
NULL
R-CCU: After ClusterLabelChange for i = 16 
R-CCU: sum(pointsPerCluster) = 2776 
 num [1:4] 2770 1 2 3
NULL
R-CCU: dpObj$numberClusters = 4 
List of 2
 $ : num [1, 1, 1:4] 0.496 0.265 0.652 0.302
 $ : num [1, 1, 1:4] 2.43 3.79 3.21 11.39
NULL
R priorParameters: 2 8 
R maxT: 1 
R_PriorDraw_first_mu: 0.4663748 
R_PriorDraw_first_nu: 7.119206 
R-CCU: Before ClusterLabelChange for i = 17 newLabel= 1 currentLabel= 1 
R-CCU: sum(pointsPerCluster) = 2776 
 num [1:4] 2770 1 2 3
NULL
R-CCU: After ClusterLabelChange for i = 17 
R-CCU: sum(pointsPerCluster) = 2777 
 num [1:4] 2771 1 2 3
NULL
R-CCU: dpObj$numberClusters = 4 
List of 2
 $ : num [1, 1, 1:4] 0.496 0.265 0.652 0.302
 $ : num [1, 1, 1:4] 2.43 3.79 3.21 11.39
NULL
R priorParameters: 2 8 
R maxT: 1 
R_PriorDraw_first_mu: 0.5046605 
R_PriorDraw_first_nu: 12.34408 
R-CCU: Before ClusterLabelChange for i = 18 newLabel= 1 currentLabel= 1 
R-CCU: sum(pointsPerCluster) = 2777 
 num [1:4] 2771 1 2 3
NULL
R-CCU: After ClusterLabelChange for i = 18 
R-CCU: sum(pointsPerCluster) = 2778 
 num [1:4] 2772 1 2 3
NULL
R-CCU: dpObj$numberClusters = 4 
List of 2
 $ : num [1, 1, 1:4] 0.496 0.265 0.652 0.302
 $ : num [1, 1, 1:4] 2.43 3.79 3.21 11.39
NULL
R priorParameters: 2 8 
R maxT: 1 
R_PriorDraw_first_mu: 0.4290728 
R_PriorDraw_first_nu: 8.873057 
R-CCU: Before ClusterLabelChange for i = 19 newLabel= 1 currentLabel= 1 
R-CCU: sum(pointsPerCluster) = 2778 
 num [1:4] 2772 1 2 3
NULL
R-CCU: After ClusterLabelChange for i = 19 
R-CCU: sum(pointsPerCluster) = 2779 
 num [1:4] 2773 1 2 3
NULL
R-CCU: dpObj$numberClusters = 4 
List of 2
 $ : num [1, 1, 1:4] 0.496 0.265 0.652 0.302
 $ : num [1, 1, 1:4] 2.43 3.79 3.21 11.39
NULL
R priorParameters: 2 8 
R maxT: 1 
R_PriorDraw_first_mu: 0.9237671 
R_PriorDraw_first_nu: 2.761237 
R-CCU: Before ClusterLabelChange for i = 20 newLabel= 1 currentLabel= 1 
R-CCU: sum(pointsPerCluster) = 2779 
 num [1:4] 2773 1 2 3
NULL
R-CCU: After ClusterLabelChange for i = 20 
R-CCU: sum(pointsPerCluster) = 2780 
 num [1:4] 2774 1 2 3
NULL
R-CCU: dpObj$numberClusters = 4 
List of 2
 $ : num [1, 1, 1:4] 0.496 0.265 0.652 0.302
 $ : num [1, 1, 1:4] 2.43 3.79 3.21 11.39
NULL
R priorParameters: 2 8 
R maxT: 1 
R_PriorDraw_first_mu: 0.9306458 
R_PriorDraw_first_nu: 6.754699 
R-CCU: Before ClusterLabelChange for i = 21 newLabel= 1 currentLabel= 1 
R-CCU: sum(pointsPerCluster) = 2780 
 num [1:4] 2774 1 2 3
NULL
R-CCU: After ClusterLabelChange for i = 21 
R-CCU: sum(pointsPerCluster) = 2781 
 num [1:4] 2775 1 2 3
NULL
R-CCU: dpObj$numberClusters = 4 
List of 2
 $ : num [1, 1, 1:4] 0.496 0.265 0.652 0.302
 $ : num [1, 1, 1:4] 2.43 3.79 3.21 11.39
NULL
R priorParameters: 2 8 
R maxT: 1 
R_PriorDraw_first_mu: 0.8985612 
R_PriorDraw_first_nu: 5.899201 
R-CCU: Before ClusterLabelChange for i = 22 newLabel= 1 currentLabel= 1 
R-CCU: sum(pointsPerCluster) = 2781 
 num [1:4] 2775 1 2 3
NULL
R-CCU: After ClusterLabelChange for i = 22 
R-CCU: sum(pointsPerCluster) = 2782 
 num [1:4] 2776 1 2 3
NULL
R-CCU: dpObj$numberClusters = 4 
List of 2
 $ : num [1, 1, 1:4] 0.496 0.265 0.652 0.302
 $ : num [1, 1, 1:4] 2.43 3.79 3.21 11.39
NULL
R priorParameters: 2 8 
R maxT: 1 
R_PriorDraw_first_mu: 0.7960598 
R_PriorDraw_first_nu: 3.072345 
R-CCU: Before ClusterLabelChange for i = 23 newLabel= 1 currentLabel= 1 
R-CCU: sum(pointsPerCluster) = 2782 
 num [1:4] 2776 1 2 3
NULL
R-CCU: After ClusterLabelChange for i = 23 
R-CCU: sum(pointsPerCluster) = 2783 
 num [1:4] 2777 1 2 3
NULL
R-CCU: dpObj$numberClusters = 4 
List of 2
 $ : num [1, 1, 1:4] 0.496 0.265 0.652 0.302
 $ : num [1, 1, 1:4] 2.43 3.79 3.21 11.39
NULL
R priorParameters: 2 8 
R maxT: 1 
R_PriorDraw_first_mu: 0.9020735 
R_PriorDraw_first_nu: 2.748439 
R-CCU: Before ClusterLabelChange for i = 24 newLabel= 1 currentLabel= 1 
R-CCU: sum(pointsPerCluster) = 2783 
 num [1:4] 2777 1 2 3
NULL
R-CCU: After ClusterLabelChange for i = 24 
R-CCU: sum(pointsPerCluster) = 2784 
 num [1:4] 2778 1 2 3
NULL
R-CCU: dpObj$numberClusters = 4 
List of 2
 $ : num [1, 1, 1:4] 0.496 0.265 0.652 0.302
 $ : num [1, 1, 1:4] 2.43 3.79 3.21 11.39
NULL
R priorParameters: 2 8 
R maxT: 1 
R_PriorDraw_first_mu: 0.4168097 
R_PriorDraw_first_nu: 3.754523 
R-CCU: Before ClusterLabelChange for i = 25 newLabel= 1 currentLabel= 1 
R-CCU: sum(pointsPerCluster) = 2784 
 num [1:4] 2778 1 2 3
NULL
R-CCU: After ClusterLabelChange for i = 25 
R-CCU: sum(pointsPerCluster) = 2785 
 num [1:4] 2779 1 2 3
NULL
R-CCU: dpObj$numberClusters = 4 
List of 2
 $ : num [1, 1, 1:4] 0.496 0.265 0.652 0.302
 $ : num [1, 1, 1:4] 2.43 3.79 3.21 11.39
NULL
R priorParameters: 2 8 
R maxT: 1 
R_PriorDraw_first_mu: 0.3947094 
R_PriorDraw_first_nu: 3.452502 
R-CCU: Before ClusterLabelChange for i = 26 newLabel= 1 currentLabel= 1 
R-CCU: sum(pointsPerCluster) = 2785 
 num [1:4] 2779 1 2 3
NULL
R-CCU: After ClusterLabelChange for i = 26 
R-CCU: sum(pointsPerCluster) = 2786 
 num [1:4] 2780 1 2 3
NULL
R-CCU: dpObj$numberClusters = 4 
List of 2
 $ : num [1, 1, 1:4] 0.496 0.265 0.652 0.302
 $ : num [1, 1, 1:4] 2.43 3.79 3.21 11.39
NULL
R priorParameters: 2 8 
R maxT: 1 
R_PriorDraw_first_mu: 0.7876075 
R_PriorDraw_first_nu: 6.963593 
R-CCU: Before ClusterLabelChange for i = 27 newLabel= 1 currentLabel= 1 
R-CCU: sum(pointsPerCluster) = 2786 
 num [1:4] 2780 1 2 3
NULL
R-CCU: After ClusterLabelChange for i = 27 
R-CCU: sum(pointsPerCluster) = 2787 
 num [1:4] 2781 1 2 3
NULL
R-CCU: dpObj$numberClusters = 4 
List of 2
 $ : num [1, 1, 1:4] 0.496 0.265 0.652 0.302
 $ : num [1, 1, 1:4] 2.43 3.79 3.21 11.39
NULL
R priorParameters: 2 8 
R maxT: 1 
R_PriorDraw_first_mu: 0.1032148 
R_PriorDraw_first_nu: 1.973891 
R-CCU: Before ClusterLabelChange for i = 28 newLabel= 1 currentLabel= 1 
R-CCU: sum(pointsPerCluster) = 2787 
 num [1:4] 2781 1 2 3
NULL
R-CCU: After ClusterLabelChange for i = 28 
R-CCU: sum(pointsPerCluster) = 2788 
 num [1:4] 2782 1 2 3
NULL
R-CCU: dpObj$numberClusters = 4 
List of 2
 $ : num [1, 1, 1:4] 0.496 0.265 0.652 0.302
 $ : num [1, 1, 1:4] 2.43 3.79 3.21 11.39
NULL
R priorParameters: 2 8 
R maxT: 1 
R_PriorDraw_first_mu: 0.9457811 
R_PriorDraw_first_nu: 2.963897 
R-CCU: Before ClusterLabelChange for i = 29 newLabel= 1 currentLabel= 1 
R-CCU: sum(pointsPerCluster) = 2788 
 num [1:4] 2782 1 2 3
NULL
R-CCU: After ClusterLabelChange for i = 29 
R-CCU: sum(pointsPerCluster) = 2789 
 num [1:4] 2783 1 2 3
NULL
R-CCU: dpObj$numberClusters = 4 
List of 2
 $ : num [1, 1, 1:4] 0.496 0.265 0.652 0.302
 $ : num [1, 1, 1:4] 2.43 3.79 3.21 11.39
NULL
R priorParameters: 2 8 
R maxT: 1 
R_PriorDraw_first_mu: 0.7646745 
R_PriorDraw_first_nu: 7.239625 
R-CCU: Before ClusterLabelChange for i = 30 newLabel= 1 currentLabel= 1 
R-CCU: sum(pointsPerCluster) = 2789 
 num [1:4] 2783 1 2 3
NULL
R-CCU: After ClusterLabelChange for i = 30 
R-CCU: sum(pointsPerCluster) = 2790 
 num [1:4] 2784 1 2 3
NULL
R-CCU: dpObj$numberClusters = 4 
List of 2
 $ : num [1, 1, 1:4] 0.496 0.265 0.652 0.302
 $ : num [1, 1, 1:4] 2.43 3.79 3.21 11.39
NULL
R priorParameters: 2 8 
R maxT: 1 
R_PriorDraw_first_mu: 0.5196145 
R_PriorDraw_first_nu: 1.837161 
R-CCU: Before ClusterLabelChange for i = 31 newLabel= 1 currentLabel= 1 
R-CCU: sum(pointsPerCluster) = 2790 
 num [1:4] 2784 1 2 3
NULL
R-CCU: After ClusterLabelChange for i = 31 
R-CCU: sum(pointsPerCluster) = 2791 
 num [1:4] 2785 1 2 3
NULL
R-CCU: dpObj$numberClusters = 4 
List of 2
 $ : num [1, 1, 1:4] 0.496 0.265 0.652 0.302
 $ : num [1, 1, 1:4] 2.43 3.79 3.21 11.39
NULL
R priorParameters: 2 8 
R maxT: 1 
R_PriorDraw_first_mu: 0.3866267 
R_PriorDraw_first_nu: 8.841208 
R-CCU: Before ClusterLabelChange for i = 32 newLabel= 1 currentLabel= 1 
R-CCU: sum(pointsPerCluster) = 2791 
 num [1:4] 2785 1 2 3
NULL
R-CCU: After ClusterLabelChange for i = 32 
R-CCU: sum(pointsPerCluster) = 2792 
 num [1:4] 2786 1 2 3
NULL
R-CCU: dpObj$numberClusters = 4 
List of 2
 $ : num [1, 1, 1:4] 0.496 0.265 0.652 0.302
 $ : num [1, 1, 1:4] 2.43 3.79 3.21 11.39
NULL
R priorParameters: 2 8 
R maxT: 1 
R_PriorDraw_first_mu: 0.39525 
R_PriorDraw_first_nu: 5.483034 
R-CCU: Before ClusterLabelChange for i = 33 newLabel= 1 currentLabel= 1 
R-CCU: sum(pointsPerCluster) = 2792 
 num [1:4] 2786 1 2 3
NULL
R-CCU: After ClusterLabelChange for i = 33 
R-CCU: sum(pointsPerCluster) = 2793 
 num [1:4] 2787 1 2 3
NULL
R-CCU: dpObj$numberClusters = 4 
List of 2
 $ : num [1, 1, 1:4] 0.496 0.265 0.652 0.302
 $ : num [1, 1, 1:4] 2.43 3.79 3.21 11.39
NULL
R priorParameters: 2 8 
R maxT: 1 
R_PriorDraw_first_mu: 0.9014648 
R_PriorDraw_first_nu: 2.167154 
R-CCU: Before ClusterLabelChange for i = 34 newLabel= 1 currentLabel= 1 
R-CCU: sum(pointsPerCluster) = 2793 
 num [1:4] 2787 1 2 3
NULL
R-CCU: After ClusterLabelChange for i = 34 
R-CCU: sum(pointsPerCluster) = 2794 
 num [1:4] 2788 1 2 3
NULL
R-CCU: dpObj$numberClusters = 4 
List of 2
 $ : num [1, 1, 1:4] 0.496 0.265 0.652 0.302
 $ : num [1, 1, 1:4] 2.43 3.79 3.21 11.39
NULL
R priorParameters: 2 8 
R maxT: 1 
R_PriorDraw_first_mu: 0.9175759 
R_PriorDraw_first_nu: 1.149914 
R-CCU: Before ClusterLabelChange for i = 35 newLabel= 1 currentLabel= 1 
R-CCU: sum(pointsPerCluster) = 2794 
 num [1:4] 2788 1 2 3
NULL
R-CCU: After ClusterLabelChange for i = 35 
R-CCU: sum(pointsPerCluster) = 2795 
 num [1:4] 2789 1 2 3
NULL
R-CCU: dpObj$numberClusters = 4 
List of 2
 $ : num [1, 1, 1:4] 0.496 0.265 0.652 0.302
 $ : num [1, 1, 1:4] 2.43 3.79 3.21 11.39
NULL
R priorParameters: 2 8 
R maxT: 1 
R_PriorDraw_first_mu: 0.3563043 
R_PriorDraw_first_nu: 2.289962 
R-CCU: Before ClusterLabelChange for i = 36 newLabel= 1 currentLabel= 1 
R-CCU: sum(pointsPerCluster) = 2795 
 num [1:4] 2789 1 2 3
NULL
R-CCU: After ClusterLabelChange for i = 36 
R-CCU: sum(pointsPerCluster) = 2796 
 num [1:4] 2790 1 2 3
NULL
R-CCU: dpObj$numberClusters = 4 
List of 2
 $ : num [1, 1, 1:4] 0.496 0.265 0.652 0.302
 $ : num [1, 1, 1:4] 2.43 3.79 3.21 11.39
NULL
R priorParameters: 2 8 
R maxT: 1 
R_PriorDraw_first_mu: 0.2459281 
R_PriorDraw_first_nu: 4.805148 
R-CCU: Before ClusterLabelChange for i = 37 newLabel= 1 currentLabel= 1 
R-CCU: sum(pointsPerCluster) = 2796 
 num [1:4] 2790 1 2 3
NULL
R-CCU: After ClusterLabelChange for i = 37 
R-CCU: sum(pointsPerCluster) = 2797 
 num [1:4] 2791 1 2 3
NULL
R-CCU: dpObj$numberClusters = 4 
List of 2
 $ : num [1, 1, 1:4] 0.496 0.265 0.652 0.302
 $ : num [1, 1, 1:4] 2.43 3.79 3.21 11.39
NULL
R priorParameters: 2 8 
R maxT: 1 
R_PriorDraw_first_mu: 0.6970528 
R_PriorDraw_first_nu: 3.802253 
R-CCU: Before ClusterLabelChange for i = 38 newLabel= 1 currentLabel= 1 
R-CCU: sum(pointsPerCluster) = 2797 
 num [1:4] 2791 1 2 3
NULL
R-CCU: After ClusterLabelChange for i = 38 
R-CCU: sum(pointsPerCluster) = 2798 
 num [1:4] 2792 1 2 3
NULL
R-CCU: dpObj$numberClusters = 4 
List of 2
 $ : num [1, 1, 1:4] 0.496 0.265 0.652 0.302
 $ : num [1, 1, 1:4] 2.43 3.79 3.21 11.39
NULL
R priorParameters: 2 8 
R maxT: 1 
R_PriorDraw_first_mu: 0.4654981 
R_PriorDraw_first_nu: 2.146875 
R-CCU: Before ClusterLabelChange for i = 39 newLabel= 1 currentLabel= 1 
R-CCU: sum(pointsPerCluster) = 2798 
 num [1:4] 2792 1 2 3
NULL
R-CCU: After ClusterLabelChange for i = 39 
R-CCU: sum(pointsPerCluster) = 2799 
 num [1:4] 2793 1 2 3
NULL
R-CCU: dpObj$numberClusters = 4 
List of 2
 $ : num [1, 1, 1:4] 0.496 0.265 0.652 0.302
 $ : num [1, 1, 1:4] 2.43 3.79 3.21 11.39
NULL
R priorParameters: 2 8 
R maxT: 1 
R_PriorDraw_first_mu: 0.03526203 
R_PriorDraw_first_nu: 8.22433 
R-CCU: Before ClusterLabelChange for i = 40 newLabel= 1 currentLabel= 1 
R-CCU: sum(pointsPerCluster) = 2799 
 num [1:4] 2793 1 2 3
NULL
R-CCU: After ClusterLabelChange for i = 40 
R-CCU: sum(pointsPerCluster) = 2800 
 num [1:4] 2794 1 2 3
NULL
R-CCU: dpObj$numberClusters = 4 
List of 2
 $ : num [1, 1, 1:4] 0.496 0.265 0.652 0.302
 $ : num [1, 1, 1:4] 2.43 3.79 3.21 11.39
NULL
R priorParameters: 2 8 
R maxT: 1 
R_PriorDraw_first_mu: 0.09076018 
R_PriorDraw_first_nu: 3.151913 
R-CCU: Before ClusterLabelChange for i = 41 newLabel= 1 currentLabel= 1 
R-CCU: sum(pointsPerCluster) = 2800 
 num [1:4] 2794 1 2 3
NULL
R-CCU: After ClusterLabelChange for i = 41 
R-CCU: sum(pointsPerCluster) = 2801 
 num [1:4] 2795 1 2 3
NULL
R-CCU: dpObj$numberClusters = 4 
List of 2
 $ : num [1, 1, 1:4] 0.496 0.265 0.652 0.302
 $ : num [1, 1, 1:4] 2.43 3.79 3.21 11.39
NULL
R priorParameters: 2 8 
R maxT: 1 
R_PriorDraw_first_mu: 0.09212815 
R_PriorDraw_first_nu: 2.381434 
R-CCU: Before ClusterLabelChange for i = 42 newLabel= 1 currentLabel= 1 
R-CCU: sum(pointsPerCluster) = 2801 
 num [1:4] 2795 1 2 3
NULL
R-CCU: After ClusterLabelChange for i = 42 
R-CCU: sum(pointsPerCluster) = 2802 
 num [1:4] 2796 1 2 3
NULL
R-CCU: dpObj$numberClusters = 4 
List of 2
 $ : num [1, 1, 1:4] 0.496 0.265 0.652 0.302
 $ : num [1, 1, 1:4] 2.43 3.79 3.21 11.39
NULL
R priorParameters: 2 8 
R maxT: 1 
R_PriorDraw_first_mu: 0.3020602 
R_PriorDraw_first_nu: 3.741741 
R-CCU: Before ClusterLabelChange for i = 43 newLabel= 1 currentLabel= 1 
R-CCU: sum(pointsPerCluster) = 2802 
 num [1:4] 2796 1 2 3
NULL
R-CCU: After ClusterLabelChange for i = 43 
R-CCU: sum(pointsPerCluster) = 2803 
 num [1:4] 2797 1 2 3
NULL
R-CCU: dpObj$numberClusters = 4 
List of 2
 $ : num [1, 1, 1:4] 0.496 0.265 0.652 0.302
 $ : num [1, 1, 1:4] 2.43 3.79 3.21 11.39
NULL
R priorParameters: 2 8 
R maxT: 1 
R_PriorDraw_first_mu: 0.8315937 
R_PriorDraw_first_nu: 5.991574 
R-CCU: Before ClusterLabelChange for i = 44 newLabel= 1 currentLabel= 1 
R-CCU: sum(pointsPerCluster) = 2803 
 num [1:4] 2797 1 2 3
NULL
R-CCU: After ClusterLabelChange for i = 44 
R-CCU: sum(pointsPerCluster) = 2804 
 num [1:4] 2798 1 2 3
NULL
R-CCU: dpObj$numberClusters = 4 
List of 2
 $ : num [1, 1, 1:4] 0.496 0.265 0.652 0.302
 $ : num [1, 1, 1:4] 2.43 3.79 3.21 11.39
NULL
R priorParameters: 2 8 
R maxT: 1 
R_PriorDraw_first_mu: 0.4967313 
R_PriorDraw_first_nu: 3.515702 
R-CCU: Before ClusterLabelChange for i = 45 newLabel= 1 currentLabel= 1 
R-CCU: sum(pointsPerCluster) = 2804 
 num [1:4] 2798 1 2 3
NULL
R-CCU: After ClusterLabelChange for i = 45 
R-CCU: sum(pointsPerCluster) = 2805 
 num [1:4] 2799 1 2 3
NULL
R-CCU: dpObj$numberClusters = 4 
List of 2
 $ : num [1, 1, 1:4] 0.496 0.265 0.652 0.302
 $ : num [1, 1, 1:4] 2.43 3.79 3.21 11.39
NULL
R priorParameters: 2 8 
R maxT: 1 
R_PriorDraw_first_mu: 0.009967962 
R_PriorDraw_first_nu: 6.29948 
R-CCU: Before ClusterLabelChange for i = 46 newLabel= 1 currentLabel= 1 
R-CCU: sum(pointsPerCluster) = 2805 
 num [1:4] 2799 1 2 3
NULL
R-CCU: After ClusterLabelChange for i = 46 
R-CCU: sum(pointsPerCluster) = 2806 
 num [1:4] 2800 1 2 3
NULL
R-CCU: dpObj$numberClusters = 4 
List of 2
 $ : num [1, 1, 1:4] 0.496 0.265 0.652 0.302
 $ : num [1, 1, 1:4] 2.43 3.79 3.21 11.39
NULL
R priorParameters: 2 8 
R maxT: 1 
R_PriorDraw_first_mu: 0.1107705 
R_PriorDraw_first_nu: 1.673101 
R-CCU: Before ClusterLabelChange for i = 47 newLabel= 1 currentLabel= 1 
R-CCU: sum(pointsPerCluster) = 2806 
 num [1:4] 2800 1 2 3
NULL
R-CCU: After ClusterLabelChange for i = 47 
R-CCU: sum(pointsPerCluster) = 2807 
 num [1:4] 2801 1 2 3
NULL
R-CCU: dpObj$numberClusters = 4 
List of 2
 $ : num [1, 1, 1:4] 0.496 0.265 0.652 0.302
 $ : num [1, 1, 1:4] 2.43 3.79 3.21 11.39
NULL
R priorParameters: 2 8 
R maxT: 1 
R_PriorDraw_first_mu: 0.6085108 
R_PriorDraw_first_nu: 3.123709 
R-CCU: Before ClusterLabelChange for i = 48 newLabel= 1 currentLabel= 1 
R-CCU: sum(pointsPerCluster) = 2807 
 num [1:4] 2801 1 2 3
NULL
R-CCU: After ClusterLabelChange for i = 48 
R-CCU: sum(pointsPerCluster) = 2808 
 num [1:4] 2802 1 2 3
NULL
R-CCU: dpObj$numberClusters = 4 
List of 2
 $ : num [1, 1, 1:4] 0.496 0.265 0.652 0.302
 $ : num [1, 1, 1:4] 2.43 3.79 3.21 11.39
NULL
R priorParameters: 2 8 
R maxT: 1 
R_PriorDraw_first_mu: 0.9240619 
R_PriorDraw_first_nu: 22.23435 
R-CCU: Before ClusterLabelChange for i = 49 newLabel= 1 currentLabel= 1 
R-CCU: sum(pointsPerCluster) = 2808 
 num [1:4] 2802 1 2 3
NULL
R-CCU: After ClusterLabelChange for i = 49 
R-CCU: sum(pointsPerCluster) = 2809 
 num [1:4] 2803 1 2 3
NULL
R-CCU: dpObj$numberClusters = 4 
List of 2
 $ : num [1, 1, 1:4] 0.496 0.265 0.652 0.302
 $ : num [1, 1, 1:4] 2.43 3.79 3.21 11.39
NULL
R priorParameters: 2 8 
R maxT: 1 
R_PriorDraw_first_mu: 0.1366511 
R_PriorDraw_first_nu: 4.524005 
R-CCU: Before ClusterLabelChange for i = 50 newLabel= 1 currentLabel= 1 
R-CCU: sum(pointsPerCluster) = 2809 
 num [1:4] 2803 1 2 3
NULL
R-CCU: After ClusterLabelChange for i = 50 
R-CCU: sum(pointsPerCluster) = 2810 
 num [1:4] 2804 1 2 3
NULL
R-CCU: dpObj$numberClusters = 4 
List of 2
 $ : num [1, 1, 1:4] 0.496 0.265 0.652 0.302
 $ : num [1, 1, 1:4] 2.43 3.79 3.21 11.39
NULL
R priorParameters: 2 8 
R maxT: 1 
R_PriorDraw_first_mu: 0.04932675 
R_PriorDraw_first_nu: 15.51357 
R-CCU: Before ClusterLabelChange for i = 51 newLabel= 1 currentLabel= 1 
R-CCU: sum(pointsPerCluster) = 2810 
 num [1:4] 2804 1 2 3
NULL
R-CCU: After ClusterLabelChange for i = 51 
R-CCU: sum(pointsPerCluster) = 2811 
 num [1:4] 2805 1 2 3
NULL
R-CCU: dpObj$numberClusters = 4 
List of 2
 $ : num [1, 1, 1:4] 0.496 0.265 0.652 0.302
 $ : num [1, 1, 1:4] 2.43 3.79 3.21 11.39
NULL
R priorParameters: 2 8 
R maxT: 1 
R_PriorDraw_first_mu: 0.3220384 
R_PriorDraw_first_nu: 3.442644 
R-CCU: Before ClusterLabelChange for i = 52 newLabel= 1 currentLabel= 1 
R-CCU: sum(pointsPerCluster) = 2811 
 num [1:4] 2805 1 2 3
NULL
R-CCU: After ClusterLabelChange for i = 52 
R-CCU: sum(pointsPerCluster) = 2812 
 num [1:4] 2806 1 2 3
NULL
R-CCU: dpObj$numberClusters = 4 
List of 2
 $ : num [1, 1, 1:4] 0.496 0.265 0.652 0.302
 $ : num [1, 1, 1:4] 2.43 3.79 3.21 11.39
NULL
R priorParameters: 2 8 
R maxT: 1 
R_PriorDraw_first_mu: 0.1476854 
R_PriorDraw_first_nu: 23.56347 
R-CCU: Before ClusterLabelChange for i = 53 newLabel= 1 currentLabel= 1 
R-CCU: sum(pointsPerCluster) = 2812 
 num [1:4] 2806 1 2 3
NULL
R-CCU: After ClusterLabelChange for i = 53 
R-CCU: sum(pointsPerCluster) = 2813 
 num [1:4] 2807 1 2 3
NULL
R-CCU: dpObj$numberClusters = 4 
List of 2
 $ : num [1, 1, 1:4] 0.496 0.265 0.652 0.302
 $ : num [1, 1, 1:4] 2.43 3.79 3.21 11.39
NULL
R priorParameters: 2 8 
R maxT: 1 
R_PriorDraw_first_mu: 0.7953562 
R_PriorDraw_first_nu: 5.038022 
R-CCU: Before ClusterLabelChange for i = 54 newLabel= 1 currentLabel= 1 
R-CCU: sum(pointsPerCluster) = 2813 
 num [1:4] 2807 1 2 3
NULL
R-CCU: After ClusterLabelChange for i = 54 
R-CCU: sum(pointsPerCluster) = 2814 
 num [1:4] 2808 1 2 3
NULL
R-CCU: dpObj$numberClusters = 4 
List of 2
 $ : num [1, 1, 1:4] 0.496 0.265 0.652 0.302
 $ : num [1, 1, 1:4] 2.43 3.79 3.21 11.39
NULL
R priorParameters: 2 8 
R maxT: 1 
R_PriorDraw_first_mu: 0.3177189 
R_PriorDraw_first_nu: 13.06555 
R-CCU: Before ClusterLabelChange for i = 55 newLabel= 1 currentLabel= 1 
R-CCU: sum(pointsPerCluster) = 2814 
 num [1:4] 2808 1 2 3
NULL
R-CCU: After ClusterLabelChange for i = 55 
R-CCU: sum(pointsPerCluster) = 2815 
 num [1:4] 2809 1 2 3
NULL
R-CCU: dpObj$numberClusters = 4 
List of 2
 $ : num [1, 1, 1:4] 0.496 0.265 0.652 0.302
 $ : num [1, 1, 1:4] 2.43 3.79 3.21 11.39
NULL
R priorParameters: 2 8 
R maxT: 1 
R_PriorDraw_first_mu: 0.7274145 
R_PriorDraw_first_nu: 3.650065 
R-CCU: Before ClusterLabelChange for i = 56 newLabel= 1 currentLabel= 1 
R-CCU: sum(pointsPerCluster) = 2815 
 num [1:4] 2809 1 2 3
NULL
R-CCU: After ClusterLabelChange for i = 56 
R-CCU: sum(pointsPerCluster) = 2816 
 num [1:4] 2810 1 2 3
NULL
R-CCU: dpObj$numberClusters = 4 
List of 2
 $ : num [1, 1, 1:4] 0.496 0.265 0.652 0.302
 $ : num [1, 1, 1:4] 2.43 3.79 3.21 11.39
NULL
R priorParameters: 2 8 
R maxT: 1 
R_PriorDraw_first_mu: 0.8194651 
R_PriorDraw_first_nu: 7.218364 
R-CCU: Before ClusterLabelChange for i = 57 newLabel= 1 currentLabel= 1 
R-CCU: sum(pointsPerCluster) = 2816 
 num [1:4] 2810 1 2 3
NULL
R-CCU: After ClusterLabelChange for i = 57 
R-CCU: sum(pointsPerCluster) = 2817 
 num [1:4] 2811 1 2 3
NULL
R-CCU: dpObj$numberClusters = 4 
List of 2
 $ : num [1, 1, 1:4] 0.496 0.265 0.652 0.302
 $ : num [1, 1, 1:4] 2.43 3.79 3.21 11.39
NULL
R priorParameters: 2 8 
R maxT: 1 
R_PriorDraw_first_mu: 0.5293461 
R_PriorDraw_first_nu: 8.946973 
R-CCU: Before ClusterLabelChange for i = 58 newLabel= 1 currentLabel= 1 
R-CCU: sum(pointsPerCluster) = 2817 
 num [1:4] 2811 1 2 3
NULL
R-CCU: After ClusterLabelChange for i = 58 
R-CCU: sum(pointsPerCluster) = 2818 
 num [1:4] 2812 1 2 3
NULL
R-CCU: dpObj$numberClusters = 4 
List of 2
 $ : num [1, 1, 1:4] 0.496 0.265 0.652 0.302
 $ : num [1, 1, 1:4] 2.43 3.79 3.21 11.39
NULL
R priorParameters: 2 8 
R maxT: 1 
R_PriorDraw_first_mu: 0.5823081 
R_PriorDraw_first_nu: 1.260596 
R-CCU: Before ClusterLabelChange for i = 59 newLabel= 1 currentLabel= 1 
R-CCU: sum(pointsPerCluster) = 2818 
 num [1:4] 2812 1 2 3
NULL
R-CCU: After ClusterLabelChange for i = 59 
R-CCU: sum(pointsPerCluster) = 2819 
 num [1:4] 2813 1 2 3
NULL
R-CCU: dpObj$numberClusters = 4 
List of 2
 $ : num [1, 1, 1:4] 0.496 0.265 0.652 0.302
 $ : num [1, 1, 1:4] 2.43 3.79 3.21 11.39
NULL
R priorParameters: 2 8 
R maxT: 1 
R_PriorDraw_first_mu: 0.04614382 
R_PriorDraw_first_nu: 4.824052 
R-CCU: Before ClusterLabelChange for i = 60 newLabel= 1 currentLabel= 1 
R-CCU: sum(pointsPerCluster) = 2819 
 num [1:4] 2813 1 2 3
NULL
R-CCU: After ClusterLabelChange for i = 60 
R-CCU: sum(pointsPerCluster) = 2820 
 num [1:4] 2814 1 2 3
NULL
R-CCU: dpObj$numberClusters = 4 
List of 2
 $ : num [1, 1, 1:4] 0.496 0.265 0.652 0.302
 $ : num [1, 1, 1:4] 2.43 3.79 3.21 11.39
NULL

⠙ |   92      0 | Beta Distribution Full Integration Test          R priorParameters: 2 8 
R maxT: 1 
R_PriorDraw_first_mu: 0.6129137 
R_PriorDraw_first_nu: 15.05343 
R-CCU: Before ClusterLabelChange for i = 1 newLabel= 1 currentLabel= 1 
R-CCU: sum(pointsPerCluster) = 2820 
 num [1:4] 2814 1 2 3
NULL
R-CCU: After ClusterLabelChange for i = 1 
R-CCU: sum(pointsPerCluster) = 2821 
 num [1:4] 2815 1 2 3
NULL
R-CCU: dpObj$numberClusters = 4 
List of 2
 $ : num [1, 1, 1:4] 0.496 0.265 0.652 0.302
 $ : num [1, 1, 1:4] 2.68 3.79 3.21 11.39
NULL
R priorParameters: 2 8 
R maxT: 1 
R_PriorDraw_first_mu: 0.3515576 
R_PriorDraw_first_nu: 2.809078 
R-CCU: Before ClusterLabelChange for i = 2 newLabel= 1 currentLabel= 1 
R-CCU: sum(pointsPerCluster) = 2821 
 num [1:4] 2815 1 2 3
NULL
R-CCU: After ClusterLabelChange for i = 2 
R-CCU: sum(pointsPerCluster) = 2822 
 num [1:4] 2816 1 2 3
NULL
R-CCU: dpObj$numberClusters = 4 
List of 2
 $ : num [1, 1, 1:4] 0.496 0.265 0.652 0.302
 $ : num [1, 1, 1:4] 2.68 3.79 3.21 11.39
NULL
R priorParameters: 2 8 
R maxT: 1 
R_PriorDraw_first_mu: 0.523589 
R_PriorDraw_first_nu: 6.489836 
R-CCU: Before ClusterLabelChange for i = 3 newLabel= 1 currentLabel= 1 
R-CCU: sum(pointsPerCluster) = 2822 
 num [1:4] 2816 1 2 3
NULL
R-CCU: After ClusterLabelChange for i = 3 
R-CCU: sum(pointsPerCluster) = 2823 
 num [1:4] 2817 1 2 3
NULL
R-CCU: dpObj$numberClusters = 4 
List of 2
 $ : num [1, 1, 1:4] 0.496 0.265 0.652 0.302
 $ : num [1, 1, 1:4] 2.68 3.79 3.21 11.39
NULL
R priorParameters: 2 8 
R maxT: 1 
R_PriorDraw_first_mu: 0.7603009 
R_PriorDraw_first_nu: 3.897524 
R-CCU: Before ClusterLabelChange for i = 4 newLabel= 1 currentLabel= 1 
R-CCU: sum(pointsPerCluster) = 2823 
 num [1:4] 2817 1 2 3
NULL
R-CCU: After ClusterLabelChange for i = 4 
R-CCU: sum(pointsPerCluster) = 2824 
 num [1:4] 2818 1 2 3
NULL
R-CCU: dpObj$numberClusters = 4 
List of 2
 $ : num [1, 1, 1:4] 0.496 0.265 0.652 0.302
 $ : num [1, 1, 1:4] 2.68 3.79 3.21 11.39
NULL
R priorParameters: 2 8 
R maxT: 1 
R_PriorDraw_first_mu: 0.5613163 
R_PriorDraw_first_nu: 5.539974 
R-CCU: Before ClusterLabelChange for i = 5 newLabel= 1 currentLabel= 1 
R-CCU: sum(pointsPerCluster) = 2824 
 num [1:4] 2818 1 2 3
NULL
R-CCU: After ClusterLabelChange for i = 5 
R-CCU: sum(pointsPerCluster) = 2825 
 num [1:4] 2819 1 2 3
NULL
R-CCU: dpObj$numberClusters = 4 
List of 2
 $ : num [1, 1, 1:4] 0.496 0.265 0.652 0.302
 $ : num [1, 1, 1:4] 2.68 3.79 3.21 11.39
NULL
R priorParameters: 2 8 
R maxT: 1 
R_PriorDraw_first_mu: 0.2436493 
R_PriorDraw_first_nu: 3.493458 
R-CCU: Before ClusterLabelChange for i = 6 newLabel= 1 currentLabel= 1 
R-CCU: sum(pointsPerCluster) = 2825 
 num [1:4] 2819 1 2 3
NULL
R-CCU: After ClusterLabelChange for i = 6 
R-CCU: sum(pointsPerCluster) = 2826 
 num [1:4] 2820 1 2 3
NULL
R-CCU: dpObj$numberClusters = 4 
List of 2
 $ : num [1, 1, 1:4] 0.496 0.265 0.652 0.302
 $ : num [1, 1, 1:4] 2.68 3.79 3.21 11.39
NULL
R priorParameters: 2 8 
R maxT: 1 
R_PriorDraw_first_mu: 0.8689854 
R_PriorDraw_first_nu: 5.650842 
R-CCU: Before ClusterLabelChange for i = 7 newLabel= 1 currentLabel= 1 
R-CCU: sum(pointsPerCluster) = 2826 
 num [1:4] 2820 1 2 3
NULL
R-CCU: After ClusterLabelChange for i = 7 
R-CCU: sum(pointsPerCluster) = 2827 
 num [1:4] 2821 1 2 3
NULL
R-CCU: dpObj$numberClusters = 4 
List of 2
 $ : num [1, 1, 1:4] 0.496 0.265 0.652 0.302
 $ : num [1, 1, 1:4] 2.68 3.79 3.21 11.39
NULL
R priorParameters: 2 8 
R maxT: 1 
R_PriorDraw_first_mu: 0.8942048 
R_PriorDraw_first_nu: 9.802237 
R-CCU: Before ClusterLabelChange for i = 8 newLabel= 1 currentLabel= 1 
R-CCU: sum(pointsPerCluster) = 2827 
 num [1:4] 2821 1 2 3
NULL
R-CCU: After ClusterLabelChange for i = 8 
R-CCU: sum(pointsPerCluster) = 2828 
 num [1:4] 2822 1 2 3
NULL
R-CCU: dpObj$numberClusters = 4 
List of 2
 $ : num [1, 1, 1:4] 0.496 0.265 0.652 0.302
 $ : num [1, 1, 1:4] 2.68 3.79 3.21 11.39
NULL
R priorParameters: 2 8 
R maxT: 1 
R_PriorDraw_first_mu: 0.4210218 
R_PriorDraw_first_nu: 13.8975 
R-CCU: Before ClusterLabelChange for i = 9 newLabel= 1 currentLabel= 1 
R-CCU: sum(pointsPerCluster) = 2828 
 num [1:4] 2822 1 2 3
NULL
R-CCU: After ClusterLabelChange for i = 9 
R-CCU: sum(pointsPerCluster) = 2829 
 num [1:4] 2823 1 2 3
NULL
R-CCU: dpObj$numberClusters = 4 
List of 2
 $ : num [1, 1, 1:4] 0.496 0.265 0.652 0.302
 $ : num [1, 1, 1:4] 2.68 3.79 3.21 11.39
NULL
R priorParameters: 2 8 
R maxT: 1 
R_PriorDraw_first_mu: 0.2520287 
R_PriorDraw_first_nu: 2.140114 
R-CCU: Before ClusterLabelChange for i = 10 newLabel= 1 currentLabel= 1 
R-CCU: sum(pointsPerCluster) = 2829 
 num [1:4] 2823 1 2 3
NULL
R-CCU: After ClusterLabelChange for i = 10 
R-CCU: sum(pointsPerCluster) = 2830 
 num [1:4] 2824 1 2 3
NULL
R-CCU: dpObj$numberClusters = 4 
List of 2
 $ : num [1, 1, 1:4] 0.496 0.265 0.652 0.302
 $ : num [1, 1, 1:4] 2.68 3.79 3.21 11.39
NULL
R priorParameters: 2 8 
R maxT: 1 
R_PriorDraw_first_mu: 0.8429868 
R_PriorDraw_first_nu: 3.422909 
R-CCU: Before ClusterLabelChange for i = 11 newLabel= 1 currentLabel= 1 
R-CCU: sum(pointsPerCluster) = 2830 
 num [1:4] 2824 1 2 3
NULL
R-CCU: After ClusterLabelChange for i = 11 
R-CCU: sum(pointsPerCluster) = 2831 
 num [1:4] 2825 1 2 3
NULL
R-CCU: dpObj$numberClusters = 4 
List of 2
 $ : num [1, 1, 1:4] 0.496 0.265 0.652 0.302
 $ : num [1, 1, 1:4] 2.68 3.79 3.21 11.39
NULL
R priorParameters: 2 8 
R maxT: 1 
R_PriorDraw_first_mu: 0.8247422 
R_PriorDraw_first_nu: 7.945659 
R-CCU: Before ClusterLabelChange for i = 12 newLabel= 1 currentLabel= 1 
R-CCU: sum(pointsPerCluster) = 2831 
 num [1:4] 2825 1 2 3
NULL
R-CCU: After ClusterLabelChange for i = 12 
R-CCU: sum(pointsPerCluster) = 2832 
 num [1:4] 2826 1 2 3
NULL
R-CCU: dpObj$numberClusters = 4 
List of 2
 $ : num [1, 1, 1:4] 0.496 0.265 0.652 0.302
 $ : num [1, 1, 1:4] 2.68 3.79 3.21 11.39
NULL
R priorParameters: 2 8 
R maxT: 1 
R_PriorDraw_first_mu: 0.3697083 
R_PriorDraw_first_nu: 3.396945 
R-CCU: Before ClusterLabelChange for i = 13 newLabel= 1 currentLabel= 1 
R-CCU: sum(pointsPerCluster) = 2832 
 num [1:4] 2826 1 2 3
NULL
R-CCU: After ClusterLabelChange for i = 13 
R-CCU: sum(pointsPerCluster) = 2833 
 num [1:4] 2827 1 2 3
NULL
R-CCU: dpObj$numberClusters = 4 
List of 2
 $ : num [1, 1, 1:4] 0.496 0.265 0.652 0.302
 $ : num [1, 1, 1:4] 2.68 3.79 3.21 11.39
NULL
R priorParameters: 2 8 
R maxT: 1 
R_PriorDraw_first_mu: 0.2033644 
R_PriorDraw_first_nu: 3.746394 
R-CCU: Before ClusterLabelChange for i = 14 newLabel= 1 currentLabel= 1 
R-CCU: sum(pointsPerCluster) = 2833 
 num [1:4] 2827 1 2 3
NULL
R-CCU: After ClusterLabelChange for i = 14 
R-CCU: sum(pointsPerCluster) = 2834 
 num [1:4] 2828 1 2 3
NULL
R-CCU: dpObj$numberClusters = 4 
List of 2
 $ : num [1, 1, 1:4] 0.496 0.265 0.652 0.302
 $ : num [1, 1, 1:4] 2.68 3.79 3.21 11.39
NULL
R priorParameters: 2 8 
R maxT: 1 
R_PriorDraw_first_mu: 0.02776277 
R_PriorDraw_first_nu: 3.37999 
R-CCU: Before ClusterLabelChange for i = 15 newLabel= 1 currentLabel= 1 
R-CCU: sum(pointsPerCluster) = 2834 
 num [1:4] 2828 1 2 3
NULL
R-CCU: After ClusterLabelChange for i = 15 
R-CCU: sum(pointsPerCluster) = 2835 
 num [1:4] 2829 1 2 3
NULL
R-CCU: dpObj$numberClusters = 4 
List of 2
 $ : num [1, 1, 1:4] 0.496 0.265 0.652 0.302
 $ : num [1, 1, 1:4] 2.68 3.79 3.21 11.39
NULL
R priorParameters: 2 8 
R maxT: 1 
R_PriorDraw_first_mu: 0.5864784 
R_PriorDraw_first_nu: 7.608585 
R-CCU: Before ClusterLabelChange for i = 16 newLabel= 1 currentLabel= 1 
R-CCU: sum(pointsPerCluster) = 2835 
 num [1:4] 2829 1 2 3
NULL
R-CCU: After ClusterLabelChange for i = 16 
R-CCU: sum(pointsPerCluster) = 2836 
 num [1:4] 2830 1 2 3
NULL
R-CCU: dpObj$numberClusters = 4 
List of 2
 $ : num [1, 1, 1:4] 0.496 0.265 0.652 0.302
 $ : num [1, 1, 1:4] 2.68 3.79 3.21 11.39
NULL
R priorParameters: 2 8 
R maxT: 1 
R_PriorDraw_first_mu: 0.1187175 
R_PriorDraw_first_nu: 2.657889 
R-CCU: Before ClusterLabelChange for i = 17 newLabel= 1 currentLabel= 1 
R-CCU: sum(pointsPerCluster) = 2836 
 num [1:4] 2830 1 2 3
NULL
R-CCU: After ClusterLabelChange for i = 17 
R-CCU: sum(pointsPerCluster) = 2837 
 num [1:4] 2831 1 2 3
NULL
R-CCU: dpObj$numberClusters = 4 
List of 2
 $ : num [1, 1, 1:4] 0.496 0.265 0.652 0.302
 $ : num [1, 1, 1:4] 2.68 3.79 3.21 11.39
NULL
R priorParameters: 2 8 
R maxT: 1 
R_PriorDraw_first_mu: 0.2353706 
R_PriorDraw_first_nu: 5.542767 
R-CCU: Before ClusterLabelChange for i = 18 newLabel= 1 currentLabel= 1 
R-CCU: sum(pointsPerCluster) = 2837 
 num [1:4] 2831 1 2 3
NULL
R-CCU: After ClusterLabelChange for i = 18 
R-CCU: sum(pointsPerCluster) = 2838 
 num [1:4] 2832 1 2 3
NULL
R-CCU: dpObj$numberClusters = 4 
List of 2
 $ : num [1, 1, 1:4] 0.496 0.265 0.652 0.302
 $ : num [1, 1, 1:4] 2.68 3.79 3.21 11.39
NULL
R priorParameters: 2 8 
R maxT: 1 
R_PriorDraw_first_mu: 0.4785624 
R_PriorDraw_first_nu: 40.24102 
R-CCU: Before ClusterLabelChange for i = 19 newLabel= 1 currentLabel= 1 
R-CCU: sum(pointsPerCluster) = 2838 
 num [1:4] 2832 1 2 3
NULL
R-CCU: After ClusterLabelChange for i = 19 
R-CCU: sum(pointsPerCluster) = 2839 
 num [1:4] 2833 1 2 3
NULL
R-CCU: dpObj$numberClusters = 4 
List of 2
 $ : num [1, 1, 1:4] 0.496 0.265 0.652 0.302
 $ : num [1, 1, 1:4] 2.68 3.79 3.21 11.39
NULL
R priorParameters: 2 8 
R maxT: 1 
R_PriorDraw_first_mu: 0.02377001 
R_PriorDraw_first_nu: 8.732091 
R-CCU: Before ClusterLabelChange for i = 20 newLabel= 1 currentLabel= 1 
R-CCU: sum(pointsPerCluster) = 2839 
 num [1:4] 2833 1 2 3
NULL
R-CCU: After ClusterLabelChange for i = 20 
R-CCU: sum(pointsPerCluster) = 2840 
 num [1:4] 2834 1 2 3
NULL
R-CCU: dpObj$numberClusters = 4 
List of 2
 $ : num [1, 1, 1:4] 0.496 0.265 0.652 0.302
 $ : num [1, 1, 1:4] 2.68 3.79 3.21 11.39
NULL
R priorParameters: 2 8 
R maxT: 1 
R_PriorDraw_first_mu: 0.03399773 
R_PriorDraw_first_nu: 16.00525 
R-CCU: Before ClusterLabelChange for i = 21 newLabel= 1 currentLabel= 1 
R-CCU: sum(pointsPerCluster) = 2840 
 num [1:4] 2834 1 2 3
NULL
R-CCU: After ClusterLabelChange for i = 21 
R-CCU: sum(pointsPerCluster) = 2841 
 num [1:4] 2835 1 2 3
NULL
R-CCU: dpObj$numberClusters = 4 
List of 2
 $ : num [1, 1, 1:4] 0.496 0.265 0.652 0.302
 $ : num [1, 1, 1:4] 2.68 3.79 3.21 11.39
NULL
R priorParameters: 2 8 
R maxT: 1 
R_PriorDraw_first_mu: 0.8047624 
R_PriorDraw_first_nu: 3.498234 
R-CCU: Before ClusterLabelChange for i = 22 newLabel= 1 currentLabel= 1 
R-CCU: sum(pointsPerCluster) = 2841 
 num [1:4] 2835 1 2 3
NULL
R-CCU: After ClusterLabelChange for i = 22 
R-CCU: sum(pointsPerCluster) = 2842 
 num [1:4] 2836 1 2 3
NULL
R-CCU: dpObj$numberClusters = 4 
List of 2
 $ : num [1, 1, 1:4] 0.496 0.265 0.652 0.302
 $ : num [1, 1, 1:4] 2.68 3.79 3.21 11.39
NULL
R priorParameters: 2 8 
R maxT: 1 
R_PriorDraw_first_mu: 0.5469274 
R_PriorDraw_first_nu: 10.78584 
R-CCU: Before ClusterLabelChange for i = 23 newLabel= 1 currentLabel= 1 
R-CCU: sum(pointsPerCluster) = 2842 
 num [1:4] 2836 1 2 3
NULL
R-CCU: After ClusterLabelChange for i = 23 
R-CCU: sum(pointsPerCluster) = 2843 
 num [1:4] 2837 1 2 3
NULL
R-CCU: dpObj$numberClusters = 4 
List of 2
 $ : num [1, 1, 1:4] 0.496 0.265 0.652 0.302
 $ : num [1, 1, 1:4] 2.68 3.79 3.21 11.39
NULL
R priorParameters: 2 8 
R maxT: 1 
R_PriorDraw_first_mu: 0.2603571 
R_PriorDraw_first_nu: 9.880951 
R-CCU: Before ClusterLabelChange for i = 24 newLabel= 1 currentLabel= 1 
R-CCU: sum(pointsPerCluster) = 2843 
 num [1:4] 2837 1 2 3
NULL
R-CCU: After ClusterLabelChange for i = 24 
R-CCU: sum(pointsPerCluster) = 2844 
 num [1:4] 2838 1 2 3
NULL
R-CCU: dpObj$numberClusters = 4 
List of 2
 $ : num [1, 1, 1:4] 0.496 0.265 0.652 0.302
 $ : num [1, 1, 1:4] 2.68 3.79 3.21 11.39
NULL
R priorParameters: 2 8 
R maxT: 1 
R_PriorDraw_first_mu: 0.5648094 
R_PriorDraw_first_nu: 28.66596 
R-CCU: Before ClusterLabelChange for i = 25 newLabel= 1 currentLabel= 1 
R-CCU: sum(pointsPerCluster) = 2844 
 num [1:4] 2838 1 2 3
NULL
R-CCU: After ClusterLabelChange for i = 25 
R-CCU: sum(pointsPerCluster) = 2845 
 num [1:4] 2839 1 2 3
NULL
R-CCU: dpObj$numberClusters = 4 
List of 2
 $ : num [1, 1, 1:4] 0.496 0.265 0.652 0.302
 $ : num [1, 1, 1:4] 2.68 3.79 3.21 11.39
NULL
R priorParameters: 2 8 
R maxT: 1 
R_PriorDraw_first_mu: 0.7328833 
R_PriorDraw_first_nu: 3.964135 
R-CCU: Before ClusterLabelChange for i = 26 newLabel= 1 currentLabel= 1 
R-CCU: sum(pointsPerCluster) = 2845 
 num [1:4] 2839 1 2 3
NULL
R-CCU: After ClusterLabelChange for i = 26 
R-CCU: sum(pointsPerCluster) = 2846 
 num [1:4] 2840 1 2 3
NULL
R-CCU: dpObj$numberClusters = 4 
List of 2
 $ : num [1, 1, 1:4] 0.496 0.265 0.652 0.302
 $ : num [1, 1, 1:4] 2.68 3.79 3.21 11.39
NULL
R priorParameters: 2 8 
R maxT: 1 
R_PriorDraw_first_mu: 0.01295517 
R_PriorDraw_first_nu: 9.696289 
R-CCU: Before ClusterLabelChange for i = 27 newLabel= 1 currentLabel= 1 
R-CCU: sum(pointsPerCluster) = 2846 
 num [1:4] 2840 1 2 3
NULL
R-CCU: After ClusterLabelChange for i = 27 
R-CCU: sum(pointsPerCluster) = 2847 
 num [1:4] 2841 1 2 3
NULL
R-CCU: dpObj$numberClusters = 4 
List of 2
 $ : num [1, 1, 1:4] 0.496 0.265 0.652 0.302
 $ : num [1, 1, 1:4] 2.68 3.79 3.21 11.39
NULL
R priorParameters: 2 8 
R maxT: 1 
R_PriorDraw_first_mu: 0.3276412 
R_PriorDraw_first_nu: 2.721256 
R-CCU: Before ClusterLabelChange for i = 28 newLabel= 1 currentLabel= 1 
R-CCU: sum(pointsPerCluster) = 2847 
 num [1:4] 2841 1 2 3
NULL
R-CCU: After ClusterLabelChange for i = 28 
R-CCU: sum(pointsPerCluster) = 2848 
 num [1:4] 2842 1 2 3
NULL
R-CCU: dpObj$numberClusters = 4 
List of 2
 $ : num [1, 1, 1:4] 0.496 0.265 0.652 0.302
 $ : num [1, 1, 1:4] 2.68 3.79 3.21 11.39
NULL
R priorParameters: 2 8 
R maxT: 1 
R_PriorDraw_first_mu: 0.5883819 
R_PriorDraw_first_nu: 5.633719 
R-CCU: Before ClusterLabelChange for i = 29 newLabel= 1 currentLabel= 1 
R-CCU: sum(pointsPerCluster) = 2848 
 num [1:4] 2842 1 2 3
NULL
R-CCU: After ClusterLabelChange for i = 29 
R-CCU: sum(pointsPerCluster) = 2849 
 num [1:4] 2843 1 2 3
NULL
R-CCU: dpObj$numberClusters = 4 
List of 2
 $ : num [1, 1, 1:4] 0.496 0.265 0.652 0.302
 $ : num [1, 1, 1:4] 2.68 3.79 3.21 11.39
NULL
R priorParameters: 2 8 
R maxT: 1 
R_PriorDraw_first_mu: 0.6615371 
R_PriorDraw_first_nu: 3.822538 
R-CCU: Before ClusterLabelChange for i = 30 newLabel= 1 currentLabel= 1 
R-CCU: sum(pointsPerCluster) = 2849 
 num [1:4] 2843 1 2 3
NULL
R-CCU: After ClusterLabelChange for i = 30 
R-CCU: sum(pointsPerCluster) = 2850 
 num [1:4] 2844 1 2 3
NULL
R-CCU: dpObj$numberClusters = 4 
List of 2
 $ : num [1, 1, 1:4] 0.496 0.265 0.652 0.302
 $ : num [1, 1, 1:4] 2.68 3.79 3.21 11.39
NULL
R priorParameters: 2 8 
R maxT: 1 
R_PriorDraw_first_mu: 0.03237731 
R_PriorDraw_first_nu: 3.107157 
R-CCU: Before ClusterLabelChange for i = 31 newLabel= 1 currentLabel= 1 
R-CCU: sum(pointsPerCluster) = 2850 
 num [1:4] 2844 1 2 3
NULL
R-CCU: After ClusterLabelChange for i = 31 
R-CCU: sum(pointsPerCluster) = 2851 
 num [1:4] 2845 1 2 3
NULL
R-CCU: dpObj$numberClusters = 4 
List of 2
 $ : num [1, 1, 1:4] 0.496 0.265 0.652 0.302
 $ : num [1, 1, 1:4] 2.68 3.79 3.21 11.39
NULL
R priorParameters: 2 8 
R maxT: 1 
R_PriorDraw_first_mu: 0.6520772 
R_PriorDraw_first_nu: 7.952958 
R-CCU: Before ClusterLabelChange for i = 32 newLabel= 1 currentLabel= 1 
R-CCU: sum(pointsPerCluster) = 2851 
 num [1:4] 2845 1 2 3
NULL
R-CCU: After ClusterLabelChange for i = 32 
R-CCU: sum(pointsPerCluster) = 2852 
 num [1:4] 2846 1 2 3
NULL
R-CCU: dpObj$numberClusters = 4 
List of 2
 $ : num [1, 1, 1:4] 0.496 0.265 0.652 0.302
 $ : num [1, 1, 1:4] 2.68 3.79 3.21 11.39
NULL
R priorParameters: 2 8 
R maxT: 1 
R_PriorDraw_first_mu: 0.0573968 
R_PriorDraw_first_nu: 3.074837 
R-CCU: Before ClusterLabelChange for i = 33 newLabel= 1 currentLabel= 1 
R-CCU: sum(pointsPerCluster) = 2852 
 num [1:4] 2846 1 2 3
NULL
R-CCU: After ClusterLabelChange for i = 33 
R-CCU: sum(pointsPerCluster) = 2853 
 num [1:4] 2847 1 2 3
NULL
R-CCU: dpObj$numberClusters = 4 
List of 2
 $ : num [1, 1, 1:4] 0.496 0.265 0.652 0.302
 $ : num [1, 1, 1:4] 2.68 3.79 3.21 11.39
NULL
R priorParameters: 2 8 
R maxT: 1 
R_PriorDraw_first_mu: 0.8951452 
R_PriorDraw_first_nu: 3.126434 
R-CCU: Before ClusterLabelChange for i = 34 newLabel= 1 currentLabel= 1 
R-CCU: sum(pointsPerCluster) = 2853 
 num [1:4] 2847 1 2 3
NULL
R-CCU: After ClusterLabelChange for i = 34 
R-CCU: sum(pointsPerCluster) = 2854 
 num [1:4] 2848 1 2 3
NULL
R-CCU: dpObj$numberClusters = 4 
List of 2
 $ : num [1, 1, 1:4] 0.496 0.265 0.652 0.302
 $ : num [1, 1, 1:4] 2.68 3.79 3.21 11.39
NULL
R priorParameters: 2 8 
R maxT: 1 
R_PriorDraw_first_mu: 0.7300015 
R_PriorDraw_first_nu: 6.234868 
R-CCU: Before ClusterLabelChange for i = 35 newLabel= 1 currentLabel= 1 
R-CCU: sum(pointsPerCluster) = 2854 
 num [1:4] 2848 1 2 3
NULL
R-CCU: After ClusterLabelChange for i = 35 
R-CCU: sum(pointsPerCluster) = 2855 
 num [1:4] 2849 1 2 3
NULL
R-CCU: dpObj$numberClusters = 4 
List of 2
 $ : num [1, 1, 1:4] 0.496 0.265 0.652 0.302
 $ : num [1, 1, 1:4] 2.68 3.79 3.21 11.39
NULL
R priorParameters: 2 8 
R maxT: 1 
R_PriorDraw_first_mu: 0.4315711 
R_PriorDraw_first_nu: 4.766125 
R-CCU: Before ClusterLabelChange for i = 36 newLabel= 1 currentLabel= 1 
R-CCU: sum(pointsPerCluster) = 2855 
 num [1:4] 2849 1 2 3
NULL
R-CCU: After ClusterLabelChange for i = 36 
R-CCU: sum(pointsPerCluster) = 2856 
 num [1:4] 2850 1 2 3
NULL
R-CCU: dpObj$numberClusters = 4 
List of 2
 $ : num [1, 1, 1:4] 0.496 0.265 0.652 0.302
 $ : num [1, 1, 1:4] 2.68 3.79 3.21 11.39
NULL
R priorParameters: 2 8 
R maxT: 1 
R_PriorDraw_first_mu: 0.412775 
R_PriorDraw_first_nu: 3.768984 
R-CCU: Before ClusterLabelChange for i = 37 newLabel= 1 currentLabel= 1 
R-CCU: sum(pointsPerCluster) = 2856 
 num [1:4] 2850 1 2 3
NULL
R-CCU: After ClusterLabelChange for i = 37 
R-CCU: sum(pointsPerCluster) = 2857 
 num [1:4] 2851 1 2 3
NULL
R-CCU: dpObj$numberClusters = 4 
List of 2
 $ : num [1, 1, 1:4] 0.496 0.265 0.652 0.302
 $ : num [1, 1, 1:4] 2.68 3.79 3.21 11.39
NULL
R priorParameters: 2 8 
R maxT: 1 
R_PriorDraw_first_mu: 0.1208528 
R_PriorDraw_first_nu: 4.988458 
R-CCU: Before ClusterLabelChange for i = 38 newLabel= 1 currentLabel= 1 
R-CCU: sum(pointsPerCluster) = 2857 
 num [1:4] 2851 1 2 3
NULL
R-CCU: After ClusterLabelChange for i = 38 
R-CCU: sum(pointsPerCluster) = 2858 
 num [1:4] 2852 1 2 3
NULL
R-CCU: dpObj$numberClusters = 4 
List of 2
 $ : num [1, 1, 1:4] 0.496 0.265 0.652 0.302
 $ : num [1, 1, 1:4] 2.68 3.79 3.21 11.39
NULL
R priorParameters: 2 8 
R maxT: 1 
R_PriorDraw_first_mu: 0.893106 
R_PriorDraw_first_nu: 4.556129 
R-CCU: Before ClusterLabelChange for i = 39 newLabel= 1 currentLabel= 1 
R-CCU: sum(pointsPerCluster) = 2858 
 num [1:4] 2852 1 2 3
NULL
R-CCU: After ClusterLabelChange for i = 39 
R-CCU: sum(pointsPerCluster) = 2859 
 num [1:4] 2853 1 2 3
NULL
R-CCU: dpObj$numberClusters = 4 
List of 2
 $ : num [1, 1, 1:4] 0.496 0.265 0.652 0.302
 $ : num [1, 1, 1:4] 2.68 3.79 3.21 11.39
NULL
R priorParameters: 2 8 
R maxT: 1 
R_PriorDraw_first_mu: 0.05954648 
R_PriorDraw_first_nu: 10.19708 
R-CCU: Before ClusterLabelChange for i = 40 newLabel= 1 currentLabel= 1 
R-CCU: sum(pointsPerCluster) = 2859 
 num [1:4] 2853 1 2 3
NULL
R-CCU: After ClusterLabelChange for i = 40 
R-CCU: sum(pointsPerCluster) = 2860 
 num [1:4] 2854 1 2 3
NULL
R-CCU: dpObj$numberClusters = 4 
List of 2
 $ : num [1, 1, 1:4] 0.496 0.265 0.652 0.302
 $ : num [1, 1, 1:4] 2.68 3.79 3.21 11.39
NULL
R priorParameters: 2 8 
R maxT: 1 
R_PriorDraw_first_mu: 0.365088 
R_PriorDraw_first_nu: 4.333497 
R-CCU: Before ClusterLabelChange for i = 41 newLabel= 1 currentLabel= 1 
R-CCU: sum(pointsPerCluster) = 2860 
 num [1:4] 2854 1 2 3
NULL
R-CCU: After ClusterLabelChange for i = 41 
R-CCU: sum(pointsPerCluster) = 2861 
 num [1:4] 2855 1 2 3
NULL
R-CCU: dpObj$numberClusters = 4 
List of 2
 $ : num [1, 1, 1:4] 0.496 0.265 0.652 0.302
 $ : num [1, 1, 1:4] 2.68 3.79 3.21 11.39
NULL
R priorParameters: 2 8 
R maxT: 1 
R_PriorDraw_first_mu: 0.3876594 
R_PriorDraw_first_nu: 20.06026 
R-CCU: Before ClusterLabelChange for i = 42 newLabel= 1 currentLabel= 1 
R-CCU: sum(pointsPerCluster) = 2861 
 num [1:4] 2855 1 2 3
NULL
R-CCU: After ClusterLabelChange for i = 42 
R-CCU: sum(pointsPerCluster) = 2862 
 num [1:4] 2856 1 2 3
NULL
R-CCU: dpObj$numberClusters = 4 
List of 2
 $ : num [1, 1, 1:4] 0.496 0.265 0.652 0.302
 $ : num [1, 1, 1:4] 2.68 3.79 3.21 11.39
NULL
R priorParameters: 2 8 
R maxT: 1 
R_PriorDraw_first_mu: 0.6467836 
R_PriorDraw_first_nu: 2.591431 
R-CCU: Before ClusterLabelChange for i = 43 newLabel= 1 currentLabel= 1 
R-CCU: sum(pointsPerCluster) = 2862 
 num [1:4] 2856 1 2 3
NULL
R-CCU: After ClusterLabelChange for i = 43 
R-CCU: sum(pointsPerCluster) = 2863 
 num [1:4] 2857 1 2 3
NULL
R-CCU: dpObj$numberClusters = 4 
List of 2
 $ : num [1, 1, 1:4] 0.496 0.265 0.652 0.302
 $ : num [1, 1, 1:4] 2.68 3.79 3.21 11.39
NULL
R priorParameters: 2 8 
R maxT: 1 
R_PriorDraw_first_mu: 0.3786498 
R_PriorDraw_first_nu: 18.64375 
R-CCU: Before ClusterLabelChange for i = 44 newLabel= 1 currentLabel= 1 
R-CCU: sum(pointsPerCluster) = 2863 
 num [1:4] 2857 1 2 3
NULL
R-CCU: After ClusterLabelChange for i = 44 
R-CCU: sum(pointsPerCluster) = 2864 
 num [1:4] 2858 1 2 3
NULL
R-CCU: dpObj$numberClusters = 4 
List of 2
 $ : num [1, 1, 1:4] 0.496 0.265 0.652 0.302
 $ : num [1, 1, 1:4] 2.68 3.79 3.21 11.39
NULL
R priorParameters: 2 8 
R maxT: 1 
R_PriorDraw_first_mu: 0.2955207 
R_PriorDraw_first_nu: 3.598185 
R-CCU: Before ClusterLabelChange for i = 45 newLabel= 1 currentLabel= 1 
R-CCU: sum(pointsPerCluster) = 2864 
 num [1:4] 2858 1 2 3
NULL
R-CCU: After ClusterLabelChange for i = 45 
R-CCU: sum(pointsPerCluster) = 2865 
 num [1:4] 2859 1 2 3
NULL
R-CCU: dpObj$numberClusters = 4 
List of 2
 $ : num [1, 1, 1:4] 0.496 0.265 0.652 0.302
 $ : num [1, 1, 1:4] 2.68 3.79 3.21 11.39
NULL
R priorParameters: 2 8 
R maxT: 1 
R_PriorDraw_first_mu: 0.7809348 
R_PriorDraw_first_nu: 4.668231 
R-CCU: Before ClusterLabelChange for i = 46 newLabel= 1 currentLabel= 1 
R-CCU: sum(pointsPerCluster) = 2865 
 num [1:4] 2859 1 2 3
NULL
R-CCU: After ClusterLabelChange for i = 46 
R-CCU: sum(pointsPerCluster) = 2866 
 num [1:4] 2860 1 2 3
NULL
R-CCU: dpObj$numberClusters = 4 
List of 2
 $ : num [1, 1, 1:4] 0.496 0.265 0.652 0.302
 $ : num [1, 1, 1:4] 2.68 3.79 3.21 11.39
NULL
R priorParameters: 2 8 
R maxT: 1 
R_PriorDraw_first_mu: 0.0289262 
R_PriorDraw_first_nu: 8.869523 
R-CCU: Before ClusterLabelChange for i = 47 newLabel= 1 currentLabel= 1 
R-CCU: sum(pointsPerCluster) = 2866 
 num [1:4] 2860 1 2 3
NULL
R-CCU: After ClusterLabelChange for i = 47 
R-CCU: sum(pointsPerCluster) = 2867 
 num [1:4] 2861 1 2 3
NULL
R-CCU: dpObj$numberClusters = 4 
List of 2
 $ : num [1, 1, 1:4] 0.496 0.265 0.652 0.302
 $ : num [1, 1, 1:4] 2.68 3.79 3.21 11.39
NULL
R priorParameters: 2 8 
R maxT: 1 
R_PriorDraw_first_mu: 0.5296025 
R_PriorDraw_first_nu: 7.178337 
R-CCU: Before ClusterLabelChange for i = 48 newLabel= 1 currentLabel= 1 
R-CCU: sum(pointsPerCluster) = 2867 
 num [1:4] 2861 1 2 3
NULL
R-CCU: After ClusterLabelChange for i = 48 
R-CCU: sum(pointsPerCluster) = 2868 
 num [1:4] 2862 1 2 3
NULL
R-CCU: dpObj$numberClusters = 4 
List of 2
 $ : num [1, 1, 1:4] 0.496 0.265 0.652 0.302
 $ : num [1, 1, 1:4] 2.68 3.79 3.21 11.39
NULL
R priorParameters: 2 8 
R maxT: 1 
R_PriorDraw_first_mu: 0.2770578 
R_PriorDraw_first_nu: 4.448408 
R-CCU: Before ClusterLabelChange for i = 49 newLabel= 1 currentLabel= 1 
R-CCU: sum(pointsPerCluster) = 2868 
 num [1:4] 2862 1 2 3
NULL
R-CCU: After ClusterLabelChange for i = 49 
R-CCU: sum(pointsPerCluster) = 2869 
 num [1:4] 2863 1 2 3
NULL
R-CCU: dpObj$numberClusters = 4 
List of 2
 $ : num [1, 1, 1:4] 0.496 0.265 0.652 0.302
 $ : num [1, 1, 1:4] 2.68 3.79 3.21 11.39
NULL
R priorParameters: 2 8 
R maxT: 1 
R_PriorDraw_first_mu: 0.08357086 
R_PriorDraw_first_nu: 4.023913 
R-CCU: Before ClusterLabelChange for i = 50 newLabel= 1 currentLabel= 1 
R-CCU: sum(pointsPerCluster) = 2869 
 num [1:4] 2863 1 2 3
NULL
R-CCU: After ClusterLabelChange for i = 50 
R-CCU: sum(pointsPerCluster) = 2870 
 num [1:4] 2864 1 2 3
NULL
R-CCU: dpObj$numberClusters = 4 
List of 2
 $ : num [1, 1, 1:4] 0.496 0.265 0.652 0.302
 $ : num [1, 1, 1:4] 2.68 3.79 3.21 11.39
NULL
R priorParameters: 2 8 
R maxT: 1 
R_PriorDraw_first_mu: 0.6498041 
R_PriorDraw_first_nu: 2.436938 
R-CCU: Before ClusterLabelChange for i = 51 newLabel= 1 currentLabel= 1 
R-CCU: sum(pointsPerCluster) = 2870 
 num [1:4] 2864 1 2 3
NULL
R-CCU: After ClusterLabelChange for i = 51 
R-CCU: sum(pointsPerCluster) = 2871 
 num [1:4] 2865 1 2 3
NULL
R-CCU: dpObj$numberClusters = 4 
List of 2
 $ : num [1, 1, 1:4] 0.496 0.265 0.652 0.302
 $ : num [1, 1, 1:4] 2.68 3.79 3.21 11.39
NULL
R priorParameters: 2 8 
R maxT: 1 
R_PriorDraw_first_mu: 0.5744769 
R_PriorDraw_first_nu: 3.95037 
R-CCU: Before ClusterLabelChange for i = 52 newLabel= 1 currentLabel= 1 
R-CCU: sum(pointsPerCluster) = 2871 
 num [1:4] 2865 1 2 3
NULL
R-CCU: After ClusterLabelChange for i = 52 
R-CCU: sum(pointsPerCluster) = 2872 
 num [1:4] 2866 1 2 3
NULL
R-CCU: dpObj$numberClusters = 4 
List of 2
 $ : num [1, 1, 1:4] 0.496 0.265 0.652 0.302
 $ : num [1, 1, 1:4] 2.68 3.79 3.21 11.39
NULL
R priorParameters: 2 8 
R maxT: 1 
R_PriorDraw_first_mu: 0.6195142 
R_PriorDraw_first_nu: 3.819881 
R-CCU: Before ClusterLabelChange for i = 53 newLabel= 1 currentLabel= 1 
R-CCU: sum(pointsPerCluster) = 2872 
 num [1:4] 2866 1 2 3
NULL
R-CCU: After ClusterLabelChange for i = 53 
R-CCU: sum(pointsPerCluster) = 2873 
 num [1:4] 2867 1 2 3
NULL
R-CCU: dpObj$numberClusters = 4 
List of 2
 $ : num [1, 1, 1:4] 0.496 0.265 0.652 0.302
 $ : num [1, 1, 1:4] 2.68 3.79 3.21 11.39
NULL
R priorParameters: 2 8 
R maxT: 1 
R_PriorDraw_first_mu: 0.172524 
R_PriorDraw_first_nu: 1.285488 
R-CCU: Before ClusterLabelChange for i = 54 newLabel= 1 currentLabel= 1 
R-CCU: sum(pointsPerCluster) = 2873 
 num [1:4] 2867 1 2 3
NULL
R-CCU: After ClusterLabelChange for i = 54 
R-CCU: sum(pointsPerCluster) = 2874 
 num [1:4] 2868 1 2 3
NULL
R-CCU: dpObj$numberClusters = 4 
List of 2
 $ : num [1, 1, 1:4] 0.496 0.265 0.652 0.302
 $ : num [1, 1, 1:4] 2.68 3.79 3.21 11.39
NULL
R priorParameters: 2 8 
R maxT: 1 
R_PriorDraw_first_mu: 0.2069332 
R_PriorDraw_first_nu: 9.70611 
R-CCU: Before ClusterLabelChange for i = 55 newLabel= 1 currentLabel= 1 
R-CCU: sum(pointsPerCluster) = 2874 
 num [1:4] 2868 1 2 3
NULL
R-CCU: After ClusterLabelChange for i = 55 
R-CCU: sum(pointsPerCluster) = 2875 
 num [1:4] 2869 1 2 3
NULL
R-CCU: dpObj$numberClusters = 4 
List of 2
 $ : num [1, 1, 1:4] 0.496 0.265 0.652 0.302
 $ : num [1, 1, 1:4] 2.68 3.79 3.21 11.39
NULL
R priorParameters: 2 8 
R maxT: 1 
R_PriorDraw_first_mu: 0.6001477 
R_PriorDraw_first_nu: 5.615048 
R-CCU: Before ClusterLabelChange for i = 56 newLabel= 1 currentLabel= 1 
R-CCU: sum(pointsPerCluster) = 2875 
 num [1:4] 2869 1 2 3
NULL
R-CCU: After ClusterLabelChange for i = 56 
R-CCU: sum(pointsPerCluster) = 2876 
 num [1:4] 2870 1 2 3
NULL
R-CCU: dpObj$numberClusters = 4 
List of 2
 $ : num [1, 1, 1:4] 0.496 0.265 0.652 0.302
 $ : num [1, 1, 1:4] 2.68 3.79 3.21 11.39
NULL
R priorParameters: 2 8 
R maxT: 1 
R_PriorDraw_first_mu: 0.3656611 
R_PriorDraw_first_nu: 4.601237 
R-CCU: Before ClusterLabelChange for i = 57 newLabel= 1 currentLabel= 1 
R-CCU: sum(pointsPerCluster) = 2876 
 num [1:4] 2870 1 2 3
NULL
R-CCU: After ClusterLabelChange for i = 57 
R-CCU: sum(pointsPerCluster) = 2877 
 num [1:4] 2871 1 2 3
NULL
R-CCU: dpObj$numberClusters = 4 
List of 2
 $ : num [1, 1, 1:4] 0.496 0.265 0.652 0.302
 $ : num [1, 1, 1:4] 2.68 3.79 3.21 11.39
NULL
R priorParameters: 2 8 
R maxT: 1 
R_PriorDraw_first_mu: 0.9750226 
R_PriorDraw_first_nu: 4.589744 
R-CCU: Before ClusterLabelChange for i = 58 newLabel= 1 currentLabel= 1 
R-CCU: sum(pointsPerCluster) = 2877 
 num [1:4] 2871 1 2 3
NULL
R-CCU: After ClusterLabelChange for i = 58 
R-CCU: sum(pointsPerCluster) = 2878 
 num [1:4] 2872 1 2 3
NULL
R-CCU: dpObj$numberClusters = 4 
List of 2
 $ : num [1, 1, 1:4] 0.496 0.265 0.652 0.302
 $ : num [1, 1, 1:4] 2.68 3.79 3.21 11.39
NULL
R priorParameters: 2 8 
R maxT: 1 
R_PriorDraw_first_mu: 0.7241477 
R_PriorDraw_first_nu: 9.60682 
R-CCU: Before ClusterLabelChange for i = 59 newLabel= 1 currentLabel= 1 
R-CCU: sum(pointsPerCluster) = 2878 
 num [1:4] 2872 1 2 3
NULL
R-CCU: After ClusterLabelChange for i = 59 
R-CCU: sum(pointsPerCluster) = 2879 
 num [1:4] 2873 1 2 3
NULL
R-CCU: dpObj$numberClusters = 4 
List of 2
 $ : num [1, 1, 1:4] 0.496 0.265 0.652 0.302
 $ : num [1, 1, 1:4] 2.68 3.79 3.21 11.39
NULL
R priorParameters: 2 8 
R maxT: 1 
R_PriorDraw_first_mu: 0.3555015 
R_PriorDraw_first_nu: 8.601376 
R-CCU: Before ClusterLabelChange for i = 60 newLabel= 1 currentLabel= 1 
R-CCU: sum(pointsPerCluster) = 2879 
 num [1:4] 2873 1 2 3
NULL
R-CCU: After ClusterLabelChange for i = 60 
R-CCU: sum(pointsPerCluster) = 2880 
 num [1:4] 2874 1 2 3
NULL
R-CCU: dpObj$numberClusters = 4 
List of 2
 $ : num [1, 1, 1:4] 0.496 0.265 0.652 0.302
 $ : num [1, 1, 1:4] 2.68 3.79 3.21 11.39
NULL

⠸ |   94      0 | Beta Distribution Full Integration Test          R priorParameters: 2 8 
R maxT: 1 
R_PriorDraw_first_mu: 0.2045691 
R_PriorDraw_first_nu: 7.3558 
R-CCU: Before ClusterLabelChange for i = 1 newLabel= 1 currentLabel= 1 
R-CCU: sum(pointsPerCluster) = 2880 
 num [1:4] 2874 1 2 3
NULL
R-CCU: After ClusterLabelChange for i = 1 
R-CCU: sum(pointsPerCluster) = 2881 
 num [1:4] 2875 1 2 3
NULL
R-CCU: dpObj$numberClusters = 4 
List of 2
 $ : num [1, 1, 1:4] 0.496 0.265 0.652 0.302
 $ : num [1, 1, 1:4] 2.29 3.79 3.21 11.39
NULL
R priorParameters: 2 8 
R maxT: 1 
R_PriorDraw_first_mu: 0.07505156 
R_PriorDraw_first_nu: 22.47145 
R-CCU: Before ClusterLabelChange for i = 2 newLabel= 1 currentLabel= 1 
R-CCU: sum(pointsPerCluster) = 2881 
 num [1:4] 2875 1 2 3
NULL
R-CCU: After ClusterLabelChange for i = 2 
R-CCU: sum(pointsPerCluster) = 2882 
 num [1:4] 2876 1 2 3
NULL
R-CCU: dpObj$numberClusters = 4 
List of 2
 $ : num [1, 1, 1:4] 0.496 0.265 0.652 0.302
 $ : num [1, 1, 1:4] 2.29 3.79 3.21 11.39
NULL
R priorParameters: 2 8 
R maxT: 1 
R_PriorDraw_first_mu: 0.483682 
R_PriorDraw_first_nu: 16.67117 
R-CCU: Before ClusterLabelChange for i = 3 newLabel= 1 currentLabel= 1 
R-CCU: sum(pointsPerCluster) = 2882 
 num [1:4] 2876 1 2 3
NULL
R-CCU: After ClusterLabelChange for i = 3 
R-CCU: sum(pointsPerCluster) = 2883 
 num [1:4] 2877 1 2 3
NULL
R-CCU: dpObj$numberClusters = 4 
List of 2
 $ : num [1, 1, 1:4] 0.496 0.265 0.652 0.302
 $ : num [1, 1, 1:4] 2.29 3.79 3.21 11.39
NULL
R priorParameters: 2 8 
R maxT: 1 
R_PriorDraw_first_mu: 0.1694982 
R_PriorDraw_first_nu: 3.824377 
R-CCU: Before ClusterLabelChange for i = 4 newLabel= 1 currentLabel= 1 
R-CCU: sum(pointsPerCluster) = 2883 
 num [1:4] 2877 1 2 3
NULL
R-CCU: After ClusterLabelChange for i = 4 
R-CCU: sum(pointsPerCluster) = 2884 
 num [1:4] 2878 1 2 3
NULL
R-CCU: dpObj$numberClusters = 4 
List of 2
 $ : num [1, 1, 1:4] 0.496 0.265 0.652 0.302
 $ : num [1, 1, 1:4] 2.29 3.79 3.21 11.39
NULL
R priorParameters: 2 8 
R maxT: 1 
R_PriorDraw_first_mu: 0.8798267 
R_PriorDraw_first_nu: 7.414953 
R-CCU: Before ClusterLabelChange for i = 5 newLabel= 1 currentLabel= 1 
R-CCU: sum(pointsPerCluster) = 2884 
 num [1:4] 2878 1 2 3
NULL
R-CCU: After ClusterLabelChange for i = 5 
R-CCU: sum(pointsPerCluster) = 2885 
 num [1:4] 2879 1 2 3
NULL
R-CCU: dpObj$numberClusters = 4 
List of 2
 $ : num [1, 1, 1:4] 0.496 0.265 0.652 0.302
 $ : num [1, 1, 1:4] 2.29 3.79 3.21 11.39
NULL
R priorParameters: 2 8 
R maxT: 1 
R_PriorDraw_first_mu: 0.5546476 
R_PriorDraw_first_nu: 7.146448 
R-CCU: Before ClusterLabelChange for i = 6 newLabel= 1 currentLabel= 1 
R-CCU: sum(pointsPerCluster) = 2885 
 num [1:4] 2879 1 2 3
NULL
R-CCU: After ClusterLabelChange for i = 6 
R-CCU: sum(pointsPerCluster) = 2886 
 num [1:4] 2880 1 2 3
NULL
R-CCU: dpObj$numberClusters = 4 
List of 2
 $ : num [1, 1, 1:4] 0.496 0.265 0.652 0.302
 $ : num [1, 1, 1:4] 2.29 3.79 3.21 11.39
NULL
R priorParameters: 2 8 
R maxT: 1 
R_PriorDraw_first_mu: 0.2370215 
R_PriorDraw_first_nu: 10.19394 
R-CCU: Before ClusterLabelChange for i = 7 newLabel= 1 currentLabel= 1 
R-CCU: sum(pointsPerCluster) = 2886 
 num [1:4] 2880 1 2 3
NULL
R-CCU: After ClusterLabelChange for i = 7 
R-CCU: sum(pointsPerCluster) = 2887 
 num [1:4] 2881 1 2 3
NULL
R-CCU: dpObj$numberClusters = 4 
List of 2
 $ : num [1, 1, 1:4] 0.496 0.265 0.652 0.302
 $ : num [1, 1, 1:4] 2.29 3.79 3.21 11.39
NULL
R priorParameters: 2 8 
R maxT: 1 
R_PriorDraw_first_mu: 0.8311729 
R_PriorDraw_first_nu: 8.132332 
R-CCU: Before ClusterLabelChange for i = 8 newLabel= 1 currentLabel= 1 
R-CCU: sum(pointsPerCluster) = 2887 
 num [1:4] 2881 1 2 3
NULL
R-CCU: After ClusterLabelChange for i = 8 
R-CCU: sum(pointsPerCluster) = 2888 
 num [1:4] 2882 1 2 3
NULL
R-CCU: dpObj$numberClusters = 4 
List of 2
 $ : num [1, 1, 1:4] 0.496 0.265 0.652 0.302
 $ : num [1, 1, 1:4] 2.29 3.79 3.21 11.39
NULL
R priorParameters: 2 8 
R maxT: 1 
R_PriorDraw_first_mu: 0.6596529 
R_PriorDraw_first_nu: 2.18309 
R-CCU: Before ClusterLabelChange for i = 9 newLabel= 1 currentLabel= 1 
R-CCU: sum(pointsPerCluster) = 2888 
 num [1:4] 2882 1 2 3
NULL
R-CCU: After ClusterLabelChange for i = 9 
R-CCU: sum(pointsPerCluster) = 2889 
 num [1:4] 2883 1 2 3
NULL
R-CCU: dpObj$numberClusters = 4 
List of 2
 $ : num [1, 1, 1:4] 0.496 0.265 0.652 0.302
 $ : num [1, 1, 1:4] 2.29 3.79 3.21 11.39
NULL
R priorParameters: 2 8 
R maxT: 1 
R_PriorDraw_first_mu: 0.7118421 
R_PriorDraw_first_nu: 1.812346 
R-CCU: Before ClusterLabelChange for i = 10 newLabel= 1 currentLabel= 1 
R-CCU: sum(pointsPerCluster) = 2889 
 num [1:4] 2883 1 2 3
NULL
R-CCU: After ClusterLabelChange for i = 10 
R-CCU: sum(pointsPerCluster) = 2890 
 num [1:4] 2884 1 2 3
NULL
R-CCU: dpObj$numberClusters = 4 
List of 2
 $ : num [1, 1, 1:4] 0.496 0.265 0.652 0.302
 $ : num [1, 1, 1:4] 2.29 3.79 3.21 11.39
NULL
R priorParameters: 2 8 
R maxT: 1 
R_PriorDraw_first_mu: 0.8155611 
R_PriorDraw_first_nu: 2.218744 
R-CCU: Before ClusterLabelChange for i = 11 newLabel= 1 currentLabel= 1 
R-CCU: sum(pointsPerCluster) = 2890 
 num [1:4] 2884 1 2 3
NULL
R-CCU: After ClusterLabelChange for i = 11 
R-CCU: sum(pointsPerCluster) = 2891 
 num [1:4] 2885 1 2 3
NULL
R-CCU: dpObj$numberClusters = 4 
List of 2
 $ : num [1, 1, 1:4] 0.496 0.265 0.652 0.302
 $ : num [1, 1, 1:4] 2.29 3.79 3.21 11.39
NULL
R priorParameters: 2 8 
R maxT: 1 
R_PriorDraw_first_mu: 0.5517394 
R_PriorDraw_first_nu: 3.713884 
R-CCU: Before ClusterLabelChange for i = 12 newLabel= 1 currentLabel= 1 
R-CCU: sum(pointsPerCluster) = 2891 
 num [1:4] 2885 1 2 3
NULL
R-CCU: After ClusterLabelChange for i = 12 
R-CCU: sum(pointsPerCluster) = 2892 
 num [1:4] 2886 1 2 3
NULL
R-CCU: dpObj$numberClusters = 4 
List of 2
 $ : num [1, 1, 1:4] 0.496 0.265 0.652 0.302
 $ : num [1, 1, 1:4] 2.29 3.79 3.21 11.39
NULL
R priorParameters: 2 8 
R maxT: 1 
R_PriorDraw_first_mu: 0.7002964 
R_PriorDraw_first_nu: 6.152804 
R-CCU: Before ClusterLabelChange for i = 13 newLabel= 1 currentLabel= 1 
R-CCU: sum(pointsPerCluster) = 2892 
 num [1:4] 2886 1 2 3
NULL
R-CCU: After ClusterLabelChange for i = 13 
R-CCU: sum(pointsPerCluster) = 2893 
 num [1:4] 2887 1 2 3
NULL
R-CCU: dpObj$numberClusters = 4 
List of 2
 $ : num [1, 1, 1:4] 0.496 0.265 0.652 0.302
 $ : num [1, 1, 1:4] 2.29 3.79 3.21 11.39
NULL
R priorParameters: 2 8 
R maxT: 1 
R_PriorDraw_first_mu: 0.9229768 
R_PriorDraw_first_nu: 8.871307 
R-CCU: Before ClusterLabelChange for i = 14 newLabel= 1 currentLabel= 1 
R-CCU: sum(pointsPerCluster) = 2893 
 num [1:4] 2887 1 2 3
NULL
R-CCU: After ClusterLabelChange for i = 14 
R-CCU: sum(pointsPerCluster) = 2894 
 num [1:4] 2888 1 2 3
NULL
R-CCU: dpObj$numberClusters = 4 
List of 2
 $ : num [1, 1, 1:4] 0.496 0.265 0.652 0.302
 $ : num [1, 1, 1:4] 2.29 3.79 3.21 11.39
NULL
R priorParameters: 2 8 
R maxT: 1 
R_PriorDraw_first_mu: 0.4269638 
R_PriorDraw_first_nu: 6.799484 
R-CCU: Before ClusterLabelChange for i = 15 newLabel= 1 currentLabel= 1 
R-CCU: sum(pointsPerCluster) = 2894 
 num [1:4] 2888 1 2 3
NULL
R-CCU: After ClusterLabelChange for i = 15 
R-CCU: sum(pointsPerCluster) = 2895 
 num [1:4] 2889 1 2 3
NULL
R-CCU: dpObj$numberClusters = 4 
List of 2
 $ : num [1, 1, 1:4] 0.496 0.265 0.652 0.302
 $ : num [1, 1, 1:4] 2.29 3.79 3.21 11.39
NULL
R priorParameters: 2 8 
R maxT: 1 
R_PriorDraw_first_mu: 0.06884333 
R_PriorDraw_first_nu: 5.53614 
R-CCU: Before ClusterLabelChange for i = 16 newLabel= 1 currentLabel= 1 
R-CCU: sum(pointsPerCluster) = 2895 
 num [1:4] 2889 1 2 3
NULL
R-CCU: After ClusterLabelChange for i = 16 
R-CCU: sum(pointsPerCluster) = 2896 
 num [1:4] 2890 1 2 3
NULL
R-CCU: dpObj$numberClusters = 4 
List of 2
 $ : num [1, 1, 1:4] 0.496 0.265 0.652 0.302
 $ : num [1, 1, 1:4] 2.29 3.79 3.21 11.39
NULL
R priorParameters: 2 8 
R maxT: 1 
R_PriorDraw_first_mu: 0.1587366 
R_PriorDraw_first_nu: 4.013262 
R-CCU: Before ClusterLabelChange for i = 17 newLabel= 1 currentLabel= 1 
R-CCU: sum(pointsPerCluster) = 2896 
 num [1:4] 2890 1 2 3
NULL
R-CCU: After ClusterLabelChange for i = 17 
R-CCU: sum(pointsPerCluster) = 2897 
 num [1:4] 2891 1 2 3
NULL
R-CCU: dpObj$numberClusters = 4 
List of 2
 $ : num [1, 1, 1:4] 0.496 0.265 0.652 0.302
 $ : num [1, 1, 1:4] 2.29 3.79 3.21 11.39
NULL
R priorParameters: 2 8 
R maxT: 1 
R_PriorDraw_first_mu: 0.9791737 
R_PriorDraw_first_nu: 24.00999 
R-CCU: Before ClusterLabelChange for i = 18 newLabel= 1 currentLabel= 1 
R-CCU: sum(pointsPerCluster) = 2897 
 num [1:4] 2891 1 2 3
NULL
R-CCU: After ClusterLabelChange for i = 18 
R-CCU: sum(pointsPerCluster) = 2898 
 num [1:4] 2892 1 2 3
NULL
R-CCU: dpObj$numberClusters = 4 
List of 2
 $ : num [1, 1, 1:4] 0.496 0.265 0.652 0.302
 $ : num [1, 1, 1:4] 2.29 3.79 3.21 11.39
NULL
R priorParameters: 2 8 
R maxT: 1 
R_PriorDraw_first_mu: 0.7560938 
R_PriorDraw_first_nu: 3.312481 
R-CCU: Before ClusterLabelChange for i = 19 newLabel= 1 currentLabel= 1 
R-CCU: sum(pointsPerCluster) = 2898 
 num [1:4] 2892 1 2 3
NULL
R-CCU: After ClusterLabelChange for i = 19 
R-CCU: sum(pointsPerCluster) = 2899 
 num [1:4] 2893 1 2 3
NULL
R-CCU: dpObj$numberClusters = 4 
List of 2
 $ : num [1, 1, 1:4] 0.496 0.265 0.652 0.302
 $ : num [1, 1, 1:4] 2.29 3.79 3.21 11.39
NULL
R priorParameters: 2 8 
R maxT: 1 
R_PriorDraw_first_mu: 0.2927299 
R_PriorDraw_first_nu: 8.154634 
R-CCU: Before ClusterLabelChange for i = 20 newLabel= 1 currentLabel= 1 
R-CCU: sum(pointsPerCluster) = 2899 
 num [1:4] 2893 1 2 3
NULL
R-CCU: After ClusterLabelChange for i = 20 
R-CCU: sum(pointsPerCluster) = 2900 
 num [1:4] 2894 1 2 3
NULL
R-CCU: dpObj$numberClusters = 4 
List of 2
 $ : num [1, 1, 1:4] 0.496 0.265 0.652 0.302
 $ : num [1, 1, 1:4] 2.29 3.79 3.21 11.39
NULL
R priorParameters: 2 8 
R maxT: 1 
R_PriorDraw_first_mu: 0.2233119 
R_PriorDraw_first_nu: 1.7148 
R-CCU: Before ClusterLabelChange for i = 21 newLabel= 1 currentLabel= 1 
R-CCU: sum(pointsPerCluster) = 2900 
 num [1:4] 2894 1 2 3
NULL
R-CCU: After ClusterLabelChange for i = 21 
R-CCU: sum(pointsPerCluster) = 2901 
 num [1:4] 2895 1 2 3
NULL
R-CCU: dpObj$numberClusters = 4 
List of 2
 $ : num [1, 1, 1:4] 0.496 0.265 0.652 0.302
 $ : num [1, 1, 1:4] 2.29 3.79 3.21 11.39
NULL
R priorParameters: 2 8 
R maxT: 1 
R_PriorDraw_first_mu: 0.540694 
R_PriorDraw_first_nu: 5.113815 
R-CCU: Before ClusterLabelChange for i = 22 newLabel= 1 currentLabel= 1 
R-CCU: sum(pointsPerCluster) = 2901 
 num [1:4] 2895 1 2 3
NULL
R-CCU: After ClusterLabelChange for i = 22 
R-CCU: sum(pointsPerCluster) = 2902 
 num [1:4] 2896 1 2 3
NULL
R-CCU: dpObj$numberClusters = 4 
List of 2
 $ : num [1, 1, 1:4] 0.496 0.265 0.652 0.302
 $ : num [1, 1, 1:4] 2.29 3.79 3.21 11.39
NULL
R priorParameters: 2 8 
R maxT: 1 
R_PriorDraw_first_mu: 0.7084834 
R_PriorDraw_first_nu: 9.265175 
R-CCU: Before ClusterLabelChange for i = 23 newLabel= 1 currentLabel= 1 
R-CCU: sum(pointsPerCluster) = 2902 
 num [1:4] 2896 1 2 3
NULL
R-CCU: After ClusterLabelChange for i = 23 
R-CCU: sum(pointsPerCluster) = 2903 
 num [1:4] 2897 1 2 3
NULL
R-CCU: dpObj$numberClusters = 4 
List of 2
 $ : num [1, 1, 1:4] 0.496 0.265 0.652 0.302
 $ : num [1, 1, 1:4] 2.29 3.79 3.21 11.39
NULL
R priorParameters: 2 8 
R maxT: 1 
R_PriorDraw_first_mu: 0.1100004 
R_PriorDraw_first_nu: 1.813503 
R-CCU: Before ClusterLabelChange for i = 24 newLabel= 1 currentLabel= 1 
R-CCU: sum(pointsPerCluster) = 2903 
 num [1:4] 2897 1 2 3
NULL
R-CCU: After ClusterLabelChange for i = 24 
R-CCU: sum(pointsPerCluster) = 2904 
 num [1:4] 2898 1 2 3
NULL
R-CCU: dpObj$numberClusters = 4 
List of 2
 $ : num [1, 1, 1:4] 0.496 0.265 0.652 0.302
 $ : num [1, 1, 1:4] 2.29 3.79 3.21 11.39
NULL
R priorParameters: 2 8 
R maxT: 1 
R_PriorDraw_first_mu: 0.6186631 
R_PriorDraw_first_nu: 4.108331 
R-CCU: Before ClusterLabelChange for i = 25 newLabel= 1 currentLabel= 1 
R-CCU: sum(pointsPerCluster) = 2904 
 num [1:4] 2898 1 2 3
NULL
R-CCU: After ClusterLabelChange for i = 25 
R-CCU: sum(pointsPerCluster) = 2905 
 num [1:4] 2899 1 2 3
NULL
R-CCU: dpObj$numberClusters = 4 
List of 2
 $ : num [1, 1, 1:4] 0.496 0.265 0.652 0.302
 $ : num [1, 1, 1:4] 2.29 3.79 3.21 11.39
NULL
R priorParameters: 2 8 
R maxT: 1 
R_PriorDraw_first_mu: 0.6466426 
R_PriorDraw_first_nu: 15.07986 
R-CCU: Before ClusterLabelChange for i = 26 newLabel= 1 currentLabel= 1 
R-CCU: sum(pointsPerCluster) = 2905 
 num [1:4] 2899 1 2 3
NULL
R-CCU: After ClusterLabelChange for i = 26 
R-CCU: sum(pointsPerCluster) = 2906 
 num [1:4] 2900 1 2 3
NULL
R-CCU: dpObj$numberClusters = 4 
List of 2
 $ : num [1, 1, 1:4] 0.496 0.265 0.652 0.302
 $ : num [1, 1, 1:4] 2.29 3.79 3.21 11.39
NULL
R priorParameters: 2 8 
R maxT: 1 
R_PriorDraw_first_mu: 0.1480564 
R_PriorDraw_first_nu: 12.12833 
R-CCU: Before ClusterLabelChange for i = 27 newLabel= 1 currentLabel= 1 
R-CCU: sum(pointsPerCluster) = 2906 
 num [1:4] 2900 1 2 3
NULL
R-CCU: After ClusterLabelChange for i = 27 
R-CCU: sum(pointsPerCluster) = 2907 
 num [1:4] 2901 1 2 3
NULL
R-CCU: dpObj$numberClusters = 4 
List of 2
 $ : num [1, 1, 1:4] 0.496 0.265 0.652 0.302
 $ : num [1, 1, 1:4] 2.29 3.79 3.21 11.39
NULL
R priorParameters: 2 8 
R maxT: 1 
R_PriorDraw_first_mu: 0.191175 
R_PriorDraw_first_nu: 15.99761 
R-CCU: Before ClusterLabelChange for i = 28 newLabel= 1 currentLabel= 1 
R-CCU: sum(pointsPerCluster) = 2907 
 num [1:4] 2901 1 2 3
NULL
R-CCU: After ClusterLabelChange for i = 28 
R-CCU: sum(pointsPerCluster) = 2908 
 num [1:4] 2902 1 2 3
NULL
R-CCU: dpObj$numberClusters = 4 
List of 2
 $ : num [1, 1, 1:4] 0.496 0.265 0.652 0.302
 $ : num [1, 1, 1:4] 2.29 3.79 3.21 11.39
NULL
R priorParameters: 2 8 
R maxT: 1 
R_PriorDraw_first_mu: 0.9413278 
R_PriorDraw_first_nu: 25.57313 
R-CCU: Before ClusterLabelChange for i = 29 newLabel= 1 currentLabel= 1 
R-CCU: sum(pointsPerCluster) = 2908 
 num [1:4] 2902 1 2 3
NULL
R-CCU: After ClusterLabelChange for i = 29 
R-CCU: sum(pointsPerCluster) = 2909 
 num [1:4] 2903 1 2 3
NULL
R-CCU: dpObj$numberClusters = 4 
List of 2
 $ : num [1, 1, 1:4] 0.496 0.265 0.652 0.302
 $ : num [1, 1, 1:4] 2.29 3.79 3.21 11.39
NULL
R priorParameters: 2 8 
R maxT: 1 
R_PriorDraw_first_mu: 0.9192463 
R_PriorDraw_first_nu: 2.821712 
R-CCU: Before ClusterLabelChange for i = 30 newLabel= 1 currentLabel= 1 
R-CCU: sum(pointsPerCluster) = 2909 
 num [1:4] 2903 1 2 3
NULL
R-CCU: After ClusterLabelChange for i = 30 
R-CCU: sum(pointsPerCluster) = 2910 
 num [1:4] 2904 1 2 3
NULL
R-CCU: dpObj$numberClusters = 4 
List of 2
 $ : num [1, 1, 1:4] 0.496 0.265 0.652 0.302
 $ : num [1, 1, 1:4] 2.29 3.79 3.21 11.39
NULL
R priorParameters: 2 8 
R maxT: 1 
R_PriorDraw_first_mu: 0.910551 
R_PriorDraw_first_nu: 2.855155 
R-CCU: Before ClusterLabelChange for i = 31 newLabel= 1 currentLabel= 1 
R-CCU: sum(pointsPerCluster) = 2910 
 num [1:4] 2904 1 2 3
NULL
R-CCU: After ClusterLabelChange for i = 31 
R-CCU: sum(pointsPerCluster) = 2911 
 num [1:4] 2905 1 2 3
NULL
R-CCU: dpObj$numberClusters = 4 
List of 2
 $ : num [1, 1, 1:4] 0.496 0.265 0.652 0.302
 $ : num [1, 1, 1:4] 2.29 3.79 3.21 11.39
NULL
R priorParameters: 2 8 
R maxT: 1 
R_PriorDraw_first_mu: 0.8708953 
R_PriorDraw_first_nu: 12.04998 
R-CCU: Before ClusterLabelChange for i = 32 newLabel= 1 currentLabel= 1 
R-CCU: sum(pointsPerCluster) = 2911 
 num [1:4] 2905 1 2 3
NULL
R-CCU: After ClusterLabelChange for i = 32 
R-CCU: sum(pointsPerCluster) = 2912 
 num [1:4] 2906 1 2 3
NULL
R-CCU: dpObj$numberClusters = 4 
List of 2
 $ : num [1, 1, 1:4] 0.496 0.265 0.652 0.302
 $ : num [1, 1, 1:4] 2.29 3.79 3.21 11.39
NULL
R priorParameters: 2 8 
R maxT: 1 
R_PriorDraw_first_mu: 0.9495717 
R_PriorDraw_first_nu: 3.838711 
R-CCU: Before ClusterLabelChange for i = 33 newLabel= 1 currentLabel= 1 
R-CCU: sum(pointsPerCluster) = 2912 
 num [1:4] 2906 1 2 3
NULL
R-CCU: After ClusterLabelChange for i = 33 
R-CCU: sum(pointsPerCluster) = 2913 
 num [1:4] 2907 1 2 3
NULL
R-CCU: dpObj$numberClusters = 4 
List of 2
 $ : num [1, 1, 1:4] 0.496 0.265 0.652 0.302
 $ : num [1, 1, 1:4] 2.29 3.79 3.21 11.39
NULL
R priorParameters: 2 8 
R maxT: 1 
R_PriorDraw_first_mu: 0.02272964 
R_PriorDraw_first_nu: 2.334269 
R-CCU: Before ClusterLabelChange for i = 34 newLabel= 1 currentLabel= 1 
R-CCU: sum(pointsPerCluster) = 2913 
 num [1:4] 2907 1 2 3
NULL
R-CCU: After ClusterLabelChange for i = 34 
R-CCU: sum(pointsPerCluster) = 2914 
 num [1:4] 2908 1 2 3
NULL
R-CCU: dpObj$numberClusters = 4 
List of 2
 $ : num [1, 1, 1:4] 0.496 0.265 0.652 0.302
 $ : num [1, 1, 1:4] 2.29 3.79 3.21 11.39
NULL
R priorParameters: 2 8 
R maxT: 1 
R_PriorDraw_first_mu: 0.6211787 
R_PriorDraw_first_nu: 1.486317 
R-CCU: Before ClusterLabelChange for i = 35 newLabel= 1 currentLabel= 1 
R-CCU: sum(pointsPerCluster) = 2914 
 num [1:4] 2908 1 2 3
NULL
R-CCU: After ClusterLabelChange for i = 35 
R-CCU: sum(pointsPerCluster) = 2915 
 num [1:4] 2909 1 2 3
NULL
R-CCU: dpObj$numberClusters = 4 
List of 2
 $ : num [1, 1, 1:4] 0.496 0.265 0.652 0.302
 $ : num [1, 1, 1:4] 2.29 3.79 3.21 11.39
NULL
R priorParameters: 2 8 
R maxT: 1 
R_PriorDraw_first_mu: 0.9368642 
R_PriorDraw_first_nu: 2.428227 
R-CCU: Before ClusterLabelChange for i = 36 newLabel= 1 currentLabel= 1 
R-CCU: sum(pointsPerCluster) = 2915 
 num [1:4] 2909 1 2 3
NULL
R-CCU: After ClusterLabelChange for i = 36 
R-CCU: sum(pointsPerCluster) = 2916 
 num [1:4] 2910 1 2 3
NULL
R-CCU: dpObj$numberClusters = 4 
List of 2
 $ : num [1, 1, 1:4] 0.496 0.265 0.652 0.302
 $ : num [1, 1, 1:4] 2.29 3.79 3.21 11.39
NULL
R priorParameters: 2 8 
R maxT: 1 
R_PriorDraw_first_mu: 0.9992671 
R_PriorDraw_first_nu: 65.24448 
R-CCU: Before ClusterLabelChange for i = 37 newLabel= 1 currentLabel= 1 
R-CCU: sum(pointsPerCluster) = 2916 
 num [1:4] 2910 1 2 3
NULL
R-CCU: After ClusterLabelChange for i = 37 
R-CCU: sum(pointsPerCluster) = 2917 
 num [1:4] 2911 1 2 3
NULL
R-CCU: dpObj$numberClusters = 4 
List of 2
 $ : num [1, 1, 1:4] 0.496 0.265 0.652 0.302
 $ : num [1, 1, 1:4] 2.29 3.79 3.21 11.39
NULL
R priorParameters: 2 8 
R maxT: 1 
R_PriorDraw_first_mu: 0.4741112 
R_PriorDraw_first_nu: 13.94266 
R-CCU: Before ClusterLabelChange for i = 38 newLabel= 1 currentLabel= 1 
R-CCU: sum(pointsPerCluster) = 2917 
 num [1:4] 2911 1 2 3
NULL
R-CCU: After ClusterLabelChange for i = 38 
R-CCU: sum(pointsPerCluster) = 2918 
 num [1:4] 2912 1 2 3
NULL
R-CCU: dpObj$numberClusters = 4 
List of 2
 $ : num [1, 1, 1:4] 0.496 0.265 0.652 0.302
 $ : num [1, 1, 1:4] 2.29 3.79 3.21 11.39
NULL
R priorParameters: 2 8 
R maxT: 1 
R_PriorDraw_first_mu: 0.05895856 
R_PriorDraw_first_nu: 2.46776 
R-CCU: Before ClusterLabelChange for i = 39 newLabel= 1 currentLabel= 1 
R-CCU: sum(pointsPerCluster) = 2918 
 num [1:4] 2912 1 2 3
NULL
R-CCU: After ClusterLabelChange for i = 39 
R-CCU: sum(pointsPerCluster) = 2919 
 num [1:4] 2913 1 2 3
NULL
R-CCU: dpObj$numberClusters = 4 
List of 2
 $ : num [1, 1, 1:4] 0.496 0.265 0.652 0.302
 $ : num [1, 1, 1:4] 2.29 3.79 3.21 11.39
NULL
R priorParameters: 2 8 
R maxT: 1 
R_PriorDraw_first_mu: 0.4693918 
R_PriorDraw_first_nu: 13.60127 
R-CCU: Before ClusterLabelChange for i = 40 newLabel= 1 currentLabel= 1 
R-CCU: sum(pointsPerCluster) = 2919 
 num [1:4] 2913 1 2 3
NULL
R-CCU: After ClusterLabelChange for i = 40 
R-CCU: sum(pointsPerCluster) = 2920 
 num [1:4] 2914 1 2 3
NULL
R-CCU: dpObj$numberClusters = 4 
List of 2
 $ : num [1, 1, 1:4] 0.496 0.265 0.652 0.302
 $ : num [1, 1, 1:4] 2.29 3.79 3.21 11.39
NULL
R priorParameters: 2 8 
R maxT: 1 
R_PriorDraw_first_mu: 0.003820778 
R_PriorDraw_first_nu: 8.341349 
R-CCU: Before ClusterLabelChange for i = 41 newLabel= 1 currentLabel= 1 
R-CCU: sum(pointsPerCluster) = 2920 
 num [1:4] 2914 1 2 3
NULL
R-CCU: After ClusterLabelChange for i = 41 
R-CCU: sum(pointsPerCluster) = 2921 
 num [1:4] 2915 1 2 3
NULL
R-CCU: dpObj$numberClusters = 4 
List of 2
 $ : num [1, 1, 1:4] 0.496 0.265 0.652 0.302
 $ : num [1, 1, 1:4] 2.29 3.79 3.21 11.39
NULL
R priorParameters: 2 8 
R maxT: 1 
R_PriorDraw_first_mu: 0.8632823 
R_PriorDraw_first_nu: 2.627565 
R-CCU: Before ClusterLabelChange for i = 42 newLabel= 1 currentLabel= 1 
R-CCU: sum(pointsPerCluster) = 2921 
 num [1:4] 2915 1 2 3
NULL
R-CCU: After ClusterLabelChange for i = 42 
R-CCU: sum(pointsPerCluster) = 2922 
 num [1:4] 2916 1 2 3
NULL
R-CCU: dpObj$numberClusters = 4 
List of 2
 $ : num [1, 1, 1:4] 0.496 0.265 0.652 0.302
 $ : num [1, 1, 1:4] 2.29 3.79 3.21 11.39
NULL
R priorParameters: 2 8 
R maxT: 1 
R_PriorDraw_first_mu: 0.5118846 
R_PriorDraw_first_nu: 3.941209 
R-CCU: Before ClusterLabelChange for i = 43 newLabel= 1 currentLabel= 1 
R-CCU: sum(pointsPerCluster) = 2922 
 num [1:4] 2916 1 2 3
NULL
R-CCU: After ClusterLabelChange for i = 43 
R-CCU: sum(pointsPerCluster) = 2923 
 num [1:4] 2917 1 2 3
NULL
R-CCU: dpObj$numberClusters = 4 
List of 2
 $ : num [1, 1, 1:4] 0.496 0.265 0.652 0.302
 $ : num [1, 1, 1:4] 2.29 3.79 3.21 11.39
NULL
R priorParameters: 2 8 
R maxT: 1 
R_PriorDraw_first_mu: 0.1439623 
R_PriorDraw_first_nu: 4.145179 
R-CCU: Before ClusterLabelChange for i = 44 newLabel= 1 currentLabel= 1 
R-CCU: sum(pointsPerCluster) = 2923 
 num [1:4] 2917 1 2 3
NULL
R-CCU: After ClusterLabelChange for i = 44 
R-CCU: sum(pointsPerCluster) = 2924 
 num [1:4] 2918 1 2 3
NULL
R-CCU: dpObj$numberClusters = 4 
List of 2
 $ : num [1, 1, 1:4] 0.496 0.265 0.652 0.302
 $ : num [1, 1, 1:4] 2.29 3.79 3.21 11.39
NULL
R priorParameters: 2 8 
R maxT: 1 
R_PriorDraw_first_mu: 0.2470878 
R_PriorDraw_first_nu: 5.042899 
R-CCU: Before ClusterLabelChange for i = 45 newLabel= 1 currentLabel= 1 
R-CCU: sum(pointsPerCluster) = 2924 
 num [1:4] 2918 1 2 3
NULL
R-CCU: After ClusterLabelChange for i = 45 
R-CCU: sum(pointsPerCluster) = 2925 
 num [1:4] 2919 1 2 3
NULL
R-CCU: dpObj$numberClusters = 4 
List of 2
 $ : num [1, 1, 1:4] 0.496 0.265 0.652 0.302
 $ : num [1, 1, 1:4] 2.29 3.79 3.21 11.39
NULL
R priorParameters: 2 8 
R maxT: 1 
R_PriorDraw_first_mu: 0.9499569 
R_PriorDraw_first_nu: 6.738362 
R-CCU: Before ClusterLabelChange for i = 46 newLabel= 1 currentLabel= 1 
R-CCU: sum(pointsPerCluster) = 2925 
 num [1:4] 2919 1 2 3
NULL
R-CCU: After ClusterLabelChange for i = 46 
R-CCU: sum(pointsPerCluster) = 2926 
 num [1:4] 2920 1 2 3
NULL
R-CCU: dpObj$numberClusters = 4 
List of 2
 $ : num [1, 1, 1:4] 0.496 0.265 0.652 0.302
 $ : num [1, 1, 1:4] 2.29 3.79 3.21 11.39
NULL
R priorParameters: 2 8 
R maxT: 1 
R_PriorDraw_first_mu: 0.6204575 
R_PriorDraw_first_nu: 9.148754 
R-CCU: Before ClusterLabelChange for i = 47 newLabel= 1 currentLabel= 1 
R-CCU: sum(pointsPerCluster) = 2926 
 num [1:4] 2920 1 2 3
NULL
R-CCU: After ClusterLabelChange for i = 47 
R-CCU: sum(pointsPerCluster) = 2927 
 num [1:4] 2921 1 2 3
NULL
R-CCU: dpObj$numberClusters = 4 
List of 2
 $ : num [1, 1, 1:4] 0.496 0.265 0.652 0.302
 $ : num [1, 1, 1:4] 2.29 3.79 3.21 11.39
NULL
R priorParameters: 2 8 
R maxT: 1 
R_PriorDraw_first_mu: 0.9996292 
R_PriorDraw_first_nu: 4.239863 
R-CCU: Before ClusterLabelChange for i = 48 newLabel= 1 currentLabel= 1 
R-CCU: sum(pointsPerCluster) = 2927 
 num [1:4] 2921 1 2 3
NULL
R-CCU: After ClusterLabelChange for i = 48 
R-CCU: sum(pointsPerCluster) = 2928 
 num [1:4] 2922 1 2 3
NULL
R-CCU: dpObj$numberClusters = 4 
List of 2
 $ : num [1, 1, 1:4] 0.496 0.265 0.652 0.302
 $ : num [1, 1, 1:4] 2.29 3.79 3.21 11.39
NULL
R priorParameters: 2 8 
R maxT: 1 
R_PriorDraw_first_mu: 0.749572 
R_PriorDraw_first_nu: 36.20067 
R-CCU: Before ClusterLabelChange for i = 49 newLabel= 1 currentLabel= 1 
R-CCU: sum(pointsPerCluster) = 2928 
 num [1:4] 2922 1 2 3
NULL
R-CCU: After ClusterLabelChange for i = 49 
R-CCU: sum(pointsPerCluster) = 2929 
 num [1:4] 2923 1 2 3
NULL
R-CCU: dpObj$numberClusters = 4 
List of 2
 $ : num [1, 1, 1:4] 0.496 0.265 0.652 0.302
 $ : num [1, 1, 1:4] 2.29 3.79 3.21 11.39
NULL
R priorParameters: 2 8 
R maxT: 1 
R_PriorDraw_first_mu: 0.9710697 
R_PriorDraw_first_nu: 10.18659 
R-CCU: Before ClusterLabelChange for i = 50 newLabel= 1 currentLabel= 1 
R-CCU: sum(pointsPerCluster) = 2929 
 num [1:4] 2923 1 2 3
NULL
R-CCU: After ClusterLabelChange for i = 50 
R-CCU: sum(pointsPerCluster) = 2930 
 num [1:4] 2924 1 2 3
NULL
R-CCU: dpObj$numberClusters = 4 
List of 2
 $ : num [1, 1, 1:4] 0.496 0.265 0.652 0.302
 $ : num [1, 1, 1:4] 2.29 3.79 3.21 11.39
NULL
R priorParameters: 2 8 
R maxT: 1 
R_PriorDraw_first_mu: 0.6966716 
R_PriorDraw_first_nu: 11.50717 
R-CCU: Before ClusterLabelChange for i = 51 newLabel= 1 currentLabel= 1 
R-CCU: sum(pointsPerCluster) = 2930 
 num [1:4] 2924 1 2 3
NULL
R-CCU: After ClusterLabelChange for i = 51 
R-CCU: sum(pointsPerCluster) = 2931 
 num [1:4] 2925 1 2 3
NULL
R-CCU: dpObj$numberClusters = 4 
List of 2
 $ : num [1, 1, 1:4] 0.496 0.265 0.652 0.302
 $ : num [1, 1, 1:4] 2.29 3.79 3.21 11.39
NULL
R priorParameters: 2 8 
R maxT: 1 
R_PriorDraw_first_mu: 0.3194975 
R_PriorDraw_first_nu: 3.962728 
R-CCU: Before ClusterLabelChange for i = 52 newLabel= 1 currentLabel= 1 
R-CCU: sum(pointsPerCluster) = 2931 
 num [1:4] 2925 1 2 3
NULL
R-CCU: After ClusterLabelChange for i = 52 
R-CCU: sum(pointsPerCluster) = 2932 
 num [1:4] 2926 1 2 3
NULL
R-CCU: dpObj$numberClusters = 4 
List of 2
 $ : num [1, 1, 1:4] 0.496 0.265 0.652 0.302
 $ : num [1, 1, 1:4] 2.29 3.79 3.21 11.39
NULL
R priorParameters: 2 8 
R maxT: 1 
R_PriorDraw_first_mu: 0.7036153 
R_PriorDraw_first_nu: 2.215392 
R-CCU: Before ClusterLabelChange for i = 53 newLabel= 1 currentLabel= 1 
R-CCU: sum(pointsPerCluster) = 2932 
 num [1:4] 2926 1 2 3
NULL
R-CCU: After ClusterLabelChange for i = 53 
R-CCU: sum(pointsPerCluster) = 2933 
 num [1:4] 2927 1 2 3
NULL
R-CCU: dpObj$numberClusters = 4 
List of 2
 $ : num [1, 1, 1:4] 0.496 0.265 0.652 0.302
 $ : num [1, 1, 1:4] 2.29 3.79 3.21 11.39
NULL
R priorParameters: 2 8 
R maxT: 1 
R_PriorDraw_first_mu: 0.2666677 
R_PriorDraw_first_nu: 6.910286 
R-CCU: Before ClusterLabelChange for i = 54 newLabel= 1 currentLabel= 1 
R-CCU: sum(pointsPerCluster) = 2933 
 num [1:4] 2927 1 2 3
NULL
R-CCU: After ClusterLabelChange for i = 54 
R-CCU: sum(pointsPerCluster) = 2934 
 num [1:4] 2928 1 2 3
NULL
R-CCU: dpObj$numberClusters = 4 
List of 2
 $ : num [1, 1, 1:4] 0.496 0.265 0.652 0.302
 $ : num [1, 1, 1:4] 2.29 3.79 3.21 11.39
NULL
R priorParameters: 2 8 
R maxT: 1 
R_PriorDraw_first_mu: 0.7590622 
R_PriorDraw_first_nu: 3.132316 
R-CCU: Before ClusterLabelChange for i = 55 newLabel= 1 currentLabel= 1 
R-CCU: sum(pointsPerCluster) = 2934 
 num [1:4] 2928 1 2 3
NULL
R-CCU: After ClusterLabelChange for i = 55 
R-CCU: sum(pointsPerCluster) = 2935 
 num [1:4] 2929 1 2 3
NULL
R-CCU: dpObj$numberClusters = 4 
List of 2
 $ : num [1, 1, 1:4] 0.496 0.265 0.652 0.302
 $ : num [1, 1, 1:4] 2.29 3.79 3.21 11.39
NULL
R priorParameters: 2 8 
R maxT: 1 
R_PriorDraw_first_mu: 0.04011742 
R_PriorDraw_first_nu: 7.4101 
R-CCU: Before ClusterLabelChange for i = 56 newLabel= 1 currentLabel= 1 
R-CCU: sum(pointsPerCluster) = 2935 
 num [1:4] 2929 1 2 3
NULL
R-CCU: After ClusterLabelChange for i = 56 
R-CCU: sum(pointsPerCluster) = 2936 
 num [1:4] 2930 1 2 3
NULL
R-CCU: dpObj$numberClusters = 4 
List of 2
 $ : num [1, 1, 1:4] 0.496 0.265 0.652 0.302
 $ : num [1, 1, 1:4] 2.29 3.79 3.21 11.39
NULL
R priorParameters: 2 8 
R maxT: 1 
R_PriorDraw_first_mu: 0.05361465 
R_PriorDraw_first_nu: 1.330952 
R-CCU: Before ClusterLabelChange for i = 57 newLabel= 1 currentLabel= 1 
R-CCU: sum(pointsPerCluster) = 2936 
 num [1:4] 2930 1 2 3
NULL
R-CCU: After ClusterLabelChange for i = 57 
R-CCU: sum(pointsPerCluster) = 2937 
 num [1:4] 2931 1 2 3
NULL
R-CCU: dpObj$numberClusters = 4 
List of 2
 $ : num [1, 1, 1:4] 0.496 0.265 0.652 0.302
 $ : num [1, 1, 1:4] 2.29 3.79 3.21 11.39
NULL
R priorParameters: 2 8 
R maxT: 1 
R_PriorDraw_first_mu: 0.005948069 
R_PriorDraw_first_nu: 2.837358 
R-CCU: Before ClusterLabelChange for i = 58 newLabel= 1 currentLabel= 1 
R-CCU: sum(pointsPerCluster) = 2937 
 num [1:4] 2931 1 2 3
NULL
R-CCU: After ClusterLabelChange for i = 58 
R-CCU: sum(pointsPerCluster) = 2938 
 num [1:4] 2932 1 2 3
NULL
R-CCU: dpObj$numberClusters = 4 
List of 2
 $ : num [1, 1, 1:4] 0.496 0.265 0.652 0.302
 $ : num [1, 1, 1:4] 2.29 3.79 3.21 11.39
NULL
R priorParameters: 2 8 
R maxT: 1 
R_PriorDraw_first_mu: 0.08984256 
R_PriorDraw_first_nu: 24.21915 
R-CCU: Before ClusterLabelChange for i = 59 newLabel= 1 currentLabel= 1 
R-CCU: sum(pointsPerCluster) = 2938 
 num [1:4] 2932 1 2 3
NULL
R-CCU: After ClusterLabelChange for i = 59 
R-CCU: sum(pointsPerCluster) = 2939 
 num [1:4] 2933 1 2 3
NULL
R-CCU: dpObj$numberClusters = 4 
List of 2
 $ : num [1, 1, 1:4] 0.496 0.265 0.652 0.302
 $ : num [1, 1, 1:4] 2.29 3.79 3.21 11.39
NULL
R priorParameters: 2 8 
R maxT: 1 
R_PriorDraw_first_mu: 0.5215686 
R_PriorDraw_first_nu: 29.50483 
R-CCU: Before ClusterLabelChange for i = 60 newLabel= 1 currentLabel= 1 
R-CCU: sum(pointsPerCluster) = 2939 
 num [1:4] 2933 1 2 3
NULL
R-CCU: After ClusterLabelChange for i = 60 
R-CCU: sum(pointsPerCluster) = 2940 
 num [1:4] 2934 1 2 3
NULL
R-CCU: dpObj$numberClusters = 4 
List of 2
 $ : num [1, 1, 1:4] 0.496 0.265 0.652 0.302
 $ : num [1, 1, 1:4] 2.29 3.79 3.21 11.39
NULL

⠴ |   96      0 | Beta Distribution Full Integration Test          R priorParameters: 2 8 
R maxT: 1 
R_PriorDraw_first_mu: 0.7537486 
R_PriorDraw_first_nu: 2.297378 
R-CCU: Before ClusterLabelChange for i = 1 newLabel= 1 currentLabel= 1 
R-CCU: sum(pointsPerCluster) = 2940 
 num [1:4] 2934 1 2 3
NULL
R-CCU: After ClusterLabelChange for i = 1 
R-CCU: sum(pointsPerCluster) = 2941 
 num [1:4] 2935 1 2 3
NULL
R-CCU: dpObj$numberClusters = 4 
List of 2
 $ : num [1, 1, 1:4] 0.496 0.265 0.652 0.302
 $ : num [1, 1, 1:4] 2.6 3.79 3.21 11.39
NULL
R priorParameters: 2 8 
R maxT: 1 
R_PriorDraw_first_mu: 0.7350077 
R_PriorDraw_first_nu: 2.882158 
R-CCU: Before ClusterLabelChange for i = 2 newLabel= 1 currentLabel= 1 
R-CCU: sum(pointsPerCluster) = 2941 
 num [1:4] 2935 1 2 3
NULL
R-CCU: After ClusterLabelChange for i = 2 
R-CCU: sum(pointsPerCluster) = 2942 
 num [1:4] 2936 1 2 3
NULL
R-CCU: dpObj$numberClusters = 4 
List of 2
 $ : num [1, 1, 1:4] 0.496 0.265 0.652 0.302
 $ : num [1, 1, 1:4] 2.6 3.79 3.21 11.39
NULL
R priorParameters: 2 8 
R maxT: 1 
R_PriorDraw_first_mu: 0.4607516 
R_PriorDraw_first_nu: 2.391673 
R-CCU: Before ClusterLabelChange for i = 3 newLabel= 1 currentLabel= 1 
R-CCU: sum(pointsPerCluster) = 2942 
 num [1:4] 2936 1 2 3
NULL
R-CCU: After ClusterLabelChange for i = 3 
R-CCU: sum(pointsPerCluster) = 2943 
 num [1:4] 2937 1 2 3
NULL
R-CCU: dpObj$numberClusters = 4 
List of 2
 $ : num [1, 1, 1:4] 0.496 0.265 0.652 0.302
 $ : num [1, 1, 1:4] 2.6 3.79 3.21 11.39
NULL
R priorParameters: 2 8 
R maxT: 1 
R_PriorDraw_first_mu: 0.5564953 
R_PriorDraw_first_nu: 3.17053 
R-CCU: Before ClusterLabelChange for i = 4 newLabel= 1 currentLabel= 1 
R-CCU: sum(pointsPerCluster) = 2943 
 num [1:4] 2937 1 2 3
NULL
R-CCU: After ClusterLabelChange for i = 4 
R-CCU: sum(pointsPerCluster) = 2944 
 num [1:4] 2938 1 2 3
NULL
R-CCU: dpObj$numberClusters = 4 
List of 2
 $ : num [1, 1, 1:4] 0.496 0.265 0.652 0.302
 $ : num [1, 1, 1:4] 2.6 3.79 3.21 11.39
NULL
R priorParameters: 2 8 
R maxT: 1 
R_PriorDraw_first_mu: 0.9352368 
R_PriorDraw_first_nu: 1.73411 
R-CCU: Before ClusterLabelChange for i = 5 newLabel= 1 currentLabel= 1 
R-CCU: sum(pointsPerCluster) = 2944 
 num [1:4] 2938 1 2 3
NULL
R-CCU: After ClusterLabelChange for i = 5 
R-CCU: sum(pointsPerCluster) = 2945 
 num [1:4] 2939 1 2 3
NULL
R-CCU: dpObj$numberClusters = 4 
List of 2
 $ : num [1, 1, 1:4] 0.496 0.265 0.652 0.302
 $ : num [1, 1, 1:4] 2.6 3.79 3.21 11.39
NULL
R priorParameters: 2 8 
R maxT: 1 
R_PriorDraw_first_mu: 0.6646987 
R_PriorDraw_first_nu: 9.147713 
R-CCU: Before ClusterLabelChange for i = 6 newLabel= 1 currentLabel= 1 
R-CCU: sum(pointsPerCluster) = 2945 
 num [1:4] 2939 1 2 3
NULL
R-CCU: After ClusterLabelChange for i = 6 
R-CCU: sum(pointsPerCluster) = 2946 
 num [1:4] 2940 1 2 3
NULL
R-CCU: dpObj$numberClusters = 4 
List of 2
 $ : num [1, 1, 1:4] 0.496 0.265 0.652 0.302
 $ : num [1, 1, 1:4] 2.6 3.79 3.21 11.39
NULL
R priorParameters: 2 8 
R maxT: 1 
R_PriorDraw_first_mu: 0.4258043 
R_PriorDraw_first_nu: 3.479581 
R-CCU: Before ClusterLabelChange for i = 7 newLabel= 1 currentLabel= 1 
R-CCU: sum(pointsPerCluster) = 2946 
 num [1:4] 2940 1 2 3
NULL
R-CCU: After ClusterLabelChange for i = 7 
R-CCU: sum(pointsPerCluster) = 2947 
 num [1:4] 2941 1 2 3
NULL
R-CCU: dpObj$numberClusters = 4 
List of 2
 $ : num [1, 1, 1:4] 0.496 0.265 0.652 0.302
 $ : num [1, 1, 1:4] 2.6 3.79 3.21 11.39
NULL
R priorParameters: 2 8 
R maxT: 1 
R_PriorDraw_first_mu: 0.2246191 
R_PriorDraw_first_nu: 8.372598 
R-CCU: Before ClusterLabelChange for i = 8 newLabel= 1 currentLabel= 1 
R-CCU: sum(pointsPerCluster) = 2947 
 num [1:4] 2941 1 2 3
NULL
R-CCU: After ClusterLabelChange for i = 8 
R-CCU: sum(pointsPerCluster) = 2948 
 num [1:4] 2942 1 2 3
NULL
R-CCU: dpObj$numberClusters = 4 
List of 2
 $ : num [1, 1, 1:4] 0.496 0.265 0.652 0.302
 $ : num [1, 1, 1:4] 2.6 3.79 3.21 11.39
NULL
R priorParameters: 2 8 
R maxT: 1 
R_PriorDraw_first_mu: 0.8711687 
R_PriorDraw_first_nu: 6.018279 
R-CCU: Before ClusterLabelChange for i = 9 newLabel= 1 currentLabel= 1 
R-CCU: sum(pointsPerCluster) = 2948 
 num [1:4] 2942 1 2 3
NULL
R-CCU: After ClusterLabelChange for i = 9 
R-CCU: sum(pointsPerCluster) = 2949 
 num [1:4] 2943 1 2 3
NULL
R-CCU: dpObj$numberClusters = 4 
List of 2
 $ : num [1, 1, 1:4] 0.496 0.265 0.652 0.302
 $ : num [1, 1, 1:4] 2.6 3.79 3.21 11.39
NULL
R priorParameters: 2 8 
R maxT: 1 
R_PriorDraw_first_mu: 0.1687006 
R_PriorDraw_first_nu: 14.32265 
R-CCU: Before ClusterLabelChange for i = 10 newLabel= 1 currentLabel= 1 
R-CCU: sum(pointsPerCluster) = 2949 
 num [1:4] 2943 1 2 3
NULL
R-CCU: After ClusterLabelChange for i = 10 
R-CCU: sum(pointsPerCluster) = 2950 
 num [1:4] 2944 1 2 3
NULL
R-CCU: dpObj$numberClusters = 4 
List of 2
 $ : num [1, 1, 1:4] 0.496 0.265 0.652 0.302
 $ : num [1, 1, 1:4] 2.6 3.79 3.21 11.39
NULL
R priorParameters: 2 8 
R maxT: 1 
R_PriorDraw_first_mu: 0.01835598 
R_PriorDraw_first_nu: 9.178626 
R-CCU: Before ClusterLabelChange for i = 11 newLabel= 1 currentLabel= 1 
R-CCU: sum(pointsPerCluster) = 2950 
 num [1:4] 2944 1 2 3
NULL
R-CCU: After ClusterLabelChange for i = 11 
R-CCU: sum(pointsPerCluster) = 2951 
 num [1:4] 2945 1 2 3
NULL
R-CCU: dpObj$numberClusters = 4 
List of 2
 $ : num [1, 1, 1:4] 0.496 0.265 0.652 0.302
 $ : num [1, 1, 1:4] 2.6 3.79 3.21 11.39
NULL
R priorParameters: 2 8 
R maxT: 1 
R_PriorDraw_first_mu: 0.8406074 
R_PriorDraw_first_nu: 4.323792 
R-CCU: Before ClusterLabelChange for i = 12 newLabel= 1 currentLabel= 1 
R-CCU: sum(pointsPerCluster) = 2951 
 num [1:4] 2945 1 2 3
NULL
R-CCU: After ClusterLabelChange for i = 12 
R-CCU: sum(pointsPerCluster) = 2952 
 num [1:4] 2946 1 2 3
NULL
R-CCU: dpObj$numberClusters = 4 
List of 2
 $ : num [1, 1, 1:4] 0.496 0.265 0.652 0.302
 $ : num [1, 1, 1:4] 2.6 3.79 3.21 11.39
NULL
R priorParameters: 2 8 
R maxT: 1 
R_PriorDraw_first_mu: 0.4435108 
R_PriorDraw_first_nu: 2.911981 
R-CCU: Before ClusterLabelChange for i = 13 newLabel= 1 currentLabel= 1 
R-CCU: sum(pointsPerCluster) = 2952 
 num [1:4] 2946 1 2 3
NULL
R-CCU: After ClusterLabelChange for i = 13 
R-CCU: sum(pointsPerCluster) = 2953 
 num [1:4] 2947 1 2 3
NULL
R-CCU: dpObj$numberClusters = 4 
List of 2
 $ : num [1, 1, 1:4] 0.496 0.265 0.652 0.302
 $ : num [1, 1, 1:4] 2.6 3.79 3.21 11.39
NULL
R priorParameters: 2 8 
R maxT: 1 
R_PriorDraw_first_mu: 0.5955314 
R_PriorDraw_first_nu: 9.057772 
R-CCU: Before ClusterLabelChange for i = 14 newLabel= 1 currentLabel= 1 
R-CCU: sum(pointsPerCluster) = 2953 
 num [1:4] 2947 1 2 3
NULL
R-CCU: After ClusterLabelChange for i = 14 
R-CCU: sum(pointsPerCluster) = 2954 
 num [1:4] 2948 1 2 3
NULL
R-CCU: dpObj$numberClusters = 4 
List of 2
 $ : num [1, 1, 1:4] 0.496 0.265 0.652 0.302
 $ : num [1, 1, 1:4] 2.6 3.79 3.21 11.39
NULL
R priorParameters: 2 8 
R maxT: 1 
R_PriorDraw_first_mu: 0.2277872 
R_PriorDraw_first_nu: 2.858112 
R-CCU: Before ClusterLabelChange for i = 15 newLabel= 1 currentLabel= 1 
R-CCU: sum(pointsPerCluster) = 2954 
 num [1:4] 2948 1 2 3
NULL
R-CCU: After ClusterLabelChange for i = 15 
R-CCU: sum(pointsPerCluster) = 2955 
 num [1:4] 2949 1 2 3
NULL
R-CCU: dpObj$numberClusters = 4 
List of 2
 $ : num [1, 1, 1:4] 0.496 0.265 0.652 0.302
 $ : num [1, 1, 1:4] 2.6 3.79 3.21 11.39
NULL
R priorParameters: 2 8 
R maxT: 1 
R_PriorDraw_first_mu: 0.4243971 
R_PriorDraw_first_nu: 11.8075 
R-CCU: Before ClusterLabelChange for i = 16 newLabel= 1 currentLabel= 1 
R-CCU: sum(pointsPerCluster) = 2955 
 num [1:4] 2949 1 2 3
NULL
R-CCU: After ClusterLabelChange for i = 16 
R-CCU: sum(pointsPerCluster) = 2956 
 num [1:4] 2950 1 2 3
NULL
R-CCU: dpObj$numberClusters = 4 
List of 2
 $ : num [1, 1, 1:4] 0.496 0.265 0.652 0.302
 $ : num [1, 1, 1:4] 2.6 3.79 3.21 11.39
NULL
R priorParameters: 2 8 
R maxT: 1 
R_PriorDraw_first_mu: 0.3447388 
R_PriorDraw_first_nu: 6.314092 
R-CCU: Before ClusterLabelChange for i = 17 newLabel= 1 currentLabel= 1 
R-CCU: sum(pointsPerCluster) = 2956 
 num [1:4] 2950 1 2 3
NULL
R-CCU: After ClusterLabelChange for i = 17 
R-CCU: sum(pointsPerCluster) = 2957 
 num [1:4] 2951 1 2 3
NULL
R-CCU: dpObj$numberClusters = 4 
List of 2
 $ : num [1, 1, 1:4] 0.496 0.265 0.652 0.302
 $ : num [1, 1, 1:4] 2.6 3.79 3.21 11.39
NULL
R priorParameters: 2 8 
R maxT: 1 
R_PriorDraw_first_mu: 0.2751026 
R_PriorDraw_first_nu: 37.32429 
R-CCU: Before ClusterLabelChange for i = 18 newLabel= 1 currentLabel= 1 
R-CCU: sum(pointsPerCluster) = 2957 
 num [1:4] 2951 1 2 3
NULL
R-CCU: After ClusterLabelChange for i = 18 
R-CCU: sum(pointsPerCluster) = 2958 
 num [1:4] 2952 1 2 3
NULL
R-CCU: dpObj$numberClusters = 4 
List of 2
 $ : num [1, 1, 1:4] 0.496 0.265 0.652 0.302
 $ : num [1, 1, 1:4] 2.6 3.79 3.21 11.39
NULL
R priorParameters: 2 8 
R maxT: 1 
R_PriorDraw_first_mu: 0.5987202 
R_PriorDraw_first_nu: 1.757181 
R-CCU: Before ClusterLabelChange for i = 19 newLabel= 1 currentLabel= 1 
R-CCU: sum(pointsPerCluster) = 2958 
 num [1:4] 2952 1 2 3
NULL
R-CCU: After ClusterLabelChange for i = 19 
R-CCU: sum(pointsPerCluster) = 2959 
 num [1:4] 2953 1 2 3
NULL
R-CCU: dpObj$numberClusters = 4 
List of 2
 $ : num [1, 1, 1:4] 0.496 0.265 0.652 0.302
 $ : num [1, 1, 1:4] 2.6 3.79 3.21 11.39
NULL
R priorParameters: 2 8 
R maxT: 1 
R_PriorDraw_first_mu: 0.5239111 
R_PriorDraw_first_nu: 2.594642 
R-CCU: Before ClusterLabelChange for i = 20 newLabel= 1 currentLabel= 1 
R-CCU: sum(pointsPerCluster) = 2959 
 num [1:4] 2953 1 2 3
NULL
R-CCU: After ClusterLabelChange for i = 20 
R-CCU: sum(pointsPerCluster) = 2960 
 num [1:4] 2954 1 2 3
NULL
R-CCU: dpObj$numberClusters = 4 
List of 2
 $ : num [1, 1, 1:4] 0.496 0.265 0.652 0.302
 $ : num [1, 1, 1:4] 2.6 3.79 3.21 11.39
NULL
R priorParameters: 2 8 
R maxT: 1 
R_PriorDraw_first_mu: 0.9973346 
R_PriorDraw_first_nu: 2.69 
R-CCU: Before ClusterLabelChange for i = 21 newLabel= 1 currentLabel= 1 
R-CCU: sum(pointsPerCluster) = 2960 
 num [1:4] 2954 1 2 3
NULL
R-CCU: After ClusterLabelChange for i = 21 
R-CCU: sum(pointsPerCluster) = 2961 
 num [1:4] 2955 1 2 3
NULL
R-CCU: dpObj$numberClusters = 4 
List of 2
 $ : num [1, 1, 1:4] 0.496 0.265 0.652 0.302
 $ : num [1, 1, 1:4] 2.6 3.79 3.21 11.39
NULL
R priorParameters: 2 8 
R maxT: 1 
R_PriorDraw_first_mu: 0.3001693 
R_PriorDraw_first_nu: 2.281363 
R-CCU: Before ClusterLabelChange for i = 22 newLabel= 1 currentLabel= 1 
R-CCU: sum(pointsPerCluster) = 2961 
 num [1:4] 2955 1 2 3
NULL
R-CCU: After ClusterLabelChange for i = 22 
R-CCU: sum(pointsPerCluster) = 2962 
 num [1:4] 2956 1 2 3
NULL
R-CCU: dpObj$numberClusters = 4 
List of 2
 $ : num [1, 1, 1:4] 0.496 0.265 0.652 0.302
 $ : num [1, 1, 1:4] 2.6 3.79 3.21 11.39
NULL
R priorParameters: 2 8 
R maxT: 1 
R_PriorDraw_first_mu: 0.9291779 
R_PriorDraw_first_nu: 4.65175 
R-CCU: Before ClusterLabelChange for i = 23 newLabel= 1 currentLabel= 1 
R-CCU: sum(pointsPerCluster) = 2962 
 num [1:4] 2956 1 2 3
NULL
R-CCU: After ClusterLabelChange for i = 23 
R-CCU: sum(pointsPerCluster) = 2963 
 num [1:4] 2957 1 2 3
NULL
R-CCU: dpObj$numberClusters = 4 
List of 2
 $ : num [1, 1, 1:4] 0.496 0.265 0.652 0.302
 $ : num [1, 1, 1:4] 2.6 3.79 3.21 11.39
NULL
R priorParameters: 2 8 
R maxT: 1 
R_PriorDraw_first_mu: 0.7490273 
R_PriorDraw_first_nu: 1.593028 
R-CCU: Before ClusterLabelChange for i = 24 newLabel= 1 currentLabel= 1 
R-CCU: sum(pointsPerCluster) = 2963 
 num [1:4] 2957 1 2 3
NULL
R-CCU: After ClusterLabelChange for i = 24 
R-CCU: sum(pointsPerCluster) = 2964 
 num [1:4] 2958 1 2 3
NULL
R-CCU: dpObj$numberClusters = 4 
List of 2
 $ : num [1, 1, 1:4] 0.496 0.265 0.652 0.302
 $ : num [1, 1, 1:4] 2.6 3.79 3.21 11.39
NULL
R priorParameters: 2 8 
R maxT: 1 
R_PriorDraw_first_mu: 0.4779528 
R_PriorDraw_first_nu: 3.329425 
R-CCU: Before ClusterLabelChange for i = 25 newLabel= 1 currentLabel= 1 
R-CCU: sum(pointsPerCluster) = 2964 
 num [1:4] 2958 1 2 3
NULL
R-CCU: After ClusterLabelChange for i = 25 
R-CCU: sum(pointsPerCluster) = 2965 
 num [1:4] 2959 1 2 3
NULL
R-CCU: dpObj$numberClusters = 4 
List of 2
 $ : num [1, 1, 1:4] 0.496 0.265 0.652 0.302
 $ : num [1, 1, 1:4] 2.6 3.79 3.21 11.39
NULL
R priorParameters: 2 8 
R maxT: 1 
R_PriorDraw_first_mu: 0.4398923 
R_PriorDraw_first_nu: 13.51203 
R-CCU: Before ClusterLabelChange for i = 26 newLabel= 1 currentLabel= 1 
R-CCU: sum(pointsPerCluster) = 2965 
 num [1:4] 2959 1 2 3
NULL
R-CCU: After ClusterLabelChange for i = 26 
R-CCU: sum(pointsPerCluster) = 2966 
 num [1:4] 2960 1 2 3
NULL
R-CCU: dpObj$numberClusters = 4 
List of 2
 $ : num [1, 1, 1:4] 0.496 0.265 0.652 0.302
 $ : num [1, 1, 1:4] 2.6 3.79 3.21 11.39
NULL
R priorParameters: 2 8 
R maxT: 1 
R_PriorDraw_first_mu: 0.3810431 
R_PriorDraw_first_nu: 6.133562 
R-CCU: Before ClusterLabelChange for i = 27 newLabel= 1 currentLabel= 1 
R-CCU: sum(pointsPerCluster) = 2966 
 num [1:4] 2960 1 2 3
NULL
R-CCU: After ClusterLabelChange for i = 27 
R-CCU: sum(pointsPerCluster) = 2967 
 num [1:4] 2961 1 2 3
NULL
R-CCU: dpObj$numberClusters = 4 
List of 2
 $ : num [1, 1, 1:4] 0.496 0.265 0.652 0.302
 $ : num [1, 1, 1:4] 2.6 3.79 3.21 11.39
NULL
R priorParameters: 2 8 
R maxT: 1 
R_PriorDraw_first_mu: 0.7065871 
R_PriorDraw_first_nu: 3.209106 
R-CCU: Before ClusterLabelChange for i = 28 newLabel= 1 currentLabel= 1 
R-CCU: sum(pointsPerCluster) = 2967 
 num [1:4] 2961 1 2 3
NULL
R-CCU: After ClusterLabelChange for i = 28 
R-CCU: sum(pointsPerCluster) = 2968 
 num [1:4] 2962 1 2 3
NULL
R-CCU: dpObj$numberClusters = 4 
List of 2
 $ : num [1, 1, 1:4] 0.496 0.265 0.652 0.302
 $ : num [1, 1, 1:4] 2.6 3.79 3.21 11.39
NULL
R priorParameters: 2 8 
R maxT: 1 
R_PriorDraw_first_mu: 0.2826672 
R_PriorDraw_first_nu: 14.44411 
R-CCU: Before ClusterLabelChange for i = 29 newLabel= 1 currentLabel= 1 
R-CCU: sum(pointsPerCluster) = 2968 
 num [1:4] 2962 1 2 3
NULL
R-CCU: After ClusterLabelChange for i = 29 
R-CCU: sum(pointsPerCluster) = 2969 
 num [1:4] 2963 1 2 3
NULL
R-CCU: dpObj$numberClusters = 4 
List of 2
 $ : num [1, 1, 1:4] 0.496 0.265 0.652 0.302
 $ : num [1, 1, 1:4] 2.6 3.79 3.21 11.39
NULL
R priorParameters: 2 8 
R maxT: 1 
R_PriorDraw_first_mu: 0.3127438 
R_PriorDraw_first_nu: 2.691328 
R-CCU: Before ClusterLabelChange for i = 30 newLabel= 1 currentLabel= 1 
R-CCU: sum(pointsPerCluster) = 2969 
 num [1:4] 2963 1 2 3
NULL
R-CCU: After ClusterLabelChange for i = 30 
R-CCU: sum(pointsPerCluster) = 2970 
 num [1:4] 2964 1 2 3
NULL
R-CCU: dpObj$numberClusters = 4 
List of 2
 $ : num [1, 1, 1:4] 0.496 0.265 0.652 0.302
 $ : num [1, 1, 1:4] 2.6 3.79 3.21 11.39
NULL
R priorParameters: 2 8 
R maxT: 1 
R_PriorDraw_first_mu: 0.7963954 
R_PriorDraw_first_nu: 8.705568 
R-CCU: Before ClusterLabelChange for i = 31 newLabel= 1 currentLabel= 1 
R-CCU: sum(pointsPerCluster) = 2970 
 num [1:4] 2964 1 2 3
NULL
R-CCU: After ClusterLabelChange for i = 31 
R-CCU: sum(pointsPerCluster) = 2971 
 num [1:4] 2965 1 2 3
NULL
R-CCU: dpObj$numberClusters = 4 
List of 2
 $ : num [1, 1, 1:4] 0.496 0.265 0.652 0.302
 $ : num [1, 1, 1:4] 2.6 3.79 3.21 11.39
NULL
R priorParameters: 2 8 
R maxT: 1 
R_PriorDraw_first_mu: 0.7505916 
R_PriorDraw_first_nu: 1.585896 
R-CCU: Before ClusterLabelChange for i = 32 newLabel= 1 currentLabel= 1 
R-CCU: sum(pointsPerCluster) = 2971 
 num [1:4] 2965 1 2 3
NULL
R-CCU: After ClusterLabelChange for i = 32 
R-CCU: sum(pointsPerCluster) = 2972 
 num [1:4] 2966 1 2 3
NULL
R-CCU: dpObj$numberClusters = 4 
List of 2
 $ : num [1, 1, 1:4] 0.496 0.265 0.652 0.302
 $ : num [1, 1, 1:4] 2.6 3.79 3.21 11.39
NULL
R priorParameters: 2 8 
R maxT: 1 
R_PriorDraw_first_mu: 0.6893017 
R_PriorDraw_first_nu: 3.541541 
R-CCU: Before ClusterLabelChange for i = 33 newLabel= 1 currentLabel= 1 
R-CCU: sum(pointsPerCluster) = 2972 
 num [1:4] 2966 1 2 3
NULL
R-CCU: After ClusterLabelChange for i = 33 
R-CCU: sum(pointsPerCluster) = 2973 
 num [1:4] 2967 1 2 3
NULL
R-CCU: dpObj$numberClusters = 4 
List of 2
 $ : num [1, 1, 1:4] 0.496 0.265 0.652 0.302
 $ : num [1, 1, 1:4] 2.6 3.79 3.21 11.39
NULL
R priorParameters: 2 8 
R maxT: 1 
R_PriorDraw_first_mu: 0.1975684 
R_PriorDraw_first_nu: 4.788227 
R-CCU: Before ClusterLabelChange for i = 34 newLabel= 1 currentLabel= 1 
R-CCU: sum(pointsPerCluster) = 2973 
 num [1:4] 2967 1 2 3
NULL
R-CCU: After ClusterLabelChange for i = 34 
R-CCU: sum(pointsPerCluster) = 2974 
 num [1:4] 2968 1 2 3
NULL
R-CCU: dpObj$numberClusters = 4 
List of 2
 $ : num [1, 1, 1:4] 0.496 0.265 0.652 0.302
 $ : num [1, 1, 1:4] 2.6 3.79 3.21 11.39
NULL
R priorParameters: 2 8 
R maxT: 1 
R_PriorDraw_first_mu: 0.3761876 
R_PriorDraw_first_nu: 2.36239 
R-CCU: Before ClusterLabelChange for i = 35 newLabel= 1 currentLabel= 1 
R-CCU: sum(pointsPerCluster) = 2974 
 num [1:4] 2968 1 2 3
NULL
R-CCU: After ClusterLabelChange for i = 35 
R-CCU: sum(pointsPerCluster) = 2975 
 num [1:4] 2969 1 2 3
NULL
R-CCU: dpObj$numberClusters = 4 
List of 2
 $ : num [1, 1, 1:4] 0.496 0.265 0.652 0.302
 $ : num [1, 1, 1:4] 2.6 3.79 3.21 11.39
NULL
R priorParameters: 2 8 
R maxT: 1 
R_PriorDraw_first_mu: 0.8378561 
R_PriorDraw_first_nu: 9.963564 
R-CCU: Before ClusterLabelChange for i = 36 newLabel= 1 currentLabel= 1 
R-CCU: sum(pointsPerCluster) = 2975 
 num [1:4] 2969 1 2 3
NULL
R-CCU: After ClusterLabelChange for i = 36 
R-CCU: sum(pointsPerCluster) = 2976 
 num [1:4] 2970 1 2 3
NULL
R-CCU: dpObj$numberClusters = 4 
List of 2
 $ : num [1, 1, 1:4] 0.496 0.265 0.652 0.302
 $ : num [1, 1, 1:4] 2.6 3.79 3.21 11.39
NULL
R priorParameters: 2 8 
R maxT: 1 
R_PriorDraw_first_mu: 0.6218696 
R_PriorDraw_first_nu: 12.20758 
R-CCU: Before ClusterLabelChange for i = 37 newLabel= 1 currentLabel= 1 
R-CCU: sum(pointsPerCluster) = 2976 
 num [1:4] 2970 1 2 3
NULL
R-CCU: After ClusterLabelChange for i = 37 
R-CCU: sum(pointsPerCluster) = 2977 
 num [1:4] 2971 1 2 3
NULL
R-CCU: dpObj$numberClusters = 4 
List of 2
 $ : num [1, 1, 1:4] 0.496 0.265 0.652 0.302
 $ : num [1, 1, 1:4] 2.6 3.79 3.21 11.39
NULL
R priorParameters: 2 8 
R maxT: 1 
R_PriorDraw_first_mu: 0.1211881 
R_PriorDraw_first_nu: 2.034688 
R-CCU: Before ClusterLabelChange for i = 38 newLabel= 1 currentLabel= 1 
R-CCU: sum(pointsPerCluster) = 2977 
 num [1:4] 2971 1 2 3
NULL
R-CCU: After ClusterLabelChange for i = 38 
R-CCU: sum(pointsPerCluster) = 2978 
 num [1:4] 2972 1 2 3
NULL
R-CCU: dpObj$numberClusters = 4 
List of 2
 $ : num [1, 1, 1:4] 0.496 0.265 0.652 0.302
 $ : num [1, 1, 1:4] 2.6 3.79 3.21 11.39
NULL
R priorParameters: 2 8 
R maxT: 1 
R_PriorDraw_first_mu: 0.4403095 
R_PriorDraw_first_nu: 11.50831 
R-CCU: Before ClusterLabelChange for i = 39 newLabel= 1 currentLabel= 1 
R-CCU: sum(pointsPerCluster) = 2978 
 num [1:4] 2972 1 2 3
NULL
R-CCU: After ClusterLabelChange for i = 39 
R-CCU: sum(pointsPerCluster) = 2979 
 num [1:4] 2973 1 2 3
NULL
R-CCU: dpObj$numberClusters = 4 
List of 2
 $ : num [1, 1, 1:4] 0.496 0.265 0.652 0.302
 $ : num [1, 1, 1:4] 2.6 3.79 3.21 11.39
NULL
R priorParameters: 2 8 
R maxT: 1 
R_PriorDraw_first_mu: 0.680862 
R_PriorDraw_first_nu: 3.146695 
R-CCU: Before ClusterLabelChange for i = 40 newLabel= 1 currentLabel= 1 
R-CCU: sum(pointsPerCluster) = 2979 
 num [1:4] 2973 1 2 3
NULL
R-CCU: After ClusterLabelChange for i = 40 
R-CCU: sum(pointsPerCluster) = 2980 
 num [1:4] 2974 1 2 3
NULL
R-CCU: dpObj$numberClusters = 4 
List of 2
 $ : num [1, 1, 1:4] 0.496 0.265 0.652 0.302
 $ : num [1, 1, 1:4] 2.6 3.79 3.21 11.39
NULL
R priorParameters: 2 8 
R maxT: 1 
R_PriorDraw_first_mu: 0.6198804 
R_PriorDraw_first_nu: 2.827093 
R-CCU: Before ClusterLabelChange for i = 41 newLabel= 1 currentLabel= 1 
R-CCU: sum(pointsPerCluster) = 2980 
 num [1:4] 2974 1 2 3
NULL
R-CCU: After ClusterLabelChange for i = 41 
R-CCU: sum(pointsPerCluster) = 2981 
 num [1:4] 2975 1 2 3
NULL
R-CCU: dpObj$numberClusters = 4 
List of 2
 $ : num [1, 1, 1:4] 0.496 0.265 0.652 0.302
 $ : num [1, 1, 1:4] 2.6 3.79 3.21 11.39
NULL
R priorParameters: 2 8 
R maxT: 1 
R_PriorDraw_first_mu: 0.3429513 
R_PriorDraw_first_nu: 1.415563 
R-CCU: Before ClusterLabelChange for i = 42 newLabel= 1 currentLabel= 1 
R-CCU: sum(pointsPerCluster) = 2981 
 num [1:4] 2975 1 2 3
NULL
R-CCU: After ClusterLabelChange for i = 42 
R-CCU: sum(pointsPerCluster) = 2982 
 num [1:4] 2976 1 2 3
NULL
R-CCU: dpObj$numberClusters = 4 
List of 2
 $ : num [1, 1, 1:4] 0.496 0.265 0.652 0.302
 $ : num [1, 1, 1:4] 2.6 3.79 3.21 11.39
NULL
R priorParameters: 2 8 
R maxT: 1 
R_PriorDraw_first_mu: 0.5905289 
R_PriorDraw_first_nu: 3.155634 
R-CCU: Before ClusterLabelChange for i = 43 newLabel= 1 currentLabel= 1 
R-CCU: sum(pointsPerCluster) = 2982 
 num [1:4] 2976 1 2 3
NULL
R-CCU: After ClusterLabelChange for i = 43 
R-CCU: sum(pointsPerCluster) = 2983 
 num [1:4] 2977 1 2 3
NULL
R-CCU: dpObj$numberClusters = 4 
List of 2
 $ : num [1, 1, 1:4] 0.496 0.265 0.652 0.302
 $ : num [1, 1, 1:4] 2.6 3.79 3.21 11.39
NULL
R priorParameters: 2 8 
R maxT: 1 
R_PriorDraw_first_mu: 0.3310591 
R_PriorDraw_first_nu: 4.387475 
R-CCU: Before ClusterLabelChange for i = 44 newLabel= 1 currentLabel= 1 
R-CCU: sum(pointsPerCluster) = 2983 
 num [1:4] 2977 1 2 3
NULL
R-CCU: After ClusterLabelChange for i = 44 
R-CCU: sum(pointsPerCluster) = 2984 
 num [1:4] 2978 1 2 3
NULL
R-CCU: dpObj$numberClusters = 4 
List of 2
 $ : num [1, 1, 1:4] 0.496 0.265 0.652 0.302
 $ : num [1, 1, 1:4] 2.6 3.79 3.21 11.39
NULL
R priorParameters: 2 8 
R maxT: 1 
R_PriorDraw_first_mu: 0.4043299 
R_PriorDraw_first_nu: 7.695563 
R-CCU: Before ClusterLabelChange for i = 45 newLabel= 1 currentLabel= 1 
R-CCU: sum(pointsPerCluster) = 2984 
 num [1:4] 2978 1 2 3
NULL
R-CCU: After ClusterLabelChange for i = 45 
R-CCU: sum(pointsPerCluster) = 2985 
 num [1:4] 2979 1 2 3
NULL
R-CCU: dpObj$numberClusters = 4 
List of 2
 $ : num [1, 1, 1:4] 0.496 0.265 0.652 0.302
 $ : num [1, 1, 1:4] 2.6 3.79 3.21 11.39
NULL
R priorParameters: 2 8 
R maxT: 1 
R_PriorDraw_first_mu: 0.08430669 
R_PriorDraw_first_nu: 3.648819 
R-CCU: Before ClusterLabelChange for i = 46 newLabel= 1 currentLabel= 1 
R-CCU: sum(pointsPerCluster) = 2985 
 num [1:4] 2979 1 2 3
NULL
R-CCU: After ClusterLabelChange for i = 46 
R-CCU: sum(pointsPerCluster) = 2986 
 num [1:4] 2980 1 2 3
NULL
R-CCU: dpObj$numberClusters = 4 
List of 2
 $ : num [1, 1, 1:4] 0.496 0.265 0.652 0.302
 $ : num [1, 1, 1:4] 2.6 3.79 3.21 11.39
NULL
R priorParameters: 2 8 
R maxT: 1 
R_PriorDraw_first_mu: 0.4182116 
R_PriorDraw_first_nu: 3.409246 
R-CCU: Before ClusterLabelChange for i = 47 newLabel= 1 currentLabel= 1 
R-CCU: sum(pointsPerCluster) = 2986 
 num [1:4] 2980 1 2 3
NULL
R-CCU: After ClusterLabelChange for i = 47 
R-CCU: sum(pointsPerCluster) = 2987 
 num [1:4] 2981 1 2 3
NULL
R-CCU: dpObj$numberClusters = 4 
List of 2
 $ : num [1, 1, 1:4] 0.496 0.265 0.652 0.302
 $ : num [1, 1, 1:4] 2.6 3.79 3.21 11.39
NULL
R priorParameters: 2 8 
R maxT: 1 
R_PriorDraw_first_mu: 0.8918651 
R_PriorDraw_first_nu: 2.841841 
R-CCU: Before ClusterLabelChange for i = 48 newLabel= 1 currentLabel= 1 
R-CCU: sum(pointsPerCluster) = 2987 
 num [1:4] 2981 1 2 3
NULL
R-CCU: After ClusterLabelChange for i = 48 
R-CCU: sum(pointsPerCluster) = 2988 
 num [1:4] 2982 1 2 3
NULL
R-CCU: dpObj$numberClusters = 4 
List of 2
 $ : num [1, 1, 1:4] 0.496 0.265 0.652 0.302
 $ : num [1, 1, 1:4] 2.6 3.79 3.21 11.39
NULL
R priorParameters: 2 8 
R maxT: 1 
R_PriorDraw_first_mu: 0.4807635 
R_PriorDraw_first_nu: 2.848226 
R-CCU: Before ClusterLabelChange for i = 49 newLabel= 1 currentLabel= 1 
R-CCU: sum(pointsPerCluster) = 2988 
 num [1:4] 2982 1 2 3
NULL
R-CCU: After ClusterLabelChange for i = 49 
R-CCU: sum(pointsPerCluster) = 2989 
 num [1:4] 2983 1 2 3
NULL
R-CCU: dpObj$numberClusters = 4 
List of 2
 $ : num [1, 1, 1:4] 0.496 0.265 0.652 0.302
 $ : num [1, 1, 1:4] 2.6 3.79 3.21 11.39
NULL
R priorParameters: 2 8 
R maxT: 1 
R_PriorDraw_first_mu: 0.4069951 
R_PriorDraw_first_nu: 5.209278 
R-CCU: Before ClusterLabelChange for i = 50 newLabel= 1 currentLabel= 1 
R-CCU: sum(pointsPerCluster) = 2989 
 num [1:4] 2983 1 2 3
NULL
R-CCU: After ClusterLabelChange for i = 50 
R-CCU: sum(pointsPerCluster) = 2990 
 num [1:4] 2984 1 2 3
NULL
R-CCU: dpObj$numberClusters = 4 
List of 2
 $ : num [1, 1, 1:4] 0.496 0.265 0.652 0.302
 $ : num [1, 1, 1:4] 2.6 3.79 3.21 11.39
NULL
R priorParameters: 2 8 
R maxT: 1 
R_PriorDraw_first_mu: 0.6786809 
R_PriorDraw_first_nu: 7.287296 
R-CCU: Before ClusterLabelChange for i = 51 newLabel= 1 currentLabel= 1 
R-CCU: sum(pointsPerCluster) = 2990 
 num [1:4] 2984 1 2 3
NULL
R-CCU: After ClusterLabelChange for i = 51 
R-CCU: sum(pointsPerCluster) = 2991 
 num [1:4] 2985 1 2 3
NULL
R-CCU: dpObj$numberClusters = 4 
List of 2
 $ : num [1, 1, 1:4] 0.496 0.265 0.652 0.302
 $ : num [1, 1, 1:4] 2.6 3.79 3.21 11.39
NULL
R priorParameters: 2 8 
R maxT: 1 
R_PriorDraw_first_mu: 0.824728 
R_PriorDraw_first_nu: 14.04988 
R-CCU: Before ClusterLabelChange for i = 52 newLabel= 1 currentLabel= 1 
R-CCU: sum(pointsPerCluster) = 2991 
 num [1:4] 2985 1 2 3
NULL
R-CCU: After ClusterLabelChange for i = 52 
R-CCU: sum(pointsPerCluster) = 2992 
 num [1:4] 2986 1 2 3
NULL
R-CCU: dpObj$numberClusters = 4 
List of 2
 $ : num [1, 1, 1:4] 0.496 0.265 0.652 0.302
 $ : num [1, 1, 1:4] 2.6 3.79 3.21 11.39
NULL
R priorParameters: 2 8 
R maxT: 1 
R_PriorDraw_first_mu: 0.9647505 
R_PriorDraw_first_nu: 7.47601 
R-CCU: Before ClusterLabelChange for i = 53 newLabel= 1 currentLabel= 1 
R-CCU: sum(pointsPerCluster) = 2992 
 num [1:4] 2986 1 2 3
NULL
R-CCU: After ClusterLabelChange for i = 53 
R-CCU: sum(pointsPerCluster) = 2993 
 num [1:4] 2987 1 2 3
NULL
R-CCU: dpObj$numberClusters = 4 
List of 2
 $ : num [1, 1, 1:4] 0.496 0.265 0.652 0.302
 $ : num [1, 1, 1:4] 2.6 3.79 3.21 11.39
NULL
R priorParameters: 2 8 
R maxT: 1 
R_PriorDraw_first_mu: 0.06464041 
R_PriorDraw_first_nu: 2.955251 
R-CCU: Before ClusterLabelChange for i = 54 newLabel= 1 currentLabel= 1 
R-CCU: sum(pointsPerCluster) = 2993 
 num [1:4] 2987 1 2 3
NULL
R-CCU: After ClusterLabelChange for i = 54 
R-CCU: sum(pointsPerCluster) = 2994 
 num [1:4] 2988 1 2 3
NULL
R-CCU: dpObj$numberClusters = 4 
List of 2
 $ : num [1, 1, 1:4] 0.496 0.265 0.652 0.302
 $ : num [1, 1, 1:4] 2.6 3.79 3.21 11.39
NULL
R priorParameters: 2 8 
R maxT: 1 
R_PriorDraw_first_mu: 0.6797171 
R_PriorDraw_first_nu: 16.37928 
R-CCU: Before ClusterLabelChange for i = 55 newLabel= 1 currentLabel= 1 
R-CCU: sum(pointsPerCluster) = 2994 
 num [1:4] 2988 1 2 3
NULL
R-CCU: After ClusterLabelChange for i = 55 
R-CCU: sum(pointsPerCluster) = 2995 
 num [1:4] 2989 1 2 3
NULL
R-CCU: dpObj$numberClusters = 4 
List of 2
 $ : num [1, 1, 1:4] 0.496 0.265 0.652 0.302
 $ : num [1, 1, 1:4] 2.6 3.79 3.21 11.39
NULL
R priorParameters: 2 8 
R maxT: 1 
R_PriorDraw_first_mu: 0.4748582 
R_PriorDraw_first_nu: 2.528504 
R-CCU: Before ClusterLabelChange for i = 56 newLabel= 1 currentLabel= 1 
R-CCU: sum(pointsPerCluster) = 2995 
 num [1:4] 2989 1 2 3
NULL
R-CCU: After ClusterLabelChange for i = 56 
R-CCU: sum(pointsPerCluster) = 2996 
 num [1:4] 2990 1 2 3
NULL
R-CCU: dpObj$numberClusters = 4 
List of 2
 $ : num [1, 1, 1:4] 0.496 0.265 0.652 0.302
 $ : num [1, 1, 1:4] 2.6 3.79 3.21 11.39
NULL
R priorParameters: 2 8 
R maxT: 1 
R_PriorDraw_first_mu: 0.3217058 
R_PriorDraw_first_nu: 3.802054 
R-CCU: Before ClusterLabelChange for i = 57 newLabel= 1 currentLabel= 1 
R-CCU: sum(pointsPerCluster) = 2996 
 num [1:4] 2990 1 2 3
NULL
R-CCU: After ClusterLabelChange for i = 57 
R-CCU: sum(pointsPerCluster) = 2997 
 num [1:4] 2991 1 2 3
NULL
R-CCU: dpObj$numberClusters = 4 
List of 2
 $ : num [1, 1, 1:4] 0.496 0.265 0.652 0.302
 $ : num [1, 1, 1:4] 2.6 3.79 3.21 11.39
NULL
R priorParameters: 2 8 
R maxT: 1 
R_PriorDraw_first_mu: 0.04865743 
R_PriorDraw_first_nu: 4.029517 
R-CCU: Before ClusterLabelChange for i = 58 newLabel= 1 currentLabel= 1 
R-CCU: sum(pointsPerCluster) = 2997 
 num [1:4] 2991 1 2 3
NULL
R-CCU: After ClusterLabelChange for i = 58 
R-CCU: sum(pointsPerCluster) = 2998 
 num [1:4] 2992 1 2 3
NULL
R-CCU: dpObj$numberClusters = 4 
List of 2
 $ : num [1, 1, 1:4] 0.496 0.265 0.652 0.302
 $ : num [1, 1, 1:4] 2.6 3.79 3.21 11.39
NULL
R priorParameters: 2 8 
R maxT: 1 
R_PriorDraw_first_mu: 0.1635475 
R_PriorDraw_first_nu: 2.49746 
R-CCU: Before ClusterLabelChange for i = 59 newLabel= 1 currentLabel= 1 
R-CCU: sum(pointsPerCluster) = 2998 
 num [1:4] 2992 1 2 3
NULL
R-CCU: After ClusterLabelChange for i = 59 
R-CCU: sum(pointsPerCluster) = 2999 
 num [1:4] 2993 1 2 3
NULL
R-CCU: dpObj$numberClusters = 4 
List of 2
 $ : num [1, 1, 1:4] 0.496 0.265 0.652 0.302
 $ : num [1, 1, 1:4] 2.6 3.79 3.21 11.39
NULL
R priorParameters: 2 8 
R maxT: 1 
R_PriorDraw_first_mu: 0.8267738 
R_PriorDraw_first_nu: 1.807831 
R-CCU: Before ClusterLabelChange for i = 60 newLabel= 1 currentLabel= 1 
R-CCU: sum(pointsPerCluster) = 2999 
 num [1:4] 2993 1 2 3
NULL
R-CCU: After ClusterLabelChange for i = 60 
R-CCU: sum(pointsPerCluster) = 3000 
 num [1:4] 2994 1 2 3
NULL
R-CCU: dpObj$numberClusters = 4 
List of 2
 $ : num [1, 1, 1:4] 0.496 0.265 0.652 0.302
 $ : num [1, 1, 1:4] 2.6 3.79 3.21 11.39
NULL

⠧ |   98      0 | Beta Distribution Full Integration Test          R priorParameters: 2 8 
R maxT: 1 
R_PriorDraw_first_mu: 0.3028054 
R_PriorDraw_first_nu: 2.776697 
R-CCU: Before ClusterLabelChange for i = 1 newLabel= 1 currentLabel= 1 
R-CCU: sum(pointsPerCluster) = 3000 
 num [1:4] 2994 1 2 3
NULL
R-CCU: After ClusterLabelChange for i = 1 
R-CCU: sum(pointsPerCluster) = 3001 
 num [1:4] 2995 1 2 3
NULL
R-CCU: dpObj$numberClusters = 4 
List of 2
 $ : num [1, 1, 1:4] 0.483 0.265 0.652 0.302
 $ : num [1, 1, 1:4] 2.34 3.79 3.21 11.39
NULL
R priorParameters: 2 8 
R maxT: 1 
R_PriorDraw_first_mu: 0.8977535 
R_PriorDraw_first_nu: 13.02222 
R-CCU: Before ClusterLabelChange for i = 2 newLabel= 1 currentLabel= 1 
R-CCU: sum(pointsPerCluster) = 3001 
 num [1:4] 2995 1 2 3
NULL
R-CCU: After ClusterLabelChange for i = 2 
R-CCU: sum(pointsPerCluster) = 3002 
 num [1:4] 2996 1 2 3
NULL
R-CCU: dpObj$numberClusters = 4 
List of 2
 $ : num [1, 1, 1:4] 0.483 0.265 0.652 0.302
 $ : num [1, 1, 1:4] 2.34 3.79 3.21 11.39
NULL
R priorParameters: 2 8 
R maxT: 1 
R_PriorDraw_first_mu: 0.4809425 
R_PriorDraw_first_nu: 4.801073 
R-CCU: Before ClusterLabelChange for i = 3 newLabel= 1 currentLabel= 1 
R-CCU: sum(pointsPerCluster) = 3002 
 num [1:4] 2996 1 2 3
NULL
R-CCU: After ClusterLabelChange for i = 3 
R-CCU: sum(pointsPerCluster) = 3003 
 num [1:4] 2997 1 2 3
NULL
R-CCU: dpObj$numberClusters = 4 
List of 2
 $ : num [1, 1, 1:4] 0.483 0.265 0.652 0.302
 $ : num [1, 1, 1:4] 2.34 3.79 3.21 11.39
NULL
R priorParameters: 2 8 
R maxT: 1 
R_PriorDraw_first_mu: 0.2001252 
R_PriorDraw_first_nu: 2.431605 
R-CCU: Before ClusterLabelChange for i = 4 newLabel= 1 currentLabel= 1 
R-CCU: sum(pointsPerCluster) = 3003 
 num [1:4] 2997 1 2 3
NULL
R-CCU: After ClusterLabelChange for i = 4 
R-CCU: sum(pointsPerCluster) = 3004 
 num [1:4] 2998 1 2 3
NULL
R-CCU: dpObj$numberClusters = 4 
List of 2
 $ : num [1, 1, 1:4] 0.483 0.265 0.652 0.302
 $ : num [1, 1, 1:4] 2.34 3.79 3.21 11.39
NULL
R priorParameters: 2 8 
R maxT: 1 
R_PriorDraw_first_mu: 0.5590165 
R_PriorDraw_first_nu: 9.550496 
R-CCU: Before ClusterLabelChange for i = 5 newLabel= 1 currentLabel= 1 
R-CCU: sum(pointsPerCluster) = 3004 
 num [1:4] 2998 1 2 3
NULL
R-CCU: After ClusterLabelChange for i = 5 
R-CCU: sum(pointsPerCluster) = 3005 
 num [1:4] 2999 1 2 3
NULL
R-CCU: dpObj$numberClusters = 4 
List of 2
 $ : num [1, 1, 1:4] 0.483 0.265 0.652 0.302
 $ : num [1, 1, 1:4] 2.34 3.79 3.21 11.39
NULL
R priorParameters: 2 8 
R maxT: 1 
R_PriorDraw_first_mu: 0.6970308 
R_PriorDraw_first_nu: 6.194737 
R-CCU: Before ClusterLabelChange for i = 6 newLabel= 1 currentLabel= 1 
R-CCU: sum(pointsPerCluster) = 3005 
 num [1:4] 2999 1 2 3
NULL
R-CCU: After ClusterLabelChange for i = 6 
R-CCU: sum(pointsPerCluster) = 3006 
 num [1:4] 3000 1 2 3
NULL
R-CCU: dpObj$numberClusters = 4 
List of 2
 $ : num [1, 1, 1:4] 0.483 0.265 0.652 0.302
 $ : num [1, 1, 1:4] 2.34 3.79 3.21 11.39
NULL
R priorParameters: 2 8 
R maxT: 1 
R_PriorDraw_first_mu: 0.7154911 
R_PriorDraw_first_nu: 1.22277 
R-CCU: Before ClusterLabelChange for i = 7 newLabel= 1 currentLabel= 1 
R-CCU: sum(pointsPerCluster) = 3006 
 num [1:4] 3000 1 2 3
NULL
R-CCU: After ClusterLabelChange for i = 7 
R-CCU: sum(pointsPerCluster) = 3007 
 num [1:4] 3001 1 2 3
NULL
R-CCU: dpObj$numberClusters = 4 
List of 2
 $ : num [1, 1, 1:4] 0.483 0.265 0.652 0.302
 $ : num [1, 1, 1:4] 2.34 3.79 3.21 11.39
NULL
R priorParameters: 2 8 
R maxT: 1 
R_PriorDraw_first_mu: 0.310279 
R_PriorDraw_first_nu: 2.051441 
R-CCU: Before ClusterLabelChange for i = 8 newLabel= 1 currentLabel= 1 
R-CCU: sum(pointsPerCluster) = 3007 
 num [1:4] 3001 1 2 3
NULL
R-CCU: After ClusterLabelChange for i = 8 
R-CCU: sum(pointsPerCluster) = 3008 
 num [1:4] 3002 1 2 3
NULL
R-CCU: dpObj$numberClusters = 4 
List of 2
 $ : num [1, 1, 1:4] 0.483 0.265 0.652 0.302
 $ : num [1, 1, 1:4] 2.34 3.79 3.21 11.39
NULL
R priorParameters: 2 8 
R maxT: 1 
R_PriorDraw_first_mu: 0.4763015 
R_PriorDraw_first_nu: 37.67627 
R-CCU: Before ClusterLabelChange for i = 9 newLabel= 1 currentLabel= 1 
R-CCU: sum(pointsPerCluster) = 3008 
 num [1:4] 3002 1 2 3
NULL
R-CCU: After ClusterLabelChange for i = 9 
R-CCU: sum(pointsPerCluster) = 3009 
 num [1:4] 3003 1 2 3
NULL
R-CCU: dpObj$numberClusters = 4 
List of 2
 $ : num [1, 1, 1:4] 0.483 0.265 0.652 0.302
 $ : num [1, 1, 1:4] 2.34 3.79 3.21 11.39
NULL
R priorParameters: 2 8 
R maxT: 1 
R_PriorDraw_first_mu: 0.4084586 
R_PriorDraw_first_nu: 9.611619 
R-CCU: Before ClusterLabelChange for i = 10 newLabel= 1 currentLabel= 1 
R-CCU: sum(pointsPerCluster) = 3009 
 num [1:4] 3003 1 2 3
NULL
R-CCU: After ClusterLabelChange for i = 10 
R-CCU: sum(pointsPerCluster) = 3010 
 num [1:4] 3004 1 2 3
NULL
R-CCU: dpObj$numberClusters = 4 
List of 2
 $ : num [1, 1, 1:4] 0.483 0.265 0.652 0.302
 $ : num [1, 1, 1:4] 2.34 3.79 3.21 11.39
NULL
R priorParameters: 2 8 
R maxT: 1 
R_PriorDraw_first_mu: 0.7317694 
R_PriorDraw_first_nu: 4.491804 
R-CCU: Before ClusterLabelChange for i = 11 newLabel= 1 currentLabel= 1 
R-CCU: sum(pointsPerCluster) = 3010 
 num [1:4] 3004 1 2 3
NULL
R-CCU: After ClusterLabelChange for i = 11 
R-CCU: sum(pointsPerCluster) = 3011 
 num [1:4] 3005 1 2 3
NULL
R-CCU: dpObj$numberClusters = 4 
List of 2
 $ : num [1, 1, 1:4] 0.483 0.265 0.652 0.302
 $ : num [1, 1, 1:4] 2.34 3.79 3.21 11.39
NULL
R priorParameters: 2 8 
R maxT: 1 
R_PriorDraw_first_mu: 0.02343138 
R_PriorDraw_first_nu: 35.29594 
R-CCU: Before ClusterLabelChange for i = 12 newLabel= 1 currentLabel= 1 
R-CCU: sum(pointsPerCluster) = 3011 
 num [1:4] 3005 1 2 3
NULL
R-CCU: After ClusterLabelChange for i = 12 
R-CCU: sum(pointsPerCluster) = 3012 
 num [1:4] 3006 1 2 3
NULL
R-CCU: dpObj$numberClusters = 4 
List of 2
 $ : num [1, 1, 1:4] 0.483 0.265 0.652 0.302
 $ : num [1, 1, 1:4] 2.34 3.79 3.21 11.39
NULL
R priorParameters: 2 8 
R maxT: 1 
R_PriorDraw_first_mu: 0.5730711 
R_PriorDraw_first_nu: 10.05887 
R-CCU: Before ClusterLabelChange for i = 13 newLabel= 1 currentLabel= 1 
R-CCU: sum(pointsPerCluster) = 3012 
 num [1:4] 3006 1 2 3
NULL
R-CCU: After ClusterLabelChange for i = 13 
R-CCU: sum(pointsPerCluster) = 3013 
 num [1:4] 3007 1 2 3
NULL
R-CCU: dpObj$numberClusters = 4 
List of 2
 $ : num [1, 1, 1:4] 0.483 0.265 0.652 0.302
 $ : num [1, 1, 1:4] 2.34 3.79 3.21 11.39
NULL
R priorParameters: 2 8 
R maxT: 1 
R_PriorDraw_first_mu: 0.9481629 
R_PriorDraw_first_nu: 2.299269 
R-CCU: Before ClusterLabelChange for i = 14 newLabel= 1 currentLabel= 1 
R-CCU: sum(pointsPerCluster) = 3013 
 num [1:4] 3007 1 2 3
NULL
R-CCU: After ClusterLabelChange for i = 14 
R-CCU: sum(pointsPerCluster) = 3014 
 num [1:4] 3008 1 2 3
NULL
R-CCU: dpObj$numberClusters = 4 
List of 2
 $ : num [1, 1, 1:4] 0.483 0.265 0.652 0.302
 $ : num [1, 1, 1:4] 2.34 3.79 3.21 11.39
NULL
R priorParameters: 2 8 
R maxT: 1 
R_PriorDraw_first_mu: 0.1175048 
R_PriorDraw_first_nu: 3.848429 
R-CCU: Before ClusterLabelChange for i = 15 newLabel= 1 currentLabel= 1 
R-CCU: sum(pointsPerCluster) = 3014 
 num [1:4] 3008 1 2 3
NULL
R-CCU: After ClusterLabelChange for i = 15 
R-CCU: sum(pointsPerCluster) = 3015 
 num [1:4] 3009 1 2 3
NULL
R-CCU: dpObj$numberClusters = 4 
List of 2
 $ : num [1, 1, 1:4] 0.483 0.265 0.652 0.302
 $ : num [1, 1, 1:4] 2.34 3.79 3.21 11.39
NULL
R priorParameters: 2 8 
R maxT: 1 
R_PriorDraw_first_mu: 0.7401131 
R_PriorDraw_first_nu: 1.405035 
R-CCU: Before ClusterLabelChange for i = 16 newLabel= 1 currentLabel= 1 
R-CCU: sum(pointsPerCluster) = 3015 
 num [1:4] 3009 1 2 3
NULL
R-CCU: After ClusterLabelChange for i = 16 
R-CCU: sum(pointsPerCluster) = 3016 
 num [1:4] 3010 1 2 3
NULL
R-CCU: dpObj$numberClusters = 4 
List of 2
 $ : num [1, 1, 1:4] 0.483 0.265 0.652 0.302
 $ : num [1, 1, 1:4] 2.34 3.79 3.21 11.39
NULL
R priorParameters: 2 8 
R maxT: 1 
R_PriorDraw_first_mu: 0.15087 
R_PriorDraw_first_nu: 4.210246 
R-CCU: Before ClusterLabelChange for i = 17 newLabel= 1 currentLabel= 1 
R-CCU: sum(pointsPerCluster) = 3016 
 num [1:4] 3010 1 2 3
NULL
R-CCU: After ClusterLabelChange for i = 17 
R-CCU: sum(pointsPerCluster) = 3017 
 num [1:4] 3011 1 2 3
NULL
R-CCU: dpObj$numberClusters = 4 
List of 2
 $ : num [1, 1, 1:4] 0.483 0.265 0.652 0.302
 $ : num [1, 1, 1:4] 2.34 3.79 3.21 11.39
NULL
R priorParameters: 2 8 
R maxT: 1 
R_PriorDraw_first_mu: 0.8917694 
R_PriorDraw_first_nu: 6.420396 
R-CCU: Before ClusterLabelChange for i = 18 newLabel= 1 currentLabel= 1 
R-CCU: sum(pointsPerCluster) = 3017 
 num [1:4] 3011 1 2 3
NULL
R-CCU: After ClusterLabelChange for i = 18 
R-CCU: sum(pointsPerCluster) = 3018 
 num [1:4] 3012 1 2 3
NULL
R-CCU: dpObj$numberClusters = 4 
List of 2
 $ : num [1, 1, 1:4] 0.483 0.265 0.652 0.302
 $ : num [1, 1, 1:4] 2.34 3.79 3.21 11.39
NULL
R priorParameters: 2 8 
R maxT: 1 
R_PriorDraw_first_mu: 0.5808352 
R_PriorDraw_first_nu: 4.429356 
R-CCU: Before ClusterLabelChange for i = 19 newLabel= 1 currentLabel= 1 
R-CCU: sum(pointsPerCluster) = 3018 
 num [1:4] 3012 1 2 3
NULL
R-CCU: After ClusterLabelChange for i = 19 
R-CCU: sum(pointsPerCluster) = 3019 
 num [1:4] 3013 1 2 3
NULL
R-CCU: dpObj$numberClusters = 4 
List of 2
 $ : num [1, 1, 1:4] 0.483 0.265 0.652 0.302
 $ : num [1, 1, 1:4] 2.34 3.79 3.21 11.39
NULL
R priorParameters: 2 8 
R maxT: 1 
R_PriorDraw_first_mu: 0.395678 
R_PriorDraw_first_nu: 2.250445 
R-CCU: Before ClusterLabelChange for i = 20 newLabel= 1 currentLabel= 1 
R-CCU: sum(pointsPerCluster) = 3019 
 num [1:4] 3013 1 2 3
NULL
R-CCU: After ClusterLabelChange for i = 20 
R-CCU: sum(pointsPerCluster) = 3020 
 num [1:4] 3014 1 2 3
NULL
R-CCU: dpObj$numberClusters = 4 
List of 2
 $ : num [1, 1, 1:4] 0.483 0.265 0.652 0.302
 $ : num [1, 1, 1:4] 2.34 3.79 3.21 11.39
NULL
R priorParameters: 2 8 
R maxT: 1 
R_PriorDraw_first_mu: 0.2636933 
R_PriorDraw_first_nu: 1.03613 
R-CCU: Before ClusterLabelChange for i = 21 newLabel= 1 currentLabel= 1 
R-CCU: sum(pointsPerCluster) = 3020 
 num [1:4] 3014 1 2 3
NULL
R-CCU: After ClusterLabelChange for i = 21 
R-CCU: sum(pointsPerCluster) = 3021 
 num [1:4] 3015 1 2 3
NULL
R-CCU: dpObj$numberClusters = 4 
List of 2
 $ : num [1, 1, 1:4] 0.483 0.265 0.652 0.302
 $ : num [1, 1, 1:4] 2.34 3.79 3.21 11.39
NULL
R priorParameters: 2 8 
R maxT: 1 
R_PriorDraw_first_mu: 0.08900821 
R_PriorDraw_first_nu: 13.02809 
R-CCU: Before ClusterLabelChange for i = 22 newLabel= 1 currentLabel= 1 
R-CCU: sum(pointsPerCluster) = 3021 
 num [1:4] 3015 1 2 3
NULL
R-CCU: After ClusterLabelChange for i = 22 
R-CCU: sum(pointsPerCluster) = 3022 
 num [1:4] 3016 1 2 3
NULL
R-CCU: dpObj$numberClusters = 4 
List of 2
 $ : num [1, 1, 1:4] 0.483 0.265 0.652 0.302
 $ : num [1, 1, 1:4] 2.34 3.79 3.21 11.39
NULL
R priorParameters: 2 8 
R maxT: 1 
R_PriorDraw_first_mu: 0.2127331 
R_PriorDraw_first_nu: 6.93775 
R-CCU: Before ClusterLabelChange for i = 23 newLabel= 1 currentLabel= 1 
R-CCU: sum(pointsPerCluster) = 3022 
 num [1:4] 3016 1 2 3
NULL
R-CCU: After ClusterLabelChange for i = 23 
R-CCU: sum(pointsPerCluster) = 3023 
 num [1:4] 3017 1 2 3
NULL
R-CCU: dpObj$numberClusters = 4 
List of 2
 $ : num [1, 1, 1:4] 0.483 0.265 0.652 0.302
 $ : num [1, 1, 1:4] 2.34 3.79 3.21 11.39
NULL
R priorParameters: 2 8 
R maxT: 1 
R_PriorDraw_first_mu: 0.9217159 
R_PriorDraw_first_nu: 2.952431 
R-CCU: Before ClusterLabelChange for i = 24 newLabel= 1 currentLabel= 1 
R-CCU: sum(pointsPerCluster) = 3023 
 num [1:4] 3017 1 2 3
NULL
R-CCU: After ClusterLabelChange for i = 24 
R-CCU: sum(pointsPerCluster) = 3024 
 num [1:4] 3018 1 2 3
NULL
R-CCU: dpObj$numberClusters = 4 
List of 2
 $ : num [1, 1, 1:4] 0.483 0.265 0.652 0.302
 $ : num [1, 1, 1:4] 2.34 3.79 3.21 11.39
NULL
R priorParameters: 2 8 
R maxT: 1 
R_PriorDraw_first_mu: 0.2470644 
R_PriorDraw_first_nu: 6.789234 
R-CCU: Before ClusterLabelChange for i = 25 newLabel= 1 currentLabel= 1 
R-CCU: sum(pointsPerCluster) = 3024 
 num [1:4] 3018 1 2 3
NULL
R-CCU: After ClusterLabelChange for i = 25 
R-CCU: sum(pointsPerCluster) = 3025 
 num [1:4] 3019 1 2 3
NULL
R-CCU: dpObj$numberClusters = 4 
List of 2
 $ : num [1, 1, 1:4] 0.483 0.265 0.652 0.302
 $ : num [1, 1, 1:4] 2.34 3.79 3.21 11.39
NULL
R priorParameters: 2 8 
R maxT: 1 
R_PriorDraw_first_mu: 0.4906285 
R_PriorDraw_first_nu: 3.405053 
R-CCU: Before ClusterLabelChange for i = 26 newLabel= 1 currentLabel= 1 
R-CCU: sum(pointsPerCluster) = 3025 
 num [1:4] 3019 1 2 3
NULL
R-CCU: After ClusterLabelChange for i = 26 
R-CCU: sum(pointsPerCluster) = 3026 
 num [1:4] 3020 1 2 3
NULL
R-CCU: dpObj$numberClusters = 4 
List of 2
 $ : num [1, 1, 1:4] 0.483 0.265 0.652 0.302
 $ : num [1, 1, 1:4] 2.34 3.79 3.21 11.39
NULL
R priorParameters: 2 8 
R maxT: 1 
R_PriorDraw_first_mu: 0.6125744 
R_PriorDraw_first_nu: 4.894944 
R-CCU: Before ClusterLabelChange for i = 27 newLabel= 1 currentLabel= 1 
R-CCU: sum(pointsPerCluster) = 3026 
 num [1:4] 3020 1 2 3
NULL
R-CCU: After ClusterLabelChange for i = 27 
R-CCU: sum(pointsPerCluster) = 3027 
 num [1:4] 3021 1 2 3
NULL
R-CCU: dpObj$numberClusters = 4 
List of 2
 $ : num [1, 1, 1:4] 0.483 0.265 0.652 0.302
 $ : num [1, 1, 1:4] 2.34 3.79 3.21 11.39
NULL
R priorParameters: 2 8 
R maxT: 1 
R_PriorDraw_first_mu: 0.2560932 
R_PriorDraw_first_nu: 4.695026 
R-CCU: Before ClusterLabelChange for i = 28 newLabel= 1 currentLabel= 1 
R-CCU: sum(pointsPerCluster) = 3027 
 num [1:4] 3021 1 2 3
NULL
R-CCU: After ClusterLabelChange for i = 28 
R-CCU: sum(pointsPerCluster) = 3028 
 num [1:4] 3022 1 2 3
NULL
R-CCU: dpObj$numberClusters = 4 
List of 2
 $ : num [1, 1, 1:4] 0.483 0.265 0.652 0.302
 $ : num [1, 1, 1:4] 2.34 3.79 3.21 11.39
NULL
R priorParameters: 2 8 
R maxT: 1 
R_PriorDraw_first_mu: 0.1969233 
R_PriorDraw_first_nu: 2.382804 
R-CCU: Before ClusterLabelChange for i = 29 newLabel= 1 currentLabel= 1 
R-CCU: sum(pointsPerCluster) = 3028 
 num [1:4] 3022 1 2 3
NULL
R-CCU: After ClusterLabelChange for i = 29 
R-CCU: sum(pointsPerCluster) = 3029 
 num [1:4] 3023 1 2 3
NULL
R-CCU: dpObj$numberClusters = 4 
List of 2
 $ : num [1, 1, 1:4] 0.483 0.265 0.652 0.302
 $ : num [1, 1, 1:4] 2.34 3.79 3.21 11.39
NULL
R priorParameters: 2 8 
R maxT: 1 
R_PriorDraw_first_mu: 0.06537054 
R_PriorDraw_first_nu: 17.71791 
R-CCU: Before ClusterLabelChange for i = 30 newLabel= 1 currentLabel= 1 
R-CCU: sum(pointsPerCluster) = 3029 
 num [1:4] 3023 1 2 3
NULL
R-CCU: After ClusterLabelChange for i = 30 
R-CCU: sum(pointsPerCluster) = 3030 
 num [1:4] 3024 1 2 3
NULL
R-CCU: dpObj$numberClusters = 4 
List of 2
 $ : num [1, 1, 1:4] 0.483 0.265 0.652 0.302
 $ : num [1, 1, 1:4] 2.34 3.79 3.21 11.39
NULL
R priorParameters: 2 8 
R maxT: 1 
R_PriorDraw_first_mu: 0.6767044 
R_PriorDraw_first_nu: 16.79367 
R-CCU: Before ClusterLabelChange for i = 31 newLabel= 1 currentLabel= 1 
R-CCU: sum(pointsPerCluster) = 3030 
 num [1:4] 3024 1 2 3
NULL
R-CCU: After ClusterLabelChange for i = 31 
R-CCU: sum(pointsPerCluster) = 3031 
 num [1:4] 3025 1 2 3
NULL
R-CCU: dpObj$numberClusters = 4 
List of 2
 $ : num [1, 1, 1:4] 0.483 0.265 0.652 0.302
 $ : num [1, 1, 1:4] 2.34 3.79 3.21 11.39
NULL
R priorParameters: 2 8 
R maxT: 1 
R_PriorDraw_first_mu: 0.7053891 
R_PriorDraw_first_nu: 1.787173 
R-CCU: Before ClusterLabelChange for i = 32 newLabel= 1 currentLabel= 1 
R-CCU: sum(pointsPerCluster) = 3031 
 num [1:4] 3025 1 2 3
NULL
R-CCU: After ClusterLabelChange for i = 32 
R-CCU: sum(pointsPerCluster) = 3032 
 num [1:4] 3026 1 2 3
NULL
R-CCU: dpObj$numberClusters = 4 
List of 2
 $ : num [1, 1, 1:4] 0.483 0.265 0.652 0.302
 $ : num [1, 1, 1:4] 2.34 3.79 3.21 11.39
NULL
R priorParameters: 2 8 
R maxT: 1 
R_PriorDraw_first_mu: 0.4485725 
R_PriorDraw_first_nu: 2.339104 
R-CCU: Before ClusterLabelChange for i = 33 newLabel= 1 currentLabel= 1 
R-CCU: sum(pointsPerCluster) = 3032 
 num [1:4] 3026 1 2 3
NULL
R-CCU: After ClusterLabelChange for i = 33 
R-CCU: sum(pointsPerCluster) = 3033 
 num [1:4] 3027 1 2 3
NULL
R-CCU: dpObj$numberClusters = 4 
List of 2
 $ : num [1, 1, 1:4] 0.483 0.265 0.652 0.302
 $ : num [1, 1, 1:4] 2.34 3.79 3.21 11.39
NULL
R priorParameters: 2 8 
R maxT: 1 
R_PriorDraw_first_mu: 0.575979 
R_PriorDraw_first_nu: 24.76736 
R-CCU: Before ClusterLabelChange for i = 34 newLabel= 1 currentLabel= 1 
R-CCU: sum(pointsPerCluster) = 3033 
 num [1:4] 3027 1 2 3
NULL
R-CCU: After ClusterLabelChange for i = 34 
R-CCU: sum(pointsPerCluster) = 3034 
 num [1:4] 3028 1 2 3
NULL
R-CCU: dpObj$numberClusters = 4 
List of 2
 $ : num [1, 1, 1:4] 0.483 0.265 0.652 0.302
 $ : num [1, 1, 1:4] 2.34 3.79 3.21 11.39
NULL
R priorParameters: 2 8 
R maxT: 1 
R_PriorDraw_first_mu: 0.01337711 
R_PriorDraw_first_nu: 2.245106 
R-CCU: Before ClusterLabelChange for i = 35 newLabel= 1 currentLabel= 1 
R-CCU: sum(pointsPerCluster) = 3034 
 num [1:4] 3028 1 2 3
NULL
R-CCU: After ClusterLabelChange for i = 35 
R-CCU: sum(pointsPerCluster) = 3035 
 num [1:4] 3029 1 2 3
NULL
R-CCU: dpObj$numberClusters = 4 
List of 2
 $ : num [1, 1, 1:4] 0.483 0.265 0.652 0.302
 $ : num [1, 1, 1:4] 2.34 3.79 3.21 11.39
NULL
R priorParameters: 2 8 
R maxT: 1 
R_PriorDraw_first_mu: 0.9196511 
R_PriorDraw_first_nu: 6.632399 
R-CCU: Before ClusterLabelChange for i = 36 newLabel= 1 currentLabel= 1 
R-CCU: sum(pointsPerCluster) = 3035 
 num [1:4] 3029 1 2 3
NULL
R-CCU: After ClusterLabelChange for i = 36 
R-CCU: sum(pointsPerCluster) = 3036 
 num [1:4] 3030 1 2 3
NULL
R-CCU: dpObj$numberClusters = 4 
List of 2
 $ : num [1, 1, 1:4] 0.483 0.265 0.652 0.302
 $ : num [1, 1, 1:4] 2.34 3.79 3.21 11.39
NULL
R priorParameters: 2 8 
R maxT: 1 
R_PriorDraw_first_mu: 0.08143501 
R_PriorDraw_first_nu: 9.287205 
R-CCU: Before ClusterLabelChange for i = 37 newLabel= 1 currentLabel= 1 
R-CCU: sum(pointsPerCluster) = 3036 
 num [1:4] 3030 1 2 3
NULL
R-CCU: After ClusterLabelChange for i = 37 
R-CCU: sum(pointsPerCluster) = 3037 
 num [1:4] 3031 1 2 3
NULL
R-CCU: dpObj$numberClusters = 4 
List of 2
 $ : num [1, 1, 1:4] 0.483 0.265 0.652 0.302
 $ : num [1, 1, 1:4] 2.34 3.79 3.21 11.39
NULL
R priorParameters: 2 8 
R maxT: 1 
R_PriorDraw_first_mu: 0.9137189 
R_PriorDraw_first_nu: 5.846137 
R-CCU: Before ClusterLabelChange for i = 38 newLabel= 1 currentLabel= 1 
R-CCU: sum(pointsPerCluster) = 3037 
 num [1:4] 3031 1 2 3
NULL
R-CCU: After ClusterLabelChange for i = 38 
R-CCU: sum(pointsPerCluster) = 3038 
 num [1:4] 3032 1 2 3
NULL
R-CCU: dpObj$numberClusters = 4 
List of 2
 $ : num [1, 1, 1:4] 0.483 0.265 0.652 0.302
 $ : num [1, 1, 1:4] 2.34 3.79 3.21 11.39
NULL
R priorParameters: 2 8 
R maxT: 1 
R_PriorDraw_first_mu: 0.2351659 
R_PriorDraw_first_nu: 5.066832 
R-CCU: Before ClusterLabelChange for i = 39 newLabel= 1 currentLabel= 1 
R-CCU: sum(pointsPerCluster) = 3038 
 num [1:4] 3032 1 2 3
NULL
R-CCU: After ClusterLabelChange for i = 39 
R-CCU: sum(pointsPerCluster) = 3039 
 num [1:4] 3033 1 2 3
NULL
R-CCU: dpObj$numberClusters = 4 
List of 2
 $ : num [1, 1, 1:4] 0.483 0.265 0.652 0.302
 $ : num [1, 1, 1:4] 2.34 3.79 3.21 11.39
NULL
R priorParameters: 2 8 
R maxT: 1 
R_PriorDraw_first_mu: 0.7203546 
R_PriorDraw_first_nu: 3.070633 
R-CCU: Before ClusterLabelChange for i = 40 newLabel= 1 currentLabel= 1 
R-CCU: sum(pointsPerCluster) = 3039 
 num [1:4] 3033 1 2 3
NULL
R-CCU: After ClusterLabelChange for i = 40 
R-CCU: sum(pointsPerCluster) = 3040 
 num [1:4] 3034 1 2 3
NULL
R-CCU: dpObj$numberClusters = 4 
List of 2
 $ : num [1, 1, 1:4] 0.483 0.265 0.652 0.302
 $ : num [1, 1, 1:4] 2.34 3.79 3.21 11.39
NULL
R priorParameters: 2 8 
R maxT: 1 
R_PriorDraw_first_mu: 0.3751143 
R_PriorDraw_first_nu: 9.59634 
R-CCU: Before ClusterLabelChange for i = 41 newLabel= 1 currentLabel= 1 
R-CCU: sum(pointsPerCluster) = 3040 
 num [1:4] 3034 1 2 3
NULL
R-CCU: After ClusterLabelChange for i = 41 
R-CCU: sum(pointsPerCluster) = 3041 
 num [1:4] 3035 1 2 3
NULL
R-CCU: dpObj$numberClusters = 4 
List of 2
 $ : num [1, 1, 1:4] 0.483 0.265 0.652 0.302
 $ : num [1, 1, 1:4] 2.34 3.79 3.21 11.39
NULL
R priorParameters: 2 8 
R maxT: 1 
R_PriorDraw_first_mu: 0.7249971 
R_PriorDraw_first_nu: 1.829749 
R-CCU: Before ClusterLabelChange for i = 42 newLabel= 1 currentLabel= 1 
R-CCU: sum(pointsPerCluster) = 3041 
 num [1:4] 3035 1 2 3
NULL
R-CCU: After ClusterLabelChange for i = 42 
R-CCU: sum(pointsPerCluster) = 3042 
 num [1:4] 3036 1 2 3
NULL
R-CCU: dpObj$numberClusters = 4 
List of 2
 $ : num [1, 1, 1:4] 0.483 0.265 0.652 0.302
 $ : num [1, 1, 1:4] 2.34 3.79 3.21 11.39
NULL
R priorParameters: 2 8 
R maxT: 1 
R_PriorDraw_first_mu: 0.8843068 
R_PriorDraw_first_nu: 5.181384 
R-CCU: Before ClusterLabelChange for i = 43 newLabel= 1 currentLabel= 1 
R-CCU: sum(pointsPerCluster) = 3042 
 num [1:4] 3036 1 2 3
NULL
R-CCU: After ClusterLabelChange for i = 43 
R-CCU: sum(pointsPerCluster) = 3043 
 num [1:4] 3037 1 2 3
NULL
R-CCU: dpObj$numberClusters = 4 
List of 2
 $ : num [1, 1, 1:4] 0.483 0.265 0.652 0.302
 $ : num [1, 1, 1:4] 2.34 3.79 3.21 11.39
NULL
R priorParameters: 2 8 
R maxT: 1 
R_PriorDraw_first_mu: 0.4241049 
R_PriorDraw_first_nu: 2.772764 
R-CCU: Before ClusterLabelChange for i = 44 newLabel= 1 currentLabel= 1 
R-CCU: sum(pointsPerCluster) = 3043 
 num [1:4] 3037 1 2 3
NULL
R-CCU: After ClusterLabelChange for i = 44 
R-CCU: sum(pointsPerCluster) = 3044 
 num [1:4] 3038 1 2 3
NULL
R-CCU: dpObj$numberClusters = 4 
List of 2
 $ : num [1, 1, 1:4] 0.483 0.265 0.652 0.302
 $ : num [1, 1, 1:4] 2.34 3.79 3.21 11.39
NULL
R priorParameters: 2 8 
R maxT: 1 
R_PriorDraw_first_mu: 0.1210342 
R_PriorDraw_first_nu: 6.756047 
R-CCU: Before ClusterLabelChange for i = 45 newLabel= 1 currentLabel= 1 
R-CCU: sum(pointsPerCluster) = 3044 
 num [1:4] 3038 1 2 3
NULL
R-CCU: After ClusterLabelChange for i = 45 
R-CCU: sum(pointsPerCluster) = 3045 
 num [1:4] 3039 1 2 3
NULL
R-CCU: dpObj$numberClusters = 4 
List of 2
 $ : num [1, 1, 1:4] 0.483 0.265 0.652 0.302
 $ : num [1, 1, 1:4] 2.34 3.79 3.21 11.39
NULL
R priorParameters: 2 8 
R maxT: 1 
R_PriorDraw_first_mu: 0.01133377 
R_PriorDraw_first_nu: 3.688685 
R-CCU: Before ClusterLabelChange for i = 46 newLabel= 1 currentLabel= 1 
R-CCU: sum(pointsPerCluster) = 3045 
 num [1:4] 3039 1 2 3
NULL
R-CCU: After ClusterLabelChange for i = 46 
R-CCU: sum(pointsPerCluster) = 3046 
 num [1:4] 3040 1 2 3
NULL
R-CCU: dpObj$numberClusters = 4 
List of 2
 $ : num [1, 1, 1:4] 0.483 0.265 0.652 0.302
 $ : num [1, 1, 1:4] 2.34 3.79 3.21 11.39
NULL
R priorParameters: 2 8 
R maxT: 1 
R_PriorDraw_first_mu: 0.3647626 
R_PriorDraw_first_nu: 3.191736 
R-CCU: Before ClusterLabelChange for i = 47 newLabel= 1 currentLabel= 1 
R-CCU: sum(pointsPerCluster) = 3046 
 num [1:4] 3040 1 2 3
NULL
R-CCU: After ClusterLabelChange for i = 47 
R-CCU: sum(pointsPerCluster) = 3047 
 num [1:4] 3041 1 2 3
NULL
R-CCU: dpObj$numberClusters = 4 
List of 2
 $ : num [1, 1, 1:4] 0.483 0.265 0.652 0.302
 $ : num [1, 1, 1:4] 2.34 3.79 3.21 11.39
NULL
R priorParameters: 2 8 
R maxT: 1 
R_PriorDraw_first_mu: 0.4559078 
R_PriorDraw_first_nu: 3.16477 
R-CCU: Before ClusterLabelChange for i = 48 newLabel= 1 currentLabel= 1 
R-CCU: sum(pointsPerCluster) = 3047 
 num [1:4] 3041 1 2 3
NULL
R-CCU: After ClusterLabelChange for i = 48 
R-CCU: sum(pointsPerCluster) = 3048 
 num [1:4] 3042 1 2 3
NULL
R-CCU: dpObj$numberClusters = 4 
List of 2
 $ : num [1, 1, 1:4] 0.483 0.265 0.652 0.302
 $ : num [1, 1, 1:4] 2.34 3.79 3.21 11.39
NULL
R priorParameters: 2 8 
R maxT: 1 
R_PriorDraw_first_mu: 0.3712088 
R_PriorDraw_first_nu: 4.959441 
R-CCU: Before ClusterLabelChange for i = 49 newLabel= 1 currentLabel= 1 
R-CCU: sum(pointsPerCluster) = 3048 
 num [1:4] 3042 1 2 3
NULL
R-CCU: After ClusterLabelChange for i = 49 
R-CCU: sum(pointsPerCluster) = 3049 
 num [1:4] 3043 1 2 3
NULL
R-CCU: dpObj$numberClusters = 4 
List of 2
 $ : num [1, 1, 1:4] 0.483 0.265 0.652 0.302
 $ : num [1, 1, 1:4] 2.34 3.79 3.21 11.39
NULL
R priorParameters: 2 8 
R maxT: 1 
R_PriorDraw_first_mu: 0.3553268 
R_PriorDraw_first_nu: 5.358779 
R-CCU: Before ClusterLabelChange for i = 50 newLabel= 1 currentLabel= 1 
R-CCU: sum(pointsPerCluster) = 3049 
 num [1:4] 3043 1 2 3
NULL
R-CCU: After ClusterLabelChange for i = 50 
R-CCU: sum(pointsPerCluster) = 3050 
 num [1:4] 3044 1 2 3
NULL
R-CCU: dpObj$numberClusters = 4 
List of 2
 $ : num [1, 1, 1:4] 0.483 0.265 0.652 0.302
 $ : num [1, 1, 1:4] 2.34 3.79 3.21 11.39
NULL
R priorParameters: 2 8 
R maxT: 1 
R_PriorDraw_first_mu: 0.2870193 
R_PriorDraw_first_nu: 5.452921 
R-CCU: Before ClusterLabelChange for i = 51 newLabel= 1 currentLabel= 1 
R-CCU: sum(pointsPerCluster) = 3050 
 num [1:4] 3044 1 2 3
NULL
R-CCU: After ClusterLabelChange for i = 51 
R-CCU: sum(pointsPerCluster) = 3051 
 num [1:4] 3045 1 2 3
NULL
R-CCU: dpObj$numberClusters = 4 
List of 2
 $ : num [1, 1, 1:4] 0.483 0.265 0.652 0.302
 $ : num [1, 1, 1:4] 2.34 3.79 3.21 11.39
NULL
R priorParameters: 2 8 
R maxT: 1 
R_PriorDraw_first_mu: 0.00685685 
R_PriorDraw_first_nu: 3.718843 
R-CCU: Before ClusterLabelChange for i = 52 newLabel= 1 currentLabel= 1 
R-CCU: sum(pointsPerCluster) = 3051 
 num [1:4] 3045 1 2 3
NULL
R-CCU: After ClusterLabelChange for i = 52 
R-CCU: sum(pointsPerCluster) = 3052 
 num [1:4] 3046 1 2 3
NULL
R-CCU: dpObj$numberClusters = 4 
List of 2
 $ : num [1, 1, 1:4] 0.483 0.265 0.652 0.302
 $ : num [1, 1, 1:4] 2.34 3.79 3.21 11.39
NULL
R priorParameters: 2 8 
R maxT: 1 
R_PriorDraw_first_mu: 0.7362292 
R_PriorDraw_first_nu: 4.209658 
R-CCU: Before ClusterLabelChange for i = 53 newLabel= 1 currentLabel= 1 
R-CCU: sum(pointsPerCluster) = 3052 
 num [1:4] 3046 1 2 3
NULL
R-CCU: After ClusterLabelChange for i = 53 
R-CCU: sum(pointsPerCluster) = 3053 
 num [1:4] 3047 1 2 3
NULL
R-CCU: dpObj$numberClusters = 4 
List of 2
 $ : num [1, 1, 1:4] 0.483 0.265 0.652 0.302
 $ : num [1, 1, 1:4] 2.34 3.79 3.21 11.39
NULL
R priorParameters: 2 8 
R maxT: 1 
R_PriorDraw_first_mu: 0.3241374 
R_PriorDraw_first_nu: 18.94606 
R-CCU: Before ClusterLabelChange for i = 54 newLabel= 1 currentLabel= 1 
R-CCU: sum(pointsPerCluster) = 3053 
 num [1:4] 3047 1 2 3
NULL
R-CCU: After ClusterLabelChange for i = 54 
R-CCU: sum(pointsPerCluster) = 3054 
 num [1:4] 3048 1 2 3
NULL
R-CCU: dpObj$numberClusters = 4 
List of 2
 $ : num [1, 1, 1:4] 0.483 0.265 0.652 0.302
 $ : num [1, 1, 1:4] 2.34 3.79 3.21 11.39
NULL
R priorParameters: 2 8 
R maxT: 1 
R_PriorDraw_first_mu: 0.3430843 
R_PriorDraw_first_nu: 2.146396 
R-CCU: Before ClusterLabelChange for i = 55 newLabel= 1 currentLabel= 1 
R-CCU: sum(pointsPerCluster) = 3054 
 num [1:4] 3048 1 2 3
NULL
R-CCU: After ClusterLabelChange for i = 55 
R-CCU: sum(pointsPerCluster) = 3055 
 num [1:4] 3049 1 2 3
NULL
R-CCU: dpObj$numberClusters = 4 
List of 2
 $ : num [1, 1, 1:4] 0.483 0.265 0.652 0.302
 $ : num [1, 1, 1:4] 2.34 3.79 3.21 11.39
NULL
R priorParameters: 2 8 
R maxT: 1 
R_PriorDraw_first_mu: 0.629488 
R_PriorDraw_first_nu: 7.502811 
R-CCU: Before ClusterLabelChange for i = 56 newLabel= 1 currentLabel= 1 
R-CCU: sum(pointsPerCluster) = 3055 
 num [1:4] 3049 1 2 3
NULL
R-CCU: After ClusterLabelChange for i = 56 
R-CCU: sum(pointsPerCluster) = 3056 
 num [1:4] 3050 1 2 3
NULL
R-CCU: dpObj$numberClusters = 4 
List of 2
 $ : num [1, 1, 1:4] 0.483 0.265 0.652 0.302
 $ : num [1, 1, 1:4] 2.34 3.79 3.21 11.39
NULL
R priorParameters: 2 8 
R maxT: 1 
R_PriorDraw_first_mu: 0.3327851 
R_PriorDraw_first_nu: 1.828676 
R-CCU: Before ClusterLabelChange for i = 57 newLabel= 1 currentLabel= 1 
R-CCU: sum(pointsPerCluster) = 3056 
 num [1:4] 3050 1 2 3
NULL
R-CCU: After ClusterLabelChange for i = 57 
R-CCU: sum(pointsPerCluster) = 3057 
 num [1:4] 3051 1 2 3
NULL
R-CCU: dpObj$numberClusters = 4 
List of 2
 $ : num [1, 1, 1:4] 0.483 0.265 0.652 0.302
 $ : num [1, 1, 1:4] 2.34 3.79 3.21 11.39
NULL
R priorParameters: 2 8 
R maxT: 1 
R_PriorDraw_first_mu: 0.8126162 
R_PriorDraw_first_nu: 3.185401 
R-CCU: Before ClusterLabelChange for i = 58 newLabel= 1 currentLabel= 1 
R-CCU: sum(pointsPerCluster) = 3057 
 num [1:4] 3051 1 2 3
NULL
R-CCU: After ClusterLabelChange for i = 58 
R-CCU: sum(pointsPerCluster) = 3058 
 num [1:4] 3052 1 2 3
NULL
R-CCU: dpObj$numberClusters = 4 
List of 2
 $ : num [1, 1, 1:4] 0.483 0.265 0.652 0.302
 $ : num [1, 1, 1:4] 2.34 3.79 3.21 11.39
NULL
R priorParameters: 2 8 
R maxT: 1 
R_PriorDraw_first_mu: 0.9425591 
R_PriorDraw_first_nu: 1.826453 
R-CCU: Before ClusterLabelChange for i = 59 newLabel= 1 currentLabel= 1 
R-CCU: sum(pointsPerCluster) = 3058 
 num [1:4] 3052 1 2 3
NULL
R-CCU: After ClusterLabelChange for i = 59 
R-CCU: sum(pointsPerCluster) = 3059 
 num [1:4] 3053 1 2 3
NULL
R-CCU: dpObj$numberClusters = 4 
List of 2
 $ : num [1, 1, 1:4] 0.483 0.265 0.652 0.302
 $ : num [1, 1, 1:4] 2.34 3.79 3.21 11.39
NULL
R priorParameters: 2 8 
R maxT: 1 
R_PriorDraw_first_mu: 0.1026996 
R_PriorDraw_first_nu: 8.744012 
R-CCU: Before ClusterLabelChange for i = 60 newLabel= 1 currentLabel= 1 
R-CCU: sum(pointsPerCluster) = 3059 
 num [1:4] 3053 1 2 3
NULL
R-CCU: After ClusterLabelChange for i = 60 
R-CCU: sum(pointsPerCluster) = 3060 
 num [1:4] 3054 1 2 3
NULL
R-CCU: dpObj$numberClusters = 4 
List of 2
 $ : num [1, 1, 1:4] 0.483 0.265 0.652 0.302
 $ : num [1, 1, 1:4] 2.34 3.79 3.21 11.39
NULL

⠏ |   100      0 | Beta Distribution Full Integration Test         
⠼ | 1 100      4 | Beta Distribution Full Integration Test         R priorParameters: 2 8 
R maxT: 1 
R_PriorDraw_first_mu: 0.05466606 
R_PriorDraw_first_nu: 8.655841 
R-CCU: Before ClusterLabelChange for i = 1 newLabel= 1 currentLabel= 1 
R-CCU: sum(pointsPerCluster) = 100 
 int 100
NULL
R-CCU: After ClusterLabelChange for i = 1 
R-CCU: sum(pointsPerCluster) = 101 
 num 101
NULL
R-CCU: dpObj$numberClusters = 1 
List of 2
 $ : num [1, 1, 1] 0.316
 $ : num [1, 1, 1] 9.66
NULL
R priorParameters: 2 8 
R maxT: 1 
R_PriorDraw_first_mu: 0.08534972 
R_PriorDraw_first_nu: 2.918559 
R-CCU: Before ClusterLabelChange for i = 2 newLabel= 1 currentLabel= 1 
R-CCU: sum(pointsPerCluster) = 101 
 num 101
NULL
R-CCU: After ClusterLabelChange for i = 2 
R-CCU: sum(pointsPerCluster) = 102 
 num 102
NULL
R-CCU: dpObj$numberClusters = 1 
List of 2
 $ : num [1, 1, 1] 0.316
 $ : num [1, 1, 1] 9.66
NULL
R priorParameters: 2 8 
R maxT: 1 
R_PriorDraw_first_mu: 0.2662563 
R_PriorDraw_first_nu: 4.127099 
R-CCU: Before ClusterLabelChange for i = 3 newLabel= 1 currentLabel= 1 
R-CCU: sum(pointsPerCluster) = 102 
 num 102
NULL
R-CCU: After ClusterLabelChange for i = 3 
R-CCU: sum(pointsPerCluster) = 103 
 num 103
NULL
R-CCU: dpObj$numberClusters = 1 
List of 2
 $ : num [1, 1, 1] 0.316
 $ : num [1, 1, 1] 9.66
NULL
R priorParameters: 2 8 
R maxT: 1 
R_PriorDraw_first_mu: 0.8682042 
R_PriorDraw_first_nu: 2.4968 
R-CCU: Before ClusterLabelChange for i = 4 newLabel= 1 currentLabel= 1 
R-CCU: sum(pointsPerCluster) = 103 
 num 103
NULL
R-CCU: After ClusterLabelChange for i = 4 
R-CCU: sum(pointsPerCluster) = 104 
 num 104
NULL
R-CCU: dpObj$numberClusters = 1 
List of 2
 $ : num [1, 1, 1] 0.316
 $ : num [1, 1, 1] 9.66
NULL
R priorParameters: 2 8 
R maxT: 1 
R_PriorDraw_first_mu: 0.04277229 
R_PriorDraw_first_nu: 5.490615 
R-CCU: Before ClusterLabelChange for i = 5 newLabel= 1 currentLabel= 1 
R-CCU: sum(pointsPerCluster) = 104 
 num 104
NULL
R-CCU: After ClusterLabelChange for i = 5 
R-CCU: sum(pointsPerCluster) = 105 
 num 105
NULL
R-CCU: dpObj$numberClusters = 1 
List of 2
 $ : num [1, 1, 1] 0.316
 $ : num [1, 1, 1] 9.66
NULL
R priorParameters: 2 8 
R maxT: 1 
R_PriorDraw_first_mu: 0.1916049 
R_PriorDraw_first_nu: 4.105331 
R-CCU: Before ClusterLabelChange for i = 6 newLabel= 1 currentLabel= 1 
R-CCU: sum(pointsPerCluster) = 105 
 num 105
NULL
R-CCU: After ClusterLabelChange for i = 6 
R-CCU: sum(pointsPerCluster) = 106 
 num 106
NULL
R-CCU: dpObj$numberClusters = 1 
List of 2
 $ : num [1, 1, 1] 0.316
 $ : num [1, 1, 1] 9.66
NULL
R priorParameters: 2 8 
R maxT: 1 
R_PriorDraw_first_mu: 0.7335853 
R_PriorDraw_first_nu: 2.848402 
R-CCU: Before ClusterLabelChange for i = 7 newLabel= 1 currentLabel= 1 
R-CCU: sum(pointsPerCluster) = 106 
 num 106
NULL
R-CCU: After ClusterLabelChange for i = 7 
R-CCU: sum(pointsPerCluster) = 107 
 num 107
NULL
R-CCU: dpObj$numberClusters = 1 
List of 2
 $ : num [1, 1, 1] 0.316
 $ : num [1, 1, 1] 9.66
NULL
R priorParameters: 2 8 
R maxT: 1 
R_PriorDraw_first_mu: 0.8003971 
R_PriorDraw_first_nu: 4.113928 
R-CCU: Before ClusterLabelChange for i = 8 newLabel= 1 currentLabel= 1 
R-CCU: sum(pointsPerCluster) = 107 
 num 107
NULL
R-CCU: After ClusterLabelChange for i = 8 
R-CCU: sum(pointsPerCluster) = 108 
 num 108
NULL
R-CCU: dpObj$numberClusters = 1 
List of 2
 $ : num [1, 1, 1] 0.316
 $ : num [1, 1, 1] 9.66
NULL
R priorParameters: 2 8 
R maxT: 1 
R_PriorDraw_first_mu: 0.5775771 
R_PriorDraw_first_nu: 3.315436 
R-CCU: Before ClusterLabelChange for i = 9 newLabel= 1 currentLabel= 1 
R-CCU: sum(pointsPerCluster) = 108 
 num 108
NULL
R-CCU: After ClusterLabelChange for i = 9 
R-CCU: sum(pointsPerCluster) = 109 
 num 109
NULL
R-CCU: dpObj$numberClusters = 1 
List of 2
 $ : num [1, 1, 1] 0.316
 $ : num [1, 1, 1] 9.66
NULL
R priorParameters: 2 8 
R maxT: 1 
R_PriorDraw_first_mu: 0.9673244 
R_PriorDraw_first_nu: 5.296689 
R-CCU: Before ClusterLabelChange for i = 10 newLabel= 1 currentLabel= 1 
R-CCU: sum(pointsPerCluster) = 109 
 num 109
NULL
R-CCU: After ClusterLabelChange for i = 10 
R-CCU: sum(pointsPerCluster) = 110 
 num 110
NULL
R-CCU: dpObj$numberClusters = 1 
List of 2
 $ : num [1, 1, 1] 0.316
 $ : num [1, 1, 1] 9.66
NULL
R priorParameters: 2 8 
R maxT: 1 
R_PriorDraw_first_mu: 0.584397 
R_PriorDraw_first_nu: 13.1727 
R-CCU: Before ClusterLabelChange for i = 11 newLabel= 1 currentLabel= 1 
R-CCU: sum(pointsPerCluster) = 110 
 num 110
NULL
R-CCU: After ClusterLabelChange for i = 11 
R-CCU: sum(pointsPerCluster) = 111 
 num 111
NULL
R-CCU: dpObj$numberClusters = 1 
List of 2
 $ : num [1, 1, 1] 0.316
 $ : num [1, 1, 1] 9.66
NULL
R priorParameters: 2 8 
R maxT: 1 
R_PriorDraw_first_mu: 0.9691887 
R_PriorDraw_first_nu: 4.921376 
R-CCU: Before ClusterLabelChange for i = 12 newLabel= 1 currentLabel= 1 
R-CCU: sum(pointsPerCluster) = 111 
 num 111
NULL
R-CCU: After ClusterLabelChange for i = 12 
R-CCU: sum(pointsPerCluster) = 112 
 num 112
NULL
R-CCU: dpObj$numberClusters = 1 
List of 2
 $ : num [1, 1, 1] 0.316
 $ : num [1, 1, 1] 9.66
NULL
R priorParameters: 2 8 
R maxT: 1 
R_PriorDraw_first_mu: 0.02989611 
R_PriorDraw_first_nu: 2.327717 
R-CCU: Before ClusterLabelChange for i = 13 newLabel= 1 currentLabel= 1 
R-CCU: sum(pointsPerCluster) = 112 
 num 112
NULL
R-CCU: After ClusterLabelChange for i = 13 
R-CCU: sum(pointsPerCluster) = 113 
 num 113
NULL
R-CCU: dpObj$numberClusters = 1 
List of 2
 $ : num [1, 1, 1] 0.316
 $ : num [1, 1, 1] 9.66
NULL
R priorParameters: 2 8 
R maxT: 1 
R_PriorDraw_first_mu: 0.650113 
R_PriorDraw_first_nu: 4.934854 
R-CCU: Before ClusterLabelChange for i = 14 newLabel= 1 currentLabel= 1 
R-CCU: sum(pointsPerCluster) = 113 
 num 113
NULL
R-CCU: After ClusterLabelChange for i = 14 
R-CCU: sum(pointsPerCluster) = 114 
 num 114
NULL
R-CCU: dpObj$numberClusters = 1 
List of 2
 $ : num [1, 1, 1] 0.316
 $ : num [1, 1, 1] 9.66
NULL
R priorParameters: 2 8 
R maxT: 1 
R_PriorDraw_first_mu: 0.9547657 
R_PriorDraw_first_nu: 3.359681 
R-CCU: Before ClusterLabelChange for i = 15 newLabel= 1 currentLabel= 1 
R-CCU: sum(pointsPerCluster) = 114 
 num 114
NULL
R-CCU: After ClusterLabelChange for i = 15 
R-CCU: sum(pointsPerCluster) = 115 
 num 115
NULL
R-CCU: dpObj$numberClusters = 1 
List of 2
 $ : num [1, 1, 1] 0.316
 $ : num [1, 1, 1] 9.66
NULL
R priorParameters: 2 8 
R maxT: 1 
R_PriorDraw_first_mu: 0.3983697 
R_PriorDraw_first_nu: 49.77136 
R-CCU: Before ClusterLabelChange for i = 16 newLabel= 1 currentLabel= 1 
R-CCU: sum(pointsPerCluster) = 115 
 num 115
NULL
R-CCU: After ClusterLabelChange for i = 16 
R-CCU: sum(pointsPerCluster) = 116 
 num 116
NULL
R-CCU: dpObj$numberClusters = 1 
List of 2
 $ : num [1, 1, 1] 0.316
 $ : num [1, 1, 1] 9.66
NULL
R priorParameters: 2 8 
R maxT: 1 
R_PriorDraw_first_mu: 0.1751952 
R_PriorDraw_first_nu: 4.506255 
R-CCU: Before ClusterLabelChange for i = 17 newLabel= 1 currentLabel= 1 
R-CCU: sum(pointsPerCluster) = 116 
 num 116
NULL
R-CCU: After ClusterLabelChange for i = 17 
R-CCU: sum(pointsPerCluster) = 117 
 num 117
NULL
R-CCU: dpObj$numberClusters = 1 
List of 2
 $ : num [1, 1, 1] 0.316
 $ : num [1, 1, 1] 9.66
NULL
R priorParameters: 2 8 
R maxT: 1 
R_PriorDraw_first_mu: 0.2163573 
R_PriorDraw_first_nu: 5.721226 
R-CCU: Before ClusterLabelChange for i = 18 newLabel= 1 currentLabel= 1 
R-CCU: sum(pointsPerCluster) = 117 
 num 117
NULL
R-CCU: After ClusterLabelChange for i = 18 
R-CCU: sum(pointsPerCluster) = 118 
 num 118
NULL
R-CCU: dpObj$numberClusters = 1 
List of 2
 $ : num [1, 1, 1] 0.316
 $ : num [1, 1, 1] 9.66
NULL
R priorParameters: 2 8 
R maxT: 1 
R_PriorDraw_first_mu: 0.7330399 
R_PriorDraw_first_nu: 5.839703 
R-CCU: Before ClusterLabelChange for i = 19 newLabel= 1 currentLabel= 1 
R-CCU: sum(pointsPerCluster) = 118 
 num 118
NULL
R-CCU: After ClusterLabelChange for i = 19 
R-CCU: sum(pointsPerCluster) = 119 
 num 119
NULL
R-CCU: dpObj$numberClusters = 1 
List of 2
 $ : num [1, 1, 1] 0.316
 $ : num [1, 1, 1] 9.66
NULL
R priorParameters: 2 8 
R maxT: 1 
R_PriorDraw_first_mu: 0.0393887 
R_PriorDraw_first_nu: 3.203293 
R-CCU: Before ClusterLabelChange for i = 20 newLabel= 1 currentLabel= 1 
R-CCU: sum(pointsPerCluster) = 119 
 num 119
NULL
R-CCU: After ClusterLabelChange for i = 20 
R-CCU: sum(pointsPerCluster) = 120 
 num 120
NULL
R-CCU: dpObj$numberClusters = 1 
List of 2
 $ : num [1, 1, 1] 0.316
 $ : num [1, 1, 1] 9.66
NULL
R priorParameters: 2 8 
R maxT: 1 
R_PriorDraw_first_mu: 0.5796382 
R_PriorDraw_first_nu: 1.662403 
R-CCU: Before ClusterLabelChange for i = 21 newLabel= 1 currentLabel= 1 
R-CCU: sum(pointsPerCluster) = 120 
 num 120
NULL
R-CCU: After ClusterLabelChange for i = 21 
R-CCU: sum(pointsPerCluster) = 121 
 num 121
NULL
R-CCU: dpObj$numberClusters = 1 
List of 2
 $ : num [1, 1, 1] 0.316
 $ : num [1, 1, 1] 9.66
NULL
R priorParameters: 2 8 
R maxT: 1 
R_PriorDraw_first_mu: 0.5388 
R_PriorDraw_first_nu: 4.525174 
R-CCU: Before ClusterLabelChange for i = 22 newLabel= 1 currentLabel= 1 
R-CCU: sum(pointsPerCluster) = 121 
 num 121
NULL
R-CCU: After ClusterLabelChange for i = 22 
R-CCU: sum(pointsPerCluster) = 122 
 num 122
NULL
R-CCU: dpObj$numberClusters = 1 
List of 2
 $ : num [1, 1, 1] 0.316
 $ : num [1, 1, 1] 9.66
NULL
R priorParameters: 2 8 
R maxT: 1 
R_PriorDraw_first_mu: 0.4277167 
R_PriorDraw_first_nu: 1.905254 
R-CCU: Before ClusterLabelChange for i = 23 newLabel= 1 currentLabel= 1 
R-CCU: sum(pointsPerCluster) = 122 
 num 122
NULL
R-CCU: After ClusterLabelChange for i = 23 
R-CCU: sum(pointsPerCluster) = 123 
 num 123
NULL
R-CCU: dpObj$numberClusters = 1 
List of 2
 $ : num [1, 1, 1] 0.316
 $ : num [1, 1, 1] 9.66
NULL
R priorParameters: 2 8 
R maxT: 1 
R_PriorDraw_first_mu: 0.8787272 
R_PriorDraw_first_nu: 2.309388 
R-CCU: Before ClusterLabelChange for i = 24 newLabel= 1 currentLabel= 1 
R-CCU: sum(pointsPerCluster) = 123 
 num 123
NULL
R-CCU: After ClusterLabelChange for i = 24 
R-CCU: sum(pointsPerCluster) = 124 
 num 124
NULL
R-CCU: dpObj$numberClusters = 1 
List of 2
 $ : num [1, 1, 1] 0.316
 $ : num [1, 1, 1] 9.66
NULL
R priorParameters: 2 8 
R maxT: 1 
R_PriorDraw_first_mu: 0.5980859 
R_PriorDraw_first_nu: 4.244043 
R-CCU: Before ClusterLabelChange for i = 25 newLabel= 1 currentLabel= 1 
R-CCU: sum(pointsPerCluster) = 124 
 num 124
NULL
R-CCU: After ClusterLabelChange for i = 25 
R-CCU: sum(pointsPerCluster) = 125 
 num 125
NULL
R-CCU: dpObj$numberClusters = 1 
List of 2
 $ : num [1, 1, 1] 0.316
 $ : num [1, 1, 1] 9.66
NULL
R priorParameters: 2 8 
R maxT: 1 
R_PriorDraw_first_mu: 0.5163219 
R_PriorDraw_first_nu: 3.011541 
R-CCU: Before ClusterLabelChange for i = 26 newLabel= 1 currentLabel= 1 
R-CCU: sum(pointsPerCluster) = 125 
 num 125
NULL
R-CCU: After ClusterLabelChange for i = 26 
R-CCU: sum(pointsPerCluster) = 126 
 num 126
NULL
R-CCU: dpObj$numberClusters = 1 
List of 2
 $ : num [1, 1, 1] 0.316
 $ : num [1, 1, 1] 9.66
NULL
R priorParameters: 2 8 
R maxT: 1 
R_PriorDraw_first_mu: 0.6419964 
R_PriorDraw_first_nu: 4.490102 
R-CCU: Before ClusterLabelChange for i = 27 newLabel= 1 currentLabel= 1 
R-CCU: sum(pointsPerCluster) = 126 
 num 126
NULL
R-CCU: After ClusterLabelChange for i = 27 
R-CCU: sum(pointsPerCluster) = 127 
 num 127
NULL
R-CCU: dpObj$numberClusters = 1 
List of 2
 $ : num [1, 1, 1] 0.316
 $ : num [1, 1, 1] 9.66
NULL
R priorParameters: 2 8 
R maxT: 1 
R_PriorDraw_first_mu: 0.1379941 
R_PriorDraw_first_nu: 5.395012 
R-CCU: Before ClusterLabelChange for i = 28 newLabel= 1 currentLabel= 1 
R-CCU: sum(pointsPerCluster) = 127 
 num 127
NULL
R-CCU: After ClusterLabelChange for i = 28 
R-CCU: sum(pointsPerCluster) = 128 
 num 128
NULL
R-CCU: dpObj$numberClusters = 1 
List of 2
 $ : num [1, 1, 1] 0.316
 $ : num [1, 1, 1] 9.66
NULL
R priorParameters: 2 8 
R maxT: 1 
R_PriorDraw_first_mu: 0.7068866 
R_PriorDraw_first_nu: 1.454593 
R-CCU: Before ClusterLabelChange for i = 29 newLabel= 1 currentLabel= 1 
R-CCU: sum(pointsPerCluster) = 128 
 num 128
NULL
R-CCU: After ClusterLabelChange for i = 29 
R-CCU: sum(pointsPerCluster) = 129 
 num 129
NULL
R-CCU: dpObj$numberClusters = 1 
List of 2
 $ : num [1, 1, 1] 0.316
 $ : num [1, 1, 1] 9.66
NULL
R priorParameters: 2 8 
R maxT: 1 
R_PriorDraw_first_mu: 0.1442659 
R_PriorDraw_first_nu: 2.164225 
R-CCU: Before ClusterLabelChange for i = 30 newLabel= 1 currentLabel= 1 
R-CCU: sum(pointsPerCluster) = 129 
 num 129
NULL
R-CCU: After ClusterLabelChange for i = 30 
R-CCU: sum(pointsPerCluster) = 130 
 num 130
NULL
R-CCU: dpObj$numberClusters = 1 
List of 2
 $ : num [1, 1, 1] 0.316
 $ : num [1, 1, 1] 9.66
NULL
R priorParameters: 2 8 
R maxT: 1 
R_PriorDraw_first_mu: 0.1401828 
R_PriorDraw_first_nu: 3.256622 
R-CCU: Before ClusterLabelChange for i = 31 newLabel= 1 currentLabel= 1 
R-CCU: sum(pointsPerCluster) = 130 
 num 130
NULL
R-CCU: After ClusterLabelChange for i = 31 
R-CCU: sum(pointsPerCluster) = 131 
 num 131
NULL
R-CCU: dpObj$numberClusters = 1 
List of 2
 $ : num [1, 1, 1] 0.316
 $ : num [1, 1, 1] 9.66
NULL
R priorParameters: 2 8 
R maxT: 1 
R_PriorDraw_first_mu: 0.2714998 
R_PriorDraw_first_nu: 20.7232 
R-CCU: Before ClusterLabelChange for i = 32 newLabel= 1 currentLabel= 1 
R-CCU: sum(pointsPerCluster) = 131 
 num 131
NULL
R-CCU: After ClusterLabelChange for i = 32 
R-CCU: sum(pointsPerCluster) = 132 
 num 132
NULL
R-CCU: dpObj$numberClusters = 1 
List of 2
 $ : num [1, 1, 1] 0.316
 $ : num [1, 1, 1] 9.66
NULL
R priorParameters: 2 8 
R maxT: 1 
R_PriorDraw_first_mu: 0.4487061 
R_PriorDraw_first_nu: 9.192909 
R-CCU: Before ClusterLabelChange for i = 33 newLabel= 1 currentLabel= 1 
R-CCU: sum(pointsPerCluster) = 132 
 num 132
NULL
R-CCU: After ClusterLabelChange for i = 33 
R-CCU: sum(pointsPerCluster) = 133 
 num 133
NULL
R-CCU: dpObj$numberClusters = 1 
List of 2
 $ : num [1, 1, 1] 0.316
 $ : num [1, 1, 1] 9.66
NULL
R priorParameters: 2 8 
R maxT: 1 
R_PriorDraw_first_mu: 0.08991653 
R_PriorDraw_first_nu: 4.114654 
R-CCU: Before ClusterLabelChange for i = 34 newLabel= 1 currentLabel= 1 
R-CCU: sum(pointsPerCluster) = 133 
 num 133
NULL
R-CCU: After ClusterLabelChange for i = 34 
R-CCU: sum(pointsPerCluster) = 134 
 num 134
NULL
R-CCU: dpObj$numberClusters = 1 
List of 2
 $ : num [1, 1, 1] 0.316
 $ : num [1, 1, 1] 9.66
NULL
R priorParameters: 2 8 
R maxT: 1 
R_PriorDraw_first_mu: 0.706086 
R_PriorDraw_first_nu: 7.646136 
R-CCU: Before ClusterLabelChange for i = 35 newLabel= 1 currentLabel= 1 
R-CCU: sum(pointsPerCluster) = 134 
 num 134
NULL
R-CCU: After ClusterLabelChange for i = 35 
R-CCU: sum(pointsPerCluster) = 135 
 num 135
NULL
R-CCU: dpObj$numberClusters = 1 
List of 2
 $ : num [1, 1, 1] 0.316
 $ : num [1, 1, 1] 9.66
NULL
R priorParameters: 2 8 
R maxT: 1 
R_PriorDraw_first_mu: 0.2014737 
R_PriorDraw_first_nu: 6.637049 
R-CCU: Before ClusterLabelChange for i = 36 newLabel= 1 currentLabel= 1 
R-CCU: sum(pointsPerCluster) = 135 
 num 135
NULL
R-CCU: After ClusterLabelChange for i = 36 
R-CCU: sum(pointsPerCluster) = 136 
 num 136
NULL
R-CCU: dpObj$numberClusters = 1 
List of 2
 $ : num [1, 1, 1] 0.316
 $ : num [1, 1, 1] 9.66
NULL
R priorParameters: 2 8 
R maxT: 1 
R_PriorDraw_first_mu: 0.4765703 
R_PriorDraw_first_nu: 2.936569 
R-CCU: Before ClusterLabelChange for i = 37 newLabel= 1 currentLabel= 1 
R-CCU: sum(pointsPerCluster) = 136 
 num 136
NULL
R-CCU: After ClusterLabelChange for i = 37 
R-CCU: sum(pointsPerCluster) = 137 
 num 137
NULL
R-CCU: dpObj$numberClusters = 1 
List of 2
 $ : num [1, 1, 1] 0.316
 $ : num [1, 1, 1] 9.66
NULL
R priorParameters: 2 8 
R maxT: 1 
R_PriorDraw_first_mu: 0.5538331 
R_PriorDraw_first_nu: 2.030596 
R-CCU: Before ClusterLabelChange for i = 38 newLabel= 1 currentLabel= 1 
R-CCU: sum(pointsPerCluster) = 137 
 num 137
NULL
R-CCU: After ClusterLabelChange for i = 38 
R-CCU: sum(pointsPerCluster) = 138 
 num 138
NULL
R-CCU: dpObj$numberClusters = 1 
List of 2
 $ : num [1, 1, 1] 0.316
 $ : num [1, 1, 1] 9.66
NULL
R priorParameters: 2 8 
R maxT: 1 
R_PriorDraw_first_mu: 0.1457913 
R_PriorDraw_first_nu: 5.07502 
R-CCU: Before ClusterLabelChange for i = 39 newLabel= 1 currentLabel= 1 
R-CCU: sum(pointsPerCluster) = 138 
 num 138
NULL
R-CCU: After ClusterLabelChange for i = 39 
R-CCU: sum(pointsPerCluster) = 139 
 num 139
NULL
R-CCU: dpObj$numberClusters = 1 
List of 2
 $ : num [1, 1, 1] 0.316
 $ : num [1, 1, 1] 9.66
NULL
R priorParameters: 2 8 
R maxT: 1 
R_PriorDraw_first_mu: 0.5243773 
R_PriorDraw_first_nu: 8.176914 
R-CCU: Before ClusterLabelChange for i = 40 newLabel= 1 currentLabel= 1 
R-CCU: sum(pointsPerCluster) = 139 
 num 139
NULL
R-CCU: After ClusterLabelChange for i = 40 
R-CCU: sum(pointsPerCluster) = 140 
 num 140
NULL
R-CCU: dpObj$numberClusters = 1 
List of 2
 $ : num [1, 1, 1] 0.316
 $ : num [1, 1, 1] 9.66
NULL
R priorParameters: 2 8 
R maxT: 1 
R_PriorDraw_first_mu: 0.5772711 
R_PriorDraw_first_nu: 3.991643 
R-CCU: Before ClusterLabelChange for i = 41 newLabel= 1 currentLabel= 1 
R-CCU: sum(pointsPerCluster) = 140 
 num 140
NULL
R-CCU: After ClusterLabelChange for i = 41 
R-CCU: sum(pointsPerCluster) = 141 
 num 141
NULL
R-CCU: dpObj$numberClusters = 1 
List of 2
 $ : num [1, 1, 1] 0.316
 $ : num [1, 1, 1] 9.66
NULL
R priorParameters: 2 8 
R maxT: 1 
R_PriorDraw_first_mu: 0.5368617 
R_PriorDraw_first_nu: 6.095381 
R-CCU: Before ClusterLabelChange for i = 42 newLabel= 1 currentLabel= 1 
R-CCU: sum(pointsPerCluster) = 141 
 num 141
NULL
R-CCU: After ClusterLabelChange for i = 42 
R-CCU: sum(pointsPerCluster) = 142 
 num 142
NULL
R-CCU: dpObj$numberClusters = 1 
List of 2
 $ : num [1, 1, 1] 0.316
 $ : num [1, 1, 1] 9.66
NULL
R priorParameters: 2 8 
R maxT: 1 
R_PriorDraw_first_mu: 0.9652964 
R_PriorDraw_first_nu: 19.09515 
R-CCU: Before ClusterLabelChange for i = 43 newLabel= 1 currentLabel= 1 
R-CCU: sum(pointsPerCluster) = 142 
 num 142
NULL
R-CCU: After ClusterLabelChange for i = 43 
R-CCU: sum(pointsPerCluster) = 143 
 num 143
NULL
R-CCU: dpObj$numberClusters = 1 
List of 2
 $ : num [1, 1, 1] 0.316
 $ : num [1, 1, 1] 9.66
NULL
R priorParameters: 2 8 
R maxT: 1 
R_PriorDraw_first_mu: 0.9046873 
R_PriorDraw_first_nu: 1.849661 
R-CCU: Before ClusterLabelChange for i = 44 newLabel= 1 currentLabel= 1 
R-CCU: sum(pointsPerCluster) = 143 
 num 143
NULL
R-CCU: After ClusterLabelChange for i = 44 
R-CCU: sum(pointsPerCluster) = 144 
 num 144
NULL
R-CCU: dpObj$numberClusters = 1 
List of 2
 $ : num [1, 1, 1] 0.316
 $ : num [1, 1, 1] 9.66
NULL
R priorParameters: 2 8 
R maxT: 1 
R_PriorDraw_first_mu: 0.6939885 
R_PriorDraw_first_nu: 25.55254 
R-CCU: Before ClusterLabelChange for i = 45 newLabel= 1 currentLabel= 1 
R-CCU: sum(pointsPerCluster) = 144 
 num 144
NULL
R-CCU: After ClusterLabelChange for i = 45 
R-CCU: sum(pointsPerCluster) = 145 
 num 145
NULL
R-CCU: dpObj$numberClusters = 1 
List of 2
 $ : num [1, 1, 1] 0.316
 $ : num [1, 1, 1] 9.66
NULL
R priorParameters: 2 8 
R maxT: 1 
R_PriorDraw_first_mu: 0.5811428 
R_PriorDraw_first_nu: 4.538409 
R-CCU: Before ClusterLabelChange for i = 46 newLabel= 1 currentLabel= 1 
R-CCU: sum(pointsPerCluster) = 145 
 num 145
NULL
R-CCU: After ClusterLabelChange for i = 46 
R-CCU: sum(pointsPerCluster) = 146 
 num 146
NULL
R-CCU: dpObj$numberClusters = 1 
List of 2
 $ : num [1, 1, 1] 0.316
 $ : num [1, 1, 1] 9.66
NULL
R priorParameters: 2 8 
R maxT: 1 
R_PriorDraw_first_mu: 0.4453287 
R_PriorDraw_first_nu: 4.911296 
R-CCU: Before ClusterLabelChange for i = 47 newLabel= 1 currentLabel= 1 
R-CCU: sum(pointsPerCluster) = 146 
 num 146
NULL
R-CCU: After ClusterLabelChange for i = 47 
R-CCU: sum(pointsPerCluster) = 147 
 num 147
NULL
R-CCU: dpObj$numberClusters = 1 
List of 2
 $ : num [1, 1, 1] 0.316
 $ : num [1, 1, 1] 9.66
NULL
R priorParameters: 2 8 
R maxT: 1 
R_PriorDraw_first_mu: 0.1028943 
R_PriorDraw_first_nu: 7.30488 
R-CCU: Before ClusterLabelChange for i = 48 newLabel= 1 currentLabel= 1 
R-CCU: sum(pointsPerCluster) = 147 
 num 147
NULL
R-CCU: After ClusterLabelChange for i = 48 
R-CCU: sum(pointsPerCluster) = 148 
 num 148
NULL
R-CCU: dpObj$numberClusters = 1 
List of 2
 $ : num [1, 1, 1] 0.316
 $ : num [1, 1, 1] 9.66
NULL
R priorParameters: 2 8 
R maxT: 1 
R_PriorDraw_first_mu: 0.6347368 
R_PriorDraw_first_nu: 4.248553 
R-CCU: Before ClusterLabelChange for i = 49 newLabel= 1 currentLabel= 1 
R-CCU: sum(pointsPerCluster) = 148 
 num 148
NULL
R-CCU: After ClusterLabelChange for i = 49 
R-CCU: sum(pointsPerCluster) = 149 
 num 149
NULL
R-CCU: dpObj$numberClusters = 1 
List of 2
 $ : num [1, 1, 1] 0.316
 $ : num [1, 1, 1] 9.66
NULL
R priorParameters: 2 8 
R maxT: 1 
R_PriorDraw_first_mu: 0.3373139 
R_PriorDraw_first_nu: 2.282709 
R-CCU: Before ClusterLabelChange for i = 50 newLabel= 1 currentLabel= 1 
R-CCU: sum(pointsPerCluster) = 149 
 num 149
NULL
R-CCU: After ClusterLabelChange for i = 50 
R-CCU: sum(pointsPerCluster) = 150 
 num 150
NULL
R-CCU: dpObj$numberClusters = 1 
List of 2
 $ : num [1, 1, 1] 0.316
 $ : num [1, 1, 1] 9.66
NULL
R priorParameters: 2 8 
R maxT: 1 
R_PriorDraw_first_mu: 0.7535448 
R_PriorDraw_first_nu: 7.606883 
R-CCU: Before ClusterLabelChange for i = 51 newLabel= 1 currentLabel= 1 
R-CCU: sum(pointsPerCluster) = 150 
 num 150
NULL
R-CCU: After ClusterLabelChange for i = 51 
R-CCU: sum(pointsPerCluster) = 151 
 num 151
NULL
R-CCU: dpObj$numberClusters = 1 
List of 2
 $ : num [1, 1, 1] 0.316
 $ : num [1, 1, 1] 9.66
NULL
R priorParameters: 2 8 
R maxT: 1 
R_PriorDraw_first_mu: 0.6908074 
R_PriorDraw_first_nu: 35.4438 
R-CCU: Before ClusterLabelChange for i = 52 newLabel= 1 currentLabel= 1 
R-CCU: sum(pointsPerCluster) = 151 
 num 151
NULL
R-CCU: After ClusterLabelChange for i = 52 
R-CCU: sum(pointsPerCluster) = 152 
 num 152
NULL
R-CCU: dpObj$numberClusters = 1 
List of 2
 $ : num [1, 1, 1] 0.316
 $ : num [1, 1, 1] 9.66
NULL
R priorParameters: 2 8 
R maxT: 1 
R_PriorDraw_first_mu: 0.6585519 
R_PriorDraw_first_nu: 1.969485 
R-CCU: Before ClusterLabelChange for i = 53 newLabel= 1 currentLabel= 1 
R-CCU: sum(pointsPerCluster) = 152 
 num 152
NULL
R-CCU: After ClusterLabelChange for i = 53 
R-CCU: sum(pointsPerCluster) = 153 
 num 153
NULL
R-CCU: dpObj$numberClusters = 1 
List of 2
 $ : num [1, 1, 1] 0.316
 $ : num [1, 1, 1] 9.66
NULL
R priorParameters: 2 8 
R maxT: 1 
R_PriorDraw_first_mu: 0.8817376 
R_PriorDraw_first_nu: 8.304637 
R-CCU: Before ClusterLabelChange for i = 54 newLabel= 1 currentLabel= 1 
R-CCU: sum(pointsPerCluster) = 153 
 num 153
NULL
R-CCU: After ClusterLabelChange for i = 54 
R-CCU: sum(pointsPerCluster) = 154 
 num 154
NULL
R-CCU: dpObj$numberClusters = 1 
List of 2
 $ : num [1, 1, 1] 0.316
 $ : num [1, 1, 1] 9.66
NULL
R priorParameters: 2 8 
R maxT: 1 
R_PriorDraw_first_mu: 0.2869592 
R_PriorDraw_first_nu: 8.431085 
R-CCU: Before ClusterLabelChange for i = 55 newLabel= 1 currentLabel= 1 
R-CCU: sum(pointsPerCluster) = 154 
 num 154
NULL
R-CCU: After ClusterLabelChange for i = 55 
R-CCU: sum(pointsPerCluster) = 155 
 num 155
NULL
R-CCU: dpObj$numberClusters = 1 
List of 2
 $ : num [1, 1, 1] 0.316
 $ : num [1, 1, 1] 9.66
NULL
R priorParameters: 2 8 
R maxT: 1 
R_PriorDraw_first_mu: 0.7528175 
R_PriorDraw_first_nu: 16.13626 
R-CCU: Before ClusterLabelChange for i = 56 newLabel= 1 currentLabel= 1 
R-CCU: sum(pointsPerCluster) = 155 
 num 155
NULL
R-CCU: After ClusterLabelChange for i = 56 
R-CCU: sum(pointsPerCluster) = 156 
 num 156
NULL
R-CCU: dpObj$numberClusters = 1 
List of 2
 $ : num [1, 1, 1] 0.316
 $ : num [1, 1, 1] 9.66
NULL
R priorParameters: 2 8 
R maxT: 1 
R_PriorDraw_first_mu: 0.1161187 
R_PriorDraw_first_nu: 6.18399 
R-CCU: Before ClusterLabelChange for i = 57 newLabel= 3 currentLabel= 1 
R-CCU: sum(pointsPerCluster) = 156 
 num 156
NULL
R-CCU: After ClusterLabelChange for i = 57 
R-CCU: sum(pointsPerCluster) = 157 
 num [1:2] 156 1
NULL
R-CCU: dpObj$numberClusters = 2 
List of 2
 $ : num [1, 1, 1:2] 0.316 0.865
 $ : num [1, 1, 1:2] 9.66 3.6
NULL
R priorParameters: 2 8 
R maxT: 1 
R_PriorDraw_first_mu: 0.1052187 
R_PriorDraw_first_nu: 15.05437 
R-CCU: Before ClusterLabelChange for i = 58 newLabel= 1 currentLabel= 1 
R-CCU: sum(pointsPerCluster) = 157 
 num [1:2] 156 1
NULL
R-CCU: After ClusterLabelChange for i = 58 
R-CCU: sum(pointsPerCluster) = 158 
 num [1:2] 157 1
NULL
R-CCU: dpObj$numberClusters = 2 
List of 2
 $ : num [1, 1, 1:2] 0.316 0.865
 $ : num [1, 1, 1:2] 9.66 3.6
NULL
R priorParameters: 2 8 
R maxT: 1 
R_PriorDraw_first_mu: 0.2896601 
R_PriorDraw_first_nu: 4.34562 
R-CCU: Before ClusterLabelChange for i = 59 newLabel= 1 currentLabel= 1 
R-CCU: sum(pointsPerCluster) = 158 
 num [1:2] 157 1
NULL
R-CCU: After ClusterLabelChange for i = 59 
R-CCU: sum(pointsPerCluster) = 159 
 num [1:2] 158 1
NULL
R-CCU: dpObj$numberClusters = 2 
List of 2
 $ : num [1, 1, 1:2] 0.316 0.865
 $ : num [1, 1, 1:2] 9.66 3.6
NULL
R priorParameters: 2 8 
R maxT: 1 
R_PriorDraw_first_mu: 0.7300795 
R_PriorDraw_first_nu: 10.31348 
R-CCU: Before ClusterLabelChange for i = 60 newLabel= 1 currentLabel= 1 
R-CCU: sum(pointsPerCluster) = 159 
 num [1:2] 158 1
NULL
R-CCU: After ClusterLabelChange for i = 60 
R-CCU: sum(pointsPerCluster) = 160 
 num [1:2] 159 1
NULL
R-CCU: dpObj$numberClusters = 2 
List of 2
 $ : num [1, 1, 1:2] 0.316 0.865
 $ : num [1, 1, 1:2] 9.66 3.6
NULL
R priorParameters: 2 8 
R maxT: 1 
R_PriorDraw_first_mu: 0.9782963 
R_PriorDraw_first_nu: 3.076236 
R-CCU: Before ClusterLabelChange for i = 61 newLabel= 1 currentLabel= 1 
R-CCU: sum(pointsPerCluster) = 160 
 num [1:2] 159 1
NULL
R-CCU: After ClusterLabelChange for i = 61 
R-CCU: sum(pointsPerCluster) = 161 
 num [1:2] 160 1
NULL
R-CCU: dpObj$numberClusters = 2 
List of 2
 $ : num [1, 1, 1:2] 0.316 0.865
 $ : num [1, 1, 1:2] 9.66 3.6
NULL
R priorParameters: 2 8 
R maxT: 1 
R_PriorDraw_first_mu: 0.2842113 
R_PriorDraw_first_nu: 8.188845 
R-CCU: Before ClusterLabelChange for i = 62 newLabel= 1 currentLabel= 1 
R-CCU: sum(pointsPerCluster) = 161 
 num [1:2] 160 1
NULL
R-CCU: After ClusterLabelChange for i = 62 
R-CCU: sum(pointsPerCluster) = 162 
 num [1:2] 161 1
NULL
R-CCU: dpObj$numberClusters = 2 
List of 2
 $ : num [1, 1, 1:2] 0.316 0.865
 $ : num [1, 1, 1:2] 9.66 3.6
NULL
R priorParameters: 2 8 
R maxT: 1 
R_PriorDraw_first_mu: 0.593282 
R_PriorDraw_first_nu: 16.95002 
R-CCU: Before ClusterLabelChange for i = 63 newLabel= 1 currentLabel= 1 
R-CCU: sum(pointsPerCluster) = 162 
 num [1:2] 161 1
NULL
R-CCU: After ClusterLabelChange for i = 63 
R-CCU: sum(pointsPerCluster) = 163 
 num [1:2] 162 1
NULL
R-CCU: dpObj$numberClusters = 2 
List of 2
 $ : num [1, 1, 1:2] 0.316 0.865
 $ : num [1, 1, 1:2] 9.66 3.6
NULL
R priorParameters: 2 8 
R maxT: 1 
R_PriorDraw_first_mu: 0.4400348 
R_PriorDraw_first_nu: 20.71991 
R-CCU: Before ClusterLabelChange for i = 64 newLabel= 1 currentLabel= 1 
R-CCU: sum(pointsPerCluster) = 163 
 num [1:2] 162 1
NULL
R-CCU: After ClusterLabelChange for i = 64 
R-CCU: sum(pointsPerCluster) = 164 
 num [1:2] 163 1
NULL
R-CCU: dpObj$numberClusters = 2 
List of 2
 $ : num [1, 1, 1:2] 0.316 0.865
 $ : num [1, 1, 1:2] 9.66 3.6
NULL
R priorParameters: 2 8 
R maxT: 1 
R_PriorDraw_first_mu: 0.6505413 
R_PriorDraw_first_nu: 1.791186 
R-CCU: Before ClusterLabelChange for i = 65 newLabel= 1 currentLabel= 1 
R-CCU: sum(pointsPerCluster) = 164 
 num [1:2] 163 1
NULL
R-CCU: After ClusterLabelChange for i = 65 
R-CCU: sum(pointsPerCluster) = 165 
 num [1:2] 164 1
NULL
R-CCU: dpObj$numberClusters = 2 
List of 2
 $ : num [1, 1, 1:2] 0.316 0.865
 $ : num [1, 1, 1:2] 9.66 3.6
NULL
R priorParameters: 2 8 
R maxT: 1 
R_PriorDraw_first_mu: 0.8708124 
R_PriorDraw_first_nu: 4.65274 
R-CCU: Before ClusterLabelChange for i = 66 newLabel= 1 currentLabel= 1 
R-CCU: sum(pointsPerCluster) = 165 
 num [1:2] 164 1
NULL
R-CCU: After ClusterLabelChange for i = 66 
R-CCU: sum(pointsPerCluster) = 166 
 num [1:2] 165 1
NULL
R-CCU: dpObj$numberClusters = 2 
List of 2
 $ : num [1, 1, 1:2] 0.316 0.865
 $ : num [1, 1, 1:2] 9.66 3.6
NULL
R priorParameters: 2 8 
R maxT: 1 
R_PriorDraw_first_mu: 0.1854881 
R_PriorDraw_first_nu: 5.109556 
R-CCU: Before ClusterLabelChange for i = 67 newLabel= 1 currentLabel= 1 
R-CCU: sum(pointsPerCluster) = 166 
 num [1:2] 165 1
NULL
R-CCU: After ClusterLabelChange for i = 67 
R-CCU: sum(pointsPerCluster) = 167 
 num [1:2] 166 1
NULL
R-CCU: dpObj$numberClusters = 2 
List of 2
 $ : num [1, 1, 1:2] 0.316 0.865
 $ : num [1, 1, 1:2] 9.66 3.6
NULL
R priorParameters: 2 8 
R maxT: 1 
R_PriorDraw_first_mu: 0.6135159 
R_PriorDraw_first_nu: 5.542642 
R-CCU: Before ClusterLabelChange for i = 68 newLabel= 1 currentLabel= 1 
R-CCU: sum(pointsPerCluster) = 167 
 num [1:2] 166 1
NULL
R-CCU: After ClusterLabelChange for i = 68 
R-CCU: sum(pointsPerCluster) = 168 
 num [1:2] 167 1
NULL
R-CCU: dpObj$numberClusters = 2 
List of 2
 $ : num [1, 1, 1:2] 0.316 0.865
 $ : num [1, 1, 1:2] 9.66 3.6
NULL
R priorParameters: 2 8 
R maxT: 1 
R_PriorDraw_first_mu: 0.9091107 
R_PriorDraw_first_nu: 9.164535 
R-CCU: Before ClusterLabelChange for i = 69 newLabel= 1 currentLabel= 1 
R-CCU: sum(pointsPerCluster) = 168 
 num [1:2] 167 1
NULL
R-CCU: After ClusterLabelChange for i = 69 
R-CCU: sum(pointsPerCluster) = 169 
 num [1:2] 168 1
NULL
R-CCU: dpObj$numberClusters = 2 
List of 2
 $ : num [1, 1, 1:2] 0.316 0.865
 $ : num [1, 1, 1:2] 9.66 3.6
NULL
R priorParameters: 2 8 
R maxT: 1 
R_PriorDraw_first_mu: 0.6106256 
R_PriorDraw_first_nu: 3.791929 
R-CCU: Before ClusterLabelChange for i = 70 newLabel= 1 currentLabel= 1 
R-CCU: sum(pointsPerCluster) = 169 
 num [1:2] 168 1
NULL
R-CCU: After ClusterLabelChange for i = 70 
R-CCU: sum(pointsPerCluster) = 170 
 num [1:2] 169 1
NULL
R-CCU: dpObj$numberClusters = 2 
List of 2
 $ : num [1, 1, 1:2] 0.316 0.865
 $ : num [1, 1, 1:2] 9.66 3.6
NULL
R priorParameters: 2 8 
R maxT: 1 
R_PriorDraw_first_mu: 0.06264964 
R_PriorDraw_first_nu: 19.80519 
R-CCU: Before ClusterLabelChange for i = 71 newLabel= 1 currentLabel= 1 
R-CCU: sum(pointsPerCluster) = 170 
 num [1:2] 169 1
NULL
R-CCU: After ClusterLabelChange for i = 71 
R-CCU: sum(pointsPerCluster) = 171 
 num [1:2] 170 1
NULL
R-CCU: dpObj$numberClusters = 2 
List of 2
 $ : num [1, 1, 1:2] 0.316 0.865
 $ : num [1, 1, 1:2] 9.66 3.6
NULL
R priorParameters: 2 8 
R maxT: 1 
R_PriorDraw_first_mu: 0.2890509 
R_PriorDraw_first_nu: 4.759468 
R-CCU: Before ClusterLabelChange for i = 72 newLabel= 1 currentLabel= 1 
R-CCU: sum(pointsPerCluster) = 171 
 num [1:2] 170 1
NULL
R-CCU: After ClusterLabelChange for i = 72 
R-CCU: sum(pointsPerCluster) = 172 
 num [1:2] 171 1
NULL
R-CCU: dpObj$numberClusters = 2 
List of 2
 $ : num [1, 1, 1:2] 0.316 0.865
 $ : num [1, 1, 1:2] 9.66 3.6
NULL
R priorParameters: 2 8 
R maxT: 1 
R_PriorDraw_first_mu: 0.04211361 
R_PriorDraw_first_nu: 25.5255 
R-CCU: Before ClusterLabelChange for i = 73 newLabel= 1 currentLabel= 1 
R-CCU: sum(pointsPerCluster) = 172 
 num [1:2] 171 1
NULL
R-CCU: After ClusterLabelChange for i = 73 
R-CCU: sum(pointsPerCluster) = 173 
 num [1:2] 172 1
NULL
R-CCU: dpObj$numberClusters = 2 
List of 2
 $ : num [1, 1, 1:2] 0.316 0.865
 $ : num [1, 1, 1:2] 9.66 3.6
NULL
R priorParameters: 2 8 
R maxT: 1 
R_PriorDraw_first_mu: 0.984946 
R_PriorDraw_first_nu: 14.41536 
R-CCU: Before ClusterLabelChange for i = 74 newLabel= 1 currentLabel= 1 
R-CCU: sum(pointsPerCluster) = 173 
 num [1:2] 172 1
NULL
R-CCU: After ClusterLabelChange for i = 74 
R-CCU: sum(pointsPerCluster) = 174 
 num [1:2] 173 1
NULL
R-CCU: dpObj$numberClusters = 2 
List of 2
 $ : num [1, 1, 1:2] 0.316 0.865
 $ : num [1, 1, 1:2] 9.66 3.6
NULL
R priorParameters: 2 8 
R maxT: 1 
R_PriorDraw_first_mu: 0.03744759 
R_PriorDraw_first_nu: 4.566314 
R-CCU: Before ClusterLabelChange for i = 75 newLabel= 1 currentLabel= 1 
R-CCU: sum(pointsPerCluster) = 174 
 num [1:2] 173 1
NULL
R-CCU: After ClusterLabelChange for i = 75 
R-CCU: sum(pointsPerCluster) = 175 
 num [1:2] 174 1
NULL
R-CCU: dpObj$numberClusters = 2 
List of 2
 $ : num [1, 1, 1:2] 0.316 0.865
 $ : num [1, 1, 1:2] 9.66 3.6
NULL
R priorParameters: 2 8 
R maxT: 1 
R_PriorDraw_first_mu: 0.471046 
R_PriorDraw_first_nu: 9.346959 
R-CCU: Before ClusterLabelChange for i = 76 newLabel= 1 currentLabel= 1 
R-CCU: sum(pointsPerCluster) = 175 
 num [1:2] 174 1
NULL
R-CCU: After ClusterLabelChange for i = 76 
R-CCU: sum(pointsPerCluster) = 176 
 num [1:2] 175 1
NULL
R-CCU: dpObj$numberClusters = 2 
List of 2
 $ : num [1, 1, 1:2] 0.316 0.865
 $ : num [1, 1, 1:2] 9.66 3.6
NULL
R priorParameters: 2 8 
R maxT: 1 
R_PriorDraw_first_mu: 0.09299235 
R_PriorDraw_first_nu: 2.341136 
R-CCU: Before ClusterLabelChange for i = 77 newLabel= 1 currentLabel= 1 
R-CCU: sum(pointsPerCluster) = 176 
 num [1:2] 175 1
NULL
R-CCU: After ClusterLabelChange for i = 77 
R-CCU: sum(pointsPerCluster) = 177 
 num [1:2] 176 1
NULL
R-CCU: dpObj$numberClusters = 2 
List of 2
 $ : num [1, 1, 1:2] 0.316 0.865
 $ : num [1, 1, 1:2] 9.66 3.6
NULL
R priorParameters: 2 8 
R maxT: 1 
R_PriorDraw_first_mu: 0.3476648 
R_PriorDraw_first_nu: 3.557032 
R-CCU: Before ClusterLabelChange for i = 78 newLabel= 1 currentLabel= 1 
R-CCU: sum(pointsPerCluster) = 177 
 num [1:2] 176 1
NULL
R-CCU: After ClusterLabelChange for i = 78 
R-CCU: sum(pointsPerCluster) = 178 
 num [1:2] 177 1
NULL
R-CCU: dpObj$numberClusters = 2 
List of 2
 $ : num [1, 1, 1:2] 0.316 0.865
 $ : num [1, 1, 1:2] 9.66 3.6
NULL
R priorParameters: 2 8 
R maxT: 1 
R_PriorDraw_first_mu: 0.7782333 
R_PriorDraw_first_nu: 3.508817 
R-CCU: Before ClusterLabelChange for i = 79 newLabel= 1 currentLabel= 1 
R-CCU: sum(pointsPerCluster) = 178 
 num [1:2] 177 1
NULL
R-CCU: After ClusterLabelChange for i = 79 
R-CCU: sum(pointsPerCluster) = 179 
 num [1:2] 178 1
NULL
R-CCU: dpObj$numberClusters = 2 
List of 2
 $ : num [1, 1, 1:2] 0.316 0.865
 $ : num [1, 1, 1:2] 9.66 3.6
NULL
R priorParameters: 2 8 
R maxT: 1 
R_PriorDraw_first_mu: 0.8346847 
R_PriorDraw_first_nu: 2.403537 
R-CCU: Before ClusterLabelChange for i = 80 newLabel= 1 currentLabel= 1 
R-CCU: sum(pointsPerCluster) = 179 
 num [1:2] 178 1
NULL
R-CCU: After ClusterLabelChange for i = 80 
R-CCU: sum(pointsPerCluster) = 180 
 num [1:2] 179 1
NULL
R-CCU: dpObj$numberClusters = 2 
List of 2
 $ : num [1, 1, 1:2] 0.316 0.865
 $ : num [1, 1, 1:2] 9.66 3.6
NULL
R priorParameters: 2 8 
R maxT: 1 
R_PriorDraw_first_mu: 0.9739377 
R_PriorDraw_first_nu: 2.861264 
R-CCU: Before ClusterLabelChange for i = 81 newLabel= 1 currentLabel= 1 
R-CCU: sum(pointsPerCluster) = 180 
 num [1:2] 179 1
NULL
R-CCU: After ClusterLabelChange for i = 81 
R-CCU: sum(pointsPerCluster) = 181 
 num [1:2] 180 1
NULL
R-CCU: dpObj$numberClusters = 2 
List of 2
 $ : num [1, 1, 1:2] 0.316 0.865
 $ : num [1, 1, 1:2] 9.66 3.6
NULL
R priorParameters: 2 8 
R maxT: 1 
R_PriorDraw_first_mu: 0.2877254 
R_PriorDraw_first_nu: 3.638661 
R-CCU: Before ClusterLabelChange for i = 82 newLabel= 1 currentLabel= 1 
R-CCU: sum(pointsPerCluster) = 181 
 num [1:2] 180 1
NULL
R-CCU: After ClusterLabelChange for i = 82 
R-CCU: sum(pointsPerCluster) = 182 
 num [1:2] 181 1
NULL
R-CCU: dpObj$numberClusters = 2 
List of 2
 $ : num [1, 1, 1:2] 0.316 0.865
 $ : num [1, 1, 1:2] 9.66 3.6
NULL
R priorParameters: 2 8 
R maxT: 1 
R_PriorDraw_first_mu: 0.6302741 
R_PriorDraw_first_nu: 1.812094 
R-CCU: Before ClusterLabelChange for i = 83 newLabel= 1 currentLabel= 1 
R-CCU: sum(pointsPerCluster) = 182 
 num [1:2] 181 1
NULL
R-CCU: After ClusterLabelChange for i = 83 
R-CCU: sum(pointsPerCluster) = 183 
 num [1:2] 182 1
NULL
R-CCU: dpObj$numberClusters = 2 
List of 2
 $ : num [1, 1, 1:2] 0.316 0.865
 $ : num [1, 1, 1:2] 9.66 3.6
NULL
R priorParameters: 2 8 
R maxT: 1 
R_PriorDraw_first_mu: 0.1280626 
R_PriorDraw_first_nu: 5.137336 
R-CCU: Before ClusterLabelChange for i = 84 newLabel= 1 currentLabel= 1 
R-CCU: sum(pointsPerCluster) = 183 
 num [1:2] 182 1
NULL
R-CCU: After ClusterLabelChange for i = 84 
R-CCU: sum(pointsPerCluster) = 184 
 num [1:2] 183 1
NULL
R-CCU: dpObj$numberClusters = 2 
List of 2
 $ : num [1, 1, 1:2] 0.316 0.865
 $ : num [1, 1, 1:2] 9.66 3.6
NULL
R priorParameters: 2 8 
R maxT: 1 
R_PriorDraw_first_mu: 0.3296774 
R_PriorDraw_first_nu: 27.09636 
R-CCU: Before ClusterLabelChange for i = 85 newLabel= 1 currentLabel= 1 
R-CCU: sum(pointsPerCluster) = 184 
 num [1:2] 183 1
NULL
R-CCU: After ClusterLabelChange for i = 85 
R-CCU: sum(pointsPerCluster) = 185 
 num [1:2] 184 1
NULL
R-CCU: dpObj$numberClusters = 2 
List of 2
 $ : num [1, 1, 1:2] 0.316 0.865
 $ : num [1, 1, 1:2] 9.66 3.6
NULL
R priorParameters: 2 8 
R maxT: 1 
R_PriorDraw_first_mu: 0.6168384 
R_PriorDraw_first_nu: 2.914745 
R-CCU: Before ClusterLabelChange for i = 86 newLabel= 1 currentLabel= 1 
R-CCU: sum(pointsPerCluster) = 185 
 num [1:2] 184 1
NULL
R-CCU: After ClusterLabelChange for i = 86 
R-CCU: sum(pointsPerCluster) = 186 
 num [1:2] 185 1
NULL
R-CCU: dpObj$numberClusters = 2 
List of 2
 $ : num [1, 1, 1:2] 0.316 0.865
 $ : num [1, 1, 1:2] 9.66 3.6
NULL
R priorParameters: 2 8 
R maxT: 1 
R_PriorDraw_first_mu: 0.5567188 
R_PriorDraw_first_nu: 7.049204 
R-CCU: Before ClusterLabelChange for i = 87 newLabel= 1 currentLabel= 1 
R-CCU: sum(pointsPerCluster) = 186 
 num [1:2] 185 1
NULL
R-CCU: After ClusterLabelChange for i = 87 
R-CCU: sum(pointsPerCluster) = 187 
 num [1:2] 186 1
NULL
R-CCU: dpObj$numberClusters = 2 
List of 2
 $ : num [1, 1, 1:2] 0.316 0.865
 $ : num [1, 1, 1:2] 9.66 3.6
NULL
R priorParameters: 2 8 
R maxT: 1 
R_PriorDraw_first_mu: 0.3793382 
R_PriorDraw_first_nu: 4.948183 
R-CCU: Before ClusterLabelChange for i = 88 newLabel= 1 currentLabel= 1 
R-CCU: sum(pointsPerCluster) = 187 
 num [1:2] 186 1
NULL
R-CCU: After ClusterLabelChange for i = 88 
R-CCU: sum(pointsPerCluster) = 188 
 num [1:2] 187 1
NULL
R-CCU: dpObj$numberClusters = 2 
List of 2
 $ : num [1, 1, 1:2] 0.316 0.865
 $ : num [1, 1, 1:2] 9.66 3.6
NULL
R priorParameters: 2 8 
R maxT: 1 
R_PriorDraw_first_mu: 0.4458214 
R_PriorDraw_first_nu: 20.82536 
R-CCU: Before ClusterLabelChange for i = 89 newLabel= 1 currentLabel= 1 
R-CCU: sum(pointsPerCluster) = 188 
 num [1:2] 187 1
NULL
R-CCU: After ClusterLabelChange for i = 89 
R-CCU: sum(pointsPerCluster) = 189 
 num [1:2] 188 1
NULL
R-CCU: dpObj$numberClusters = 2 
List of 2
 $ : num [1, 1, 1:2] 0.316 0.865
 $ : num [1, 1, 1:2] 9.66 3.6
NULL
R priorParameters: 2 8 
R maxT: 1 
R_PriorDraw_first_mu: 0.05900435 
R_PriorDraw_first_nu: 7.917872 
R-CCU: Before ClusterLabelChange for i = 90 newLabel= 1 currentLabel= 1 
R-CCU: sum(pointsPerCluster) = 189 
 num [1:2] 188 1
NULL
R-CCU: After ClusterLabelChange for i = 90 
R-CCU: sum(pointsPerCluster) = 190 
 num [1:2] 189 1
NULL
R-CCU: dpObj$numberClusters = 2 
List of 2
 $ : num [1, 1, 1:2] 0.316 0.865
 $ : num [1, 1, 1:2] 9.66 3.6
NULL
R priorParameters: 2 8 
R maxT: 1 
R_PriorDraw_first_mu: 0.6995169 
R_PriorDraw_first_nu: 2.902095 
R-CCU: Before ClusterLabelChange for i = 91 newLabel= 1 currentLabel= 1 
R-CCU: sum(pointsPerCluster) = 190 
 num [1:2] 189 1
NULL
R-CCU: After ClusterLabelChange for i = 91 
R-CCU: sum(pointsPerCluster) = 191 
 num [1:2] 190 1
NULL
R-CCU: dpObj$numberClusters = 2 
List of 2
 $ : num [1, 1, 1:2] 0.316 0.865
 $ : num [1, 1, 1:2] 9.66 3.6
NULL
R priorParameters: 2 8 
R maxT: 1 
R_PriorDraw_first_mu: 0.3347372 
R_PriorDraw_first_nu: 21.185 
R-CCU: Before ClusterLabelChange for i = 92 newLabel= 1 currentLabel= 1 
R-CCU: sum(pointsPerCluster) = 191 
 num [1:2] 190 1
NULL
R-CCU: After ClusterLabelChange for i = 92 
R-CCU: sum(pointsPerCluster) = 192 
 num [1:2] 191 1
NULL
R-CCU: dpObj$numberClusters = 2 
List of 2
 $ : num [1, 1, 1:2] 0.316 0.865
 $ : num [1, 1, 1:2] 9.66 3.6
NULL
R priorParameters: 2 8 
R maxT: 1 
R_PriorDraw_first_mu: 0.2199312 
R_PriorDraw_first_nu: 3.168145 
R-CCU: Before ClusterLabelChange for i = 93 newLabel= 1 currentLabel= 1 
R-CCU: sum(pointsPerCluster) = 192 
 num [1:2] 191 1
NULL
R-CCU: After ClusterLabelChange for i = 93 
R-CCU: sum(pointsPerCluster) = 193 
 num [1:2] 192 1
NULL
R-CCU: dpObj$numberClusters = 2 
List of 2
 $ : num [1, 1, 1:2] 0.316 0.865
 $ : num [1, 1, 1:2] 9.66 3.6
NULL
R priorParameters: 2 8 
R maxT: 1 
R_PriorDraw_first_mu: 0.05449475 
R_PriorDraw_first_nu: 4.002401 
R-CCU: Before ClusterLabelChange for i = 94 newLabel= 1 currentLabel= 1 
R-CCU: sum(pointsPerCluster) = 193 
 num [1:2] 192 1
NULL
R-CCU: After ClusterLabelChange for i = 94 
R-CCU: sum(pointsPerCluster) = 194 
 num [1:2] 193 1
NULL
R-CCU: dpObj$numberClusters = 2 
List of 2
 $ : num [1, 1, 1:2] 0.316 0.865
 $ : num [1, 1, 1:2] 9.66 3.6
NULL
R priorParameters: 2 8 
R maxT: 1 
R_PriorDraw_first_mu: 0.2683377 
R_PriorDraw_first_nu: 2.30766 
R-CCU: Before ClusterLabelChange for i = 95 newLabel= 1 currentLabel= 1 
R-CCU: sum(pointsPerCluster) = 194 
 num [1:2] 193 1
NULL
R-CCU: After ClusterLabelChange for i = 95 
R-CCU: sum(pointsPerCluster) = 195 
 num [1:2] 194 1
NULL
R-CCU: dpObj$numberClusters = 2 
List of 2
 $ : num [1, 1, 1:2] 0.316 0.865
 $ : num [1, 1, 1:2] 9.66 3.6
NULL
R priorParameters: 2 8 
R maxT: 1 
R_PriorDraw_first_mu: 0.3526885 
R_PriorDraw_first_nu: 12.64726 
R-CCU: Before ClusterLabelChange for i = 96 newLabel= 1 currentLabel= 1 
R-CCU: sum(pointsPerCluster) = 195 
 num [1:2] 194 1
NULL
R-CCU: After ClusterLabelChange for i = 96 
R-CCU: sum(pointsPerCluster) = 196 
 num [1:2] 195 1
NULL
R-CCU: dpObj$numberClusters = 2 
List of 2
 $ : num [1, 1, 1:2] 0.316 0.865
 $ : num [1, 1, 1:2] 9.66 3.6
NULL
R priorParameters: 2 8 
R maxT: 1 
R_PriorDraw_first_mu: 0.003966382 
R_PriorDraw_first_nu: 5.101031 
R-CCU: Before ClusterLabelChange for i = 97 newLabel= 1 currentLabel= 1 
R-CCU: sum(pointsPerCluster) = 196 
 num [1:2] 195 1
NULL
R-CCU: After ClusterLabelChange for i = 97 
R-CCU: sum(pointsPerCluster) = 197 
 num [1:2] 196 1
NULL
R-CCU: dpObj$numberClusters = 2 
List of 2
 $ : num [1, 1, 1:2] 0.316 0.865
 $ : num [1, 1, 1:2] 9.66 3.6
NULL
R priorParameters: 2 8 
R maxT: 1 
R_PriorDraw_first_mu: 0.8093234 
R_PriorDraw_first_nu: 5.444415 
R-CCU: Before ClusterLabelChange for i = 98 newLabel= 1 currentLabel= 1 
R-CCU: sum(pointsPerCluster) = 197 
 num [1:2] 196 1
NULL
R-CCU: After ClusterLabelChange for i = 98 
R-CCU: sum(pointsPerCluster) = 198 
 num [1:2] 197 1
NULL
R-CCU: dpObj$numberClusters = 2 
List of 2
 $ : num [1, 1, 1:2] 0.316 0.865
 $ : num [1, 1, 1:2] 9.66 3.6
NULL
R priorParameters: 2 8 
R maxT: 1 
R_PriorDraw_first_mu: 0.5194902 
R_PriorDraw_first_nu: 4.222741 
R-CCU: Before ClusterLabelChange for i = 99 newLabel= 1 currentLabel= 1 
R-CCU: sum(pointsPerCluster) = 198 
 num [1:2] 197 1
NULL
R-CCU: After ClusterLabelChange for i = 99 
R-CCU: sum(pointsPerCluster) = 199 
 num [1:2] 198 1
NULL
R-CCU: dpObj$numberClusters = 2 
List of 2
 $ : num [1, 1, 1:2] 0.316 0.865
 $ : num [1, 1, 1:2] 9.66 3.6
NULL
R priorParameters: 2 8 
R maxT: 1 
R_PriorDraw_first_mu: 0.1297308 
R_PriorDraw_first_nu: 12.72895 
R-CCU: Before ClusterLabelChange for i = 100 newLabel= 1 currentLabel= 1 
R-CCU: sum(pointsPerCluster) = 199 
 num [1:2] 198 1
NULL
R-CCU: After ClusterLabelChange for i = 100 
R-CCU: sum(pointsPerCluster) = 200 
 num [1:2] 199 1
NULL
R-CCU: dpObj$numberClusters = 2 
List of 2
 $ : num [1, 1, 1:2] 0.316 0.865
 $ : num [1, 1, 1:2] 9.66 3.6
NULL
R priorParameters: 2 8 
R maxT: 1 
R_PriorDraw_first_mu: 0.1514043 
R_PriorDraw_first_nu: 1.829232 
R-CCU: Before ClusterLabelChange for i = 1 newLabel= 1 currentLabel= 1 
R-CCU: sum(pointsPerCluster) = 200 
 num [1:2] 199 1
NULL
R-CCU: After ClusterLabelChange for i = 1 
R-CCU: sum(pointsPerCluster) = 201 
 num [1:2] 200 1
NULL
R-CCU: dpObj$numberClusters = 2 
List of 2
 $ : num [1, 1, 1:2] 0.353 0.695
 $ : num [1, 1, 1:2] 8.56 4.9
NULL
R priorParameters: 2 8 
R maxT: 1 
R_PriorDraw_first_mu: 0.4339928 
R_PriorDraw_first_nu: 7.692056 
R-CCU: Before ClusterLabelChange for i = 2 newLabel= 1 currentLabel= 1 
R-CCU: sum(pointsPerCluster) = 201 
 num [1:2] 200 1
NULL
R-CCU: After ClusterLabelChange for i = 2 
R-CCU: sum(pointsPerCluster) = 202 
 num [1:2] 201 1
NULL
R-CCU: dpObj$numberClusters = 2 
List of 2
 $ : num [1, 1, 1:2] 0.353 0.695
 $ : num [1, 1, 1:2] 8.56 4.9
NULL
R priorParameters: 2 8 
R maxT: 1 
R_PriorDraw_first_mu: 0.7308365 
R_PriorDraw_first_nu: 18.66017 
R-CCU: Before ClusterLabelChange for i = 3 newLabel= 1 currentLabel= 1 
R-CCU: sum(pointsPerCluster) = 202 
 num [1:2] 201 1
NULL
R-CCU: After ClusterLabelChange for i = 3 
R-CCU: sum(pointsPerCluster) = 203 
 num [1:2] 202 1
NULL
R-CCU: dpObj$numberClusters = 2 
List of 2
 $ : num [1, 1, 1:2] 0.353 0.695
 $ : num [1, 1, 1:2] 8.56 4.9
NULL
R priorParameters: 2 8 
R maxT: 1 
R_PriorDraw_first_mu: 0.2688407 
R_PriorDraw_first_nu: 4.947022 
R-CCU: Before ClusterLabelChange for i = 4 newLabel= 1 currentLabel= 1 
R-CCU: sum(pointsPerCluster) = 203 
 num [1:2] 202 1
NULL
R-CCU: After ClusterLabelChange for i = 4 
R-CCU: sum(pointsPerCluster) = 204 
 num [1:2] 203 1
NULL
R-CCU: dpObj$numberClusters = 2 
List of 2
 $ : num [1, 1, 1:2] 0.353 0.695
 $ : num [1, 1, 1:2] 8.56 4.9
NULL
R priorParameters: 2 8 
R maxT: 1 
R_PriorDraw_first_mu: 0.4322082 
R_PriorDraw_first_nu: 3.262006 
R-CCU: Before ClusterLabelChange for i = 5 newLabel= 1 currentLabel= 1 
R-CCU: sum(pointsPerCluster) = 204 
 num [1:2] 203 1
NULL
R-CCU: After ClusterLabelChange for i = 5 
R-CCU: sum(pointsPerCluster) = 205 
 num [1:2] 204 1
NULL
R-CCU: dpObj$numberClusters = 2 
List of 2
 $ : num [1, 1, 1:2] 0.353 0.695
 $ : num [1, 1, 1:2] 8.56 4.9
NULL
R priorParameters: 2 8 
R maxT: 1 
R_PriorDraw_first_mu: 0.004680758 
R_PriorDraw_first_nu: 2.022178 
R-CCU: Before ClusterLabelChange for i = 6 newLabel= 1 currentLabel= 1 
R-CCU: sum(pointsPerCluster) = 205 
 num [1:2] 204 1
NULL
R-CCU: After ClusterLabelChange for i = 6 
R-CCU: sum(pointsPerCluster) = 206 
 num [1:2] 205 1
NULL
R-CCU: dpObj$numberClusters = 2 
List of 2
 $ : num [1, 1, 1:2] 0.353 0.695
 $ : num [1, 1, 1:2] 8.56 4.9
NULL
R priorParameters: 2 8 
R maxT: 1 
R_PriorDraw_first_mu: 0.1639022 
R_PriorDraw_first_nu: 3.854067 
R-CCU: Before ClusterLabelChange for i = 7 newLabel= 1 currentLabel= 1 
R-CCU: sum(pointsPerCluster) = 206 
 num [1:2] 205 1
NULL
R-CCU: After ClusterLabelChange for i = 7 
R-CCU: sum(pointsPerCluster) = 207 
 num [1:2] 206 1
NULL
R-CCU: dpObj$numberClusters = 2 
List of 2
 $ : num [1, 1, 1:2] 0.353 0.695
 $ : num [1, 1, 1:2] 8.56 4.9
NULL
R priorParameters: 2 8 
R maxT: 1 
R_PriorDraw_first_mu: 0.9587199 
R_PriorDraw_first_nu: 16.43579 
R-CCU: Before ClusterLabelChange for i = 8 newLabel= 1 currentLabel= 1 
R-CCU: sum(pointsPerCluster) = 207 
 num [1:2] 206 1
NULL
R-CCU: After ClusterLabelChange for i = 8 
R-CCU: sum(pointsPerCluster) = 208 
 num [1:2] 207 1
NULL
R-CCU: dpObj$numberClusters = 2 
List of 2
 $ : num [1, 1, 1:2] 0.353 0.695
 $ : num [1, 1, 1:2] 8.56 4.9
NULL
R priorParameters: 2 8 
R maxT: 1 
R_PriorDraw_first_mu: 0.1972688 
R_PriorDraw_first_nu: 9.454527 
R-CCU: Before ClusterLabelChange for i = 9 newLabel= 1 currentLabel= 1 
R-CCU: sum(pointsPerCluster) = 208 
 num [1:2] 207 1
NULL
R-CCU: After ClusterLabelChange for i = 9 
R-CCU: sum(pointsPerCluster) = 209 
 num [1:2] 208 1
NULL
R-CCU: dpObj$numberClusters = 2 
List of 2
 $ : num [1, 1, 1:2] 0.353 0.695
 $ : num [1, 1, 1:2] 8.56 4.9
NULL
R priorParameters: 2 8 
R maxT: 1 
R_PriorDraw_first_mu: 0.6514247 
R_PriorDraw_first_nu: 7.838916 
R-CCU: Before ClusterLabelChange for i = 10 newLabel= 1 currentLabel= 1 
R-CCU: sum(pointsPerCluster) = 209 
 num [1:2] 208 1
NULL
R-CCU: After ClusterLabelChange for i = 10 
R-CCU: sum(pointsPerCluster) = 210 
 num [1:2] 209 1
NULL
R-CCU: dpObj$numberClusters = 2 
List of 2
 $ : num [1, 1, 1:2] 0.353 0.695
 $ : num [1, 1, 1:2] 8.56 4.9
NULL
R priorParameters: 2 8 
R maxT: 1 
R_PriorDraw_first_mu: 0.8145513 
R_PriorDraw_first_nu: 3.753986 
R-CCU: Before ClusterLabelChange for i = 11 newLabel= 1 currentLabel= 1 
R-CCU: sum(pointsPerCluster) = 210 
 num [1:2] 209 1
NULL
R-CCU: After ClusterLabelChange for i = 11 
R-CCU: sum(pointsPerCluster) = 211 
 num [1:2] 210 1
NULL
R-CCU: dpObj$numberClusters = 2 
List of 2
 $ : num [1, 1, 1:2] 0.353 0.695
 $ : num [1, 1, 1:2] 8.56 4.9
NULL
R priorParameters: 2 8 
R maxT: 1 
R_PriorDraw_first_mu: 0.9407018 
R_PriorDraw_first_nu: 3.418918 
R-CCU: Before ClusterLabelChange for i = 12 newLabel= 1 currentLabel= 1 
R-CCU: sum(pointsPerCluster) = 211 
 num [1:2] 210 1
NULL
R-CCU: After ClusterLabelChange for i = 12 
R-CCU: sum(pointsPerCluster) = 212 
 num [1:2] 211 1
NULL
R-CCU: dpObj$numberClusters = 2 
List of 2
 $ : num [1, 1, 1:2] 0.353 0.695
 $ : num [1, 1, 1:2] 8.56 4.9
NULL
R priorParameters: 2 8 
R maxT: 1 
R_PriorDraw_first_mu: 0.4223056 
R_PriorDraw_first_nu: 0.9222384 
R-CCU: Before ClusterLabelChange for i = 13 newLabel= 1 currentLabel= 1 
R-CCU: sum(pointsPerCluster) = 212 
 num [1:2] 211 1
NULL
R-CCU: After ClusterLabelChange for i = 13 
R-CCU: sum(pointsPerCluster) = 213 
 num [1:2] 212 1
NULL
R-CCU: dpObj$numberClusters = 2 
List of 2
 $ : num [1, 1, 1:2] 0.353 0.695
 $ : num [1, 1, 1:2] 8.56 4.9
NULL
R priorParameters: 2 8 
R maxT: 1 
R_PriorDraw_first_mu: 0.03605159 
R_PriorDraw_first_nu: 9.031564 
R-CCU: Before ClusterLabelChange for i = 14 newLabel= 1 currentLabel= 1 
R-CCU: sum(pointsPerCluster) = 213 
 num [1:2] 212 1
NULL
R-CCU: After ClusterLabelChange for i = 14 
R-CCU: sum(pointsPerCluster) = 214 
 num [1:2] 213 1
NULL
R-CCU: dpObj$numberClusters = 2 
List of 2
 $ : num [1, 1, 1:2] 0.353 0.695
 $ : num [1, 1, 1:2] 8.56 4.9
NULL
R priorParameters: 2 8 
R maxT: 1 
R_PriorDraw_first_mu: 0.7790629 
R_PriorDraw_first_nu: 3.756508 
R-CCU: Before ClusterLabelChange for i = 15 newLabel= 1 currentLabel= 1 
R-CCU: sum(pointsPerCluster) = 214 
 num [1:2] 213 1
NULL
R-CCU: After ClusterLabelChange for i = 15 
R-CCU: sum(pointsPerCluster) = 215 
 num [1:2] 214 1
NULL
R-CCU: dpObj$numberClusters = 2 
List of 2
 $ : num [1, 1, 1:2] 0.353 0.695
 $ : num [1, 1, 1:2] 8.56 4.9
NULL
R priorParameters: 2 8 
R maxT: 1 
R_PriorDraw_first_mu: 0.3407282 
R_PriorDraw_first_nu: 2.598032 
R-CCU: Before ClusterLabelChange for i = 16 newLabel= 1 currentLabel= 1 
R-CCU: sum(pointsPerCluster) = 215 
 num [1:2] 214 1
NULL
R-CCU: After ClusterLabelChange for i = 16 
R-CCU: sum(pointsPerCluster) = 216 
 num [1:2] 215 1
NULL
R-CCU: dpObj$numberClusters = 2 
List of 2
 $ : num [1, 1, 1:2] 0.353 0.695
 $ : num [1, 1, 1:2] 8.56 4.9
NULL
R priorParameters: 2 8 
R maxT: 1 
R_PriorDraw_first_mu: 0.1941047 
R_PriorDraw_first_nu: 2.593246 
R-CCU: Before ClusterLabelChange for i = 17 newLabel= 1 currentLabel= 1 
R-CCU: sum(pointsPerCluster) = 216 
 num [1:2] 215 1
NULL
R-CCU: After ClusterLabelChange for i = 17 
R-CCU: sum(pointsPerCluster) = 217 
 num [1:2] 216 1
NULL
R-CCU: dpObj$numberClusters = 2 
List of 2
 $ : num [1, 1, 1:2] 0.353 0.695
 $ : num [1, 1, 1:2] 8.56 4.9
NULL
R priorParameters: 2 8 
R maxT: 1 
R_PriorDraw_first_mu: 0.09482459 
R_PriorDraw_first_nu: 3.210348 
R-CCU: Before ClusterLabelChange for i = 18 newLabel= 1 currentLabel= 1 
R-CCU: sum(pointsPerCluster) = 217 
 num [1:2] 216 1
NULL
R-CCU: After ClusterLabelChange for i = 18 
R-CCU: sum(pointsPerCluster) = 218 
 num [1:2] 217 1
NULL
R-CCU: dpObj$numberClusters = 2 
List of 2
 $ : num [1, 1, 1:2] 0.353 0.695
 $ : num [1, 1, 1:2] 8.56 4.9
NULL
R priorParameters: 2 8 
R maxT: 1 
R_PriorDraw_first_mu: 0.3993088 
R_PriorDraw_first_nu: 5.95387 
R-CCU: Before ClusterLabelChange for i = 19 newLabel= 1 currentLabel= 1 
R-CCU: sum(pointsPerCluster) = 218 
 num [1:2] 217 1
NULL
R-CCU: After ClusterLabelChange for i = 19 
R-CCU: sum(pointsPerCluster) = 219 
 num [1:2] 218 1
NULL
R-CCU: dpObj$numberClusters = 2 
List of 2
 $ : num [1, 1, 1:2] 0.353 0.695
 $ : num [1, 1, 1:2] 8.56 4.9
NULL
R priorParameters: 2 8 
R maxT: 1 
R_PriorDraw_first_mu: 0.4932466 
R_PriorDraw_first_nu: 3.194212 
R-CCU: Before ClusterLabelChange for i = 20 newLabel= 1 currentLabel= 1 
R-CCU: sum(pointsPerCluster) = 219 
 num [1:2] 218 1
NULL
R-CCU: After ClusterLabelChange for i = 20 
R-CCU: sum(pointsPerCluster) = 220 
 num [1:2] 219 1
NULL
R-CCU: dpObj$numberClusters = 2 
List of 2
 $ : num [1, 1, 1:2] 0.353 0.695
 $ : num [1, 1, 1:2] 8.56 4.9
NULL
R priorParameters: 2 8 
R maxT: 1 
R_PriorDraw_first_mu: 0.3512931 
R_PriorDraw_first_nu: 2.575924 
R-CCU: Before ClusterLabelChange for i = 21 newLabel= 1 currentLabel= 1 
R-CCU: sum(pointsPerCluster) = 220 
 num [1:2] 219 1
NULL
R-CCU: After ClusterLabelChange for i = 21 
R-CCU: sum(pointsPerCluster) = 221 
 num [1:2] 220 1
NULL
R-CCU: dpObj$numberClusters = 2 
List of 2
 $ : num [1, 1, 1:2] 0.353 0.695
 $ : num [1, 1, 1:2] 8.56 4.9
NULL
R priorParameters: 2 8 
R maxT: 1 
R_PriorDraw_first_mu: 0.03531757 
R_PriorDraw_first_nu: 4.976993 
R-CCU: Before ClusterLabelChange for i = 22 newLabel= 1 currentLabel= 1 
R-CCU: sum(pointsPerCluster) = 221 
 num [1:2] 220 1
NULL
R-CCU: After ClusterLabelChange for i = 22 
R-CCU: sum(pointsPerCluster) = 222 
 num [1:2] 221 1
NULL
R-CCU: dpObj$numberClusters = 2 
List of 2
 $ : num [1, 1, 1:2] 0.353 0.695
 $ : num [1, 1, 1:2] 8.56 4.9
NULL
R priorParameters: 2 8 
R maxT: 1 
R_PriorDraw_first_mu: 0.9381618 
R_PriorDraw_first_nu: 3.777847 
R-CCU: Before ClusterLabelChange for i = 23 newLabel= 1 currentLabel= 1 
R-CCU: sum(pointsPerCluster) = 222 
 num [1:2] 221 1
NULL
R-CCU: After ClusterLabelChange for i = 23 
R-CCU: sum(pointsPerCluster) = 223 
 num [1:2] 222 1
NULL
R-CCU: dpObj$numberClusters = 2 
List of 2
 $ : num [1, 1, 1:2] 0.353 0.695
 $ : num [1, 1, 1:2] 8.56 4.9
NULL
R priorParameters: 2 8 
R maxT: 1 
R_PriorDraw_first_mu: 0.7742215 
R_PriorDraw_first_nu: 2.753984 
R-CCU: Before ClusterLabelChange for i = 24 newLabel= 1 currentLabel= 1 
R-CCU: sum(pointsPerCluster) = 223 
 num [1:2] 222 1
NULL
R-CCU: After ClusterLabelChange for i = 24 
R-CCU: sum(pointsPerCluster) = 224 
 num [1:2] 223 1
NULL
R-CCU: dpObj$numberClusters = 2 
List of 2
 $ : num [1, 1, 1:2] 0.353 0.695
 $ : num [1, 1, 1:2] 8.56 4.9
NULL
R priorParameters: 2 8 
R maxT: 1 
R_PriorDraw_first_mu: 0.01535916 
R_PriorDraw_first_nu: 1.52795 
R-CCU: Before ClusterLabelChange for i = 25 newLabel= 1 currentLabel= 1 
R-CCU: sum(pointsPerCluster) = 224 
 num [1:2] 223 1
NULL
R-CCU: After ClusterLabelChange for i = 25 
R-CCU: sum(pointsPerCluster) = 225 
 num [1:2] 224 1
NULL
R-CCU: dpObj$numberClusters = 2 
List of 2
 $ : num [1, 1, 1:2] 0.353 0.695
 $ : num [1, 1, 1:2] 8.56 4.9
NULL
R priorParameters: 2 8 
R maxT: 1 
R_PriorDraw_first_mu: 0.7924299 
R_PriorDraw_first_nu: 34.95806 
R-CCU: Before ClusterLabelChange for i = 26 newLabel= 1 currentLabel= 1 
R-CCU: sum(pointsPerCluster) = 225 
 num [1:2] 224 1
NULL
R-CCU: After ClusterLabelChange for i = 26 
R-CCU: sum(pointsPerCluster) = 226 
 num [1:2] 225 1
NULL
R-CCU: dpObj$numberClusters = 2 
List of 2
 $ : num [1, 1, 1:2] 0.353 0.695
 $ : num [1, 1, 1:2] 8.56 4.9
NULL
R priorParameters: 2 8 
R maxT: 1 
R_PriorDraw_first_mu: 0.7662524 
R_PriorDraw_first_nu: 7.027172 
R-CCU: Before ClusterLabelChange for i = 27 newLabel= 1 currentLabel= 1 
R-CCU: sum(pointsPerCluster) = 226 
 num [1:2] 225 1
NULL
R-CCU: After ClusterLabelChange for i = 27 
R-CCU: sum(pointsPerCluster) = 227 
 num [1:2] 226 1
NULL
R-CCU: dpObj$numberClusters = 2 
List of 2
 $ : num [1, 1, 1:2] 0.353 0.695
 $ : num [1, 1, 1:2] 8.56 4.9
NULL
R priorParameters: 2 8 
R maxT: 1 
R_PriorDraw_first_mu: 0.7880255 
R_PriorDraw_first_nu: 12.79484 
R-CCU: Before ClusterLabelChange for i = 28 newLabel= 1 currentLabel= 1 
R-CCU: sum(pointsPerCluster) = 227 
 num [1:2] 226 1
NULL
R-CCU: After ClusterLabelChange for i = 28 
R-CCU: sum(pointsPerCluster) = 228 
 num [1:2] 227 1
NULL
R-CCU: dpObj$numberClusters = 2 
List of 2
 $ : num [1, 1, 1:2] 0.353 0.695
 $ : num [1, 1, 1:2] 8.56 4.9
NULL
R priorParameters: 2 8 
R maxT: 1 
R_PriorDraw_first_mu: 0.6202507 
R_PriorDraw_first_nu: 3.785514 
R-CCU: Before ClusterLabelChange for i = 29 newLabel= 1 currentLabel= 1 
R-CCU: sum(pointsPerCluster) = 228 
 num [1:2] 227 1
NULL
R-CCU: After ClusterLabelChange for i = 29 
R-CCU: sum(pointsPerCluster) = 229 
 num [1:2] 228 1
NULL
R-CCU: dpObj$numberClusters = 2 
List of 2
 $ : num [1, 1, 1:2] 0.353 0.695
 $ : num [1, 1, 1:2] 8.56 4.9
NULL
R priorParameters: 2 8 
R maxT: 1 
R_PriorDraw_first_mu: 0.3430513 
R_PriorDraw_first_nu: 1.549754 
R-CCU: Before ClusterLabelChange for i = 30 newLabel= 1 currentLabel= 1 
R-CCU: sum(pointsPerCluster) = 229 
 num [1:2] 228 1
NULL
R-CCU: After ClusterLabelChange for i = 30 
R-CCU: sum(pointsPerCluster) = 230 
 num [1:2] 229 1
NULL
R-CCU: dpObj$numberClusters = 2 
List of 2
 $ : num [1, 1, 1:2] 0.353 0.695
 $ : num [1, 1, 1:2] 8.56 4.9
NULL
R priorParameters: 2 8 
R maxT: 1 
R_PriorDraw_first_mu: 0.2169137 
R_PriorDraw_first_nu: 5.952487 
R-CCU: Before ClusterLabelChange for i = 31 newLabel= 1 currentLabel= 1 
R-CCU: sum(pointsPerCluster) = 230 
 num [1:2] 229 1
NULL
R-CCU: After ClusterLabelChange for i = 31 
R-CCU: sum(pointsPerCluster) = 231 
 num [1:2] 230 1
NULL
R-CCU: dpObj$numberClusters = 2 
List of 2
 $ : num [1, 1, 1:2] 0.353 0.695
 $ : num [1, 1, 1:2] 8.56 4.9
NULL
R priorParameters: 2 8 
R maxT: 1 
R_PriorDraw_first_mu: 0.4780938 
R_PriorDraw_first_nu: 5.072055 
R-CCU: Before ClusterLabelChange for i = 32 newLabel= 1 currentLabel= 1 
R-CCU: sum(pointsPerCluster) = 231 
 num [1:2] 230 1
NULL
R-CCU: After ClusterLabelChange for i = 32 
R-CCU: sum(pointsPerCluster) = 232 
 num [1:2] 231 1
NULL
R-CCU: dpObj$numberClusters = 2 
List of 2
 $ : num [1, 1, 1:2] 0.353 0.695
 $ : num [1, 1, 1:2] 8.56 4.9
NULL
R priorParameters: 2 8 
R maxT: 1 
R_PriorDraw_first_mu: 0.2710055 
R_PriorDraw_first_nu: 5.041755 
R-CCU: Before ClusterLabelChange for i = 33 newLabel= 1 currentLabel= 1 
R-CCU: sum(pointsPerCluster) = 232 
 num [1:2] 231 1
NULL
R-CCU: After ClusterLabelChange for i = 33 
R-CCU: sum(pointsPerCluster) = 233 
 num [1:2] 232 1
NULL
R-CCU: dpObj$numberClusters = 2 
List of 2
 $ : num [1, 1, 1:2] 0.353 0.695
 $ : num [1, 1, 1:2] 8.56 4.9
NULL
R priorParameters: 2 8 
R maxT: 1 
R_PriorDraw_first_mu: 0.4788055 
R_PriorDraw_first_nu: 3.54464 
R-CCU: Before ClusterLabelChange for i = 34 newLabel= 1 currentLabel= 1 
R-CCU: sum(pointsPerCluster) = 233 
 num [1:2] 232 1
NULL
R-CCU: After ClusterLabelChange for i = 34 
R-CCU: sum(pointsPerCluster) = 234 
 num [1:2] 233 1
NULL
R-CCU: dpObj$numberClusters = 2 
List of 2
 $ : num [1, 1, 1:2] 0.353 0.695
 $ : num [1, 1, 1:2] 8.56 4.9
NULL
R priorParameters: 2 8 
R maxT: 1 
R_PriorDraw_first_mu: 0.7165947 
R_PriorDraw_first_nu: 9.247052 
R-CCU: Before ClusterLabelChange for i = 35 newLabel= 1 currentLabel= 1 
R-CCU: sum(pointsPerCluster) = 234 
 num [1:2] 233 1
NULL
R-CCU: After ClusterLabelChange for i = 35 
R-CCU: sum(pointsPerCluster) = 235 
 num [1:2] 234 1
NULL
R-CCU: dpObj$numberClusters = 2 
List of 2
 $ : num [1, 1, 1:2] 0.353 0.695
 $ : num [1, 1, 1:2] 8.56 4.9
NULL
R priorParameters: 2 8 
R maxT: 1 
R_PriorDraw_first_mu: 0.3413154 
R_PriorDraw_first_nu: 4.395408 
R-CCU: Before ClusterLabelChange for i = 36 newLabel= 1 currentLabel= 1 
R-CCU: sum(pointsPerCluster) = 235 
 num [1:2] 234 1
NULL
R-CCU: After ClusterLabelChange for i = 36 
R-CCU: sum(pointsPerCluster) = 236 
 num [1:2] 235 1
NULL
R-CCU: dpObj$numberClusters = 2 
List of 2
 $ : num [1, 1, 1:2] 0.353 0.695
 $ : num [1, 1, 1:2] 8.56 4.9
NULL
R priorParameters: 2 8 
R maxT: 1 
R_PriorDraw_first_mu: 0.7585557 
R_PriorDraw_first_nu: 16.11678 
R-CCU: Before ClusterLabelChange for i = 37 newLabel= 1 currentLabel= 1 
R-CCU: sum(pointsPerCluster) = 236 
 num [1:2] 235 1
NULL
R-CCU: After ClusterLabelChange for i = 37 
R-CCU: sum(pointsPerCluster) = 237 
 num [1:2] 236 1
NULL
R-CCU: dpObj$numberClusters = 2 
List of 2
 $ : num [1, 1, 1:2] 0.353 0.695
 $ : num [1, 1, 1:2] 8.56 4.9
NULL
R priorParameters: 2 8 
R maxT: 1 
R_PriorDraw_first_mu: 0.5464044 
R_PriorDraw_first_nu: 2.907434 
R-CCU: Before ClusterLabelChange for i = 38 newLabel= 1 currentLabel= 1 
R-CCU: sum(pointsPerCluster) = 237 
 num [1:2] 236 1
NULL
R-CCU: After ClusterLabelChange for i = 38 
R-CCU: sum(pointsPerCluster) = 238 
 num [1:2] 237 1
NULL
R-CCU: dpObj$numberClusters = 2 
List of 2
 $ : num [1, 1, 1:2] 0.353 0.695
 $ : num [1, 1, 1:2] 8.56 4.9
NULL
R priorParameters: 2 8 
R maxT: 1 
R_PriorDraw_first_mu: 0.629048 
R_PriorDraw_first_nu: 3.922477 
R-CCU: Before ClusterLabelChange for i = 39 newLabel= 1 currentLabel= 1 
R-CCU: sum(pointsPerCluster) = 238 
 num [1:2] 237 1
NULL
R-CCU: After ClusterLabelChange for i = 39 
R-CCU: sum(pointsPerCluster) = 239 
 num [1:2] 238 1
NULL
R-CCU: dpObj$numberClusters = 2 
List of 2
 $ : num [1, 1, 1:2] 0.353 0.695
 $ : num [1, 1, 1:2] 8.56 4.9
NULL
R priorParameters: 2 8 
R maxT: 1 
R_PriorDraw_first_mu: 0.4393473 
R_PriorDraw_first_nu: 37.96541 
R-CCU: Before ClusterLabelChange for i = 40 newLabel= 1 currentLabel= 1 
R-CCU: sum(pointsPerCluster) = 239 
 num [1:2] 238 1
NULL
R-CCU: After ClusterLabelChange for i = 40 
R-CCU: sum(pointsPerCluster) = 240 
 num [1:2] 239 1
NULL
R-CCU: dpObj$numberClusters = 2 
List of 2
 $ : num [1, 1, 1:2] 0.353 0.695
 $ : num [1, 1, 1:2] 8.56 4.9
NULL
R priorParameters: 2 8 
R maxT: 1 
R_PriorDraw_first_mu: 0.4368238 
R_PriorDraw_first_nu: 10.84977 
R-CCU: Before ClusterLabelChange for i = 41 newLabel= 1 currentLabel= 1 
R-CCU: sum(pointsPerCluster) = 240 
 num [1:2] 239 1
NULL
R-CCU: After ClusterLabelChange for i = 41 
R-CCU: sum(pointsPerCluster) = 241 
 num [1:2] 240 1
NULL
R-CCU: dpObj$numberClusters = 2 
List of 2
 $ : num [1, 1, 1:2] 0.353 0.695
 $ : num [1, 1, 1:2] 8.56 4.9
NULL
R priorParameters: 2 8 
R maxT: 1 
R_PriorDraw_first_mu: 0.3633898 
R_PriorDraw_first_nu: 4.650312 
R-CCU: Before ClusterLabelChange for i = 42 newLabel= 1 currentLabel= 1 
R-CCU: sum(pointsPerCluster) = 241 
 num [1:2] 240 1
NULL
R-CCU: After ClusterLabelChange for i = 42 
R-CCU: sum(pointsPerCluster) = 242 
 num [1:2] 241 1
NULL
R-CCU: dpObj$numberClusters = 2 
List of 2
 $ : num [1, 1, 1:2] 0.353 0.695
 $ : num [1, 1, 1:2] 8.56 4.9
NULL
R priorParameters: 2 8 
R maxT: 1 
R_PriorDraw_first_mu: 0.2844795 
R_PriorDraw_first_nu: 1.954173 
R-CCU: Before ClusterLabelChange for i = 43 newLabel= 1 currentLabel= 1 
R-CCU: sum(pointsPerCluster) = 242 
 num [1:2] 241 1
NULL
R-CCU: After ClusterLabelChange for i = 43 
R-CCU: sum(pointsPerCluster) = 243 
 num [1:2] 242 1
NULL
R-CCU: dpObj$numberClusters = 2 
List of 2
 $ : num [1, 1, 1:2] 0.353 0.695
 $ : num [1, 1, 1:2] 8.56 4.9
NULL
R priorParameters: 2 8 
R maxT: 1 
R_PriorDraw_first_mu: 0.8951418 
R_PriorDraw_first_nu: 4.218343 
R-CCU: Before ClusterLabelChange for i = 44 newLabel= 1 currentLabel= 1 
R-CCU: sum(pointsPerCluster) = 243 
 num [1:2] 242 1
NULL
R-CCU: After ClusterLabelChange for i = 44 
R-CCU: sum(pointsPerCluster) = 244 
 num [1:2] 243 1
NULL
R-CCU: dpObj$numberClusters = 2 
List of 2
 $ : num [1, 1, 1:2] 0.353 0.695
 $ : num [1, 1, 1:2] 8.56 4.9
NULL
R priorParameters: 2 8 
R maxT: 1 
R_PriorDraw_first_mu: 0.5970659 
R_PriorDraw_first_nu: 4.772074 
R-CCU: Before ClusterLabelChange for i = 45 newLabel= 1 currentLabel= 1 
R-CCU: sum(pointsPerCluster) = 244 
 num [1:2] 243 1
NULL
R-CCU: After ClusterLabelChange for i = 45 
R-CCU: sum(pointsPerCluster) = 245 
 num [1:2] 244 1
NULL
R-CCU: dpObj$numberClusters = 2 
List of 2
 $ : num [1, 1, 1:2] 0.353 0.695
 $ : num [1, 1, 1:2] 8.56 4.9
NULL
R priorParameters: 2 8 
R maxT: 1 
R_PriorDraw_first_mu: 0.8783685 
R_PriorDraw_first_nu: 4.258049 
R-CCU: Before ClusterLabelChange for i = 46 newLabel= 5 currentLabel= 1 
R-CCU: sum(pointsPerCluster) = 245 
 num [1:2] 244 1
NULL
R-CCU: After ClusterLabelChange for i = 46 
R-CCU: sum(pointsPerCluster) = 246 
 num [1:3] 244 1 1
NULL
R-CCU: dpObj$numberClusters = 3 
List of 2
 $ : num [1, 1, 1:3] 0.353 0.695 0.139
 $ : num [1, 1, 1:3] 8.56 4.9 3.73
NULL
R priorParameters: 2 8 
R maxT: 1 
R_PriorDraw_first_mu: 0.9484159 
R_PriorDraw_first_nu: 52.64576 
R-CCU: Before ClusterLabelChange for i = 47 newLabel= 1 currentLabel= 1 
R-CCU: sum(pointsPerCluster) = 246 
 num [1:3] 244 1 1
NULL
R-CCU: After ClusterLabelChange for i = 47 
R-CCU: sum(pointsPerCluster) = 247 
 num [1:3] 245 1 1
NULL
R-CCU: dpObj$numberClusters = 3 
List of 2
 $ : num [1, 1, 1:3] 0.353 0.695 0.139
 $ : num [1, 1, 1:3] 8.56 4.9 3.73
NULL
R priorParameters: 2 8 
R maxT: 1 
R_PriorDraw_first_mu: 0.6694544 
R_PriorDraw_first_nu: 4.129081 
R-CCU: Before ClusterLabelChange for i = 48 newLabel= 1 currentLabel= 1 
R-CCU: sum(pointsPerCluster) = 247 
 num [1:3] 245 1 1
NULL
R-CCU: After ClusterLabelChange for i = 48 
R-CCU: sum(pointsPerCluster) = 248 
 num [1:3] 246 1 1
NULL
R-CCU: dpObj$numberClusters = 3 
List of 2
 $ : num [1, 1, 1:3] 0.353 0.695 0.139
 $ : num [1, 1, 1:3] 8.56 4.9 3.73
NULL
R priorParameters: 2 8 
R maxT: 1 
R_PriorDraw_first_mu: 0.7586264 
R_PriorDraw_first_nu: 4.598411 
R-CCU: Before ClusterLabelChange for i = 49 newLabel= 1 currentLabel= 1 
R-CCU: sum(pointsPerCluster) = 248 
 num [1:3] 246 1 1
NULL
R-CCU: After ClusterLabelChange for i = 49 
R-CCU: sum(pointsPerCluster) = 249 
 num [1:3] 247 1 1
NULL
R-CCU: dpObj$numberClusters = 3 
List of 2
 $ : num [1, 1, 1:3] 0.353 0.695 0.139
 $ : num [1, 1, 1:3] 8.56 4.9 3.73
NULL
R priorParameters: 2 8 
R maxT: 1 
R_PriorDraw_first_mu: 0.01501542 
R_PriorDraw_first_nu: 3.805175 
R-CCU: Before ClusterLabelChange for i = 50 newLabel= 1 currentLabel= 1 
R-CCU: sum(pointsPerCluster) = 249 
 num [1:3] 247 1 1
NULL
R-CCU: After ClusterLabelChange for i = 50 
R-CCU: sum(pointsPerCluster) = 250 
 num [1:3] 248 1 1
NULL
R-CCU: dpObj$numberClusters = 3 
List of 2
 $ : num [1, 1, 1:3] 0.353 0.695 0.139
 $ : num [1, 1, 1:3] 8.56 4.9 3.73
NULL
R priorParameters: 2 8 
R maxT: 1 
R_PriorDraw_first_mu: 0.5510231 
R_PriorDraw_first_nu: 5.109552 
R-CCU: Before ClusterLabelChange for i = 51 newLabel= 1 currentLabel= 1 
R-CCU: sum(pointsPerCluster) = 250 
 num [1:3] 248 1 1
NULL
R-CCU: After ClusterLabelChange for i = 51 
R-CCU: sum(pointsPerCluster) = 251 
 num [1:3] 249 1 1
NULL
R-CCU: dpObj$numberClusters = 3 
List of 2
 $ : num [1, 1, 1:3] 0.353 0.695 0.139
 $ : num [1, 1, 1:3] 8.56 4.9 3.73
NULL
R priorParameters: 2 8 
R maxT: 1 
R_PriorDraw_first_mu: 0.7972782 
R_PriorDraw_first_nu: 3.84156 
R-CCU: Before ClusterLabelChange for i = 52 newLabel= 1 currentLabel= 1 
R-CCU: sum(pointsPerCluster) = 251 
 num [1:3] 249 1 1
NULL
R-CCU: After ClusterLabelChange for i = 52 
R-CCU: sum(pointsPerCluster) = 252 
 num [1:3] 250 1 1
NULL
R-CCU: dpObj$numberClusters = 3 
List of 2
 $ : num [1, 1, 1:3] 0.353 0.695 0.139
 $ : num [1, 1, 1:3] 8.56 4.9 3.73
NULL
R priorParameters: 2 8 
R maxT: 1 
R_PriorDraw_first_mu: 0.6312937 
R_PriorDraw_first_nu: 0.7336023 
R-CCU: Before ClusterLabelChange for i = 53 newLabel= 1 currentLabel= 1 
R-CCU: sum(pointsPerCluster) = 252 
 num [1:3] 250 1 1
NULL
R-CCU: After ClusterLabelChange for i = 53 
R-CCU: sum(pointsPerCluster) = 253 
 num [1:3] 251 1 1
NULL
R-CCU: dpObj$numberClusters = 3 
List of 2
 $ : num [1, 1, 1:3] 0.353 0.695 0.139
 $ : num [1, 1, 1:3] 8.56 4.9 3.73
NULL
R priorParameters: 2 8 
R maxT: 1 
R_PriorDraw_first_mu: 0.1125617 
R_PriorDraw_first_nu: 9.896604 
R-CCU: Before ClusterLabelChange for i = 54 newLabel= 1 currentLabel= 1 
R-CCU: sum(pointsPerCluster) = 253 
 num [1:3] 251 1 1
NULL
R-CCU: After ClusterLabelChange for i = 54 
R-CCU: sum(pointsPerCluster) = 254 
 num [1:3] 252 1 1
NULL
R-CCU: dpObj$numberClusters = 3 
List of 2
 $ : num [1, 1, 1:3] 0.353 0.695 0.139
 $ : num [1, 1, 1:3] 8.56 4.9 3.73
NULL
R priorParameters: 2 8 
R maxT: 1 
R_PriorDraw_first_mu: 0.2012213 
R_PriorDraw_first_nu: 4.356291 
R-CCU: Before ClusterLabelChange for i = 55 newLabel= 1 currentLabel= 1 
R-CCU: sum(pointsPerCluster) = 254 
 num [1:3] 252 1 1
NULL
R-CCU: After ClusterLabelChange for i = 55 
R-CCU: sum(pointsPerCluster) = 255 
 num [1:3] 253 1 1
NULL
R-CCU: dpObj$numberClusters = 3 
List of 2
 $ : num [1, 1, 1:3] 0.353 0.695 0.139
 $ : num [1, 1, 1:3] 8.56 4.9 3.73
NULL
R priorParameters: 2 8 
R maxT: 1 
R_PriorDraw_first_mu: 0.1034047 
R_PriorDraw_first_nu: 23.09764 
R-CCU: Before ClusterLabelChange for i = 56 newLabel= 1 currentLabel= 1 
R-CCU: sum(pointsPerCluster) = 255 
 num [1:3] 253 1 1
NULL
R-CCU: After ClusterLabelChange for i = 56 
R-CCU: sum(pointsPerCluster) = 256 
 num [1:3] 254 1 1
NULL
R-CCU: dpObj$numberClusters = 3 
List of 2
 $ : num [1, 1, 1:3] 0.353 0.695 0.139
 $ : num [1, 1, 1:3] 8.56 4.9 3.73
NULL
R priorParameters: 2 8 
R maxT: 1 
R_PriorDraw_first_mu: 0.006307092 
R_PriorDraw_first_nu: 0.9502237 
R-CCU: Before ClusterLabelChange for i = 57 newLabel= 1 currentLabel= 2 
R-CCU: sum(pointsPerCluster) = 256 
 num [1:3] 254 1 1
NULL
R-CCU: After ClusterLabelChange for i = 57 
R-CCU: sum(pointsPerCluster) = 257 
 num [1:3] 255 1 1
NULL
R-CCU: dpObj$numberClusters = 3 
List of 2
 $ : num [1, 1, 1:3] 0.353 0.695 0.139
 $ : num [1, 1, 1:3] 8.56 4.9 3.73
NULL
R priorParameters: 2 8 
R maxT: 1 
R_PriorDraw_first_mu: 0.2168353 
R_PriorDraw_first_nu: 2.56068 
R-CCU: Before ClusterLabelChange for i = 58 newLabel= 1 currentLabel= 1 
R-CCU: sum(pointsPerCluster) = 257 
 num [1:3] 255 1 1
NULL
R-CCU: After ClusterLabelChange for i = 58 
R-CCU: sum(pointsPerCluster) = 258 
 num [1:3] 256 1 1
NULL
R-CCU: dpObj$numberClusters = 3 
List of 2
 $ : num [1, 1, 1:3] 0.353 0.695 0.139
 $ : num [1, 1, 1:3] 8.56 4.9 3.73
NULL
R priorParameters: 2 8 
R maxT: 1 
R_PriorDraw_first_mu: 0.828739 
R_PriorDraw_first_nu: 2.216213 
R-CCU: Before ClusterLabelChange for i = 59 newLabel= 1 currentLabel= 1 
R-CCU: sum(pointsPerCluster) = 258 
 num [1:3] 256 1 1
NULL
R-CCU: After ClusterLabelChange for i = 59 
R-CCU: sum(pointsPerCluster) = 259 
 num [1:3] 257 1 1
NULL
R-CCU: dpObj$numberClusters = 3 
List of 2
 $ : num [1, 1, 1:3] 0.353 0.695 0.139
 $ : num [1, 1, 1:3] 8.56 4.9 3.73
NULL
R priorParameters: 2 8 
R maxT: 1 
R_PriorDraw_first_mu: 0.6622923 
R_PriorDraw_first_nu: 3.983863 
R-CCU: Before ClusterLabelChange for i = 60 newLabel= 1 currentLabel= 1 
R-CCU: sum(pointsPerCluster) = 259 
 num [1:3] 257 1 1
NULL
R-CCU: After ClusterLabelChange for i = 60 
R-CCU: sum(pointsPerCluster) = 260 
 num [1:3] 258 1 1
NULL
R-CCU: dpObj$numberClusters = 3 
List of 2
 $ : num [1, 1, 1:3] 0.353 0.695 0.139
 $ : num [1, 1, 1:3] 8.56 4.9 3.73
NULL
R priorParameters: 2 8 
R maxT: 1 
R_PriorDraw_first_mu: 0.7529103 
R_PriorDraw_first_nu: 4.653971 
R-CCU: Before ClusterLabelChange for i = 61 newLabel= 1 currentLabel= 1 
R-CCU: sum(pointsPerCluster) = 260 
 num [1:3] 258 1 1
NULL
R-CCU: After ClusterLabelChange for i = 61 
R-CCU: sum(pointsPerCluster) = 261 
 num [1:3] 259 1 1
NULL
R-CCU: dpObj$numberClusters = 3 
List of 2
 $ : num [1, 1, 1:3] 0.353 0.695 0.139
 $ : num [1, 1, 1:3] 8.56 4.9 3.73
NULL
R priorParameters: 2 8 
R maxT: 1 
R_PriorDraw_first_mu: 0.1313444 
R_PriorDraw_first_nu: 12.64567 
R-CCU: Before ClusterLabelChange for i = 62 newLabel= 1 currentLabel= 1 
R-CCU: sum(pointsPerCluster) = 261 
 num [1:3] 259 1 1
NULL
R-CCU: After ClusterLabelChange for i = 62 
R-CCU: sum(pointsPerCluster) = 262 
 num [1:3] 260 1 1
NULL
R-CCU: dpObj$numberClusters = 3 
List of 2
 $ : num [1, 1, 1:3] 0.353 0.695 0.139
 $ : num [1, 1, 1:3] 8.56 4.9 3.73
NULL
R priorParameters: 2 8 
R maxT: 1 
R_PriorDraw_first_mu: 0.9036731 
R_PriorDraw_first_nu: 2.315183 
R-CCU: Before ClusterLabelChange for i = 63 newLabel= 1 currentLabel= 1 
R-CCU: sum(pointsPerCluster) = 262 
 num [1:3] 260 1 1
NULL
R-CCU: After ClusterLabelChange for i = 63 
R-CCU: sum(pointsPerCluster) = 263 
 num [1:3] 261 1 1
NULL
R-CCU: dpObj$numberClusters = 3 
List of 2
 $ : num [1, 1, 1:3] 0.353 0.695 0.139
 $ : num [1, 1, 1:3] 8.56 4.9 3.73
NULL
R priorParameters: 2 8 
R maxT: 1 
R_PriorDraw_first_mu: 0.674445 
R_PriorDraw_first_nu: 5.783225 
R-CCU: Before ClusterLabelChange for i = 64 newLabel= 1 currentLabel= 1 
R-CCU: sum(pointsPerCluster) = 263 
 num [1:3] 261 1 1
NULL
R-CCU: After ClusterLabelChange for i = 64 
R-CCU: sum(pointsPerCluster) = 264 
 num [1:3] 262 1 1
NULL
R-CCU: dpObj$numberClusters = 3 
List of 2
 $ : num [1, 1, 1:3] 0.353 0.695 0.139
 $ : num [1, 1, 1:3] 8.56 4.9 3.73
NULL
R priorParameters: 2 8 
R maxT: 1 
R_PriorDraw_first_mu: 0.551757 
R_PriorDraw_first_nu: 2.930564 
R-CCU: Before ClusterLabelChange for i = 65 newLabel= 1 currentLabel= 1 
R-CCU: sum(pointsPerCluster) = 264 
 num [1:3] 262 1 1
NULL
R-CCU: After ClusterLabelChange for i = 65 
R-CCU: sum(pointsPerCluster) = 265 
 num [1:3] 263 1 1
NULL
R-CCU: dpObj$numberClusters = 3 
List of 2
 $ : num [1, 1, 1:3] 0.353 0.695 0.139
 $ : num [1, 1, 1:3] 8.56 4.9 3.73
NULL
R priorParameters: 2 8 
R maxT: 1 
R_PriorDraw_first_mu: 0.3888479 
R_PriorDraw_first_nu: 1.83465 
R-CCU: Before ClusterLabelChange for i = 66 newLabel= 1 currentLabel= 1 
R-CCU: sum(pointsPerCluster) = 265 
 num [1:3] 263 1 1
NULL
R-CCU: After ClusterLabelChange for i = 66 
R-CCU: sum(pointsPerCluster) = 266 
 num [1:3] 264 1 1
NULL
R-CCU: dpObj$numberClusters = 3 
List of 2
 $ : num [1, 1, 1:3] 0.353 0.695 0.139
 $ : num [1, 1, 1:3] 8.56 4.9 3.73
NULL
R priorParameters: 2 8 
R maxT: 1 
R_PriorDraw_first_mu: 0.8863481 
R_PriorDraw_first_nu: 5.140613 
R-CCU: Before ClusterLabelChange for i = 67 newLabel= 1 currentLabel= 1 
R-CCU: sum(pointsPerCluster) = 266 
 num [1:3] 264 1 1
NULL
R-CCU: After ClusterLabelChange for i = 67 
R-CCU: sum(pointsPerCluster) = 267 
 num [1:3] 265 1 1
NULL
R-CCU: dpObj$numberClusters = 3 
List of 2
 $ : num [1, 1, 1:3] 0.353 0.695 0.139
 $ : num [1, 1, 1:3] 8.56 4.9 3.73
NULL
R priorParameters: 2 8 
R maxT: 1 
R_PriorDraw_first_mu: 0.03904751 
R_PriorDraw_first_nu: 3.70983 
R-CCU: Before ClusterLabelChange for i = 68 newLabel= 1 currentLabel= 1 
R-CCU: sum(pointsPerCluster) = 267 
 num [1:3] 265 1 1
NULL
R-CCU: After ClusterLabelChange for i = 68 
R-CCU: sum(pointsPerCluster) = 268 
 num [1:3] 266 1 1
NULL
R-CCU: dpObj$numberClusters = 3 
List of 2
 $ : num [1, 1, 1:3] 0.353 0.695 0.139
 $ : num [1, 1, 1:3] 8.56 4.9 3.73
NULL
R priorParameters: 2 8 
R maxT: 1 
R_PriorDraw_first_mu: 0.6056819 
R_PriorDraw_first_nu: 6.695505 
R-CCU: Before ClusterLabelChange for i = 69 newLabel= 1 currentLabel= 1 
R-CCU: sum(pointsPerCluster) = 268 
 num [1:3] 266 1 1
NULL
R-CCU: After ClusterLabelChange for i = 69 
R-CCU: sum(pointsPerCluster) = 269 
 num [1:3] 267 1 1
NULL
R-CCU: dpObj$numberClusters = 3 
List of 2
 $ : num [1, 1, 1:3] 0.353 0.695 0.139
 $ : num [1, 1, 1:3] 8.56 4.9 3.73
NULL
R priorParameters: 2 8 
R maxT: 1 
R_PriorDraw_first_mu: 0.9625067 
R_PriorDraw_first_nu: 13.52328 
R-CCU: Before ClusterLabelChange for i = 70 newLabel= 1 currentLabel= 1 
R-CCU: sum(pointsPerCluster) = 269 
 num [1:3] 267 1 1
NULL
R-CCU: After ClusterLabelChange for i = 70 
R-CCU: sum(pointsPerCluster) = 270 
 num [1:3] 268 1 1
NULL
R-CCU: dpObj$numberClusters = 3 
List of 2
 $ : num [1, 1, 1:3] 0.353 0.695 0.139
 $ : num [1, 1, 1:3] 8.56 4.9 3.73
NULL
R priorParameters: 2 8 
R maxT: 1 
R_PriorDraw_first_mu: 0.8505012 
R_PriorDraw_first_nu: 1.937581 
R-CCU: Before ClusterLabelChange for i = 71 newLabel= 1 currentLabel= 1 
R-CCU: sum(pointsPerCluster) = 270 
 num [1:3] 268 1 1
NULL
R-CCU: After ClusterLabelChange for i = 71 
R-CCU: sum(pointsPerCluster) = 271 
 num [1:3] 269 1 1
NULL
R-CCU: dpObj$numberClusters = 3 
List of 2
 $ : num [1, 1, 1:3] 0.353 0.695 0.139
 $ : num [1, 1, 1:3] 8.56 4.9 3.73
NULL
R priorParameters: 2 8 
R maxT: 1 
R_PriorDraw_first_mu: 0.8130531 
R_PriorDraw_first_nu: 13.01318 
R-CCU: Before ClusterLabelChange for i = 72 newLabel= 1 currentLabel= 1 
R-CCU: sum(pointsPerCluster) = 271 
 num [1:3] 269 1 1
NULL
R-CCU: After ClusterLabelChange for i = 72 
R-CCU: sum(pointsPerCluster) = 272 
 num [1:3] 270 1 1
NULL
R-CCU: dpObj$numberClusters = 3 
List of 2
 $ : num [1, 1, 1:3] 0.353 0.695 0.139
 $ : num [1, 1, 1:3] 8.56 4.9 3.73
NULL
R priorParameters: 2 8 
R maxT: 1 
R_PriorDraw_first_mu: 0.9714833 
R_PriorDraw_first_nu: 3.60523 
R-CCU: Before ClusterLabelChange for i = 73 newLabel= 1 currentLabel= 1 
R-CCU: sum(pointsPerCluster) = 272 
 num [1:3] 270 1 1
NULL
R-CCU: After ClusterLabelChange for i = 73 
R-CCU: sum(pointsPerCluster) = 273 
 num [1:3] 271 1 1
NULL
R-CCU: dpObj$numberClusters = 3 
List of 2
 $ : num [1, 1, 1:3] 0.353 0.695 0.139
 $ : num [1, 1, 1:3] 8.56 4.9 3.73
NULL
R priorParameters: 2 8 
R maxT: 1 
R_PriorDraw_first_mu: 0.8873182 
R_PriorDraw_first_nu: 4.144966 
R-CCU: Before ClusterLabelChange for i = 74 newLabel= 1 currentLabel= 1 
R-CCU: sum(pointsPerCluster) = 273 
 num [1:3] 271 1 1
NULL
R-CCU: After ClusterLabelChange for i = 74 
R-CCU: sum(pointsPerCluster) = 274 
 num [1:3] 272 1 1
NULL
R-CCU: dpObj$numberClusters = 3 
List of 2
 $ : num [1, 1, 1:3] 0.353 0.695 0.139
 $ : num [1, 1, 1:3] 8.56 4.9 3.73
NULL
R priorParameters: 2 8 
R maxT: 1 
R_PriorDraw_first_mu: 0.9251316 
R_PriorDraw_first_nu: 8.928125 
R-CCU: Before ClusterLabelChange for i = 75 newLabel= 1 currentLabel= 1 
R-CCU: sum(pointsPerCluster) = 274 
 num [1:3] 272 1 1
NULL
R-CCU: After ClusterLabelChange for i = 75 
R-CCU: sum(pointsPerCluster) = 275 
 num [1:3] 273 1 1
NULL
R-CCU: dpObj$numberClusters = 3 
List of 2
 $ : num [1, 1, 1:3] 0.353 0.695 0.139
 $ : num [1, 1, 1:3] 8.56 4.9 3.73
NULL
R priorParameters: 2 8 
R maxT: 1 
R_PriorDraw_first_mu: 0.5059449 
R_PriorDraw_first_nu: 4.282825 
R-CCU: Before ClusterLabelChange for i = 76 newLabel= 1 currentLabel= 1 
R-CCU: sum(pointsPerCluster) = 275 
 num [1:3] 273 1 1
NULL
R-CCU: After ClusterLabelChange for i = 76 
R-CCU: sum(pointsPerCluster) = 276 
 num [1:3] 274 1 1
NULL
R-CCU: dpObj$numberClusters = 3 
List of 2
 $ : num [1, 1, 1:3] 0.353 0.695 0.139
 $ : num [1, 1, 1:3] 8.56 4.9 3.73
NULL
R priorParameters: 2 8 
R maxT: 1 
R_PriorDraw_first_mu: 0.3134555 
R_PriorDraw_first_nu: 1.701621 
R-CCU: Before ClusterLabelChange for i = 77 newLabel= 1 currentLabel= 1 
R-CCU: sum(pointsPerCluster) = 276 
 num [1:3] 274 1 1
NULL
R-CCU: After ClusterLabelChange for i = 77 
R-CCU: sum(pointsPerCluster) = 277 
 num [1:3] 275 1 1
NULL
R-CCU: dpObj$numberClusters = 3 
List of 2
 $ : num [1, 1, 1:3] 0.353 0.695 0.139
 $ : num [1, 1, 1:3] 8.56 4.9 3.73
NULL
R priorParameters: 2 8 
R maxT: 1 
R_PriorDraw_first_mu: 0.3538851 
R_PriorDraw_first_nu: 7.242162 
R-CCU: Before ClusterLabelChange for i = 78 newLabel= 1 currentLabel= 1 
R-CCU: sum(pointsPerCluster) = 277 
 num [1:3] 275 1 1
NULL
R-CCU: After ClusterLabelChange for i = 78 
R-CCU: sum(pointsPerCluster) = 278 
 num [1:3] 276 1 1
NULL
R-CCU: dpObj$numberClusters = 3 
List of 2
 $ : num [1, 1, 1:3] 0.353 0.695 0.139
 $ : num [1, 1, 1:3] 8.56 4.9 3.73
NULL
R priorParameters: 2 8 
R maxT: 1 
R_PriorDraw_first_mu: 0.692915 
R_PriorDraw_first_nu: 2.117649 
R-CCU: Before ClusterLabelChange for i = 79 newLabel= 1 currentLabel= 1 
R-CCU: sum(pointsPerCluster) = 278 
 num [1:3] 276 1 1
NULL
R-CCU: After ClusterLabelChange for i = 79 
R-CCU: sum(pointsPerCluster) = 279 
 num [1:3] 277 1 1
NULL
R-CCU: dpObj$numberClusters = 3 
List of 2
 $ : num [1, 1, 1:3] 0.353 0.695 0.139
 $ : num [1, 1, 1:3] 8.56 4.9 3.73
NULL
R priorParameters: 2 8 
R maxT: 1 
R_PriorDraw_first_mu: 0.8228694 
R_PriorDraw_first_nu: 15.78437 
R-CCU: Before ClusterLabelChange for i = 80 newLabel= 1 currentLabel= 1 
R-CCU: sum(pointsPerCluster) = 279 
 num [1:3] 277 1 1
NULL
R-CCU: After ClusterLabelChange for i = 80 
R-CCU: sum(pointsPerCluster) = 280 
 num [1:3] 278 1 1
NULL
R-CCU: dpObj$numberClusters = 3 
List of 2
 $ : num [1, 1, 1:3] 0.353 0.695 0.139
 $ : num [1, 1, 1:3] 8.56 4.9 3.73
NULL
R priorParameters: 2 8 
R maxT: 1 
R_PriorDraw_first_mu: 0.7414299 
R_PriorDraw_first_nu: 1.828435 
R-CCU: Before ClusterLabelChange for i = 81 newLabel= 1 currentLabel= 1 
R-CCU: sum(pointsPerCluster) = 280 
 num [1:3] 278 1 1
NULL
R-CCU: After ClusterLabelChange for i = 81 
R-CCU: sum(pointsPerCluster) = 281 
 num [1:3] 279 1 1
NULL
R-CCU: dpObj$numberClusters = 3 
List of 2
 $ : num [1, 1, 1:3] 0.353 0.695 0.139
 $ : num [1, 1, 1:3] 8.56 4.9 3.73
NULL
R priorParameters: 2 8 
R maxT: 1 
R_PriorDraw_first_mu: 0.9620203 
R_PriorDraw_first_nu: 3.456386 
R-CCU: Before ClusterLabelChange for i = 82 newLabel= 1 currentLabel= 1 
R-CCU: sum(pointsPerCluster) = 281 
 num [1:3] 279 1 1
NULL
R-CCU: After ClusterLabelChange for i = 82 
R-CCU: sum(pointsPerCluster) = 282 
 num [1:3] 280 1 1
NULL
R-CCU: dpObj$numberClusters = 3 
List of 2
 $ : num [1, 1, 1:3] 0.353 0.695 0.139
 $ : num [1, 1, 1:3] 8.56 4.9 3.73
NULL
R priorParameters: 2 8 
R maxT: 1 
R_PriorDraw_first_mu: 0.1636371 
R_PriorDraw_first_nu: 1.820755 
R-CCU: Before ClusterLabelChange for i = 83 newLabel= 1 currentLabel= 1 
R-CCU: sum(pointsPerCluster) = 282 
 num [1:3] 280 1 1
NULL
R-CCU: After ClusterLabelChange for i = 83 
R-CCU: sum(pointsPerCluster) = 283 
 num [1:3] 281 1 1
NULL
R-CCU: dpObj$numberClusters = 3 
List of 2
 $ : num [1, 1, 1:3] 0.353 0.695 0.139
 $ : num [1, 1, 1:3] 8.56 4.9 3.73
NULL
R priorParameters: 2 8 
R maxT: 1 
R_PriorDraw_first_mu: 0.9009558 
R_PriorDraw_first_nu: 3.801144 
R-CCU: Before ClusterLabelChange for i = 84 newLabel= 1 currentLabel= 1 
R-CCU: sum(pointsPerCluster) = 283 
 num [1:3] 281 1 1
NULL
R-CCU: After ClusterLabelChange for i = 84 
R-CCU: sum(pointsPerCluster) = 284 
 num [1:3] 282 1 1
NULL
R-CCU: dpObj$numberClusters = 3 
List of 2
 $ : num [1, 1, 1:3] 0.353 0.695 0.139
 $ : num [1, 1, 1:3] 8.56 4.9 3.73
NULL
R priorParameters: 2 8 
R maxT: 1 
R_PriorDraw_first_mu: 0.6121368 
R_PriorDraw_first_nu: 3.345862 
R-CCU: Before ClusterLabelChange for i = 85 newLabel= 1 currentLabel= 1 
R-CCU: sum(pointsPerCluster) = 284 
 num [1:3] 282 1 1
NULL
R-CCU: After ClusterLabelChange for i = 85 
R-CCU: sum(pointsPerCluster) = 285 
 num [1:3] 283 1 1
NULL
R-CCU: dpObj$numberClusters = 3 
List of 2
 $ : num [1, 1, 1:3] 0.353 0.695 0.139
 $ : num [1, 1, 1:3] 8.56 4.9 3.73
NULL
R priorParameters: 2 8 
R maxT: 1 
R_PriorDraw_first_mu: 0.9718254 
R_PriorDraw_first_nu: 1.544042 
R-CCU: Before ClusterLabelChange for i = 86 newLabel= 1 currentLabel= 1 
R-CCU: sum(pointsPerCluster) = 285 
 num [1:3] 283 1 1
NULL
R-CCU: After ClusterLabelChange for i = 86 
R-CCU: sum(pointsPerCluster) = 286 
 num [1:3] 284 1 1
NULL
R-CCU: dpObj$numberClusters = 3 
List of 2
 $ : num [1, 1, 1:3] 0.353 0.695 0.139
 $ : num [1, 1, 1:3] 8.56 4.9 3.73
NULL
R priorParameters: 2 8 
R maxT: 1 
R_PriorDraw_first_mu: 0.9776957 
R_PriorDraw_first_nu: 2.985106 
R-CCU: Before ClusterLabelChange for i = 87 newLabel= 1 currentLabel= 1 
R-CCU: sum(pointsPerCluster) = 286 
 num [1:3] 284 1 1
NULL
R-CCU: After ClusterLabelChange for i = 87 
R-CCU: sum(pointsPerCluster) = 287 
 num [1:3] 285 1 1
NULL
R-CCU: dpObj$numberClusters = 3 
List of 2
 $ : num [1, 1, 1:3] 0.353 0.695 0.139
 $ : num [1, 1, 1:3] 8.56 4.9 3.73
NULL
R priorParameters: 2 8 
R maxT: 1 
R_PriorDraw_first_mu: 0.4867004 
R_PriorDraw_first_nu: 5.776911 
R-CCU: Before ClusterLabelChange for i = 88 newLabel= 1 currentLabel= 1 
R-CCU: sum(pointsPerCluster) = 287 
 num [1:3] 285 1 1
NULL
R-CCU: After ClusterLabelChange for i = 88 
R-CCU: sum(pointsPerCluster) = 288 
 num [1:3] 286 1 1
NULL
R-CCU: dpObj$numberClusters = 3 
List of 2
 $ : num [1, 1, 1:3] 0.353 0.695 0.139
 $ : num [1, 1, 1:3] 8.56 4.9 3.73
NULL
R priorParameters: 2 8 
R maxT: 1 
R_PriorDraw_first_mu: 0.8967951 
R_PriorDraw_first_nu: 14.47471 
R-CCU: Before ClusterLabelChange for i = 89 newLabel= 1 currentLabel= 1 
R-CCU: sum(pointsPerCluster) = 288 
 num [1:3] 286 1 1
NULL
R-CCU: After ClusterLabelChange for i = 89 
R-CCU: sum(pointsPerCluster) = 289 
 num [1:3] 287 1 1
NULL
R-CCU: dpObj$numberClusters = 3 
List of 2
 $ : num [1, 1, 1:3] 0.353 0.695 0.139
 $ : num [1, 1, 1:3] 8.56 4.9 3.73
NULL
R priorParameters: 2 8 
R maxT: 1 
R_PriorDraw_first_mu: 0.9279037 
R_PriorDraw_first_nu: 4.21603 
R-CCU: Before ClusterLabelChange for i = 90 newLabel= 1 currentLabel= 1 
R-CCU: sum(pointsPerCluster) = 289 
 num [1:3] 287 1 1
NULL
R-CCU: After ClusterLabelChange for i = 90 
R-CCU: sum(pointsPerCluster) = 290 
 num [1:3] 288 1 1
NULL
R-CCU: dpObj$numberClusters = 3 
List of 2
 $ : num [1, 1, 1:3] 0.353 0.695 0.139
 $ : num [1, 1, 1:3] 8.56 4.9 3.73
NULL
R priorParameters: 2 8 
R maxT: 1 
R_PriorDraw_first_mu: 0.0429499 
R_PriorDraw_first_nu: 6.582835 
R-CCU: Before ClusterLabelChange for i = 91 newLabel= 1 currentLabel= 1 
R-CCU: sum(pointsPerCluster) = 290 
 num [1:3] 288 1 1
NULL
R-CCU: After ClusterLabelChange for i = 91 
R-CCU: sum(pointsPerCluster) = 291 
 num [1:3] 289 1 1
NULL
R-CCU: dpObj$numberClusters = 3 
List of 2
 $ : num [1, 1, 1:3] 0.353 0.695 0.139
 $ : num [1, 1, 1:3] 8.56 4.9 3.73
NULL
R priorParameters: 2 8 
R maxT: 1 
R_PriorDraw_first_mu: 0.04181167 
R_PriorDraw_first_nu: 3.513655 
R-CCU: Before ClusterLabelChange for i = 92 newLabel= 1 currentLabel= 1 
R-CCU: sum(pointsPerCluster) = 291 
 num [1:3] 289 1 1
NULL
R-CCU: After ClusterLabelChange for i = 92 
R-CCU: sum(pointsPerCluster) = 292 
 num [1:3] 290 1 1
NULL
R-CCU: dpObj$numberClusters = 3 
List of 2
 $ : num [1, 1, 1:3] 0.353 0.695 0.139
 $ : num [1, 1, 1:3] 8.56 4.9 3.73
NULL
R priorParameters: 2 8 
R maxT: 1 
R_PriorDraw_first_mu: 0.2261951 
R_PriorDraw_first_nu: 1.871177 
R-CCU: Before ClusterLabelChange for i = 93 newLabel= 1 currentLabel= 1 
R-CCU: sum(pointsPerCluster) = 292 
 num [1:3] 290 1 1
NULL
R-CCU: After ClusterLabelChange for i = 93 
R-CCU: sum(pointsPerCluster) = 293 
 num [1:3] 291 1 1
NULL
R-CCU: dpObj$numberClusters = 3 
List of 2
 $ : num [1, 1, 1:3] 0.353 0.695 0.139
 $ : num [1, 1, 1:3] 8.56 4.9 3.73
NULL
R priorParameters: 2 8 
R maxT: 1 
R_PriorDraw_first_mu: 0.1112195 
R_PriorDraw_first_nu: 3.453836 
R-CCU: Before ClusterLabelChange for i = 94 newLabel= 1 currentLabel= 1 
R-CCU: sum(pointsPerCluster) = 293 
 num [1:3] 291 1 1
NULL
R-CCU: After ClusterLabelChange for i = 94 
R-CCU: sum(pointsPerCluster) = 294 
 num [1:3] 292 1 1
NULL
R-CCU: dpObj$numberClusters = 3 
List of 2
 $ : num [1, 1, 1:3] 0.353 0.695 0.139
 $ : num [1, 1, 1:3] 8.56 4.9 3.73
NULL
R priorParameters: 2 8 
R maxT: 1 
R_PriorDraw_first_mu: 0.1497958 
R_PriorDraw_first_nu: 9.094602 
R-CCU: Before ClusterLabelChange for i = 95 newLabel= 1 currentLabel= 1 
R-CCU: sum(pointsPerCluster) = 294 
 num [1:3] 292 1 1
NULL
R-CCU: After ClusterLabelChange for i = 95 
R-CCU: sum(pointsPerCluster) = 295 
 num [1:3] 293 1 1
NULL
R-CCU: dpObj$numberClusters = 3 
List of 2
 $ : num [1, 1, 1:3] 0.353 0.695 0.139
 $ : num [1, 1, 1:3] 8.56 4.9 3.73
NULL
R priorParameters: 2 8 
R maxT: 1 
R_PriorDraw_first_mu: 0.8320777 
R_PriorDraw_first_nu: 2.379507 
R-CCU: Before ClusterLabelChange for i = 96 newLabel= 1 currentLabel= 1 
R-CCU: sum(pointsPerCluster) = 295 
 num [1:3] 293 1 1
NULL
R-CCU: After ClusterLabelChange for i = 96 
R-CCU: sum(pointsPerCluster) = 296 
 num [1:3] 294 1 1
NULL
R-CCU: dpObj$numberClusters = 3 
List of 2
 $ : num [1, 1, 1:3] 0.353 0.695 0.139
 $ : num [1, 1, 1:3] 8.56 4.9 3.73
NULL
R priorParameters: 2 8 
R maxT: 1 
R_PriorDraw_first_mu: 0.05382357 
R_PriorDraw_first_nu: 7.363185 
R-CCU: Before ClusterLabelChange for i = 97 newLabel= 1 currentLabel= 1 
R-CCU: sum(pointsPerCluster) = 296 
 num [1:3] 294 1 1
NULL
R-CCU: After ClusterLabelChange for i = 97 
R-CCU: sum(pointsPerCluster) = 297 
 num [1:3] 295 1 1
NULL
R-CCU: dpObj$numberClusters = 3 
List of 2
 $ : num [1, 1, 1:3] 0.353 0.695 0.139
 $ : num [1, 1, 1:3] 8.56 4.9 3.73
NULL
R priorParameters: 2 8 
R maxT: 1 
R_PriorDraw_first_mu: 0.2313931 
R_PriorDraw_first_nu: 4.74986 
R-CCU: Before ClusterLabelChange for i = 98 newLabel= 1 currentLabel= 1 
R-CCU: sum(pointsPerCluster) = 297 
 num [1:3] 295 1 1
NULL
R-CCU: After ClusterLabelChange for i = 98 
R-CCU: sum(pointsPerCluster) = 298 
 num [1:3] 296 1 1
NULL
R-CCU: dpObj$numberClusters = 3 
List of 2
 $ : num [1, 1, 1:3] 0.353 0.695 0.139
 $ : num [1, 1, 1:3] 8.56 4.9 3.73
NULL
R priorParameters: 2 8 
R maxT: 1 
R_PriorDraw_first_mu: 0.2392637 
R_PriorDraw_first_nu: 3.336094 
R-CCU: Before ClusterLabelChange for i = 99 newLabel= 1 currentLabel= 1 
R-CCU: sum(pointsPerCluster) = 298 
 num [1:3] 296 1 1
NULL
R-CCU: After ClusterLabelChange for i = 99 
R-CCU: sum(pointsPerCluster) = 299 
 num [1:3] 297 1 1
NULL
R-CCU: dpObj$numberClusters = 3 
List of 2
 $ : num [1, 1, 1:3] 0.353 0.695 0.139
 $ : num [1, 1, 1:3] 8.56 4.9 3.73
NULL
R priorParameters: 2 8 
R maxT: 1 
R_PriorDraw_first_mu: 0.6636622 
R_PriorDraw_first_nu: 2.785429 
R-CCU: Before ClusterLabelChange for i = 100 newLabel= 1 currentLabel= 1 
R-CCU: sum(pointsPerCluster) = 299 
 num [1:3] 297 1 1
NULL
R-CCU: After ClusterLabelChange for i = 100 
R-CCU: sum(pointsPerCluster) = 300 
 num [1:3] 298 1 1
NULL
R-CCU: dpObj$numberClusters = 3 
List of 2
 $ : num [1, 1, 1:3] 0.353 0.695 0.139
 $ : num [1, 1, 1:3] 8.56 4.9 3.73
NULL
R priorParameters: 2 8 
R maxT: 1 
R_PriorDraw_first_mu: 0.09037708 
R_PriorDraw_first_nu: 7.157388 
R-CCU: Before ClusterLabelChange for i = 1 newLabel= 1 currentLabel= 1 
R-CCU: sum(pointsPerCluster) = 300 
 num [1:3] 298 1 1
NULL
R-CCU: After ClusterLabelChange for i = 1 
R-CCU: sum(pointsPerCluster) = 301 
 num [1:3] 299 1 1
NULL
R-CCU: dpObj$numberClusters = 3 
List of 2
 $ : num [1, 1, 1:3] 0.337 0.695 0.698
 $ : num [1, 1, 1:3] 7.48 4.9 2.34
NULL
R priorParameters: 2 8 
R maxT: 1 
R_PriorDraw_first_mu: 0.08816508 
R_PriorDraw_first_nu: 11.4665 
R-CCU: Before ClusterLabelChange for i = 2 newLabel= 1 currentLabel= 1 
R-CCU: sum(pointsPerCluster) = 301 
 num [1:3] 299 1 1
NULL
R-CCU: After ClusterLabelChange for i = 2 
R-CCU: sum(pointsPerCluster) = 302 
 num [1:3] 300 1 1
NULL
R-CCU: dpObj$numberClusters = 3 
List of 2
 $ : num [1, 1, 1:3] 0.337 0.695 0.698
 $ : num [1, 1, 1:3] 7.48 4.9 2.34
NULL
R priorParameters: 2 8 
R maxT: 1 
R_PriorDraw_first_mu: 0.765301 
R_PriorDraw_first_nu: 4.855777 
R-CCU: Before ClusterLabelChange for i = 3 newLabel= 1 currentLabel= 1 
R-CCU: sum(pointsPerCluster) = 302 
 num [1:3] 300 1 1
NULL
R-CCU: After ClusterLabelChange for i = 3 
R-CCU: sum(pointsPerCluster) = 303 
 num [1:3] 301 1 1
NULL
R-CCU: dpObj$numberClusters = 3 
List of 2
 $ : num [1, 1, 1:3] 0.337 0.695 0.698
 $ : num [1, 1, 1:3] 7.48 4.9 2.34
NULL
R priorParameters: 2 8 
R maxT: 1 
R_PriorDraw_first_mu: 0.2339934 
R_PriorDraw_first_nu: 21.51264 
R-CCU: Before ClusterLabelChange for i = 4 newLabel= 1 currentLabel= 1 
R-CCU: sum(pointsPerCluster) = 303 
 num [1:3] 301 1 1
NULL
R-CCU: After ClusterLabelChange for i = 4 
R-CCU: sum(pointsPerCluster) = 304 
 num [1:3] 302 1 1
NULL
R-CCU: dpObj$numberClusters = 3 
List of 2
 $ : num [1, 1, 1:3] 0.337 0.695 0.698
 $ : num [1, 1, 1:3] 7.48 4.9 2.34
NULL
R priorParameters: 2 8 
R maxT: 1 
R_PriorDraw_first_mu: 0.2756787 
R_PriorDraw_first_nu: 2.785178 
R-CCU: Before ClusterLabelChange for i = 5 newLabel= 1 currentLabel= 1 
R-CCU: sum(pointsPerCluster) = 304 
 num [1:3] 302 1 1
NULL
R-CCU: After ClusterLabelChange for i = 5 
R-CCU: sum(pointsPerCluster) = 305 
 num [1:3] 303 1 1
NULL
R-CCU: dpObj$numberClusters = 3 
List of 2
 $ : num [1, 1, 1:3] 0.337 0.695 0.698
 $ : num [1, 1, 1:3] 7.48 4.9 2.34
NULL
R priorParameters: 2 8 
R maxT: 1 
R_PriorDraw_first_mu: 0.6065681 
R_PriorDraw_first_nu: 7.027878 
R-CCU: Before ClusterLabelChange for i = 6 newLabel= 1 currentLabel= 1 
R-CCU: sum(pointsPerCluster) = 305 
 num [1:3] 303 1 1
NULL
R-CCU: After ClusterLabelChange for i = 6 
R-CCU: sum(pointsPerCluster) = 306 
 num [1:3] 304 1 1
NULL
R-CCU: dpObj$numberClusters = 3 
List of 2
 $ : num [1, 1, 1:3] 0.337 0.695 0.698
 $ : num [1, 1, 1:3] 7.48 4.9 2.34
NULL
R priorParameters: 2 8 
R maxT: 1 
R_PriorDraw_first_mu: 0.348474 
R_PriorDraw_first_nu: 13.09453 
R-CCU: Before ClusterLabelChange for i = 7 newLabel= 1 currentLabel= 1 
R-CCU: sum(pointsPerCluster) = 306 
 num [1:3] 304 1 1
NULL
R-CCU: After ClusterLabelChange for i = 7 
R-CCU: sum(pointsPerCluster) = 307 
 num [1:3] 305 1 1
NULL
R-CCU: dpObj$numberClusters = 3 
List of 2
 $ : num [1, 1, 1:3] 0.337 0.695 0.698
 $ : num [1, 1, 1:3] 7.48 4.9 2.34
NULL
R priorParameters: 2 8 
R maxT: 1 
R_PriorDraw_first_mu: 0.1306739 
R_PriorDraw_first_nu: 5.6145 
R-CCU: Before ClusterLabelChange for i = 8 newLabel= 1 currentLabel= 1 
R-CCU: sum(pointsPerCluster) = 307 
 num [1:3] 305 1 1
NULL
R-CCU: After ClusterLabelChange for i = 8 
R-CCU: sum(pointsPerCluster) = 308 
 num [1:3] 306 1 1
NULL
R-CCU: dpObj$numberClusters = 3 
List of 2
 $ : num [1, 1, 1:3] 0.337 0.695 0.698
 $ : num [1, 1, 1:3] 7.48 4.9 2.34
NULL
R priorParameters: 2 8 
R maxT: 1 
R_PriorDraw_first_mu: 0.4265148 
R_PriorDraw_first_nu: 5.056632 
R-CCU: Before ClusterLabelChange for i = 9 newLabel= 1 currentLabel= 1 
R-CCU: sum(pointsPerCluster) = 308 
 num [1:3] 306 1 1
NULL
R-CCU: After ClusterLabelChange for i = 9 
R-CCU: sum(pointsPerCluster) = 309 
 num [1:3] 307 1 1
NULL
R-CCU: dpObj$numberClusters = 3 
List of 2
 $ : num [1, 1, 1:3] 0.337 0.695 0.698
 $ : num [1, 1, 1:3] 7.48 4.9 2.34
NULL
R priorParameters: 2 8 
R maxT: 1 
R_PriorDraw_first_mu: 0.953074 
R_PriorDraw_first_nu: 6.711243 
R-CCU: Before ClusterLabelChange for i = 10 newLabel= 1 currentLabel= 1 
R-CCU: sum(pointsPerCluster) = 309 
 num [1:3] 307 1 1
NULL
R-CCU: After ClusterLabelChange for i = 10 
R-CCU: sum(pointsPerCluster) = 310 
 num [1:3] 308 1 1
NULL
R-CCU: dpObj$numberClusters = 3 
List of 2
 $ : num [1, 1, 1:3] 0.337 0.695 0.698
 $ : num [1, 1, 1:3] 7.48 4.9 2.34
NULL
R priorParameters: 2 8 
R maxT: 1 
R_PriorDraw_first_mu: 0.3241438 
R_PriorDraw_first_nu: 4.004676 
R-CCU: Before ClusterLabelChange for i = 11 newLabel= 1 currentLabel= 1 
R-CCU: sum(pointsPerCluster) = 310 
 num [1:3] 308 1 1
NULL
R-CCU: After ClusterLabelChange for i = 11 
R-CCU: sum(pointsPerCluster) = 311 
 num [1:3] 309 1 1
NULL
R-CCU: dpObj$numberClusters = 3 
List of 2
 $ : num [1, 1, 1:3] 0.337 0.695 0.698
 $ : num [1, 1, 1:3] 7.48 4.9 2.34
NULL
R priorParameters: 2 8 
R maxT: 1 
R_PriorDraw_first_mu: 0.4308436 
R_PriorDraw_first_nu: 5.77952 
R-CCU: Before ClusterLabelChange for i = 12 newLabel= 1 currentLabel= 1 
R-CCU: sum(pointsPerCluster) = 311 
 num [1:3] 309 1 1
NULL
R-CCU: After ClusterLabelChange for i = 12 
R-CCU: sum(pointsPerCluster) = 312 
 num [1:3] 310 1 1
NULL
R-CCU: dpObj$numberClusters = 3 
List of 2
 $ : num [1, 1, 1:3] 0.337 0.695 0.698
 $ : num [1, 1, 1:3] 7.48 4.9 2.34
NULL
R priorParameters: 2 8 
R maxT: 1 
R_PriorDraw_first_mu: 0.3484286 
R_PriorDraw_first_nu: 7.245895 
R-CCU: Before ClusterLabelChange for i = 13 newLabel= 1 currentLabel= 1 
R-CCU: sum(pointsPerCluster) = 312 
 num [1:3] 310 1 1
NULL
R-CCU: After ClusterLabelChange for i = 13 
R-CCU: sum(pointsPerCluster) = 313 
 num [1:3] 311 1 1
NULL
R-CCU: dpObj$numberClusters = 3 
List of 2
 $ : num [1, 1, 1:3] 0.337 0.695 0.698
 $ : num [1, 1, 1:3] 7.48 4.9 2.34
NULL
R priorParameters: 2 8 
R maxT: 1 
R_PriorDraw_first_mu: 0.3047851 
R_PriorDraw_first_nu: 6.373797 
R-CCU: Before ClusterLabelChange for i = 14 newLabel= 1 currentLabel= 1 
R-CCU: sum(pointsPerCluster) = 313 
 num [1:3] 311 1 1
NULL
R-CCU: After ClusterLabelChange for i = 14 
R-CCU: sum(pointsPerCluster) = 314 
 num [1:3] 312 1 1
NULL
R-CCU: dpObj$numberClusters = 3 
List of 2
 $ : num [1, 1, 1:3] 0.337 0.695 0.698
 $ : num [1, 1, 1:3] 7.48 4.9 2.34
NULL
R priorParameters: 2 8 
R maxT: 1 
R_PriorDraw_first_mu: 0.9741439 
R_PriorDraw_first_nu: 83.04265 
R-CCU: Before ClusterLabelChange for i = 15 newLabel= 1 currentLabel= 1 
R-CCU: sum(pointsPerCluster) = 314 
 num [1:3] 312 1 1
NULL
R-CCU: After ClusterLabelChange for i = 15 
R-CCU: sum(pointsPerCluster) = 315 
 num [1:3] 313 1 1
NULL
R-CCU: dpObj$numberClusters = 3 
List of 2
 $ : num [1, 1, 1:3] 0.337 0.695 0.698
 $ : num [1, 1, 1:3] 7.48 4.9 2.34
NULL
R priorParameters: 2 8 
R maxT: 1 
R_PriorDraw_first_mu: 0.8355993 
R_PriorDraw_first_nu: 4.235042 
R-CCU: Before ClusterLabelChange for i = 16 newLabel= 1 currentLabel= 1 
R-CCU: sum(pointsPerCluster) = 315 
 num [1:3] 313 1 1
NULL
R-CCU: After ClusterLabelChange for i = 16 
R-CCU: sum(pointsPerCluster) = 316 
 num [1:3] 314 1 1
NULL
R-CCU: dpObj$numberClusters = 3 
List of 2
 $ : num [1, 1, 1:3] 0.337 0.695 0.698
 $ : num [1, 1, 1:3] 7.48 4.9 2.34
NULL
R priorParameters: 2 8 
R maxT: 1 
R_PriorDraw_first_mu: 0.102488 
R_PriorDraw_first_nu: 7.719562 
R-CCU: Before ClusterLabelChange for i = 17 newLabel= 1 currentLabel= 1 
R-CCU: sum(pointsPerCluster) = 316 
 num [1:3] 314 1 1
NULL
R-CCU: After ClusterLabelChange for i = 17 
R-CCU: sum(pointsPerCluster) = 317 
 num [1:3] 315 1 1
NULL
R-CCU: dpObj$numberClusters = 3 
List of 2
 $ : num [1, 1, 1:3] 0.337 0.695 0.698
 $ : num [1, 1, 1:3] 7.48 4.9 2.34
NULL
R priorParameters: 2 8 
R maxT: 1 
R_PriorDraw_first_mu: 0.6276888 
R_PriorDraw_first_nu: 22.20231 
R-CCU: Before ClusterLabelChange for i = 18 newLabel= 1 currentLabel= 1 
R-CCU: sum(pointsPerCluster) = 317 
 num [1:3] 315 1 1
NULL
R-CCU: After ClusterLabelChange for i = 18 
R-CCU: sum(pointsPerCluster) = 318 
 num [1:3] 316 1 1
NULL
R-CCU: dpObj$numberClusters = 3 
List of 2
 $ : num [1, 1, 1:3] 0.337 0.695 0.698
 $ : num [1, 1, 1:3] 7.48 4.9 2.34
NULL
R priorParameters: 2 8 
R maxT: 1 
R_PriorDraw_first_mu: 0.3511876 
R_PriorDraw_first_nu: 8.778681 
R-CCU: Before ClusterLabelChange for i = 19 newLabel= 1 currentLabel= 1 
R-CCU: sum(pointsPerCluster) = 318 
 num [1:3] 316 1 1
NULL
R-CCU: After ClusterLabelChange for i = 19 
R-CCU: sum(pointsPerCluster) = 319 
 num [1:3] 317 1 1
NULL
R-CCU: dpObj$numberClusters = 3 
List of 2
 $ : num [1, 1, 1:3] 0.337 0.695 0.698
 $ : num [1, 1, 1:3] 7.48 4.9 2.34
NULL
R priorParameters: 2 8 
R maxT: 1 
R_PriorDraw_first_mu: 0.9319351 
R_PriorDraw_first_nu: 7.552793 
R-CCU: Before ClusterLabelChange for i = 20 newLabel= 1 currentLabel= 1 
R-CCU: sum(pointsPerCluster) = 319 
 num [1:3] 317 1 1
NULL
R-CCU: After ClusterLabelChange for i = 20 
R-CCU: sum(pointsPerCluster) = 320 
 num [1:3] 318 1 1
NULL
R-CCU: dpObj$numberClusters = 3 
List of 2
 $ : num [1, 1, 1:3] 0.337 0.695 0.698
 $ : num [1, 1, 1:3] 7.48 4.9 2.34
NULL
R priorParameters: 2 8 
R maxT: 1 
R_PriorDraw_first_mu: 0.2499714 
R_PriorDraw_first_nu: 6.711132 
R-CCU: Before ClusterLabelChange for i = 21 newLabel= 1 currentLabel= 1 
R-CCU: sum(pointsPerCluster) = 320 
 num [1:3] 318 1 1
NULL
R-CCU: After ClusterLabelChange for i = 21 
R-CCU: sum(pointsPerCluster) = 321 
 num [1:3] 319 1 1
NULL
R-CCU: dpObj$numberClusters = 3 
List of 2
 $ : num [1, 1, 1:3] 0.337 0.695 0.698
 $ : num [1, 1, 1:3] 7.48 4.9 2.34
NULL
R priorParameters: 2 8 
R maxT: 1 
R_PriorDraw_first_mu: 0.2448337 
R_PriorDraw_first_nu: 4.98941 
R-CCU: Before ClusterLabelChange for i = 22 newLabel= 1 currentLabel= 1 
R-CCU: sum(pointsPerCluster) = 321 
 num [1:3] 319 1 1
NULL
R-CCU: After ClusterLabelChange for i = 22 
R-CCU: sum(pointsPerCluster) = 322 
 num [1:3] 320 1 1
NULL
R-CCU: dpObj$numberClusters = 3 
List of 2
 $ : num [1, 1, 1:3] 0.337 0.695 0.698
 $ : num [1, 1, 1:3] 7.48 4.9 2.34
NULL
R priorParameters: 2 8 
R maxT: 1 
R_PriorDraw_first_mu: 0.2632455 
R_PriorDraw_first_nu: 2.198647 
R-CCU: Before ClusterLabelChange for i = 23 newLabel= 1 currentLabel= 1 
R-CCU: sum(pointsPerCluster) = 322 
 num [1:3] 320 1 1
NULL
R-CCU: After ClusterLabelChange for i = 23 
R-CCU: sum(pointsPerCluster) = 323 
 num [1:3] 321 1 1
NULL
R-CCU: dpObj$numberClusters = 3 
List of 2
 $ : num [1, 1, 1:3] 0.337 0.695 0.698
 $ : num [1, 1, 1:3] 7.48 4.9 2.34
NULL
R priorParameters: 2 8 
R maxT: 1 
R_PriorDraw_first_mu: 0.1879311 
R_PriorDraw_first_nu: 22.10358 
R-CCU: Before ClusterLabelChange for i = 24 newLabel= 1 currentLabel= 1 
R-CCU: sum(pointsPerCluster) = 323 
 num [1:3] 321 1 1
NULL
R-CCU: After ClusterLabelChange for i = 24 
R-CCU: sum(pointsPerCluster) = 324 
 num [1:3] 322 1 1
NULL
R-CCU: dpObj$numberClusters = 3 
List of 2
 $ : num [1, 1, 1:3] 0.337 0.695 0.698
 $ : num [1, 1, 1:3] 7.48 4.9 2.34
NULL
R priorParameters: 2 8 
R maxT: 1 
R_PriorDraw_first_mu: 0.2220854 
R_PriorDraw_first_nu: 2.307458 
R-CCU: Before ClusterLabelChange for i = 25 newLabel= 1 currentLabel= 1 
R-CCU: sum(pointsPerCluster) = 324 
 num [1:3] 322 1 1
NULL
R-CCU: After ClusterLabelChange for i = 25 
R-CCU: sum(pointsPerCluster) = 325 
 num [1:3] 323 1 1
NULL
R-CCU: dpObj$numberClusters = 3 
List of 2
 $ : num [1, 1, 1:3] 0.337 0.695 0.698
 $ : num [1, 1, 1:3] 7.48 4.9 2.34
NULL
R priorParameters: 2 8 
R maxT: 1 
R_PriorDraw_first_mu: 0.3715346 
R_PriorDraw_first_nu: 6.929252 
R-CCU: Before ClusterLabelChange for i = 26 newLabel= 1 currentLabel= 1 
R-CCU: sum(pointsPerCluster) = 325 
 num [1:3] 323 1 1
NULL
R-CCU: After ClusterLabelChange for i = 26 
R-CCU: sum(pointsPerCluster) = 326 
 num [1:3] 324 1 1
NULL
R-CCU: dpObj$numberClusters = 3 
List of 2
 $ : num [1, 1, 1:3] 0.337 0.695 0.698
 $ : num [1, 1, 1:3] 7.48 4.9 2.34
NULL
R priorParameters: 2 8 
R maxT: 1 
R_PriorDraw_first_mu: 0.2909615 
R_PriorDraw_first_nu: 14.24941 
R-CCU: Before ClusterLabelChange for i = 27 newLabel= 1 currentLabel= 1 
R-CCU: sum(pointsPerCluster) = 326 
 num [1:3] 324 1 1
NULL
R-CCU: After ClusterLabelChange for i = 27 
R-CCU: sum(pointsPerCluster) = 327 
 num [1:3] 325 1 1
NULL
R-CCU: dpObj$numberClusters = 3 
List of 2
 $ : num [1, 1, 1:3] 0.337 0.695 0.698
 $ : num [1, 1, 1:3] 7.48 4.9 2.34
NULL
R priorParameters: 2 8 
R maxT: 1 
R_PriorDraw_first_mu: 0.06823977 
R_PriorDraw_first_nu: 7.037118 
R-CCU: Before ClusterLabelChange for i = 28 newLabel= 1 currentLabel= 1 
R-CCU: sum(pointsPerCluster) = 327 
 num [1:3] 325 1 1
NULL
R-CCU: After ClusterLabelChange for i = 28 
R-CCU: sum(pointsPerCluster) = 328 
 num [1:3] 326 1 1
NULL
R-CCU: dpObj$numberClusters = 3 
List of 2
 $ : num [1, 1, 1:3] 0.337 0.695 0.698
 $ : num [1, 1, 1:3] 7.48 4.9 2.34
NULL
R priorParameters: 2 8 
R maxT: 1 
R_PriorDraw_first_mu: 0.2315901 
R_PriorDraw_first_nu: 2.439284 
R-CCU: Before ClusterLabelChange for i = 29 newLabel= 1 currentLabel= 1 
R-CCU: sum(pointsPerCluster) = 328 
 num [1:3] 326 1 1
NULL
R-CCU: After ClusterLabelChange for i = 29 
R-CCU: sum(pointsPerCluster) = 329 
 num [1:3] 327 1 1
NULL
R-CCU: dpObj$numberClusters = 3 
List of 2
 $ : num [1, 1, 1:3] 0.337 0.695 0.698
 $ : num [1, 1, 1:3] 7.48 4.9 2.34
NULL
R priorParameters: 2 8 
R maxT: 1 
R_PriorDraw_first_mu: 0.2032396 
R_PriorDraw_first_nu: 7.397992 
R-CCU: Before ClusterLabelChange for i = 30 newLabel= 1 currentLabel= 1 
R-CCU: sum(pointsPerCluster) = 329 
 num [1:3] 327 1 1
NULL
R-CCU: After ClusterLabelChange for i = 30 
R-CCU: sum(pointsPerCluster) = 330 
 num [1:3] 328 1 1
NULL
R-CCU: dpObj$numberClusters = 3 
List of 2
 $ : num [1, 1, 1:3] 0.337 0.695 0.698
 $ : num [1, 1, 1:3] 7.48 4.9 2.34
NULL
R priorParameters: 2 8 
R maxT: 1 
R_PriorDraw_first_mu: 0.3674461 
R_PriorDraw_first_nu: 1.939375 
R-CCU: Before ClusterLabelChange for i = 31 newLabel= 1 currentLabel= 1 
R-CCU: sum(pointsPerCluster) = 330 
 num [1:3] 328 1 1
NULL
R-CCU: After ClusterLabelChange for i = 31 
R-CCU: sum(pointsPerCluster) = 331 
 num [1:3] 329 1 1
NULL
R-CCU: dpObj$numberClusters = 3 
List of 2
 $ : num [1, 1, 1:3] 0.337 0.695 0.698
 $ : num [1, 1, 1:3] 7.48 4.9 2.34
NULL
R priorParameters: 2 8 
R maxT: 1 
R_PriorDraw_first_mu: 0.1265752 
R_PriorDraw_first_nu: 5.775096 
R-CCU: Before ClusterLabelChange for i = 32 newLabel= 1 currentLabel= 1 
R-CCU: sum(pointsPerCluster) = 331 
 num [1:3] 329 1 1
NULL
R-CCU: After ClusterLabelChange for i = 32 
R-CCU: sum(pointsPerCluster) = 332 
 num [1:3] 330 1 1
NULL
R-CCU: dpObj$numberClusters = 3 
List of 2
 $ : num [1, 1, 1:3] 0.337 0.695 0.698
 $ : num [1, 1, 1:3] 7.48 4.9 2.34
NULL
R priorParameters: 2 8 
R maxT: 1 
R_PriorDraw_first_mu: 0.807593 
R_PriorDraw_first_nu: 3.484016 
R-CCU: Before ClusterLabelChange for i = 33 newLabel= 1 currentLabel= 1 
R-CCU: sum(pointsPerCluster) = 332 
 num [1:3] 330 1 1
NULL
R-CCU: After ClusterLabelChange for i = 33 
R-CCU: sum(pointsPerCluster) = 333 
 num [1:3] 331 1 1
NULL
R-CCU: dpObj$numberClusters = 3 
List of 2
 $ : num [1, 1, 1:3] 0.337 0.695 0.698
 $ : num [1, 1, 1:3] 7.48 4.9 2.34
NULL
R priorParameters: 2 8 
R maxT: 1 
R_PriorDraw_first_mu: 0.7787146 
R_PriorDraw_first_nu: 3.576835 
R-CCU: Before ClusterLabelChange for i = 34 newLabel= 1 currentLabel= 1 
R-CCU: sum(pointsPerCluster) = 333 
 num [1:3] 331 1 1
NULL
R-CCU: After ClusterLabelChange for i = 34 
R-CCU: sum(pointsPerCluster) = 334 
 num [1:3] 332 1 1
NULL
R-CCU: dpObj$numberClusters = 3 
List of 2
 $ : num [1, 1, 1:3] 0.337 0.695 0.698
 $ : num [1, 1, 1:3] 7.48 4.9 2.34
NULL
R priorParameters: 2 8 
R maxT: 1 
R_PriorDraw_first_mu: 0.2769836 
R_PriorDraw_first_nu: 5.506607 
R-CCU: Before ClusterLabelChange for i = 35 newLabel= 1 currentLabel= 1 
R-CCU: sum(pointsPerCluster) = 334 
 num [1:3] 332 1 1
NULL
R-CCU: After ClusterLabelChange for i = 35 
R-CCU: sum(pointsPerCluster) = 335 
 num [1:3] 333 1 1
NULL
R-CCU: dpObj$numberClusters = 3 
List of 2
 $ : num [1, 1, 1:3] 0.337 0.695 0.698
 $ : num [1, 1, 1:3] 7.48 4.9 2.34
NULL
R priorParameters: 2 8 
R maxT: 1 
R_PriorDraw_first_mu: 0.008555753 
R_PriorDraw_first_nu: 3.266671 
R-CCU: Before ClusterLabelChange for i = 36 newLabel= 1 currentLabel= 1 
R-CCU: sum(pointsPerCluster) = 335 
 num [1:3] 333 1 1
NULL
R-CCU: After ClusterLabelChange for i = 36 
R-CCU: sum(pointsPerCluster) = 336 
 num [1:3] 334 1 1
NULL
R-CCU: dpObj$numberClusters = 3 
List of 2
 $ : num [1, 1, 1:3] 0.337 0.695 0.698
 $ : num [1, 1, 1:3] 7.48 4.9 2.34
NULL
R priorParameters: 2 8 
R maxT: 1 
R_PriorDraw_first_mu: 0.3831827 
R_PriorDraw_first_nu: 2.642702 
R-CCU: Before ClusterLabelChange for i = 37 newLabel= 1 currentLabel= 1 
R-CCU: sum(pointsPerCluster) = 336 
 num [1:3] 334 1 1
NULL
R-CCU: After ClusterLabelChange for i = 37 
R-CCU: sum(pointsPerCluster) = 337 
 num [1:3] 335 1 1
NULL
R-CCU: dpObj$numberClusters = 3 
List of 2
 $ : num [1, 1, 1:3] 0.337 0.695 0.698
 $ : num [1, 1, 1:3] 7.48 4.9 2.34
NULL
R priorParameters: 2 8 
R maxT: 1 
R_PriorDraw_first_mu: 0.6514633 
R_PriorDraw_first_nu: 4.5478 
R-CCU: Before ClusterLabelChange for i = 38 newLabel= 1 currentLabel= 1 
R-CCU: sum(pointsPerCluster) = 337 
 num [1:3] 335 1 1
NULL
R-CCU: After ClusterLabelChange for i = 38 
R-CCU: sum(pointsPerCluster) = 338 
 num [1:3] 336 1 1
NULL
R-CCU: dpObj$numberClusters = 3 
List of 2
 $ : num [1, 1, 1:3] 0.337 0.695 0.698
 $ : num [1, 1, 1:3] 7.48 4.9 2.34
NULL
R priorParameters: 2 8 
R maxT: 1 
R_PriorDraw_first_mu: 0.2571767 
R_PriorDraw_first_nu: 4.06652 
R-CCU: Before ClusterLabelChange for i = 39 newLabel= 1 currentLabel= 1 
R-CCU: sum(pointsPerCluster) = 338 
 num [1:3] 336 1 1
NULL
R-CCU: After ClusterLabelChange for i = 39 
R-CCU: sum(pointsPerCluster) = 339 
 num [1:3] 337 1 1
NULL
R-CCU: dpObj$numberClusters = 3 
List of 2
 $ : num [1, 1, 1:3] 0.337 0.695 0.698
 $ : num [1, 1, 1:3] 7.48 4.9 2.34
NULL
R priorParameters: 2 8 
R maxT: 1 
R_PriorDraw_first_mu: 0.1832784 
R_PriorDraw_first_nu: 7.336897 
R-CCU: Before ClusterLabelChange for i = 40 newLabel= 1 currentLabel= 1 
R-CCU: sum(pointsPerCluster) = 339 
 num [1:3] 337 1 1
NULL
R-CCU: After ClusterLabelChange for i = 40 
R-CCU: sum(pointsPerCluster) = 340 
 num [1:3] 338 1 1
NULL
R-CCU: dpObj$numberClusters = 3 
List of 2
 $ : num [1, 1, 1:3] 0.337 0.695 0.698
 $ : num [1, 1, 1:3] 7.48 4.9 2.34
NULL
R priorParameters: 2 8 
R maxT: 1 
R_PriorDraw_first_mu: 0.9998178 
R_PriorDraw_first_nu: 5.122671 
R-CCU: Before ClusterLabelChange for i = 41 newLabel= 1 currentLabel= 1 
R-CCU: sum(pointsPerCluster) = 340 
 num [1:3] 338 1 1
NULL
R-CCU: After ClusterLabelChange for i = 41 
R-CCU: sum(pointsPerCluster) = 341 
 num [1:3] 339 1 1
NULL
R-CCU: dpObj$numberClusters = 3 
List of 2
 $ : num [1, 1, 1:3] 0.337 0.695 0.698
 $ : num [1, 1, 1:3] 7.48 4.9 2.34
NULL
R priorParameters: 2 8 
R maxT: 1 
R_PriorDraw_first_mu: 0.03122756 
R_PriorDraw_first_nu: 5.937041 
R-CCU: Before ClusterLabelChange for i = 42 newLabel= 1 currentLabel= 1 
R-CCU: sum(pointsPerCluster) = 341 
 num [1:3] 339 1 1
NULL
R-CCU: After ClusterLabelChange for i = 42 
R-CCU: sum(pointsPerCluster) = 342 
 num [1:3] 340 1 1
NULL
R-CCU: dpObj$numberClusters = 3 
List of 2
 $ : num [1, 1, 1:3] 0.337 0.695 0.698
 $ : num [1, 1, 1:3] 7.48 4.9 2.34
NULL
R priorParameters: 2 8 
R maxT: 1 
R_PriorDraw_first_mu: 0.07501871 
R_PriorDraw_first_nu: 21.55689 
R-CCU: Before ClusterLabelChange for i = 43 newLabel= 1 currentLabel= 1 
R-CCU: sum(pointsPerCluster) = 342 
 num [1:3] 340 1 1
NULL
R-CCU: After ClusterLabelChange for i = 43 
R-CCU: sum(pointsPerCluster) = 343 
 num [1:3] 341 1 1
NULL
R-CCU: dpObj$numberClusters = 3 
List of 2
 $ : num [1, 1, 1:3] 0.337 0.695 0.698
 $ : num [1, 1, 1:3] 7.48 4.9 2.34
NULL
R priorParameters: 2 8 
R maxT: 1 
R_PriorDraw_first_mu: 0.9823018 
R_PriorDraw_first_nu: 1.908699 
R-CCU: Before ClusterLabelChange for i = 44 newLabel= 1 currentLabel= 1 
R-CCU: sum(pointsPerCluster) = 343 
 num [1:3] 341 1 1
NULL
R-CCU: After ClusterLabelChange for i = 44 
R-CCU: sum(pointsPerCluster) = 344 
 num [1:3] 342 1 1
NULL
R-CCU: dpObj$numberClusters = 3 
List of 2
 $ : num [1, 1, 1:3] 0.337 0.695 0.698
 $ : num [1, 1, 1:3] 7.48 4.9 2.34
NULL
R priorParameters: 2 8 
R maxT: 1 
R_PriorDraw_first_mu: 0.5873843 
R_PriorDraw_first_nu: 5.231228 
R-CCU: Before ClusterLabelChange for i = 45 newLabel= 1 currentLabel= 1 
R-CCU: sum(pointsPerCluster) = 344 
 num [1:3] 342 1 1
NULL
R-CCU: After ClusterLabelChange for i = 45 
R-CCU: sum(pointsPerCluster) = 345 
 num [1:3] 343 1 1
NULL
R-CCU: dpObj$numberClusters = 3 
List of 2
 $ : num [1, 1, 1:3] 0.337 0.695 0.698
 $ : num [1, 1, 1:3] 7.48 4.9 2.34
NULL
R priorParameters: 2 8 
R maxT: 1 
R_PriorDraw_first_mu: 0.0622623 
R_PriorDraw_first_nu: 8.886059 
R-CCU: Before ClusterLabelChange for i = 46 newLabel= 1 currentLabel= 3 
R-CCU: sum(pointsPerCluster) = 345 
 num [1:3] 343 1 1
NULL
R-CCU: After ClusterLabelChange for i = 46 
R-CCU: sum(pointsPerCluster) = 346 
 num [1:3] 344 1 1
NULL
R-CCU: dpObj$numberClusters = 3 
List of 2
 $ : num [1, 1, 1:3] 0.337 0.695 0.698
 $ : num [1, 1, 1:3] 7.48 4.9 2.34
NULL
R priorParameters: 2 8 
R maxT: 1 
R_PriorDraw_first_mu: 0.59126 
R_PriorDraw_first_nu: 2.481017 
R-CCU: Before ClusterLabelChange for i = 47 newLabel= 1 currentLabel= 1 
R-CCU: sum(pointsPerCluster) = 346 
 num [1:3] 344 1 1
NULL
R-CCU: After ClusterLabelChange for i = 47 
R-CCU: sum(pointsPerCluster) = 347 
 num [1:3] 345 1 1
NULL
R-CCU: dpObj$numberClusters = 3 
List of 2
 $ : num [1, 1, 1:3] 0.337 0.695 0.698
 $ : num [1, 1, 1:3] 7.48 4.9 2.34
NULL
R priorParameters: 2 8 
R maxT: 1 
R_PriorDraw_first_mu: 0.9571809 
R_PriorDraw_first_nu: 4.702412 
R-CCU: Before ClusterLabelChange for i = 48 newLabel= 1 currentLabel= 1 
R-CCU: sum(pointsPerCluster) = 347 
 num [1:3] 345 1 1
NULL
R-CCU: After ClusterLabelChange for i = 48 
R-CCU: sum(pointsPerCluster) = 348 
 num [1:3] 346 1 1
NULL
R-CCU: dpObj$numberClusters = 3 
List of 2
 $ : num [1, 1, 1:3] 0.337 0.695 0.698
 $ : num [1, 1, 1:3] 7.48 4.9 2.34
NULL
R priorParameters: 2 8 
R maxT: 1 
R_PriorDraw_first_mu: 0.03506711 
R_PriorDraw_first_nu: 6.016091 
R-CCU: Before ClusterLabelChange for i = 49 newLabel= 1 currentLabel= 1 
R-CCU: sum(pointsPerCluster) = 348 
 num [1:3] 346 1 1
NULL
R-CCU: After ClusterLabelChange for i = 49 
R-CCU: sum(pointsPerCluster) = 349 
 num [1:3] 347 1 1
NULL
R-CCU: dpObj$numberClusters = 3 
List of 2
 $ : num [1, 1, 1:3] 0.337 0.695 0.698
 $ : num [1, 1, 1:3] 7.48 4.9 2.34
NULL
R priorParameters: 2 8 
R maxT: 1 
R_PriorDraw_first_mu: 0.0735202 
R_PriorDraw_first_nu: 2.592912 
R-CCU: Before ClusterLabelChange for i = 50 newLabel= 1 currentLabel= 1 
R-CCU: sum(pointsPerCluster) = 349 
 num [1:3] 347 1 1
NULL
R-CCU: After ClusterLabelChange for i = 50 
R-CCU: sum(pointsPerCluster) = 350 
 num [1:3] 348 1 1
NULL
R-CCU: dpObj$numberClusters = 3 
List of 2
 $ : num [1, 1, 1:3] 0.337 0.695 0.698
 $ : num [1, 1, 1:3] 7.48 4.9 2.34
NULL
R priorParameters: 2 8 
R maxT: 1 
R_PriorDraw_first_mu: 0.7373934 
R_PriorDraw_first_nu: 1.458846 
R-CCU: Before ClusterLabelChange for i = 51 newLabel= 1 currentLabel= 1 
R-CCU: sum(pointsPerCluster) = 350 
 num [1:3] 348 1 1
NULL
R-CCU: After ClusterLabelChange for i = 51 
R-CCU: sum(pointsPerCluster) = 351 
 num [1:3] 349 1 1
NULL
R-CCU: dpObj$numberClusters = 3 
List of 2
 $ : num [1, 1, 1:3] 0.337 0.695 0.698
 $ : num [1, 1, 1:3] 7.48 4.9 2.34
NULL
R priorParameters: 2 8 
R maxT: 1 
R_PriorDraw_first_mu: 0.6912085 
R_PriorDraw_first_nu: 3.908225 
R-CCU: Before ClusterLabelChange for i = 52 newLabel= 1 currentLabel= 1 
R-CCU: sum(pointsPerCluster) = 351 
 num [1:3] 349 1 1
NULL
R-CCU: After ClusterLabelChange for i = 52 
R-CCU: sum(pointsPerCluster) = 352 
 num [1:3] 350 1 1
NULL
R-CCU: dpObj$numberClusters = 3 
List of 2
 $ : num [1, 1, 1:3] 0.337 0.695 0.698
 $ : num [1, 1, 1:3] 7.48 4.9 2.34
NULL
R priorParameters: 2 8 
R maxT: 1 
R_PriorDraw_first_mu: 0.8411945 
R_PriorDraw_first_nu: 5.051728 
R-CCU: Before ClusterLabelChange for i = 53 newLabel= 1 currentLabel= 1 
R-CCU: sum(pointsPerCluster) = 352 
 num [1:3] 350 1 1
NULL
R-CCU: After ClusterLabelChange for i = 53 
R-CCU: sum(pointsPerCluster) = 353 
 num [1:3] 351 1 1
NULL
R-CCU: dpObj$numberClusters = 3 
List of 2
 $ : num [1, 1, 1:3] 0.337 0.695 0.698
 $ : num [1, 1, 1:3] 7.48 4.9 2.34
NULL
R priorParameters: 2 8 
R maxT: 1 
R_PriorDraw_first_mu: 0.6571437 
R_PriorDraw_first_nu: 3.897412 
R-CCU: Before ClusterLabelChange for i = 54 newLabel= 1 currentLabel= 1 
R-CCU: sum(pointsPerCluster) = 353 
 num [1:3] 351 1 1
NULL
R-CCU: After ClusterLabelChange for i = 54 
R-CCU: sum(pointsPerCluster) = 354 
 num [1:3] 352 1 1
NULL
R-CCU: dpObj$numberClusters = 3 
List of 2
 $ : num [1, 1, 1:3] 0.337 0.695 0.698
 $ : num [1, 1, 1:3] 7.48 4.9 2.34
NULL
R priorParameters: 2 8 
R maxT: 1 
R_PriorDraw_first_mu: 0.118888 
R_PriorDraw_first_nu: 15.90366 
R-CCU: Before ClusterLabelChange for i = 55 newLabel= 1 currentLabel= 1 
R-CCU: sum(pointsPerCluster) = 354 
 num [1:3] 352 1 1
NULL
R-CCU: After ClusterLabelChange for i = 55 
R-CCU: sum(pointsPerCluster) = 355 
 num [1:3] 353 1 1
NULL
R-CCU: dpObj$numberClusters = 3 
List of 2
 $ : num [1, 1, 1:3] 0.337 0.695 0.698
 $ : num [1, 1, 1:3] 7.48 4.9 2.34
NULL
R priorParameters: 2 8 
R maxT: 1 
R_PriorDraw_first_mu: 0.8573483 
R_PriorDraw_first_nu: 16.48832 
R-CCU: Before ClusterLabelChange for i = 56 newLabel= 1 currentLabel= 1 
R-CCU: sum(pointsPerCluster) = 355 
 num [1:3] 353 1 1
NULL
R-CCU: After ClusterLabelChange for i = 56 
R-CCU: sum(pointsPerCluster) = 356 
 num [1:3] 354 1 1
NULL
R-CCU: dpObj$numberClusters = 3 
List of 2
 $ : num [1, 1, 1:3] 0.337 0.695 0.698
 $ : num [1, 1, 1:3] 7.48 4.9 2.34
NULL
R priorParameters: 2 8 
R maxT: 1 
R_PriorDraw_first_mu: 0.1334683 
R_PriorDraw_first_nu: 26.61556 
R-CCU: Before ClusterLabelChange for i = 57 newLabel= 1 currentLabel= 1 
R-CCU: sum(pointsPerCluster) = 356 
 num [1:3] 354 1 1
NULL
R-CCU: After ClusterLabelChange for i = 57 
R-CCU: sum(pointsPerCluster) = 357 
 num [1:3] 355 1 1
NULL
R-CCU: dpObj$numberClusters = 3 
List of 2
 $ : num [1, 1, 1:3] 0.337 0.695 0.698
 $ : num [1, 1, 1:3] 7.48 4.9 2.34
NULL
R priorParameters: 2 8 
R maxT: 1 
R_PriorDraw_first_mu: 0.934857 
R_PriorDraw_first_nu: 17.27315 
R-CCU: Before ClusterLabelChange for i = 58 newLabel= 1 currentLabel= 1 
R-CCU: sum(pointsPerCluster) = 357 
 num [1:3] 355 1 1
NULL
R-CCU: After ClusterLabelChange for i = 58 
R-CCU: sum(pointsPerCluster) = 358 
 num [1:3] 356 1 1
NULL
R-CCU: dpObj$numberClusters = 3 
List of 2
 $ : num [1, 1, 1:3] 0.337 0.695 0.698
 $ : num [1, 1, 1:3] 7.48 4.9 2.34
NULL
R priorParameters: 2 8 
R maxT: 1 
R_PriorDraw_first_mu: 0.4725187 
R_PriorDraw_first_nu: 2.509373 
R-CCU: Before ClusterLabelChange for i = 59 newLabel= 1 currentLabel= 1 
R-CCU: sum(pointsPerCluster) = 358 
 num [1:3] 356 1 1
NULL
R-CCU: After ClusterLabelChange for i = 59 
R-CCU: sum(pointsPerCluster) = 359 
 num [1:3] 357 1 1
NULL
R-CCU: dpObj$numberClusters = 3 
List of 2
 $ : num [1, 1, 1:3] 0.337 0.695 0.698
 $ : num [1, 1, 1:3] 7.48 4.9 2.34
NULL
R priorParameters: 2 8 
R maxT: 1 
R_PriorDraw_first_mu: 0.9826178 
R_PriorDraw_first_nu: 1.489863 
R-CCU: Before ClusterLabelChange for i = 60 newLabel= 1 currentLabel= 1 
R-CCU: sum(pointsPerCluster) = 359 
 num [1:3] 357 1 1
NULL
R-CCU: After ClusterLabelChange for i = 60 
R-CCU: sum(pointsPerCluster) = 360 
 num [1:3] 358 1 1
NULL
R-CCU: dpObj$numberClusters = 3 
List of 2
 $ : num [1, 1, 1:3] 0.337 0.695 0.698
 $ : num [1, 1, 1:3] 7.48 4.9 2.34
NULL
R priorParameters: 2 8 
R maxT: 1 
R_PriorDraw_first_mu: 0.7831459 
R_PriorDraw_first_nu: 1.708599 
R-CCU: Before ClusterLabelChange for i = 61 newLabel= 1 currentLabel= 1 
R-CCU: sum(pointsPerCluster) = 360 
 num [1:3] 358 1 1
NULL
R-CCU: After ClusterLabelChange for i = 61 
R-CCU: sum(pointsPerCluster) = 361 
 num [1:3] 359 1 1
NULL
R-CCU: dpObj$numberClusters = 3 
List of 2
 $ : num [1, 1, 1:3] 0.337 0.695 0.698
 $ : num [1, 1, 1:3] 7.48 4.9 2.34
NULL
R priorParameters: 2 8 
R maxT: 1 
R_PriorDraw_first_mu: 0.2410624 
R_PriorDraw_first_nu: 1.850162 
R-CCU: Before ClusterLabelChange for i = 62 newLabel= 1 currentLabel= 1 
R-CCU: sum(pointsPerCluster) = 361 
 num [1:3] 359 1 1
NULL
R-CCU: After ClusterLabelChange for i = 62 
R-CCU: sum(pointsPerCluster) = 362 
 num [1:3] 360 1 1
NULL
R-CCU: dpObj$numberClusters = 3 
List of 2
 $ : num [1, 1, 1:3] 0.337 0.695 0.698
 $ : num [1, 1, 1:3] 7.48 4.9 2.34
NULL
R priorParameters: 2 8 
R maxT: 1 
R_PriorDraw_first_mu: 0.6026865 
R_PriorDraw_first_nu: 10.44122 
R-CCU: Before ClusterLabelChange for i = 63 newLabel= 1 currentLabel= 1 
R-CCU: sum(pointsPerCluster) = 362 
 num [1:3] 360 1 1
NULL
R-CCU: After ClusterLabelChange for i = 63 
R-CCU: sum(pointsPerCluster) = 363 
 num [1:3] 361 1 1
NULL
R-CCU: dpObj$numberClusters = 3 
List of 2
 $ : num [1, 1, 1:3] 0.337 0.695 0.698
 $ : num [1, 1, 1:3] 7.48 4.9 2.34
NULL
R priorParameters: 2 8 
R maxT: 1 
R_PriorDraw_first_mu: 0.6840424 
R_PriorDraw_first_nu: 5.598923 
R-CCU: Before ClusterLabelChange for i = 64 newLabel= 1 currentLabel= 1 
R-CCU: sum(pointsPerCluster) = 363 
 num [1:3] 361 1 1
NULL
R-CCU: After ClusterLabelChange for i = 64 
R-CCU: sum(pointsPerCluster) = 364 
 num [1:3] 362 1 1
NULL
R-CCU: dpObj$numberClusters = 3 
List of 2
 $ : num [1, 1, 1:3] 0.337 0.695 0.698
 $ : num [1, 1, 1:3] 7.48 4.9 2.34
NULL
R priorParameters: 2 8 
R maxT: 1 
R_PriorDraw_first_mu: 0.1217449 
R_PriorDraw_first_nu: 2.105962 
R-CCU: Before ClusterLabelChange for i = 65 newLabel= 1 currentLabel= 1 
R-CCU: sum(pointsPerCluster) = 364 
 num [1:3] 362 1 1
NULL
R-CCU: After ClusterLabelChange for i = 65 
R-CCU: sum(pointsPerCluster) = 365 
 num [1:3] 363 1 1
NULL
R-CCU: dpObj$numberClusters = 3 
List of 2
 $ : num [1, 1, 1:3] 0.337 0.695 0.698
 $ : num [1, 1, 1:3] 7.48 4.9 2.34
NULL
R priorParameters: 2 8 
R maxT: 1 
R_PriorDraw_first_mu: 0.9074208 
R_PriorDraw_first_nu: 5.733977 
R-CCU: Before ClusterLabelChange for i = 66 newLabel= 1 currentLabel= 1 
R-CCU: sum(pointsPerCluster) = 365 
 num [1:3] 363 1 1
NULL
R-CCU: After ClusterLabelChange for i = 66 
R-CCU: sum(pointsPerCluster) = 366 
 num [1:3] 364 1 1
NULL
R-CCU: dpObj$numberClusters = 3 
List of 2
 $ : num [1, 1, 1:3] 0.337 0.695 0.698
 $ : num [1, 1, 1:3] 7.48 4.9 2.34
NULL
R priorParameters: 2 8 
R maxT: 1 
R_PriorDraw_first_mu: 0.9386652 
R_PriorDraw_first_nu: 2.910972 
R-CCU: Before ClusterLabelChange for i = 67 newLabel= 1 currentLabel= 1 
R-CCU: sum(pointsPerCluster) = 366 
 num [1:3] 364 1 1
NULL
R-CCU: After ClusterLabelChange for i = 67 
R-CCU: sum(pointsPerCluster) = 367 
 num [1:3] 365 1 1
NULL
R-CCU: dpObj$numberClusters = 3 
List of 2
 $ : num [1, 1, 1:3] 0.337 0.695 0.698
 $ : num [1, 1, 1:3] 7.48 4.9 2.34
NULL
R priorParameters: 2 8 
R maxT: 1 
R_PriorDraw_first_mu: 0.2835958 
R_PriorDraw_first_nu: 15.65033 
R-CCU: Before ClusterLabelChange for i = 68 newLabel= 1 currentLabel= 1 
R-CCU: sum(pointsPerCluster) = 367 
 num [1:3] 365 1 1
NULL
R-CCU: After ClusterLabelChange for i = 68 
R-CCU: sum(pointsPerCluster) = 368 
 num [1:3] 366 1 1
NULL
R-CCU: dpObj$numberClusters = 3 
List of 2
 $ : num [1, 1, 1:3] 0.337 0.695 0.698
 $ : num [1, 1, 1:3] 7.48 4.9 2.34
NULL
R priorParameters: 2 8 
R maxT: 1 
R_PriorDraw_first_mu: 0.424359 
R_PriorDraw_first_nu: 4.255435 
R-CCU: Before ClusterLabelChange for i = 69 newLabel= 1 currentLabel= 1 
R-CCU: sum(pointsPerCluster) = 368 
 num [1:3] 366 1 1
NULL
R-CCU: After ClusterLabelChange for i = 69 
R-CCU: sum(pointsPerCluster) = 369 
 num [1:3] 367 1 1
NULL
R-CCU: dpObj$numberClusters = 3 
List of 2
 $ : num [1, 1, 1:3] 0.337 0.695 0.698
 $ : num [1, 1, 1:3] 7.48 4.9 2.34
NULL
R priorParameters: 2 8 
R maxT: 1 
R_PriorDraw_first_mu: 0.4023587 
R_PriorDraw_first_nu: 4.25284 
R-CCU: Before ClusterLabelChange for i = 70 newLabel= 1 currentLabel= 1 
R-CCU: sum(pointsPerCluster) = 369 
 num [1:3] 367 1 1
NULL
R-CCU: After ClusterLabelChange for i = 70 
R-CCU: sum(pointsPerCluster) = 370 
 num [1:3] 368 1 1
NULL
R-CCU: dpObj$numberClusters = 3 
List of 2
 $ : num [1, 1, 1:3] 0.337 0.695 0.698
 $ : num [1, 1, 1:3] 7.48 4.9 2.34
NULL
R priorParameters: 2 8 
R maxT: 1 
R_PriorDraw_first_mu: 0.02331802 
R_PriorDraw_first_nu: 3.836747 
R-CCU: Before ClusterLabelChange for i = 71 newLabel= 1 currentLabel= 1 
R-CCU: sum(pointsPerCluster) = 370 
 num [1:3] 368 1 1
NULL
R-CCU: After ClusterLabelChange for i = 71 
R-CCU: sum(pointsPerCluster) = 371 
 num [1:3] 369 1 1
NULL
R-CCU: dpObj$numberClusters = 3 
List of 2
 $ : num [1, 1, 1:3] 0.337 0.695 0.698
 $ : num [1, 1, 1:3] 7.48 4.9 2.34
NULL
R priorParameters: 2 8 
R maxT: 1 
R_PriorDraw_first_mu: 0.513209 
R_PriorDraw_first_nu: 3.357907 
R-CCU: Before ClusterLabelChange for i = 72 newLabel= 1 currentLabel= 1 
R-CCU: sum(pointsPerCluster) = 371 
 num [1:3] 369 1 1
NULL
R-CCU: After ClusterLabelChange for i = 72 
R-CCU: sum(pointsPerCluster) = 372 
 num [1:3] 370 1 1
NULL
R-CCU: dpObj$numberClusters = 3 
List of 2
 $ : num [1, 1, 1:3] 0.337 0.695 0.698
 $ : num [1, 1, 1:3] 7.48 4.9 2.34
NULL
R priorParameters: 2 8 
R maxT: 1 
R_PriorDraw_first_mu: 0.8606465 
R_PriorDraw_first_nu: 7.057661 
R-CCU: Before ClusterLabelChange for i = 73 newLabel= 1 currentLabel= 1 
R-CCU: sum(pointsPerCluster) = 372 
 num [1:3] 370 1 1
NULL
R-CCU: After ClusterLabelChange for i = 73 
R-CCU: sum(pointsPerCluster) = 373 
 num [1:3] 371 1 1
NULL
R-CCU: dpObj$numberClusters = 3 
List of 2
 $ : num [1, 1, 1:3] 0.337 0.695 0.698
 $ : num [1, 1, 1:3] 7.48 4.9 2.34
NULL
R priorParameters: 2 8 
R maxT: 1 
R_PriorDraw_first_mu: 0.8923043 
R_PriorDraw_first_nu: 6.963963 
R-CCU: Before ClusterLabelChange for i = 74 newLabel= 1 currentLabel= 1 
R-CCU: sum(pointsPerCluster) = 373 
 num [1:3] 371 1 1
NULL
R-CCU: After ClusterLabelChange for i = 74 
R-CCU: sum(pointsPerCluster) = 374 
 num [1:3] 372 1 1
NULL
R-CCU: dpObj$numberClusters = 3 
List of 2
 $ : num [1, 1, 1:3] 0.337 0.695 0.698
 $ : num [1, 1, 1:3] 7.48 4.9 2.34
NULL
R priorParameters: 2 8 
R maxT: 1 
R_PriorDraw_first_mu: 0.8440304 
R_PriorDraw_first_nu: 2.71875 
R-CCU: Before ClusterLabelChange for i = 75 newLabel= 1 currentLabel= 1 
R-CCU: sum(pointsPerCluster) = 374 
 num [1:3] 372 1 1
NULL
R-CCU: After ClusterLabelChange for i = 75 
R-CCU: sum(pointsPerCluster) = 375 
 num [1:3] 373 1 1
NULL
R-CCU: dpObj$numberClusters = 3 
List of 2
 $ : num [1, 1, 1:3] 0.337 0.695 0.698
 $ : num [1, 1, 1:3] 7.48 4.9 2.34
NULL
R priorParameters: 2 8 
R maxT: 1 
R_PriorDraw_first_mu: 0.2200971 
R_PriorDraw_first_nu: 2.573427 
R-CCU: Before ClusterLabelChange for i = 76 newLabel= 1 currentLabel= 1 
R-CCU: sum(pointsPerCluster) = 375 
 num [1:3] 373 1 1
NULL
R-CCU: After ClusterLabelChange for i = 76 
R-CCU: sum(pointsPerCluster) = 376 
 num [1:3] 374 1 1
NULL
R-CCU: dpObj$numberClusters = 3 
List of 2
 $ : num [1, 1, 1:3] 0.337 0.695 0.698
 $ : num [1, 1, 1:3] 7.48 4.9 2.34
NULL
R priorParameters: 2 8 
R maxT: 1 
R_PriorDraw_first_mu: 0.6898135 
R_PriorDraw_first_nu: 9.763478 
R-CCU: Before ClusterLabelChange for i = 77 newLabel= 1 currentLabel= 1 
R-CCU: sum(pointsPerCluster) = 376 
 num [1:3] 374 1 1
NULL
R-CCU: After ClusterLabelChange for i = 77 
R-CCU: sum(pointsPerCluster) = 377 
 num [1:3] 375 1 1
NULL
R-CCU: dpObj$numberClusters = 3 
List of 2
 $ : num [1, 1, 1:3] 0.337 0.695 0.698
 $ : num [1, 1, 1:3] 7.48 4.9 2.34
NULL
R priorParameters: 2 8 
R maxT: 1 
R_PriorDraw_first_mu: 0.888791 
R_PriorDraw_first_nu: 4.924941 
R-CCU: Before ClusterLabelChange for i = 78 newLabel= 1 currentLabel= 1 
R-CCU: sum(pointsPerCluster) = 377 
 num [1:3] 375 1 1
NULL
R-CCU: After ClusterLabelChange for i = 78 
R-CCU: sum(pointsPerCluster) = 378 
 num [1:3] 376 1 1
NULL
R-CCU: dpObj$numberClusters = 3 
List of 2
 $ : num [1, 1, 1:3] 0.337 0.695 0.698
 $ : num [1, 1, 1:3] 7.48 4.9 2.34
NULL
R priorParameters: 2 8 
R maxT: 1 
R_PriorDraw_first_mu: 0.6554969 
R_PriorDraw_first_nu: 11.681 
R-CCU: Before ClusterLabelChange for i = 79 newLabel= 1 currentLabel= 1 
R-CCU: sum(pointsPerCluster) = 378 
 num [1:3] 376 1 1
NULL
R-CCU: After ClusterLabelChange for i = 79 
R-CCU: sum(pointsPerCluster) = 379 
 num [1:3] 377 1 1
NULL
R-CCU: dpObj$numberClusters = 3 
List of 2
 $ : num [1, 1, 1:3] 0.337 0.695 0.698
 $ : num [1, 1, 1:3] 7.48 4.9 2.34
NULL
R priorParameters: 2 8 
R maxT: 1 
R_PriorDraw_first_mu: 0.7446477 
R_PriorDraw_first_nu: 4.981542 
R-CCU: Before ClusterLabelChange for i = 80 newLabel= 1 currentLabel= 1 
R-CCU: sum(pointsPerCluster) = 379 
 num [1:3] 377 1 1
NULL
R-CCU: After ClusterLabelChange for i = 80 
R-CCU: sum(pointsPerCluster) = 380 
 num [1:3] 378 1 1
NULL
R-CCU: dpObj$numberClusters = 3 
List of 2
 $ : num [1, 1, 1:3] 0.337 0.695 0.698
 $ : num [1, 1, 1:3] 7.48 4.9 2.34
NULL
R priorParameters: 2 8 
R maxT: 1 
R_PriorDraw_first_mu: 0.989483 
R_PriorDraw_first_nu: 1.667715 
R-CCU: Before ClusterLabelChange for i = 81 newLabel= 1 currentLabel= 1 
R-CCU: sum(pointsPerCluster) = 380 
 num [1:3] 378 1 1
NULL
R-CCU: After ClusterLabelChange for i = 81 
R-CCU: sum(pointsPerCluster) = 381 
 num [1:3] 379 1 1
NULL
R-CCU: dpObj$numberClusters = 3 
List of 2
 $ : num [1, 1, 1:3] 0.337 0.695 0.698
 $ : num [1, 1, 1:3] 7.48 4.9 2.34
NULL
R priorParameters: 2 8 
R maxT: 1 
R_PriorDraw_first_mu: 0.2756746 
R_PriorDraw_first_nu: 3.019252 
R-CCU: Before ClusterLabelChange for i = 82 newLabel= 1 currentLabel= 1 
R-CCU: sum(pointsPerCluster) = 381 
 num [1:3] 379 1 1
NULL
R-CCU: After ClusterLabelChange for i = 82 
R-CCU: sum(pointsPerCluster) = 382 
 num [1:3] 380 1 1
NULL
R-CCU: dpObj$numberClusters = 3 
List of 2
 $ : num [1, 1, 1:3] 0.337 0.695 0.698
 $ : num [1, 1, 1:3] 7.48 4.9 2.34
NULL
R priorParameters: 2 8 
R maxT: 1 
R_PriorDraw_first_mu: 0.3057785 
R_PriorDraw_first_nu: 5.282703 
R-CCU: Before ClusterLabelChange for i = 83 newLabel= 1 currentLabel= 1 
R-CCU: sum(pointsPerCluster) = 382 
 num [1:3] 380 1 1
NULL
R-CCU: After ClusterLabelChange for i = 83 
R-CCU: sum(pointsPerCluster) = 383 
 num [1:3] 381 1 1
NULL
R-CCU: dpObj$numberClusters = 3 
List of 2
 $ : num [1, 1, 1:3] 0.337 0.695 0.698
 $ : num [1, 1, 1:3] 7.48 4.9 2.34
NULL
R priorParameters: 2 8 
R maxT: 1 
R_PriorDraw_first_mu: 0.4737249 
R_PriorDraw_first_nu: 5.679281 
R-CCU: Before ClusterLabelChange for i = 84 newLabel= 1 currentLabel= 1 
R-CCU: sum(pointsPerCluster) = 383 
 num [1:3] 381 1 1
NULL
R-CCU: After ClusterLabelChange for i = 84 
R-CCU: sum(pointsPerCluster) = 384 
 num [1:3] 382 1 1
NULL
R-CCU: dpObj$numberClusters = 3 
List of 2
 $ : num [1, 1, 1:3] 0.337 0.695 0.698
 $ : num [1, 1, 1:3] 7.48 4.9 2.34
NULL
R priorParameters: 2 8 
R maxT: 1 
R_PriorDraw_first_mu: 0.8066485 
R_PriorDraw_first_nu: 7.275133 
R-CCU: Before ClusterLabelChange for i = 85 newLabel= 1 currentLabel= 1 
R-CCU: sum(pointsPerCluster) = 384 
 num [1:3] 382 1 1
NULL
R-CCU: After ClusterLabelChange for i = 85 
R-CCU: sum(pointsPerCluster) = 385 
 num [1:3] 383 1 1
NULL
R-CCU: dpObj$numberClusters = 3 
List of 2
 $ : num [1, 1, 1:3] 0.337 0.695 0.698
 $ : num [1, 1, 1:3] 7.48 4.9 2.34
NULL
R priorParameters: 2 8 
R maxT: 1 
R_PriorDraw_first_mu: 0.1581001 
R_PriorDraw_first_nu: 23.27175 
R-CCU: Before ClusterLabelChange for i = 86 newLabel= 1 currentLabel= 1 
R-CCU: sum(pointsPerCluster) = 385 
 num [1:3] 383 1 1
NULL
R-CCU: After ClusterLabelChange for i = 86 
R-CCU: sum(pointsPerCluster) = 386 
 num [1:3] 384 1 1
NULL
R-CCU: dpObj$numberClusters = 3 
List of 2
 $ : num [1, 1, 1:3] 0.337 0.695 0.698
 $ : num [1, 1, 1:3] 7.48 4.9 2.34
NULL
R priorParameters: 2 8 
R maxT: 1 
R_PriorDraw_first_mu: 0.7319299 
R_PriorDraw_first_nu: 1.487786 
R-CCU: Before ClusterLabelChange for i = 87 newLabel= 1 currentLabel= 1 
R-CCU: sum(pointsPerCluster) = 386 
 num [1:3] 384 1 1
NULL
R-CCU: After ClusterLabelChange for i = 87 
R-CCU: sum(pointsPerCluster) = 387 
 num [1:3] 385 1 1
NULL
R-CCU: dpObj$numberClusters = 3 
List of 2
 $ : num [1, 1, 1:3] 0.337 0.695 0.698
 $ : num [1, 1, 1:3] 7.48 4.9 2.34
NULL
R priorParameters: 2 8 
R maxT: 1 
R_PriorDraw_first_mu: 0.5857063 
R_PriorDraw_first_nu: 3.815093 
R-CCU: Before ClusterLabelChange for i = 88 newLabel= 1 currentLabel= 1 
R-CCU: sum(pointsPerCluster) = 387 
 num [1:3] 385 1 1
NULL
R-CCU: After ClusterLabelChange for i = 88 
R-CCU: sum(pointsPerCluster) = 388 
 num [1:3] 386 1 1
NULL
R-CCU: dpObj$numberClusters = 3 
List of 2
 $ : num [1, 1, 1:3] 0.337 0.695 0.698
 $ : num [1, 1, 1:3] 7.48 4.9 2.34
NULL
R priorParameters: 2 8 
R maxT: 1 
R_PriorDraw_first_mu: 0.1664415 
R_PriorDraw_first_nu: 2.707163 
R-CCU: Before ClusterLabelChange for i = 89 newLabel= 1 currentLabel= 1 
R-CCU: sum(pointsPerCluster) = 388 
 num [1:3] 386 1 1
NULL
R-CCU: After ClusterLabelChange for i = 89 
R-CCU: sum(pointsPerCluster) = 389 
 num [1:3] 387 1 1
NULL
R-CCU: dpObj$numberClusters = 3 
List of 2
 $ : num [1, 1, 1:3] 0.337 0.695 0.698
 $ : num [1, 1, 1:3] 7.48 4.9 2.34
NULL
R priorParameters: 2 8 
R maxT: 1 
R_PriorDraw_first_mu: 0.8120954 
R_PriorDraw_first_nu: 5.082048 
R-CCU: Before ClusterLabelChange for i = 90 newLabel= 1 currentLabel= 1 
R-CCU: sum(pointsPerCluster) = 389 
 num [1:3] 387 1 1
NULL
R-CCU: After ClusterLabelChange for i = 90 
R-CCU: sum(pointsPerCluster) = 390 
 num [1:3] 388 1 1
NULL
R-CCU: dpObj$numberClusters = 3 
List of 2
 $ : num [1, 1, 1:3] 0.337 0.695 0.698
 $ : num [1, 1, 1:3] 7.48 4.9 2.34
NULL
R priorParameters: 2 8 
R maxT: 1 
R_PriorDraw_first_mu: 0.4228617 
R_PriorDraw_first_nu: 5.657557 
R-CCU: Before ClusterLabelChange for i = 91 newLabel= 1 currentLabel= 1 
R-CCU: sum(pointsPerCluster) = 390 
 num [1:3] 388 1 1
NULL
R-CCU: After ClusterLabelChange for i = 91 
R-CCU: sum(pointsPerCluster) = 391 
 num [1:3] 389 1 1
NULL
R-CCU: dpObj$numberClusters = 3 
List of 2
 $ : num [1, 1, 1:3] 0.337 0.695 0.698
 $ : num [1, 1, 1:3] 7.48 4.9 2.34
NULL
R priorParameters: 2 8 
R maxT: 1 
R_PriorDraw_first_mu: 0.3276709 
R_PriorDraw_first_nu: 7.03667 
R-CCU: Before ClusterLabelChange for i = 92 newLabel= 1 currentLabel= 1 
R-CCU: sum(pointsPerCluster) = 391 
 num [1:3] 389 1 1
NULL
R-CCU: After ClusterLabelChange for i = 92 
R-CCU: sum(pointsPerCluster) = 392 
 num [1:3] 390 1 1
NULL
R-CCU: dpObj$numberClusters = 3 
List of 2
 $ : num [1, 1, 1:3] 0.337 0.695 0.698
 $ : num [1, 1, 1:3] 7.48 4.9 2.34
NULL
R priorParameters: 2 8 
R maxT: 1 
R_PriorDraw_first_mu: 0.5716999 
R_PriorDraw_first_nu: 5.361136 
R-CCU: Before ClusterLabelChange for i = 93 newLabel= 1 currentLabel= 1 
R-CCU: sum(pointsPerCluster) = 392 
 num [1:3] 390 1 1
NULL
R-CCU: After ClusterLabelChange for i = 93 
R-CCU: sum(pointsPerCluster) = 393 
 num [1:3] 391 1 1
NULL
R-CCU: dpObj$numberClusters = 3 
List of 2
 $ : num [1, 1, 1:3] 0.337 0.695 0.698
 $ : num [1, 1, 1:3] 7.48 4.9 2.34
NULL
R priorParameters: 2 8 
R maxT: 1 
R_PriorDraw_first_mu: 0.125706 
R_PriorDraw_first_nu: 3.576477 
R-CCU: Before ClusterLabelChange for i = 94 newLabel= 1 currentLabel= 1 
R-CCU: sum(pointsPerCluster) = 393 
 num [1:3] 391 1 1
NULL
R-CCU: After ClusterLabelChange for i = 94 
R-CCU: sum(pointsPerCluster) = 394 
 num [1:3] 392 1 1
NULL
R-CCU: dpObj$numberClusters = 3 
List of 2
 $ : num [1, 1, 1:3] 0.337 0.695 0.698
 $ : num [1, 1, 1:3] 7.48 4.9 2.34
NULL
R priorParameters: 2 8 
R maxT: 1 
R_PriorDraw_first_mu: 0.962526 
R_PriorDraw_first_nu: 4.55953 
R-CCU: Before ClusterLabelChange for i = 95 newLabel= 1 currentLabel= 1 
R-CCU: sum(pointsPerCluster) = 394 
 num [1:3] 392 1 1
NULL
R-CCU: After ClusterLabelChange for i = 95 
R-CCU: sum(pointsPerCluster) = 395 
 num [1:3] 393 1 1
NULL
R-CCU: dpObj$numberClusters = 3 
List of 2
 $ : num [1, 1, 1:3] 0.337 0.695 0.698
 $ : num [1, 1, 1:3] 7.48 4.9 2.34
NULL
R priorParameters: 2 8 
R maxT: 1 
R_PriorDraw_first_mu: 0.4368776 
R_PriorDraw_first_nu: 7.717386 
R-CCU: Before ClusterLabelChange for i = 96 newLabel= 1 currentLabel= 1 
R-CCU: sum(pointsPerCluster) = 395 
 num [1:3] 393 1 1
NULL
R-CCU: After ClusterLabelChange for i = 96 
R-CCU: sum(pointsPerCluster) = 396 
 num [1:3] 394 1 1
NULL
R-CCU: dpObj$numberClusters = 3 
List of 2
 $ : num [1, 1, 1:3] 0.337 0.695 0.698
 $ : num [1, 1, 1:3] 7.48 4.9 2.34
NULL
R priorParameters: 2 8 
R maxT: 1 
R_PriorDraw_first_mu: 0.9484607 
R_PriorDraw_first_nu: 1.272605 
R-CCU: Before ClusterLabelChange for i = 97 newLabel= 1 currentLabel= 1 
R-CCU: sum(pointsPerCluster) = 396 
 num [1:3] 394 1 1
NULL
R-CCU: After ClusterLabelChange for i = 97 
R-CCU: sum(pointsPerCluster) = 397 
 num [1:3] 395 1 1
NULL
R-CCU: dpObj$numberClusters = 3 
List of 2
 $ : num [1, 1, 1:3] 0.337 0.695 0.698
 $ : num [1, 1, 1:3] 7.48 4.9 2.34
NULL
R priorParameters: 2 8 
R maxT: 1 
R_PriorDraw_first_mu: 0.3032362 
R_PriorDraw_first_nu: 3.803272 
R-CCU: Before ClusterLabelChange for i = 98 newLabel= 1 currentLabel= 1 
R-CCU: sum(pointsPerCluster) = 397 
 num [1:3] 395 1 1
NULL
R-CCU: After ClusterLabelChange for i = 98 
R-CCU: sum(pointsPerCluster) = 398 
 num [1:3] 396 1 1
NULL
R-CCU: dpObj$numberClusters = 3 
List of 2
 $ : num [1, 1, 1:3] 0.337 0.695 0.698
 $ : num [1, 1, 1:3] 7.48 4.9 2.34
NULL
R priorParameters: 2 8 
R maxT: 1 
R_PriorDraw_first_mu: 0.8884495 
R_PriorDraw_first_nu: 1.873425 
R-CCU: Before ClusterLabelChange for i = 99 newLabel= 1 currentLabel= 1 
R-CCU: sum(pointsPerCluster) = 398 
 num [1:3] 396 1 1
NULL
R-CCU: After ClusterLabelChange for i = 99 
R-CCU: sum(pointsPerCluster) = 399 
 num [1:3] 397 1 1
NULL
R-CCU: dpObj$numberClusters = 3 
List of 2
 $ : num [1, 1, 1:3] 0.337 0.695 0.698
 $ : num [1, 1, 1:3] 7.48 4.9 2.34
NULL
R priorParameters: 2 8 
R maxT: 1 
R_PriorDraw_first_mu: 0.2591413 
R_PriorDraw_first_nu: 3.649233 
R-CCU: Before ClusterLabelChange for i = 100 newLabel= 1 currentLabel= 1 
R-CCU: sum(pointsPerCluster) = 399 
 num [1:3] 397 1 1
NULL
R-CCU: After ClusterLabelChange for i = 100 
R-CCU: sum(pointsPerCluster) = 400 
 num [1:3] 398 1 1
NULL
R-CCU: dpObj$numberClusters = 3 
List of 2
 $ : num [1, 1, 1:3] 0.337 0.695 0.698
 $ : num [1, 1, 1:3] 7.48 4.9 2.34
NULL
R priorParameters: 2 8 
R maxT: 1 
R_PriorDraw_first_mu: 0.2849857 
R_PriorDraw_first_nu: 3.967285 
R-CCU: Before ClusterLabelChange for i = 1 newLabel= 1 currentLabel= 1 
R-CCU: sum(pointsPerCluster) = 400 
 num [1:3] 398 1 1
NULL
R-CCU: After ClusterLabelChange for i = 1 
R-CCU: sum(pointsPerCluster) = 401 
 num [1:3] 399 1 1
NULL
R-CCU: dpObj$numberClusters = 3 
List of 2
 $ : num [1, 1, 1:3] 0.333 0.695 0.698
 $ : num [1, 1, 1:3] 9.03 4.9 2.34
NULL
R priorParameters: 2 8 
R maxT: 1 
R_PriorDraw_first_mu: 0.623797 
R_PriorDraw_first_nu: 2.587414 
R-CCU: Before ClusterLabelChange for i = 2 newLabel= 1 currentLabel= 1 
R-CCU: sum(pointsPerCluster) = 401 
 num [1:3] 399 1 1
NULL
R-CCU: After ClusterLabelChange for i = 2 
R-CCU: sum(pointsPerCluster) = 402 
 num [1:3] 400 1 1
NULL
R-CCU: dpObj$numberClusters = 3 
List of 2
 $ : num [1, 1, 1:3] 0.333 0.695 0.698
 $ : num [1, 1, 1:3] 9.03 4.9 2.34
NULL
R priorParameters: 2 8 
R maxT: 1 
R_PriorDraw_first_mu: 0.5987247 
R_PriorDraw_first_nu: 1.53503 
R-CCU: Before ClusterLabelChange for i = 3 newLabel= 1 currentLabel= 1 
R-CCU: sum(pointsPerCluster) = 402 
 num [1:3] 400 1 1
NULL
R-CCU: After ClusterLabelChange for i = 3 
R-CCU: sum(pointsPerCluster) = 403 
 num [1:3] 401 1 1
NULL
R-CCU: dpObj$numberClusters = 3 
List of 2
 $ : num [1, 1, 1:3] 0.333 0.695 0.698
 $ : num [1, 1, 1:3] 9.03 4.9 2.34
NULL
R priorParameters: 2 8 
R maxT: 1 
R_PriorDraw_first_mu: 0.05967056 
R_PriorDraw_first_nu: 17.18893 
R-CCU: Before ClusterLabelChange for i = 4 newLabel= 1 currentLabel= 1 
R-CCU: sum(pointsPerCluster) = 403 
 num [1:3] 401 1 1
NULL
R-CCU: After ClusterLabelChange for i = 4 
R-CCU: sum(pointsPerCluster) = 404 
 num [1:3] 402 1 1
NULL
R-CCU: dpObj$numberClusters = 3 
List of 2
 $ : num [1, 1, 1:3] 0.333 0.695 0.698
 $ : num [1, 1, 1:3] 9.03 4.9 2.34
NULL
R priorParameters: 2 8 
R maxT: 1 
R_PriorDraw_first_mu: 0.2515582 
R_PriorDraw_first_nu: 12.48171 
R-CCU: Before ClusterLabelChange for i = 5 newLabel= 1 currentLabel= 1 
R-CCU: sum(pointsPerCluster) = 404 
 num [1:3] 402 1 1
NULL
R-CCU: After ClusterLabelChange for i = 5 
R-CCU: sum(pointsPerCluster) = 405 
 num [1:3] 403 1 1
NULL
R-CCU: dpObj$numberClusters = 3 
List of 2
 $ : num [1, 1, 1:3] 0.333 0.695 0.698
 $ : num [1, 1, 1:3] 9.03 4.9 2.34
NULL
R priorParameters: 2 8 
R maxT: 1 
R_PriorDraw_first_mu: 0.2467459 
R_PriorDraw_first_nu: 9.684977 
R-CCU: Before ClusterLabelChange for i = 6 newLabel= 1 currentLabel= 1 
R-CCU: sum(pointsPerCluster) = 405 
 num [1:3] 403 1 1
NULL
R-CCU: After ClusterLabelChange for i = 6 
R-CCU: sum(pointsPerCluster) = 406 
 num [1:3] 404 1 1
NULL
R-CCU: dpObj$numberClusters = 3 
List of 2
 $ : num [1, 1, 1:3] 0.333 0.695 0.698
 $ : num [1, 1, 1:3] 9.03 4.9 2.34
NULL
R priorParameters: 2 8 
R maxT: 1 
R_PriorDraw_first_mu: 0.5497466 
R_PriorDraw_first_nu: 11.15174 
R-CCU: Before ClusterLabelChange for i = 7 newLabel= 1 currentLabel= 1 
R-CCU: sum(pointsPerCluster) = 406 
 num [1:3] 404 1 1
NULL
R-CCU: After ClusterLabelChange for i = 7 
R-CCU: sum(pointsPerCluster) = 407 
 num [1:3] 405 1 1
NULL
R-CCU: dpObj$numberClusters = 3 
List of 2
 $ : num [1, 1, 1:3] 0.333 0.695 0.698
 $ : num [1, 1, 1:3] 9.03 4.9 2.34
NULL
R priorParameters: 2 8 
R maxT: 1 
R_PriorDraw_first_mu: 0.3554437 
R_PriorDraw_first_nu: 4.516133 
R-CCU: Before ClusterLabelChange for i = 8 newLabel= 1 currentLabel= 1 
R-CCU: sum(pointsPerCluster) = 407 
 num [1:3] 405 1 1
NULL
R-CCU: After ClusterLabelChange for i = 8 
R-CCU: sum(pointsPerCluster) = 408 
 num [1:3] 406 1 1
NULL
R-CCU: dpObj$numberClusters = 3 
List of 2
 $ : num [1, 1, 1:3] 0.333 0.695 0.698
 $ : num [1, 1, 1:3] 9.03 4.9 2.34
NULL
R priorParameters: 2 8 
R maxT: 1 
R_PriorDraw_first_mu: 0.04482492 
R_PriorDraw_first_nu: 4.044703 
R-CCU: Before ClusterLabelChange for i = 9 newLabel= 1 currentLabel= 1 
R-CCU: sum(pointsPerCluster) = 408 
 num [1:3] 406 1 1
NULL
R-CCU: After ClusterLabelChange for i = 9 
R-CCU: sum(pointsPerCluster) = 409 
 num [1:3] 407 1 1
NULL
R-CCU: dpObj$numberClusters = 3 
List of 2
 $ : num [1, 1, 1:3] 0.333 0.695 0.698
 $ : num [1, 1, 1:3] 9.03 4.9 2.34
NULL
R priorParameters: 2 8 
R maxT: 1 
R_PriorDraw_first_mu: 0.7778009 
R_PriorDraw_first_nu: 2.338425 
R-CCU: Before ClusterLabelChange for i = 10 newLabel= 1 currentLabel= 1 
R-CCU: sum(pointsPerCluster) = 409 
 num [1:3] 407 1 1
NULL
R-CCU: After ClusterLabelChange for i = 10 
R-CCU: sum(pointsPerCluster) = 410 
 num [1:3] 408 1 1
NULL
R-CCU: dpObj$numberClusters = 3 
List of 2
 $ : num [1, 1, 1:3] 0.333 0.695 0.698
 $ : num [1, 1, 1:3] 9.03 4.9 2.34
NULL
R priorParameters: 2 8 
R maxT: 1 
R_PriorDraw_first_mu: 0.05856867 
R_PriorDraw_first_nu: 9.073685 
R-CCU: Before ClusterLabelChange for i = 11 newLabel= 1 currentLabel= 1 
R-CCU: sum(pointsPerCluster) = 410 
 num [1:3] 408 1 1
NULL
R-CCU: After ClusterLabelChange for i = 11 
R-CCU: sum(pointsPerCluster) = 411 
 num [1:3] 409 1 1
NULL
R-CCU: dpObj$numberClusters = 3 
List of 2
 $ : num [1, 1, 1:3] 0.333 0.695 0.698
 $ : num [1, 1, 1:3] 9.03 4.9 2.34
NULL
R priorParameters: 2 8 
R maxT: 1 
R_PriorDraw_first_mu: 0.849366 
R_PriorDraw_first_nu: 14.33178 
R-CCU: Before ClusterLabelChange for i = 12 newLabel= 1 currentLabel= 1 
R-CCU: sum(pointsPerCluster) = 411 
 num [1:3] 409 1 1
NULL
R-CCU: After ClusterLabelChange for i = 12 
R-CCU: sum(pointsPerCluster) = 412 
 num [1:3] 410 1 1
NULL
R-CCU: dpObj$numberClusters = 3 
List of 2
 $ : num [1, 1, 1:3] 0.333 0.695 0.698
 $ : num [1, 1, 1:3] 9.03 4.9 2.34
NULL
R priorParameters: 2 8 
R maxT: 1 
R_PriorDraw_first_mu: 0.05132919 
R_PriorDraw_first_nu: 3.420826 
R-CCU: Before ClusterLabelChange for i = 13 newLabel= 1 currentLabel= 1 
R-CCU: sum(pointsPerCluster) = 412 
 num [1:3] 410 1 1
NULL
R-CCU: After ClusterLabelChange for i = 13 
R-CCU: sum(pointsPerCluster) = 413 
 num [1:3] 411 1 1
NULL
R-CCU: dpObj$numberClusters = 3 
List of 2
 $ : num [1, 1, 1:3] 0.333 0.695 0.698
 $ : num [1, 1, 1:3] 9.03 4.9 2.34
NULL
R priorParameters: 2 8 
R maxT: 1 
R_PriorDraw_first_mu: 0.6087293 
R_PriorDraw_first_nu: 11.16679 
R-CCU: Before ClusterLabelChange for i = 14 newLabel= 1 currentLabel= 1 
R-CCU: sum(pointsPerCluster) = 413 
 num [1:3] 411 1 1
NULL
R-CCU: After ClusterLabelChange for i = 14 
R-CCU: sum(pointsPerCluster) = 414 
 num [1:3] 412 1 1
NULL
R-CCU: dpObj$numberClusters = 3 
List of 2
 $ : num [1, 1, 1:3] 0.333 0.695 0.698
 $ : num [1, 1, 1:3] 9.03 4.9 2.34
NULL
R priorParameters: 2 8 
R maxT: 1 
R_PriorDraw_first_mu: 0.1844924 
R_PriorDraw_first_nu: 3.252385 
R-CCU: Before ClusterLabelChange for i = 15 newLabel= 1 currentLabel= 1 
R-CCU: sum(pointsPerCluster) = 414 
 num [1:3] 412 1 1
NULL
R-CCU: After ClusterLabelChange for i = 15 
R-CCU: sum(pointsPerCluster) = 415 
 num [1:3] 413 1 1
NULL
R-CCU: dpObj$numberClusters = 3 
List of 2
 $ : num [1, 1, 1:3] 0.333 0.695 0.698
 $ : num [1, 1, 1:3] 9.03 4.9 2.34
NULL
R priorParameters: 2 8 
R maxT: 1 
R_PriorDraw_first_mu: 0.5781968 
R_PriorDraw_first_nu: 7.017687 
R-CCU: Before ClusterLabelChange for i = 16 newLabel= 1 currentLabel= 1 
R-CCU: sum(pointsPerCluster) = 415 
 num [1:3] 413 1 1
NULL
R-CCU: After ClusterLabelChange for i = 16 
R-CCU: sum(pointsPerCluster) = 416 
 num [1:3] 414 1 1
NULL
R-CCU: dpObj$numberClusters = 3 
List of 2
 $ : num [1, 1, 1:3] 0.333 0.695 0.698
 $ : num [1, 1, 1:3] 9.03 4.9 2.34
NULL
R priorParameters: 2 8 
R maxT: 1 
R_PriorDraw_first_mu: 0.890811 
R_PriorDraw_first_nu: 3.853795 
R-CCU: Before ClusterLabelChange for i = 17 newLabel= 1 currentLabel= 1 
R-CCU: sum(pointsPerCluster) = 416 
 num [1:3] 414 1 1
NULL
R-CCU: After ClusterLabelChange for i = 17 
R-CCU: sum(pointsPerCluster) = 417 
 num [1:3] 415 1 1
NULL
R-CCU: dpObj$numberClusters = 3 
List of 2
 $ : num [1, 1, 1:3] 0.333 0.695 0.698
 $ : num [1, 1, 1:3] 9.03 4.9 2.34
NULL
R priorParameters: 2 8 
R maxT: 1 
R_PriorDraw_first_mu: 0.09192634 
R_PriorDraw_first_nu: 15.15867 
R-CCU: Before ClusterLabelChange for i = 18 newLabel= 1 currentLabel= 1 
R-CCU: sum(pointsPerCluster) = 417 
 num [1:3] 415 1 1
NULL
R-CCU: After ClusterLabelChange for i = 18 
R-CCU: sum(pointsPerCluster) = 418 
 num [1:3] 416 1 1
NULL
R-CCU: dpObj$numberClusters = 3 
List of 2
 $ : num [1, 1, 1:3] 0.333 0.695 0.698
 $ : num [1, 1, 1:3] 9.03 4.9 2.34
NULL
R priorParameters: 2 8 
R maxT: 1 
R_PriorDraw_first_mu: 0.98466 
R_PriorDraw_first_nu: 3.406281 
R-CCU: Before ClusterLabelChange for i = 19 newLabel= 1 currentLabel= 1 
R-CCU: sum(pointsPerCluster) = 418 
 num [1:3] 416 1 1
NULL
R-CCU: After ClusterLabelChange for i = 19 
R-CCU: sum(pointsPerCluster) = 419 
 num [1:3] 417 1 1
NULL
R-CCU: dpObj$numberClusters = 3 
List of 2
 $ : num [1, 1, 1:3] 0.333 0.695 0.698
 $ : num [1, 1, 1:3] 9.03 4.9 2.34
NULL
R priorParameters: 2 8 
R maxT: 1 
R_PriorDraw_first_mu: 0.156264 
R_PriorDraw_first_nu: 4.047282 
R-CCU: Before ClusterLabelChange for i = 20 newLabel= 1 currentLabel= 1 
R-CCU: sum(pointsPerCluster) = 419 
 num [1:3] 417 1 1
NULL
R-CCU: After ClusterLabelChange for i = 20 
R-CCU: sum(pointsPerCluster) = 420 
 num [1:3] 418 1 1
NULL
R-CCU: dpObj$numberClusters = 3 
List of 2
 $ : num [1, 1, 1:3] 0.333 0.695 0.698
 $ : num [1, 1, 1:3] 9.03 4.9 2.34
NULL
R priorParameters: 2 8 
R maxT: 1 
R_PriorDraw_first_mu: 0.0641328 
R_PriorDraw_first_nu: 8.013462 
R-CCU: Before ClusterLabelChange for i = 21 newLabel= 1 currentLabel= 1 
R-CCU: sum(pointsPerCluster) = 420 
 num [1:3] 418 1 1
NULL
R-CCU: After ClusterLabelChange for i = 21 
R-CCU: sum(pointsPerCluster) = 421 
 num [1:3] 419 1 1
NULL
R-CCU: dpObj$numberClusters = 3 
List of 2
 $ : num [1, 1, 1:3] 0.333 0.695 0.698
 $ : num [1, 1, 1:3] 9.03 4.9 2.34
NULL
R priorParameters: 2 8 
R maxT: 1 
R_PriorDraw_first_mu: 0.4703829 
R_PriorDraw_first_nu: 29.25175 
R-CCU: Before ClusterLabelChange for i = 22 newLabel= 1 currentLabel= 1 
R-CCU: sum(pointsPerCluster) = 421 
 num [1:3] 419 1 1
NULL
R-CCU: After ClusterLabelChange for i = 22 
R-CCU: sum(pointsPerCluster) = 422 
 num [1:3] 420 1 1
NULL
R-CCU: dpObj$numberClusters = 3 
List of 2
 $ : num [1, 1, 1:3] 0.333 0.695 0.698
 $ : num [1, 1, 1:3] 9.03 4.9 2.34
NULL
R priorParameters: 2 8 
R maxT: 1 
R_PriorDraw_first_mu: 0.3711334 
R_PriorDraw_first_nu: 10.57872 
R-CCU: Before ClusterLabelChange for i = 23 newLabel= 1 currentLabel= 1 
R-CCU: sum(pointsPerCluster) = 422 
 num [1:3] 420 1 1
NULL
R-CCU: After ClusterLabelChange for i = 23 
R-CCU: sum(pointsPerCluster) = 423 
 num [1:3] 421 1 1
NULL
R-CCU: dpObj$numberClusters = 3 
List of 2
 $ : num [1, 1, 1:3] 0.333 0.695 0.698
 $ : num [1, 1, 1:3] 9.03 4.9 2.34
NULL
R priorParameters: 2 8 
R maxT: 1 
R_PriorDraw_first_mu: 0.4374723 
R_PriorDraw_first_nu: 5.913105 
R-CCU: Before ClusterLabelChange for i = 24 newLabel= 1 currentLabel= 1 
R-CCU: sum(pointsPerCluster) = 423 
 num [1:3] 421 1 1
NULL
R-CCU: After ClusterLabelChange for i = 24 
R-CCU: sum(pointsPerCluster) = 424 
 num [1:3] 422 1 1
NULL
R-CCU: dpObj$numberClusters = 3 
List of 2
 $ : num [1, 1, 1:3] 0.333 0.695 0.698
 $ : num [1, 1, 1:3] 9.03 4.9 2.34
NULL
R priorParameters: 2 8 
R maxT: 1 
R_PriorDraw_first_mu: 0.3985176 
R_PriorDraw_first_nu: 13.1121 
R-CCU: Before ClusterLabelChange for i = 25 newLabel= 1 currentLabel= 1 
R-CCU: sum(pointsPerCluster) = 424 
 num [1:3] 422 1 1
NULL
R-CCU: After ClusterLabelChange for i = 25 
R-CCU: sum(pointsPerCluster) = 425 
 num [1:3] 423 1 1
NULL
R-CCU: dpObj$numberClusters = 3 
List of 2
 $ : num [1, 1, 1:3] 0.333 0.695 0.698
 $ : num [1, 1, 1:3] 9.03 4.9 2.34
NULL
R priorParameters: 2 8 
R maxT: 1 
R_PriorDraw_first_mu: 0.2401103 
R_PriorDraw_first_nu: 17.70898 
R-CCU: Before ClusterLabelChange for i = 26 newLabel= 1 currentLabel= 1 
R-CCU: sum(pointsPerCluster) = 425 
 num [1:3] 423 1 1
NULL
R-CCU: After ClusterLabelChange for i = 26 
R-CCU: sum(pointsPerCluster) = 426 
 num [1:3] 424 1 1
NULL
R-CCU: dpObj$numberClusters = 3 
List of 2
 $ : num [1, 1, 1:3] 0.333 0.695 0.698
 $ : num [1, 1, 1:3] 9.03 4.9 2.34
NULL
R priorParameters: 2 8 
R maxT: 1 
R_PriorDraw_first_mu: 0.1093466 
R_PriorDraw_first_nu: 3.192463 
R-CCU: Before ClusterLabelChange for i = 27 newLabel= 1 currentLabel= 1 
R-CCU: sum(pointsPerCluster) = 426 
 num [1:3] 424 1 1
NULL
R-CCU: After ClusterLabelChange for i = 27 
R-CCU: sum(pointsPerCluster) = 427 
 num [1:3] 425 1 1
NULL
R-CCU: dpObj$numberClusters = 3 
List of 2
 $ : num [1, 1, 1:3] 0.333 0.695 0.698
 $ : num [1, 1, 1:3] 9.03 4.9 2.34
NULL
R priorParameters: 2 8 
R maxT: 1 
R_PriorDraw_first_mu: 0.9799855 
R_PriorDraw_first_nu: 2.78391 
R-CCU: Before ClusterLabelChange for i = 28 newLabel= 1 currentLabel= 1 
R-CCU: sum(pointsPerCluster) = 427 
 num [1:3] 425 1 1
NULL
R-CCU: After ClusterLabelChange for i = 28 
R-CCU: sum(pointsPerCluster) = 428 
 num [1:3] 426 1 1
NULL
R-CCU: dpObj$numberClusters = 3 
List of 2
 $ : num [1, 1, 1:3] 0.333 0.695 0.698
 $ : num [1, 1, 1:3] 9.03 4.9 2.34
NULL
R priorParameters: 2 8 
R maxT: 1 
R_PriorDraw_first_mu: 0.1478762 
R_PriorDraw_first_nu: 8.289181 
R-CCU: Before ClusterLabelChange for i = 29 newLabel= 1 currentLabel= 1 
R-CCU: sum(pointsPerCluster) = 428 
 num [1:3] 426 1 1
NULL
R-CCU: After ClusterLabelChange for i = 29 
R-CCU: sum(pointsPerCluster) = 429 
 num [1:3] 427 1 1
NULL
R-CCU: dpObj$numberClusters = 3 
List of 2
 $ : num [1, 1, 1:3] 0.333 0.695 0.698
 $ : num [1, 1, 1:3] 9.03 4.9 2.34
NULL
R priorParameters: 2 8 
R maxT: 1 
R_PriorDraw_first_mu: 0.885481 
R_PriorDraw_first_nu: 7.131574 
R-CCU: Before ClusterLabelChange for i = 30 newLabel= 1 currentLabel= 1 
R-CCU: sum(pointsPerCluster) = 429 
 num [1:3] 427 1 1
NULL
R-CCU: After ClusterLabelChange for i = 30 
R-CCU: sum(pointsPerCluster) = 430 
 num [1:3] 428 1 1
NULL
R-CCU: dpObj$numberClusters = 3 
List of 2
 $ : num [1, 1, 1:3] 0.333 0.695 0.698
 $ : num [1, 1, 1:3] 9.03 4.9 2.34
NULL
R priorParameters: 2 8 
R maxT: 1 
R_PriorDraw_first_mu: 0.05541449 
R_PriorDraw_first_nu: 6.194075 
R-CCU: Before ClusterLabelChange for i = 31 newLabel= 1 currentLabel= 1 
R-CCU: sum(pointsPerCluster) = 430 
 num [1:3] 428 1 1
NULL
R-CCU: After ClusterLabelChange for i = 31 
R-CCU: sum(pointsPerCluster) = 431 
 num [1:3] 429 1 1
NULL
R-CCU: dpObj$numberClusters = 3 
List of 2
 $ : num [1, 1, 1:3] 0.333 0.695 0.698
 $ : num [1, 1, 1:3] 9.03 4.9 2.34
NULL
R priorParameters: 2 8 
R maxT: 1 
R_PriorDraw_first_mu: 0.2284862 
R_PriorDraw_first_nu: 120.0411 
R-CCU: Before ClusterLabelChange for i = 32 newLabel= 1 currentLabel= 1 
R-CCU: sum(pointsPerCluster) = 431 
 num [1:3] 429 1 1
NULL
R-CCU: After ClusterLabelChange for i = 32 
R-CCU: sum(pointsPerCluster) = 432 
 num [1:3] 430 1 1
NULL
R-CCU: dpObj$numberClusters = 3 
List of 2
 $ : num [1, 1, 1:3] 0.333 0.695 0.698
 $ : num [1, 1, 1:3] 9.03 4.9 2.34
NULL
R priorParameters: 2 8 
R maxT: 1 
R_PriorDraw_first_mu: 0.5955705 
R_PriorDraw_first_nu: 3.829294 
R-CCU: Before ClusterLabelChange for i = 33 newLabel= 1 currentLabel= 1 
R-CCU: sum(pointsPerCluster) = 432 
 num [1:3] 430 1 1
NULL
R-CCU: After ClusterLabelChange for i = 33 
R-CCU: sum(pointsPerCluster) = 433 
 num [1:3] 431 1 1
NULL
R-CCU: dpObj$numberClusters = 3 
List of 2
 $ : num [1, 1, 1:3] 0.333 0.695 0.698
 $ : num [1, 1, 1:3] 9.03 4.9 2.34
NULL
R priorParameters: 2 8 
R maxT: 1 
R_PriorDraw_first_mu: 0.8317844 
R_PriorDraw_first_nu: 3.870084 
R-CCU: Before ClusterLabelChange for i = 34 newLabel= 1 currentLabel= 1 
R-CCU: sum(pointsPerCluster) = 433 
 num [1:3] 431 1 1
NULL
R-CCU: After ClusterLabelChange for i = 34 
R-CCU: sum(pointsPerCluster) = 434 
 num [1:3] 432 1 1
NULL
R-CCU: dpObj$numberClusters = 3 
List of 2
 $ : num [1, 1, 1:3] 0.333 0.695 0.698
 $ : num [1, 1, 1:3] 9.03 4.9 2.34
NULL
R priorParameters: 2 8 
R maxT: 1 
R_PriorDraw_first_mu: 0.9054406 
R_PriorDraw_first_nu: 19.22674 
R-CCU: Before ClusterLabelChange for i = 35 newLabel= 5 currentLabel= 1 
R-CCU: sum(pointsPerCluster) = 434 
 num [1:3] 432 1 1
NULL
R-CCU: After ClusterLabelChange for i = 35 
R-CCU: sum(pointsPerCluster) = 435 
 num [1:4] 432 1 1 1
NULL
R-CCU: dpObj$numberClusters = 4 
List of 2
 $ : num [1, 1, 1:4] 0.333 0.695 0.698 0.569
 $ : num [1, 1, 1:4] 9.03 4.9 2.34 20.84
NULL
R priorParameters: 2 8 
R maxT: 1 
R_PriorDraw_first_mu: 0.08393362 
R_PriorDraw_first_nu: 3.928745 
R-CCU: Before ClusterLabelChange for i = 36 newLabel= 1 currentLabel= 1 
R-CCU: sum(pointsPerCluster) = 435 
 num [1:4] 432 1 1 1
NULL
R-CCU: After ClusterLabelChange for i = 36 
R-CCU: sum(pointsPerCluster) = 436 
 num [1:4] 433 1 1 1
NULL
R-CCU: dpObj$numberClusters = 4 
List of 2
 $ : num [1, 1, 1:4] 0.333 0.695 0.698 0.569
 $ : num [1, 1, 1:4] 9.03 4.9 2.34 20.84
NULL
R priorParameters: 2 8 
R maxT: 1 
R_PriorDraw_first_mu: 0.8859629 
R_PriorDraw_first_nu: 3.05753 
R-CCU: Before ClusterLabelChange for i = 37 newLabel= 1 currentLabel= 1 
R-CCU: sum(pointsPerCluster) = 436 
 num [1:4] 433 1 1 1
NULL
R-CCU: After ClusterLabelChange for i = 37 
R-CCU: sum(pointsPerCluster) = 437 
 num [1:4] 434 1 1 1
NULL
R-CCU: dpObj$numberClusters = 4 
List of 2
 $ : num [1, 1, 1:4] 0.333 0.695 0.698 0.569
 $ : num [1, 1, 1:4] 9.03 4.9 2.34 20.84
NULL
R priorParameters: 2 8 
R maxT: 1 
R_PriorDraw_first_mu: 0.2932749 
R_PriorDraw_first_nu: 2.531969 
R-CCU: Before ClusterLabelChange for i = 38 newLabel= 1 currentLabel= 1 
R-CCU: sum(pointsPerCluster) = 437 
 num [1:4] 434 1 1 1
NULL
R-CCU: After ClusterLabelChange for i = 38 
R-CCU: sum(pointsPerCluster) = 438 
 num [1:4] 435 1 1 1
NULL
R-CCU: dpObj$numberClusters = 4 
List of 2
 $ : num [1, 1, 1:4] 0.333 0.695 0.698 0.569
 $ : num [1, 1, 1:4] 9.03 4.9 2.34 20.84
NULL
R priorParameters: 2 8 
R maxT: 1 
R_PriorDraw_first_mu: 0.907301 
R_PriorDraw_first_nu: 2.13892 
R-CCU: Before ClusterLabelChange for i = 39 newLabel= 1 currentLabel= 1 
R-CCU: sum(pointsPerCluster) = 438 
 num [1:4] 435 1 1 1
NULL
R-CCU: After ClusterLabelChange for i = 39 
R-CCU: sum(pointsPerCluster) = 439 
 num [1:4] 436 1 1 1
NULL
R-CCU: dpObj$numberClusters = 4 
List of 2
 $ : num [1, 1, 1:4] 0.333 0.695 0.698 0.569
 $ : num [1, 1, 1:4] 9.03 4.9 2.34 20.84
NULL
R priorParameters: 2 8 
R maxT: 1 
R_PriorDraw_first_mu: 0.08973406 
R_PriorDraw_first_nu: 3.502739 
R-CCU: Before ClusterLabelChange for i = 40 newLabel= 1 currentLabel= 1 
R-CCU: sum(pointsPerCluster) = 439 
 num [1:4] 436 1 1 1
NULL
R-CCU: After ClusterLabelChange for i = 40 
R-CCU: sum(pointsPerCluster) = 440 
 num [1:4] 437 1 1 1
NULL
R-CCU: dpObj$numberClusters = 4 
List of 2
 $ : num [1, 1, 1:4] 0.333 0.695 0.698 0.569
 $ : num [1, 1, 1:4] 9.03 4.9 2.34 20.84
NULL
R priorParameters: 2 8 
R maxT: 1 
R_PriorDraw_first_mu: 0.2763319 
R_PriorDraw_first_nu: 4.883599 
R-CCU: Before ClusterLabelChange for i = 41 newLabel= 1 currentLabel= 1 
R-CCU: sum(pointsPerCluster) = 440 
 num [1:4] 437 1 1 1
NULL
R-CCU: After ClusterLabelChange for i = 41 
R-CCU: sum(pointsPerCluster) = 441 
 num [1:4] 438 1 1 1
NULL
R-CCU: dpObj$numberClusters = 4 
List of 2
 $ : num [1, 1, 1:4] 0.333 0.695 0.698 0.569
 $ : num [1, 1, 1:4] 9.03 4.9 2.34 20.84
NULL
R priorParameters: 2 8 
R maxT: 1 
R_PriorDraw_first_mu: 0.8295557 
R_PriorDraw_first_nu: 11.98511 
R-CCU: Before ClusterLabelChange for i = 42 newLabel= 1 currentLabel= 1 
R-CCU: sum(pointsPerCluster) = 441 
 num [1:4] 438 1 1 1
NULL
R-CCU: After ClusterLabelChange for i = 42 
R-CCU: sum(pointsPerCluster) = 442 
 num [1:4] 439 1 1 1
NULL
R-CCU: dpObj$numberClusters = 4 
List of 2
 $ : num [1, 1, 1:4] 0.333 0.695 0.698 0.569
 $ : num [1, 1, 1:4] 9.03 4.9 2.34 20.84
NULL
R priorParameters: 2 8 
R maxT: 1 
R_PriorDraw_first_mu: 0.005788104 
R_PriorDraw_first_nu: 1.512734 
R-CCU: Before ClusterLabelChange for i = 43 newLabel= 1 currentLabel= 1 
R-CCU: sum(pointsPerCluster) = 442 
 num [1:4] 439 1 1 1
NULL
R-CCU: After ClusterLabelChange for i = 43 
R-CCU: sum(pointsPerCluster) = 443 
 num [1:4] 440 1 1 1
NULL
R-CCU: dpObj$numberClusters = 4 
List of 2
 $ : num [1, 1, 1:4] 0.333 0.695 0.698 0.569
 $ : num [1, 1, 1:4] 9.03 4.9 2.34 20.84
NULL
R priorParameters: 2 8 
R maxT: 1 
R_PriorDraw_first_mu: 0.8341709 
R_PriorDraw_first_nu: 5.696057 
R-CCU: Before ClusterLabelChange for i = 44 newLabel= 1 currentLabel= 1 
R-CCU: sum(pointsPerCluster) = 443 
 num [1:4] 440 1 1 1
NULL
R-CCU: After ClusterLabelChange for i = 44 
R-CCU: sum(pointsPerCluster) = 444 
 num [1:4] 441 1 1 1
NULL
R-CCU: dpObj$numberClusters = 4 
List of 2
 $ : num [1, 1, 1:4] 0.333 0.695 0.698 0.569
 $ : num [1, 1, 1:4] 9.03 4.9 2.34 20.84
NULL
R priorParameters: 2 8 
R maxT: 1 
R_PriorDraw_first_mu: 0.1889222 
R_PriorDraw_first_nu: 9.662228 
R-CCU: Before ClusterLabelChange for i = 45 newLabel= 1 currentLabel= 1 
R-CCU: sum(pointsPerCluster) = 444 
 num [1:4] 441 1 1 1
NULL
R-CCU: After ClusterLabelChange for i = 45 
R-CCU: sum(pointsPerCluster) = 445 
 num [1:4] 442 1 1 1
NULL
R-CCU: dpObj$numberClusters = 4 
List of 2
 $ : num [1, 1, 1:4] 0.333 0.695 0.698 0.569
 $ : num [1, 1, 1:4] 9.03 4.9 2.34 20.84
NULL
R priorParameters: 2 8 
R maxT: 1 
R_PriorDraw_first_mu: 0.2470511 
R_PriorDraw_first_nu: 8.90216 
R-CCU: Before ClusterLabelChange for i = 46 newLabel= 1 currentLabel= 1 
R-CCU: sum(pointsPerCluster) = 445 
 num [1:4] 442 1 1 1
NULL
R-CCU: After ClusterLabelChange for i = 46 
R-CCU: sum(pointsPerCluster) = 446 
 num [1:4] 443 1 1 1
NULL
R-CCU: dpObj$numberClusters = 4 
List of 2
 $ : num [1, 1, 1:4] 0.333 0.695 0.698 0.569
 $ : num [1, 1, 1:4] 9.03 4.9 2.34 20.84
NULL
R priorParameters: 2 8 
R maxT: 1 
R_PriorDraw_first_mu: 0.07121608 
R_PriorDraw_first_nu: 4.749348 
R-CCU: Before ClusterLabelChange for i = 47 newLabel= 1 currentLabel= 1 
R-CCU: sum(pointsPerCluster) = 446 
 num [1:4] 443 1 1 1
NULL
R-CCU: After ClusterLabelChange for i = 47 
R-CCU: sum(pointsPerCluster) = 447 
 num [1:4] 444 1 1 1
NULL
R-CCU: dpObj$numberClusters = 4 
List of 2
 $ : num [1, 1, 1:4] 0.333 0.695 0.698 0.569
 $ : num [1, 1, 1:4] 9.03 4.9 2.34 20.84
NULL
R priorParameters: 2 8 
R maxT: 1 
R_PriorDraw_first_mu: 0.6239222 
R_PriorDraw_first_nu: 3.079862 
R-CCU: Before ClusterLabelChange for i = 48 newLabel= 1 currentLabel= 1 
R-CCU: sum(pointsPerCluster) = 447 
 num [1:4] 444 1 1 1
NULL
R-CCU: After ClusterLabelChange for i = 48 
R-CCU: sum(pointsPerCluster) = 448 
 num [1:4] 445 1 1 1
NULL
R-CCU: dpObj$numberClusters = 4 
List of 2
 $ : num [1, 1, 1:4] 0.333 0.695 0.698 0.569
 $ : num [1, 1, 1:4] 9.03 4.9 2.34 20.84
NULL
R priorParameters: 2 8 
R maxT: 1 
R_PriorDraw_first_mu: 0.1574753 
R_PriorDraw_first_nu: 3.251564 
R-CCU: Before ClusterLabelChange for i = 49 newLabel= 1 currentLabel= 1 
R-CCU: sum(pointsPerCluster) = 448 
 num [1:4] 445 1 1 1
NULL
R-CCU: After ClusterLabelChange for i = 49 
R-CCU: sum(pointsPerCluster) = 449 
 num [1:4] 446 1 1 1
NULL
R-CCU: dpObj$numberClusters = 4 
List of 2
 $ : num [1, 1, 1:4] 0.333 0.695 0.698 0.569
 $ : num [1, 1, 1:4] 9.03 4.9 2.34 20.84
NULL
R priorParameters: 2 8 
R maxT: 1 
R_PriorDraw_first_mu: 0.2747865 
R_PriorDraw_first_nu: 16.78898 
R-CCU: Before ClusterLabelChange for i = 50 newLabel= 1 currentLabel= 1 
R-CCU: sum(pointsPerCluster) = 449 
 num [1:4] 446 1 1 1
NULL
R-CCU: After ClusterLabelChange for i = 50 
R-CCU: sum(pointsPerCluster) = 450 
 num [1:4] 447 1 1 1
NULL
R-CCU: dpObj$numberClusters = 4 
List of 2
 $ : num [1, 1, 1:4] 0.333 0.695 0.698 0.569
 $ : num [1, 1, 1:4] 9.03 4.9 2.34 20.84
NULL
R priorParameters: 2 8 
R maxT: 1 
R_PriorDraw_first_mu: 0.8187961 
R_PriorDraw_first_nu: 3.684848 
R-CCU: Before ClusterLabelChange for i = 51 newLabel= 1 currentLabel= 1 
R-CCU: sum(pointsPerCluster) = 450 
 num [1:4] 447 1 1 1
NULL
R-CCU: After ClusterLabelChange for i = 51 
R-CCU: sum(pointsPerCluster) = 451 
 num [1:4] 448 1 1 1
NULL
R-CCU: dpObj$numberClusters = 4 
List of 2
 $ : num [1, 1, 1:4] 0.333 0.695 0.698 0.569
 $ : num [1, 1, 1:4] 9.03 4.9 2.34 20.84
NULL
R priorParameters: 2 8 
R maxT: 1 
R_PriorDraw_first_mu: 0.587986 
R_PriorDraw_first_nu: 3.828992 
R-CCU: Before ClusterLabelChange for i = 52 newLabel= 1 currentLabel= 1 
R-CCU: sum(pointsPerCluster) = 451 
 num [1:4] 448 1 1 1
NULL
R-CCU: After ClusterLabelChange for i = 52 
R-CCU: sum(pointsPerCluster) = 452 
 num [1:4] 449 1 1 1
NULL
R-CCU: dpObj$numberClusters = 4 
List of 2
 $ : num [1, 1, 1:4] 0.333 0.695 0.698 0.569
 $ : num [1, 1, 1:4] 9.03 4.9 2.34 20.84
NULL
R priorParameters: 2 8 
R maxT: 1 
R_PriorDraw_first_mu: 0.8435783 
R_PriorDraw_first_nu: 8.043379 
R-CCU: Before ClusterLabelChange for i = 53 newLabel= 1 currentLabel= 1 
R-CCU: sum(pointsPerCluster) = 452 
 num [1:4] 449 1 1 1
NULL
R-CCU: After ClusterLabelChange for i = 53 
R-CCU: sum(pointsPerCluster) = 453 
 num [1:4] 450 1 1 1
NULL
R-CCU: dpObj$numberClusters = 4 
List of 2
 $ : num [1, 1, 1:4] 0.333 0.695 0.698 0.569
 $ : num [1, 1, 1:4] 9.03 4.9 2.34 20.84
NULL
R priorParameters: 2 8 
R maxT: 1 
R_PriorDraw_first_mu: 0.6085858 
R_PriorDraw_first_nu: 4.924477 
R-CCU: Before ClusterLabelChange for i = 54 newLabel= 1 currentLabel= 1 
R-CCU: sum(pointsPerCluster) = 453 
 num [1:4] 450 1 1 1
NULL
R-CCU: After ClusterLabelChange for i = 54 
R-CCU: sum(pointsPerCluster) = 454 
 num [1:4] 451 1 1 1
NULL
R-CCU: dpObj$numberClusters = 4 
List of 2
 $ : num [1, 1, 1:4] 0.333 0.695 0.698 0.569
 $ : num [1, 1, 1:4] 9.03 4.9 2.34 20.84
NULL
R priorParameters: 2 8 
R maxT: 1 
R_PriorDraw_first_mu: 0.09438009 
R_PriorDraw_first_nu: 13.37238 
R-CCU: Before ClusterLabelChange for i = 55 newLabel= 1 currentLabel= 1 
R-CCU: sum(pointsPerCluster) = 454 
 num [1:4] 451 1 1 1
NULL
R-CCU: After ClusterLabelChange for i = 55 
R-CCU: sum(pointsPerCluster) = 455 
 num [1:4] 452 1 1 1
NULL
R-CCU: dpObj$numberClusters = 4 
List of 2
 $ : num [1, 1, 1:4] 0.333 0.695 0.698 0.569
 $ : num [1, 1, 1:4] 9.03 4.9 2.34 20.84
NULL
R priorParameters: 2 8 
R maxT: 1 
R_PriorDraw_first_mu: 0.1197851 
R_PriorDraw_first_nu: 4.37931 
R-CCU: Before ClusterLabelChange for i = 56 newLabel= 1 currentLabel= 1 
R-CCU: sum(pointsPerCluster) = 455 
 num [1:4] 452 1 1 1
NULL
R-CCU: After ClusterLabelChange for i = 56 
R-CCU: sum(pointsPerCluster) = 456 
 num [1:4] 453 1 1 1
NULL
R-CCU: dpObj$numberClusters = 4 
List of 2
 $ : num [1, 1, 1:4] 0.333 0.695 0.698 0.569
 $ : num [1, 1, 1:4] 9.03 4.9 2.34 20.84
NULL
R priorParameters: 2 8 
R maxT: 1 
R_PriorDraw_first_mu: 0.5287748 
R_PriorDraw_first_nu: 4.736432 
R-CCU: Before ClusterLabelChange for i = 57 newLabel= 1 currentLabel= 1 
R-CCU: sum(pointsPerCluster) = 456 
 num [1:4] 453 1 1 1
NULL
R-CCU: After ClusterLabelChange for i = 57 
R-CCU: sum(pointsPerCluster) = 457 
 num [1:4] 454 1 1 1
NULL
R-CCU: dpObj$numberClusters = 4 
List of 2
 $ : num [1, 1, 1:4] 0.333 0.695 0.698 0.569
 $ : num [1, 1, 1:4] 9.03 4.9 2.34 20.84
NULL
R priorParameters: 2 8 
R maxT: 1 
R_PriorDraw_first_mu: 0.9713778 
R_PriorDraw_first_nu: 7.812132 
R-CCU: Before ClusterLabelChange for i = 58 newLabel= 1 currentLabel= 1 
R-CCU: sum(pointsPerCluster) = 457 
 num [1:4] 454 1 1 1
NULL
R-CCU: After ClusterLabelChange for i = 58 
R-CCU: sum(pointsPerCluster) = 458 
 num [1:4] 455 1 1 1
NULL
R-CCU: dpObj$numberClusters = 4 
List of 2
 $ : num [1, 1, 1:4] 0.333 0.695 0.698 0.569
 $ : num [1, 1, 1:4] 9.03 4.9 2.34 20.84
NULL
R priorParameters: 2 8 
R maxT: 1 
R_PriorDraw_first_mu: 0.6615738 
R_PriorDraw_first_nu: 13.74923 
R-CCU: Before ClusterLabelChange for i = 59 newLabel= 1 currentLabel= 1 
R-CCU: sum(pointsPerCluster) = 458 
 num [1:4] 455 1 1 1
NULL
R-CCU: After ClusterLabelChange for i = 59 
R-CCU: sum(pointsPerCluster) = 459 
 num [1:4] 456 1 1 1
NULL
R-CCU: dpObj$numberClusters = 4 
List of 2
 $ : num [1, 1, 1:4] 0.333 0.695 0.698 0.569
 $ : num [1, 1, 1:4] 9.03 4.9 2.34 20.84
NULL
R priorParameters: 2 8 
R maxT: 1 
R_PriorDraw_first_mu: 0.4827873 
R_PriorDraw_first_nu: 2.51075 
R-CCU: Before ClusterLabelChange for i = 60 newLabel= 1 currentLabel= 1 
R-CCU: sum(pointsPerCluster) = 459 
 num [1:4] 456 1 1 1
NULL
R-CCU: After ClusterLabelChange for i = 60 
R-CCU: sum(pointsPerCluster) = 460 
 num [1:4] 457 1 1 1
NULL
R-CCU: dpObj$numberClusters = 4 
List of 2
 $ : num [1, 1, 1:4] 0.333 0.695 0.698 0.569
 $ : num [1, 1, 1:4] 9.03 4.9 2.34 20.84
NULL
R priorParameters: 2 8 
R maxT: 1 
R_PriorDraw_first_mu: 0.8913312 
R_PriorDraw_first_nu: 3.474469 
R-CCU: Before ClusterLabelChange for i = 61 newLabel= 1 currentLabel= 1 
R-CCU: sum(pointsPerCluster) = 460 
 num [1:4] 457 1 1 1
NULL
R-CCU: After ClusterLabelChange for i = 61 
R-CCU: sum(pointsPerCluster) = 461 
 num [1:4] 458 1 1 1
NULL
R-CCU: dpObj$numberClusters = 4 
List of 2
 $ : num [1, 1, 1:4] 0.333 0.695 0.698 0.569
 $ : num [1, 1, 1:4] 9.03 4.9 2.34 20.84
NULL
R priorParameters: 2 8 
R maxT: 1 
R_PriorDraw_first_mu: 0.03840965 
R_PriorDraw_first_nu: 1.650918 
R-CCU: Before ClusterLabelChange for i = 62 newLabel= 1 currentLabel= 1 
R-CCU: sum(pointsPerCluster) = 461 
 num [1:4] 458 1 1 1
NULL
R-CCU: After ClusterLabelChange for i = 62 
R-CCU: sum(pointsPerCluster) = 462 
 num [1:4] 459 1 1 1
NULL
R-CCU: dpObj$numberClusters = 4 
List of 2
 $ : num [1, 1, 1:4] 0.333 0.695 0.698 0.569
 $ : num [1, 1, 1:4] 9.03 4.9 2.34 20.84
NULL
R priorParameters: 2 8 
R maxT: 1 
R_PriorDraw_first_mu: 0.5332721 
R_PriorDraw_first_nu: 5.242686 
R-CCU: Before ClusterLabelChange for i = 63 newLabel= 1 currentLabel= 1 
R-CCU: sum(pointsPerCluster) = 462 
 num [1:4] 459 1 1 1
NULL
R-CCU: After ClusterLabelChange for i = 63 
R-CCU: sum(pointsPerCluster) = 463 
 num [1:4] 460 1 1 1
NULL
R-CCU: dpObj$numberClusters = 4 
List of 2
 $ : num [1, 1, 1:4] 0.333 0.695 0.698 0.569
 $ : num [1, 1, 1:4] 9.03 4.9 2.34 20.84
NULL
R priorParameters: 2 8 
R maxT: 1 
R_PriorDraw_first_mu: 0.5128153 
R_PriorDraw_first_nu: 3.102852 
R-CCU: Before ClusterLabelChange for i = 64 newLabel= 1 currentLabel= 1 
R-CCU: sum(pointsPerCluster) = 463 
 num [1:4] 460 1 1 1
NULL
R-CCU: After ClusterLabelChange for i = 64 
R-CCU: sum(pointsPerCluster) = 464 
 num [1:4] 461 1 1 1
NULL
R-CCU: dpObj$numberClusters = 4 
List of 2
 $ : num [1, 1, 1:4] 0.333 0.695 0.698 0.569
 $ : num [1, 1, 1:4] 9.03 4.9 2.34 20.84
NULL
R priorParameters: 2 8 
R maxT: 1 
R_PriorDraw_first_mu: 0.2792202 
R_PriorDraw_first_nu: 2.186758 
R-CCU: Before ClusterLabelChange for i = 65 newLabel= 1 currentLabel= 1 
R-CCU: sum(pointsPerCluster) = 464 
 num [1:4] 461 1 1 1
NULL
R-CCU: After ClusterLabelChange for i = 65 
R-CCU: sum(pointsPerCluster) = 465 
 num [1:4] 462 1 1 1
NULL
R-CCU: dpObj$numberClusters = 4 
List of 2
 $ : num [1, 1, 1:4] 0.333 0.695 0.698 0.569
 $ : num [1, 1, 1:4] 9.03 4.9 2.34 20.84
NULL
R priorParameters: 2 8 
R maxT: 1 
R_PriorDraw_first_mu: 0.9890292 
R_PriorDraw_first_nu: 4.426763 
R-CCU: Before ClusterLabelChange for i = 66 newLabel= 1 currentLabel= 1 
R-CCU: sum(pointsPerCluster) = 465 
 num [1:4] 462 1 1 1
NULL
R-CCU: After ClusterLabelChange for i = 66 
R-CCU: sum(pointsPerCluster) = 466 
 num [1:4] 463 1 1 1
NULL
R-CCU: dpObj$numberClusters = 4 
List of 2
 $ : num [1, 1, 1:4] 0.333 0.695 0.698 0.569
 $ : num [1, 1, 1:4] 9.03 4.9 2.34 20.84
NULL
R priorParameters: 2 8 
R maxT: 1 
R_PriorDraw_first_mu: 0.1372588 
R_PriorDraw_first_nu: 3.779227 
R-CCU: Before ClusterLabelChange for i = 67 newLabel= 1 currentLabel= 1 
R-CCU: sum(pointsPerCluster) = 466 
 num [1:4] 463 1 1 1
NULL
R-CCU: After ClusterLabelChange for i = 67 
R-CCU: sum(pointsPerCluster) = 467 
 num [1:4] 464 1 1 1
NULL
R-CCU: dpObj$numberClusters = 4 
List of 2
 $ : num [1, 1, 1:4] 0.333 0.695 0.698 0.569
 $ : num [1, 1, 1:4] 9.03 4.9 2.34 20.84
NULL
R priorParameters: 2 8 
R maxT: 1 
R_PriorDraw_first_mu: 0.7369308 
R_PriorDraw_first_nu: 6.462863 
R-CCU: Before ClusterLabelChange for i = 68 newLabel= 1 currentLabel= 1 
R-CCU: sum(pointsPerCluster) = 467 
 num [1:4] 464 1 1 1
NULL
R-CCU: After ClusterLabelChange for i = 68 
R-CCU: sum(pointsPerCluster) = 468 
 num [1:4] 465 1 1 1
NULL
R-CCU: dpObj$numberClusters = 4 
List of 2
 $ : num [1, 1, 1:4] 0.333 0.695 0.698 0.569
 $ : num [1, 1, 1:4] 9.03 4.9 2.34 20.84
NULL
R priorParameters: 2 8 
R maxT: 1 
R_PriorDraw_first_mu: 0.5254046 
R_PriorDraw_first_nu: 9.377972 
R-CCU: Before ClusterLabelChange for i = 69 newLabel= 1 currentLabel= 1 
R-CCU: sum(pointsPerCluster) = 468 
 num [1:4] 465 1 1 1
NULL
R-CCU: After ClusterLabelChange for i = 69 
R-CCU: sum(pointsPerCluster) = 469 
 num [1:4] 466 1 1 1
NULL
R-CCU: dpObj$numberClusters = 4 
List of 2
 $ : num [1, 1, 1:4] 0.333 0.695 0.698 0.569
 $ : num [1, 1, 1:4] 9.03 4.9 2.34 20.84
NULL
R priorParameters: 2 8 
R maxT: 1 
R_PriorDraw_first_mu: 0.6096068 
R_PriorDraw_first_nu: 3.88229 
R-CCU: Before ClusterLabelChange for i = 70 newLabel= 1 currentLabel= 1 
R-CCU: sum(pointsPerCluster) = 469 
 num [1:4] 466 1 1 1
NULL
R-CCU: After ClusterLabelChange for i = 70 
R-CCU: sum(pointsPerCluster) = 470 
 num [1:4] 467 1 1 1
NULL
R-CCU: dpObj$numberClusters = 4 
List of 2
 $ : num [1, 1, 1:4] 0.333 0.695 0.698 0.569
 $ : num [1, 1, 1:4] 9.03 4.9 2.34 20.84
NULL
R priorParameters: 2 8 
R maxT: 1 
R_PriorDraw_first_mu: 0.2135213 
R_PriorDraw_first_nu: 1.583086 
R-CCU: Before ClusterLabelChange for i = 71 newLabel= 1 currentLabel= 1 
R-CCU: sum(pointsPerCluster) = 470 
 num [1:4] 467 1 1 1
NULL
R-CCU: After ClusterLabelChange for i = 71 
R-CCU: sum(pointsPerCluster) = 471 
 num [1:4] 468 1 1 1
NULL
R-CCU: dpObj$numberClusters = 4 
List of 2
 $ : num [1, 1, 1:4] 0.333 0.695 0.698 0.569
 $ : num [1, 1, 1:4] 9.03 4.9 2.34 20.84
NULL
R priorParameters: 2 8 
R maxT: 1 
R_PriorDraw_first_mu: 0.1942178 
R_PriorDraw_first_nu: 4.842638 
R-CCU: Before ClusterLabelChange for i = 72 newLabel= 1 currentLabel= 1 
R-CCU: sum(pointsPerCluster) = 471 
 num [1:4] 468 1 1 1
NULL
R-CCU: After ClusterLabelChange for i = 72 
R-CCU: sum(pointsPerCluster) = 472 
 num [1:4] 469 1 1 1
NULL
R-CCU: dpObj$numberClusters = 4 
List of 2
 $ : num [1, 1, 1:4] 0.333 0.695 0.698 0.569
 $ : num [1, 1, 1:4] 9.03 4.9 2.34 20.84
NULL
R priorParameters: 2 8 
R maxT: 1 
R_PriorDraw_first_mu: 0.02203223 
R_PriorDraw_first_nu: 5.506407 
R-CCU: Before ClusterLabelChange for i = 73 newLabel= 1 currentLabel= 1 
R-CCU: sum(pointsPerCluster) = 472 
 num [1:4] 469 1 1 1
NULL
R-CCU: After ClusterLabelChange for i = 73 
R-CCU: sum(pointsPerCluster) = 473 
 num [1:4] 470 1 1 1
NULL
R-CCU: dpObj$numberClusters = 4 
List of 2
 $ : num [1, 1, 1:4] 0.333 0.695 0.698 0.569
 $ : num [1, 1, 1:4] 9.03 4.9 2.34 20.84
NULL
R priorParameters: 2 8 
R maxT: 1 
R_PriorDraw_first_mu: 0.7803585 
R_PriorDraw_first_nu: 1.482114 
R-CCU: Before ClusterLabelChange for i = 74 newLabel= 1 currentLabel= 1 
R-CCU: sum(pointsPerCluster) = 473 
 num [1:4] 470 1 1 1
NULL
R-CCU: After ClusterLabelChange for i = 74 
R-CCU: sum(pointsPerCluster) = 474 
 num [1:4] 471 1 1 1
NULL
R-CCU: dpObj$numberClusters = 4 
List of 2
 $ : num [1, 1, 1:4] 0.333 0.695 0.698 0.569
 $ : num [1, 1, 1:4] 9.03 4.9 2.34 20.84
NULL
R priorParameters: 2 8 
R maxT: 1 
R_PriorDraw_first_mu: 0.7121285 
R_PriorDraw_first_nu: 9.731441 
R-CCU: Before ClusterLabelChange for i = 75 newLabel= 1 currentLabel= 1 
R-CCU: sum(pointsPerCluster) = 474 
 num [1:4] 471 1 1 1
NULL
R-CCU: After ClusterLabelChange for i = 75 
R-CCU: sum(pointsPerCluster) = 475 
 num [1:4] 472 1 1 1
NULL
R-CCU: dpObj$numberClusters = 4 
List of 2
 $ : num [1, 1, 1:4] 0.333 0.695 0.698 0.569
 $ : num [1, 1, 1:4] 9.03 4.9 2.34 20.84
NULL
R priorParameters: 2 8 
R maxT: 1 
R_PriorDraw_first_mu: 0.4639657 
R_PriorDraw_first_nu: 2.265301 
R-CCU: Before ClusterLabelChange for i = 76 newLabel= 1 currentLabel= 1 
R-CCU: sum(pointsPerCluster) = 475 
 num [1:4] 472 1 1 1
NULL
R-CCU: After ClusterLabelChange for i = 76 
R-CCU: sum(pointsPerCluster) = 476 
 num [1:4] 473 1 1 1
NULL
R-CCU: dpObj$numberClusters = 4 
List of 2
 $ : num [1, 1, 1:4] 0.333 0.695 0.698 0.569
 $ : num [1, 1, 1:4] 9.03 4.9 2.34 20.84
NULL
R priorParameters: 2 8 
R maxT: 1 
R_PriorDraw_first_mu: 0.1981679 
R_PriorDraw_first_nu: 4.868226 
R-CCU: Before ClusterLabelChange for i = 77 newLabel= 1 currentLabel= 1 
R-CCU: sum(pointsPerCluster) = 476 
 num [1:4] 473 1 1 1
NULL
R-CCU: After ClusterLabelChange for i = 77 
R-CCU: sum(pointsPerCluster) = 477 
 num [1:4] 474 1 1 1
NULL
R-CCU: dpObj$numberClusters = 4 
List of 2
 $ : num [1, 1, 1:4] 0.333 0.695 0.698 0.569
 $ : num [1, 1, 1:4] 9.03 4.9 2.34 20.84
NULL
R priorParameters: 2 8 
R maxT: 1 
R_PriorDraw_first_mu: 0.6178477 
R_PriorDraw_first_nu: 1.279043 
R-CCU: Before ClusterLabelChange for i = 78 newLabel= 1 currentLabel= 1 
R-CCU: sum(pointsPerCluster) = 477 
 num [1:4] 474 1 1 1
NULL
R-CCU: After ClusterLabelChange for i = 78 
R-CCU: sum(pointsPerCluster) = 478 
 num [1:4] 475 1 1 1
NULL
R-CCU: dpObj$numberClusters = 4 
List of 2
 $ : num [1, 1, 1:4] 0.333 0.695 0.698 0.569
 $ : num [1, 1, 1:4] 9.03 4.9 2.34 20.84
NULL
R priorParameters: 2 8 
R maxT: 1 
R_PriorDraw_first_mu: 0.7750314 
R_PriorDraw_first_nu: 6.393152 
R-CCU: Before ClusterLabelChange for i = 79 newLabel= 1 currentLabel= 1 
R-CCU: sum(pointsPerCluster) = 478 
 num [1:4] 475 1 1 1
NULL
R-CCU: After ClusterLabelChange for i = 79 
R-CCU: sum(pointsPerCluster) = 479 
 num [1:4] 476 1 1 1
NULL
R-CCU: dpObj$numberClusters = 4 
List of 2
 $ : num [1, 1, 1:4] 0.333 0.695 0.698 0.569
 $ : num [1, 1, 1:4] 9.03 4.9 2.34 20.84
NULL
R priorParameters: 2 8 
R maxT: 1 
R_PriorDraw_first_mu: 0.4897476 
R_PriorDraw_first_nu: 3.57498 
R-CCU: Before ClusterLabelChange for i = 80 newLabel= 1 currentLabel= 1 
R-CCU: sum(pointsPerCluster) = 479 
 num [1:4] 476 1 1 1
NULL
R-CCU: After ClusterLabelChange for i = 80 
R-CCU: sum(pointsPerCluster) = 480 
 num [1:4] 477 1 1 1
NULL
R-CCU: dpObj$numberClusters = 4 
List of 2
 $ : num [1, 1, 1:4] 0.333 0.695 0.698 0.569
 $ : num [1, 1, 1:4] 9.03 4.9 2.34 20.84
NULL
R priorParameters: 2 8 
R maxT: 1 
R_PriorDraw_first_mu: 0.2007043 
R_PriorDraw_first_nu: 4.624817 
R-CCU: Before ClusterLabelChange for i = 81 newLabel= 1 currentLabel= 1 
R-CCU: sum(pointsPerCluster) = 480 
 num [1:4] 477 1 1 1
NULL
R-CCU: After ClusterLabelChange for i = 81 
R-CCU: sum(pointsPerCluster) = 481 
 num [1:4] 478 1 1 1
NULL
R-CCU: dpObj$numberClusters = 4 
List of 2
 $ : num [1, 1, 1:4] 0.333 0.695 0.698 0.569
 $ : num [1, 1, 1:4] 9.03 4.9 2.34 20.84
NULL
R priorParameters: 2 8 
R maxT: 1 
R_PriorDraw_first_mu: 0.5671238 
R_PriorDraw_first_nu: 4.41536 
R-CCU: Before ClusterLabelChange for i = 82 newLabel= 1 currentLabel= 1 
R-CCU: sum(pointsPerCluster) = 481 
 num [1:4] 478 1 1 1
NULL
R-CCU: After ClusterLabelChange for i = 82 
R-CCU: sum(pointsPerCluster) = 482 
 num [1:4] 479 1 1 1
NULL
R-CCU: dpObj$numberClusters = 4 
List of 2
 $ : num [1, 1, 1:4] 0.333 0.695 0.698 0.569
 $ : num [1, 1, 1:4] 9.03 4.9 2.34 20.84
NULL
R priorParameters: 2 8 
R maxT: 1 
R_PriorDraw_first_mu: 0.7780943 
R_PriorDraw_first_nu: 2.723949 
R-CCU: Before ClusterLabelChange for i = 83 newLabel= 1 currentLabel= 1 
R-CCU: sum(pointsPerCluster) = 482 
 num [1:4] 479 1 1 1
NULL
R-CCU: After ClusterLabelChange for i = 83 
R-CCU: sum(pointsPerCluster) = 483 
 num [1:4] 480 1 1 1
NULL
R-CCU: dpObj$numberClusters = 4 
List of 2
 $ : num [1, 1, 1:4] 0.333 0.695 0.698 0.569
 $ : num [1, 1, 1:4] 9.03 4.9 2.34 20.84
NULL
R priorParameters: 2 8 
R maxT: 1 
R_PriorDraw_first_mu: 0.885147 
R_PriorDraw_first_nu: 2.880955 
R-CCU: Before ClusterLabelChange for i = 84 newLabel= 1 currentLabel= 1 
R-CCU: sum(pointsPerCluster) = 483 
 num [1:4] 480 1 1 1
NULL
R-CCU: After ClusterLabelChange for i = 84 
R-CCU: sum(pointsPerCluster) = 484 
 num [1:4] 481 1 1 1
NULL
R-CCU: dpObj$numberClusters = 4 
List of 2
 $ : num [1, 1, 1:4] 0.333 0.695 0.698 0.569
 $ : num [1, 1, 1:4] 9.03 4.9 2.34 20.84
NULL
R priorParameters: 2 8 
R maxT: 1 
R_PriorDraw_first_mu: 0.0947007 
R_PriorDraw_first_nu: 59.79887 
R-CCU: Before ClusterLabelChange for i = 85 newLabel= 1 currentLabel= 1 
R-CCU: sum(pointsPerCluster) = 484 
 num [1:4] 481 1 1 1
NULL
R-CCU: After ClusterLabelChange for i = 85 
R-CCU: sum(pointsPerCluster) = 485 
 num [1:4] 482 1 1 1
NULL
R-CCU: dpObj$numberClusters = 4 
List of 2
 $ : num [1, 1, 1:4] 0.333 0.695 0.698 0.569
 $ : num [1, 1, 1:4] 9.03 4.9 2.34 20.84
NULL
R priorParameters: 2 8 
R maxT: 1 
R_PriorDraw_first_mu: 0.4839564 
R_PriorDraw_first_nu: 2.587693 
R-CCU: Before ClusterLabelChange for i = 86 newLabel= 1 currentLabel= 1 
R-CCU: sum(pointsPerCluster) = 485 
 num [1:4] 482 1 1 1
NULL
R-CCU: After ClusterLabelChange for i = 86 
R-CCU: sum(pointsPerCluster) = 486 
 num [1:4] 483 1 1 1
NULL
R-CCU: dpObj$numberClusters = 4 
List of 2
 $ : num [1, 1, 1:4] 0.333 0.695 0.698 0.569
 $ : num [1, 1, 1:4] 9.03 4.9 2.34 20.84
NULL
R priorParameters: 2 8 
R maxT: 1 
R_PriorDraw_first_mu: 0.4126381 
R_PriorDraw_first_nu: 3.309805 
R-CCU: Before ClusterLabelChange for i = 87 newLabel= 1 currentLabel= 1 
R-CCU: sum(pointsPerCluster) = 486 
 num [1:4] 483 1 1 1
NULL
R-CCU: After ClusterLabelChange for i = 87 
R-CCU: sum(pointsPerCluster) = 487 
 num [1:4] 484 1 1 1
NULL
R-CCU: dpObj$numberClusters = 4 
List of 2
 $ : num [1, 1, 1:4] 0.333 0.695 0.698 0.569
 $ : num [1, 1, 1:4] 9.03 4.9 2.34 20.84
NULL
R priorParameters: 2 8 
R maxT: 1 
R_PriorDraw_first_mu: 0.7538721 
R_PriorDraw_first_nu: 7.610356 
R-CCU: Before ClusterLabelChange for i = 88 newLabel= 1 currentLabel= 1 
R-CCU: sum(pointsPerCluster) = 487 
 num [1:4] 484 1 1 1
NULL
R-CCU: After ClusterLabelChange for i = 88 
R-CCU: sum(pointsPerCluster) = 488 
 num [1:4] 485 1 1 1
NULL
R-CCU: dpObj$numberClusters = 4 
List of 2
 $ : num [1, 1, 1:4] 0.333 0.695 0.698 0.569
 $ : num [1, 1, 1:4] 9.03 4.9 2.34 20.84
NULL
R priorParameters: 2 8 
R maxT: 1 
R_PriorDraw_first_mu: 0.2055974 
R_PriorDraw_first_nu: 20.05737 
R-CCU: Before ClusterLabelChange for i = 89 newLabel= 1 currentLabel= 1 
R-CCU: sum(pointsPerCluster) = 488 
 num [1:4] 485 1 1 1
NULL
R-CCU: After ClusterLabelChange for i = 89 
R-CCU: sum(pointsPerCluster) = 489 
 num [1:4] 486 1 1 1
NULL
R-CCU: dpObj$numberClusters = 4 
List of 2
 $ : num [1, 1, 1:4] 0.333 0.695 0.698 0.569
 $ : num [1, 1, 1:4] 9.03 4.9 2.34 20.84
NULL
R priorParameters: 2 8 
R maxT: 1 
R_PriorDraw_first_mu: 0.6706269 
R_PriorDraw_first_nu: 1.611156 
R-CCU: Before ClusterLabelChange for i = 90 newLabel= 1 currentLabel= 1 
R-CCU: sum(pointsPerCluster) = 489 
 num [1:4] 486 1 1 1
NULL
R-CCU: After ClusterLabelChange for i = 90 
R-CCU: sum(pointsPerCluster) = 490 
 num [1:4] 487 1 1 1
NULL
R-CCU: dpObj$numberClusters = 4 
List of 2
 $ : num [1, 1, 1:4] 0.333 0.695 0.698 0.569
 $ : num [1, 1, 1:4] 9.03 4.9 2.34 20.84
NULL
R priorParameters: 2 8 
R maxT: 1 
R_PriorDraw_first_mu: 0.7184441 
R_PriorDraw_first_nu: 4.589956 
R-CCU: Before ClusterLabelChange for i = 91 newLabel= 1 currentLabel= 1 
R-CCU: sum(pointsPerCluster) = 490 
 num [1:4] 487 1 1 1
NULL
R-CCU: After ClusterLabelChange for i = 91 
R-CCU: sum(pointsPerCluster) = 491 
 num [1:4] 488 1 1 1
NULL
R-CCU: dpObj$numberClusters = 4 
List of 2
 $ : num [1, 1, 1:4] 0.333 0.695 0.698 0.569
 $ : num [1, 1, 1:4] 9.03 4.9 2.34 20.84
NULL
R priorParameters: 2 8 
R maxT: 1 
R_PriorDraw_first_mu: 0.08886812 
R_PriorDraw_first_nu: 3.81734 
R-CCU: Before ClusterLabelChange for i = 92 newLabel= 1 currentLabel= 1 
R-CCU: sum(pointsPerCluster) = 491 
 num [1:4] 488 1 1 1
NULL
R-CCU: After ClusterLabelChange for i = 92 
R-CCU: sum(pointsPerCluster) = 492 
 num [1:4] 489 1 1 1
NULL
R-CCU: dpObj$numberClusters = 4 
List of 2
 $ : num [1, 1, 1:4] 0.333 0.695 0.698 0.569
 $ : num [1, 1, 1:4] 9.03 4.9 2.34 20.84
NULL
R priorParameters: 2 8 
R maxT: 1 
R_PriorDraw_first_mu: 0.57315 
R_PriorDraw_first_nu: 17.89024 
R-CCU: Before ClusterLabelChange for i = 93 newLabel= 1 currentLabel= 1 
R-CCU: sum(pointsPerCluster) = 492 
 num [1:4] 489 1 1 1
NULL
R-CCU: After ClusterLabelChange for i = 93 
R-CCU: sum(pointsPerCluster) = 493 
 num [1:4] 490 1 1 1
NULL
R-CCU: dpObj$numberClusters = 4 
List of 2
 $ : num [1, 1, 1:4] 0.333 0.695 0.698 0.569
 $ : num [1, 1, 1:4] 9.03 4.9 2.34 20.84
NULL
R priorParameters: 2 8 
R maxT: 1 
R_PriorDraw_first_mu: 0.03334987 
R_PriorDraw_first_nu: 4.966129 
R-CCU: Before ClusterLabelChange for i = 94 newLabel= 1 currentLabel= 1 
R-CCU: sum(pointsPerCluster) = 493 
 num [1:4] 490 1 1 1
NULL
R-CCU: After ClusterLabelChange for i = 94 
R-CCU: sum(pointsPerCluster) = 494 
 num [1:4] 491 1 1 1
NULL
R-CCU: dpObj$numberClusters = 4 
List of 2
 $ : num [1, 1, 1:4] 0.333 0.695 0.698 0.569
 $ : num [1, 1, 1:4] 9.03 4.9 2.34 20.84
NULL
R priorParameters: 2 8 
R maxT: 1 
R_PriorDraw_first_mu: 0.07480847 
R_PriorDraw_first_nu: 4.020106 
R-CCU: Before ClusterLabelChange for i = 95 newLabel= 1 currentLabel= 1 
R-CCU: sum(pointsPerCluster) = 494 
 num [1:4] 491 1 1 1
NULL
R-CCU: After ClusterLabelChange for i = 95 
R-CCU: sum(pointsPerCluster) = 495 
 num [1:4] 492 1 1 1
NULL
R-CCU: dpObj$numberClusters = 4 
List of 2
 $ : num [1, 1, 1:4] 0.333 0.695 0.698 0.569
 $ : num [1, 1, 1:4] 9.03 4.9 2.34 20.84
NULL
R priorParameters: 2 8 
R maxT: 1 
R_PriorDraw_first_mu: 0.9921809 
R_PriorDraw_first_nu: 3.150596 
R-CCU: Before ClusterLabelChange for i = 96 newLabel= 1 currentLabel= 1 
R-CCU: sum(pointsPerCluster) = 495 
 num [1:4] 492 1 1 1
NULL
R-CCU: After ClusterLabelChange for i = 96 
R-CCU: sum(pointsPerCluster) = 496 
 num [1:4] 493 1 1 1
NULL
R-CCU: dpObj$numberClusters = 4 
List of 2
 $ : num [1, 1, 1:4] 0.333 0.695 0.698 0.569
 $ : num [1, 1, 1:4] 9.03 4.9 2.34 20.84
NULL
R priorParameters: 2 8 
R maxT: 1 
R_PriorDraw_first_mu: 0.2068604 
R_PriorDraw_first_nu: 2.824926 
R-CCU: Before ClusterLabelChange for i = 97 newLabel= 1 currentLabel= 1 
R-CCU: sum(pointsPerCluster) = 496 
 num [1:4] 493 1 1 1
NULL
R-CCU: After ClusterLabelChange for i = 97 
R-CCU: sum(pointsPerCluster) = 497 
 num [1:4] 494 1 1 1
NULL
R-CCU: dpObj$numberClusters = 4 
List of 2
 $ : num [1, 1, 1:4] 0.333 0.695 0.698 0.569
 $ : num [1, 1, 1:4] 9.03 4.9 2.34 20.84
NULL
R priorParameters: 2 8 
R maxT: 1 
R_PriorDraw_first_mu: 0.9191525 
R_PriorDraw_first_nu: 2.132287 
R-CCU: Before ClusterLabelChange for i = 98 newLabel= 1 currentLabel= 1 
R-CCU: sum(pointsPerCluster) = 497 
 num [1:4] 494 1 1 1
NULL
R-CCU: After ClusterLabelChange for i = 98 
R-CCU: sum(pointsPerCluster) = 498 
 num [1:4] 495 1 1 1
NULL
R-CCU: dpObj$numberClusters = 4 
List of 2
 $ : num [1, 1, 1:4] 0.333 0.695 0.698 0.569
 $ : num [1, 1, 1:4] 9.03 4.9 2.34 20.84
NULL
R priorParameters: 2 8 
R maxT: 1 
R_PriorDraw_first_mu: 0.5061097 
R_PriorDraw_first_nu: 4.560048 
R-CCU: Before ClusterLabelChange for i = 99 newLabel= 1 currentLabel= 1 
R-CCU: sum(pointsPerCluster) = 498 
 num [1:4] 495 1 1 1
NULL
R-CCU: After ClusterLabelChange for i = 99 
R-CCU: sum(pointsPerCluster) = 499 
 num [1:4] 496 1 1 1
NULL
R-CCU: dpObj$numberClusters = 4 
List of 2
 $ : num [1, 1, 1:4] 0.333 0.695 0.698 0.569
 $ : num [1, 1, 1:4] 9.03 4.9 2.34 20.84
NULL
R priorParameters: 2 8 
R maxT: 1 
R_PriorDraw_first_mu: 0.9389999 
R_PriorDraw_first_nu: 19.33887 
R-CCU: Before ClusterLabelChange for i = 100 newLabel= 1 currentLabel= 1 
R-CCU: sum(pointsPerCluster) = 499 
 num [1:4] 496 1 1 1
NULL
R-CCU: After ClusterLabelChange for i = 100 
R-CCU: sum(pointsPerCluster) = 500 
 num [1:4] 497 1 1 1
NULL
R-CCU: dpObj$numberClusters = 4 
List of 2
 $ : num [1, 1, 1:4] 0.333 0.695 0.698 0.569
 $ : num [1, 1, 1:4] 9.03 4.9 2.34 20.84
NULL
R priorParameters: 2 8 
R maxT: 1 
R_PriorDraw_first_mu: 0.5674493 
R_PriorDraw_first_nu: 5.415117 
R-CCU: Before ClusterLabelChange for i = 1 newLabel= 1 currentLabel= 1 
R-CCU: sum(pointsPerCluster) = 500 
 num [1:4] 497 1 1 1
NULL
R-CCU: After ClusterLabelChange for i = 1 
R-CCU: sum(pointsPerCluster) = 501 
 num [1:4] 498 1 1 1
NULL
R-CCU: dpObj$numberClusters = 4 
List of 2
 $ : num [1, 1, 1:4] 0.333 0.695 0.698 0.277
 $ : num [1, 1, 1:4] 8.46 4.9 2.34 2.02
NULL
R priorParameters: 2 8 
R maxT: 1 
R_PriorDraw_first_mu: 0.4713819 
R_PriorDraw_first_nu: 3.247196 
R-CCU: Before ClusterLabelChange for i = 2 newLabel= 1 currentLabel= 1 
R-CCU: sum(pointsPerCluster) = 501 
 num [1:4] 498 1 1 1
NULL
R-CCU: After ClusterLabelChange for i = 2 
R-CCU: sum(pointsPerCluster) = 502 
 num [1:4] 499 1 1 1
NULL
R-CCU: dpObj$numberClusters = 4 
List of 2
 $ : num [1, 1, 1:4] 0.333 0.695 0.698 0.277
 $ : num [1, 1, 1:4] 8.46 4.9 2.34 2.02
NULL
R priorParameters: 2 8 
R maxT: 1 
R_PriorDraw_first_mu: 0.9515529 
R_PriorDraw_first_nu: 4.323919 
R-CCU: Before ClusterLabelChange for i = 3 newLabel= 1 currentLabel= 1 
R-CCU: sum(pointsPerCluster) = 502 
 num [1:4] 499 1 1 1
NULL
R-CCU: After ClusterLabelChange for i = 3 
R-CCU: sum(pointsPerCluster) = 503 
 num [1:4] 500 1 1 1
NULL
R-CCU: dpObj$numberClusters = 4 
List of 2
 $ : num [1, 1, 1:4] 0.333 0.695 0.698 0.277
 $ : num [1, 1, 1:4] 8.46 4.9 2.34 2.02
NULL
R priorParameters: 2 8 
R maxT: 1 
R_PriorDraw_first_mu: 0.8541517 
R_PriorDraw_first_nu: 7.253669 
R-CCU: Before ClusterLabelChange for i = 4 newLabel= 1 currentLabel= 1 
R-CCU: sum(pointsPerCluster) = 503 
 num [1:4] 500 1 1 1
NULL
R-CCU: After ClusterLabelChange for i = 4 
R-CCU: sum(pointsPerCluster) = 504 
 num [1:4] 501 1 1 1
NULL
R-CCU: dpObj$numberClusters = 4 
List of 2
 $ : num [1, 1, 1:4] 0.333 0.695 0.698 0.277
 $ : num [1, 1, 1:4] 8.46 4.9 2.34 2.02
NULL
R priorParameters: 2 8 
R maxT: 1 
R_PriorDraw_first_mu: 0.5182961 
R_PriorDraw_first_nu: 1.987385 
R-CCU: Before ClusterLabelChange for i = 5 newLabel= 1 currentLabel= 1 
R-CCU: sum(pointsPerCluster) = 504 
 num [1:4] 501 1 1 1
NULL
R-CCU: After ClusterLabelChange for i = 5 
R-CCU: sum(pointsPerCluster) = 505 
 num [1:4] 502 1 1 1
NULL
R-CCU: dpObj$numberClusters = 4 
List of 2
 $ : num [1, 1, 1:4] 0.333 0.695 0.698 0.277
 $ : num [1, 1, 1:4] 8.46 4.9 2.34 2.02
NULL
R priorParameters: 2 8 
R maxT: 1 
R_PriorDraw_first_mu: 0.9648052 
R_PriorDraw_first_nu: 2.772389 
R-CCU: Before ClusterLabelChange for i = 6 newLabel= 1 currentLabel= 1 
R-CCU: sum(pointsPerCluster) = 505 
 num [1:4] 502 1 1 1
NULL
R-CCU: After ClusterLabelChange for i = 6 
R-CCU: sum(pointsPerCluster) = 506 
 num [1:4] 503 1 1 1
NULL
R-CCU: dpObj$numberClusters = 4 
List of 2
 $ : num [1, 1, 1:4] 0.333 0.695 0.698 0.277
 $ : num [1, 1, 1:4] 8.46 4.9 2.34 2.02
NULL
R priorParameters: 2 8 
R maxT: 1 
R_PriorDraw_first_mu: 0.3338307 
R_PriorDraw_first_nu: 4.467897 
R-CCU: Before ClusterLabelChange for i = 7 newLabel= 1 currentLabel= 1 
R-CCU: sum(pointsPerCluster) = 506 
 num [1:4] 503 1 1 1
NULL
R-CCU: After ClusterLabelChange for i = 7 
R-CCU: sum(pointsPerCluster) = 507 
 num [1:4] 504 1 1 1
NULL
R-CCU: dpObj$numberClusters = 4 
List of 2
 $ : num [1, 1, 1:4] 0.333 0.695 0.698 0.277
 $ : num [1, 1, 1:4] 8.46 4.9 2.34 2.02
NULL
R priorParameters: 2 8 
R maxT: 1 
R_PriorDraw_first_mu: 0.2436736 
R_PriorDraw_first_nu: 5.844349 
R-CCU: Before ClusterLabelChange for i = 8 newLabel= 1 currentLabel= 1 
R-CCU: sum(pointsPerCluster) = 507 
 num [1:4] 504 1 1 1
NULL
R-CCU: After ClusterLabelChange for i = 8 
R-CCU: sum(pointsPerCluster) = 508 
 num [1:4] 505 1 1 1
NULL
R-CCU: dpObj$numberClusters = 4 
List of 2
 $ : num [1, 1, 1:4] 0.333 0.695 0.698 0.277
 $ : num [1, 1, 1:4] 8.46 4.9 2.34 2.02
NULL
R priorParameters: 2 8 
R maxT: 1 
R_PriorDraw_first_mu: 0.3291964 
R_PriorDraw_first_nu: 6.02167 
R-CCU: Before ClusterLabelChange for i = 9 newLabel= 1 currentLabel= 1 
R-CCU: sum(pointsPerCluster) = 508 
 num [1:4] 505 1 1 1
NULL
R-CCU: After ClusterLabelChange for i = 9 
R-CCU: sum(pointsPerCluster) = 509 
 num [1:4] 506 1 1 1
NULL
R-CCU: dpObj$numberClusters = 4 
List of 2
 $ : num [1, 1, 1:4] 0.333 0.695 0.698 0.277
 $ : num [1, 1, 1:4] 8.46 4.9 2.34 2.02
NULL
R priorParameters: 2 8 
R maxT: 1 
R_PriorDraw_first_mu: 0.003186607 
R_PriorDraw_first_nu: 2.412909 
R-CCU: Before ClusterLabelChange for i = 10 newLabel= 1 currentLabel= 1 
R-CCU: sum(pointsPerCluster) = 509 
 num [1:4] 506 1 1 1
NULL
R-CCU: After ClusterLabelChange for i = 10 
R-CCU: sum(pointsPerCluster) = 510 
 num [1:4] 507 1 1 1
NULL
R-CCU: dpObj$numberClusters = 4 
List of 2
 $ : num [1, 1, 1:4] 0.333 0.695 0.698 0.277
 $ : num [1, 1, 1:4] 8.46 4.9 2.34 2.02
NULL
R priorParameters: 2 8 
R maxT: 1 
R_PriorDraw_first_mu: 0.4878269 
R_PriorDraw_first_nu: 2.61199 
R-CCU: Before ClusterLabelChange for i = 11 newLabel= 1 currentLabel= 1 
R-CCU: sum(pointsPerCluster) = 510 
 num [1:4] 507 1 1 1
NULL
R-CCU: After ClusterLabelChange for i = 11 
R-CCU: sum(pointsPerCluster) = 511 
 num [1:4] 508 1 1 1
NULL
R-CCU: dpObj$numberClusters = 4 
List of 2
 $ : num [1, 1, 1:4] 0.333 0.695 0.698 0.277
 $ : num [1, 1, 1:4] 8.46 4.9 2.34 2.02
NULL
R priorParameters: 2 8 
R maxT: 1 
R_PriorDraw_first_mu: 0.1341592 
R_PriorDraw_first_nu: 6.905476 
R-CCU: Before ClusterLabelChange for i = 12 newLabel= 1 currentLabel= 1 
R-CCU: sum(pointsPerCluster) = 511 
 num [1:4] 508 1 1 1
NULL
R-CCU: After ClusterLabelChange for i = 12 
R-CCU: sum(pointsPerCluster) = 512 
 num [1:4] 509 1 1 1
NULL
R-CCU: dpObj$numberClusters = 4 
List of 2
 $ : num [1, 1, 1:4] 0.333 0.695 0.698 0.277
 $ : num [1, 1, 1:4] 8.46 4.9 2.34 2.02
NULL
R priorParameters: 2 8 
R maxT: 1 
R_PriorDraw_first_mu: 0.2641128 
R_PriorDraw_first_nu: 1.790249 
R-CCU: Before ClusterLabelChange for i = 13 newLabel= 1 currentLabel= 1 
R-CCU: sum(pointsPerCluster) = 512 
 num [1:4] 509 1 1 1
NULL
R-CCU: After ClusterLabelChange for i = 13 
R-CCU: sum(pointsPerCluster) = 513 
 num [1:4] 510 1 1 1
NULL
R-CCU: dpObj$numberClusters = 4 
List of 2
 $ : num [1, 1, 1:4] 0.333 0.695 0.698 0.277
 $ : num [1, 1, 1:4] 8.46 4.9 2.34 2.02
NULL
R priorParameters: 2 8 
R maxT: 1 
R_PriorDraw_first_mu: 0.8773118 
R_PriorDraw_first_nu: 5.694261 
R-CCU: Before ClusterLabelChange for i = 14 newLabel= 1 currentLabel= 1 
R-CCU: sum(pointsPerCluster) = 513 
 num [1:4] 510 1 1 1
NULL
R-CCU: After ClusterLabelChange for i = 14 
R-CCU: sum(pointsPerCluster) = 514 
 num [1:4] 511 1 1 1
NULL
R-CCU: dpObj$numberClusters = 4 
List of 2
 $ : num [1, 1, 1:4] 0.333 0.695 0.698 0.277
 $ : num [1, 1, 1:4] 8.46 4.9 2.34 2.02
NULL
R priorParameters: 2 8 
R maxT: 1 
R_PriorDraw_first_mu: 0.1508186 
R_PriorDraw_first_nu: 5.063528 
R-CCU: Before ClusterLabelChange for i = 15 newLabel= 1 currentLabel= 1 
R-CCU: sum(pointsPerCluster) = 514 
 num [1:4] 511 1 1 1
NULL
R-CCU: After ClusterLabelChange for i = 15 
R-CCU: sum(pointsPerCluster) = 515 
 num [1:4] 512 1 1 1
NULL
R-CCU: dpObj$numberClusters = 4 
List of 2
 $ : num [1, 1, 1:4] 0.333 0.695 0.698 0.277
 $ : num [1, 1, 1:4] 8.46 4.9 2.34 2.02
NULL
R priorParameters: 2 8 
R maxT: 1 
R_PriorDraw_first_mu: 0.1863679 
R_PriorDraw_first_nu: 2.03455 
R-CCU: Before ClusterLabelChange for i = 16 newLabel= 1 currentLabel= 1 
R-CCU: sum(pointsPerCluster) = 515 
 num [1:4] 512 1 1 1
NULL
R-CCU: After ClusterLabelChange for i = 16 
R-CCU: sum(pointsPerCluster) = 516 
 num [1:4] 513 1 1 1
NULL
R-CCU: dpObj$numberClusters = 4 
List of 2
 $ : num [1, 1, 1:4] 0.333 0.695 0.698 0.277
 $ : num [1, 1, 1:4] 8.46 4.9 2.34 2.02
NULL
R priorParameters: 2 8 
R maxT: 1 
R_PriorDraw_first_mu: 0.1110025 
R_PriorDraw_first_nu: 2.392952 
R-CCU: Before ClusterLabelChange for i = 17 newLabel= 1 currentLabel= 1 
R-CCU: sum(pointsPerCluster) = 516 
 num [1:4] 513 1 1 1
NULL
R-CCU: After ClusterLabelChange for i = 17 
R-CCU: sum(pointsPerCluster) = 517 
 num [1:4] 514 1 1 1
NULL
R-CCU: dpObj$numberClusters = 4 
List of 2
 $ : num [1, 1, 1:4] 0.333 0.695 0.698 0.277
 $ : num [1, 1, 1:4] 8.46 4.9 2.34 2.02
NULL
R priorParameters: 2 8 
R maxT: 1 
R_PriorDraw_first_mu: 0.9364113 
R_PriorDraw_first_nu: 3.599456 
R-CCU: Before ClusterLabelChange for i = 18 newLabel= 1 currentLabel= 1 
R-CCU: sum(pointsPerCluster) = 517 
 num [1:4] 514 1 1 1
NULL
R-CCU: After ClusterLabelChange for i = 18 
R-CCU: sum(pointsPerCluster) = 518 
 num [1:4] 515 1 1 1
NULL
R-CCU: dpObj$numberClusters = 4 
List of 2
 $ : num [1, 1, 1:4] 0.333 0.695 0.698 0.277
 $ : num [1, 1, 1:4] 8.46 4.9 2.34 2.02
NULL
R priorParameters: 2 8 
R maxT: 1 
R_PriorDraw_first_mu: 0.2268351 
R_PriorDraw_first_nu: 2.265571 
R-CCU: Before ClusterLabelChange for i = 19 newLabel= 1 currentLabel= 1 
R-CCU: sum(pointsPerCluster) = 518 
 num [1:4] 515 1 1 1
NULL
R-CCU: After ClusterLabelChange for i = 19 
R-CCU: sum(pointsPerCluster) = 519 
 num [1:4] 516 1 1 1
NULL
R-CCU: dpObj$numberClusters = 4 
List of 2
 $ : num [1, 1, 1:4] 0.333 0.695 0.698 0.277
 $ : num [1, 1, 1:4] 8.46 4.9 2.34 2.02
NULL
R priorParameters: 2 8 
R maxT: 1 
R_PriorDraw_first_mu: 0.04190878 
R_PriorDraw_first_nu: 14.13806 
R-CCU: Before ClusterLabelChange for i = 20 newLabel= 1 currentLabel= 1 
R-CCU: sum(pointsPerCluster) = 519 
 num [1:4] 516 1 1 1
NULL
R-CCU: After ClusterLabelChange for i = 20 
R-CCU: sum(pointsPerCluster) = 520 
 num [1:4] 517 1 1 1
NULL
R-CCU: dpObj$numberClusters = 4 
List of 2
 $ : num [1, 1, 1:4] 0.333 0.695 0.698 0.277
 $ : num [1, 1, 1:4] 8.46 4.9 2.34 2.02
NULL
R priorParameters: 2 8 
R maxT: 1 
R_PriorDraw_first_mu: 0.7367134 
R_PriorDraw_first_nu: 10.87411 
R-CCU: Before ClusterLabelChange for i = 21 newLabel= 1 currentLabel= 1 
R-CCU: sum(pointsPerCluster) = 520 
 num [1:4] 517 1 1 1
NULL
R-CCU: After ClusterLabelChange for i = 21 
R-CCU: sum(pointsPerCluster) = 521 
 num [1:4] 518 1 1 1
NULL
R-CCU: dpObj$numberClusters = 4 
List of 2
 $ : num [1, 1, 1:4] 0.333 0.695 0.698 0.277
 $ : num [1, 1, 1:4] 8.46 4.9 2.34 2.02
NULL
R priorParameters: 2 8 
R maxT: 1 
R_PriorDraw_first_mu: 0.1104604 
R_PriorDraw_first_nu: 4.016845 
R-CCU: Before ClusterLabelChange for i = 22 newLabel= 1 currentLabel= 1 
R-CCU: sum(pointsPerCluster) = 521 
 num [1:4] 518 1 1 1
NULL
R-CCU: After ClusterLabelChange for i = 22 
R-CCU: sum(pointsPerCluster) = 522 
 num [1:4] 519 1 1 1
NULL
R-CCU: dpObj$numberClusters = 4 
List of 2
 $ : num [1, 1, 1:4] 0.333 0.695 0.698 0.277
 $ : num [1, 1, 1:4] 8.46 4.9 2.34 2.02
NULL
R priorParameters: 2 8 
R maxT: 1 
R_PriorDraw_first_mu: 0.6053071 
R_PriorDraw_first_nu: 3.538604 
R-CCU: Before ClusterLabelChange for i = 23 newLabel= 1 currentLabel= 1 
R-CCU: sum(pointsPerCluster) = 522 
 num [1:4] 519 1 1 1
NULL
R-CCU: After ClusterLabelChange for i = 23 
R-CCU: sum(pointsPerCluster) = 523 
 num [1:4] 520 1 1 1
NULL
R-CCU: dpObj$numberClusters = 4 
List of 2
 $ : num [1, 1, 1:4] 0.333 0.695 0.698 0.277
 $ : num [1, 1, 1:4] 8.46 4.9 2.34 2.02
NULL
R priorParameters: 2 8 
R maxT: 1 
R_PriorDraw_first_mu: 0.4312359 
R_PriorDraw_first_nu: 11.84778 
R-CCU: Before ClusterLabelChange for i = 24 newLabel= 1 currentLabel= 1 
R-CCU: sum(pointsPerCluster) = 523 
 num [1:4] 520 1 1 1
NULL
R-CCU: After ClusterLabelChange for i = 24 
R-CCU: sum(pointsPerCluster) = 524 
 num [1:4] 521 1 1 1
NULL
R-CCU: dpObj$numberClusters = 4 
List of 2
 $ : num [1, 1, 1:4] 0.333 0.695 0.698 0.277
 $ : num [1, 1, 1:4] 8.46 4.9 2.34 2.02
NULL
R priorParameters: 2 8 
R maxT: 1 
R_PriorDraw_first_mu: 0.4450792 
R_PriorDraw_first_nu: 4.445967 
R-CCU: Before ClusterLabelChange for i = 25 newLabel= 1 currentLabel= 1 
R-CCU: sum(pointsPerCluster) = 524 
 num [1:4] 521 1 1 1
NULL
R-CCU: After ClusterLabelChange for i = 25 
R-CCU: sum(pointsPerCluster) = 525 
 num [1:4] 522 1 1 1
NULL
R-CCU: dpObj$numberClusters = 4 
List of 2
 $ : num [1, 1, 1:4] 0.333 0.695 0.698 0.277
 $ : num [1, 1, 1:4] 8.46 4.9 2.34 2.02
NULL
R priorParameters: 2 8 
R maxT: 1 
R_PriorDraw_first_mu: 0.1635581 
R_PriorDraw_first_nu: 11.18064 
R-CCU: Before ClusterLabelChange for i = 26 newLabel= 1 currentLabel= 1 
R-CCU: sum(pointsPerCluster) = 525 
 num [1:4] 522 1 1 1
NULL
R-CCU: After ClusterLabelChange for i = 26 
R-CCU: sum(pointsPerCluster) = 526 
 num [1:4] 523 1 1 1
NULL
R-CCU: dpObj$numberClusters = 4 
List of 2
 $ : num [1, 1, 1:4] 0.333 0.695 0.698 0.277
 $ : num [1, 1, 1:4] 8.46 4.9 2.34 2.02
NULL
R priorParameters: 2 8 
R maxT: 1 
R_PriorDraw_first_mu: 0.9939581 
R_PriorDraw_first_nu: 13.40785 
R-CCU: Before ClusterLabelChange for i = 27 newLabel= 1 currentLabel= 1 
R-CCU: sum(pointsPerCluster) = 526 
 num [1:4] 523 1 1 1
NULL
R-CCU: After ClusterLabelChange for i = 27 
R-CCU: sum(pointsPerCluster) = 527 
 num [1:4] 524 1 1 1
NULL
R-CCU: dpObj$numberClusters = 4 
List of 2
 $ : num [1, 1, 1:4] 0.333 0.695 0.698 0.277
 $ : num [1, 1, 1:4] 8.46 4.9 2.34 2.02
NULL
R priorParameters: 2 8 
R maxT: 1 
R_PriorDraw_first_mu: 0.7594431 
R_PriorDraw_first_nu: 4.580234 
R-CCU: Before ClusterLabelChange for i = 28 newLabel= 1 currentLabel= 1 
R-CCU: sum(pointsPerCluster) = 527 
 num [1:4] 524 1 1 1
NULL
R-CCU: After ClusterLabelChange for i = 28 
R-CCU: sum(pointsPerCluster) = 528 
 num [1:4] 525 1 1 1
NULL
R-CCU: dpObj$numberClusters = 4 
List of 2
 $ : num [1, 1, 1:4] 0.333 0.695 0.698 0.277
 $ : num [1, 1, 1:4] 8.46 4.9 2.34 2.02
NULL
R priorParameters: 2 8 
R maxT: 1 
R_PriorDraw_first_mu: 0.7522027 
R_PriorDraw_first_nu: 7.235893 
R-CCU: Before ClusterLabelChange for i = 29 newLabel= 1 currentLabel= 1 
R-CCU: sum(pointsPerCluster) = 528 
 num [1:4] 525 1 1 1
NULL
R-CCU: After ClusterLabelChange for i = 29 
R-CCU: sum(pointsPerCluster) = 529 
 num [1:4] 526 1 1 1
NULL
R-CCU: dpObj$numberClusters = 4 
List of 2
 $ : num [1, 1, 1:4] 0.333 0.695 0.698 0.277
 $ : num [1, 1, 1:4] 8.46 4.9 2.34 2.02
NULL
R priorParameters: 2 8 
R maxT: 1 
R_PriorDraw_first_mu: 0.8563692 
R_PriorDraw_first_nu: 4.177009 
R-CCU: Before ClusterLabelChange for i = 30 newLabel= 1 currentLabel= 1 
R-CCU: sum(pointsPerCluster) = 529 
 num [1:4] 526 1 1 1
NULL
R-CCU: After ClusterLabelChange for i = 30 
R-CCU: sum(pointsPerCluster) = 530 
 num [1:4] 527 1 1 1
NULL
R-CCU: dpObj$numberClusters = 4 
List of 2
 $ : num [1, 1, 1:4] 0.333 0.695 0.698 0.277
 $ : num [1, 1, 1:4] 8.46 4.9 2.34 2.02
NULL
R priorParameters: 2 8 
R maxT: 1 
R_PriorDraw_first_mu: 0.7923544 
R_PriorDraw_first_nu: 9.796371 
R-CCU: Before ClusterLabelChange for i = 31 newLabel= 1 currentLabel= 1 
R-CCU: sum(pointsPerCluster) = 530 
 num [1:4] 527 1 1 1
NULL
R-CCU: After ClusterLabelChange for i = 31 
R-CCU: sum(pointsPerCluster) = 531 
 num [1:4] 528 1 1 1
NULL
R-CCU: dpObj$numberClusters = 4 
List of 2
 $ : num [1, 1, 1:4] 0.333 0.695 0.698 0.277
 $ : num [1, 1, 1:4] 8.46 4.9 2.34 2.02
NULL
R priorParameters: 2 8 
R maxT: 1 
R_PriorDraw_first_mu: 0.2108415 
R_PriorDraw_first_nu: 5.431554 
R-CCU: Before ClusterLabelChange for i = 32 newLabel= 1 currentLabel= 1 
R-CCU: sum(pointsPerCluster) = 531 
 num [1:4] 528 1 1 1
NULL
R-CCU: After ClusterLabelChange for i = 32 
R-CCU: sum(pointsPerCluster) = 532 
 num [1:4] 529 1 1 1
NULL
R-CCU: dpObj$numberClusters = 4 
List of 2
 $ : num [1, 1, 1:4] 0.333 0.695 0.698 0.277
 $ : num [1, 1, 1:4] 8.46 4.9 2.34 2.02
NULL
R priorParameters: 2 8 
R maxT: 1 
R_PriorDraw_first_mu: 0.7203822 
R_PriorDraw_first_nu: 5.769735 
R-CCU: Before ClusterLabelChange for i = 33 newLabel= 1 currentLabel= 1 
R-CCU: sum(pointsPerCluster) = 532 
 num [1:4] 529 1 1 1
NULL
R-CCU: After ClusterLabelChange for i = 33 
R-CCU: sum(pointsPerCluster) = 533 
 num [1:4] 530 1 1 1
NULL
R-CCU: dpObj$numberClusters = 4 
List of 2
 $ : num [1, 1, 1:4] 0.333 0.695 0.698 0.277
 $ : num [1, 1, 1:4] 8.46 4.9 2.34 2.02
NULL
R priorParameters: 2 8 
R maxT: 1 
R_PriorDraw_first_mu: 0.452121 
R_PriorDraw_first_nu: 3.023259 
R-CCU: Before ClusterLabelChange for i = 34 newLabel= 1 currentLabel= 1 
R-CCU: sum(pointsPerCluster) = 533 
 num [1:4] 530 1 1 1
NULL
R-CCU: After ClusterLabelChange for i = 34 
R-CCU: sum(pointsPerCluster) = 534 
 num [1:4] 531 1 1 1
NULL
R-CCU: dpObj$numberClusters = 4 
List of 2
 $ : num [1, 1, 1:4] 0.333 0.695 0.698 0.277
 $ : num [1, 1, 1:4] 8.46 4.9 2.34 2.02
NULL
R priorParameters: 2 8 
R maxT: 1 
R_PriorDraw_first_mu: 0.4877095 
R_PriorDraw_first_nu: 2.320819 
R-CCU: Before ClusterLabelChange for i = 35 newLabel= 1 currentLabel= 4 
R-CCU: sum(pointsPerCluster) = 534 
 num [1:4] 531 1 1 1
NULL
R-CCU: After ClusterLabelChange for i = 35 
R-CCU: sum(pointsPerCluster) = 535 
 num [1:4] 532 1 1 1
NULL
R-CCU: dpObj$numberClusters = 4 
List of 2
 $ : num [1, 1, 1:4] 0.333 0.695 0.698 0.277
 $ : num [1, 1, 1:4] 8.46 4.9 2.34 2.02
NULL
R priorParameters: 2 8 
R maxT: 1 
R_PriorDraw_first_mu: 0.04320521 
R_PriorDraw_first_nu: 5.352139 
R-CCU: Before ClusterLabelChange for i = 36 newLabel= 1 currentLabel= 1 
R-CCU: sum(pointsPerCluster) = 535 
 num [1:4] 532 1 1 1
NULL
R-CCU: After ClusterLabelChange for i = 36 
R-CCU: sum(pointsPerCluster) = 536 
 num [1:4] 533 1 1 1
NULL
R-CCU: dpObj$numberClusters = 4 
List of 2
 $ : num [1, 1, 1:4] 0.333 0.695 0.698 0.277
 $ : num [1, 1, 1:4] 8.46 4.9 2.34 2.02
NULL
R priorParameters: 2 8 
R maxT: 1 
R_PriorDraw_first_mu: 0.2560737 
R_PriorDraw_first_nu: 7.150771 
R-CCU: Before ClusterLabelChange for i = 37 newLabel= 1 currentLabel= 1 
R-CCU: sum(pointsPerCluster) = 536 
 num [1:4] 533 1 1 1
NULL
R-CCU: After ClusterLabelChange for i = 37 
R-CCU: sum(pointsPerCluster) = 537 
 num [1:4] 534 1 1 1
NULL
R-CCU: dpObj$numberClusters = 4 
List of 2
 $ : num [1, 1, 1:4] 0.333 0.695 0.698 0.277
 $ : num [1, 1, 1:4] 8.46 4.9 2.34 2.02
NULL
R priorParameters: 2 8 
R maxT: 1 
R_PriorDraw_first_mu: 0.3512211 
R_PriorDraw_first_nu: 5.151352 
R-CCU: Before ClusterLabelChange for i = 38 newLabel= 1 currentLabel= 1 
R-CCU: sum(pointsPerCluster) = 537 
 num [1:4] 534 1 1 1
NULL
R-CCU: After ClusterLabelChange for i = 38 
R-CCU: sum(pointsPerCluster) = 538 
 num [1:4] 535 1 1 1
NULL
R-CCU: dpObj$numberClusters = 4 
List of 2
 $ : num [1, 1, 1:4] 0.333 0.695 0.698 0.277
 $ : num [1, 1, 1:4] 8.46 4.9 2.34 2.02
NULL
R priorParameters: 2 8 
R maxT: 1 
R_PriorDraw_first_mu: 0.004659404 
R_PriorDraw_first_nu: 3.856949 
R-CCU: Before ClusterLabelChange for i = 39 newLabel= 1 currentLabel= 1 
R-CCU: sum(pointsPerCluster) = 538 
 num [1:4] 535 1 1 1
NULL
R-CCU: After ClusterLabelChange for i = 39 
R-CCU: sum(pointsPerCluster) = 539 
 num [1:4] 536 1 1 1
NULL
R-CCU: dpObj$numberClusters = 4 
List of 2
 $ : num [1, 1, 1:4] 0.333 0.695 0.698 0.277
 $ : num [1, 1, 1:4] 8.46 4.9 2.34 2.02
NULL
R priorParameters: 2 8 
R maxT: 1 
R_PriorDraw_first_mu: 0.2369858 
R_PriorDraw_first_nu: 2.54053 
R-CCU: Before ClusterLabelChange for i = 40 newLabel= 1 currentLabel= 1 
R-CCU: sum(pointsPerCluster) = 539 
 num [1:4] 536 1 1 1
NULL
R-CCU: After ClusterLabelChange for i = 40 
R-CCU: sum(pointsPerCluster) = 540 
 num [1:4] 537 1 1 1
NULL
R-CCU: dpObj$numberClusters = 4 
List of 2
 $ : num [1, 1, 1:4] 0.333 0.695 0.698 0.277
 $ : num [1, 1, 1:4] 8.46 4.9 2.34 2.02
NULL
R priorParameters: 2 8 
R maxT: 1 
R_PriorDraw_first_mu: 0.281573 
R_PriorDraw_first_nu: 3.231212 
R-CCU: Before ClusterLabelChange for i = 41 newLabel= 1 currentLabel= 1 
R-CCU: sum(pointsPerCluster) = 540 
 num [1:4] 537 1 1 1
NULL
R-CCU: After ClusterLabelChange for i = 41 
R-CCU: sum(pointsPerCluster) = 541 
 num [1:4] 538 1 1 1
NULL
R-CCU: dpObj$numberClusters = 4 
List of 2
 $ : num [1, 1, 1:4] 0.333 0.695 0.698 0.277
 $ : num [1, 1, 1:4] 8.46 4.9 2.34 2.02
NULL
R priorParameters: 2 8 
R maxT: 1 
R_PriorDraw_first_mu: 0.03757294 
R_PriorDraw_first_nu: 2.607202 
R-CCU: Before ClusterLabelChange for i = 42 newLabel= 1 currentLabel= 1 
R-CCU: sum(pointsPerCluster) = 541 
 num [1:4] 538 1 1 1
NULL
R-CCU: After ClusterLabelChange for i = 42 
R-CCU: sum(pointsPerCluster) = 542 
 num [1:4] 539 1 1 1
NULL
R-CCU: dpObj$numberClusters = 4 
List of 2
 $ : num [1, 1, 1:4] 0.333 0.695 0.698 0.277
 $ : num [1, 1, 1:4] 8.46 4.9 2.34 2.02
NULL
R priorParameters: 2 8 
R maxT: 1 
R_PriorDraw_first_mu: 0.1501384 
R_PriorDraw_first_nu: 1.740589 
R-CCU: Before ClusterLabelChange for i = 43 newLabel= 1 currentLabel= 1 
R-CCU: sum(pointsPerCluster) = 542 
 num [1:4] 539 1 1 1
NULL
R-CCU: After ClusterLabelChange for i = 43 
R-CCU: sum(pointsPerCluster) = 543 
 num [1:4] 540 1 1 1
NULL
R-CCU: dpObj$numberClusters = 4 
List of 2
 $ : num [1, 1, 1:4] 0.333 0.695 0.698 0.277
 $ : num [1, 1, 1:4] 8.46 4.9 2.34 2.02
NULL
R priorParameters: 2 8 
R maxT: 1 
R_PriorDraw_first_mu: 0.05968391 
R_PriorDraw_first_nu: 2.297393 
R-CCU: Before ClusterLabelChange for i = 44 newLabel= 1 currentLabel= 1 
R-CCU: sum(pointsPerCluster) = 543 
 num [1:4] 540 1 1 1
NULL
R-CCU: After ClusterLabelChange for i = 44 
R-CCU: sum(pointsPerCluster) = 544 
 num [1:4] 541 1 1 1
NULL
R-CCU: dpObj$numberClusters = 4 
List of 2
 $ : num [1, 1, 1:4] 0.333 0.695 0.698 0.277
 $ : num [1, 1, 1:4] 8.46 4.9 2.34 2.02
NULL
R priorParameters: 2 8 
R maxT: 1 
R_PriorDraw_first_mu: 0.5768179 
R_PriorDraw_first_nu: 48.70768 
R-CCU: Before ClusterLabelChange for i = 45 newLabel= 1 currentLabel= 1 
R-CCU: sum(pointsPerCluster) = 544 
 num [1:4] 541 1 1 1
NULL
R-CCU: After ClusterLabelChange for i = 45 
R-CCU: sum(pointsPerCluster) = 545 
 num [1:4] 542 1 1 1
NULL
R-CCU: dpObj$numberClusters = 4 
List of 2
 $ : num [1, 1, 1:4] 0.333 0.695 0.698 0.277
 $ : num [1, 1, 1:4] 8.46 4.9 2.34 2.02
NULL
R priorParameters: 2 8 
R maxT: 1 
R_PriorDraw_first_mu: 0.7035084 
R_PriorDraw_first_nu: 7.426932 
R-CCU: Before ClusterLabelChange for i = 46 newLabel= 1 currentLabel= 1 
R-CCU: sum(pointsPerCluster) = 545 
 num [1:4] 542 1 1 1
NULL
R-CCU: After ClusterLabelChange for i = 46 
R-CCU: sum(pointsPerCluster) = 546 
 num [1:4] 543 1 1 1
NULL
R-CCU: dpObj$numberClusters = 4 
List of 2
 $ : num [1, 1, 1:4] 0.333 0.695 0.698 0.277
 $ : num [1, 1, 1:4] 8.46 4.9 2.34 2.02
NULL
R priorParameters: 2 8 
R maxT: 1 
R_PriorDraw_first_mu: 0.9657729 
R_PriorDraw_first_nu: 5.946115 
R-CCU: Before ClusterLabelChange for i = 47 newLabel= 1 currentLabel= 1 
R-CCU: sum(pointsPerCluster) = 546 
 num [1:4] 543 1 1 1
NULL
R-CCU: After ClusterLabelChange for i = 47 
R-CCU: sum(pointsPerCluster) = 547 
 num [1:4] 544 1 1 1
NULL
R-CCU: dpObj$numberClusters = 4 
List of 2
 $ : num [1, 1, 1:4] 0.333 0.695 0.698 0.277
 $ : num [1, 1, 1:4] 8.46 4.9 2.34 2.02
NULL
R priorParameters: 2 8 
R maxT: 1 
R_PriorDraw_first_mu: 0.7602755 
R_PriorDraw_first_nu: 2.975454 
R-CCU: Before ClusterLabelChange for i = 48 newLabel= 1 currentLabel= 1 
R-CCU: sum(pointsPerCluster) = 547 
 num [1:4] 544 1 1 1
NULL
R-CCU: After ClusterLabelChange for i = 48 
R-CCU: sum(pointsPerCluster) = 548 
 num [1:4] 545 1 1 1
NULL
R-CCU: dpObj$numberClusters = 4 
List of 2
 $ : num [1, 1, 1:4] 0.333 0.695 0.698 0.277
 $ : num [1, 1, 1:4] 8.46 4.9 2.34 2.02
NULL
R priorParameters: 2 8 
R maxT: 1 
R_PriorDraw_first_mu: 0.6176066 
R_PriorDraw_first_nu: 9.304139 
R-CCU: Before ClusterLabelChange for i = 49 newLabel= 1 currentLabel= 1 
R-CCU: sum(pointsPerCluster) = 548 
 num [1:4] 545 1 1 1
NULL
R-CCU: After ClusterLabelChange for i = 49 
R-CCU: sum(pointsPerCluster) = 549 
 num [1:4] 546 1 1 1
NULL
R-CCU: dpObj$numberClusters = 4 
List of 2
 $ : num [1, 1, 1:4] 0.333 0.695 0.698 0.277
 $ : num [1, 1, 1:4] 8.46 4.9 2.34 2.02
NULL
R priorParameters: 2 8 
R maxT: 1 
R_PriorDraw_first_mu: 0.9955466 
R_PriorDraw_first_nu: 6.345687 
R-CCU: Before ClusterLabelChange for i = 50 newLabel= 1 currentLabel= 1 
R-CCU: sum(pointsPerCluster) = 549 
 num [1:4] 546 1 1 1
NULL
R-CCU: After ClusterLabelChange for i = 50 
R-CCU: sum(pointsPerCluster) = 550 
 num [1:4] 547 1 1 1
NULL
R-CCU: dpObj$numberClusters = 4 
List of 2
 $ : num [1, 1, 1:4] 0.333 0.695 0.698 0.277
 $ : num [1, 1, 1:4] 8.46 4.9 2.34 2.02
NULL
R priorParameters: 2 8 
R maxT: 1 
R_PriorDraw_first_mu: 0.2250537 
R_PriorDraw_first_nu: 3.574865 
R-CCU: Before ClusterLabelChange for i = 51 newLabel= 1 currentLabel= 1 
R-CCU: sum(pointsPerCluster) = 550 
 num [1:4] 547 1 1 1
NULL
R-CCU: After ClusterLabelChange for i = 51 
R-CCU: sum(pointsPerCluster) = 551 
 num [1:4] 548 1 1 1
NULL
R-CCU: dpObj$numberClusters = 4 
List of 2
 $ : num [1, 1, 1:4] 0.333 0.695 0.698 0.277
 $ : num [1, 1, 1:4] 8.46 4.9 2.34 2.02
NULL
R priorParameters: 2 8 
R maxT: 1 
R_PriorDraw_first_mu: 0.6591887 
R_PriorDraw_first_nu: 2.507334 
R-CCU: Before ClusterLabelChange for i = 52 newLabel= 1 currentLabel= 1 
R-CCU: sum(pointsPerCluster) = 551 
 num [1:4] 548 1 1 1
NULL
R-CCU: After ClusterLabelChange for i = 52 
R-CCU: sum(pointsPerCluster) = 552 
 num [1:4] 549 1 1 1
NULL
R-CCU: dpObj$numberClusters = 4 
List of 2
 $ : num [1, 1, 1:4] 0.333 0.695 0.698 0.277
 $ : num [1, 1, 1:4] 8.46 4.9 2.34 2.02
NULL
R priorParameters: 2 8 
R maxT: 1 
R_PriorDraw_first_mu: 0.5490423 
R_PriorDraw_first_nu: 4.39417 
R-CCU: Before ClusterLabelChange for i = 53 newLabel= 1 currentLabel= 1 
R-CCU: sum(pointsPerCluster) = 552 
 num [1:4] 549 1 1 1
NULL
R-CCU: After ClusterLabelChange for i = 53 
R-CCU: sum(pointsPerCluster) = 553 
 num [1:4] 550 1 1 1
NULL
R-CCU: dpObj$numberClusters = 4 
List of 2
 $ : num [1, 1, 1:4] 0.333 0.695 0.698 0.277
 $ : num [1, 1, 1:4] 8.46 4.9 2.34 2.02
NULL
R priorParameters: 2 8 
R maxT: 1 
R_PriorDraw_first_mu: 0.3274819 
R_PriorDraw_first_nu: 5.536449 
R-CCU: Before ClusterLabelChange for i = 54 newLabel= 1 currentLabel= 1 
R-CCU: sum(pointsPerCluster) = 553 
 num [1:4] 550 1 1 1
NULL
R-CCU: After ClusterLabelChange for i = 54 
R-CCU: sum(pointsPerCluster) = 554 
 num [1:4] 551 1 1 1
NULL
R-CCU: dpObj$numberClusters = 4 
List of 2
 $ : num [1, 1, 1:4] 0.333 0.695 0.698 0.277
 $ : num [1, 1, 1:4] 8.46 4.9 2.34 2.02
NULL
R priorParameters: 2 8 
R maxT: 1 
R_PriorDraw_first_mu: 0.2768482 
R_PriorDraw_first_nu: 2.749286 
R-CCU: Before ClusterLabelChange for i = 55 newLabel= 1 currentLabel= 1 
R-CCU: sum(pointsPerCluster) = 554 
 num [1:4] 551 1 1 1
NULL
R-CCU: After ClusterLabelChange for i = 55 
R-CCU: sum(pointsPerCluster) = 555 
 num [1:4] 552 1 1 1
NULL
R-CCU: dpObj$numberClusters = 4 
List of 2
 $ : num [1, 1, 1:4] 0.333 0.695 0.698 0.277
 $ : num [1, 1, 1:4] 8.46 4.9 2.34 2.02
NULL
R priorParameters: 2 8 
R maxT: 1 
R_PriorDraw_first_mu: 0.7973524 
R_PriorDraw_first_nu: 16.0333 
R-CCU: Before ClusterLabelChange for i = 56 newLabel= 1 currentLabel= 1 
R-CCU: sum(pointsPerCluster) = 555 
 num [1:4] 552 1 1 1
NULL
R-CCU: After ClusterLabelChange for i = 56 
R-CCU: sum(pointsPerCluster) = 556 
 num [1:4] 553 1 1 1
NULL
R-CCU: dpObj$numberClusters = 4 
List of 2
 $ : num [1, 1, 1:4] 0.333 0.695 0.698 0.277
 $ : num [1, 1, 1:4] 8.46 4.9 2.34 2.02
NULL
R priorParameters: 2 8 
R maxT: 1 
R_PriorDraw_first_mu: 0.5962162 
R_PriorDraw_first_nu: 24.20894 
R-CCU: Before ClusterLabelChange for i = 57 newLabel= 1 currentLabel= 1 
R-CCU: sum(pointsPerCluster) = 556 
 num [1:4] 553 1 1 1
NULL
R-CCU: After ClusterLabelChange for i = 57 
R-CCU: sum(pointsPerCluster) = 557 
 num [1:4] 554 1 1 1
NULL
R-CCU: dpObj$numberClusters = 4 
List of 2
 $ : num [1, 1, 1:4] 0.333 0.695 0.698 0.277
 $ : num [1, 1, 1:4] 8.46 4.9 2.34 2.02
NULL
R priorParameters: 2 8 
R maxT: 1 
R_PriorDraw_first_mu: 0.289638 
R_PriorDraw_first_nu: 2.743259 
R-CCU: Before ClusterLabelChange for i = 58 newLabel= 1 currentLabel= 1 
R-CCU: sum(pointsPerCluster) = 557 
 num [1:4] 554 1 1 1
NULL
R-CCU: After ClusterLabelChange for i = 58 
R-CCU: sum(pointsPerCluster) = 558 
 num [1:4] 555 1 1 1
NULL
R-CCU: dpObj$numberClusters = 4 
List of 2
 $ : num [1, 1, 1:4] 0.333 0.695 0.698 0.277
 $ : num [1, 1, 1:4] 8.46 4.9 2.34 2.02
NULL
R priorParameters: 2 8 
R maxT: 1 
R_PriorDraw_first_mu: 0.31339 
R_PriorDraw_first_nu: 10.32078 
R-CCU: Before ClusterLabelChange for i = 59 newLabel= 1 currentLabel= 1 
R-CCU: sum(pointsPerCluster) = 558 
 num [1:4] 555 1 1 1
NULL
R-CCU: After ClusterLabelChange for i = 59 
R-CCU: sum(pointsPerCluster) = 559 
 num [1:4] 556 1 1 1
NULL
R-CCU: dpObj$numberClusters = 4 
List of 2
 $ : num [1, 1, 1:4] 0.333 0.695 0.698 0.277
 $ : num [1, 1, 1:4] 8.46 4.9 2.34 2.02
NULL
R priorParameters: 2 8 
R maxT: 1 
R_PriorDraw_first_mu: 0.9294921 
R_PriorDraw_first_nu: 15.24394 
R-CCU: Before ClusterLabelChange for i = 60 newLabel= 1 currentLabel= 1 
R-CCU: sum(pointsPerCluster) = 559 
 num [1:4] 556 1 1 1
NULL
R-CCU: After ClusterLabelChange for i = 60 
R-CCU: sum(pointsPerCluster) = 560 
 num [1:4] 557 1 1 1
NULL
R-CCU: dpObj$numberClusters = 4 
List of 2
 $ : num [1, 1, 1:4] 0.333 0.695 0.698 0.277
 $ : num [1, 1, 1:4] 8.46 4.9 2.34 2.02
NULL
R priorParameters: 2 8 
R maxT: 1 
R_PriorDraw_first_mu: 0.1921505 
R_PriorDraw_first_nu: 3.461524 
R-CCU: Before ClusterLabelChange for i = 61 newLabel= 1 currentLabel= 1 
R-CCU: sum(pointsPerCluster) = 560 
 num [1:4] 557 1 1 1
NULL
R-CCU: After ClusterLabelChange for i = 61 
R-CCU: sum(pointsPerCluster) = 561 
 num [1:4] 558 1 1 1
NULL
R-CCU: dpObj$numberClusters = 4 
List of 2
 $ : num [1, 1, 1:4] 0.333 0.695 0.698 0.277
 $ : num [1, 1, 1:4] 8.46 4.9 2.34 2.02
NULL
R priorParameters: 2 8 
R maxT: 1 
R_PriorDraw_first_mu: 0.1903287 
R_PriorDraw_first_nu: 5.110203 
R-CCU: Before ClusterLabelChange for i = 62 newLabel= 1 currentLabel= 1 
R-CCU: sum(pointsPerCluster) = 561 
 num [1:4] 558 1 1 1
NULL
R-CCU: After ClusterLabelChange for i = 62 
R-CCU: sum(pointsPerCluster) = 562 
 num [1:4] 559 1 1 1
NULL
R-CCU: dpObj$numberClusters = 4 
List of 2
 $ : num [1, 1, 1:4] 0.333 0.695 0.698 0.277
 $ : num [1, 1, 1:4] 8.46 4.9 2.34 2.02
NULL
R priorParameters: 2 8 
R maxT: 1 
R_PriorDraw_first_mu: 0.8362103 
R_PriorDraw_first_nu: 5.503499 
R-CCU: Before ClusterLabelChange for i = 63 newLabel= 1 currentLabel= 1 
R-CCU: sum(pointsPerCluster) = 562 
 num [1:4] 559 1 1 1
NULL
R-CCU: After ClusterLabelChange for i = 63 
R-CCU: sum(pointsPerCluster) = 563 
 num [1:4] 560 1 1 1
NULL
R-CCU: dpObj$numberClusters = 4 
List of 2
 $ : num [1, 1, 1:4] 0.333 0.695 0.698 0.277
 $ : num [1, 1, 1:4] 8.46 4.9 2.34 2.02
NULL
R priorParameters: 2 8 
R maxT: 1 
R_PriorDraw_first_mu: 0.009259367 
R_PriorDraw_first_nu: 3.32246 
R-CCU: Before ClusterLabelChange for i = 64 newLabel= 1 currentLabel= 1 
R-CCU: sum(pointsPerCluster) = 563 
 num [1:4] 560 1 1 1
NULL
R-CCU: After ClusterLabelChange for i = 64 
R-CCU: sum(pointsPerCluster) = 564 
 num [1:4] 561 1 1 1
NULL
R-CCU: dpObj$numberClusters = 4 
List of 2
 $ : num [1, 1, 1:4] 0.333 0.695 0.698 0.277
 $ : num [1, 1, 1:4] 8.46 4.9 2.34 2.02
NULL
R priorParameters: 2 8 
R maxT: 1 
R_PriorDraw_first_mu: 0.4991979 
R_PriorDraw_first_nu: 2.997053 
R-CCU: Before ClusterLabelChange for i = 65 newLabel= 1 currentLabel= 1 
R-CCU: sum(pointsPerCluster) = 564 
 num [1:4] 561 1 1 1
NULL
R-CCU: After ClusterLabelChange for i = 65 
R-CCU: sum(pointsPerCluster) = 565 
 num [1:4] 562 1 1 1
NULL
R-CCU: dpObj$numberClusters = 4 
List of 2
 $ : num [1, 1, 1:4] 0.333 0.695 0.698 0.277
 $ : num [1, 1, 1:4] 8.46 4.9 2.34 2.02
NULL
R priorParameters: 2 8 
R maxT: 1 
R_PriorDraw_first_mu: 0.4617414 
R_PriorDraw_first_nu: 3.502896 
R-CCU: Before ClusterLabelChange for i = 66 newLabel= 1 currentLabel= 1 
R-CCU: sum(pointsPerCluster) = 565 
 num [1:4] 562 1 1 1
NULL
R-CCU: After ClusterLabelChange for i = 66 
R-CCU: sum(pointsPerCluster) = 566 
 num [1:4] 563 1 1 1
NULL
R-CCU: dpObj$numberClusters = 4 
List of 2
 $ : num [1, 1, 1:4] 0.333 0.695 0.698 0.277
 $ : num [1, 1, 1:4] 8.46 4.9 2.34 2.02
NULL
R priorParameters: 2 8 
R maxT: 1 
R_PriorDraw_first_mu: 0.0008459263 
R_PriorDraw_first_nu: 1.728732 
R-CCU: Before ClusterLabelChange for i = 67 newLabel= 1 currentLabel= 1 
R-CCU: sum(pointsPerCluster) = 566 
 num [1:4] 563 1 1 1
NULL
R-CCU: After ClusterLabelChange for i = 67 
R-CCU: sum(pointsPerCluster) = 567 
 num [1:4] 564 1 1 1
NULL
R-CCU: dpObj$numberClusters = 4 
List of 2
 $ : num [1, 1, 1:4] 0.333 0.695 0.698 0.277
 $ : num [1, 1, 1:4] 8.46 4.9 2.34 2.02
NULL
R priorParameters: 2 8 
R maxT: 1 
R_PriorDraw_first_mu: 0.6111344 
R_PriorDraw_first_nu: 2.904118 
R-CCU: Before ClusterLabelChange for i = 68 newLabel= 1 currentLabel= 1 
R-CCU: sum(pointsPerCluster) = 567 
 num [1:4] 564 1 1 1
NULL
R-CCU: After ClusterLabelChange for i = 68 
R-CCU: sum(pointsPerCluster) = 568 
 num [1:4] 565 1 1 1
NULL
R-CCU: dpObj$numberClusters = 4 
List of 2
 $ : num [1, 1, 1:4] 0.333 0.695 0.698 0.277
 $ : num [1, 1, 1:4] 8.46 4.9 2.34 2.02
NULL
R priorParameters: 2 8 
R maxT: 1 
R_PriorDraw_first_mu: 0.817926 
R_PriorDraw_first_nu: 1.624692 
R-CCU: Before ClusterLabelChange for i = 69 newLabel= 1 currentLabel= 1 
R-CCU: sum(pointsPerCluster) = 568 
 num [1:4] 565 1 1 1
NULL
R-CCU: After ClusterLabelChange for i = 69 
R-CCU: sum(pointsPerCluster) = 569 
 num [1:4] 566 1 1 1
NULL
R-CCU: dpObj$numberClusters = 4 
List of 2
 $ : num [1, 1, 1:4] 0.333 0.695 0.698 0.277
 $ : num [1, 1, 1:4] 8.46 4.9 2.34 2.02
NULL
R priorParameters: 2 8 
R maxT: 1 
R_PriorDraw_first_mu: 0.8862466 
R_PriorDraw_first_nu: 7.466542 
R-CCU: Before ClusterLabelChange for i = 70 newLabel= 1 currentLabel= 1 
R-CCU: sum(pointsPerCluster) = 569 
 num [1:4] 566 1 1 1
NULL
R-CCU: After ClusterLabelChange for i = 70 
R-CCU: sum(pointsPerCluster) = 570 
 num [1:4] 567 1 1 1
NULL
R-CCU: dpObj$numberClusters = 4 
List of 2
 $ : num [1, 1, 1:4] 0.333 0.695 0.698 0.277
 $ : num [1, 1, 1:4] 8.46 4.9 2.34 2.02
NULL
R priorParameters: 2 8 
R maxT: 1 
R_PriorDraw_first_mu: 0.5339944 
R_PriorDraw_first_nu: 5.181133 
R-CCU: Before ClusterLabelChange for i = 71 newLabel= 1 currentLabel= 1 
R-CCU: sum(pointsPerCluster) = 570 
 num [1:4] 567 1 1 1
NULL
R-CCU: After ClusterLabelChange for i = 71 
R-CCU: sum(pointsPerCluster) = 571 
 num [1:4] 568 1 1 1
NULL
R-CCU: dpObj$numberClusters = 4 
List of 2
 $ : num [1, 1, 1:4] 0.333 0.695 0.698 0.277
 $ : num [1, 1, 1:4] 8.46 4.9 2.34 2.02
NULL
R priorParameters: 2 8 
R maxT: 1 
R_PriorDraw_first_mu: 0.8186985 
R_PriorDraw_first_nu: 7.573591 
R-CCU: Before ClusterLabelChange for i = 72 newLabel= 1 currentLabel= 1 
R-CCU: sum(pointsPerCluster) = 571 
 num [1:4] 568 1 1 1
NULL
R-CCU: After ClusterLabelChange for i = 72 
R-CCU: sum(pointsPerCluster) = 572 
 num [1:4] 569 1 1 1
NULL
R-CCU: dpObj$numberClusters = 4 
List of 2
 $ : num [1, 1, 1:4] 0.333 0.695 0.698 0.277
 $ : num [1, 1, 1:4] 8.46 4.9 2.34 2.02
NULL
R priorParameters: 2 8 
R maxT: 1 
R_PriorDraw_first_mu: 0.7078821 
R_PriorDraw_first_nu: 2.379453 
R-CCU: Before ClusterLabelChange for i = 73 newLabel= 1 currentLabel= 1 
R-CCU: sum(pointsPerCluster) = 572 
 num [1:4] 569 1 1 1
NULL
R-CCU: After ClusterLabelChange for i = 73 
R-CCU: sum(pointsPerCluster) = 573 
 num [1:4] 570 1 1 1
NULL
R-CCU: dpObj$numberClusters = 4 
List of 2
 $ : num [1, 1, 1:4] 0.333 0.695 0.698 0.277
 $ : num [1, 1, 1:4] 8.46 4.9 2.34 2.02
NULL
R priorParameters: 2 8 
R maxT: 1 
R_PriorDraw_first_mu: 0.3979667 
R_PriorDraw_first_nu: 7.846544 
R-CCU: Before ClusterLabelChange for i = 74 newLabel= 1 currentLabel= 1 
R-CCU: sum(pointsPerCluster) = 573 
 num [1:4] 570 1 1 1
NULL
R-CCU: After ClusterLabelChange for i = 74 
R-CCU: sum(pointsPerCluster) = 574 
 num [1:4] 571 1 1 1
NULL
R-CCU: dpObj$numberClusters = 4 
List of 2
 $ : num [1, 1, 1:4] 0.333 0.695 0.698 0.277
 $ : num [1, 1, 1:4] 8.46 4.9 2.34 2.02
NULL
R priorParameters: 2 8 
R maxT: 1 
R_PriorDraw_first_mu: 0.7814451 
R_PriorDraw_first_nu: 59.06529 
R-CCU: Before ClusterLabelChange for i = 75 newLabel= 1 currentLabel= 1 
R-CCU: sum(pointsPerCluster) = 574 
 num [1:4] 571 1 1 1
NULL
R-CCU: After ClusterLabelChange for i = 75 
R-CCU: sum(pointsPerCluster) = 575 
 num [1:4] 572 1 1 1
NULL
R-CCU: dpObj$numberClusters = 4 
List of 2
 $ : num [1, 1, 1:4] 0.333 0.695 0.698 0.277
 $ : num [1, 1, 1:4] 8.46 4.9 2.34 2.02
NULL
R priorParameters: 2 8 
R maxT: 1 
R_PriorDraw_first_mu: 0.7739338 
R_PriorDraw_first_nu: 7.789718 
R-CCU: Before ClusterLabelChange for i = 76 newLabel= 1 currentLabel= 1 
R-CCU: sum(pointsPerCluster) = 575 
 num [1:4] 572 1 1 1
NULL
R-CCU: After ClusterLabelChange for i = 76 
R-CCU: sum(pointsPerCluster) = 576 
 num [1:4] 573 1 1 1
NULL
R-CCU: dpObj$numberClusters = 4 
List of 2
 $ : num [1, 1, 1:4] 0.333 0.695 0.698 0.277
 $ : num [1, 1, 1:4] 8.46 4.9 2.34 2.02
NULL
R priorParameters: 2 8 
R maxT: 1 
R_PriorDraw_first_mu: 0.7278912 
R_PriorDraw_first_nu: 9.871555 
R-CCU: Before ClusterLabelChange for i = 77 newLabel= 1 currentLabel= 1 
R-CCU: sum(pointsPerCluster) = 576 
 num [1:4] 573 1 1 1
NULL
R-CCU: After ClusterLabelChange for i = 77 
R-CCU: sum(pointsPerCluster) = 577 
 num [1:4] 574 1 1 1
NULL
R-CCU: dpObj$numberClusters = 4 
List of 2
 $ : num [1, 1, 1:4] 0.333 0.695 0.698 0.277
 $ : num [1, 1, 1:4] 8.46 4.9 2.34 2.02
NULL
R priorParameters: 2 8 
R maxT: 1 
R_PriorDraw_first_mu: 0.09294518 
R_PriorDraw_first_nu: 3.105742 
R-CCU: Before ClusterLabelChange for i = 78 newLabel= 1 currentLabel= 1 
R-CCU: sum(pointsPerCluster) = 577 
 num [1:4] 574 1 1 1
NULL
R-CCU: After ClusterLabelChange for i = 78 
R-CCU: sum(pointsPerCluster) = 578 
 num [1:4] 575 1 1 1
NULL
R-CCU: dpObj$numberClusters = 4 
List of 2
 $ : num [1, 1, 1:4] 0.333 0.695 0.698 0.277
 $ : num [1, 1, 1:4] 8.46 4.9 2.34 2.02
NULL
R priorParameters: 2 8 
R maxT: 1 
R_PriorDraw_first_mu: 0.4255149 
R_PriorDraw_first_nu: 19.95913 
R-CCU: Before ClusterLabelChange for i = 79 newLabel= 1 currentLabel= 1 
R-CCU: sum(pointsPerCluster) = 578 
 num [1:4] 575 1 1 1
NULL
R-CCU: After ClusterLabelChange for i = 79 
R-CCU: sum(pointsPerCluster) = 579 
 num [1:4] 576 1 1 1
NULL
R-CCU: dpObj$numberClusters = 4 
List of 2
 $ : num [1, 1, 1:4] 0.333 0.695 0.698 0.277
 $ : num [1, 1, 1:4] 8.46 4.9 2.34 2.02
NULL
R priorParameters: 2 8 
R maxT: 1 
R_PriorDraw_first_mu: 0.2636274 
R_PriorDraw_first_nu: 3.993775 
R-CCU: Before ClusterLabelChange for i = 80 newLabel= 1 currentLabel= 1 
R-CCU: sum(pointsPerCluster) = 579 
 num [1:4] 576 1 1 1
NULL
R-CCU: After ClusterLabelChange for i = 80 
R-CCU: sum(pointsPerCluster) = 580 
 num [1:4] 577 1 1 1
NULL
R-CCU: dpObj$numberClusters = 4 
List of 2
 $ : num [1, 1, 1:4] 0.333 0.695 0.698 0.277
 $ : num [1, 1, 1:4] 8.46 4.9 2.34 2.02
NULL
R priorParameters: 2 8 
R maxT: 1 
R_PriorDraw_first_mu: 0.7935837 
R_PriorDraw_first_nu: 8.280624 
R-CCU: Before ClusterLabelChange for i = 81 newLabel= 1 currentLabel= 1 
R-CCU: sum(pointsPerCluster) = 580 
 num [1:4] 577 1 1 1
NULL
R-CCU: After ClusterLabelChange for i = 81 
R-CCU: sum(pointsPerCluster) = 581 
 num [1:4] 578 1 1 1
NULL
R-CCU: dpObj$numberClusters = 4 
List of 2
 $ : num [1, 1, 1:4] 0.333 0.695 0.698 0.277
 $ : num [1, 1, 1:4] 8.46 4.9 2.34 2.02
NULL
R priorParameters: 2 8 
R maxT: 1 
R_PriorDraw_first_mu: 0.485186 
R_PriorDraw_first_nu: 16.93946 
R-CCU: Before ClusterLabelChange for i = 82 newLabel= 1 currentLabel= 1 
R-CCU: sum(pointsPerCluster) = 581 
 num [1:4] 578 1 1 1
NULL
R-CCU: After ClusterLabelChange for i = 82 
R-CCU: sum(pointsPerCluster) = 582 
 num [1:4] 579 1 1 1
NULL
R-CCU: dpObj$numberClusters = 4 
List of 2
 $ : num [1, 1, 1:4] 0.333 0.695 0.698 0.277
 $ : num [1, 1, 1:4] 8.46 4.9 2.34 2.02
NULL
R priorParameters: 2 8 
R maxT: 1 
R_PriorDraw_first_mu: 0.06371728 
R_PriorDraw_first_nu: 2.458412 
R-CCU: Before ClusterLabelChange for i = 83 newLabel= 1 currentLabel= 1 
R-CCU: sum(pointsPerCluster) = 582 
 num [1:4] 579 1 1 1
NULL
R-CCU: After ClusterLabelChange for i = 83 
R-CCU: sum(pointsPerCluster) = 583 
 num [1:4] 580 1 1 1
NULL
R-CCU: dpObj$numberClusters = 4 
List of 2
 $ : num [1, 1, 1:4] 0.333 0.695 0.698 0.277
 $ : num [1, 1, 1:4] 8.46 4.9 2.34 2.02
NULL
R priorParameters: 2 8 
R maxT: 1 
R_PriorDraw_first_mu: 0.7137915 
R_PriorDraw_first_nu: 2.182652 
R-CCU: Before ClusterLabelChange for i = 84 newLabel= 1 currentLabel= 1 
R-CCU: sum(pointsPerCluster) = 583 
 num [1:4] 580 1 1 1
NULL
R-CCU: After ClusterLabelChange for i = 84 
R-CCU: sum(pointsPerCluster) = 584 
 num [1:4] 581 1 1 1
NULL
R-CCU: dpObj$numberClusters = 4 
List of 2
 $ : num [1, 1, 1:4] 0.333 0.695 0.698 0.277
 $ : num [1, 1, 1:4] 8.46 4.9 2.34 2.02
NULL
R priorParameters: 2 8 
R maxT: 1 
R_PriorDraw_first_mu: 0.1044016 
R_PriorDraw_first_nu: 3.739908 
R-CCU: Before ClusterLabelChange for i = 85 newLabel= 1 currentLabel= 1 
R-CCU: sum(pointsPerCluster) = 584 
 num [1:4] 581 1 1 1
NULL
R-CCU: After ClusterLabelChange for i = 85 
R-CCU: sum(pointsPerCluster) = 585 
 num [1:4] 582 1 1 1
NULL
R-CCU: dpObj$numberClusters = 4 
List of 2
 $ : num [1, 1, 1:4] 0.333 0.695 0.698 0.277
 $ : num [1, 1, 1:4] 8.46 4.9 2.34 2.02
NULL
R priorParameters: 2 8 
R maxT: 1 
R_PriorDraw_first_mu: 0.6709474 
R_PriorDraw_first_nu: 5.172186 
R-CCU: Before ClusterLabelChange for i = 86 newLabel= 1 currentLabel= 1 
R-CCU: sum(pointsPerCluster) = 585 
 num [1:4] 582 1 1 1
NULL
R-CCU: After ClusterLabelChange for i = 86 
R-CCU: sum(pointsPerCluster) = 586 
 num [1:4] 583 1 1 1
NULL
R-CCU: dpObj$numberClusters = 4 
List of 2
 $ : num [1, 1, 1:4] 0.333 0.695 0.698 0.277
 $ : num [1, 1, 1:4] 8.46 4.9 2.34 2.02
NULL
R priorParameters: 2 8 
R maxT: 1 
R_PriorDraw_first_mu: 0.4699807 
R_PriorDraw_first_nu: 13.92594 
R-CCU: Before ClusterLabelChange for i = 87 newLabel= 1 currentLabel= 1 
R-CCU: sum(pointsPerCluster) = 586 
 num [1:4] 583 1 1 1
NULL
R-CCU: After ClusterLabelChange for i = 87 
R-CCU: sum(pointsPerCluster) = 587 
 num [1:4] 584 1 1 1
NULL
R-CCU: dpObj$numberClusters = 4 
List of 2
 $ : num [1, 1, 1:4] 0.333 0.695 0.698 0.277
 $ : num [1, 1, 1:4] 8.46 4.9 2.34 2.02
NULL
R priorParameters: 2 8 
R maxT: 1 
R_PriorDraw_first_mu: 0.07857192 
R_PriorDraw_first_nu: 2.64335 
R-CCU: Before ClusterLabelChange for i = 88 newLabel= 1 currentLabel= 1 
R-CCU: sum(pointsPerCluster) = 587 
 num [1:4] 584 1 1 1
NULL
R-CCU: After ClusterLabelChange for i = 88 
R-CCU: sum(pointsPerCluster) = 588 
 num [1:4] 585 1 1 1
NULL
R-CCU: dpObj$numberClusters = 4 
List of 2
 $ : num [1, 1, 1:4] 0.333 0.695 0.698 0.277
 $ : num [1, 1, 1:4] 8.46 4.9 2.34 2.02
NULL
R priorParameters: 2 8 
R maxT: 1 
R_PriorDraw_first_mu: 0.7948168 
R_PriorDraw_first_nu: 2.204869 
R-CCU: Before ClusterLabelChange for i = 89 newLabel= 1 currentLabel= 1 
R-CCU: sum(pointsPerCluster) = 588 
 num [1:4] 585 1 1 1
NULL
R-CCU: After ClusterLabelChange for i = 89 
R-CCU: sum(pointsPerCluster) = 589 
 num [1:4] 586 1 1 1
NULL
R-CCU: dpObj$numberClusters = 4 
List of 2
 $ : num [1, 1, 1:4] 0.333 0.695 0.698 0.277
 $ : num [1, 1, 1:4] 8.46 4.9 2.34 2.02
NULL
R priorParameters: 2 8 
R maxT: 1 
R_PriorDraw_first_mu: 0.6343493 
R_PriorDraw_first_nu: 48.7713 
R-CCU: Before ClusterLabelChange for i = 90 newLabel= 1 currentLabel= 1 
R-CCU: sum(pointsPerCluster) = 589 
 num [1:4] 586 1 1 1
NULL
R-CCU: After ClusterLabelChange for i = 90 
R-CCU: sum(pointsPerCluster) = 590 
 num [1:4] 587 1 1 1
NULL
R-CCU: dpObj$numberClusters = 4 
List of 2
 $ : num [1, 1, 1:4] 0.333 0.695 0.698 0.277
 $ : num [1, 1, 1:4] 8.46 4.9 2.34 2.02
NULL
R priorParameters: 2 8 
R maxT: 1 
R_PriorDraw_first_mu: 0.2223329 
R_PriorDraw_first_nu: 33.98938 
R-CCU: Before ClusterLabelChange for i = 91 newLabel= 1 currentLabel= 1 
R-CCU: sum(pointsPerCluster) = 590 
 num [1:4] 587 1 1 1
NULL
R-CCU: After ClusterLabelChange for i = 91 
R-CCU: sum(pointsPerCluster) = 591 
 num [1:4] 588 1 1 1
NULL
R-CCU: dpObj$numberClusters = 4 
List of 2
 $ : num [1, 1, 1:4] 0.333 0.695 0.698 0.277
 $ : num [1, 1, 1:4] 8.46 4.9 2.34 2.02
NULL
R priorParameters: 2 8 
R maxT: 1 
R_PriorDraw_first_mu: 0.9464447 
R_PriorDraw_first_nu: 5.684052 
R-CCU: Before ClusterLabelChange for i = 92 newLabel= 1 currentLabel= 1 
R-CCU: sum(pointsPerCluster) = 591 
 num [1:4] 588 1 1 1
NULL
R-CCU: After ClusterLabelChange for i = 92 
R-CCU: sum(pointsPerCluster) = 592 
 num [1:4] 589 1 1 1
NULL
R-CCU: dpObj$numberClusters = 4 
List of 2
 $ : num [1, 1, 1:4] 0.333 0.695 0.698 0.277
 $ : num [1, 1, 1:4] 8.46 4.9 2.34 2.02
NULL
R priorParameters: 2 8 
R maxT: 1 
R_PriorDraw_first_mu: 0.5311387 
R_PriorDraw_first_nu: 17.69454 
R-CCU: Before ClusterLabelChange for i = 93 newLabel= 1 currentLabel= 1 
R-CCU: sum(pointsPerCluster) = 592 
 num [1:4] 589 1 1 1
NULL
R-CCU: After ClusterLabelChange for i = 93 
R-CCU: sum(pointsPerCluster) = 593 
 num [1:4] 590 1 1 1
NULL
R-CCU: dpObj$numberClusters = 4 
List of 2
 $ : num [1, 1, 1:4] 0.333 0.695 0.698 0.277
 $ : num [1, 1, 1:4] 8.46 4.9 2.34 2.02
NULL
R priorParameters: 2 8 
R maxT: 1 
R_PriorDraw_first_mu: 0.03140466 
R_PriorDraw_first_nu: 2.760046 
R-CCU: Before ClusterLabelChange for i = 94 newLabel= 1 currentLabel= 1 
R-CCU: sum(pointsPerCluster) = 593 
 num [1:4] 590 1 1 1
NULL
R-CCU: After ClusterLabelChange for i = 94 
R-CCU: sum(pointsPerCluster) = 594 
 num [1:4] 591 1 1 1
NULL
R-CCU: dpObj$numberClusters = 4 
List of 2
 $ : num [1, 1, 1:4] 0.333 0.695 0.698 0.277
 $ : num [1, 1, 1:4] 8.46 4.9 2.34 2.02
NULL
R priorParameters: 2 8 
R maxT: 1 
R_PriorDraw_first_mu: 0.1870263 
R_PriorDraw_first_nu: 9.472081 
R-CCU: Before ClusterLabelChange for i = 95 newLabel= 1 currentLabel= 1 
R-CCU: sum(pointsPerCluster) = 594 
 num [1:4] 591 1 1 1
NULL
R-CCU: After ClusterLabelChange for i = 95 
R-CCU: sum(pointsPerCluster) = 595 
 num [1:4] 592 1 1 1
NULL
R-CCU: dpObj$numberClusters = 4 
List of 2
 $ : num [1, 1, 1:4] 0.333 0.695 0.698 0.277
 $ : num [1, 1, 1:4] 8.46 4.9 2.34 2.02
NULL
R priorParameters: 2 8 
R maxT: 1 
R_PriorDraw_first_mu: 0.1569431 
R_PriorDraw_first_nu: 7.851292 
R-CCU: Before ClusterLabelChange for i = 96 newLabel= 1 currentLabel= 1 
R-CCU: sum(pointsPerCluster) = 595 
 num [1:4] 592 1 1 1
NULL
R-CCU: After ClusterLabelChange for i = 96 
R-CCU: sum(pointsPerCluster) = 596 
 num [1:4] 593 1 1 1
NULL
R-CCU: dpObj$numberClusters = 4 
List of 2
 $ : num [1, 1, 1:4] 0.333 0.695 0.698 0.277
 $ : num [1, 1, 1:4] 8.46 4.9 2.34 2.02
NULL
R priorParameters: 2 8 
R maxT: 1 
R_PriorDraw_first_mu: 0.1364212 
R_PriorDraw_first_nu: 2.912303 
R-CCU: Before ClusterLabelChange for i = 97 newLabel= 1 currentLabel= 1 
R-CCU: sum(pointsPerCluster) = 596 
 num [1:4] 593 1 1 1
NULL
R-CCU: After ClusterLabelChange for i = 97 
R-CCU: sum(pointsPerCluster) = 597 
 num [1:4] 594 1 1 1
NULL
R-CCU: dpObj$numberClusters = 4 
List of 2
 $ : num [1, 1, 1:4] 0.333 0.695 0.698 0.277
 $ : num [1, 1, 1:4] 8.46 4.9 2.34 2.02
NULL
R priorParameters: 2 8 
R maxT: 1 
R_PriorDraw_first_mu: 0.09266496 
R_PriorDraw_first_nu: 3.06633 
R-CCU: Before ClusterLabelChange for i = 98 newLabel= 1 currentLabel= 1 
R-CCU: sum(pointsPerCluster) = 597 
 num [1:4] 594 1 1 1
NULL
R-CCU: After ClusterLabelChange for i = 98 
R-CCU: sum(pointsPerCluster) = 598 
 num [1:4] 595 1 1 1
NULL
R-CCU: dpObj$numberClusters = 4 
List of 2
 $ : num [1, 1, 1:4] 0.333 0.695 0.698 0.277
 $ : num [1, 1, 1:4] 8.46 4.9 2.34 2.02
NULL
R priorParameters: 2 8 
R maxT: 1 
R_PriorDraw_first_mu: 0.1492393 
R_PriorDraw_first_nu: 5.423953 
R-CCU: Before ClusterLabelChange for i = 99 newLabel= 1 currentLabel= 1 
R-CCU: sum(pointsPerCluster) = 598 
 num [1:4] 595 1 1 1
NULL
R-CCU: After ClusterLabelChange for i = 99 
R-CCU: sum(pointsPerCluster) = 599 
 num [1:4] 596 1 1 1
NULL
R-CCU: dpObj$numberClusters = 4 
List of 2
 $ : num [1, 1, 1:4] 0.333 0.695 0.698 0.277
 $ : num [1, 1, 1:4] 8.46 4.9 2.34 2.02
NULL
R priorParameters: 2 8 
R maxT: 1 
R_PriorDraw_first_mu: 0.7945003 
R_PriorDraw_first_nu: 3.072806 
R-CCU: Before ClusterLabelChange for i = 100 newLabel= 1 currentLabel= 1 
R-CCU: sum(pointsPerCluster) = 599 
 num [1:4] 596 1 1 1
NULL
R-CCU: After ClusterLabelChange for i = 100 
R-CCU: sum(pointsPerCluster) = 600 
 num [1:4] 597 1 1 1
NULL
R-CCU: dpObj$numberClusters = 4 
List of 2
 $ : num [1, 1, 1:4] 0.333 0.695 0.698 0.277
 $ : num [1, 1, 1:4] 8.46 4.9 2.34 2.02
NULL
R priorParameters: 2 8 
R maxT: 1 
R_PriorDraw_first_mu: 0.4742297 
R_PriorDraw_first_nu: 33.99824 
R-CCU: Before ClusterLabelChange for i = 1 newLabel= 1 currentLabel= 1 
R-CCU: sum(pointsPerCluster) = 600 
 num [1:4] 597 1 1 1
NULL
R-CCU: After ClusterLabelChange for i = 1 
R-CCU: sum(pointsPerCluster) = 601 
 num [1:4] 598 1 1 1
NULL
R-CCU: dpObj$numberClusters = 4 
List of 2
 $ : num [1, 1, 1:4] 0.341 0.695 0.698 0.277
 $ : num [1, 1, 1:4] 10.86 4.9 2.34 2.02
NULL
R priorParameters: 2 8 
R maxT: 1 
R_PriorDraw_first_mu: 0.5684533 
R_PriorDraw_first_nu: 5.346828 
R-CCU: Before ClusterLabelChange for i = 2 newLabel= 1 currentLabel= 1 
R-CCU: sum(pointsPerCluster) = 601 
 num [1:4] 598 1 1 1
NULL
R-CCU: After ClusterLabelChange for i = 2 
R-CCU: sum(pointsPerCluster) = 602 
 num [1:4] 599 1 1 1
NULL
R-CCU: dpObj$numberClusters = 4 
List of 2
 $ : num [1, 1, 1:4] 0.341 0.695 0.698 0.277
 $ : num [1, 1, 1:4] 10.86 4.9 2.34 2.02
NULL
R priorParameters: 2 8 
R maxT: 1 
R_PriorDraw_first_mu: 0.2250105 
R_PriorDraw_first_nu: 2.964151 
R-CCU: Before ClusterLabelChange for i = 3 newLabel= 1 currentLabel= 1 
R-CCU: sum(pointsPerCluster) = 602 
 num [1:4] 599 1 1 1
NULL
R-CCU: After ClusterLabelChange for i = 3 
R-CCU: sum(pointsPerCluster) = 603 
 num [1:4] 600 1 1 1
NULL
R-CCU: dpObj$numberClusters = 4 
List of 2
 $ : num [1, 1, 1:4] 0.341 0.695 0.698 0.277
 $ : num [1, 1, 1:4] 10.86 4.9 2.34 2.02
NULL
R priorParameters: 2 8 
R maxT: 1 
R_PriorDraw_first_mu: 0.7396609 
R_PriorDraw_first_nu: 3.447304 
R-CCU: Before ClusterLabelChange for i = 4 newLabel= 1 currentLabel= 1 
R-CCU: sum(pointsPerCluster) = 603 
 num [1:4] 600 1 1 1
NULL
R-CCU: After ClusterLabelChange for i = 4 
R-CCU: sum(pointsPerCluster) = 604 
 num [1:4] 601 1 1 1
NULL
R-CCU: dpObj$numberClusters = 4 
List of 2
 $ : num [1, 1, 1:4] 0.341 0.695 0.698 0.277
 $ : num [1, 1, 1:4] 10.86 4.9 2.34 2.02
NULL
R priorParameters: 2 8 
R maxT: 1 
R_PriorDraw_first_mu: 0.3287718 
R_PriorDraw_first_nu: 2.24752 
R-CCU: Before ClusterLabelChange for i = 5 newLabel= 1 currentLabel= 1 
R-CCU: sum(pointsPerCluster) = 604 
 num [1:4] 601 1 1 1
NULL
R-CCU: After ClusterLabelChange for i = 5 
R-CCU: sum(pointsPerCluster) = 605 
 num [1:4] 602 1 1 1
NULL
R-CCU: dpObj$numberClusters = 4 
List of 2
 $ : num [1, 1, 1:4] 0.341 0.695 0.698 0.277
 $ : num [1, 1, 1:4] 10.86 4.9 2.34 2.02
NULL
R priorParameters: 2 8 
R maxT: 1 
R_PriorDraw_first_mu: 0.65617 
R_PriorDraw_first_nu: 7.283379 
R-CCU: Before ClusterLabelChange for i = 6 newLabel= 1 currentLabel= 1 
R-CCU: sum(pointsPerCluster) = 605 
 num [1:4] 602 1 1 1
NULL
R-CCU: After ClusterLabelChange for i = 6 
R-CCU: sum(pointsPerCluster) = 606 
 num [1:4] 603 1 1 1
NULL
R-CCU: dpObj$numberClusters = 4 
List of 2
 $ : num [1, 1, 1:4] 0.341 0.695 0.698 0.277
 $ : num [1, 1, 1:4] 10.86 4.9 2.34 2.02
NULL
R priorParameters: 2 8 
R maxT: 1 
R_PriorDraw_first_mu: 0.7667136 
R_PriorDraw_first_nu: 7.960629 
R-CCU: Before ClusterLabelChange for i = 7 newLabel= 1 currentLabel= 1 
R-CCU: sum(pointsPerCluster) = 606 
 num [1:4] 603 1 1 1
NULL
R-CCU: After ClusterLabelChange for i = 7 
R-CCU: sum(pointsPerCluster) = 607 
 num [1:4] 604 1 1 1
NULL
R-CCU: dpObj$numberClusters = 4 
List of 2
 $ : num [1, 1, 1:4] 0.341 0.695 0.698 0.277
 $ : num [1, 1, 1:4] 10.86 4.9 2.34 2.02
NULL
R priorParameters: 2 8 
R maxT: 1 
R_PriorDraw_first_mu: 0.9669584 
R_PriorDraw_first_nu: 6.61828 
R-CCU: Before ClusterLabelChange for i = 8 newLabel= 1 currentLabel= 1 
R-CCU: sum(pointsPerCluster) = 607 
 num [1:4] 604 1 1 1
NULL
R-CCU: After ClusterLabelChange for i = 8 
R-CCU: sum(pointsPerCluster) = 608 
 num [1:4] 605 1 1 1
NULL
R-CCU: dpObj$numberClusters = 4 
List of 2
 $ : num [1, 1, 1:4] 0.341 0.695 0.698 0.277
 $ : num [1, 1, 1:4] 10.86 4.9 2.34 2.02
NULL
R priorParameters: 2 8 
R maxT: 1 
R_PriorDraw_first_mu: 0.02629583 
R_PriorDraw_first_nu: 2.115214 
R-CCU: Before ClusterLabelChange for i = 9 newLabel= 1 currentLabel= 1 
R-CCU: sum(pointsPerCluster) = 608 
 num [1:4] 605 1 1 1
NULL
R-CCU: After ClusterLabelChange for i = 9 
R-CCU: sum(pointsPerCluster) = 609 
 num [1:4] 606 1 1 1
NULL
R-CCU: dpObj$numberClusters = 4 
List of 2
 $ : num [1, 1, 1:4] 0.341 0.695 0.698 0.277
 $ : num [1, 1, 1:4] 10.86 4.9 2.34 2.02
NULL
R priorParameters: 2 8 
R maxT: 1 
R_PriorDraw_first_mu: 0.1987327 
R_PriorDraw_first_nu: 4.420916 
R-CCU: Before ClusterLabelChange for i = 10 newLabel= 1 currentLabel= 1 
R-CCU: sum(pointsPerCluster) = 609 
 num [1:4] 606 1 1 1
NULL
R-CCU: After ClusterLabelChange for i = 10 
R-CCU: sum(pointsPerCluster) = 610 
 num [1:4] 607 1 1 1
NULL
R-CCU: dpObj$numberClusters = 4 
List of 2
 $ : num [1, 1, 1:4] 0.341 0.695 0.698 0.277
 $ : num [1, 1, 1:4] 10.86 4.9 2.34 2.02
NULL
R priorParameters: 2 8 
R maxT: 1 
R_PriorDraw_first_mu: 0.8151052 
R_PriorDraw_first_nu: 15.29371 
R-CCU: Before ClusterLabelChange for i = 11 newLabel= 1 currentLabel= 1 
R-CCU: sum(pointsPerCluster) = 610 
 num [1:4] 607 1 1 1
NULL
R-CCU: After ClusterLabelChange for i = 11 
R-CCU: sum(pointsPerCluster) = 611 
 num [1:4] 608 1 1 1
NULL
R-CCU: dpObj$numberClusters = 4 
List of 2
 $ : num [1, 1, 1:4] 0.341 0.695 0.698 0.277
 $ : num [1, 1, 1:4] 10.86 4.9 2.34 2.02
NULL
R priorParameters: 2 8 
R maxT: 1 
R_PriorDraw_first_mu: 0.8893465 
R_PriorDraw_first_nu: 15.68171 
R-CCU: Before ClusterLabelChange for i = 12 newLabel= 1 currentLabel= 1 
R-CCU: sum(pointsPerCluster) = 611 
 num [1:4] 608 1 1 1
NULL
R-CCU: After ClusterLabelChange for i = 12 
R-CCU: sum(pointsPerCluster) = 612 
 num [1:4] 609 1 1 1
NULL
R-CCU: dpObj$numberClusters = 4 
List of 2
 $ : num [1, 1, 1:4] 0.341 0.695 0.698 0.277
 $ : num [1, 1, 1:4] 10.86 4.9 2.34 2.02
NULL
R priorParameters: 2 8 
R maxT: 1 
R_PriorDraw_first_mu: 0.4926548 
R_PriorDraw_first_nu: 3.597438 
R-CCU: Before ClusterLabelChange for i = 13 newLabel= 1 currentLabel= 1 
R-CCU: sum(pointsPerCluster) = 612 
 num [1:4] 609 1 1 1
NULL
R-CCU: After ClusterLabelChange for i = 13 
R-CCU: sum(pointsPerCluster) = 613 
 num [1:4] 610 1 1 1
NULL
R-CCU: dpObj$numberClusters = 4 
List of 2
 $ : num [1, 1, 1:4] 0.341 0.695 0.698 0.277
 $ : num [1, 1, 1:4] 10.86 4.9 2.34 2.02
NULL
R priorParameters: 2 8 
R maxT: 1 
R_PriorDraw_first_mu: 0.8566549 
R_PriorDraw_first_nu: 8.924865 
R-CCU: Before ClusterLabelChange for i = 14 newLabel= 1 currentLabel= 1 
R-CCU: sum(pointsPerCluster) = 613 
 num [1:4] 610 1 1 1
NULL
R-CCU: After ClusterLabelChange for i = 14 
R-CCU: sum(pointsPerCluster) = 614 
 num [1:4] 611 1 1 1
NULL
R-CCU: dpObj$numberClusters = 4 
List of 2
 $ : num [1, 1, 1:4] 0.341 0.695 0.698 0.277
 $ : num [1, 1, 1:4] 10.86 4.9 2.34 2.02
NULL
R priorParameters: 2 8 
R maxT: 1 
R_PriorDraw_first_mu: 0.7338729 
R_PriorDraw_first_nu: 1.402932 
R-CCU: Before ClusterLabelChange for i = 15 newLabel= 1 currentLabel= 1 
R-CCU: sum(pointsPerCluster) = 614 
 num [1:4] 611 1 1 1
NULL
R-CCU: After ClusterLabelChange for i = 15 
R-CCU: sum(pointsPerCluster) = 615 
 num [1:4] 612 1 1 1
NULL
R-CCU: dpObj$numberClusters = 4 
List of 2
 $ : num [1, 1, 1:4] 0.341 0.695 0.698 0.277
 $ : num [1, 1, 1:4] 10.86 4.9 2.34 2.02
NULL
R priorParameters: 2 8 
R maxT: 1 
R_PriorDraw_first_mu: 0.013261 
R_PriorDraw_first_nu: 6.799652 
R-CCU: Before ClusterLabelChange for i = 16 newLabel= 1 currentLabel= 1 
R-CCU: sum(pointsPerCluster) = 615 
 num [1:4] 612 1 1 1
NULL
R-CCU: After ClusterLabelChange for i = 16 
R-CCU: sum(pointsPerCluster) = 616 
 num [1:4] 613 1 1 1
NULL
R-CCU: dpObj$numberClusters = 4 
List of 2
 $ : num [1, 1, 1:4] 0.341 0.695 0.698 0.277
 $ : num [1, 1, 1:4] 10.86 4.9 2.34 2.02
NULL
R priorParameters: 2 8 
R maxT: 1 
R_PriorDraw_first_mu: 0.2635118 
R_PriorDraw_first_nu: 12.53202 
R-CCU: Before ClusterLabelChange for i = 17 newLabel= 1 currentLabel= 1 
R-CCU: sum(pointsPerCluster) = 616 
 num [1:4] 613 1 1 1
NULL
R-CCU: After ClusterLabelChange for i = 17 
R-CCU: sum(pointsPerCluster) = 617 
 num [1:4] 614 1 1 1
NULL
R-CCU: dpObj$numberClusters = 4 
List of 2
 $ : num [1, 1, 1:4] 0.341 0.695 0.698 0.277
 $ : num [1, 1, 1:4] 10.86 4.9 2.34 2.02
NULL
R priorParameters: 2 8 
R maxT: 1 
R_PriorDraw_first_mu: 0.797425 
R_PriorDraw_first_nu: 4.046978 
R-CCU: Before ClusterLabelChange for i = 18 newLabel= 1 currentLabel= 1 
R-CCU: sum(pointsPerCluster) = 617 
 num [1:4] 614 1 1 1
NULL
R-CCU: After ClusterLabelChange for i = 18 
R-CCU: sum(pointsPerCluster) = 618 
 num [1:4] 615 1 1 1
NULL
R-CCU: dpObj$numberClusters = 4 
List of 2
 $ : num [1, 1, 1:4] 0.341 0.695 0.698 0.277
 $ : num [1, 1, 1:4] 10.86 4.9 2.34 2.02
NULL
R priorParameters: 2 8 
R maxT: 1 
R_PriorDraw_first_mu: 0.2599838 
R_PriorDraw_first_nu: 3.498946 
R-CCU: Before ClusterLabelChange for i = 19 newLabel= 1 currentLabel= 1 
R-CCU: sum(pointsPerCluster) = 618 
 num [1:4] 615 1 1 1
NULL
R-CCU: After ClusterLabelChange for i = 19 
R-CCU: sum(pointsPerCluster) = 619 
 num [1:4] 616 1 1 1
NULL
R-CCU: dpObj$numberClusters = 4 
List of 2
 $ : num [1, 1, 1:4] 0.341 0.695 0.698 0.277
 $ : num [1, 1, 1:4] 10.86 4.9 2.34 2.02
NULL
R priorParameters: 2 8 
R maxT: 1 
R_PriorDraw_first_mu: 0.7896849 
R_PriorDraw_first_nu: 8.573738 
R-CCU: Before ClusterLabelChange for i = 20 newLabel= 1 currentLabel= 1 
R-CCU: sum(pointsPerCluster) = 619 
 num [1:4] 616 1 1 1
NULL
R-CCU: After ClusterLabelChange for i = 20 
R-CCU: sum(pointsPerCluster) = 620 
 num [1:4] 617 1 1 1
NULL
R-CCU: dpObj$numberClusters = 4 
List of 2
 $ : num [1, 1, 1:4] 0.341 0.695 0.698 0.277
 $ : num [1, 1, 1:4] 10.86 4.9 2.34 2.02
NULL
R priorParameters: 2 8 
R maxT: 1 
R_PriorDraw_first_mu: 0.5370642 
R_PriorDraw_first_nu: 3.454378 
R-CCU: Before ClusterLabelChange for i = 21 newLabel= 1 currentLabel= 1 
R-CCU: sum(pointsPerCluster) = 620 
 num [1:4] 617 1 1 1
NULL
R-CCU: After ClusterLabelChange for i = 21 
R-CCU: sum(pointsPerCluster) = 621 
 num [1:4] 618 1 1 1
NULL
R-CCU: dpObj$numberClusters = 4 
List of 2
 $ : num [1, 1, 1:4] 0.341 0.695 0.698 0.277
 $ : num [1, 1, 1:4] 10.86 4.9 2.34 2.02
NULL
R priorParameters: 2 8 
R maxT: 1 
R_PriorDraw_first_mu: 0.3697822 
R_PriorDraw_first_nu: 6.304447 
R-CCU: Before ClusterLabelChange for i = 22 newLabel= 1 currentLabel= 1 
R-CCU: sum(pointsPerCluster) = 621 
 num [1:4] 618 1 1 1
NULL
R-CCU: After ClusterLabelChange for i = 22 
R-CCU: sum(pointsPerCluster) = 622 
 num [1:4] 619 1 1 1
NULL
R-CCU: dpObj$numberClusters = 4 
List of 2
 $ : num [1, 1, 1:4] 0.341 0.695 0.698 0.277
 $ : num [1, 1, 1:4] 10.86 4.9 2.34 2.02
NULL
R priorParameters: 2 8 
R maxT: 1 
R_PriorDraw_first_mu: 0.8264991 
R_PriorDraw_first_nu: 9.7645 
R-CCU: Before ClusterLabelChange for i = 23 newLabel= 1 currentLabel= 1 
R-CCU: sum(pointsPerCluster) = 622 
 num [1:4] 619 1 1 1
NULL
R-CCU: After ClusterLabelChange for i = 23 
R-CCU: sum(pointsPerCluster) = 623 
 num [1:4] 620 1 1 1
NULL
R-CCU: dpObj$numberClusters = 4 
List of 2
 $ : num [1, 1, 1:4] 0.341 0.695 0.698 0.277
 $ : num [1, 1, 1:4] 10.86 4.9 2.34 2.02
NULL
R priorParameters: 2 8 
R maxT: 1 
R_PriorDraw_first_mu: 0.5616541 
R_PriorDraw_first_nu: 1.813225 
R-CCU: Before ClusterLabelChange for i = 24 newLabel= 1 currentLabel= 1 
R-CCU: sum(pointsPerCluster) = 623 
 num [1:4] 620 1 1 1
NULL
R-CCU: After ClusterLabelChange for i = 24 
R-CCU: sum(pointsPerCluster) = 624 
 num [1:4] 621 1 1 1
NULL
R-CCU: dpObj$numberClusters = 4 
List of 2
 $ : num [1, 1, 1:4] 0.341 0.695 0.698 0.277
 $ : num [1, 1, 1:4] 10.86 4.9 2.34 2.02
NULL
R priorParameters: 2 8 
R maxT: 1 
R_PriorDraw_first_mu: 0.09633447 
R_PriorDraw_first_nu: 3.107089 
R-CCU: Before ClusterLabelChange for i = 25 newLabel= 1 currentLabel= 1 
R-CCU: sum(pointsPerCluster) = 624 
 num [1:4] 621 1 1 1
NULL
R-CCU: After ClusterLabelChange for i = 25 
R-CCU: sum(pointsPerCluster) = 625 
 num [1:4] 622 1 1 1
NULL
R-CCU: dpObj$numberClusters = 4 
List of 2
 $ : num [1, 1, 1:4] 0.341 0.695 0.698 0.277
 $ : num [1, 1, 1:4] 10.86 4.9 2.34 2.02
NULL
R priorParameters: 2 8 
R maxT: 1 
R_PriorDraw_first_mu: 0.9067268 
R_PriorDraw_first_nu: 9.200919 
R-CCU: Before ClusterLabelChange for i = 26 newLabel= 1 currentLabel= 1 
R-CCU: sum(pointsPerCluster) = 625 
 num [1:4] 622 1 1 1
NULL
R-CCU: After ClusterLabelChange for i = 26 
R-CCU: sum(pointsPerCluster) = 626 
 num [1:4] 623 1 1 1
NULL
R-CCU: dpObj$numberClusters = 4 
List of 2
 $ : num [1, 1, 1:4] 0.341 0.695 0.698 0.277
 $ : num [1, 1, 1:4] 10.86 4.9 2.34 2.02
NULL
R priorParameters: 2 8 
R maxT: 1 
R_PriorDraw_first_mu: 0.02629651 
R_PriorDraw_first_nu: 3.297208 
R-CCU: Before ClusterLabelChange for i = 27 newLabel= 1 currentLabel= 1 
R-CCU: sum(pointsPerCluster) = 626 
 num [1:4] 623 1 1 1
NULL
R-CCU: After ClusterLabelChange for i = 27 
R-CCU: sum(pointsPerCluster) = 627 
 num [1:4] 624 1 1 1
NULL
R-CCU: dpObj$numberClusters = 4 
List of 2
 $ : num [1, 1, 1:4] 0.341 0.695 0.698 0.277
 $ : num [1, 1, 1:4] 10.86 4.9 2.34 2.02
NULL
R priorParameters: 2 8 
R maxT: 1 
R_PriorDraw_first_mu: 0.1420319 
R_PriorDraw_first_nu: 7.993948 
R-CCU: Before ClusterLabelChange for i = 28 newLabel= 1 currentLabel= 1 
R-CCU: sum(pointsPerCluster) = 627 
 num [1:4] 624 1 1 1
NULL
R-CCU: After ClusterLabelChange for i = 28 
R-CCU: sum(pointsPerCluster) = 628 
 num [1:4] 625 1 1 1
NULL
R-CCU: dpObj$numberClusters = 4 
List of 2
 $ : num [1, 1, 1:4] 0.341 0.695 0.698 0.277
 $ : num [1, 1, 1:4] 10.86 4.9 2.34 2.02
NULL
R priorParameters: 2 8 
R maxT: 1 
R_PriorDraw_first_mu: 0.03620913 
R_PriorDraw_first_nu: 2.228994 
R-CCU: Before ClusterLabelChange for i = 29 newLabel= 1 currentLabel= 1 
R-CCU: sum(pointsPerCluster) = 628 
 num [1:4] 625 1 1 1
NULL
R-CCU: After ClusterLabelChange for i = 29 
R-CCU: sum(pointsPerCluster) = 629 
 num [1:4] 626 1 1 1
NULL
R-CCU: dpObj$numberClusters = 4 
List of 2
 $ : num [1, 1, 1:4] 0.341 0.695 0.698 0.277
 $ : num [1, 1, 1:4] 10.86 4.9 2.34 2.02
NULL
R priorParameters: 2 8 
R maxT: 1 
R_PriorDraw_first_mu: 0.6657338 
R_PriorDraw_first_nu: 0.8679699 
R-CCU: Before ClusterLabelChange for i = 30 newLabel= 1 currentLabel= 1 
R-CCU: sum(pointsPerCluster) = 629 
 num [1:4] 626 1 1 1
NULL
R-CCU: After ClusterLabelChange for i = 30 
R-CCU: sum(pointsPerCluster) = 630 
 num [1:4] 627 1 1 1
NULL
R-CCU: dpObj$numberClusters = 4 
List of 2
 $ : num [1, 1, 1:4] 0.341 0.695 0.698 0.277
 $ : num [1, 1, 1:4] 10.86 4.9 2.34 2.02
NULL
R priorParameters: 2 8 
R maxT: 1 
R_PriorDraw_first_mu: 0.4963082 
R_PriorDraw_first_nu: 18.69566 
R-CCU: Before ClusterLabelChange for i = 31 newLabel= 1 currentLabel= 1 
R-CCU: sum(pointsPerCluster) = 630 
 num [1:4] 627 1 1 1
NULL
R-CCU: After ClusterLabelChange for i = 31 
R-CCU: sum(pointsPerCluster) = 631 
 num [1:4] 628 1 1 1
NULL
R-CCU: dpObj$numberClusters = 4 
List of 2
 $ : num [1, 1, 1:4] 0.341 0.695 0.698 0.277
 $ : num [1, 1, 1:4] 10.86 4.9 2.34 2.02
NULL
R priorParameters: 2 8 
R maxT: 1 
R_PriorDraw_first_mu: 0.05409204 
R_PriorDraw_first_nu: 5.500145 
R-CCU: Before ClusterLabelChange for i = 32 newLabel= 1 currentLabel= 1 
R-CCU: sum(pointsPerCluster) = 631 
 num [1:4] 628 1 1 1
NULL
R-CCU: After ClusterLabelChange for i = 32 
R-CCU: sum(pointsPerCluster) = 632 
 num [1:4] 629 1 1 1
NULL
R-CCU: dpObj$numberClusters = 4 
List of 2
 $ : num [1, 1, 1:4] 0.341 0.695 0.698 0.277
 $ : num [1, 1, 1:4] 10.86 4.9 2.34 2.02
NULL
R priorParameters: 2 8 
R maxT: 1 
R_PriorDraw_first_mu: 0.3440428 
R_PriorDraw_first_nu: 11.03259 
R-CCU: Before ClusterLabelChange for i = 33 newLabel= 1 currentLabel= 1 
R-CCU: sum(pointsPerCluster) = 632 
 num [1:4] 629 1 1 1
NULL
R-CCU: After ClusterLabelChange for i = 33 
R-CCU: sum(pointsPerCluster) = 633 
 num [1:4] 630 1 1 1
NULL
R-CCU: dpObj$numberClusters = 4 
List of 2
 $ : num [1, 1, 1:4] 0.341 0.695 0.698 0.277
 $ : num [1, 1, 1:4] 10.86 4.9 2.34 2.02
NULL
R priorParameters: 2 8 
R maxT: 1 
R_PriorDraw_first_mu: 0.4167665 
R_PriorDraw_first_nu: 11.88544 
R-CCU: Before ClusterLabelChange for i = 34 newLabel= 1 currentLabel= 1 
R-CCU: sum(pointsPerCluster) = 633 
 num [1:4] 630 1 1 1
NULL
R-CCU: After ClusterLabelChange for i = 34 
R-CCU: sum(pointsPerCluster) = 634 
 num [1:4] 631 1 1 1
NULL
R-CCU: dpObj$numberClusters = 4 
List of 2
 $ : num [1, 1, 1:4] 0.341 0.695 0.698 0.277
 $ : num [1, 1, 1:4] 10.86 4.9 2.34 2.02
NULL
R priorParameters: 2 8 
R maxT: 1 
R_PriorDraw_first_mu: 0.7455512 
R_PriorDraw_first_nu: 2.351569 
R-CCU: Before ClusterLabelChange for i = 35 newLabel= 1 currentLabel= 1 
R-CCU: sum(pointsPerCluster) = 634 
 num [1:4] 631 1 1 1
NULL
R-CCU: After ClusterLabelChange for i = 35 
R-CCU: sum(pointsPerCluster) = 635 
 num [1:4] 632 1 1 1
NULL
R-CCU: dpObj$numberClusters = 4 
List of 2
 $ : num [1, 1, 1:4] 0.341 0.695 0.698 0.277
 $ : num [1, 1, 1:4] 10.86 4.9 2.34 2.02
NULL
R priorParameters: 2 8 
R maxT: 1 
R_PriorDraw_first_mu: 0.278672 
R_PriorDraw_first_nu: 1.104737 
R-CCU: Before ClusterLabelChange for i = 36 newLabel= 1 currentLabel= 1 
R-CCU: sum(pointsPerCluster) = 635 
 num [1:4] 632 1 1 1
NULL
R-CCU: After ClusterLabelChange for i = 36 
R-CCU: sum(pointsPerCluster) = 636 
 num [1:4] 633 1 1 1
NULL
R-CCU: dpObj$numberClusters = 4 
List of 2
 $ : num [1, 1, 1:4] 0.341 0.695 0.698 0.277
 $ : num [1, 1, 1:4] 10.86 4.9 2.34 2.02
NULL
R priorParameters: 2 8 
R maxT: 1 
R_PriorDraw_first_mu: 0.2527767 
R_PriorDraw_first_nu: 1.958049 
R-CCU: Before ClusterLabelChange for i = 37 newLabel= 1 currentLabel= 1 
R-CCU: sum(pointsPerCluster) = 636 
 num [1:4] 633 1 1 1
NULL
R-CCU: After ClusterLabelChange for i = 37 
R-CCU: sum(pointsPerCluster) = 637 
 num [1:4] 634 1 1 1
NULL
R-CCU: dpObj$numberClusters = 4 
List of 2
 $ : num [1, 1, 1:4] 0.341 0.695 0.698 0.277
 $ : num [1, 1, 1:4] 10.86 4.9 2.34 2.02
NULL
R priorParameters: 2 8 
R maxT: 1 
R_PriorDraw_first_mu: 0.08803721 
R_PriorDraw_first_nu: 3.419438 
R-CCU: Before ClusterLabelChange for i = 38 newLabel= 1 currentLabel= 1 
R-CCU: sum(pointsPerCluster) = 637 
 num [1:4] 634 1 1 1
NULL
R-CCU: After ClusterLabelChange for i = 38 
R-CCU: sum(pointsPerCluster) = 638 
 num [1:4] 635 1 1 1
NULL
R-CCU: dpObj$numberClusters = 4 
List of 2
 $ : num [1, 1, 1:4] 0.341 0.695 0.698 0.277
 $ : num [1, 1, 1:4] 10.86 4.9 2.34 2.02
NULL
R priorParameters: 2 8 
R maxT: 1 
R_PriorDraw_first_mu: 0.5196071 
R_PriorDraw_first_nu: 2.05981 
R-CCU: Before ClusterLabelChange for i = 39 newLabel= 1 currentLabel= 1 
R-CCU: sum(pointsPerCluster) = 638 
 num [1:4] 635 1 1 1
NULL
R-CCU: After ClusterLabelChange for i = 39 
R-CCU: sum(pointsPerCluster) = 639 
 num [1:4] 636 1 1 1
NULL
R-CCU: dpObj$numberClusters = 4 
List of 2
 $ : num [1, 1, 1:4] 0.341 0.695 0.698 0.277
 $ : num [1, 1, 1:4] 10.86 4.9 2.34 2.02
NULL
R priorParameters: 2 8 
R maxT: 1 
R_PriorDraw_first_mu: 0.8831117 
R_PriorDraw_first_nu: 5.987275 
R-CCU: Before ClusterLabelChange for i = 40 newLabel= 1 currentLabel= 1 
R-CCU: sum(pointsPerCluster) = 639 
 num [1:4] 636 1 1 1
NULL
R-CCU: After ClusterLabelChange for i = 40 
R-CCU: sum(pointsPerCluster) = 640 
 num [1:4] 637 1 1 1
NULL
R-CCU: dpObj$numberClusters = 4 
List of 2
 $ : num [1, 1, 1:4] 0.341 0.695 0.698 0.277
 $ : num [1, 1, 1:4] 10.86 4.9 2.34 2.02
NULL
R priorParameters: 2 8 
R maxT: 1 
R_PriorDraw_first_mu: 0.4938693 
R_PriorDraw_first_nu: 5.005111 
R-CCU: Before ClusterLabelChange for i = 41 newLabel= 1 currentLabel= 1 
R-CCU: sum(pointsPerCluster) = 640 
 num [1:4] 637 1 1 1
NULL
R-CCU: After ClusterLabelChange for i = 41 
R-CCU: sum(pointsPerCluster) = 641 
 num [1:4] 638 1 1 1
NULL
R-CCU: dpObj$numberClusters = 4 
List of 2
 $ : num [1, 1, 1:4] 0.341 0.695 0.698 0.277
 $ : num [1, 1, 1:4] 10.86 4.9 2.34 2.02
NULL
R priorParameters: 2 8 
R maxT: 1 
R_PriorDraw_first_mu: 0.6116235 
R_PriorDraw_first_nu: 3.332499 
R-CCU: Before ClusterLabelChange for i = 42 newLabel= 1 currentLabel= 1 
R-CCU: sum(pointsPerCluster) = 641 
 num [1:4] 638 1 1 1
NULL
R-CCU: After ClusterLabelChange for i = 42 
R-CCU: sum(pointsPerCluster) = 642 
 num [1:4] 639 1 1 1
NULL
R-CCU: dpObj$numberClusters = 4 
List of 2
 $ : num [1, 1, 1:4] 0.341 0.695 0.698 0.277
 $ : num [1, 1, 1:4] 10.86 4.9 2.34 2.02
NULL
R priorParameters: 2 8 
R maxT: 1 
R_PriorDraw_first_mu: 0.1105774 
R_PriorDraw_first_nu: 2.874648 
R-CCU: Before ClusterLabelChange for i = 43 newLabel= 1 currentLabel= 1 
R-CCU: sum(pointsPerCluster) = 642 
 num [1:4] 639 1 1 1
NULL
R-CCU: After ClusterLabelChange for i = 43 
R-CCU: sum(pointsPerCluster) = 643 
 num [1:4] 640 1 1 1
NULL
R-CCU: dpObj$numberClusters = 4 
List of 2
 $ : num [1, 1, 1:4] 0.341 0.695 0.698 0.277
 $ : num [1, 1, 1:4] 10.86 4.9 2.34 2.02
NULL
R priorParameters: 2 8 
R maxT: 1 
R_PriorDraw_first_mu: 0.8270905 
R_PriorDraw_first_nu: 5.784977 
R-CCU: Before ClusterLabelChange for i = 44 newLabel= 1 currentLabel= 1 
R-CCU: sum(pointsPerCluster) = 643 
 num [1:4] 640 1 1 1
NULL
R-CCU: After ClusterLabelChange for i = 44 
R-CCU: sum(pointsPerCluster) = 644 
 num [1:4] 641 1 1 1
NULL
R-CCU: dpObj$numberClusters = 4 
List of 2
 $ : num [1, 1, 1:4] 0.341 0.695 0.698 0.277
 $ : num [1, 1, 1:4] 10.86 4.9 2.34 2.02
NULL
R priorParameters: 2 8 
R maxT: 1 
R_PriorDraw_first_mu: 0.1389247 
R_PriorDraw_first_nu: 3.346513 
R-CCU: Before ClusterLabelChange for i = 45 newLabel= 1 currentLabel= 1 
R-CCU: sum(pointsPerCluster) = 644 
 num [1:4] 641 1 1 1
NULL
R-CCU: After ClusterLabelChange for i = 45 
R-CCU: sum(pointsPerCluster) = 645 
 num [1:4] 642 1 1 1
NULL
R-CCU: dpObj$numberClusters = 4 
List of 2
 $ : num [1, 1, 1:4] 0.341 0.695 0.698 0.277
 $ : num [1, 1, 1:4] 10.86 4.9 2.34 2.02
NULL
R priorParameters: 2 8 
R maxT: 1 
R_PriorDraw_first_mu: 0.5523025 
R_PriorDraw_first_nu: 5.901983 
R-CCU: Before ClusterLabelChange for i = 46 newLabel= 1 currentLabel= 1 
R-CCU: sum(pointsPerCluster) = 645 
 num [1:4] 642 1 1 1
NULL
R-CCU: After ClusterLabelChange for i = 46 
R-CCU: sum(pointsPerCluster) = 646 
 num [1:4] 643 1 1 1
NULL
R-CCU: dpObj$numberClusters = 4 
List of 2
 $ : num [1, 1, 1:4] 0.341 0.695 0.698 0.277
 $ : num [1, 1, 1:4] 10.86 4.9 2.34 2.02
NULL
R priorParameters: 2 8 
R maxT: 1 
R_PriorDraw_first_mu: 0.003471278 
R_PriorDraw_first_nu: 1.591818 
R-CCU: Before ClusterLabelChange for i = 47 newLabel= 1 currentLabel= 1 
R-CCU: sum(pointsPerCluster) = 646 
 num [1:4] 643 1 1 1
NULL
R-CCU: After ClusterLabelChange for i = 47 
R-CCU: sum(pointsPerCluster) = 647 
 num [1:4] 644 1 1 1
NULL
R-CCU: dpObj$numberClusters = 4 
List of 2
 $ : num [1, 1, 1:4] 0.341 0.695 0.698 0.277
 $ : num [1, 1, 1:4] 10.86 4.9 2.34 2.02
NULL
R priorParameters: 2 8 
R maxT: 1 
R_PriorDraw_first_mu: 0.3022455 
R_PriorDraw_first_nu: 7.043677 
R-CCU: Before ClusterLabelChange for i = 48 newLabel= 1 currentLabel= 1 
R-CCU: sum(pointsPerCluster) = 647 
 num [1:4] 644 1 1 1
NULL
R-CCU: After ClusterLabelChange for i = 48 
R-CCU: sum(pointsPerCluster) = 648 
 num [1:4] 645 1 1 1
NULL
R-CCU: dpObj$numberClusters = 4 
List of 2
 $ : num [1, 1, 1:4] 0.341 0.695 0.698 0.277
 $ : num [1, 1, 1:4] 10.86 4.9 2.34 2.02
NULL
R priorParameters: 2 8 
R maxT: 1 
R_PriorDraw_first_mu: 0.01996232 
R_PriorDraw_first_nu: 3.356008 
R-CCU: Before ClusterLabelChange for i = 49 newLabel= 1 currentLabel= 1 
R-CCU: sum(pointsPerCluster) = 648 
 num [1:4] 645 1 1 1
NULL
R-CCU: After ClusterLabelChange for i = 49 
R-CCU: sum(pointsPerCluster) = 649 
 num [1:4] 646 1 1 1
NULL
R-CCU: dpObj$numberClusters = 4 
List of 2
 $ : num [1, 1, 1:4] 0.341 0.695 0.698 0.277
 $ : num [1, 1, 1:4] 10.86 4.9 2.34 2.02
NULL
R priorParameters: 2 8 
R maxT: 1 
R_PriorDraw_first_mu: 0.6162931 
R_PriorDraw_first_nu: 9.832866 
R-CCU: Before ClusterLabelChange for i = 50 newLabel= 1 currentLabel= 1 
R-CCU: sum(pointsPerCluster) = 649 
 num [1:4] 646 1 1 1
NULL
R-CCU: After ClusterLabelChange for i = 50 
R-CCU: sum(pointsPerCluster) = 650 
 num [1:4] 647 1 1 1
NULL
R-CCU: dpObj$numberClusters = 4 
List of 2
 $ : num [1, 1, 1:4] 0.341 0.695 0.698 0.277
 $ : num [1, 1, 1:4] 10.86 4.9 2.34 2.02
NULL
R priorParameters: 2 8 
R maxT: 1 
R_PriorDraw_first_mu: 0.8437155 
R_PriorDraw_first_nu: 7.799608 
R-CCU: Before ClusterLabelChange for i = 51 newLabel= 1 currentLabel= 1 
R-CCU: sum(pointsPerCluster) = 650 
 num [1:4] 647 1 1 1
NULL
R-CCU: After ClusterLabelChange for i = 51 
R-CCU: sum(pointsPerCluster) = 651 
 num [1:4] 648 1 1 1
NULL
R-CCU: dpObj$numberClusters = 4 
List of 2
 $ : num [1, 1, 1:4] 0.341 0.695 0.698 0.277
 $ : num [1, 1, 1:4] 10.86 4.9 2.34 2.02
NULL
R priorParameters: 2 8 
R maxT: 1 
R_PriorDraw_first_mu: 0.5370632 
R_PriorDraw_first_nu: 5.874204 
R-CCU: Before ClusterLabelChange for i = 52 newLabel= 1 currentLabel= 1 
R-CCU: sum(pointsPerCluster) = 651 
 num [1:4] 648 1 1 1
NULL
R-CCU: After ClusterLabelChange for i = 52 
R-CCU: sum(pointsPerCluster) = 652 
 num [1:4] 649 1 1 1
NULL
R-CCU: dpObj$numberClusters = 4 
List of 2
 $ : num [1, 1, 1:4] 0.341 0.695 0.698 0.277
 $ : num [1, 1, 1:4] 10.86 4.9 2.34 2.02
NULL
R priorParameters: 2 8 
R maxT: 1 
R_PriorDraw_first_mu: 0.6538533 
R_PriorDraw_first_nu: 2.116489 
R-CCU: Before ClusterLabelChange for i = 53 newLabel= 1 currentLabel= 1 
R-CCU: sum(pointsPerCluster) = 652 
 num [1:4] 649 1 1 1
NULL
R-CCU: After ClusterLabelChange for i = 53 
R-CCU: sum(pointsPerCluster) = 653 
 num [1:4] 650 1 1 1
NULL
R-CCU: dpObj$numberClusters = 4 
List of 2
 $ : num [1, 1, 1:4] 0.341 0.695 0.698 0.277
 $ : num [1, 1, 1:4] 10.86 4.9 2.34 2.02
NULL
R priorParameters: 2 8 
R maxT: 1 
R_PriorDraw_first_mu: 0.2596541 
R_PriorDraw_first_nu: 2.24345 
R-CCU: Before ClusterLabelChange for i = 54 newLabel= 1 currentLabel= 1 
R-CCU: sum(pointsPerCluster) = 653 
 num [1:4] 650 1 1 1
NULL
R-CCU: After ClusterLabelChange for i = 54 
R-CCU: sum(pointsPerCluster) = 654 
 num [1:4] 651 1 1 1
NULL
R-CCU: dpObj$numberClusters = 4 
List of 2
 $ : num [1, 1, 1:4] 0.341 0.695 0.698 0.277
 $ : num [1, 1, 1:4] 10.86 4.9 2.34 2.02
NULL
R priorParameters: 2 8 
R maxT: 1 
R_PriorDraw_first_mu: 0.5876525 
R_PriorDraw_first_nu: 8.263776 
R-CCU: Before ClusterLabelChange for i = 55 newLabel= 1 currentLabel= 1 
R-CCU: sum(pointsPerCluster) = 654 
 num [1:4] 651 1 1 1
NULL
R-CCU: After ClusterLabelChange for i = 55 
R-CCU: sum(pointsPerCluster) = 655 
 num [1:4] 652 1 1 1
NULL
R-CCU: dpObj$numberClusters = 4 
List of 2
 $ : num [1, 1, 1:4] 0.341 0.695 0.698 0.277
 $ : num [1, 1, 1:4] 10.86 4.9 2.34 2.02
NULL
R priorParameters: 2 8 
R maxT: 1 
R_PriorDraw_first_mu: 0.8536381 
R_PriorDraw_first_nu: 3.945259 
R-CCU: Before ClusterLabelChange for i = 56 newLabel= 1 currentLabel= 1 
R-CCU: sum(pointsPerCluster) = 655 
 num [1:4] 652 1 1 1
NULL
R-CCU: After ClusterLabelChange for i = 56 
R-CCU: sum(pointsPerCluster) = 656 
 num [1:4] 653 1 1 1
NULL
R-CCU: dpObj$numberClusters = 4 
List of 2
 $ : num [1, 1, 1:4] 0.341 0.695 0.698 0.277
 $ : num [1, 1, 1:4] 10.86 4.9 2.34 2.02
NULL
R priorParameters: 2 8 
R maxT: 1 
R_PriorDraw_first_mu: 0.2422356 
R_PriorDraw_first_nu: 3.106301 
R-CCU: Before ClusterLabelChange for i = 57 newLabel= 1 currentLabel= 1 
R-CCU: sum(pointsPerCluster) = 656 
 num [1:4] 653 1 1 1
NULL
R-CCU: After ClusterLabelChange for i = 57 
R-CCU: sum(pointsPerCluster) = 657 
 num [1:4] 654 1 1 1
NULL
R-CCU: dpObj$numberClusters = 4 
List of 2
 $ : num [1, 1, 1:4] 0.341 0.695 0.698 0.277
 $ : num [1, 1, 1:4] 10.86 4.9 2.34 2.02
NULL
R priorParameters: 2 8 
R maxT: 1 
R_PriorDraw_first_mu: 0.6031872 
R_PriorDraw_first_nu: 7.672807 
R-CCU: Before ClusterLabelChange for i = 58 newLabel= 1 currentLabel= 1 
R-CCU: sum(pointsPerCluster) = 657 
 num [1:4] 654 1 1 1
NULL
R-CCU: After ClusterLabelChange for i = 58 
R-CCU: sum(pointsPerCluster) = 658 
 num [1:4] 655 1 1 1
NULL
R-CCU: dpObj$numberClusters = 4 
List of 2
 $ : num [1, 1, 1:4] 0.341 0.695 0.698 0.277
 $ : num [1, 1, 1:4] 10.86 4.9 2.34 2.02
NULL
R priorParameters: 2 8 
R maxT: 1 
R_PriorDraw_first_mu: 0.7196392 
R_PriorDraw_first_nu: 15.49885 
R-CCU: Before ClusterLabelChange for i = 59 newLabel= 1 currentLabel= 1 
R-CCU: sum(pointsPerCluster) = 658 
 num [1:4] 655 1 1 1
NULL
R-CCU: After ClusterLabelChange for i = 59 
R-CCU: sum(pointsPerCluster) = 659 
 num [1:4] 656 1 1 1
NULL
R-CCU: dpObj$numberClusters = 4 
List of 2
 $ : num [1, 1, 1:4] 0.341 0.695 0.698 0.277
 $ : num [1, 1, 1:4] 10.86 4.9 2.34 2.02
NULL
R priorParameters: 2 8 
R maxT: 1 
R_PriorDraw_first_mu: 0.8317932 
R_PriorDraw_first_nu: 3.731677 
R-CCU: Before ClusterLabelChange for i = 60 newLabel= 1 currentLabel= 1 
R-CCU: sum(pointsPerCluster) = 659 
 num [1:4] 656 1 1 1
NULL
R-CCU: After ClusterLabelChange for i = 60 
R-CCU: sum(pointsPerCluster) = 660 
 num [1:4] 657 1 1 1
NULL
R-CCU: dpObj$numberClusters = 4 
List of 2
 $ : num [1, 1, 1:4] 0.341 0.695 0.698 0.277
 $ : num [1, 1, 1:4] 10.86 4.9 2.34 2.02
NULL
R priorParameters: 2 8 
R maxT: 1 
R_PriorDraw_first_mu: 0.7325193 
R_PriorDraw_first_nu: 1.92444 
R-CCU: Before ClusterLabelChange for i = 61 newLabel= 1 currentLabel= 1 
R-CCU: sum(pointsPerCluster) = 660 
 num [1:4] 657 1 1 1
NULL
R-CCU: After ClusterLabelChange for i = 61 
R-CCU: sum(pointsPerCluster) = 661 
 num [1:4] 658 1 1 1
NULL
R-CCU: dpObj$numberClusters = 4 
List of 2
 $ : num [1, 1, 1:4] 0.341 0.695 0.698 0.277
 $ : num [1, 1, 1:4] 10.86 4.9 2.34 2.02
NULL
R priorParameters: 2 8 
R maxT: 1 
R_PriorDraw_first_mu: 0.762664 
R_PriorDraw_first_nu: 8.702726 
R-CCU: Before ClusterLabelChange for i = 62 newLabel= 1 currentLabel= 1 
R-CCU: sum(pointsPerCluster) = 661 
 num [1:4] 658 1 1 1
NULL
R-CCU: After ClusterLabelChange for i = 62 
R-CCU: sum(pointsPerCluster) = 662 
 num [1:4] 659 1 1 1
NULL
R-CCU: dpObj$numberClusters = 4 
List of 2
 $ : num [1, 1, 1:4] 0.341 0.695 0.698 0.277
 $ : num [1, 1, 1:4] 10.86 4.9 2.34 2.02
NULL
R priorParameters: 2 8 
R maxT: 1 
R_PriorDraw_first_mu: 0.06043707 
R_PriorDraw_first_nu: 5.999249 
R-CCU: Before ClusterLabelChange for i = 63 newLabel= 1 currentLabel= 1 
R-CCU: sum(pointsPerCluster) = 662 
 num [1:4] 659 1 1 1
NULL
R-CCU: After ClusterLabelChange for i = 63 
R-CCU: sum(pointsPerCluster) = 663 
 num [1:4] 660 1 1 1
NULL
R-CCU: dpObj$numberClusters = 4 
List of 2
 $ : num [1, 1, 1:4] 0.341 0.695 0.698 0.277
 $ : num [1, 1, 1:4] 10.86 4.9 2.34 2.02
NULL
R priorParameters: 2 8 
R maxT: 1 
R_PriorDraw_first_mu: 0.7463567 
R_PriorDraw_first_nu: 11.14383 
R-CCU: Before ClusterLabelChange for i = 64 newLabel= 1 currentLabel= 1 
R-CCU: sum(pointsPerCluster) = 663 
 num [1:4] 660 1 1 1
NULL
R-CCU: After ClusterLabelChange for i = 64 
R-CCU: sum(pointsPerCluster) = 664 
 num [1:4] 661 1 1 1
NULL
R-CCU: dpObj$numberClusters = 4 
List of 2
 $ : num [1, 1, 1:4] 0.341 0.695 0.698 0.277
 $ : num [1, 1, 1:4] 10.86 4.9 2.34 2.02
NULL
R priorParameters: 2 8 
R maxT: 1 
R_PriorDraw_first_mu: 0.739051 
R_PriorDraw_first_nu: 4.208623 
R-CCU: Before ClusterLabelChange for i = 65 newLabel= 1 currentLabel= 1 
R-CCU: sum(pointsPerCluster) = 664 
 num [1:4] 661 1 1 1
NULL
R-CCU: After ClusterLabelChange for i = 65 
R-CCU: sum(pointsPerCluster) = 665 
 num [1:4] 662 1 1 1
NULL
R-CCU: dpObj$numberClusters = 4 
List of 2
 $ : num [1, 1, 1:4] 0.341 0.695 0.698 0.277
 $ : num [1, 1, 1:4] 10.86 4.9 2.34 2.02
NULL
R priorParameters: 2 8 
R maxT: 1 
R_PriorDraw_first_mu: 0.4904223 
R_PriorDraw_first_nu: 3.737375 
R-CCU: Before ClusterLabelChange for i = 66 newLabel= 1 currentLabel= 1 
R-CCU: sum(pointsPerCluster) = 665 
 num [1:4] 662 1 1 1
NULL
R-CCU: After ClusterLabelChange for i = 66 
R-CCU: sum(pointsPerCluster) = 666 
 num [1:4] 663 1 1 1
NULL
R-CCU: dpObj$numberClusters = 4 
List of 2
 $ : num [1, 1, 1:4] 0.341 0.695 0.698 0.277
 $ : num [1, 1, 1:4] 10.86 4.9 2.34 2.02
NULL
R priorParameters: 2 8 
R maxT: 1 
R_PriorDraw_first_mu: 0.07949145 
R_PriorDraw_first_nu: 24.12279 
R-CCU: Before ClusterLabelChange for i = 67 newLabel= 1 currentLabel= 1 
R-CCU: sum(pointsPerCluster) = 666 
 num [1:4] 663 1 1 1
NULL
R-CCU: After ClusterLabelChange for i = 67 
R-CCU: sum(pointsPerCluster) = 667 
 num [1:4] 664 1 1 1
NULL
R-CCU: dpObj$numberClusters = 4 
List of 2
 $ : num [1, 1, 1:4] 0.341 0.695 0.698 0.277
 $ : num [1, 1, 1:4] 10.86 4.9 2.34 2.02
NULL
R priorParameters: 2 8 
R maxT: 1 
R_PriorDraw_first_mu: 0.2087819 
R_PriorDraw_first_nu: 4.352329 
R-CCU: Before ClusterLabelChange for i = 68 newLabel= 1 currentLabel= 1 
R-CCU: sum(pointsPerCluster) = 667 
 num [1:4] 664 1 1 1
NULL
R-CCU: After ClusterLabelChange for i = 68 
R-CCU: sum(pointsPerCluster) = 668 
 num [1:4] 665 1 1 1
NULL
R-CCU: dpObj$numberClusters = 4 
List of 2
 $ : num [1, 1, 1:4] 0.341 0.695 0.698 0.277
 $ : num [1, 1, 1:4] 10.86 4.9 2.34 2.02
NULL
R priorParameters: 2 8 
R maxT: 1 
R_PriorDraw_first_mu: 0.4309384 
R_PriorDraw_first_nu: 39.28754 
R-CCU: Before ClusterLabelChange for i = 69 newLabel= 1 currentLabel= 1 
R-CCU: sum(pointsPerCluster) = 668 
 num [1:4] 665 1 1 1
NULL
R-CCU: After ClusterLabelChange for i = 69 
R-CCU: sum(pointsPerCluster) = 669 
 num [1:4] 666 1 1 1
NULL
R-CCU: dpObj$numberClusters = 4 
List of 2
 $ : num [1, 1, 1:4] 0.341 0.695 0.698 0.277
 $ : num [1, 1, 1:4] 10.86 4.9 2.34 2.02
NULL
R priorParameters: 2 8 
R maxT: 1 
R_PriorDraw_first_mu: 0.5796448 
R_PriorDraw_first_nu: 5.090251 
R-CCU: Before ClusterLabelChange for i = 70 newLabel= 1 currentLabel= 1 
R-CCU: sum(pointsPerCluster) = 669 
 num [1:4] 666 1 1 1
NULL
R-CCU: After ClusterLabelChange for i = 70 
R-CCU: sum(pointsPerCluster) = 670 
 num [1:4] 667 1 1 1
NULL
R-CCU: dpObj$numberClusters = 4 
List of 2
 $ : num [1, 1, 1:4] 0.341 0.695 0.698 0.277
 $ : num [1, 1, 1:4] 10.86 4.9 2.34 2.02
NULL
R priorParameters: 2 8 
R maxT: 1 
R_PriorDraw_first_mu: 0.7448481 
R_PriorDraw_first_nu: 9.816605 
R-CCU: Before ClusterLabelChange for i = 71 newLabel= 1 currentLabel= 1 
R-CCU: sum(pointsPerCluster) = 670 
 num [1:4] 667 1 1 1
NULL
R-CCU: After ClusterLabelChange for i = 71 
R-CCU: sum(pointsPerCluster) = 671 
 num [1:4] 668 1 1 1
NULL
R-CCU: dpObj$numberClusters = 4 
List of 2
 $ : num [1, 1, 1:4] 0.341 0.695 0.698 0.277
 $ : num [1, 1, 1:4] 10.86 4.9 2.34 2.02
NULL
R priorParameters: 2 8 
R maxT: 1 
R_PriorDraw_first_mu: 0.6924973 
R_PriorDraw_first_nu: 6.977905 
R-CCU: Before ClusterLabelChange for i = 72 newLabel= 1 currentLabel= 1 
R-CCU: sum(pointsPerCluster) = 671 
 num [1:4] 668 1 1 1
NULL
R-CCU: After ClusterLabelChange for i = 72 
R-CCU: sum(pointsPerCluster) = 672 
 num [1:4] 669 1 1 1
NULL
R-CCU: dpObj$numberClusters = 4 
List of 2
 $ : num [1, 1, 1:4] 0.341 0.695 0.698 0.277
 $ : num [1, 1, 1:4] 10.86 4.9 2.34 2.02
NULL
R priorParameters: 2 8 
R maxT: 1 
R_PriorDraw_first_mu: 0.7686346 
R_PriorDraw_first_nu: 9.331136 
R-CCU: Before ClusterLabelChange for i = 73 newLabel= 1 currentLabel= 1 
R-CCU: sum(pointsPerCluster) = 672 
 num [1:4] 669 1 1 1
NULL
R-CCU: After ClusterLabelChange for i = 73 
R-CCU: sum(pointsPerCluster) = 673 
 num [1:4] 670 1 1 1
NULL
R-CCU: dpObj$numberClusters = 4 
List of 2
 $ : num [1, 1, 1:4] 0.341 0.695 0.698 0.277
 $ : num [1, 1, 1:4] 10.86 4.9 2.34 2.02
NULL
R priorParameters: 2 8 
R maxT: 1 
R_PriorDraw_first_mu: 0.4209069 
R_PriorDraw_first_nu: 23.74757 
R-CCU: Before ClusterLabelChange for i = 74 newLabel= 2 currentLabel= 1 
R-CCU: sum(pointsPerCluster) = 673 
 num [1:4] 670 1 1 1
NULL
R-CCU: After ClusterLabelChange for i = 74 
R-CCU: sum(pointsPerCluster) = 674 
 num [1:4] 670 2 1 1
NULL
R-CCU: dpObj$numberClusters = 4 
List of 2
 $ : num [1, 1, 1:4] 0.341 0.695 0.698 0.277
 $ : num [1, 1, 1:4] 10.86 4.9 2.34 2.02
NULL
R priorParameters: 2 8 
R maxT: 1 
R_PriorDraw_first_mu: 0.7092171 
R_PriorDraw_first_nu: 5.667298 
R-CCU: Before ClusterLabelChange for i = 75 newLabel= 1 currentLabel= 1 
R-CCU: sum(pointsPerCluster) = 674 
 num [1:4] 670 2 1 1
NULL
R-CCU: After ClusterLabelChange for i = 75 
R-CCU: sum(pointsPerCluster) = 675 
 num [1:4] 671 2 1 1
NULL
R-CCU: dpObj$numberClusters = 4 
List of 2
 $ : num [1, 1, 1:4] 0.341 0.695 0.698 0.277
 $ : num [1, 1, 1:4] 10.86 4.9 2.34 2.02
NULL
R priorParameters: 2 8 
R maxT: 1 
R_PriorDraw_first_mu: 0.7552865 
R_PriorDraw_first_nu: 2.01934 
R-CCU: Before ClusterLabelChange for i = 76 newLabel= 1 currentLabel= 1 
R-CCU: sum(pointsPerCluster) = 675 
 num [1:4] 671 2 1 1
NULL
R-CCU: After ClusterLabelChange for i = 76 
R-CCU: sum(pointsPerCluster) = 676 
 num [1:4] 672 2 1 1
NULL
R-CCU: dpObj$numberClusters = 4 
List of 2
 $ : num [1, 1, 1:4] 0.341 0.695 0.698 0.277
 $ : num [1, 1, 1:4] 10.86 4.9 2.34 2.02
NULL
R priorParameters: 2 8 
R maxT: 1 
R_PriorDraw_first_mu: 0.2989017 
R_PriorDraw_first_nu: 2.302186 
R-CCU: Before ClusterLabelChange for i = 77 newLabel= 1 currentLabel= 1 
R-CCU: sum(pointsPerCluster) = 676 
 num [1:4] 672 2 1 1
NULL
R-CCU: After ClusterLabelChange for i = 77 
R-CCU: sum(pointsPerCluster) = 677 
 num [1:4] 673 2 1 1
NULL
R-CCU: dpObj$numberClusters = 4 
List of 2
 $ : num [1, 1, 1:4] 0.341 0.695 0.698 0.277
 $ : num [1, 1, 1:4] 10.86 4.9 2.34 2.02
NULL
R priorParameters: 2 8 
R maxT: 1 
R_PriorDraw_first_mu: 0.2554617 
R_PriorDraw_first_nu: 7.051113 
R-CCU: Before ClusterLabelChange for i = 78 newLabel= 1 currentLabel= 1 
R-CCU: sum(pointsPerCluster) = 677 
 num [1:4] 673 2 1 1
NULL
R-CCU: After ClusterLabelChange for i = 78 
R-CCU: sum(pointsPerCluster) = 678 
 num [1:4] 674 2 1 1
NULL
R-CCU: dpObj$numberClusters = 4 
List of 2
 $ : num [1, 1, 1:4] 0.341 0.695 0.698 0.277
 $ : num [1, 1, 1:4] 10.86 4.9 2.34 2.02
NULL
R priorParameters: 2 8 
R maxT: 1 
R_PriorDraw_first_mu: 0.893058 
R_PriorDraw_first_nu: 38.4068 
R-CCU: Before ClusterLabelChange for i = 79 newLabel= 1 currentLabel= 1 
R-CCU: sum(pointsPerCluster) = 678 
 num [1:4] 674 2 1 1
NULL
R-CCU: After ClusterLabelChange for i = 79 
R-CCU: sum(pointsPerCluster) = 679 
 num [1:4] 675 2 1 1
NULL
R-CCU: dpObj$numberClusters = 4 
List of 2
 $ : num [1, 1, 1:4] 0.341 0.695 0.698 0.277
 $ : num [1, 1, 1:4] 10.86 4.9 2.34 2.02
NULL
R priorParameters: 2 8 
R maxT: 1 
R_PriorDraw_first_mu: 0.2808863 
R_PriorDraw_first_nu: 2.23488 
R-CCU: Before ClusterLabelChange for i = 80 newLabel= 1 currentLabel= 1 
R-CCU: sum(pointsPerCluster) = 679 
 num [1:4] 675 2 1 1
NULL
R-CCU: After ClusterLabelChange for i = 80 
R-CCU: sum(pointsPerCluster) = 680 
 num [1:4] 676 2 1 1
NULL
R-CCU: dpObj$numberClusters = 4 
List of 2
 $ : num [1, 1, 1:4] 0.341 0.695 0.698 0.277
 $ : num [1, 1, 1:4] 10.86 4.9 2.34 2.02
NULL
R priorParameters: 2 8 
R maxT: 1 
R_PriorDraw_first_mu: 0.4250787 
R_PriorDraw_first_nu: 3.793558 
R-CCU: Before ClusterLabelChange for i = 81 newLabel= 1 currentLabel= 1 
R-CCU: sum(pointsPerCluster) = 680 
 num [1:4] 676 2 1 1
NULL
R-CCU: After ClusterLabelChange for i = 81 
R-CCU: sum(pointsPerCluster) = 681 
 num [1:4] 677 2 1 1
NULL
R-CCU: dpObj$numberClusters = 4 
List of 2
 $ : num [1, 1, 1:4] 0.341 0.695 0.698 0.277
 $ : num [1, 1, 1:4] 10.86 4.9 2.34 2.02
NULL
R priorParameters: 2 8 
R maxT: 1 
R_PriorDraw_first_mu: 0.4520267 
R_PriorDraw_first_nu: 6.057757 
R-CCU: Before ClusterLabelChange for i = 82 newLabel= 1 currentLabel= 1 
R-CCU: sum(pointsPerCluster) = 681 
 num [1:4] 677 2 1 1
NULL
R-CCU: After ClusterLabelChange for i = 82 
R-CCU: sum(pointsPerCluster) = 682 
 num [1:4] 678 2 1 1
NULL
R-CCU: dpObj$numberClusters = 4 
List of 2
 $ : num [1, 1, 1:4] 0.341 0.695 0.698 0.277
 $ : num [1, 1, 1:4] 10.86 4.9 2.34 2.02
NULL
R priorParameters: 2 8 
R maxT: 1 
R_PriorDraw_first_mu: 0.5956166 
R_PriorDraw_first_nu: 1.907576 
R-CCU: Before ClusterLabelChange for i = 83 newLabel= 1 currentLabel= 1 
R-CCU: sum(pointsPerCluster) = 682 
 num [1:4] 678 2 1 1
NULL
R-CCU: After ClusterLabelChange for i = 83 
R-CCU: sum(pointsPerCluster) = 683 
 num [1:4] 679 2 1 1
NULL
R-CCU: dpObj$numberClusters = 4 
List of 2
 $ : num [1, 1, 1:4] 0.341 0.695 0.698 0.277
 $ : num [1, 1, 1:4] 10.86 4.9 2.34 2.02
NULL
R priorParameters: 2 8 
R maxT: 1 
R_PriorDraw_first_mu: 0.3816605 
R_PriorDraw_first_nu: 2.72595 
R-CCU: Before ClusterLabelChange for i = 84 newLabel= 1 currentLabel= 1 
R-CCU: sum(pointsPerCluster) = 683 
 num [1:4] 679 2 1 1
NULL
R-CCU: After ClusterLabelChange for i = 84 
R-CCU: sum(pointsPerCluster) = 684 
 num [1:4] 680 2 1 1
NULL
R-CCU: dpObj$numberClusters = 4 
List of 2
 $ : num [1, 1, 1:4] 0.341 0.695 0.698 0.277
 $ : num [1, 1, 1:4] 10.86 4.9 2.34 2.02
NULL
R priorParameters: 2 8 
R maxT: 1 
R_PriorDraw_first_mu: 0.1787338 
R_PriorDraw_first_nu: 2.669143 
R-CCU: Before ClusterLabelChange for i = 85 newLabel= 1 currentLabel= 1 
R-CCU: sum(pointsPerCluster) = 684 
 num [1:4] 680 2 1 1
NULL
R-CCU: After ClusterLabelChange for i = 85 
R-CCU: sum(pointsPerCluster) = 685 
 num [1:4] 681 2 1 1
NULL
R-CCU: dpObj$numberClusters = 4 
List of 2
 $ : num [1, 1, 1:4] 0.341 0.695 0.698 0.277
 $ : num [1, 1, 1:4] 10.86 4.9 2.34 2.02
NULL
R priorParameters: 2 8 
R maxT: 1 
R_PriorDraw_first_mu: 0.1102383 
R_PriorDraw_first_nu: 3.946871 
R-CCU: Before ClusterLabelChange for i = 86 newLabel= 1 currentLabel= 1 
R-CCU: sum(pointsPerCluster) = 685 
 num [1:4] 681 2 1 1
NULL
R-CCU: After ClusterLabelChange for i = 86 
R-CCU: sum(pointsPerCluster) = 686 
 num [1:4] 682 2 1 1
NULL
R-CCU: dpObj$numberClusters = 4 
List of 2
 $ : num [1, 1, 1:4] 0.341 0.695 0.698 0.277
 $ : num [1, 1, 1:4] 10.86 4.9 2.34 2.02
NULL
R priorParameters: 2 8 
R maxT: 1 
R_PriorDraw_first_mu: 0.4676181 
R_PriorDraw_first_nu: 8.907458 
R-CCU: Before ClusterLabelChange for i = 87 newLabel= 1 currentLabel= 1 
R-CCU: sum(pointsPerCluster) = 686 
 num [1:4] 682 2 1 1
NULL
R-CCU: After ClusterLabelChange for i = 87 
R-CCU: sum(pointsPerCluster) = 687 
 num [1:4] 683 2 1 1
NULL
R-CCU: dpObj$numberClusters = 4 
List of 2
 $ : num [1, 1, 1:4] 0.341 0.695 0.698 0.277
 $ : num [1, 1, 1:4] 10.86 4.9 2.34 2.02
NULL
R priorParameters: 2 8 
R maxT: 1 
R_PriorDraw_first_mu: 0.7218895 
R_PriorDraw_first_nu: 4.55499 
R-CCU: Before ClusterLabelChange for i = 88 newLabel= 1 currentLabel= 1 
R-CCU: sum(pointsPerCluster) = 687 
 num [1:4] 683 2 1 1
NULL
R-CCU: After ClusterLabelChange for i = 88 
R-CCU: sum(pointsPerCluster) = 688 
 num [1:4] 684 2 1 1
NULL
R-CCU: dpObj$numberClusters = 4 
List of 2
 $ : num [1, 1, 1:4] 0.341 0.695 0.698 0.277
 $ : num [1, 1, 1:4] 10.86 4.9 2.34 2.02
NULL
R priorParameters: 2 8 
R maxT: 1 
R_PriorDraw_first_mu: 0.543323 
R_PriorDraw_first_nu: 4.383812 
R-CCU: Before ClusterLabelChange for i = 89 newLabel= 1 currentLabel= 1 
R-CCU: sum(pointsPerCluster) = 688 
 num [1:4] 684 2 1 1
NULL
R-CCU: After ClusterLabelChange for i = 89 
R-CCU: sum(pointsPerCluster) = 689 
 num [1:4] 685 2 1 1
NULL
R-CCU: dpObj$numberClusters = 4 
List of 2
 $ : num [1, 1, 1:4] 0.341 0.695 0.698 0.277
 $ : num [1, 1, 1:4] 10.86 4.9 2.34 2.02
NULL
R priorParameters: 2 8 
R maxT: 1 
R_PriorDraw_first_mu: 0.6350647 
R_PriorDraw_first_nu: 2.469983 
R-CCU: Before ClusterLabelChange for i = 90 newLabel= 1 currentLabel= 1 
R-CCU: sum(pointsPerCluster) = 689 
 num [1:4] 685 2 1 1
NULL
R-CCU: After ClusterLabelChange for i = 90 
R-CCU: sum(pointsPerCluster) = 690 
 num [1:4] 686 2 1 1
NULL
R-CCU: dpObj$numberClusters = 4 
List of 2
 $ : num [1, 1, 1:4] 0.341 0.695 0.698 0.277
 $ : num [1, 1, 1:4] 10.86 4.9 2.34 2.02
NULL
R priorParameters: 2 8 
R maxT: 1 
R_PriorDraw_first_mu: 0.3339279 
R_PriorDraw_first_nu: 1.689756 
R-CCU: Before ClusterLabelChange for i = 91 newLabel= 1 currentLabel= 1 
R-CCU: sum(pointsPerCluster) = 690 
 num [1:4] 686 2 1 1
NULL
R-CCU: After ClusterLabelChange for i = 91 
R-CCU: sum(pointsPerCluster) = 691 
 num [1:4] 687 2 1 1
NULL
R-CCU: dpObj$numberClusters = 4 
List of 2
 $ : num [1, 1, 1:4] 0.341 0.695 0.698 0.277
 $ : num [1, 1, 1:4] 10.86 4.9 2.34 2.02
NULL
R priorParameters: 2 8 
R maxT: 1 
R_PriorDraw_first_mu: 0.3305194 
R_PriorDraw_first_nu: 8.697514 
R-CCU: Before ClusterLabelChange for i = 92 newLabel= 1 currentLabel= 1 
R-CCU: sum(pointsPerCluster) = 691 
 num [1:4] 687 2 1 1
NULL
R-CCU: After ClusterLabelChange for i = 92 
R-CCU: sum(pointsPerCluster) = 692 
 num [1:4] 688 2 1 1
NULL
R-CCU: dpObj$numberClusters = 4 
List of 2
 $ : num [1, 1, 1:4] 0.341 0.695 0.698 0.277
 $ : num [1, 1, 1:4] 10.86 4.9 2.34 2.02
NULL
R priorParameters: 2 8 
R maxT: 1 
R_PriorDraw_first_mu: 0.4399192 
R_PriorDraw_first_nu: 4.133559 
R-CCU: Before ClusterLabelChange for i = 93 newLabel= 1 currentLabel= 1 
R-CCU: sum(pointsPerCluster) = 692 
 num [1:4] 688 2 1 1
NULL
R-CCU: After ClusterLabelChange for i = 93 
R-CCU: sum(pointsPerCluster) = 693 
 num [1:4] 689 2 1 1
NULL
R-CCU: dpObj$numberClusters = 4 
List of 2
 $ : num [1, 1, 1:4] 0.341 0.695 0.698 0.277
 $ : num [1, 1, 1:4] 10.86 4.9 2.34 2.02
NULL
R priorParameters: 2 8 
R maxT: 1 
R_PriorDraw_first_mu: 0.8559581 
R_PriorDraw_first_nu: 6.448044 
R-CCU: Before ClusterLabelChange for i = 94 newLabel= 1 currentLabel= 1 
R-CCU: sum(pointsPerCluster) = 693 
 num [1:4] 689 2 1 1
NULL
R-CCU: After ClusterLabelChange for i = 94 
R-CCU: sum(pointsPerCluster) = 694 
 num [1:4] 690 2 1 1
NULL
R-CCU: dpObj$numberClusters = 4 
List of 2
 $ : num [1, 1, 1:4] 0.341 0.695 0.698 0.277
 $ : num [1, 1, 1:4] 10.86 4.9 2.34 2.02
NULL
R priorParameters: 2 8 
R maxT: 1 
R_PriorDraw_first_mu: 0.7893191 
R_PriorDraw_first_nu: 4.333613 
R-CCU: Before ClusterLabelChange for i = 95 newLabel= 1 currentLabel= 1 
R-CCU: sum(pointsPerCluster) = 694 
 num [1:4] 690 2 1 1
NULL
R-CCU: After ClusterLabelChange for i = 95 
R-CCU: sum(pointsPerCluster) = 695 
 num [1:4] 691 2 1 1
NULL
R-CCU: dpObj$numberClusters = 4 
List of 2
 $ : num [1, 1, 1:4] 0.341 0.695 0.698 0.277
 $ : num [1, 1, 1:4] 10.86 4.9 2.34 2.02
NULL
R priorParameters: 2 8 
R maxT: 1 
R_PriorDraw_first_mu: 0.3372635 
R_PriorDraw_first_nu: 4.014698 
R-CCU: Before ClusterLabelChange for i = 96 newLabel= 1 currentLabel= 1 
R-CCU: sum(pointsPerCluster) = 695 
 num [1:4] 691 2 1 1
NULL
R-CCU: After ClusterLabelChange for i = 96 
R-CCU: sum(pointsPerCluster) = 696 
 num [1:4] 692 2 1 1
NULL
R-CCU: dpObj$numberClusters = 4 
List of 2
 $ : num [1, 1, 1:4] 0.341 0.695 0.698 0.277
 $ : num [1, 1, 1:4] 10.86 4.9 2.34 2.02
NULL
R priorParameters: 2 8 
R maxT: 1 
R_PriorDraw_first_mu: 0.1304323 
R_PriorDraw_first_nu: 6.863955 
R-CCU: Before ClusterLabelChange for i = 97 newLabel= 1 currentLabel= 1 
R-CCU: sum(pointsPerCluster) = 696 
 num [1:4] 692 2 1 1
NULL
R-CCU: After ClusterLabelChange for i = 97 
R-CCU: sum(pointsPerCluster) = 697 
 num [1:4] 693 2 1 1
NULL
R-CCU: dpObj$numberClusters = 4 
List of 2
 $ : num [1, 1, 1:4] 0.341 0.695 0.698 0.277
 $ : num [1, 1, 1:4] 10.86 4.9 2.34 2.02
NULL
R priorParameters: 2 8 
R maxT: 1 
R_PriorDraw_first_mu: 0.5318708 
R_PriorDraw_first_nu: 1.595734 
R-CCU: Before ClusterLabelChange for i = 98 newLabel= 1 currentLabel= 1 
R-CCU: sum(pointsPerCluster) = 697 
 num [1:4] 693 2 1 1
NULL
R-CCU: After ClusterLabelChange for i = 98 
R-CCU: sum(pointsPerCluster) = 698 
 num [1:4] 694 2 1 1
NULL
R-CCU: dpObj$numberClusters = 4 
List of 2
 $ : num [1, 1, 1:4] 0.341 0.695 0.698 0.277
 $ : num [1, 1, 1:4] 10.86 4.9 2.34 2.02
NULL
R priorParameters: 2 8 
R maxT: 1 
R_PriorDraw_first_mu: 0.5968519 
R_PriorDraw_first_nu: 5.898113 
R-CCU: Before ClusterLabelChange for i = 99 newLabel= 1 currentLabel= 1 
R-CCU: sum(pointsPerCluster) = 698 
 num [1:4] 694 2 1 1
NULL
R-CCU: After ClusterLabelChange for i = 99 
R-CCU: sum(pointsPerCluster) = 699 
 num [1:4] 695 2 1 1
NULL
R-CCU: dpObj$numberClusters = 4 
List of 2
 $ : num [1, 1, 1:4] 0.341 0.695 0.698 0.277
 $ : num [1, 1, 1:4] 10.86 4.9 2.34 2.02
NULL
R priorParameters: 2 8 
R maxT: 1 
R_PriorDraw_first_mu: 0.68424 
R_PriorDraw_first_nu: 3.340258 
R-CCU: Before ClusterLabelChange for i = 100 newLabel= 1 currentLabel= 1 
R-CCU: sum(pointsPerCluster) = 699 
 num [1:4] 695 2 1 1
NULL
R-CCU: After ClusterLabelChange for i = 100 
R-CCU: sum(pointsPerCluster) = 700 
 num [1:4] 696 2 1 1
NULL
R-CCU: dpObj$numberClusters = 4 
List of 2
 $ : num [1, 1, 1:4] 0.341 0.695 0.698 0.277
 $ : num [1, 1, 1:4] 10.86 4.9 2.34 2.02
NULL
R priorParameters: 2 8 
R maxT: 1 
R_PriorDraw_first_mu: 0.6522588 
R_PriorDraw_first_nu: 4.22345 
R-CCU: Before ClusterLabelChange for i = 1 newLabel= 1 currentLabel= 1 
R-CCU: sum(pointsPerCluster) = 700 
 num [1:4] 696 2 1 1
NULL
R-CCU: After ClusterLabelChange for i = 1 
R-CCU: sum(pointsPerCluster) = 701 
 num [1:4] 697 2 1 1
NULL
R-CCU: dpObj$numberClusters = 4 
List of 2
 $ : num [1, 1, 1:4] 0.341 0.786 0.698 0.277
 $ : num [1, 1, 1:4] 8.53 4.86 2.34 2.02
NULL
R priorParameters: 2 8 
R maxT: 1 
R_PriorDraw_first_mu: 0.4799971 
R_PriorDraw_first_nu: 1.507772 
R-CCU: Before ClusterLabelChange for i = 2 newLabel= 1 currentLabel= 1 
R-CCU: sum(pointsPerCluster) = 701 
 num [1:4] 697 2 1 1
NULL
R-CCU: After ClusterLabelChange for i = 2 
R-CCU: sum(pointsPerCluster) = 702 
 num [1:4] 698 2 1 1
NULL
R-CCU: dpObj$numberClusters = 4 
List of 2
 $ : num [1, 1, 1:4] 0.341 0.786 0.698 0.277
 $ : num [1, 1, 1:4] 8.53 4.86 2.34 2.02
NULL
R priorParameters: 2 8 
R maxT: 1 
R_PriorDraw_first_mu: 0.8545149 
R_PriorDraw_first_nu: 2.975628 
R-CCU: Before ClusterLabelChange for i = 3 newLabel= 1 currentLabel= 1 
R-CCU: sum(pointsPerCluster) = 702 
 num [1:4] 698 2 1 1
NULL
R-CCU: After ClusterLabelChange for i = 3 
R-CCU: sum(pointsPerCluster) = 703 
 num [1:4] 699 2 1 1
NULL
R-CCU: dpObj$numberClusters = 4 
List of 2
 $ : num [1, 1, 1:4] 0.341 0.786 0.698 0.277
 $ : num [1, 1, 1:4] 8.53 4.86 2.34 2.02
NULL
R priorParameters: 2 8 
R maxT: 1 
R_PriorDraw_first_mu: 0.8056258 
R_PriorDraw_first_nu: 9.691056 
R-CCU: Before ClusterLabelChange for i = 4 newLabel= 1 currentLabel= 1 
R-CCU: sum(pointsPerCluster) = 703 
 num [1:4] 699 2 1 1
NULL
R-CCU: After ClusterLabelChange for i = 4 
R-CCU: sum(pointsPerCluster) = 704 
 num [1:4] 700 2 1 1
NULL
R-CCU: dpObj$numberClusters = 4 
List of 2
 $ : num [1, 1, 1:4] 0.341 0.786 0.698 0.277
 $ : num [1, 1, 1:4] 8.53 4.86 2.34 2.02
NULL
R priorParameters: 2 8 
R maxT: 1 
R_PriorDraw_first_mu: 0.3411969 
R_PriorDraw_first_nu: 2.18592 
R-CCU: Before ClusterLabelChange for i = 5 newLabel= 1 currentLabel= 1 
R-CCU: sum(pointsPerCluster) = 704 
 num [1:4] 700 2 1 1
NULL
R-CCU: After ClusterLabelChange for i = 5 
R-CCU: sum(pointsPerCluster) = 705 
 num [1:4] 701 2 1 1
NULL
R-CCU: dpObj$numberClusters = 4 
List of 2
 $ : num [1, 1, 1:4] 0.341 0.786 0.698 0.277
 $ : num [1, 1, 1:4] 8.53 4.86 2.34 2.02
NULL
R priorParameters: 2 8 
R maxT: 1 
R_PriorDraw_first_mu: 0.2465361 
R_PriorDraw_first_nu: 6.678005 
R-CCU: Before ClusterLabelChange for i = 6 newLabel= 1 currentLabel= 1 
R-CCU: sum(pointsPerCluster) = 705 
 num [1:4] 701 2 1 1
NULL
R-CCU: After ClusterLabelChange for i = 6 
R-CCU: sum(pointsPerCluster) = 706 
 num [1:4] 702 2 1 1
NULL
R-CCU: dpObj$numberClusters = 4 
List of 2
 $ : num [1, 1, 1:4] 0.341 0.786 0.698 0.277
 $ : num [1, 1, 1:4] 8.53 4.86 2.34 2.02
NULL
R priorParameters: 2 8 
R maxT: 1 
R_PriorDraw_first_mu: 0.4701429 
R_PriorDraw_first_nu: 2.954929 
R-CCU: Before ClusterLabelChange for i = 7 newLabel= 1 currentLabel= 1 
R-CCU: sum(pointsPerCluster) = 706 
 num [1:4] 702 2 1 1
NULL
R-CCU: After ClusterLabelChange for i = 7 
R-CCU: sum(pointsPerCluster) = 707 
 num [1:4] 703 2 1 1
NULL
R-CCU: dpObj$numberClusters = 4 
List of 2
 $ : num [1, 1, 1:4] 0.341 0.786 0.698 0.277
 $ : num [1, 1, 1:4] 8.53 4.86 2.34 2.02
NULL
R priorParameters: 2 8 
R maxT: 1 
R_PriorDraw_first_mu: 0.7056501 
R_PriorDraw_first_nu: 4.028442 
R-CCU: Before ClusterLabelChange for i = 8 newLabel= 1 currentLabel= 1 
R-CCU: sum(pointsPerCluster) = 707 
 num [1:4] 703 2 1 1
NULL
R-CCU: After ClusterLabelChange for i = 8 
R-CCU: sum(pointsPerCluster) = 708 
 num [1:4] 704 2 1 1
NULL
R-CCU: dpObj$numberClusters = 4 
List of 2
 $ : num [1, 1, 1:4] 0.341 0.786 0.698 0.277
 $ : num [1, 1, 1:4] 8.53 4.86 2.34 2.02
NULL
R priorParameters: 2 8 
R maxT: 1 
R_PriorDraw_first_mu: 0.5711895 
R_PriorDraw_first_nu: 2.354459 
R-CCU: Before ClusterLabelChange for i = 9 newLabel= 1 currentLabel= 1 
R-CCU: sum(pointsPerCluster) = 708 
 num [1:4] 704 2 1 1
NULL
R-CCU: After ClusterLabelChange for i = 9 
R-CCU: sum(pointsPerCluster) = 709 
 num [1:4] 705 2 1 1
NULL
R-CCU: dpObj$numberClusters = 4 
List of 2
 $ : num [1, 1, 1:4] 0.341 0.786 0.698 0.277
 $ : num [1, 1, 1:4] 8.53 4.86 2.34 2.02
NULL
R priorParameters: 2 8 
R maxT: 1 
R_PriorDraw_first_mu: 0.8928463 
R_PriorDraw_first_nu: 6.669723 
R-CCU: Before ClusterLabelChange for i = 10 newLabel= 1 currentLabel= 1 
R-CCU: sum(pointsPerCluster) = 709 
 num [1:4] 705 2 1 1
NULL
R-CCU: After ClusterLabelChange for i = 10 
R-CCU: sum(pointsPerCluster) = 710 
 num [1:4] 706 2 1 1
NULL
R-CCU: dpObj$numberClusters = 4 
List of 2
 $ : num [1, 1, 1:4] 0.341 0.786 0.698 0.277
 $ : num [1, 1, 1:4] 8.53 4.86 2.34 2.02
NULL
R priorParameters: 2 8 
R maxT: 1 
R_PriorDraw_first_mu: 0.7672336 
R_PriorDraw_first_nu: 3.244493 
R-CCU: Before ClusterLabelChange for i = 11 newLabel= 1 currentLabel= 1 
R-CCU: sum(pointsPerCluster) = 710 
 num [1:4] 706 2 1 1
NULL
R-CCU: After ClusterLabelChange for i = 11 
R-CCU: sum(pointsPerCluster) = 711 
 num [1:4] 707 2 1 1
NULL
R-CCU: dpObj$numberClusters = 4 
List of 2
 $ : num [1, 1, 1:4] 0.341 0.786 0.698 0.277
 $ : num [1, 1, 1:4] 8.53 4.86 2.34 2.02
NULL
R priorParameters: 2 8 
R maxT: 1 
R_PriorDraw_first_mu: 0.187978 
R_PriorDraw_first_nu: 5.616974 
R-CCU: Before ClusterLabelChange for i = 12 newLabel= 1 currentLabel= 1 
R-CCU: sum(pointsPerCluster) = 711 
 num [1:4] 707 2 1 1
NULL
R-CCU: After ClusterLabelChange for i = 12 
R-CCU: sum(pointsPerCluster) = 712 
 num [1:4] 708 2 1 1
NULL
R-CCU: dpObj$numberClusters = 4 
List of 2
 $ : num [1, 1, 1:4] 0.341 0.786 0.698 0.277
 $ : num [1, 1, 1:4] 8.53 4.86 2.34 2.02
NULL
R priorParameters: 2 8 
R maxT: 1 
R_PriorDraw_first_mu: 0.7915864 
R_PriorDraw_first_nu: 14.43748 
R-CCU: Before ClusterLabelChange for i = 13 newLabel= 1 currentLabel= 1 
R-CCU: sum(pointsPerCluster) = 712 
 num [1:4] 708 2 1 1
NULL
R-CCU: After ClusterLabelChange for i = 13 
R-CCU: sum(pointsPerCluster) = 713 
 num [1:4] 709 2 1 1
NULL
R-CCU: dpObj$numberClusters = 4 
List of 2
 $ : num [1, 1, 1:4] 0.341 0.786 0.698 0.277
 $ : num [1, 1, 1:4] 8.53 4.86 2.34 2.02
NULL
R priorParameters: 2 8 
R maxT: 1 
R_PriorDraw_first_mu: 0.01182552 
R_PriorDraw_first_nu: 4.489122 
R-CCU: Before ClusterLabelChange for i = 14 newLabel= 1 currentLabel= 1 
R-CCU: sum(pointsPerCluster) = 713 
 num [1:4] 709 2 1 1
NULL
R-CCU: After ClusterLabelChange for i = 14 
R-CCU: sum(pointsPerCluster) = 714 
 num [1:4] 710 2 1 1
NULL
R-CCU: dpObj$numberClusters = 4 
List of 2
 $ : num [1, 1, 1:4] 0.341 0.786 0.698 0.277
 $ : num [1, 1, 1:4] 8.53 4.86 2.34 2.02
NULL
R priorParameters: 2 8 
R maxT: 1 
R_PriorDraw_first_mu: 0.8911279 
R_PriorDraw_first_nu: 9.641742 
R-CCU: Before ClusterLabelChange for i = 15 newLabel= 1 currentLabel= 1 
R-CCU: sum(pointsPerCluster) = 714 
 num [1:4] 710 2 1 1
NULL
R-CCU: After ClusterLabelChange for i = 15 
R-CCU: sum(pointsPerCluster) = 715 
 num [1:4] 711 2 1 1
NULL
R-CCU: dpObj$numberClusters = 4 
List of 2
 $ : num [1, 1, 1:4] 0.341 0.786 0.698 0.277
 $ : num [1, 1, 1:4] 8.53 4.86 2.34 2.02
NULL
R priorParameters: 2 8 
R maxT: 1 
R_PriorDraw_first_mu: 0.3442971 
R_PriorDraw_first_nu: 2.717347 
R-CCU: Before ClusterLabelChange for i = 16 newLabel= 1 currentLabel= 1 
R-CCU: sum(pointsPerCluster) = 715 
 num [1:4] 711 2 1 1
NULL
R-CCU: After ClusterLabelChange for i = 16 
R-CCU: sum(pointsPerCluster) = 716 
 num [1:4] 712 2 1 1
NULL
R-CCU: dpObj$numberClusters = 4 
List of 2
 $ : num [1, 1, 1:4] 0.341 0.786 0.698 0.277
 $ : num [1, 1, 1:4] 8.53 4.86 2.34 2.02
NULL
R priorParameters: 2 8 
R maxT: 1 
R_PriorDraw_first_mu: 0.9759084 
R_PriorDraw_first_nu: 7.45753 
R-CCU: Before ClusterLabelChange for i = 17 newLabel= 1 currentLabel= 1 
R-CCU: sum(pointsPerCluster) = 716 
 num [1:4] 712 2 1 1
NULL
R-CCU: After ClusterLabelChange for i = 17 
R-CCU: sum(pointsPerCluster) = 717 
 num [1:4] 713 2 1 1
NULL
R-CCU: dpObj$numberClusters = 4 
List of 2
 $ : num [1, 1, 1:4] 0.341 0.786 0.698 0.277
 $ : num [1, 1, 1:4] 8.53 4.86 2.34 2.02
NULL
R priorParameters: 2 8 
R maxT: 1 
R_PriorDraw_first_mu: 0.2982736 
R_PriorDraw_first_nu: 3.911672 
R-CCU: Before ClusterLabelChange for i = 18 newLabel= 1 currentLabel= 1 
R-CCU: sum(pointsPerCluster) = 717 
 num [1:4] 713 2 1 1
NULL
R-CCU: After ClusterLabelChange for i = 18 
R-CCU: sum(pointsPerCluster) = 718 
 num [1:4] 714 2 1 1
NULL
R-CCU: dpObj$numberClusters = 4 
List of 2
 $ : num [1, 1, 1:4] 0.341 0.786 0.698 0.277
 $ : num [1, 1, 1:4] 8.53 4.86 2.34 2.02
NULL
R priorParameters: 2 8 
R maxT: 1 
R_PriorDraw_first_mu: 0.9873671 
R_PriorDraw_first_nu: 5.942363 
R-CCU: Before ClusterLabelChange for i = 19 newLabel= 1 currentLabel= 1 
R-CCU: sum(pointsPerCluster) = 718 
 num [1:4] 714 2 1 1
NULL
R-CCU: After ClusterLabelChange for i = 19 
R-CCU: sum(pointsPerCluster) = 719 
 num [1:4] 715 2 1 1
NULL
R-CCU: dpObj$numberClusters = 4 
List of 2
 $ : num [1, 1, 1:4] 0.341 0.786 0.698 0.277
 $ : num [1, 1, 1:4] 8.53 4.86 2.34 2.02
NULL
R priorParameters: 2 8 
R maxT: 1 
R_PriorDraw_first_mu: 0.2783427 
R_PriorDraw_first_nu: 5.39259 
R-CCU: Before ClusterLabelChange for i = 20 newLabel= 1 currentLabel= 1 
R-CCU: sum(pointsPerCluster) = 719 
 num [1:4] 715 2 1 1
NULL
R-CCU: After ClusterLabelChange for i = 20 
R-CCU: sum(pointsPerCluster) = 720 
 num [1:4] 716 2 1 1
NULL
R-CCU: dpObj$numberClusters = 4 
List of 2
 $ : num [1, 1, 1:4] 0.341 0.786 0.698 0.277
 $ : num [1, 1, 1:4] 8.53 4.86 2.34 2.02
NULL
R priorParameters: 2 8 
R maxT: 1 
R_PriorDraw_first_mu: 0.00845306 
R_PriorDraw_first_nu: 2.926761 
R-CCU: Before ClusterLabelChange for i = 21 newLabel= 1 currentLabel= 1 
R-CCU: sum(pointsPerCluster) = 720 
 num [1:4] 716 2 1 1
NULL
R-CCU: After ClusterLabelChange for i = 21 
R-CCU: sum(pointsPerCluster) = 721 
 num [1:4] 717 2 1 1
NULL
R-CCU: dpObj$numberClusters = 4 
List of 2
 $ : num [1, 1, 1:4] 0.341 0.786 0.698 0.277
 $ : num [1, 1, 1:4] 8.53 4.86 2.34 2.02
NULL
R priorParameters: 2 8 
R maxT: 1 
R_PriorDraw_first_mu: 0.00470032 
R_PriorDraw_first_nu: 15.47742 
R-CCU: Before ClusterLabelChange for i = 22 newLabel= 1 currentLabel= 1 
R-CCU: sum(pointsPerCluster) = 721 
 num [1:4] 717 2 1 1
NULL
R-CCU: After ClusterLabelChange for i = 22 
R-CCU: sum(pointsPerCluster) = 722 
 num [1:4] 718 2 1 1
NULL
R-CCU: dpObj$numberClusters = 4 
List of 2
 $ : num [1, 1, 1:4] 0.341 0.786 0.698 0.277
 $ : num [1, 1, 1:4] 8.53 4.86 2.34 2.02
NULL
R priorParameters: 2 8 
R maxT: 1 
R_PriorDraw_first_mu: 0.07864169 
R_PriorDraw_first_nu: 1.645014 
R-CCU: Before ClusterLabelChange for i = 23 newLabel= 1 currentLabel= 1 
R-CCU: sum(pointsPerCluster) = 722 
 num [1:4] 718 2 1 1
NULL
R-CCU: After ClusterLabelChange for i = 23 
R-CCU: sum(pointsPerCluster) = 723 
 num [1:4] 719 2 1 1
NULL
R-CCU: dpObj$numberClusters = 4 
List of 2
 $ : num [1, 1, 1:4] 0.341 0.786 0.698 0.277
 $ : num [1, 1, 1:4] 8.53 4.86 2.34 2.02
NULL
R priorParameters: 2 8 
R maxT: 1 
R_PriorDraw_first_mu: 0.463516 
R_PriorDraw_first_nu: 5.383257 
R-CCU: Before ClusterLabelChange for i = 24 newLabel= 1 currentLabel= 1 
R-CCU: sum(pointsPerCluster) = 723 
 num [1:4] 719 2 1 1
NULL
R-CCU: After ClusterLabelChange for i = 24 
R-CCU: sum(pointsPerCluster) = 724 
 num [1:4] 720 2 1 1
NULL
R-CCU: dpObj$numberClusters = 4 
List of 2
 $ : num [1, 1, 1:4] 0.341 0.786 0.698 0.277
 $ : num [1, 1, 1:4] 8.53 4.86 2.34 2.02
NULL
R priorParameters: 2 8 
R maxT: 1 
R_PriorDraw_first_mu: 0.2461194 
R_PriorDraw_first_nu: 1.438845 
R-CCU: Before ClusterLabelChange for i = 25 newLabel= 1 currentLabel= 1 
R-CCU: sum(pointsPerCluster) = 724 
 num [1:4] 720 2 1 1
NULL
R-CCU: After ClusterLabelChange for i = 25 
R-CCU: sum(pointsPerCluster) = 725 
 num [1:4] 721 2 1 1
NULL
R-CCU: dpObj$numberClusters = 4 
List of 2
 $ : num [1, 1, 1:4] 0.341 0.786 0.698 0.277
 $ : num [1, 1, 1:4] 8.53 4.86 2.34 2.02
NULL
R priorParameters: 2 8 
R maxT: 1 
R_PriorDraw_first_mu: 0.5501514 
R_PriorDraw_first_nu: 6.589761 
R-CCU: Before ClusterLabelChange for i = 26 newLabel= 1 currentLabel= 1 
R-CCU: sum(pointsPerCluster) = 725 
 num [1:4] 721 2 1 1
NULL
R-CCU: After ClusterLabelChange for i = 26 
R-CCU: sum(pointsPerCluster) = 726 
 num [1:4] 722 2 1 1
NULL
R-CCU: dpObj$numberClusters = 4 
List of 2
 $ : num [1, 1, 1:4] 0.341 0.786 0.698 0.277
 $ : num [1, 1, 1:4] 8.53 4.86 2.34 2.02
NULL
R priorParameters: 2 8 
R maxT: 1 
R_PriorDraw_first_mu: 0.8023324 
R_PriorDraw_first_nu: 5.02466 
R-CCU: Before ClusterLabelChange for i = 27 newLabel= 1 currentLabel= 1 
R-CCU: sum(pointsPerCluster) = 726 
 num [1:4] 722 2 1 1
NULL
R-CCU: After ClusterLabelChange for i = 27 
R-CCU: sum(pointsPerCluster) = 727 
 num [1:4] 723 2 1 1
NULL
R-CCU: dpObj$numberClusters = 4 
List of 2
 $ : num [1, 1, 1:4] 0.341 0.786 0.698 0.277
 $ : num [1, 1, 1:4] 8.53 4.86 2.34 2.02
NULL
R priorParameters: 2 8 
R maxT: 1 
R_PriorDraw_first_mu: 0.1549527 
R_PriorDraw_first_nu: 2.433069 
R-CCU: Before ClusterLabelChange for i = 28 newLabel= 1 currentLabel= 1 
R-CCU: sum(pointsPerCluster) = 727 
 num [1:4] 723 2 1 1
NULL
R-CCU: After ClusterLabelChange for i = 28 
R-CCU: sum(pointsPerCluster) = 728 
 num [1:4] 724 2 1 1
NULL
R-CCU: dpObj$numberClusters = 4 
List of 2
 $ : num [1, 1, 1:4] 0.341 0.786 0.698 0.277
 $ : num [1, 1, 1:4] 8.53 4.86 2.34 2.02
NULL
R priorParameters: 2 8 
R maxT: 1 
R_PriorDraw_first_mu: 0.6844542 
R_PriorDraw_first_nu: 3.675619 
R-CCU: Before ClusterLabelChange for i = 29 newLabel= 1 currentLabel= 1 
R-CCU: sum(pointsPerCluster) = 728 
 num [1:4] 724 2 1 1
NULL
R-CCU: After ClusterLabelChange for i = 29 
R-CCU: sum(pointsPerCluster) = 729 
 num [1:4] 725 2 1 1
NULL
R-CCU: dpObj$numberClusters = 4 
List of 2
 $ : num [1, 1, 1:4] 0.341 0.786 0.698 0.277
 $ : num [1, 1, 1:4] 8.53 4.86 2.34 2.02
NULL
R priorParameters: 2 8 
R maxT: 1 
R_PriorDraw_first_mu: 0.4143364 
R_PriorDraw_first_nu: 3.657357 
R-CCU: Before ClusterLabelChange for i = 30 newLabel= 1 currentLabel= 1 
R-CCU: sum(pointsPerCluster) = 729 
 num [1:4] 725 2 1 1
NULL
R-CCU: After ClusterLabelChange for i = 30 
R-CCU: sum(pointsPerCluster) = 730 
 num [1:4] 726 2 1 1
NULL
R-CCU: dpObj$numberClusters = 4 
List of 2
 $ : num [1, 1, 1:4] 0.341 0.786 0.698 0.277
 $ : num [1, 1, 1:4] 8.53 4.86 2.34 2.02
NULL
R priorParameters: 2 8 
R maxT: 1 
R_PriorDraw_first_mu: 0.5695441 
R_PriorDraw_first_nu: 14.33474 
R-CCU: Before ClusterLabelChange for i = 31 newLabel= 1 currentLabel= 1 
R-CCU: sum(pointsPerCluster) = 730 
 num [1:4] 726 2 1 1
NULL
R-CCU: After ClusterLabelChange for i = 31 
R-CCU: sum(pointsPerCluster) = 731 
 num [1:4] 727 2 1 1
NULL
R-CCU: dpObj$numberClusters = 4 
List of 2
 $ : num [1, 1, 1:4] 0.341 0.786 0.698 0.277
 $ : num [1, 1, 1:4] 8.53 4.86 2.34 2.02
NULL
R priorParameters: 2 8 
R maxT: 1 
R_PriorDraw_first_mu: 0.04401346 
R_PriorDraw_first_nu: 2.461843 
R-CCU: Before ClusterLabelChange for i = 32 newLabel= 1 currentLabel= 1 
R-CCU: sum(pointsPerCluster) = 731 
 num [1:4] 727 2 1 1
NULL
R-CCU: After ClusterLabelChange for i = 32 
R-CCU: sum(pointsPerCluster) = 732 
 num [1:4] 728 2 1 1
NULL
R-CCU: dpObj$numberClusters = 4 
List of 2
 $ : num [1, 1, 1:4] 0.341 0.786 0.698 0.277
 $ : num [1, 1, 1:4] 8.53 4.86 2.34 2.02
NULL
R priorParameters: 2 8 
R maxT: 1 
R_PriorDraw_first_mu: 0.5032575 
R_PriorDraw_first_nu: 2.658034 
R-CCU: Before ClusterLabelChange for i = 33 newLabel= 1 currentLabel= 1 
R-CCU: sum(pointsPerCluster) = 732 
 num [1:4] 728 2 1 1
NULL
R-CCU: After ClusterLabelChange for i = 33 
R-CCU: sum(pointsPerCluster) = 733 
 num [1:4] 729 2 1 1
NULL
R-CCU: dpObj$numberClusters = 4 
List of 2
 $ : num [1, 1, 1:4] 0.341 0.786 0.698 0.277
 $ : num [1, 1, 1:4] 8.53 4.86 2.34 2.02
NULL
R priorParameters: 2 8 
R maxT: 1 
R_PriorDraw_first_mu: 0.5122066 
R_PriorDraw_first_nu: 10.93164 
R-CCU: Before ClusterLabelChange for i = 34 newLabel= 1 currentLabel= 1 
R-CCU: sum(pointsPerCluster) = 733 
 num [1:4] 729 2 1 1
NULL
R-CCU: After ClusterLabelChange for i = 34 
R-CCU: sum(pointsPerCluster) = 734 
 num [1:4] 730 2 1 1
NULL
R-CCU: dpObj$numberClusters = 4 
List of 2
 $ : num [1, 1, 1:4] 0.341 0.786 0.698 0.277
 $ : num [1, 1, 1:4] 8.53 4.86 2.34 2.02
NULL
R priorParameters: 2 8 
R maxT: 1 
R_PriorDraw_first_mu: 0.5838616 
R_PriorDraw_first_nu: 4.650656 
R-CCU: Before ClusterLabelChange for i = 35 newLabel= 1 currentLabel= 1 
R-CCU: sum(pointsPerCluster) = 734 
 num [1:4] 730 2 1 1
NULL
R-CCU: After ClusterLabelChange for i = 35 
R-CCU: sum(pointsPerCluster) = 735 
 num [1:4] 731 2 1 1
NULL
R-CCU: dpObj$numberClusters = 4 
List of 2
 $ : num [1, 1, 1:4] 0.341 0.786 0.698 0.277
 $ : num [1, 1, 1:4] 8.53 4.86 2.34 2.02
NULL
R priorParameters: 2 8 
R maxT: 1 
R_PriorDraw_first_mu: 0.03441613 
R_PriorDraw_first_nu: 2.945589 
R-CCU: Before ClusterLabelChange for i = 36 newLabel= 1 currentLabel= 1 
R-CCU: sum(pointsPerCluster) = 735 
 num [1:4] 731 2 1 1
NULL
R-CCU: After ClusterLabelChange for i = 36 
R-CCU: sum(pointsPerCluster) = 736 
 num [1:4] 732 2 1 1
NULL
R-CCU: dpObj$numberClusters = 4 
List of 2
 $ : num [1, 1, 1:4] 0.341 0.786 0.698 0.277
 $ : num [1, 1, 1:4] 8.53 4.86 2.34 2.02
NULL
R priorParameters: 2 8 
R maxT: 1 
R_PriorDraw_first_mu: 0.8542662 
R_PriorDraw_first_nu: 1.773524 
R-CCU: Before ClusterLabelChange for i = 37 newLabel= 1 currentLabel= 1 
R-CCU: sum(pointsPerCluster) = 736 
 num [1:4] 732 2 1 1
NULL
R-CCU: After ClusterLabelChange for i = 37 
R-CCU: sum(pointsPerCluster) = 737 
 num [1:4] 733 2 1 1
NULL
R-CCU: dpObj$numberClusters = 4 
List of 2
 $ : num [1, 1, 1:4] 0.341 0.786 0.698 0.277
 $ : num [1, 1, 1:4] 8.53 4.86 2.34 2.02
NULL
R priorParameters: 2 8 
R maxT: 1 
R_PriorDraw_first_mu: 0.2985399 
R_PriorDraw_first_nu: 35.10687 
R-CCU: Before ClusterLabelChange for i = 38 newLabel= 1 currentLabel= 1 
R-CCU: sum(pointsPerCluster) = 737 
 num [1:4] 733 2 1 1
NULL
R-CCU: After ClusterLabelChange for i = 38 
R-CCU: sum(pointsPerCluster) = 738 
 num [1:4] 734 2 1 1
NULL
R-CCU: dpObj$numberClusters = 4 
List of 2
 $ : num [1, 1, 1:4] 0.341 0.786 0.698 0.277
 $ : num [1, 1, 1:4] 8.53 4.86 2.34 2.02
NULL
R priorParameters: 2 8 
R maxT: 1 
R_PriorDraw_first_mu: 0.5849435 
R_PriorDraw_first_nu: 2.665658 
R-CCU: Before ClusterLabelChange for i = 39 newLabel= 1 currentLabel= 1 
R-CCU: sum(pointsPerCluster) = 738 
 num [1:4] 734 2 1 1
NULL
R-CCU: After ClusterLabelChange for i = 39 
R-CCU: sum(pointsPerCluster) = 739 
 num [1:4] 735 2 1 1
NULL
R-CCU: dpObj$numberClusters = 4 
List of 2
 $ : num [1, 1, 1:4] 0.341 0.786 0.698 0.277
 $ : num [1, 1, 1:4] 8.53 4.86 2.34 2.02
NULL
R priorParameters: 2 8 
R maxT: 1 
R_PriorDraw_first_mu: 0.7805553 
R_PriorDraw_first_nu: 0.9548886 
R-CCU: Before ClusterLabelChange for i = 40 newLabel= 1 currentLabel= 1 
R-CCU: sum(pointsPerCluster) = 739 
 num [1:4] 735 2 1 1
NULL
R-CCU: After ClusterLabelChange for i = 40 
R-CCU: sum(pointsPerCluster) = 740 
 num [1:4] 736 2 1 1
NULL
R-CCU: dpObj$numberClusters = 4 
List of 2
 $ : num [1, 1, 1:4] 0.341 0.786 0.698 0.277
 $ : num [1, 1, 1:4] 8.53 4.86 2.34 2.02
NULL
R priorParameters: 2 8 
R maxT: 1 
R_PriorDraw_first_mu: 0.5376633 
R_PriorDraw_first_nu: 3.679734 
R-CCU: Before ClusterLabelChange for i = 41 newLabel= 1 currentLabel= 1 
R-CCU: sum(pointsPerCluster) = 740 
 num [1:4] 736 2 1 1
NULL
R-CCU: After ClusterLabelChange for i = 41 
R-CCU: sum(pointsPerCluster) = 741 
 num [1:4] 737 2 1 1
NULL
R-CCU: dpObj$numberClusters = 4 
List of 2
 $ : num [1, 1, 1:4] 0.341 0.786 0.698 0.277
 $ : num [1, 1, 1:4] 8.53 4.86 2.34 2.02
NULL
R priorParameters: 2 8 
R maxT: 1 
R_PriorDraw_first_mu: 0.6928189 
R_PriorDraw_first_nu: 1.799993 
R-CCU: Before ClusterLabelChange for i = 42 newLabel= 1 currentLabel= 1 
R-CCU: sum(pointsPerCluster) = 741 
 num [1:4] 737 2 1 1
NULL
R-CCU: After ClusterLabelChange for i = 42 
R-CCU: sum(pointsPerCluster) = 742 
 num [1:4] 738 2 1 1
NULL
R-CCU: dpObj$numberClusters = 4 
List of 2
 $ : num [1, 1, 1:4] 0.341 0.786 0.698 0.277
 $ : num [1, 1, 1:4] 8.53 4.86 2.34 2.02
NULL
R priorParameters: 2 8 
R maxT: 1 
R_PriorDraw_first_mu: 0.8049986 
R_PriorDraw_first_nu: 9.803834 
R-CCU: Before ClusterLabelChange for i = 43 newLabel= 1 currentLabel= 1 
R-CCU: sum(pointsPerCluster) = 742 
 num [1:4] 738 2 1 1
NULL
R-CCU: After ClusterLabelChange for i = 43 
R-CCU: sum(pointsPerCluster) = 743 
 num [1:4] 739 2 1 1
NULL
R-CCU: dpObj$numberClusters = 4 
List of 2
 $ : num [1, 1, 1:4] 0.341 0.786 0.698 0.277
 $ : num [1, 1, 1:4] 8.53 4.86 2.34 2.02
NULL
R priorParameters: 2 8 
R maxT: 1 
R_PriorDraw_first_mu: 0.7509597 
R_PriorDraw_first_nu: 7.184788 
R-CCU: Before ClusterLabelChange for i = 44 newLabel= 1 currentLabel= 1 
R-CCU: sum(pointsPerCluster) = 743 
 num [1:4] 739 2 1 1
NULL
R-CCU: After ClusterLabelChange for i = 44 
R-CCU: sum(pointsPerCluster) = 744 
 num [1:4] 740 2 1 1
NULL
R-CCU: dpObj$numberClusters = 4 
List of 2
 $ : num [1, 1, 1:4] 0.341 0.786 0.698 0.277
 $ : num [1, 1, 1:4] 8.53 4.86 2.34 2.02
NULL
R priorParameters: 2 8 
R maxT: 1 
R_PriorDraw_first_mu: 0.6854831 
R_PriorDraw_first_nu: 6.73367 
R-CCU: Before ClusterLabelChange for i = 45 newLabel= 1 currentLabel= 1 
R-CCU: sum(pointsPerCluster) = 744 
 num [1:4] 740 2 1 1
NULL
R-CCU: After ClusterLabelChange for i = 45 
R-CCU: sum(pointsPerCluster) = 745 
 num [1:4] 741 2 1 1
NULL
R-CCU: dpObj$numberClusters = 4 
List of 2
 $ : num [1, 1, 1:4] 0.341 0.786 0.698 0.277
 $ : num [1, 1, 1:4] 8.53 4.86 2.34 2.02
NULL
R priorParameters: 2 8 
R maxT: 1 
R_PriorDraw_first_mu: 0.2142064 
R_PriorDraw_first_nu: 4.198497 
R-CCU: Before ClusterLabelChange for i = 46 newLabel= 1 currentLabel= 1 
R-CCU: sum(pointsPerCluster) = 745 
 num [1:4] 741 2 1 1
NULL
R-CCU: After ClusterLabelChange for i = 46 
R-CCU: sum(pointsPerCluster) = 746 
 num [1:4] 742 2 1 1
NULL
R-CCU: dpObj$numberClusters = 4 
List of 2
 $ : num [1, 1, 1:4] 0.341 0.786 0.698 0.277
 $ : num [1, 1, 1:4] 8.53 4.86 2.34 2.02
NULL
R priorParameters: 2 8 
R maxT: 1 
R_PriorDraw_first_mu: 0.06658005 
R_PriorDraw_first_nu: 2.018474 
R-CCU: Before ClusterLabelChange for i = 47 newLabel= 1 currentLabel= 1 
R-CCU: sum(pointsPerCluster) = 746 
 num [1:4] 742 2 1 1
NULL
R-CCU: After ClusterLabelChange for i = 47 
R-CCU: sum(pointsPerCluster) = 747 
 num [1:4] 743 2 1 1
NULL
R-CCU: dpObj$numberClusters = 4 
List of 2
 $ : num [1, 1, 1:4] 0.341 0.786 0.698 0.277
 $ : num [1, 1, 1:4] 8.53 4.86 2.34 2.02
NULL
R priorParameters: 2 8 
R maxT: 1 
R_PriorDraw_first_mu: 0.9756426 
R_PriorDraw_first_nu: 7.060773 
R-CCU: Before ClusterLabelChange for i = 48 newLabel= 1 currentLabel= 1 
R-CCU: sum(pointsPerCluster) = 747 
 num [1:4] 743 2 1 1
NULL
R-CCU: After ClusterLabelChange for i = 48 
R-CCU: sum(pointsPerCluster) = 748 
 num [1:4] 744 2 1 1
NULL
R-CCU: dpObj$numberClusters = 4 
List of 2
 $ : num [1, 1, 1:4] 0.341 0.786 0.698 0.277
 $ : num [1, 1, 1:4] 8.53 4.86 2.34 2.02
NULL
R priorParameters: 2 8 
R maxT: 1 
R_PriorDraw_first_mu: 0.08514884 
R_PriorDraw_first_nu: 2.547694 
R-CCU: Before ClusterLabelChange for i = 49 newLabel= 1 currentLabel= 1 
R-CCU: sum(pointsPerCluster) = 748 
 num [1:4] 744 2 1 1
NULL
R-CCU: After ClusterLabelChange for i = 49 
R-CCU: sum(pointsPerCluster) = 749 
 num [1:4] 745 2 1 1
NULL
R-CCU: dpObj$numberClusters = 4 
List of 2
 $ : num [1, 1, 1:4] 0.341 0.786 0.698 0.277
 $ : num [1, 1, 1:4] 8.53 4.86 2.34 2.02
NULL
R priorParameters: 2 8 
R maxT: 1 
R_PriorDraw_first_mu: 0.4302536 
R_PriorDraw_first_nu: 1.5901 
R-CCU: Before ClusterLabelChange for i = 50 newLabel= 1 currentLabel= 1 
R-CCU: sum(pointsPerCluster) = 749 
 num [1:4] 745 2 1 1
NULL
R-CCU: After ClusterLabelChange for i = 50 
R-CCU: sum(pointsPerCluster) = 750 
 num [1:4] 746 2 1 1
NULL
R-CCU: dpObj$numberClusters = 4 
List of 2
 $ : num [1, 1, 1:4] 0.341 0.786 0.698 0.277
 $ : num [1, 1, 1:4] 8.53 4.86 2.34 2.02
NULL
R priorParameters: 2 8 
R maxT: 1 
R_PriorDraw_first_mu: 0.3757432 
R_PriorDraw_first_nu: 15.17218 
R-CCU: Before ClusterLabelChange for i = 51 newLabel= 1 currentLabel= 1 
R-CCU: sum(pointsPerCluster) = 750 
 num [1:4] 746 2 1 1
NULL
R-CCU: After ClusterLabelChange for i = 51 
R-CCU: sum(pointsPerCluster) = 751 
 num [1:4] 747 2 1 1
NULL
R-CCU: dpObj$numberClusters = 4 
List of 2
 $ : num [1, 1, 1:4] 0.341 0.786 0.698 0.277
 $ : num [1, 1, 1:4] 8.53 4.86 2.34 2.02
NULL
R priorParameters: 2 8 
R maxT: 1 
R_PriorDraw_first_mu: 0.7515797 
R_PriorDraw_first_nu: 9.327461 
R-CCU: Before ClusterLabelChange for i = 52 newLabel= 1 currentLabel= 1 
R-CCU: sum(pointsPerCluster) = 751 
 num [1:4] 747 2 1 1
NULL
R-CCU: After ClusterLabelChange for i = 52 
R-CCU: sum(pointsPerCluster) = 752 
 num [1:4] 748 2 1 1
NULL
R-CCU: dpObj$numberClusters = 4 
List of 2
 $ : num [1, 1, 1:4] 0.341 0.786 0.698 0.277
 $ : num [1, 1, 1:4] 8.53 4.86 2.34 2.02
NULL
R priorParameters: 2 8 
R maxT: 1 
R_PriorDraw_first_mu: 0.2503744 
R_PriorDraw_first_nu: 1.488827 
R-CCU: Before ClusterLabelChange for i = 53 newLabel= 1 currentLabel= 1 
R-CCU: sum(pointsPerCluster) = 752 
 num [1:4] 748 2 1 1
NULL
R-CCU: After ClusterLabelChange for i = 53 
R-CCU: sum(pointsPerCluster) = 753 
 num [1:4] 749 2 1 1
NULL
R-CCU: dpObj$numberClusters = 4 
List of 2
 $ : num [1, 1, 1:4] 0.341 0.786 0.698 0.277
 $ : num [1, 1, 1:4] 8.53 4.86 2.34 2.02
NULL
R priorParameters: 2 8 
R maxT: 1 
R_PriorDraw_first_mu: 0.4776551 
R_PriorDraw_first_nu: 2.139144 
R-CCU: Before ClusterLabelChange for i = 54 newLabel= 1 currentLabel= 1 
R-CCU: sum(pointsPerCluster) = 753 
 num [1:4] 749 2 1 1
NULL
R-CCU: After ClusterLabelChange for i = 54 
R-CCU: sum(pointsPerCluster) = 754 
 num [1:4] 750 2 1 1
NULL
R-CCU: dpObj$numberClusters = 4 
List of 2
 $ : num [1, 1, 1:4] 0.341 0.786 0.698 0.277
 $ : num [1, 1, 1:4] 8.53 4.86 2.34 2.02
NULL
R priorParameters: 2 8 
R maxT: 1 
R_PriorDraw_first_mu: 0.7796275 
R_PriorDraw_first_nu: 8.412378 
R-CCU: Before ClusterLabelChange for i = 55 newLabel= 1 currentLabel= 1 
R-CCU: sum(pointsPerCluster) = 754 
 num [1:4] 750 2 1 1
NULL
R-CCU: After ClusterLabelChange for i = 55 
R-CCU: sum(pointsPerCluster) = 755 
 num [1:4] 751 2 1 1
NULL
R-CCU: dpObj$numberClusters = 4 
List of 2
 $ : num [1, 1, 1:4] 0.341 0.786 0.698 0.277
 $ : num [1, 1, 1:4] 8.53 4.86 2.34 2.02
NULL
R priorParameters: 2 8 
R maxT: 1 
R_PriorDraw_first_mu: 0.8050984 
R_PriorDraw_first_nu: 2.597591 
R-CCU: Before ClusterLabelChange for i = 56 newLabel= 1 currentLabel= 1 
R-CCU: sum(pointsPerCluster) = 755 
 num [1:4] 751 2 1 1
NULL
R-CCU: After ClusterLabelChange for i = 56 
R-CCU: sum(pointsPerCluster) = 756 
 num [1:4] 752 2 1 1
NULL
R-CCU: dpObj$numberClusters = 4 
List of 2
 $ : num [1, 1, 1:4] 0.341 0.786 0.698 0.277
 $ : num [1, 1, 1:4] 8.53 4.86 2.34 2.02
NULL
R priorParameters: 2 8 
R maxT: 1 
R_PriorDraw_first_mu: 0.6579145 
R_PriorDraw_first_nu: 16.42307 
R-CCU: Before ClusterLabelChange for i = 57 newLabel= 1 currentLabel= 1 
R-CCU: sum(pointsPerCluster) = 756 
 num [1:4] 752 2 1 1
NULL
R-CCU: After ClusterLabelChange for i = 57 
R-CCU: sum(pointsPerCluster) = 757 
 num [1:4] 753 2 1 1
NULL
R-CCU: dpObj$numberClusters = 4 
List of 2
 $ : num [1, 1, 1:4] 0.341 0.786 0.698 0.277
 $ : num [1, 1, 1:4] 8.53 4.86 2.34 2.02
NULL
R priorParameters: 2 8 
R maxT: 1 
R_PriorDraw_first_mu: 0.6701977 
R_PriorDraw_first_nu: 2.568174 
R-CCU: Before ClusterLabelChange for i = 58 newLabel= 1 currentLabel= 1 
R-CCU: sum(pointsPerCluster) = 757 
 num [1:4] 753 2 1 1
NULL
R-CCU: After ClusterLabelChange for i = 58 
R-CCU: sum(pointsPerCluster) = 758 
 num [1:4] 754 2 1 1
NULL
R-CCU: dpObj$numberClusters = 4 
List of 2
 $ : num [1, 1, 1:4] 0.341 0.786 0.698 0.277
 $ : num [1, 1, 1:4] 8.53 4.86 2.34 2.02
NULL
R priorParameters: 2 8 
R maxT: 1 
R_PriorDraw_first_mu: 0.8709814 
R_PriorDraw_first_nu: 3.563624 
R-CCU: Before ClusterLabelChange for i = 59 newLabel= 4 currentLabel= 1 
R-CCU: sum(pointsPerCluster) = 758 
 num [1:4] 754 2 1 1
NULL
R-CCU: After ClusterLabelChange for i = 59 
R-CCU: sum(pointsPerCluster) = 759 
 num [1:4] 754 2 1 2
NULL
R-CCU: dpObj$numberClusters = 4 
List of 2
 $ : num [1, 1, 1:4] 0.341 0.786 0.698 0.277
 $ : num [1, 1, 1:4] 8.53 4.86 2.34 2.02
NULL
R priorParameters: 2 8 
R maxT: 1 
R_PriorDraw_first_mu: 0.3396934 
R_PriorDraw_first_nu: 5.754202 
R-CCU: Before ClusterLabelChange for i = 60 newLabel= 1 currentLabel= 1 
R-CCU: sum(pointsPerCluster) = 759 
 num [1:4] 754 2 1 2
NULL
R-CCU: After ClusterLabelChange for i = 60 
R-CCU: sum(pointsPerCluster) = 760 
 num [1:4] 755 2 1 2
NULL
R-CCU: dpObj$numberClusters = 4 
List of 2
 $ : num [1, 1, 1:4] 0.341 0.786 0.698 0.277
 $ : num [1, 1, 1:4] 8.53 4.86 2.34 2.02
NULL
R priorParameters: 2 8 
R maxT: 1 
R_PriorDraw_first_mu: 0.1402638 
R_PriorDraw_first_nu: 15.30378 
R-CCU: Before ClusterLabelChange for i = 61 newLabel= 1 currentLabel= 1 
R-CCU: sum(pointsPerCluster) = 760 
 num [1:4] 755 2 1 2
NULL
R-CCU: After ClusterLabelChange for i = 61 
R-CCU: sum(pointsPerCluster) = 761 
 num [1:4] 756 2 1 2
NULL
R-CCU: dpObj$numberClusters = 4 
List of 2
 $ : num [1, 1, 1:4] 0.341 0.786 0.698 0.277
 $ : num [1, 1, 1:4] 8.53 4.86 2.34 2.02
NULL
R priorParameters: 2 8 
R maxT: 1 
R_PriorDraw_first_mu: 0.4234073 
R_PriorDraw_first_nu: 2.333499 
R-CCU: Before ClusterLabelChange for i = 62 newLabel= 1 currentLabel= 1 
R-CCU: sum(pointsPerCluster) = 761 
 num [1:4] 756 2 1 2
NULL
R-CCU: After ClusterLabelChange for i = 62 
R-CCU: sum(pointsPerCluster) = 762 
 num [1:4] 757 2 1 2
NULL
R-CCU: dpObj$numberClusters = 4 
List of 2
 $ : num [1, 1, 1:4] 0.341 0.786 0.698 0.277
 $ : num [1, 1, 1:4] 8.53 4.86 2.34 2.02
NULL
R priorParameters: 2 8 
R maxT: 1 
R_PriorDraw_first_mu: 0.554665 
R_PriorDraw_first_nu: 26.99779 
R-CCU: Before ClusterLabelChange for i = 63 newLabel= 1 currentLabel= 1 
R-CCU: sum(pointsPerCluster) = 762 
 num [1:4] 757 2 1 2
NULL
R-CCU: After ClusterLabelChange for i = 63 
R-CCU: sum(pointsPerCluster) = 763 
 num [1:4] 758 2 1 2
NULL
R-CCU: dpObj$numberClusters = 4 
List of 2
 $ : num [1, 1, 1:4] 0.341 0.786 0.698 0.277
 $ : num [1, 1, 1:4] 8.53 4.86 2.34 2.02
NULL
R priorParameters: 2 8 
R maxT: 1 
R_PriorDraw_first_mu: 0.3054794 
R_PriorDraw_first_nu: 5.647042 
R-CCU: Before ClusterLabelChange for i = 64 newLabel= 1 currentLabel= 1 
R-CCU: sum(pointsPerCluster) = 763 
 num [1:4] 758 2 1 2
NULL
R-CCU: After ClusterLabelChange for i = 64 
R-CCU: sum(pointsPerCluster) = 764 
 num [1:4] 759 2 1 2
NULL
R-CCU: dpObj$numberClusters = 4 
List of 2
 $ : num [1, 1, 1:4] 0.341 0.786 0.698 0.277
 $ : num [1, 1, 1:4] 8.53 4.86 2.34 2.02
NULL
R priorParameters: 2 8 
R maxT: 1 
R_PriorDraw_first_mu: 0.3844537 
R_PriorDraw_first_nu: 4.233745 
R-CCU: Before ClusterLabelChange for i = 65 newLabel= 1 currentLabel= 1 
R-CCU: sum(pointsPerCluster) = 764 
 num [1:4] 759 2 1 2
NULL
R-CCU: After ClusterLabelChange for i = 65 
R-CCU: sum(pointsPerCluster) = 765 
 num [1:4] 760 2 1 2
NULL
R-CCU: dpObj$numberClusters = 4 
List of 2
 $ : num [1, 1, 1:4] 0.341 0.786 0.698 0.277
 $ : num [1, 1, 1:4] 8.53 4.86 2.34 2.02
NULL
R priorParameters: 2 8 
R maxT: 1 
R_PriorDraw_first_mu: 0.7430706 
R_PriorDraw_first_nu: 2.013798 
R-CCU: Before ClusterLabelChange for i = 66 newLabel= 1 currentLabel= 1 
R-CCU: sum(pointsPerCluster) = 765 
 num [1:4] 760 2 1 2
NULL
R-CCU: After ClusterLabelChange for i = 66 
R-CCU: sum(pointsPerCluster) = 766 
 num [1:4] 761 2 1 2
NULL
R-CCU: dpObj$numberClusters = 4 
List of 2
 $ : num [1, 1, 1:4] 0.341 0.786 0.698 0.277
 $ : num [1, 1, 1:4] 8.53 4.86 2.34 2.02
NULL
R priorParameters: 2 8 
R maxT: 1 
R_PriorDraw_first_mu: 0.3640731 
R_PriorDraw_first_nu: 4.865484 
R-CCU: Before ClusterLabelChange for i = 67 newLabel= 1 currentLabel= 1 
R-CCU: sum(pointsPerCluster) = 766 
 num [1:4] 761 2 1 2
NULL
R-CCU: After ClusterLabelChange for i = 67 
R-CCU: sum(pointsPerCluster) = 767 
 num [1:4] 762 2 1 2
NULL
R-CCU: dpObj$numberClusters = 4 
List of 2
 $ : num [1, 1, 1:4] 0.341 0.786 0.698 0.277
 $ : num [1, 1, 1:4] 8.53 4.86 2.34 2.02
NULL
R priorParameters: 2 8 
R maxT: 1 
R_PriorDraw_first_mu: 0.965958 
R_PriorDraw_first_nu: 5.183349 
R-CCU: Before ClusterLabelChange for i = 68 newLabel= 1 currentLabel= 1 
R-CCU: sum(pointsPerCluster) = 767 
 num [1:4] 762 2 1 2
NULL
R-CCU: After ClusterLabelChange for i = 68 
R-CCU: sum(pointsPerCluster) = 768 
 num [1:4] 763 2 1 2
NULL
R-CCU: dpObj$numberClusters = 4 
List of 2
 $ : num [1, 1, 1:4] 0.341 0.786 0.698 0.277
 $ : num [1, 1, 1:4] 8.53 4.86 2.34 2.02
NULL
R priorParameters: 2 8 
R maxT: 1 
R_PriorDraw_first_mu: 0.9537725 
R_PriorDraw_first_nu: 1.858093 
R-CCU: Before ClusterLabelChange for i = 69 newLabel= 1 currentLabel= 1 
R-CCU: sum(pointsPerCluster) = 768 
 num [1:4] 763 2 1 2
NULL
R-CCU: After ClusterLabelChange for i = 69 
R-CCU: sum(pointsPerCluster) = 769 
 num [1:4] 764 2 1 2
NULL
R-CCU: dpObj$numberClusters = 4 
List of 2
 $ : num [1, 1, 1:4] 0.341 0.786 0.698 0.277
 $ : num [1, 1, 1:4] 8.53 4.86 2.34 2.02
NULL
R priorParameters: 2 8 
R maxT: 1 
R_PriorDraw_first_mu: 0.6319872 
R_PriorDraw_first_nu: 1.532111 
R-CCU: Before ClusterLabelChange for i = 70 newLabel= 1 currentLabel= 1 
R-CCU: sum(pointsPerCluster) = 769 
 num [1:4] 764 2 1 2
NULL
R-CCU: After ClusterLabelChange for i = 70 
R-CCU: sum(pointsPerCluster) = 770 
 num [1:4] 765 2 1 2
NULL
R-CCU: dpObj$numberClusters = 4 
List of 2
 $ : num [1, 1, 1:4] 0.341 0.786 0.698 0.277
 $ : num [1, 1, 1:4] 8.53 4.86 2.34 2.02
NULL
R priorParameters: 2 8 
R maxT: 1 
R_PriorDraw_first_mu: 0.9667105 
R_PriorDraw_first_nu: 6.081511 
R-CCU: Before ClusterLabelChange for i = 71 newLabel= 1 currentLabel= 1 
R-CCU: sum(pointsPerCluster) = 770 
 num [1:4] 765 2 1 2
NULL
R-CCU: After ClusterLabelChange for i = 71 
R-CCU: sum(pointsPerCluster) = 771 
 num [1:4] 766 2 1 2
NULL
R-CCU: dpObj$numberClusters = 4 
List of 2
 $ : num [1, 1, 1:4] 0.341 0.786 0.698 0.277
 $ : num [1, 1, 1:4] 8.53 4.86 2.34 2.02
NULL
R priorParameters: 2 8 
R maxT: 1 
R_PriorDraw_first_mu: 0.6582545 
R_PriorDraw_first_nu: 3.007478 
R-CCU: Before ClusterLabelChange for i = 72 newLabel= 1 currentLabel= 1 
R-CCU: sum(pointsPerCluster) = 771 
 num [1:4] 766 2 1 2
NULL
R-CCU: After ClusterLabelChange for i = 72 
R-CCU: sum(pointsPerCluster) = 772 
 num [1:4] 767 2 1 2
NULL
R-CCU: dpObj$numberClusters = 4 
List of 2
 $ : num [1, 1, 1:4] 0.341 0.786 0.698 0.277
 $ : num [1, 1, 1:4] 8.53 4.86 2.34 2.02
NULL
R priorParameters: 2 8 
R maxT: 1 
R_PriorDraw_first_mu: 0.9385061 
R_PriorDraw_first_nu: 3.430458 
R-CCU: Before ClusterLabelChange for i = 73 newLabel= 1 currentLabel= 1 
R-CCU: sum(pointsPerCluster) = 772 
 num [1:4] 767 2 1 2
NULL
R-CCU: After ClusterLabelChange for i = 73 
R-CCU: sum(pointsPerCluster) = 773 
 num [1:4] 768 2 1 2
NULL
R-CCU: dpObj$numberClusters = 4 
List of 2
 $ : num [1, 1, 1:4] 0.341 0.786 0.698 0.277
 $ : num [1, 1, 1:4] 8.53 4.86 2.34 2.02
NULL
R priorParameters: 2 8 
R maxT: 1 
R_PriorDraw_first_mu: 0.665753 
R_PriorDraw_first_nu: 30.19458 
R-CCU: Before ClusterLabelChange for i = 74 newLabel= 2 currentLabel= 2 
R-CCU: sum(pointsPerCluster) = 773 
 num [1:4] 768 2 1 2
NULL
R-CCU: After ClusterLabelChange for i = 74 
R-CCU: sum(pointsPerCluster) = 774 
 num [1:4] 768 3 1 2
NULL
R-CCU: dpObj$numberClusters = 4 
List of 2
 $ : num [1, 1, 1:4] 0.341 0.786 0.698 0.277
 $ : num [1, 1, 1:4] 8.53 4.86 2.34 2.02
NULL
R priorParameters: 2 8 
R maxT: 1 
R_PriorDraw_first_mu: 0.004914788 
R_PriorDraw_first_nu: 1.427347 
R-CCU: Before ClusterLabelChange for i = 75 newLabel= 1 currentLabel= 1 
R-CCU: sum(pointsPerCluster) = 774 
 num [1:4] 768 3 1 2
NULL
R-CCU: After ClusterLabelChange for i = 75 
R-CCU: sum(pointsPerCluster) = 775 
 num [1:4] 769 3 1 2
NULL
R-CCU: dpObj$numberClusters = 4 
List of 2
 $ : num [1, 1, 1:4] 0.341 0.786 0.698 0.277
 $ : num [1, 1, 1:4] 8.53 4.86 2.34 2.02
NULL
R priorParameters: 2 8 
R maxT: 1 
R_PriorDraw_first_mu: 0.3406545 
R_PriorDraw_first_nu: 25.11257 
R-CCU: Before ClusterLabelChange for i = 76 newLabel= 1 currentLabel= 1 
R-CCU: sum(pointsPerCluster) = 775 
 num [1:4] 769 3 1 2
NULL
R-CCU: After ClusterLabelChange for i = 76 
R-CCU: sum(pointsPerCluster) = 776 
 num [1:4] 770 3 1 2
NULL
R-CCU: dpObj$numberClusters = 4 
List of 2
 $ : num [1, 1, 1:4] 0.341 0.786 0.698 0.277
 $ : num [1, 1, 1:4] 8.53 4.86 2.34 2.02
NULL
R priorParameters: 2 8 
R maxT: 1 
R_PriorDraw_first_mu: 0.635735 
R_PriorDraw_first_nu: 9.380183 
R-CCU: Before ClusterLabelChange for i = 77 newLabel= 1 currentLabel= 1 
R-CCU: sum(pointsPerCluster) = 776 
 num [1:4] 770 3 1 2
NULL
R-CCU: After ClusterLabelChange for i = 77 
R-CCU: sum(pointsPerCluster) = 777 
 num [1:4] 771 3 1 2
NULL
R-CCU: dpObj$numberClusters = 4 
List of 2
 $ : num [1, 1, 1:4] 0.341 0.786 0.698 0.277
 $ : num [1, 1, 1:4] 8.53 4.86 2.34 2.02
NULL
R priorParameters: 2 8 
R maxT: 1 
R_PriorDraw_first_mu: 0.3829318 
R_PriorDraw_first_nu: 2.370792 
R-CCU: Before ClusterLabelChange for i = 78 newLabel= 1 currentLabel= 1 
R-CCU: sum(pointsPerCluster) = 777 
 num [1:4] 771 3 1 2
NULL
R-CCU: After ClusterLabelChange for i = 78 
R-CCU: sum(pointsPerCluster) = 778 
 num [1:4] 772 3 1 2
NULL
R-CCU: dpObj$numberClusters = 4 
List of 2
 $ : num [1, 1, 1:4] 0.341 0.786 0.698 0.277
 $ : num [1, 1, 1:4] 8.53 4.86 2.34 2.02
NULL
R priorParameters: 2 8 
R maxT: 1 
R_PriorDraw_first_mu: 0.9107682 
R_PriorDraw_first_nu: 2.368671 
R-CCU: Before ClusterLabelChange for i = 79 newLabel= 1 currentLabel= 1 
R-CCU: sum(pointsPerCluster) = 778 
 num [1:4] 772 3 1 2
NULL
R-CCU: After ClusterLabelChange for i = 79 
R-CCU: sum(pointsPerCluster) = 779 
 num [1:4] 773 3 1 2
NULL
R-CCU: dpObj$numberClusters = 4 
List of 2
 $ : num [1, 1, 1:4] 0.341 0.786 0.698 0.277
 $ : num [1, 1, 1:4] 8.53 4.86 2.34 2.02
NULL
R priorParameters: 2 8 
R maxT: 1 
R_PriorDraw_first_mu: 0.1970249 
R_PriorDraw_first_nu: 15.76084 
R-CCU: Before ClusterLabelChange for i = 80 newLabel= 1 currentLabel= 1 
R-CCU: sum(pointsPerCluster) = 779 
 num [1:4] 773 3 1 2
NULL
R-CCU: After ClusterLabelChange for i = 80 
R-CCU: sum(pointsPerCluster) = 780 
 num [1:4] 774 3 1 2
NULL
R-CCU: dpObj$numberClusters = 4 
List of 2
 $ : num [1, 1, 1:4] 0.341 0.786 0.698 0.277
 $ : num [1, 1, 1:4] 8.53 4.86 2.34 2.02
NULL
R priorParameters: 2 8 
R maxT: 1 
R_PriorDraw_first_mu: 0.4287212 
R_PriorDraw_first_nu: 1.90894 
R-CCU: Before ClusterLabelChange for i = 81 newLabel= 1 currentLabel= 1 
R-CCU: sum(pointsPerCluster) = 780 
 num [1:4] 774 3 1 2
NULL
R-CCU: After ClusterLabelChange for i = 81 
R-CCU: sum(pointsPerCluster) = 781 
 num [1:4] 775 3 1 2
NULL
R-CCU: dpObj$numberClusters = 4 
List of 2
 $ : num [1, 1, 1:4] 0.341 0.786 0.698 0.277
 $ : num [1, 1, 1:4] 8.53 4.86 2.34 2.02
NULL
R priorParameters: 2 8 
R maxT: 1 
R_PriorDraw_first_mu: 0.005286829 
R_PriorDraw_first_nu: 2.146774 
R-CCU: Before ClusterLabelChange for i = 82 newLabel= 1 currentLabel= 1 
R-CCU: sum(pointsPerCluster) = 781 
 num [1:4] 775 3 1 2
NULL
R-CCU: After ClusterLabelChange for i = 82 
R-CCU: sum(pointsPerCluster) = 782 
 num [1:4] 776 3 1 2
NULL
R-CCU: dpObj$numberClusters = 4 
List of 2
 $ : num [1, 1, 1:4] 0.341 0.786 0.698 0.277
 $ : num [1, 1, 1:4] 8.53 4.86 2.34 2.02
NULL
R priorParameters: 2 8 
R maxT: 1 
R_PriorDraw_first_mu: 0.7256717 
R_PriorDraw_first_nu: 1.673628 
R-CCU: Before ClusterLabelChange for i = 83 newLabel= 1 currentLabel= 1 
R-CCU: sum(pointsPerCluster) = 782 
 num [1:4] 776 3 1 2
NULL
R-CCU: After ClusterLabelChange for i = 83 
R-CCU: sum(pointsPerCluster) = 783 
 num [1:4] 777 3 1 2
NULL
R-CCU: dpObj$numberClusters = 4 
List of 2
 $ : num [1, 1, 1:4] 0.341 0.786 0.698 0.277
 $ : num [1, 1, 1:4] 8.53 4.86 2.34 2.02
NULL
R priorParameters: 2 8 
R maxT: 1 
R_PriorDraw_first_mu: 0.0671629 
R_PriorDraw_first_nu: 6.501884 
R-CCU: Before ClusterLabelChange for i = 84 newLabel= 1 currentLabel= 1 
R-CCU: sum(pointsPerCluster) = 783 
 num [1:4] 777 3 1 2
NULL
R-CCU: After ClusterLabelChange for i = 84 
R-CCU: sum(pointsPerCluster) = 784 
 num [1:4] 778 3 1 2
NULL
R-CCU: dpObj$numberClusters = 4 
List of 2
 $ : num [1, 1, 1:4] 0.341 0.786 0.698 0.277
 $ : num [1, 1, 1:4] 8.53 4.86 2.34 2.02
NULL
R priorParameters: 2 8 
R maxT: 1 
R_PriorDraw_first_mu: 0.3691898 
R_PriorDraw_first_nu: 6.771187 
R-CCU: Before ClusterLabelChange for i = 85 newLabel= 1 currentLabel= 1 
R-CCU: sum(pointsPerCluster) = 784 
 num [1:4] 778 3 1 2
NULL
R-CCU: After ClusterLabelChange for i = 85 
R-CCU: sum(pointsPerCluster) = 785 
 num [1:4] 779 3 1 2
NULL
R-CCU: dpObj$numberClusters = 4 
List of 2
 $ : num [1, 1, 1:4] 0.341 0.786 0.698 0.277
 $ : num [1, 1, 1:4] 8.53 4.86 2.34 2.02
NULL
R priorParameters: 2 8 
R maxT: 1 
R_PriorDraw_first_mu: 0.9267805 
R_PriorDraw_first_nu: 4.381628 
R-CCU: Before ClusterLabelChange for i = 86 newLabel= 1 currentLabel= 1 
R-CCU: sum(pointsPerCluster) = 785 
 num [1:4] 779 3 1 2
NULL
R-CCU: After ClusterLabelChange for i = 86 
R-CCU: sum(pointsPerCluster) = 786 
 num [1:4] 780 3 1 2
NULL
R-CCU: dpObj$numberClusters = 4 
List of 2
 $ : num [1, 1, 1:4] 0.341 0.786 0.698 0.277
 $ : num [1, 1, 1:4] 8.53 4.86 2.34 2.02
NULL
R priorParameters: 2 8 
R maxT: 1 
R_PriorDraw_first_mu: 0.5073649 
R_PriorDraw_first_nu: 6.240283 
R-CCU: Before ClusterLabelChange for i = 87 newLabel= 1 currentLabel= 1 
R-CCU: sum(pointsPerCluster) = 786 
 num [1:4] 780 3 1 2
NULL
R-CCU: After ClusterLabelChange for i = 87 
R-CCU: sum(pointsPerCluster) = 787 
 num [1:4] 781 3 1 2
NULL
R-CCU: dpObj$numberClusters = 4 
List of 2
 $ : num [1, 1, 1:4] 0.341 0.786 0.698 0.277
 $ : num [1, 1, 1:4] 8.53 4.86 2.34 2.02
NULL
R priorParameters: 2 8 
R maxT: 1 
R_PriorDraw_first_mu: 0.3089504 
R_PriorDraw_first_nu: 11.45472 
R-CCU: Before ClusterLabelChange for i = 88 newLabel= 1 currentLabel= 1 
R-CCU: sum(pointsPerCluster) = 787 
 num [1:4] 781 3 1 2
NULL
R-CCU: After ClusterLabelChange for i = 88 
R-CCU: sum(pointsPerCluster) = 788 
 num [1:4] 782 3 1 2
NULL
R-CCU: dpObj$numberClusters = 4 
List of 2
 $ : num [1, 1, 1:4] 0.341 0.786 0.698 0.277
 $ : num [1, 1, 1:4] 8.53 4.86 2.34 2.02
NULL
R priorParameters: 2 8 
R maxT: 1 
R_PriorDraw_first_mu: 0.09601894 
R_PriorDraw_first_nu: 11.04962 
R-CCU: Before ClusterLabelChange for i = 89 newLabel= 1 currentLabel= 1 
R-CCU: sum(pointsPerCluster) = 788 
 num [1:4] 782 3 1 2
NULL
R-CCU: After ClusterLabelChange for i = 89 
R-CCU: sum(pointsPerCluster) = 789 
 num [1:4] 783 3 1 2
NULL
R-CCU: dpObj$numberClusters = 4 
List of 2
 $ : num [1, 1, 1:4] 0.341 0.786 0.698 0.277
 $ : num [1, 1, 1:4] 8.53 4.86 2.34 2.02
NULL
R priorParameters: 2 8 
R maxT: 1 
R_PriorDraw_first_mu: 0.7405979 
R_PriorDraw_first_nu: 4.349175 
R-CCU: Before ClusterLabelChange for i = 90 newLabel= 1 currentLabel= 1 
R-CCU: sum(pointsPerCluster) = 789 
 num [1:4] 783 3 1 2
NULL
R-CCU: After ClusterLabelChange for i = 90 
R-CCU: sum(pointsPerCluster) = 790 
 num [1:4] 784 3 1 2
NULL
R-CCU: dpObj$numberClusters = 4 
List of 2
 $ : num [1, 1, 1:4] 0.341 0.786 0.698 0.277
 $ : num [1, 1, 1:4] 8.53 4.86 2.34 2.02
NULL
R priorParameters: 2 8 
R maxT: 1 
R_PriorDraw_first_mu: 0.7598377 
R_PriorDraw_first_nu: 2.993003 
R-CCU: Before ClusterLabelChange for i = 91 newLabel= 1 currentLabel= 1 
R-CCU: sum(pointsPerCluster) = 790 
 num [1:4] 784 3 1 2
NULL
R-CCU: After ClusterLabelChange for i = 91 
R-CCU: sum(pointsPerCluster) = 791 
 num [1:4] 785 3 1 2
NULL
R-CCU: dpObj$numberClusters = 4 
List of 2
 $ : num [1, 1, 1:4] 0.341 0.786 0.698 0.277
 $ : num [1, 1, 1:4] 8.53 4.86 2.34 2.02
NULL
R priorParameters: 2 8 
R maxT: 1 
R_PriorDraw_first_mu: 0.5584334 
R_PriorDraw_first_nu: 3.116478 
R-CCU: Before ClusterLabelChange for i = 92 newLabel= 1 currentLabel= 1 
R-CCU: sum(pointsPerCluster) = 791 
 num [1:4] 785 3 1 2
NULL
R-CCU: After ClusterLabelChange for i = 92 
R-CCU: sum(pointsPerCluster) = 792 
 num [1:4] 786 3 1 2
NULL
R-CCU: dpObj$numberClusters = 4 
List of 2
 $ : num [1, 1, 1:4] 0.341 0.786 0.698 0.277
 $ : num [1, 1, 1:4] 8.53 4.86 2.34 2.02
NULL
R priorParameters: 2 8 
R maxT: 1 
R_PriorDraw_first_mu: 0.1506871 
R_PriorDraw_first_nu: 13.035 
R-CCU: Before ClusterLabelChange for i = 93 newLabel= 1 currentLabel= 1 
R-CCU: sum(pointsPerCluster) = 792 
 num [1:4] 786 3 1 2
NULL
R-CCU: After ClusterLabelChange for i = 93 
R-CCU: sum(pointsPerCluster) = 793 
 num [1:4] 787 3 1 2
NULL
R-CCU: dpObj$numberClusters = 4 
List of 2
 $ : num [1, 1, 1:4] 0.341 0.786 0.698 0.277
 $ : num [1, 1, 1:4] 8.53 4.86 2.34 2.02
NULL
R priorParameters: 2 8 
R maxT: 1 
R_PriorDraw_first_mu: 0.9576731 
R_PriorDraw_first_nu: 2.968903 
R-CCU: Before ClusterLabelChange for i = 94 newLabel= 1 currentLabel= 1 
R-CCU: sum(pointsPerCluster) = 793 
 num [1:4] 787 3 1 2
NULL
R-CCU: After ClusterLabelChange for i = 94 
R-CCU: sum(pointsPerCluster) = 794 
 num [1:4] 788 3 1 2
NULL
R-CCU: dpObj$numberClusters = 4 
List of 2
 $ : num [1, 1, 1:4] 0.341 0.786 0.698 0.277
 $ : num [1, 1, 1:4] 8.53 4.86 2.34 2.02
NULL
R priorParameters: 2 8 
R maxT: 1 
R_PriorDraw_first_mu: 0.09859535 
R_PriorDraw_first_nu: 5.254234 
R-CCU: Before ClusterLabelChange for i = 95 newLabel= 1 currentLabel= 1 
R-CCU: sum(pointsPerCluster) = 794 
 num [1:4] 788 3 1 2
NULL
R-CCU: After ClusterLabelChange for i = 95 
R-CCU: sum(pointsPerCluster) = 795 
 num [1:4] 789 3 1 2
NULL
R-CCU: dpObj$numberClusters = 4 
List of 2
 $ : num [1, 1, 1:4] 0.341 0.786 0.698 0.277
 $ : num [1, 1, 1:4] 8.53 4.86 2.34 2.02
NULL
R priorParameters: 2 8 
R maxT: 1 
R_PriorDraw_first_mu: 0.8060545 
R_PriorDraw_first_nu: 4.700317 
R-CCU: Before ClusterLabelChange for i = 96 newLabel= 1 currentLabel= 1 
R-CCU: sum(pointsPerCluster) = 795 
 num [1:4] 789 3 1 2
NULL
R-CCU: After ClusterLabelChange for i = 96 
R-CCU: sum(pointsPerCluster) = 796 
 num [1:4] 790 3 1 2
NULL
R-CCU: dpObj$numberClusters = 4 
List of 2
 $ : num [1, 1, 1:4] 0.341 0.786 0.698 0.277
 $ : num [1, 1, 1:4] 8.53 4.86 2.34 2.02
NULL
R priorParameters: 2 8 
R maxT: 1 
R_PriorDraw_first_mu: 0.1972363 
R_PriorDraw_first_nu: 7.801576 
R-CCU: Before ClusterLabelChange for i = 97 newLabel= 1 currentLabel= 1 
R-CCU: sum(pointsPerCluster) = 796 
 num [1:4] 790 3 1 2
NULL
R-CCU: After ClusterLabelChange for i = 97 
R-CCU: sum(pointsPerCluster) = 797 
 num [1:4] 791 3 1 2
NULL
R-CCU: dpObj$numberClusters = 4 
List of 2
 $ : num [1, 1, 1:4] 0.341 0.786 0.698 0.277
 $ : num [1, 1, 1:4] 8.53 4.86 2.34 2.02
NULL
R priorParameters: 2 8 
R maxT: 1 
R_PriorDraw_first_mu: 0.5091449 
R_PriorDraw_first_nu: 3.204171 
R-CCU: Before ClusterLabelChange for i = 98 newLabel= 1 currentLabel= 1 
R-CCU: sum(pointsPerCluster) = 797 
 num [1:4] 791 3 1 2
NULL
R-CCU: After ClusterLabelChange for i = 98 
R-CCU: sum(pointsPerCluster) = 798 
 num [1:4] 792 3 1 2
NULL
R-CCU: dpObj$numberClusters = 4 
List of 2
 $ : num [1, 1, 1:4] 0.341 0.786 0.698 0.277
 $ : num [1, 1, 1:4] 8.53 4.86 2.34 2.02
NULL
R priorParameters: 2 8 
R maxT: 1 
R_PriorDraw_first_mu: 0.9491441 
R_PriorDraw_first_nu: 4.583368 
R-CCU: Before ClusterLabelChange for i = 99 newLabel= 1 currentLabel= 1 
R-CCU: sum(pointsPerCluster) = 798 
 num [1:4] 792 3 1 2
NULL
R-CCU: After ClusterLabelChange for i = 99 
R-CCU: sum(pointsPerCluster) = 799 
 num [1:4] 793 3 1 2
NULL
R-CCU: dpObj$numberClusters = 4 
List of 2
 $ : num [1, 1, 1:4] 0.341 0.786 0.698 0.277
 $ : num [1, 1, 1:4] 8.53 4.86 2.34 2.02
NULL
R priorParameters: 2 8 
R maxT: 1 
R_PriorDraw_first_mu: 0.4044482 
R_PriorDraw_first_nu: 6.141741 
R-CCU: Before ClusterLabelChange for i = 100 newLabel= 1 currentLabel= 1 
R-CCU: sum(pointsPerCluster) = 799 
 num [1:4] 793 3 1 2
NULL
R-CCU: After ClusterLabelChange for i = 100 
R-CCU: sum(pointsPerCluster) = 800 
 num [1:4] 794 3 1 2
NULL
R-CCU: dpObj$numberClusters = 4 
List of 2
 $ : num [1, 1, 1:4] 0.341 0.786 0.698 0.277
 $ : num [1, 1, 1:4] 8.53 4.86 2.34 2.02
NULL
R priorParameters: 2 8 
R maxT: 1 
R_PriorDraw_first_mu: 0.9392936 
R_PriorDraw_first_nu: 3.530247 
R-CCU: Before ClusterLabelChange for i = 1 newLabel= 1 currentLabel= 1 
R-CCU: sum(pointsPerCluster) = 800 
 num [1:4] 794 3 1 2
NULL
R-CCU: After ClusterLabelChange for i = 1 
R-CCU: sum(pointsPerCluster) = 801 
 num [1:4] 795 3 1 2
NULL
R-CCU: dpObj$numberClusters = 4 
List of 2
 $ : num [1, 1, 1:4] 0.312 0.552 0.698 0.838
 $ : num [1, 1, 1:4] 7.65 2.87 2.34 3.13
NULL
R priorParameters: 2 8 
R maxT: 1 
R_PriorDraw_first_mu: 0.3647059 
R_PriorDraw_first_nu: 2.023651 
R-CCU: Before ClusterLabelChange for i = 2 newLabel= 1 currentLabel= 1 
R-CCU: sum(pointsPerCluster) = 801 
 num [1:4] 795 3 1 2
NULL
R-CCU: After ClusterLabelChange for i = 2 
R-CCU: sum(pointsPerCluster) = 802 
 num [1:4] 796 3 1 2
NULL
R-CCU: dpObj$numberClusters = 4 
List of 2
 $ : num [1, 1, 1:4] 0.312 0.552 0.698 0.838
 $ : num [1, 1, 1:4] 7.65 2.87 2.34 3.13
NULL
R priorParameters: 2 8 
R maxT: 1 
R_PriorDraw_first_mu: 0.006358138 
R_PriorDraw_first_nu: 3.130261 
R-CCU: Before ClusterLabelChange for i = 3 newLabel= 1 currentLabel= 1 
R-CCU: sum(pointsPerCluster) = 802 
 num [1:4] 796 3 1 2
NULL
R-CCU: After ClusterLabelChange for i = 3 
R-CCU: sum(pointsPerCluster) = 803 
 num [1:4] 797 3 1 2
NULL
R-CCU: dpObj$numberClusters = 4 
List of 2
 $ : num [1, 1, 1:4] 0.312 0.552 0.698 0.838
 $ : num [1, 1, 1:4] 7.65 2.87 2.34 3.13
NULL
R priorParameters: 2 8 
R maxT: 1 
R_PriorDraw_first_mu: 0.9933246 
R_PriorDraw_first_nu: 4.990113 
R-CCU: Before ClusterLabelChange for i = 4 newLabel= 1 currentLabel= 1 
R-CCU: sum(pointsPerCluster) = 803 
 num [1:4] 797 3 1 2
NULL
R-CCU: After ClusterLabelChange for i = 4 
R-CCU: sum(pointsPerCluster) = 804 
 num [1:4] 798 3 1 2
NULL
R-CCU: dpObj$numberClusters = 4 
List of 2
 $ : num [1, 1, 1:4] 0.312 0.552 0.698 0.838
 $ : num [1, 1, 1:4] 7.65 2.87 2.34 3.13
NULL
R priorParameters: 2 8 
R maxT: 1 
R_PriorDraw_first_mu: 0.1002993 
R_PriorDraw_first_nu: 5.30076 
R-CCU: Before ClusterLabelChange for i = 5 newLabel= 1 currentLabel= 1 
R-CCU: sum(pointsPerCluster) = 804 
 num [1:4] 798 3 1 2
NULL
R-CCU: After ClusterLabelChange for i = 5 
R-CCU: sum(pointsPerCluster) = 805 
 num [1:4] 799 3 1 2
NULL
R-CCU: dpObj$numberClusters = 4 
List of 2
 $ : num [1, 1, 1:4] 0.312 0.552 0.698 0.838
 $ : num [1, 1, 1:4] 7.65 2.87 2.34 3.13
NULL
R priorParameters: 2 8 
R maxT: 1 
R_PriorDraw_first_mu: 0.3549515 
R_PriorDraw_first_nu: 8.314206 
R-CCU: Before ClusterLabelChange for i = 6 newLabel= 1 currentLabel= 1 
R-CCU: sum(pointsPerCluster) = 805 
 num [1:4] 799 3 1 2
NULL
R-CCU: After ClusterLabelChange for i = 6 
R-CCU: sum(pointsPerCluster) = 806 
 num [1:4] 800 3 1 2
NULL
R-CCU: dpObj$numberClusters = 4 
List of 2
 $ : num [1, 1, 1:4] 0.312 0.552 0.698 0.838
 $ : num [1, 1, 1:4] 7.65 2.87 2.34 3.13
NULL
R priorParameters: 2 8 
R maxT: 1 
R_PriorDraw_first_mu: 0.6998023 
R_PriorDraw_first_nu: 3.933149 
R-CCU: Before ClusterLabelChange for i = 7 newLabel= 1 currentLabel= 1 
R-CCU: sum(pointsPerCluster) = 806 
 num [1:4] 800 3 1 2
NULL
R-CCU: After ClusterLabelChange for i = 7 
R-CCU: sum(pointsPerCluster) = 807 
 num [1:4] 801 3 1 2
NULL
R-CCU: dpObj$numberClusters = 4 
List of 2
 $ : num [1, 1, 1:4] 0.312 0.552 0.698 0.838
 $ : num [1, 1, 1:4] 7.65 2.87 2.34 3.13
NULL
R priorParameters: 2 8 
R maxT: 1 
R_PriorDraw_first_mu: 0.8813188 
R_PriorDraw_first_nu: 10.18518 
R-CCU: Before ClusterLabelChange for i = 8 newLabel= 1 currentLabel= 1 
R-CCU: sum(pointsPerCluster) = 807 
 num [1:4] 801 3 1 2
NULL
R-CCU: After ClusterLabelChange for i = 8 
R-CCU: sum(pointsPerCluster) = 808 
 num [1:4] 802 3 1 2
NULL
R-CCU: dpObj$numberClusters = 4 
List of 2
 $ : num [1, 1, 1:4] 0.312 0.552 0.698 0.838
 $ : num [1, 1, 1:4] 7.65 2.87 2.34 3.13
NULL
R priorParameters: 2 8 
R maxT: 1 
R_PriorDraw_first_mu: 0.8739819 
R_PriorDraw_first_nu: 16.93885 
R-CCU: Before ClusterLabelChange for i = 9 newLabel= 1 currentLabel= 1 
R-CCU: sum(pointsPerCluster) = 808 
 num [1:4] 802 3 1 2
NULL
R-CCU: After ClusterLabelChange for i = 9 
R-CCU: sum(pointsPerCluster) = 809 
 num [1:4] 803 3 1 2
NULL
R-CCU: dpObj$numberClusters = 4 
List of 2
 $ : num [1, 1, 1:4] 0.312 0.552 0.698 0.838
 $ : num [1, 1, 1:4] 7.65 2.87 2.34 3.13
NULL
R priorParameters: 2 8 
R maxT: 1 
R_PriorDraw_first_mu: 0.8698218 
R_PriorDraw_first_nu: 4.981831 
R-CCU: Before ClusterLabelChange for i = 10 newLabel= 1 currentLabel= 1 
R-CCU: sum(pointsPerCluster) = 809 
 num [1:4] 803 3 1 2
NULL
R-CCU: After ClusterLabelChange for i = 10 
R-CCU: sum(pointsPerCluster) = 810 
 num [1:4] 804 3 1 2
NULL
R-CCU: dpObj$numberClusters = 4 
List of 2
 $ : num [1, 1, 1:4] 0.312 0.552 0.698 0.838
 $ : num [1, 1, 1:4] 7.65 2.87 2.34 3.13
NULL
R priorParameters: 2 8 
R maxT: 1 
R_PriorDraw_first_mu: 0.5606186 
R_PriorDraw_first_nu: 21.43784 
R-CCU: Before ClusterLabelChange for i = 11 newLabel= 1 currentLabel= 1 
R-CCU: sum(pointsPerCluster) = 810 
 num [1:4] 804 3 1 2
NULL
R-CCU: After ClusterLabelChange for i = 11 
R-CCU: sum(pointsPerCluster) = 811 
 num [1:4] 805 3 1 2
NULL
R-CCU: dpObj$numberClusters = 4 
List of 2
 $ : num [1, 1, 1:4] 0.312 0.552 0.698 0.838
 $ : num [1, 1, 1:4] 7.65 2.87 2.34 3.13
NULL
R priorParameters: 2 8 
R maxT: 1 
R_PriorDraw_first_mu: 0.08011154 
R_PriorDraw_first_nu: 2.281331 
R-CCU: Before ClusterLabelChange for i = 12 newLabel= 1 currentLabel= 1 
R-CCU: sum(pointsPerCluster) = 811 
 num [1:4] 805 3 1 2
NULL
R-CCU: After ClusterLabelChange for i = 12 
R-CCU: sum(pointsPerCluster) = 812 
 num [1:4] 806 3 1 2
NULL
R-CCU: dpObj$numberClusters = 4 
List of 2
 $ : num [1, 1, 1:4] 0.312 0.552 0.698 0.838
 $ : num [1, 1, 1:4] 7.65 2.87 2.34 3.13
NULL
R priorParameters: 2 8 
R maxT: 1 
R_PriorDraw_first_mu: 0.187727 
R_PriorDraw_first_nu: 7.582761 
R-CCU: Before ClusterLabelChange for i = 13 newLabel= 1 currentLabel= 1 
R-CCU: sum(pointsPerCluster) = 812 
 num [1:4] 806 3 1 2
NULL
R-CCU: After ClusterLabelChange for i = 13 
R-CCU: sum(pointsPerCluster) = 813 
 num [1:4] 807 3 1 2
NULL
R-CCU: dpObj$numberClusters = 4 
List of 2
 $ : num [1, 1, 1:4] 0.312 0.552 0.698 0.838
 $ : num [1, 1, 1:4] 7.65 2.87 2.34 3.13
NULL
R priorParameters: 2 8 
R maxT: 1 
R_PriorDraw_first_mu: 0.3232289 
R_PriorDraw_first_nu: 10.96659 
R-CCU: Before ClusterLabelChange for i = 14 newLabel= 1 currentLabel= 1 
R-CCU: sum(pointsPerCluster) = 813 
 num [1:4] 807 3 1 2
NULL
R-CCU: After ClusterLabelChange for i = 14 
R-CCU: sum(pointsPerCluster) = 814 
 num [1:4] 808 3 1 2
NULL
R-CCU: dpObj$numberClusters = 4 
List of 2
 $ : num [1, 1, 1:4] 0.312 0.552 0.698 0.838
 $ : num [1, 1, 1:4] 7.65 2.87 2.34 3.13
NULL
R priorParameters: 2 8 
R maxT: 1 
R_PriorDraw_first_mu: 0.9268407 
R_PriorDraw_first_nu: 2.243941 
R-CCU: Before ClusterLabelChange for i = 15 newLabel= 1 currentLabel= 1 
R-CCU: sum(pointsPerCluster) = 814 
 num [1:4] 808 3 1 2
NULL
R-CCU: After ClusterLabelChange for i = 15 
R-CCU: sum(pointsPerCluster) = 815 
 num [1:4] 809 3 1 2
NULL
R-CCU: dpObj$numberClusters = 4 
List of 2
 $ : num [1, 1, 1:4] 0.312 0.552 0.698 0.838
 $ : num [1, 1, 1:4] 7.65 2.87 2.34 3.13
NULL
R priorParameters: 2 8 
R maxT: 1 
R_PriorDraw_first_mu: 0.6563754 
R_PriorDraw_first_nu: 3.282283 
R-CCU: Before ClusterLabelChange for i = 16 newLabel= 1 currentLabel= 1 
R-CCU: sum(pointsPerCluster) = 815 
 num [1:4] 809 3 1 2
NULL
R-CCU: After ClusterLabelChange for i = 16 
R-CCU: sum(pointsPerCluster) = 816 
 num [1:4] 810 3 1 2
NULL
R-CCU: dpObj$numberClusters = 4 
List of 2
 $ : num [1, 1, 1:4] 0.312 0.552 0.698 0.838
 $ : num [1, 1, 1:4] 7.65 2.87 2.34 3.13
NULL
R priorParameters: 2 8 
R maxT: 1 
R_PriorDraw_first_mu: 0.1342604 
R_PriorDraw_first_nu: 2.670569 
R-CCU: Before ClusterLabelChange for i = 17 newLabel= 1 currentLabel= 1 
R-CCU: sum(pointsPerCluster) = 816 
 num [1:4] 810 3 1 2
NULL
R-CCU: After ClusterLabelChange for i = 17 
R-CCU: sum(pointsPerCluster) = 817 
 num [1:4] 811 3 1 2
NULL
R-CCU: dpObj$numberClusters = 4 
List of 2
 $ : num [1, 1, 1:4] 0.312 0.552 0.698 0.838
 $ : num [1, 1, 1:4] 7.65 2.87 2.34 3.13
NULL
R priorParameters: 2 8 
R maxT: 1 
R_PriorDraw_first_mu: 0.08028345 
R_PriorDraw_first_nu: 16.057 
R-CCU: Before ClusterLabelChange for i = 18 newLabel= 1 currentLabel= 1 
R-CCU: sum(pointsPerCluster) = 817 
 num [1:4] 811 3 1 2
NULL
R-CCU: After ClusterLabelChange for i = 18 
R-CCU: sum(pointsPerCluster) = 818 
 num [1:4] 812 3 1 2
NULL
R-CCU: dpObj$numberClusters = 4 
List of 2
 $ : num [1, 1, 1:4] 0.312 0.552 0.698 0.838
 $ : num [1, 1, 1:4] 7.65 2.87 2.34 3.13
NULL
R priorParameters: 2 8 
R maxT: 1 
R_PriorDraw_first_mu: 0.7262847 
R_PriorDraw_first_nu: 3.485417 
R-CCU: Before ClusterLabelChange for i = 19 newLabel= 1 currentLabel= 1 
R-CCU: sum(pointsPerCluster) = 818 
 num [1:4] 812 3 1 2
NULL
R-CCU: After ClusterLabelChange for i = 19 
R-CCU: sum(pointsPerCluster) = 819 
 num [1:4] 813 3 1 2
NULL
R-CCU: dpObj$numberClusters = 4 
List of 2
 $ : num [1, 1, 1:4] 0.312 0.552 0.698 0.838
 $ : num [1, 1, 1:4] 7.65 2.87 2.34 3.13
NULL
R priorParameters: 2 8 
R maxT: 1 
R_PriorDraw_first_mu: 0.9015093 
R_PriorDraw_first_nu: 8.990445 
R-CCU: Before ClusterLabelChange for i = 20 newLabel= 1 currentLabel= 1 
R-CCU: sum(pointsPerCluster) = 819 
 num [1:4] 813 3 1 2
NULL
R-CCU: After ClusterLabelChange for i = 20 
R-CCU: sum(pointsPerCluster) = 820 
 num [1:4] 814 3 1 2
NULL
R-CCU: dpObj$numberClusters = 4 
List of 2
 $ : num [1, 1, 1:4] 0.312 0.552 0.698 0.838
 $ : num [1, 1, 1:4] 7.65 2.87 2.34 3.13
NULL
R priorParameters: 2 8 
R maxT: 1 
R_PriorDraw_first_mu: 0.5727772 
R_PriorDraw_first_nu: 15.12988 
R-CCU: Before ClusterLabelChange for i = 21 newLabel= 1 currentLabel= 1 
R-CCU: sum(pointsPerCluster) = 820 
 num [1:4] 814 3 1 2
NULL
R-CCU: After ClusterLabelChange for i = 21 
R-CCU: sum(pointsPerCluster) = 821 
 num [1:4] 815 3 1 2
NULL
R-CCU: dpObj$numberClusters = 4 
List of 2
 $ : num [1, 1, 1:4] 0.312 0.552 0.698 0.838
 $ : num [1, 1, 1:4] 7.65 2.87 2.34 3.13
NULL
R priorParameters: 2 8 
R maxT: 1 
R_PriorDraw_first_mu: 0.531018 
R_PriorDraw_first_nu: 2.970742 
R-CCU: Before ClusterLabelChange for i = 22 newLabel= 1 currentLabel= 1 
R-CCU: sum(pointsPerCluster) = 821 
 num [1:4] 815 3 1 2
NULL
R-CCU: After ClusterLabelChange for i = 22 
R-CCU: sum(pointsPerCluster) = 822 
 num [1:4] 816 3 1 2
NULL
R-CCU: dpObj$numberClusters = 4 
List of 2
 $ : num [1, 1, 1:4] 0.312 0.552 0.698 0.838
 $ : num [1, 1, 1:4] 7.65 2.87 2.34 3.13
NULL
R priorParameters: 2 8 
R maxT: 1 
R_PriorDraw_first_mu: 0.008205752 
R_PriorDraw_first_nu: 10.16515 
R-CCU: Before ClusterLabelChange for i = 23 newLabel= 1 currentLabel= 1 
R-CCU: sum(pointsPerCluster) = 822 
 num [1:4] 816 3 1 2
NULL
R-CCU: After ClusterLabelChange for i = 23 
R-CCU: sum(pointsPerCluster) = 823 
 num [1:4] 817 3 1 2
NULL
R-CCU: dpObj$numberClusters = 4 
List of 2
 $ : num [1, 1, 1:4] 0.312 0.552 0.698 0.838
 $ : num [1, 1, 1:4] 7.65 2.87 2.34 3.13
NULL
R priorParameters: 2 8 
R maxT: 1 
R_PriorDraw_first_mu: 0.7175799 
R_PriorDraw_first_nu: 2.803319 
R-CCU: Before ClusterLabelChange for i = 24 newLabel= 1 currentLabel= 1 
R-CCU: sum(pointsPerCluster) = 823 
 num [1:4] 817 3 1 2
NULL
R-CCU: After ClusterLabelChange for i = 24 
R-CCU: sum(pointsPerCluster) = 824 
 num [1:4] 818 3 1 2
NULL
R-CCU: dpObj$numberClusters = 4 
List of 2
 $ : num [1, 1, 1:4] 0.312 0.552 0.698 0.838
 $ : num [1, 1, 1:4] 7.65 2.87 2.34 3.13
NULL
R priorParameters: 2 8 
R maxT: 1 
R_PriorDraw_first_mu: 0.2789906 
R_PriorDraw_first_nu: 4.994518 
R-CCU: Before ClusterLabelChange for i = 25 newLabel= 1 currentLabel= 1 
R-CCU: sum(pointsPerCluster) = 824 
 num [1:4] 818 3 1 2
NULL
R-CCU: After ClusterLabelChange for i = 25 
R-CCU: sum(pointsPerCluster) = 825 
 num [1:4] 819 3 1 2
NULL
R-CCU: dpObj$numberClusters = 4 
List of 2
 $ : num [1, 1, 1:4] 0.312 0.552 0.698 0.838
 $ : num [1, 1, 1:4] 7.65 2.87 2.34 3.13
NULL
R priorParameters: 2 8 
R maxT: 1 
R_PriorDraw_first_mu: 0.3919042 
R_PriorDraw_first_nu: 3.025347 
R-CCU: Before ClusterLabelChange for i = 26 newLabel= 1 currentLabel= 1 
R-CCU: sum(pointsPerCluster) = 825 
 num [1:4] 819 3 1 2
NULL
R-CCU: After ClusterLabelChange for i = 26 
R-CCU: sum(pointsPerCluster) = 826 
 num [1:4] 820 3 1 2
NULL
R-CCU: dpObj$numberClusters = 4 
List of 2
 $ : num [1, 1, 1:4] 0.312 0.552 0.698 0.838
 $ : num [1, 1, 1:4] 7.65 2.87 2.34 3.13
NULL
R priorParameters: 2 8 
R maxT: 1 
R_PriorDraw_first_mu: 0.1222531 
R_PriorDraw_first_nu: 5.325727 
R-CCU: Before ClusterLabelChange for i = 27 newLabel= 1 currentLabel= 1 
R-CCU: sum(pointsPerCluster) = 826 
 num [1:4] 820 3 1 2
NULL
R-CCU: After ClusterLabelChange for i = 27 
R-CCU: sum(pointsPerCluster) = 827 
 num [1:4] 821 3 1 2
NULL
R-CCU: dpObj$numberClusters = 4 
List of 2
 $ : num [1, 1, 1:4] 0.312 0.552 0.698 0.838
 $ : num [1, 1, 1:4] 7.65 2.87 2.34 3.13
NULL
R priorParameters: 2 8 
R maxT: 1 
R_PriorDraw_first_mu: 0.009693992 
R_PriorDraw_first_nu: 3.23032 
R-CCU: Before ClusterLabelChange for i = 28 newLabel= 1 currentLabel= 1 
R-CCU: sum(pointsPerCluster) = 827 
 num [1:4] 821 3 1 2
NULL
R-CCU: After ClusterLabelChange for i = 28 
R-CCU: sum(pointsPerCluster) = 828 
 num [1:4] 822 3 1 2
NULL
R-CCU: dpObj$numberClusters = 4 
List of 2
 $ : num [1, 1, 1:4] 0.312 0.552 0.698 0.838
 $ : num [1, 1, 1:4] 7.65 2.87 2.34 3.13
NULL
R priorParameters: 2 8 
R maxT: 1 
R_PriorDraw_first_mu: 0.7018942 
R_PriorDraw_first_nu: 4.41105 
R-CCU: Before ClusterLabelChange for i = 29 newLabel= 1 currentLabel= 1 
R-CCU: sum(pointsPerCluster) = 828 
 num [1:4] 822 3 1 2
NULL
R-CCU: After ClusterLabelChange for i = 29 
R-CCU: sum(pointsPerCluster) = 829 
 num [1:4] 823 3 1 2
NULL
R-CCU: dpObj$numberClusters = 4 
List of 2
 $ : num [1, 1, 1:4] 0.312 0.552 0.698 0.838
 $ : num [1, 1, 1:4] 7.65 2.87 2.34 3.13
NULL
R priorParameters: 2 8 
R maxT: 1 
R_PriorDraw_first_mu: 0.3604456 
R_PriorDraw_first_nu: 12.10859 
R-CCU: Before ClusterLabelChange for i = 30 newLabel= 1 currentLabel= 1 
R-CCU: sum(pointsPerCluster) = 829 
 num [1:4] 823 3 1 2
NULL
R-CCU: After ClusterLabelChange for i = 30 
R-CCU: sum(pointsPerCluster) = 830 
 num [1:4] 824 3 1 2
NULL
R-CCU: dpObj$numberClusters = 4 
List of 2
 $ : num [1, 1, 1:4] 0.312 0.552 0.698 0.838
 $ : num [1, 1, 1:4] 7.65 2.87 2.34 3.13
NULL
R priorParameters: 2 8 
R maxT: 1 
R_PriorDraw_first_mu: 0.1614348 
R_PriorDraw_first_nu: 29.87047 
R-CCU: Before ClusterLabelChange for i = 31 newLabel= 1 currentLabel= 1 
R-CCU: sum(pointsPerCluster) = 830 
 num [1:4] 824 3 1 2
NULL
R-CCU: After ClusterLabelChange for i = 31 
R-CCU: sum(pointsPerCluster) = 831 
 num [1:4] 825 3 1 2
NULL
R-CCU: dpObj$numberClusters = 4 
List of 2
 $ : num [1, 1, 1:4] 0.312 0.552 0.698 0.838
 $ : num [1, 1, 1:4] 7.65 2.87 2.34 3.13
NULL
R priorParameters: 2 8 
R maxT: 1 
R_PriorDraw_first_mu: 0.4299562 
R_PriorDraw_first_nu: 4.639925 
R-CCU: Before ClusterLabelChange for i = 32 newLabel= 1 currentLabel= 1 
R-CCU: sum(pointsPerCluster) = 831 
 num [1:4] 825 3 1 2
NULL
R-CCU: After ClusterLabelChange for i = 32 
R-CCU: sum(pointsPerCluster) = 832 
 num [1:4] 826 3 1 2
NULL
R-CCU: dpObj$numberClusters = 4 
List of 2
 $ : num [1, 1, 1:4] 0.312 0.552 0.698 0.838
 $ : num [1, 1, 1:4] 7.65 2.87 2.34 3.13
NULL
R priorParameters: 2 8 
R maxT: 1 
R_PriorDraw_first_mu: 0.5647279 
R_PriorDraw_first_nu: 3.704836 
R-CCU: Before ClusterLabelChange for i = 33 newLabel= 1 currentLabel= 1 
R-CCU: sum(pointsPerCluster) = 832 
 num [1:4] 826 3 1 2
NULL
R-CCU: After ClusterLabelChange for i = 33 
R-CCU: sum(pointsPerCluster) = 833 
 num [1:4] 827 3 1 2
NULL
R-CCU: dpObj$numberClusters = 4 
List of 2
 $ : num [1, 1, 1:4] 0.312 0.552 0.698 0.838
 $ : num [1, 1, 1:4] 7.65 2.87 2.34 3.13
NULL
R priorParameters: 2 8 
R maxT: 1 
R_PriorDraw_first_mu: 0.4912539 
R_PriorDraw_first_nu: 4.192131 
R-CCU: Before ClusterLabelChange for i = 34 newLabel= 1 currentLabel= 1 
R-CCU: sum(pointsPerCluster) = 833 
 num [1:4] 827 3 1 2
NULL
R-CCU: After ClusterLabelChange for i = 34 
R-CCU: sum(pointsPerCluster) = 834 
 num [1:4] 828 3 1 2
NULL
R-CCU: dpObj$numberClusters = 4 
List of 2
 $ : num [1, 1, 1:4] 0.312 0.552 0.698 0.838
 $ : num [1, 1, 1:4] 7.65 2.87 2.34 3.13
NULL
R priorParameters: 2 8 
R maxT: 1 
R_PriorDraw_first_mu: 0.7583034 
R_PriorDraw_first_nu: 3.431237 
R-CCU: Before ClusterLabelChange for i = 35 newLabel= 1 currentLabel= 1 
R-CCU: sum(pointsPerCluster) = 834 
 num [1:4] 828 3 1 2
NULL
R-CCU: After ClusterLabelChange for i = 35 
R-CCU: sum(pointsPerCluster) = 835 
 num [1:4] 829 3 1 2
NULL
R-CCU: dpObj$numberClusters = 4 
List of 2
 $ : num [1, 1, 1:4] 0.312 0.552 0.698 0.838
 $ : num [1, 1, 1:4] 7.65 2.87 2.34 3.13
NULL
R priorParameters: 2 8 
R maxT: 1 
R_PriorDraw_first_mu: 0.05345404 
R_PriorDraw_first_nu: 3.03452 
R-CCU: Before ClusterLabelChange for i = 36 newLabel= 1 currentLabel= 1 
R-CCU: sum(pointsPerCluster) = 835 
 num [1:4] 829 3 1 2
NULL
R-CCU: After ClusterLabelChange for i = 36 
R-CCU: sum(pointsPerCluster) = 836 
 num [1:4] 830 3 1 2
NULL
R-CCU: dpObj$numberClusters = 4 
List of 2
 $ : num [1, 1, 1:4] 0.312 0.552 0.698 0.838
 $ : num [1, 1, 1:4] 7.65 2.87 2.34 3.13
NULL
R priorParameters: 2 8 
R maxT: 1 
R_PriorDraw_first_mu: 0.5674304 
R_PriorDraw_first_nu: 5.012943 
R-CCU: Before ClusterLabelChange for i = 37 newLabel= 1 currentLabel= 1 
R-CCU: sum(pointsPerCluster) = 836 
 num [1:4] 830 3 1 2
NULL
R-CCU: After ClusterLabelChange for i = 37 
R-CCU: sum(pointsPerCluster) = 837 
 num [1:4] 831 3 1 2
NULL
R-CCU: dpObj$numberClusters = 4 
List of 2
 $ : num [1, 1, 1:4] 0.312 0.552 0.698 0.838
 $ : num [1, 1, 1:4] 7.65 2.87 2.34 3.13
NULL
R priorParameters: 2 8 
R maxT: 1 
R_PriorDraw_first_mu: 0.7394516 
R_PriorDraw_first_nu: 2.539381 
R-CCU: Before ClusterLabelChange for i = 38 newLabel= 1 currentLabel= 1 
R-CCU: sum(pointsPerCluster) = 837 
 num [1:4] 831 3 1 2
NULL
R-CCU: After ClusterLabelChange for i = 38 
R-CCU: sum(pointsPerCluster) = 838 
 num [1:4] 832 3 1 2
NULL
R-CCU: dpObj$numberClusters = 4 
List of 2
 $ : num [1, 1, 1:4] 0.312 0.552 0.698 0.838
 $ : num [1, 1, 1:4] 7.65 2.87 2.34 3.13
NULL
R priorParameters: 2 8 
R maxT: 1 
R_PriorDraw_first_mu: 0.05523402 
R_PriorDraw_first_nu: 6.364003 
R-CCU: Before ClusterLabelChange for i = 39 newLabel= 1 currentLabel= 1 
R-CCU: sum(pointsPerCluster) = 838 
 num [1:4] 832 3 1 2
NULL
R-CCU: After ClusterLabelChange for i = 39 
R-CCU: sum(pointsPerCluster) = 839 
 num [1:4] 833 3 1 2
NULL
R-CCU: dpObj$numberClusters = 4 
List of 2
 $ : num [1, 1, 1:4] 0.312 0.552 0.698 0.838
 $ : num [1, 1, 1:4] 7.65 2.87 2.34 3.13
NULL
R priorParameters: 2 8 
R maxT: 1 
R_PriorDraw_first_mu: 0.01741817 
R_PriorDraw_first_nu: 2.220556 
R-CCU: Before ClusterLabelChange for i = 40 newLabel= 1 currentLabel= 1 
R-CCU: sum(pointsPerCluster) = 839 
 num [1:4] 833 3 1 2
NULL
R-CCU: After ClusterLabelChange for i = 40 
R-CCU: sum(pointsPerCluster) = 840 
 num [1:4] 834 3 1 2
NULL
R-CCU: dpObj$numberClusters = 4 
List of 2
 $ : num [1, 1, 1:4] 0.312 0.552 0.698 0.838
 $ : num [1, 1, 1:4] 7.65 2.87 2.34 3.13
NULL
R priorParameters: 2 8 
R maxT: 1 
R_PriorDraw_first_mu: 0.9682493 
R_PriorDraw_first_nu: 48.42841 
R-CCU: Before ClusterLabelChange for i = 41 newLabel= 1 currentLabel= 1 
R-CCU: sum(pointsPerCluster) = 840 
 num [1:4] 834 3 1 2
NULL
R-CCU: After ClusterLabelChange for i = 41 
R-CCU: sum(pointsPerCluster) = 841 
 num [1:4] 835 3 1 2
NULL
R-CCU: dpObj$numberClusters = 4 
List of 2
 $ : num [1, 1, 1:4] 0.312 0.552 0.698 0.838
 $ : num [1, 1, 1:4] 7.65 2.87 2.34 3.13
NULL
R priorParameters: 2 8 
R maxT: 1 
R_PriorDraw_first_mu: 0.9188285 
R_PriorDraw_first_nu: 7.146199 
R-CCU: Before ClusterLabelChange for i = 42 newLabel= 1 currentLabel= 1 
R-CCU: sum(pointsPerCluster) = 841 
 num [1:4] 835 3 1 2
NULL
R-CCU: After ClusterLabelChange for i = 42 
R-CCU: sum(pointsPerCluster) = 842 
 num [1:4] 836 3 1 2
NULL
R-CCU: dpObj$numberClusters = 4 
List of 2
 $ : num [1, 1, 1:4] 0.312 0.552 0.698 0.838
 $ : num [1, 1, 1:4] 7.65 2.87 2.34 3.13
NULL
R priorParameters: 2 8 
R maxT: 1 
R_PriorDraw_first_mu: 0.9618937 
R_PriorDraw_first_nu: 5.095067 
R-CCU: Before ClusterLabelChange for i = 43 newLabel= 1 currentLabel= 1 
R-CCU: sum(pointsPerCluster) = 842 
 num [1:4] 836 3 1 2
NULL
R-CCU: After ClusterLabelChange for i = 43 
R-CCU: sum(pointsPerCluster) = 843 
 num [1:4] 837 3 1 2
NULL
R-CCU: dpObj$numberClusters = 4 
List of 2
 $ : num [1, 1, 1:4] 0.312 0.552 0.698 0.838
 $ : num [1, 1, 1:4] 7.65 2.87 2.34 3.13
NULL
R priorParameters: 2 8 
R maxT: 1 
R_PriorDraw_first_mu: 0.2276408 
R_PriorDraw_first_nu: 3.621534 
R-CCU: Before ClusterLabelChange for i = 44 newLabel= 1 currentLabel= 1 
R-CCU: sum(pointsPerCluster) = 843 
 num [1:4] 837 3 1 2
NULL
R-CCU: After ClusterLabelChange for i = 44 
R-CCU: sum(pointsPerCluster) = 844 
 num [1:4] 838 3 1 2
NULL
R-CCU: dpObj$numberClusters = 4 
List of 2
 $ : num [1, 1, 1:4] 0.312 0.552 0.698 0.838
 $ : num [1, 1, 1:4] 7.65 2.87 2.34 3.13
NULL
R priorParameters: 2 8 
R maxT: 1 
R_PriorDraw_first_mu: 0.7146512 
R_PriorDraw_first_nu: 4.113213 
R-CCU: Before ClusterLabelChange for i = 45 newLabel= 1 currentLabel= 1 
R-CCU: sum(pointsPerCluster) = 844 
 num [1:4] 838 3 1 2
NULL
R-CCU: After ClusterLabelChange for i = 45 
R-CCU: sum(pointsPerCluster) = 845 
 num [1:4] 839 3 1 2
NULL
R-CCU: dpObj$numberClusters = 4 
List of 2
 $ : num [1, 1, 1:4] 0.312 0.552 0.698 0.838
 $ : num [1, 1, 1:4] 7.65 2.87 2.34 3.13
NULL
R priorParameters: 2 8 
R maxT: 1 
R_PriorDraw_first_mu: 0.6278082 
R_PriorDraw_first_nu: 8.062109 
R-CCU: Before ClusterLabelChange for i = 46 newLabel= 1 currentLabel= 1 
R-CCU: sum(pointsPerCluster) = 845 
 num [1:4] 839 3 1 2
NULL
R-CCU: After ClusterLabelChange for i = 46 
R-CCU: sum(pointsPerCluster) = 846 
 num [1:4] 840 3 1 2
NULL
R-CCU: dpObj$numberClusters = 4 
List of 2
 $ : num [1, 1, 1:4] 0.312 0.552 0.698 0.838
 $ : num [1, 1, 1:4] 7.65 2.87 2.34 3.13
NULL
R priorParameters: 2 8 
R maxT: 1 
R_PriorDraw_first_mu: 0.5466475 
R_PriorDraw_first_nu: 2.581307 
R-CCU: Before ClusterLabelChange for i = 47 newLabel= 1 currentLabel= 1 
R-CCU: sum(pointsPerCluster) = 846 
 num [1:4] 840 3 1 2
NULL
R-CCU: After ClusterLabelChange for i = 47 
R-CCU: sum(pointsPerCluster) = 847 
 num [1:4] 841 3 1 2
NULL
R-CCU: dpObj$numberClusters = 4 
List of 2
 $ : num [1, 1, 1:4] 0.312 0.552 0.698 0.838
 $ : num [1, 1, 1:4] 7.65 2.87 2.34 3.13
NULL
R priorParameters: 2 8 
R maxT: 1 
R_PriorDraw_first_mu: 0.8498872 
R_PriorDraw_first_nu: 5.782685 
R-CCU: Before ClusterLabelChange for i = 48 newLabel= 1 currentLabel= 1 
R-CCU: sum(pointsPerCluster) = 847 
 num [1:4] 841 3 1 2
NULL
R-CCU: After ClusterLabelChange for i = 48 
R-CCU: sum(pointsPerCluster) = 848 
 num [1:4] 842 3 1 2
NULL
R-CCU: dpObj$numberClusters = 4 
List of 2
 $ : num [1, 1, 1:4] 0.312 0.552 0.698 0.838
 $ : num [1, 1, 1:4] 7.65 2.87 2.34 3.13
NULL
R priorParameters: 2 8 
R maxT: 1 
R_PriorDraw_first_mu: 0.2179478 
R_PriorDraw_first_nu: 6.150789 
R-CCU: Before ClusterLabelChange for i = 49 newLabel= 1 currentLabel= 1 
R-CCU: sum(pointsPerCluster) = 848 
 num [1:4] 842 3 1 2
NULL
R-CCU: After ClusterLabelChange for i = 49 
R-CCU: sum(pointsPerCluster) = 849 
 num [1:4] 843 3 1 2
NULL
R-CCU: dpObj$numberClusters = 4 
List of 2
 $ : num [1, 1, 1:4] 0.312 0.552 0.698 0.838
 $ : num [1, 1, 1:4] 7.65 2.87 2.34 3.13
NULL
R priorParameters: 2 8 
R maxT: 1 
R_PriorDraw_first_mu: 0.2339542 
R_PriorDraw_first_nu: 3.232092 
R-CCU: Before ClusterLabelChange for i = 50 newLabel= 1 currentLabel= 1 
R-CCU: sum(pointsPerCluster) = 849 
 num [1:4] 843 3 1 2
NULL
R-CCU: After ClusterLabelChange for i = 50 
R-CCU: sum(pointsPerCluster) = 850 
 num [1:4] 844 3 1 2
NULL
R-CCU: dpObj$numberClusters = 4 
List of 2
 $ : num [1, 1, 1:4] 0.312 0.552 0.698 0.838
 $ : num [1, 1, 1:4] 7.65 2.87 2.34 3.13
NULL
R priorParameters: 2 8 
R maxT: 1 
R_PriorDraw_first_mu: 0.8378529 
R_PriorDraw_first_nu: 2.893596 
R-CCU: Before ClusterLabelChange for i = 51 newLabel= 1 currentLabel= 1 
R-CCU: sum(pointsPerCluster) = 850 
 num [1:4] 844 3 1 2
NULL
R-CCU: After ClusterLabelChange for i = 51 
R-CCU: sum(pointsPerCluster) = 851 
 num [1:4] 845 3 1 2
NULL
R-CCU: dpObj$numberClusters = 4 
List of 2
 $ : num [1, 1, 1:4] 0.312 0.552 0.698 0.838
 $ : num [1, 1, 1:4] 7.65 2.87 2.34 3.13
NULL
R priorParameters: 2 8 
R maxT: 1 
R_PriorDraw_first_mu: 0.8824793 
R_PriorDraw_first_nu: 27.65402 
R-CCU: Before ClusterLabelChange for i = 52 newLabel= 1 currentLabel= 1 
R-CCU: sum(pointsPerCluster) = 851 
 num [1:4] 845 3 1 2
NULL
R-CCU: After ClusterLabelChange for i = 52 
R-CCU: sum(pointsPerCluster) = 852 
 num [1:4] 846 3 1 2
NULL
R-CCU: dpObj$numberClusters = 4 
List of 2
 $ : num [1, 1, 1:4] 0.312 0.552 0.698 0.838
 $ : num [1, 1, 1:4] 7.65 2.87 2.34 3.13
NULL
R priorParameters: 2 8 
R maxT: 1 
R_PriorDraw_first_mu: 0.1883268 
R_PriorDraw_first_nu: 8.059116 
R-CCU: Before ClusterLabelChange for i = 53 newLabel= 1 currentLabel= 1 
R-CCU: sum(pointsPerCluster) = 852 
 num [1:4] 846 3 1 2
NULL
R-CCU: After ClusterLabelChange for i = 53 
R-CCU: sum(pointsPerCluster) = 853 
 num [1:4] 847 3 1 2
NULL
R-CCU: dpObj$numberClusters = 4 
List of 2
 $ : num [1, 1, 1:4] 0.312 0.552 0.698 0.838
 $ : num [1, 1, 1:4] 7.65 2.87 2.34 3.13
NULL
R priorParameters: 2 8 
R maxT: 1 
R_PriorDraw_first_mu: 0.1474638 
R_PriorDraw_first_nu: 8.553766 
R-CCU: Before ClusterLabelChange for i = 54 newLabel= 1 currentLabel= 1 
R-CCU: sum(pointsPerCluster) = 853 
 num [1:4] 847 3 1 2
NULL
R-CCU: After ClusterLabelChange for i = 54 
R-CCU: sum(pointsPerCluster) = 854 
 num [1:4] 848 3 1 2
NULL
R-CCU: dpObj$numberClusters = 4 
List of 2
 $ : num [1, 1, 1:4] 0.312 0.552 0.698 0.838
 $ : num [1, 1, 1:4] 7.65 2.87 2.34 3.13
NULL
R priorParameters: 2 8 
R maxT: 1 
R_PriorDraw_first_mu: 0.5052552 
R_PriorDraw_first_nu: 1.661207 
R-CCU: Before ClusterLabelChange for i = 55 newLabel= 1 currentLabel= 1 
R-CCU: sum(pointsPerCluster) = 854 
 num [1:4] 848 3 1 2
NULL
R-CCU: After ClusterLabelChange for i = 55 
R-CCU: sum(pointsPerCluster) = 855 
 num [1:4] 849 3 1 2
NULL
R-CCU: dpObj$numberClusters = 4 
List of 2
 $ : num [1, 1, 1:4] 0.312 0.552 0.698 0.838
 $ : num [1, 1, 1:4] 7.65 2.87 2.34 3.13
NULL
R priorParameters: 2 8 
R maxT: 1 
R_PriorDraw_first_mu: 0.6081796 
R_PriorDraw_first_nu: 8.107832 
R-CCU: Before ClusterLabelChange for i = 56 newLabel= 1 currentLabel= 1 
R-CCU: sum(pointsPerCluster) = 855 
 num [1:4] 849 3 1 2
NULL
R-CCU: After ClusterLabelChange for i = 56 
R-CCU: sum(pointsPerCluster) = 856 
 num [1:4] 850 3 1 2
NULL
R-CCU: dpObj$numberClusters = 4 
List of 2
 $ : num [1, 1, 1:4] 0.312 0.552 0.698 0.838
 $ : num [1, 1, 1:4] 7.65 2.87 2.34 3.13
NULL
R priorParameters: 2 8 
R maxT: 1 
R_PriorDraw_first_mu: 0.1405686 
R_PriorDraw_first_nu: 12.71973 
R-CCU: Before ClusterLabelChange for i = 57 newLabel= 1 currentLabel= 1 
R-CCU: sum(pointsPerCluster) = 856 
 num [1:4] 850 3 1 2
NULL
R-CCU: After ClusterLabelChange for i = 57 
R-CCU: sum(pointsPerCluster) = 857 
 num [1:4] 851 3 1 2
NULL
R-CCU: dpObj$numberClusters = 4 
List of 2
 $ : num [1, 1, 1:4] 0.312 0.552 0.698 0.838
 $ : num [1, 1, 1:4] 7.65 2.87 2.34 3.13
NULL
R priorParameters: 2 8 
R maxT: 1 
R_PriorDraw_first_mu: 0.4203176 
R_PriorDraw_first_nu: 4.257289 
R-CCU: Before ClusterLabelChange for i = 58 newLabel= 1 currentLabel= 1 
R-CCU: sum(pointsPerCluster) = 857 
 num [1:4] 851 3 1 2
NULL
R-CCU: After ClusterLabelChange for i = 58 
R-CCU: sum(pointsPerCluster) = 858 
 num [1:4] 852 3 1 2
NULL
R-CCU: dpObj$numberClusters = 4 
List of 2
 $ : num [1, 1, 1:4] 0.312 0.552 0.698 0.838
 $ : num [1, 1, 1:4] 7.65 2.87 2.34 3.13
NULL
R priorParameters: 2 8 
R maxT: 1 
R_PriorDraw_first_mu: 0.4808468 
R_PriorDraw_first_nu: 3.838149 
R-CCU: Before ClusterLabelChange for i = 59 newLabel= 1 currentLabel= 4 
R-CCU: sum(pointsPerCluster) = 858 
 num [1:4] 852 3 1 2
NULL
R-CCU: After ClusterLabelChange for i = 59 
R-CCU: sum(pointsPerCluster) = 859 
 num [1:4] 853 3 1 2
NULL
R-CCU: dpObj$numberClusters = 4 
List of 2
 $ : num [1, 1, 1:4] 0.312 0.552 0.698 0.838
 $ : num [1, 1, 1:4] 7.65 2.87 2.34 3.13
NULL
R priorParameters: 2 8 
R maxT: 1 
R_PriorDraw_first_mu: 0.2718917 
R_PriorDraw_first_nu: 11.60678 
R-CCU: Before ClusterLabelChange for i = 60 newLabel= 1 currentLabel= 1 
R-CCU: sum(pointsPerCluster) = 859 
 num [1:4] 853 3 1 2
NULL
R-CCU: After ClusterLabelChange for i = 60 
R-CCU: sum(pointsPerCluster) = 860 
 num [1:4] 854 3 1 2
NULL
R-CCU: dpObj$numberClusters = 4 
List of 2
 $ : num [1, 1, 1:4] 0.312 0.552 0.698 0.838
 $ : num [1, 1, 1:4] 7.65 2.87 2.34 3.13
NULL
R priorParameters: 2 8 
R maxT: 1 
R_PriorDraw_first_mu: 0.4709501 
R_PriorDraw_first_nu: 4.823078 
R-CCU: Before ClusterLabelChange for i = 61 newLabel= 1 currentLabel= 1 
R-CCU: sum(pointsPerCluster) = 860 
 num [1:4] 854 3 1 2
NULL
R-CCU: After ClusterLabelChange for i = 61 
R-CCU: sum(pointsPerCluster) = 861 
 num [1:4] 855 3 1 2
NULL
R-CCU: dpObj$numberClusters = 4 
List of 2
 $ : num [1, 1, 1:4] 0.312 0.552 0.698 0.838
 $ : num [1, 1, 1:4] 7.65 2.87 2.34 3.13
NULL
R priorParameters: 2 8 
R maxT: 1 
R_PriorDraw_first_mu: 0.2201729 
R_PriorDraw_first_nu: 8.270365 
R-CCU: Before ClusterLabelChange for i = 62 newLabel= 1 currentLabel= 1 
R-CCU: sum(pointsPerCluster) = 861 
 num [1:4] 855 3 1 2
NULL
R-CCU: After ClusterLabelChange for i = 62 
R-CCU: sum(pointsPerCluster) = 862 
 num [1:4] 856 3 1 2
NULL
R-CCU: dpObj$numberClusters = 4 
List of 2
 $ : num [1, 1, 1:4] 0.312 0.552 0.698 0.838
 $ : num [1, 1, 1:4] 7.65 2.87 2.34 3.13
NULL
R priorParameters: 2 8 
R maxT: 1 
R_PriorDraw_first_mu: 0.07638805 
R_PriorDraw_first_nu: 8.142158 
R-CCU: Before ClusterLabelChange for i = 63 newLabel= 1 currentLabel= 1 
R-CCU: sum(pointsPerCluster) = 862 
 num [1:4] 856 3 1 2
NULL
R-CCU: After ClusterLabelChange for i = 63 
R-CCU: sum(pointsPerCluster) = 863 
 num [1:4] 857 3 1 2
NULL
R-CCU: dpObj$numberClusters = 4 
List of 2
 $ : num [1, 1, 1:4] 0.312 0.552 0.698 0.838
 $ : num [1, 1, 1:4] 7.65 2.87 2.34 3.13
NULL
R priorParameters: 2 8 
R maxT: 1 
R_PriorDraw_first_mu: 0.5154209 
R_PriorDraw_first_nu: 4.648979 
R-CCU: Before ClusterLabelChange for i = 64 newLabel= 1 currentLabel= 1 
R-CCU: sum(pointsPerCluster) = 863 
 num [1:4] 857 3 1 2
NULL
R-CCU: After ClusterLabelChange for i = 64 
R-CCU: sum(pointsPerCluster) = 864 
 num [1:4] 858 3 1 2
NULL
R-CCU: dpObj$numberClusters = 4 
List of 2
 $ : num [1, 1, 1:4] 0.312 0.552 0.698 0.838
 $ : num [1, 1, 1:4] 7.65 2.87 2.34 3.13
NULL
R priorParameters: 2 8 
R maxT: 1 
R_PriorDraw_first_mu: 0.5497713 
R_PriorDraw_first_nu: 2.803673 
R-CCU: Before ClusterLabelChange for i = 65 newLabel= 1 currentLabel= 1 
R-CCU: sum(pointsPerCluster) = 864 
 num [1:4] 858 3 1 2
NULL
R-CCU: After ClusterLabelChange for i = 65 
R-CCU: sum(pointsPerCluster) = 865 
 num [1:4] 859 3 1 2
NULL
R-CCU: dpObj$numberClusters = 4 
List of 2
 $ : num [1, 1, 1:4] 0.312 0.552 0.698 0.838
 $ : num [1, 1, 1:4] 7.65 2.87 2.34 3.13
NULL
R priorParameters: 2 8 
R maxT: 1 
R_PriorDraw_first_mu: 0.05135157 
R_PriorDraw_first_nu: 5.2658 
R-CCU: Before ClusterLabelChange for i = 66 newLabel= 1 currentLabel= 1 
R-CCU: sum(pointsPerCluster) = 865 
 num [1:4] 859 3 1 2
NULL
R-CCU: After ClusterLabelChange for i = 66 
R-CCU: sum(pointsPerCluster) = 866 
 num [1:4] 860 3 1 2
NULL
R-CCU: dpObj$numberClusters = 4 
List of 2
 $ : num [1, 1, 1:4] 0.312 0.552 0.698 0.838
 $ : num [1, 1, 1:4] 7.65 2.87 2.34 3.13
NULL
R priorParameters: 2 8 
R maxT: 1 
R_PriorDraw_first_mu: 0.8891146 
R_PriorDraw_first_nu: 40.31973 
R-CCU: Before ClusterLabelChange for i = 67 newLabel= 1 currentLabel= 1 
R-CCU: sum(pointsPerCluster) = 866 
 num [1:4] 860 3 1 2
NULL
R-CCU: After ClusterLabelChange for i = 67 
R-CCU: sum(pointsPerCluster) = 867 
 num [1:4] 861 3 1 2
NULL
R-CCU: dpObj$numberClusters = 4 
List of 2
 $ : num [1, 1, 1:4] 0.312 0.552 0.698 0.838
 $ : num [1, 1, 1:4] 7.65 2.87 2.34 3.13
NULL
R priorParameters: 2 8 
R maxT: 1 
R_PriorDraw_first_mu: 0.3959839 
R_PriorDraw_first_nu: 6.051634 
R-CCU: Before ClusterLabelChange for i = 68 newLabel= 1 currentLabel= 1 
R-CCU: sum(pointsPerCluster) = 867 
 num [1:4] 861 3 1 2
NULL
R-CCU: After ClusterLabelChange for i = 68 
R-CCU: sum(pointsPerCluster) = 868 
 num [1:4] 862 3 1 2
NULL
R-CCU: dpObj$numberClusters = 4 
List of 2
 $ : num [1, 1, 1:4] 0.312 0.552 0.698 0.838
 $ : num [1, 1, 1:4] 7.65 2.87 2.34 3.13
NULL
R priorParameters: 2 8 
R maxT: 1 
R_PriorDraw_first_mu: 0.3865507 
R_PriorDraw_first_nu: 60.14193 
R-CCU: Before ClusterLabelChange for i = 69 newLabel= 1 currentLabel= 1 
R-CCU: sum(pointsPerCluster) = 868 
 num [1:4] 862 3 1 2
NULL
R-CCU: After ClusterLabelChange for i = 69 
R-CCU: sum(pointsPerCluster) = 869 
 num [1:4] 863 3 1 2
NULL
R-CCU: dpObj$numberClusters = 4 
List of 2
 $ : num [1, 1, 1:4] 0.312 0.552 0.698 0.838
 $ : num [1, 1, 1:4] 7.65 2.87 2.34 3.13
NULL
R priorParameters: 2 8 
R maxT: 1 
R_PriorDraw_first_mu: 0.7473774 
R_PriorDraw_first_nu: 2.607334 
R-CCU: Before ClusterLabelChange for i = 70 newLabel= 1 currentLabel= 1 
R-CCU: sum(pointsPerCluster) = 869 
 num [1:4] 863 3 1 2
NULL
R-CCU: After ClusterLabelChange for i = 70 
R-CCU: sum(pointsPerCluster) = 870 
 num [1:4] 864 3 1 2
NULL
R-CCU: dpObj$numberClusters = 4 
List of 2
 $ : num [1, 1, 1:4] 0.312 0.552 0.698 0.838
 $ : num [1, 1, 1:4] 7.65 2.87 2.34 3.13
NULL
R priorParameters: 2 8 
R maxT: 1 
R_PriorDraw_first_mu: 0.09703488 
R_PriorDraw_first_nu: 3.488243 
R-CCU: Before ClusterLabelChange for i = 71 newLabel= 1 currentLabel= 1 
R-CCU: sum(pointsPerCluster) = 870 
 num [1:4] 864 3 1 2
NULL
R-CCU: After ClusterLabelChange for i = 71 
R-CCU: sum(pointsPerCluster) = 871 
 num [1:4] 865 3 1 2
NULL
R-CCU: dpObj$numberClusters = 4 
List of 2
 $ : num [1, 1, 1:4] 0.312 0.552 0.698 0.838
 $ : num [1, 1, 1:4] 7.65 2.87 2.34 3.13
NULL
R priorParameters: 2 8 
R maxT: 1 
R_PriorDraw_first_mu: 0.6540835 
R_PriorDraw_first_nu: 6.921744 
R-CCU: Before ClusterLabelChange for i = 72 newLabel= 1 currentLabel= 1 
R-CCU: sum(pointsPerCluster) = 871 
 num [1:4] 865 3 1 2
NULL
R-CCU: After ClusterLabelChange for i = 72 
R-CCU: sum(pointsPerCluster) = 872 
 num [1:4] 866 3 1 2
NULL
R-CCU: dpObj$numberClusters = 4 
List of 2
 $ : num [1, 1, 1:4] 0.312 0.552 0.698 0.838
 $ : num [1, 1, 1:4] 7.65 2.87 2.34 3.13
NULL
R priorParameters: 2 8 
R maxT: 1 
R_PriorDraw_first_mu: 0.8966005 
R_PriorDraw_first_nu: 6.013098 
R-CCU: Before ClusterLabelChange for i = 73 newLabel= 1 currentLabel= 1 
R-CCU: sum(pointsPerCluster) = 872 
 num [1:4] 866 3 1 2
NULL
R-CCU: After ClusterLabelChange for i = 73 
R-CCU: sum(pointsPerCluster) = 873 
 num [1:4] 867 3 1 2
NULL
R-CCU: dpObj$numberClusters = 4 
List of 2
 $ : num [1, 1, 1:4] 0.312 0.552 0.698 0.838
 $ : num [1, 1, 1:4] 7.65 2.87 2.34 3.13
NULL
R priorParameters: 2 8 
R maxT: 1 
R_PriorDraw_first_mu: 0.7056987 
R_PriorDraw_first_nu: 9.483228 
R-CCU: Before ClusterLabelChange for i = 74 newLabel= 1 currentLabel= 2 
R-CCU: sum(pointsPerCluster) = 873 
 num [1:4] 867 3 1 2
NULL
R-CCU: After ClusterLabelChange for i = 74 
R-CCU: sum(pointsPerCluster) = 874 
 num [1:4] 868 3 1 2
NULL
R-CCU: dpObj$numberClusters = 4 
List of 2
 $ : num [1, 1, 1:4] 0.312 0.552 0.698 0.838
 $ : num [1, 1, 1:4] 7.65 2.87 2.34 3.13
NULL
R priorParameters: 2 8 
R maxT: 1 
R_PriorDraw_first_mu: 0.9256712 
R_PriorDraw_first_nu: 2.121252 
R-CCU: Before ClusterLabelChange for i = 75 newLabel= 1 currentLabel= 1 
R-CCU: sum(pointsPerCluster) = 874 
 num [1:4] 868 3 1 2
NULL
R-CCU: After ClusterLabelChange for i = 75 
R-CCU: sum(pointsPerCluster) = 875 
 num [1:4] 869 3 1 2
NULL
R-CCU: dpObj$numberClusters = 4 
List of 2
 $ : num [1, 1, 1:4] 0.312 0.552 0.698 0.838
 $ : num [1, 1, 1:4] 7.65 2.87 2.34 3.13
NULL
R priorParameters: 2 8 
R maxT: 1 
R_PriorDraw_first_mu: 0.4382189 
R_PriorDraw_first_nu: 9.124576 
R-CCU: Before ClusterLabelChange for i = 76 newLabel= 1 currentLabel= 1 
R-CCU: sum(pointsPerCluster) = 875 
 num [1:4] 869 3 1 2
NULL
R-CCU: After ClusterLabelChange for i = 76 
R-CCU: sum(pointsPerCluster) = 876 
 num [1:4] 870 3 1 2
NULL
R-CCU: dpObj$numberClusters = 4 
List of 2
 $ : num [1, 1, 1:4] 0.312 0.552 0.698 0.838
 $ : num [1, 1, 1:4] 7.65 2.87 2.34 3.13
NULL
R priorParameters: 2 8 
R maxT: 1 
R_PriorDraw_first_mu: 0.8453457 
R_PriorDraw_first_nu: 1.811813 
R-CCU: Before ClusterLabelChange for i = 77 newLabel= 1 currentLabel= 1 
R-CCU: sum(pointsPerCluster) = 876 
 num [1:4] 870 3 1 2
NULL
R-CCU: After ClusterLabelChange for i = 77 
R-CCU: sum(pointsPerCluster) = 877 
 num [1:4] 871 3 1 2
NULL
R-CCU: dpObj$numberClusters = 4 
List of 2
 $ : num [1, 1, 1:4] 0.312 0.552 0.698 0.838
 $ : num [1, 1, 1:4] 7.65 2.87 2.34 3.13
NULL
R priorParameters: 2 8 
R maxT: 1 
R_PriorDraw_first_mu: 0.2550373 
R_PriorDraw_first_nu: 17.06251 
R-CCU: Before ClusterLabelChange for i = 78 newLabel= 1 currentLabel= 1 
R-CCU: sum(pointsPerCluster) = 877 
 num [1:4] 871 3 1 2
NULL
R-CCU: After ClusterLabelChange for i = 78 
R-CCU: sum(pointsPerCluster) = 878 
 num [1:4] 872 3 1 2
NULL
R-CCU: dpObj$numberClusters = 4 
List of 2
 $ : num [1, 1, 1:4] 0.312 0.552 0.698 0.838
 $ : num [1, 1, 1:4] 7.65 2.87 2.34 3.13
NULL
R priorParameters: 2 8 
R maxT: 1 
R_PriorDraw_first_mu: 0.9070658 
R_PriorDraw_first_nu: 4.569192 
R-CCU: Before ClusterLabelChange for i = 79 newLabel= 1 currentLabel= 1 
R-CCU: sum(pointsPerCluster) = 878 
 num [1:4] 872 3 1 2
NULL
R-CCU: After ClusterLabelChange for i = 79 
R-CCU: sum(pointsPerCluster) = 879 
 num [1:4] 873 3 1 2
NULL
R-CCU: dpObj$numberClusters = 4 
List of 2
 $ : num [1, 1, 1:4] 0.312 0.552 0.698 0.838
 $ : num [1, 1, 1:4] 7.65 2.87 2.34 3.13
NULL
R priorParameters: 2 8 
R maxT: 1 
R_PriorDraw_first_mu: 0.3821308 
R_PriorDraw_first_nu: 6.148136 
R-CCU: Before ClusterLabelChange for i = 80 newLabel= 1 currentLabel= 1 
R-CCU: sum(pointsPerCluster) = 879 
 num [1:4] 873 3 1 2
NULL
R-CCU: After ClusterLabelChange for i = 80 
R-CCU: sum(pointsPerCluster) = 880 
 num [1:4] 874 3 1 2
NULL
R-CCU: dpObj$numberClusters = 4 
List of 2
 $ : num [1, 1, 1:4] 0.312 0.552 0.698 0.838
 $ : num [1, 1, 1:4] 7.65 2.87 2.34 3.13
NULL
R priorParameters: 2 8 
R maxT: 1 
R_PriorDraw_first_mu: 0.8977867 
R_PriorDraw_first_nu: 17.77127 
R-CCU: Before ClusterLabelChange for i = 81 newLabel= 1 currentLabel= 1 
R-CCU: sum(pointsPerCluster) = 880 
 num [1:4] 874 3 1 2
NULL
R-CCU: After ClusterLabelChange for i = 81 
R-CCU: sum(pointsPerCluster) = 881 
 num [1:4] 875 3 1 2
NULL
R-CCU: dpObj$numberClusters = 4 
List of 2
 $ : num [1, 1, 1:4] 0.312 0.552 0.698 0.838
 $ : num [1, 1, 1:4] 7.65 2.87 2.34 3.13
NULL
R priorParameters: 2 8 
R maxT: 1 
R_PriorDraw_first_mu: 0.3506982 
R_PriorDraw_first_nu: 7.320556 
R-CCU: Before ClusterLabelChange for i = 82 newLabel= 1 currentLabel= 1 
R-CCU: sum(pointsPerCluster) = 881 
 num [1:4] 875 3 1 2
NULL
R-CCU: After ClusterLabelChange for i = 82 
R-CCU: sum(pointsPerCluster) = 882 
 num [1:4] 876 3 1 2
NULL
R-CCU: dpObj$numberClusters = 4 
List of 2
 $ : num [1, 1, 1:4] 0.312 0.552 0.698 0.838
 $ : num [1, 1, 1:4] 7.65 2.87 2.34 3.13
NULL
R priorParameters: 2 8 
R maxT: 1 
R_PriorDraw_first_mu: 0.6063099 
R_PriorDraw_first_nu: 4.782859 
R-CCU: Before ClusterLabelChange for i = 83 newLabel= 1 currentLabel= 1 
R-CCU: sum(pointsPerCluster) = 882 
 num [1:4] 876 3 1 2
NULL
R-CCU: After ClusterLabelChange for i = 83 
R-CCU: sum(pointsPerCluster) = 883 
 num [1:4] 877 3 1 2
NULL
R-CCU: dpObj$numberClusters = 4 
List of 2
 $ : num [1, 1, 1:4] 0.312 0.552 0.698 0.838
 $ : num [1, 1, 1:4] 7.65 2.87 2.34 3.13
NULL
R priorParameters: 2 8 
R maxT: 1 
R_PriorDraw_first_mu: 0.04586561 
R_PriorDraw_first_nu: 2.48529 
R-CCU: Before ClusterLabelChange for i = 84 newLabel= 1 currentLabel= 1 
R-CCU: sum(pointsPerCluster) = 883 
 num [1:4] 877 3 1 2
NULL
R-CCU: After ClusterLabelChange for i = 84 
R-CCU: sum(pointsPerCluster) = 884 
 num [1:4] 878 3 1 2
NULL
R-CCU: dpObj$numberClusters = 4 
List of 2
 $ : num [1, 1, 1:4] 0.312 0.552 0.698 0.838
 $ : num [1, 1, 1:4] 7.65 2.87 2.34 3.13
NULL
R priorParameters: 2 8 
R maxT: 1 
R_PriorDraw_first_mu: 0.1266745 
R_PriorDraw_first_nu: 6.074549 
R-CCU: Before ClusterLabelChange for i = 85 newLabel= 1 currentLabel= 1 
R-CCU: sum(pointsPerCluster) = 884 
 num [1:4] 878 3 1 2
NULL
R-CCU: After ClusterLabelChange for i = 85 
R-CCU: sum(pointsPerCluster) = 885 
 num [1:4] 879 3 1 2
NULL
R-CCU: dpObj$numberClusters = 4 
List of 2
 $ : num [1, 1, 1:4] 0.312 0.552 0.698 0.838
 $ : num [1, 1, 1:4] 7.65 2.87 2.34 3.13
NULL
R priorParameters: 2 8 
R maxT: 1 
R_PriorDraw_first_mu: 0.4709447 
R_PriorDraw_first_nu: 11.84148 
R-CCU: Before ClusterLabelChange for i = 86 newLabel= 1 currentLabel= 1 
R-CCU: sum(pointsPerCluster) = 885 
 num [1:4] 879 3 1 2
NULL
R-CCU: After ClusterLabelChange for i = 86 
R-CCU: sum(pointsPerCluster) = 886 
 num [1:4] 880 3 1 2
NULL
R-CCU: dpObj$numberClusters = 4 
List of 2
 $ : num [1, 1, 1:4] 0.312 0.552 0.698 0.838
 $ : num [1, 1, 1:4] 7.65 2.87 2.34 3.13
NULL
R priorParameters: 2 8 
R maxT: 1 
R_PriorDraw_first_mu: 0.99042 
R_PriorDraw_first_nu: 3.568938 
R-CCU: Before ClusterLabelChange for i = 87 newLabel= 1 currentLabel= 1 
R-CCU: sum(pointsPerCluster) = 886 
 num [1:4] 880 3 1 2
NULL
R-CCU: After ClusterLabelChange for i = 87 
R-CCU: sum(pointsPerCluster) = 887 
 num [1:4] 881 3 1 2
NULL
R-CCU: dpObj$numberClusters = 4 
List of 2
 $ : num [1, 1, 1:4] 0.312 0.552 0.698 0.838
 $ : num [1, 1, 1:4] 7.65 2.87 2.34 3.13
NULL
R priorParameters: 2 8 
R maxT: 1 
R_PriorDraw_first_mu: 0.6481287 
R_PriorDraw_first_nu: 5.689396 
R-CCU: Before ClusterLabelChange for i = 88 newLabel= 1 currentLabel= 1 
R-CCU: sum(pointsPerCluster) = 887 
 num [1:4] 881 3 1 2
NULL
R-CCU: After ClusterLabelChange for i = 88 
R-CCU: sum(pointsPerCluster) = 888 
 num [1:4] 882 3 1 2
NULL
R-CCU: dpObj$numberClusters = 4 
List of 2
 $ : num [1, 1, 1:4] 0.312 0.552 0.698 0.838
 $ : num [1, 1, 1:4] 7.65 2.87 2.34 3.13
NULL
R priorParameters: 2 8 
R maxT: 1 
R_PriorDraw_first_mu: 0.8805663 
R_PriorDraw_first_nu: 21.36928 
R-CCU: Before ClusterLabelChange for i = 89 newLabel= 1 currentLabel= 1 
R-CCU: sum(pointsPerCluster) = 888 
 num [1:4] 882 3 1 2
NULL
R-CCU: After ClusterLabelChange for i = 89 
R-CCU: sum(pointsPerCluster) = 889 
 num [1:4] 883 3 1 2
NULL
R-CCU: dpObj$numberClusters = 4 
List of 2
 $ : num [1, 1, 1:4] 0.312 0.552 0.698 0.838
 $ : num [1, 1, 1:4] 7.65 2.87 2.34 3.13
NULL
R priorParameters: 2 8 
R maxT: 1 
R_PriorDraw_first_mu: 0.9822465 
R_PriorDraw_first_nu: 10.53684 
R-CCU: Before ClusterLabelChange for i = 90 newLabel= 1 currentLabel= 1 
R-CCU: sum(pointsPerCluster) = 889 
 num [1:4] 883 3 1 2
NULL
R-CCU: After ClusterLabelChange for i = 90 
R-CCU: sum(pointsPerCluster) = 890 
 num [1:4] 884 3 1 2
NULL
R-CCU: dpObj$numberClusters = 4 
List of 2
 $ : num [1, 1, 1:4] 0.312 0.552 0.698 0.838
 $ : num [1, 1, 1:4] 7.65 2.87 2.34 3.13
NULL
R priorParameters: 2 8 
R maxT: 1 
R_PriorDraw_first_mu: 0.4604464 
R_PriorDraw_first_nu: 1.235008 
R-CCU: Before ClusterLabelChange for i = 91 newLabel= 1 currentLabel= 1 
R-CCU: sum(pointsPerCluster) = 890 
 num [1:4] 884 3 1 2
NULL
R-CCU: After ClusterLabelChange for i = 91 
R-CCU: sum(pointsPerCluster) = 891 
 num [1:4] 885 3 1 2
NULL
R-CCU: dpObj$numberClusters = 4 
List of 2
 $ : num [1, 1, 1:4] 0.312 0.552 0.698 0.838
 $ : num [1, 1, 1:4] 7.65 2.87 2.34 3.13
NULL
R priorParameters: 2 8 
R maxT: 1 
R_PriorDraw_first_mu: 0.6305297 
R_PriorDraw_first_nu: 1.717697 
R-CCU: Before ClusterLabelChange for i = 92 newLabel= 1 currentLabel= 1 
R-CCU: sum(pointsPerCluster) = 891 
 num [1:4] 885 3 1 2
NULL
R-CCU: After ClusterLabelChange for i = 92 
R-CCU: sum(pointsPerCluster) = 892 
 num [1:4] 886 3 1 2
NULL
R-CCU: dpObj$numberClusters = 4 
List of 2
 $ : num [1, 1, 1:4] 0.312 0.552 0.698 0.838
 $ : num [1, 1, 1:4] 7.65 2.87 2.34 3.13
NULL
R priorParameters: 2 8 
R maxT: 1 
R_PriorDraw_first_mu: 0.5346544 
R_PriorDraw_first_nu: 1.725586 
R-CCU: Before ClusterLabelChange for i = 93 newLabel= 1 currentLabel= 1 
R-CCU: sum(pointsPerCluster) = 892 
 num [1:4] 886 3 1 2
NULL
R-CCU: After ClusterLabelChange for i = 93 
R-CCU: sum(pointsPerCluster) = 893 
 num [1:4] 887 3 1 2
NULL
R-CCU: dpObj$numberClusters = 4 
List of 2
 $ : num [1, 1, 1:4] 0.312 0.552 0.698 0.838
 $ : num [1, 1, 1:4] 7.65 2.87 2.34 3.13
NULL
R priorParameters: 2 8 
R maxT: 1 
R_PriorDraw_first_mu: 0.2217941 
R_PriorDraw_first_nu: 18.97919 
R-CCU: Before ClusterLabelChange for i = 94 newLabel= 1 currentLabel= 1 
R-CCU: sum(pointsPerCluster) = 893 
 num [1:4] 887 3 1 2
NULL
R-CCU: After ClusterLabelChange for i = 94 
R-CCU: sum(pointsPerCluster) = 894 
 num [1:4] 888 3 1 2
NULL
R-CCU: dpObj$numberClusters = 4 
List of 2
 $ : num [1, 1, 1:4] 0.312 0.552 0.698 0.838
 $ : num [1, 1, 1:4] 7.65 2.87 2.34 3.13
NULL
R priorParameters: 2 8 
R maxT: 1 
R_PriorDraw_first_mu: 0.2373105 
R_PriorDraw_first_nu: 5.59308 
R-CCU: Before ClusterLabelChange for i = 95 newLabel= 1 currentLabel= 1 
R-CCU: sum(pointsPerCluster) = 894 
 num [1:4] 888 3 1 2
NULL
R-CCU: After ClusterLabelChange for i = 95 
R-CCU: sum(pointsPerCluster) = 895 
 num [1:4] 889 3 1 2
NULL
R-CCU: dpObj$numberClusters = 4 
List of 2
 $ : num [1, 1, 1:4] 0.312 0.552 0.698 0.838
 $ : num [1, 1, 1:4] 7.65 2.87 2.34 3.13
NULL
R priorParameters: 2 8 
R maxT: 1 
R_PriorDraw_first_mu: 0.405915 
R_PriorDraw_first_nu: 9.738698 
R-CCU: Before ClusterLabelChange for i = 96 newLabel= 1 currentLabel= 1 
R-CCU: sum(pointsPerCluster) = 895 
 num [1:4] 889 3 1 2
NULL
R-CCU: After ClusterLabelChange for i = 96 
R-CCU: sum(pointsPerCluster) = 896 
 num [1:4] 890 3 1 2
NULL
R-CCU: dpObj$numberClusters = 4 
List of 2
 $ : num [1, 1, 1:4] 0.312 0.552 0.698 0.838
 $ : num [1, 1, 1:4] 7.65 2.87 2.34 3.13
NULL
R priorParameters: 2 8 
R maxT: 1 
R_PriorDraw_first_mu: 0.6126821 
R_PriorDraw_first_nu: 1.932251 
R-CCU: Before ClusterLabelChange for i = 97 newLabel= 1 currentLabel= 1 
R-CCU: sum(pointsPerCluster) = 896 
 num [1:4] 890 3 1 2
NULL
R-CCU: After ClusterLabelChange for i = 97 
R-CCU: sum(pointsPerCluster) = 897 
 num [1:4] 891 3 1 2
NULL
R-CCU: dpObj$numberClusters = 4 
List of 2
 $ : num [1, 1, 1:4] 0.312 0.552 0.698 0.838
 $ : num [1, 1, 1:4] 7.65 2.87 2.34 3.13
NULL
R priorParameters: 2 8 
R maxT: 1 
R_PriorDraw_first_mu: 0.88746 
R_PriorDraw_first_nu: 4.439294 
R-CCU: Before ClusterLabelChange for i = 98 newLabel= 1 currentLabel= 1 
R-CCU: sum(pointsPerCluster) = 897 
 num [1:4] 891 3 1 2
NULL
R-CCU: After ClusterLabelChange for i = 98 
R-CCU: sum(pointsPerCluster) = 898 
 num [1:4] 892 3 1 2
NULL
R-CCU: dpObj$numberClusters = 4 
List of 2
 $ : num [1, 1, 1:4] 0.312 0.552 0.698 0.838
 $ : num [1, 1, 1:4] 7.65 2.87 2.34 3.13
NULL
R priorParameters: 2 8 
R maxT: 1 
R_PriorDraw_first_mu: 0.3245351 
R_PriorDraw_first_nu: 5.401387 
R-CCU: Before ClusterLabelChange for i = 99 newLabel= 1 currentLabel= 1 
R-CCU: sum(pointsPerCluster) = 898 
 num [1:4] 892 3 1 2
NULL
R-CCU: After ClusterLabelChange for i = 99 
R-CCU: sum(pointsPerCluster) = 899 
 num [1:4] 893 3 1 2
NULL
R-CCU: dpObj$numberClusters = 4 
List of 2
 $ : num [1, 1, 1:4] 0.312 0.552 0.698 0.838
 $ : num [1, 1, 1:4] 7.65 2.87 2.34 3.13
NULL
R priorParameters: 2 8 
R maxT: 1 
R_PriorDraw_first_mu: 0.5922654 
R_PriorDraw_first_nu: 49.48307 
R-CCU: Before ClusterLabelChange for i = 100 newLabel= 1 currentLabel= 1 
R-CCU: sum(pointsPerCluster) = 899 
 num [1:4] 893 3 1 2
NULL
R-CCU: After ClusterLabelChange for i = 100 
R-CCU: sum(pointsPerCluster) = 900 
 num [1:4] 894 3 1 2
NULL
R-CCU: dpObj$numberClusters = 4 
List of 2
 $ : num [1, 1, 1:4] 0.312 0.552 0.698 0.838
 $ : num [1, 1, 1:4] 7.65 2.87 2.34 3.13
NULL
R priorParameters: 2 8 
R maxT: 1 
R_PriorDraw_first_mu: 0.7834192 
R_PriorDraw_first_nu: 2.593913 
R-CCU: Before ClusterLabelChange for i = 1 newLabel= 1 currentLabel= 1 
R-CCU: sum(pointsPerCluster) = 900 
 num [1:4] 894 3 1 2
NULL
R-CCU: After ClusterLabelChange for i = 1 
R-CCU: sum(pointsPerCluster) = 901 
 num [1:4] 895 3 1 2
NULL
R-CCU: dpObj$numberClusters = 4 
List of 2
 $ : num [1, 1, 1:4] 0.343 0.552 0.698 0.838
 $ : num [1, 1, 1:4] 7.73 2.87 2.34 3.13
NULL
R priorParameters: 2 8 
R maxT: 1 
R_PriorDraw_first_mu: 0.649859 
R_PriorDraw_first_nu: 1.254399 
R-CCU: Before ClusterLabelChange for i = 2 newLabel= 1 currentLabel= 1 
R-CCU: sum(pointsPerCluster) = 901 
 num [1:4] 895 3 1 2
NULL
R-CCU: After ClusterLabelChange for i = 2 
R-CCU: sum(pointsPerCluster) = 902 
 num [1:4] 896 3 1 2
NULL
R-CCU: dpObj$numberClusters = 4 
List of 2
 $ : num [1, 1, 1:4] 0.343 0.552 0.698 0.838
 $ : num [1, 1, 1:4] 7.73 2.87 2.34 3.13
NULL
R priorParameters: 2 8 
R maxT: 1 
R_PriorDraw_first_mu: 0.7079984 
R_PriorDraw_first_nu: 2.41672 
R-CCU: Before ClusterLabelChange for i = 3 newLabel= 1 currentLabel= 1 
R-CCU: sum(pointsPerCluster) = 902 
 num [1:4] 896 3 1 2
NULL
R-CCU: After ClusterLabelChange for i = 3 
R-CCU: sum(pointsPerCluster) = 903 
 num [1:4] 897 3 1 2
NULL
R-CCU: dpObj$numberClusters = 4 
List of 2
 $ : num [1, 1, 1:4] 0.343 0.552 0.698 0.838
 $ : num [1, 1, 1:4] 7.73 2.87 2.34 3.13
NULL
R priorParameters: 2 8 
R maxT: 1 
R_PriorDraw_first_mu: 0.3955465 
R_PriorDraw_first_nu: 2.284371 
R-CCU: Before ClusterLabelChange for i = 4 newLabel= 1 currentLabel= 1 
R-CCU: sum(pointsPerCluster) = 903 
 num [1:4] 897 3 1 2
NULL
R-CCU: After ClusterLabelChange for i = 4 
R-CCU: sum(pointsPerCluster) = 904 
 num [1:4] 898 3 1 2
NULL
R-CCU: dpObj$numberClusters = 4 
List of 2
 $ : num [1, 1, 1:4] 0.343 0.552 0.698 0.838
 $ : num [1, 1, 1:4] 7.73 2.87 2.34 3.13
NULL
R priorParameters: 2 8 
R maxT: 1 
R_PriorDraw_first_mu: 0.4797843 
R_PriorDraw_first_nu: 4.16137 
R-CCU: Before ClusterLabelChange for i = 5 newLabel= 1 currentLabel= 1 
R-CCU: sum(pointsPerCluster) = 904 
 num [1:4] 898 3 1 2
NULL
R-CCU: After ClusterLabelChange for i = 5 
R-CCU: sum(pointsPerCluster) = 905 
 num [1:4] 899 3 1 2
NULL
R-CCU: dpObj$numberClusters = 4 
List of 2
 $ : num [1, 1, 1:4] 0.343 0.552 0.698 0.838
 $ : num [1, 1, 1:4] 7.73 2.87 2.34 3.13
NULL
R priorParameters: 2 8 
R maxT: 1 
R_PriorDraw_first_mu: 0.8331604 
R_PriorDraw_first_nu: 2.73479 
R-CCU: Before ClusterLabelChange for i = 6 newLabel= 1 currentLabel= 1 
R-CCU: sum(pointsPerCluster) = 905 
 num [1:4] 899 3 1 2
NULL
R-CCU: After ClusterLabelChange for i = 6 
R-CCU: sum(pointsPerCluster) = 906 
 num [1:4] 900 3 1 2
NULL
R-CCU: dpObj$numberClusters = 4 
List of 2
 $ : num [1, 1, 1:4] 0.343 0.552 0.698 0.838
 $ : num [1, 1, 1:4] 7.73 2.87 2.34 3.13
NULL
R priorParameters: 2 8 
R maxT: 1 
R_PriorDraw_first_mu: 0.3362308 
R_PriorDraw_first_nu: 6.692662 
R-CCU: Before ClusterLabelChange for i = 7 newLabel= 1 currentLabel= 1 
R-CCU: sum(pointsPerCluster) = 906 
 num [1:4] 900 3 1 2
NULL
R-CCU: After ClusterLabelChange for i = 7 
R-CCU: sum(pointsPerCluster) = 907 
 num [1:4] 901 3 1 2
NULL
R-CCU: dpObj$numberClusters = 4 
List of 2
 $ : num [1, 1, 1:4] 0.343 0.552 0.698 0.838
 $ : num [1, 1, 1:4] 7.73 2.87 2.34 3.13
NULL
R priorParameters: 2 8 
R maxT: 1 
R_PriorDraw_first_mu: 0.3088726 
R_PriorDraw_first_nu: 6.76468 
R-CCU: Before ClusterLabelChange for i = 8 newLabel= 1 currentLabel= 1 
R-CCU: sum(pointsPerCluster) = 907 
 num [1:4] 901 3 1 2
NULL
R-CCU: After ClusterLabelChange for i = 8 
R-CCU: sum(pointsPerCluster) = 908 
 num [1:4] 902 3 1 2
NULL
R-CCU: dpObj$numberClusters = 4 
List of 2
 $ : num [1, 1, 1:4] 0.343 0.552 0.698 0.838
 $ : num [1, 1, 1:4] 7.73 2.87 2.34 3.13
NULL
R priorParameters: 2 8 
R maxT: 1 
R_PriorDraw_first_mu: 0.9839131 
R_PriorDraw_first_nu: 2.350373 
R-CCU: Before ClusterLabelChange for i = 9 newLabel= 1 currentLabel= 1 
R-CCU: sum(pointsPerCluster) = 908 
 num [1:4] 902 3 1 2
NULL
R-CCU: After ClusterLabelChange for i = 9 
R-CCU: sum(pointsPerCluster) = 909 
 num [1:4] 903 3 1 2
NULL
R-CCU: dpObj$numberClusters = 4 
List of 2
 $ : num [1, 1, 1:4] 0.343 0.552 0.698 0.838
 $ : num [1, 1, 1:4] 7.73 2.87 2.34 3.13
NULL
R priorParameters: 2 8 
R maxT: 1 
R_PriorDraw_first_mu: 0.2620731 
R_PriorDraw_first_nu: 9.422123 
R-CCU: Before ClusterLabelChange for i = 10 newLabel= 1 currentLabel= 1 
R-CCU: sum(pointsPerCluster) = 909 
 num [1:4] 903 3 1 2
NULL
R-CCU: After ClusterLabelChange for i = 10 
R-CCU: sum(pointsPerCluster) = 910 
 num [1:4] 904 3 1 2
NULL
R-CCU: dpObj$numberClusters = 4 
List of 2
 $ : num [1, 1, 1:4] 0.343 0.552 0.698 0.838
 $ : num [1, 1, 1:4] 7.73 2.87 2.34 3.13
NULL
R priorParameters: 2 8 
R maxT: 1 
R_PriorDraw_first_mu: 0.04234847 
R_PriorDraw_first_nu: 17.49841 
R-CCU: Before ClusterLabelChange for i = 11 newLabel= 1 currentLabel= 1 
R-CCU: sum(pointsPerCluster) = 910 
 num [1:4] 904 3 1 2
NULL
R-CCU: After ClusterLabelChange for i = 11 
R-CCU: sum(pointsPerCluster) = 911 
 num [1:4] 905 3 1 2
NULL
R-CCU: dpObj$numberClusters = 4 
List of 2
 $ : num [1, 1, 1:4] 0.343 0.552 0.698 0.838
 $ : num [1, 1, 1:4] 7.73 2.87 2.34 3.13
NULL
R priorParameters: 2 8 
R maxT: 1 
R_PriorDraw_first_mu: 0.6922228 
R_PriorDraw_first_nu: 10.55983 
R-CCU: Before ClusterLabelChange for i = 12 newLabel= 1 currentLabel= 1 
R-CCU: sum(pointsPerCluster) = 911 
 num [1:4] 905 3 1 2
NULL
R-CCU: After ClusterLabelChange for i = 12 
R-CCU: sum(pointsPerCluster) = 912 
 num [1:4] 906 3 1 2
NULL
R-CCU: dpObj$numberClusters = 4 
List of 2
 $ : num [1, 1, 1:4] 0.343 0.552 0.698 0.838
 $ : num [1, 1, 1:4] 7.73 2.87 2.34 3.13
NULL
R priorParameters: 2 8 
R maxT: 1 
R_PriorDraw_first_mu: 0.440087 
R_PriorDraw_first_nu: 27.61728 
R-CCU: Before ClusterLabelChange for i = 13 newLabel= 1 currentLabel= 1 
R-CCU: sum(pointsPerCluster) = 912 
 num [1:4] 906 3 1 2
NULL
R-CCU: After ClusterLabelChange for i = 13 
R-CCU: sum(pointsPerCluster) = 913 
 num [1:4] 907 3 1 2
NULL
R-CCU: dpObj$numberClusters = 4 
List of 2
 $ : num [1, 1, 1:4] 0.343 0.552 0.698 0.838
 $ : num [1, 1, 1:4] 7.73 2.87 2.34 3.13
NULL
R priorParameters: 2 8 
R maxT: 1 
R_PriorDraw_first_mu: 0.7751179 
R_PriorDraw_first_nu: 9.719014 
R-CCU: Before ClusterLabelChange for i = 14 newLabel= 1 currentLabel= 1 
R-CCU: sum(pointsPerCluster) = 913 
 num [1:4] 907 3 1 2
NULL
R-CCU: After ClusterLabelChange for i = 14 
R-CCU: sum(pointsPerCluster) = 914 
 num [1:4] 908 3 1 2
NULL
R-CCU: dpObj$numberClusters = 4 
List of 2
 $ : num [1, 1, 1:4] 0.343 0.552 0.698 0.838
 $ : num [1, 1, 1:4] 7.73 2.87 2.34 3.13
NULL
R priorParameters: 2 8 
R maxT: 1 
R_PriorDraw_first_mu: 0.40599 
R_PriorDraw_first_nu: 24.18574 
R-CCU: Before ClusterLabelChange for i = 15 newLabel= 1 currentLabel= 1 
R-CCU: sum(pointsPerCluster) = 914 
 num [1:4] 908 3 1 2
NULL
R-CCU: After ClusterLabelChange for i = 15 
R-CCU: sum(pointsPerCluster) = 915 
 num [1:4] 909 3 1 2
NULL
R-CCU: dpObj$numberClusters = 4 
List of 2
 $ : num [1, 1, 1:4] 0.343 0.552 0.698 0.838
 $ : num [1, 1, 1:4] 7.73 2.87 2.34 3.13
NULL
R priorParameters: 2 8 
R maxT: 1 
R_PriorDraw_first_mu: 0.4038049 
R_PriorDraw_first_nu: 7.62661 
R-CCU: Before ClusterLabelChange for i = 16 newLabel= 1 currentLabel= 1 
R-CCU: sum(pointsPerCluster) = 915 
 num [1:4] 909 3 1 2
NULL
R-CCU: After ClusterLabelChange for i = 16 
R-CCU: sum(pointsPerCluster) = 916 
 num [1:4] 910 3 1 2
NULL
R-CCU: dpObj$numberClusters = 4 
List of 2
 $ : num [1, 1, 1:4] 0.343 0.552 0.698 0.838
 $ : num [1, 1, 1:4] 7.73 2.87 2.34 3.13
NULL
R priorParameters: 2 8 
R maxT: 1 
R_PriorDraw_first_mu: 0.675304 
R_PriorDraw_first_nu: 4.244524 
R-CCU: Before ClusterLabelChange for i = 17 newLabel= 1 currentLabel= 1 
R-CCU: sum(pointsPerCluster) = 916 
 num [1:4] 910 3 1 2
NULL
R-CCU: After ClusterLabelChange for i = 17 
R-CCU: sum(pointsPerCluster) = 917 
 num [1:4] 911 3 1 2
NULL
R-CCU: dpObj$numberClusters = 4 
List of 2
 $ : num [1, 1, 1:4] 0.343 0.552 0.698 0.838
 $ : num [1, 1, 1:4] 7.73 2.87 2.34 3.13
NULL
R priorParameters: 2 8 
R maxT: 1 
R_PriorDraw_first_mu: 0.4241475 
R_PriorDraw_first_nu: 9.664429 
R-CCU: Before ClusterLabelChange for i = 18 newLabel= 1 currentLabel= 1 
R-CCU: sum(pointsPerCluster) = 917 
 num [1:4] 911 3 1 2
NULL
R-CCU: After ClusterLabelChange for i = 18 
R-CCU: sum(pointsPerCluster) = 918 
 num [1:4] 912 3 1 2
NULL
R-CCU: dpObj$numberClusters = 4 
List of 2
 $ : num [1, 1, 1:4] 0.343 0.552 0.698 0.838
 $ : num [1, 1, 1:4] 7.73 2.87 2.34 3.13
NULL
R priorParameters: 2 8 
R maxT: 1 
R_PriorDraw_first_mu: 0.5392001 
R_PriorDraw_first_nu: 1.665856 
R-CCU: Before ClusterLabelChange for i = 19 newLabel= 1 currentLabel= 1 
R-CCU: sum(pointsPerCluster) = 918 
 num [1:4] 912 3 1 2
NULL
R-CCU: After ClusterLabelChange for i = 19 
R-CCU: sum(pointsPerCluster) = 919 
 num [1:4] 913 3 1 2
NULL
R-CCU: dpObj$numberClusters = 4 
List of 2
 $ : num [1, 1, 1:4] 0.343 0.552 0.698 0.838
 $ : num [1, 1, 1:4] 7.73 2.87 2.34 3.13
NULL
R priorParameters: 2 8 
R maxT: 1 
R_PriorDraw_first_mu: 0.9894354 
R_PriorDraw_first_nu: 3.860018 
R-CCU: Before ClusterLabelChange for i = 20 newLabel= 1 currentLabel= 1 
R-CCU: sum(pointsPerCluster) = 919 
 num [1:4] 913 3 1 2
NULL
R-CCU: After ClusterLabelChange for i = 20 
R-CCU: sum(pointsPerCluster) = 920 
 num [1:4] 914 3 1 2
NULL
R-CCU: dpObj$numberClusters = 4 
List of 2
 $ : num [1, 1, 1:4] 0.343 0.552 0.698 0.838
 $ : num [1, 1, 1:4] 7.73 2.87 2.34 3.13
NULL
R priorParameters: 2 8 
R maxT: 1 
R_PriorDraw_first_mu: 0.05661513 
R_PriorDraw_first_nu: 51.86038 
R-CCU: Before ClusterLabelChange for i = 21 newLabel= 1 currentLabel= 1 
R-CCU: sum(pointsPerCluster) = 920 
 num [1:4] 914 3 1 2
NULL
R-CCU: After ClusterLabelChange for i = 21 
R-CCU: sum(pointsPerCluster) = 921 
 num [1:4] 915 3 1 2
NULL
R-CCU: dpObj$numberClusters = 4 
List of 2
 $ : num [1, 1, 1:4] 0.343 0.552 0.698 0.838
 $ : num [1, 1, 1:4] 7.73 2.87 2.34 3.13
NULL
R priorParameters: 2 8 
R maxT: 1 
R_PriorDraw_first_mu: 0.743857 
R_PriorDraw_first_nu: 3.756599 
R-CCU: Before ClusterLabelChange for i = 22 newLabel= 1 currentLabel= 1 
R-CCU: sum(pointsPerCluster) = 921 
 num [1:4] 915 3 1 2
NULL
R-CCU: After ClusterLabelChange for i = 22 
R-CCU: sum(pointsPerCluster) = 922 
 num [1:4] 916 3 1 2
NULL
R-CCU: dpObj$numberClusters = 4 
List of 2
 $ : num [1, 1, 1:4] 0.343 0.552 0.698 0.838
 $ : num [1, 1, 1:4] 7.73 2.87 2.34 3.13
NULL
R priorParameters: 2 8 
R maxT: 1 
R_PriorDraw_first_mu: 0.9327038 
R_PriorDraw_first_nu: 7.89839 
R-CCU: Before ClusterLabelChange for i = 23 newLabel= 1 currentLabel= 1 
R-CCU: sum(pointsPerCluster) = 922 
 num [1:4] 916 3 1 2
NULL
R-CCU: After ClusterLabelChange for i = 23 
R-CCU: sum(pointsPerCluster) = 923 
 num [1:4] 917 3 1 2
NULL
R-CCU: dpObj$numberClusters = 4 
List of 2
 $ : num [1, 1, 1:4] 0.343 0.552 0.698 0.838
 $ : num [1, 1, 1:4] 7.73 2.87 2.34 3.13
NULL
R priorParameters: 2 8 
R maxT: 1 
R_PriorDraw_first_mu: 0.578451 
R_PriorDraw_first_nu: 6.237999 
R-CCU: Before ClusterLabelChange for i = 24 newLabel= 1 currentLabel= 1 
R-CCU: sum(pointsPerCluster) = 923 
 num [1:4] 917 3 1 2
NULL
R-CCU: After ClusterLabelChange for i = 24 
R-CCU: sum(pointsPerCluster) = 924 
 num [1:4] 918 3 1 2
NULL
R-CCU: dpObj$numberClusters = 4 
List of 2
 $ : num [1, 1, 1:4] 0.343 0.552 0.698 0.838
 $ : num [1, 1, 1:4] 7.73 2.87 2.34 3.13
NULL
R priorParameters: 2 8 
R maxT: 1 
R_PriorDraw_first_mu: 0.0005974551 
R_PriorDraw_first_nu: 5.918192 
R-CCU: Before ClusterLabelChange for i = 25 newLabel= 1 currentLabel= 1 
R-CCU: sum(pointsPerCluster) = 924 
 num [1:4] 918 3 1 2
NULL
R-CCU: After ClusterLabelChange for i = 25 
R-CCU: sum(pointsPerCluster) = 925 
 num [1:4] 919 3 1 2
NULL
R-CCU: dpObj$numberClusters = 4 
List of 2
 $ : num [1, 1, 1:4] 0.343 0.552 0.698 0.838
 $ : num [1, 1, 1:4] 7.73 2.87 2.34 3.13
NULL
R priorParameters: 2 8 
R maxT: 1 
R_PriorDraw_first_mu: 0.604539 
R_PriorDraw_first_nu: 4.328542 
R-CCU: Before ClusterLabelChange for i = 26 newLabel= 1 currentLabel= 1 
R-CCU: sum(pointsPerCluster) = 925 
 num [1:4] 919 3 1 2
NULL
R-CCU: After ClusterLabelChange for i = 26 
R-CCU: sum(pointsPerCluster) = 926 
 num [1:4] 920 3 1 2
NULL
R-CCU: dpObj$numberClusters = 4 
List of 2
 $ : num [1, 1, 1:4] 0.343 0.552 0.698 0.838
 $ : num [1, 1, 1:4] 7.73 2.87 2.34 3.13
NULL
R priorParameters: 2 8 
R maxT: 1 
R_PriorDraw_first_mu: 0.363873 
R_PriorDraw_first_nu: 16.9581 
R-CCU: Before ClusterLabelChange for i = 27 newLabel= 1 currentLabel= 1 
R-CCU: sum(pointsPerCluster) = 926 
 num [1:4] 920 3 1 2
NULL
R-CCU: After ClusterLabelChange for i = 27 
R-CCU: sum(pointsPerCluster) = 927 
 num [1:4] 921 3 1 2
NULL
R-CCU: dpObj$numberClusters = 4 
List of 2
 $ : num [1, 1, 1:4] 0.343 0.552 0.698 0.838
 $ : num [1, 1, 1:4] 7.73 2.87 2.34 3.13
NULL
R priorParameters: 2 8 
R maxT: 1 
R_PriorDraw_first_mu: 0.553886 
R_PriorDraw_first_nu: 4.652212 
R-CCU: Before ClusterLabelChange for i = 28 newLabel= 1 currentLabel= 1 
R-CCU: sum(pointsPerCluster) = 927 
 num [1:4] 921 3 1 2
NULL
R-CCU: After ClusterLabelChange for i = 28 
R-CCU: sum(pointsPerCluster) = 928 
 num [1:4] 922 3 1 2
NULL
R-CCU: dpObj$numberClusters = 4 
List of 2
 $ : num [1, 1, 1:4] 0.343 0.552 0.698 0.838
 $ : num [1, 1, 1:4] 7.73 2.87 2.34 3.13
NULL
R priorParameters: 2 8 
R maxT: 1 
R_PriorDraw_first_mu: 0.4979919 
R_PriorDraw_first_nu: 2.202114 
R-CCU: Before ClusterLabelChange for i = 29 newLabel= 1 currentLabel= 1 
R-CCU: sum(pointsPerCluster) = 928 
 num [1:4] 922 3 1 2
NULL
R-CCU: After ClusterLabelChange for i = 29 
R-CCU: sum(pointsPerCluster) = 929 
 num [1:4] 923 3 1 2
NULL
R-CCU: dpObj$numberClusters = 4 
List of 2
 $ : num [1, 1, 1:4] 0.343 0.552 0.698 0.838
 $ : num [1, 1, 1:4] 7.73 2.87 2.34 3.13
NULL
R priorParameters: 2 8 
R maxT: 1 
R_PriorDraw_first_mu: 0.04622209 
R_PriorDraw_first_nu: 6.842787 
R-CCU: Before ClusterLabelChange for i = 30 newLabel= 1 currentLabel= 1 
R-CCU: sum(pointsPerCluster) = 929 
 num [1:4] 923 3 1 2
NULL
R-CCU: After ClusterLabelChange for i = 30 
R-CCU: sum(pointsPerCluster) = 930 
 num [1:4] 924 3 1 2
NULL
R-CCU: dpObj$numberClusters = 4 
List of 2
 $ : num [1, 1, 1:4] 0.343 0.552 0.698 0.838
 $ : num [1, 1, 1:4] 7.73 2.87 2.34 3.13
NULL
R priorParameters: 2 8 
R maxT: 1 
R_PriorDraw_first_mu: 0.3539455 
R_PriorDraw_first_nu: 24.58022 
R-CCU: Before ClusterLabelChange for i = 31 newLabel= 1 currentLabel= 1 
R-CCU: sum(pointsPerCluster) = 930 
 num [1:4] 924 3 1 2
NULL
R-CCU: After ClusterLabelChange for i = 31 
R-CCU: sum(pointsPerCluster) = 931 
 num [1:4] 925 3 1 2
NULL
R-CCU: dpObj$numberClusters = 4 
List of 2
 $ : num [1, 1, 1:4] 0.343 0.552 0.698 0.838
 $ : num [1, 1, 1:4] 7.73 2.87 2.34 3.13
NULL
R priorParameters: 2 8 
R maxT: 1 
R_PriorDraw_first_mu: 0.4308862 
R_PriorDraw_first_nu: 4.671293 
R-CCU: Before ClusterLabelChange for i = 32 newLabel= 1 currentLabel= 1 
R-CCU: sum(pointsPerCluster) = 931 
 num [1:4] 925 3 1 2
NULL
R-CCU: After ClusterLabelChange for i = 32 
R-CCU: sum(pointsPerCluster) = 932 
 num [1:4] 926 3 1 2
NULL
R-CCU: dpObj$numberClusters = 4 
List of 2
 $ : num [1, 1, 1:4] 0.343 0.552 0.698 0.838
 $ : num [1, 1, 1:4] 7.73 2.87 2.34 3.13
NULL
R priorParameters: 2 8 
R maxT: 1 
R_PriorDraw_first_mu: 0.2369555 
R_PriorDraw_first_nu: 2.467272 
R-CCU: Before ClusterLabelChange for i = 33 newLabel= 1 currentLabel= 1 
R-CCU: sum(pointsPerCluster) = 932 
 num [1:4] 926 3 1 2
NULL
R-CCU: After ClusterLabelChange for i = 33 
R-CCU: sum(pointsPerCluster) = 933 
 num [1:4] 927 3 1 2
NULL
R-CCU: dpObj$numberClusters = 4 
List of 2
 $ : num [1, 1, 1:4] 0.343 0.552 0.698 0.838
 $ : num [1, 1, 1:4] 7.73 2.87 2.34 3.13
NULL
R priorParameters: 2 8 
R maxT: 1 
R_PriorDraw_first_mu: 0.5973667 
R_PriorDraw_first_nu: 2.05053 
R-CCU: Before ClusterLabelChange for i = 34 newLabel= 1 currentLabel= 1 
R-CCU: sum(pointsPerCluster) = 933 
 num [1:4] 927 3 1 2
NULL
R-CCU: After ClusterLabelChange for i = 34 
R-CCU: sum(pointsPerCluster) = 934 
 num [1:4] 928 3 1 2
NULL
R-CCU: dpObj$numberClusters = 4 
List of 2
 $ : num [1, 1, 1:4] 0.343 0.552 0.698 0.838
 $ : num [1, 1, 1:4] 7.73 2.87 2.34 3.13
NULL
R priorParameters: 2 8 
R maxT: 1 
R_PriorDraw_first_mu: 0.8795388 
R_PriorDraw_first_nu: 4.320195 
R-CCU: Before ClusterLabelChange for i = 35 newLabel= 1 currentLabel= 1 
R-CCU: sum(pointsPerCluster) = 934 
 num [1:4] 928 3 1 2
NULL
R-CCU: After ClusterLabelChange for i = 35 
R-CCU: sum(pointsPerCluster) = 935 
 num [1:4] 929 3 1 2
NULL
R-CCU: dpObj$numberClusters = 4 
List of 2
 $ : num [1, 1, 1:4] 0.343 0.552 0.698 0.838
 $ : num [1, 1, 1:4] 7.73 2.87 2.34 3.13
NULL
R priorParameters: 2 8 
R maxT: 1 
R_PriorDraw_first_mu: 0.8410471 
R_PriorDraw_first_nu: 4.064597 
R-CCU: Before ClusterLabelChange for i = 36 newLabel= 1 currentLabel= 1 
R-CCU: sum(pointsPerCluster) = 935 
 num [1:4] 929 3 1 2
NULL
R-CCU: After ClusterLabelChange for i = 36 
R-CCU: sum(pointsPerCluster) = 936 
 num [1:4] 930 3 1 2
NULL
R-CCU: dpObj$numberClusters = 4 
List of 2
 $ : num [1, 1, 1:4] 0.343 0.552 0.698 0.838
 $ : num [1, 1, 1:4] 7.73 2.87 2.34 3.13
NULL
R priorParameters: 2 8 
R maxT: 1 
R_PriorDraw_first_mu: 0.9434269 
R_PriorDraw_first_nu: 2.997103 
R-CCU: Before ClusterLabelChange for i = 37 newLabel= 1 currentLabel= 1 
R-CCU: sum(pointsPerCluster) = 936 
 num [1:4] 930 3 1 2
NULL
R-CCU: After ClusterLabelChange for i = 37 
R-CCU: sum(pointsPerCluster) = 937 
 num [1:4] 931 3 1 2
NULL
R-CCU: dpObj$numberClusters = 4 
List of 2
 $ : num [1, 1, 1:4] 0.343 0.552 0.698 0.838
 $ : num [1, 1, 1:4] 7.73 2.87 2.34 3.13
NULL
R priorParameters: 2 8 
R maxT: 1 
R_PriorDraw_first_mu: 0.09081817 
R_PriorDraw_first_nu: 7.434679 
R-CCU: Before ClusterLabelChange for i = 38 newLabel= 1 currentLabel= 1 
R-CCU: sum(pointsPerCluster) = 937 
 num [1:4] 931 3 1 2
NULL
R-CCU: After ClusterLabelChange for i = 38 
R-CCU: sum(pointsPerCluster) = 938 
 num [1:4] 932 3 1 2
NULL
R-CCU: dpObj$numberClusters = 4 
List of 2
 $ : num [1, 1, 1:4] 0.343 0.552 0.698 0.838
 $ : num [1, 1, 1:4] 7.73 2.87 2.34 3.13
NULL
R priorParameters: 2 8 
R maxT: 1 
R_PriorDraw_first_mu: 0.2371047 
R_PriorDraw_first_nu: 9.346806 
R-CCU: Before ClusterLabelChange for i = 39 newLabel= 1 currentLabel= 1 
R-CCU: sum(pointsPerCluster) = 938 
 num [1:4] 932 3 1 2
NULL
R-CCU: After ClusterLabelChange for i = 39 
R-CCU: sum(pointsPerCluster) = 939 
 num [1:4] 933 3 1 2
NULL
R-CCU: dpObj$numberClusters = 4 
List of 2
 $ : num [1, 1, 1:4] 0.343 0.552 0.698 0.838
 $ : num [1, 1, 1:4] 7.73 2.87 2.34 3.13
NULL
R priorParameters: 2 8 
R maxT: 1 
R_PriorDraw_first_mu: 0.6076944 
R_PriorDraw_first_nu: 7.626431 
R-CCU: Before ClusterLabelChange for i = 40 newLabel= 1 currentLabel= 1 
R-CCU: sum(pointsPerCluster) = 939 
 num [1:4] 933 3 1 2
NULL
R-CCU: After ClusterLabelChange for i = 40 
R-CCU: sum(pointsPerCluster) = 940 
 num [1:4] 934 3 1 2
NULL
R-CCU: dpObj$numberClusters = 4 
List of 2
 $ : num [1, 1, 1:4] 0.343 0.552 0.698 0.838
 $ : num [1, 1, 1:4] 7.73 2.87 2.34 3.13
NULL
R priorParameters: 2 8 
R maxT: 1 
R_PriorDraw_first_mu: 0.4527109 
R_PriorDraw_first_nu: 2.166728 
R-CCU: Before ClusterLabelChange for i = 41 newLabel= 1 currentLabel= 1 
R-CCU: sum(pointsPerCluster) = 940 
 num [1:4] 934 3 1 2
NULL
R-CCU: After ClusterLabelChange for i = 41 
R-CCU: sum(pointsPerCluster) = 941 
 num [1:4] 935 3 1 2
NULL
R-CCU: dpObj$numberClusters = 4 
List of 2
 $ : num [1, 1, 1:4] 0.343 0.552 0.698 0.838
 $ : num [1, 1, 1:4] 7.73 2.87 2.34 3.13
NULL
R priorParameters: 2 8 
R maxT: 1 
R_PriorDraw_first_mu: 0.2719814 
R_PriorDraw_first_nu: 2.583232 
R-CCU: Before ClusterLabelChange for i = 42 newLabel= 1 currentLabel= 1 
R-CCU: sum(pointsPerCluster) = 941 
 num [1:4] 935 3 1 2
NULL
R-CCU: After ClusterLabelChange for i = 42 
R-CCU: sum(pointsPerCluster) = 942 
 num [1:4] 936 3 1 2
NULL
R-CCU: dpObj$numberClusters = 4 
List of 2
 $ : num [1, 1, 1:4] 0.343 0.552 0.698 0.838
 $ : num [1, 1, 1:4] 7.73 2.87 2.34 3.13
NULL
R priorParameters: 2 8 
R maxT: 1 
R_PriorDraw_first_mu: 0.2787815 
R_PriorDraw_first_nu: 6.074513 
R-CCU: Before ClusterLabelChange for i = 43 newLabel= 1 currentLabel= 1 
R-CCU: sum(pointsPerCluster) = 942 
 num [1:4] 936 3 1 2
NULL
R-CCU: After ClusterLabelChange for i = 43 
R-CCU: sum(pointsPerCluster) = 943 
 num [1:4] 937 3 1 2
NULL
R-CCU: dpObj$numberClusters = 4 
List of 2
 $ : num [1, 1, 1:4] 0.343 0.552 0.698 0.838
 $ : num [1, 1, 1:4] 7.73 2.87 2.34 3.13
NULL
R priorParameters: 2 8 
R maxT: 1 
R_PriorDraw_first_mu: 0.2026991 
R_PriorDraw_first_nu: 2.83617 
R-CCU: Before ClusterLabelChange for i = 44 newLabel= 1 currentLabel= 1 
R-CCU: sum(pointsPerCluster) = 943 
 num [1:4] 937 3 1 2
NULL
R-CCU: After ClusterLabelChange for i = 44 
R-CCU: sum(pointsPerCluster) = 944 
 num [1:4] 938 3 1 2
NULL
R-CCU: dpObj$numberClusters = 4 
List of 2
 $ : num [1, 1, 1:4] 0.343 0.552 0.698 0.838
 $ : num [1, 1, 1:4] 7.73 2.87 2.34 3.13
NULL
R priorParameters: 2 8 
R maxT: 1 
R_PriorDraw_first_mu: 0.5891755 
R_PriorDraw_first_nu: 8.115605 
R-CCU: Before ClusterLabelChange for i = 45 newLabel= 1 currentLabel= 1 
R-CCU: sum(pointsPerCluster) = 944 
 num [1:4] 938 3 1 2
NULL
R-CCU: After ClusterLabelChange for i = 45 
R-CCU: sum(pointsPerCluster) = 945 
 num [1:4] 939 3 1 2
NULL
R-CCU: dpObj$numberClusters = 4 
List of 2
 $ : num [1, 1, 1:4] 0.343 0.552 0.698 0.838
 $ : num [1, 1, 1:4] 7.73 2.87 2.34 3.13
NULL
R priorParameters: 2 8 
R maxT: 1 
R_PriorDraw_first_mu: 0.2562551 
R_PriorDraw_first_nu: 4.253913 
R-CCU: Before ClusterLabelChange for i = 46 newLabel= 1 currentLabel= 1 
R-CCU: sum(pointsPerCluster) = 945 
 num [1:4] 939 3 1 2
NULL
R-CCU: After ClusterLabelChange for i = 46 
R-CCU: sum(pointsPerCluster) = 946 
 num [1:4] 940 3 1 2
NULL
R-CCU: dpObj$numberClusters = 4 
List of 2
 $ : num [1, 1, 1:4] 0.343 0.552 0.698 0.838
 $ : num [1, 1, 1:4] 7.73 2.87 2.34 3.13
NULL
R priorParameters: 2 8 
R maxT: 1 
R_PriorDraw_first_mu: 0.5333152 
R_PriorDraw_first_nu: 8.190448 
R-CCU: Before ClusterLabelChange for i = 47 newLabel= 1 currentLabel= 1 
R-CCU: sum(pointsPerCluster) = 946 
 num [1:4] 940 3 1 2
NULL
R-CCU: After ClusterLabelChange for i = 47 
R-CCU: sum(pointsPerCluster) = 947 
 num [1:4] 941 3 1 2
NULL
R-CCU: dpObj$numberClusters = 4 
List of 2
 $ : num [1, 1, 1:4] 0.343 0.552 0.698 0.838
 $ : num [1, 1, 1:4] 7.73 2.87 2.34 3.13
NULL
R priorParameters: 2 8 
R maxT: 1 
R_PriorDraw_first_mu: 0.3937399 
R_PriorDraw_first_nu: 4.519287 
R-CCU: Before ClusterLabelChange for i = 48 newLabel= 1 currentLabel= 1 
R-CCU: sum(pointsPerCluster) = 947 
 num [1:4] 941 3 1 2
NULL
R-CCU: After ClusterLabelChange for i = 48 
R-CCU: sum(pointsPerCluster) = 948 
 num [1:4] 942 3 1 2
NULL
R-CCU: dpObj$numberClusters = 4 
List of 2
 $ : num [1, 1, 1:4] 0.343 0.552 0.698 0.838
 $ : num [1, 1, 1:4] 7.73 2.87 2.34 3.13
NULL
R priorParameters: 2 8 
R maxT: 1 
R_PriorDraw_first_mu: 0.1889626 
R_PriorDraw_first_nu: 4.571088 
R-CCU: Before ClusterLabelChange for i = 49 newLabel= 1 currentLabel= 1 
R-CCU: sum(pointsPerCluster) = 948 
 num [1:4] 942 3 1 2
NULL
R-CCU: After ClusterLabelChange for i = 49 
R-CCU: sum(pointsPerCluster) = 949 
 num [1:4] 943 3 1 2
NULL
R-CCU: dpObj$numberClusters = 4 
List of 2
 $ : num [1, 1, 1:4] 0.343 0.552 0.698 0.838
 $ : num [1, 1, 1:4] 7.73 2.87 2.34 3.13
NULL
R priorParameters: 2 8 
R maxT: 1 
R_PriorDraw_first_mu: 0.3448639 
R_PriorDraw_first_nu: 15.59256 
R-CCU: Before ClusterLabelChange for i = 50 newLabel= 1 currentLabel= 1 
R-CCU: sum(pointsPerCluster) = 949 
 num [1:4] 943 3 1 2
NULL
R-CCU: After ClusterLabelChange for i = 50 
R-CCU: sum(pointsPerCluster) = 950 
 num [1:4] 944 3 1 2
NULL
R-CCU: dpObj$numberClusters = 4 
List of 2
 $ : num [1, 1, 1:4] 0.343 0.552 0.698 0.838
 $ : num [1, 1, 1:4] 7.73 2.87 2.34 3.13
NULL
R priorParameters: 2 8 
R maxT: 1 
R_PriorDraw_first_mu: 0.7737274 
R_PriorDraw_first_nu: 10.87866 
R-CCU: Before ClusterLabelChange for i = 51 newLabel= 1 currentLabel= 1 
R-CCU: sum(pointsPerCluster) = 950 
 num [1:4] 944 3 1 2
NULL
R-CCU: After ClusterLabelChange for i = 51 
R-CCU: sum(pointsPerCluster) = 951 
 num [1:4] 945 3 1 2
NULL
R-CCU: dpObj$numberClusters = 4 
List of 2
 $ : num [1, 1, 1:4] 0.343 0.552 0.698 0.838
 $ : num [1, 1, 1:4] 7.73 2.87 2.34 3.13
NULL
R priorParameters: 2 8 
R maxT: 1 
R_PriorDraw_first_mu: 0.5153686 
R_PriorDraw_first_nu: 7.14828 
R-CCU: Before ClusterLabelChange for i = 52 newLabel= 1 currentLabel= 1 
R-CCU: sum(pointsPerCluster) = 951 
 num [1:4] 945 3 1 2
NULL
R-CCU: After ClusterLabelChange for i = 52 
R-CCU: sum(pointsPerCluster) = 952 
 num [1:4] 946 3 1 2
NULL
R-CCU: dpObj$numberClusters = 4 
List of 2
 $ : num [1, 1, 1:4] 0.343 0.552 0.698 0.838
 $ : num [1, 1, 1:4] 7.73 2.87 2.34 3.13
NULL
R priorParameters: 2 8 
R maxT: 1 
R_PriorDraw_first_mu: 0.9367319 
R_PriorDraw_first_nu: 4.524961 
R-CCU: Before ClusterLabelChange for i = 53 newLabel= 1 currentLabel= 1 
R-CCU: sum(pointsPerCluster) = 952 
 num [1:4] 946 3 1 2
NULL
R-CCU: After ClusterLabelChange for i = 53 
R-CCU: sum(pointsPerCluster) = 953 
 num [1:4] 947 3 1 2
NULL
R-CCU: dpObj$numberClusters = 4 
List of 2
 $ : num [1, 1, 1:4] 0.343 0.552 0.698 0.838
 $ : num [1, 1, 1:4] 7.73 2.87 2.34 3.13
NULL
R priorParameters: 2 8 
R maxT: 1 
R_PriorDraw_first_mu: 0.8803796 
R_PriorDraw_first_nu: 4.271894 
R-CCU: Before ClusterLabelChange for i = 54 newLabel= 1 currentLabel= 1 
R-CCU: sum(pointsPerCluster) = 953 
 num [1:4] 947 3 1 2
NULL
R-CCU: After ClusterLabelChange for i = 54 
R-CCU: sum(pointsPerCluster) = 954 
 num [1:4] 948 3 1 2
NULL
R-CCU: dpObj$numberClusters = 4 
List of 2
 $ : num [1, 1, 1:4] 0.343 0.552 0.698 0.838
 $ : num [1, 1, 1:4] 7.73 2.87 2.34 3.13
NULL
R priorParameters: 2 8 
R maxT: 1 
R_PriorDraw_first_mu: 0.6053361 
R_PriorDraw_first_nu: 3.696159 
R-CCU: Before ClusterLabelChange for i = 55 newLabel= 1 currentLabel= 1 
R-CCU: sum(pointsPerCluster) = 954 
 num [1:4] 948 3 1 2
NULL
R-CCU: After ClusterLabelChange for i = 55 
R-CCU: sum(pointsPerCluster) = 955 
 num [1:4] 949 3 1 2
NULL
R-CCU: dpObj$numberClusters = 4 
List of 2
 $ : num [1, 1, 1:4] 0.343 0.552 0.698 0.838
 $ : num [1, 1, 1:4] 7.73 2.87 2.34 3.13
NULL
R priorParameters: 2 8 
R maxT: 1 
R_PriorDraw_first_mu: 0.5049879 
R_PriorDraw_first_nu: 1.86902 
R-CCU: Before ClusterLabelChange for i = 56 newLabel= 1 currentLabel= 1 
R-CCU: sum(pointsPerCluster) = 955 
 num [1:4] 949 3 1 2
NULL
R-CCU: After ClusterLabelChange for i = 56 
R-CCU: sum(pointsPerCluster) = 956 
 num [1:4] 950 3 1 2
NULL
R-CCU: dpObj$numberClusters = 4 
List of 2
 $ : num [1, 1, 1:4] 0.343 0.552 0.698 0.838
 $ : num [1, 1, 1:4] 7.73 2.87 2.34 3.13
NULL
R priorParameters: 2 8 
R maxT: 1 
R_PriorDraw_first_mu: 0.1674695 
R_PriorDraw_first_nu: 18.15819 
R-CCU: Before ClusterLabelChange for i = 57 newLabel= 1 currentLabel= 1 
R-CCU: sum(pointsPerCluster) = 956 
 num [1:4] 950 3 1 2
NULL
R-CCU: After ClusterLabelChange for i = 57 
R-CCU: sum(pointsPerCluster) = 957 
 num [1:4] 951 3 1 2
NULL
R-CCU: dpObj$numberClusters = 4 
List of 2
 $ : num [1, 1, 1:4] 0.343 0.552 0.698 0.838
 $ : num [1, 1, 1:4] 7.73 2.87 2.34 3.13
NULL
R priorParameters: 2 8 
R maxT: 1 
R_PriorDraw_first_mu: 0.2745936 
R_PriorDraw_first_nu: 7.739262 
R-CCU: Before ClusterLabelChange for i = 58 newLabel= 1 currentLabel= 1 
R-CCU: sum(pointsPerCluster) = 957 
 num [1:4] 951 3 1 2
NULL
R-CCU: After ClusterLabelChange for i = 58 
R-CCU: sum(pointsPerCluster) = 958 
 num [1:4] 952 3 1 2
NULL
R-CCU: dpObj$numberClusters = 4 
List of 2
 $ : num [1, 1, 1:4] 0.343 0.552 0.698 0.838
 $ : num [1, 1, 1:4] 7.73 2.87 2.34 3.13
NULL
R priorParameters: 2 8 
R maxT: 1 
R_PriorDraw_first_mu: 0.9908775 
R_PriorDraw_first_nu: 3.703799 
R-CCU: Before ClusterLabelChange for i = 59 newLabel= 1 currentLabel= 1 
R-CCU: sum(pointsPerCluster) = 958 
 num [1:4] 952 3 1 2
NULL
R-CCU: After ClusterLabelChange for i = 59 
R-CCU: sum(pointsPerCluster) = 959 
 num [1:4] 953 3 1 2
NULL
R-CCU: dpObj$numberClusters = 4 
List of 2
 $ : num [1, 1, 1:4] 0.343 0.552 0.698 0.838
 $ : num [1, 1, 1:4] 7.73 2.87 2.34 3.13
NULL
R priorParameters: 2 8 
R maxT: 1 
R_PriorDraw_first_mu: 0.7119027 
R_PriorDraw_first_nu: 2.063089 
R-CCU: Before ClusterLabelChange for i = 60 newLabel= 1 currentLabel= 1 
R-CCU: sum(pointsPerCluster) = 959 
 num [1:4] 953 3 1 2
NULL
R-CCU: After ClusterLabelChange for i = 60 
R-CCU: sum(pointsPerCluster) = 960 
 num [1:4] 954 3 1 2
NULL
R-CCU: dpObj$numberClusters = 4 
List of 2
 $ : num [1, 1, 1:4] 0.343 0.552 0.698 0.838
 $ : num [1, 1, 1:4] 7.73 2.87 2.34 3.13
NULL
R priorParameters: 2 8 
R maxT: 1 
R_PriorDraw_first_mu: 0.4783752 
R_PriorDraw_first_nu: 1.729869 
R-CCU: Before ClusterLabelChange for i = 61 newLabel= 1 currentLabel= 1 
R-CCU: sum(pointsPerCluster) = 960 
 num [1:4] 954 3 1 2
NULL
R-CCU: After ClusterLabelChange for i = 61 
R-CCU: sum(pointsPerCluster) = 961 
 num [1:4] 955 3 1 2
NULL
R-CCU: dpObj$numberClusters = 4 
List of 2
 $ : num [1, 1, 1:4] 0.343 0.552 0.698 0.838
 $ : num [1, 1, 1:4] 7.73 2.87 2.34 3.13
NULL
R priorParameters: 2 8 
R maxT: 1 
R_PriorDraw_first_mu: 0.04864231 
R_PriorDraw_first_nu: 1.275722 
R-CCU: Before ClusterLabelChange for i = 62 newLabel= 1 currentLabel= 1 
R-CCU: sum(pointsPerCluster) = 961 
 num [1:4] 955 3 1 2
NULL
R-CCU: After ClusterLabelChange for i = 62 
R-CCU: sum(pointsPerCluster) = 962 
 num [1:4] 956 3 1 2
NULL
R-CCU: dpObj$numberClusters = 4 
List of 2
 $ : num [1, 1, 1:4] 0.343 0.552 0.698 0.838
 $ : num [1, 1, 1:4] 7.73 2.87 2.34 3.13
NULL
R priorParameters: 2 8 
R maxT: 1 
R_PriorDraw_first_mu: 0.3698595 
R_PriorDraw_first_nu: 3.543361 
R-CCU: Before ClusterLabelChange for i = 63 newLabel= 1 currentLabel= 1 
R-CCU: sum(pointsPerCluster) = 962 
 num [1:4] 956 3 1 2
NULL
R-CCU: After ClusterLabelChange for i = 63 
R-CCU: sum(pointsPerCluster) = 963 
 num [1:4] 957 3 1 2
NULL
R-CCU: dpObj$numberClusters = 4 
List of 2
 $ : num [1, 1, 1:4] 0.343 0.552 0.698 0.838
 $ : num [1, 1, 1:4] 7.73 2.87 2.34 3.13
NULL
R priorParameters: 2 8 
R maxT: 1 
R_PriorDraw_first_mu: 0.9944803 
R_PriorDraw_first_nu: 7.444219 
R-CCU: Before ClusterLabelChange for i = 64 newLabel= 1 currentLabel= 1 
R-CCU: sum(pointsPerCluster) = 963 
 num [1:4] 957 3 1 2
NULL
R-CCU: After ClusterLabelChange for i = 64 
R-CCU: sum(pointsPerCluster) = 964 
 num [1:4] 958 3 1 2
NULL
R-CCU: dpObj$numberClusters = 4 
List of 2
 $ : num [1, 1, 1:4] 0.343 0.552 0.698 0.838
 $ : num [1, 1, 1:4] 7.73 2.87 2.34 3.13
NULL
R priorParameters: 2 8 
R maxT: 1 
R_PriorDraw_first_mu: 0.1438232 
R_PriorDraw_first_nu: 2.591698 
R-CCU: Before ClusterLabelChange for i = 65 newLabel= 1 currentLabel= 1 
R-CCU: sum(pointsPerCluster) = 964 
 num [1:4] 958 3 1 2
NULL
R-CCU: After ClusterLabelChange for i = 65 
R-CCU: sum(pointsPerCluster) = 965 
 num [1:4] 959 3 1 2
NULL
R-CCU: dpObj$numberClusters = 4 
List of 2
 $ : num [1, 1, 1:4] 0.343 0.552 0.698 0.838
 $ : num [1, 1, 1:4] 7.73 2.87 2.34 3.13
NULL
R priorParameters: 2 8 
R maxT: 1 
R_PriorDraw_first_mu: 0.887324 
R_PriorDraw_first_nu: 10.4478 
R-CCU: Before ClusterLabelChange for i = 66 newLabel= 1 currentLabel= 1 
R-CCU: sum(pointsPerCluster) = 965 
 num [1:4] 959 3 1 2
NULL
R-CCU: After ClusterLabelChange for i = 66 
R-CCU: sum(pointsPerCluster) = 966 
 num [1:4] 960 3 1 2
NULL
R-CCU: dpObj$numberClusters = 4 
List of 2
 $ : num [1, 1, 1:4] 0.343 0.552 0.698 0.838
 $ : num [1, 1, 1:4] 7.73 2.87 2.34 3.13
NULL
R priorParameters: 2 8 
R maxT: 1 
R_PriorDraw_first_mu: 0.5416545 
R_PriorDraw_first_nu: 3.360854 
R-CCU: Before ClusterLabelChange for i = 67 newLabel= 1 currentLabel= 1 
R-CCU: sum(pointsPerCluster) = 966 
 num [1:4] 960 3 1 2
NULL
R-CCU: After ClusterLabelChange for i = 67 
R-CCU: sum(pointsPerCluster) = 967 
 num [1:4] 961 3 1 2
NULL
R-CCU: dpObj$numberClusters = 4 
List of 2
 $ : num [1, 1, 1:4] 0.343 0.552 0.698 0.838
 $ : num [1, 1, 1:4] 7.73 2.87 2.34 3.13
NULL
R priorParameters: 2 8 
R maxT: 1 
R_PriorDraw_first_mu: 0.5379049 
R_PriorDraw_first_nu: 4.294824 
R-CCU: Before ClusterLabelChange for i = 68 newLabel= 1 currentLabel= 1 
R-CCU: sum(pointsPerCluster) = 967 
 num [1:4] 961 3 1 2
NULL
R-CCU: After ClusterLabelChange for i = 68 
R-CCU: sum(pointsPerCluster) = 968 
 num [1:4] 962 3 1 2
NULL
R-CCU: dpObj$numberClusters = 4 
List of 2
 $ : num [1, 1, 1:4] 0.343 0.552 0.698 0.838
 $ : num [1, 1, 1:4] 7.73 2.87 2.34 3.13
NULL
R priorParameters: 2 8 
R maxT: 1 
R_PriorDraw_first_mu: 0.2304771 
R_PriorDraw_first_nu: 20.94049 
R-CCU: Before ClusterLabelChange for i = 69 newLabel= 1 currentLabel= 1 
R-CCU: sum(pointsPerCluster) = 968 
 num [1:4] 962 3 1 2
NULL
R-CCU: After ClusterLabelChange for i = 69 
R-CCU: sum(pointsPerCluster) = 969 
 num [1:4] 963 3 1 2
NULL
R-CCU: dpObj$numberClusters = 4 
List of 2
 $ : num [1, 1, 1:4] 0.343 0.552 0.698 0.838
 $ : num [1, 1, 1:4] 7.73 2.87 2.34 3.13
NULL
R priorParameters: 2 8 
R maxT: 1 
R_PriorDraw_first_mu: 0.6647948 
R_PriorDraw_first_nu: 3.252342 
R-CCU: Before ClusterLabelChange for i = 70 newLabel= 1 currentLabel= 1 
R-CCU: sum(pointsPerCluster) = 969 
 num [1:4] 963 3 1 2
NULL
R-CCU: After ClusterLabelChange for i = 70 
R-CCU: sum(pointsPerCluster) = 970 
 num [1:4] 964 3 1 2
NULL
R-CCU: dpObj$numberClusters = 4 
List of 2
 $ : num [1, 1, 1:4] 0.343 0.552 0.698 0.838
 $ : num [1, 1, 1:4] 7.73 2.87 2.34 3.13
NULL
R priorParameters: 2 8 
R maxT: 1 
R_PriorDraw_first_mu: 0.3795767 
R_PriorDraw_first_nu: 3.49436 
R-CCU: Before ClusterLabelChange for i = 71 newLabel= 1 currentLabel= 1 
R-CCU: sum(pointsPerCluster) = 970 
 num [1:4] 964 3 1 2
NULL
R-CCU: After ClusterLabelChange for i = 71 
R-CCU: sum(pointsPerCluster) = 971 
 num [1:4] 965 3 1 2
NULL
R-CCU: dpObj$numberClusters = 4 
List of 2
 $ : num [1, 1, 1:4] 0.343 0.552 0.698 0.838
 $ : num [1, 1, 1:4] 7.73 2.87 2.34 3.13
NULL
R priorParameters: 2 8 
R maxT: 1 
R_PriorDraw_first_mu: 0.7569197 
R_PriorDraw_first_nu: 2.269017 
R-CCU: Before ClusterLabelChange for i = 72 newLabel= 1 currentLabel= 1 
R-CCU: sum(pointsPerCluster) = 971 
 num [1:4] 965 3 1 2
NULL
R-CCU: After ClusterLabelChange for i = 72 
R-CCU: sum(pointsPerCluster) = 972 
 num [1:4] 966 3 1 2
NULL
R-CCU: dpObj$numberClusters = 4 
List of 2
 $ : num [1, 1, 1:4] 0.343 0.552 0.698 0.838
 $ : num [1, 1, 1:4] 7.73 2.87 2.34 3.13
NULL
R priorParameters: 2 8 
R maxT: 1 
R_PriorDraw_first_mu: 0.9596242 
R_PriorDraw_first_nu: 4.815807 
R-CCU: Before ClusterLabelChange for i = 73 newLabel= 1 currentLabel= 1 
R-CCU: sum(pointsPerCluster) = 972 
 num [1:4] 966 3 1 2
NULL
R-CCU: After ClusterLabelChange for i = 73 
R-CCU: sum(pointsPerCluster) = 973 
 num [1:4] 967 3 1 2
NULL
R-CCU: dpObj$numberClusters = 4 
List of 2
 $ : num [1, 1, 1:4] 0.343 0.552 0.698 0.838
 $ : num [1, 1, 1:4] 7.73 2.87 2.34 3.13
NULL
R priorParameters: 2 8 
R maxT: 1 
R_PriorDraw_first_mu: 0.8786737 
R_PriorDraw_first_nu: 34.14728 
R-CCU: Before ClusterLabelChange for i = 74 newLabel= 1 currentLabel= 1 
R-CCU: sum(pointsPerCluster) = 973 
 num [1:4] 967 3 1 2
NULL
R-CCU: After ClusterLabelChange for i = 74 
R-CCU: sum(pointsPerCluster) = 974 
 num [1:4] 968 3 1 2
NULL
R-CCU: dpObj$numberClusters = 4 
List of 2
 $ : num [1, 1, 1:4] 0.343 0.552 0.698 0.838
 $ : num [1, 1, 1:4] 7.73 2.87 2.34 3.13
NULL
R priorParameters: 2 8 
R maxT: 1 
R_PriorDraw_first_mu: 0.8830268 
R_PriorDraw_first_nu: 3.106644 
R-CCU: Before ClusterLabelChange for i = 75 newLabel= 1 currentLabel= 1 
R-CCU: sum(pointsPerCluster) = 974 
 num [1:4] 968 3 1 2
NULL
R-CCU: After ClusterLabelChange for i = 75 
R-CCU: sum(pointsPerCluster) = 975 
 num [1:4] 969 3 1 2
NULL
R-CCU: dpObj$numberClusters = 4 
List of 2
 $ : num [1, 1, 1:4] 0.343 0.552 0.698 0.838
 $ : num [1, 1, 1:4] 7.73 2.87 2.34 3.13
NULL
R priorParameters: 2 8 
R maxT: 1 
R_PriorDraw_first_mu: 0.7529799 
R_PriorDraw_first_nu: 6.647897 
R-CCU: Before ClusterLabelChange for i = 76 newLabel= 1 currentLabel= 1 
R-CCU: sum(pointsPerCluster) = 975 
 num [1:4] 969 3 1 2
NULL
R-CCU: After ClusterLabelChange for i = 76 
R-CCU: sum(pointsPerCluster) = 976 
 num [1:4] 970 3 1 2
NULL
R-CCU: dpObj$numberClusters = 4 
List of 2
 $ : num [1, 1, 1:4] 0.343 0.552 0.698 0.838
 $ : num [1, 1, 1:4] 7.73 2.87 2.34 3.13
NULL
R priorParameters: 2 8 
R maxT: 1 
R_PriorDraw_first_mu: 0.8140453 
R_PriorDraw_first_nu: 3.344209 
R-CCU: Before ClusterLabelChange for i = 77 newLabel= 1 currentLabel= 1 
R-CCU: sum(pointsPerCluster) = 976 
 num [1:4] 970 3 1 2
NULL
R-CCU: After ClusterLabelChange for i = 77 
R-CCU: sum(pointsPerCluster) = 977 
 num [1:4] 971 3 1 2
NULL
R-CCU: dpObj$numberClusters = 4 
List of 2
 $ : num [1, 1, 1:4] 0.343 0.552 0.698 0.838
 $ : num [1, 1, 1:4] 7.73 2.87 2.34 3.13
NULL
R priorParameters: 2 8 
R maxT: 1 
R_PriorDraw_first_mu: 0.763777 
R_PriorDraw_first_nu: 0.9012064 
R-CCU: Before ClusterLabelChange for i = 78 newLabel= 1 currentLabel= 1 
R-CCU: sum(pointsPerCluster) = 977 
 num [1:4] 971 3 1 2
NULL
R-CCU: After ClusterLabelChange for i = 78 
R-CCU: sum(pointsPerCluster) = 978 
 num [1:4] 972 3 1 2
NULL
R-CCU: dpObj$numberClusters = 4 
List of 2
 $ : num [1, 1, 1:4] 0.343 0.552 0.698 0.838
 $ : num [1, 1, 1:4] 7.73 2.87 2.34 3.13
NULL
R priorParameters: 2 8 
R maxT: 1 
R_PriorDraw_first_mu: 0.6425481 
R_PriorDraw_first_nu: 1.809371 
R-CCU: Before ClusterLabelChange for i = 79 newLabel= 1 currentLabel= 1 
R-CCU: sum(pointsPerCluster) = 978 
 num [1:4] 972 3 1 2
NULL
R-CCU: After ClusterLabelChange for i = 79 
R-CCU: sum(pointsPerCluster) = 979 
 num [1:4] 973 3 1 2
NULL
R-CCU: dpObj$numberClusters = 4 
List of 2
 $ : num [1, 1, 1:4] 0.343 0.552 0.698 0.838
 $ : num [1, 1, 1:4] 7.73 2.87 2.34 3.13
NULL
R priorParameters: 2 8 
R maxT: 1 
R_PriorDraw_first_mu: 0.5108283 
R_PriorDraw_first_nu: 8.743379 
R-CCU: Before ClusterLabelChange for i = 80 newLabel= 1 currentLabel= 1 
R-CCU: sum(pointsPerCluster) = 979 
 num [1:4] 973 3 1 2
NULL
R-CCU: After ClusterLabelChange for i = 80 
R-CCU: sum(pointsPerCluster) = 980 
 num [1:4] 974 3 1 2
NULL
R-CCU: dpObj$numberClusters = 4 
List of 2
 $ : num [1, 1, 1:4] 0.343 0.552 0.698 0.838
 $ : num [1, 1, 1:4] 7.73 2.87 2.34 3.13
NULL
R priorParameters: 2 8 
R maxT: 1 
R_PriorDraw_first_mu: 0.7600439 
R_PriorDraw_first_nu: 2.313254 
R-CCU: Before ClusterLabelChange for i = 81 newLabel= 1 currentLabel= 1 
R-CCU: sum(pointsPerCluster) = 980 
 num [1:4] 974 3 1 2
NULL
R-CCU: After ClusterLabelChange for i = 81 
R-CCU: sum(pointsPerCluster) = 981 
 num [1:4] 975 3 1 2
NULL
R-CCU: dpObj$numberClusters = 4 
List of 2
 $ : num [1, 1, 1:4] 0.343 0.552 0.698 0.838
 $ : num [1, 1, 1:4] 7.73 2.87 2.34 3.13
NULL
R priorParameters: 2 8 
R maxT: 1 
R_PriorDraw_first_mu: 0.09978194 
R_PriorDraw_first_nu: 13.19771 
R-CCU: Before ClusterLabelChange for i = 82 newLabel= 1 currentLabel= 1 
R-CCU: sum(pointsPerCluster) = 981 
 num [1:4] 975 3 1 2
NULL
R-CCU: After ClusterLabelChange for i = 82 
R-CCU: sum(pointsPerCluster) = 982 
 num [1:4] 976 3 1 2
NULL
R-CCU: dpObj$numberClusters = 4 
List of 2
 $ : num [1, 1, 1:4] 0.343 0.552 0.698 0.838
 $ : num [1, 1, 1:4] 7.73 2.87 2.34 3.13
NULL
R priorParameters: 2 8 
R maxT: 1 
R_PriorDraw_first_mu: 0.6312265 
R_PriorDraw_first_nu: 16.35101 
R-CCU: Before ClusterLabelChange for i = 83 newLabel= 1 currentLabel= 1 
R-CCU: sum(pointsPerCluster) = 982 
 num [1:4] 976 3 1 2
NULL
R-CCU: After ClusterLabelChange for i = 83 
R-CCU: sum(pointsPerCluster) = 983 
 num [1:4] 977 3 1 2
NULL
R-CCU: dpObj$numberClusters = 4 
List of 2
 $ : num [1, 1, 1:4] 0.343 0.552 0.698 0.838
 $ : num [1, 1, 1:4] 7.73 2.87 2.34 3.13
NULL
R priorParameters: 2 8 
R maxT: 1 
R_PriorDraw_first_mu: 0.8586831 
R_PriorDraw_first_nu: 2.73932 
R-CCU: Before ClusterLabelChange for i = 84 newLabel= 1 currentLabel= 1 
R-CCU: sum(pointsPerCluster) = 983 
 num [1:4] 977 3 1 2
NULL
R-CCU: After ClusterLabelChange for i = 84 
R-CCU: sum(pointsPerCluster) = 984 
 num [1:4] 978 3 1 2
NULL
R-CCU: dpObj$numberClusters = 4 
List of 2
 $ : num [1, 1, 1:4] 0.343 0.552 0.698 0.838
 $ : num [1, 1, 1:4] 7.73 2.87 2.34 3.13
NULL
R priorParameters: 2 8 
R maxT: 1 
R_PriorDraw_first_mu: 0.51209 
R_PriorDraw_first_nu: 10.99313 
R-CCU: Before ClusterLabelChange for i = 85 newLabel= 1 currentLabel= 1 
R-CCU: sum(pointsPerCluster) = 984 
 num [1:4] 978 3 1 2
NULL
R-CCU: After ClusterLabelChange for i = 85 
R-CCU: sum(pointsPerCluster) = 985 
 num [1:4] 979 3 1 2
NULL
R-CCU: dpObj$numberClusters = 4 
List of 2
 $ : num [1, 1, 1:4] 0.343 0.552 0.698 0.838
 $ : num [1, 1, 1:4] 7.73 2.87 2.34 3.13
NULL
R priorParameters: 2 8 
R maxT: 1 
R_PriorDraw_first_mu: 0.03376333 
R_PriorDraw_first_nu: 5.237589 
R-CCU: Before ClusterLabelChange for i = 86 newLabel= 1 currentLabel= 1 
R-CCU: sum(pointsPerCluster) = 985 
 num [1:4] 979 3 1 2
NULL
R-CCU: After ClusterLabelChange for i = 86 
R-CCU: sum(pointsPerCluster) = 986 
 num [1:4] 980 3 1 2
NULL
R-CCU: dpObj$numberClusters = 4 
List of 2
 $ : num [1, 1, 1:4] 0.343 0.552 0.698 0.838
 $ : num [1, 1, 1:4] 7.73 2.87 2.34 3.13
NULL
R priorParameters: 2 8 
R maxT: 1 
R_PriorDraw_first_mu: 0.4959136 
R_PriorDraw_first_nu: 6.565263 
R-CCU: Before ClusterLabelChange for i = 87 newLabel= 1 currentLabel= 1 
R-CCU: sum(pointsPerCluster) = 986 
 num [1:4] 980 3 1 2
NULL
R-CCU: After ClusterLabelChange for i = 87 
R-CCU: sum(pointsPerCluster) = 987 
 num [1:4] 981 3 1 2
NULL
R-CCU: dpObj$numberClusters = 4 
List of 2
 $ : num [1, 1, 1:4] 0.343 0.552 0.698 0.838
 $ : num [1, 1, 1:4] 7.73 2.87 2.34 3.13
NULL
R priorParameters: 2 8 
R maxT: 1 
R_PriorDraw_first_mu: 0.7444416 
R_PriorDraw_first_nu: 4.418626 
R-CCU: Before ClusterLabelChange for i = 88 newLabel= 1 currentLabel= 1 
R-CCU: sum(pointsPerCluster) = 987 
 num [1:4] 981 3 1 2
NULL
R-CCU: After ClusterLabelChange for i = 88 
R-CCU: sum(pointsPerCluster) = 988 
 num [1:4] 982 3 1 2
NULL
R-CCU: dpObj$numberClusters = 4 
List of 2
 $ : num [1, 1, 1:4] 0.343 0.552 0.698 0.838
 $ : num [1, 1, 1:4] 7.73 2.87 2.34 3.13
NULL
R priorParameters: 2 8 
R maxT: 1 
R_PriorDraw_first_mu: 0.3614204 
R_PriorDraw_first_nu: 12.89562 
R-CCU: Before ClusterLabelChange for i = 89 newLabel= 1 currentLabel= 1 
R-CCU: sum(pointsPerCluster) = 988 
 num [1:4] 982 3 1 2
NULL
R-CCU: After ClusterLabelChange for i = 89 
R-CCU: sum(pointsPerCluster) = 989 
 num [1:4] 983 3 1 2
NULL
R-CCU: dpObj$numberClusters = 4 
List of 2
 $ : num [1, 1, 1:4] 0.343 0.552 0.698 0.838
 $ : num [1, 1, 1:4] 7.73 2.87 2.34 3.13
NULL
R priorParameters: 2 8 
R maxT: 1 
R_PriorDraw_first_mu: 0.7956175 
R_PriorDraw_first_nu: 5.433892 
R-CCU: Before ClusterLabelChange for i = 90 newLabel= 1 currentLabel= 1 
R-CCU: sum(pointsPerCluster) = 989 
 num [1:4] 983 3 1 2
NULL
R-CCU: After ClusterLabelChange for i = 90 
R-CCU: sum(pointsPerCluster) = 990 
 num [1:4] 984 3 1 2
NULL
R-CCU: dpObj$numberClusters = 4 
List of 2
 $ : num [1, 1, 1:4] 0.343 0.552 0.698 0.838
 $ : num [1, 1, 1:4] 7.73 2.87 2.34 3.13
NULL
R priorParameters: 2 8 
R maxT: 1 
R_PriorDraw_first_mu: 0.9725436 
R_PriorDraw_first_nu: 2.077227 
R-CCU: Before ClusterLabelChange for i = 91 newLabel= 1 currentLabel= 1 
R-CCU: sum(pointsPerCluster) = 990 
 num [1:4] 984 3 1 2
NULL
R-CCU: After ClusterLabelChange for i = 91 
R-CCU: sum(pointsPerCluster) = 991 
 num [1:4] 985 3 1 2
NULL
R-CCU: dpObj$numberClusters = 4 
List of 2
 $ : num [1, 1, 1:4] 0.343 0.552 0.698 0.838
 $ : num [1, 1, 1:4] 7.73 2.87 2.34 3.13
NULL
R priorParameters: 2 8 
R maxT: 1 
R_PriorDraw_first_mu: 0.8633514 
R_PriorDraw_first_nu: 5.916785 
R-CCU: Before ClusterLabelChange for i = 92 newLabel= 1 currentLabel= 1 
R-CCU: sum(pointsPerCluster) = 991 
 num [1:4] 985 3 1 2
NULL
R-CCU: After ClusterLabelChange for i = 92 
R-CCU: sum(pointsPerCluster) = 992 
 num [1:4] 986 3 1 2
NULL
R-CCU: dpObj$numberClusters = 4 
List of 2
 $ : num [1, 1, 1:4] 0.343 0.552 0.698 0.838
 $ : num [1, 1, 1:4] 7.73 2.87 2.34 3.13
NULL
R priorParameters: 2 8 
R maxT: 1 
R_PriorDraw_first_mu: 0.03090294 
R_PriorDraw_first_nu: 3.43906 
R-CCU: Before ClusterLabelChange for i = 93 newLabel= 1 currentLabel= 1 
R-CCU: sum(pointsPerCluster) = 992 
 num [1:4] 986 3 1 2
NULL
R-CCU: After ClusterLabelChange for i = 93 
R-CCU: sum(pointsPerCluster) = 993 
 num [1:4] 987 3 1 2
NULL
R-CCU: dpObj$numberClusters = 4 
List of 2
 $ : num [1, 1, 1:4] 0.343 0.552 0.698 0.838
 $ : num [1, 1, 1:4] 7.73 2.87 2.34 3.13
NULL
R priorParameters: 2 8 
R maxT: 1 
R_PriorDraw_first_mu: 0.5180193 
R_PriorDraw_first_nu: 3.138305 
R-CCU: Before ClusterLabelChange for i = 94 newLabel= 1 currentLabel= 1 
R-CCU: sum(pointsPerCluster) = 993 
 num [1:4] 987 3 1 2
NULL
R-CCU: After ClusterLabelChange for i = 94 
R-CCU: sum(pointsPerCluster) = 994 
 num [1:4] 988 3 1 2
NULL
R-CCU: dpObj$numberClusters = 4 
List of 2
 $ : num [1, 1, 1:4] 0.343 0.552 0.698 0.838
 $ : num [1, 1, 1:4] 7.73 2.87 2.34 3.13
NULL
R priorParameters: 2 8 
R maxT: 1 
R_PriorDraw_first_mu: 0.1228238 
R_PriorDraw_first_nu: 17.19978 
R-CCU: Before ClusterLabelChange for i = 95 newLabel= 1 currentLabel= 1 
R-CCU: sum(pointsPerCluster) = 994 
 num [1:4] 988 3 1 2
NULL
R-CCU: After ClusterLabelChange for i = 95 
R-CCU: sum(pointsPerCluster) = 995 
 num [1:4] 989 3 1 2
NULL
R-CCU: dpObj$numberClusters = 4 
List of 2
 $ : num [1, 1, 1:4] 0.343 0.552 0.698 0.838
 $ : num [1, 1, 1:4] 7.73 2.87 2.34 3.13
NULL
R priorParameters: 2 8 
R maxT: 1 
R_PriorDraw_first_mu: 0.4120623 
R_PriorDraw_first_nu: 2.642699 
R-CCU: Before ClusterLabelChange for i = 96 newLabel= 1 currentLabel= 1 
R-CCU: sum(pointsPerCluster) = 995 
 num [1:4] 989 3 1 2
NULL
R-CCU: After ClusterLabelChange for i = 96 
R-CCU: sum(pointsPerCluster) = 996 
 num [1:4] 990 3 1 2
NULL
R-CCU: dpObj$numberClusters = 4 
List of 2
 $ : num [1, 1, 1:4] 0.343 0.552 0.698 0.838
 $ : num [1, 1, 1:4] 7.73 2.87 2.34 3.13
NULL
R priorParameters: 2 8 
R maxT: 1 
R_PriorDraw_first_mu: 0.1761445 
R_PriorDraw_first_nu: 4.336571 
R-CCU: Before ClusterLabelChange for i = 97 newLabel= 1 currentLabel= 1 
R-CCU: sum(pointsPerCluster) = 996 
 num [1:4] 990 3 1 2
NULL
R-CCU: After ClusterLabelChange for i = 97 
R-CCU: sum(pointsPerCluster) = 997 
 num [1:4] 991 3 1 2
NULL
R-CCU: dpObj$numberClusters = 4 
List of 2
 $ : num [1, 1, 1:4] 0.343 0.552 0.698 0.838
 $ : num [1, 1, 1:4] 7.73 2.87 2.34 3.13
NULL
R priorParameters: 2 8 
R maxT: 1 
R_PriorDraw_first_mu: 0.1536737 
R_PriorDraw_first_nu: 1.679838 
R-CCU: Before ClusterLabelChange for i = 98 newLabel= 1 currentLabel= 1 
R-CCU: sum(pointsPerCluster) = 997 
 num [1:4] 991 3 1 2
NULL
R-CCU: After ClusterLabelChange for i = 98 
R-CCU: sum(pointsPerCluster) = 998 
 num [1:4] 992 3 1 2
NULL
R-CCU: dpObj$numberClusters = 4 
List of 2
 $ : num [1, 1, 1:4] 0.343 0.552 0.698 0.838
 $ : num [1, 1, 1:4] 7.73 2.87 2.34 3.13
NULL
R priorParameters: 2 8 
R maxT: 1 
R_PriorDraw_first_mu: 0.2668772 
R_PriorDraw_first_nu: 2.557988 
R-CCU: Before ClusterLabelChange for i = 99 newLabel= 1 currentLabel= 1 
R-CCU: sum(pointsPerCluster) = 998 
 num [1:4] 992 3 1 2
NULL
R-CCU: After ClusterLabelChange for i = 99 
R-CCU: sum(pointsPerCluster) = 999 
 num [1:4] 993 3 1 2
NULL
R-CCU: dpObj$numberClusters = 4 
List of 2
 $ : num [1, 1, 1:4] 0.343 0.552 0.698 0.838
 $ : num [1, 1, 1:4] 7.73 2.87 2.34 3.13
NULL
R priorParameters: 2 8 
R maxT: 1 
R_PriorDraw_first_mu: 0.7624001 
R_PriorDraw_first_nu: 11.72063 
R-CCU: Before ClusterLabelChange for i = 100 newLabel= 1 currentLabel= 1 
R-CCU: sum(pointsPerCluster) = 999 
 num [1:4] 993 3 1 2
NULL
R-CCU: After ClusterLabelChange for i = 100 
R-CCU: sum(pointsPerCluster) = 1000 
 num [1:4] 994 3 1 2
NULL
R-CCU: dpObj$numberClusters = 4 
List of 2
 $ : num [1, 1, 1:4] 0.343 0.552 0.698 0.838
 $ : num [1, 1, 1:4] 7.73 2.87 2.34 3.13
NULL
R priorParameters: 2 8 
R maxT: 1 
R_PriorDraw_first_mu: 0.524466 
R_PriorDraw_first_nu: 2.833559 
R-CCU: Before ClusterLabelChange for i = 1 newLabel= 1 currentLabel= 1 
R-CCU: sum(pointsPerCluster) = 1000 
 num [1:4] 994 3 1 2
NULL
R-CCU: After ClusterLabelChange for i = 1 
R-CCU: sum(pointsPerCluster) = 1001 
 num [1:4] 995 3 1 2
NULL
R-CCU: dpObj$numberClusters = 4 
List of 2
 $ : num [1, 1, 1:4] 0.343 0.552 0.698 0.838
 $ : num [1, 1, 1:4] 7.42 2.87 2.34 3.13
NULL
R priorParameters: 2 8 
R maxT: 1 
R_PriorDraw_first_mu: 0.7121603 
R_PriorDraw_first_nu: 3.348095 
R-CCU: Before ClusterLabelChange for i = 2 newLabel= 1 currentLabel= 1 
R-CCU: sum(pointsPerCluster) = 1001 
 num [1:4] 995 3 1 2
NULL
R-CCU: After ClusterLabelChange for i = 2 
R-CCU: sum(pointsPerCluster) = 1002 
 num [1:4] 996 3 1 2
NULL
R-CCU: dpObj$numberClusters = 4 
List of 2
 $ : num [1, 1, 1:4] 0.343 0.552 0.698 0.838
 $ : num [1, 1, 1:4] 7.42 2.87 2.34 3.13
NULL
R priorParameters: 2 8 
R maxT: 1 
R_PriorDraw_first_mu: 0.09716883 
R_PriorDraw_first_nu: 3.603939 
R-CCU: Before ClusterLabelChange for i = 3 newLabel= 1 currentLabel= 1 
R-CCU: sum(pointsPerCluster) = 1002 
 num [1:4] 996 3 1 2
NULL
R-CCU: After ClusterLabelChange for i = 3 
R-CCU: sum(pointsPerCluster) = 1003 
 num [1:4] 997 3 1 2
NULL
R-CCU: dpObj$numberClusters = 4 
List of 2
 $ : num [1, 1, 1:4] 0.343 0.552 0.698 0.838
 $ : num [1, 1, 1:4] 7.42 2.87 2.34 3.13
NULL
R priorParameters: 2 8 
R maxT: 1 
R_PriorDraw_first_mu: 0.3302846 
R_PriorDraw_first_nu: 1.968794 
R-CCU: Before ClusterLabelChange for i = 4 newLabel= 1 currentLabel= 1 
R-CCU: sum(pointsPerCluster) = 1003 
 num [1:4] 997 3 1 2
NULL
R-CCU: After ClusterLabelChange for i = 4 
R-CCU: sum(pointsPerCluster) = 1004 
 num [1:4] 998 3 1 2
NULL
R-CCU: dpObj$numberClusters = 4 
List of 2
 $ : num [1, 1, 1:4] 0.343 0.552 0.698 0.838
 $ : num [1, 1, 1:4] 7.42 2.87 2.34 3.13
NULL
R priorParameters: 2 8 
R maxT: 1 
R_PriorDraw_first_mu: 0.3783907 
R_PriorDraw_first_nu: 18.89818 
R-CCU: Before ClusterLabelChange for i = 5 newLabel= 1 currentLabel= 1 
R-CCU: sum(pointsPerCluster) = 1004 
 num [1:4] 998 3 1 2
NULL
R-CCU: After ClusterLabelChange for i = 5 
R-CCU: sum(pointsPerCluster) = 1005 
 num [1:4] 999 3 1 2
NULL
R-CCU: dpObj$numberClusters = 4 
List of 2
 $ : num [1, 1, 1:4] 0.343 0.552 0.698 0.838
 $ : num [1, 1, 1:4] 7.42 2.87 2.34 3.13
NULL
R priorParameters: 2 8 
R maxT: 1 
R_PriorDraw_first_mu: 0.7345618 
R_PriorDraw_first_nu: 4.019083 
R-CCU: Before ClusterLabelChange for i = 6 newLabel= 1 currentLabel= 1 
R-CCU: sum(pointsPerCluster) = 1005 
 num [1:4] 999 3 1 2
NULL
R-CCU: After ClusterLabelChange for i = 6 
R-CCU: sum(pointsPerCluster) = 1006 
 num [1:4] 1000 3 1 2
NULL
R-CCU: dpObj$numberClusters = 4 
List of 2
 $ : num [1, 1, 1:4] 0.343 0.552 0.698 0.838
 $ : num [1, 1, 1:4] 7.42 2.87 2.34 3.13
NULL
R priorParameters: 2 8 
R maxT: 1 
R_PriorDraw_first_mu: 0.892439 
R_PriorDraw_first_nu: 3.148531 
R-CCU: Before ClusterLabelChange for i = 7 newLabel= 1 currentLabel= 1 
R-CCU: sum(pointsPerCluster) = 1006 
 num [1:4] 1000 3 1 2
NULL
R-CCU: After ClusterLabelChange for i = 7 
R-CCU: sum(pointsPerCluster) = 1007 
 num [1:4] 1001 3 1 2
NULL
R-CCU: dpObj$numberClusters = 4 
List of 2
 $ : num [1, 1, 1:4] 0.343 0.552 0.698 0.838
 $ : num [1, 1, 1:4] 7.42 2.87 2.34 3.13
NULL
R priorParameters: 2 8 
R maxT: 1 
R_PriorDraw_first_mu: 0.4550323 
R_PriorDraw_first_nu: 9.971706 
R-CCU: Before ClusterLabelChange for i = 8 newLabel= 1 currentLabel= 1 
R-CCU: sum(pointsPerCluster) = 1007 
 num [1:4] 1001 3 1 2
NULL
R-CCU: After ClusterLabelChange for i = 8 
R-CCU: sum(pointsPerCluster) = 1008 
 num [1:4] 1002 3 1 2
NULL
R-CCU: dpObj$numberClusters = 4 
List of 2
 $ : num [1, 1, 1:4] 0.343 0.552 0.698 0.838
 $ : num [1, 1, 1:4] 7.42 2.87 2.34 3.13
NULL
R priorParameters: 2 8 
R maxT: 1 
R_PriorDraw_first_mu: 0.8437957 
R_PriorDraw_first_nu: 32.92174 
R-CCU: Before ClusterLabelChange for i = 9 newLabel= 1 currentLabel= 1 
R-CCU: sum(pointsPerCluster) = 1008 
 num [1:4] 1002 3 1 2
NULL
R-CCU: After ClusterLabelChange for i = 9 
R-CCU: sum(pointsPerCluster) = 1009 
 num [1:4] 1003 3 1 2
NULL
R-CCU: dpObj$numberClusters = 4 
List of 2
 $ : num [1, 1, 1:4] 0.343 0.552 0.698 0.838
 $ : num [1, 1, 1:4] 7.42 2.87 2.34 3.13
NULL
R priorParameters: 2 8 
R maxT: 1 
R_PriorDraw_first_mu: 0.7952892 
R_PriorDraw_first_nu: 7.886776 
R-CCU: Before ClusterLabelChange for i = 10 newLabel= 1 currentLabel= 1 
R-CCU: sum(pointsPerCluster) = 1009 
 num [1:4] 1003 3 1 2
NULL
R-CCU: After ClusterLabelChange for i = 10 
R-CCU: sum(pointsPerCluster) = 1010 
 num [1:4] 1004 3 1 2
NULL
R-CCU: dpObj$numberClusters = 4 
List of 2
 $ : num [1, 1, 1:4] 0.343 0.552 0.698 0.838
 $ : num [1, 1, 1:4] 7.42 2.87 2.34 3.13
NULL
R priorParameters: 2 8 
R maxT: 1 
R_PriorDraw_first_mu: 0.05990291 
R_PriorDraw_first_nu: 3.986929 
R-CCU: Before ClusterLabelChange for i = 11 newLabel= 1 currentLabel= 1 
R-CCU: sum(pointsPerCluster) = 1010 
 num [1:4] 1004 3 1 2
NULL
R-CCU: After ClusterLabelChange for i = 11 
R-CCU: sum(pointsPerCluster) = 1011 
 num [1:4] 1005 3 1 2
NULL
R-CCU: dpObj$numberClusters = 4 
List of 2
 $ : num [1, 1, 1:4] 0.343 0.552 0.698 0.838
 $ : num [1, 1, 1:4] 7.42 2.87 2.34 3.13
NULL
R priorParameters: 2 8 
R maxT: 1 
R_PriorDraw_first_mu: 0.9953115 
R_PriorDraw_first_nu: 12.54637 
R-CCU: Before ClusterLabelChange for i = 12 newLabel= 1 currentLabel= 1 
R-CCU: sum(pointsPerCluster) = 1011 
 num [1:4] 1005 3 1 2
NULL
R-CCU: After ClusterLabelChange for i = 12 
R-CCU: sum(pointsPerCluster) = 1012 
 num [1:4] 1006 3 1 2
NULL
R-CCU: dpObj$numberClusters = 4 
List of 2
 $ : num [1, 1, 1:4] 0.343 0.552 0.698 0.838
 $ : num [1, 1, 1:4] 7.42 2.87 2.34 3.13
NULL
R priorParameters: 2 8 
R maxT: 1 
R_PriorDraw_first_mu: 0.7500822 
R_PriorDraw_first_nu: 19.74845 
R-CCU: Before ClusterLabelChange for i = 13 newLabel= 1 currentLabel= 1 
R-CCU: sum(pointsPerCluster) = 1012 
 num [1:4] 1006 3 1 2
NULL
R-CCU: After ClusterLabelChange for i = 13 
R-CCU: sum(pointsPerCluster) = 1013 
 num [1:4] 1007 3 1 2
NULL
R-CCU: dpObj$numberClusters = 4 
List of 2
 $ : num [1, 1, 1:4] 0.343 0.552 0.698 0.838
 $ : num [1, 1, 1:4] 7.42 2.87 2.34 3.13
NULL
R priorParameters: 2 8 
R maxT: 1 
R_PriorDraw_first_mu: 0.3822138 
R_PriorDraw_first_nu: 2.40818 
R-CCU: Before ClusterLabelChange for i = 14 newLabel= 1 currentLabel= 1 
R-CCU: sum(pointsPerCluster) = 1013 
 num [1:4] 1007 3 1 2
NULL
R-CCU: After ClusterLabelChange for i = 14 
R-CCU: sum(pointsPerCluster) = 1014 
 num [1:4] 1008 3 1 2
NULL
R-CCU: dpObj$numberClusters = 4 
List of 2
 $ : num [1, 1, 1:4] 0.343 0.552 0.698 0.838
 $ : num [1, 1, 1:4] 7.42 2.87 2.34 3.13
NULL
R priorParameters: 2 8 
R maxT: 1 
R_PriorDraw_first_mu: 0.2901698 
R_PriorDraw_first_nu: 2.510369 
R-CCU: Before ClusterLabelChange for i = 15 newLabel= 1 currentLabel= 1 
R-CCU: sum(pointsPerCluster) = 1014 
 num [1:4] 1008 3 1 2
NULL
R-CCU: After ClusterLabelChange for i = 15 
R-CCU: sum(pointsPerCluster) = 1015 
 num [1:4] 1009 3 1 2
NULL
R-CCU: dpObj$numberClusters = 4 
List of 2
 $ : num [1, 1, 1:4] 0.343 0.552 0.698 0.838
 $ : num [1, 1, 1:4] 7.42 2.87 2.34 3.13
NULL
R priorParameters: 2 8 
R maxT: 1 
R_PriorDraw_first_mu: 0.7192819 
R_PriorDraw_first_nu: 2.873279 
R-CCU: Before ClusterLabelChange for i = 16 newLabel= 1 currentLabel= 1 
R-CCU: sum(pointsPerCluster) = 1015 
 num [1:4] 1009 3 1 2
NULL
R-CCU: After ClusterLabelChange for i = 16 
R-CCU: sum(pointsPerCluster) = 1016 
 num [1:4] 1010 3 1 2
NULL
R-CCU: dpObj$numberClusters = 4 
List of 2
 $ : num [1, 1, 1:4] 0.343 0.552 0.698 0.838
 $ : num [1, 1, 1:4] 7.42 2.87 2.34 3.13
NULL
R priorParameters: 2 8 
R maxT: 1 
R_PriorDraw_first_mu: 0.893278 
R_PriorDraw_first_nu: 9.972354 
R-CCU: Before ClusterLabelChange for i = 17 newLabel= 1 currentLabel= 1 
R-CCU: sum(pointsPerCluster) = 1016 
 num [1:4] 1010 3 1 2
NULL
R-CCU: After ClusterLabelChange for i = 17 
R-CCU: sum(pointsPerCluster) = 1017 
 num [1:4] 1011 3 1 2
NULL
R-CCU: dpObj$numberClusters = 4 
List of 2
 $ : num [1, 1, 1:4] 0.343 0.552 0.698 0.838
 $ : num [1, 1, 1:4] 7.42 2.87 2.34 3.13
NULL
R priorParameters: 2 8 
R maxT: 1 
R_PriorDraw_first_mu: 0.9691561 
R_PriorDraw_first_nu: 2.647147 
R-CCU: Before ClusterLabelChange for i = 18 newLabel= 1 currentLabel= 1 
R-CCU: sum(pointsPerCluster) = 1017 
 num [1:4] 1011 3 1 2
NULL
R-CCU: After ClusterLabelChange for i = 18 
R-CCU: sum(pointsPerCluster) = 1018 
 num [1:4] 1012 3 1 2
NULL
R-CCU: dpObj$numberClusters = 4 
List of 2
 $ : num [1, 1, 1:4] 0.343 0.552 0.698 0.838
 $ : num [1, 1, 1:4] 7.42 2.87 2.34 3.13
NULL
R priorParameters: 2 8 
R maxT: 1 
R_PriorDraw_first_mu: 0.2668424 
R_PriorDraw_first_nu: 16.47204 
R-CCU: Before ClusterLabelChange for i = 19 newLabel= 1 currentLabel= 1 
R-CCU: sum(pointsPerCluster) = 1018 
 num [1:4] 1012 3 1 2
NULL
R-CCU: After ClusterLabelChange for i = 19 
R-CCU: sum(pointsPerCluster) = 1019 
 num [1:4] 1013 3 1 2
NULL
R-CCU: dpObj$numberClusters = 4 
List of 2
 $ : num [1, 1, 1:4] 0.343 0.552 0.698 0.838
 $ : num [1, 1, 1:4] 7.42 2.87 2.34 3.13
NULL
R priorParameters: 2 8 
R maxT: 1 
R_PriorDraw_first_mu: 0.04314803 
R_PriorDraw_first_nu: 7.503387 
R-CCU: Before ClusterLabelChange for i = 20 newLabel= 1 currentLabel= 1 
R-CCU: sum(pointsPerCluster) = 1019 
 num [1:4] 1013 3 1 2
NULL
R-CCU: After ClusterLabelChange for i = 20 
R-CCU: sum(pointsPerCluster) = 1020 
 num [1:4] 1014 3 1 2
NULL
R-CCU: dpObj$numberClusters = 4 
List of 2
 $ : num [1, 1, 1:4] 0.343 0.552 0.698 0.838
 $ : num [1, 1, 1:4] 7.42 2.87 2.34 3.13
NULL
R priorParameters: 2 8 
R maxT: 1 
R_PriorDraw_first_mu: 0.950493 
R_PriorDraw_first_nu: 2.335994 
R-CCU: Before ClusterLabelChange for i = 21 newLabel= 1 currentLabel= 1 
R-CCU: sum(pointsPerCluster) = 1020 
 num [1:4] 1014 3 1 2
NULL
R-CCU: After ClusterLabelChange for i = 21 
R-CCU: sum(pointsPerCluster) = 1021 
 num [1:4] 1015 3 1 2
NULL
R-CCU: dpObj$numberClusters = 4 
List of 2
 $ : num [1, 1, 1:4] 0.343 0.552 0.698 0.838
 $ : num [1, 1, 1:4] 7.42 2.87 2.34 3.13
NULL
R priorParameters: 2 8 
R maxT: 1 
R_PriorDraw_first_mu: 0.8122045 
R_PriorDraw_first_nu: 3.721685 
R-CCU: Before ClusterLabelChange for i = 22 newLabel= 1 currentLabel= 1 
R-CCU: sum(pointsPerCluster) = 1021 
 num [1:4] 1015 3 1 2
NULL
R-CCU: After ClusterLabelChange for i = 22 
R-CCU: sum(pointsPerCluster) = 1022 
 num [1:4] 1016 3 1 2
NULL
R-CCU: dpObj$numberClusters = 4 
List of 2
 $ : num [1, 1, 1:4] 0.343 0.552 0.698 0.838
 $ : num [1, 1, 1:4] 7.42 2.87 2.34 3.13
NULL
R priorParameters: 2 8 
R maxT: 1 
R_PriorDraw_first_mu: 0.8247853 
R_PriorDraw_first_nu: 4.718356 
R-CCU: Before ClusterLabelChange for i = 23 newLabel= 1 currentLabel= 1 
R-CCU: sum(pointsPerCluster) = 1022 
 num [1:4] 1016 3 1 2
NULL
R-CCU: After ClusterLabelChange for i = 23 
R-CCU: sum(pointsPerCluster) = 1023 
 num [1:4] 1017 3 1 2
NULL
R-CCU: dpObj$numberClusters = 4 
List of 2
 $ : num [1, 1, 1:4] 0.343 0.552 0.698 0.838
 $ : num [1, 1, 1:4] 7.42 2.87 2.34 3.13
NULL
R priorParameters: 2 8 
R maxT: 1 
R_PriorDraw_first_mu: 0.9866422 
R_PriorDraw_first_nu: 1.570741 
R-CCU: Before ClusterLabelChange for i = 24 newLabel= 1 currentLabel= 1 
R-CCU: sum(pointsPerCluster) = 1023 
 num [1:4] 1017 3 1 2
NULL
R-CCU: After ClusterLabelChange for i = 24 
R-CCU: sum(pointsPerCluster) = 1024 
 num [1:4] 1018 3 1 2
NULL
R-CCU: dpObj$numberClusters = 4 
List of 2
 $ : num [1, 1, 1:4] 0.343 0.552 0.698 0.838
 $ : num [1, 1, 1:4] 7.42 2.87 2.34 3.13
NULL
R priorParameters: 2 8 
R maxT: 1 
R_PriorDraw_first_mu: 0.2837646 
R_PriorDraw_first_nu: 1.515097 
R-CCU: Before ClusterLabelChange for i = 25 newLabel= 1 currentLabel= 1 
R-CCU: sum(pointsPerCluster) = 1024 
 num [1:4] 1018 3 1 2
NULL
R-CCU: After ClusterLabelChange for i = 25 
R-CCU: sum(pointsPerCluster) = 1025 
 num [1:4] 1019 3 1 2
NULL
R-CCU: dpObj$numberClusters = 4 
List of 2
 $ : num [1, 1, 1:4] 0.343 0.552 0.698 0.838
 $ : num [1, 1, 1:4] 7.42 2.87 2.34 3.13
NULL
R priorParameters: 2 8 
R maxT: 1 
R_PriorDraw_first_mu: 0.8575289 
R_PriorDraw_first_nu: 6.382758 
R-CCU: Before ClusterLabelChange for i = 26 newLabel= 1 currentLabel= 1 
R-CCU: sum(pointsPerCluster) = 1025 
 num [1:4] 1019 3 1 2
NULL
R-CCU: After ClusterLabelChange for i = 26 
R-CCU: sum(pointsPerCluster) = 1026 
 num [1:4] 1020 3 1 2
NULL
R-CCU: dpObj$numberClusters = 4 
List of 2
 $ : num [1, 1, 1:4] 0.343 0.552 0.698 0.838
 $ : num [1, 1, 1:4] 7.42 2.87 2.34 3.13
NULL
R priorParameters: 2 8 
R maxT: 1 
R_PriorDraw_first_mu: 0.5511371 
R_PriorDraw_first_nu: 5.110379 
R-CCU: Before ClusterLabelChange for i = 27 newLabel= 1 currentLabel= 1 
R-CCU: sum(pointsPerCluster) = 1026 
 num [1:4] 1020 3 1 2
NULL
R-CCU: After ClusterLabelChange for i = 27 
R-CCU: sum(pointsPerCluster) = 1027 
 num [1:4] 1021 3 1 2
NULL
R-CCU: dpObj$numberClusters = 4 
List of 2
 $ : num [1, 1, 1:4] 0.343 0.552 0.698 0.838
 $ : num [1, 1, 1:4] 7.42 2.87 2.34 3.13
NULL
R priorParameters: 2 8 
R maxT: 1 
R_PriorDraw_first_mu: 0.2655096 
R_PriorDraw_first_nu: 6.780194 
R-CCU: Before ClusterLabelChange for i = 28 newLabel= 1 currentLabel= 1 
R-CCU: sum(pointsPerCluster) = 1027 
 num [1:4] 1021 3 1 2
NULL
R-CCU: After ClusterLabelChange for i = 28 
R-CCU: sum(pointsPerCluster) = 1028 
 num [1:4] 1022 3 1 2
NULL
R-CCU: dpObj$numberClusters = 4 
List of 2
 $ : num [1, 1, 1:4] 0.343 0.552 0.698 0.838
 $ : num [1, 1, 1:4] 7.42 2.87 2.34 3.13
NULL
R priorParameters: 2 8 
R maxT: 1 
R_PriorDraw_first_mu: 0.6797361 
R_PriorDraw_first_nu: 2.736489 
R-CCU: Before ClusterLabelChange for i = 29 newLabel= 1 currentLabel= 1 
R-CCU: sum(pointsPerCluster) = 1028 
 num [1:4] 1022 3 1 2
NULL
R-CCU: After ClusterLabelChange for i = 29 
R-CCU: sum(pointsPerCluster) = 1029 
 num [1:4] 1023 3 1 2
NULL
R-CCU: dpObj$numberClusters = 4 
List of 2
 $ : num [1, 1, 1:4] 0.343 0.552 0.698 0.838
 $ : num [1, 1, 1:4] 7.42 2.87 2.34 3.13
NULL
R priorParameters: 2 8 
R maxT: 1 
R_PriorDraw_first_mu: 0.6256684 
R_PriorDraw_first_nu: 5.871523 
R-CCU: Before ClusterLabelChange for i = 30 newLabel= 1 currentLabel= 1 
R-CCU: sum(pointsPerCluster) = 1029 
 num [1:4] 1023 3 1 2
NULL
R-CCU: After ClusterLabelChange for i = 30 
R-CCU: sum(pointsPerCluster) = 1030 
 num [1:4] 1024 3 1 2
NULL
R-CCU: dpObj$numberClusters = 4 
List of 2
 $ : num [1, 1, 1:4] 0.343 0.552 0.698 0.838
 $ : num [1, 1, 1:4] 7.42 2.87 2.34 3.13
NULL
R priorParameters: 2 8 
R maxT: 1 
R_PriorDraw_first_mu: 0.7654977 
R_PriorDraw_first_nu: 5.380463 
R-CCU: Before ClusterLabelChange for i = 31 newLabel= 1 currentLabel= 1 
R-CCU: sum(pointsPerCluster) = 1030 
 num [1:4] 1024 3 1 2
NULL
R-CCU: After ClusterLabelChange for i = 31 
R-CCU: sum(pointsPerCluster) = 1031 
 num [1:4] 1025 3 1 2
NULL
R-CCU: dpObj$numberClusters = 4 
List of 2
 $ : num [1, 1, 1:4] 0.343 0.552 0.698 0.838
 $ : num [1, 1, 1:4] 7.42 2.87 2.34 3.13
NULL
R priorParameters: 2 8 
R maxT: 1 
R_PriorDraw_first_mu: 0.04689239 
R_PriorDraw_first_nu: 1.409404 
R-CCU: Before ClusterLabelChange for i = 32 newLabel= 1 currentLabel= 1 
R-CCU: sum(pointsPerCluster) = 1031 
 num [1:4] 1025 3 1 2
NULL
R-CCU: After ClusterLabelChange for i = 32 
R-CCU: sum(pointsPerCluster) = 1032 
 num [1:4] 1026 3 1 2
NULL
R-CCU: dpObj$numberClusters = 4 
List of 2
 $ : num [1, 1, 1:4] 0.343 0.552 0.698 0.838
 $ : num [1, 1, 1:4] 7.42 2.87 2.34 3.13
NULL
R priorParameters: 2 8 
R maxT: 1 
R_PriorDraw_first_mu: 0.9312094 
R_PriorDraw_first_nu: 9.334852 
R-CCU: Before ClusterLabelChange for i = 33 newLabel= 1 currentLabel= 1 
R-CCU: sum(pointsPerCluster) = 1032 
 num [1:4] 1026 3 1 2
NULL
R-CCU: After ClusterLabelChange for i = 33 
R-CCU: sum(pointsPerCluster) = 1033 
 num [1:4] 1027 3 1 2
NULL
R-CCU: dpObj$numberClusters = 4 
List of 2
 $ : num [1, 1, 1:4] 0.343 0.552 0.698 0.838
 $ : num [1, 1, 1:4] 7.42 2.87 2.34 3.13
NULL
R priorParameters: 2 8 
R maxT: 1 
R_PriorDraw_first_mu: 0.04721415 
R_PriorDraw_first_nu: 7.913374 
R-CCU: Before ClusterLabelChange for i = 34 newLabel= 1 currentLabel= 1 
R-CCU: sum(pointsPerCluster) = 1033 
 num [1:4] 1027 3 1 2
NULL
R-CCU: After ClusterLabelChange for i = 34 
R-CCU: sum(pointsPerCluster) = 1034 
 num [1:4] 1028 3 1 2
NULL
R-CCU: dpObj$numberClusters = 4 
List of 2
 $ : num [1, 1, 1:4] 0.343 0.552 0.698 0.838
 $ : num [1, 1, 1:4] 7.42 2.87 2.34 3.13
NULL
R priorParameters: 2 8 
R maxT: 1 
R_PriorDraw_first_mu: 0.04169214 
R_PriorDraw_first_nu: 3.306342 
R-CCU: Before ClusterLabelChange for i = 35 newLabel= 1 currentLabel= 1 
R-CCU: sum(pointsPerCluster) = 1034 
 num [1:4] 1028 3 1 2
NULL
R-CCU: After ClusterLabelChange for i = 35 
R-CCU: sum(pointsPerCluster) = 1035 
 num [1:4] 1029 3 1 2
NULL
R-CCU: dpObj$numberClusters = 4 
List of 2
 $ : num [1, 1, 1:4] 0.343 0.552 0.698 0.838
 $ : num [1, 1, 1:4] 7.42 2.87 2.34 3.13
NULL
R priorParameters: 2 8 
R maxT: 1 
R_PriorDraw_first_mu: 0.0690556 
R_PriorDraw_first_nu: 24.0786 
R-CCU: Before ClusterLabelChange for i = 36 newLabel= 1 currentLabel= 1 
R-CCU: sum(pointsPerCluster) = 1035 
 num [1:4] 1029 3 1 2
NULL
R-CCU: After ClusterLabelChange for i = 36 
R-CCU: sum(pointsPerCluster) = 1036 
 num [1:4] 1030 3 1 2
NULL
R-CCU: dpObj$numberClusters = 4 
List of 2
 $ : num [1, 1, 1:4] 0.343 0.552 0.698 0.838
 $ : num [1, 1, 1:4] 7.42 2.87 2.34 3.13
NULL
R priorParameters: 2 8 
R maxT: 1 
R_PriorDraw_first_mu: 0.1912188 
R_PriorDraw_first_nu: 13.89227 
R-CCU: Before ClusterLabelChange for i = 37 newLabel= 1 currentLabel= 1 
R-CCU: sum(pointsPerCluster) = 1036 
 num [1:4] 1030 3 1 2
NULL
R-CCU: After ClusterLabelChange for i = 37 
R-CCU: sum(pointsPerCluster) = 1037 
 num [1:4] 1031 3 1 2
NULL
R-CCU: dpObj$numberClusters = 4 
List of 2
 $ : num [1, 1, 1:4] 0.343 0.552 0.698 0.838
 $ : num [1, 1, 1:4] 7.42 2.87 2.34 3.13
NULL
R priorParameters: 2 8 
R maxT: 1 
R_PriorDraw_first_mu: 0.3417806 
R_PriorDraw_first_nu: 27.71954 
R-CCU: Before ClusterLabelChange for i = 38 newLabel= 1 currentLabel= 1 
R-CCU: sum(pointsPerCluster) = 1037 
 num [1:4] 1031 3 1 2
NULL
R-CCU: After ClusterLabelChange for i = 38 
R-CCU: sum(pointsPerCluster) = 1038 
 num [1:4] 1032 3 1 2
NULL
R-CCU: dpObj$numberClusters = 4 
List of 2
 $ : num [1, 1, 1:4] 0.343 0.552 0.698 0.838
 $ : num [1, 1, 1:4] 7.42 2.87 2.34 3.13
NULL
R priorParameters: 2 8 
R maxT: 1 
R_PriorDraw_first_mu: 0.2376246 
R_PriorDraw_first_nu: 4.038379 
R-CCU: Before ClusterLabelChange for i = 39 newLabel= 1 currentLabel= 1 
R-CCU: sum(pointsPerCluster) = 1038 
 num [1:4] 1032 3 1 2
NULL
R-CCU: After ClusterLabelChange for i = 39 
R-CCU: sum(pointsPerCluster) = 1039 
 num [1:4] 1033 3 1 2
NULL
R-CCU: dpObj$numberClusters = 4 
List of 2
 $ : num [1, 1, 1:4] 0.343 0.552 0.698 0.838
 $ : num [1, 1, 1:4] 7.42 2.87 2.34 3.13
NULL
R priorParameters: 2 8 
R maxT: 1 
R_PriorDraw_first_mu: 0.2717775 
R_PriorDraw_first_nu: 22.92921 
R-CCU: Before ClusterLabelChange for i = 40 newLabel= 1 currentLabel= 1 
R-CCU: sum(pointsPerCluster) = 1039 
 num [1:4] 1033 3 1 2
NULL
R-CCU: After ClusterLabelChange for i = 40 
R-CCU: sum(pointsPerCluster) = 1040 
 num [1:4] 1034 3 1 2
NULL
R-CCU: dpObj$numberClusters = 4 
List of 2
 $ : num [1, 1, 1:4] 0.343 0.552 0.698 0.838
 $ : num [1, 1, 1:4] 7.42 2.87 2.34 3.13
NULL
R priorParameters: 2 8 
R maxT: 1 
R_PriorDraw_first_mu: 0.2173324 
R_PriorDraw_first_nu: 7.037719 
R-CCU: Before ClusterLabelChange for i = 41 newLabel= 1 currentLabel= 1 
R-CCU: sum(pointsPerCluster) = 1040 
 num [1:4] 1034 3 1 2
NULL
R-CCU: After ClusterLabelChange for i = 41 
R-CCU: sum(pointsPerCluster) = 1041 
 num [1:4] 1035 3 1 2
NULL
R-CCU: dpObj$numberClusters = 4 
List of 2
 $ : num [1, 1, 1:4] 0.343 0.552 0.698 0.838
 $ : num [1, 1, 1:4] 7.42 2.87 2.34 3.13
NULL
R priorParameters: 2 8 
R maxT: 1 
R_PriorDraw_first_mu: 0.6101831 
R_PriorDraw_first_nu: 1.332931 
R-CCU: Before ClusterLabelChange for i = 42 newLabel= 1 currentLabel= 1 
R-CCU: sum(pointsPerCluster) = 1041 
 num [1:4] 1035 3 1 2
NULL
R-CCU: After ClusterLabelChange for i = 42 
R-CCU: sum(pointsPerCluster) = 1042 
 num [1:4] 1036 3 1 2
NULL
R-CCU: dpObj$numberClusters = 4 
List of 2
 $ : num [1, 1, 1:4] 0.343 0.552 0.698 0.838
 $ : num [1, 1, 1:4] 7.42 2.87 2.34 3.13
NULL
R priorParameters: 2 8 
R maxT: 1 
R_PriorDraw_first_mu: 0.6796978 
R_PriorDraw_first_nu: 5.825441 
R-CCU: Before ClusterLabelChange for i = 43 newLabel= 1 currentLabel= 1 
R-CCU: sum(pointsPerCluster) = 1042 
 num [1:4] 1036 3 1 2
NULL
R-CCU: After ClusterLabelChange for i = 43 
R-CCU: sum(pointsPerCluster) = 1043 
 num [1:4] 1037 3 1 2
NULL
R-CCU: dpObj$numberClusters = 4 
List of 2
 $ : num [1, 1, 1:4] 0.343 0.552 0.698 0.838
 $ : num [1, 1, 1:4] 7.42 2.87 2.34 3.13
NULL
R priorParameters: 2 8 
R maxT: 1 
R_PriorDraw_first_mu: 0.8111559 
R_PriorDraw_first_nu: 1.838767 
R-CCU: Before ClusterLabelChange for i = 44 newLabel= 1 currentLabel= 1 
R-CCU: sum(pointsPerCluster) = 1043 
 num [1:4] 1037 3 1 2
NULL
R-CCU: After ClusterLabelChange for i = 44 
R-CCU: sum(pointsPerCluster) = 1044 
 num [1:4] 1038 3 1 2
NULL
R-CCU: dpObj$numberClusters = 4 
List of 2
 $ : num [1, 1, 1:4] 0.343 0.552 0.698 0.838
 $ : num [1, 1, 1:4] 7.42 2.87 2.34 3.13
NULL
R priorParameters: 2 8 
R maxT: 1 
R_PriorDraw_first_mu: 0.08952726 
R_PriorDraw_first_nu: 6.694398 
R-CCU: Before ClusterLabelChange for i = 45 newLabel= 1 currentLabel= 1 
R-CCU: sum(pointsPerCluster) = 1044 
 num [1:4] 1038 3 1 2
NULL
R-CCU: After ClusterLabelChange for i = 45 
R-CCU: sum(pointsPerCluster) = 1045 
 num [1:4] 1039 3 1 2
NULL
R-CCU: dpObj$numberClusters = 4 
List of 2
 $ : num [1, 1, 1:4] 0.343 0.552 0.698 0.838
 $ : num [1, 1, 1:4] 7.42 2.87 2.34 3.13
NULL
R priorParameters: 2 8 
R maxT: 1 
R_PriorDraw_first_mu: 0.3047545 
R_PriorDraw_first_nu: 20.11064 
R-CCU: Before ClusterLabelChange for i = 46 newLabel= 1 currentLabel= 1 
R-CCU: sum(pointsPerCluster) = 1045 
 num [1:4] 1039 3 1 2
NULL
R-CCU: After ClusterLabelChange for i = 46 
R-CCU: sum(pointsPerCluster) = 1046 
 num [1:4] 1040 3 1 2
NULL
R-CCU: dpObj$numberClusters = 4 
List of 2
 $ : num [1, 1, 1:4] 0.343 0.552 0.698 0.838
 $ : num [1, 1, 1:4] 7.42 2.87 2.34 3.13
NULL
R priorParameters: 2 8 
R maxT: 1 
R_PriorDraw_first_mu: 0.3444867 
R_PriorDraw_first_nu: 25.79277 
R-CCU: Before ClusterLabelChange for i = 47 newLabel= 1 currentLabel= 1 
R-CCU: sum(pointsPerCluster) = 1046 
 num [1:4] 1040 3 1 2
NULL
R-CCU: After ClusterLabelChange for i = 47 
R-CCU: sum(pointsPerCluster) = 1047 
 num [1:4] 1041 3 1 2
NULL
R-CCU: dpObj$numberClusters = 4 
List of 2
 $ : num [1, 1, 1:4] 0.343 0.552 0.698 0.838
 $ : num [1, 1, 1:4] 7.42 2.87 2.34 3.13
NULL
R priorParameters: 2 8 
R maxT: 1 
R_PriorDraw_first_mu: 0.8950932 
R_PriorDraw_first_nu: 9.09386 
R-CCU: Before ClusterLabelChange for i = 48 newLabel= 1 currentLabel= 1 
R-CCU: sum(pointsPerCluster) = 1047 
 num [1:4] 1041 3 1 2
NULL
R-CCU: After ClusterLabelChange for i = 48 
R-CCU: sum(pointsPerCluster) = 1048 
 num [1:4] 1042 3 1 2
NULL
R-CCU: dpObj$numberClusters = 4 
List of 2
 $ : num [1, 1, 1:4] 0.343 0.552 0.698 0.838
 $ : num [1, 1, 1:4] 7.42 2.87 2.34 3.13
NULL
R priorParameters: 2 8 
R maxT: 1 
R_PriorDraw_first_mu: 0.7137397 
R_PriorDraw_first_nu: 8.519046 
R-CCU: Before ClusterLabelChange for i = 49 newLabel= 1 currentLabel= 1 
R-CCU: sum(pointsPerCluster) = 1048 
 num [1:4] 1042 3 1 2
NULL
R-CCU: After ClusterLabelChange for i = 49 
R-CCU: sum(pointsPerCluster) = 1049 
 num [1:4] 1043 3 1 2
NULL
R-CCU: dpObj$numberClusters = 4 
List of 2
 $ : num [1, 1, 1:4] 0.343 0.552 0.698 0.838
 $ : num [1, 1, 1:4] 7.42 2.87 2.34 3.13
NULL
R priorParameters: 2 8 
R maxT: 1 
R_PriorDraw_first_mu: 0.04875545 
R_PriorDraw_first_nu: 11.2054 
R-CCU: Before ClusterLabelChange for i = 50 newLabel= 1 currentLabel= 1 
R-CCU: sum(pointsPerCluster) = 1049 
 num [1:4] 1043 3 1 2
NULL
R-CCU: After ClusterLabelChange for i = 50 
R-CCU: sum(pointsPerCluster) = 1050 
 num [1:4] 1044 3 1 2
NULL
R-CCU: dpObj$numberClusters = 4 
List of 2
 $ : num [1, 1, 1:4] 0.343 0.552 0.698 0.838
 $ : num [1, 1, 1:4] 7.42 2.87 2.34 3.13
NULL
R priorParameters: 2 8 
R maxT: 1 
R_PriorDraw_first_mu: 0.9716908 
R_PriorDraw_first_nu: 1.176194 
R-CCU: Before ClusterLabelChange for i = 51 newLabel= 1 currentLabel= 1 
R-CCU: sum(pointsPerCluster) = 1050 
 num [1:4] 1044 3 1 2
NULL
R-CCU: After ClusterLabelChange for i = 51 
R-CCU: sum(pointsPerCluster) = 1051 
 num [1:4] 1045 3 1 2
NULL
R-CCU: dpObj$numberClusters = 4 
List of 2
 $ : num [1, 1, 1:4] 0.343 0.552 0.698 0.838
 $ : num [1, 1, 1:4] 7.42 2.87 2.34 3.13
NULL
R priorParameters: 2 8 
R maxT: 1 
R_PriorDraw_first_mu: 0.5547963 
R_PriorDraw_first_nu: 2.663868 
R-CCU: Before ClusterLabelChange for i = 52 newLabel= 1 currentLabel= 1 
R-CCU: sum(pointsPerCluster) = 1051 
 num [1:4] 1045 3 1 2
NULL
R-CCU: After ClusterLabelChange for i = 52 
R-CCU: sum(pointsPerCluster) = 1052 
 num [1:4] 1046 3 1 2
NULL
R-CCU: dpObj$numberClusters = 4 
List of 2
 $ : num [1, 1, 1:4] 0.343 0.552 0.698 0.838
 $ : num [1, 1, 1:4] 7.42 2.87 2.34 3.13
NULL
R priorParameters: 2 8 
R maxT: 1 
R_PriorDraw_first_mu: 0.4288765 
R_PriorDraw_first_nu: 0.8978647 
R-CCU: Before ClusterLabelChange for i = 53 newLabel= 1 currentLabel= 1 
R-CCU: sum(pointsPerCluster) = 1052 
 num [1:4] 1046 3 1 2
NULL
R-CCU: After ClusterLabelChange for i = 53 
R-CCU: sum(pointsPerCluster) = 1053 
 num [1:4] 1047 3 1 2
NULL
R-CCU: dpObj$numberClusters = 4 
List of 2
 $ : num [1, 1, 1:4] 0.343 0.552 0.698 0.838
 $ : num [1, 1, 1:4] 7.42 2.87 2.34 3.13
NULL
R priorParameters: 2 8 
R maxT: 1 
R_PriorDraw_first_mu: 0.6396972 
R_PriorDraw_first_nu: 20.5696 
R-CCU: Before ClusterLabelChange for i = 54 newLabel= 1 currentLabel= 1 
R-CCU: sum(pointsPerCluster) = 1053 
 num [1:4] 1047 3 1 2
NULL
R-CCU: After ClusterLabelChange for i = 54 
R-CCU: sum(pointsPerCluster) = 1054 
 num [1:4] 1048 3 1 2
NULL
R-CCU: dpObj$numberClusters = 4 
List of 2
 $ : num [1, 1, 1:4] 0.343 0.552 0.698 0.838
 $ : num [1, 1, 1:4] 7.42 2.87 2.34 3.13
NULL
R priorParameters: 2 8 
R maxT: 1 
R_PriorDraw_first_mu: 0.8365523 
R_PriorDraw_first_nu: 1.51701 
R-CCU: Before ClusterLabelChange for i = 55 newLabel= 1 currentLabel= 1 
R-CCU: sum(pointsPerCluster) = 1054 
 num [1:4] 1048 3 1 2
NULL
R-CCU: After ClusterLabelChange for i = 55 
R-CCU: sum(pointsPerCluster) = 1055 
 num [1:4] 1049 3 1 2
NULL
R-CCU: dpObj$numberClusters = 4 
List of 2
 $ : num [1, 1, 1:4] 0.343 0.552 0.698 0.838
 $ : num [1, 1, 1:4] 7.42 2.87 2.34 3.13
NULL
R priorParameters: 2 8 
R maxT: 1 
R_PriorDraw_first_mu: 0.1339319 
R_PriorDraw_first_nu: 24.48012 
R-CCU: Before ClusterLabelChange for i = 56 newLabel= 1 currentLabel= 1 
R-CCU: sum(pointsPerCluster) = 1055 
 num [1:4] 1049 3 1 2
NULL
R-CCU: After ClusterLabelChange for i = 56 
R-CCU: sum(pointsPerCluster) = 1056 
 num [1:4] 1050 3 1 2
NULL
R-CCU: dpObj$numberClusters = 4 
List of 2
 $ : num [1, 1, 1:4] 0.343 0.552 0.698 0.838
 $ : num [1, 1, 1:4] 7.42 2.87 2.34 3.13
NULL
R priorParameters: 2 8 
R maxT: 1 
R_PriorDraw_first_mu: 0.5856639 
R_PriorDraw_first_nu: 4.62795 
R-CCU: Before ClusterLabelChange for i = 57 newLabel= 1 currentLabel= 1 
R-CCU: sum(pointsPerCluster) = 1056 
 num [1:4] 1050 3 1 2
NULL
R-CCU: After ClusterLabelChange for i = 57 
R-CCU: sum(pointsPerCluster) = 1057 
 num [1:4] 1051 3 1 2
NULL
R-CCU: dpObj$numberClusters = 4 
List of 2
 $ : num [1, 1, 1:4] 0.343 0.552 0.698 0.838
 $ : num [1, 1, 1:4] 7.42 2.87 2.34 3.13
NULL
R priorParameters: 2 8 
R maxT: 1 
R_PriorDraw_first_mu: 0.9262045 
R_PriorDraw_first_nu: 2.055544 
R-CCU: Before ClusterLabelChange for i = 58 newLabel= 1 currentLabel= 1 
R-CCU: sum(pointsPerCluster) = 1057 
 num [1:4] 1051 3 1 2
NULL
R-CCU: After ClusterLabelChange for i = 58 
R-CCU: sum(pointsPerCluster) = 1058 
 num [1:4] 1052 3 1 2
NULL
R-CCU: dpObj$numberClusters = 4 
List of 2
 $ : num [1, 1, 1:4] 0.343 0.552 0.698 0.838
 $ : num [1, 1, 1:4] 7.42 2.87 2.34 3.13
NULL
R priorParameters: 2 8 
R maxT: 1 
R_PriorDraw_first_mu: 0.8614746 
R_PriorDraw_first_nu: 6.710162 
R-CCU: Before ClusterLabelChange for i = 59 newLabel= 1 currentLabel= 1 
R-CCU: sum(pointsPerCluster) = 1058 
 num [1:4] 1052 3 1 2
NULL
R-CCU: After ClusterLabelChange for i = 59 
R-CCU: sum(pointsPerCluster) = 1059 
 num [1:4] 1053 3 1 2
NULL
R-CCU: dpObj$numberClusters = 4 
List of 2
 $ : num [1, 1, 1:4] 0.343 0.552 0.698 0.838
 $ : num [1, 1, 1:4] 7.42 2.87 2.34 3.13
NULL
R priorParameters: 2 8 
R maxT: 1 
R_PriorDraw_first_mu: 0.7224138 
R_PriorDraw_first_nu: 25.33322 
R-CCU: Before ClusterLabelChange for i = 60 newLabel= 1 currentLabel= 1 
R-CCU: sum(pointsPerCluster) = 1059 
 num [1:4] 1053 3 1 2
NULL
R-CCU: After ClusterLabelChange for i = 60 
R-CCU: sum(pointsPerCluster) = 1060 
 num [1:4] 1054 3 1 2
NULL
R-CCU: dpObj$numberClusters = 4 
List of 2
 $ : num [1, 1, 1:4] 0.343 0.552 0.698 0.838
 $ : num [1, 1, 1:4] 7.42 2.87 2.34 3.13
NULL
R priorParameters: 2 8 
R maxT: 1 
R_PriorDraw_first_mu: 0.6498101 
R_PriorDraw_first_nu: 4.155822 
R-CCU: Before ClusterLabelChange for i = 61 newLabel= 1 currentLabel= 1 
R-CCU: sum(pointsPerCluster) = 1060 
 num [1:4] 1054 3 1 2
NULL
R-CCU: After ClusterLabelChange for i = 61 
R-CCU: sum(pointsPerCluster) = 1061 
 num [1:4] 1055 3 1 2
NULL
R-CCU: dpObj$numberClusters = 4 
List of 2
 $ : num [1, 1, 1:4] 0.343 0.552 0.698 0.838
 $ : num [1, 1, 1:4] 7.42 2.87 2.34 3.13
NULL
R priorParameters: 2 8 
R maxT: 1 
R_PriorDraw_first_mu: 0.1961987 
R_PriorDraw_first_nu: 5.056296 
R-CCU: Before ClusterLabelChange for i = 62 newLabel= 1 currentLabel= 1 
R-CCU: sum(pointsPerCluster) = 1061 
 num [1:4] 1055 3 1 2
NULL
R-CCU: After ClusterLabelChange for i = 62 
R-CCU: sum(pointsPerCluster) = 1062 
 num [1:4] 1056 3 1 2
NULL
R-CCU: dpObj$numberClusters = 4 
List of 2
 $ : num [1, 1, 1:4] 0.343 0.552 0.698 0.838
 $ : num [1, 1, 1:4] 7.42 2.87 2.34 3.13
NULL
R priorParameters: 2 8 
R maxT: 1 
R_PriorDraw_first_mu: 0.3333719 
R_PriorDraw_first_nu: 2.963345 
R-CCU: Before ClusterLabelChange for i = 63 newLabel= 1 currentLabel= 1 
R-CCU: sum(pointsPerCluster) = 1062 
 num [1:4] 1056 3 1 2
NULL
R-CCU: After ClusterLabelChange for i = 63 
R-CCU: sum(pointsPerCluster) = 1063 
 num [1:4] 1057 3 1 2
NULL
R-CCU: dpObj$numberClusters = 4 
List of 2
 $ : num [1, 1, 1:4] 0.343 0.552 0.698 0.838
 $ : num [1, 1, 1:4] 7.42 2.87 2.34 3.13
NULL
R priorParameters: 2 8 
R maxT: 1 
R_PriorDraw_first_mu: 0.09160719 
R_PriorDraw_first_nu: 5.402237 
R-CCU: Before ClusterLabelChange for i = 64 newLabel= 1 currentLabel= 1 
R-CCU: sum(pointsPerCluster) = 1063 
 num [1:4] 1057 3 1 2
NULL
R-CCU: After ClusterLabelChange for i = 64 
R-CCU: sum(pointsPerCluster) = 1064 
 num [1:4] 1058 3 1 2
NULL
R-CCU: dpObj$numberClusters = 4 
List of 2
 $ : num [1, 1, 1:4] 0.343 0.552 0.698 0.838
 $ : num [1, 1, 1:4] 7.42 2.87 2.34 3.13
NULL
R priorParameters: 2 8 
R maxT: 1 
R_PriorDraw_first_mu: 0.1446928 
R_PriorDraw_first_nu: 3.723926 
R-CCU: Before ClusterLabelChange for i = 65 newLabel= 1 currentLabel= 1 
R-CCU: sum(pointsPerCluster) = 1064 
 num [1:4] 1058 3 1 2
NULL
R-CCU: After ClusterLabelChange for i = 65 
R-CCU: sum(pointsPerCluster) = 1065 
 num [1:4] 1059 3 1 2
NULL
R-CCU: dpObj$numberClusters = 4 
List of 2
 $ : num [1, 1, 1:4] 0.343 0.552 0.698 0.838
 $ : num [1, 1, 1:4] 7.42 2.87 2.34 3.13
NULL
R priorParameters: 2 8 
R maxT: 1 
R_PriorDraw_first_mu: 0.7516216 
R_PriorDraw_first_nu: 3.276288 
R-CCU: Before ClusterLabelChange for i = 66 newLabel= 1 currentLabel= 1 
R-CCU: sum(pointsPerCluster) = 1065 
 num [1:4] 1059 3 1 2
NULL
R-CCU: After ClusterLabelChange for i = 66 
R-CCU: sum(pointsPerCluster) = 1066 
 num [1:4] 1060 3 1 2
NULL
R-CCU: dpObj$numberClusters = 4 
List of 2
 $ : num [1, 1, 1:4] 0.343 0.552 0.698 0.838
 $ : num [1, 1, 1:4] 7.42 2.87 2.34 3.13
NULL
R priorParameters: 2 8 
R maxT: 1 
R_PriorDraw_first_mu: 0.1048321 
R_PriorDraw_first_nu: 6.127234 
R-CCU: Before ClusterLabelChange for i = 67 newLabel= 1 currentLabel= 1 
R-CCU: sum(pointsPerCluster) = 1066 
 num [1:4] 1060 3 1 2
NULL
R-CCU: After ClusterLabelChange for i = 67 
R-CCU: sum(pointsPerCluster) = 1067 
 num [1:4] 1061 3 1 2
NULL
R-CCU: dpObj$numberClusters = 4 
List of 2
 $ : num [1, 1, 1:4] 0.343 0.552 0.698 0.838
 $ : num [1, 1, 1:4] 7.42 2.87 2.34 3.13
NULL
R priorParameters: 2 8 
R maxT: 1 
R_PriorDraw_first_mu: 0.03125581 
R_PriorDraw_first_nu: 6.37906 
R-CCU: Before ClusterLabelChange for i = 68 newLabel= 1 currentLabel= 1 
R-CCU: sum(pointsPerCluster) = 1067 
 num [1:4] 1061 3 1 2
NULL
R-CCU: After ClusterLabelChange for i = 68 
R-CCU: sum(pointsPerCluster) = 1068 
 num [1:4] 1062 3 1 2
NULL
R-CCU: dpObj$numberClusters = 4 
List of 2
 $ : num [1, 1, 1:4] 0.343 0.552 0.698 0.838
 $ : num [1, 1, 1:4] 7.42 2.87 2.34 3.13
NULL
R priorParameters: 2 8 
R maxT: 1 
R_PriorDraw_first_mu: 0.2598887 
R_PriorDraw_first_nu: 1.790124 
R-CCU: Before ClusterLabelChange for i = 69 newLabel= 1 currentLabel= 1 
R-CCU: sum(pointsPerCluster) = 1068 
 num [1:4] 1062 3 1 2
NULL
R-CCU: After ClusterLabelChange for i = 69 
R-CCU: sum(pointsPerCluster) = 1069 
 num [1:4] 1063 3 1 2
NULL
R-CCU: dpObj$numberClusters = 4 
List of 2
 $ : num [1, 1, 1:4] 0.343 0.552 0.698 0.838
 $ : num [1, 1, 1:4] 7.42 2.87 2.34 3.13
NULL
R priorParameters: 2 8 
R maxT: 1 
R_PriorDraw_first_mu: 0.2908229 
R_PriorDraw_first_nu: 18.00519 
R-CCU: Before ClusterLabelChange for i = 70 newLabel= 1 currentLabel= 1 
R-CCU: sum(pointsPerCluster) = 1069 
 num [1:4] 1063 3 1 2
NULL
R-CCU: After ClusterLabelChange for i = 70 
R-CCU: sum(pointsPerCluster) = 1070 
 num [1:4] 1064 3 1 2
NULL
R-CCU: dpObj$numberClusters = 4 
List of 2
 $ : num [1, 1, 1:4] 0.343 0.552 0.698 0.838
 $ : num [1, 1, 1:4] 7.42 2.87 2.34 3.13
NULL
R priorParameters: 2 8 
R maxT: 1 
R_PriorDraw_first_mu: 0.1554347 
R_PriorDraw_first_nu: 2.423788 
R-CCU: Before ClusterLabelChange for i = 71 newLabel= 1 currentLabel= 1 
R-CCU: sum(pointsPerCluster) = 1070 
 num [1:4] 1064 3 1 2
NULL
R-CCU: After ClusterLabelChange for i = 71 
R-CCU: sum(pointsPerCluster) = 1071 
 num [1:4] 1065 3 1 2
NULL
R-CCU: dpObj$numberClusters = 4 
List of 2
 $ : num [1, 1, 1:4] 0.343 0.552 0.698 0.838
 $ : num [1, 1, 1:4] 7.42 2.87 2.34 3.13
NULL
R priorParameters: 2 8 
R maxT: 1 
R_PriorDraw_first_mu: 0.02409112 
R_PriorDraw_first_nu: 2.468427 
R-CCU: Before ClusterLabelChange for i = 72 newLabel= 1 currentLabel= 1 
R-CCU: sum(pointsPerCluster) = 1071 
 num [1:4] 1065 3 1 2
NULL
R-CCU: After ClusterLabelChange for i = 72 
R-CCU: sum(pointsPerCluster) = 1072 
 num [1:4] 1066 3 1 2
NULL
R-CCU: dpObj$numberClusters = 4 
List of 2
 $ : num [1, 1, 1:4] 0.343 0.552 0.698 0.838
 $ : num [1, 1, 1:4] 7.42 2.87 2.34 3.13
NULL
R priorParameters: 2 8 
R maxT: 1 
R_PriorDraw_first_mu: 0.8499021 
R_PriorDraw_first_nu: 3.591824 
R-CCU: Before ClusterLabelChange for i = 73 newLabel= 1 currentLabel= 1 
R-CCU: sum(pointsPerCluster) = 1072 
 num [1:4] 1066 3 1 2
NULL
R-CCU: After ClusterLabelChange for i = 73 
R-CCU: sum(pointsPerCluster) = 1073 
 num [1:4] 1067 3 1 2
NULL
R-CCU: dpObj$numberClusters = 4 
List of 2
 $ : num [1, 1, 1:4] 0.343 0.552 0.698 0.838
 $ : num [1, 1, 1:4] 7.42 2.87 2.34 3.13
NULL
R priorParameters: 2 8 
R maxT: 1 
R_PriorDraw_first_mu: 0.1158965 
R_PriorDraw_first_nu: 8.911463 
R-CCU: Before ClusterLabelChange for i = 74 newLabel= 1 currentLabel= 1 
R-CCU: sum(pointsPerCluster) = 1073 
 num [1:4] 1067 3 1 2
NULL
R-CCU: After ClusterLabelChange for i = 74 
R-CCU: sum(pointsPerCluster) = 1074 
 num [1:4] 1068 3 1 2
NULL
R-CCU: dpObj$numberClusters = 4 
List of 2
 $ : num [1, 1, 1:4] 0.343 0.552 0.698 0.838
 $ : num [1, 1, 1:4] 7.42 2.87 2.34 3.13
NULL
R priorParameters: 2 8 
R maxT: 1 
R_PriorDraw_first_mu: 0.329555 
R_PriorDraw_first_nu: 6.853504 
R-CCU: Before ClusterLabelChange for i = 75 newLabel= 1 currentLabel= 1 
R-CCU: sum(pointsPerCluster) = 1074 
 num [1:4] 1068 3 1 2
NULL
R-CCU: After ClusterLabelChange for i = 75 
R-CCU: sum(pointsPerCluster) = 1075 
 num [1:4] 1069 3 1 2
NULL
R-CCU: dpObj$numberClusters = 4 
List of 2
 $ : num [1, 1, 1:4] 0.343 0.552 0.698 0.838
 $ : num [1, 1, 1:4] 7.42 2.87 2.34 3.13
NULL
R priorParameters: 2 8 
R maxT: 1 
R_PriorDraw_first_mu: 0.5220256 
R_PriorDraw_first_nu: 3.639289 
R-CCU: Before ClusterLabelChange for i = 76 newLabel= 1 currentLabel= 1 
R-CCU: sum(pointsPerCluster) = 1075 
 num [1:4] 1069 3 1 2
NULL
R-CCU: After ClusterLabelChange for i = 76 
R-CCU: sum(pointsPerCluster) = 1076 
 num [1:4] 1070 3 1 2
NULL
R-CCU: dpObj$numberClusters = 4 
List of 2
 $ : num [1, 1, 1:4] 0.343 0.552 0.698 0.838
 $ : num [1, 1, 1:4] 7.42 2.87 2.34 3.13
NULL
R priorParameters: 2 8 
R maxT: 1 
R_PriorDraw_first_mu: 0.1559821 
R_PriorDraw_first_nu: 5.459769 
R-CCU: Before ClusterLabelChange for i = 77 newLabel= 1 currentLabel= 1 
R-CCU: sum(pointsPerCluster) = 1076 
 num [1:4] 1070 3 1 2
NULL
R-CCU: After ClusterLabelChange for i = 77 
R-CCU: sum(pointsPerCluster) = 1077 
 num [1:4] 1071 3 1 2
NULL
R-CCU: dpObj$numberClusters = 4 
List of 2
 $ : num [1, 1, 1:4] 0.343 0.552 0.698 0.838
 $ : num [1, 1, 1:4] 7.42 2.87 2.34 3.13
NULL
R priorParameters: 2 8 
R maxT: 1 
R_PriorDraw_first_mu: 0.9293236 
R_PriorDraw_first_nu: 4.299593 
R-CCU: Before ClusterLabelChange for i = 78 newLabel= 1 currentLabel= 1 
R-CCU: sum(pointsPerCluster) = 1077 
 num [1:4] 1071 3 1 2
NULL
R-CCU: After ClusterLabelChange for i = 78 
R-CCU: sum(pointsPerCluster) = 1078 
 num [1:4] 1072 3 1 2
NULL
R-CCU: dpObj$numberClusters = 4 
List of 2
 $ : num [1, 1, 1:4] 0.343 0.552 0.698 0.838
 $ : num [1, 1, 1:4] 7.42 2.87 2.34 3.13
NULL
R priorParameters: 2 8 
R maxT: 1 
R_PriorDraw_first_mu: 0.4064366 
R_PriorDraw_first_nu: 4.177473 
R-CCU: Before ClusterLabelChange for i = 79 newLabel= 1 currentLabel= 1 
R-CCU: sum(pointsPerCluster) = 1078 
 num [1:4] 1072 3 1 2
NULL
R-CCU: After ClusterLabelChange for i = 79 
R-CCU: sum(pointsPerCluster) = 1079 
 num [1:4] 1073 3 1 2
NULL
R-CCU: dpObj$numberClusters = 4 
List of 2
 $ : num [1, 1, 1:4] 0.343 0.552 0.698 0.838
 $ : num [1, 1, 1:4] 7.42 2.87 2.34 3.13
NULL
R priorParameters: 2 8 
R maxT: 1 
R_PriorDraw_first_mu: 0.2092164 
R_PriorDraw_first_nu: 2.157652 
R-CCU: Before ClusterLabelChange for i = 80 newLabel= 1 currentLabel= 1 
R-CCU: sum(pointsPerCluster) = 1079 
 num [1:4] 1073 3 1 2
NULL
R-CCU: After ClusterLabelChange for i = 80 
R-CCU: sum(pointsPerCluster) = 1080 
 num [1:4] 1074 3 1 2
NULL
R-CCU: dpObj$numberClusters = 4 
List of 2
 $ : num [1, 1, 1:4] 0.343 0.552 0.698 0.838
 $ : num [1, 1, 1:4] 7.42 2.87 2.34 3.13
NULL
R priorParameters: 2 8 
R maxT: 1 
R_PriorDraw_first_mu: 0.6262563 
R_PriorDraw_first_nu: 2.501816 
R-CCU: Before ClusterLabelChange for i = 81 newLabel= 1 currentLabel= 1 
R-CCU: sum(pointsPerCluster) = 1080 
 num [1:4] 1074 3 1 2
NULL
R-CCU: After ClusterLabelChange for i = 81 
R-CCU: sum(pointsPerCluster) = 1081 
 num [1:4] 1075 3 1 2
NULL
R-CCU: dpObj$numberClusters = 4 
List of 2
 $ : num [1, 1, 1:4] 0.343 0.552 0.698 0.838
 $ : num [1, 1, 1:4] 7.42 2.87 2.34 3.13
NULL
R priorParameters: 2 8 
R maxT: 1 
R_PriorDraw_first_mu: 0.841433 
R_PriorDraw_first_nu: 6.094358 
R-CCU: Before ClusterLabelChange for i = 82 newLabel= 1 currentLabel= 1 
R-CCU: sum(pointsPerCluster) = 1081 
 num [1:4] 1075 3 1 2
NULL
R-CCU: After ClusterLabelChange for i = 82 
R-CCU: sum(pointsPerCluster) = 1082 
 num [1:4] 1076 3 1 2
NULL
R-CCU: dpObj$numberClusters = 4 
List of 2
 $ : num [1, 1, 1:4] 0.343 0.552 0.698 0.838
 $ : num [1, 1, 1:4] 7.42 2.87 2.34 3.13
NULL
R priorParameters: 2 8 
R maxT: 1 
R_PriorDraw_first_mu: 0.4684635 
R_PriorDraw_first_nu: 3.232605 
R-CCU: Before ClusterLabelChange for i = 83 newLabel= 1 currentLabel= 1 
R-CCU: sum(pointsPerCluster) = 1082 
 num [1:4] 1076 3 1 2
NULL
R-CCU: After ClusterLabelChange for i = 83 
R-CCU: sum(pointsPerCluster) = 1083 
 num [1:4] 1077 3 1 2
NULL
R-CCU: dpObj$numberClusters = 4 
List of 2
 $ : num [1, 1, 1:4] 0.343 0.552 0.698 0.838
 $ : num [1, 1, 1:4] 7.42 2.87 2.34 3.13
NULL
R priorParameters: 2 8 
R maxT: 1 
R_PriorDraw_first_mu: 0.6438045 
R_PriorDraw_first_nu: 11.48232 
R-CCU: Before ClusterLabelChange for i = 84 newLabel= 1 currentLabel= 1 
R-CCU: sum(pointsPerCluster) = 1083 
 num [1:4] 1077 3 1 2
NULL
R-CCU: After ClusterLabelChange for i = 84 
R-CCU: sum(pointsPerCluster) = 1084 
 num [1:4] 1078 3 1 2
NULL
R-CCU: dpObj$numberClusters = 4 
List of 2
 $ : num [1, 1, 1:4] 0.343 0.552 0.698 0.838
 $ : num [1, 1, 1:4] 7.42 2.87 2.34 3.13
NULL
R priorParameters: 2 8 
R maxT: 1 
R_PriorDraw_first_mu: 0.9456685 
R_PriorDraw_first_nu: 6.573999 
R-CCU: Before ClusterLabelChange for i = 85 newLabel= 1 currentLabel= 1 
R-CCU: sum(pointsPerCluster) = 1084 
 num [1:4] 1078 3 1 2
NULL
R-CCU: After ClusterLabelChange for i = 85 
R-CCU: sum(pointsPerCluster) = 1085 
 num [1:4] 1079 3 1 2
NULL
R-CCU: dpObj$numberClusters = 4 
List of 2
 $ : num [1, 1, 1:4] 0.343 0.552 0.698 0.838
 $ : num [1, 1, 1:4] 7.42 2.87 2.34 3.13
NULL
R priorParameters: 2 8 
R maxT: 1 
R_PriorDraw_first_mu: 0.6049811 
R_PriorDraw_first_nu: 28.84776 
R-CCU: Before ClusterLabelChange for i = 86 newLabel= 1 currentLabel= 1 
R-CCU: sum(pointsPerCluster) = 1085 
 num [1:4] 1079 3 1 2
NULL
R-CCU: After ClusterLabelChange for i = 86 
R-CCU: sum(pointsPerCluster) = 1086 
 num [1:4] 1080 3 1 2
NULL
R-CCU: dpObj$numberClusters = 4 
List of 2
 $ : num [1, 1, 1:4] 0.343 0.552 0.698 0.838
 $ : num [1, 1, 1:4] 7.42 2.87 2.34 3.13
NULL
R priorParameters: 2 8 
R maxT: 1 
R_PriorDraw_first_mu: 0.2114908 
R_PriorDraw_first_nu: 6.726219 
R-CCU: Before ClusterLabelChange for i = 87 newLabel= 1 currentLabel= 1 
R-CCU: sum(pointsPerCluster) = 1086 
 num [1:4] 1080 3 1 2
NULL
R-CCU: After ClusterLabelChange for i = 87 
R-CCU: sum(pointsPerCluster) = 1087 
 num [1:4] 1081 3 1 2
NULL
R-CCU: dpObj$numberClusters = 4 
List of 2
 $ : num [1, 1, 1:4] 0.343 0.552 0.698 0.838
 $ : num [1, 1, 1:4] 7.42 2.87 2.34 3.13
NULL
R priorParameters: 2 8 
R maxT: 1 
R_PriorDraw_first_mu: 0.4666312 
R_PriorDraw_first_nu: 2.006646 
R-CCU: Before ClusterLabelChange for i = 88 newLabel= 1 currentLabel= 1 
R-CCU: sum(pointsPerCluster) = 1087 
 num [1:4] 1081 3 1 2
NULL
R-CCU: After ClusterLabelChange for i = 88 
R-CCU: sum(pointsPerCluster) = 1088 
 num [1:4] 1082 3 1 2
NULL
R-CCU: dpObj$numberClusters = 4 
List of 2
 $ : num [1, 1, 1:4] 0.343 0.552 0.698 0.838
 $ : num [1, 1, 1:4] 7.42 2.87 2.34 3.13
NULL
R priorParameters: 2 8 
R maxT: 1 
R_PriorDraw_first_mu: 0.9416933 
R_PriorDraw_first_nu: 3.645013 
R-CCU: Before ClusterLabelChange for i = 89 newLabel= 1 currentLabel= 1 
R-CCU: sum(pointsPerCluster) = 1088 
 num [1:4] 1082 3 1 2
NULL
R-CCU: After ClusterLabelChange for i = 89 
R-CCU: sum(pointsPerCluster) = 1089 
 num [1:4] 1083 3 1 2
NULL
R-CCU: dpObj$numberClusters = 4 
List of 2
 $ : num [1, 1, 1:4] 0.343 0.552 0.698 0.838
 $ : num [1, 1, 1:4] 7.42 2.87 2.34 3.13
NULL
R priorParameters: 2 8 
R maxT: 1 
R_PriorDraw_first_mu: 0.1994639 
R_PriorDraw_first_nu: 12.3597 
R-CCU: Before ClusterLabelChange for i = 90 newLabel= 1 currentLabel= 1 
R-CCU: sum(pointsPerCluster) = 1089 
 num [1:4] 1083 3 1 2
NULL
R-CCU: After ClusterLabelChange for i = 90 
R-CCU: sum(pointsPerCluster) = 1090 
 num [1:4] 1084 3 1 2
NULL
R-CCU: dpObj$numberClusters = 4 
List of 2
 $ : num [1, 1, 1:4] 0.343 0.552 0.698 0.838
 $ : num [1, 1, 1:4] 7.42 2.87 2.34 3.13
NULL
R priorParameters: 2 8 
R maxT: 1 
R_PriorDraw_first_mu: 0.6211378 
R_PriorDraw_first_nu: 5.460693 
R-CCU: Before ClusterLabelChange for i = 91 newLabel= 1 currentLabel= 1 
R-CCU: sum(pointsPerCluster) = 1090 
 num [1:4] 1084 3 1 2
NULL
R-CCU: After ClusterLabelChange for i = 91 
R-CCU: sum(pointsPerCluster) = 1091 
 num [1:4] 1085 3 1 2
NULL
R-CCU: dpObj$numberClusters = 4 
List of 2
 $ : num [1, 1, 1:4] 0.343 0.552 0.698 0.838
 $ : num [1, 1, 1:4] 7.42 2.87 2.34 3.13
NULL
R priorParameters: 2 8 
R maxT: 1 
R_PriorDraw_first_mu: 0.5123117 
R_PriorDraw_first_nu: 48.95212 
R-CCU: Before ClusterLabelChange for i = 92 newLabel= 1 currentLabel= 1 
R-CCU: sum(pointsPerCluster) = 1091 
 num [1:4] 1085 3 1 2
NULL
R-CCU: After ClusterLabelChange for i = 92 
R-CCU: sum(pointsPerCluster) = 1092 
 num [1:4] 1086 3 1 2
NULL
R-CCU: dpObj$numberClusters = 4 
List of 2
 $ : num [1, 1, 1:4] 0.343 0.552 0.698 0.838
 $ : num [1, 1, 1:4] 7.42 2.87 2.34 3.13
NULL
R priorParameters: 2 8 
R maxT: 1 
R_PriorDraw_first_mu: 0.6932458 
R_PriorDraw_first_nu: 18.985 
R-CCU: Before ClusterLabelChange for i = 93 newLabel= 1 currentLabel= 1 
R-CCU: sum(pointsPerCluster) = 1092 
 num [1:4] 1086 3 1 2
NULL
R-CCU: After ClusterLabelChange for i = 93 
R-CCU: sum(pointsPerCluster) = 1093 
 num [1:4] 1087 3 1 2
NULL
R-CCU: dpObj$numberClusters = 4 
List of 2
 $ : num [1, 1, 1:4] 0.343 0.552 0.698 0.838
 $ : num [1, 1, 1:4] 7.42 2.87 2.34 3.13
NULL
R priorParameters: 2 8 
R maxT: 1 
R_PriorDraw_first_mu: 0.9404167 
R_PriorDraw_first_nu: 6.856404 
R-CCU: Before ClusterLabelChange for i = 94 newLabel= 1 currentLabel= 1 
R-CCU: sum(pointsPerCluster) = 1093 
 num [1:4] 1087 3 1 2
NULL
R-CCU: After ClusterLabelChange for i = 94 
R-CCU: sum(pointsPerCluster) = 1094 
 num [1:4] 1088 3 1 2
NULL
R-CCU: dpObj$numberClusters = 4 
List of 2
 $ : num [1, 1, 1:4] 0.343 0.552 0.698 0.838
 $ : num [1, 1, 1:4] 7.42 2.87 2.34 3.13
NULL
R priorParameters: 2 8 
R maxT: 1 
R_PriorDraw_first_mu: 0.8281274 
R_PriorDraw_first_nu: 2.176611 
R-CCU: Before ClusterLabelChange for i = 95 newLabel= 1 currentLabel= 1 
R-CCU: sum(pointsPerCluster) = 1094 
 num [1:4] 1088 3 1 2
NULL
R-CCU: After ClusterLabelChange for i = 95 
R-CCU: sum(pointsPerCluster) = 1095 
 num [1:4] 1089 3 1 2
NULL
R-CCU: dpObj$numberClusters = 4 
List of 2
 $ : num [1, 1, 1:4] 0.343 0.552 0.698 0.838
 $ : num [1, 1, 1:4] 7.42 2.87 2.34 3.13
NULL
R priorParameters: 2 8 
R maxT: 1 
R_PriorDraw_first_mu: 0.9616897 
R_PriorDraw_first_nu: 4.06688 
R-CCU: Before ClusterLabelChange for i = 96 newLabel= 1 currentLabel= 1 
R-CCU: sum(pointsPerCluster) = 1095 
 num [1:4] 1089 3 1 2
NULL
R-CCU: After ClusterLabelChange for i = 96 
R-CCU: sum(pointsPerCluster) = 1096 
 num [1:4] 1090 3 1 2
NULL
R-CCU: dpObj$numberClusters = 4 
List of 2
 $ : num [1, 1, 1:4] 0.343 0.552 0.698 0.838
 $ : num [1, 1, 1:4] 7.42 2.87 2.34 3.13
NULL
R priorParameters: 2 8 
R maxT: 1 
R_PriorDraw_first_mu: 0.1916314 
R_PriorDraw_first_nu: 3.577446 
R-CCU: Before ClusterLabelChange for i = 97 newLabel= 1 currentLabel= 1 
R-CCU: sum(pointsPerCluster) = 1096 
 num [1:4] 1090 3 1 2
NULL
R-CCU: After ClusterLabelChange for i = 97 
R-CCU: sum(pointsPerCluster) = 1097 
 num [1:4] 1091 3 1 2
NULL
R-CCU: dpObj$numberClusters = 4 
List of 2
 $ : num [1, 1, 1:4] 0.343 0.552 0.698 0.838
 $ : num [1, 1, 1:4] 7.42 2.87 2.34 3.13
NULL
R priorParameters: 2 8 
R maxT: 1 
R_PriorDraw_first_mu: 0.2024013 
R_PriorDraw_first_nu: 3.413525 
R-CCU: Before ClusterLabelChange for i = 98 newLabel= 1 currentLabel= 1 
R-CCU: sum(pointsPerCluster) = 1097 
 num [1:4] 1091 3 1 2
NULL
R-CCU: After ClusterLabelChange for i = 98 
R-CCU: sum(pointsPerCluster) = 1098 
 num [1:4] 1092 3 1 2
NULL
R-CCU: dpObj$numberClusters = 4 
List of 2
 $ : num [1, 1, 1:4] 0.343 0.552 0.698 0.838
 $ : num [1, 1, 1:4] 7.42 2.87 2.34 3.13
NULL
R priorParameters: 2 8 
R maxT: 1 
R_PriorDraw_first_mu: 0.3347585 
R_PriorDraw_first_nu: 6.160006 
R-CCU: Before ClusterLabelChange for i = 99 newLabel= 1 currentLabel= 1 
R-CCU: sum(pointsPerCluster) = 1098 
 num [1:4] 1092 3 1 2
NULL
R-CCU: After ClusterLabelChange for i = 99 
R-CCU: sum(pointsPerCluster) = 1099 
 num [1:4] 1093 3 1 2
NULL
R-CCU: dpObj$numberClusters = 4 
List of 2
 $ : num [1, 1, 1:4] 0.343 0.552 0.698 0.838
 $ : num [1, 1, 1:4] 7.42 2.87 2.34 3.13
NULL
R priorParameters: 2 8 
R maxT: 1 
R_PriorDraw_first_mu: 0.7023155 
R_PriorDraw_first_nu: 4.941635 
R-CCU: Before ClusterLabelChange for i = 100 newLabel= 1 currentLabel= 1 
R-CCU: sum(pointsPerCluster) = 1099 
 num [1:4] 1093 3 1 2
NULL
R-CCU: After ClusterLabelChange for i = 100 
R-CCU: sum(pointsPerCluster) = 1100 
 num [1:4] 1094 3 1 2
NULL
R-CCU: dpObj$numberClusters = 4 
List of 2
 $ : num [1, 1, 1:4] 0.343 0.552 0.698 0.838
 $ : num [1, 1, 1:4] 7.42 2.87 2.34 3.13
NULL
R priorParameters: 2 8 
R maxT: 1 
R_PriorDraw_first_mu: 0.6274416 
R_PriorDraw_first_nu: 2.028143 
R-CCU: Before ClusterLabelChange for i = 1 newLabel= 1 currentLabel= 1 
R-CCU: sum(pointsPerCluster) = 1100 
 num [1:4] 1094 3 1 2
NULL
R-CCU: After ClusterLabelChange for i = 1 
R-CCU: sum(pointsPerCluster) = 1101 
 num [1:4] 1095 3 1 2
NULL
R-CCU: dpObj$numberClusters = 4 
List of 2
 $ : num [1, 1, 1:4] 0.326 0.552 0.698 0.838
 $ : num [1, 1, 1:4] 7.69 2.87 2.34 3.13
NULL
R priorParameters: 2 8 
R maxT: 1 
R_PriorDraw_first_mu: 0.128938 
R_PriorDraw_first_nu: 2.805328 
R-CCU: Before ClusterLabelChange for i = 2 newLabel= 1 currentLabel= 1 
R-CCU: sum(pointsPerCluster) = 1101 
 num [1:4] 1095 3 1 2
NULL
R-CCU: After ClusterLabelChange for i = 2 
R-CCU: sum(pointsPerCluster) = 1102 
 num [1:4] 1096 3 1 2
NULL
R-CCU: dpObj$numberClusters = 4 
List of 2
 $ : num [1, 1, 1:4] 0.326 0.552 0.698 0.838
 $ : num [1, 1, 1:4] 7.69 2.87 2.34 3.13
NULL
R priorParameters: 2 8 
R maxT: 1 
R_PriorDraw_first_mu: 0.1095096 
R_PriorDraw_first_nu: 3.607552 
R-CCU: Before ClusterLabelChange for i = 3 newLabel= 1 currentLabel= 1 
R-CCU: sum(pointsPerCluster) = 1102 
 num [1:4] 1096 3 1 2
NULL
R-CCU: After ClusterLabelChange for i = 3 
R-CCU: sum(pointsPerCluster) = 1103 
 num [1:4] 1097 3 1 2
NULL
R-CCU: dpObj$numberClusters = 4 
List of 2
 $ : num [1, 1, 1:4] 0.326 0.552 0.698 0.838
 $ : num [1, 1, 1:4] 7.69 2.87 2.34 3.13
NULL
R priorParameters: 2 8 
R maxT: 1 
R_PriorDraw_first_mu: 0.4046483 
R_PriorDraw_first_nu: 18.15319 
R-CCU: Before ClusterLabelChange for i = 4 newLabel= 1 currentLabel= 1 
R-CCU: sum(pointsPerCluster) = 1103 
 num [1:4] 1097 3 1 2
NULL
R-CCU: After ClusterLabelChange for i = 4 
R-CCU: sum(pointsPerCluster) = 1104 
 num [1:4] 1098 3 1 2
NULL
R-CCU: dpObj$numberClusters = 4 
List of 2
 $ : num [1, 1, 1:4] 0.326 0.552 0.698 0.838
 $ : num [1, 1, 1:4] 7.69 2.87 2.34 3.13
NULL
R priorParameters: 2 8 
R maxT: 1 
R_PriorDraw_first_mu: 0.3256246 
R_PriorDraw_first_nu: 6.327327 
R-CCU: Before ClusterLabelChange for i = 5 newLabel= 1 currentLabel= 1 
R-CCU: sum(pointsPerCluster) = 1104 
 num [1:4] 1098 3 1 2
NULL
R-CCU: After ClusterLabelChange for i = 5 
R-CCU: sum(pointsPerCluster) = 1105 
 num [1:4] 1099 3 1 2
NULL
R-CCU: dpObj$numberClusters = 4 
List of 2
 $ : num [1, 1, 1:4] 0.326 0.552 0.698 0.838
 $ : num [1, 1, 1:4] 7.69 2.87 2.34 3.13
NULL
R priorParameters: 2 8 
R maxT: 1 
R_PriorDraw_first_mu: 0.6463882 
R_PriorDraw_first_nu: 3.2218 
R-CCU: Before ClusterLabelChange for i = 6 newLabel= 1 currentLabel= 1 
R-CCU: sum(pointsPerCluster) = 1105 
 num [1:4] 1099 3 1 2
NULL
R-CCU: After ClusterLabelChange for i = 6 
R-CCU: sum(pointsPerCluster) = 1106 
 num [1:4] 1100 3 1 2
NULL
R-CCU: dpObj$numberClusters = 4 
List of 2
 $ : num [1, 1, 1:4] 0.326 0.552 0.698 0.838
 $ : num [1, 1, 1:4] 7.69 2.87 2.34 3.13
NULL
R priorParameters: 2 8 
R maxT: 1 
R_PriorDraw_first_mu: 0.8072038 
R_PriorDraw_first_nu: 3.518095 
R-CCU: Before ClusterLabelChange for i = 7 newLabel= 1 currentLabel= 1 
R-CCU: sum(pointsPerCluster) = 1106 
 num [1:4] 1100 3 1 2
NULL
R-CCU: After ClusterLabelChange for i = 7 
R-CCU: sum(pointsPerCluster) = 1107 
 num [1:4] 1101 3 1 2
NULL
R-CCU: dpObj$numberClusters = 4 
List of 2
 $ : num [1, 1, 1:4] 0.326 0.552 0.698 0.838
 $ : num [1, 1, 1:4] 7.69 2.87 2.34 3.13
NULL
R priorParameters: 2 8 
R maxT: 1 
R_PriorDraw_first_mu: 0.8797474 
R_PriorDraw_first_nu: 6.798306 
R-CCU: Before ClusterLabelChange for i = 8 newLabel= 1 currentLabel= 1 
R-CCU: sum(pointsPerCluster) = 1107 
 num [1:4] 1101 3 1 2
NULL
R-CCU: After ClusterLabelChange for i = 8 
R-CCU: sum(pointsPerCluster) = 1108 
 num [1:4] 1102 3 1 2
NULL
R-CCU: dpObj$numberClusters = 4 
List of 2
 $ : num [1, 1, 1:4] 0.326 0.552 0.698 0.838
 $ : num [1, 1, 1:4] 7.69 2.87 2.34 3.13
NULL
R priorParameters: 2 8 
R maxT: 1 
R_PriorDraw_first_mu: 0.7312955 
R_PriorDraw_first_nu: 4.292261 
R-CCU: Before ClusterLabelChange for i = 9 newLabel= 1 currentLabel= 1 
R-CCU: sum(pointsPerCluster) = 1108 
 num [1:4] 1102 3 1 2
NULL
R-CCU: After ClusterLabelChange for i = 9 
R-CCU: sum(pointsPerCluster) = 1109 
 num [1:4] 1103 3 1 2
NULL
R-CCU: dpObj$numberClusters = 4 
List of 2
 $ : num [1, 1, 1:4] 0.326 0.552 0.698 0.838
 $ : num [1, 1, 1:4] 7.69 2.87 2.34 3.13
NULL
R priorParameters: 2 8 
R maxT: 1 
R_PriorDraw_first_mu: 0.08646993 
R_PriorDraw_first_nu: 2.625582 
R-CCU: Before ClusterLabelChange for i = 10 newLabel= 1 currentLabel= 1 
R-CCU: sum(pointsPerCluster) = 1109 
 num [1:4] 1103 3 1 2
NULL
R-CCU: After ClusterLabelChange for i = 10 
R-CCU: sum(pointsPerCluster) = 1110 
 num [1:4] 1104 3 1 2
NULL
R-CCU: dpObj$numberClusters = 4 
List of 2
 $ : num [1, 1, 1:4] 0.326 0.552 0.698 0.838
 $ : num [1, 1, 1:4] 7.69 2.87 2.34 3.13
NULL
R priorParameters: 2 8 
R maxT: 1 
R_PriorDraw_first_mu: 0.9326082 
R_PriorDraw_first_nu: 3.801312 
R-CCU: Before ClusterLabelChange for i = 11 newLabel= 1 currentLabel= 1 
R-CCU: sum(pointsPerCluster) = 1110 
 num [1:4] 1104 3 1 2
NULL
R-CCU: After ClusterLabelChange for i = 11 
R-CCU: sum(pointsPerCluster) = 1111 
 num [1:4] 1105 3 1 2
NULL
R-CCU: dpObj$numberClusters = 4 
List of 2
 $ : num [1, 1, 1:4] 0.326 0.552 0.698 0.838
 $ : num [1, 1, 1:4] 7.69 2.87 2.34 3.13
NULL
R priorParameters: 2 8 
R maxT: 1 
R_PriorDraw_first_mu: 0.0186715 
R_PriorDraw_first_nu: 3.345104 
R-CCU: Before ClusterLabelChange for i = 12 newLabel= 1 currentLabel= 1 
R-CCU: sum(pointsPerCluster) = 1111 
 num [1:4] 1105 3 1 2
NULL
R-CCU: After ClusterLabelChange for i = 12 
R-CCU: sum(pointsPerCluster) = 1112 
 num [1:4] 1106 3 1 2
NULL
R-CCU: dpObj$numberClusters = 4 
List of 2
 $ : num [1, 1, 1:4] 0.326 0.552 0.698 0.838
 $ : num [1, 1, 1:4] 7.69 2.87 2.34 3.13
NULL
R priorParameters: 2 8 
R maxT: 1 
R_PriorDraw_first_mu: 0.2907801 
R_PriorDraw_first_nu: 6.584099 
R-CCU: Before ClusterLabelChange for i = 13 newLabel= 1 currentLabel= 1 
R-CCU: sum(pointsPerCluster) = 1112 
 num [1:4] 1106 3 1 2
NULL
R-CCU: After ClusterLabelChange for i = 13 
R-CCU: sum(pointsPerCluster) = 1113 
 num [1:4] 1107 3 1 2
NULL
R-CCU: dpObj$numberClusters = 4 
List of 2
 $ : num [1, 1, 1:4] 0.326 0.552 0.698 0.838
 $ : num [1, 1, 1:4] 7.69 2.87 2.34 3.13
NULL
R priorParameters: 2 8 
R maxT: 1 
R_PriorDraw_first_mu: 0.4575736 
R_PriorDraw_first_nu: 4.679227 
R-CCU: Before ClusterLabelChange for i = 14 newLabel= 1 currentLabel= 1 
R-CCU: sum(pointsPerCluster) = 1113 
 num [1:4] 1107 3 1 2
NULL
R-CCU: After ClusterLabelChange for i = 14 
R-CCU: sum(pointsPerCluster) = 1114 
 num [1:4] 1108 3 1 2
NULL
R-CCU: dpObj$numberClusters = 4 
List of 2
 $ : num [1, 1, 1:4] 0.326 0.552 0.698 0.838
 $ : num [1, 1, 1:4] 7.69 2.87 2.34 3.13
NULL
R priorParameters: 2 8 
R maxT: 1 
R_PriorDraw_first_mu: 0.2253494 
R_PriorDraw_first_nu: 1.603232 
R-CCU: Before ClusterLabelChange for i = 15 newLabel= 1 currentLabel= 1 
R-CCU: sum(pointsPerCluster) = 1114 
 num [1:4] 1108 3 1 2
NULL
R-CCU: After ClusterLabelChange for i = 15 
R-CCU: sum(pointsPerCluster) = 1115 
 num [1:4] 1109 3 1 2
NULL
R-CCU: dpObj$numberClusters = 4 
List of 2
 $ : num [1, 1, 1:4] 0.326 0.552 0.698 0.838
 $ : num [1, 1, 1:4] 7.69 2.87 2.34 3.13
NULL
R priorParameters: 2 8 
R maxT: 1 
R_PriorDraw_first_mu: 0.3165388 
R_PriorDraw_first_nu: 29.09231 
R-CCU: Before ClusterLabelChange for i = 16 newLabel= 1 currentLabel= 1 
R-CCU: sum(pointsPerCluster) = 1115 
 num [1:4] 1109 3 1 2
NULL
R-CCU: After ClusterLabelChange for i = 16 
R-CCU: sum(pointsPerCluster) = 1116 
 num [1:4] 1110 3 1 2
NULL
R-CCU: dpObj$numberClusters = 4 
List of 2
 $ : num [1, 1, 1:4] 0.326 0.552 0.698 0.838
 $ : num [1, 1, 1:4] 7.69 2.87 2.34 3.13
NULL
R priorParameters: 2 8 
R maxT: 1 
R_PriorDraw_first_mu: 0.8752923 
R_PriorDraw_first_nu: 2.006514 
R-CCU: Before ClusterLabelChange for i = 17 newLabel= 1 currentLabel= 1 
R-CCU: sum(pointsPerCluster) = 1116 
 num [1:4] 1110 3 1 2
NULL
R-CCU: After ClusterLabelChange for i = 17 
R-CCU: sum(pointsPerCluster) = 1117 
 num [1:4] 1111 3 1 2
NULL
R-CCU: dpObj$numberClusters = 4 
List of 2
 $ : num [1, 1, 1:4] 0.326 0.552 0.698 0.838
 $ : num [1, 1, 1:4] 7.69 2.87 2.34 3.13
NULL
R priorParameters: 2 8 
R maxT: 1 
R_PriorDraw_first_mu: 0.821964 
R_PriorDraw_first_nu: 6.366657 
R-CCU: Before ClusterLabelChange for i = 18 newLabel= 1 currentLabel= 1 
R-CCU: sum(pointsPerCluster) = 1117 
 num [1:4] 1111 3 1 2
NULL
R-CCU: After ClusterLabelChange for i = 18 
R-CCU: sum(pointsPerCluster) = 1118 
 num [1:4] 1112 3 1 2
NULL
R-CCU: dpObj$numberClusters = 4 
List of 2
 $ : num [1, 1, 1:4] 0.326 0.552 0.698 0.838
 $ : num [1, 1, 1:4] 7.69 2.87 2.34 3.13
NULL
R priorParameters: 2 8 
R maxT: 1 
R_PriorDraw_first_mu: 0.6477239 
R_PriorDraw_first_nu: 4.86146 
R-CCU: Before ClusterLabelChange for i = 19 newLabel= 1 currentLabel= 1 
R-CCU: sum(pointsPerCluster) = 1118 
 num [1:4] 1112 3 1 2
NULL
R-CCU: After ClusterLabelChange for i = 19 
R-CCU: sum(pointsPerCluster) = 1119 
 num [1:4] 1113 3 1 2
NULL
R-CCU: dpObj$numberClusters = 4 
List of 2
 $ : num [1, 1, 1:4] 0.326 0.552 0.698 0.838
 $ : num [1, 1, 1:4] 7.69 2.87 2.34 3.13
NULL
R priorParameters: 2 8 
R maxT: 1 
R_PriorDraw_first_mu: 0.5527898 
R_PriorDraw_first_nu: 4.157304 
R-CCU: Before ClusterLabelChange for i = 20 newLabel= 1 currentLabel= 1 
R-CCU: sum(pointsPerCluster) = 1119 
 num [1:4] 1113 3 1 2
NULL
R-CCU: After ClusterLabelChange for i = 20 
R-CCU: sum(pointsPerCluster) = 1120 
 num [1:4] 1114 3 1 2
NULL
R-CCU: dpObj$numberClusters = 4 
List of 2
 $ : num [1, 1, 1:4] 0.326 0.552 0.698 0.838
 $ : num [1, 1, 1:4] 7.69 2.87 2.34 3.13
NULL
R priorParameters: 2 8 
R maxT: 1 
R_PriorDraw_first_mu: 0.802341 
R_PriorDraw_first_nu: 6.090669 
R-CCU: Before ClusterLabelChange for i = 21 newLabel= 1 currentLabel= 1 
R-CCU: sum(pointsPerCluster) = 1120 
 num [1:4] 1114 3 1 2
NULL
R-CCU: After ClusterLabelChange for i = 21 
R-CCU: sum(pointsPerCluster) = 1121 
 num [1:4] 1115 3 1 2
NULL
R-CCU: dpObj$numberClusters = 4 
List of 2
 $ : num [1, 1, 1:4] 0.326 0.552 0.698 0.838
 $ : num [1, 1, 1:4] 7.69 2.87 2.34 3.13
NULL
R priorParameters: 2 8 
R maxT: 1 
R_PriorDraw_first_mu: 0.1371276 
R_PriorDraw_first_nu: 1.536199 
R-CCU: Before ClusterLabelChange for i = 22 newLabel= 1 currentLabel= 1 
R-CCU: sum(pointsPerCluster) = 1121 
 num [1:4] 1115 3 1 2
NULL
R-CCU: After ClusterLabelChange for i = 22 
R-CCU: sum(pointsPerCluster) = 1122 
 num [1:4] 1116 3 1 2
NULL
R-CCU: dpObj$numberClusters = 4 
List of 2
 $ : num [1, 1, 1:4] 0.326 0.552 0.698 0.838
 $ : num [1, 1, 1:4] 7.69 2.87 2.34 3.13
NULL
R priorParameters: 2 8 
R maxT: 1 
R_PriorDraw_first_mu: 0.9630539 
R_PriorDraw_first_nu: 2.322987 
R-CCU: Before ClusterLabelChange for i = 23 newLabel= 1 currentLabel= 1 
R-CCU: sum(pointsPerCluster) = 1122 
 num [1:4] 1116 3 1 2
NULL
R-CCU: After ClusterLabelChange for i = 23 
R-CCU: sum(pointsPerCluster) = 1123 
 num [1:4] 1117 3 1 2
NULL
R-CCU: dpObj$numberClusters = 4 
List of 2
 $ : num [1, 1, 1:4] 0.326 0.552 0.698 0.838
 $ : num [1, 1, 1:4] 7.69 2.87 2.34 3.13
NULL
R priorParameters: 2 8 
R maxT: 1 
R_PriorDraw_first_mu: 0.7306979 
R_PriorDraw_first_nu: 7.248912 
R-CCU: Before ClusterLabelChange for i = 24 newLabel= 1 currentLabel= 1 
R-CCU: sum(pointsPerCluster) = 1123 
 num [1:4] 1117 3 1 2
NULL
R-CCU: After ClusterLabelChange for i = 24 
R-CCU: sum(pointsPerCluster) = 1124 
 num [1:4] 1118 3 1 2
NULL
R-CCU: dpObj$numberClusters = 4 
List of 2
 $ : num [1, 1, 1:4] 0.326 0.552 0.698 0.838
 $ : num [1, 1, 1:4] 7.69 2.87 2.34 3.13
NULL
R priorParameters: 2 8 
R maxT: 1 
R_PriorDraw_first_mu: 0.5557057 
R_PriorDraw_first_nu: 7.446881 
R-CCU: Before ClusterLabelChange for i = 25 newLabel= 1 currentLabel= 1 
R-CCU: sum(pointsPerCluster) = 1124 
 num [1:4] 1118 3 1 2
NULL
R-CCU: After ClusterLabelChange for i = 25 
R-CCU: sum(pointsPerCluster) = 1125 
 num [1:4] 1119 3 1 2
NULL
R-CCU: dpObj$numberClusters = 4 
List of 2
 $ : num [1, 1, 1:4] 0.326 0.552 0.698 0.838
 $ : num [1, 1, 1:4] 7.69 2.87 2.34 3.13
NULL
R priorParameters: 2 8 
R maxT: 1 
R_PriorDraw_first_mu: 0.4600115 
R_PriorDraw_first_nu: 6.315795 
R-CCU: Before ClusterLabelChange for i = 26 newLabel= 1 currentLabel= 1 
R-CCU: sum(pointsPerCluster) = 1125 
 num [1:4] 1119 3 1 2
NULL
R-CCU: After ClusterLabelChange for i = 26 
R-CCU: sum(pointsPerCluster) = 1126 
 num [1:4] 1120 3 1 2
NULL
R-CCU: dpObj$numberClusters = 4 
List of 2
 $ : num [1, 1, 1:4] 0.326 0.552 0.698 0.838
 $ : num [1, 1, 1:4] 7.69 2.87 2.34 3.13
NULL
R priorParameters: 2 8 
R maxT: 1 
R_PriorDraw_first_mu: 0.299437 
R_PriorDraw_first_nu: 17.22632 
R-CCU: Before ClusterLabelChange for i = 27 newLabel= 1 currentLabel= 1 
R-CCU: sum(pointsPerCluster) = 1126 
 num [1:4] 1120 3 1 2
NULL
R-CCU: After ClusterLabelChange for i = 27 
R-CCU: sum(pointsPerCluster) = 1127 
 num [1:4] 1121 3 1 2
NULL
R-CCU: dpObj$numberClusters = 4 
List of 2
 $ : num [1, 1, 1:4] 0.326 0.552 0.698 0.838
 $ : num [1, 1, 1:4] 7.69 2.87 2.34 3.13
NULL
R priorParameters: 2 8 
R maxT: 1 
R_PriorDraw_first_mu: 0.3376742 
R_PriorDraw_first_nu: 2.873857 
R-CCU: Before ClusterLabelChange for i = 28 newLabel= 1 currentLabel= 1 
R-CCU: sum(pointsPerCluster) = 1127 
 num [1:4] 1121 3 1 2
NULL
R-CCU: After ClusterLabelChange for i = 28 
R-CCU: sum(pointsPerCluster) = 1128 
 num [1:4] 1122 3 1 2
NULL
R-CCU: dpObj$numberClusters = 4 
List of 2
 $ : num [1, 1, 1:4] 0.326 0.552 0.698 0.838
 $ : num [1, 1, 1:4] 7.69 2.87 2.34 3.13
NULL
R priorParameters: 2 8 
R maxT: 1 
R_PriorDraw_first_mu: 0.06089873 
R_PriorDraw_first_nu: 3.57667 
R-CCU: Before ClusterLabelChange for i = 29 newLabel= 1 currentLabel= 1 
R-CCU: sum(pointsPerCluster) = 1128 
 num [1:4] 1122 3 1 2
NULL
R-CCU: After ClusterLabelChange for i = 29 
R-CCU: sum(pointsPerCluster) = 1129 
 num [1:4] 1123 3 1 2
NULL
R-CCU: dpObj$numberClusters = 4 
List of 2
 $ : num [1, 1, 1:4] 0.326 0.552 0.698 0.838
 $ : num [1, 1, 1:4] 7.69 2.87 2.34 3.13
NULL
R priorParameters: 2 8 
R maxT: 1 
R_PriorDraw_first_mu: 0.2569548 
R_PriorDraw_first_nu: 8.835564 
R-CCU: Before ClusterLabelChange for i = 30 newLabel= 1 currentLabel= 1 
R-CCU: sum(pointsPerCluster) = 1129 
 num [1:4] 1123 3 1 2
NULL
R-CCU: After ClusterLabelChange for i = 30 
R-CCU: sum(pointsPerCluster) = 1130 
 num [1:4] 1124 3 1 2
NULL
R-CCU: dpObj$numberClusters = 4 
List of 2
 $ : num [1, 1, 1:4] 0.326 0.552 0.698 0.838
 $ : num [1, 1, 1:4] 7.69 2.87 2.34 3.13
NULL
R priorParameters: 2 8 
R maxT: 1 
R_PriorDraw_first_mu: 0.5017701 
R_PriorDraw_first_nu: 3.541075 
R-CCU: Before ClusterLabelChange for i = 31 newLabel= 1 currentLabel= 1 
R-CCU: sum(pointsPerCluster) = 1130 
 num [1:4] 1124 3 1 2
NULL
R-CCU: After ClusterLabelChange for i = 31 
R-CCU: sum(pointsPerCluster) = 1131 
 num [1:4] 1125 3 1 2
NULL
R-CCU: dpObj$numberClusters = 4 
List of 2
 $ : num [1, 1, 1:4] 0.326 0.552 0.698 0.838
 $ : num [1, 1, 1:4] 7.69 2.87 2.34 3.13
NULL
R priorParameters: 2 8 
R maxT: 1 
R_PriorDraw_first_mu: 0.04585595 
R_PriorDraw_first_nu: 20.50785 
R-CCU: Before ClusterLabelChange for i = 32 newLabel= 1 currentLabel= 1 
R-CCU: sum(pointsPerCluster) = 1131 
 num [1:4] 1125 3 1 2
NULL
R-CCU: After ClusterLabelChange for i = 32 
R-CCU: sum(pointsPerCluster) = 1132 
 num [1:4] 1126 3 1 2
NULL
R-CCU: dpObj$numberClusters = 4 
List of 2
 $ : num [1, 1, 1:4] 0.326 0.552 0.698 0.838
 $ : num [1, 1, 1:4] 7.69 2.87 2.34 3.13
NULL
R priorParameters: 2 8 
R maxT: 1 
R_PriorDraw_first_mu: 0.5981149 
R_PriorDraw_first_nu: 2.264265 
R-CCU: Before ClusterLabelChange for i = 33 newLabel= 1 currentLabel= 1 
R-CCU: sum(pointsPerCluster) = 1132 
 num [1:4] 1126 3 1 2
NULL
R-CCU: After ClusterLabelChange for i = 33 
R-CCU: sum(pointsPerCluster) = 1133 
 num [1:4] 1127 3 1 2
NULL
R-CCU: dpObj$numberClusters = 4 
List of 2
 $ : num [1, 1, 1:4] 0.326 0.552 0.698 0.838
 $ : num [1, 1, 1:4] 7.69 2.87 2.34 3.13
NULL
R priorParameters: 2 8 
R maxT: 1 
R_PriorDraw_first_mu: 0.5049577 
R_PriorDraw_first_nu: 2.675006 
R-CCU: Before ClusterLabelChange for i = 34 newLabel= 1 currentLabel= 1 
R-CCU: sum(pointsPerCluster) = 1133 
 num [1:4] 1127 3 1 2
NULL
R-CCU: After ClusterLabelChange for i = 34 
R-CCU: sum(pointsPerCluster) = 1134 
 num [1:4] 1128 3 1 2
NULL
R-CCU: dpObj$numberClusters = 4 
List of 2
 $ : num [1, 1, 1:4] 0.326 0.552 0.698 0.838
 $ : num [1, 1, 1:4] 7.69 2.87 2.34 3.13
NULL
R priorParameters: 2 8 
R maxT: 1 
R_PriorDraw_first_mu: 0.5348346 
R_PriorDraw_first_nu: 4.890071 
R-CCU: Before ClusterLabelChange for i = 35 newLabel= 1 currentLabel= 1 
R-CCU: sum(pointsPerCluster) = 1134 
 num [1:4] 1128 3 1 2
NULL
R-CCU: After ClusterLabelChange for i = 35 
R-CCU: sum(pointsPerCluster) = 1135 
 num [1:4] 1129 3 1 2
NULL
R-CCU: dpObj$numberClusters = 4 
List of 2
 $ : num [1, 1, 1:4] 0.326 0.552 0.698 0.838
 $ : num [1, 1, 1:4] 7.69 2.87 2.34 3.13
NULL
R priorParameters: 2 8 
R maxT: 1 
R_PriorDraw_first_mu: 0.6857576 
R_PriorDraw_first_nu: 1.556543 
R-CCU: Before ClusterLabelChange for i = 36 newLabel= 1 currentLabel= 1 
R-CCU: sum(pointsPerCluster) = 1135 
 num [1:4] 1129 3 1 2
NULL
R-CCU: After ClusterLabelChange for i = 36 
R-CCU: sum(pointsPerCluster) = 1136 
 num [1:4] 1130 3 1 2
NULL
R-CCU: dpObj$numberClusters = 4 
List of 2
 $ : num [1, 1, 1:4] 0.326 0.552 0.698 0.838
 $ : num [1, 1, 1:4] 7.69 2.87 2.34 3.13
NULL
R priorParameters: 2 8 
R maxT: 1 
R_PriorDraw_first_mu: 0.6253253 
R_PriorDraw_first_nu: 2.340202 
R-CCU: Before ClusterLabelChange for i = 37 newLabel= 1 currentLabel= 1 
R-CCU: sum(pointsPerCluster) = 1136 
 num [1:4] 1130 3 1 2
NULL
R-CCU: After ClusterLabelChange for i = 37 
R-CCU: sum(pointsPerCluster) = 1137 
 num [1:4] 1131 3 1 2
NULL
R-CCU: dpObj$numberClusters = 4 
List of 2
 $ : num [1, 1, 1:4] 0.326 0.552 0.698 0.838
 $ : num [1, 1, 1:4] 7.69 2.87 2.34 3.13
NULL
R priorParameters: 2 8 
R maxT: 1 
R_PriorDraw_first_mu: 0.01216264 
R_PriorDraw_first_nu: 14.60937 
R-CCU: Before ClusterLabelChange for i = 38 newLabel= 1 currentLabel= 1 
R-CCU: sum(pointsPerCluster) = 1137 
 num [1:4] 1131 3 1 2
NULL
R-CCU: After ClusterLabelChange for i = 38 
R-CCU: sum(pointsPerCluster) = 1138 
 num [1:4] 1132 3 1 2
NULL
R-CCU: dpObj$numberClusters = 4 
List of 2
 $ : num [1, 1, 1:4] 0.326 0.552 0.698 0.838
 $ : num [1, 1, 1:4] 7.69 2.87 2.34 3.13
NULL
R priorParameters: 2 8 
R maxT: 1 
R_PriorDraw_first_mu: 0.3909407 
R_PriorDraw_first_nu: 11.19175 
R-CCU: Before ClusterLabelChange for i = 39 newLabel= 1 currentLabel= 1 
R-CCU: sum(pointsPerCluster) = 1138 
 num [1:4] 1132 3 1 2
NULL
R-CCU: After ClusterLabelChange for i = 39 
R-CCU: sum(pointsPerCluster) = 1139 
 num [1:4] 1133 3 1 2
NULL
R-CCU: dpObj$numberClusters = 4 
List of 2
 $ : num [1, 1, 1:4] 0.326 0.552 0.698 0.838
 $ : num [1, 1, 1:4] 7.69 2.87 2.34 3.13
NULL
R priorParameters: 2 8 
R maxT: 1 
R_PriorDraw_first_mu: 0.9878443 
R_PriorDraw_first_nu: 3.529921 
R-CCU: Before ClusterLabelChange for i = 40 newLabel= 1 currentLabel= 1 
R-CCU: sum(pointsPerCluster) = 1139 
 num [1:4] 1133 3 1 2
NULL
R-CCU: After ClusterLabelChange for i = 40 
R-CCU: sum(pointsPerCluster) = 1140 
 num [1:4] 1134 3 1 2
NULL
R-CCU: dpObj$numberClusters = 4 
List of 2
 $ : num [1, 1, 1:4] 0.326 0.552 0.698 0.838
 $ : num [1, 1, 1:4] 7.69 2.87 2.34 3.13
NULL
R priorParameters: 2 8 
R maxT: 1 
R_PriorDraw_first_mu: 0.7981683 
R_PriorDraw_first_nu: 7.20926 
R-CCU: Before ClusterLabelChange for i = 41 newLabel= 1 currentLabel= 1 
R-CCU: sum(pointsPerCluster) = 1140 
 num [1:4] 1134 3 1 2
NULL
R-CCU: After ClusterLabelChange for i = 41 
R-CCU: sum(pointsPerCluster) = 1141 
 num [1:4] 1135 3 1 2
NULL
R-CCU: dpObj$numberClusters = 4 
List of 2
 $ : num [1, 1, 1:4] 0.326 0.552 0.698 0.838
 $ : num [1, 1, 1:4] 7.69 2.87 2.34 3.13
NULL
R priorParameters: 2 8 
R maxT: 1 
R_PriorDraw_first_mu: 0.7861486 
R_PriorDraw_first_nu: 17.13963 
R-CCU: Before ClusterLabelChange for i = 42 newLabel= 1 currentLabel= 1 
R-CCU: sum(pointsPerCluster) = 1141 
 num [1:4] 1135 3 1 2
NULL
R-CCU: After ClusterLabelChange for i = 42 
R-CCU: sum(pointsPerCluster) = 1142 
 num [1:4] 1136 3 1 2
NULL
R-CCU: dpObj$numberClusters = 4 
List of 2
 $ : num [1, 1, 1:4] 0.326 0.552 0.698 0.838
 $ : num [1, 1, 1:4] 7.69 2.87 2.34 3.13
NULL
R priorParameters: 2 8 
R maxT: 1 
R_PriorDraw_first_mu: 0.1108947 
R_PriorDraw_first_nu: 3.450032 
R-CCU: Before ClusterLabelChange for i = 43 newLabel= 1 currentLabel= 1 
R-CCU: sum(pointsPerCluster) = 1142 
 num [1:4] 1136 3 1 2
NULL
R-CCU: After ClusterLabelChange for i = 43 
R-CCU: sum(pointsPerCluster) = 1143 
 num [1:4] 1137 3 1 2
NULL
R-CCU: dpObj$numberClusters = 4 
List of 2
 $ : num [1, 1, 1:4] 0.326 0.552 0.698 0.838
 $ : num [1, 1, 1:4] 7.69 2.87 2.34 3.13
NULL
R priorParameters: 2 8 
R maxT: 1 
R_PriorDraw_first_mu: 0.785229 
R_PriorDraw_first_nu: 5.035626 
R-CCU: Before ClusterLabelChange for i = 44 newLabel= 1 currentLabel= 1 
R-CCU: sum(pointsPerCluster) = 1143 
 num [1:4] 1137 3 1 2
NULL
R-CCU: After ClusterLabelChange for i = 44 
R-CCU: sum(pointsPerCluster) = 1144 
 num [1:4] 1138 3 1 2
NULL
R-CCU: dpObj$numberClusters = 4 
List of 2
 $ : num [1, 1, 1:4] 0.326 0.552 0.698 0.838
 $ : num [1, 1, 1:4] 7.69 2.87 2.34 3.13
NULL
R priorParameters: 2 8 
R maxT: 1 
R_PriorDraw_first_mu: 0.2623375 
R_PriorDraw_first_nu: 4.171348 
R-CCU: Before ClusterLabelChange for i = 45 newLabel= 1 currentLabel= 1 
R-CCU: sum(pointsPerCluster) = 1144 
 num [1:4] 1138 3 1 2
NULL
R-CCU: After ClusterLabelChange for i = 45 
R-CCU: sum(pointsPerCluster) = 1145 
 num [1:4] 1139 3 1 2
NULL
R-CCU: dpObj$numberClusters = 4 
List of 2
 $ : num [1, 1, 1:4] 0.326 0.552 0.698 0.838
 $ : num [1, 1, 1:4] 7.69 2.87 2.34 3.13
NULL
R priorParameters: 2 8 
R maxT: 1 
R_PriorDraw_first_mu: 0.758148 
R_PriorDraw_first_nu: 6.897875 
R-CCU: Before ClusterLabelChange for i = 46 newLabel= 1 currentLabel= 1 
R-CCU: sum(pointsPerCluster) = 1145 
 num [1:4] 1139 3 1 2
NULL
R-CCU: After ClusterLabelChange for i = 46 
R-CCU: sum(pointsPerCluster) = 1146 
 num [1:4] 1140 3 1 2
NULL
R-CCU: dpObj$numberClusters = 4 
List of 2
 $ : num [1, 1, 1:4] 0.326 0.552 0.698 0.838
 $ : num [1, 1, 1:4] 7.69 2.87 2.34 3.13
NULL
R priorParameters: 2 8 
R maxT: 1 
R_PriorDraw_first_mu: 0.03670942 
R_PriorDraw_first_nu: 8.674153 
R-CCU: Before ClusterLabelChange for i = 47 newLabel= 1 currentLabel= 1 
R-CCU: sum(pointsPerCluster) = 1146 
 num [1:4] 1140 3 1 2
NULL
R-CCU: After ClusterLabelChange for i = 47 
R-CCU: sum(pointsPerCluster) = 1147 
 num [1:4] 1141 3 1 2
NULL
R-CCU: dpObj$numberClusters = 4 
List of 2
 $ : num [1, 1, 1:4] 0.326 0.552 0.698 0.838
 $ : num [1, 1, 1:4] 7.69 2.87 2.34 3.13
NULL
R priorParameters: 2 8 
R maxT: 1 
R_PriorDraw_first_mu: 0.4089736 
R_PriorDraw_first_nu: 3.015917 
R-CCU: Before ClusterLabelChange for i = 48 newLabel= 1 currentLabel= 1 
R-CCU: sum(pointsPerCluster) = 1147 
 num [1:4] 1141 3 1 2
NULL
R-CCU: After ClusterLabelChange for i = 48 
R-CCU: sum(pointsPerCluster) = 1148 
 num [1:4] 1142 3 1 2
NULL
R-CCU: dpObj$numberClusters = 4 
List of 2
 $ : num [1, 1, 1:4] 0.326 0.552 0.698 0.838
 $ : num [1, 1, 1:4] 7.69 2.87 2.34 3.13
NULL
R priorParameters: 2 8 
R maxT: 1 
R_PriorDraw_first_mu: 0.6438463 
R_PriorDraw_first_nu: 4.58854 
R-CCU: Before ClusterLabelChange for i = 49 newLabel= 1 currentLabel= 1 
R-CCU: sum(pointsPerCluster) = 1148 
 num [1:4] 1142 3 1 2
NULL
R-CCU: After ClusterLabelChange for i = 49 
R-CCU: sum(pointsPerCluster) = 1149 
 num [1:4] 1143 3 1 2
NULL
R-CCU: dpObj$numberClusters = 4 
List of 2
 $ : num [1, 1, 1:4] 0.326 0.552 0.698 0.838
 $ : num [1, 1, 1:4] 7.69 2.87 2.34 3.13
NULL
R priorParameters: 2 8 
R maxT: 1 
R_PriorDraw_first_mu: 0.9736964 
R_PriorDraw_first_nu: 5.015664 
R-CCU: Before ClusterLabelChange for i = 50 newLabel= 1 currentLabel= 1 
R-CCU: sum(pointsPerCluster) = 1149 
 num [1:4] 1143 3 1 2
NULL
R-CCU: After ClusterLabelChange for i = 50 
R-CCU: sum(pointsPerCluster) = 1150 
 num [1:4] 1144 3 1 2
NULL
R-CCU: dpObj$numberClusters = 4 
List of 2
 $ : num [1, 1, 1:4] 0.326 0.552 0.698 0.838
 $ : num [1, 1, 1:4] 7.69 2.87 2.34 3.13
NULL
R priorParameters: 2 8 
R maxT: 1 
R_PriorDraw_first_mu: 0.8170143 
R_PriorDraw_first_nu: 3.518655 
R-CCU: Before ClusterLabelChange for i = 51 newLabel= 1 currentLabel= 1 
R-CCU: sum(pointsPerCluster) = 1150 
 num [1:4] 1144 3 1 2
NULL
R-CCU: After ClusterLabelChange for i = 51 
R-CCU: sum(pointsPerCluster) = 1151 
 num [1:4] 1145 3 1 2
NULL
R-CCU: dpObj$numberClusters = 4 
List of 2
 $ : num [1, 1, 1:4] 0.326 0.552 0.698 0.838
 $ : num [1, 1, 1:4] 7.69 2.87 2.34 3.13
NULL
R priorParameters: 2 8 
R maxT: 1 
R_PriorDraw_first_mu: 0.08317409 
R_PriorDraw_first_nu: 5.984477 
R-CCU: Before ClusterLabelChange for i = 52 newLabel= 1 currentLabel= 1 
R-CCU: sum(pointsPerCluster) = 1151 
 num [1:4] 1145 3 1 2
NULL
R-CCU: After ClusterLabelChange for i = 52 
R-CCU: sum(pointsPerCluster) = 1152 
 num [1:4] 1146 3 1 2
NULL
R-CCU: dpObj$numberClusters = 4 
List of 2
 $ : num [1, 1, 1:4] 0.326 0.552 0.698 0.838
 $ : num [1, 1, 1:4] 7.69 2.87 2.34 3.13
NULL
R priorParameters: 2 8 
R maxT: 1 
R_PriorDraw_first_mu: 0.8056733 
R_PriorDraw_first_nu: 7.118868 
R-CCU: Before ClusterLabelChange for i = 53 newLabel= 1 currentLabel= 1 
R-CCU: sum(pointsPerCluster) = 1152 
 num [1:4] 1146 3 1 2
NULL
R-CCU: After ClusterLabelChange for i = 53 
R-CCU: sum(pointsPerCluster) = 1153 
 num [1:4] 1147 3 1 2
NULL
R-CCU: dpObj$numberClusters = 4 
List of 2
 $ : num [1, 1, 1:4] 0.326 0.552 0.698 0.838
 $ : num [1, 1, 1:4] 7.69 2.87 2.34 3.13
NULL
R priorParameters: 2 8 
R maxT: 1 
R_PriorDraw_first_mu: 0.345024 
R_PriorDraw_first_nu: 12.72236 
R-CCU: Before ClusterLabelChange for i = 54 newLabel= 1 currentLabel= 1 
R-CCU: sum(pointsPerCluster) = 1153 
 num [1:4] 1147 3 1 2
NULL
R-CCU: After ClusterLabelChange for i = 54 
R-CCU: sum(pointsPerCluster) = 1154 
 num [1:4] 1148 3 1 2
NULL
R-CCU: dpObj$numberClusters = 4 
List of 2
 $ : num [1, 1, 1:4] 0.326 0.552 0.698 0.838
 $ : num [1, 1, 1:4] 7.69 2.87 2.34 3.13
NULL
R priorParameters: 2 8 
R maxT: 1 
R_PriorDraw_first_mu: 0.159476 
R_PriorDraw_first_nu: 11.26678 
R-CCU: Before ClusterLabelChange for i = 55 newLabel= 1 currentLabel= 1 
R-CCU: sum(pointsPerCluster) = 1154 
 num [1:4] 1148 3 1 2
NULL
R-CCU: After ClusterLabelChange for i = 55 
R-CCU: sum(pointsPerCluster) = 1155 
 num [1:4] 1149 3 1 2
NULL
R-CCU: dpObj$numberClusters = 4 
List of 2
 $ : num [1, 1, 1:4] 0.326 0.552 0.698 0.838
 $ : num [1, 1, 1:4] 7.69 2.87 2.34 3.13
NULL
R priorParameters: 2 8 
R maxT: 1 
R_PriorDraw_first_mu: 0.08303528 
R_PriorDraw_first_nu: 3.909915 
R-CCU: Before ClusterLabelChange for i = 56 newLabel= 1 currentLabel= 1 
R-CCU: sum(pointsPerCluster) = 1155 
 num [1:4] 1149 3 1 2
NULL
R-CCU: After ClusterLabelChange for i = 56 
R-CCU: sum(pointsPerCluster) = 1156 
 num [1:4] 1150 3 1 2
NULL
R-CCU: dpObj$numberClusters = 4 
List of 2
 $ : num [1, 1, 1:4] 0.326 0.552 0.698 0.838
 $ : num [1, 1, 1:4] 7.69 2.87 2.34 3.13
NULL
R priorParameters: 2 8 
R maxT: 1 
R_PriorDraw_first_mu: 0.01085824 
R_PriorDraw_first_nu: 8.261239 
R-CCU: Before ClusterLabelChange for i = 57 newLabel= 1 currentLabel= 1 
R-CCU: sum(pointsPerCluster) = 1156 
 num [1:4] 1150 3 1 2
NULL
R-CCU: After ClusterLabelChange for i = 57 
R-CCU: sum(pointsPerCluster) = 1157 
 num [1:4] 1151 3 1 2
NULL
R-CCU: dpObj$numberClusters = 4 
List of 2
 $ : num [1, 1, 1:4] 0.326 0.552 0.698 0.838
 $ : num [1, 1, 1:4] 7.69 2.87 2.34 3.13
NULL
R priorParameters: 2 8 
R maxT: 1 
R_PriorDraw_first_mu: 0.3786584 
R_PriorDraw_first_nu: 10.66425 
R-CCU: Before ClusterLabelChange for i = 58 newLabel= 1 currentLabel= 1 
R-CCU: sum(pointsPerCluster) = 1157 
 num [1:4] 1151 3 1 2
NULL
R-CCU: After ClusterLabelChange for i = 58 
R-CCU: sum(pointsPerCluster) = 1158 
 num [1:4] 1152 3 1 2
NULL
R-CCU: dpObj$numberClusters = 4 
List of 2
 $ : num [1, 1, 1:4] 0.326 0.552 0.698 0.838
 $ : num [1, 1, 1:4] 7.69 2.87 2.34 3.13
NULL
R priorParameters: 2 8 
R maxT: 1 
R_PriorDraw_first_mu: 0.7901216 
R_PriorDraw_first_nu: 9.977298 
R-CCU: Before ClusterLabelChange for i = 59 newLabel= 4 currentLabel= 1 
R-CCU: sum(pointsPerCluster) = 1158 
 num [1:4] 1152 3 1 2
NULL
R-CCU: After ClusterLabelChange for i = 59 
R-CCU: sum(pointsPerCluster) = 1159 
 num [1:4] 1152 3 1 3
NULL
R-CCU: dpObj$numberClusters = 4 
List of 2
 $ : num [1, 1, 1:4] 0.326 0.552 0.698 0.838
 $ : num [1, 1, 1:4] 7.69 2.87 2.34 3.13
NULL
R priorParameters: 2 8 
R maxT: 1 
R_PriorDraw_first_mu: 0.7756533 
R_PriorDraw_first_nu: 4.575917 
R-CCU: Before ClusterLabelChange for i = 60 newLabel= 1 currentLabel= 1 
R-CCU: sum(pointsPerCluster) = 1159 
 num [1:4] 1152 3 1 3
NULL
R-CCU: After ClusterLabelChange for i = 60 
R-CCU: sum(pointsPerCluster) = 1160 
 num [1:4] 1153 3 1 3
NULL
R-CCU: dpObj$numberClusters = 4 
List of 2
 $ : num [1, 1, 1:4] 0.326 0.552 0.698 0.838
 $ : num [1, 1, 1:4] 7.69 2.87 2.34 3.13
NULL
R priorParameters: 2 8 
R maxT: 1 
R_PriorDraw_first_mu: 0.7124531 
R_PriorDraw_first_nu: 3.241431 
R-CCU: Before ClusterLabelChange for i = 61 newLabel= 1 currentLabel= 1 
R-CCU: sum(pointsPerCluster) = 1160 
 num [1:4] 1153 3 1 3
NULL
R-CCU: After ClusterLabelChange for i = 61 
R-CCU: sum(pointsPerCluster) = 1161 
 num [1:4] 1154 3 1 3
NULL
R-CCU: dpObj$numberClusters = 4 
List of 2
 $ : num [1, 1, 1:4] 0.326 0.552 0.698 0.838
 $ : num [1, 1, 1:4] 7.69 2.87 2.34 3.13
NULL
R priorParameters: 2 8 
R maxT: 1 
R_PriorDraw_first_mu: 0.828574 
R_PriorDraw_first_nu: 3.180008 
R-CCU: Before ClusterLabelChange for i = 62 newLabel= 1 currentLabel= 1 
R-CCU: sum(pointsPerCluster) = 1161 
 num [1:4] 1154 3 1 3
NULL
R-CCU: After ClusterLabelChange for i = 62 
R-CCU: sum(pointsPerCluster) = 1162 
 num [1:4] 1155 3 1 3
NULL
R-CCU: dpObj$numberClusters = 4 
List of 2
 $ : num [1, 1, 1:4] 0.326 0.552 0.698 0.838
 $ : num [1, 1, 1:4] 7.69 2.87 2.34 3.13
NULL
R priorParameters: 2 8 
R maxT: 1 
R_PriorDraw_first_mu: 0.5957198 
R_PriorDraw_first_nu: 5.414907 
R-CCU: Before ClusterLabelChange for i = 63 newLabel= 1 currentLabel= 1 
R-CCU: sum(pointsPerCluster) = 1162 
 num [1:4] 1155 3 1 3
NULL
R-CCU: After ClusterLabelChange for i = 63 
R-CCU: sum(pointsPerCluster) = 1163 
 num [1:4] 1156 3 1 3
NULL
R-CCU: dpObj$numberClusters = 4 
List of 2
 $ : num [1, 1, 1:4] 0.326 0.552 0.698 0.838
 $ : num [1, 1, 1:4] 7.69 2.87 2.34 3.13
NULL
R priorParameters: 2 8 
R maxT: 1 
R_PriorDraw_first_mu: 0.7639804 
R_PriorDraw_first_nu: 2.771148 
R-CCU: Before ClusterLabelChange for i = 64 newLabel= 1 currentLabel= 1 
R-CCU: sum(pointsPerCluster) = 1163 
 num [1:4] 1156 3 1 3
NULL
R-CCU: After ClusterLabelChange for i = 64 
R-CCU: sum(pointsPerCluster) = 1164 
 num [1:4] 1157 3 1 3
NULL
R-CCU: dpObj$numberClusters = 4 
List of 2
 $ : num [1, 1, 1:4] 0.326 0.552 0.698 0.838
 $ : num [1, 1, 1:4] 7.69 2.87 2.34 3.13
NULL
R priorParameters: 2 8 
R maxT: 1 
R_PriorDraw_first_mu: 0.8621743 
R_PriorDraw_first_nu: 9.222273 
R-CCU: Before ClusterLabelChange for i = 65 newLabel= 1 currentLabel= 1 
R-CCU: sum(pointsPerCluster) = 1164 
 num [1:4] 1157 3 1 3
NULL
R-CCU: After ClusterLabelChange for i = 65 
R-CCU: sum(pointsPerCluster) = 1165 
 num [1:4] 1158 3 1 3
NULL
R-CCU: dpObj$numberClusters = 4 
List of 2
 $ : num [1, 1, 1:4] 0.326 0.552 0.698 0.838
 $ : num [1, 1, 1:4] 7.69 2.87 2.34 3.13
NULL
R priorParameters: 2 8 
R maxT: 1 
R_PriorDraw_first_mu: 0.6102886 
R_PriorDraw_first_nu: 3.563014 
R-CCU: Before ClusterLabelChange for i = 66 newLabel= 1 currentLabel= 1 
R-CCU: sum(pointsPerCluster) = 1165 
 num [1:4] 1158 3 1 3
NULL
R-CCU: After ClusterLabelChange for i = 66 
R-CCU: sum(pointsPerCluster) = 1166 
 num [1:4] 1159 3 1 3
NULL
R-CCU: dpObj$numberClusters = 4 
List of 2
 $ : num [1, 1, 1:4] 0.326 0.552 0.698 0.838
 $ : num [1, 1, 1:4] 7.69 2.87 2.34 3.13
NULL
R priorParameters: 2 8 
R maxT: 1 
R_PriorDraw_first_mu: 0.04734478 
R_PriorDraw_first_nu: 4.368318 
R-CCU: Before ClusterLabelChange for i = 67 newLabel= 1 currentLabel= 1 
R-CCU: sum(pointsPerCluster) = 1166 
 num [1:4] 1159 3 1 3
NULL
R-CCU: After ClusterLabelChange for i = 67 
R-CCU: sum(pointsPerCluster) = 1167 
 num [1:4] 1160 3 1 3
NULL
R-CCU: dpObj$numberClusters = 4 
List of 2
 $ : num [1, 1, 1:4] 0.326 0.552 0.698 0.838
 $ : num [1, 1, 1:4] 7.69 2.87 2.34 3.13
NULL
R priorParameters: 2 8 
R maxT: 1 
R_PriorDraw_first_mu: 0.5763713 
R_PriorDraw_first_nu: 4.074782 
R-CCU: Before ClusterLabelChange for i = 68 newLabel= 1 currentLabel= 1 
R-CCU: sum(pointsPerCluster) = 1167 
 num [1:4] 1160 3 1 3
NULL
R-CCU: After ClusterLabelChange for i = 68 
R-CCU: sum(pointsPerCluster) = 1168 
 num [1:4] 1161 3 1 3
NULL
R-CCU: dpObj$numberClusters = 4 
List of 2
 $ : num [1, 1, 1:4] 0.326 0.552 0.698 0.838
 $ : num [1, 1, 1:4] 7.69 2.87 2.34 3.13
NULL
R priorParameters: 2 8 
R maxT: 1 
R_PriorDraw_first_mu: 0.2063741 
R_PriorDraw_first_nu: 6.238865 
R-CCU: Before ClusterLabelChange for i = 69 newLabel= 1 currentLabel= 1 
R-CCU: sum(pointsPerCluster) = 1168 
 num [1:4] 1161 3 1 3
NULL
R-CCU: After ClusterLabelChange for i = 69 
R-CCU: sum(pointsPerCluster) = 1169 
 num [1:4] 1162 3 1 3
NULL
R-CCU: dpObj$numberClusters = 4 
List of 2
 $ : num [1, 1, 1:4] 0.326 0.552 0.698 0.838
 $ : num [1, 1, 1:4] 7.69 2.87 2.34 3.13
NULL
R priorParameters: 2 8 
R maxT: 1 
R_PriorDraw_first_mu: 0.4982512 
R_PriorDraw_first_nu: 4.270942 
R-CCU: Before ClusterLabelChange for i = 70 newLabel= 1 currentLabel= 1 
R-CCU: sum(pointsPerCluster) = 1169 
 num [1:4] 1162 3 1 3
NULL
R-CCU: After ClusterLabelChange for i = 70 
R-CCU: sum(pointsPerCluster) = 1170 
 num [1:4] 1163 3 1 3
NULL
R-CCU: dpObj$numberClusters = 4 
List of 2
 $ : num [1, 1, 1:4] 0.326 0.552 0.698 0.838
 $ : num [1, 1, 1:4] 7.69 2.87 2.34 3.13
NULL
R priorParameters: 2 8 
R maxT: 1 
R_PriorDraw_first_mu: 0.2334611 
R_PriorDraw_first_nu: 4.726024 
R-CCU: Before ClusterLabelChange for i = 71 newLabel= 1 currentLabel= 1 
R-CCU: sum(pointsPerCluster) = 1170 
 num [1:4] 1163 3 1 3
NULL
R-CCU: After ClusterLabelChange for i = 71 
R-CCU: sum(pointsPerCluster) = 1171 
 num [1:4] 1164 3 1 3
NULL
R-CCU: dpObj$numberClusters = 4 
List of 2
 $ : num [1, 1, 1:4] 0.326 0.552 0.698 0.838
 $ : num [1, 1, 1:4] 7.69 2.87 2.34 3.13
NULL
R priorParameters: 2 8 
R maxT: 1 
R_PriorDraw_first_mu: 0.06241876 
R_PriorDraw_first_nu: 2.56084 
R-CCU: Before ClusterLabelChange for i = 72 newLabel= 1 currentLabel= 1 
R-CCU: sum(pointsPerCluster) = 1171 
 num [1:4] 1164 3 1 3
NULL
R-CCU: After ClusterLabelChange for i = 72 
R-CCU: sum(pointsPerCluster) = 1172 
 num [1:4] 1165 3 1 3
NULL
R-CCU: dpObj$numberClusters = 4 
List of 2
 $ : num [1, 1, 1:4] 0.326 0.552 0.698 0.838
 $ : num [1, 1, 1:4] 7.69 2.87 2.34 3.13
NULL
R priorParameters: 2 8 
R maxT: 1 
R_PriorDraw_first_mu: 0.8517049 
R_PriorDraw_first_nu: 5.342366 
R-CCU: Before ClusterLabelChange for i = 73 newLabel= 1 currentLabel= 1 
R-CCU: sum(pointsPerCluster) = 1172 
 num [1:4] 1165 3 1 3
NULL
R-CCU: After ClusterLabelChange for i = 73 
R-CCU: sum(pointsPerCluster) = 1173 
 num [1:4] 1166 3 1 3
NULL
R-CCU: dpObj$numberClusters = 4 
List of 2
 $ : num [1, 1, 1:4] 0.326 0.552 0.698 0.838
 $ : num [1, 1, 1:4] 7.69 2.87 2.34 3.13
NULL
R priorParameters: 2 8 
R maxT: 1 
R_PriorDraw_first_mu: 0.9902368 
R_PriorDraw_first_nu: 4.218121 
R-CCU: Before ClusterLabelChange for i = 74 newLabel= 1 currentLabel= 1 
R-CCU: sum(pointsPerCluster) = 1173 
 num [1:4] 1166 3 1 3
NULL
R-CCU: After ClusterLabelChange for i = 74 
R-CCU: sum(pointsPerCluster) = 1174 
 num [1:4] 1167 3 1 3
NULL
R-CCU: dpObj$numberClusters = 4 
List of 2
 $ : num [1, 1, 1:4] 0.326 0.552 0.698 0.838
 $ : num [1, 1, 1:4] 7.69 2.87 2.34 3.13
NULL
R priorParameters: 2 8 
R maxT: 1 
R_PriorDraw_first_mu: 0.04482356 
R_PriorDraw_first_nu: 6.736258 
R-CCU: Before ClusterLabelChange for i = 75 newLabel= 1 currentLabel= 1 
R-CCU: sum(pointsPerCluster) = 1174 
 num [1:4] 1167 3 1 3
NULL
R-CCU: After ClusterLabelChange for i = 75 
R-CCU: sum(pointsPerCluster) = 1175 
 num [1:4] 1168 3 1 3
NULL
R-CCU: dpObj$numberClusters = 4 
List of 2
 $ : num [1, 1, 1:4] 0.326 0.552 0.698 0.838
 $ : num [1, 1, 1:4] 7.69 2.87 2.34 3.13
NULL
R priorParameters: 2 8 
R maxT: 1 
R_PriorDraw_first_mu: 0.6503238 
R_PriorDraw_first_nu: 7.457559 
R-CCU: Before ClusterLabelChange for i = 76 newLabel= 1 currentLabel= 1 
R-CCU: sum(pointsPerCluster) = 1175 
 num [1:4] 1168 3 1 3
NULL
R-CCU: After ClusterLabelChange for i = 76 
R-CCU: sum(pointsPerCluster) = 1176 
 num [1:4] 1169 3 1 3
NULL
R-CCU: dpObj$numberClusters = 4 
List of 2
 $ : num [1, 1, 1:4] 0.326 0.552 0.698 0.838
 $ : num [1, 1, 1:4] 7.69 2.87 2.34 3.13
NULL
R priorParameters: 2 8 
R maxT: 1 
R_PriorDraw_first_mu: 0.2609796 
R_PriorDraw_first_nu: 4.919078 
R-CCU: Before ClusterLabelChange for i = 77 newLabel= 1 currentLabel= 1 
R-CCU: sum(pointsPerCluster) = 1176 
 num [1:4] 1169 3 1 3
NULL
R-CCU: After ClusterLabelChange for i = 77 
R-CCU: sum(pointsPerCluster) = 1177 
 num [1:4] 1170 3 1 3
NULL
R-CCU: dpObj$numberClusters = 4 
List of 2
 $ : num [1, 1, 1:4] 0.326 0.552 0.698 0.838
 $ : num [1, 1, 1:4] 7.69 2.87 2.34 3.13
NULL
R priorParameters: 2 8 
R maxT: 1 
R_PriorDraw_first_mu: 0.9731145 
R_PriorDraw_first_nu: 6.788618 
R-CCU: Before ClusterLabelChange for i = 78 newLabel= 1 currentLabel= 1 
R-CCU: sum(pointsPerCluster) = 1177 
 num [1:4] 1170 3 1 3
NULL
R-CCU: After ClusterLabelChange for i = 78 
R-CCU: sum(pointsPerCluster) = 1178 
 num [1:4] 1171 3 1 3
NULL
R-CCU: dpObj$numberClusters = 4 
List of 2
 $ : num [1, 1, 1:4] 0.326 0.552 0.698 0.838
 $ : num [1, 1, 1:4] 7.69 2.87 2.34 3.13
NULL
R priorParameters: 2 8 
R maxT: 1 
R_PriorDraw_first_mu: 0.3307067 
R_PriorDraw_first_nu: 3.469683 
R-CCU: Before ClusterLabelChange for i = 79 newLabel= 1 currentLabel= 1 
R-CCU: sum(pointsPerCluster) = 1178 
 num [1:4] 1171 3 1 3
NULL
R-CCU: After ClusterLabelChange for i = 79 
R-CCU: sum(pointsPerCluster) = 1179 
 num [1:4] 1172 3 1 3
NULL
R-CCU: dpObj$numberClusters = 4 
List of 2
 $ : num [1, 1, 1:4] 0.326 0.552 0.698 0.838
 $ : num [1, 1, 1:4] 7.69 2.87 2.34 3.13
NULL
R priorParameters: 2 8 
R maxT: 1 
R_PriorDraw_first_mu: 0.1788267 
R_PriorDraw_first_nu: 10.56591 
R-CCU: Before ClusterLabelChange for i = 80 newLabel= 1 currentLabel= 1 
R-CCU: sum(pointsPerCluster) = 1179 
 num [1:4] 1172 3 1 3
NULL
R-CCU: After ClusterLabelChange for i = 80 
R-CCU: sum(pointsPerCluster) = 1180 
 num [1:4] 1173 3 1 3
NULL
R-CCU: dpObj$numberClusters = 4 
List of 2
 $ : num [1, 1, 1:4] 0.326 0.552 0.698 0.838
 $ : num [1, 1, 1:4] 7.69 2.87 2.34 3.13
NULL
R priorParameters: 2 8 
R maxT: 1 
R_PriorDraw_first_mu: 0.1742842 
R_PriorDraw_first_nu: 6.667759 
R-CCU: Before ClusterLabelChange for i = 81 newLabel= 1 currentLabel= 1 
R-CCU: sum(pointsPerCluster) = 1180 
 num [1:4] 1173 3 1 3
NULL
R-CCU: After ClusterLabelChange for i = 81 
R-CCU: sum(pointsPerCluster) = 1181 
 num [1:4] 1174 3 1 3
NULL
R-CCU: dpObj$numberClusters = 4 
List of 2
 $ : num [1, 1, 1:4] 0.326 0.552 0.698 0.838
 $ : num [1, 1, 1:4] 7.69 2.87 2.34 3.13
NULL
R priorParameters: 2 8 
R maxT: 1 
R_PriorDraw_first_mu: 0.7535747 
R_PriorDraw_first_nu: 6.674797 
R-CCU: Before ClusterLabelChange for i = 82 newLabel= 1 currentLabel= 1 
R-CCU: sum(pointsPerCluster) = 1181 
 num [1:4] 1174 3 1 3
NULL
R-CCU: After ClusterLabelChange for i = 82 
R-CCU: sum(pointsPerCluster) = 1182 
 num [1:4] 1175 3 1 3
NULL
R-CCU: dpObj$numberClusters = 4 
List of 2
 $ : num [1, 1, 1:4] 0.326 0.552 0.698 0.838
 $ : num [1, 1, 1:4] 7.69 2.87 2.34 3.13
NULL
R priorParameters: 2 8 
R maxT: 1 
R_PriorDraw_first_mu: 0.6257764 
R_PriorDraw_first_nu: 2.249422 
R-CCU: Before ClusterLabelChange for i = 83 newLabel= 1 currentLabel= 1 
R-CCU: sum(pointsPerCluster) = 1182 
 num [1:4] 1175 3 1 3
NULL
R-CCU: After ClusterLabelChange for i = 83 
R-CCU: sum(pointsPerCluster) = 1183 
 num [1:4] 1176 3 1 3
NULL
R-CCU: dpObj$numberClusters = 4 
List of 2
 $ : num [1, 1, 1:4] 0.326 0.552 0.698 0.838
 $ : num [1, 1, 1:4] 7.69 2.87 2.34 3.13
NULL
R priorParameters: 2 8 
R maxT: 1 
R_PriorDraw_first_mu: 0.8505799 
R_PriorDraw_first_nu: 3.668011 
R-CCU: Before ClusterLabelChange for i = 84 newLabel= 1 currentLabel= 1 
R-CCU: sum(pointsPerCluster) = 1183 
 num [1:4] 1176 3 1 3
NULL
R-CCU: After ClusterLabelChange for i = 84 
R-CCU: sum(pointsPerCluster) = 1184 
 num [1:4] 1177 3 1 3
NULL
R-CCU: dpObj$numberClusters = 4 
List of 2
 $ : num [1, 1, 1:4] 0.326 0.552 0.698 0.838
 $ : num [1, 1, 1:4] 7.69 2.87 2.34 3.13
NULL
R priorParameters: 2 8 
R maxT: 1 
R_PriorDraw_first_mu: 0.7001655 
R_PriorDraw_first_nu: 2.786016 
R-CCU: Before ClusterLabelChange for i = 85 newLabel= 1 currentLabel= 1 
R-CCU: sum(pointsPerCluster) = 1184 
 num [1:4] 1177 3 1 3
NULL
R-CCU: After ClusterLabelChange for i = 85 
R-CCU: sum(pointsPerCluster) = 1185 
 num [1:4] 1178 3 1 3
NULL
R-CCU: dpObj$numberClusters = 4 
List of 2
 $ : num [1, 1, 1:4] 0.326 0.552 0.698 0.838
 $ : num [1, 1, 1:4] 7.69 2.87 2.34 3.13
NULL
R priorParameters: 2 8 
R maxT: 1 
R_PriorDraw_first_mu: 0.3813333 
R_PriorDraw_first_nu: 1.103964 
R-CCU: Before ClusterLabelChange for i = 86 newLabel= 1 currentLabel= 1 
R-CCU: sum(pointsPerCluster) = 1185 
 num [1:4] 1178 3 1 3
NULL
R-CCU: After ClusterLabelChange for i = 86 
R-CCU: sum(pointsPerCluster) = 1186 
 num [1:4] 1179 3 1 3
NULL
R-CCU: dpObj$numberClusters = 4 
List of 2
 $ : num [1, 1, 1:4] 0.326 0.552 0.698 0.838
 $ : num [1, 1, 1:4] 7.69 2.87 2.34 3.13
NULL
R priorParameters: 2 8 
R maxT: 1 
R_PriorDraw_first_mu: 0.09520744 
R_PriorDraw_first_nu: 10.21733 
R-CCU: Before ClusterLabelChange for i = 87 newLabel= 1 currentLabel= 1 
R-CCU: sum(pointsPerCluster) = 1186 
 num [1:4] 1179 3 1 3
NULL
R-CCU: After ClusterLabelChange for i = 87 
R-CCU: sum(pointsPerCluster) = 1187 
 num [1:4] 1180 3 1 3
NULL
R-CCU: dpObj$numberClusters = 4 
List of 2
 $ : num [1, 1, 1:4] 0.326 0.552 0.698 0.838
 $ : num [1, 1, 1:4] 7.69 2.87 2.34 3.13
NULL
R priorParameters: 2 8 
R maxT: 1 
R_PriorDraw_first_mu: 0.01539191 
R_PriorDraw_first_nu: 11.1256 
R-CCU: Before ClusterLabelChange for i = 88 newLabel= 1 currentLabel= 1 
R-CCU: sum(pointsPerCluster) = 1187 
 num [1:4] 1180 3 1 3
NULL
R-CCU: After ClusterLabelChange for i = 88 
R-CCU: sum(pointsPerCluster) = 1188 
 num [1:4] 1181 3 1 3
NULL
R-CCU: dpObj$numberClusters = 4 
List of 2
 $ : num [1, 1, 1:4] 0.326 0.552 0.698 0.838
 $ : num [1, 1, 1:4] 7.69 2.87 2.34 3.13
NULL
R priorParameters: 2 8 
R maxT: 1 
R_PriorDraw_first_mu: 0.8188394 
R_PriorDraw_first_nu: 4.3381 
R-CCU: Before ClusterLabelChange for i = 89 newLabel= 1 currentLabel= 1 
R-CCU: sum(pointsPerCluster) = 1188 
 num [1:4] 1181 3 1 3
NULL
R-CCU: After ClusterLabelChange for i = 89 
R-CCU: sum(pointsPerCluster) = 1189 
 num [1:4] 1182 3 1 3
NULL
R-CCU: dpObj$numberClusters = 4 
List of 2
 $ : num [1, 1, 1:4] 0.326 0.552 0.698 0.838
 $ : num [1, 1, 1:4] 7.69 2.87 2.34 3.13
NULL
R priorParameters: 2 8 
R maxT: 1 
R_PriorDraw_first_mu: 0.8360553 
R_PriorDraw_first_nu: 17.97179 
R-CCU: Before ClusterLabelChange for i = 90 newLabel= 1 currentLabel= 1 
R-CCU: sum(pointsPerCluster) = 1189 
 num [1:4] 1182 3 1 3
NULL
R-CCU: After ClusterLabelChange for i = 90 
R-CCU: sum(pointsPerCluster) = 1190 
 num [1:4] 1183 3 1 3
NULL
R-CCU: dpObj$numberClusters = 4 
List of 2
 $ : num [1, 1, 1:4] 0.326 0.552 0.698 0.838
 $ : num [1, 1, 1:4] 7.69 2.87 2.34 3.13
NULL
R priorParameters: 2 8 
R maxT: 1 
R_PriorDraw_first_mu: 0.3465374 
R_PriorDraw_first_nu: 3.007575 
R-CCU: Before ClusterLabelChange for i = 91 newLabel= 1 currentLabel= 1 
R-CCU: sum(pointsPerCluster) = 1190 
 num [1:4] 1183 3 1 3
NULL
R-CCU: After ClusterLabelChange for i = 91 
R-CCU: sum(pointsPerCluster) = 1191 
 num [1:4] 1184 3 1 3
NULL
R-CCU: dpObj$numberClusters = 4 
List of 2
 $ : num [1, 1, 1:4] 0.326 0.552 0.698 0.838
 $ : num [1, 1, 1:4] 7.69 2.87 2.34 3.13
NULL
R priorParameters: 2 8 
R maxT: 1 
R_PriorDraw_first_mu: 0.9412111 
R_PriorDraw_first_nu: 16.77424 
R-CCU: Before ClusterLabelChange for i = 92 newLabel= 1 currentLabel= 1 
R-CCU: sum(pointsPerCluster) = 1191 
 num [1:4] 1184 3 1 3
NULL
R-CCU: After ClusterLabelChange for i = 92 
R-CCU: sum(pointsPerCluster) = 1192 
 num [1:4] 1185 3 1 3
NULL
R-CCU: dpObj$numberClusters = 4 
List of 2
 $ : num [1, 1, 1:4] 0.326 0.552 0.698 0.838
 $ : num [1, 1, 1:4] 7.69 2.87 2.34 3.13
NULL
R priorParameters: 2 8 
R maxT: 1 
R_PriorDraw_first_mu: 0.9591241 
R_PriorDraw_first_nu: 4.045542 
R-CCU: Before ClusterLabelChange for i = 93 newLabel= 1 currentLabel= 1 
R-CCU: sum(pointsPerCluster) = 1192 
 num [1:4] 1185 3 1 3
NULL
R-CCU: After ClusterLabelChange for i = 93 
R-CCU: sum(pointsPerCluster) = 1193 
 num [1:4] 1186 3 1 3
NULL
R-CCU: dpObj$numberClusters = 4 
List of 2
 $ : num [1, 1, 1:4] 0.326 0.552 0.698 0.838
 $ : num [1, 1, 1:4] 7.69 2.87 2.34 3.13
NULL
R priorParameters: 2 8 
R maxT: 1 
R_PriorDraw_first_mu: 0.682586 
R_PriorDraw_first_nu: 4.141817 
R-CCU: Before ClusterLabelChange for i = 94 newLabel= 1 currentLabel= 1 
R-CCU: sum(pointsPerCluster) = 1193 
 num [1:4] 1186 3 1 3
NULL
R-CCU: After ClusterLabelChange for i = 94 
R-CCU: sum(pointsPerCluster) = 1194 
 num [1:4] 1187 3 1 3
NULL
R-CCU: dpObj$numberClusters = 4 
List of 2
 $ : num [1, 1, 1:4] 0.326 0.552 0.698 0.838
 $ : num [1, 1, 1:4] 7.69 2.87 2.34 3.13
NULL
R priorParameters: 2 8 
R maxT: 1 
R_PriorDraw_first_mu: 0.1574753 
R_PriorDraw_first_nu: 3.276491 
R-CCU: Before ClusterLabelChange for i = 95 newLabel= 1 currentLabel= 1 
R-CCU: sum(pointsPerCluster) = 1194 
 num [1:4] 1187 3 1 3
NULL
R-CCU: After ClusterLabelChange for i = 95 
R-CCU: sum(pointsPerCluster) = 1195 
 num [1:4] 1188 3 1 3
NULL
R-CCU: dpObj$numberClusters = 4 
List of 2
 $ : num [1, 1, 1:4] 0.326 0.552 0.698 0.838
 $ : num [1, 1, 1:4] 7.69 2.87 2.34 3.13
NULL
R priorParameters: 2 8 
R maxT: 1 
R_PriorDraw_first_mu: 0.6507388 
R_PriorDraw_first_nu: 2.819076 
R-CCU: Before ClusterLabelChange for i = 96 newLabel= 1 currentLabel= 1 
R-CCU: sum(pointsPerCluster) = 1195 
 num [1:4] 1188 3 1 3
NULL
R-CCU: After ClusterLabelChange for i = 96 
R-CCU: sum(pointsPerCluster) = 1196 
 num [1:4] 1189 3 1 3
NULL
R-CCU: dpObj$numberClusters = 4 
List of 2
 $ : num [1, 1, 1:4] 0.326 0.552 0.698 0.838
 $ : num [1, 1, 1:4] 7.69 2.87 2.34 3.13
NULL
R priorParameters: 2 8 
R maxT: 1 
R_PriorDraw_first_mu: 0.5316401 
R_PriorDraw_first_nu: 4.055323 
R-CCU: Before ClusterLabelChange for i = 97 newLabel= 1 currentLabel= 1 
R-CCU: sum(pointsPerCluster) = 1196 
 num [1:4] 1189 3 1 3
NULL
R-CCU: After ClusterLabelChange for i = 97 
R-CCU: sum(pointsPerCluster) = 1197 
 num [1:4] 1190 3 1 3
NULL
R-CCU: dpObj$numberClusters = 4 
List of 2
 $ : num [1, 1, 1:4] 0.326 0.552 0.698 0.838
 $ : num [1, 1, 1:4] 7.69 2.87 2.34 3.13
NULL
R priorParameters: 2 8 
R maxT: 1 
R_PriorDraw_first_mu: 0.718065 
R_PriorDraw_first_nu: 7.217153 
R-CCU: Before ClusterLabelChange for i = 98 newLabel= 1 currentLabel= 1 
R-CCU: sum(pointsPerCluster) = 1197 
 num [1:4] 1190 3 1 3
NULL
R-CCU: After ClusterLabelChange for i = 98 
R-CCU: sum(pointsPerCluster) = 1198 
 num [1:4] 1191 3 1 3
NULL
R-CCU: dpObj$numberClusters = 4 
List of 2
 $ : num [1, 1, 1:4] 0.326 0.552 0.698 0.838
 $ : num [1, 1, 1:4] 7.69 2.87 2.34 3.13
NULL
R priorParameters: 2 8 
R maxT: 1 
R_PriorDraw_first_mu: 0.8150756 
R_PriorDraw_first_nu: 2.239259 
R-CCU: Before ClusterLabelChange for i = 99 newLabel= 1 currentLabel= 1 
R-CCU: sum(pointsPerCluster) = 1198 
 num [1:4] 1191 3 1 3
NULL
R-CCU: After ClusterLabelChange for i = 99 
R-CCU: sum(pointsPerCluster) = 1199 
 num [1:4] 1192 3 1 3
NULL
R-CCU: dpObj$numberClusters = 4 
List of 2
 $ : num [1, 1, 1:4] 0.326 0.552 0.698 0.838
 $ : num [1, 1, 1:4] 7.69 2.87 2.34 3.13
NULL
R priorParameters: 2 8 
R maxT: 1 
R_PriorDraw_first_mu: 0.1977391 
R_PriorDraw_first_nu: 4.737663 
R-CCU: Before ClusterLabelChange for i = 100 newLabel= 1 currentLabel= 1 
R-CCU: sum(pointsPerCluster) = 1199 
 num [1:4] 1192 3 1 3
NULL
R-CCU: After ClusterLabelChange for i = 100 
R-CCU: sum(pointsPerCluster) = 1200 
 num [1:4] 1193 3 1 3
NULL
R-CCU: dpObj$numberClusters = 4 
List of 2
 $ : num [1, 1, 1:4] 0.326 0.552 0.698 0.838
 $ : num [1, 1, 1:4] 7.69 2.87 2.34 3.13
NULL
R priorParameters: 2 8 
R maxT: 1 
R_PriorDraw_first_mu: 0.5337608 
R_PriorDraw_first_nu: 16.63971 
R-CCU: Before ClusterLabelChange for i = 1 newLabel= 1 currentLabel= 1 
R-CCU: sum(pointsPerCluster) = 1200 
 num [1:4] 1193 3 1 3
NULL
R-CCU: After ClusterLabelChange for i = 1 
R-CCU: sum(pointsPerCluster) = 1201 
 num [1:4] 1194 3 1 3
NULL
R-CCU: dpObj$numberClusters = 4 
List of 2
 $ : num [1, 1, 1:4] 0.326 0.552 0.698 0.642
 $ : num [1, 1, 1:4] 8.03 2.87 2.34 3.52
NULL
R priorParameters: 2 8 
R maxT: 1 
R_PriorDraw_first_mu: 0.2630736 
R_PriorDraw_first_nu: 18.90755 
R-CCU: Before ClusterLabelChange for i = 2 newLabel= 1 currentLabel= 1 
R-CCU: sum(pointsPerCluster) = 1201 
 num [1:4] 1194 3 1 3
NULL
R-CCU: After ClusterLabelChange for i = 2 
R-CCU: sum(pointsPerCluster) = 1202 
 num [1:4] 1195 3 1 3
NULL
R-CCU: dpObj$numberClusters = 4 
List of 2
 $ : num [1, 1, 1:4] 0.326 0.552 0.698 0.642
 $ : num [1, 1, 1:4] 8.03 2.87 2.34 3.52
NULL
R priorParameters: 2 8 
R maxT: 1 
R_PriorDraw_first_mu: 0.3505752 
R_PriorDraw_first_nu: 2.808085 
R-CCU: Before ClusterLabelChange for i = 3 newLabel= 1 currentLabel= 1 
R-CCU: sum(pointsPerCluster) = 1202 
 num [1:4] 1195 3 1 3
NULL
R-CCU: After ClusterLabelChange for i = 3 
R-CCU: sum(pointsPerCluster) = 1203 
 num [1:4] 1196 3 1 3
NULL
R-CCU: dpObj$numberClusters = 4 
List of 2
 $ : num [1, 1, 1:4] 0.326 0.552 0.698 0.642
 $ : num [1, 1, 1:4] 8.03 2.87 2.34 3.52
NULL
R priorParameters: 2 8 
R maxT: 1 
R_PriorDraw_first_mu: 0.7860428 
R_PriorDraw_first_nu: 7.605088 
R-CCU: Before ClusterLabelChange for i = 4 newLabel= 1 currentLabel= 1 
R-CCU: sum(pointsPerCluster) = 1203 
 num [1:4] 1196 3 1 3
NULL
R-CCU: After ClusterLabelChange for i = 4 
R-CCU: sum(pointsPerCluster) = 1204 
 num [1:4] 1197 3 1 3
NULL
R-CCU: dpObj$numberClusters = 4 
List of 2
 $ : num [1, 1, 1:4] 0.326 0.552 0.698 0.642
 $ : num [1, 1, 1:4] 8.03 2.87 2.34 3.52
NULL
R priorParameters: 2 8 
R maxT: 1 
R_PriorDraw_first_mu: 0.1668023 
R_PriorDraw_first_nu: 3.912203 
R-CCU: Before ClusterLabelChange for i = 5 newLabel= 1 currentLabel= 1 
R-CCU: sum(pointsPerCluster) = 1204 
 num [1:4] 1197 3 1 3
NULL
R-CCU: After ClusterLabelChange for i = 5 
R-CCU: sum(pointsPerCluster) = 1205 
 num [1:4] 1198 3 1 3
NULL
R-CCU: dpObj$numberClusters = 4 
List of 2
 $ : num [1, 1, 1:4] 0.326 0.552 0.698 0.642
 $ : num [1, 1, 1:4] 8.03 2.87 2.34 3.52
NULL
R priorParameters: 2 8 
R maxT: 1 
R_PriorDraw_first_mu: 0.1601251 
R_PriorDraw_first_nu: 10.5002 
R-CCU: Before ClusterLabelChange for i = 6 newLabel= 1 currentLabel= 1 
R-CCU: sum(pointsPerCluster) = 1205 
 num [1:4] 1198 3 1 3
NULL
R-CCU: After ClusterLabelChange for i = 6 
R-CCU: sum(pointsPerCluster) = 1206 
 num [1:4] 1199 3 1 3
NULL
R-CCU: dpObj$numberClusters = 4 
List of 2
 $ : num [1, 1, 1:4] 0.326 0.552 0.698 0.642
 $ : num [1, 1, 1:4] 8.03 2.87 2.34 3.52
NULL
R priorParameters: 2 8 
R maxT: 1 
R_PriorDraw_first_mu: 0.8904406 
R_PriorDraw_first_nu: 3.724984 
R-CCU: Before ClusterLabelChange for i = 7 newLabel= 1 currentLabel= 1 
R-CCU: sum(pointsPerCluster) = 1206 
 num [1:4] 1199 3 1 3
NULL
R-CCU: After ClusterLabelChange for i = 7 
R-CCU: sum(pointsPerCluster) = 1207 
 num [1:4] 1200 3 1 3
NULL
R-CCU: dpObj$numberClusters = 4 
List of 2
 $ : num [1, 1, 1:4] 0.326 0.552 0.698 0.642
 $ : num [1, 1, 1:4] 8.03 2.87 2.34 3.52
NULL
R priorParameters: 2 8 
R maxT: 1 
R_PriorDraw_first_mu: 0.6292985 
R_PriorDraw_first_nu: 2.853385 
R-CCU: Before ClusterLabelChange for i = 8 newLabel= 1 currentLabel= 1 
R-CCU: sum(pointsPerCluster) = 1207 
 num [1:4] 1200 3 1 3
NULL
R-CCU: After ClusterLabelChange for i = 8 
R-CCU: sum(pointsPerCluster) = 1208 
 num [1:4] 1201 3 1 3
NULL
R-CCU: dpObj$numberClusters = 4 
List of 2
 $ : num [1, 1, 1:4] 0.326 0.552 0.698 0.642
 $ : num [1, 1, 1:4] 8.03 2.87 2.34 3.52
NULL
R priorParameters: 2 8 
R maxT: 1 
R_PriorDraw_first_mu: 0.4195118 
R_PriorDraw_first_nu: 3.848655 
R-CCU: Before ClusterLabelChange for i = 9 newLabel= 1 currentLabel= 1 
R-CCU: sum(pointsPerCluster) = 1208 
 num [1:4] 1201 3 1 3
NULL
R-CCU: After ClusterLabelChange for i = 9 
R-CCU: sum(pointsPerCluster) = 1209 
 num [1:4] 1202 3 1 3
NULL
R-CCU: dpObj$numberClusters = 4 
List of 2
 $ : num [1, 1, 1:4] 0.326 0.552 0.698 0.642
 $ : num [1, 1, 1:4] 8.03 2.87 2.34 3.52
NULL
R priorParameters: 2 8 
R maxT: 1 
R_PriorDraw_first_mu: 0.493679 
R_PriorDraw_first_nu: 2.2865 
R-CCU: Before ClusterLabelChange for i = 10 newLabel= 1 currentLabel= 1 
R-CCU: sum(pointsPerCluster) = 1209 
 num [1:4] 1202 3 1 3
NULL
R-CCU: After ClusterLabelChange for i = 10 
R-CCU: sum(pointsPerCluster) = 1210 
 num [1:4] 1203 3 1 3
NULL
R-CCU: dpObj$numberClusters = 4 
List of 2
 $ : num [1, 1, 1:4] 0.326 0.552 0.698 0.642
 $ : num [1, 1, 1:4] 8.03 2.87 2.34 3.52
NULL
R priorParameters: 2 8 
R maxT: 1 
R_PriorDraw_first_mu: 0.312654 
R_PriorDraw_first_nu: 2.194488 
R-CCU: Before ClusterLabelChange for i = 11 newLabel= 1 currentLabel= 1 
R-CCU: sum(pointsPerCluster) = 1210 
 num [1:4] 1203 3 1 3
NULL
R-CCU: After ClusterLabelChange for i = 11 
R-CCU: sum(pointsPerCluster) = 1211 
 num [1:4] 1204 3 1 3
NULL
R-CCU: dpObj$numberClusters = 4 
List of 2
 $ : num [1, 1, 1:4] 0.326 0.552 0.698 0.642
 $ : num [1, 1, 1:4] 8.03 2.87 2.34 3.52
NULL
R priorParameters: 2 8 
R maxT: 1 
R_PriorDraw_first_mu: 0.2389725 
R_PriorDraw_first_nu: 15.51365 
R-CCU: Before ClusterLabelChange for i = 12 newLabel= 1 currentLabel= 1 
R-CCU: sum(pointsPerCluster) = 1211 
 num [1:4] 1204 3 1 3
NULL
R-CCU: After ClusterLabelChange for i = 12 
R-CCU: sum(pointsPerCluster) = 1212 
 num [1:4] 1205 3 1 3
NULL
R-CCU: dpObj$numberClusters = 4 
List of 2
 $ : num [1, 1, 1:4] 0.326 0.552 0.698 0.642
 $ : num [1, 1, 1:4] 8.03 2.87 2.34 3.52
NULL
R priorParameters: 2 8 
R maxT: 1 
R_PriorDraw_first_mu: 0.1124731 
R_PriorDraw_first_nu: 2.599962 
R-CCU: Before ClusterLabelChange for i = 13 newLabel= 1 currentLabel= 1 
R-CCU: sum(pointsPerCluster) = 1212 
 num [1:4] 1205 3 1 3
NULL
R-CCU: After ClusterLabelChange for i = 13 
R-CCU: sum(pointsPerCluster) = 1213 
 num [1:4] 1206 3 1 3
NULL
R-CCU: dpObj$numberClusters = 4 
List of 2
 $ : num [1, 1, 1:4] 0.326 0.552 0.698 0.642
 $ : num [1, 1, 1:4] 8.03 2.87 2.34 3.52
NULL
R priorParameters: 2 8 
R maxT: 1 
R_PriorDraw_first_mu: 0.2749672 
R_PriorDraw_first_nu: 2.771753 
R-CCU: Before ClusterLabelChange for i = 14 newLabel= 1 currentLabel= 1 
R-CCU: sum(pointsPerCluster) = 1213 
 num [1:4] 1206 3 1 3
NULL
R-CCU: After ClusterLabelChange for i = 14 
R-CCU: sum(pointsPerCluster) = 1214 
 num [1:4] 1207 3 1 3
NULL
R-CCU: dpObj$numberClusters = 4 
List of 2
 $ : num [1, 1, 1:4] 0.326 0.552 0.698 0.642
 $ : num [1, 1, 1:4] 8.03 2.87 2.34 3.52
NULL
R priorParameters: 2 8 
R maxT: 1 
R_PriorDraw_first_mu: 0.4782013 
R_PriorDraw_first_nu: 8.904106 
R-CCU: Before ClusterLabelChange for i = 15 newLabel= 1 currentLabel= 1 
R-CCU: sum(pointsPerCluster) = 1214 
 num [1:4] 1207 3 1 3
NULL
R-CCU: After ClusterLabelChange for i = 15 
R-CCU: sum(pointsPerCluster) = 1215 
 num [1:4] 1208 3 1 3
NULL
R-CCU: dpObj$numberClusters = 4 
List of 2
 $ : num [1, 1, 1:4] 0.326 0.552 0.698 0.642
 $ : num [1, 1, 1:4] 8.03 2.87 2.34 3.52
NULL
R priorParameters: 2 8 
R maxT: 1 
R_PriorDraw_first_mu: 0.6891393 
R_PriorDraw_first_nu: 12.94818 
R-CCU: Before ClusterLabelChange for i = 16 newLabel= 1 currentLabel= 1 
R-CCU: sum(pointsPerCluster) = 1215 
 num [1:4] 1208 3 1 3
NULL
R-CCU: After ClusterLabelChange for i = 16 
R-CCU: sum(pointsPerCluster) = 1216 
 num [1:4] 1209 3 1 3
NULL
R-CCU: dpObj$numberClusters = 4 
List of 2
 $ : num [1, 1, 1:4] 0.326 0.552 0.698 0.642
 $ : num [1, 1, 1:4] 8.03 2.87 2.34 3.52
NULL
R priorParameters: 2 8 
R maxT: 1 
R_PriorDraw_first_mu: 0.9909195 
R_PriorDraw_first_nu: 6.344374 
R-CCU: Before ClusterLabelChange for i = 17 newLabel= 1 currentLabel= 1 
R-CCU: sum(pointsPerCluster) = 1216 
 num [1:4] 1209 3 1 3
NULL
R-CCU: After ClusterLabelChange for i = 17 
R-CCU: sum(pointsPerCluster) = 1217 
 num [1:4] 1210 3 1 3
NULL
R-CCU: dpObj$numberClusters = 4 
List of 2
 $ : num [1, 1, 1:4] 0.326 0.552 0.698 0.642
 $ : num [1, 1, 1:4] 8.03 2.87 2.34 3.52
NULL
R priorParameters: 2 8 
R maxT: 1 
R_PriorDraw_first_mu: 0.1574411 
R_PriorDraw_first_nu: 4.15266 
R-CCU: Before ClusterLabelChange for i = 18 newLabel= 1 currentLabel= 1 
R-CCU: sum(pointsPerCluster) = 1217 
 num [1:4] 1210 3 1 3
NULL
R-CCU: After ClusterLabelChange for i = 18 
R-CCU: sum(pointsPerCluster) = 1218 
 num [1:4] 1211 3 1 3
NULL
R-CCU: dpObj$numberClusters = 4 
List of 2
 $ : num [1, 1, 1:4] 0.326 0.552 0.698 0.642
 $ : num [1, 1, 1:4] 8.03 2.87 2.34 3.52
NULL
R priorParameters: 2 8 
R maxT: 1 
R_PriorDraw_first_mu: 0.759211 
R_PriorDraw_first_nu: 3.674798 
R-CCU: Before ClusterLabelChange for i = 19 newLabel= 1 currentLabel= 1 
R-CCU: sum(pointsPerCluster) = 1218 
 num [1:4] 1211 3 1 3
NULL
R-CCU: After ClusterLabelChange for i = 19 
R-CCU: sum(pointsPerCluster) = 1219 
 num [1:4] 1212 3 1 3
NULL
R-CCU: dpObj$numberClusters = 4 
List of 2
 $ : num [1, 1, 1:4] 0.326 0.552 0.698 0.642
 $ : num [1, 1, 1:4] 8.03 2.87 2.34 3.52
NULL
R priorParameters: 2 8 
R maxT: 1 
R_PriorDraw_first_mu: 0.6312455 
R_PriorDraw_first_nu: 11.01373 
R-CCU: Before ClusterLabelChange for i = 20 newLabel= 1 currentLabel= 1 
R-CCU: sum(pointsPerCluster) = 1219 
 num [1:4] 1212 3 1 3
NULL
R-CCU: After ClusterLabelChange for i = 20 
R-CCU: sum(pointsPerCluster) = 1220 
 num [1:4] 1213 3 1 3
NULL
R-CCU: dpObj$numberClusters = 4 
List of 2
 $ : num [1, 1, 1:4] 0.326 0.552 0.698 0.642
 $ : num [1, 1, 1:4] 8.03 2.87 2.34 3.52
NULL
R priorParameters: 2 8 
R maxT: 1 
R_PriorDraw_first_mu: 0.9800455 
R_PriorDraw_first_nu: 15.2398 
R-CCU: Before ClusterLabelChange for i = 21 newLabel= 1 currentLabel= 1 
R-CCU: sum(pointsPerCluster) = 1220 
 num [1:4] 1213 3 1 3
NULL
R-CCU: After ClusterLabelChange for i = 21 
R-CCU: sum(pointsPerCluster) = 1221 
 num [1:4] 1214 3 1 3
NULL
R-CCU: dpObj$numberClusters = 4 
List of 2
 $ : num [1, 1, 1:4] 0.326 0.552 0.698 0.642
 $ : num [1, 1, 1:4] 8.03 2.87 2.34 3.52
NULL
R priorParameters: 2 8 
R maxT: 1 
R_PriorDraw_first_mu: 0.3250974 
R_PriorDraw_first_nu: 3.554452 
R-CCU: Before ClusterLabelChange for i = 22 newLabel= 1 currentLabel= 1 
R-CCU: sum(pointsPerCluster) = 1221 
 num [1:4] 1214 3 1 3
NULL
R-CCU: After ClusterLabelChange for i = 22 
R-CCU: sum(pointsPerCluster) = 1222 
 num [1:4] 1215 3 1 3
NULL
R-CCU: dpObj$numberClusters = 4 
List of 2
 $ : num [1, 1, 1:4] 0.326 0.552 0.698 0.642
 $ : num [1, 1, 1:4] 8.03 2.87 2.34 3.52
NULL
R priorParameters: 2 8 
R maxT: 1 
R_PriorDraw_first_mu: 0.05980844 
R_PriorDraw_first_nu: 2.985821 
R-CCU: Before ClusterLabelChange for i = 23 newLabel= 1 currentLabel= 1 
R-CCU: sum(pointsPerCluster) = 1222 
 num [1:4] 1215 3 1 3
NULL
R-CCU: After ClusterLabelChange for i = 23 
R-CCU: sum(pointsPerCluster) = 1223 
 num [1:4] 1216 3 1 3
NULL
R-CCU: dpObj$numberClusters = 4 
List of 2
 $ : num [1, 1, 1:4] 0.326 0.552 0.698 0.642
 $ : num [1, 1, 1:4] 8.03 2.87 2.34 3.52
NULL
R priorParameters: 2 8 
R maxT: 1 
R_PriorDraw_first_mu: 0.749097 
R_PriorDraw_first_nu: 10.6913 
R-CCU: Before ClusterLabelChange for i = 24 newLabel= 1 currentLabel= 1 
R-CCU: sum(pointsPerCluster) = 1223 
 num [1:4] 1216 3 1 3
NULL
R-CCU: After ClusterLabelChange for i = 24 
R-CCU: sum(pointsPerCluster) = 1224 
 num [1:4] 1217 3 1 3
NULL
R-CCU: dpObj$numberClusters = 4 
List of 2
 $ : num [1, 1, 1:4] 0.326 0.552 0.698 0.642
 $ : num [1, 1, 1:4] 8.03 2.87 2.34 3.52
NULL
R priorParameters: 2 8 
R maxT: 1 
R_PriorDraw_first_mu: 0.4363432 
R_PriorDraw_first_nu: 23.25691 
R-CCU: Before ClusterLabelChange for i = 25 newLabel= 1 currentLabel= 1 
R-CCU: sum(pointsPerCluster) = 1224 
 num [1:4] 1217 3 1 3
NULL
R-CCU: After ClusterLabelChange for i = 25 
R-CCU: sum(pointsPerCluster) = 1225 
 num [1:4] 1218 3 1 3
NULL
R-CCU: dpObj$numberClusters = 4 
List of 2
 $ : num [1, 1, 1:4] 0.326 0.552 0.698 0.642
 $ : num [1, 1, 1:4] 8.03 2.87 2.34 3.52
NULL
R priorParameters: 2 8 
R maxT: 1 
R_PriorDraw_first_mu: 0.5192294 
R_PriorDraw_first_nu: 2.983377 
R-CCU: Before ClusterLabelChange for i = 26 newLabel= 1 currentLabel= 1 
R-CCU: sum(pointsPerCluster) = 1225 
 num [1:4] 1218 3 1 3
NULL
R-CCU: After ClusterLabelChange for i = 26 
R-CCU: sum(pointsPerCluster) = 1226 
 num [1:4] 1219 3 1 3
NULL
R-CCU: dpObj$numberClusters = 4 
List of 2
 $ : num [1, 1, 1:4] 0.326 0.552 0.698 0.642
 $ : num [1, 1, 1:4] 8.03 2.87 2.34 3.52
NULL
R priorParameters: 2 8 
R maxT: 1 
R_PriorDraw_first_mu: 0.6681797 
R_PriorDraw_first_nu: 2.747781 
R-CCU: Before ClusterLabelChange for i = 27 newLabel= 1 currentLabel= 1 
R-CCU: sum(pointsPerCluster) = 1226 
 num [1:4] 1219 3 1 3
NULL
R-CCU: After ClusterLabelChange for i = 27 
R-CCU: sum(pointsPerCluster) = 1227 
 num [1:4] 1220 3 1 3
NULL
R-CCU: dpObj$numberClusters = 4 
List of 2
 $ : num [1, 1, 1:4] 0.326 0.552 0.698 0.642
 $ : num [1, 1, 1:4] 8.03 2.87 2.34 3.52
NULL
R priorParameters: 2 8 
R maxT: 1 
R_PriorDraw_first_mu: 0.6197747 
R_PriorDraw_first_nu: 9.781794 
R-CCU: Before ClusterLabelChange for i = 28 newLabel= 1 currentLabel= 1 
R-CCU: sum(pointsPerCluster) = 1227 
 num [1:4] 1220 3 1 3
NULL
R-CCU: After ClusterLabelChange for i = 28 
R-CCU: sum(pointsPerCluster) = 1228 
 num [1:4] 1221 3 1 3
NULL
R-CCU: dpObj$numberClusters = 4 
List of 2
 $ : num [1, 1, 1:4] 0.326 0.552 0.698 0.642
 $ : num [1, 1, 1:4] 8.03 2.87 2.34 3.52
NULL
R priorParameters: 2 8 
R maxT: 1 
R_PriorDraw_first_mu: 0.6409551 
R_PriorDraw_first_nu: 2.751163 
R-CCU: Before ClusterLabelChange for i = 29 newLabel= 1 currentLabel= 1 
R-CCU: sum(pointsPerCluster) = 1228 
 num [1:4] 1221 3 1 3
NULL
R-CCU: After ClusterLabelChange for i = 29 
R-CCU: sum(pointsPerCluster) = 1229 
 num [1:4] 1222 3 1 3
NULL
R-CCU: dpObj$numberClusters = 4 
List of 2
 $ : num [1, 1, 1:4] 0.326 0.552 0.698 0.642
 $ : num [1, 1, 1:4] 8.03 2.87 2.34 3.52
NULL
R priorParameters: 2 8 
R maxT: 1 
R_PriorDraw_first_mu: 0.9380536 
R_PriorDraw_first_nu: 2.532413 
R-CCU: Before ClusterLabelChange for i = 30 newLabel= 1 currentLabel= 1 
R-CCU: sum(pointsPerCluster) = 1229 
 num [1:4] 1222 3 1 3
NULL
R-CCU: After ClusterLabelChange for i = 30 
R-CCU: sum(pointsPerCluster) = 1230 
 num [1:4] 1223 3 1 3
NULL
R-CCU: dpObj$numberClusters = 4 
List of 2
 $ : num [1, 1, 1:4] 0.326 0.552 0.698 0.642
 $ : num [1, 1, 1:4] 8.03 2.87 2.34 3.52
NULL
R priorParameters: 2 8 
R maxT: 1 
R_PriorDraw_first_mu: 0.5122597 
R_PriorDraw_first_nu: 7.550339 
R-CCU: Before ClusterLabelChange for i = 31 newLabel= 1 currentLabel= 1 
R-CCU: sum(pointsPerCluster) = 1230 
 num [1:4] 1223 3 1 3
NULL
R-CCU: After ClusterLabelChange for i = 31 
R-CCU: sum(pointsPerCluster) = 1231 
 num [1:4] 1224 3 1 3
NULL
R-CCU: dpObj$numberClusters = 4 
List of 2
 $ : num [1, 1, 1:4] 0.326 0.552 0.698 0.642
 $ : num [1, 1, 1:4] 8.03 2.87 2.34 3.52
NULL
R priorParameters: 2 8 
R maxT: 1 
R_PriorDraw_first_mu: 0.05694323 
R_PriorDraw_first_nu: 3.851317 
R-CCU: Before ClusterLabelChange for i = 32 newLabel= 1 currentLabel= 1 
R-CCU: sum(pointsPerCluster) = 1231 
 num [1:4] 1224 3 1 3
NULL
R-CCU: After ClusterLabelChange for i = 32 
R-CCU: sum(pointsPerCluster) = 1232 
 num [1:4] 1225 3 1 3
NULL
R-CCU: dpObj$numberClusters = 4 
List of 2
 $ : num [1, 1, 1:4] 0.326 0.552 0.698 0.642
 $ : num [1, 1, 1:4] 8.03 2.87 2.34 3.52
NULL
R priorParameters: 2 8 
R maxT: 1 
R_PriorDraw_first_mu: 0.3577202 
R_PriorDraw_first_nu: 2.877114 
R-CCU: Before ClusterLabelChange for i = 33 newLabel= 1 currentLabel= 1 
R-CCU: sum(pointsPerCluster) = 1232 
 num [1:4] 1225 3 1 3
NULL
R-CCU: After ClusterLabelChange for i = 33 
R-CCU: sum(pointsPerCluster) = 1233 
 num [1:4] 1226 3 1 3
NULL
R-CCU: dpObj$numberClusters = 4 
List of 2
 $ : num [1, 1, 1:4] 0.326 0.552 0.698 0.642
 $ : num [1, 1, 1:4] 8.03 2.87 2.34 3.52
NULL
R priorParameters: 2 8 
R maxT: 1 
R_PriorDraw_first_mu: 0.3570487 
R_PriorDraw_first_nu: 4.275854 
R-CCU: Before ClusterLabelChange for i = 34 newLabel= 1 currentLabel= 1 
R-CCU: sum(pointsPerCluster) = 1233 
 num [1:4] 1226 3 1 3
NULL
R-CCU: After ClusterLabelChange for i = 34 
R-CCU: sum(pointsPerCluster) = 1234 
 num [1:4] 1227 3 1 3
NULL
R-CCU: dpObj$numberClusters = 4 
List of 2
 $ : num [1, 1, 1:4] 0.326 0.552 0.698 0.642
 $ : num [1, 1, 1:4] 8.03 2.87 2.34 3.52
NULL
R priorParameters: 2 8 
R maxT: 1 
R_PriorDraw_first_mu: 0.6563284 
R_PriorDraw_first_nu: 10.22186 
R-CCU: Before ClusterLabelChange for i = 35 newLabel= 1 currentLabel= 1 
R-CCU: sum(pointsPerCluster) = 1234 
 num [1:4] 1227 3 1 3
NULL
R-CCU: After ClusterLabelChange for i = 35 
R-CCU: sum(pointsPerCluster) = 1235 
 num [1:4] 1228 3 1 3
NULL
R-CCU: dpObj$numberClusters = 4 
List of 2
 $ : num [1, 1, 1:4] 0.326 0.552 0.698 0.642
 $ : num [1, 1, 1:4] 8.03 2.87 2.34 3.52
NULL
R priorParameters: 2 8 
R maxT: 1 
R_PriorDraw_first_mu: 0.9433706 
R_PriorDraw_first_nu: 5.684436 
R-CCU: Before ClusterLabelChange for i = 36 newLabel= 1 currentLabel= 1 
R-CCU: sum(pointsPerCluster) = 1235 
 num [1:4] 1228 3 1 3
NULL
R-CCU: After ClusterLabelChange for i = 36 
R-CCU: sum(pointsPerCluster) = 1236 
 num [1:4] 1229 3 1 3
NULL
R-CCU: dpObj$numberClusters = 4 
List of 2
 $ : num [1, 1, 1:4] 0.326 0.552 0.698 0.642
 $ : num [1, 1, 1:4] 8.03 2.87 2.34 3.52
NULL
R priorParameters: 2 8 
R maxT: 1 
R_PriorDraw_first_mu: 0.5109886 
R_PriorDraw_first_nu: 7.350519 
R-CCU: Before ClusterLabelChange for i = 37 newLabel= 1 currentLabel= 1 
R-CCU: sum(pointsPerCluster) = 1236 
 num [1:4] 1229 3 1 3
NULL
R-CCU: After ClusterLabelChange for i = 37 
R-CCU: sum(pointsPerCluster) = 1237 
 num [1:4] 1230 3 1 3
NULL
R-CCU: dpObj$numberClusters = 4 
List of 2
 $ : num [1, 1, 1:4] 0.326 0.552 0.698 0.642
 $ : num [1, 1, 1:4] 8.03 2.87 2.34 3.52
NULL
R priorParameters: 2 8 
R maxT: 1 
R_PriorDraw_first_mu: 0.3710853 
R_PriorDraw_first_nu: 35.94716 
R-CCU: Before ClusterLabelChange for i = 38 newLabel= 1 currentLabel= 1 
R-CCU: sum(pointsPerCluster) = 1237 
 num [1:4] 1230 3 1 3
NULL
R-CCU: After ClusterLabelChange for i = 38 
R-CCU: sum(pointsPerCluster) = 1238 
 num [1:4] 1231 3 1 3
NULL
R-CCU: dpObj$numberClusters = 4 
List of 2
 $ : num [1, 1, 1:4] 0.326 0.552 0.698 0.642
 $ : num [1, 1, 1:4] 8.03 2.87 2.34 3.52
NULL
R priorParameters: 2 8 
R maxT: 1 
R_PriorDraw_first_mu: 0.7750286 
R_PriorDraw_first_nu: 7.655009 
R-CCU: Before ClusterLabelChange for i = 39 newLabel= 1 currentLabel= 1 
R-CCU: sum(pointsPerCluster) = 1238 
 num [1:4] 1231 3 1 3
NULL
R-CCU: After ClusterLabelChange for i = 39 
R-CCU: sum(pointsPerCluster) = 1239 
 num [1:4] 1232 3 1 3
NULL
R-CCU: dpObj$numberClusters = 4 
List of 2
 $ : num [1, 1, 1:4] 0.326 0.552 0.698 0.642
 $ : num [1, 1, 1:4] 8.03 2.87 2.34 3.52
NULL
R priorParameters: 2 8 
R maxT: 1 
R_PriorDraw_first_mu: 0.3695236 
R_PriorDraw_first_nu: 16.16707 
R-CCU: Before ClusterLabelChange for i = 40 newLabel= 1 currentLabel= 1 
R-CCU: sum(pointsPerCluster) = 1239 
 num [1:4] 1232 3 1 3
NULL
R-CCU: After ClusterLabelChange for i = 40 
R-CCU: sum(pointsPerCluster) = 1240 
 num [1:4] 1233 3 1 3
NULL
R-CCU: dpObj$numberClusters = 4 
List of 2
 $ : num [1, 1, 1:4] 0.326 0.552 0.698 0.642
 $ : num [1, 1, 1:4] 8.03 2.87 2.34 3.52
NULL
R priorParameters: 2 8 
R maxT: 1 
R_PriorDraw_first_mu: 0.7342247 
R_PriorDraw_first_nu: 6.964199 
R-CCU: Before ClusterLabelChange for i = 41 newLabel= 1 currentLabel= 1 
R-CCU: sum(pointsPerCluster) = 1240 
 num [1:4] 1233 3 1 3
NULL
R-CCU: After ClusterLabelChange for i = 41 
R-CCU: sum(pointsPerCluster) = 1241 
 num [1:4] 1234 3 1 3
NULL
R-CCU: dpObj$numberClusters = 4 
List of 2
 $ : num [1, 1, 1:4] 0.326 0.552 0.698 0.642
 $ : num [1, 1, 1:4] 8.03 2.87 2.34 3.52
NULL
R priorParameters: 2 8 
R maxT: 1 
R_PriorDraw_first_mu: 0.1678842 
R_PriorDraw_first_nu: 15.3139 
R-CCU: Before ClusterLabelChange for i = 42 newLabel= 1 currentLabel= 1 
R-CCU: sum(pointsPerCluster) = 1241 
 num [1:4] 1234 3 1 3
NULL
R-CCU: After ClusterLabelChange for i = 42 
R-CCU: sum(pointsPerCluster) = 1242 
 num [1:4] 1235 3 1 3
NULL
R-CCU: dpObj$numberClusters = 4 
List of 2
 $ : num [1, 1, 1:4] 0.326 0.552 0.698 0.642
 $ : num [1, 1, 1:4] 8.03 2.87 2.34 3.52
NULL
R priorParameters: 2 8 
R maxT: 1 
R_PriorDraw_first_mu: 0.2205761 
R_PriorDraw_first_nu: 9.725674 
R-CCU: Before ClusterLabelChange for i = 43 newLabel= 1 currentLabel= 1 
R-CCU: sum(pointsPerCluster) = 1242 
 num [1:4] 1235 3 1 3
NULL
R-CCU: After ClusterLabelChange for i = 43 
R-CCU: sum(pointsPerCluster) = 1243 
 num [1:4] 1236 3 1 3
NULL
R-CCU: dpObj$numberClusters = 4 
List of 2
 $ : num [1, 1, 1:4] 0.326 0.552 0.698 0.642
 $ : num [1, 1, 1:4] 8.03 2.87 2.34 3.52
NULL
R priorParameters: 2 8 
R maxT: 1 
R_PriorDraw_first_mu: 0.8297939 
R_PriorDraw_first_nu: 6.686567 
R-CCU: Before ClusterLabelChange for i = 44 newLabel= 1 currentLabel= 1 
R-CCU: sum(pointsPerCluster) = 1243 
 num [1:4] 1236 3 1 3
NULL
R-CCU: After ClusterLabelChange for i = 44 
R-CCU: sum(pointsPerCluster) = 1244 
 num [1:4] 1237 3 1 3
NULL
R-CCU: dpObj$numberClusters = 4 
List of 2
 $ : num [1, 1, 1:4] 0.326 0.552 0.698 0.642
 $ : num [1, 1, 1:4] 8.03 2.87 2.34 3.52
NULL
R priorParameters: 2 8 
R maxT: 1 
R_PriorDraw_first_mu: 0.6374536 
R_PriorDraw_first_nu: 11.63177 
R-CCU: Before ClusterLabelChange for i = 45 newLabel= 1 currentLabel= 1 
R-CCU: sum(pointsPerCluster) = 1244 
 num [1:4] 1237 3 1 3
NULL
R-CCU: After ClusterLabelChange for i = 45 
R-CCU: sum(pointsPerCluster) = 1245 
 num [1:4] 1238 3 1 3
NULL
R-CCU: dpObj$numberClusters = 4 
List of 2
 $ : num [1, 1, 1:4] 0.326 0.552 0.698 0.642
 $ : num [1, 1, 1:4] 8.03 2.87 2.34 3.52
NULL
R priorParameters: 2 8 
R maxT: 1 
R_PriorDraw_first_mu: 0.04686831 
R_PriorDraw_first_nu: 7.410001 
R-CCU: Before ClusterLabelChange for i = 46 newLabel= 1 currentLabel= 1 
R-CCU: sum(pointsPerCluster) = 1245 
 num [1:4] 1238 3 1 3
NULL
R-CCU: After ClusterLabelChange for i = 46 
R-CCU: sum(pointsPerCluster) = 1246 
 num [1:4] 1239 3 1 3
NULL
R-CCU: dpObj$numberClusters = 4 
List of 2
 $ : num [1, 1, 1:4] 0.326 0.552 0.698 0.642
 $ : num [1, 1, 1:4] 8.03 2.87 2.34 3.52
NULL
R priorParameters: 2 8 
R maxT: 1 
R_PriorDraw_first_mu: 0.6862419 
R_PriorDraw_first_nu: 5.327742 
R-CCU: Before ClusterLabelChange for i = 47 newLabel= 1 currentLabel= 1 
R-CCU: sum(pointsPerCluster) = 1246 
 num [1:4] 1239 3 1 3
NULL
R-CCU: After ClusterLabelChange for i = 47 
R-CCU: sum(pointsPerCluster) = 1247 
 num [1:4] 1240 3 1 3
NULL
R-CCU: dpObj$numberClusters = 4 
List of 2
 $ : num [1, 1, 1:4] 0.326 0.552 0.698 0.642
 $ : num [1, 1, 1:4] 8.03 2.87 2.34 3.52
NULL
R priorParameters: 2 8 
R maxT: 1 
R_PriorDraw_first_mu: 0.8591285 
R_PriorDraw_first_nu: 2.156759 
R-CCU: Before ClusterLabelChange for i = 48 newLabel= 1 currentLabel= 1 
R-CCU: sum(pointsPerCluster) = 1247 
 num [1:4] 1240 3 1 3
NULL
R-CCU: After ClusterLabelChange for i = 48 
R-CCU: sum(pointsPerCluster) = 1248 
 num [1:4] 1241 3 1 3
NULL
R-CCU: dpObj$numberClusters = 4 
List of 2
 $ : num [1, 1, 1:4] 0.326 0.552 0.698 0.642
 $ : num [1, 1, 1:4] 8.03 2.87 2.34 3.52
NULL
R priorParameters: 2 8 
R maxT: 1 
R_PriorDraw_first_mu: 0.5532001 
R_PriorDraw_first_nu: 3.042892 
R-CCU: Before ClusterLabelChange for i = 49 newLabel= 1 currentLabel= 1 
R-CCU: sum(pointsPerCluster) = 1248 
 num [1:4] 1241 3 1 3
NULL
R-CCU: After ClusterLabelChange for i = 49 
R-CCU: sum(pointsPerCluster) = 1249 
 num [1:4] 1242 3 1 3
NULL
R-CCU: dpObj$numberClusters = 4 
List of 2
 $ : num [1, 1, 1:4] 0.326 0.552 0.698 0.642
 $ : num [1, 1, 1:4] 8.03 2.87 2.34 3.52
NULL
R priorParameters: 2 8 
R maxT: 1 
R_PriorDraw_first_mu: 0.8525062 
R_PriorDraw_first_nu: 4.821534 
R-CCU: Before ClusterLabelChange for i = 50 newLabel= 1 currentLabel= 1 
R-CCU: sum(pointsPerCluster) = 1249 
 num [1:4] 1242 3 1 3
NULL
R-CCU: After ClusterLabelChange for i = 50 
R-CCU: sum(pointsPerCluster) = 1250 
 num [1:4] 1243 3 1 3
NULL
R-CCU: dpObj$numberClusters = 4 
List of 2
 $ : num [1, 1, 1:4] 0.326 0.552 0.698 0.642
 $ : num [1, 1, 1:4] 8.03 2.87 2.34 3.52
NULL
R priorParameters: 2 8 
R maxT: 1 
R_PriorDraw_first_mu: 0.8610828 
R_PriorDraw_first_nu: 3.006554 
R-CCU: Before ClusterLabelChange for i = 51 newLabel= 1 currentLabel= 1 
R-CCU: sum(pointsPerCluster) = 1250 
 num [1:4] 1243 3 1 3
NULL
R-CCU: After ClusterLabelChange for i = 51 
R-CCU: sum(pointsPerCluster) = 1251 
 num [1:4] 1244 3 1 3
NULL
R-CCU: dpObj$numberClusters = 4 
List of 2
 $ : num [1, 1, 1:4] 0.326 0.552 0.698 0.642
 $ : num [1, 1, 1:4] 8.03 2.87 2.34 3.52
NULL
R priorParameters: 2 8 
R maxT: 1 
R_PriorDraw_first_mu: 0.2120409 
R_PriorDraw_first_nu: 2.354617 
R-CCU: Before ClusterLabelChange for i = 52 newLabel= 1 currentLabel= 1 
R-CCU: sum(pointsPerCluster) = 1251 
 num [1:4] 1244 3 1 3
NULL
R-CCU: After ClusterLabelChange for i = 52 
R-CCU: sum(pointsPerCluster) = 1252 
 num [1:4] 1245 3 1 3
NULL
R-CCU: dpObj$numberClusters = 4 
List of 2
 $ : num [1, 1, 1:4] 0.326 0.552 0.698 0.642
 $ : num [1, 1, 1:4] 8.03 2.87 2.34 3.52
NULL
R priorParameters: 2 8 
R maxT: 1 
R_PriorDraw_first_mu: 0.3290827 
R_PriorDraw_first_nu: 13.23581 
R-CCU: Before ClusterLabelChange for i = 53 newLabel= 1 currentLabel= 1 
R-CCU: sum(pointsPerCluster) = 1252 
 num [1:4] 1245 3 1 3
NULL
R-CCU: After ClusterLabelChange for i = 53 
R-CCU: sum(pointsPerCluster) = 1253 
 num [1:4] 1246 3 1 3
NULL
R-CCU: dpObj$numberClusters = 4 
List of 2
 $ : num [1, 1, 1:4] 0.326 0.552 0.698 0.642
 $ : num [1, 1, 1:4] 8.03 2.87 2.34 3.52
NULL
R priorParameters: 2 8 
R maxT: 1 
R_PriorDraw_first_mu: 0.2511154 
R_PriorDraw_first_nu: 1.398996 
R-CCU: Before ClusterLabelChange for i = 54 newLabel= 1 currentLabel= 1 
R-CCU: sum(pointsPerCluster) = 1253 
 num [1:4] 1246 3 1 3
NULL
R-CCU: After ClusterLabelChange for i = 54 
R-CCU: sum(pointsPerCluster) = 1254 
 num [1:4] 1247 3 1 3
NULL
R-CCU: dpObj$numberClusters = 4 
List of 2
 $ : num [1, 1, 1:4] 0.326 0.552 0.698 0.642
 $ : num [1, 1, 1:4] 8.03 2.87 2.34 3.52
NULL
R priorParameters: 2 8 
R maxT: 1 
R_PriorDraw_first_mu: 0.2675939 
R_PriorDraw_first_nu: 2.137628 
R-CCU: Before ClusterLabelChange for i = 55 newLabel= 1 currentLabel= 1 
R-CCU: sum(pointsPerCluster) = 1254 
 num [1:4] 1247 3 1 3
NULL
R-CCU: After ClusterLabelChange for i = 55 
R-CCU: sum(pointsPerCluster) = 1255 
 num [1:4] 1248 3 1 3
NULL
R-CCU: dpObj$numberClusters = 4 
List of 2
 $ : num [1, 1, 1:4] 0.326 0.552 0.698 0.642
 $ : num [1, 1, 1:4] 8.03 2.87 2.34 3.52
NULL
R priorParameters: 2 8 
R maxT: 1 
R_PriorDraw_first_mu: 0.1744779 
R_PriorDraw_first_nu: 17.08238 
R-CCU: Before ClusterLabelChange for i = 56 newLabel= 1 currentLabel= 1 
R-CCU: sum(pointsPerCluster) = 1255 
 num [1:4] 1248 3 1 3
NULL
R-CCU: After ClusterLabelChange for i = 56 
R-CCU: sum(pointsPerCluster) = 1256 
 num [1:4] 1249 3 1 3
NULL
R-CCU: dpObj$numberClusters = 4 
List of 2
 $ : num [1, 1, 1:4] 0.326 0.552 0.698 0.642
 $ : num [1, 1, 1:4] 8.03 2.87 2.34 3.52
NULL
R priorParameters: 2 8 
R maxT: 1 
R_PriorDraw_first_mu: 0.5039219 
R_PriorDraw_first_nu: 4.515741 
R-CCU: Before ClusterLabelChange for i = 57 newLabel= 1 currentLabel= 1 
R-CCU: sum(pointsPerCluster) = 1256 
 num [1:4] 1249 3 1 3
NULL
R-CCU: After ClusterLabelChange for i = 57 
R-CCU: sum(pointsPerCluster) = 1257 
 num [1:4] 1250 3 1 3
NULL
R-CCU: dpObj$numberClusters = 4 
List of 2
 $ : num [1, 1, 1:4] 0.326 0.552 0.698 0.642
 $ : num [1, 1, 1:4] 8.03 2.87 2.34 3.52
NULL
R priorParameters: 2 8 
R maxT: 1 
R_PriorDraw_first_mu: 0.7464394 
R_PriorDraw_first_nu: 2.890192 
R-CCU: Before ClusterLabelChange for i = 58 newLabel= 1 currentLabel= 1 
R-CCU: sum(pointsPerCluster) = 1257 
 num [1:4] 1250 3 1 3
NULL
R-CCU: After ClusterLabelChange for i = 58 
R-CCU: sum(pointsPerCluster) = 1258 
 num [1:4] 1251 3 1 3
NULL
R-CCU: dpObj$numberClusters = 4 
List of 2
 $ : num [1, 1, 1:4] 0.326 0.552 0.698 0.642
 $ : num [1, 1, 1:4] 8.03 2.87 2.34 3.52
NULL
R priorParameters: 2 8 
R maxT: 1 
R_PriorDraw_first_mu: 0.6073221 
R_PriorDraw_first_nu: 1.535547 
R-CCU: Before ClusterLabelChange for i = 59 newLabel= 1 currentLabel= 4 
R-CCU: sum(pointsPerCluster) = 1258 
 num [1:4] 1251 3 1 3
NULL
R-CCU: After ClusterLabelChange for i = 59 
R-CCU: sum(pointsPerCluster) = 1259 
 num [1:4] 1252 3 1 3
NULL
R-CCU: dpObj$numberClusters = 4 
List of 2
 $ : num [1, 1, 1:4] 0.326 0.552 0.698 0.642
 $ : num [1, 1, 1:4] 8.03 2.87 2.34 3.52
NULL
R priorParameters: 2 8 
R maxT: 1 
R_PriorDraw_first_mu: 0.9709241 
R_PriorDraw_first_nu: 6.774528 
R-CCU: Before ClusterLabelChange for i = 60 newLabel= 1 currentLabel= 1 
R-CCU: sum(pointsPerCluster) = 1259 
 num [1:4] 1252 3 1 3
NULL
R-CCU: After ClusterLabelChange for i = 60 
R-CCU: sum(pointsPerCluster) = 1260 
 num [1:4] 1253 3 1 3
NULL
R-CCU: dpObj$numberClusters = 4 
List of 2
 $ : num [1, 1, 1:4] 0.326 0.552 0.698 0.642
 $ : num [1, 1, 1:4] 8.03 2.87 2.34 3.52
NULL
R priorParameters: 2 8 
R maxT: 1 
R_PriorDraw_first_mu: 0.2333102 
R_PriorDraw_first_nu: 3.770549 
R-CCU: Before ClusterLabelChange for i = 61 newLabel= 1 currentLabel= 1 
R-CCU: sum(pointsPerCluster) = 1260 
 num [1:4] 1253 3 1 3
NULL
R-CCU: After ClusterLabelChange for i = 61 
R-CCU: sum(pointsPerCluster) = 1261 
 num [1:4] 1254 3 1 3
NULL
R-CCU: dpObj$numberClusters = 4 
List of 2
 $ : num [1, 1, 1:4] 0.326 0.552 0.698 0.642
 $ : num [1, 1, 1:4] 8.03 2.87 2.34 3.52
NULL
R priorParameters: 2 8 
R maxT: 1 
R_PriorDraw_first_mu: 0.2567382 
R_PriorDraw_first_nu: 5.591151 
R-CCU: Before ClusterLabelChange for i = 62 newLabel= 1 currentLabel= 1 
R-CCU: sum(pointsPerCluster) = 1261 
 num [1:4] 1254 3 1 3
NULL
R-CCU: After ClusterLabelChange for i = 62 
R-CCU: sum(pointsPerCluster) = 1262 
 num [1:4] 1255 3 1 3
NULL
R-CCU: dpObj$numberClusters = 4 
List of 2
 $ : num [1, 1, 1:4] 0.326 0.552 0.698 0.642
 $ : num [1, 1, 1:4] 8.03 2.87 2.34 3.52
NULL
R priorParameters: 2 8 
R maxT: 1 
R_PriorDraw_first_mu: 0.9366101 
R_PriorDraw_first_nu: 36.21584 
R-CCU: Before ClusterLabelChange for i = 63 newLabel= 1 currentLabel= 1 
R-CCU: sum(pointsPerCluster) = 1262 
 num [1:4] 1255 3 1 3
NULL
R-CCU: After ClusterLabelChange for i = 63 
R-CCU: sum(pointsPerCluster) = 1263 
 num [1:4] 1256 3 1 3
NULL
R-CCU: dpObj$numberClusters = 4 
List of 2
 $ : num [1, 1, 1:4] 0.326 0.552 0.698 0.642
 $ : num [1, 1, 1:4] 8.03 2.87 2.34 3.52
NULL
R priorParameters: 2 8 
R maxT: 1 
R_PriorDraw_first_mu: 0.6730627 
R_PriorDraw_first_nu: 2.645357 
R-CCU: Before ClusterLabelChange for i = 64 newLabel= 1 currentLabel= 1 
R-CCU: sum(pointsPerCluster) = 1263 
 num [1:4] 1256 3 1 3
NULL
R-CCU: After ClusterLabelChange for i = 64 
R-CCU: sum(pointsPerCluster) = 1264 
 num [1:4] 1257 3 1 3
NULL
R-CCU: dpObj$numberClusters = 4 
List of 2
 $ : num [1, 1, 1:4] 0.326 0.552 0.698 0.642
 $ : num [1, 1, 1:4] 8.03 2.87 2.34 3.52
NULL
R priorParameters: 2 8 
R maxT: 1 
R_PriorDraw_first_mu: 0.595337 
R_PriorDraw_first_nu: 4.732044 
R-CCU: Before ClusterLabelChange for i = 65 newLabel= 1 currentLabel= 1 
R-CCU: sum(pointsPerCluster) = 1264 
 num [1:4] 1257 3 1 3
NULL
R-CCU: After ClusterLabelChange for i = 65 
R-CCU: sum(pointsPerCluster) = 1265 
 num [1:4] 1258 3 1 3
NULL
R-CCU: dpObj$numberClusters = 4 
List of 2
 $ : num [1, 1, 1:4] 0.326 0.552 0.698 0.642
 $ : num [1, 1, 1:4] 8.03 2.87 2.34 3.52
NULL
R priorParameters: 2 8 
R maxT: 1 
R_PriorDraw_first_mu: 0.7075882 
R_PriorDraw_first_nu: 2.199864 
R-CCU: Before ClusterLabelChange for i = 66 newLabel= 1 currentLabel= 1 
R-CCU: sum(pointsPerCluster) = 1265 
 num [1:4] 1258 3 1 3
NULL
R-CCU: After ClusterLabelChange for i = 66 
R-CCU: sum(pointsPerCluster) = 1266 
 num [1:4] 1259 3 1 3
NULL
R-CCU: dpObj$numberClusters = 4 
List of 2
 $ : num [1, 1, 1:4] 0.326 0.552 0.698 0.642
 $ : num [1, 1, 1:4] 8.03 2.87 2.34 3.52
NULL
R priorParameters: 2 8 
R maxT: 1 
R_PriorDraw_first_mu: 0.1785603 
R_PriorDraw_first_nu: 4.117065 
R-CCU: Before ClusterLabelChange for i = 67 newLabel= 1 currentLabel= 1 
R-CCU: sum(pointsPerCluster) = 1266 
 num [1:4] 1259 3 1 3
NULL
R-CCU: After ClusterLabelChange for i = 67 
R-CCU: sum(pointsPerCluster) = 1267 
 num [1:4] 1260 3 1 3
NULL
R-CCU: dpObj$numberClusters = 4 
List of 2
 $ : num [1, 1, 1:4] 0.326 0.552 0.698 0.642
 $ : num [1, 1, 1:4] 8.03 2.87 2.34 3.52
NULL
R priorParameters: 2 8 
R maxT: 1 
R_PriorDraw_first_mu: 0.7815248 
R_PriorDraw_first_nu: 6.010362 
R-CCU: Before ClusterLabelChange for i = 68 newLabel= 1 currentLabel= 1 
R-CCU: sum(pointsPerCluster) = 1267 
 num [1:4] 1260 3 1 3
NULL
R-CCU: After ClusterLabelChange for i = 68 
R-CCU: sum(pointsPerCluster) = 1268 
 num [1:4] 1261 3 1 3
NULL
R-CCU: dpObj$numberClusters = 4 
List of 2
 $ : num [1, 1, 1:4] 0.326 0.552 0.698 0.642
 $ : num [1, 1, 1:4] 8.03 2.87 2.34 3.52
NULL
R priorParameters: 2 8 
R maxT: 1 
R_PriorDraw_first_mu: 0.04817959 
R_PriorDraw_first_nu: 2.028615 
R-CCU: Before ClusterLabelChange for i = 69 newLabel= 1 currentLabel= 1 
R-CCU: sum(pointsPerCluster) = 1268 
 num [1:4] 1261 3 1 3
NULL
R-CCU: After ClusterLabelChange for i = 69 
R-CCU: sum(pointsPerCluster) = 1269 
 num [1:4] 1262 3 1 3
NULL
R-CCU: dpObj$numberClusters = 4 
List of 2
 $ : num [1, 1, 1:4] 0.326 0.552 0.698 0.642
 $ : num [1, 1, 1:4] 8.03 2.87 2.34 3.52
NULL
R priorParameters: 2 8 
R maxT: 1 
R_PriorDraw_first_mu: 0.8709156 
R_PriorDraw_first_nu: 3.851944 
R-CCU: Before ClusterLabelChange for i = 70 newLabel= 1 currentLabel= 1 
R-CCU: sum(pointsPerCluster) = 1269 
 num [1:4] 1262 3 1 3
NULL
R-CCU: After ClusterLabelChange for i = 70 
R-CCU: sum(pointsPerCluster) = 1270 
 num [1:4] 1263 3 1 3
NULL
R-CCU: dpObj$numberClusters = 4 
List of 2
 $ : num [1, 1, 1:4] 0.326 0.552 0.698 0.642
 $ : num [1, 1, 1:4] 8.03 2.87 2.34 3.52
NULL
R priorParameters: 2 8 
R maxT: 1 
R_PriorDraw_first_mu: 0.6863455 
R_PriorDraw_first_nu: 2.353025 
R-CCU: Before ClusterLabelChange for i = 71 newLabel= 1 currentLabel= 1 
R-CCU: sum(pointsPerCluster) = 1270 
 num [1:4] 1263 3 1 3
NULL
R-CCU: After ClusterLabelChange for i = 71 
R-CCU: sum(pointsPerCluster) = 1271 
 num [1:4] 1264 3 1 3
NULL
R-CCU: dpObj$numberClusters = 4 
List of 2
 $ : num [1, 1, 1:4] 0.326 0.552 0.698 0.642
 $ : num [1, 1, 1:4] 8.03 2.87 2.34 3.52
NULL
R priorParameters: 2 8 
R maxT: 1 
R_PriorDraw_first_mu: 0.03535132 
R_PriorDraw_first_nu: 2.684339 
R-CCU: Before ClusterLabelChange for i = 72 newLabel= 1 currentLabel= 1 
R-CCU: sum(pointsPerCluster) = 1271 
 num [1:4] 1264 3 1 3
NULL
R-CCU: After ClusterLabelChange for i = 72 
R-CCU: sum(pointsPerCluster) = 1272 
 num [1:4] 1265 3 1 3
NULL
R-CCU: dpObj$numberClusters = 4 
List of 2
 $ : num [1, 1, 1:4] 0.326 0.552 0.698 0.642
 $ : num [1, 1, 1:4] 8.03 2.87 2.34 3.52
NULL
R priorParameters: 2 8 
R maxT: 1 
R_PriorDraw_first_mu: 0.5505483 
R_PriorDraw_first_nu: 3.966497 
R-CCU: Before ClusterLabelChange for i = 73 newLabel= 1 currentLabel= 1 
R-CCU: sum(pointsPerCluster) = 1272 
 num [1:4] 1265 3 1 3
NULL
R-CCU: After ClusterLabelChange for i = 73 
R-CCU: sum(pointsPerCluster) = 1273 
 num [1:4] 1266 3 1 3
NULL
R-CCU: dpObj$numberClusters = 4 
List of 2
 $ : num [1, 1, 1:4] 0.326 0.552 0.698 0.642
 $ : num [1, 1, 1:4] 8.03 2.87 2.34 3.52
NULL
R priorParameters: 2 8 
R maxT: 1 
R_PriorDraw_first_mu: 0.9889574 
R_PriorDraw_first_nu: 4.083857 
R-CCU: Before ClusterLabelChange for i = 74 newLabel= 1 currentLabel= 1 
R-CCU: sum(pointsPerCluster) = 1273 
 num [1:4] 1266 3 1 3
NULL
R-CCU: After ClusterLabelChange for i = 74 
R-CCU: sum(pointsPerCluster) = 1274 
 num [1:4] 1267 3 1 3
NULL
R-CCU: dpObj$numberClusters = 4 
List of 2
 $ : num [1, 1, 1:4] 0.326 0.552 0.698 0.642
 $ : num [1, 1, 1:4] 8.03 2.87 2.34 3.52
NULL
R priorParameters: 2 8 
R maxT: 1 
R_PriorDraw_first_mu: 0.92554 
R_PriorDraw_first_nu: 10.44722 
R-CCU: Before ClusterLabelChange for i = 75 newLabel= 1 currentLabel= 1 
R-CCU: sum(pointsPerCluster) = 1274 
 num [1:4] 1267 3 1 3
NULL
R-CCU: After ClusterLabelChange for i = 75 
R-CCU: sum(pointsPerCluster) = 1275 
 num [1:4] 1268 3 1 3
NULL
R-CCU: dpObj$numberClusters = 4 
List of 2
 $ : num [1, 1, 1:4] 0.326 0.552 0.698 0.642
 $ : num [1, 1, 1:4] 8.03 2.87 2.34 3.52
NULL
R priorParameters: 2 8 
R maxT: 1 
R_PriorDraw_first_mu: 0.8381985 
R_PriorDraw_first_nu: 2.800407 
R-CCU: Before ClusterLabelChange for i = 76 newLabel= 1 currentLabel= 1 
R-CCU: sum(pointsPerCluster) = 1275 
 num [1:4] 1268 3 1 3
NULL
R-CCU: After ClusterLabelChange for i = 76 
R-CCU: sum(pointsPerCluster) = 1276 
 num [1:4] 1269 3 1 3
NULL
R-CCU: dpObj$numberClusters = 4 
List of 2
 $ : num [1, 1, 1:4] 0.326 0.552 0.698 0.642
 $ : num [1, 1, 1:4] 8.03 2.87 2.34 3.52
NULL
R priorParameters: 2 8 
R maxT: 1 
R_PriorDraw_first_mu: 0.08422692 
R_PriorDraw_first_nu: 1.756681 
R-CCU: Before ClusterLabelChange for i = 77 newLabel= 1 currentLabel= 1 
R-CCU: sum(pointsPerCluster) = 1276 
 num [1:4] 1269 3 1 3
NULL
R-CCU: After ClusterLabelChange for i = 77 
R-CCU: sum(pointsPerCluster) = 1277 
 num [1:4] 1270 3 1 3
NULL
R-CCU: dpObj$numberClusters = 4 
List of 2
 $ : num [1, 1, 1:4] 0.326 0.552 0.698 0.642
 $ : num [1, 1, 1:4] 8.03 2.87 2.34 3.52
NULL
R priorParameters: 2 8 
R maxT: 1 
R_PriorDraw_first_mu: 0.4977243 
R_PriorDraw_first_nu: 13.97341 
R-CCU: Before ClusterLabelChange for i = 78 newLabel= 1 currentLabel= 1 
R-CCU: sum(pointsPerCluster) = 1277 
 num [1:4] 1270 3 1 3
NULL
R-CCU: After ClusterLabelChange for i = 78 
R-CCU: sum(pointsPerCluster) = 1278 
 num [1:4] 1271 3 1 3
NULL
R-CCU: dpObj$numberClusters = 4 
List of 2
 $ : num [1, 1, 1:4] 0.326 0.552 0.698 0.642
 $ : num [1, 1, 1:4] 8.03 2.87 2.34 3.52
NULL
R priorParameters: 2 8 
R maxT: 1 
R_PriorDraw_first_mu: 0.4242268 
R_PriorDraw_first_nu: 2.747835 
R-CCU: Before ClusterLabelChange for i = 79 newLabel= 1 currentLabel= 1 
R-CCU: sum(pointsPerCluster) = 1278 
 num [1:4] 1271 3 1 3
NULL
R-CCU: After ClusterLabelChange for i = 79 
R-CCU: sum(pointsPerCluster) = 1279 
 num [1:4] 1272 3 1 3
NULL
R-CCU: dpObj$numberClusters = 4 
List of 2
 $ : num [1, 1, 1:4] 0.326 0.552 0.698 0.642
 $ : num [1, 1, 1:4] 8.03 2.87 2.34 3.52
NULL
R priorParameters: 2 8 
R maxT: 1 
R_PriorDraw_first_mu: 0.327816 
R_PriorDraw_first_nu: 6.218015 
R-CCU: Before ClusterLabelChange for i = 80 newLabel= 1 currentLabel= 1 
R-CCU: sum(pointsPerCluster) = 1279 
 num [1:4] 1272 3 1 3
NULL
R-CCU: After ClusterLabelChange for i = 80 
R-CCU: sum(pointsPerCluster) = 1280 
 num [1:4] 1273 3 1 3
NULL
R-CCU: dpObj$numberClusters = 4 
List of 2
 $ : num [1, 1, 1:4] 0.326 0.552 0.698 0.642
 $ : num [1, 1, 1:4] 8.03 2.87 2.34 3.52
NULL
R priorParameters: 2 8 
R maxT: 1 
R_PriorDraw_first_mu: 0.9815596 
R_PriorDraw_first_nu: 7.094366 
R-CCU: Before ClusterLabelChange for i = 81 newLabel= 1 currentLabel= 1 
R-CCU: sum(pointsPerCluster) = 1280 
 num [1:4] 1273 3 1 3
NULL
R-CCU: After ClusterLabelChange for i = 81 
R-CCU: sum(pointsPerCluster) = 1281 
 num [1:4] 1274 3 1 3
NULL
R-CCU: dpObj$numberClusters = 4 
List of 2
 $ : num [1, 1, 1:4] 0.326 0.552 0.698 0.642
 $ : num [1, 1, 1:4] 8.03 2.87 2.34 3.52
NULL
R priorParameters: 2 8 
R maxT: 1 
R_PriorDraw_first_mu: 0.9071887 
R_PriorDraw_first_nu: 1.933723 
R-CCU: Before ClusterLabelChange for i = 82 newLabel= 1 currentLabel= 1 
R-CCU: sum(pointsPerCluster) = 1281 
 num [1:4] 1274 3 1 3
NULL
R-CCU: After ClusterLabelChange for i = 82 
R-CCU: sum(pointsPerCluster) = 1282 
 num [1:4] 1275 3 1 3
NULL
R-CCU: dpObj$numberClusters = 4 
List of 2
 $ : num [1, 1, 1:4] 0.326 0.552 0.698 0.642
 $ : num [1, 1, 1:4] 8.03 2.87 2.34 3.52
NULL
R priorParameters: 2 8 
R maxT: 1 
R_PriorDraw_first_mu: 0.6110766 
R_PriorDraw_first_nu: 2.106401 
R-CCU: Before ClusterLabelChange for i = 83 newLabel= 1 currentLabel= 1 
R-CCU: sum(pointsPerCluster) = 1282 
 num [1:4] 1275 3 1 3
NULL
R-CCU: After ClusterLabelChange for i = 83 
R-CCU: sum(pointsPerCluster) = 1283 
 num [1:4] 1276 3 1 3
NULL
R-CCU: dpObj$numberClusters = 4 
List of 2
 $ : num [1, 1, 1:4] 0.326 0.552 0.698 0.642
 $ : num [1, 1, 1:4] 8.03 2.87 2.34 3.52
NULL
R priorParameters: 2 8 
R maxT: 1 
R_PriorDraw_first_mu: 0.6923856 
R_PriorDraw_first_nu: 6.633589 
R-CCU: Before ClusterLabelChange for i = 84 newLabel= 1 currentLabel= 1 
R-CCU: sum(pointsPerCluster) = 1283 
 num [1:4] 1276 3 1 3
NULL
R-CCU: After ClusterLabelChange for i = 84 
R-CCU: sum(pointsPerCluster) = 1284 
 num [1:4] 1277 3 1 3
NULL
R-CCU: dpObj$numberClusters = 4 
List of 2
 $ : num [1, 1, 1:4] 0.326 0.552 0.698 0.642
 $ : num [1, 1, 1:4] 8.03 2.87 2.34 3.52
NULL
R priorParameters: 2 8 
R maxT: 1 
R_PriorDraw_first_mu: 0.3247936 
R_PriorDraw_first_nu: 6.092976 
R-CCU: Before ClusterLabelChange for i = 85 newLabel= 1 currentLabel= 1 
R-CCU: sum(pointsPerCluster) = 1284 
 num [1:4] 1277 3 1 3
NULL
R-CCU: After ClusterLabelChange for i = 85 
R-CCU: sum(pointsPerCluster) = 1285 
 num [1:4] 1278 3 1 3
NULL
R-CCU: dpObj$numberClusters = 4 
List of 2
 $ : num [1, 1, 1:4] 0.326 0.552 0.698 0.642
 $ : num [1, 1, 1:4] 8.03 2.87 2.34 3.52
NULL
R priorParameters: 2 8 
R maxT: 1 
R_PriorDraw_first_mu: 0.3062439 
R_PriorDraw_first_nu: 3.573207 
R-CCU: Before ClusterLabelChange for i = 86 newLabel= 1 currentLabel= 1 
R-CCU: sum(pointsPerCluster) = 1285 
 num [1:4] 1278 3 1 3
NULL
R-CCU: After ClusterLabelChange for i = 86 
R-CCU: sum(pointsPerCluster) = 1286 
 num [1:4] 1279 3 1 3
NULL
R-CCU: dpObj$numberClusters = 4 
List of 2
 $ : num [1, 1, 1:4] 0.326 0.552 0.698 0.642
 $ : num [1, 1, 1:4] 8.03 2.87 2.34 3.52
NULL
R priorParameters: 2 8 
R maxT: 1 
R_PriorDraw_first_mu: 0.2513275 
R_PriorDraw_first_nu: 5.301341 
R-CCU: Before ClusterLabelChange for i = 87 newLabel= 1 currentLabel= 1 
R-CCU: sum(pointsPerCluster) = 1286 
 num [1:4] 1279 3 1 3
NULL
R-CCU: After ClusterLabelChange for i = 87 
R-CCU: sum(pointsPerCluster) = 1287 
 num [1:4] 1280 3 1 3
NULL
R-CCU: dpObj$numberClusters = 4 
List of 2
 $ : num [1, 1, 1:4] 0.326 0.552 0.698 0.642
 $ : num [1, 1, 1:4] 8.03 2.87 2.34 3.52
NULL
R priorParameters: 2 8 
R maxT: 1 
R_PriorDraw_first_mu: 0.3826557 
R_PriorDraw_first_nu: 6.376498 
R-CCU: Before ClusterLabelChange for i = 88 newLabel= 1 currentLabel= 1 
R-CCU: sum(pointsPerCluster) = 1287 
 num [1:4] 1280 3 1 3
NULL
R-CCU: After ClusterLabelChange for i = 88 
R-CCU: sum(pointsPerCluster) = 1288 
 num [1:4] 1281 3 1 3
NULL
R-CCU: dpObj$numberClusters = 4 
List of 2
 $ : num [1, 1, 1:4] 0.326 0.552 0.698 0.642
 $ : num [1, 1, 1:4] 8.03 2.87 2.34 3.52
NULL
R priorParameters: 2 8 
R maxT: 1 
R_PriorDraw_first_mu: 0.6562027 
R_PriorDraw_first_nu: 9.251186 
R-CCU: Before ClusterLabelChange for i = 89 newLabel= 1 currentLabel= 1 
R-CCU: sum(pointsPerCluster) = 1288 
 num [1:4] 1281 3 1 3
NULL
R-CCU: After ClusterLabelChange for i = 89 
R-CCU: sum(pointsPerCluster) = 1289 
 num [1:4] 1282 3 1 3
NULL
R-CCU: dpObj$numberClusters = 4 
List of 2
 $ : num [1, 1, 1:4] 0.326 0.552 0.698 0.642
 $ : num [1, 1, 1:4] 8.03 2.87 2.34 3.52
NULL
R priorParameters: 2 8 
R maxT: 1 
R_PriorDraw_first_mu: 0.6814773 
R_PriorDraw_first_nu: 4.20064 
R-CCU: Before ClusterLabelChange for i = 90 newLabel= 1 currentLabel= 1 
R-CCU: sum(pointsPerCluster) = 1289 
 num [1:4] 1282 3 1 3
NULL
R-CCU: After ClusterLabelChange for i = 90 
R-CCU: sum(pointsPerCluster) = 1290 
 num [1:4] 1283 3 1 3
NULL
R-CCU: dpObj$numberClusters = 4 
List of 2
 $ : num [1, 1, 1:4] 0.326 0.552 0.698 0.642
 $ : num [1, 1, 1:4] 8.03 2.87 2.34 3.52
NULL
R priorParameters: 2 8 
R maxT: 1 
R_PriorDraw_first_mu: 0.4275046 
R_PriorDraw_first_nu: 6.472643 
R-CCU: Before ClusterLabelChange for i = 91 newLabel= 1 currentLabel= 1 
R-CCU: sum(pointsPerCluster) = 1290 
 num [1:4] 1283 3 1 3
NULL
R-CCU: After ClusterLabelChange for i = 91 
R-CCU: sum(pointsPerCluster) = 1291 
 num [1:4] 1284 3 1 3
NULL
R-CCU: dpObj$numberClusters = 4 
List of 2
 $ : num [1, 1, 1:4] 0.326 0.552 0.698 0.642
 $ : num [1, 1, 1:4] 8.03 2.87 2.34 3.52
NULL
R priorParameters: 2 8 
R maxT: 1 
R_PriorDraw_first_mu: 0.574969 
R_PriorDraw_first_nu: 1.963248 
R-CCU: Before ClusterLabelChange for i = 92 newLabel= 1 currentLabel= 1 
R-CCU: sum(pointsPerCluster) = 1291 
 num [1:4] 1284 3 1 3
NULL
R-CCU: After ClusterLabelChange for i = 92 
R-CCU: sum(pointsPerCluster) = 1292 
 num [1:4] 1285 3 1 3
NULL
R-CCU: dpObj$numberClusters = 4 
List of 2
 $ : num [1, 1, 1:4] 0.326 0.552 0.698 0.642
 $ : num [1, 1, 1:4] 8.03 2.87 2.34 3.52
NULL
R priorParameters: 2 8 
R maxT: 1 
R_PriorDraw_first_mu: 0.7781598 
R_PriorDraw_first_nu: 6.069524 
R-CCU: Before ClusterLabelChange for i = 93 newLabel= 1 currentLabel= 1 
R-CCU: sum(pointsPerCluster) = 1292 
 num [1:4] 1285 3 1 3
NULL
R-CCU: After ClusterLabelChange for i = 93 
R-CCU: sum(pointsPerCluster) = 1293 
 num [1:4] 1286 3 1 3
NULL
R-CCU: dpObj$numberClusters = 4 
List of 2
 $ : num [1, 1, 1:4] 0.326 0.552 0.698 0.642
 $ : num [1, 1, 1:4] 8.03 2.87 2.34 3.52
NULL
R priorParameters: 2 8 
R maxT: 1 
R_PriorDraw_first_mu: 0.02063411 
R_PriorDraw_first_nu: 3.270341 
R-CCU: Before ClusterLabelChange for i = 94 newLabel= 1 currentLabel= 1 
R-CCU: sum(pointsPerCluster) = 1293 
 num [1:4] 1286 3 1 3
NULL
R-CCU: After ClusterLabelChange for i = 94 
R-CCU: sum(pointsPerCluster) = 1294 
 num [1:4] 1287 3 1 3
NULL
R-CCU: dpObj$numberClusters = 4 
List of 2
 $ : num [1, 1, 1:4] 0.326 0.552 0.698 0.642
 $ : num [1, 1, 1:4] 8.03 2.87 2.34 3.52
NULL
R priorParameters: 2 8 
R maxT: 1 
R_PriorDraw_first_mu: 0.5352237 
R_PriorDraw_first_nu: 7.133718 
R-CCU: Before ClusterLabelChange for i = 95 newLabel= 1 currentLabel= 1 
R-CCU: sum(pointsPerCluster) = 1294 
 num [1:4] 1287 3 1 3
NULL
R-CCU: After ClusterLabelChange for i = 95 
R-CCU: sum(pointsPerCluster) = 1295 
 num [1:4] 1288 3 1 3
NULL
R-CCU: dpObj$numberClusters = 4 
List of 2
 $ : num [1, 1, 1:4] 0.326 0.552 0.698 0.642
 $ : num [1, 1, 1:4] 8.03 2.87 2.34 3.52
NULL
R priorParameters: 2 8 
R maxT: 1 
R_PriorDraw_first_mu: 0.7003881 
R_PriorDraw_first_nu: 80.16053 
R-CCU: Before ClusterLabelChange for i = 96 newLabel= 1 currentLabel= 1 
R-CCU: sum(pointsPerCluster) = 1295 
 num [1:4] 1288 3 1 3
NULL
R-CCU: After ClusterLabelChange for i = 96 
R-CCU: sum(pointsPerCluster) = 1296 
 num [1:4] 1289 3 1 3
NULL
R-CCU: dpObj$numberClusters = 4 
List of 2
 $ : num [1, 1, 1:4] 0.326 0.552 0.698 0.642
 $ : num [1, 1, 1:4] 8.03 2.87 2.34 3.52
NULL
R priorParameters: 2 8 
R maxT: 1 
R_PriorDraw_first_mu: 0.1206325 
R_PriorDraw_first_nu: 2.662635 
R-CCU: Before ClusterLabelChange for i = 97 newLabel= 1 currentLabel= 1 
R-CCU: sum(pointsPerCluster) = 1296 
 num [1:4] 1289 3 1 3
NULL
R-CCU: After ClusterLabelChange for i = 97 
R-CCU: sum(pointsPerCluster) = 1297 
 num [1:4] 1290 3 1 3
NULL
R-CCU: dpObj$numberClusters = 4 
List of 2
 $ : num [1, 1, 1:4] 0.326 0.552 0.698 0.642
 $ : num [1, 1, 1:4] 8.03 2.87 2.34 3.52
NULL
R priorParameters: 2 8 
R maxT: 1 
R_PriorDraw_first_mu: 0.6521138 
R_PriorDraw_first_nu: 5.36218 
R-CCU: Before ClusterLabelChange for i = 98 newLabel= 1 currentLabel= 1 
R-CCU: sum(pointsPerCluster) = 1297 
 num [1:4] 1290 3 1 3
NULL
R-CCU: After ClusterLabelChange for i = 98 
R-CCU: sum(pointsPerCluster) = 1298 
 num [1:4] 1291 3 1 3
NULL
R-CCU: dpObj$numberClusters = 4 
List of 2
 $ : num [1, 1, 1:4] 0.326 0.552 0.698 0.642
 $ : num [1, 1, 1:4] 8.03 2.87 2.34 3.52
NULL
R priorParameters: 2 8 
R maxT: 1 
R_PriorDraw_first_mu: 0.2480313 
R_PriorDraw_first_nu: 7.569155 
R-CCU: Before ClusterLabelChange for i = 99 newLabel= 1 currentLabel= 1 
R-CCU: sum(pointsPerCluster) = 1298 
 num [1:4] 1291 3 1 3
NULL
R-CCU: After ClusterLabelChange for i = 99 
R-CCU: sum(pointsPerCluster) = 1299 
 num [1:4] 1292 3 1 3
NULL
R-CCU: dpObj$numberClusters = 4 
List of 2
 $ : num [1, 1, 1:4] 0.326 0.552 0.698 0.642
 $ : num [1, 1, 1:4] 8.03 2.87 2.34 3.52
NULL
R priorParameters: 2 8 
R maxT: 1 
R_PriorDraw_first_mu: 0.5730164 
R_PriorDraw_first_nu: 6.027559 
R-CCU: Before ClusterLabelChange for i = 100 newLabel= 1 currentLabel= 1 
R-CCU: sum(pointsPerCluster) = 1299 
 num [1:4] 1292 3 1 3
NULL
R-CCU: After ClusterLabelChange for i = 100 
R-CCU: sum(pointsPerCluster) = 1300 
 num [1:4] 1293 3 1 3
NULL
R-CCU: dpObj$numberClusters = 4 
List of 2
 $ : num [1, 1, 1:4] 0.326 0.552 0.698 0.642
 $ : num [1, 1, 1:4] 8.03 2.87 2.34 3.52
NULL
R priorParameters: 2 8 
R maxT: 1 
R_PriorDraw_first_mu: 0.8930375 
R_PriorDraw_first_nu: 4.273469 
R-CCU: Before ClusterLabelChange for i = 1 newLabel= 1 currentLabel= 1 
R-CCU: sum(pointsPerCluster) = 1300 
 num [1:4] 1293 3 1 3
NULL
R-CCU: After ClusterLabelChange for i = 1 
R-CCU: sum(pointsPerCluster) = 1301 
 num [1:4] 1294 3 1 3
NULL
R-CCU: dpObj$numberClusters = 4 
List of 2
 $ : num [1, 1, 1:4] 0.326 0.552 0.698 0.642
 $ : num [1, 1, 1:4] 9.25 2.87 2.34 3.52
NULL
R priorParameters: 2 8 
R maxT: 1 
R_PriorDraw_first_mu: 0.6490432 
R_PriorDraw_first_nu: 4.175709 
R-CCU: Before ClusterLabelChange for i = 2 newLabel= 1 currentLabel= 1 
R-CCU: sum(pointsPerCluster) = 1301 
 num [1:4] 1294 3 1 3
NULL
R-CCU: After ClusterLabelChange for i = 2 
R-CCU: sum(pointsPerCluster) = 1302 
 num [1:4] 1295 3 1 3
NULL
R-CCU: dpObj$numberClusters = 4 
List of 2
 $ : num [1, 1, 1:4] 0.326 0.552 0.698 0.642
 $ : num [1, 1, 1:4] 9.25 2.87 2.34 3.52
NULL
R priorParameters: 2 8 
R maxT: 1 
R_PriorDraw_first_mu: 0.8764672 
R_PriorDraw_first_nu: 10.16349 
R-CCU: Before ClusterLabelChange for i = 3 newLabel= 1 currentLabel= 1 
R-CCU: sum(pointsPerCluster) = 1302 
 num [1:4] 1295 3 1 3
NULL
R-CCU: After ClusterLabelChange for i = 3 
R-CCU: sum(pointsPerCluster) = 1303 
 num [1:4] 1296 3 1 3
NULL
R-CCU: dpObj$numberClusters = 4 
List of 2
 $ : num [1, 1, 1:4] 0.326 0.552 0.698 0.642
 $ : num [1, 1, 1:4] 9.25 2.87 2.34 3.52
NULL
R priorParameters: 2 8 
R maxT: 1 
R_PriorDraw_first_mu: 0.4382969 
R_PriorDraw_first_nu: 8.592792 
R-CCU: Before ClusterLabelChange for i = 4 newLabel= 1 currentLabel= 1 
R-CCU: sum(pointsPerCluster) = 1303 
 num [1:4] 1296 3 1 3
NULL
R-CCU: After ClusterLabelChange for i = 4 
R-CCU: sum(pointsPerCluster) = 1304 
 num [1:4] 1297 3 1 3
NULL
R-CCU: dpObj$numberClusters = 4 
List of 2
 $ : num [1, 1, 1:4] 0.326 0.552 0.698 0.642
 $ : num [1, 1, 1:4] 9.25 2.87 2.34 3.52
NULL
R priorParameters: 2 8 
R maxT: 1 
R_PriorDraw_first_mu: 0.001556664 
R_PriorDraw_first_nu: 8.67322 
R-CCU: Before ClusterLabelChange for i = 5 newLabel= 1 currentLabel= 1 
R-CCU: sum(pointsPerCluster) = 1304 
 num [1:4] 1297 3 1 3
NULL
R-CCU: After ClusterLabelChange for i = 5 
R-CCU: sum(pointsPerCluster) = 1305 
 num [1:4] 1298 3 1 3
NULL
R-CCU: dpObj$numberClusters = 4 
List of 2
 $ : num [1, 1, 1:4] 0.326 0.552 0.698 0.642
 $ : num [1, 1, 1:4] 9.25 2.87 2.34 3.52
NULL
R priorParameters: 2 8 
R maxT: 1 
R_PriorDraw_first_mu: 0.5460187 
R_PriorDraw_first_nu: 1.235044 
R-CCU: Before ClusterLabelChange for i = 6 newLabel= 1 currentLabel= 1 
R-CCU: sum(pointsPerCluster) = 1305 
 num [1:4] 1298 3 1 3
NULL
R-CCU: After ClusterLabelChange for i = 6 
R-CCU: sum(pointsPerCluster) = 1306 
 num [1:4] 1299 3 1 3
NULL
R-CCU: dpObj$numberClusters = 4 
List of 2
 $ : num [1, 1, 1:4] 0.326 0.552 0.698 0.642
 $ : num [1, 1, 1:4] 9.25 2.87 2.34 3.52
NULL
R priorParameters: 2 8 
R maxT: 1 
R_PriorDraw_first_mu: 0.6326679 
R_PriorDraw_first_nu: 3.371395 
R-CCU: Before ClusterLabelChange for i = 7 newLabel= 1 currentLabel= 1 
R-CCU: sum(pointsPerCluster) = 1306 
 num [1:4] 1299 3 1 3
NULL
R-CCU: After ClusterLabelChange for i = 7 
R-CCU: sum(pointsPerCluster) = 1307 
 num [1:4] 1300 3 1 3
NULL
R-CCU: dpObj$numberClusters = 4 
List of 2
 $ : num [1, 1, 1:4] 0.326 0.552 0.698 0.642
 $ : num [1, 1, 1:4] 9.25 2.87 2.34 3.52
NULL
R priorParameters: 2 8 
R maxT: 1 
R_PriorDraw_first_mu: 0.6503508 
R_PriorDraw_first_nu: 3.693721 
R-CCU: Before ClusterLabelChange for i = 8 newLabel= 1 currentLabel= 1 
R-CCU: sum(pointsPerCluster) = 1307 
 num [1:4] 1300 3 1 3
NULL
R-CCU: After ClusterLabelChange for i = 8 
R-CCU: sum(pointsPerCluster) = 1308 
 num [1:4] 1301 3 1 3
NULL
R-CCU: dpObj$numberClusters = 4 
List of 2
 $ : num [1, 1, 1:4] 0.326 0.552 0.698 0.642
 $ : num [1, 1, 1:4] 9.25 2.87 2.34 3.52
NULL
R priorParameters: 2 8 
R maxT: 1 
R_PriorDraw_first_mu: 0.7988325 
R_PriorDraw_first_nu: 11.90822 
R-CCU: Before ClusterLabelChange for i = 9 newLabel= 1 currentLabel= 1 
R-CCU: sum(pointsPerCluster) = 1308 
 num [1:4] 1301 3 1 3
NULL
R-CCU: After ClusterLabelChange for i = 9 
R-CCU: sum(pointsPerCluster) = 1309 
 num [1:4] 1302 3 1 3
NULL
R-CCU: dpObj$numberClusters = 4 
List of 2
 $ : num [1, 1, 1:4] 0.326 0.552 0.698 0.642
 $ : num [1, 1, 1:4] 9.25 2.87 2.34 3.52
NULL
R priorParameters: 2 8 
R maxT: 1 
R_PriorDraw_first_mu: 0.1556591 
R_PriorDraw_first_nu: 2.199214 
R-CCU: Before ClusterLabelChange for i = 10 newLabel= 1 currentLabel= 1 
R-CCU: sum(pointsPerCluster) = 1309 
 num [1:4] 1302 3 1 3
NULL
R-CCU: After ClusterLabelChange for i = 10 
R-CCU: sum(pointsPerCluster) = 1310 
 num [1:4] 1303 3 1 3
NULL
R-CCU: dpObj$numberClusters = 4 
List of 2
 $ : num [1, 1, 1:4] 0.326 0.552 0.698 0.642
 $ : num [1, 1, 1:4] 9.25 2.87 2.34 3.52
NULL
R priorParameters: 2 8 
R maxT: 1 
R_PriorDraw_first_mu: 0.7615726 
R_PriorDraw_first_nu: 3.013576 
R-CCU: Before ClusterLabelChange for i = 11 newLabel= 1 currentLabel= 1 
R-CCU: sum(pointsPerCluster) = 1310 
 num [1:4] 1303 3 1 3
NULL
R-CCU: After ClusterLabelChange for i = 11 
R-CCU: sum(pointsPerCluster) = 1311 
 num [1:4] 1304 3 1 3
NULL
R-CCU: dpObj$numberClusters = 4 
List of 2
 $ : num [1, 1, 1:4] 0.326 0.552 0.698 0.642
 $ : num [1, 1, 1:4] 9.25 2.87 2.34 3.52
NULL
R priorParameters: 2 8 
R maxT: 1 
R_PriorDraw_first_mu: 0.9953987 
R_PriorDraw_first_nu: 21.31167 
R-CCU: Before ClusterLabelChange for i = 12 newLabel= 1 currentLabel= 1 
R-CCU: sum(pointsPerCluster) = 1311 
 num [1:4] 1304 3 1 3
NULL
R-CCU: After ClusterLabelChange for i = 12 
R-CCU: sum(pointsPerCluster) = 1312 
 num [1:4] 1305 3 1 3
NULL
R-CCU: dpObj$numberClusters = 4 
List of 2
 $ : num [1, 1, 1:4] 0.326 0.552 0.698 0.642
 $ : num [1, 1, 1:4] 9.25 2.87 2.34 3.52
NULL
R priorParameters: 2 8 
R maxT: 1 
R_PriorDraw_first_mu: 0.7977987 
R_PriorDraw_first_nu: 3.827582 
R-CCU: Before ClusterLabelChange for i = 13 newLabel= 1 currentLabel= 1 
R-CCU: sum(pointsPerCluster) = 1312 
 num [1:4] 1305 3 1 3
NULL
R-CCU: After ClusterLabelChange for i = 13 
R-CCU: sum(pointsPerCluster) = 1313 
 num [1:4] 1306 3 1 3
NULL
R-CCU: dpObj$numberClusters = 4 
List of 2
 $ : num [1, 1, 1:4] 0.326 0.552 0.698 0.642
 $ : num [1, 1, 1:4] 9.25 2.87 2.34 3.52
NULL
R priorParameters: 2 8 
R maxT: 1 
R_PriorDraw_first_mu: 0.3235674 
R_PriorDraw_first_nu: 1.396624 
R-CCU: Before ClusterLabelChange for i = 14 newLabel= 1 currentLabel= 1 
R-CCU: sum(pointsPerCluster) = 1313 
 num [1:4] 1306 3 1 3
NULL
R-CCU: After ClusterLabelChange for i = 14 
R-CCU: sum(pointsPerCluster) = 1314 
 num [1:4] 1307 3 1 3
NULL
R-CCU: dpObj$numberClusters = 4 
List of 2
 $ : num [1, 1, 1:4] 0.326 0.552 0.698 0.642
 $ : num [1, 1, 1:4] 9.25 2.87 2.34 3.52
NULL
R priorParameters: 2 8 
R maxT: 1 
R_PriorDraw_first_mu: 0.9105471 
R_PriorDraw_first_nu: 6.706737 
R-CCU: Before ClusterLabelChange for i = 15 newLabel= 4 currentLabel= 1 
R-CCU: sum(pointsPerCluster) = 1314 
 num [1:4] 1307 3 1 3
NULL
R-CCU: After ClusterLabelChange for i = 15 
R-CCU: sum(pointsPerCluster) = 1315 
 num [1:4] 1307 3 1 4
NULL
R-CCU: dpObj$numberClusters = 4 
List of 2
 $ : num [1, 1, 1:4] 0.326 0.552 0.698 0.642
 $ : num [1, 1, 1:4] 9.25 2.87 2.34 3.52
NULL
R priorParameters: 2 8 
R maxT: 1 
R_PriorDraw_first_mu: 0.7810068 
R_PriorDraw_first_nu: 6.897295 
R-CCU: Before ClusterLabelChange for i = 16 newLabel= 1 currentLabel= 1 
R-CCU: sum(pointsPerCluster) = 1315 
 num [1:4] 1307 3 1 4
NULL
R-CCU: After ClusterLabelChange for i = 16 
R-CCU: sum(pointsPerCluster) = 1316 
 num [1:4] 1308 3 1 4
NULL
R-CCU: dpObj$numberClusters = 4 
List of 2
 $ : num [1, 1, 1:4] 0.326 0.552 0.698 0.642
 $ : num [1, 1, 1:4] 9.25 2.87 2.34 3.52
NULL
R priorParameters: 2 8 
R maxT: 1 
R_PriorDraw_first_mu: 0.5997585 
R_PriorDraw_first_nu: 4.761191 
R-CCU: Before ClusterLabelChange for i = 17 newLabel= 1 currentLabel= 1 
R-CCU: sum(pointsPerCluster) = 1316 
 num [1:4] 1308 3 1 4
NULL
R-CCU: After ClusterLabelChange for i = 17 
R-CCU: sum(pointsPerCluster) = 1317 
 num [1:4] 1309 3 1 4
NULL
R-CCU: dpObj$numberClusters = 4 
List of 2
 $ : num [1, 1, 1:4] 0.326 0.552 0.698 0.642
 $ : num [1, 1, 1:4] 9.25 2.87 2.34 3.52
NULL
R priorParameters: 2 8 
R maxT: 1 
R_PriorDraw_first_mu: 0.8688364 
R_PriorDraw_first_nu: 2.086261 
R-CCU: Before ClusterLabelChange for i = 18 newLabel= 1 currentLabel= 1 
R-CCU: sum(pointsPerCluster) = 1317 
 num [1:4] 1309 3 1 4
NULL
R-CCU: After ClusterLabelChange for i = 18 
R-CCU: sum(pointsPerCluster) = 1318 
 num [1:4] 1310 3 1 4
NULL
R-CCU: dpObj$numberClusters = 4 
List of 2
 $ : num [1, 1, 1:4] 0.326 0.552 0.698 0.642
 $ : num [1, 1, 1:4] 9.25 2.87 2.34 3.52
NULL
R priorParameters: 2 8 
R maxT: 1 
R_PriorDraw_first_mu: 0.7434551 
R_PriorDraw_first_nu: 2.624763 
R-CCU: Before ClusterLabelChange for i = 19 newLabel= 1 currentLabel= 1 
R-CCU: sum(pointsPerCluster) = 1318 
 num [1:4] 1310 3 1 4
NULL
R-CCU: After ClusterLabelChange for i = 19 
R-CCU: sum(pointsPerCluster) = 1319 
 num [1:4] 1311 3 1 4
NULL
R-CCU: dpObj$numberClusters = 4 
List of 2
 $ : num [1, 1, 1:4] 0.326 0.552 0.698 0.642
 $ : num [1, 1, 1:4] 9.25 2.87 2.34 3.52
NULL
R priorParameters: 2 8 
R maxT: 1 
R_PriorDraw_first_mu: 0.2741188 
R_PriorDraw_first_nu: 4.5005 
R-CCU: Before ClusterLabelChange for i = 20 newLabel= 1 currentLabel= 1 
R-CCU: sum(pointsPerCluster) = 1319 
 num [1:4] 1311 3 1 4
NULL
R-CCU: After ClusterLabelChange for i = 20 
R-CCU: sum(pointsPerCluster) = 1320 
 num [1:4] 1312 3 1 4
NULL
R-CCU: dpObj$numberClusters = 4 
List of 2
 $ : num [1, 1, 1:4] 0.326 0.552 0.698 0.642
 $ : num [1, 1, 1:4] 9.25 2.87 2.34 3.52
NULL
R priorParameters: 2 8 
R maxT: 1 
R_PriorDraw_first_mu: 0.3933211 
R_PriorDraw_first_nu: 12.8965 
R-CCU: Before ClusterLabelChange for i = 21 newLabel= 1 currentLabel= 1 
R-CCU: sum(pointsPerCluster) = 1320 
 num [1:4] 1312 3 1 4
NULL
R-CCU: After ClusterLabelChange for i = 21 
R-CCU: sum(pointsPerCluster) = 1321 
 num [1:4] 1313 3 1 4
NULL
R-CCU: dpObj$numberClusters = 4 
List of 2
 $ : num [1, 1, 1:4] 0.326 0.552 0.698 0.642
 $ : num [1, 1, 1:4] 9.25 2.87 2.34 3.52
NULL
R priorParameters: 2 8 
R maxT: 1 
R_PriorDraw_first_mu: 0.9516139 
R_PriorDraw_first_nu: 2.334614 
R-CCU: Before ClusterLabelChange for i = 22 newLabel= 1 currentLabel= 1 
R-CCU: sum(pointsPerCluster) = 1321 
 num [1:4] 1313 3 1 4
NULL
R-CCU: After ClusterLabelChange for i = 22 
R-CCU: sum(pointsPerCluster) = 1322 
 num [1:4] 1314 3 1 4
NULL
R-CCU: dpObj$numberClusters = 4 
List of 2
 $ : num [1, 1, 1:4] 0.326 0.552 0.698 0.642
 $ : num [1, 1, 1:4] 9.25 2.87 2.34 3.52
NULL
R priorParameters: 2 8 
R maxT: 1 
R_PriorDraw_first_mu: 0.03947071 
R_PriorDraw_first_nu: 4.405427 
R-CCU: Before ClusterLabelChange for i = 23 newLabel= 1 currentLabel= 1 
R-CCU: sum(pointsPerCluster) = 1322 
 num [1:4] 1314 3 1 4
NULL
R-CCU: After ClusterLabelChange for i = 23 
R-CCU: sum(pointsPerCluster) = 1323 
 num [1:4] 1315 3 1 4
NULL
R-CCU: dpObj$numberClusters = 4 
List of 2
 $ : num [1, 1, 1:4] 0.326 0.552 0.698 0.642
 $ : num [1, 1, 1:4] 9.25 2.87 2.34 3.52
NULL
R priorParameters: 2 8 
R maxT: 1 
R_PriorDraw_first_mu: 0.5780383 
R_PriorDraw_first_nu: 6.197526 
R-CCU: Before ClusterLabelChange for i = 24 newLabel= 1 currentLabel= 1 
R-CCU: sum(pointsPerCluster) = 1323 
 num [1:4] 1315 3 1 4
NULL
R-CCU: After ClusterLabelChange for i = 24 
R-CCU: sum(pointsPerCluster) = 1324 
 num [1:4] 1316 3 1 4
NULL
R-CCU: dpObj$numberClusters = 4 
List of 2
 $ : num [1, 1, 1:4] 0.326 0.552 0.698 0.642
 $ : num [1, 1, 1:4] 9.25 2.87 2.34 3.52
NULL
R priorParameters: 2 8 
R maxT: 1 
R_PriorDraw_first_mu: 0.6371623 
R_PriorDraw_first_nu: 5.298518 
R-CCU: Before ClusterLabelChange for i = 25 newLabel= 1 currentLabel= 1 
R-CCU: sum(pointsPerCluster) = 1324 
 num [1:4] 1316 3 1 4
NULL
R-CCU: After ClusterLabelChange for i = 25 
R-CCU: sum(pointsPerCluster) = 1325 
 num [1:4] 1317 3 1 4
NULL
R-CCU: dpObj$numberClusters = 4 
List of 2
 $ : num [1, 1, 1:4] 0.326 0.552 0.698 0.642
 $ : num [1, 1, 1:4] 9.25 2.87 2.34 3.52
NULL
R priorParameters: 2 8 
R maxT: 1 
R_PriorDraw_first_mu: 0.514598 
R_PriorDraw_first_nu: 2.171815 
R-CCU: Before ClusterLabelChange for i = 26 newLabel= 1 currentLabel= 1 
R-CCU: sum(pointsPerCluster) = 1325 
 num [1:4] 1317 3 1 4
NULL
R-CCU: After ClusterLabelChange for i = 26 
R-CCU: sum(pointsPerCluster) = 1326 
 num [1:4] 1318 3 1 4
NULL
R-CCU: dpObj$numberClusters = 4 
List of 2
 $ : num [1, 1, 1:4] 0.326 0.552 0.698 0.642
 $ : num [1, 1, 1:4] 9.25 2.87 2.34 3.52
NULL
R priorParameters: 2 8 
R maxT: 1 
R_PriorDraw_first_mu: 0.01350003 
R_PriorDraw_first_nu: 1.73388 
R-CCU: Before ClusterLabelChange for i = 27 newLabel= 1 currentLabel= 1 
R-CCU: sum(pointsPerCluster) = 1326 
 num [1:4] 1318 3 1 4
NULL
R-CCU: After ClusterLabelChange for i = 27 
R-CCU: sum(pointsPerCluster) = 1327 
 num [1:4] 1319 3 1 4
NULL
R-CCU: dpObj$numberClusters = 4 
List of 2
 $ : num [1, 1, 1:4] 0.326 0.552 0.698 0.642
 $ : num [1, 1, 1:4] 9.25 2.87 2.34 3.52
NULL
R priorParameters: 2 8 
R maxT: 1 
R_PriorDraw_first_mu: 0.3161361 
R_PriorDraw_first_nu: 3.009439 
R-CCU: Before ClusterLabelChange for i = 28 newLabel= 1 currentLabel= 1 
R-CCU: sum(pointsPerCluster) = 1327 
 num [1:4] 1319 3 1 4
NULL
R-CCU: After ClusterLabelChange for i = 28 
R-CCU: sum(pointsPerCluster) = 1328 
 num [1:4] 1320 3 1 4
NULL
R-CCU: dpObj$numberClusters = 4 
List of 2
 $ : num [1, 1, 1:4] 0.326 0.552 0.698 0.642
 $ : num [1, 1, 1:4] 9.25 2.87 2.34 3.52
NULL
R priorParameters: 2 8 
R maxT: 1 
R_PriorDraw_first_mu: 0.4579304 
R_PriorDraw_first_nu: 2.22987 
R-CCU: Before ClusterLabelChange for i = 29 newLabel= 1 currentLabel= 1 
R-CCU: sum(pointsPerCluster) = 1328 
 num [1:4] 1320 3 1 4
NULL
R-CCU: After ClusterLabelChange for i = 29 
R-CCU: sum(pointsPerCluster) = 1329 
 num [1:4] 1321 3 1 4
NULL
R-CCU: dpObj$numberClusters = 4 
List of 2
 $ : num [1, 1, 1:4] 0.326 0.552 0.698 0.642
 $ : num [1, 1, 1:4] 9.25 2.87 2.34 3.52
NULL
R priorParameters: 2 8 
R maxT: 1 
R_PriorDraw_first_mu: 0.6303137 
R_PriorDraw_first_nu: 14.56498 
R-CCU: Before ClusterLabelChange for i = 30 newLabel= 1 currentLabel= 1 
R-CCU: sum(pointsPerCluster) = 1329 
 num [1:4] 1321 3 1 4
NULL
R-CCU: After ClusterLabelChange for i = 30 
R-CCU: sum(pointsPerCluster) = 1330 
 num [1:4] 1322 3 1 4
NULL
R-CCU: dpObj$numberClusters = 4 
List of 2
 $ : num [1, 1, 1:4] 0.326 0.552 0.698 0.642
 $ : num [1, 1, 1:4] 9.25 2.87 2.34 3.52
NULL
R priorParameters: 2 8 
R maxT: 1 
R_PriorDraw_first_mu: 0.143114 
R_PriorDraw_first_nu: 3.202598 
R-CCU: Before ClusterLabelChange for i = 31 newLabel= 1 currentLabel= 1 
R-CCU: sum(pointsPerCluster) = 1330 
 num [1:4] 1322 3 1 4
NULL
R-CCU: After ClusterLabelChange for i = 31 
R-CCU: sum(pointsPerCluster) = 1331 
 num [1:4] 1323 3 1 4
NULL
R-CCU: dpObj$numberClusters = 4 
List of 2
 $ : num [1, 1, 1:4] 0.326 0.552 0.698 0.642
 $ : num [1, 1, 1:4] 9.25 2.87 2.34 3.52
NULL
R priorParameters: 2 8 
R maxT: 1 
R_PriorDraw_first_mu: 0.08712672 
R_PriorDraw_first_nu: 2.55793 
R-CCU: Before ClusterLabelChange for i = 32 newLabel= 1 currentLabel= 1 
R-CCU: sum(pointsPerCluster) = 1331 
 num [1:4] 1323 3 1 4
NULL
R-CCU: After ClusterLabelChange for i = 32 
R-CCU: sum(pointsPerCluster) = 1332 
 num [1:4] 1324 3 1 4
NULL
R-CCU: dpObj$numberClusters = 4 
List of 2
 $ : num [1, 1, 1:4] 0.326 0.552 0.698 0.642
 $ : num [1, 1, 1:4] 9.25 2.87 2.34 3.52
NULL
R priorParameters: 2 8 
R maxT: 1 
R_PriorDraw_first_mu: 0.6267839 
R_PriorDraw_first_nu: 2.67173 
R-CCU: Before ClusterLabelChange for i = 33 newLabel= 1 currentLabel= 1 
R-CCU: sum(pointsPerCluster) = 1332 
 num [1:4] 1324 3 1 4
NULL
R-CCU: After ClusterLabelChange for i = 33 
R-CCU: sum(pointsPerCluster) = 1333 
 num [1:4] 1325 3 1 4
NULL
R-CCU: dpObj$numberClusters = 4 
List of 2
 $ : num [1, 1, 1:4] 0.326 0.552 0.698 0.642
 $ : num [1, 1, 1:4] 9.25 2.87 2.34 3.52
NULL
R priorParameters: 2 8 
R maxT: 1 
R_PriorDraw_first_mu: 0.2570465 
R_PriorDraw_first_nu: 3.905582 
R-CCU: Before ClusterLabelChange for i = 34 newLabel= 1 currentLabel= 1 
R-CCU: sum(pointsPerCluster) = 1333 
 num [1:4] 1325 3 1 4
NULL
R-CCU: After ClusterLabelChange for i = 34 
R-CCU: sum(pointsPerCluster) = 1334 
 num [1:4] 1326 3 1 4
NULL
R-CCU: dpObj$numberClusters = 4 
List of 2
 $ : num [1, 1, 1:4] 0.326 0.552 0.698 0.642
 $ : num [1, 1, 1:4] 9.25 2.87 2.34 3.52
NULL
R priorParameters: 2 8 
R maxT: 1 
R_PriorDraw_first_mu: 0.1575567 
R_PriorDraw_first_nu: 3.027718 
R-CCU: Before ClusterLabelChange for i = 35 newLabel= 1 currentLabel= 1 
R-CCU: sum(pointsPerCluster) = 1334 
 num [1:4] 1326 3 1 4
NULL
R-CCU: After ClusterLabelChange for i = 35 
R-CCU: sum(pointsPerCluster) = 1335 
 num [1:4] 1327 3 1 4
NULL
R-CCU: dpObj$numberClusters = 4 
List of 2
 $ : num [1, 1, 1:4] 0.326 0.552 0.698 0.642
 $ : num [1, 1, 1:4] 9.25 2.87 2.34 3.52
NULL
R priorParameters: 2 8 
R maxT: 1 
R_PriorDraw_first_mu: 0.9669518 
R_PriorDraw_first_nu: 5.024735 
R-CCU: Before ClusterLabelChange for i = 36 newLabel= 1 currentLabel= 1 
R-CCU: sum(pointsPerCluster) = 1335 
 num [1:4] 1327 3 1 4
NULL
R-CCU: After ClusterLabelChange for i = 36 
R-CCU: sum(pointsPerCluster) = 1336 
 num [1:4] 1328 3 1 4
NULL
R-CCU: dpObj$numberClusters = 4 
List of 2
 $ : num [1, 1, 1:4] 0.326 0.552 0.698 0.642
 $ : num [1, 1, 1:4] 9.25 2.87 2.34 3.52
NULL
R priorParameters: 2 8 
R maxT: 1 
R_PriorDraw_first_mu: 0.6720945 
R_PriorDraw_first_nu: 2.756907 
R-CCU: Before ClusterLabelChange for i = 37 newLabel= 1 currentLabel= 1 
R-CCU: sum(pointsPerCluster) = 1336 
 num [1:4] 1328 3 1 4
NULL
R-CCU: After ClusterLabelChange for i = 37 
R-CCU: sum(pointsPerCluster) = 1337 
 num [1:4] 1329 3 1 4
NULL
R-CCU: dpObj$numberClusters = 4 
List of 2
 $ : num [1, 1, 1:4] 0.326 0.552 0.698 0.642
 $ : num [1, 1, 1:4] 9.25 2.87 2.34 3.52
NULL
R priorParameters: 2 8 
R maxT: 1 
R_PriorDraw_first_mu: 0.2257151 
R_PriorDraw_first_nu: 12.0136 
R-CCU: Before ClusterLabelChange for i = 38 newLabel= 1 currentLabel= 1 
R-CCU: sum(pointsPerCluster) = 1337 
 num [1:4] 1329 3 1 4
NULL
R-CCU: After ClusterLabelChange for i = 38 
R-CCU: sum(pointsPerCluster) = 1338 
 num [1:4] 1330 3 1 4
NULL
R-CCU: dpObj$numberClusters = 4 
List of 2
 $ : num [1, 1, 1:4] 0.326 0.552 0.698 0.642
 $ : num [1, 1, 1:4] 9.25 2.87 2.34 3.52
NULL
R priorParameters: 2 8 
R maxT: 1 
R_PriorDraw_first_mu: 0.1056111 
R_PriorDraw_first_nu: 4.977475 
R-CCU: Before ClusterLabelChange for i = 39 newLabel= 1 currentLabel= 1 
R-CCU: sum(pointsPerCluster) = 1338 
 num [1:4] 1330 3 1 4
NULL
R-CCU: After ClusterLabelChange for i = 39 
R-CCU: sum(pointsPerCluster) = 1339 
 num [1:4] 1331 3 1 4
NULL
R-CCU: dpObj$numberClusters = 4 
List of 2
 $ : num [1, 1, 1:4] 0.326 0.552 0.698 0.642
 $ : num [1, 1, 1:4] 9.25 2.87 2.34 3.52
NULL
R priorParameters: 2 8 
R maxT: 1 
R_PriorDraw_first_mu: 0.3396034 
R_PriorDraw_first_nu: 5.007162 
R-CCU: Before ClusterLabelChange for i = 40 newLabel= 1 currentLabel= 1 
R-CCU: sum(pointsPerCluster) = 1339 
 num [1:4] 1331 3 1 4
NULL
R-CCU: After ClusterLabelChange for i = 40 
R-CCU: sum(pointsPerCluster) = 1340 
 num [1:4] 1332 3 1 4
NULL
R-CCU: dpObj$numberClusters = 4 
List of 2
 $ : num [1, 1, 1:4] 0.326 0.552 0.698 0.642
 $ : num [1, 1, 1:4] 9.25 2.87 2.34 3.52
NULL
R priorParameters: 2 8 
R maxT: 1 
R_PriorDraw_first_mu: 0.4876788 
R_PriorDraw_first_nu: 5.755826 
R-CCU: Before ClusterLabelChange for i = 41 newLabel= 1 currentLabel= 1 
R-CCU: sum(pointsPerCluster) = 1340 
 num [1:4] 1332 3 1 4
NULL
R-CCU: After ClusterLabelChange for i = 41 
R-CCU: sum(pointsPerCluster) = 1341 
 num [1:4] 1333 3 1 4
NULL
R-CCU: dpObj$numberClusters = 4 
List of 2
 $ : num [1, 1, 1:4] 0.326 0.552 0.698 0.642
 $ : num [1, 1, 1:4] 9.25 2.87 2.34 3.52
NULL
R priorParameters: 2 8 
R maxT: 1 
R_PriorDraw_first_mu: 0.1281156 
R_PriorDraw_first_nu: 3.867777 
R-CCU: Before ClusterLabelChange for i = 42 newLabel= 1 currentLabel= 1 
R-CCU: sum(pointsPerCluster) = 1341 
 num [1:4] 1333 3 1 4
NULL
R-CCU: After ClusterLabelChange for i = 42 
R-CCU: sum(pointsPerCluster) = 1342 
 num [1:4] 1334 3 1 4
NULL
R-CCU: dpObj$numberClusters = 4 
List of 2
 $ : num [1, 1, 1:4] 0.326 0.552 0.698 0.642
 $ : num [1, 1, 1:4] 9.25 2.87 2.34 3.52
NULL
R priorParameters: 2 8 
R maxT: 1 
R_PriorDraw_first_mu: 0.5052726 
R_PriorDraw_first_nu: 2.064373 
R-CCU: Before ClusterLabelChange for i = 43 newLabel= 1 currentLabel= 1 
R-CCU: sum(pointsPerCluster) = 1342 
 num [1:4] 1334 3 1 4
NULL
R-CCU: After ClusterLabelChange for i = 43 
R-CCU: sum(pointsPerCluster) = 1343 
 num [1:4] 1335 3 1 4
NULL
R-CCU: dpObj$numberClusters = 4 
List of 2
 $ : num [1, 1, 1:4] 0.326 0.552 0.698 0.642
 $ : num [1, 1, 1:4] 9.25 2.87 2.34 3.52
NULL
R priorParameters: 2 8 
R maxT: 1 
R_PriorDraw_first_mu: 0.2786061 
R_PriorDraw_first_nu: 2.384176 
R-CCU: Before ClusterLabelChange for i = 44 newLabel= 1 currentLabel= 1 
R-CCU: sum(pointsPerCluster) = 1343 
 num [1:4] 1335 3 1 4
NULL
R-CCU: After ClusterLabelChange for i = 44 
R-CCU: sum(pointsPerCluster) = 1344 
 num [1:4] 1336 3 1 4
NULL
R-CCU: dpObj$numberClusters = 4 
List of 2
 $ : num [1, 1, 1:4] 0.326 0.552 0.698 0.642
 $ : num [1, 1, 1:4] 9.25 2.87 2.34 3.52
NULL
R priorParameters: 2 8 
R maxT: 1 
R_PriorDraw_first_mu: 0.1049498 
R_PriorDraw_first_nu: 1.796918 
R-CCU: Before ClusterLabelChange for i = 45 newLabel= 1 currentLabel= 1 
R-CCU: sum(pointsPerCluster) = 1344 
 num [1:4] 1336 3 1 4
NULL
R-CCU: After ClusterLabelChange for i = 45 
R-CCU: sum(pointsPerCluster) = 1345 
 num [1:4] 1337 3 1 4
NULL
R-CCU: dpObj$numberClusters = 4 
List of 2
 $ : num [1, 1, 1:4] 0.326 0.552 0.698 0.642
 $ : num [1, 1, 1:4] 9.25 2.87 2.34 3.52
NULL
R priorParameters: 2 8 
R maxT: 1 
R_PriorDraw_first_mu: 0.7725831 
R_PriorDraw_first_nu: 3.277741 
R-CCU: Before ClusterLabelChange for i = 46 newLabel= 1 currentLabel= 1 
R-CCU: sum(pointsPerCluster) = 1345 
 num [1:4] 1337 3 1 4
NULL
R-CCU: After ClusterLabelChange for i = 46 
R-CCU: sum(pointsPerCluster) = 1346 
 num [1:4] 1338 3 1 4
NULL
R-CCU: dpObj$numberClusters = 4 
List of 2
 $ : num [1, 1, 1:4] 0.326 0.552 0.698 0.642
 $ : num [1, 1, 1:4] 9.25 2.87 2.34 3.52
NULL
R priorParameters: 2 8 
R maxT: 1 
R_PriorDraw_first_mu: 0.1660781 
R_PriorDraw_first_nu: 2.076258 
R-CCU: Before ClusterLabelChange for i = 47 newLabel= 1 currentLabel= 1 
R-CCU: sum(pointsPerCluster) = 1346 
 num [1:4] 1338 3 1 4
NULL
R-CCU: After ClusterLabelChange for i = 47 
R-CCU: sum(pointsPerCluster) = 1347 
 num [1:4] 1339 3 1 4
NULL
R-CCU: dpObj$numberClusters = 4 
List of 2
 $ : num [1, 1, 1:4] 0.326 0.552 0.698 0.642
 $ : num [1, 1, 1:4] 9.25 2.87 2.34 3.52
NULL
R priorParameters: 2 8 
R maxT: 1 
R_PriorDraw_first_mu: 0.1331908 
R_PriorDraw_first_nu: 6.094182 
R-CCU: Before ClusterLabelChange for i = 48 newLabel= 1 currentLabel= 1 
R-CCU: sum(pointsPerCluster) = 1347 
 num [1:4] 1339 3 1 4
NULL
R-CCU: After ClusterLabelChange for i = 48 
R-CCU: sum(pointsPerCluster) = 1348 
 num [1:4] 1340 3 1 4
NULL
R-CCU: dpObj$numberClusters = 4 
List of 2
 $ : num [1, 1, 1:4] 0.326 0.552 0.698 0.642
 $ : num [1, 1, 1:4] 9.25 2.87 2.34 3.52
NULL
R priorParameters: 2 8 
R maxT: 1 
R_PriorDraw_first_mu: 0.3712337 
R_PriorDraw_first_nu: 7.85788 
R-CCU: Before ClusterLabelChange for i = 49 newLabel= 1 currentLabel= 1 
R-CCU: sum(pointsPerCluster) = 1348 
 num [1:4] 1340 3 1 4
NULL
R-CCU: After ClusterLabelChange for i = 49 
R-CCU: sum(pointsPerCluster) = 1349 
 num [1:4] 1341 3 1 4
NULL
R-CCU: dpObj$numberClusters = 4 
List of 2
 $ : num [1, 1, 1:4] 0.326 0.552 0.698 0.642
 $ : num [1, 1, 1:4] 9.25 2.87 2.34 3.52
NULL
R priorParameters: 2 8 
R maxT: 1 
R_PriorDraw_first_mu: 0.5651915 
R_PriorDraw_first_nu: 6.130742 
R-CCU: Before ClusterLabelChange for i = 50 newLabel= 1 currentLabel= 1 
R-CCU: sum(pointsPerCluster) = 1349 
 num [1:4] 1341 3 1 4
NULL
R-CCU: After ClusterLabelChange for i = 50 
R-CCU: sum(pointsPerCluster) = 1350 
 num [1:4] 1342 3 1 4
NULL
R-CCU: dpObj$numberClusters = 4 
List of 2
 $ : num [1, 1, 1:4] 0.326 0.552 0.698 0.642
 $ : num [1, 1, 1:4] 9.25 2.87 2.34 3.52
NULL
R priorParameters: 2 8 
R maxT: 1 
R_PriorDraw_first_mu: 0.4013982 
R_PriorDraw_first_nu: 29.85884 
R-CCU: Before ClusterLabelChange for i = 51 newLabel= 1 currentLabel= 1 
R-CCU: sum(pointsPerCluster) = 1350 
 num [1:4] 1342 3 1 4
NULL
R-CCU: After ClusterLabelChange for i = 51 
R-CCU: sum(pointsPerCluster) = 1351 
 num [1:4] 1343 3 1 4
NULL
R-CCU: dpObj$numberClusters = 4 
List of 2
 $ : num [1, 1, 1:4] 0.326 0.552 0.698 0.642
 $ : num [1, 1, 1:4] 9.25 2.87 2.34 3.52
NULL
R priorParameters: 2 8 
R maxT: 1 
R_PriorDraw_first_mu: 0.2396318 
R_PriorDraw_first_nu: 3.157873 
R-CCU: Before ClusterLabelChange for i = 52 newLabel= 1 currentLabel= 1 
R-CCU: sum(pointsPerCluster) = 1351 
 num [1:4] 1343 3 1 4
NULL
R-CCU: After ClusterLabelChange for i = 52 
R-CCU: sum(pointsPerCluster) = 1352 
 num [1:4] 1344 3 1 4
NULL
R-CCU: dpObj$numberClusters = 4 
List of 2
 $ : num [1, 1, 1:4] 0.326 0.552 0.698 0.642
 $ : num [1, 1, 1:4] 9.25 2.87 2.34 3.52
NULL
R priorParameters: 2 8 
R maxT: 1 
R_PriorDraw_first_mu: 0.7945383 
R_PriorDraw_first_nu: 5.195329 
R-CCU: Before ClusterLabelChange for i = 53 newLabel= 1 currentLabel= 1 
R-CCU: sum(pointsPerCluster) = 1352 
 num [1:4] 1344 3 1 4
NULL
R-CCU: After ClusterLabelChange for i = 53 
R-CCU: sum(pointsPerCluster) = 1353 
 num [1:4] 1345 3 1 4
NULL
R-CCU: dpObj$numberClusters = 4 
List of 2
 $ : num [1, 1, 1:4] 0.326 0.552 0.698 0.642
 $ : num [1, 1, 1:4] 9.25 2.87 2.34 3.52
NULL
R priorParameters: 2 8 
R maxT: 1 
R_PriorDraw_first_mu: 0.7712346 
R_PriorDraw_first_nu: 2.106996 
R-CCU: Before ClusterLabelChange for i = 54 newLabel= 1 currentLabel= 1 
R-CCU: sum(pointsPerCluster) = 1353 
 num [1:4] 1345 3 1 4
NULL
R-CCU: After ClusterLabelChange for i = 54 
R-CCU: sum(pointsPerCluster) = 1354 
 num [1:4] 1346 3 1 4
NULL
R-CCU: dpObj$numberClusters = 4 
List of 2
 $ : num [1, 1, 1:4] 0.326 0.552 0.698 0.642
 $ : num [1, 1, 1:4] 9.25 2.87 2.34 3.52
NULL
R priorParameters: 2 8 
R maxT: 1 
R_PriorDraw_first_mu: 0.4595575 
R_PriorDraw_first_nu: 6.919422 
R-CCU: Before ClusterLabelChange for i = 55 newLabel= 1 currentLabel= 1 
R-CCU: sum(pointsPerCluster) = 1354 
 num [1:4] 1346 3 1 4
NULL
R-CCU: After ClusterLabelChange for i = 55 
R-CCU: sum(pointsPerCluster) = 1355 
 num [1:4] 1347 3 1 4
NULL
R-CCU: dpObj$numberClusters = 4 
List of 2
 $ : num [1, 1, 1:4] 0.326 0.552 0.698 0.642
 $ : num [1, 1, 1:4] 9.25 2.87 2.34 3.52
NULL
R priorParameters: 2 8 
R maxT: 1 
R_PriorDraw_first_mu: 0.8682495 
R_PriorDraw_first_nu: 8.849914 
R-CCU: Before ClusterLabelChange for i = 56 newLabel= 1 currentLabel= 1 
R-CCU: sum(pointsPerCluster) = 1355 
 num [1:4] 1347 3 1 4
NULL
R-CCU: After ClusterLabelChange for i = 56 
R-CCU: sum(pointsPerCluster) = 1356 
 num [1:4] 1348 3 1 4
NULL
R-CCU: dpObj$numberClusters = 4 
List of 2
 $ : num [1, 1, 1:4] 0.326 0.552 0.698 0.642
 $ : num [1, 1, 1:4] 9.25 2.87 2.34 3.52
NULL
R priorParameters: 2 8 
R maxT: 1 
R_PriorDraw_first_mu: 0.8259304 
R_PriorDraw_first_nu: 6.661401 
R-CCU: Before ClusterLabelChange for i = 57 newLabel= 1 currentLabel= 1 
R-CCU: sum(pointsPerCluster) = 1356 
 num [1:4] 1348 3 1 4
NULL
R-CCU: After ClusterLabelChange for i = 57 
R-CCU: sum(pointsPerCluster) = 1357 
 num [1:4] 1349 3 1 4
NULL
R-CCU: dpObj$numberClusters = 4 
List of 2
 $ : num [1, 1, 1:4] 0.326 0.552 0.698 0.642
 $ : num [1, 1, 1:4] 9.25 2.87 2.34 3.52
NULL
R priorParameters: 2 8 
R maxT: 1 
R_PriorDraw_first_mu: 0.09832365 
R_PriorDraw_first_nu: 11.11439 
R-CCU: Before ClusterLabelChange for i = 58 newLabel= 1 currentLabel= 1 
R-CCU: sum(pointsPerCluster) = 1357 
 num [1:4] 1349 3 1 4
NULL
R-CCU: After ClusterLabelChange for i = 58 
R-CCU: sum(pointsPerCluster) = 1358 
 num [1:4] 1350 3 1 4
NULL
R-CCU: dpObj$numberClusters = 4 
List of 2
 $ : num [1, 1, 1:4] 0.326 0.552 0.698 0.642
 $ : num [1, 1, 1:4] 9.25 2.87 2.34 3.52
NULL
R priorParameters: 2 8 
R maxT: 1 
R_PriorDraw_first_mu: 0.901044 
R_PriorDraw_first_nu: 3.440967 
R-CCU: Before ClusterLabelChange for i = 59 newLabel= 1 currentLabel= 1 
R-CCU: sum(pointsPerCluster) = 1358 
 num [1:4] 1350 3 1 4
NULL
R-CCU: After ClusterLabelChange for i = 59 
R-CCU: sum(pointsPerCluster) = 1359 
 num [1:4] 1351 3 1 4
NULL
R-CCU: dpObj$numberClusters = 4 
List of 2
 $ : num [1, 1, 1:4] 0.326 0.552 0.698 0.642
 $ : num [1, 1, 1:4] 9.25 2.87 2.34 3.52
NULL
R priorParameters: 2 8 
R maxT: 1 
R_PriorDraw_first_mu: 0.8000858 
R_PriorDraw_first_nu: 2.091859 
R-CCU: Before ClusterLabelChange for i = 60 newLabel= 1 currentLabel= 1 
R-CCU: sum(pointsPerCluster) = 1359 
 num [1:4] 1351 3 1 4
NULL
R-CCU: After ClusterLabelChange for i = 60 
R-CCU: sum(pointsPerCluster) = 1360 
 num [1:4] 1352 3 1 4
NULL
R-CCU: dpObj$numberClusters = 4 
List of 2
 $ : num [1, 1, 1:4] 0.326 0.552 0.698 0.642
 $ : num [1, 1, 1:4] 9.25 2.87 2.34 3.52
NULL
R priorParameters: 2 8 
R maxT: 1 
R_PriorDraw_first_mu: 0.4657428 
R_PriorDraw_first_nu: 7.643601 
R-CCU: Before ClusterLabelChange for i = 61 newLabel= 1 currentLabel= 1 
R-CCU: sum(pointsPerCluster) = 1360 
 num [1:4] 1352 3 1 4
NULL
R-CCU: After ClusterLabelChange for i = 61 
R-CCU: sum(pointsPerCluster) = 1361 
 num [1:4] 1353 3 1 4
NULL
R-CCU: dpObj$numberClusters = 4 
List of 2
 $ : num [1, 1, 1:4] 0.326 0.552 0.698 0.642
 $ : num [1, 1, 1:4] 9.25 2.87 2.34 3.52
NULL
R priorParameters: 2 8 
R maxT: 1 
R_PriorDraw_first_mu: 0.1070808 
R_PriorDraw_first_nu: 2.250834 
R-CCU: Before ClusterLabelChange for i = 62 newLabel= 1 currentLabel= 1 
R-CCU: sum(pointsPerCluster) = 1361 
 num [1:4] 1353 3 1 4
NULL
R-CCU: After ClusterLabelChange for i = 62 
R-CCU: sum(pointsPerCluster) = 1362 
 num [1:4] 1354 3 1 4
NULL
R-CCU: dpObj$numberClusters = 4 
List of 2
 $ : num [1, 1, 1:4] 0.326 0.552 0.698 0.642
 $ : num [1, 1, 1:4] 9.25 2.87 2.34 3.52
NULL
R priorParameters: 2 8 
R maxT: 1 
R_PriorDraw_first_mu: 0.4200742 
R_PriorDraw_first_nu: 3.413013 
R-CCU: Before ClusterLabelChange for i = 63 newLabel= 1 currentLabel= 1 
R-CCU: sum(pointsPerCluster) = 1362 
 num [1:4] 1354 3 1 4
NULL
R-CCU: After ClusterLabelChange for i = 63 
R-CCU: sum(pointsPerCluster) = 1363 
 num [1:4] 1355 3 1 4
NULL
R-CCU: dpObj$numberClusters = 4 
List of 2
 $ : num [1, 1, 1:4] 0.326 0.552 0.698 0.642
 $ : num [1, 1, 1:4] 9.25 2.87 2.34 3.52
NULL
R priorParameters: 2 8 
R maxT: 1 
R_PriorDraw_first_mu: 0.7939727 
R_PriorDraw_first_nu: 3.090381 
R-CCU: Before ClusterLabelChange for i = 64 newLabel= 1 currentLabel= 1 
R-CCU: sum(pointsPerCluster) = 1363 
 num [1:4] 1355 3 1 4
NULL
R-CCU: After ClusterLabelChange for i = 64 
R-CCU: sum(pointsPerCluster) = 1364 
 num [1:4] 1356 3 1 4
NULL
R-CCU: dpObj$numberClusters = 4 
List of 2
 $ : num [1, 1, 1:4] 0.326 0.552 0.698 0.642
 $ : num [1, 1, 1:4] 9.25 2.87 2.34 3.52
NULL
R priorParameters: 2 8 
R maxT: 1 
R_PriorDraw_first_mu: 0.6390661 
R_PriorDraw_first_nu: 5.184074 
R-CCU: Before ClusterLabelChange for i = 65 newLabel= 1 currentLabel= 1 
R-CCU: sum(pointsPerCluster) = 1364 
 num [1:4] 1356 3 1 4
NULL
R-CCU: After ClusterLabelChange for i = 65 
R-CCU: sum(pointsPerCluster) = 1365 
 num [1:4] 1357 3 1 4
NULL
R-CCU: dpObj$numberClusters = 4 
List of 2
 $ : num [1, 1, 1:4] 0.326 0.552 0.698 0.642
 $ : num [1, 1, 1:4] 9.25 2.87 2.34 3.52
NULL
R priorParameters: 2 8 
R maxT: 1 
R_PriorDraw_first_mu: 0.3702045 
R_PriorDraw_first_nu: 8.59226 
R-CCU: Before ClusterLabelChange for i = 66 newLabel= 1 currentLabel= 1 
R-CCU: sum(pointsPerCluster) = 1365 
 num [1:4] 1357 3 1 4
NULL
R-CCU: After ClusterLabelChange for i = 66 
R-CCU: sum(pointsPerCluster) = 1366 
 num [1:4] 1358 3 1 4
NULL
R-CCU: dpObj$numberClusters = 4 
List of 2
 $ : num [1, 1, 1:4] 0.326 0.552 0.698 0.642
 $ : num [1, 1, 1:4] 9.25 2.87 2.34 3.52
NULL
R priorParameters: 2 8 
R maxT: 1 
R_PriorDraw_first_mu: 0.7845189 
R_PriorDraw_first_nu: 5.464167 
R-CCU: Before ClusterLabelChange for i = 67 newLabel= 1 currentLabel= 1 
R-CCU: sum(pointsPerCluster) = 1366 
 num [1:4] 1358 3 1 4
NULL
R-CCU: After ClusterLabelChange for i = 67 
R-CCU: sum(pointsPerCluster) = 1367 
 num [1:4] 1359 3 1 4
NULL
R-CCU: dpObj$numberClusters = 4 
List of 2
 $ : num [1, 1, 1:4] 0.326 0.552 0.698 0.642
 $ : num [1, 1, 1:4] 9.25 2.87 2.34 3.52
NULL
R priorParameters: 2 8 
R maxT: 1 
R_PriorDraw_first_mu: 0.927293 
R_PriorDraw_first_nu: 4.921249 
R-CCU: Before ClusterLabelChange for i = 68 newLabel= 1 currentLabel= 1 
R-CCU: sum(pointsPerCluster) = 1367 
 num [1:4] 1359 3 1 4
NULL
R-CCU: After ClusterLabelChange for i = 68 
R-CCU: sum(pointsPerCluster) = 1368 
 num [1:4] 1360 3 1 4
NULL
R-CCU: dpObj$numberClusters = 4 
List of 2
 $ : num [1, 1, 1:4] 0.326 0.552 0.698 0.642
 $ : num [1, 1, 1:4] 9.25 2.87 2.34 3.52
NULL
R priorParameters: 2 8 
R maxT: 1 
R_PriorDraw_first_mu: 0.9695655 
R_PriorDraw_first_nu: 10.3549 
R-CCU: Before ClusterLabelChange for i = 69 newLabel= 1 currentLabel= 1 
R-CCU: sum(pointsPerCluster) = 1368 
 num [1:4] 1360 3 1 4
NULL
R-CCU: After ClusterLabelChange for i = 69 
R-CCU: sum(pointsPerCluster) = 1369 
 num [1:4] 1361 3 1 4
NULL
R-CCU: dpObj$numberClusters = 4 
List of 2
 $ : num [1, 1, 1:4] 0.326 0.552 0.698 0.642
 $ : num [1, 1, 1:4] 9.25 2.87 2.34 3.52
NULL
R priorParameters: 2 8 
R maxT: 1 
R_PriorDraw_first_mu: 0.3620895 
R_PriorDraw_first_nu: 5.626972 
R-CCU: Before ClusterLabelChange for i = 70 newLabel= 1 currentLabel= 1 
R-CCU: sum(pointsPerCluster) = 1369 
 num [1:4] 1361 3 1 4
NULL
R-CCU: After ClusterLabelChange for i = 70 
R-CCU: sum(pointsPerCluster) = 1370 
 num [1:4] 1362 3 1 4
NULL
R-CCU: dpObj$numberClusters = 4 
List of 2
 $ : num [1, 1, 1:4] 0.326 0.552 0.698 0.642
 $ : num [1, 1, 1:4] 9.25 2.87 2.34 3.52
NULL
R priorParameters: 2 8 
R maxT: 1 
R_PriorDraw_first_mu: 0.9385061 
R_PriorDraw_first_nu: 26.83656 
R-CCU: Before ClusterLabelChange for i = 71 newLabel= 1 currentLabel= 1 
R-CCU: sum(pointsPerCluster) = 1370 
 num [1:4] 1362 3 1 4
NULL
R-CCU: After ClusterLabelChange for i = 71 
R-CCU: sum(pointsPerCluster) = 1371 
 num [1:4] 1363 3 1 4
NULL
R-CCU: dpObj$numberClusters = 4 
List of 2
 $ : num [1, 1, 1:4] 0.326 0.552 0.698 0.642
 $ : num [1, 1, 1:4] 9.25 2.87 2.34 3.52
NULL
R priorParameters: 2 8 
R maxT: 1 
R_PriorDraw_first_mu: 0.825368 
R_PriorDraw_first_nu: 2.356654 
R-CCU: Before ClusterLabelChange for i = 72 newLabel= 1 currentLabel= 1 
R-CCU: sum(pointsPerCluster) = 1371 
 num [1:4] 1363 3 1 4
NULL
R-CCU: After ClusterLabelChange for i = 72 
R-CCU: sum(pointsPerCluster) = 1372 
 num [1:4] 1364 3 1 4
NULL
R-CCU: dpObj$numberClusters = 4 
List of 2
 $ : num [1, 1, 1:4] 0.326 0.552 0.698 0.642
 $ : num [1, 1, 1:4] 9.25 2.87 2.34 3.52
NULL
R priorParameters: 2 8 
R maxT: 1 
R_PriorDraw_first_mu: 0.9073337 
R_PriorDraw_first_nu: 9.689704 
R-CCU: Before ClusterLabelChange for i = 73 newLabel= 1 currentLabel= 1 
R-CCU: sum(pointsPerCluster) = 1372 
 num [1:4] 1364 3 1 4
NULL
R-CCU: After ClusterLabelChange for i = 73 
R-CCU: sum(pointsPerCluster) = 1373 
 num [1:4] 1365 3 1 4
NULL
R-CCU: dpObj$numberClusters = 4 
List of 2
 $ : num [1, 1, 1:4] 0.326 0.552 0.698 0.642
 $ : num [1, 1, 1:4] 9.25 2.87 2.34 3.52
NULL
R priorParameters: 2 8 
R maxT: 1 
R_PriorDraw_first_mu: 0.7920656 
R_PriorDraw_first_nu: 4.765703 
R-CCU: Before ClusterLabelChange for i = 74 newLabel= 1 currentLabel= 1 
R-CCU: sum(pointsPerCluster) = 1373 
 num [1:4] 1365 3 1 4
NULL
R-CCU: After ClusterLabelChange for i = 74 
R-CCU: sum(pointsPerCluster) = 1374 
 num [1:4] 1366 3 1 4
NULL
R-CCU: dpObj$numberClusters = 4 
List of 2
 $ : num [1, 1, 1:4] 0.326 0.552 0.698 0.642
 $ : num [1, 1, 1:4] 9.25 2.87 2.34 3.52
NULL
R priorParameters: 2 8 
R maxT: 1 
R_PriorDraw_first_mu: 0.3785691 
R_PriorDraw_first_nu: 2.045915 
R-CCU: Before ClusterLabelChange for i = 75 newLabel= 1 currentLabel= 1 
R-CCU: sum(pointsPerCluster) = 1374 
 num [1:4] 1366 3 1 4
NULL
R-CCU: After ClusterLabelChange for i = 75 
R-CCU: sum(pointsPerCluster) = 1375 
 num [1:4] 1367 3 1 4
NULL
R-CCU: dpObj$numberClusters = 4 
List of 2
 $ : num [1, 1, 1:4] 0.326 0.552 0.698 0.642
 $ : num [1, 1, 1:4] 9.25 2.87 2.34 3.52
NULL
R priorParameters: 2 8 
R maxT: 1 
R_PriorDraw_first_mu: 0.6820278 
R_PriorDraw_first_nu: 8.719957 
R-CCU: Before ClusterLabelChange for i = 76 newLabel= 1 currentLabel= 1 
R-CCU: sum(pointsPerCluster) = 1375 
 num [1:4] 1367 3 1 4
NULL
R-CCU: After ClusterLabelChange for i = 76 
R-CCU: sum(pointsPerCluster) = 1376 
 num [1:4] 1368 3 1 4
NULL
R-CCU: dpObj$numberClusters = 4 
List of 2
 $ : num [1, 1, 1:4] 0.326 0.552 0.698 0.642
 $ : num [1, 1, 1:4] 9.25 2.87 2.34 3.52
NULL
R priorParameters: 2 8 
R maxT: 1 
R_PriorDraw_first_mu: 0.6676285 
R_PriorDraw_first_nu: 13.59668 
R-CCU: Before ClusterLabelChange for i = 77 newLabel= 1 currentLabel= 1 
R-CCU: sum(pointsPerCluster) = 1376 
 num [1:4] 1368 3 1 4
NULL
R-CCU: After ClusterLabelChange for i = 77 
R-CCU: sum(pointsPerCluster) = 1377 
 num [1:4] 1369 3 1 4
NULL
R-CCU: dpObj$numberClusters = 4 
List of 2
 $ : num [1, 1, 1:4] 0.326 0.552 0.698 0.642
 $ : num [1, 1, 1:4] 9.25 2.87 2.34 3.52
NULL
R priorParameters: 2 8 
R maxT: 1 
R_PriorDraw_first_mu: 0.187824 
R_PriorDraw_first_nu: 8.676184 
R-CCU: Before ClusterLabelChange for i = 78 newLabel= 1 currentLabel= 1 
R-CCU: sum(pointsPerCluster) = 1377 
 num [1:4] 1369 3 1 4
NULL
R-CCU: After ClusterLabelChange for i = 78 
R-CCU: sum(pointsPerCluster) = 1378 
 num [1:4] 1370 3 1 4
NULL
R-CCU: dpObj$numberClusters = 4 
List of 2
 $ : num [1, 1, 1:4] 0.326 0.552 0.698 0.642
 $ : num [1, 1, 1:4] 9.25 2.87 2.34 3.52
NULL
R priorParameters: 2 8 
R maxT: 1 
R_PriorDraw_first_mu: 0.5875343 
R_PriorDraw_first_nu: 3.437918 
R-CCU: Before ClusterLabelChange for i = 79 newLabel= 1 currentLabel= 1 
R-CCU: sum(pointsPerCluster) = 1378 
 num [1:4] 1370 3 1 4
NULL
R-CCU: After ClusterLabelChange for i = 79 
R-CCU: sum(pointsPerCluster) = 1379 
 num [1:4] 1371 3 1 4
NULL
R-CCU: dpObj$numberClusters = 4 
List of 2
 $ : num [1, 1, 1:4] 0.326 0.552 0.698 0.642
 $ : num [1, 1, 1:4] 9.25 2.87 2.34 3.52
NULL
R priorParameters: 2 8 
R maxT: 1 
R_PriorDraw_first_mu: 0.9643917 
R_PriorDraw_first_nu: 5.20302 
R-CCU: Before ClusterLabelChange for i = 80 newLabel= 1 currentLabel= 1 
R-CCU: sum(pointsPerCluster) = 1379 
 num [1:4] 1371 3 1 4
NULL
R-CCU: After ClusterLabelChange for i = 80 
R-CCU: sum(pointsPerCluster) = 1380 
 num [1:4] 1372 3 1 4
NULL
R-CCU: dpObj$numberClusters = 4 
List of 2
 $ : num [1, 1, 1:4] 0.326 0.552 0.698 0.642
 $ : num [1, 1, 1:4] 9.25 2.87 2.34 3.52
NULL
R priorParameters: 2 8 
R maxT: 1 
R_PriorDraw_first_mu: 0.2301952 
R_PriorDraw_first_nu: 3.922664 
R-CCU: Before ClusterLabelChange for i = 81 newLabel= 1 currentLabel= 1 
R-CCU: sum(pointsPerCluster) = 1380 
 num [1:4] 1372 3 1 4
NULL
R-CCU: After ClusterLabelChange for i = 81 
R-CCU: sum(pointsPerCluster) = 1381 
 num [1:4] 1373 3 1 4
NULL
R-CCU: dpObj$numberClusters = 4 
List of 2
 $ : num [1, 1, 1:4] 0.326 0.552 0.698 0.642
 $ : num [1, 1, 1:4] 9.25 2.87 2.34 3.52
NULL
R priorParameters: 2 8 
R maxT: 1 
R_PriorDraw_first_mu: 0.9831096 
R_PriorDraw_first_nu: 1.702464 
R-CCU: Before ClusterLabelChange for i = 82 newLabel= 1 currentLabel= 1 
R-CCU: sum(pointsPerCluster) = 1381 
 num [1:4] 1373 3 1 4
NULL
R-CCU: After ClusterLabelChange for i = 82 
R-CCU: sum(pointsPerCluster) = 1382 
 num [1:4] 1374 3 1 4
NULL
R-CCU: dpObj$numberClusters = 4 
List of 2
 $ : num [1, 1, 1:4] 0.326 0.552 0.698 0.642
 $ : num [1, 1, 1:4] 9.25 2.87 2.34 3.52
NULL
R priorParameters: 2 8 
R maxT: 1 
R_PriorDraw_first_mu: 0.4365443 
R_PriorDraw_first_nu: 5.6777 
R-CCU: Before ClusterLabelChange for i = 83 newLabel= 1 currentLabel= 1 
R-CCU: sum(pointsPerCluster) = 1382 
 num [1:4] 1374 3 1 4
NULL
R-CCU: After ClusterLabelChange for i = 83 
R-CCU: sum(pointsPerCluster) = 1383 
 num [1:4] 1375 3 1 4
NULL
R-CCU: dpObj$numberClusters = 4 
List of 2
 $ : num [1, 1, 1:4] 0.326 0.552 0.698 0.642
 $ : num [1, 1, 1:4] 9.25 2.87 2.34 3.52
NULL
R priorParameters: 2 8 
R maxT: 1 
R_PriorDraw_first_mu: 0.8833451 
R_PriorDraw_first_nu: 6.929153 
R-CCU: Before ClusterLabelChange for i = 84 newLabel= 1 currentLabel= 1 
R-CCU: sum(pointsPerCluster) = 1383 
 num [1:4] 1375 3 1 4
NULL
R-CCU: After ClusterLabelChange for i = 84 
R-CCU: sum(pointsPerCluster) = 1384 
 num [1:4] 1376 3 1 4
NULL
R-CCU: dpObj$numberClusters = 4 
List of 2
 $ : num [1, 1, 1:4] 0.326 0.552 0.698 0.642
 $ : num [1, 1, 1:4] 9.25 2.87 2.34 3.52
NULL
R priorParameters: 2 8 
R maxT: 1 
R_PriorDraw_first_mu: 0.2048343 
R_PriorDraw_first_nu: 12.7694 
R-CCU: Before ClusterLabelChange for i = 85 newLabel= 1 currentLabel= 1 
R-CCU: sum(pointsPerCluster) = 1384 
 num [1:4] 1376 3 1 4
NULL
R-CCU: After ClusterLabelChange for i = 85 
R-CCU: sum(pointsPerCluster) = 1385 
 num [1:4] 1377 3 1 4
NULL
R-CCU: dpObj$numberClusters = 4 
List of 2
 $ : num [1, 1, 1:4] 0.326 0.552 0.698 0.642
 $ : num [1, 1, 1:4] 9.25 2.87 2.34 3.52
NULL
R priorParameters: 2 8 
R maxT: 1 
R_PriorDraw_first_mu: 0.9026581 
R_PriorDraw_first_nu: 1.90556 
R-CCU: Before ClusterLabelChange for i = 86 newLabel= 1 currentLabel= 1 
R-CCU: sum(pointsPerCluster) = 1385 
 num [1:4] 1377 3 1 4
NULL
R-CCU: After ClusterLabelChange for i = 86 
R-CCU: sum(pointsPerCluster) = 1386 
 num [1:4] 1378 3 1 4
NULL
R-CCU: dpObj$numberClusters = 4 
List of 2
 $ : num [1, 1, 1:4] 0.326 0.552 0.698 0.642
 $ : num [1, 1, 1:4] 9.25 2.87 2.34 3.52
NULL
R priorParameters: 2 8 
R maxT: 1 
R_PriorDraw_first_mu: 0.1247949 
R_PriorDraw_first_nu: 6.869039 
R-CCU: Before ClusterLabelChange for i = 87 newLabel= 1 currentLabel= 1 
R-CCU: sum(pointsPerCluster) = 1386 
 num [1:4] 1378 3 1 4
NULL
R-CCU: After ClusterLabelChange for i = 87 
R-CCU: sum(pointsPerCluster) = 1387 
 num [1:4] 1379 3 1 4
NULL
R-CCU: dpObj$numberClusters = 4 
List of 2
 $ : num [1, 1, 1:4] 0.326 0.552 0.698 0.642
 $ : num [1, 1, 1:4] 9.25 2.87 2.34 3.52
NULL
R priorParameters: 2 8 
R maxT: 1 
R_PriorDraw_first_mu: 0.9536057 
R_PriorDraw_first_nu: 4.81501 
R-CCU: Before ClusterLabelChange for i = 88 newLabel= 1 currentLabel= 1 
R-CCU: sum(pointsPerCluster) = 1387 
 num [1:4] 1379 3 1 4
NULL
R-CCU: After ClusterLabelChange for i = 88 
R-CCU: sum(pointsPerCluster) = 1388 
 num [1:4] 1380 3 1 4
NULL
R-CCU: dpObj$numberClusters = 4 
List of 2
 $ : num [1, 1, 1:4] 0.326 0.552 0.698 0.642
 $ : num [1, 1, 1:4] 9.25 2.87 2.34 3.52
NULL
R priorParameters: 2 8 
R maxT: 1 
R_PriorDraw_first_mu: 0.1815566 
R_PriorDraw_first_nu: 4.386587 
R-CCU: Before ClusterLabelChange for i = 89 newLabel= 1 currentLabel= 1 
R-CCU: sum(pointsPerCluster) = 1388 
 num [1:4] 1380 3 1 4
NULL
R-CCU: After ClusterLabelChange for i = 89 
R-CCU: sum(pointsPerCluster) = 1389 
 num [1:4] 1381 3 1 4
NULL
R-CCU: dpObj$numberClusters = 4 
List of 2
 $ : num [1, 1, 1:4] 0.326 0.552 0.698 0.642
 $ : num [1, 1, 1:4] 9.25 2.87 2.34 3.52
NULL
R priorParameters: 2 8 
R maxT: 1 
R_PriorDraw_first_mu: 0.7676251 
R_PriorDraw_first_nu: 4.034545 
R-CCU: Before ClusterLabelChange for i = 90 newLabel= 1 currentLabel= 1 
R-CCU: sum(pointsPerCluster) = 1389 
 num [1:4] 1381 3 1 4
NULL
R-CCU: After ClusterLabelChange for i = 90 
R-CCU: sum(pointsPerCluster) = 1390 
 num [1:4] 1382 3 1 4
NULL
R-CCU: dpObj$numberClusters = 4 
List of 2
 $ : num [1, 1, 1:4] 0.326 0.552 0.698 0.642
 $ : num [1, 1, 1:4] 9.25 2.87 2.34 3.52
NULL
R priorParameters: 2 8 
R maxT: 1 
R_PriorDraw_first_mu: 0.355999 
R_PriorDraw_first_nu: 4.400364 
R-CCU: Before ClusterLabelChange for i = 91 newLabel= 1 currentLabel= 1 
R-CCU: sum(pointsPerCluster) = 1390 
 num [1:4] 1382 3 1 4
NULL
R-CCU: After ClusterLabelChange for i = 91 
R-CCU: sum(pointsPerCluster) = 1391 
 num [1:4] 1383 3 1 4
NULL
R-CCU: dpObj$numberClusters = 4 
List of 2
 $ : num [1, 1, 1:4] 0.326 0.552 0.698 0.642
 $ : num [1, 1, 1:4] 9.25 2.87 2.34 3.52
NULL
R priorParameters: 2 8 
R maxT: 1 
R_PriorDraw_first_mu: 0.1883759 
R_PriorDraw_first_nu: 2.657716 
R-CCU: Before ClusterLabelChange for i = 92 newLabel= 1 currentLabel= 1 
R-CCU: sum(pointsPerCluster) = 1391 
 num [1:4] 1383 3 1 4
NULL
R-CCU: After ClusterLabelChange for i = 92 
R-CCU: sum(pointsPerCluster) = 1392 
 num [1:4] 1384 3 1 4
NULL
R-CCU: dpObj$numberClusters = 4 
List of 2
 $ : num [1, 1, 1:4] 0.326 0.552 0.698 0.642
 $ : num [1, 1, 1:4] 9.25 2.87 2.34 3.52
NULL
R priorParameters: 2 8 
R maxT: 1 
R_PriorDraw_first_mu: 0.8421557 
R_PriorDraw_first_nu: 20.15495 
R-CCU: Before ClusterLabelChange for i = 93 newLabel= 1 currentLabel= 1 
R-CCU: sum(pointsPerCluster) = 1392 
 num [1:4] 1384 3 1 4
NULL
R-CCU: After ClusterLabelChange for i = 93 
R-CCU: sum(pointsPerCluster) = 1393 
 num [1:4] 1385 3 1 4
NULL
R-CCU: dpObj$numberClusters = 4 
List of 2
 $ : num [1, 1, 1:4] 0.326 0.552 0.698 0.642
 $ : num [1, 1, 1:4] 9.25 2.87 2.34 3.52
NULL
R priorParameters: 2 8 
R maxT: 1 
R_PriorDraw_first_mu: 0.2031235 
R_PriorDraw_first_nu: 19.34081 
R-CCU: Before ClusterLabelChange for i = 94 newLabel= 1 currentLabel= 1 
R-CCU: sum(pointsPerCluster) = 1393 
 num [1:4] 1385 3 1 4
NULL
R-CCU: After ClusterLabelChange for i = 94 
R-CCU: sum(pointsPerCluster) = 1394 
 num [1:4] 1386 3 1 4
NULL
R-CCU: dpObj$numberClusters = 4 
List of 2
 $ : num [1, 1, 1:4] 0.326 0.552 0.698 0.642
 $ : num [1, 1, 1:4] 9.25 2.87 2.34 3.52
NULL
R priorParameters: 2 8 
R maxT: 1 
R_PriorDraw_first_mu: 0.1640334 
R_PriorDraw_first_nu: 3.256568 
R-CCU: Before ClusterLabelChange for i = 95 newLabel= 1 currentLabel= 1 
R-CCU: sum(pointsPerCluster) = 1394 
 num [1:4] 1386 3 1 4
NULL
R-CCU: After ClusterLabelChange for i = 95 
R-CCU: sum(pointsPerCluster) = 1395 
 num [1:4] 1387 3 1 4
NULL
R-CCU: dpObj$numberClusters = 4 
List of 2
 $ : num [1, 1, 1:4] 0.326 0.552 0.698 0.642
 $ : num [1, 1, 1:4] 9.25 2.87 2.34 3.52
NULL
R priorParameters: 2 8 
R maxT: 1 
R_PriorDraw_first_mu: 0.4421244 
R_PriorDraw_first_nu: 17.99838 
R-CCU: Before ClusterLabelChange for i = 96 newLabel= 1 currentLabel= 1 
R-CCU: sum(pointsPerCluster) = 1395 
 num [1:4] 1387 3 1 4
NULL
R-CCU: After ClusterLabelChange for i = 96 
R-CCU: sum(pointsPerCluster) = 1396 
 num [1:4] 1388 3 1 4
NULL
R-CCU: dpObj$numberClusters = 4 
List of 2
 $ : num [1, 1, 1:4] 0.326 0.552 0.698 0.642
 $ : num [1, 1, 1:4] 9.25 2.87 2.34 3.52
NULL
R priorParameters: 2 8 
R maxT: 1 
R_PriorDraw_first_mu: 0.2503859 
R_PriorDraw_first_nu: 1.380282 
R-CCU: Before ClusterLabelChange for i = 97 newLabel= 1 currentLabel= 1 
R-CCU: sum(pointsPerCluster) = 1396 
 num [1:4] 1388 3 1 4
NULL
R-CCU: After ClusterLabelChange for i = 97 
R-CCU: sum(pointsPerCluster) = 1397 
 num [1:4] 1389 3 1 4
NULL
R-CCU: dpObj$numberClusters = 4 
List of 2
 $ : num [1, 1, 1:4] 0.326 0.552 0.698 0.642
 $ : num [1, 1, 1:4] 9.25 2.87 2.34 3.52
NULL
R priorParameters: 2 8 
R maxT: 1 
R_PriorDraw_first_mu: 0.1843636 
R_PriorDraw_first_nu: 5.050271 
R-CCU: Before ClusterLabelChange for i = 98 newLabel= 1 currentLabel= 1 
R-CCU: sum(pointsPerCluster) = 1397 
 num [1:4] 1389 3 1 4
NULL
R-CCU: After ClusterLabelChange for i = 98 
R-CCU: sum(pointsPerCluster) = 1398 
 num [1:4] 1390 3 1 4
NULL
R-CCU: dpObj$numberClusters = 4 
List of 2
 $ : num [1, 1, 1:4] 0.326 0.552 0.698 0.642
 $ : num [1, 1, 1:4] 9.25 2.87 2.34 3.52
NULL
R priorParameters: 2 8 
R maxT: 1 
R_PriorDraw_first_mu: 0.5171893 
R_PriorDraw_first_nu: 4.090531 
R-CCU: Before ClusterLabelChange for i = 99 newLabel= 1 currentLabel= 1 
R-CCU: sum(pointsPerCluster) = 1398 
 num [1:4] 1390 3 1 4
NULL
R-CCU: After ClusterLabelChange for i = 99 
R-CCU: sum(pointsPerCluster) = 1399 
 num [1:4] 1391 3 1 4
NULL
R-CCU: dpObj$numberClusters = 4 
List of 2
 $ : num [1, 1, 1:4] 0.326 0.552 0.698 0.642
 $ : num [1, 1, 1:4] 9.25 2.87 2.34 3.52
NULL
R priorParameters: 2 8 
R maxT: 1 
R_PriorDraw_first_mu: 0.6689042 
R_PriorDraw_first_nu: 9.749758 
R-CCU: Before ClusterLabelChange for i = 100 newLabel= 1 currentLabel= 1 
R-CCU: sum(pointsPerCluster) = 1399 
 num [1:4] 1391 3 1 4
NULL
R-CCU: After ClusterLabelChange for i = 100 
R-CCU: sum(pointsPerCluster) = 1400 
 num [1:4] 1392 3 1 4
NULL
R-CCU: dpObj$numberClusters = 4 
List of 2
 $ : num [1, 1, 1:4] 0.326 0.552 0.698 0.642
 $ : num [1, 1, 1:4] 9.25 2.87 2.34 3.52
NULL
R priorParameters: 2 8 
R maxT: 1 
R_PriorDraw_first_mu: 0.2961553 
R_PriorDraw_first_nu: 3.956218 
R-CCU: Before ClusterLabelChange for i = 1 newLabel= 1 currentLabel= 1 
R-CCU: sum(pointsPerCluster) = 1400 
 num [1:4] 1392 3 1 4
NULL
R-CCU: After ClusterLabelChange for i = 1 
R-CCU: sum(pointsPerCluster) = 1401 
 num [1:4] 1393 3 1 4
NULL
R-CCU: dpObj$numberClusters = 4 
List of 2
 $ : num [1, 1, 1:4] 0.306 0.552 0.698 0.684
 $ : num [1, 1, 1:4] 10.98 2.87 2.34 1.53
NULL
R priorParameters: 2 8 
R maxT: 1 
R_PriorDraw_first_mu: 0.1053276 
R_PriorDraw_first_nu: 5.324389 
R-CCU: Before ClusterLabelChange for i = 2 newLabel= 1 currentLabel= 1 
R-CCU: sum(pointsPerCluster) = 1401 
 num [1:4] 1393 3 1 4
NULL
R-CCU: After ClusterLabelChange for i = 2 
R-CCU: sum(pointsPerCluster) = 1402 
 num [1:4] 1394 3 1 4
NULL
R-CCU: dpObj$numberClusters = 4 
List of 2
 $ : num [1, 1, 1:4] 0.306 0.552 0.698 0.684
 $ : num [1, 1, 1:4] 10.98 2.87 2.34 1.53
NULL
R priorParameters: 2 8 
R maxT: 1 
R_PriorDraw_first_mu: 0.3626044 
R_PriorDraw_first_nu: 11.80542 
R-CCU: Before ClusterLabelChange for i = 3 newLabel= 1 currentLabel= 1 
R-CCU: sum(pointsPerCluster) = 1402 
 num [1:4] 1394 3 1 4
NULL
R-CCU: After ClusterLabelChange for i = 3 
R-CCU: sum(pointsPerCluster) = 1403 
 num [1:4] 1395 3 1 4
NULL
R-CCU: dpObj$numberClusters = 4 
List of 2
 $ : num [1, 1, 1:4] 0.306 0.552 0.698 0.684
 $ : num [1, 1, 1:4] 10.98 2.87 2.34 1.53
NULL
R priorParameters: 2 8 
R maxT: 1 
R_PriorDraw_first_mu: 0.6992757 
R_PriorDraw_first_nu: 14.85668 
R-CCU: Before ClusterLabelChange for i = 4 newLabel= 1 currentLabel= 1 
R-CCU: sum(pointsPerCluster) = 1403 
 num [1:4] 1395 3 1 4
NULL
R-CCU: After ClusterLabelChange for i = 4 
R-CCU: sum(pointsPerCluster) = 1404 
 num [1:4] 1396 3 1 4
NULL
R-CCU: dpObj$numberClusters = 4 
List of 2
 $ : num [1, 1, 1:4] 0.306 0.552 0.698 0.684
 $ : num [1, 1, 1:4] 10.98 2.87 2.34 1.53
NULL
R priorParameters: 2 8 
R maxT: 1 
R_PriorDraw_first_mu: 0.4455111 
R_PriorDraw_first_nu: 4.217771 
R-CCU: Before ClusterLabelChange for i = 5 newLabel= 1 currentLabel= 1 
R-CCU: sum(pointsPerCluster) = 1404 
 num [1:4] 1396 3 1 4
NULL
R-CCU: After ClusterLabelChange for i = 5 
R-CCU: sum(pointsPerCluster) = 1405 
 num [1:4] 1397 3 1 4
NULL
R-CCU: dpObj$numberClusters = 4 
List of 2
 $ : num [1, 1, 1:4] 0.306 0.552 0.698 0.684
 $ : num [1, 1, 1:4] 10.98 2.87 2.34 1.53
NULL
R priorParameters: 2 8 
R maxT: 1 
R_PriorDraw_first_mu: 0.848787 
R_PriorDraw_first_nu: 6.586538 
R-CCU: Before ClusterLabelChange for i = 6 newLabel= 1 currentLabel= 1 
R-CCU: sum(pointsPerCluster) = 1405 
 num [1:4] 1397 3 1 4
NULL
R-CCU: After ClusterLabelChange for i = 6 
R-CCU: sum(pointsPerCluster) = 1406 
 num [1:4] 1398 3 1 4
NULL
R-CCU: dpObj$numberClusters = 4 
List of 2
 $ : num [1, 1, 1:4] 0.306 0.552 0.698 0.684
 $ : num [1, 1, 1:4] 10.98 2.87 2.34 1.53
NULL
R priorParameters: 2 8 
R maxT: 1 
R_PriorDraw_first_mu: 0.3443365 
R_PriorDraw_first_nu: 10.63735 
R-CCU: Before ClusterLabelChange for i = 7 newLabel= 1 currentLabel= 1 
R-CCU: sum(pointsPerCluster) = 1406 
 num [1:4] 1398 3 1 4
NULL
R-CCU: After ClusterLabelChange for i = 7 
R-CCU: sum(pointsPerCluster) = 1407 
 num [1:4] 1399 3 1 4
NULL
R-CCU: dpObj$numberClusters = 4 
List of 2
 $ : num [1, 1, 1:4] 0.306 0.552 0.698 0.684
 $ : num [1, 1, 1:4] 10.98 2.87 2.34 1.53
NULL
R priorParameters: 2 8 
R maxT: 1 
R_PriorDraw_first_mu: 0.05534561 
R_PriorDraw_first_nu: 1.374726 
R-CCU: Before ClusterLabelChange for i = 8 newLabel= 1 currentLabel= 1 
R-CCU: sum(pointsPerCluster) = 1407 
 num [1:4] 1399 3 1 4
NULL
R-CCU: After ClusterLabelChange for i = 8 
R-CCU: sum(pointsPerCluster) = 1408 
 num [1:4] 1400 3 1 4
NULL
R-CCU: dpObj$numberClusters = 4 
List of 2
 $ : num [1, 1, 1:4] 0.306 0.552 0.698 0.684
 $ : num [1, 1, 1:4] 10.98 2.87 2.34 1.53
NULL
R priorParameters: 2 8 
R maxT: 1 
R_PriorDraw_first_mu: 0.2762553 
R_PriorDraw_first_nu: 2.10248 
R-CCU: Before ClusterLabelChange for i = 9 newLabel= 1 currentLabel= 1 
R-CCU: sum(pointsPerCluster) = 1408 
 num [1:4] 1400 3 1 4
NULL
R-CCU: After ClusterLabelChange for i = 9 
R-CCU: sum(pointsPerCluster) = 1409 
 num [1:4] 1401 3 1 4
NULL
R-CCU: dpObj$numberClusters = 4 
List of 2
 $ : num [1, 1, 1:4] 0.306 0.552 0.698 0.684
 $ : num [1, 1, 1:4] 10.98 2.87 2.34 1.53
NULL
R priorParameters: 2 8 
R maxT: 1 
R_PriorDraw_first_mu: 0.1764452 
R_PriorDraw_first_nu: 12.90988 
R-CCU: Before ClusterLabelChange for i = 10 newLabel= 1 currentLabel= 1 
R-CCU: sum(pointsPerCluster) = 1409 
 num [1:4] 1401 3 1 4
NULL
R-CCU: After ClusterLabelChange for i = 10 
R-CCU: sum(pointsPerCluster) = 1410 
 num [1:4] 1402 3 1 4
NULL
R-CCU: dpObj$numberClusters = 4 
List of 2
 $ : num [1, 1, 1:4] 0.306 0.552 0.698 0.684
 $ : num [1, 1, 1:4] 10.98 2.87 2.34 1.53
NULL
R priorParameters: 2 8 
R maxT: 1 
R_PriorDraw_first_mu: 0.9334496 
R_PriorDraw_first_nu: 2.460642 
R-CCU: Before ClusterLabelChange for i = 11 newLabel= 1 currentLabel= 1 
R-CCU: sum(pointsPerCluster) = 1410 
 num [1:4] 1402 3 1 4
NULL
R-CCU: After ClusterLabelChange for i = 11 
R-CCU: sum(pointsPerCluster) = 1411 
 num [1:4] 1403 3 1 4
NULL
R-CCU: dpObj$numberClusters = 4 
List of 2
 $ : num [1, 1, 1:4] 0.306 0.552 0.698 0.684
 $ : num [1, 1, 1:4] 10.98 2.87 2.34 1.53
NULL
R priorParameters: 2 8 
R maxT: 1 
R_PriorDraw_first_mu: 0.9593227 
R_PriorDraw_first_nu: 20.2947 
R-CCU: Before ClusterLabelChange for i = 12 newLabel= 1 currentLabel= 1 
R-CCU: sum(pointsPerCluster) = 1411 
 num [1:4] 1403 3 1 4
NULL
R-CCU: After ClusterLabelChange for i = 12 
R-CCU: sum(pointsPerCluster) = 1412 
 num [1:4] 1404 3 1 4
NULL
R-CCU: dpObj$numberClusters = 4 
List of 2
 $ : num [1, 1, 1:4] 0.306 0.552 0.698 0.684
 $ : num [1, 1, 1:4] 10.98 2.87 2.34 1.53
NULL
R priorParameters: 2 8 
R maxT: 1 
R_PriorDraw_first_mu: 0.490143 
R_PriorDraw_first_nu: 3.511015 
R-CCU: Before ClusterLabelChange for i = 13 newLabel= 1 currentLabel= 1 
R-CCU: sum(pointsPerCluster) = 1412 
 num [1:4] 1404 3 1 4
NULL
R-CCU: After ClusterLabelChange for i = 13 
R-CCU: sum(pointsPerCluster) = 1413 
 num [1:4] 1405 3 1 4
NULL
R-CCU: dpObj$numberClusters = 4 
List of 2
 $ : num [1, 1, 1:4] 0.306 0.552 0.698 0.684
 $ : num [1, 1, 1:4] 10.98 2.87 2.34 1.53
NULL
R priorParameters: 2 8 
R maxT: 1 
R_PriorDraw_first_mu: 0.4844774 
R_PriorDraw_first_nu: 3.552804 
R-CCU: Before ClusterLabelChange for i = 14 newLabel= 1 currentLabel= 1 
R-CCU: sum(pointsPerCluster) = 1413 
 num [1:4] 1405 3 1 4
NULL
R-CCU: After ClusterLabelChange for i = 14 
R-CCU: sum(pointsPerCluster) = 1414 
 num [1:4] 1406 3 1 4
NULL
R-CCU: dpObj$numberClusters = 4 
List of 2
 $ : num [1, 1, 1:4] 0.306 0.552 0.698 0.684
 $ : num [1, 1, 1:4] 10.98 2.87 2.34 1.53
NULL
R priorParameters: 2 8 
R maxT: 1 
R_PriorDraw_first_mu: 0.5945353 
R_PriorDraw_first_nu: 8.13346 
R-CCU: Before ClusterLabelChange for i = 15 newLabel= 1 currentLabel= 4 
R-CCU: sum(pointsPerCluster) = 1414 
 num [1:4] 1406 3 1 4
NULL
R-CCU: After ClusterLabelChange for i = 15 
R-CCU: sum(pointsPerCluster) = 1415 
 num [1:4] 1407 3 1 4
NULL
R-CCU: dpObj$numberClusters = 4 
List of 2
 $ : num [1, 1, 1:4] 0.306 0.552 0.698 0.684
 $ : num [1, 1, 1:4] 10.98 2.87 2.34 1.53
NULL
R priorParameters: 2 8 
R maxT: 1 
R_PriorDraw_first_mu: 0.00563782 
R_PriorDraw_first_nu: 2.718381 
R-CCU: Before ClusterLabelChange for i = 16 newLabel= 1 currentLabel= 1 
R-CCU: sum(pointsPerCluster) = 1415 
 num [1:4] 1407 3 1 4
NULL
R-CCU: After ClusterLabelChange for i = 16 
R-CCU: sum(pointsPerCluster) = 1416 
 num [1:4] 1408 3 1 4
NULL
R-CCU: dpObj$numberClusters = 4 
List of 2
 $ : num [1, 1, 1:4] 0.306 0.552 0.698 0.684
 $ : num [1, 1, 1:4] 10.98 2.87 2.34 1.53
NULL
R priorParameters: 2 8 
R maxT: 1 
R_PriorDraw_first_mu: 0.01605924 
R_PriorDraw_first_nu: 10.83072 
R-CCU: Before ClusterLabelChange for i = 17 newLabel= 1 currentLabel= 1 
R-CCU: sum(pointsPerCluster) = 1416 
 num [1:4] 1408 3 1 4
NULL
R-CCU: After ClusterLabelChange for i = 17 
R-CCU: sum(pointsPerCluster) = 1417 
 num [1:4] 1409 3 1 4
NULL
R-CCU: dpObj$numberClusters = 4 
List of 2
 $ : num [1, 1, 1:4] 0.306 0.552 0.698 0.684
 $ : num [1, 1, 1:4] 10.98 2.87 2.34 1.53
NULL
R priorParameters: 2 8 
R maxT: 1 
R_PriorDraw_first_mu: 0.7372309 
R_PriorDraw_first_nu: 3.745491 
R-CCU: Before ClusterLabelChange for i = 18 newLabel= 1 currentLabel= 1 
R-CCU: sum(pointsPerCluster) = 1417 
 num [1:4] 1409 3 1 4
NULL
R-CCU: After ClusterLabelChange for i = 18 
R-CCU: sum(pointsPerCluster) = 1418 
 num [1:4] 1410 3 1 4
NULL
R-CCU: dpObj$numberClusters = 4 
List of 2
 $ : num [1, 1, 1:4] 0.306 0.552 0.698 0.684
 $ : num [1, 1, 1:4] 10.98 2.87 2.34 1.53
NULL
R priorParameters: 2 8 
R maxT: 1 
R_PriorDraw_first_mu: 0.01255079 
R_PriorDraw_first_nu: 5.72031 
R-CCU: Before ClusterLabelChange for i = 19 newLabel= 1 currentLabel= 1 
R-CCU: sum(pointsPerCluster) = 1418 
 num [1:4] 1410 3 1 4
NULL
R-CCU: After ClusterLabelChange for i = 19 
R-CCU: sum(pointsPerCluster) = 1419 
 num [1:4] 1411 3 1 4
NULL
R-CCU: dpObj$numberClusters = 4 
List of 2
 $ : num [1, 1, 1:4] 0.306 0.552 0.698 0.684
 $ : num [1, 1, 1:4] 10.98 2.87 2.34 1.53
NULL
R priorParameters: 2 8 
R maxT: 1 
R_PriorDraw_first_mu: 0.3321625 
R_PriorDraw_first_nu: 2.94295 
R-CCU: Before ClusterLabelChange for i = 20 newLabel= 1 currentLabel= 1 
R-CCU: sum(pointsPerCluster) = 1419 
 num [1:4] 1411 3 1 4
NULL
R-CCU: After ClusterLabelChange for i = 20 
R-CCU: sum(pointsPerCluster) = 1420 
 num [1:4] 1412 3 1 4
NULL
R-CCU: dpObj$numberClusters = 4 
List of 2
 $ : num [1, 1, 1:4] 0.306 0.552 0.698 0.684
 $ : num [1, 1, 1:4] 10.98 2.87 2.34 1.53
NULL
R priorParameters: 2 8 
R maxT: 1 
R_PriorDraw_first_mu: 0.1940016 
R_PriorDraw_first_nu: 6.276597 
R-CCU: Before ClusterLabelChange for i = 21 newLabel= 1 currentLabel= 1 
R-CCU: sum(pointsPerCluster) = 1420 
 num [1:4] 1412 3 1 4
NULL
R-CCU: After ClusterLabelChange for i = 21 
R-CCU: sum(pointsPerCluster) = 1421 
 num [1:4] 1413 3 1 4
NULL
R-CCU: dpObj$numberClusters = 4 
List of 2
 $ : num [1, 1, 1:4] 0.306 0.552 0.698 0.684
 $ : num [1, 1, 1:4] 10.98 2.87 2.34 1.53
NULL
R priorParameters: 2 8 
R maxT: 1 
R_PriorDraw_first_mu: 0.726293 
R_PriorDraw_first_nu: 4.363747 
R-CCU: Before ClusterLabelChange for i = 22 newLabel= 1 currentLabel= 1 
R-CCU: sum(pointsPerCluster) = 1421 
 num [1:4] 1413 3 1 4
NULL
R-CCU: After ClusterLabelChange for i = 22 
R-CCU: sum(pointsPerCluster) = 1422 
 num [1:4] 1414 3 1 4
NULL
R-CCU: dpObj$numberClusters = 4 
List of 2
 $ : num [1, 1, 1:4] 0.306 0.552 0.698 0.684
 $ : num [1, 1, 1:4] 10.98 2.87 2.34 1.53
NULL
R priorParameters: 2 8 
R maxT: 1 
R_PriorDraw_first_mu: 0.6672414 
R_PriorDraw_first_nu: 3.764625 
R-CCU: Before ClusterLabelChange for i = 23 newLabel= 1 currentLabel= 1 
R-CCU: sum(pointsPerCluster) = 1422 
 num [1:4] 1414 3 1 4
NULL
R-CCU: After ClusterLabelChange for i = 23 
R-CCU: sum(pointsPerCluster) = 1423 
 num [1:4] 1415 3 1 4
NULL
R-CCU: dpObj$numberClusters = 4 
List of 2
 $ : num [1, 1, 1:4] 0.306 0.552 0.698 0.684
 $ : num [1, 1, 1:4] 10.98 2.87 2.34 1.53
NULL
R priorParameters: 2 8 
R maxT: 1 
R_PriorDraw_first_mu: 0.5564464 
R_PriorDraw_first_nu: 7.943618 
R-CCU: Before ClusterLabelChange for i = 24 newLabel= 1 currentLabel= 1 
R-CCU: sum(pointsPerCluster) = 1423 
 num [1:4] 1415 3 1 4
NULL
R-CCU: After ClusterLabelChange for i = 24 
R-CCU: sum(pointsPerCluster) = 1424 
 num [1:4] 1416 3 1 4
NULL
R-CCU: dpObj$numberClusters = 4 
List of 2
 $ : num [1, 1, 1:4] 0.306 0.552 0.698 0.684
 $ : num [1, 1, 1:4] 10.98 2.87 2.34 1.53
NULL
R priorParameters: 2 8 
R maxT: 1 
R_PriorDraw_first_mu: 0.9732893 
R_PriorDraw_first_nu: 2.750166 
R-CCU: Before ClusterLabelChange for i = 25 newLabel= 1 currentLabel= 1 
R-CCU: sum(pointsPerCluster) = 1424 
 num [1:4] 1416 3 1 4
NULL
R-CCU: After ClusterLabelChange for i = 25 
R-CCU: sum(pointsPerCluster) = 1425 
 num [1:4] 1417 3 1 4
NULL
R-CCU: dpObj$numberClusters = 4 
List of 2
 $ : num [1, 1, 1:4] 0.306 0.552 0.698 0.684
 $ : num [1, 1, 1:4] 10.98 2.87 2.34 1.53
NULL
R priorParameters: 2 8 
R maxT: 1 
R_PriorDraw_first_mu: 0.3819882 
R_PriorDraw_first_nu: 6.010321 
R-CCU: Before ClusterLabelChange for i = 26 newLabel= 1 currentLabel= 1 
R-CCU: sum(pointsPerCluster) = 1425 
 num [1:4] 1417 3 1 4
NULL
R-CCU: After ClusterLabelChange for i = 26 
R-CCU: sum(pointsPerCluster) = 1426 
 num [1:4] 1418 3 1 4
NULL
R-CCU: dpObj$numberClusters = 4 
List of 2
 $ : num [1, 1, 1:4] 0.306 0.552 0.698 0.684
 $ : num [1, 1, 1:4] 10.98 2.87 2.34 1.53
NULL
R priorParameters: 2 8 
R maxT: 1 
R_PriorDraw_first_mu: 0.8620324 
R_PriorDraw_first_nu: 5.406265 
R-CCU: Before ClusterLabelChange for i = 27 newLabel= 1 currentLabel= 1 
R-CCU: sum(pointsPerCluster) = 1426 
 num [1:4] 1418 3 1 4
NULL
R-CCU: After ClusterLabelChange for i = 27 
R-CCU: sum(pointsPerCluster) = 1427 
 num [1:4] 1419 3 1 4
NULL
R-CCU: dpObj$numberClusters = 4 
List of 2
 $ : num [1, 1, 1:4] 0.306 0.552 0.698 0.684
 $ : num [1, 1, 1:4] 10.98 2.87 2.34 1.53
NULL
R priorParameters: 2 8 
R maxT: 1 
R_PriorDraw_first_mu: 0.4344175 
R_PriorDraw_first_nu: 2.448226 
R-CCU: Before ClusterLabelChange for i = 28 newLabel= 1 currentLabel= 1 
R-CCU: sum(pointsPerCluster) = 1427 
 num [1:4] 1419 3 1 4
NULL
R-CCU: After ClusterLabelChange for i = 28 
R-CCU: sum(pointsPerCluster) = 1428 
 num [1:4] 1420 3 1 4
NULL
R-CCU: dpObj$numberClusters = 4 
List of 2
 $ : num [1, 1, 1:4] 0.306 0.552 0.698 0.684
 $ : num [1, 1, 1:4] 10.98 2.87 2.34 1.53
NULL
R priorParameters: 2 8 
R maxT: 1 
R_PriorDraw_first_mu: 0.2925263 
R_PriorDraw_first_nu: 1.058714 
R-CCU: Before ClusterLabelChange for i = 29 newLabel= 1 currentLabel= 1 
R-CCU: sum(pointsPerCluster) = 1428 
 num [1:4] 1420 3 1 4
NULL
R-CCU: After ClusterLabelChange for i = 29 
R-CCU: sum(pointsPerCluster) = 1429 
 num [1:4] 1421 3 1 4
NULL
R-CCU: dpObj$numberClusters = 4 
List of 2
 $ : num [1, 1, 1:4] 0.306 0.552 0.698 0.684
 $ : num [1, 1, 1:4] 10.98 2.87 2.34 1.53
NULL
R priorParameters: 2 8 
R maxT: 1 
R_PriorDraw_first_mu: 0.7335174 
R_PriorDraw_first_nu: 24.64016 
R-CCU: Before ClusterLabelChange for i = 30 newLabel= 1 currentLabel= 1 
R-CCU: sum(pointsPerCluster) = 1429 
 num [1:4] 1421 3 1 4
NULL
R-CCU: After ClusterLabelChange for i = 30 
R-CCU: sum(pointsPerCluster) = 1430 
 num [1:4] 1422 3 1 4
NULL
R-CCU: dpObj$numberClusters = 4 
List of 2
 $ : num [1, 1, 1:4] 0.306 0.552 0.698 0.684
 $ : num [1, 1, 1:4] 10.98 2.87 2.34 1.53
NULL
R priorParameters: 2 8 
R maxT: 1 
R_PriorDraw_first_mu: 0.1511184 
R_PriorDraw_first_nu: 2.588954 
R-CCU: Before ClusterLabelChange for i = 31 newLabel= 1 currentLabel= 1 
R-CCU: sum(pointsPerCluster) = 1430 
 num [1:4] 1422 3 1 4
NULL
R-CCU: After ClusterLabelChange for i = 31 
R-CCU: sum(pointsPerCluster) = 1431 
 num [1:4] 1423 3 1 4
NULL
R-CCU: dpObj$numberClusters = 4 
List of 2
 $ : num [1, 1, 1:4] 0.306 0.552 0.698 0.684
 $ : num [1, 1, 1:4] 10.98 2.87 2.34 1.53
NULL
R priorParameters: 2 8 
R maxT: 1 
R_PriorDraw_first_mu: 0.5900376 
R_PriorDraw_first_nu: 7.791517 
R-CCU: Before ClusterLabelChange for i = 32 newLabel= 1 currentLabel= 1 
R-CCU: sum(pointsPerCluster) = 1431 
 num [1:4] 1423 3 1 4
NULL
R-CCU: After ClusterLabelChange for i = 32 
R-CCU: sum(pointsPerCluster) = 1432 
 num [1:4] 1424 3 1 4
NULL
R-CCU: dpObj$numberClusters = 4 
List of 2
 $ : num [1, 1, 1:4] 0.306 0.552 0.698 0.684
 $ : num [1, 1, 1:4] 10.98 2.87 2.34 1.53
NULL
R priorParameters: 2 8 
R maxT: 1 
R_PriorDraw_first_mu: 0.6131002 
R_PriorDraw_first_nu: 4.781131 
R-CCU: Before ClusterLabelChange for i = 33 newLabel= 1 currentLabel= 1 
R-CCU: sum(pointsPerCluster) = 1432 
 num [1:4] 1424 3 1 4
NULL
R-CCU: After ClusterLabelChange for i = 33 
R-CCU: sum(pointsPerCluster) = 1433 
 num [1:4] 1425 3 1 4
NULL
R-CCU: dpObj$numberClusters = 4 
List of 2
 $ : num [1, 1, 1:4] 0.306 0.552 0.698 0.684
 $ : num [1, 1, 1:4] 10.98 2.87 2.34 1.53
NULL
R priorParameters: 2 8 
R maxT: 1 
R_PriorDraw_first_mu: 0.4577812 
R_PriorDraw_first_nu: 5.058216 
R-CCU: Before ClusterLabelChange for i = 34 newLabel= 1 currentLabel= 1 
R-CCU: sum(pointsPerCluster) = 1433 
 num [1:4] 1425 3 1 4
NULL
R-CCU: After ClusterLabelChange for i = 34 
R-CCU: sum(pointsPerCluster) = 1434 
 num [1:4] 1426 3 1 4
NULL
R-CCU: dpObj$numberClusters = 4 
List of 2
 $ : num [1, 1, 1:4] 0.306 0.552 0.698 0.684
 $ : num [1, 1, 1:4] 10.98 2.87 2.34 1.53
NULL
R priorParameters: 2 8 
R maxT: 1 
R_PriorDraw_first_mu: 0.09029046 
R_PriorDraw_first_nu: 9.416227 
R-CCU: Before ClusterLabelChange for i = 35 newLabel= 1 currentLabel= 1 
R-CCU: sum(pointsPerCluster) = 1434 
 num [1:4] 1426 3 1 4
NULL
R-CCU: After ClusterLabelChange for i = 35 
R-CCU: sum(pointsPerCluster) = 1435 
 num [1:4] 1427 3 1 4
NULL
R-CCU: dpObj$numberClusters = 4 
List of 2
 $ : num [1, 1, 1:4] 0.306 0.552 0.698 0.684
 $ : num [1, 1, 1:4] 10.98 2.87 2.34 1.53
NULL
R priorParameters: 2 8 
R maxT: 1 
R_PriorDraw_first_mu: 0.9975087 
R_PriorDraw_first_nu: 3.785088 
R-CCU: Before ClusterLabelChange for i = 36 newLabel= 1 currentLabel= 1 
R-CCU: sum(pointsPerCluster) = 1435 
 num [1:4] 1427 3 1 4
NULL
R-CCU: After ClusterLabelChange for i = 36 
R-CCU: sum(pointsPerCluster) = 1436 
 num [1:4] 1428 3 1 4
NULL
R-CCU: dpObj$numberClusters = 4 
List of 2
 $ : num [1, 1, 1:4] 0.306 0.552 0.698 0.684
 $ : num [1, 1, 1:4] 10.98 2.87 2.34 1.53
NULL
R priorParameters: 2 8 
R maxT: 1 
R_PriorDraw_first_mu: 0.7825038 
R_PriorDraw_first_nu: 3.705618 
R-CCU: Before ClusterLabelChange for i = 37 newLabel= 1 currentLabel= 1 
R-CCU: sum(pointsPerCluster) = 1436 
 num [1:4] 1428 3 1 4
NULL
R-CCU: After ClusterLabelChange for i = 37 
R-CCU: sum(pointsPerCluster) = 1437 
 num [1:4] 1429 3 1 4
NULL
R-CCU: dpObj$numberClusters = 4 
List of 2
 $ : num [1, 1, 1:4] 0.306 0.552 0.698 0.684
 $ : num [1, 1, 1:4] 10.98 2.87 2.34 1.53
NULL
R priorParameters: 2 8 
R maxT: 1 
R_PriorDraw_first_mu: 0.3375348 
R_PriorDraw_first_nu: 27.86531 
R-CCU: Before ClusterLabelChange for i = 38 newLabel= 1 currentLabel= 1 
R-CCU: sum(pointsPerCluster) = 1437 
 num [1:4] 1429 3 1 4
NULL
R-CCU: After ClusterLabelChange for i = 38 
R-CCU: sum(pointsPerCluster) = 1438 
 num [1:4] 1430 3 1 4
NULL
R-CCU: dpObj$numberClusters = 4 
List of 2
 $ : num [1, 1, 1:4] 0.306 0.552 0.698 0.684
 $ : num [1, 1, 1:4] 10.98 2.87 2.34 1.53
NULL
R priorParameters: 2 8 
R maxT: 1 
R_PriorDraw_first_mu: 0.1495936 
R_PriorDraw_first_nu: 5.621751 
R-CCU: Before ClusterLabelChange for i = 39 newLabel= 1 currentLabel= 1 
R-CCU: sum(pointsPerCluster) = 1438 
 num [1:4] 1430 3 1 4
NULL
R-CCU: After ClusterLabelChange for i = 39 
R-CCU: sum(pointsPerCluster) = 1439 
 num [1:4] 1431 3 1 4
NULL
R-CCU: dpObj$numberClusters = 4 
List of 2
 $ : num [1, 1, 1:4] 0.306 0.552 0.698 0.684
 $ : num [1, 1, 1:4] 10.98 2.87 2.34 1.53
NULL
R priorParameters: 2 8 
R maxT: 1 
R_PriorDraw_first_mu: 0.4360782 
R_PriorDraw_first_nu: 5.479483 
R-CCU: Before ClusterLabelChange for i = 40 newLabel= 1 currentLabel= 1 
R-CCU: sum(pointsPerCluster) = 1439 
 num [1:4] 1431 3 1 4
NULL
R-CCU: After ClusterLabelChange for i = 40 
R-CCU: sum(pointsPerCluster) = 1440 
 num [1:4] 1432 3 1 4
NULL
R-CCU: dpObj$numberClusters = 4 
List of 2
 $ : num [1, 1, 1:4] 0.306 0.552 0.698 0.684
 $ : num [1, 1, 1:4] 10.98 2.87 2.34 1.53
NULL
R priorParameters: 2 8 
R maxT: 1 
R_PriorDraw_first_mu: 0.6399851 
R_PriorDraw_first_nu: 5.002168 
R-CCU: Before ClusterLabelChange for i = 41 newLabel= 1 currentLabel= 1 
R-CCU: sum(pointsPerCluster) = 1440 
 num [1:4] 1432 3 1 4
NULL
R-CCU: After ClusterLabelChange for i = 41 
R-CCU: sum(pointsPerCluster) = 1441 
 num [1:4] 1433 3 1 4
NULL
R-CCU: dpObj$numberClusters = 4 
List of 2
 $ : num [1, 1, 1:4] 0.306 0.552 0.698 0.684
 $ : num [1, 1, 1:4] 10.98 2.87 2.34 1.53
NULL
R priorParameters: 2 8 
R maxT: 1 
R_PriorDraw_first_mu: 0.5990424 
R_PriorDraw_first_nu: 2.206464 
R-CCU: Before ClusterLabelChange for i = 42 newLabel= 1 currentLabel= 1 
R-CCU: sum(pointsPerCluster) = 1441 
 num [1:4] 1433 3 1 4
NULL
R-CCU: After ClusterLabelChange for i = 42 
R-CCU: sum(pointsPerCluster) = 1442 
 num [1:4] 1434 3 1 4
NULL
R-CCU: dpObj$numberClusters = 4 
List of 2
 $ : num [1, 1, 1:4] 0.306 0.552 0.698 0.684
 $ : num [1, 1, 1:4] 10.98 2.87 2.34 1.53
NULL
R priorParameters: 2 8 
R maxT: 1 
R_PriorDraw_first_mu: 0.3869998 
R_PriorDraw_first_nu: 4.24657 
R-CCU: Before ClusterLabelChange for i = 43 newLabel= 1 currentLabel= 1 
R-CCU: sum(pointsPerCluster) = 1442 
 num [1:4] 1434 3 1 4
NULL
R-CCU: After ClusterLabelChange for i = 43 
R-CCU: sum(pointsPerCluster) = 1443 
 num [1:4] 1435 3 1 4
NULL
R-CCU: dpObj$numberClusters = 4 
List of 2
 $ : num [1, 1, 1:4] 0.306 0.552 0.698 0.684
 $ : num [1, 1, 1:4] 10.98 2.87 2.34 1.53
NULL
R priorParameters: 2 8 
R maxT: 1 
R_PriorDraw_first_mu: 0.7779139 
R_PriorDraw_first_nu: 2.843972 
R-CCU: Before ClusterLabelChange for i = 44 newLabel= 1 currentLabel= 1 
R-CCU: sum(pointsPerCluster) = 1443 
 num [1:4] 1435 3 1 4
NULL
R-CCU: After ClusterLabelChange for i = 44 
R-CCU: sum(pointsPerCluster) = 1444 
 num [1:4] 1436 3 1 4
NULL
R-CCU: dpObj$numberClusters = 4 
List of 2
 $ : num [1, 1, 1:4] 0.306 0.552 0.698 0.684
 $ : num [1, 1, 1:4] 10.98 2.87 2.34 1.53
NULL
R priorParameters: 2 8 
R maxT: 1 
R_PriorDraw_first_mu: 0.8603884 
R_PriorDraw_first_nu: 1.904655 
R-CCU: Before ClusterLabelChange for i = 45 newLabel= 1 currentLabel= 1 
R-CCU: sum(pointsPerCluster) = 1444 
 num [1:4] 1436 3 1 4
NULL
R-CCU: After ClusterLabelChange for i = 45 
R-CCU: sum(pointsPerCluster) = 1445 
 num [1:4] 1437 3 1 4
NULL
R-CCU: dpObj$numberClusters = 4 
List of 2
 $ : num [1, 1, 1:4] 0.306 0.552 0.698 0.684
 $ : num [1, 1, 1:4] 10.98 2.87 2.34 1.53
NULL
R priorParameters: 2 8 
R maxT: 1 
R_PriorDraw_first_mu: 0.4290644 
R_PriorDraw_first_nu: 3.863577 
R-CCU: Before ClusterLabelChange for i = 46 newLabel= 1 currentLabel= 1 
R-CCU: sum(pointsPerCluster) = 1445 
 num [1:4] 1437 3 1 4
NULL
R-CCU: After ClusterLabelChange for i = 46 
R-CCU: sum(pointsPerCluster) = 1446 
 num [1:4] 1438 3 1 4
NULL
R-CCU: dpObj$numberClusters = 4 
List of 2
 $ : num [1, 1, 1:4] 0.306 0.552 0.698 0.684
 $ : num [1, 1, 1:4] 10.98 2.87 2.34 1.53
NULL
R priorParameters: 2 8 
R maxT: 1 
R_PriorDraw_first_mu: 0.08641157 
R_PriorDraw_first_nu: 8.102569 
R-CCU: Before ClusterLabelChange for i = 47 newLabel= 1 currentLabel= 1 
R-CCU: sum(pointsPerCluster) = 1446 
 num [1:4] 1438 3 1 4
NULL
R-CCU: After ClusterLabelChange for i = 47 
R-CCU: sum(pointsPerCluster) = 1447 
 num [1:4] 1439 3 1 4
NULL
R-CCU: dpObj$numberClusters = 4 
List of 2
 $ : num [1, 1, 1:4] 0.306 0.552 0.698 0.684
 $ : num [1, 1, 1:4] 10.98 2.87 2.34 1.53
NULL
R priorParameters: 2 8 
R maxT: 1 
R_PriorDraw_first_mu: 0.288086 
R_PriorDraw_first_nu: 2.653727 
R-CCU: Before ClusterLabelChange for i = 48 newLabel= 1 currentLabel= 1 
R-CCU: sum(pointsPerCluster) = 1447 
 num [1:4] 1439 3 1 4
NULL
R-CCU: After ClusterLabelChange for i = 48 
R-CCU: sum(pointsPerCluster) = 1448 
 num [1:4] 1440 3 1 4
NULL
R-CCU: dpObj$numberClusters = 4 
List of 2
 $ : num [1, 1, 1:4] 0.306 0.552 0.698 0.684
 $ : num [1, 1, 1:4] 10.98 2.87 2.34 1.53
NULL
R priorParameters: 2 8 
R maxT: 1 
R_PriorDraw_first_mu: 0.7197649 
R_PriorDraw_first_nu: 6.559199 
R-CCU: Before ClusterLabelChange for i = 49 newLabel= 1 currentLabel= 1 
R-CCU: sum(pointsPerCluster) = 1448 
 num [1:4] 1440 3 1 4
NULL
R-CCU: After ClusterLabelChange for i = 49 
R-CCU: sum(pointsPerCluster) = 1449 
 num [1:4] 1441 3 1 4
NULL
R-CCU: dpObj$numberClusters = 4 
List of 2
 $ : num [1, 1, 1:4] 0.306 0.552 0.698 0.684
 $ : num [1, 1, 1:4] 10.98 2.87 2.34 1.53
NULL
R priorParameters: 2 8 
R maxT: 1 
R_PriorDraw_first_mu: 0.9278115 
R_PriorDraw_first_nu: 4.751313 
R-CCU: Before ClusterLabelChange for i = 50 newLabel= 1 currentLabel= 1 
R-CCU: sum(pointsPerCluster) = 1449 
 num [1:4] 1441 3 1 4
NULL
R-CCU: After ClusterLabelChange for i = 50 
R-CCU: sum(pointsPerCluster) = 1450 
 num [1:4] 1442 3 1 4
NULL
R-CCU: dpObj$numberClusters = 4 
List of 2
 $ : num [1, 1, 1:4] 0.306 0.552 0.698 0.684
 $ : num [1, 1, 1:4] 10.98 2.87 2.34 1.53
NULL
R priorParameters: 2 8 
R maxT: 1 
R_PriorDraw_first_mu: 0.9506634 
R_PriorDraw_first_nu: 3.44726 
R-CCU: Before ClusterLabelChange for i = 51 newLabel= 1 currentLabel= 1 
R-CCU: sum(pointsPerCluster) = 1450 
 num [1:4] 1442 3 1 4
NULL
R-CCU: After ClusterLabelChange for i = 51 
R-CCU: sum(pointsPerCluster) = 1451 
 num [1:4] 1443 3 1 4
NULL
R-CCU: dpObj$numberClusters = 4 
List of 2
 $ : num [1, 1, 1:4] 0.306 0.552 0.698 0.684
 $ : num [1, 1, 1:4] 10.98 2.87 2.34 1.53
NULL
R priorParameters: 2 8 
R maxT: 1 
R_PriorDraw_first_mu: 0.1882313 
R_PriorDraw_first_nu: 2.441749 
R-CCU: Before ClusterLabelChange for i = 52 newLabel= 1 currentLabel= 1 
R-CCU: sum(pointsPerCluster) = 1451 
 num [1:4] 1443 3 1 4
NULL
R-CCU: After ClusterLabelChange for i = 52 
R-CCU: sum(pointsPerCluster) = 1452 
 num [1:4] 1444 3 1 4
NULL
R-CCU: dpObj$numberClusters = 4 
List of 2
 $ : num [1, 1, 1:4] 0.306 0.552 0.698 0.684
 $ : num [1, 1, 1:4] 10.98 2.87 2.34 1.53
NULL
R priorParameters: 2 8 
R maxT: 1 
R_PriorDraw_first_mu: 0.3255182 
R_PriorDraw_first_nu: 3.275795 
R-CCU: Before ClusterLabelChange for i = 53 newLabel= 1 currentLabel= 1 
R-CCU: sum(pointsPerCluster) = 1452 
 num [1:4] 1444 3 1 4
NULL
R-CCU: After ClusterLabelChange for i = 53 
R-CCU: sum(pointsPerCluster) = 1453 
 num [1:4] 1445 3 1 4
NULL
R-CCU: dpObj$numberClusters = 4 
List of 2
 $ : num [1, 1, 1:4] 0.306 0.552 0.698 0.684
 $ : num [1, 1, 1:4] 10.98 2.87 2.34 1.53
NULL
R priorParameters: 2 8 
R maxT: 1 
R_PriorDraw_first_mu: 0.7946025 
R_PriorDraw_first_nu: 5.348924 
R-CCU: Before ClusterLabelChange for i = 54 newLabel= 1 currentLabel= 1 
R-CCU: sum(pointsPerCluster) = 1453 
 num [1:4] 1445 3 1 4
NULL
R-CCU: After ClusterLabelChange for i = 54 
R-CCU: sum(pointsPerCluster) = 1454 
 num [1:4] 1446 3 1 4
NULL
R-CCU: dpObj$numberClusters = 4 
List of 2
 $ : num [1, 1, 1:4] 0.306 0.552 0.698 0.684
 $ : num [1, 1, 1:4] 10.98 2.87 2.34 1.53
NULL
R priorParameters: 2 8 
R maxT: 1 
R_PriorDraw_first_mu: 0.6934856 
R_PriorDraw_first_nu: 1.916399 
R-CCU: Before ClusterLabelChange for i = 55 newLabel= 1 currentLabel= 1 
R-CCU: sum(pointsPerCluster) = 1454 
 num [1:4] 1446 3 1 4
NULL
R-CCU: After ClusterLabelChange for i = 55 
R-CCU: sum(pointsPerCluster) = 1455 
 num [1:4] 1447 3 1 4
NULL
R-CCU: dpObj$numberClusters = 4 
List of 2
 $ : num [1, 1, 1:4] 0.306 0.552 0.698 0.684
 $ : num [1, 1, 1:4] 10.98 2.87 2.34 1.53
NULL
R priorParameters: 2 8 
R maxT: 1 
R_PriorDraw_first_mu: 0.334627 
R_PriorDraw_first_nu: 5.144903 
R-CCU: Before ClusterLabelChange for i = 56 newLabel= 1 currentLabel= 1 
R-CCU: sum(pointsPerCluster) = 1455 
 num [1:4] 1447 3 1 4
NULL
R-CCU: After ClusterLabelChange for i = 56 
R-CCU: sum(pointsPerCluster) = 1456 
 num [1:4] 1448 3 1 4
NULL
R-CCU: dpObj$numberClusters = 4 
List of 2
 $ : num [1, 1, 1:4] 0.306 0.552 0.698 0.684
 $ : num [1, 1, 1:4] 10.98 2.87 2.34 1.53
NULL
R priorParameters: 2 8 
R maxT: 1 
R_PriorDraw_first_mu: 0.3580507 
R_PriorDraw_first_nu: 4.648423 
R-CCU: Before ClusterLabelChange for i = 57 newLabel= 1 currentLabel= 1 
R-CCU: sum(pointsPerCluster) = 1456 
 num [1:4] 1448 3 1 4
NULL
R-CCU: After ClusterLabelChange for i = 57 
R-CCU: sum(pointsPerCluster) = 1457 
 num [1:4] 1449 3 1 4
NULL
R-CCU: dpObj$numberClusters = 4 
List of 2
 $ : num [1, 1, 1:4] 0.306 0.552 0.698 0.684
 $ : num [1, 1, 1:4] 10.98 2.87 2.34 1.53
NULL
R priorParameters: 2 8 
R maxT: 1 
R_PriorDraw_first_mu: 0.1444138 
R_PriorDraw_first_nu: 10.83026 
R-CCU: Before ClusterLabelChange for i = 58 newLabel= 1 currentLabel= 1 
R-CCU: sum(pointsPerCluster) = 1457 
 num [1:4] 1449 3 1 4
NULL
R-CCU: After ClusterLabelChange for i = 58 
R-CCU: sum(pointsPerCluster) = 1458 
 num [1:4] 1450 3 1 4
NULL
R-CCU: dpObj$numberClusters = 4 
List of 2
 $ : num [1, 1, 1:4] 0.306 0.552 0.698 0.684
 $ : num [1, 1, 1:4] 10.98 2.87 2.34 1.53
NULL
R priorParameters: 2 8 
R maxT: 1 
R_PriorDraw_first_mu: 0.8712818 
R_PriorDraw_first_nu: 10.23334 
R-CCU: Before ClusterLabelChange for i = 59 newLabel= 1 currentLabel= 1 
R-CCU: sum(pointsPerCluster) = 1458 
 num [1:4] 1450 3 1 4
NULL
R-CCU: After ClusterLabelChange for i = 59 
R-CCU: sum(pointsPerCluster) = 1459 
 num [1:4] 1451 3 1 4
NULL
R-CCU: dpObj$numberClusters = 4 
List of 2
 $ : num [1, 1, 1:4] 0.306 0.552 0.698 0.684
 $ : num [1, 1, 1:4] 10.98 2.87 2.34 1.53
NULL
R priorParameters: 2 8 
R maxT: 1 
R_PriorDraw_first_mu: 0.1520586 
R_PriorDraw_first_nu: 4.774422 
R-CCU: Before ClusterLabelChange for i = 60 newLabel= 1 currentLabel= 1 
R-CCU: sum(pointsPerCluster) = 1459 
 num [1:4] 1451 3 1 4
NULL
R-CCU: After ClusterLabelChange for i = 60 
R-CCU: sum(pointsPerCluster) = 1460 
 num [1:4] 1452 3 1 4
NULL
R-CCU: dpObj$numberClusters = 4 
List of 2
 $ : num [1, 1, 1:4] 0.306 0.552 0.698 0.684
 $ : num [1, 1, 1:4] 10.98 2.87 2.34 1.53
NULL
R priorParameters: 2 8 
R maxT: 1 
R_PriorDraw_first_mu: 0.5654793 
R_PriorDraw_first_nu: 2.148795 
R-CCU: Before ClusterLabelChange for i = 61 newLabel= 1 currentLabel= 1 
R-CCU: sum(pointsPerCluster) = 1460 
 num [1:4] 1452 3 1 4
NULL
R-CCU: After ClusterLabelChange for i = 61 
R-CCU: sum(pointsPerCluster) = 1461 
 num [1:4] 1453 3 1 4
NULL
R-CCU: dpObj$numberClusters = 4 
List of 2
 $ : num [1, 1, 1:4] 0.306 0.552 0.698 0.684
 $ : num [1, 1, 1:4] 10.98 2.87 2.34 1.53
NULL
R priorParameters: 2 8 
R maxT: 1 
R_PriorDraw_first_mu: 0.227845 
R_PriorDraw_first_nu: 3.02871 
R-CCU: Before ClusterLabelChange for i = 62 newLabel= 1 currentLabel= 1 
R-CCU: sum(pointsPerCluster) = 1461 
 num [1:4] 1453 3 1 4
NULL
R-CCU: After ClusterLabelChange for i = 62 
R-CCU: sum(pointsPerCluster) = 1462 
 num [1:4] 1454 3 1 4
NULL
R-CCU: dpObj$numberClusters = 4 
List of 2
 $ : num [1, 1, 1:4] 0.306 0.552 0.698 0.684
 $ : num [1, 1, 1:4] 10.98 2.87 2.34 1.53
NULL
R priorParameters: 2 8 
R maxT: 1 
R_PriorDraw_first_mu: 0.4247634 
R_PriorDraw_first_nu: 4.160531 
R-CCU: Before ClusterLabelChange for i = 63 newLabel= 1 currentLabel= 1 
R-CCU: sum(pointsPerCluster) = 1462 
 num [1:4] 1454 3 1 4
NULL
R-CCU: After ClusterLabelChange for i = 63 
R-CCU: sum(pointsPerCluster) = 1463 
 num [1:4] 1455 3 1 4
NULL
R-CCU: dpObj$numberClusters = 4 
List of 2
 $ : num [1, 1, 1:4] 0.306 0.552 0.698 0.684
 $ : num [1, 1, 1:4] 10.98 2.87 2.34 1.53
NULL
R priorParameters: 2 8 
R maxT: 1 
R_PriorDraw_first_mu: 0.3032515 
R_PriorDraw_first_nu: 4.883794 
R-CCU: Before ClusterLabelChange for i = 64 newLabel= 1 currentLabel= 1 
R-CCU: sum(pointsPerCluster) = 1463 
 num [1:4] 1455 3 1 4
NULL
R-CCU: After ClusterLabelChange for i = 64 
R-CCU: sum(pointsPerCluster) = 1464 
 num [1:4] 1456 3 1 4
NULL
R-CCU: dpObj$numberClusters = 4 
List of 2
 $ : num [1, 1, 1:4] 0.306 0.552 0.698 0.684
 $ : num [1, 1, 1:4] 10.98 2.87 2.34 1.53
NULL
R priorParameters: 2 8 
R maxT: 1 
R_PriorDraw_first_mu: 0.9415802 
R_PriorDraw_first_nu: 1.278939 
R-CCU: Before ClusterLabelChange for i = 65 newLabel= 1 currentLabel= 1 
R-CCU: sum(pointsPerCluster) = 1464 
 num [1:4] 1456 3 1 4
NULL
R-CCU: After ClusterLabelChange for i = 65 
R-CCU: sum(pointsPerCluster) = 1465 
 num [1:4] 1457 3 1 4
NULL
R-CCU: dpObj$numberClusters = 4 
List of 2
 $ : num [1, 1, 1:4] 0.306 0.552 0.698 0.684
 $ : num [1, 1, 1:4] 10.98 2.87 2.34 1.53
NULL
R priorParameters: 2 8 
R maxT: 1 
R_PriorDraw_first_mu: 0.6476751 
R_PriorDraw_first_nu: 27.21905 
R-CCU: Before ClusterLabelChange for i = 66 newLabel= 1 currentLabel= 1 
R-CCU: sum(pointsPerCluster) = 1465 
 num [1:4] 1457 3 1 4
NULL
R-CCU: After ClusterLabelChange for i = 66 
R-CCU: sum(pointsPerCluster) = 1466 
 num [1:4] 1458 3 1 4
NULL
R-CCU: dpObj$numberClusters = 4 
List of 2
 $ : num [1, 1, 1:4] 0.306 0.552 0.698 0.684
 $ : num [1, 1, 1:4] 10.98 2.87 2.34 1.53
NULL
R priorParameters: 2 8 
R maxT: 1 
R_PriorDraw_first_mu: 0.1890607 
R_PriorDraw_first_nu: 5.575827 
R-CCU: Before ClusterLabelChange for i = 67 newLabel= 1 currentLabel= 1 
R-CCU: sum(pointsPerCluster) = 1466 
 num [1:4] 1458 3 1 4
NULL
R-CCU: After ClusterLabelChange for i = 67 
R-CCU: sum(pointsPerCluster) = 1467 
 num [1:4] 1459 3 1 4
NULL
R-CCU: dpObj$numberClusters = 4 
List of 2
 $ : num [1, 1, 1:4] 0.306 0.552 0.698 0.684
 $ : num [1, 1, 1:4] 10.98 2.87 2.34 1.53
NULL
R priorParameters: 2 8 
R maxT: 1 
R_PriorDraw_first_mu: 0.06976264 
R_PriorDraw_first_nu: 5.026588 
R-CCU: Before ClusterLabelChange for i = 68 newLabel= 1 currentLabel= 1 
R-CCU: sum(pointsPerCluster) = 1467 
 num [1:4] 1459 3 1 4
NULL
R-CCU: After ClusterLabelChange for i = 68 
R-CCU: sum(pointsPerCluster) = 1468 
 num [1:4] 1460 3 1 4
NULL
R-CCU: dpObj$numberClusters = 4 
List of 2
 $ : num [1, 1, 1:4] 0.306 0.552 0.698 0.684
 $ : num [1, 1, 1:4] 10.98 2.87 2.34 1.53
NULL
R priorParameters: 2 8 
R maxT: 1 
R_PriorDraw_first_mu: 0.1251852 
R_PriorDraw_first_nu: 4.187636 
R-CCU: Before ClusterLabelChange for i = 69 newLabel= 1 currentLabel= 1 
R-CCU: sum(pointsPerCluster) = 1468 
 num [1:4] 1460 3 1 4
NULL
R-CCU: After ClusterLabelChange for i = 69 
R-CCU: sum(pointsPerCluster) = 1469 
 num [1:4] 1461 3 1 4
NULL
R-CCU: dpObj$numberClusters = 4 
List of 2
 $ : num [1, 1, 1:4] 0.306 0.552 0.698 0.684
 $ : num [1, 1, 1:4] 10.98 2.87 2.34 1.53
NULL
R priorParameters: 2 8 
R maxT: 1 
R_PriorDraw_first_mu: 0.310747 
R_PriorDraw_first_nu: 3.879859 
R-CCU: Before ClusterLabelChange for i = 70 newLabel= 1 currentLabel= 1 
R-CCU: sum(pointsPerCluster) = 1469 
 num [1:4] 1461 3 1 4
NULL
R-CCU: After ClusterLabelChange for i = 70 
R-CCU: sum(pointsPerCluster) = 1470 
 num [1:4] 1462 3 1 4
NULL
R-CCU: dpObj$numberClusters = 4 
List of 2
 $ : num [1, 1, 1:4] 0.306 0.552 0.698 0.684
 $ : num [1, 1, 1:4] 10.98 2.87 2.34 1.53
NULL
R priorParameters: 2 8 
R maxT: 1 
R_PriorDraw_first_mu: 0.87838 
R_PriorDraw_first_nu: 4.972999 
R-CCU: Before ClusterLabelChange for i = 71 newLabel= 1 currentLabel= 1 
R-CCU: sum(pointsPerCluster) = 1470 
 num [1:4] 1462 3 1 4
NULL
R-CCU: After ClusterLabelChange for i = 71 
R-CCU: sum(pointsPerCluster) = 1471 
 num [1:4] 1463 3 1 4
NULL
R-CCU: dpObj$numberClusters = 4 
List of 2
 $ : num [1, 1, 1:4] 0.306 0.552 0.698 0.684
 $ : num [1, 1, 1:4] 10.98 2.87 2.34 1.53
NULL
R priorParameters: 2 8 
R maxT: 1 
R_PriorDraw_first_mu: 0.9200328 
R_PriorDraw_first_nu: 4.039766 
R-CCU: Before ClusterLabelChange for i = 72 newLabel= 1 currentLabel= 1 
R-CCU: sum(pointsPerCluster) = 1471 
 num [1:4] 1463 3 1 4
NULL
R-CCU: After ClusterLabelChange for i = 72 
R-CCU: sum(pointsPerCluster) = 1472 
 num [1:4] 1464 3 1 4
NULL
R-CCU: dpObj$numberClusters = 4 
List of 2
 $ : num [1, 1, 1:4] 0.306 0.552 0.698 0.684
 $ : num [1, 1, 1:4] 10.98 2.87 2.34 1.53
NULL
R priorParameters: 2 8 
R maxT: 1 
R_PriorDraw_first_mu: 0.3203232 
R_PriorDraw_first_nu: 4.379647 
R-CCU: Before ClusterLabelChange for i = 73 newLabel= 1 currentLabel= 1 
R-CCU: sum(pointsPerCluster) = 1472 
 num [1:4] 1464 3 1 4
NULL
R-CCU: After ClusterLabelChange for i = 73 
R-CCU: sum(pointsPerCluster) = 1473 
 num [1:4] 1465 3 1 4
NULL
R-CCU: dpObj$numberClusters = 4 
List of 2
 $ : num [1, 1, 1:4] 0.306 0.552 0.698 0.684
 $ : num [1, 1, 1:4] 10.98 2.87 2.34 1.53
NULL
R priorParameters: 2 8 
R maxT: 1 
R_PriorDraw_first_mu: 0.2030195 
R_PriorDraw_first_nu: 3.806156 
R-CCU: Before ClusterLabelChange for i = 74 newLabel= 1 currentLabel= 1 
R-CCU: sum(pointsPerCluster) = 1473 
 num [1:4] 1465 3 1 4
NULL
R-CCU: After ClusterLabelChange for i = 74 
R-CCU: sum(pointsPerCluster) = 1474 
 num [1:4] 1466 3 1 4
NULL
R-CCU: dpObj$numberClusters = 4 
List of 2
 $ : num [1, 1, 1:4] 0.306 0.552 0.698 0.684
 $ : num [1, 1, 1:4] 10.98 2.87 2.34 1.53
NULL
R priorParameters: 2 8 
R maxT: 1 
R_PriorDraw_first_mu: 0.432991 
R_PriorDraw_first_nu: 11.61726 
R-CCU: Before ClusterLabelChange for i = 75 newLabel= 1 currentLabel= 1 
R-CCU: sum(pointsPerCluster) = 1474 
 num [1:4] 1466 3 1 4
NULL
R-CCU: After ClusterLabelChange for i = 75 
R-CCU: sum(pointsPerCluster) = 1475 
 num [1:4] 1467 3 1 4
NULL
R-CCU: dpObj$numberClusters = 4 
List of 2
 $ : num [1, 1, 1:4] 0.306 0.552 0.698 0.684
 $ : num [1, 1, 1:4] 10.98 2.87 2.34 1.53
NULL
R priorParameters: 2 8 
R maxT: 1 
R_PriorDraw_first_mu: 0.7458656 
R_PriorDraw_first_nu: 4.637567 
R-CCU: Before ClusterLabelChange for i = 76 newLabel= 1 currentLabel= 1 
R-CCU: sum(pointsPerCluster) = 1475 
 num [1:4] 1467 3 1 4
NULL
R-CCU: After ClusterLabelChange for i = 76 
R-CCU: sum(pointsPerCluster) = 1476 
 num [1:4] 1468 3 1 4
NULL
R-CCU: dpObj$numberClusters = 4 
List of 2
 $ : num [1, 1, 1:4] 0.306 0.552 0.698 0.684
 $ : num [1, 1, 1:4] 10.98 2.87 2.34 1.53
NULL
R priorParameters: 2 8 
R maxT: 1 
R_PriorDraw_first_mu: 0.8504797 
R_PriorDraw_first_nu: 8.315083 
R-CCU: Before ClusterLabelChange for i = 77 newLabel= 1 currentLabel= 1 
R-CCU: sum(pointsPerCluster) = 1476 
 num [1:4] 1468 3 1 4
NULL
R-CCU: After ClusterLabelChange for i = 77 
R-CCU: sum(pointsPerCluster) = 1477 
 num [1:4] 1469 3 1 4
NULL
R-CCU: dpObj$numberClusters = 4 
List of 2
 $ : num [1, 1, 1:4] 0.306 0.552 0.698 0.684
 $ : num [1, 1, 1:4] 10.98 2.87 2.34 1.53
NULL
R priorParameters: 2 8 
R maxT: 1 
R_PriorDraw_first_mu: 0.5453891 
R_PriorDraw_first_nu: 3.127069 
R-CCU: Before ClusterLabelChange for i = 78 newLabel= 1 currentLabel= 1 
R-CCU: sum(pointsPerCluster) = 1477 
 num [1:4] 1469 3 1 4
NULL
R-CCU: After ClusterLabelChange for i = 78 
R-CCU: sum(pointsPerCluster) = 1478 
 num [1:4] 1470 3 1 4
NULL
R-CCU: dpObj$numberClusters = 4 
List of 2
 $ : num [1, 1, 1:4] 0.306 0.552 0.698 0.684
 $ : num [1, 1, 1:4] 10.98 2.87 2.34 1.53
NULL
R priorParameters: 2 8 
R maxT: 1 
R_PriorDraw_first_mu: 0.9317015 
R_PriorDraw_first_nu: 3.734975 
R-CCU: Before ClusterLabelChange for i = 79 newLabel= 1 currentLabel= 1 
R-CCU: sum(pointsPerCluster) = 1478 
 num [1:4] 1470 3 1 4
NULL
R-CCU: After ClusterLabelChange for i = 79 
R-CCU: sum(pointsPerCluster) = 1479 
 num [1:4] 1471 3 1 4
NULL
R-CCU: dpObj$numberClusters = 4 
List of 2
 $ : num [1, 1, 1:4] 0.306 0.552 0.698 0.684
 $ : num [1, 1, 1:4] 10.98 2.87 2.34 1.53
NULL
R priorParameters: 2 8 
R maxT: 1 
R_PriorDraw_first_mu: 0.5179837 
R_PriorDraw_first_nu: 13.93616 
R-CCU: Before ClusterLabelChange for i = 80 newLabel= 1 currentLabel= 1 
R-CCU: sum(pointsPerCluster) = 1479 
 num [1:4] 1471 3 1 4
NULL
R-CCU: After ClusterLabelChange for i = 80 
R-CCU: sum(pointsPerCluster) = 1480 
 num [1:4] 1472 3 1 4
NULL
R-CCU: dpObj$numberClusters = 4 
List of 2
 $ : num [1, 1, 1:4] 0.306 0.552 0.698 0.684
 $ : num [1, 1, 1:4] 10.98 2.87 2.34 1.53
NULL
R priorParameters: 2 8 
R maxT: 1 
R_PriorDraw_first_mu: 0.591634 
R_PriorDraw_first_nu: 5.794966 
R-CCU: Before ClusterLabelChange for i = 81 newLabel= 1 currentLabel= 1 
R-CCU: sum(pointsPerCluster) = 1480 
 num [1:4] 1472 3 1 4
NULL
R-CCU: After ClusterLabelChange for i = 81 
R-CCU: sum(pointsPerCluster) = 1481 
 num [1:4] 1473 3 1 4
NULL
R-CCU: dpObj$numberClusters = 4 
List of 2
 $ : num [1, 1, 1:4] 0.306 0.552 0.698 0.684
 $ : num [1, 1, 1:4] 10.98 2.87 2.34 1.53
NULL
R priorParameters: 2 8 
R maxT: 1 
R_PriorDraw_first_mu: 0.8243616 
R_PriorDraw_first_nu: 3.39085 
R-CCU: Before ClusterLabelChange for i = 82 newLabel= 1 currentLabel= 1 
R-CCU: sum(pointsPerCluster) = 1481 
 num [1:4] 1473 3 1 4
NULL
R-CCU: After ClusterLabelChange for i = 82 
R-CCU: sum(pointsPerCluster) = 1482 
 num [1:4] 1474 3 1 4
NULL
R-CCU: dpObj$numberClusters = 4 
List of 2
 $ : num [1, 1, 1:4] 0.306 0.552 0.698 0.684
 $ : num [1, 1, 1:4] 10.98 2.87 2.34 1.53
NULL
R priorParameters: 2 8 
R maxT: 1 
R_PriorDraw_first_mu: 0.9669941 
R_PriorDraw_first_nu: 4.245162 
R-CCU: Before ClusterLabelChange for i = 83 newLabel= 1 currentLabel= 1 
R-CCU: sum(pointsPerCluster) = 1482 
 num [1:4] 1474 3 1 4
NULL
R-CCU: After ClusterLabelChange for i = 83 
R-CCU: sum(pointsPerCluster) = 1483 
 num [1:4] 1475 3 1 4
NULL
R-CCU: dpObj$numberClusters = 4 
List of 2
 $ : num [1, 1, 1:4] 0.306 0.552 0.698 0.684
 $ : num [1, 1, 1:4] 10.98 2.87 2.34 1.53
NULL
R priorParameters: 2 8 
R maxT: 1 
R_PriorDraw_first_mu: 0.2793579 
R_PriorDraw_first_nu: 13.77381 
R-CCU: Before ClusterLabelChange for i = 84 newLabel= 1 currentLabel= 1 
R-CCU: sum(pointsPerCluster) = 1483 
 num [1:4] 1475 3 1 4
NULL
R-CCU: After ClusterLabelChange for i = 84 
R-CCU: sum(pointsPerCluster) = 1484 
 num [1:4] 1476 3 1 4
NULL
R-CCU: dpObj$numberClusters = 4 
List of 2
 $ : num [1, 1, 1:4] 0.306 0.552 0.698 0.684
 $ : num [1, 1, 1:4] 10.98 2.87 2.34 1.53
NULL
R priorParameters: 2 8 
R maxT: 1 
R_PriorDraw_first_mu: 0.8862051 
R_PriorDraw_first_nu: 1.044465 
R-CCU: Before ClusterLabelChange for i = 85 newLabel= 1 currentLabel= 1 
R-CCU: sum(pointsPerCluster) = 1484 
 num [1:4] 1476 3 1 4
NULL
R-CCU: After ClusterLabelChange for i = 85 
R-CCU: sum(pointsPerCluster) = 1485 
 num [1:4] 1477 3 1 4
NULL
R-CCU: dpObj$numberClusters = 4 
List of 2
 $ : num [1, 1, 1:4] 0.306 0.552 0.698 0.684
 $ : num [1, 1, 1:4] 10.98 2.87 2.34 1.53
NULL
R priorParameters: 2 8 
R maxT: 1 
R_PriorDraw_first_mu: 0.2885455 
R_PriorDraw_first_nu: 4.169105 
R-CCU: Before ClusterLabelChange for i = 86 newLabel= 1 currentLabel= 1 
R-CCU: sum(pointsPerCluster) = 1485 
 num [1:4] 1477 3 1 4
NULL
R-CCU: After ClusterLabelChange for i = 86 
R-CCU: sum(pointsPerCluster) = 1486 
 num [1:4] 1478 3 1 4
NULL
R-CCU: dpObj$numberClusters = 4 
List of 2
 $ : num [1, 1, 1:4] 0.306 0.552 0.698 0.684
 $ : num [1, 1, 1:4] 10.98 2.87 2.34 1.53
NULL
R priorParameters: 2 8 
R maxT: 1 
R_PriorDraw_first_mu: 0.1767078 
R_PriorDraw_first_nu: 5.155601 
R-CCU: Before ClusterLabelChange for i = 87 newLabel= 1 currentLabel= 1 
R-CCU: sum(pointsPerCluster) = 1486 
 num [1:4] 1478 3 1 4
NULL
R-CCU: After ClusterLabelChange for i = 87 
R-CCU: sum(pointsPerCluster) = 1487 
 num [1:4] 1479 3 1 4
NULL
R-CCU: dpObj$numberClusters = 4 
List of 2
 $ : num [1, 1, 1:4] 0.306 0.552 0.698 0.684
 $ : num [1, 1, 1:4] 10.98 2.87 2.34 1.53
NULL
R priorParameters: 2 8 
R maxT: 1 
R_PriorDraw_first_mu: 0.6051569 
R_PriorDraw_first_nu: 7.232955 
R-CCU: Before ClusterLabelChange for i = 88 newLabel= 1 currentLabel= 1 
R-CCU: sum(pointsPerCluster) = 1487 
 num [1:4] 1479 3 1 4
NULL
R-CCU: After ClusterLabelChange for i = 88 
R-CCU: sum(pointsPerCluster) = 1488 
 num [1:4] 1480 3 1 4
NULL
R-CCU: dpObj$numberClusters = 4 
List of 2
 $ : num [1, 1, 1:4] 0.306 0.552 0.698 0.684
 $ : num [1, 1, 1:4] 10.98 2.87 2.34 1.53
NULL
R priorParameters: 2 8 
R maxT: 1 
R_PriorDraw_first_mu: 0.2217196 
R_PriorDraw_first_nu: 3.709036 
R-CCU: Before ClusterLabelChange for i = 89 newLabel= 1 currentLabel= 1 
R-CCU: sum(pointsPerCluster) = 1488 
 num [1:4] 1480 3 1 4
NULL
R-CCU: After ClusterLabelChange for i = 89 
R-CCU: sum(pointsPerCluster) = 1489 
 num [1:4] 1481 3 1 4
NULL
R-CCU: dpObj$numberClusters = 4 
List of 2
 $ : num [1, 1, 1:4] 0.306 0.552 0.698 0.684
 $ : num [1, 1, 1:4] 10.98 2.87 2.34 1.53
NULL
R priorParameters: 2 8 
R maxT: 1 
R_PriorDraw_first_mu: 0.3425364 
R_PriorDraw_first_nu: 1.933635 
R-CCU: Before ClusterLabelChange for i = 90 newLabel= 1 currentLabel= 1 
R-CCU: sum(pointsPerCluster) = 1489 
 num [1:4] 1481 3 1 4
NULL
R-CCU: After ClusterLabelChange for i = 90 
R-CCU: sum(pointsPerCluster) = 1490 
 num [1:4] 1482 3 1 4
NULL
R-CCU: dpObj$numberClusters = 4 
List of 2
 $ : num [1, 1, 1:4] 0.306 0.552 0.698 0.684
 $ : num [1, 1, 1:4] 10.98 2.87 2.34 1.53
NULL
R priorParameters: 2 8 
R maxT: 1 
R_PriorDraw_first_mu: 0.6192785 
R_PriorDraw_first_nu: 31.0457 
R-CCU: Before ClusterLabelChange for i = 91 newLabel= 1 currentLabel= 1 
R-CCU: sum(pointsPerCluster) = 1490 
 num [1:4] 1482 3 1 4
NULL
R-CCU: After ClusterLabelChange for i = 91 
R-CCU: sum(pointsPerCluster) = 1491 
 num [1:4] 1483 3 1 4
NULL
R-CCU: dpObj$numberClusters = 4 
List of 2
 $ : num [1, 1, 1:4] 0.306 0.552 0.698 0.684
 $ : num [1, 1, 1:4] 10.98 2.87 2.34 1.53
NULL
R priorParameters: 2 8 
R maxT: 1 
R_PriorDraw_first_mu: 0.7834442 
R_PriorDraw_first_nu: 4.061913 
R-CCU: Before ClusterLabelChange for i = 92 newLabel= 1 currentLabel= 1 
R-CCU: sum(pointsPerCluster) = 1491 
 num [1:4] 1483 3 1 4
NULL
R-CCU: After ClusterLabelChange for i = 92 
R-CCU: sum(pointsPerCluster) = 1492 
 num [1:4] 1484 3 1 4
NULL
R-CCU: dpObj$numberClusters = 4 
List of 2
 $ : num [1, 1, 1:4] 0.306 0.552 0.698 0.684
 $ : num [1, 1, 1:4] 10.98 2.87 2.34 1.53
NULL
R priorParameters: 2 8 
R maxT: 1 
R_PriorDraw_first_mu: 0.8345078 
R_PriorDraw_first_nu: 3.889502 
R-CCU: Before ClusterLabelChange for i = 93 newLabel= 1 currentLabel= 1 
R-CCU: sum(pointsPerCluster) = 1492 
 num [1:4] 1484 3 1 4
NULL
R-CCU: After ClusterLabelChange for i = 93 
R-CCU: sum(pointsPerCluster) = 1493 
 num [1:4] 1485 3 1 4
NULL
R-CCU: dpObj$numberClusters = 4 
List of 2
 $ : num [1, 1, 1:4] 0.306 0.552 0.698 0.684
 $ : num [1, 1, 1:4] 10.98 2.87 2.34 1.53
NULL
R priorParameters: 2 8 
R maxT: 1 
R_PriorDraw_first_mu: 0.276539 
R_PriorDraw_first_nu: 2.727271 
R-CCU: Before ClusterLabelChange for i = 94 newLabel= 1 currentLabel= 1 
R-CCU: sum(pointsPerCluster) = 1493 
 num [1:4] 1485 3 1 4
NULL
R-CCU: After ClusterLabelChange for i = 94 
R-CCU: sum(pointsPerCluster) = 1494 
 num [1:4] 1486 3 1 4
NULL
R-CCU: dpObj$numberClusters = 4 
List of 2
 $ : num [1, 1, 1:4] 0.306 0.552 0.698 0.684
 $ : num [1, 1, 1:4] 10.98 2.87 2.34 1.53
NULL
R priorParameters: 2 8 
R maxT: 1 
R_PriorDraw_first_mu: 0.8512038 
R_PriorDraw_first_nu: 2.961319 
R-CCU: Before ClusterLabelChange for i = 95 newLabel= 1 currentLabel= 1 
R-CCU: sum(pointsPerCluster) = 1494 
 num [1:4] 1486 3 1 4
NULL
R-CCU: After ClusterLabelChange for i = 95 
R-CCU: sum(pointsPerCluster) = 1495 
 num [1:4] 1487 3 1 4
NULL
R-CCU: dpObj$numberClusters = 4 
List of 2
 $ : num [1, 1, 1:4] 0.306 0.552 0.698 0.684
 $ : num [1, 1, 1:4] 10.98 2.87 2.34 1.53
NULL
R priorParameters: 2 8 
R maxT: 1 
R_PriorDraw_first_mu: 0.3766324 
R_PriorDraw_first_nu: 7.63524 
R-CCU: Before ClusterLabelChange for i = 96 newLabel= 1 currentLabel= 1 
R-CCU: sum(pointsPerCluster) = 1495 
 num [1:4] 1487 3 1 4
NULL
R-CCU: After ClusterLabelChange for i = 96 
R-CCU: sum(pointsPerCluster) = 1496 
 num [1:4] 1488 3 1 4
NULL
R-CCU: dpObj$numberClusters = 4 
List of 2
 $ : num [1, 1, 1:4] 0.306 0.552 0.698 0.684
 $ : num [1, 1, 1:4] 10.98 2.87 2.34 1.53
NULL
R priorParameters: 2 8 
R maxT: 1 
R_PriorDraw_first_mu: 0.01832514 
R_PriorDraw_first_nu: 7.054435 
R-CCU: Before ClusterLabelChange for i = 97 newLabel= 1 currentLabel= 1 
R-CCU: sum(pointsPerCluster) = 1496 
 num [1:4] 1488 3 1 4
NULL
R-CCU: After ClusterLabelChange for i = 97 
R-CCU: sum(pointsPerCluster) = 1497 
 num [1:4] 1489 3 1 4
NULL
R-CCU: dpObj$numberClusters = 4 
List of 2
 $ : num [1, 1, 1:4] 0.306 0.552 0.698 0.684
 $ : num [1, 1, 1:4] 10.98 2.87 2.34 1.53
NULL
R priorParameters: 2 8 
R maxT: 1 
R_PriorDraw_first_mu: 0.7160575 
R_PriorDraw_first_nu: 7.694986 
R-CCU: Before ClusterLabelChange for i = 98 newLabel= 1 currentLabel= 1 
R-CCU: sum(pointsPerCluster) = 1497 
 num [1:4] 1489 3 1 4
NULL
R-CCU: After ClusterLabelChange for i = 98 
R-CCU: sum(pointsPerCluster) = 1498 
 num [1:4] 1490 3 1 4
NULL
R-CCU: dpObj$numberClusters = 4 
List of 2
 $ : num [1, 1, 1:4] 0.306 0.552 0.698 0.684
 $ : num [1, 1, 1:4] 10.98 2.87 2.34 1.53
NULL
R priorParameters: 2 8 
R maxT: 1 
R_PriorDraw_first_mu: 0.1105399 
R_PriorDraw_first_nu: 4.384969 
R-CCU: Before ClusterLabelChange for i = 99 newLabel= 1 currentLabel= 1 
R-CCU: sum(pointsPerCluster) = 1498 
 num [1:4] 1490 3 1 4
NULL
R-CCU: After ClusterLabelChange for i = 99 
R-CCU: sum(pointsPerCluster) = 1499 
 num [1:4] 1491 3 1 4
NULL
R-CCU: dpObj$numberClusters = 4 
List of 2
 $ : num [1, 1, 1:4] 0.306 0.552 0.698 0.684
 $ : num [1, 1, 1:4] 10.98 2.87 2.34 1.53
NULL
R priorParameters: 2 8 
R maxT: 1 
R_PriorDraw_first_mu: 0.989693 
R_PriorDraw_first_nu: 1.629403 
R-CCU: Before ClusterLabelChange for i = 100 newLabel= 1 currentLabel= 1 
R-CCU: sum(pointsPerCluster) = 1499 
 num [1:4] 1491 3 1 4
NULL
R-CCU: After ClusterLabelChange for i = 100 
R-CCU: sum(pointsPerCluster) = 1500 
 num [1:4] 1492 3 1 4
NULL
R-CCU: dpObj$numberClusters = 4 
List of 2
 $ : num [1, 1, 1:4] 0.306 0.552 0.698 0.684
 $ : num [1, 1, 1:4] 10.98 2.87 2.34 1.53
NULL
R priorParameters: 2 8 
R maxT: 1 
R_PriorDraw_first_mu: 0.7547056 
R_PriorDraw_first_nu: 3.868335 
R-CCU: Before ClusterLabelChange for i = 1 newLabel= 1 currentLabel= 1 
R-CCU: sum(pointsPerCluster) = 1500 
 num [1:4] 1492 3 1 4
NULL
R-CCU: After ClusterLabelChange for i = 1 
R-CCU: sum(pointsPerCluster) = 1501 
 num [1:4] 1493 3 1 4
NULL
R-CCU: dpObj$numberClusters = 4 
List of 2
 $ : num [1, 1, 1:4] 0.344 0.552 0.698 0.684
 $ : num [1, 1, 1:4] 7.7 2.87 2.34 1.53
NULL
R priorParameters: 2 8 
R maxT: 1 
R_PriorDraw_first_mu: 0.2457465 
R_PriorDraw_first_nu: 2.408991 
R-CCU: Before ClusterLabelChange for i = 2 newLabel= 1 currentLabel= 1 
R-CCU: sum(pointsPerCluster) = 1501 
 num [1:4] 1493 3 1 4
NULL
R-CCU: After ClusterLabelChange for i = 2 
R-CCU: sum(pointsPerCluster) = 1502 
 num [1:4] 1494 3 1 4
NULL
R-CCU: dpObj$numberClusters = 4 
List of 2
 $ : num [1, 1, 1:4] 0.344 0.552 0.698 0.684
 $ : num [1, 1, 1:4] 7.7 2.87 2.34 1.53
NULL
R priorParameters: 2 8 
R maxT: 1 
R_PriorDraw_first_mu: 0.4549773 
R_PriorDraw_first_nu: 13.30794 
R-CCU: Before ClusterLabelChange for i = 3 newLabel= 1 currentLabel= 1 
R-CCU: sum(pointsPerCluster) = 1502 
 num [1:4] 1494 3 1 4
NULL
R-CCU: After ClusterLabelChange for i = 3 
R-CCU: sum(pointsPerCluster) = 1503 
 num [1:4] 1495 3 1 4
NULL
R-CCU: dpObj$numberClusters = 4 
List of 2
 $ : num [1, 1, 1:4] 0.344 0.552 0.698 0.684
 $ : num [1, 1, 1:4] 7.7 2.87 2.34 1.53
NULL
R priorParameters: 2 8 
R maxT: 1 
R_PriorDraw_first_mu: 0.2658245 
R_PriorDraw_first_nu: 4.670266 
R-CCU: Before ClusterLabelChange for i = 4 newLabel= 1 currentLabel= 1 
R-CCU: sum(pointsPerCluster) = 1503 
 num [1:4] 1495 3 1 4
NULL
R-CCU: After ClusterLabelChange for i = 4 
R-CCU: sum(pointsPerCluster) = 1504 
 num [1:4] 1496 3 1 4
NULL
R-CCU: dpObj$numberClusters = 4 
List of 2
 $ : num [1, 1, 1:4] 0.344 0.552 0.698 0.684
 $ : num [1, 1, 1:4] 7.7 2.87 2.34 1.53
NULL
R priorParameters: 2 8 
R maxT: 1 
R_PriorDraw_first_mu: 0.2920592 
R_PriorDraw_first_nu: 5.09558 
R-CCU: Before ClusterLabelChange for i = 5 newLabel= 1 currentLabel= 1 
R-CCU: sum(pointsPerCluster) = 1504 
 num [1:4] 1496 3 1 4
NULL
R-CCU: After ClusterLabelChange for i = 5 
R-CCU: sum(pointsPerCluster) = 1505 
 num [1:4] 1497 3 1 4
NULL
R-CCU: dpObj$numberClusters = 4 
List of 2
 $ : num [1, 1, 1:4] 0.344 0.552 0.698 0.684
 $ : num [1, 1, 1:4] 7.7 2.87 2.34 1.53
NULL
R priorParameters: 2 8 
R maxT: 1 
R_PriorDraw_first_mu: 0.4012446 
R_PriorDraw_first_nu: 51.87236 
R-CCU: Before ClusterLabelChange for i = 6 newLabel= 1 currentLabel= 1 
R-CCU: sum(pointsPerCluster) = 1505 
 num [1:4] 1497 3 1 4
NULL
R-CCU: After ClusterLabelChange for i = 6 
R-CCU: sum(pointsPerCluster) = 1506 
 num [1:4] 1498 3 1 4
NULL
R-CCU: dpObj$numberClusters = 4 
List of 2
 $ : num [1, 1, 1:4] 0.344 0.552 0.698 0.684
 $ : num [1, 1, 1:4] 7.7 2.87 2.34 1.53
NULL
R priorParameters: 2 8 
R maxT: 1 
R_PriorDraw_first_mu: 0.3898255 
R_PriorDraw_first_nu: 5.423819 
R-CCU: Before ClusterLabelChange for i = 7 newLabel= 1 currentLabel= 1 
R-CCU: sum(pointsPerCluster) = 1506 
 num [1:4] 1498 3 1 4
NULL
R-CCU: After ClusterLabelChange for i = 7 
R-CCU: sum(pointsPerCluster) = 1507 
 num [1:4] 1499 3 1 4
NULL
R-CCU: dpObj$numberClusters = 4 
List of 2
 $ : num [1, 1, 1:4] 0.344 0.552 0.698 0.684
 $ : num [1, 1, 1:4] 7.7 2.87 2.34 1.53
NULL
R priorParameters: 2 8 
R maxT: 1 
R_PriorDraw_first_mu: 0.1535472 
R_PriorDraw_first_nu: 2.140346 
R-CCU: Before ClusterLabelChange for i = 8 newLabel= 1 currentLabel= 1 
R-CCU: sum(pointsPerCluster) = 1507 
 num [1:4] 1499 3 1 4
NULL
R-CCU: After ClusterLabelChange for i = 8 
R-CCU: sum(pointsPerCluster) = 1508 
 num [1:4] 1500 3 1 4
NULL
R-CCU: dpObj$numberClusters = 4 
List of 2
 $ : num [1, 1, 1:4] 0.344 0.552 0.698 0.684
 $ : num [1, 1, 1:4] 7.7 2.87 2.34 1.53
NULL
R priorParameters: 2 8 
R maxT: 1 
R_PriorDraw_first_mu: 0.3451995 
R_PriorDraw_first_nu: 13.44608 
R-CCU: Before ClusterLabelChange for i = 9 newLabel= 1 currentLabel= 1 
R-CCU: sum(pointsPerCluster) = 1508 
 num [1:4] 1500 3 1 4
NULL
R-CCU: After ClusterLabelChange for i = 9 
R-CCU: sum(pointsPerCluster) = 1509 
 num [1:4] 1501 3 1 4
NULL
R-CCU: dpObj$numberClusters = 4 
List of 2
 $ : num [1, 1, 1:4] 0.344 0.552 0.698 0.684
 $ : num [1, 1, 1:4] 7.7 2.87 2.34 1.53
NULL
R priorParameters: 2 8 
R maxT: 1 
R_PriorDraw_first_mu: 0.5360326 
R_PriorDraw_first_nu: 3.40758 
R-CCU: Before ClusterLabelChange for i = 10 newLabel= 1 currentLabel= 1 
R-CCU: sum(pointsPerCluster) = 1509 
 num [1:4] 1501 3 1 4
NULL
R-CCU: After ClusterLabelChange for i = 10 
R-CCU: sum(pointsPerCluster) = 1510 
 num [1:4] 1502 3 1 4
NULL
R-CCU: dpObj$numberClusters = 4 
List of 2
 $ : num [1, 1, 1:4] 0.344 0.552 0.698 0.684
 $ : num [1, 1, 1:4] 7.7 2.87 2.34 1.53
NULL
R priorParameters: 2 8 
R maxT: 1 
R_PriorDraw_first_mu: 0.5987147 
R_PriorDraw_first_nu: 54.80311 
R-CCU: Before ClusterLabelChange for i = 11 newLabel= 1 currentLabel= 1 
R-CCU: sum(pointsPerCluster) = 1510 
 num [1:4] 1502 3 1 4
NULL
R-CCU: After ClusterLabelChange for i = 11 
R-CCU: sum(pointsPerCluster) = 1511 
 num [1:4] 1503 3 1 4
NULL
R-CCU: dpObj$numberClusters = 4 
List of 2
 $ : num [1, 1, 1:4] 0.344 0.552 0.698 0.684
 $ : num [1, 1, 1:4] 7.7 2.87 2.34 1.53
NULL
R priorParameters: 2 8 
R maxT: 1 
R_PriorDraw_first_mu: 0.4640883 
R_PriorDraw_first_nu: 15.56287 
R-CCU: Before ClusterLabelChange for i = 12 newLabel= 1 currentLabel= 1 
R-CCU: sum(pointsPerCluster) = 1511 
 num [1:4] 1503 3 1 4
NULL
R-CCU: After ClusterLabelChange for i = 12 
R-CCU: sum(pointsPerCluster) = 1512 
 num [1:4] 1504 3 1 4
NULL
R-CCU: dpObj$numberClusters = 4 
List of 2
 $ : num [1, 1, 1:4] 0.344 0.552 0.698 0.684
 $ : num [1, 1, 1:4] 7.7 2.87 2.34 1.53
NULL
R priorParameters: 2 8 
R maxT: 1 
R_PriorDraw_first_mu: 0.9751159 
R_PriorDraw_first_nu: 23.30064 
R-CCU: Before ClusterLabelChange for i = 13 newLabel= 1 currentLabel= 1 
R-CCU: sum(pointsPerCluster) = 1512 
 num [1:4] 1504 3 1 4
NULL
R-CCU: After ClusterLabelChange for i = 13 
R-CCU: sum(pointsPerCluster) = 1513 
 num [1:4] 1505 3 1 4
NULL
R-CCU: dpObj$numberClusters = 4 
List of 2
 $ : num [1, 1, 1:4] 0.344 0.552 0.698 0.684
 $ : num [1, 1, 1:4] 7.7 2.87 2.34 1.53
NULL
R priorParameters: 2 8 
R maxT: 1 
R_PriorDraw_first_mu: 0.902064 
R_PriorDraw_first_nu: 7.157328 
R-CCU: Before ClusterLabelChange for i = 14 newLabel= 1 currentLabel= 1 
R-CCU: sum(pointsPerCluster) = 1513 
 num [1:4] 1505 3 1 4
NULL
R-CCU: After ClusterLabelChange for i = 14 
R-CCU: sum(pointsPerCluster) = 1514 
 num [1:4] 1506 3 1 4
NULL
R-CCU: dpObj$numberClusters = 4 
List of 2
 $ : num [1, 1, 1:4] 0.344 0.552 0.698 0.684
 $ : num [1, 1, 1:4] 7.7 2.87 2.34 1.53
NULL
R priorParameters: 2 8 
R maxT: 1 
R_PriorDraw_first_mu: 0.3552662 
R_PriorDraw_first_nu: 3.216302 
R-CCU: Before ClusterLabelChange for i = 15 newLabel= 1 currentLabel= 1 
R-CCU: sum(pointsPerCluster) = 1514 
 num [1:4] 1506 3 1 4
NULL
R-CCU: After ClusterLabelChange for i = 15 
R-CCU: sum(pointsPerCluster) = 1515 
 num [1:4] 1507 3 1 4
NULL
R-CCU: dpObj$numberClusters = 4 
List of 2
 $ : num [1, 1, 1:4] 0.344 0.552 0.698 0.684
 $ : num [1, 1, 1:4] 7.7 2.87 2.34 1.53
NULL
R priorParameters: 2 8 
R maxT: 1 
R_PriorDraw_first_mu: 0.8378922 
R_PriorDraw_first_nu: 18.23234 
R-CCU: Before ClusterLabelChange for i = 16 newLabel= 1 currentLabel= 1 
R-CCU: sum(pointsPerCluster) = 1515 
 num [1:4] 1507 3 1 4
NULL
R-CCU: After ClusterLabelChange for i = 16 
R-CCU: sum(pointsPerCluster) = 1516 
 num [1:4] 1508 3 1 4
NULL
R-CCU: dpObj$numberClusters = 4 
List of 2
 $ : num [1, 1, 1:4] 0.344 0.552 0.698 0.684
 $ : num [1, 1, 1:4] 7.7 2.87 2.34 1.53
NULL
R priorParameters: 2 8 
R maxT: 1 
R_PriorDraw_first_mu: 0.8787881 
R_PriorDraw_first_nu: 4.692216 
R-CCU: Before ClusterLabelChange for i = 17 newLabel= 1 currentLabel= 1 
R-CCU: sum(pointsPerCluster) = 1516 
 num [1:4] 1508 3 1 4
NULL
R-CCU: After ClusterLabelChange for i = 17 
R-CCU: sum(pointsPerCluster) = 1517 
 num [1:4] 1509 3 1 4
NULL
R-CCU: dpObj$numberClusters = 4 
List of 2
 $ : num [1, 1, 1:4] 0.344 0.552 0.698 0.684
 $ : num [1, 1, 1:4] 7.7 2.87 2.34 1.53
NULL
R priorParameters: 2 8 
R maxT: 1 
R_PriorDraw_first_mu: 0.835817 
R_PriorDraw_first_nu: 4.383171 
R-CCU: Before ClusterLabelChange for i = 18 newLabel= 1 currentLabel= 1 
R-CCU: sum(pointsPerCluster) = 1517 
 num [1:4] 1509 3 1 4
NULL
R-CCU: After ClusterLabelChange for i = 18 
R-CCU: sum(pointsPerCluster) = 1518 
 num [1:4] 1510 3 1 4
NULL
R-CCU: dpObj$numberClusters = 4 
List of 2
 $ : num [1, 1, 1:4] 0.344 0.552 0.698 0.684
 $ : num [1, 1, 1:4] 7.7 2.87 2.34 1.53
NULL
R priorParameters: 2 8 
R maxT: 1 
R_PriorDraw_first_mu: 0.7068257 
R_PriorDraw_first_nu: 2.258596 
R-CCU: Before ClusterLabelChange for i = 19 newLabel= 1 currentLabel= 1 
R-CCU: sum(pointsPerCluster) = 1518 
 num [1:4] 1510 3 1 4
NULL
R-CCU: After ClusterLabelChange for i = 19 
R-CCU: sum(pointsPerCluster) = 1519 
 num [1:4] 1511 3 1 4
NULL
R-CCU: dpObj$numberClusters = 4 
List of 2
 $ : num [1, 1, 1:4] 0.344 0.552 0.698 0.684
 $ : num [1, 1, 1:4] 7.7 2.87 2.34 1.53
NULL
R priorParameters: 2 8 
R maxT: 1 
R_PriorDraw_first_mu: 0.3856088 
R_PriorDraw_first_nu: 4.67745 
R-CCU: Before ClusterLabelChange for i = 20 newLabel= 1 currentLabel= 1 
R-CCU: sum(pointsPerCluster) = 1519 
 num [1:4] 1511 3 1 4
NULL
R-CCU: After ClusterLabelChange for i = 20 
R-CCU: sum(pointsPerCluster) = 1520 
 num [1:4] 1512 3 1 4
NULL
R-CCU: dpObj$numberClusters = 4 
List of 2
 $ : num [1, 1, 1:4] 0.344 0.552 0.698 0.684
 $ : num [1, 1, 1:4] 7.7 2.87 2.34 1.53
NULL
R priorParameters: 2 8 
R maxT: 1 
R_PriorDraw_first_mu: 0.85802 
R_PriorDraw_first_nu: 8.74179 
R-CCU: Before ClusterLabelChange for i = 21 newLabel= 1 currentLabel= 1 
R-CCU: sum(pointsPerCluster) = 1520 
 num [1:4] 1512 3 1 4
NULL
R-CCU: After ClusterLabelChange for i = 21 
R-CCU: sum(pointsPerCluster) = 1521 
 num [1:4] 1513 3 1 4
NULL
R-CCU: dpObj$numberClusters = 4 
List of 2
 $ : num [1, 1, 1:4] 0.344 0.552 0.698 0.684
 $ : num [1, 1, 1:4] 7.7 2.87 2.34 1.53
NULL
R priorParameters: 2 8 
R maxT: 1 
R_PriorDraw_first_mu: 0.3651592 
R_PriorDraw_first_nu: 10.0281 
R-CCU: Before ClusterLabelChange for i = 22 newLabel= 1 currentLabel= 1 
R-CCU: sum(pointsPerCluster) = 1521 
 num [1:4] 1513 3 1 4
NULL
R-CCU: After ClusterLabelChange for i = 22 
R-CCU: sum(pointsPerCluster) = 1522 
 num [1:4] 1514 3 1 4
NULL
R-CCU: dpObj$numberClusters = 4 
List of 2
 $ : num [1, 1, 1:4] 0.344 0.552 0.698 0.684
 $ : num [1, 1, 1:4] 7.7 2.87 2.34 1.53
NULL
R priorParameters: 2 8 
R maxT: 1 
R_PriorDraw_first_mu: 0.9319464 
R_PriorDraw_first_nu: 4.160613 
R-CCU: Before ClusterLabelChange for i = 23 newLabel= 1 currentLabel= 1 
R-CCU: sum(pointsPerCluster) = 1522 
 num [1:4] 1514 3 1 4
NULL
R-CCU: After ClusterLabelChange for i = 23 
R-CCU: sum(pointsPerCluster) = 1523 
 num [1:4] 1515 3 1 4
NULL
R-CCU: dpObj$numberClusters = 4 
List of 2
 $ : num [1, 1, 1:4] 0.344 0.552 0.698 0.684
 $ : num [1, 1, 1:4] 7.7 2.87 2.34 1.53
NULL
R priorParameters: 2 8 
R maxT: 1 
R_PriorDraw_first_mu: 0.2956321 
R_PriorDraw_first_nu: 3.392853 
R-CCU: Before ClusterLabelChange for i = 24 newLabel= 1 currentLabel= 1 
R-CCU: sum(pointsPerCluster) = 1523 
 num [1:4] 1515 3 1 4
NULL
R-CCU: After ClusterLabelChange for i = 24 
R-CCU: sum(pointsPerCluster) = 1524 
 num [1:4] 1516 3 1 4
NULL
R-CCU: dpObj$numberClusters = 4 
List of 2
 $ : num [1, 1, 1:4] 0.344 0.552 0.698 0.684
 $ : num [1, 1, 1:4] 7.7 2.87 2.34 1.53
NULL
R priorParameters: 2 8 
R maxT: 1 
R_PriorDraw_first_mu: 0.0520823 
R_PriorDraw_first_nu: 7.619221 
R-CCU: Before ClusterLabelChange for i = 25 newLabel= 1 currentLabel= 1 
R-CCU: sum(pointsPerCluster) = 1524 
 num [1:4] 1516 3 1 4
NULL
R-CCU: After ClusterLabelChange for i = 25 
R-CCU: sum(pointsPerCluster) = 1525 
 num [1:4] 1517 3 1 4
NULL
R-CCU: dpObj$numberClusters = 4 
List of 2
 $ : num [1, 1, 1:4] 0.344 0.552 0.698 0.684
 $ : num [1, 1, 1:4] 7.7 2.87 2.34 1.53
NULL
R priorParameters: 2 8 
R maxT: 1 
R_PriorDraw_first_mu: 0.1513059 
R_PriorDraw_first_nu: 4.640497 
R-CCU: Before ClusterLabelChange for i = 26 newLabel= 1 currentLabel= 1 
R-CCU: sum(pointsPerCluster) = 1525 
 num [1:4] 1517 3 1 4
NULL
R-CCU: After ClusterLabelChange for i = 26 
R-CCU: sum(pointsPerCluster) = 1526 
 num [1:4] 1518 3 1 4
NULL
R-CCU: dpObj$numberClusters = 4 
List of 2
 $ : num [1, 1, 1:4] 0.344 0.552 0.698 0.684
 $ : num [1, 1, 1:4] 7.7 2.87 2.34 1.53
NULL
R priorParameters: 2 8 
R maxT: 1 
R_PriorDraw_first_mu: 0.7129374 
R_PriorDraw_first_nu: 15.42448 
R-CCU: Before ClusterLabelChange for i = 27 newLabel= 1 currentLabel= 1 
R-CCU: sum(pointsPerCluster) = 1526 
 num [1:4] 1518 3 1 4
NULL
R-CCU: After ClusterLabelChange for i = 27 
R-CCU: sum(pointsPerCluster) = 1527 
 num [1:4] 1519 3 1 4
NULL
R-CCU: dpObj$numberClusters = 4 
List of 2
 $ : num [1, 1, 1:4] 0.344 0.552 0.698 0.684
 $ : num [1, 1, 1:4] 7.7 2.87 2.34 1.53
NULL
R priorParameters: 2 8 
R maxT: 1 
R_PriorDraw_first_mu: 0.7691406 
R_PriorDraw_first_nu: 5.321421 
R-CCU: Before ClusterLabelChange for i = 28 newLabel= 1 currentLabel= 1 
R-CCU: sum(pointsPerCluster) = 1527 
 num [1:4] 1519 3 1 4
NULL
R-CCU: After ClusterLabelChange for i = 28 
R-CCU: sum(pointsPerCluster) = 1528 
 num [1:4] 1520 3 1 4
NULL
R-CCU: dpObj$numberClusters = 4 
List of 2
 $ : num [1, 1, 1:4] 0.344 0.552 0.698 0.684
 $ : num [1, 1, 1:4] 7.7 2.87 2.34 1.53
NULL
R priorParameters: 2 8 
R maxT: 1 
R_PriorDraw_first_mu: 0.01877596 
R_PriorDraw_first_nu: 5.283489 
R-CCU: Before ClusterLabelChange for i = 29 newLabel= 1 currentLabel= 1 
R-CCU: sum(pointsPerCluster) = 1528 
 num [1:4] 1520 3 1 4
NULL
R-CCU: After ClusterLabelChange for i = 29 
R-CCU: sum(pointsPerCluster) = 1529 
 num [1:4] 1521 3 1 4
NULL
R-CCU: dpObj$numberClusters = 4 
List of 2
 $ : num [1, 1, 1:4] 0.344 0.552 0.698 0.684
 $ : num [1, 1, 1:4] 7.7 2.87 2.34 1.53
NULL
R priorParameters: 2 8 
R maxT: 1 
R_PriorDraw_first_mu: 0.2241518 
R_PriorDraw_first_nu: 3.7754 
R-CCU: Before ClusterLabelChange for i = 30 newLabel= 1 currentLabel= 1 
R-CCU: sum(pointsPerCluster) = 1529 
 num [1:4] 1521 3 1 4
NULL
R-CCU: After ClusterLabelChange for i = 30 
R-CCU: sum(pointsPerCluster) = 1530 
 num [1:4] 1522 3 1 4
NULL
R-CCU: dpObj$numberClusters = 4 
List of 2
 $ : num [1, 1, 1:4] 0.344 0.552 0.698 0.684
 $ : num [1, 1, 1:4] 7.7 2.87 2.34 1.53
NULL
R priorParameters: 2 8 
R maxT: 1 
R_PriorDraw_first_mu: 0.6722629 
R_PriorDraw_first_nu: 4.732306 
R-CCU: Before ClusterLabelChange for i = 31 newLabel= 1 currentLabel= 1 
R-CCU: sum(pointsPerCluster) = 1530 
 num [1:4] 1522 3 1 4
NULL
R-CCU: After ClusterLabelChange for i = 31 
R-CCU: sum(pointsPerCluster) = 1531 
 num [1:4] 1523 3 1 4
NULL
R-CCU: dpObj$numberClusters = 4 
List of 2
 $ : num [1, 1, 1:4] 0.344 0.552 0.698 0.684
 $ : num [1, 1, 1:4] 7.7 2.87 2.34 1.53
NULL
R priorParameters: 2 8 
R maxT: 1 
R_PriorDraw_first_mu: 0.04959511 
R_PriorDraw_first_nu: 15.08319 
R-CCU: Before ClusterLabelChange for i = 32 newLabel= 1 currentLabel= 1 
R-CCU: sum(pointsPerCluster) = 1531 
 num [1:4] 1523 3 1 4
NULL
R-CCU: After ClusterLabelChange for i = 32 
R-CCU: sum(pointsPerCluster) = 1532 
 num [1:4] 1524 3 1 4
NULL
R-CCU: dpObj$numberClusters = 4 
List of 2
 $ : num [1, 1, 1:4] 0.344 0.552 0.698 0.684
 $ : num [1, 1, 1:4] 7.7 2.87 2.34 1.53
NULL
R priorParameters: 2 8 
R maxT: 1 
R_PriorDraw_first_mu: 0.7788506 
R_PriorDraw_first_nu: 103.6816 
R-CCU: Before ClusterLabelChange for i = 33 newLabel= 1 currentLabel= 1 
R-CCU: sum(pointsPerCluster) = 1532 
 num [1:4] 1524 3 1 4
NULL
R-CCU: After ClusterLabelChange for i = 33 
R-CCU: sum(pointsPerCluster) = 1533 
 num [1:4] 1525 3 1 4
NULL
R-CCU: dpObj$numberClusters = 4 
List of 2
 $ : num [1, 1, 1:4] 0.344 0.552 0.698 0.684
 $ : num [1, 1, 1:4] 7.7 2.87 2.34 1.53
NULL
R priorParameters: 2 8 
R maxT: 1 
R_PriorDraw_first_mu: 0.1619136 
R_PriorDraw_first_nu: 2.894757 
R-CCU: Before ClusterLabelChange for i = 34 newLabel= 1 currentLabel= 1 
R-CCU: sum(pointsPerCluster) = 1533 
 num [1:4] 1525 3 1 4
NULL
R-CCU: After ClusterLabelChange for i = 34 
R-CCU: sum(pointsPerCluster) = 1534 
 num [1:4] 1526 3 1 4
NULL
R-CCU: dpObj$numberClusters = 4 
List of 2
 $ : num [1, 1, 1:4] 0.344 0.552 0.698 0.684
 $ : num [1, 1, 1:4] 7.7 2.87 2.34 1.53
NULL
R priorParameters: 2 8 
R maxT: 1 
R_PriorDraw_first_mu: 0.6362833 
R_PriorDraw_first_nu: 12.26432 
R-CCU: Before ClusterLabelChange for i = 35 newLabel= 1 currentLabel= 1 
R-CCU: sum(pointsPerCluster) = 1534 
 num [1:4] 1526 3 1 4
NULL
R-CCU: After ClusterLabelChange for i = 35 
R-CCU: sum(pointsPerCluster) = 1535 
 num [1:4] 1527 3 1 4
NULL
R-CCU: dpObj$numberClusters = 4 
List of 2
 $ : num [1, 1, 1:4] 0.344 0.552 0.698 0.684
 $ : num [1, 1, 1:4] 7.7 2.87 2.34 1.53
NULL
R priorParameters: 2 8 
R maxT: 1 
R_PriorDraw_first_mu: 0.08106437 
R_PriorDraw_first_nu: 2.824554 
R-CCU: Before ClusterLabelChange for i = 36 newLabel= 1 currentLabel= 1 
R-CCU: sum(pointsPerCluster) = 1535 
 num [1:4] 1527 3 1 4
NULL
R-CCU: After ClusterLabelChange for i = 36 
R-CCU: sum(pointsPerCluster) = 1536 
 num [1:4] 1528 3 1 4
NULL
R-CCU: dpObj$numberClusters = 4 
List of 2
 $ : num [1, 1, 1:4] 0.344 0.552 0.698 0.684
 $ : num [1, 1, 1:4] 7.7 2.87 2.34 1.53
NULL
R priorParameters: 2 8 
R maxT: 1 
R_PriorDraw_first_mu: 0.9329268 
R_PriorDraw_first_nu: 122.0693 
R-CCU: Before ClusterLabelChange for i = 37 newLabel= 1 currentLabel= 1 
R-CCU: sum(pointsPerCluster) = 1536 
 num [1:4] 1528 3 1 4
NULL
R-CCU: After ClusterLabelChange for i = 37 
R-CCU: sum(pointsPerCluster) = 1537 
 num [1:4] 1529 3 1 4
NULL
R-CCU: dpObj$numberClusters = 4 
List of 2
 $ : num [1, 1, 1:4] 0.344 0.552 0.698 0.684
 $ : num [1, 1, 1:4] 7.7 2.87 2.34 1.53
NULL
R priorParameters: 2 8 
R maxT: 1 
R_PriorDraw_first_mu: 0.7295066 
R_PriorDraw_first_nu: 6.208391 
R-CCU: Before ClusterLabelChange for i = 38 newLabel= 1 currentLabel= 1 
R-CCU: sum(pointsPerCluster) = 1537 
 num [1:4] 1529 3 1 4
NULL
R-CCU: After ClusterLabelChange for i = 38 
R-CCU: sum(pointsPerCluster) = 1538 
 num [1:4] 1530 3 1 4
NULL
R-CCU: dpObj$numberClusters = 4 
List of 2
 $ : num [1, 1, 1:4] 0.344 0.552 0.698 0.684
 $ : num [1, 1, 1:4] 7.7 2.87 2.34 1.53
NULL
R priorParameters: 2 8 
R maxT: 1 
R_PriorDraw_first_mu: 0.6663869 
R_PriorDraw_first_nu: 3.602568 
R-CCU: Before ClusterLabelChange for i = 39 newLabel= 1 currentLabel= 1 
R-CCU: sum(pointsPerCluster) = 1538 
 num [1:4] 1530 3 1 4
NULL
R-CCU: After ClusterLabelChange for i = 39 
R-CCU: sum(pointsPerCluster) = 1539 
 num [1:4] 1531 3 1 4
NULL
R-CCU: dpObj$numberClusters = 4 
List of 2
 $ : num [1, 1, 1:4] 0.344 0.552 0.698 0.684
 $ : num [1, 1, 1:4] 7.7 2.87 2.34 1.53
NULL
R priorParameters: 2 8 
R maxT: 1 
R_PriorDraw_first_mu: 0.8679751 
R_PriorDraw_first_nu: 4.802931 
R-CCU: Before ClusterLabelChange for i = 40 newLabel= 1 currentLabel= 1 
R-CCU: sum(pointsPerCluster) = 1539 
 num [1:4] 1531 3 1 4
NULL
R-CCU: After ClusterLabelChange for i = 40 
R-CCU: sum(pointsPerCluster) = 1540 
 num [1:4] 1532 3 1 4
NULL
R-CCU: dpObj$numberClusters = 4 
List of 2
 $ : num [1, 1, 1:4] 0.344 0.552 0.698 0.684
 $ : num [1, 1, 1:4] 7.7 2.87 2.34 1.53
NULL
R priorParameters: 2 8 
R maxT: 1 
R_PriorDraw_first_mu: 0.810055 
R_PriorDraw_first_nu: 3.582291 
R-CCU: Before ClusterLabelChange for i = 41 newLabel= 1 currentLabel= 1 
R-CCU: sum(pointsPerCluster) = 1540 
 num [1:4] 1532 3 1 4
NULL
R-CCU: After ClusterLabelChange for i = 41 
R-CCU: sum(pointsPerCluster) = 1541 
 num [1:4] 1533 3 1 4
NULL
R-CCU: dpObj$numberClusters = 4 
List of 2
 $ : num [1, 1, 1:4] 0.344 0.552 0.698 0.684
 $ : num [1, 1, 1:4] 7.7 2.87 2.34 1.53
NULL
R priorParameters: 2 8 
R maxT: 1 
R_PriorDraw_first_mu: 0.4645239 
R_PriorDraw_first_nu: 2.586569 
R-CCU: Before ClusterLabelChange for i = 42 newLabel= 1 currentLabel= 1 
R-CCU: sum(pointsPerCluster) = 1541 
 num [1:4] 1533 3 1 4
NULL
R-CCU: After ClusterLabelChange for i = 42 
R-CCU: sum(pointsPerCluster) = 1542 
 num [1:4] 1534 3 1 4
NULL
R-CCU: dpObj$numberClusters = 4 
List of 2
 $ : num [1, 1, 1:4] 0.344 0.552 0.698 0.684
 $ : num [1, 1, 1:4] 7.7 2.87 2.34 1.53
NULL
R priorParameters: 2 8 
R maxT: 1 
R_PriorDraw_first_mu: 0.1716605 
R_PriorDraw_first_nu: 12.05557 
R-CCU: Before ClusterLabelChange for i = 43 newLabel= 1 currentLabel= 1 
R-CCU: sum(pointsPerCluster) = 1542 
 num [1:4] 1534 3 1 4
NULL
R-CCU: After ClusterLabelChange for i = 43 
R-CCU: sum(pointsPerCluster) = 1543 
 num [1:4] 1535 3 1 4
NULL
R-CCU: dpObj$numberClusters = 4 
List of 2
 $ : num [1, 1, 1:4] 0.344 0.552 0.698 0.684
 $ : num [1, 1, 1:4] 7.7 2.87 2.34 1.53
NULL
R priorParameters: 2 8 
R maxT: 1 
R_PriorDraw_first_mu: 0.3723411 
R_PriorDraw_first_nu: 4.429724 
R-CCU: Before ClusterLabelChange for i = 44 newLabel= 1 currentLabel= 1 
R-CCU: sum(pointsPerCluster) = 1543 
 num [1:4] 1535 3 1 4
NULL
R-CCU: After ClusterLabelChange for i = 44 
R-CCU: sum(pointsPerCluster) = 1544 
 num [1:4] 1536 3 1 4
NULL
R-CCU: dpObj$numberClusters = 4 
List of 2
 $ : num [1, 1, 1:4] 0.344 0.552 0.698 0.684
 $ : num [1, 1, 1:4] 7.7 2.87 2.34 1.53
NULL
R priorParameters: 2 8 
R maxT: 1 
R_PriorDraw_first_mu: 0.1870562 
R_PriorDraw_first_nu: 4.920854 
R-CCU: Before ClusterLabelChange for i = 45 newLabel= 1 currentLabel= 1 
R-CCU: sum(pointsPerCluster) = 1544 
 num [1:4] 1536 3 1 4
NULL
R-CCU: After ClusterLabelChange for i = 45 
R-CCU: sum(pointsPerCluster) = 1545 
 num [1:4] 1537 3 1 4
NULL
R-CCU: dpObj$numberClusters = 4 
List of 2
 $ : num [1, 1, 1:4] 0.344 0.552 0.698 0.684
 $ : num [1, 1, 1:4] 7.7 2.87 2.34 1.53
NULL
R priorParameters: 2 8 
R maxT: 1 
R_PriorDraw_first_mu: 0.9195735 
R_PriorDraw_first_nu: 6.150118 
R-CCU: Before ClusterLabelChange for i = 46 newLabel= 1 currentLabel= 1 
R-CCU: sum(pointsPerCluster) = 1545 
 num [1:4] 1537 3 1 4
NULL
R-CCU: After ClusterLabelChange for i = 46 
R-CCU: sum(pointsPerCluster) = 1546 
 num [1:4] 1538 3 1 4
NULL
R-CCU: dpObj$numberClusters = 4 
List of 2
 $ : num [1, 1, 1:4] 0.344 0.552 0.698 0.684
 $ : num [1, 1, 1:4] 7.7 2.87 2.34 1.53
NULL
R priorParameters: 2 8 
R maxT: 1 
R_PriorDraw_first_mu: 0.201768 
R_PriorDraw_first_nu: 17.77689 
R-CCU: Before ClusterLabelChange for i = 47 newLabel= 1 currentLabel= 1 
R-CCU: sum(pointsPerCluster) = 1546 
 num [1:4] 1538 3 1 4
NULL
R-CCU: After ClusterLabelChange for i = 47 
R-CCU: sum(pointsPerCluster) = 1547 
 num [1:4] 1539 3 1 4
NULL
R-CCU: dpObj$numberClusters = 4 
List of 2
 $ : num [1, 1, 1:4] 0.344 0.552 0.698 0.684
 $ : num [1, 1, 1:4] 7.7 2.87 2.34 1.53
NULL
R priorParameters: 2 8 
R maxT: 1 
R_PriorDraw_first_mu: 0.0830745 
R_PriorDraw_first_nu: 14.28921 
R-CCU: Before ClusterLabelChange for i = 48 newLabel= 1 currentLabel= 1 
R-CCU: sum(pointsPerCluster) = 1547 
 num [1:4] 1539 3 1 4
NULL
R-CCU: After ClusterLabelChange for i = 48 
R-CCU: sum(pointsPerCluster) = 1548 
 num [1:4] 1540 3 1 4
NULL
R-CCU: dpObj$numberClusters = 4 
List of 2
 $ : num [1, 1, 1:4] 0.344 0.552 0.698 0.684
 $ : num [1, 1, 1:4] 7.7 2.87 2.34 1.53
NULL
R priorParameters: 2 8 
R maxT: 1 
R_PriorDraw_first_mu: 0.7384046 
R_PriorDraw_first_nu: 5.371033 
R-CCU: Before ClusterLabelChange for i = 49 newLabel= 1 currentLabel= 1 
R-CCU: sum(pointsPerCluster) = 1548 
 num [1:4] 1540 3 1 4
NULL
R-CCU: After ClusterLabelChange for i = 49 
R-CCU: sum(pointsPerCluster) = 1549 
 num [1:4] 1541 3 1 4
NULL
R-CCU: dpObj$numberClusters = 4 
List of 2
 $ : num [1, 1, 1:4] 0.344 0.552 0.698 0.684
 $ : num [1, 1, 1:4] 7.7 2.87 2.34 1.53
NULL
R priorParameters: 2 8 
R maxT: 1 
R_PriorDraw_first_mu: 0.5128955 
R_PriorDraw_first_nu: 1.919603 
R-CCU: Before ClusterLabelChange for i = 50 newLabel= 1 currentLabel= 1 
R-CCU: sum(pointsPerCluster) = 1549 
 num [1:4] 1541 3 1 4
NULL
R-CCU: After ClusterLabelChange for i = 50 
R-CCU: sum(pointsPerCluster) = 1550 
 num [1:4] 1542 3 1 4
NULL
R-CCU: dpObj$numberClusters = 4 
List of 2
 $ : num [1, 1, 1:4] 0.344 0.552 0.698 0.684
 $ : num [1, 1, 1:4] 7.7 2.87 2.34 1.53
NULL
R priorParameters: 2 8 
R maxT: 1 
R_PriorDraw_first_mu: 0.1153246 
R_PriorDraw_first_nu: 4.752267 
R-CCU: Before ClusterLabelChange for i = 51 newLabel= 1 currentLabel= 1 
R-CCU: sum(pointsPerCluster) = 1550 
 num [1:4] 1542 3 1 4
NULL
R-CCU: After ClusterLabelChange for i = 51 
R-CCU: sum(pointsPerCluster) = 1551 
 num [1:4] 1543 3 1 4
NULL
R-CCU: dpObj$numberClusters = 4 
List of 2
 $ : num [1, 1, 1:4] 0.344 0.552 0.698 0.684
 $ : num [1, 1, 1:4] 7.7 2.87 2.34 1.53
NULL
R priorParameters: 2 8 
R maxT: 1 
R_PriorDraw_first_mu: 0.1544808 
R_PriorDraw_first_nu: 1.848941 
R-CCU: Before ClusterLabelChange for i = 52 newLabel= 1 currentLabel= 1 
R-CCU: sum(pointsPerCluster) = 1551 
 num [1:4] 1543 3 1 4
NULL
R-CCU: After ClusterLabelChange for i = 52 
R-CCU: sum(pointsPerCluster) = 1552 
 num [1:4] 1544 3 1 4
NULL
R-CCU: dpObj$numberClusters = 4 
List of 2
 $ : num [1, 1, 1:4] 0.344 0.552 0.698 0.684
 $ : num [1, 1, 1:4] 7.7 2.87 2.34 1.53
NULL
R priorParameters: 2 8 
R maxT: 1 
R_PriorDraw_first_mu: 0.8548672 
R_PriorDraw_first_nu: 5.967101 
R-CCU: Before ClusterLabelChange for i = 53 newLabel= 1 currentLabel= 1 
R-CCU: sum(pointsPerCluster) = 1552 
 num [1:4] 1544 3 1 4
NULL
R-CCU: After ClusterLabelChange for i = 53 
R-CCU: sum(pointsPerCluster) = 1553 
 num [1:4] 1545 3 1 4
NULL
R-CCU: dpObj$numberClusters = 4 
List of 2
 $ : num [1, 1, 1:4] 0.344 0.552 0.698 0.684
 $ : num [1, 1, 1:4] 7.7 2.87 2.34 1.53
NULL
R priorParameters: 2 8 
R maxT: 1 
R_PriorDraw_first_mu: 0.8136964 
R_PriorDraw_first_nu: 3.18587 
R-CCU: Before ClusterLabelChange for i = 54 newLabel= 1 currentLabel= 1 
R-CCU: sum(pointsPerCluster) = 1553 
 num [1:4] 1545 3 1 4
NULL
R-CCU: After ClusterLabelChange for i = 54 
R-CCU: sum(pointsPerCluster) = 1554 
 num [1:4] 1546 3 1 4
NULL
R-CCU: dpObj$numberClusters = 4 
List of 2
 $ : num [1, 1, 1:4] 0.344 0.552 0.698 0.684
 $ : num [1, 1, 1:4] 7.7 2.87 2.34 1.53
NULL
R priorParameters: 2 8 
R maxT: 1 
R_PriorDraw_first_mu: 0.7144621 
R_PriorDraw_first_nu: 6.102776 
R-CCU: Before ClusterLabelChange for i = 55 newLabel= 1 currentLabel= 1 
R-CCU: sum(pointsPerCluster) = 1554 
 num [1:4] 1546 3 1 4
NULL
R-CCU: After ClusterLabelChange for i = 55 
R-CCU: sum(pointsPerCluster) = 1555 
 num [1:4] 1547 3 1 4
NULL
R-CCU: dpObj$numberClusters = 4 
List of 2
 $ : num [1, 1, 1:4] 0.344 0.552 0.698 0.684
 $ : num [1, 1, 1:4] 7.7 2.87 2.34 1.53
NULL
R priorParameters: 2 8 
R maxT: 1 
R_PriorDraw_first_mu: 0.005501663 
R_PriorDraw_first_nu: 3.720309 
R-CCU: Before ClusterLabelChange for i = 56 newLabel= 1 currentLabel= 1 
R-CCU: sum(pointsPerCluster) = 1555 
 num [1:4] 1547 3 1 4
NULL
R-CCU: After ClusterLabelChange for i = 56 
R-CCU: sum(pointsPerCluster) = 1556 
 num [1:4] 1548 3 1 4
NULL
R-CCU: dpObj$numberClusters = 4 
List of 2
 $ : num [1, 1, 1:4] 0.344 0.552 0.698 0.684
 $ : num [1, 1, 1:4] 7.7 2.87 2.34 1.53
NULL
R priorParameters: 2 8 
R maxT: 1 
R_PriorDraw_first_mu: 0.1605414 
R_PriorDraw_first_nu: 3.443049 
R-CCU: Before ClusterLabelChange for i = 57 newLabel= 1 currentLabel= 1 
R-CCU: sum(pointsPerCluster) = 1556 
 num [1:4] 1548 3 1 4
NULL
R-CCU: After ClusterLabelChange for i = 57 
R-CCU: sum(pointsPerCluster) = 1557 
 num [1:4] 1549 3 1 4
NULL
R-CCU: dpObj$numberClusters = 4 
List of 2
 $ : num [1, 1, 1:4] 0.344 0.552 0.698 0.684
 $ : num [1, 1, 1:4] 7.7 2.87 2.34 1.53
NULL
R priorParameters: 2 8 
R maxT: 1 
R_PriorDraw_first_mu: 0.8648691 
R_PriorDraw_first_nu: 3.848932 
R-CCU: Before ClusterLabelChange for i = 58 newLabel= 1 currentLabel= 1 
R-CCU: sum(pointsPerCluster) = 1557 
 num [1:4] 1549 3 1 4
NULL
R-CCU: After ClusterLabelChange for i = 58 
R-CCU: sum(pointsPerCluster) = 1558 
 num [1:4] 1550 3 1 4
NULL
R-CCU: dpObj$numberClusters = 4 
List of 2
 $ : num [1, 1, 1:4] 0.344 0.552 0.698 0.684
 $ : num [1, 1, 1:4] 7.7 2.87 2.34 1.53
NULL
R priorParameters: 2 8 
R maxT: 1 
R_PriorDraw_first_mu: 0.3369408 
R_PriorDraw_first_nu: 18.6539 
R-CCU: Before ClusterLabelChange for i = 59 newLabel= 1 currentLabel= 1 
R-CCU: sum(pointsPerCluster) = 1558 
 num [1:4] 1550 3 1 4
NULL
R-CCU: After ClusterLabelChange for i = 59 
R-CCU: sum(pointsPerCluster) = 1559 
 num [1:4] 1551 3 1 4
NULL
R-CCU: dpObj$numberClusters = 4 
List of 2
 $ : num [1, 1, 1:4] 0.344 0.552 0.698 0.684
 $ : num [1, 1, 1:4] 7.7 2.87 2.34 1.53
NULL
R priorParameters: 2 8 
R maxT: 1 
R_PriorDraw_first_mu: 0.9375522 
R_PriorDraw_first_nu: 1.316959 
R-CCU: Before ClusterLabelChange for i = 60 newLabel= 1 currentLabel= 1 
R-CCU: sum(pointsPerCluster) = 1559 
 num [1:4] 1551 3 1 4
NULL
R-CCU: After ClusterLabelChange for i = 60 
R-CCU: sum(pointsPerCluster) = 1560 
 num [1:4] 1552 3 1 4
NULL
R-CCU: dpObj$numberClusters = 4 
List of 2
 $ : num [1, 1, 1:4] 0.344 0.552 0.698 0.684
 $ : num [1, 1, 1:4] 7.7 2.87 2.34 1.53
NULL
R priorParameters: 2 8 
R maxT: 1 
R_PriorDraw_first_mu: 0.7765354 
R_PriorDraw_first_nu: 30.92623 
R-CCU: Before ClusterLabelChange for i = 61 newLabel= 1 currentLabel= 1 
R-CCU: sum(pointsPerCluster) = 1560 
 num [1:4] 1552 3 1 4
NULL
R-CCU: After ClusterLabelChange for i = 61 
R-CCU: sum(pointsPerCluster) = 1561 
 num [1:4] 1553 3 1 4
NULL
R-CCU: dpObj$numberClusters = 4 
List of 2
 $ : num [1, 1, 1:4] 0.344 0.552 0.698 0.684
 $ : num [1, 1, 1:4] 7.7 2.87 2.34 1.53
NULL
R priorParameters: 2 8 
R maxT: 1 
R_PriorDraw_first_mu: 0.2157344 
R_PriorDraw_first_nu: 3.312419 
R-CCU: Before ClusterLabelChange for i = 62 newLabel= 1 currentLabel= 1 
R-CCU: sum(pointsPerCluster) = 1561 
 num [1:4] 1553 3 1 4
NULL
R-CCU: After ClusterLabelChange for i = 62 
R-CCU: sum(pointsPerCluster) = 1562 
 num [1:4] 1554 3 1 4
NULL
R-CCU: dpObj$numberClusters = 4 
List of 2
 $ : num [1, 1, 1:4] 0.344 0.552 0.698 0.684
 $ : num [1, 1, 1:4] 7.7 2.87 2.34 1.53
NULL
R priorParameters: 2 8 
R maxT: 1 
R_PriorDraw_first_mu: 0.25187 
R_PriorDraw_first_nu: 3.61856 
R-CCU: Before ClusterLabelChange for i = 63 newLabel= 1 currentLabel= 1 
R-CCU: sum(pointsPerCluster) = 1562 
 num [1:4] 1554 3 1 4
NULL
R-CCU: After ClusterLabelChange for i = 63 
R-CCU: sum(pointsPerCluster) = 1563 
 num [1:4] 1555 3 1 4
NULL
R-CCU: dpObj$numberClusters = 4 
List of 2
 $ : num [1, 1, 1:4] 0.344 0.552 0.698 0.684
 $ : num [1, 1, 1:4] 7.7 2.87 2.34 1.53
NULL
R priorParameters: 2 8 
R maxT: 1 
R_PriorDraw_first_mu: 0.9769886 
R_PriorDraw_first_nu: 8.113429 
R-CCU: Before ClusterLabelChange for i = 64 newLabel= 1 currentLabel= 1 
R-CCU: sum(pointsPerCluster) = 1563 
 num [1:4] 1555 3 1 4
NULL
R-CCU: After ClusterLabelChange for i = 64 
R-CCU: sum(pointsPerCluster) = 1564 
 num [1:4] 1556 3 1 4
NULL
R-CCU: dpObj$numberClusters = 4 
List of 2
 $ : num [1, 1, 1:4] 0.344 0.552 0.698 0.684
 $ : num [1, 1, 1:4] 7.7 2.87 2.34 1.53
NULL
R priorParameters: 2 8 
R maxT: 1 
R_PriorDraw_first_mu: 0.4372073 
R_PriorDraw_first_nu: 2.803979 
R-CCU: Before ClusterLabelChange for i = 65 newLabel= 1 currentLabel= 1 
R-CCU: sum(pointsPerCluster) = 1564 
 num [1:4] 1556 3 1 4
NULL
R-CCU: After ClusterLabelChange for i = 65 
R-CCU: sum(pointsPerCluster) = 1565 
 num [1:4] 1557 3 1 4
NULL
R-CCU: dpObj$numberClusters = 4 
List of 2
 $ : num [1, 1, 1:4] 0.344 0.552 0.698 0.684
 $ : num [1, 1, 1:4] 7.7 2.87 2.34 1.53
NULL
R priorParameters: 2 8 
R maxT: 1 
R_PriorDraw_first_mu: 0.3268405 
R_PriorDraw_first_nu: 6.389703 
R-CCU: Before ClusterLabelChange for i = 66 newLabel= 1 currentLabel= 1 
R-CCU: sum(pointsPerCluster) = 1565 
 num [1:4] 1557 3 1 4
NULL
R-CCU: After ClusterLabelChange for i = 66 
R-CCU: sum(pointsPerCluster) = 1566 
 num [1:4] 1558 3 1 4
NULL
R-CCU: dpObj$numberClusters = 4 
List of 2
 $ : num [1, 1, 1:4] 0.344 0.552 0.698 0.684
 $ : num [1, 1, 1:4] 7.7 2.87 2.34 1.53
NULL
R priorParameters: 2 8 
R maxT: 1 
R_PriorDraw_first_mu: 0.8725858 
R_PriorDraw_first_nu: 16.11368 
R-CCU: Before ClusterLabelChange for i = 67 newLabel= 1 currentLabel= 1 
R-CCU: sum(pointsPerCluster) = 1566 
 num [1:4] 1558 3 1 4
NULL
R-CCU: After ClusterLabelChange for i = 67 
R-CCU: sum(pointsPerCluster) = 1567 
 num [1:4] 1559 3 1 4
NULL
R-CCU: dpObj$numberClusters = 4 
List of 2
 $ : num [1, 1, 1:4] 0.344 0.552 0.698 0.684
 $ : num [1, 1, 1:4] 7.7 2.87 2.34 1.53
NULL
R priorParameters: 2 8 
R maxT: 1 
R_PriorDraw_first_mu: 0.4493209 
R_PriorDraw_first_nu: 11.03825 
R-CCU: Before ClusterLabelChange for i = 68 newLabel= 1 currentLabel= 1 
R-CCU: sum(pointsPerCluster) = 1567 
 num [1:4] 1559 3 1 4
NULL
R-CCU: After ClusterLabelChange for i = 68 
R-CCU: sum(pointsPerCluster) = 1568 
 num [1:4] 1560 3 1 4
NULL
R-CCU: dpObj$numberClusters = 4 
List of 2
 $ : num [1, 1, 1:4] 0.344 0.552 0.698 0.684
 $ : num [1, 1, 1:4] 7.7 2.87 2.34 1.53
NULL
R priorParameters: 2 8 
R maxT: 1 
R_PriorDraw_first_mu: 0.2895369 
R_PriorDraw_first_nu: 4.749567 
R-CCU: Before ClusterLabelChange for i = 69 newLabel= 1 currentLabel= 1 
R-CCU: sum(pointsPerCluster) = 1568 
 num [1:4] 1560 3 1 4
NULL
R-CCU: After ClusterLabelChange for i = 69 
R-CCU: sum(pointsPerCluster) = 1569 
 num [1:4] 1561 3 1 4
NULL
R-CCU: dpObj$numberClusters = 4 
List of 2
 $ : num [1, 1, 1:4] 0.344 0.552 0.698 0.684
 $ : num [1, 1, 1:4] 7.7 2.87 2.34 1.53
NULL
R priorParameters: 2 8 
R maxT: 1 
R_PriorDraw_first_mu: 0.2559801 
R_PriorDraw_first_nu: 6.171859 
R-CCU: Before ClusterLabelChange for i = 70 newLabel= 1 currentLabel= 1 
R-CCU: sum(pointsPerCluster) = 1569 
 num [1:4] 1561 3 1 4
NULL
R-CCU: After ClusterLabelChange for i = 70 
R-CCU: sum(pointsPerCluster) = 1570 
 num [1:4] 1562 3 1 4
NULL
R-CCU: dpObj$numberClusters = 4 
List of 2
 $ : num [1, 1, 1:4] 0.344 0.552 0.698 0.684
 $ : num [1, 1, 1:4] 7.7 2.87 2.34 1.53
NULL
R priorParameters: 2 8 
R maxT: 1 
R_PriorDraw_first_mu: 0.8152704 
R_PriorDraw_first_nu: 5.873859 
R-CCU: Before ClusterLabelChange for i = 71 newLabel= 1 currentLabel= 1 
R-CCU: sum(pointsPerCluster) = 1570 
 num [1:4] 1562 3 1 4
NULL
R-CCU: After ClusterLabelChange for i = 71 
R-CCU: sum(pointsPerCluster) = 1571 
 num [1:4] 1563 3 1 4
NULL
R-CCU: dpObj$numberClusters = 4 
List of 2
 $ : num [1, 1, 1:4] 0.344 0.552 0.698 0.684
 $ : num [1, 1, 1:4] 7.7 2.87 2.34 1.53
NULL
R priorParameters: 2 8 
R maxT: 1 
R_PriorDraw_first_mu: 0.7559699 
R_PriorDraw_first_nu: 1.996989 
R-CCU: Before ClusterLabelChange for i = 72 newLabel= 1 currentLabel= 1 
R-CCU: sum(pointsPerCluster) = 1571 
 num [1:4] 1563 3 1 4
NULL
R-CCU: After ClusterLabelChange for i = 72 
R-CCU: sum(pointsPerCluster) = 1572 
 num [1:4] 1564 3 1 4
NULL
R-CCU: dpObj$numberClusters = 4 
List of 2
 $ : num [1, 1, 1:4] 0.344 0.552 0.698 0.684
 $ : num [1, 1, 1:4] 7.7 2.87 2.34 1.53
NULL
R priorParameters: 2 8 
R maxT: 1 
R_PriorDraw_first_mu: 0.8705058 
R_PriorDraw_first_nu: 2.904994 
R-CCU: Before ClusterLabelChange for i = 73 newLabel= 1 currentLabel= 1 
R-CCU: sum(pointsPerCluster) = 1572 
 num [1:4] 1564 3 1 4
NULL
R-CCU: After ClusterLabelChange for i = 73 
R-CCU: sum(pointsPerCluster) = 1573 
 num [1:4] 1565 3 1 4
NULL
R-CCU: dpObj$numberClusters = 4 
List of 2
 $ : num [1, 1, 1:4] 0.344 0.552 0.698 0.684
 $ : num [1, 1, 1:4] 7.7 2.87 2.34 1.53
NULL
R priorParameters: 2 8 
R maxT: 1 
R_PriorDraw_first_mu: 0.05100884 
R_PriorDraw_first_nu: 8.265618 
R-CCU: Before ClusterLabelChange for i = 74 newLabel= 1 currentLabel= 1 
R-CCU: sum(pointsPerCluster) = 1573 
 num [1:4] 1565 3 1 4
NULL
R-CCU: After ClusterLabelChange for i = 74 
R-CCU: sum(pointsPerCluster) = 1574 
 num [1:4] 1566 3 1 4
NULL
R-CCU: dpObj$numberClusters = 4 
List of 2
 $ : num [1, 1, 1:4] 0.344 0.552 0.698 0.684
 $ : num [1, 1, 1:4] 7.7 2.87 2.34 1.53
NULL
R priorParameters: 2 8 
R maxT: 1 
R_PriorDraw_first_mu: 0.2465788 
R_PriorDraw_first_nu: 1.740698 
R-CCU: Before ClusterLabelChange for i = 75 newLabel= 1 currentLabel= 1 
R-CCU: sum(pointsPerCluster) = 1574 
 num [1:4] 1566 3 1 4
NULL
R-CCU: After ClusterLabelChange for i = 75 
R-CCU: sum(pointsPerCluster) = 1575 
 num [1:4] 1567 3 1 4
NULL
R-CCU: dpObj$numberClusters = 4 
List of 2
 $ : num [1, 1, 1:4] 0.344 0.552 0.698 0.684
 $ : num [1, 1, 1:4] 7.7 2.87 2.34 1.53
NULL
R priorParameters: 2 8 
R maxT: 1 
R_PriorDraw_first_mu: 0.8530515 
R_PriorDraw_first_nu: 4.408539 
R-CCU: Before ClusterLabelChange for i = 76 newLabel= 1 currentLabel= 1 
R-CCU: sum(pointsPerCluster) = 1575 
 num [1:4] 1567 3 1 4
NULL
R-CCU: After ClusterLabelChange for i = 76 
R-CCU: sum(pointsPerCluster) = 1576 
 num [1:4] 1568 3 1 4
NULL
R-CCU: dpObj$numberClusters = 4 
List of 2
 $ : num [1, 1, 1:4] 0.344 0.552 0.698 0.684
 $ : num [1, 1, 1:4] 7.7 2.87 2.34 1.53
NULL
R priorParameters: 2 8 
R maxT: 1 
R_PriorDraw_first_mu: 0.710672 
R_PriorDraw_first_nu: 4.040469 
R-CCU: Before ClusterLabelChange for i = 77 newLabel= 1 currentLabel= 1 
R-CCU: sum(pointsPerCluster) = 1576 
 num [1:4] 1568 3 1 4
NULL
R-CCU: After ClusterLabelChange for i = 77 
R-CCU: sum(pointsPerCluster) = 1577 
 num [1:4] 1569 3 1 4
NULL
R-CCU: dpObj$numberClusters = 4 
List of 2
 $ : num [1, 1, 1:4] 0.344 0.552 0.698 0.684
 $ : num [1, 1, 1:4] 7.7 2.87 2.34 1.53
NULL
R priorParameters: 2 8 
R maxT: 1 
R_PriorDraw_first_mu: 0.06936782 
R_PriorDraw_first_nu: 16.03079 
R-CCU: Before ClusterLabelChange for i = 78 newLabel= 1 currentLabel= 1 
R-CCU: sum(pointsPerCluster) = 1577 
 num [1:4] 1569 3 1 4
NULL
R-CCU: After ClusterLabelChange for i = 78 
R-CCU: sum(pointsPerCluster) = 1578 
 num [1:4] 1570 3 1 4
NULL
R-CCU: dpObj$numberClusters = 4 
List of 2
 $ : num [1, 1, 1:4] 0.344 0.552 0.698 0.684
 $ : num [1, 1, 1:4] 7.7 2.87 2.34 1.53
NULL
R priorParameters: 2 8 
R maxT: 1 
R_PriorDraw_first_mu: 0.9404156 
R_PriorDraw_first_nu: 3.733567 
R-CCU: Before ClusterLabelChange for i = 79 newLabel= 1 currentLabel= 1 
R-CCU: sum(pointsPerCluster) = 1578 
 num [1:4] 1570 3 1 4
NULL
R-CCU: After ClusterLabelChange for i = 79 
R-CCU: sum(pointsPerCluster) = 1579 
 num [1:4] 1571 3 1 4
NULL
R-CCU: dpObj$numberClusters = 4 
List of 2
 $ : num [1, 1, 1:4] 0.344 0.552 0.698 0.684
 $ : num [1, 1, 1:4] 7.7 2.87 2.34 1.53
NULL
R priorParameters: 2 8 
R maxT: 1 
R_PriorDraw_first_mu: 0.4837505 
R_PriorDraw_first_nu: 33.77916 
R-CCU: Before ClusterLabelChange for i = 80 newLabel= 1 currentLabel= 1 
R-CCU: sum(pointsPerCluster) = 1579 
 num [1:4] 1571 3 1 4
NULL
R-CCU: After ClusterLabelChange for i = 80 
R-CCU: sum(pointsPerCluster) = 1580 
 num [1:4] 1572 3 1 4
NULL
R-CCU: dpObj$numberClusters = 4 
List of 2
 $ : num [1, 1, 1:4] 0.344 0.552 0.698 0.684
 $ : num [1, 1, 1:4] 7.7 2.87 2.34 1.53
NULL
R priorParameters: 2 8 
R maxT: 1 
R_PriorDraw_first_mu: 0.1675481 
R_PriorDraw_first_nu: 27.76864 
R-CCU: Before ClusterLabelChange for i = 81 newLabel= 1 currentLabel= 1 
R-CCU: sum(pointsPerCluster) = 1580 
 num [1:4] 1572 3 1 4
NULL
R-CCU: After ClusterLabelChange for i = 81 
R-CCU: sum(pointsPerCluster) = 1581 
 num [1:4] 1573 3 1 4
NULL
R-CCU: dpObj$numberClusters = 4 
List of 2
 $ : num [1, 1, 1:4] 0.344 0.552 0.698 0.684
 $ : num [1, 1, 1:4] 7.7 2.87 2.34 1.53
NULL
R priorParameters: 2 8 
R maxT: 1 
R_PriorDraw_first_mu: 0.0644218 
R_PriorDraw_first_nu: 6.306544 
R-CCU: Before ClusterLabelChange for i = 82 newLabel= 1 currentLabel= 1 
R-CCU: sum(pointsPerCluster) = 1581 
 num [1:4] 1573 3 1 4
NULL
R-CCU: After ClusterLabelChange for i = 82 
R-CCU: sum(pointsPerCluster) = 1582 
 num [1:4] 1574 3 1 4
NULL
R-CCU: dpObj$numberClusters = 4 
List of 2
 $ : num [1, 1, 1:4] 0.344 0.552 0.698 0.684
 $ : num [1, 1, 1:4] 7.7 2.87 2.34 1.53
NULL
R priorParameters: 2 8 
R maxT: 1 
R_PriorDraw_first_mu: 0.1508977 
R_PriorDraw_first_nu: 2.720201 
R-CCU: Before ClusterLabelChange for i = 83 newLabel= 1 currentLabel= 1 
R-CCU: sum(pointsPerCluster) = 1582 
 num [1:4] 1574 3 1 4
NULL
R-CCU: After ClusterLabelChange for i = 83 
R-CCU: sum(pointsPerCluster) = 1583 
 num [1:4] 1575 3 1 4
NULL
R-CCU: dpObj$numberClusters = 4 
List of 2
 $ : num [1, 1, 1:4] 0.344 0.552 0.698 0.684
 $ : num [1, 1, 1:4] 7.7 2.87 2.34 1.53
NULL
R priorParameters: 2 8 
R maxT: 1 
R_PriorDraw_first_mu: 0.01973432 
R_PriorDraw_first_nu: 1.372488 
R-CCU: Before ClusterLabelChange for i = 84 newLabel= 1 currentLabel= 1 
R-CCU: sum(pointsPerCluster) = 1583 
 num [1:4] 1575 3 1 4
NULL
R-CCU: After ClusterLabelChange for i = 84 
R-CCU: sum(pointsPerCluster) = 1584 
 num [1:4] 1576 3 1 4
NULL
R-CCU: dpObj$numberClusters = 4 
List of 2
 $ : num [1, 1, 1:4] 0.344 0.552 0.698 0.684
 $ : num [1, 1, 1:4] 7.7 2.87 2.34 1.53
NULL
R priorParameters: 2 8 
R maxT: 1 
R_PriorDraw_first_mu: 0.03726003 
R_PriorDraw_first_nu: 2.500515 
R-CCU: Before ClusterLabelChange for i = 85 newLabel= 1 currentLabel= 1 
R-CCU: sum(pointsPerCluster) = 1584 
 num [1:4] 1576 3 1 4
NULL
R-CCU: After ClusterLabelChange for i = 85 
R-CCU: sum(pointsPerCluster) = 1585 
 num [1:4] 1577 3 1 4
NULL
R-CCU: dpObj$numberClusters = 4 
List of 2
 $ : num [1, 1, 1:4] 0.344 0.552 0.698 0.684
 $ : num [1, 1, 1:4] 7.7 2.87 2.34 1.53
NULL
R priorParameters: 2 8 
R maxT: 1 
R_PriorDraw_first_mu: 0.0795018 
R_PriorDraw_first_nu: 9.082434 
R-CCU: Before ClusterLabelChange for i = 86 newLabel= 1 currentLabel= 1 
R-CCU: sum(pointsPerCluster) = 1585 
 num [1:4] 1577 3 1 4
NULL
R-CCU: After ClusterLabelChange for i = 86 
R-CCU: sum(pointsPerCluster) = 1586 
 num [1:4] 1578 3 1 4
NULL
R-CCU: dpObj$numberClusters = 4 
List of 2
 $ : num [1, 1, 1:4] 0.344 0.552 0.698 0.684
 $ : num [1, 1, 1:4] 7.7 2.87 2.34 1.53
NULL
R priorParameters: 2 8 
R maxT: 1 
R_PriorDraw_first_mu: 0.3121649 
R_PriorDraw_first_nu: 23.93086 
R-CCU: Before ClusterLabelChange for i = 87 newLabel= 1 currentLabel= 1 
R-CCU: sum(pointsPerCluster) = 1586 
 num [1:4] 1578 3 1 4
NULL
R-CCU: After ClusterLabelChange for i = 87 
R-CCU: sum(pointsPerCluster) = 1587 
 num [1:4] 1579 3 1 4
NULL
R-CCU: dpObj$numberClusters = 4 
List of 2
 $ : num [1, 1, 1:4] 0.344 0.552 0.698 0.684
 $ : num [1, 1, 1:4] 7.7 2.87 2.34 1.53
NULL
R priorParameters: 2 8 
R maxT: 1 
R_PriorDraw_first_mu: 0.9698039 
R_PriorDraw_first_nu: 1.862964 
R-CCU: Before ClusterLabelChange for i = 88 newLabel= 1 currentLabel= 1 
R-CCU: sum(pointsPerCluster) = 1587 
 num [1:4] 1579 3 1 4
NULL
R-CCU: After ClusterLabelChange for i = 88 
R-CCU: sum(pointsPerCluster) = 1588 
 num [1:4] 1580 3 1 4
NULL
R-CCU: dpObj$numberClusters = 4 
List of 2
 $ : num [1, 1, 1:4] 0.344 0.552 0.698 0.684
 $ : num [1, 1, 1:4] 7.7 2.87 2.34 1.53
NULL
R priorParameters: 2 8 
R maxT: 1 
R_PriorDraw_first_mu: 0.09551907 
R_PriorDraw_first_nu: 3.728611 
R-CCU: Before ClusterLabelChange for i = 89 newLabel= 1 currentLabel= 1 
R-CCU: sum(pointsPerCluster) = 1588 
 num [1:4] 1580 3 1 4
NULL
R-CCU: After ClusterLabelChange for i = 89 
R-CCU: sum(pointsPerCluster) = 1589 
 num [1:4] 1581 3 1 4
NULL
R-CCU: dpObj$numberClusters = 4 
List of 2
 $ : num [1, 1, 1:4] 0.344 0.552 0.698 0.684
 $ : num [1, 1, 1:4] 7.7 2.87 2.34 1.53
NULL
R priorParameters: 2 8 
R maxT: 1 
R_PriorDraw_first_mu: 0.7151685 
R_PriorDraw_first_nu: 8.014237 
R-CCU: Before ClusterLabelChange for i = 90 newLabel= 1 currentLabel= 1 
R-CCU: sum(pointsPerCluster) = 1589 
 num [1:4] 1581 3 1 4
NULL
R-CCU: After ClusterLabelChange for i = 90 
R-CCU: sum(pointsPerCluster) = 1590 
 num [1:4] 1582 3 1 4
NULL
R-CCU: dpObj$numberClusters = 4 
List of 2
 $ : num [1, 1, 1:4] 0.344 0.552 0.698 0.684
 $ : num [1, 1, 1:4] 7.7 2.87 2.34 1.53
NULL
R priorParameters: 2 8 
R maxT: 1 
R_PriorDraw_first_mu: 0.2477696 
R_PriorDraw_first_nu: 4.250195 
R-CCU: Before ClusterLabelChange for i = 91 newLabel= 1 currentLabel= 1 
R-CCU: sum(pointsPerCluster) = 1590 
 num [1:4] 1582 3 1 4
NULL
R-CCU: After ClusterLabelChange for i = 91 
R-CCU: sum(pointsPerCluster) = 1591 
 num [1:4] 1583 3 1 4
NULL
R-CCU: dpObj$numberClusters = 4 
List of 2
 $ : num [1, 1, 1:4] 0.344 0.552 0.698 0.684
 $ : num [1, 1, 1:4] 7.7 2.87 2.34 1.53
NULL
R priorParameters: 2 8 
R maxT: 1 
R_PriorDraw_first_mu: 0.8787031 
R_PriorDraw_first_nu: 2.855979 
R-CCU: Before ClusterLabelChange for i = 92 newLabel= 1 currentLabel= 1 
R-CCU: sum(pointsPerCluster) = 1591 
 num [1:4] 1583 3 1 4
NULL
R-CCU: After ClusterLabelChange for i = 92 
R-CCU: sum(pointsPerCluster) = 1592 
 num [1:4] 1584 3 1 4
NULL
R-CCU: dpObj$numberClusters = 4 
List of 2
 $ : num [1, 1, 1:4] 0.344 0.552 0.698 0.684
 $ : num [1, 1, 1:4] 7.7 2.87 2.34 1.53
NULL
R priorParameters: 2 8 
R maxT: 1 
R_PriorDraw_first_mu: 0.7173644 
R_PriorDraw_first_nu: 13.6379 
R-CCU: Before ClusterLabelChange for i = 93 newLabel= 1 currentLabel= 1 
R-CCU: sum(pointsPerCluster) = 1592 
 num [1:4] 1584 3 1 4
NULL
R-CCU: After ClusterLabelChange for i = 93 
R-CCU: sum(pointsPerCluster) = 1593 
 num [1:4] 1585 3 1 4
NULL
R-CCU: dpObj$numberClusters = 4 
List of 2
 $ : num [1, 1, 1:4] 0.344 0.552 0.698 0.684
 $ : num [1, 1, 1:4] 7.7 2.87 2.34 1.53
NULL
R priorParameters: 2 8 
R maxT: 1 
R_PriorDraw_first_mu: 0.07428753 
R_PriorDraw_first_nu: 2.522491 
R-CCU: Before ClusterLabelChange for i = 94 newLabel= 1 currentLabel= 1 
R-CCU: sum(pointsPerCluster) = 1593 
 num [1:4] 1585 3 1 4
NULL
R-CCU: After ClusterLabelChange for i = 94 
R-CCU: sum(pointsPerCluster) = 1594 
 num [1:4] 1586 3 1 4
NULL
R-CCU: dpObj$numberClusters = 4 
List of 2
 $ : num [1, 1, 1:4] 0.344 0.552 0.698 0.684
 $ : num [1, 1, 1:4] 7.7 2.87 2.34 1.53
NULL
R priorParameters: 2 8 
R maxT: 1 
R_PriorDraw_first_mu: 0.3837394 
R_PriorDraw_first_nu: 8.517919 
R-CCU: Before ClusterLabelChange for i = 95 newLabel= 1 currentLabel= 1 
R-CCU: sum(pointsPerCluster) = 1594 
 num [1:4] 1586 3 1 4
NULL
R-CCU: After ClusterLabelChange for i = 95 
R-CCU: sum(pointsPerCluster) = 1595 
 num [1:4] 1587 3 1 4
NULL
R-CCU: dpObj$numberClusters = 4 
List of 2
 $ : num [1, 1, 1:4] 0.344 0.552 0.698 0.684
 $ : num [1, 1, 1:4] 7.7 2.87 2.34 1.53
NULL
R priorParameters: 2 8 
R maxT: 1 
R_PriorDraw_first_mu: 0.5906267 
R_PriorDraw_first_nu: 1.926929 
R-CCU: Before ClusterLabelChange for i = 96 newLabel= 1 currentLabel= 1 
R-CCU: sum(pointsPerCluster) = 1595 
 num [1:4] 1587 3 1 4
NULL
R-CCU: After ClusterLabelChange for i = 96 
R-CCU: sum(pointsPerCluster) = 1596 
 num [1:4] 1588 3 1 4
NULL
R-CCU: dpObj$numberClusters = 4 
List of 2
 $ : num [1, 1, 1:4] 0.344 0.552 0.698 0.684
 $ : num [1, 1, 1:4] 7.7 2.87 2.34 1.53
NULL
R priorParameters: 2 8 
R maxT: 1 
R_PriorDraw_first_mu: 0.7210643 
R_PriorDraw_first_nu: 1.615644 
R-CCU: Before ClusterLabelChange for i = 97 newLabel= 1 currentLabel= 1 
R-CCU: sum(pointsPerCluster) = 1596 
 num [1:4] 1588 3 1 4
NULL
R-CCU: After ClusterLabelChange for i = 97 
R-CCU: sum(pointsPerCluster) = 1597 
 num [1:4] 1589 3 1 4
NULL
R-CCU: dpObj$numberClusters = 4 
List of 2
 $ : num [1, 1, 1:4] 0.344 0.552 0.698 0.684
 $ : num [1, 1, 1:4] 7.7 2.87 2.34 1.53
NULL
R priorParameters: 2 8 
R maxT: 1 
R_PriorDraw_first_mu: 0.4839792 
R_PriorDraw_first_nu: 32.10816 
R-CCU: Before ClusterLabelChange for i = 98 newLabel= 1 currentLabel= 1 
R-CCU: sum(pointsPerCluster) = 1597 
 num [1:4] 1589 3 1 4
NULL
R-CCU: After ClusterLabelChange for i = 98 
R-CCU: sum(pointsPerCluster) = 1598 
 num [1:4] 1590 3 1 4
NULL
R-CCU: dpObj$numberClusters = 4 
List of 2
 $ : num [1, 1, 1:4] 0.344 0.552 0.698 0.684
 $ : num [1, 1, 1:4] 7.7 2.87 2.34 1.53
NULL
R priorParameters: 2 8 
R maxT: 1 
R_PriorDraw_first_mu: 0.4533542 
R_PriorDraw_first_nu: 9.303701 
R-CCU: Before ClusterLabelChange for i = 99 newLabel= 1 currentLabel= 1 
R-CCU: sum(pointsPerCluster) = 1598 
 num [1:4] 1590 3 1 4
NULL
R-CCU: After ClusterLabelChange for i = 99 
R-CCU: sum(pointsPerCluster) = 1599 
 num [1:4] 1591 3 1 4
NULL
R-CCU: dpObj$numberClusters = 4 
List of 2
 $ : num [1, 1, 1:4] 0.344 0.552 0.698 0.684
 $ : num [1, 1, 1:4] 7.7 2.87 2.34 1.53
NULL
R priorParameters: 2 8 
R maxT: 1 
R_PriorDraw_first_mu: 0.7315125 
R_PriorDraw_first_nu: 4.324199 
R-CCU: Before ClusterLabelChange for i = 100 newLabel= 1 currentLabel= 1 
R-CCU: sum(pointsPerCluster) = 1599 
 num [1:4] 1591 3 1 4
NULL
R-CCU: After ClusterLabelChange for i = 100 
R-CCU: sum(pointsPerCluster) = 1600 
 num [1:4] 1592 3 1 4
NULL
R-CCU: dpObj$numberClusters = 4 
List of 2
 $ : num [1, 1, 1:4] 0.344 0.552 0.698 0.684
 $ : num [1, 1, 1:4] 7.7 2.87 2.34 1.53
NULL
R priorParameters: 2 8 
R maxT: 1 
R_PriorDraw_first_mu: 0.1617273 
R_PriorDraw_first_nu: 5.167679 
R-CCU: Before ClusterLabelChange for i = 1 newLabel= 1 currentLabel= 1 
R-CCU: sum(pointsPerCluster) = 1600 
 num [1:4] 1592 3 1 4
NULL
R-CCU: After ClusterLabelChange for i = 1 
R-CCU: sum(pointsPerCluster) = 1601 
 num [1:4] 1593 3 1 4
NULL
R-CCU: dpObj$numberClusters = 4 
List of 2
 $ : num [1, 1, 1:4] 0.331 0.552 0.698 0.684
 $ : num [1, 1, 1:4] 8.37 2.87 2.34 1.53
NULL
R priorParameters: 2 8 
R maxT: 1 
R_PriorDraw_first_mu: 0.9492782 
R_PriorDraw_first_nu: 9.670686 
R-CCU: Before ClusterLabelChange for i = 2 newLabel= 1 currentLabel= 1 
R-CCU: sum(pointsPerCluster) = 1601 
 num [1:4] 1593 3 1 4
NULL
R-CCU: After ClusterLabelChange for i = 2 
R-CCU: sum(pointsPerCluster) = 1602 
 num [1:4] 1594 3 1 4
NULL
R-CCU: dpObj$numberClusters = 4 
List of 2
 $ : num [1, 1, 1:4] 0.331 0.552 0.698 0.684
 $ : num [1, 1, 1:4] 8.37 2.87 2.34 1.53
NULL
R priorParameters: 2 8 
R maxT: 1 
R_PriorDraw_first_mu: 0.3508439 
R_PriorDraw_first_nu: 1.489812 
R-CCU: Before ClusterLabelChange for i = 3 newLabel= 1 currentLabel= 1 
R-CCU: sum(pointsPerCluster) = 1602 
 num [1:4] 1594 3 1 4
NULL
R-CCU: After ClusterLabelChange for i = 3 
R-CCU: sum(pointsPerCluster) = 1603 
 num [1:4] 1595 3 1 4
NULL
R-CCU: dpObj$numberClusters = 4 
List of 2
 $ : num [1, 1, 1:4] 0.331 0.552 0.698 0.684
 $ : num [1, 1, 1:4] 8.37 2.87 2.34 1.53
NULL
R priorParameters: 2 8 
R maxT: 1 
R_PriorDraw_first_mu: 0.593997 
R_PriorDraw_first_nu: 3.031521 
R-CCU: Before ClusterLabelChange for i = 4 newLabel= 1 currentLabel= 1 
R-CCU: sum(pointsPerCluster) = 1603 
 num [1:4] 1595 3 1 4
NULL
R-CCU: After ClusterLabelChange for i = 4 
R-CCU: sum(pointsPerCluster) = 1604 
 num [1:4] 1596 3 1 4
NULL
R-CCU: dpObj$numberClusters = 4 
List of 2
 $ : num [1, 1, 1:4] 0.331 0.552 0.698 0.684
 $ : num [1, 1, 1:4] 8.37 2.87 2.34 1.53
NULL
R priorParameters: 2 8 
R maxT: 1 
R_PriorDraw_first_mu: 0.3316066 
R_PriorDraw_first_nu: 15.21017 
R-CCU: Before ClusterLabelChange for i = 5 newLabel= 1 currentLabel= 1 
R-CCU: sum(pointsPerCluster) = 1604 
 num [1:4] 1596 3 1 4
NULL
R-CCU: After ClusterLabelChange for i = 5 
R-CCU: sum(pointsPerCluster) = 1605 
 num [1:4] 1597 3 1 4
NULL
R-CCU: dpObj$numberClusters = 4 
List of 2
 $ : num [1, 1, 1:4] 0.331 0.552 0.698 0.684
 $ : num [1, 1, 1:4] 8.37 2.87 2.34 1.53
NULL
R priorParameters: 2 8 
R maxT: 1 
R_PriorDraw_first_mu: 0.410111 
R_PriorDraw_first_nu: 40.84671 
R-CCU: Before ClusterLabelChange for i = 6 newLabel= 1 currentLabel= 1 
R-CCU: sum(pointsPerCluster) = 1605 
 num [1:4] 1597 3 1 4
NULL
R-CCU: After ClusterLabelChange for i = 6 
R-CCU: sum(pointsPerCluster) = 1606 
 num [1:4] 1598 3 1 4
NULL
R-CCU: dpObj$numberClusters = 4 
List of 2
 $ : num [1, 1, 1:4] 0.331 0.552 0.698 0.684
 $ : num [1, 1, 1:4] 8.37 2.87 2.34 1.53
NULL
R priorParameters: 2 8 
R maxT: 1 
R_PriorDraw_first_mu: 0.03464958 
R_PriorDraw_first_nu: 2.158616 
R-CCU: Before ClusterLabelChange for i = 7 newLabel= 1 currentLabel= 1 
R-CCU: sum(pointsPerCluster) = 1606 
 num [1:4] 1598 3 1 4
NULL
R-CCU: After ClusterLabelChange for i = 7 
R-CCU: sum(pointsPerCluster) = 1607 
 num [1:4] 1599 3 1 4
NULL
R-CCU: dpObj$numberClusters = 4 
List of 2
 $ : num [1, 1, 1:4] 0.331 0.552 0.698 0.684
 $ : num [1, 1, 1:4] 8.37 2.87 2.34 1.53
NULL
R priorParameters: 2 8 
R maxT: 1 
R_PriorDraw_first_mu: 0.2839401 
R_PriorDraw_first_nu: 63.54577 
R-CCU: Before ClusterLabelChange for i = 8 newLabel= 1 currentLabel= 1 
R-CCU: sum(pointsPerCluster) = 1607 
 num [1:4] 1599 3 1 4
NULL
R-CCU: After ClusterLabelChange for i = 8 
R-CCU: sum(pointsPerCluster) = 1608 
 num [1:4] 1600 3 1 4
NULL
R-CCU: dpObj$numberClusters = 4 
List of 2
 $ : num [1, 1, 1:4] 0.331 0.552 0.698 0.684
 $ : num [1, 1, 1:4] 8.37 2.87 2.34 1.53
NULL
R priorParameters: 2 8 
R maxT: 1 
R_PriorDraw_first_mu: 0.1255003 
R_PriorDraw_first_nu: 1.5758 
R-CCU: Before ClusterLabelChange for i = 9 newLabel= 1 currentLabel= 1 
R-CCU: sum(pointsPerCluster) = 1608 
 num [1:4] 1600 3 1 4
NULL
R-CCU: After ClusterLabelChange for i = 9 
R-CCU: sum(pointsPerCluster) = 1609 
 num [1:4] 1601 3 1 4
NULL
R-CCU: dpObj$numberClusters = 4 
List of 2
 $ : num [1, 1, 1:4] 0.331 0.552 0.698 0.684
 $ : num [1, 1, 1:4] 8.37 2.87 2.34 1.53
NULL
R priorParameters: 2 8 
R maxT: 1 
R_PriorDraw_first_mu: 0.3903987 
R_PriorDraw_first_nu: 4.512301 
R-CCU: Before ClusterLabelChange for i = 10 newLabel= 1 currentLabel= 1 
R-CCU: sum(pointsPerCluster) = 1609 
 num [1:4] 1601 3 1 4
NULL
R-CCU: After ClusterLabelChange for i = 10 
R-CCU: sum(pointsPerCluster) = 1610 
 num [1:4] 1602 3 1 4
NULL
R-CCU: dpObj$numberClusters = 4 
List of 2
 $ : num [1, 1, 1:4] 0.331 0.552 0.698 0.684
 $ : num [1, 1, 1:4] 8.37 2.87 2.34 1.53
NULL
R priorParameters: 2 8 
R maxT: 1 
R_PriorDraw_first_mu: 0.2282458 
R_PriorDraw_first_nu: 2.384228 
R-CCU: Before ClusterLabelChange for i = 11 newLabel= 1 currentLabel= 1 
R-CCU: sum(pointsPerCluster) = 1610 
 num [1:4] 1602 3 1 4
NULL
R-CCU: After ClusterLabelChange for i = 11 
R-CCU: sum(pointsPerCluster) = 1611 
 num [1:4] 1603 3 1 4
NULL
R-CCU: dpObj$numberClusters = 4 
List of 2
 $ : num [1, 1, 1:4] 0.331 0.552 0.698 0.684
 $ : num [1, 1, 1:4] 8.37 2.87 2.34 1.53
NULL
R priorParameters: 2 8 
R maxT: 1 
R_PriorDraw_first_mu: 0.2652536 
R_PriorDraw_first_nu: 7.678882 
R-CCU: Before ClusterLabelChange for i = 12 newLabel= 1 currentLabel= 1 
R-CCU: sum(pointsPerCluster) = 1611 
 num [1:4] 1603 3 1 4
NULL
R-CCU: After ClusterLabelChange for i = 12 
R-CCU: sum(pointsPerCluster) = 1612 
 num [1:4] 1604 3 1 4
NULL
R-CCU: dpObj$numberClusters = 4 
List of 2
 $ : num [1, 1, 1:4] 0.331 0.552 0.698 0.684
 $ : num [1, 1, 1:4] 8.37 2.87 2.34 1.53
NULL
R priorParameters: 2 8 
R maxT: 1 
R_PriorDraw_first_mu: 0.5700676 
R_PriorDraw_first_nu: 7.155462 
R-CCU: Before ClusterLabelChange for i = 13 newLabel= 1 currentLabel= 1 
R-CCU: sum(pointsPerCluster) = 1612 
 num [1:4] 1604 3 1 4
NULL
R-CCU: After ClusterLabelChange for i = 13 
R-CCU: sum(pointsPerCluster) = 1613 
 num [1:4] 1605 3 1 4
NULL
R-CCU: dpObj$numberClusters = 4 
List of 2
 $ : num [1, 1, 1:4] 0.331 0.552 0.698 0.684
 $ : num [1, 1, 1:4] 8.37 2.87 2.34 1.53
NULL
R priorParameters: 2 8 
R maxT: 1 
R_PriorDraw_first_mu: 0.4969004 
R_PriorDraw_first_nu: 7.724661 
R-CCU: Before ClusterLabelChange for i = 14 newLabel= 1 currentLabel= 1 
R-CCU: sum(pointsPerCluster) = 1613 
 num [1:4] 1605 3 1 4
NULL
R-CCU: After ClusterLabelChange for i = 14 
R-CCU: sum(pointsPerCluster) = 1614 
 num [1:4] 1606 3 1 4
NULL
R-CCU: dpObj$numberClusters = 4 
List of 2
 $ : num [1, 1, 1:4] 0.331 0.552 0.698 0.684
 $ : num [1, 1, 1:4] 8.37 2.87 2.34 1.53
NULL
R priorParameters: 2 8 
R maxT: 1 
R_PriorDraw_first_mu: 0.7513191 
R_PriorDraw_first_nu: 1.175365 
R-CCU: Before ClusterLabelChange for i = 15 newLabel= 1 currentLabel= 1 
R-CCU: sum(pointsPerCluster) = 1614 
 num [1:4] 1606 3 1 4
NULL
R-CCU: After ClusterLabelChange for i = 15 
R-CCU: sum(pointsPerCluster) = 1615 
 num [1:4] 1607 3 1 4
NULL
R-CCU: dpObj$numberClusters = 4 
List of 2
 $ : num [1, 1, 1:4] 0.331 0.552 0.698 0.684
 $ : num [1, 1, 1:4] 8.37 2.87 2.34 1.53
NULL
R priorParameters: 2 8 
R maxT: 1 
R_PriorDraw_first_mu: 0.1800718 
R_PriorDraw_first_nu: 6.207928 
R-CCU: Before ClusterLabelChange for i = 16 newLabel= 1 currentLabel= 1 
R-CCU: sum(pointsPerCluster) = 1615 
 num [1:4] 1607 3 1 4
NULL
R-CCU: After ClusterLabelChange for i = 16 
R-CCU: sum(pointsPerCluster) = 1616 
 num [1:4] 1608 3 1 4
NULL
R-CCU: dpObj$numberClusters = 4 
List of 2
 $ : num [1, 1, 1:4] 0.331 0.552 0.698 0.684
 $ : num [1, 1, 1:4] 8.37 2.87 2.34 1.53
NULL
R priorParameters: 2 8 
R maxT: 1 
R_PriorDraw_first_mu: 0.06030554 
R_PriorDraw_first_nu: 4.233563 
R-CCU: Before ClusterLabelChange for i = 17 newLabel= 1 currentLabel= 1 
R-CCU: sum(pointsPerCluster) = 1616 
 num [1:4] 1608 3 1 4
NULL
R-CCU: After ClusterLabelChange for i = 17 
R-CCU: sum(pointsPerCluster) = 1617 
 num [1:4] 1609 3 1 4
NULL
R-CCU: dpObj$numberClusters = 4 
List of 2
 $ : num [1, 1, 1:4] 0.331 0.552 0.698 0.684
 $ : num [1, 1, 1:4] 8.37 2.87 2.34 1.53
NULL
R priorParameters: 2 8 
R maxT: 1 
R_PriorDraw_first_mu: 0.5092792 
R_PriorDraw_first_nu: 2.953669 
R-CCU: Before ClusterLabelChange for i = 18 newLabel= 1 currentLabel= 1 
R-CCU: sum(pointsPerCluster) = 1617 
 num [1:4] 1609 3 1 4
NULL
R-CCU: After ClusterLabelChange for i = 18 
R-CCU: sum(pointsPerCluster) = 1618 
 num [1:4] 1610 3 1 4
NULL
R-CCU: dpObj$numberClusters = 4 
List of 2
 $ : num [1, 1, 1:4] 0.331 0.552 0.698 0.684
 $ : num [1, 1, 1:4] 8.37 2.87 2.34 1.53
NULL
R priorParameters: 2 8 
R maxT: 1 
R_PriorDraw_first_mu: 0.07736822 
R_PriorDraw_first_nu: 4.624715 
R-CCU: Before ClusterLabelChange for i = 19 newLabel= 1 currentLabel= 1 
R-CCU: sum(pointsPerCluster) = 1618 
 num [1:4] 1610 3 1 4
NULL
R-CCU: After ClusterLabelChange for i = 19 
R-CCU: sum(pointsPerCluster) = 1619 
 num [1:4] 1611 3 1 4
NULL
R-CCU: dpObj$numberClusters = 4 
List of 2
 $ : num [1, 1, 1:4] 0.331 0.552 0.698 0.684
 $ : num [1, 1, 1:4] 8.37 2.87 2.34 1.53
NULL
R priorParameters: 2 8 
R maxT: 1 
R_PriorDraw_first_mu: 0.9501482 
R_PriorDraw_first_nu: 4.239794 
R-CCU: Before ClusterLabelChange for i = 20 newLabel= 1 currentLabel= 1 
R-CCU: sum(pointsPerCluster) = 1619 
 num [1:4] 1611 3 1 4
NULL
R-CCU: After ClusterLabelChange for i = 20 
R-CCU: sum(pointsPerCluster) = 1620 
 num [1:4] 1612 3 1 4
NULL
R-CCU: dpObj$numberClusters = 4 
List of 2
 $ : num [1, 1, 1:4] 0.331 0.552 0.698 0.684
 $ : num [1, 1, 1:4] 8.37 2.87 2.34 1.53
NULL
R priorParameters: 2 8 
R maxT: 1 
R_PriorDraw_first_mu: 0.3289507 
R_PriorDraw_first_nu: 2.765535 
R-CCU: Before ClusterLabelChange for i = 21 newLabel= 1 currentLabel= 1 
R-CCU: sum(pointsPerCluster) = 1620 
 num [1:4] 1612 3 1 4
NULL
R-CCU: After ClusterLabelChange for i = 21 
R-CCU: sum(pointsPerCluster) = 1621 
 num [1:4] 1613 3 1 4
NULL
R-CCU: dpObj$numberClusters = 4 
List of 2
 $ : num [1, 1, 1:4] 0.331 0.552 0.698 0.684
 $ : num [1, 1, 1:4] 8.37 2.87 2.34 1.53
NULL
R priorParameters: 2 8 
R maxT: 1 
R_PriorDraw_first_mu: 0.891919 
R_PriorDraw_first_nu: 3.848461 
R-CCU: Before ClusterLabelChange for i = 22 newLabel= 1 currentLabel= 1 
R-CCU: sum(pointsPerCluster) = 1621 
 num [1:4] 1613 3 1 4
NULL
R-CCU: After ClusterLabelChange for i = 22 
R-CCU: sum(pointsPerCluster) = 1622 
 num [1:4] 1614 3 1 4
NULL
R-CCU: dpObj$numberClusters = 4 
List of 2
 $ : num [1, 1, 1:4] 0.331 0.552 0.698 0.684
 $ : num [1, 1, 1:4] 8.37 2.87 2.34 1.53
NULL
R priorParameters: 2 8 
R maxT: 1 
R_PriorDraw_first_mu: 0.3204508 
R_PriorDraw_first_nu: 13.46407 
R-CCU: Before ClusterLabelChange for i = 23 newLabel= 1 currentLabel= 1 
R-CCU: sum(pointsPerCluster) = 1622 
 num [1:4] 1614 3 1 4
NULL
R-CCU: After ClusterLabelChange for i = 23 
R-CCU: sum(pointsPerCluster) = 1623 
 num [1:4] 1615 3 1 4
NULL
R-CCU: dpObj$numberClusters = 4 
List of 2
 $ : num [1, 1, 1:4] 0.331 0.552 0.698 0.684
 $ : num [1, 1, 1:4] 8.37 2.87 2.34 1.53
NULL
R priorParameters: 2 8 
R maxT: 1 
R_PriorDraw_first_mu: 0.9094915 
R_PriorDraw_first_nu: 6.380522 
R-CCU: Before ClusterLabelChange for i = 24 newLabel= 1 currentLabel= 1 
R-CCU: sum(pointsPerCluster) = 1623 
 num [1:4] 1615 3 1 4
NULL
R-CCU: After ClusterLabelChange for i = 24 
R-CCU: sum(pointsPerCluster) = 1624 
 num [1:4] 1616 3 1 4
NULL
R-CCU: dpObj$numberClusters = 4 
List of 2
 $ : num [1, 1, 1:4] 0.331 0.552 0.698 0.684
 $ : num [1, 1, 1:4] 8.37 2.87 2.34 1.53
NULL
R priorParameters: 2 8 
R maxT: 1 
R_PriorDraw_first_mu: 0.3571777 
R_PriorDraw_first_nu: 6.133237 
R-CCU: Before ClusterLabelChange for i = 25 newLabel= 1 currentLabel= 1 
R-CCU: sum(pointsPerCluster) = 1624 
 num [1:4] 1616 3 1 4
NULL
R-CCU: After ClusterLabelChange for i = 25 
R-CCU: sum(pointsPerCluster) = 1625 
 num [1:4] 1617 3 1 4
NULL
R-CCU: dpObj$numberClusters = 4 
List of 2
 $ : num [1, 1, 1:4] 0.331 0.552 0.698 0.684
 $ : num [1, 1, 1:4] 8.37 2.87 2.34 1.53
NULL
R priorParameters: 2 8 
R maxT: 1 
R_PriorDraw_first_mu: 0.9709082 
R_PriorDraw_first_nu: 9.515648 
R-CCU: Before ClusterLabelChange for i = 26 newLabel= 1 currentLabel= 1 
R-CCU: sum(pointsPerCluster) = 1625 
 num [1:4] 1617 3 1 4
NULL
R-CCU: After ClusterLabelChange for i = 26 
R-CCU: sum(pointsPerCluster) = 1626 
 num [1:4] 1618 3 1 4
NULL
R-CCU: dpObj$numberClusters = 4 
List of 2
 $ : num [1, 1, 1:4] 0.331 0.552 0.698 0.684
 $ : num [1, 1, 1:4] 8.37 2.87 2.34 1.53
NULL
R priorParameters: 2 8 
R maxT: 1 
R_PriorDraw_first_mu: 0.6115797 
R_PriorDraw_first_nu: 19.7959 
R-CCU: Before ClusterLabelChange for i = 27 newLabel= 1 currentLabel= 1 
R-CCU: sum(pointsPerCluster) = 1626 
 num [1:4] 1618 3 1 4
NULL
R-CCU: After ClusterLabelChange for i = 27 
R-CCU: sum(pointsPerCluster) = 1627 
 num [1:4] 1619 3 1 4
NULL
R-CCU: dpObj$numberClusters = 4 
List of 2
 $ : num [1, 1, 1:4] 0.331 0.552 0.698 0.684
 $ : num [1, 1, 1:4] 8.37 2.87 2.34 1.53
NULL
R priorParameters: 2 8 
R maxT: 1 
R_PriorDraw_first_mu: 0.6473374 
R_PriorDraw_first_nu: 22.04426 
R-CCU: Before ClusterLabelChange for i = 28 newLabel= 1 currentLabel= 1 
R-CCU: sum(pointsPerCluster) = 1627 
 num [1:4] 1619 3 1 4
NULL
R-CCU: After ClusterLabelChange for i = 28 
R-CCU: sum(pointsPerCluster) = 1628 
 num [1:4] 1620 3 1 4
NULL
R-CCU: dpObj$numberClusters = 4 
List of 2
 $ : num [1, 1, 1:4] 0.331 0.552 0.698 0.684
 $ : num [1, 1, 1:4] 8.37 2.87 2.34 1.53
NULL
R priorParameters: 2 8 
R maxT: 1 
R_PriorDraw_first_mu: 0.9269467 
R_PriorDraw_first_nu: 1.627532 
R-CCU: Before ClusterLabelChange for i = 29 newLabel= 1 currentLabel= 1 
R-CCU: sum(pointsPerCluster) = 1628 
 num [1:4] 1620 3 1 4
NULL
R-CCU: After ClusterLabelChange for i = 29 
R-CCU: sum(pointsPerCluster) = 1629 
 num [1:4] 1621 3 1 4
NULL
R-CCU: dpObj$numberClusters = 4 
List of 2
 $ : num [1, 1, 1:4] 0.331 0.552 0.698 0.684
 $ : num [1, 1, 1:4] 8.37 2.87 2.34 1.53
NULL
R priorParameters: 2 8 
R maxT: 1 
R_PriorDraw_first_mu: 0.9676172 
R_PriorDraw_first_nu: 8.110988 
R-CCU: Before ClusterLabelChange for i = 30 newLabel= 1 currentLabel= 1 
R-CCU: sum(pointsPerCluster) = 1629 
 num [1:4] 1621 3 1 4
NULL
R-CCU: After ClusterLabelChange for i = 30 
R-CCU: sum(pointsPerCluster) = 1630 
 num [1:4] 1622 3 1 4
NULL
R-CCU: dpObj$numberClusters = 4 
List of 2
 $ : num [1, 1, 1:4] 0.331 0.552 0.698 0.684
 $ : num [1, 1, 1:4] 8.37 2.87 2.34 1.53
NULL
R priorParameters: 2 8 
R maxT: 1 
R_PriorDraw_first_mu: 0.8539425 
R_PriorDraw_first_nu: 1.759043 
R-CCU: Before ClusterLabelChange for i = 31 newLabel= 1 currentLabel= 1 
R-CCU: sum(pointsPerCluster) = 1630 
 num [1:4] 1622 3 1 4
NULL
R-CCU: After ClusterLabelChange for i = 31 
R-CCU: sum(pointsPerCluster) = 1631 
 num [1:4] 1623 3 1 4
NULL
R-CCU: dpObj$numberClusters = 4 
List of 2
 $ : num [1, 1, 1:4] 0.331 0.552 0.698 0.684
 $ : num [1, 1, 1:4] 8.37 2.87 2.34 1.53
NULL
R priorParameters: 2 8 
R maxT: 1 
R_PriorDraw_first_mu: 0.2370709 
R_PriorDraw_first_nu: 9.397639 
R-CCU: Before ClusterLabelChange for i = 32 newLabel= 1 currentLabel= 1 
R-CCU: sum(pointsPerCluster) = 1631 
 num [1:4] 1623 3 1 4
NULL
R-CCU: After ClusterLabelChange for i = 32 
R-CCU: sum(pointsPerCluster) = 1632 
 num [1:4] 1624 3 1 4
NULL
R-CCU: dpObj$numberClusters = 4 
List of 2
 $ : num [1, 1, 1:4] 0.331 0.552 0.698 0.684
 $ : num [1, 1, 1:4] 8.37 2.87 2.34 1.53
NULL
R priorParameters: 2 8 
R maxT: 1 
R_PriorDraw_first_mu: 0.4555218 
R_PriorDraw_first_nu: 2.173107 
R-CCU: Before ClusterLabelChange for i = 33 newLabel= 1 currentLabel= 1 
R-CCU: sum(pointsPerCluster) = 1632 
 num [1:4] 1624 3 1 4
NULL
R-CCU: After ClusterLabelChange for i = 33 
R-CCU: sum(pointsPerCluster) = 1633 
 num [1:4] 1625 3 1 4
NULL
R-CCU: dpObj$numberClusters = 4 
List of 2
 $ : num [1, 1, 1:4] 0.331 0.552 0.698 0.684
 $ : num [1, 1, 1:4] 8.37 2.87 2.34 1.53
NULL
R priorParameters: 2 8 
R maxT: 1 
R_PriorDraw_first_mu: 0.1256482 
R_PriorDraw_first_nu: 8.076176 
R-CCU: Before ClusterLabelChange for i = 34 newLabel= 1 currentLabel= 1 
R-CCU: sum(pointsPerCluster) = 1633 
 num [1:4] 1625 3 1 4
NULL
R-CCU: After ClusterLabelChange for i = 34 
R-CCU: sum(pointsPerCluster) = 1634 
 num [1:4] 1626 3 1 4
NULL
R-CCU: dpObj$numberClusters = 4 
List of 2
 $ : num [1, 1, 1:4] 0.331 0.552 0.698 0.684
 $ : num [1, 1, 1:4] 8.37 2.87 2.34 1.53
NULL
R priorParameters: 2 8 
R maxT: 1 
R_PriorDraw_first_mu: 0.7769321 
R_PriorDraw_first_nu: 96.56049 
R-CCU: Before ClusterLabelChange for i = 35 newLabel= 1 currentLabel= 1 
R-CCU: sum(pointsPerCluster) = 1634 
 num [1:4] 1626 3 1 4
NULL
R-CCU: After ClusterLabelChange for i = 35 
R-CCU: sum(pointsPerCluster) = 1635 
 num [1:4] 1627 3 1 4
NULL
R-CCU: dpObj$numberClusters = 4 
List of 2
 $ : num [1, 1, 1:4] 0.331 0.552 0.698 0.684
 $ : num [1, 1, 1:4] 8.37 2.87 2.34 1.53
NULL
R priorParameters: 2 8 
R maxT: 1 
R_PriorDraw_first_mu: 0.8789532 
R_PriorDraw_first_nu: 3.293985 
R-CCU: Before ClusterLabelChange for i = 36 newLabel= 1 currentLabel= 1 
R-CCU: sum(pointsPerCluster) = 1635 
 num [1:4] 1627 3 1 4
NULL
R-CCU: After ClusterLabelChange for i = 36 
R-CCU: sum(pointsPerCluster) = 1636 
 num [1:4] 1628 3 1 4
NULL
R-CCU: dpObj$numberClusters = 4 
List of 2
 $ : num [1, 1, 1:4] 0.331 0.552 0.698 0.684
 $ : num [1, 1, 1:4] 8.37 2.87 2.34 1.53
NULL
R priorParameters: 2 8 
R maxT: 1 
R_PriorDraw_first_mu: 0.1391288 
R_PriorDraw_first_nu: 20.61536 
R-CCU: Before ClusterLabelChange for i = 37 newLabel= 1 currentLabel= 1 
R-CCU: sum(pointsPerCluster) = 1636 
 num [1:4] 1628 3 1 4
NULL
R-CCU: After ClusterLabelChange for i = 37 
R-CCU: sum(pointsPerCluster) = 1637 
 num [1:4] 1629 3 1 4
NULL
R-CCU: dpObj$numberClusters = 4 
List of 2
 $ : num [1, 1, 1:4] 0.331 0.552 0.698 0.684
 $ : num [1, 1, 1:4] 8.37 2.87 2.34 1.53
NULL
R priorParameters: 2 8 
R maxT: 1 
R_PriorDraw_first_mu: 0.08763456 
R_PriorDraw_first_nu: 2.269494 
R-CCU: Before ClusterLabelChange for i = 38 newLabel= 1 currentLabel= 1 
R-CCU: sum(pointsPerCluster) = 1637 
 num [1:4] 1629 3 1 4
NULL
R-CCU: After ClusterLabelChange for i = 38 
R-CCU: sum(pointsPerCluster) = 1638 
 num [1:4] 1630 3 1 4
NULL
R-CCU: dpObj$numberClusters = 4 
List of 2
 $ : num [1, 1, 1:4] 0.331 0.552 0.698 0.684
 $ : num [1, 1, 1:4] 8.37 2.87 2.34 1.53
NULL
R priorParameters: 2 8 
R maxT: 1 
R_PriorDraw_first_mu: 0.5653378 
R_PriorDraw_first_nu: 2.852337 
R-CCU: Before ClusterLabelChange for i = 39 newLabel= 1 currentLabel= 1 
R-CCU: sum(pointsPerCluster) = 1638 
 num [1:4] 1630 3 1 4
NULL
R-CCU: After ClusterLabelChange for i = 39 
R-CCU: sum(pointsPerCluster) = 1639 
 num [1:4] 1631 3 1 4
NULL
R-CCU: dpObj$numberClusters = 4 
List of 2
 $ : num [1, 1, 1:4] 0.331 0.552 0.698 0.684
 $ : num [1, 1, 1:4] 8.37 2.87 2.34 1.53
NULL
R priorParameters: 2 8 
R maxT: 1 
R_PriorDraw_first_mu: 0.3636078 
R_PriorDraw_first_nu: 8.879986 
R-CCU: Before ClusterLabelChange for i = 40 newLabel= 1 currentLabel= 1 
R-CCU: sum(pointsPerCluster) = 1639 
 num [1:4] 1631 3 1 4
NULL
R-CCU: After ClusterLabelChange for i = 40 
R-CCU: sum(pointsPerCluster) = 1640 
 num [1:4] 1632 3 1 4
NULL
R-CCU: dpObj$numberClusters = 4 
List of 2
 $ : num [1, 1, 1:4] 0.331 0.552 0.698 0.684
 $ : num [1, 1, 1:4] 8.37 2.87 2.34 1.53
NULL
R priorParameters: 2 8 
R maxT: 1 
R_PriorDraw_first_mu: 0.3718767 
R_PriorDraw_first_nu: 2.253727 
R-CCU: Before ClusterLabelChange for i = 41 newLabel= 1 currentLabel= 1 
R-CCU: sum(pointsPerCluster) = 1640 
 num [1:4] 1632 3 1 4
NULL
R-CCU: After ClusterLabelChange for i = 41 
R-CCU: sum(pointsPerCluster) = 1641 
 num [1:4] 1633 3 1 4
NULL
R-CCU: dpObj$numberClusters = 4 
List of 2
 $ : num [1, 1, 1:4] 0.331 0.552 0.698 0.684
 $ : num [1, 1, 1:4] 8.37 2.87 2.34 1.53
NULL
R priorParameters: 2 8 
R maxT: 1 
R_PriorDraw_first_mu: 0.9469922 
R_PriorDraw_first_nu: 5.886671 
R-CCU: Before ClusterLabelChange for i = 42 newLabel= 1 currentLabel= 1 
R-CCU: sum(pointsPerCluster) = 1641 
 num [1:4] 1633 3 1 4
NULL
R-CCU: After ClusterLabelChange for i = 42 
R-CCU: sum(pointsPerCluster) = 1642 
 num [1:4] 1634 3 1 4
NULL
R-CCU: dpObj$numberClusters = 4 
List of 2
 $ : num [1, 1, 1:4] 0.331 0.552 0.698 0.684
 $ : num [1, 1, 1:4] 8.37 2.87 2.34 1.53
NULL
R priorParameters: 2 8 
R maxT: 1 
R_PriorDraw_first_mu: 0.4268036 
R_PriorDraw_first_nu: 1.058219 
R-CCU: Before ClusterLabelChange for i = 43 newLabel= 1 currentLabel= 1 
R-CCU: sum(pointsPerCluster) = 1642 
 num [1:4] 1634 3 1 4
NULL
R-CCU: After ClusterLabelChange for i = 43 
R-CCU: sum(pointsPerCluster) = 1643 
 num [1:4] 1635 3 1 4
NULL
R-CCU: dpObj$numberClusters = 4 
List of 2
 $ : num [1, 1, 1:4] 0.331 0.552 0.698 0.684
 $ : num [1, 1, 1:4] 8.37 2.87 2.34 1.53
NULL
R priorParameters: 2 8 
R maxT: 1 
R_PriorDraw_first_mu: 0.1653437 
R_PriorDraw_first_nu: 1.622076 
R-CCU: Before ClusterLabelChange for i = 44 newLabel= 1 currentLabel= 1 
R-CCU: sum(pointsPerCluster) = 1643 
 num [1:4] 1635 3 1 4
NULL
R-CCU: After ClusterLabelChange for i = 44 
R-CCU: sum(pointsPerCluster) = 1644 
 num [1:4] 1636 3 1 4
NULL
R-CCU: dpObj$numberClusters = 4 
List of 2
 $ : num [1, 1, 1:4] 0.331 0.552 0.698 0.684
 $ : num [1, 1, 1:4] 8.37 2.87 2.34 1.53
NULL
R priorParameters: 2 8 
R maxT: 1 
R_PriorDraw_first_mu: 0.2714474 
R_PriorDraw_first_nu: 16.82048 
R-CCU: Before ClusterLabelChange for i = 45 newLabel= 1 currentLabel= 1 
R-CCU: sum(pointsPerCluster) = 1644 
 num [1:4] 1636 3 1 4
NULL
R-CCU: After ClusterLabelChange for i = 45 
R-CCU: sum(pointsPerCluster) = 1645 
 num [1:4] 1637 3 1 4
NULL
R-CCU: dpObj$numberClusters = 4 
List of 2
 $ : num [1, 1, 1:4] 0.331 0.552 0.698 0.684
 $ : num [1, 1, 1:4] 8.37 2.87 2.34 1.53
NULL
R priorParameters: 2 8 
R maxT: 1 
R_PriorDraw_first_mu: 0.9610701 
R_PriorDraw_first_nu: 1.656416 
R-CCU: Before ClusterLabelChange for i = 46 newLabel= 1 currentLabel= 1 
R-CCU: sum(pointsPerCluster) = 1645 
 num [1:4] 1637 3 1 4
NULL
R-CCU: After ClusterLabelChange for i = 46 
R-CCU: sum(pointsPerCluster) = 1646 
 num [1:4] 1638 3 1 4
NULL
R-CCU: dpObj$numberClusters = 4 
List of 2
 $ : num [1, 1, 1:4] 0.331 0.552 0.698 0.684
 $ : num [1, 1, 1:4] 8.37 2.87 2.34 1.53
NULL
R priorParameters: 2 8 
R maxT: 1 
R_PriorDraw_first_mu: 0.9615614 
R_PriorDraw_first_nu: 3.367469 
R-CCU: Before ClusterLabelChange for i = 47 newLabel= 1 currentLabel= 1 
R-CCU: sum(pointsPerCluster) = 1646 
 num [1:4] 1638 3 1 4
NULL
R-CCU: After ClusterLabelChange for i = 47 
R-CCU: sum(pointsPerCluster) = 1647 
 num [1:4] 1639 3 1 4
NULL
R-CCU: dpObj$numberClusters = 4 
List of 2
 $ : num [1, 1, 1:4] 0.331 0.552 0.698 0.684
 $ : num [1, 1, 1:4] 8.37 2.87 2.34 1.53
NULL
R priorParameters: 2 8 
R maxT: 1 
R_PriorDraw_first_mu: 0.6655693 
R_PriorDraw_first_nu: 2.09961 
R-CCU: Before ClusterLabelChange for i = 48 newLabel= 1 currentLabel= 1 
R-CCU: sum(pointsPerCluster) = 1647 
 num [1:4] 1639 3 1 4
NULL
R-CCU: After ClusterLabelChange for i = 48 
R-CCU: sum(pointsPerCluster) = 1648 
 num [1:4] 1640 3 1 4
NULL
R-CCU: dpObj$numberClusters = 4 
List of 2
 $ : num [1, 1, 1:4] 0.331 0.552 0.698 0.684
 $ : num [1, 1, 1:4] 8.37 2.87 2.34 1.53
NULL
R priorParameters: 2 8 
R maxT: 1 
R_PriorDraw_first_mu: 0.05657076 
R_PriorDraw_first_nu: 3.627203 
R-CCU: Before ClusterLabelChange for i = 49 newLabel= 1 currentLabel= 1 
R-CCU: sum(pointsPerCluster) = 1648 
 num [1:4] 1640 3 1 4
NULL
R-CCU: After ClusterLabelChange for i = 49 
R-CCU: sum(pointsPerCluster) = 1649 
 num [1:4] 1641 3 1 4
NULL
R-CCU: dpObj$numberClusters = 4 
List of 2
 $ : num [1, 1, 1:4] 0.331 0.552 0.698 0.684
 $ : num [1, 1, 1:4] 8.37 2.87 2.34 1.53
NULL
R priorParameters: 2 8 
R maxT: 1 
R_PriorDraw_first_mu: 0.4221349 
R_PriorDraw_first_nu: 4.837205 
R-CCU: Before ClusterLabelChange for i = 50 newLabel= 1 currentLabel= 1 
R-CCU: sum(pointsPerCluster) = 1649 
 num [1:4] 1641 3 1 4
NULL
R-CCU: After ClusterLabelChange for i = 50 
R-CCU: sum(pointsPerCluster) = 1650 
 num [1:4] 1642 3 1 4
NULL
R-CCU: dpObj$numberClusters = 4 
List of 2
 $ : num [1, 1, 1:4] 0.331 0.552 0.698 0.684
 $ : num [1, 1, 1:4] 8.37 2.87 2.34 1.53
NULL
R priorParameters: 2 8 
R maxT: 1 
R_PriorDraw_first_mu: 0.9730031 
R_PriorDraw_first_nu: 5.359956 
R-CCU: Before ClusterLabelChange for i = 51 newLabel= 1 currentLabel= 1 
R-CCU: sum(pointsPerCluster) = 1650 
 num [1:4] 1642 3 1 4
NULL
R-CCU: After ClusterLabelChange for i = 51 
R-CCU: sum(pointsPerCluster) = 1651 
 num [1:4] 1643 3 1 4
NULL
R-CCU: dpObj$numberClusters = 4 
List of 2
 $ : num [1, 1, 1:4] 0.331 0.552 0.698 0.684
 $ : num [1, 1, 1:4] 8.37 2.87 2.34 1.53
NULL
R priorParameters: 2 8 
R maxT: 1 
R_PriorDraw_first_mu: 0.6255661 
R_PriorDraw_first_nu: 4.280166 
R-CCU: Before ClusterLabelChange for i = 52 newLabel= 1 currentLabel= 1 
R-CCU: sum(pointsPerCluster) = 1651 
 num [1:4] 1643 3 1 4
NULL
R-CCU: After ClusterLabelChange for i = 52 
R-CCU: sum(pointsPerCluster) = 1652 
 num [1:4] 1644 3 1 4
NULL
R-CCU: dpObj$numberClusters = 4 
List of 2
 $ : num [1, 1, 1:4] 0.331 0.552 0.698 0.684
 $ : num [1, 1, 1:4] 8.37 2.87 2.34 1.53
NULL
R priorParameters: 2 8 
R maxT: 1 
R_PriorDraw_first_mu: 0.2127188 
R_PriorDraw_first_nu: 6.369132 
R-CCU: Before ClusterLabelChange for i = 53 newLabel= 1 currentLabel= 1 
R-CCU: sum(pointsPerCluster) = 1652 
 num [1:4] 1644 3 1 4
NULL
R-CCU: After ClusterLabelChange for i = 53 
R-CCU: sum(pointsPerCluster) = 1653 
 num [1:4] 1645 3 1 4
NULL
R-CCU: dpObj$numberClusters = 4 
List of 2
 $ : num [1, 1, 1:4] 0.331 0.552 0.698 0.684
 $ : num [1, 1, 1:4] 8.37 2.87 2.34 1.53
NULL
R priorParameters: 2 8 
R maxT: 1 
R_PriorDraw_first_mu: 0.9495492 
R_PriorDraw_first_nu: 11.25701 
R-CCU: Before ClusterLabelChange for i = 54 newLabel= 1 currentLabel= 1 
R-CCU: sum(pointsPerCluster) = 1653 
 num [1:4] 1645 3 1 4
NULL
R-CCU: After ClusterLabelChange for i = 54 
R-CCU: sum(pointsPerCluster) = 1654 
 num [1:4] 1646 3 1 4
NULL
R-CCU: dpObj$numberClusters = 4 
List of 2
 $ : num [1, 1, 1:4] 0.331 0.552 0.698 0.684
 $ : num [1, 1, 1:4] 8.37 2.87 2.34 1.53
NULL
R priorParameters: 2 8 
R maxT: 1 
R_PriorDraw_first_mu: 0.3055609 
R_PriorDraw_first_nu: 9.426934 
R-CCU: Before ClusterLabelChange for i = 55 newLabel= 1 currentLabel= 1 
R-CCU: sum(pointsPerCluster) = 1654 
 num [1:4] 1646 3 1 4
NULL
R-CCU: After ClusterLabelChange for i = 55 
R-CCU: sum(pointsPerCluster) = 1655 
 num [1:4] 1647 3 1 4
NULL
R-CCU: dpObj$numberClusters = 4 
List of 2
 $ : num [1, 1, 1:4] 0.331 0.552 0.698 0.684
 $ : num [1, 1, 1:4] 8.37 2.87 2.34 1.53
NULL
R priorParameters: 2 8 
R maxT: 1 
R_PriorDraw_first_mu: 0.5092641 
R_PriorDraw_first_nu: 13.46819 
R-CCU: Before ClusterLabelChange for i = 56 newLabel= 1 currentLabel= 1 
R-CCU: sum(pointsPerCluster) = 1655 
 num [1:4] 1647 3 1 4
NULL
R-CCU: After ClusterLabelChange for i = 56 
R-CCU: sum(pointsPerCluster) = 1656 
 num [1:4] 1648 3 1 4
NULL
R-CCU: dpObj$numberClusters = 4 
List of 2
 $ : num [1, 1, 1:4] 0.331 0.552 0.698 0.684
 $ : num [1, 1, 1:4] 8.37 2.87 2.34 1.53
NULL
R priorParameters: 2 8 
R maxT: 1 
R_PriorDraw_first_mu: 0.8043669 
R_PriorDraw_first_nu: 2.52319 
R-CCU: Before ClusterLabelChange for i = 57 newLabel= 1 currentLabel= 1 
R-CCU: sum(pointsPerCluster) = 1656 
 num [1:4] 1648 3 1 4
NULL
R-CCU: After ClusterLabelChange for i = 57 
R-CCU: sum(pointsPerCluster) = 1657 
 num [1:4] 1649 3 1 4
NULL
R-CCU: dpObj$numberClusters = 4 
List of 2
 $ : num [1, 1, 1:4] 0.331 0.552 0.698 0.684
 $ : num [1, 1, 1:4] 8.37 2.87 2.34 1.53
NULL
R priorParameters: 2 8 
R maxT: 1 
R_PriorDraw_first_mu: 0.7671474 
R_PriorDraw_first_nu: 1.790154 
R-CCU: Before ClusterLabelChange for i = 58 newLabel= 1 currentLabel= 1 
R-CCU: sum(pointsPerCluster) = 1657 
 num [1:4] 1649 3 1 4
NULL
R-CCU: After ClusterLabelChange for i = 58 
R-CCU: sum(pointsPerCluster) = 1658 
 num [1:4] 1650 3 1 4
NULL
R-CCU: dpObj$numberClusters = 4 
List of 2
 $ : num [1, 1, 1:4] 0.331 0.552 0.698 0.684
 $ : num [1, 1, 1:4] 8.37 2.87 2.34 1.53
NULL
R priorParameters: 2 8 
R maxT: 1 
R_PriorDraw_first_mu: 0.6851157 
R_PriorDraw_first_nu: 1.221802 
R-CCU: Before ClusterLabelChange for i = 59 newLabel= 1 currentLabel= 1 
R-CCU: sum(pointsPerCluster) = 1658 
 num [1:4] 1650 3 1 4
NULL
R-CCU: After ClusterLabelChange for i = 59 
R-CCU: sum(pointsPerCluster) = 1659 
 num [1:4] 1651 3 1 4
NULL
R-CCU: dpObj$numberClusters = 4 
List of 2
 $ : num [1, 1, 1:4] 0.331 0.552 0.698 0.684
 $ : num [1, 1, 1:4] 8.37 2.87 2.34 1.53
NULL
R priorParameters: 2 8 
R maxT: 1 
R_PriorDraw_first_mu: 0.5390934 
R_PriorDraw_first_nu: 3.006155 
R-CCU: Before ClusterLabelChange for i = 60 newLabel= 1 currentLabel= 1 
R-CCU: sum(pointsPerCluster) = 1659 
 num [1:4] 1651 3 1 4
NULL
R-CCU: After ClusterLabelChange for i = 60 
R-CCU: sum(pointsPerCluster) = 1660 
 num [1:4] 1652 3 1 4
NULL
R-CCU: dpObj$numberClusters = 4 
List of 2
 $ : num [1, 1, 1:4] 0.331 0.552 0.698 0.684
 $ : num [1, 1, 1:4] 8.37 2.87 2.34 1.53
NULL
R priorParameters: 2 8 
R maxT: 1 
R_PriorDraw_first_mu: 0.7888662 
R_PriorDraw_first_nu: 2.631552 
R-CCU: Before ClusterLabelChange for i = 61 newLabel= 1 currentLabel= 1 
R-CCU: sum(pointsPerCluster) = 1660 
 num [1:4] 1652 3 1 4
NULL
R-CCU: After ClusterLabelChange for i = 61 
R-CCU: sum(pointsPerCluster) = 1661 
 num [1:4] 1653 3 1 4
NULL
R-CCU: dpObj$numberClusters = 4 
List of 2
 $ : num [1, 1, 1:4] 0.331 0.552 0.698 0.684
 $ : num [1, 1, 1:4] 8.37 2.87 2.34 1.53
NULL
R priorParameters: 2 8 
R maxT: 1 
R_PriorDraw_first_mu: 0.4864577 
R_PriorDraw_first_nu: 15.39553 
R-CCU: Before ClusterLabelChange for i = 62 newLabel= 1 currentLabel= 1 
R-CCU: sum(pointsPerCluster) = 1661 
 num [1:4] 1653 3 1 4
NULL
R-CCU: After ClusterLabelChange for i = 62 
R-CCU: sum(pointsPerCluster) = 1662 
 num [1:4] 1654 3 1 4
NULL
R-CCU: dpObj$numberClusters = 4 
List of 2
 $ : num [1, 1, 1:4] 0.331 0.552 0.698 0.684
 $ : num [1, 1, 1:4] 8.37 2.87 2.34 1.53
NULL
R priorParameters: 2 8 
R maxT: 1 
R_PriorDraw_first_mu: 0.4774003 
R_PriorDraw_first_nu: 10.6696 
R-CCU: Before ClusterLabelChange for i = 63 newLabel= 1 currentLabel= 1 
R-CCU: sum(pointsPerCluster) = 1662 
 num [1:4] 1654 3 1 4
NULL
R-CCU: After ClusterLabelChange for i = 63 
R-CCU: sum(pointsPerCluster) = 1663 
 num [1:4] 1655 3 1 4
NULL
R-CCU: dpObj$numberClusters = 4 
List of 2
 $ : num [1, 1, 1:4] 0.331 0.552 0.698 0.684
 $ : num [1, 1, 1:4] 8.37 2.87 2.34 1.53
NULL
R priorParameters: 2 8 
R maxT: 1 
R_PriorDraw_first_mu: 0.9622528 
R_PriorDraw_first_nu: 3.130778 
R-CCU: Before ClusterLabelChange for i = 64 newLabel= 1 currentLabel= 1 
R-CCU: sum(pointsPerCluster) = 1663 
 num [1:4] 1655 3 1 4
NULL
R-CCU: After ClusterLabelChange for i = 64 
R-CCU: sum(pointsPerCluster) = 1664 
 num [1:4] 1656 3 1 4
NULL
R-CCU: dpObj$numberClusters = 4 
List of 2
 $ : num [1, 1, 1:4] 0.331 0.552 0.698 0.684
 $ : num [1, 1, 1:4] 8.37 2.87 2.34 1.53
NULL
R priorParameters: 2 8 
R maxT: 1 
R_PriorDraw_first_mu: 0.2020503 
R_PriorDraw_first_nu: 5.660593 
R-CCU: Before ClusterLabelChange for i = 65 newLabel= 1 currentLabel= 1 
R-CCU: sum(pointsPerCluster) = 1664 
 num [1:4] 1656 3 1 4
NULL
R-CCU: After ClusterLabelChange for i = 65 
R-CCU: sum(pointsPerCluster) = 1665 
 num [1:4] 1657 3 1 4
NULL
R-CCU: dpObj$numberClusters = 4 
List of 2
 $ : num [1, 1, 1:4] 0.331 0.552 0.698 0.684
 $ : num [1, 1, 1:4] 8.37 2.87 2.34 1.53
NULL
R priorParameters: 2 8 
R maxT: 1 
R_PriorDraw_first_mu: 0.6151931 
R_PriorDraw_first_nu: 10.26709 
R-CCU: Before ClusterLabelChange for i = 66 newLabel= 1 currentLabel= 1 
R-CCU: sum(pointsPerCluster) = 1665 
 num [1:4] 1657 3 1 4
NULL
R-CCU: After ClusterLabelChange for i = 66 
R-CCU: sum(pointsPerCluster) = 1666 
 num [1:4] 1658 3 1 4
NULL
R-CCU: dpObj$numberClusters = 4 
List of 2
 $ : num [1, 1, 1:4] 0.331 0.552 0.698 0.684
 $ : num [1, 1, 1:4] 8.37 2.87 2.34 1.53
NULL
R priorParameters: 2 8 
R maxT: 1 
R_PriorDraw_first_mu: 0.83756 
R_PriorDraw_first_nu: 10.04422 
R-CCU: Before ClusterLabelChange for i = 67 newLabel= 1 currentLabel= 1 
R-CCU: sum(pointsPerCluster) = 1666 
 num [1:4] 1658 3 1 4
NULL
R-CCU: After ClusterLabelChange for i = 67 
R-CCU: sum(pointsPerCluster) = 1667 
 num [1:4] 1659 3 1 4
NULL
R-CCU: dpObj$numberClusters = 4 
List of 2
 $ : num [1, 1, 1:4] 0.331 0.552 0.698 0.684
 $ : num [1, 1, 1:4] 8.37 2.87 2.34 1.53
NULL
R priorParameters: 2 8 
R maxT: 1 
R_PriorDraw_first_mu: 0.01462352 
R_PriorDraw_first_nu: 1.798483 
R-CCU: Before ClusterLabelChange for i = 68 newLabel= 1 currentLabel= 1 
R-CCU: sum(pointsPerCluster) = 1667 
 num [1:4] 1659 3 1 4
NULL
R-CCU: After ClusterLabelChange for i = 68 
R-CCU: sum(pointsPerCluster) = 1668 
 num [1:4] 1660 3 1 4
NULL
R-CCU: dpObj$numberClusters = 4 
List of 2
 $ : num [1, 1, 1:4] 0.331 0.552 0.698 0.684
 $ : num [1, 1, 1:4] 8.37 2.87 2.34 1.53
NULL
R priorParameters: 2 8 
R maxT: 1 
R_PriorDraw_first_mu: 0.8087738 
R_PriorDraw_first_nu: 4.587854 
R-CCU: Before ClusterLabelChange for i = 69 newLabel= 1 currentLabel= 1 
R-CCU: sum(pointsPerCluster) = 1668 
 num [1:4] 1660 3 1 4
NULL
R-CCU: After ClusterLabelChange for i = 69 
R-CCU: sum(pointsPerCluster) = 1669 
 num [1:4] 1661 3 1 4
NULL
R-CCU: dpObj$numberClusters = 4 
List of 2
 $ : num [1, 1, 1:4] 0.331 0.552 0.698 0.684
 $ : num [1, 1, 1:4] 8.37 2.87 2.34 1.53
NULL
R priorParameters: 2 8 
R maxT: 1 
R_PriorDraw_first_mu: 0.5672539 
R_PriorDraw_first_nu: 2.346137 
R-CCU: Before ClusterLabelChange for i = 70 newLabel= 1 currentLabel= 1 
R-CCU: sum(pointsPerCluster) = 1669 
 num [1:4] 1661 3 1 4
NULL
R-CCU: After ClusterLabelChange for i = 70 
R-CCU: sum(pointsPerCluster) = 1670 
 num [1:4] 1662 3 1 4
NULL
R-CCU: dpObj$numberClusters = 4 
List of 2
 $ : num [1, 1, 1:4] 0.331 0.552 0.698 0.684
 $ : num [1, 1, 1:4] 8.37 2.87 2.34 1.53
NULL
R priorParameters: 2 8 
R maxT: 1 
R_PriorDraw_first_mu: 0.6796929 
R_PriorDraw_first_nu: 6.334703 
R-CCU: Before ClusterLabelChange for i = 71 newLabel= 1 currentLabel= 1 
R-CCU: sum(pointsPerCluster) = 1670 
 num [1:4] 1662 3 1 4
NULL
R-CCU: After ClusterLabelChange for i = 71 
R-CCU: sum(pointsPerCluster) = 1671 
 num [1:4] 1663 3 1 4
NULL
R-CCU: dpObj$numberClusters = 4 
List of 2
 $ : num [1, 1, 1:4] 0.331 0.552 0.698 0.684
 $ : num [1, 1, 1:4] 8.37 2.87 2.34 1.53
NULL
R priorParameters: 2 8 
R maxT: 1 
R_PriorDraw_first_mu: 0.3382914 
R_PriorDraw_first_nu: 6.560916 
R-CCU: Before ClusterLabelChange for i = 72 newLabel= 1 currentLabel= 1 
R-CCU: sum(pointsPerCluster) = 1671 
 num [1:4] 1663 3 1 4
NULL
R-CCU: After ClusterLabelChange for i = 72 
R-CCU: sum(pointsPerCluster) = 1672 
 num [1:4] 1664 3 1 4
NULL
R-CCU: dpObj$numberClusters = 4 
List of 2
 $ : num [1, 1, 1:4] 0.331 0.552 0.698 0.684
 $ : num [1, 1, 1:4] 8.37 2.87 2.34 1.53
NULL
R priorParameters: 2 8 
R maxT: 1 
R_PriorDraw_first_mu: 0.7286832 
R_PriorDraw_first_nu: 6.628007 
R-CCU: Before ClusterLabelChange for i = 73 newLabel= 1 currentLabel= 1 
R-CCU: sum(pointsPerCluster) = 1672 
 num [1:4] 1664 3 1 4
NULL
R-CCU: After ClusterLabelChange for i = 73 
R-CCU: sum(pointsPerCluster) = 1673 
 num [1:4] 1665 3 1 4
NULL
R-CCU: dpObj$numberClusters = 4 
List of 2
 $ : num [1, 1, 1:4] 0.331 0.552 0.698 0.684
 $ : num [1, 1, 1:4] 8.37 2.87 2.34 1.53
NULL
R priorParameters: 2 8 
R maxT: 1 
R_PriorDraw_first_mu: 0.7518413 
R_PriorDraw_first_nu: 1.723723 
R-CCU: Before ClusterLabelChange for i = 74 newLabel= 1 currentLabel= 1 
R-CCU: sum(pointsPerCluster) = 1673 
 num [1:4] 1665 3 1 4
NULL
R-CCU: After ClusterLabelChange for i = 74 
R-CCU: sum(pointsPerCluster) = 1674 
 num [1:4] 1666 3 1 4
NULL
R-CCU: dpObj$numberClusters = 4 
List of 2
 $ : num [1, 1, 1:4] 0.331 0.552 0.698 0.684
 $ : num [1, 1, 1:4] 8.37 2.87 2.34 1.53
NULL
R priorParameters: 2 8 
R maxT: 1 
R_PriorDraw_first_mu: 0.778351 
R_PriorDraw_first_nu: 5.477267 
R-CCU: Before ClusterLabelChange for i = 75 newLabel= 1 currentLabel= 1 
R-CCU: sum(pointsPerCluster) = 1674 
 num [1:4] 1666 3 1 4
NULL
R-CCU: After ClusterLabelChange for i = 75 
R-CCU: sum(pointsPerCluster) = 1675 
 num [1:4] 1667 3 1 4
NULL
R-CCU: dpObj$numberClusters = 4 
List of 2
 $ : num [1, 1, 1:4] 0.331 0.552 0.698 0.684
 $ : num [1, 1, 1:4] 8.37 2.87 2.34 1.53
NULL
R priorParameters: 2 8 
R maxT: 1 
R_PriorDraw_first_mu: 0.1512003 
R_PriorDraw_first_nu: 1.41056 
R-CCU: Before ClusterLabelChange for i = 76 newLabel= 1 currentLabel= 1 
R-CCU: sum(pointsPerCluster) = 1675 
 num [1:4] 1667 3 1 4
NULL
R-CCU: After ClusterLabelChange for i = 76 
R-CCU: sum(pointsPerCluster) = 1676 
 num [1:4] 1668 3 1 4
NULL
R-CCU: dpObj$numberClusters = 4 
List of 2
 $ : num [1, 1, 1:4] 0.331 0.552 0.698 0.684
 $ : num [1, 1, 1:4] 8.37 2.87 2.34 1.53
NULL
R priorParameters: 2 8 
R maxT: 1 
R_PriorDraw_first_mu: 0.2020702 
R_PriorDraw_first_nu: 7.694413 
R-CCU: Before ClusterLabelChange for i = 77 newLabel= 1 currentLabel= 1 
R-CCU: sum(pointsPerCluster) = 1676 
 num [1:4] 1668 3 1 4
NULL
R-CCU: After ClusterLabelChange for i = 77 
R-CCU: sum(pointsPerCluster) = 1677 
 num [1:4] 1669 3 1 4
NULL
R-CCU: dpObj$numberClusters = 4 
List of 2
 $ : num [1, 1, 1:4] 0.331 0.552 0.698 0.684
 $ : num [1, 1, 1:4] 8.37 2.87 2.34 1.53
NULL
R priorParameters: 2 8 
R maxT: 1 
R_PriorDraw_first_mu: 0.5118079 
R_PriorDraw_first_nu: 3.554208 
R-CCU: Before ClusterLabelChange for i = 78 newLabel= 1 currentLabel= 1 
R-CCU: sum(pointsPerCluster) = 1677 
 num [1:4] 1669 3 1 4
NULL
R-CCU: After ClusterLabelChange for i = 78 
R-CCU: sum(pointsPerCluster) = 1678 
 num [1:4] 1670 3 1 4
NULL
R-CCU: dpObj$numberClusters = 4 
List of 2
 $ : num [1, 1, 1:4] 0.331 0.552 0.698 0.684
 $ : num [1, 1, 1:4] 8.37 2.87 2.34 1.53
NULL
R priorParameters: 2 8 
R maxT: 1 
R_PriorDraw_first_mu: 0.1189793 
R_PriorDraw_first_nu: 8.306021 
R-CCU: Before ClusterLabelChange for i = 79 newLabel= 1 currentLabel= 1 
R-CCU: sum(pointsPerCluster) = 1678 
 num [1:4] 1670 3 1 4
NULL
R-CCU: After ClusterLabelChange for i = 79 
R-CCU: sum(pointsPerCluster) = 1679 
 num [1:4] 1671 3 1 4
NULL
R-CCU: dpObj$numberClusters = 4 
List of 2
 $ : num [1, 1, 1:4] 0.331 0.552 0.698 0.684
 $ : num [1, 1, 1:4] 8.37 2.87 2.34 1.53
NULL
R priorParameters: 2 8 
R maxT: 1 
R_PriorDraw_first_mu: 0.1304276 
R_PriorDraw_first_nu: 1.813374 
R-CCU: Before ClusterLabelChange for i = 80 newLabel= 1 currentLabel= 1 
R-CCU: sum(pointsPerCluster) = 1679 
 num [1:4] 1671 3 1 4
NULL
R-CCU: After ClusterLabelChange for i = 80 
R-CCU: sum(pointsPerCluster) = 1680 
 num [1:4] 1672 3 1 4
NULL
R-CCU: dpObj$numberClusters = 4 
List of 2
 $ : num [1, 1, 1:4] 0.331 0.552 0.698 0.684
 $ : num [1, 1, 1:4] 8.37 2.87 2.34 1.53
NULL
R priorParameters: 2 8 
R maxT: 1 
R_PriorDraw_first_mu: 0.4041947 
R_PriorDraw_first_nu: 18.13469 
R-CCU: Before ClusterLabelChange for i = 81 newLabel= 1 currentLabel= 1 
R-CCU: sum(pointsPerCluster) = 1680 
 num [1:4] 1672 3 1 4
NULL
R-CCU: After ClusterLabelChange for i = 81 
R-CCU: sum(pointsPerCluster) = 1681 
 num [1:4] 1673 3 1 4
NULL
R-CCU: dpObj$numberClusters = 4 
List of 2
 $ : num [1, 1, 1:4] 0.331 0.552 0.698 0.684
 $ : num [1, 1, 1:4] 8.37 2.87 2.34 1.53
NULL
R priorParameters: 2 8 
R maxT: 1 
R_PriorDraw_first_mu: 0.3837573 
R_PriorDraw_first_nu: 27.4151 
R-CCU: Before ClusterLabelChange for i = 82 newLabel= 1 currentLabel= 1 
R-CCU: sum(pointsPerCluster) = 1681 
 num [1:4] 1673 3 1 4
NULL
R-CCU: After ClusterLabelChange for i = 82 
R-CCU: sum(pointsPerCluster) = 1682 
 num [1:4] 1674 3 1 4
NULL
R-CCU: dpObj$numberClusters = 4 
List of 2
 $ : num [1, 1, 1:4] 0.331 0.552 0.698 0.684
 $ : num [1, 1, 1:4] 8.37 2.87 2.34 1.53
NULL
R priorParameters: 2 8 
R maxT: 1 
R_PriorDraw_first_mu: 0.4637824 
R_PriorDraw_first_nu: 12.69309 
R-CCU: Before ClusterLabelChange for i = 83 newLabel= 1 currentLabel= 1 
R-CCU: sum(pointsPerCluster) = 1682 
 num [1:4] 1674 3 1 4
NULL
R-CCU: After ClusterLabelChange for i = 83 
R-CCU: sum(pointsPerCluster) = 1683 
 num [1:4] 1675 3 1 4
NULL
R-CCU: dpObj$numberClusters = 4 
List of 2
 $ : num [1, 1, 1:4] 0.331 0.552 0.698 0.684
 $ : num [1, 1, 1:4] 8.37 2.87 2.34 1.53
NULL
R priorParameters: 2 8 
R maxT: 1 
R_PriorDraw_first_mu: 0.4057731 
R_PriorDraw_first_nu: 2.39792 
R-CCU: Before ClusterLabelChange for i = 84 newLabel= 1 currentLabel= 1 
R-CCU: sum(pointsPerCluster) = 1683 
 num [1:4] 1675 3 1 4
NULL
R-CCU: After ClusterLabelChange for i = 84 
R-CCU: sum(pointsPerCluster) = 1684 
 num [1:4] 1676 3 1 4
NULL
R-CCU: dpObj$numberClusters = 4 
List of 2
 $ : num [1, 1, 1:4] 0.331 0.552 0.698 0.684
 $ : num [1, 1, 1:4] 8.37 2.87 2.34 1.53
NULL
R priorParameters: 2 8 
R maxT: 1 
R_PriorDraw_first_mu: 0.1195952 
R_PriorDraw_first_nu: 2.380851 
R-CCU: Before ClusterLabelChange for i = 85 newLabel= 1 currentLabel= 1 
R-CCU: sum(pointsPerCluster) = 1684 
 num [1:4] 1676 3 1 4
NULL
R-CCU: After ClusterLabelChange for i = 85 
R-CCU: sum(pointsPerCluster) = 1685 
 num [1:4] 1677 3 1 4
NULL
R-CCU: dpObj$numberClusters = 4 
List of 2
 $ : num [1, 1, 1:4] 0.331 0.552 0.698 0.684
 $ : num [1, 1, 1:4] 8.37 2.87 2.34 1.53
NULL
R priorParameters: 2 8 
R maxT: 1 
R_PriorDraw_first_mu: 0.9611753 
R_PriorDraw_first_nu: 7.557782 
R-CCU: Before ClusterLabelChange for i = 86 newLabel= 1 currentLabel= 1 
R-CCU: sum(pointsPerCluster) = 1685 
 num [1:4] 1677 3 1 4
NULL
R-CCU: After ClusterLabelChange for i = 86 
R-CCU: sum(pointsPerCluster) = 1686 
 num [1:4] 1678 3 1 4
NULL
R-CCU: dpObj$numberClusters = 4 
List of 2
 $ : num [1, 1, 1:4] 0.331 0.552 0.698 0.684
 $ : num [1, 1, 1:4] 8.37 2.87 2.34 1.53
NULL
R priorParameters: 2 8 
R maxT: 1 
R_PriorDraw_first_mu: 0.7897469 
R_PriorDraw_first_nu: 5.905043 
R-CCU: Before ClusterLabelChange for i = 87 newLabel= 1 currentLabel= 1 
R-CCU: sum(pointsPerCluster) = 1686 
 num [1:4] 1678 3 1 4
NULL
R-CCU: After ClusterLabelChange for i = 87 
R-CCU: sum(pointsPerCluster) = 1687 
 num [1:4] 1679 3 1 4
NULL
R-CCU: dpObj$numberClusters = 4 
List of 2
 $ : num [1, 1, 1:4] 0.331 0.552 0.698 0.684
 $ : num [1, 1, 1:4] 8.37 2.87 2.34 1.53
NULL
R priorParameters: 2 8 
R maxT: 1 
R_PriorDraw_first_mu: 0.4250489 
R_PriorDraw_first_nu: 2.261275 
R-CCU: Before ClusterLabelChange for i = 88 newLabel= 1 currentLabel= 1 
R-CCU: sum(pointsPerCluster) = 1687 
 num [1:4] 1679 3 1 4
NULL
R-CCU: After ClusterLabelChange for i = 88 
R-CCU: sum(pointsPerCluster) = 1688 
 num [1:4] 1680 3 1 4
NULL
R-CCU: dpObj$numberClusters = 4 
List of 2
 $ : num [1, 1, 1:4] 0.331 0.552 0.698 0.684
 $ : num [1, 1, 1:4] 8.37 2.87 2.34 1.53
NULL
R priorParameters: 2 8 
R maxT: 1 
R_PriorDraw_first_mu: 0.6733277 
R_PriorDraw_first_nu: 4.374483 
R-CCU: Before ClusterLabelChange for i = 89 newLabel= 1 currentLabel= 1 
R-CCU: sum(pointsPerCluster) = 1688 
 num [1:4] 1680 3 1 4
NULL
R-CCU: After ClusterLabelChange for i = 89 
R-CCU: sum(pointsPerCluster) = 1689 
 num [1:4] 1681 3 1 4
NULL
R-CCU: dpObj$numberClusters = 4 
List of 2
 $ : num [1, 1, 1:4] 0.331 0.552 0.698 0.684
 $ : num [1, 1, 1:4] 8.37 2.87 2.34 1.53
NULL
R priorParameters: 2 8 
R maxT: 1 
R_PriorDraw_first_mu: 0.1343228 
R_PriorDraw_first_nu: 8.991569 
R-CCU: Before ClusterLabelChange for i = 90 newLabel= 1 currentLabel= 1 
R-CCU: sum(pointsPerCluster) = 1689 
 num [1:4] 1681 3 1 4
NULL
R-CCU: After ClusterLabelChange for i = 90 
R-CCU: sum(pointsPerCluster) = 1690 
 num [1:4] 1682 3 1 4
NULL
R-CCU: dpObj$numberClusters = 4 
List of 2
 $ : num [1, 1, 1:4] 0.331 0.552 0.698 0.684
 $ : num [1, 1, 1:4] 8.37 2.87 2.34 1.53
NULL
R priorParameters: 2 8 
R maxT: 1 
R_PriorDraw_first_mu: 0.432443 
R_PriorDraw_first_nu: 2.427261 
R-CCU: Before ClusterLabelChange for i = 91 newLabel= 1 currentLabel= 1 
R-CCU: sum(pointsPerCluster) = 1690 
 num [1:4] 1682 3 1 4
NULL
R-CCU: After ClusterLabelChange for i = 91 
R-CCU: sum(pointsPerCluster) = 1691 
 num [1:4] 1683 3 1 4
NULL
R-CCU: dpObj$numberClusters = 4 
List of 2
 $ : num [1, 1, 1:4] 0.331 0.552 0.698 0.684
 $ : num [1, 1, 1:4] 8.37 2.87 2.34 1.53
NULL
R priorParameters: 2 8 
R maxT: 1 
R_PriorDraw_first_mu: 0.4703509 
R_PriorDraw_first_nu: 2.715264 
R-CCU: Before ClusterLabelChange for i = 92 newLabel= 1 currentLabel= 1 
R-CCU: sum(pointsPerCluster) = 1691 
 num [1:4] 1683 3 1 4
NULL
R-CCU: After ClusterLabelChange for i = 92 
R-CCU: sum(pointsPerCluster) = 1692 
 num [1:4] 1684 3 1 4
NULL
R-CCU: dpObj$numberClusters = 4 
List of 2
 $ : num [1, 1, 1:4] 0.331 0.552 0.698 0.684
 $ : num [1, 1, 1:4] 8.37 2.87 2.34 1.53
NULL
R priorParameters: 2 8 
R maxT: 1 
R_PriorDraw_first_mu: 0.1050438 
R_PriorDraw_first_nu: 2.362612 
R-CCU: Before ClusterLabelChange for i = 93 newLabel= 1 currentLabel= 1 
R-CCU: sum(pointsPerCluster) = 1692 
 num [1:4] 1684 3 1 4
NULL
R-CCU: After ClusterLabelChange for i = 93 
R-CCU: sum(pointsPerCluster) = 1693 
 num [1:4] 1685 3 1 4
NULL
R-CCU: dpObj$numberClusters = 4 
List of 2
 $ : num [1, 1, 1:4] 0.331 0.552 0.698 0.684
 $ : num [1, 1, 1:4] 8.37 2.87 2.34 1.53
NULL
R priorParameters: 2 8 
R maxT: 1 
R_PriorDraw_first_mu: 0.9484825 
R_PriorDraw_first_nu: 2.893487 
R-CCU: Before ClusterLabelChange for i = 94 newLabel= 1 currentLabel= 1 
R-CCU: sum(pointsPerCluster) = 1693 
 num [1:4] 1685 3 1 4
NULL
R-CCU: After ClusterLabelChange for i = 94 
R-CCU: sum(pointsPerCluster) = 1694 
 num [1:4] 1686 3 1 4
NULL
R-CCU: dpObj$numberClusters = 4 
List of 2
 $ : num [1, 1, 1:4] 0.331 0.552 0.698 0.684
 $ : num [1, 1, 1:4] 8.37 2.87 2.34 1.53
NULL
R priorParameters: 2 8 
R maxT: 1 
R_PriorDraw_first_mu: 0.4920606 
R_PriorDraw_first_nu: 4.269195 
R-CCU: Before ClusterLabelChange for i = 95 newLabel= 1 currentLabel= 1 
R-CCU: sum(pointsPerCluster) = 1694 
 num [1:4] 1686 3 1 4
NULL
R-CCU: After ClusterLabelChange for i = 95 
R-CCU: sum(pointsPerCluster) = 1695 
 num [1:4] 1687 3 1 4
NULL
R-CCU: dpObj$numberClusters = 4 
List of 2
 $ : num [1, 1, 1:4] 0.331 0.552 0.698 0.684
 $ : num [1, 1, 1:4] 8.37 2.87 2.34 1.53
NULL
R priorParameters: 2 8 
R maxT: 1 
R_PriorDraw_first_mu: 0.870819 
R_PriorDraw_first_nu: 9.064785 
R-CCU: Before ClusterLabelChange for i = 96 newLabel= 1 currentLabel= 1 
R-CCU: sum(pointsPerCluster) = 1695 
 num [1:4] 1687 3 1 4
NULL
R-CCU: After ClusterLabelChange for i = 96 
R-CCU: sum(pointsPerCluster) = 1696 
 num [1:4] 1688 3 1 4
NULL
R-CCU: dpObj$numberClusters = 4 
List of 2
 $ : num [1, 1, 1:4] 0.331 0.552 0.698 0.684
 $ : num [1, 1, 1:4] 8.37 2.87 2.34 1.53
NULL
R priorParameters: 2 8 
R maxT: 1 
R_PriorDraw_first_mu: 0.717515 
R_PriorDraw_first_nu: 2.371439 
R-CCU: Before ClusterLabelChange for i = 97 newLabel= 1 currentLabel= 1 
R-CCU: sum(pointsPerCluster) = 1696 
 num [1:4] 1688 3 1 4
NULL
R-CCU: After ClusterLabelChange for i = 97 
R-CCU: sum(pointsPerCluster) = 1697 
 num [1:4] 1689 3 1 4
NULL
R-CCU: dpObj$numberClusters = 4 
List of 2
 $ : num [1, 1, 1:4] 0.331 0.552 0.698 0.684
 $ : num [1, 1, 1:4] 8.37 2.87 2.34 1.53
NULL
R priorParameters: 2 8 
R maxT: 1 
R_PriorDraw_first_mu: 0.860023 
R_PriorDraw_first_nu: 23.39845 
R-CCU: Before ClusterLabelChange for i = 98 newLabel= 1 currentLabel= 1 
R-CCU: sum(pointsPerCluster) = 1697 
 num [1:4] 1689 3 1 4
NULL
R-CCU: After ClusterLabelChange for i = 98 
R-CCU: sum(pointsPerCluster) = 1698 
 num [1:4] 1690 3 1 4
NULL
R-CCU: dpObj$numberClusters = 4 
List of 2
 $ : num [1, 1, 1:4] 0.331 0.552 0.698 0.684
 $ : num [1, 1, 1:4] 8.37 2.87 2.34 1.53
NULL
R priorParameters: 2 8 
R maxT: 1 
R_PriorDraw_first_mu: 0.1733625 
R_PriorDraw_first_nu: 2.5881 
R-CCU: Before ClusterLabelChange for i = 99 newLabel= 1 currentLabel= 1 
R-CCU: sum(pointsPerCluster) = 1698 
 num [1:4] 1690 3 1 4
NULL
R-CCU: After ClusterLabelChange for i = 99 
R-CCU: sum(pointsPerCluster) = 1699 
 num [1:4] 1691 3 1 4
NULL
R-CCU: dpObj$numberClusters = 4 
List of 2
 $ : num [1, 1, 1:4] 0.331 0.552 0.698 0.684
 $ : num [1, 1, 1:4] 8.37 2.87 2.34 1.53
NULL
R priorParameters: 2 8 
R maxT: 1 
R_PriorDraw_first_mu: 0.6380842 
R_PriorDraw_first_nu: 7.724806 
R-CCU: Before ClusterLabelChange for i = 100 newLabel= 1 currentLabel= 1 
R-CCU: sum(pointsPerCluster) = 1699 
 num [1:4] 1691 3 1 4
NULL
R-CCU: After ClusterLabelChange for i = 100 
R-CCU: sum(pointsPerCluster) = 1700 
 num [1:4] 1692 3 1 4
NULL
R-CCU: dpObj$numberClusters = 4 
List of 2
 $ : num [1, 1, 1:4] 0.331 0.552 0.698 0.684
 $ : num [1, 1, 1:4] 8.37 2.87 2.34 1.53
NULL
R priorParameters: 2 8 
R maxT: 1 
R_PriorDraw_first_mu: 0.8029808 
R_PriorDraw_first_nu: 2.99721 
R-CCU: Before ClusterLabelChange for i = 1 newLabel= 1 currentLabel= 1 
R-CCU: sum(pointsPerCluster) = 1700 
 num [1:4] 1692 3 1 4
NULL
R-CCU: After ClusterLabelChange for i = 1 
R-CCU: sum(pointsPerCluster) = 1701 
 num [1:4] 1693 3 1 4
NULL
R-CCU: dpObj$numberClusters = 4 
List of 2
 $ : num [1, 1, 1:4] 0.331 0.552 0.698 0.684
 $ : num [1, 1, 1:4] 7.53 2.87 2.34 1.53
NULL
R priorParameters: 2 8 
R maxT: 1 
R_PriorDraw_first_mu: 0.01210379 
R_PriorDraw_first_nu: 2.765625 
R-CCU: Before ClusterLabelChange for i = 2 newLabel= 1 currentLabel= 1 
R-CCU: sum(pointsPerCluster) = 1701 
 num [1:4] 1693 3 1 4
NULL
R-CCU: After ClusterLabelChange for i = 2 
R-CCU: sum(pointsPerCluster) = 1702 
 num [1:4] 1694 3 1 4
NULL
R-CCU: dpObj$numberClusters = 4 
List of 2
 $ : num [1, 1, 1:4] 0.331 0.552 0.698 0.684
 $ : num [1, 1, 1:4] 7.53 2.87 2.34 1.53
NULL
R priorParameters: 2 8 
R maxT: 1 
R_PriorDraw_first_mu: 0.02908629 
R_PriorDraw_first_nu: 7.495514 
R-CCU: Before ClusterLabelChange for i = 3 newLabel= 1 currentLabel= 1 
R-CCU: sum(pointsPerCluster) = 1702 
 num [1:4] 1694 3 1 4
NULL
R-CCU: After ClusterLabelChange for i = 3 
R-CCU: sum(pointsPerCluster) = 1703 
 num [1:4] 1695 3 1 4
NULL
R-CCU: dpObj$numberClusters = 4 
List of 2
 $ : num [1, 1, 1:4] 0.331 0.552 0.698 0.684
 $ : num [1, 1, 1:4] 7.53 2.87 2.34 1.53
NULL
R priorParameters: 2 8 
R maxT: 1 
R_PriorDraw_first_mu: 0.6561627 
R_PriorDraw_first_nu: 2.2174 
R-CCU: Before ClusterLabelChange for i = 4 newLabel= 1 currentLabel= 1 
R-CCU: sum(pointsPerCluster) = 1703 
 num [1:4] 1695 3 1 4
NULL
R-CCU: After ClusterLabelChange for i = 4 
R-CCU: sum(pointsPerCluster) = 1704 
 num [1:4] 1696 3 1 4
NULL
R-CCU: dpObj$numberClusters = 4 
List of 2
 $ : num [1, 1, 1:4] 0.331 0.552 0.698 0.684
 $ : num [1, 1, 1:4] 7.53 2.87 2.34 1.53
NULL
R priorParameters: 2 8 
R maxT: 1 
R_PriorDraw_first_mu: 0.4439199 
R_PriorDraw_first_nu: 9.061704 
R-CCU: Before ClusterLabelChange for i = 5 newLabel= 1 currentLabel= 1 
R-CCU: sum(pointsPerCluster) = 1704 
 num [1:4] 1696 3 1 4
NULL
R-CCU: After ClusterLabelChange for i = 5 
R-CCU: sum(pointsPerCluster) = 1705 
 num [1:4] 1697 3 1 4
NULL
R-CCU: dpObj$numberClusters = 4 
List of 2
 $ : num [1, 1, 1:4] 0.331 0.552 0.698 0.684
 $ : num [1, 1, 1:4] 7.53 2.87 2.34 1.53
NULL
R priorParameters: 2 8 
R maxT: 1 
R_PriorDraw_first_mu: 0.2091468 
R_PriorDraw_first_nu: 6.370297 
R-CCU: Before ClusterLabelChange for i = 6 newLabel= 1 currentLabel= 1 
R-CCU: sum(pointsPerCluster) = 1705 
 num [1:4] 1697 3 1 4
NULL
R-CCU: After ClusterLabelChange for i = 6 
R-CCU: sum(pointsPerCluster) = 1706 
 num [1:4] 1698 3 1 4
NULL
R-CCU: dpObj$numberClusters = 4 
List of 2
 $ : num [1, 1, 1:4] 0.331 0.552 0.698 0.684
 $ : num [1, 1, 1:4] 7.53 2.87 2.34 1.53
NULL
R priorParameters: 2 8 
R maxT: 1 
R_PriorDraw_first_mu: 0.2023497 
R_PriorDraw_first_nu: 3.612057 
R-CCU: Before ClusterLabelChange for i = 7 newLabel= 1 currentLabel= 1 
R-CCU: sum(pointsPerCluster) = 1706 
 num [1:4] 1698 3 1 4
NULL
R-CCU: After ClusterLabelChange for i = 7 
R-CCU: sum(pointsPerCluster) = 1707 
 num [1:4] 1699 3 1 4
NULL
R-CCU: dpObj$numberClusters = 4 
List of 2
 $ : num [1, 1, 1:4] 0.331 0.552 0.698 0.684
 $ : num [1, 1, 1:4] 7.53 2.87 2.34 1.53
NULL
R priorParameters: 2 8 
R maxT: 1 
R_PriorDraw_first_mu: 0.6372393 
R_PriorDraw_first_nu: 6.182301 
R-CCU: Before ClusterLabelChange for i = 8 newLabel= 1 currentLabel= 1 
R-CCU: sum(pointsPerCluster) = 1707 
 num [1:4] 1699 3 1 4
NULL
R-CCU: After ClusterLabelChange for i = 8 
R-CCU: sum(pointsPerCluster) = 1708 
 num [1:4] 1700 3 1 4
NULL
R-CCU: dpObj$numberClusters = 4 
List of 2
 $ : num [1, 1, 1:4] 0.331 0.552 0.698 0.684
 $ : num [1, 1, 1:4] 7.53 2.87 2.34 1.53
NULL
R priorParameters: 2 8 
R maxT: 1 
R_PriorDraw_first_mu: 0.6442886 
R_PriorDraw_first_nu: 2.551525 
R-CCU: Before ClusterLabelChange for i = 9 newLabel= 1 currentLabel= 1 
R-CCU: sum(pointsPerCluster) = 1708 
 num [1:4] 1700 3 1 4
NULL
R-CCU: After ClusterLabelChange for i = 9 
R-CCU: sum(pointsPerCluster) = 1709 
 num [1:4] 1701 3 1 4
NULL
R-CCU: dpObj$numberClusters = 4 
List of 2
 $ : num [1, 1, 1:4] 0.331 0.552 0.698 0.684
 $ : num [1, 1, 1:4] 7.53 2.87 2.34 1.53
NULL
R priorParameters: 2 8 
R maxT: 1 
R_PriorDraw_first_mu: 0.6901191 
R_PriorDraw_first_nu: 7.681058 
R-CCU: Before ClusterLabelChange for i = 10 newLabel= 1 currentLabel= 1 
R-CCU: sum(pointsPerCluster) = 1709 
 num [1:4] 1701 3 1 4
NULL
R-CCU: After ClusterLabelChange for i = 10 
R-CCU: sum(pointsPerCluster) = 1710 
 num [1:4] 1702 3 1 4
NULL
R-CCU: dpObj$numberClusters = 4 
List of 2
 $ : num [1, 1, 1:4] 0.331 0.552 0.698 0.684
 $ : num [1, 1, 1:4] 7.53 2.87 2.34 1.53
NULL
R priorParameters: 2 8 
R maxT: 1 
R_PriorDraw_first_mu: 0.5119545 
R_PriorDraw_first_nu: 3.659267 
R-CCU: Before ClusterLabelChange for i = 11 newLabel= 1 currentLabel= 1 
R-CCU: sum(pointsPerCluster) = 1710 
 num [1:4] 1702 3 1 4
NULL
R-CCU: After ClusterLabelChange for i = 11 
R-CCU: sum(pointsPerCluster) = 1711 
 num [1:4] 1703 3 1 4
NULL
R-CCU: dpObj$numberClusters = 4 
List of 2
 $ : num [1, 1, 1:4] 0.331 0.552 0.698 0.684
 $ : num [1, 1, 1:4] 7.53 2.87 2.34 1.53
NULL
R priorParameters: 2 8 
R maxT: 1 
R_PriorDraw_first_mu: 0.4440364 
R_PriorDraw_first_nu: 7.373589 
R-CCU: Before ClusterLabelChange for i = 12 newLabel= 1 currentLabel= 1 
R-CCU: sum(pointsPerCluster) = 1711 
 num [1:4] 1703 3 1 4
NULL
R-CCU: After ClusterLabelChange for i = 12 
R-CCU: sum(pointsPerCluster) = 1712 
 num [1:4] 1704 3 1 4
NULL
R-CCU: dpObj$numberClusters = 4 
List of 2
 $ : num [1, 1, 1:4] 0.331 0.552 0.698 0.684
 $ : num [1, 1, 1:4] 7.53 2.87 2.34 1.53
NULL
R priorParameters: 2 8 
R maxT: 1 
R_PriorDraw_first_mu: 0.4440948 
R_PriorDraw_first_nu: 2.598401 
R-CCU: Before ClusterLabelChange for i = 13 newLabel= 1 currentLabel= 1 
R-CCU: sum(pointsPerCluster) = 1712 
 num [1:4] 1704 3 1 4
NULL
R-CCU: After ClusterLabelChange for i = 13 
R-CCU: sum(pointsPerCluster) = 1713 
 num [1:4] 1705 3 1 4
NULL
R-CCU: dpObj$numberClusters = 4 
List of 2
 $ : num [1, 1, 1:4] 0.331 0.552 0.698 0.684
 $ : num [1, 1, 1:4] 7.53 2.87 2.34 1.53
NULL
R priorParameters: 2 8 
R maxT: 1 
R_PriorDraw_first_mu: 0.4123008 
R_PriorDraw_first_nu: 1.178337 
R-CCU: Before ClusterLabelChange for i = 14 newLabel= 1 currentLabel= 1 
R-CCU: sum(pointsPerCluster) = 1713 
 num [1:4] 1705 3 1 4
NULL
R-CCU: After ClusterLabelChange for i = 14 
R-CCU: sum(pointsPerCluster) = 1714 
 num [1:4] 1706 3 1 4
NULL
R-CCU: dpObj$numberClusters = 4 
List of 2
 $ : num [1, 1, 1:4] 0.331 0.552 0.698 0.684
 $ : num [1, 1, 1:4] 7.53 2.87 2.34 1.53
NULL
R priorParameters: 2 8 
R maxT: 1 
R_PriorDraw_first_mu: 0.4219135 
R_PriorDraw_first_nu: 6.972456 
R-CCU: Before ClusterLabelChange for i = 15 newLabel= 1 currentLabel= 1 
R-CCU: sum(pointsPerCluster) = 1714 
 num [1:4] 1706 3 1 4
NULL
R-CCU: After ClusterLabelChange for i = 15 
R-CCU: sum(pointsPerCluster) = 1715 
 num [1:4] 1707 3 1 4
NULL
R-CCU: dpObj$numberClusters = 4 
List of 2
 $ : num [1, 1, 1:4] 0.331 0.552 0.698 0.684
 $ : num [1, 1, 1:4] 7.53 2.87 2.34 1.53
NULL
R priorParameters: 2 8 
R maxT: 1 
R_PriorDraw_first_mu: 0.9967873 
R_PriorDraw_first_nu: 2.674594 
R-CCU: Before ClusterLabelChange for i = 16 newLabel= 1 currentLabel= 1 
R-CCU: sum(pointsPerCluster) = 1715 
 num [1:4] 1707 3 1 4
NULL
R-CCU: After ClusterLabelChange for i = 16 
R-CCU: sum(pointsPerCluster) = 1716 
 num [1:4] 1708 3 1 4
NULL
R-CCU: dpObj$numberClusters = 4 
List of 2
 $ : num [1, 1, 1:4] 0.331 0.552 0.698 0.684
 $ : num [1, 1, 1:4] 7.53 2.87 2.34 1.53
NULL
R priorParameters: 2 8 
R maxT: 1 
R_PriorDraw_first_mu: 0.2071326 
R_PriorDraw_first_nu: 2.270537 
R-CCU: Before ClusterLabelChange for i = 17 newLabel= 1 currentLabel= 1 
R-CCU: sum(pointsPerCluster) = 1716 
 num [1:4] 1708 3 1 4
NULL
R-CCU: After ClusterLabelChange for i = 17 
R-CCU: sum(pointsPerCluster) = 1717 
 num [1:4] 1709 3 1 4
NULL
R-CCU: dpObj$numberClusters = 4 
List of 2
 $ : num [1, 1, 1:4] 0.331 0.552 0.698 0.684
 $ : num [1, 1, 1:4] 7.53 2.87 2.34 1.53
NULL
R priorParameters: 2 8 
R maxT: 1 
R_PriorDraw_first_mu: 0.3399563 
R_PriorDraw_first_nu: 4.125477 
R-CCU: Before ClusterLabelChange for i = 18 newLabel= 1 currentLabel= 1 
R-CCU: sum(pointsPerCluster) = 1717 
 num [1:4] 1709 3 1 4
NULL
R-CCU: After ClusterLabelChange for i = 18 
R-CCU: sum(pointsPerCluster) = 1718 
 num [1:4] 1710 3 1 4
NULL
R-CCU: dpObj$numberClusters = 4 
List of 2
 $ : num [1, 1, 1:4] 0.331 0.552 0.698 0.684
 $ : num [1, 1, 1:4] 7.53 2.87 2.34 1.53
NULL
R priorParameters: 2 8 
R maxT: 1 
R_PriorDraw_first_mu: 0.4795749 
R_PriorDraw_first_nu: 6.851797 
R-CCU: Before ClusterLabelChange for i = 19 newLabel= 1 currentLabel= 1 
R-CCU: sum(pointsPerCluster) = 1718 
 num [1:4] 1710 3 1 4
NULL
R-CCU: After ClusterLabelChange for i = 19 
R-CCU: sum(pointsPerCluster) = 1719 
 num [1:4] 1711 3 1 4
NULL
R-CCU: dpObj$numberClusters = 4 
List of 2
 $ : num [1, 1, 1:4] 0.331 0.552 0.698 0.684
 $ : num [1, 1, 1:4] 7.53 2.87 2.34 1.53
NULL
R priorParameters: 2 8 
R maxT: 1 
R_PriorDraw_first_mu: 0.94699 
R_PriorDraw_first_nu: 3.249365 
R-CCU: Before ClusterLabelChange for i = 20 newLabel= 1 currentLabel= 1 
R-CCU: sum(pointsPerCluster) = 1719 
 num [1:4] 1711 3 1 4
NULL
R-CCU: After ClusterLabelChange for i = 20 
R-CCU: sum(pointsPerCluster) = 1720 
 num [1:4] 1712 3 1 4
NULL
R-CCU: dpObj$numberClusters = 4 
List of 2
 $ : num [1, 1, 1:4] 0.331 0.552 0.698 0.684
 $ : num [1, 1, 1:4] 7.53 2.87 2.34 1.53
NULL
R priorParameters: 2 8 
R maxT: 1 
R_PriorDraw_first_mu: 0.9587517 
R_PriorDraw_first_nu: 8.348639 
R-CCU: Before ClusterLabelChange for i = 21 newLabel= 1 currentLabel= 1 
R-CCU: sum(pointsPerCluster) = 1720 
 num [1:4] 1712 3 1 4
NULL
R-CCU: After ClusterLabelChange for i = 21 
R-CCU: sum(pointsPerCluster) = 1721 
 num [1:4] 1713 3 1 4
NULL
R-CCU: dpObj$numberClusters = 4 
List of 2
 $ : num [1, 1, 1:4] 0.331 0.552 0.698 0.684
 $ : num [1, 1, 1:4] 7.53 2.87 2.34 1.53
NULL
R priorParameters: 2 8 
R maxT: 1 
R_PriorDraw_first_mu: 0.2253314 
R_PriorDraw_first_nu: 3.559658 
R-CCU: Before ClusterLabelChange for i = 22 newLabel= 1 currentLabel= 1 
R-CCU: sum(pointsPerCluster) = 1721 
 num [1:4] 1713 3 1 4
NULL
R-CCU: After ClusterLabelChange for i = 22 
R-CCU: sum(pointsPerCluster) = 1722 
 num [1:4] 1714 3 1 4
NULL
R-CCU: dpObj$numberClusters = 4 
List of 2
 $ : num [1, 1, 1:4] 0.331 0.552 0.698 0.684
 $ : num [1, 1, 1:4] 7.53 2.87 2.34 1.53
NULL
R priorParameters: 2 8 
R maxT: 1 
R_PriorDraw_first_mu: 0.2443466 
R_PriorDraw_first_nu: 1.777314 
R-CCU: Before ClusterLabelChange for i = 23 newLabel= 1 currentLabel= 1 
R-CCU: sum(pointsPerCluster) = 1722 
 num [1:4] 1714 3 1 4
NULL
R-CCU: After ClusterLabelChange for i = 23 
R-CCU: sum(pointsPerCluster) = 1723 
 num [1:4] 1715 3 1 4
NULL
R-CCU: dpObj$numberClusters = 4 
List of 2
 $ : num [1, 1, 1:4] 0.331 0.552 0.698 0.684
 $ : num [1, 1, 1:4] 7.53 2.87 2.34 1.53
NULL
R priorParameters: 2 8 
R maxT: 1 
R_PriorDraw_first_mu: 0.8812115 
R_PriorDraw_first_nu: 1.889306 
R-CCU: Before ClusterLabelChange for i = 24 newLabel= 1 currentLabel= 1 
R-CCU: sum(pointsPerCluster) = 1723 
 num [1:4] 1715 3 1 4
NULL
R-CCU: After ClusterLabelChange for i = 24 
R-CCU: sum(pointsPerCluster) = 1724 
 num [1:4] 1716 3 1 4
NULL
R-CCU: dpObj$numberClusters = 4 
List of 2
 $ : num [1, 1, 1:4] 0.331 0.552 0.698 0.684
 $ : num [1, 1, 1:4] 7.53 2.87 2.34 1.53
NULL
R priorParameters: 2 8 
R maxT: 1 
R_PriorDraw_first_mu: 0.0007209734 
R_PriorDraw_first_nu: 14.36979 
R-CCU: Before ClusterLabelChange for i = 25 newLabel= 1 currentLabel= 1 
R-CCU: sum(pointsPerCluster) = 1724 
 num [1:4] 1716 3 1 4
NULL
R-CCU: After ClusterLabelChange for i = 25 
R-CCU: sum(pointsPerCluster) = 1725 
 num [1:4] 1717 3 1 4
NULL
R-CCU: dpObj$numberClusters = 4 
List of 2
 $ : num [1, 1, 1:4] 0.331 0.552 0.698 0.684
 $ : num [1, 1, 1:4] 7.53 2.87 2.34 1.53
NULL
R priorParameters: 2 8 
R maxT: 1 
R_PriorDraw_first_mu: 0.2655135 
R_PriorDraw_first_nu: 2.486346 
R-CCU: Before ClusterLabelChange for i = 26 newLabel= 1 currentLabel= 1 
R-CCU: sum(pointsPerCluster) = 1725 
 num [1:4] 1717 3 1 4
NULL
R-CCU: After ClusterLabelChange for i = 26 
R-CCU: sum(pointsPerCluster) = 1726 
 num [1:4] 1718 3 1 4
NULL
R-CCU: dpObj$numberClusters = 4 
List of 2
 $ : num [1, 1, 1:4] 0.331 0.552 0.698 0.684
 $ : num [1, 1, 1:4] 7.53 2.87 2.34 1.53
NULL
R priorParameters: 2 8 
R maxT: 1 
R_PriorDraw_first_mu: 0.6420888 
R_PriorDraw_first_nu: 15.72548 
R-CCU: Before ClusterLabelChange for i = 27 newLabel= 1 currentLabel= 1 
R-CCU: sum(pointsPerCluster) = 1726 
 num [1:4] 1718 3 1 4
NULL
R-CCU: After ClusterLabelChange for i = 27 
R-CCU: sum(pointsPerCluster) = 1727 
 num [1:4] 1719 3 1 4
NULL
R-CCU: dpObj$numberClusters = 4 
List of 2
 $ : num [1, 1, 1:4] 0.331 0.552 0.698 0.684
 $ : num [1, 1, 1:4] 7.53 2.87 2.34 1.53
NULL
R priorParameters: 2 8 
R maxT: 1 
R_PriorDraw_first_mu: 0.2934877 
R_PriorDraw_first_nu: 18.69185 
R-CCU: Before ClusterLabelChange for i = 28 newLabel= 1 currentLabel= 1 
R-CCU: sum(pointsPerCluster) = 1727 
 num [1:4] 1719 3 1 4
NULL
R-CCU: After ClusterLabelChange for i = 28 
R-CCU: sum(pointsPerCluster) = 1728 
 num [1:4] 1720 3 1 4
NULL
R-CCU: dpObj$numberClusters = 4 
List of 2
 $ : num [1, 1, 1:4] 0.331 0.552 0.698 0.684
 $ : num [1, 1, 1:4] 7.53 2.87 2.34 1.53
NULL
R priorParameters: 2 8 
R maxT: 1 
R_PriorDraw_first_mu: 0.1727617 
R_PriorDraw_first_nu: 9.008678 
R-CCU: Before ClusterLabelChange for i = 29 newLabel= 1 currentLabel= 1 
R-CCU: sum(pointsPerCluster) = 1728 
 num [1:4] 1720 3 1 4
NULL
R-CCU: After ClusterLabelChange for i = 29 
R-CCU: sum(pointsPerCluster) = 1729 
 num [1:4] 1721 3 1 4
NULL
R-CCU: dpObj$numberClusters = 4 
List of 2
 $ : num [1, 1, 1:4] 0.331 0.552 0.698 0.684
 $ : num [1, 1, 1:4] 7.53 2.87 2.34 1.53
NULL
R priorParameters: 2 8 
R maxT: 1 
R_PriorDraw_first_mu: 0.1825371 
R_PriorDraw_first_nu: 4.182387 
R-CCU: Before ClusterLabelChange for i = 30 newLabel= 1 currentLabel= 1 
R-CCU: sum(pointsPerCluster) = 1729 
 num [1:4] 1721 3 1 4
NULL
R-CCU: After ClusterLabelChange for i = 30 
R-CCU: sum(pointsPerCluster) = 1730 
 num [1:4] 1722 3 1 4
NULL
R-CCU: dpObj$numberClusters = 4 
List of 2
 $ : num [1, 1, 1:4] 0.331 0.552 0.698 0.684
 $ : num [1, 1, 1:4] 7.53 2.87 2.34 1.53
NULL
R priorParameters: 2 8 
R maxT: 1 
R_PriorDraw_first_mu: 0.6399482 
R_PriorDraw_first_nu: 3.886731 
R-CCU: Before ClusterLabelChange for i = 31 newLabel= 1 currentLabel= 1 
R-CCU: sum(pointsPerCluster) = 1730 
 num [1:4] 1722 3 1 4
NULL
R-CCU: After ClusterLabelChange for i = 31 
R-CCU: sum(pointsPerCluster) = 1731 
 num [1:4] 1723 3 1 4
NULL
R-CCU: dpObj$numberClusters = 4 
List of 2
 $ : num [1, 1, 1:4] 0.331 0.552 0.698 0.684
 $ : num [1, 1, 1:4] 7.53 2.87 2.34 1.53
NULL
R priorParameters: 2 8 
R maxT: 1 
R_PriorDraw_first_mu: 0.332074 
R_PriorDraw_first_nu: 3.770942 
R-CCU: Before ClusterLabelChange for i = 32 newLabel= 1 currentLabel= 1 
R-CCU: sum(pointsPerCluster) = 1731 
 num [1:4] 1723 3 1 4
NULL
R-CCU: After ClusterLabelChange for i = 32 
R-CCU: sum(pointsPerCluster) = 1732 
 num [1:4] 1724 3 1 4
NULL
R-CCU: dpObj$numberClusters = 4 
List of 2
 $ : num [1, 1, 1:4] 0.331 0.552 0.698 0.684
 $ : num [1, 1, 1:4] 7.53 2.87 2.34 1.53
NULL
R priorParameters: 2 8 
R maxT: 1 
R_PriorDraw_first_mu: 0.1826432 
R_PriorDraw_first_nu: 3.661559 
R-CCU: Before ClusterLabelChange for i = 33 newLabel= 1 currentLabel= 1 
R-CCU: sum(pointsPerCluster) = 1732 
 num [1:4] 1724 3 1 4
NULL
R-CCU: After ClusterLabelChange for i = 33 
R-CCU: sum(pointsPerCluster) = 1733 
 num [1:4] 1725 3 1 4
NULL
R-CCU: dpObj$numberClusters = 4 
List of 2
 $ : num [1, 1, 1:4] 0.331 0.552 0.698 0.684
 $ : num [1, 1, 1:4] 7.53 2.87 2.34 1.53
NULL
R priorParameters: 2 8 
R maxT: 1 
R_PriorDraw_first_mu: 0.1894435 
R_PriorDraw_first_nu: 2.631823 
R-CCU: Before ClusterLabelChange for i = 34 newLabel= 1 currentLabel= 1 
R-CCU: sum(pointsPerCluster) = 1733 
 num [1:4] 1725 3 1 4
NULL
R-CCU: After ClusterLabelChange for i = 34 
R-CCU: sum(pointsPerCluster) = 1734 
 num [1:4] 1726 3 1 4
NULL
R-CCU: dpObj$numberClusters = 4 
List of 2
 $ : num [1, 1, 1:4] 0.331 0.552 0.698 0.684
 $ : num [1, 1, 1:4] 7.53 2.87 2.34 1.53
NULL
R priorParameters: 2 8 
R maxT: 1 
R_PriorDraw_first_mu: 0.02620399 
R_PriorDraw_first_nu: 8.892755 
R-CCU: Before ClusterLabelChange for i = 35 newLabel= 1 currentLabel= 1 
R-CCU: sum(pointsPerCluster) = 1734 
 num [1:4] 1726 3 1 4
NULL
R-CCU: After ClusterLabelChange for i = 35 
R-CCU: sum(pointsPerCluster) = 1735 
 num [1:4] 1727 3 1 4
NULL
R-CCU: dpObj$numberClusters = 4 
List of 2
 $ : num [1, 1, 1:4] 0.331 0.552 0.698 0.684
 $ : num [1, 1, 1:4] 7.53 2.87 2.34 1.53
NULL
R priorParameters: 2 8 
R maxT: 1 
R_PriorDraw_first_mu: 0.03550103 
R_PriorDraw_first_nu: 3.638554 
R-CCU: Before ClusterLabelChange for i = 36 newLabel= 1 currentLabel= 1 
R-CCU: sum(pointsPerCluster) = 1735 
 num [1:4] 1727 3 1 4
NULL
R-CCU: After ClusterLabelChange for i = 36 
R-CCU: sum(pointsPerCluster) = 1736 
 num [1:4] 1728 3 1 4
NULL
R-CCU: dpObj$numberClusters = 4 
List of 2
 $ : num [1, 1, 1:4] 0.331 0.552 0.698 0.684
 $ : num [1, 1, 1:4] 7.53 2.87 2.34 1.53
NULL
R priorParameters: 2 8 
R maxT: 1 
R_PriorDraw_first_mu: 0.4513041 
R_PriorDraw_first_nu: 1.690285 
R-CCU: Before ClusterLabelChange for i = 37 newLabel= 1 currentLabel= 1 
R-CCU: sum(pointsPerCluster) = 1736 
 num [1:4] 1728 3 1 4
NULL
R-CCU: After ClusterLabelChange for i = 37 
R-CCU: sum(pointsPerCluster) = 1737 
 num [1:4] 1729 3 1 4
NULL
R-CCU: dpObj$numberClusters = 4 
List of 2
 $ : num [1, 1, 1:4] 0.331 0.552 0.698 0.684
 $ : num [1, 1, 1:4] 7.53 2.87 2.34 1.53
NULL
R priorParameters: 2 8 
R maxT: 1 
R_PriorDraw_first_mu: 0.3408115 
R_PriorDraw_first_nu: 4.466643 
R-CCU: Before ClusterLabelChange for i = 38 newLabel= 1 currentLabel= 1 
R-CCU: sum(pointsPerCluster) = 1737 
 num [1:4] 1729 3 1 4
NULL
R-CCU: After ClusterLabelChange for i = 38 
R-CCU: sum(pointsPerCluster) = 1738 
 num [1:4] 1730 3 1 4
NULL
R-CCU: dpObj$numberClusters = 4 
List of 2
 $ : num [1, 1, 1:4] 0.331 0.552 0.698 0.684
 $ : num [1, 1, 1:4] 7.53 2.87 2.34 1.53
NULL
R priorParameters: 2 8 
R maxT: 1 
R_PriorDraw_first_mu: 0.1104874 
R_PriorDraw_first_nu: 4.06668 
R-CCU: Before ClusterLabelChange for i = 39 newLabel= 1 currentLabel= 1 
R-CCU: sum(pointsPerCluster) = 1738 
 num [1:4] 1730 3 1 4
NULL
R-CCU: After ClusterLabelChange for i = 39 
R-CCU: sum(pointsPerCluster) = 1739 
 num [1:4] 1731 3 1 4
NULL
R-CCU: dpObj$numberClusters = 4 
List of 2
 $ : num [1, 1, 1:4] 0.331 0.552 0.698 0.684
 $ : num [1, 1, 1:4] 7.53 2.87 2.34 1.53
NULL
R priorParameters: 2 8 
R maxT: 1 
R_PriorDraw_first_mu: 0.5996211 
R_PriorDraw_first_nu: 10.51927 
R-CCU: Before ClusterLabelChange for i = 40 newLabel= 1 currentLabel= 1 
R-CCU: sum(pointsPerCluster) = 1739 
 num [1:4] 1731 3 1 4
NULL
R-CCU: After ClusterLabelChange for i = 40 
R-CCU: sum(pointsPerCluster) = 1740 
 num [1:4] 1732 3 1 4
NULL
R-CCU: dpObj$numberClusters = 4 
List of 2
 $ : num [1, 1, 1:4] 0.331 0.552 0.698 0.684
 $ : num [1, 1, 1:4] 7.53 2.87 2.34 1.53
NULL
R priorParameters: 2 8 
R maxT: 1 
R_PriorDraw_first_mu: 0.57276 
R_PriorDraw_first_nu: 2.086582 
R-CCU: Before ClusterLabelChange for i = 41 newLabel= 1 currentLabel= 1 
R-CCU: sum(pointsPerCluster) = 1740 
 num [1:4] 1732 3 1 4
NULL
R-CCU: After ClusterLabelChange for i = 41 
R-CCU: sum(pointsPerCluster) = 1741 
 num [1:4] 1733 3 1 4
NULL
R-CCU: dpObj$numberClusters = 4 
List of 2
 $ : num [1, 1, 1:4] 0.331 0.552 0.698 0.684
 $ : num [1, 1, 1:4] 7.53 2.87 2.34 1.53
NULL
R priorParameters: 2 8 
R maxT: 1 
R_PriorDraw_first_mu: 0.5057329 
R_PriorDraw_first_nu: 6.153758 
R-CCU: Before ClusterLabelChange for i = 42 newLabel= 1 currentLabel= 1 
R-CCU: sum(pointsPerCluster) = 1741 
 num [1:4] 1733 3 1 4
NULL
R-CCU: After ClusterLabelChange for i = 42 
R-CCU: sum(pointsPerCluster) = 1742 
 num [1:4] 1734 3 1 4
NULL
R-CCU: dpObj$numberClusters = 4 
List of 2
 $ : num [1, 1, 1:4] 0.331 0.552 0.698 0.684
 $ : num [1, 1, 1:4] 7.53 2.87 2.34 1.53
NULL
R priorParameters: 2 8 
R maxT: 1 
R_PriorDraw_first_mu: 0.5291974 
R_PriorDraw_first_nu: 5.415094 
R-CCU: Before ClusterLabelChange for i = 43 newLabel= 1 currentLabel= 1 
R-CCU: sum(pointsPerCluster) = 1742 
 num [1:4] 1734 3 1 4
NULL
R-CCU: After ClusterLabelChange for i = 43 
R-CCU: sum(pointsPerCluster) = 1743 
 num [1:4] 1735 3 1 4
NULL
R-CCU: dpObj$numberClusters = 4 
List of 2
 $ : num [1, 1, 1:4] 0.331 0.552 0.698 0.684
 $ : num [1, 1, 1:4] 7.53 2.87 2.34 1.53
NULL
R priorParameters: 2 8 
R maxT: 1 
R_PriorDraw_first_mu: 0.9463034 
R_PriorDraw_first_nu: 5.354156 
R-CCU: Before ClusterLabelChange for i = 44 newLabel= 1 currentLabel= 1 
R-CCU: sum(pointsPerCluster) = 1743 
 num [1:4] 1735 3 1 4
NULL
R-CCU: After ClusterLabelChange for i = 44 
R-CCU: sum(pointsPerCluster) = 1744 
 num [1:4] 1736 3 1 4
NULL
R-CCU: dpObj$numberClusters = 4 
List of 2
 $ : num [1, 1, 1:4] 0.331 0.552 0.698 0.684
 $ : num [1, 1, 1:4] 7.53 2.87 2.34 1.53
NULL
R priorParameters: 2 8 
R maxT: 1 
R_PriorDraw_first_mu: 0.3896445 
R_PriorDraw_first_nu: 4.651088 
R-CCU: Before ClusterLabelChange for i = 45 newLabel= 1 currentLabel= 1 
R-CCU: sum(pointsPerCluster) = 1744 
 num [1:4] 1736 3 1 4
NULL
R-CCU: After ClusterLabelChange for i = 45 
R-CCU: sum(pointsPerCluster) = 1745 
 num [1:4] 1737 3 1 4
NULL
R-CCU: dpObj$numberClusters = 4 
List of 2
 $ : num [1, 1, 1:4] 0.331 0.552 0.698 0.684
 $ : num [1, 1, 1:4] 7.53 2.87 2.34 1.53
NULL
R priorParameters: 2 8 
R maxT: 1 
R_PriorDraw_first_mu: 0.2225892 
R_PriorDraw_first_nu: 14.10717 
R-CCU: Before ClusterLabelChange for i = 46 newLabel= 1 currentLabel= 1 
R-CCU: sum(pointsPerCluster) = 1745 
 num [1:4] 1737 3 1 4
NULL
R-CCU: After ClusterLabelChange for i = 46 
R-CCU: sum(pointsPerCluster) = 1746 
 num [1:4] 1738 3 1 4
NULL
R-CCU: dpObj$numberClusters = 4 
List of 2
 $ : num [1, 1, 1:4] 0.331 0.552 0.698 0.684
 $ : num [1, 1, 1:4] 7.53 2.87 2.34 1.53
NULL
R priorParameters: 2 8 
R maxT: 1 
R_PriorDraw_first_mu: 0.8290438 
R_PriorDraw_first_nu: 4.034001 
R-CCU: Before ClusterLabelChange for i = 47 newLabel= 1 currentLabel= 1 
R-CCU: sum(pointsPerCluster) = 1746 
 num [1:4] 1738 3 1 4
NULL
R-CCU: After ClusterLabelChange for i = 47 
R-CCU: sum(pointsPerCluster) = 1747 
 num [1:4] 1739 3 1 4
NULL
R-CCU: dpObj$numberClusters = 4 
List of 2
 $ : num [1, 1, 1:4] 0.331 0.552 0.698 0.684
 $ : num [1, 1, 1:4] 7.53 2.87 2.34 1.53
NULL
R priorParameters: 2 8 
R maxT: 1 
R_PriorDraw_first_mu: 0.2572579 
R_PriorDraw_first_nu: 5.426665 
R-CCU: Before ClusterLabelChange for i = 48 newLabel= 1 currentLabel= 1 
R-CCU: sum(pointsPerCluster) = 1747 
 num [1:4] 1739 3 1 4
NULL
R-CCU: After ClusterLabelChange for i = 48 
R-CCU: sum(pointsPerCluster) = 1748 
 num [1:4] 1740 3 1 4
NULL
R-CCU: dpObj$numberClusters = 4 
List of 2
 $ : num [1, 1, 1:4] 0.331 0.552 0.698 0.684
 $ : num [1, 1, 1:4] 7.53 2.87 2.34 1.53
NULL
R priorParameters: 2 8 
R maxT: 1 
R_PriorDraw_first_mu: 0.3788519 
R_PriorDraw_first_nu: 16.38631 
R-CCU: Before ClusterLabelChange for i = 49 newLabel= 1 currentLabel= 1 
R-CCU: sum(pointsPerCluster) = 1748 
 num [1:4] 1740 3 1 4
NULL
R-CCU: After ClusterLabelChange for i = 49 
R-CCU: sum(pointsPerCluster) = 1749 
 num [1:4] 1741 3 1 4
NULL
R-CCU: dpObj$numberClusters = 4 
List of 2
 $ : num [1, 1, 1:4] 0.331 0.552 0.698 0.684
 $ : num [1, 1, 1:4] 7.53 2.87 2.34 1.53
NULL
R priorParameters: 2 8 
R maxT: 1 
R_PriorDraw_first_mu: 0.2599063 
R_PriorDraw_first_nu: 5.993984 
R-CCU: Before ClusterLabelChange for i = 50 newLabel= 1 currentLabel= 1 
R-CCU: sum(pointsPerCluster) = 1749 
 num [1:4] 1741 3 1 4
NULL
R-CCU: After ClusterLabelChange for i = 50 
R-CCU: sum(pointsPerCluster) = 1750 
 num [1:4] 1742 3 1 4
NULL
R-CCU: dpObj$numberClusters = 4 
List of 2
 $ : num [1, 1, 1:4] 0.331 0.552 0.698 0.684
 $ : num [1, 1, 1:4] 7.53 2.87 2.34 1.53
NULL
R priorParameters: 2 8 
R maxT: 1 
R_PriorDraw_first_mu: 0.5818859 
R_PriorDraw_first_nu: 14.81719 
R-CCU: Before ClusterLabelChange for i = 51 newLabel= 1 currentLabel= 1 
R-CCU: sum(pointsPerCluster) = 1750 
 num [1:4] 1742 3 1 4
NULL
R-CCU: After ClusterLabelChange for i = 51 
R-CCU: sum(pointsPerCluster) = 1751 
 num [1:4] 1743 3 1 4
NULL
R-CCU: dpObj$numberClusters = 4 
List of 2
 $ : num [1, 1, 1:4] 0.331 0.552 0.698 0.684
 $ : num [1, 1, 1:4] 7.53 2.87 2.34 1.53
NULL
R priorParameters: 2 8 
R maxT: 1 
R_PriorDraw_first_mu: 0.8208185 
R_PriorDraw_first_nu: 5.103346 
R-CCU: Before ClusterLabelChange for i = 52 newLabel= 1 currentLabel= 1 
R-CCU: sum(pointsPerCluster) = 1751 
 num [1:4] 1743 3 1 4
NULL
R-CCU: After ClusterLabelChange for i = 52 
R-CCU: sum(pointsPerCluster) = 1752 
 num [1:4] 1744 3 1 4
NULL
R-CCU: dpObj$numberClusters = 4 
List of 2
 $ : num [1, 1, 1:4] 0.331 0.552 0.698 0.684
 $ : num [1, 1, 1:4] 7.53 2.87 2.34 1.53
NULL
R priorParameters: 2 8 
R maxT: 1 
R_PriorDraw_first_mu: 0.187614 
R_PriorDraw_first_nu: 2.454379 
R-CCU: Before ClusterLabelChange for i = 53 newLabel= 1 currentLabel= 1 
R-CCU: sum(pointsPerCluster) = 1752 
 num [1:4] 1744 3 1 4
NULL
R-CCU: After ClusterLabelChange for i = 53 
R-CCU: sum(pointsPerCluster) = 1753 
 num [1:4] 1745 3 1 4
NULL
R-CCU: dpObj$numberClusters = 4 
List of 2
 $ : num [1, 1, 1:4] 0.331 0.552 0.698 0.684
 $ : num [1, 1, 1:4] 7.53 2.87 2.34 1.53
NULL
R priorParameters: 2 8 
R maxT: 1 
R_PriorDraw_first_mu: 0.2547743 
R_PriorDraw_first_nu: 10.07121 
R-CCU: Before ClusterLabelChange for i = 54 newLabel= 1 currentLabel= 1 
R-CCU: sum(pointsPerCluster) = 1753 
 num [1:4] 1745 3 1 4
NULL
R-CCU: After ClusterLabelChange for i = 54 
R-CCU: sum(pointsPerCluster) = 1754 
 num [1:4] 1746 3 1 4
NULL
R-CCU: dpObj$numberClusters = 4 
List of 2
 $ : num [1, 1, 1:4] 0.331 0.552 0.698 0.684
 $ : num [1, 1, 1:4] 7.53 2.87 2.34 1.53
NULL
R priorParameters: 2 8 
R maxT: 1 
R_PriorDraw_first_mu: 0.7639983 
R_PriorDraw_first_nu: 34.68869 
R-CCU: Before ClusterLabelChange for i = 55 newLabel= 1 currentLabel= 1 
R-CCU: sum(pointsPerCluster) = 1754 
 num [1:4] 1746 3 1 4
NULL
R-CCU: After ClusterLabelChange for i = 55 
R-CCU: sum(pointsPerCluster) = 1755 
 num [1:4] 1747 3 1 4
NULL
R-CCU: dpObj$numberClusters = 4 
List of 2
 $ : num [1, 1, 1:4] 0.331 0.552 0.698 0.684
 $ : num [1, 1, 1:4] 7.53 2.87 2.34 1.53
NULL
R priorParameters: 2 8 
R maxT: 1 
R_PriorDraw_first_mu: 0.2145838 
R_PriorDraw_first_nu: 1.840805 
R-CCU: Before ClusterLabelChange for i = 56 newLabel= 1 currentLabel= 1 
R-CCU: sum(pointsPerCluster) = 1755 
 num [1:4] 1747 3 1 4
NULL
R-CCU: After ClusterLabelChange for i = 56 
R-CCU: sum(pointsPerCluster) = 1756 
 num [1:4] 1748 3 1 4
NULL
R-CCU: dpObj$numberClusters = 4 
List of 2
 $ : num [1, 1, 1:4] 0.331 0.552 0.698 0.684
 $ : num [1, 1, 1:4] 7.53 2.87 2.34 1.53
NULL
R priorParameters: 2 8 
R maxT: 1 
R_PriorDraw_first_mu: 0.238563 
R_PriorDraw_first_nu: 20.86243 
R-CCU: Before ClusterLabelChange for i = 57 newLabel= 1 currentLabel= 1 
R-CCU: sum(pointsPerCluster) = 1756 
 num [1:4] 1748 3 1 4
NULL
R-CCU: After ClusterLabelChange for i = 57 
R-CCU: sum(pointsPerCluster) = 1757 
 num [1:4] 1749 3 1 4
NULL
R-CCU: dpObj$numberClusters = 4 
List of 2
 $ : num [1, 1, 1:4] 0.331 0.552 0.698 0.684
 $ : num [1, 1, 1:4] 7.53 2.87 2.34 1.53
NULL
R priorParameters: 2 8 
R maxT: 1 
R_PriorDraw_first_mu: 0.02680588 
R_PriorDraw_first_nu: 3.393383 
R-CCU: Before ClusterLabelChange for i = 58 newLabel= 1 currentLabel= 1 
R-CCU: sum(pointsPerCluster) = 1757 
 num [1:4] 1749 3 1 4
NULL
R-CCU: After ClusterLabelChange for i = 58 
R-CCU: sum(pointsPerCluster) = 1758 
 num [1:4] 1750 3 1 4
NULL
R-CCU: dpObj$numberClusters = 4 
List of 2
 $ : num [1, 1, 1:4] 0.331 0.552 0.698 0.684
 $ : num [1, 1, 1:4] 7.53 2.87 2.34 1.53
NULL
R priorParameters: 2 8 
R maxT: 1 
R_PriorDraw_first_mu: 0.9730402 
R_PriorDraw_first_nu: 11.70669 
R-CCU: Before ClusterLabelChange for i = 59 newLabel= 1 currentLabel= 1 
R-CCU: sum(pointsPerCluster) = 1758 
 num [1:4] 1750 3 1 4
NULL
R-CCU: After ClusterLabelChange for i = 59 
R-CCU: sum(pointsPerCluster) = 1759 
 num [1:4] 1751 3 1 4
NULL
R-CCU: dpObj$numberClusters = 4 
List of 2
 $ : num [1, 1, 1:4] 0.331 0.552 0.698 0.684
 $ : num [1, 1, 1:4] 7.53 2.87 2.34 1.53
NULL
R priorParameters: 2 8 
R maxT: 1 
R_PriorDraw_first_mu: 0.006270536 
R_PriorDraw_first_nu: 10.20109 
R-CCU: Before ClusterLabelChange for i = 60 newLabel= 1 currentLabel= 1 
R-CCU: sum(pointsPerCluster) = 1759 
 num [1:4] 1751 3 1 4
NULL
R-CCU: After ClusterLabelChange for i = 60 
R-CCU: sum(pointsPerCluster) = 1760 
 num [1:4] 1752 3 1 4
NULL
R-CCU: dpObj$numberClusters = 4 
List of 2
 $ : num [1, 1, 1:4] 0.331 0.552 0.698 0.684
 $ : num [1, 1, 1:4] 7.53 2.87 2.34 1.53
NULL
R priorParameters: 2 8 
R maxT: 1 
R_PriorDraw_first_mu: 0.06653629 
R_PriorDraw_first_nu: 6.528364 
R-CCU: Before ClusterLabelChange for i = 61 newLabel= 1 currentLabel= 1 
R-CCU: sum(pointsPerCluster) = 1760 
 num [1:4] 1752 3 1 4
NULL
R-CCU: After ClusterLabelChange for i = 61 
R-CCU: sum(pointsPerCluster) = 1761 
 num [1:4] 1753 3 1 4
NULL
R-CCU: dpObj$numberClusters = 4 
List of 2
 $ : num [1, 1, 1:4] 0.331 0.552 0.698 0.684
 $ : num [1, 1, 1:4] 7.53 2.87 2.34 1.53
NULL
R priorParameters: 2 8 
R maxT: 1 
R_PriorDraw_first_mu: 0.8157424 
R_PriorDraw_first_nu: 3.462967 
R-CCU: Before ClusterLabelChange for i = 62 newLabel= 1 currentLabel= 1 
R-CCU: sum(pointsPerCluster) = 1761 
 num [1:4] 1753 3 1 4
NULL
R-CCU: After ClusterLabelChange for i = 62 
R-CCU: sum(pointsPerCluster) = 1762 
 num [1:4] 1754 3 1 4
NULL
R-CCU: dpObj$numberClusters = 4 
List of 2
 $ : num [1, 1, 1:4] 0.331 0.552 0.698 0.684
 $ : num [1, 1, 1:4] 7.53 2.87 2.34 1.53
NULL
R priorParameters: 2 8 
R maxT: 1 
R_PriorDraw_first_mu: 0.9754682 
R_PriorDraw_first_nu: 4.853731 
R-CCU: Before ClusterLabelChange for i = 63 newLabel= 1 currentLabel= 1 
R-CCU: sum(pointsPerCluster) = 1762 
 num [1:4] 1754 3 1 4
NULL
R-CCU: After ClusterLabelChange for i = 63 
R-CCU: sum(pointsPerCluster) = 1763 
 num [1:4] 1755 3 1 4
NULL
R-CCU: dpObj$numberClusters = 4 
List of 2
 $ : num [1, 1, 1:4] 0.331 0.552 0.698 0.684
 $ : num [1, 1, 1:4] 7.53 2.87 2.34 1.53
NULL
R priorParameters: 2 8 
R maxT: 1 
R_PriorDraw_first_mu: 0.3111859 
R_PriorDraw_first_nu: 2.498393 
R-CCU: Before ClusterLabelChange for i = 64 newLabel= 1 currentLabel= 1 
R-CCU: sum(pointsPerCluster) = 1763 
 num [1:4] 1755 3 1 4
NULL
R-CCU: After ClusterLabelChange for i = 64 
R-CCU: sum(pointsPerCluster) = 1764 
 num [1:4] 1756 3 1 4
NULL
R-CCU: dpObj$numberClusters = 4 
List of 2
 $ : num [1, 1, 1:4] 0.331 0.552 0.698 0.684
 $ : num [1, 1, 1:4] 7.53 2.87 2.34 1.53
NULL
R priorParameters: 2 8 
R maxT: 1 
R_PriorDraw_first_mu: 0.3071217 
R_PriorDraw_first_nu: 2.932112 
R-CCU: Before ClusterLabelChange for i = 65 newLabel= 1 currentLabel= 1 
R-CCU: sum(pointsPerCluster) = 1764 
 num [1:4] 1756 3 1 4
NULL
R-CCU: After ClusterLabelChange for i = 65 
R-CCU: sum(pointsPerCluster) = 1765 
 num [1:4] 1757 3 1 4
NULL
R-CCU: dpObj$numberClusters = 4 
List of 2
 $ : num [1, 1, 1:4] 0.331 0.552 0.698 0.684
 $ : num [1, 1, 1:4] 7.53 2.87 2.34 1.53
NULL
R priorParameters: 2 8 
R maxT: 1 
R_PriorDraw_first_mu: 0.5964178 
R_PriorDraw_first_nu: 3.757321 
R-CCU: Before ClusterLabelChange for i = 66 newLabel= 1 currentLabel= 1 
R-CCU: sum(pointsPerCluster) = 1765 
 num [1:4] 1757 3 1 4
NULL
R-CCU: After ClusterLabelChange for i = 66 
R-CCU: sum(pointsPerCluster) = 1766 
 num [1:4] 1758 3 1 4
NULL
R-CCU: dpObj$numberClusters = 4 
List of 2
 $ : num [1, 1, 1:4] 0.331 0.552 0.698 0.684
 $ : num [1, 1, 1:4] 7.53 2.87 2.34 1.53
NULL
R priorParameters: 2 8 
R maxT: 1 
R_PriorDraw_first_mu: 0.08013103 
R_PriorDraw_first_nu: 2.838364 
R-CCU: Before ClusterLabelChange for i = 67 newLabel= 1 currentLabel= 1 
R-CCU: sum(pointsPerCluster) = 1766 
 num [1:4] 1758 3 1 4
NULL
R-CCU: After ClusterLabelChange for i = 67 
R-CCU: sum(pointsPerCluster) = 1767 
 num [1:4] 1759 3 1 4
NULL
R-CCU: dpObj$numberClusters = 4 
List of 2
 $ : num [1, 1, 1:4] 0.331 0.552 0.698 0.684
 $ : num [1, 1, 1:4] 7.53 2.87 2.34 1.53
NULL
R priorParameters: 2 8 
R maxT: 1 
R_PriorDraw_first_mu: 0.9565505 
R_PriorDraw_first_nu: 2.068217 
R-CCU: Before ClusterLabelChange for i = 68 newLabel= 1 currentLabel= 1 
R-CCU: sum(pointsPerCluster) = 1767 
 num [1:4] 1759 3 1 4
NULL
R-CCU: After ClusterLabelChange for i = 68 
R-CCU: sum(pointsPerCluster) = 1768 
 num [1:4] 1760 3 1 4
NULL
R-CCU: dpObj$numberClusters = 4 
List of 2
 $ : num [1, 1, 1:4] 0.331 0.552 0.698 0.684
 $ : num [1, 1, 1:4] 7.53 2.87 2.34 1.53
NULL
R priorParameters: 2 8 
R maxT: 1 
R_PriorDraw_first_mu: 0.5511304 
R_PriorDraw_first_nu: 2.687934 
R-CCU: Before ClusterLabelChange for i = 69 newLabel= 1 currentLabel= 1 
R-CCU: sum(pointsPerCluster) = 1768 
 num [1:4] 1760 3 1 4
NULL
R-CCU: After ClusterLabelChange for i = 69 
R-CCU: sum(pointsPerCluster) = 1769 
 num [1:4] 1761 3 1 4
NULL
R-CCU: dpObj$numberClusters = 4 
List of 2
 $ : num [1, 1, 1:4] 0.331 0.552 0.698 0.684
 $ : num [1, 1, 1:4] 7.53 2.87 2.34 1.53
NULL
R priorParameters: 2 8 
R maxT: 1 
R_PriorDraw_first_mu: 0.1201883 
R_PriorDraw_first_nu: 12.44121 
R-CCU: Before ClusterLabelChange for i = 70 newLabel= 1 currentLabel= 1 
R-CCU: sum(pointsPerCluster) = 1769 
 num [1:4] 1761 3 1 4
NULL
R-CCU: After ClusterLabelChange for i = 70 
R-CCU: sum(pointsPerCluster) = 1770 
 num [1:4] 1762 3 1 4
NULL
R-CCU: dpObj$numberClusters = 4 
List of 2
 $ : num [1, 1, 1:4] 0.331 0.552 0.698 0.684
 $ : num [1, 1, 1:4] 7.53 2.87 2.34 1.53
NULL
R priorParameters: 2 8 
R maxT: 1 
R_PriorDraw_first_mu: 0.06312844 
R_PriorDraw_first_nu: 7.047006 
R-CCU: Before ClusterLabelChange for i = 71 newLabel= 1 currentLabel= 1 
R-CCU: sum(pointsPerCluster) = 1770 
 num [1:4] 1762 3 1 4
NULL
R-CCU: After ClusterLabelChange for i = 71 
R-CCU: sum(pointsPerCluster) = 1771 
 num [1:4] 1763 3 1 4
NULL
R-CCU: dpObj$numberClusters = 4 
List of 2
 $ : num [1, 1, 1:4] 0.331 0.552 0.698 0.684
 $ : num [1, 1, 1:4] 7.53 2.87 2.34 1.53
NULL
R priorParameters: 2 8 
R maxT: 1 
R_PriorDraw_first_mu: 0.7473794 
R_PriorDraw_first_nu: 7.874622 
R-CCU: Before ClusterLabelChange for i = 72 newLabel= 1 currentLabel= 1 
R-CCU: sum(pointsPerCluster) = 1771 
 num [1:4] 1763 3 1 4
NULL
R-CCU: After ClusterLabelChange for i = 72 
R-CCU: sum(pointsPerCluster) = 1772 
 num [1:4] 1764 3 1 4
NULL
R-CCU: dpObj$numberClusters = 4 
List of 2
 $ : num [1, 1, 1:4] 0.331 0.552 0.698 0.684
 $ : num [1, 1, 1:4] 7.53 2.87 2.34 1.53
NULL
R priorParameters: 2 8 
R maxT: 1 
R_PriorDraw_first_mu: 0.07374749 
R_PriorDraw_first_nu: 20.1468 
R-CCU: Before ClusterLabelChange for i = 73 newLabel= 1 currentLabel= 1 
R-CCU: sum(pointsPerCluster) = 1772 
 num [1:4] 1764 3 1 4
NULL
R-CCU: After ClusterLabelChange for i = 73 
R-CCU: sum(pointsPerCluster) = 1773 
 num [1:4] 1765 3 1 4
NULL
R-CCU: dpObj$numberClusters = 4 
List of 2
 $ : num [1, 1, 1:4] 0.331 0.552 0.698 0.684
 $ : num [1, 1, 1:4] 7.53 2.87 2.34 1.53
NULL
R priorParameters: 2 8 
R maxT: 1 
R_PriorDraw_first_mu: 0.4827022 
R_PriorDraw_first_nu: 3.01686 
R-CCU: Before ClusterLabelChange for i = 74 newLabel= 1 currentLabel= 1 
R-CCU: sum(pointsPerCluster) = 1773 
 num [1:4] 1765 3 1 4
NULL
R-CCU: After ClusterLabelChange for i = 74 
R-CCU: sum(pointsPerCluster) = 1774 
 num [1:4] 1766 3 1 4
NULL
R-CCU: dpObj$numberClusters = 4 
List of 2
 $ : num [1, 1, 1:4] 0.331 0.552 0.698 0.684
 $ : num [1, 1, 1:4] 7.53 2.87 2.34 1.53
NULL
R priorParameters: 2 8 
R maxT: 1 
R_PriorDraw_first_mu: 0.7636679 
R_PriorDraw_first_nu: 2.627156 
R-CCU: Before ClusterLabelChange for i = 75 newLabel= 1 currentLabel= 1 
R-CCU: sum(pointsPerCluster) = 1774 
 num [1:4] 1766 3 1 4
NULL
R-CCU: After ClusterLabelChange for i = 75 
R-CCU: sum(pointsPerCluster) = 1775 
 num [1:4] 1767 3 1 4
NULL
R-CCU: dpObj$numberClusters = 4 
List of 2
 $ : num [1, 1, 1:4] 0.331 0.552 0.698 0.684
 $ : num [1, 1, 1:4] 7.53 2.87 2.34 1.53
NULL
R priorParameters: 2 8 
R maxT: 1 
R_PriorDraw_first_mu: 0.1287595 
R_PriorDraw_first_nu: 3.716234 
R-CCU: Before ClusterLabelChange for i = 76 newLabel= 1 currentLabel= 1 
R-CCU: sum(pointsPerCluster) = 1775 
 num [1:4] 1767 3 1 4
NULL
R-CCU: After ClusterLabelChange for i = 76 
R-CCU: sum(pointsPerCluster) = 1776 
 num [1:4] 1768 3 1 4
NULL
R-CCU: dpObj$numberClusters = 4 
List of 2
 $ : num [1, 1, 1:4] 0.331 0.552 0.698 0.684
 $ : num [1, 1, 1:4] 7.53 2.87 2.34 1.53
NULL
R priorParameters: 2 8 
R maxT: 1 
R_PriorDraw_first_mu: 0.3457088 
R_PriorDraw_first_nu: 3.062195 
R-CCU: Before ClusterLabelChange for i = 77 newLabel= 1 currentLabel= 1 
R-CCU: sum(pointsPerCluster) = 1776 
 num [1:4] 1768 3 1 4
NULL
R-CCU: After ClusterLabelChange for i = 77 
R-CCU: sum(pointsPerCluster) = 1777 
 num [1:4] 1769 3 1 4
NULL
R-CCU: dpObj$numberClusters = 4 
List of 2
 $ : num [1, 1, 1:4] 0.331 0.552 0.698 0.684
 $ : num [1, 1, 1:4] 7.53 2.87 2.34 1.53
NULL
R priorParameters: 2 8 
R maxT: 1 
R_PriorDraw_first_mu: 0.2438902 
R_PriorDraw_first_nu: 13.09277 
R-CCU: Before ClusterLabelChange for i = 78 newLabel= 1 currentLabel= 1 
R-CCU: sum(pointsPerCluster) = 1777 
 num [1:4] 1769 3 1 4
NULL
R-CCU: After ClusterLabelChange for i = 78 
R-CCU: sum(pointsPerCluster) = 1778 
 num [1:4] 1770 3 1 4
NULL
R-CCU: dpObj$numberClusters = 4 
List of 2
 $ : num [1, 1, 1:4] 0.331 0.552 0.698 0.684
 $ : num [1, 1, 1:4] 7.53 2.87 2.34 1.53
NULL
R priorParameters: 2 8 
R maxT: 1 
R_PriorDraw_first_mu: 0.6633517 
R_PriorDraw_first_nu: 2.722943 
R-CCU: Before ClusterLabelChange for i = 79 newLabel= 1 currentLabel= 1 
R-CCU: sum(pointsPerCluster) = 1778 
 num [1:4] 1770 3 1 4
NULL
R-CCU: After ClusterLabelChange for i = 79 
R-CCU: sum(pointsPerCluster) = 1779 
 num [1:4] 1771 3 1 4
NULL
R-CCU: dpObj$numberClusters = 4 
List of 2
 $ : num [1, 1, 1:4] 0.331 0.552 0.698 0.684
 $ : num [1, 1, 1:4] 7.53 2.87 2.34 1.53
NULL
R priorParameters: 2 8 
R maxT: 1 
R_PriorDraw_first_mu: 0.9090856 
R_PriorDraw_first_nu: 61.65773 
R-CCU: Before ClusterLabelChange for i = 80 newLabel= 1 currentLabel= 1 
R-CCU: sum(pointsPerCluster) = 1779 
 num [1:4] 1771 3 1 4
NULL
R-CCU: After ClusterLabelChange for i = 80 
R-CCU: sum(pointsPerCluster) = 1780 
 num [1:4] 1772 3 1 4
NULL
R-CCU: dpObj$numberClusters = 4 
List of 2
 $ : num [1, 1, 1:4] 0.331 0.552 0.698 0.684
 $ : num [1, 1, 1:4] 7.53 2.87 2.34 1.53
NULL
R priorParameters: 2 8 
R maxT: 1 
R_PriorDraw_first_mu: 0.3062898 
R_PriorDraw_first_nu: 4.423573 
R-CCU: Before ClusterLabelChange for i = 81 newLabel= 1 currentLabel= 1 
R-CCU: sum(pointsPerCluster) = 1780 
 num [1:4] 1772 3 1 4
NULL
R-CCU: After ClusterLabelChange for i = 81 
R-CCU: sum(pointsPerCluster) = 1781 
 num [1:4] 1773 3 1 4
NULL
R-CCU: dpObj$numberClusters = 4 
List of 2
 $ : num [1, 1, 1:4] 0.331 0.552 0.698 0.684
 $ : num [1, 1, 1:4] 7.53 2.87 2.34 1.53
NULL
R priorParameters: 2 8 
R maxT: 1 
R_PriorDraw_first_mu: 0.8272763 
R_PriorDraw_first_nu: 24.74725 
R-CCU: Before ClusterLabelChange for i = 82 newLabel= 1 currentLabel= 1 
R-CCU: sum(pointsPerCluster) = 1781 
 num [1:4] 1773 3 1 4
NULL
R-CCU: After ClusterLabelChange for i = 82 
R-CCU: sum(pointsPerCluster) = 1782 
 num [1:4] 1774 3 1 4
NULL
R-CCU: dpObj$numberClusters = 4 
List of 2
 $ : num [1, 1, 1:4] 0.331 0.552 0.698 0.684
 $ : num [1, 1, 1:4] 7.53 2.87 2.34 1.53
NULL
R priorParameters: 2 8 
R maxT: 1 
R_PriorDraw_first_mu: 0.189905 
R_PriorDraw_first_nu: 54.3002 
R-CCU: Before ClusterLabelChange for i = 83 newLabel= 1 currentLabel= 1 
R-CCU: sum(pointsPerCluster) = 1782 
 num [1:4] 1774 3 1 4
NULL
R-CCU: After ClusterLabelChange for i = 83 
R-CCU: sum(pointsPerCluster) = 1783 
 num [1:4] 1775 3 1 4
NULL
R-CCU: dpObj$numberClusters = 4 
List of 2
 $ : num [1, 1, 1:4] 0.331 0.552 0.698 0.684
 $ : num [1, 1, 1:4] 7.53 2.87 2.34 1.53
NULL
R priorParameters: 2 8 
R maxT: 1 
R_PriorDraw_first_mu: 0.9855854 
R_PriorDraw_first_nu: 2.859579 
R-CCU: Before ClusterLabelChange for i = 84 newLabel= 1 currentLabel= 1 
R-CCU: sum(pointsPerCluster) = 1783 
 num [1:4] 1775 3 1 4
NULL
R-CCU: After ClusterLabelChange for i = 84 
R-CCU: sum(pointsPerCluster) = 1784 
 num [1:4] 1776 3 1 4
NULL
R-CCU: dpObj$numberClusters = 4 
List of 2
 $ : num [1, 1, 1:4] 0.331 0.552 0.698 0.684
 $ : num [1, 1, 1:4] 7.53 2.87 2.34 1.53
NULL
R priorParameters: 2 8 
R maxT: 1 
R_PriorDraw_first_mu: 0.4712835 
R_PriorDraw_first_nu: 1.669544 
R-CCU: Before ClusterLabelChange for i = 85 newLabel= 1 currentLabel= 1 
R-CCU: sum(pointsPerCluster) = 1784 
 num [1:4] 1776 3 1 4
NULL
R-CCU: After ClusterLabelChange for i = 85 
R-CCU: sum(pointsPerCluster) = 1785 
 num [1:4] 1777 3 1 4
NULL
R-CCU: dpObj$numberClusters = 4 
List of 2
 $ : num [1, 1, 1:4] 0.331 0.552 0.698 0.684
 $ : num [1, 1, 1:4] 7.53 2.87 2.34 1.53
NULL
R priorParameters: 2 8 
R maxT: 1 
R_PriorDraw_first_mu: 0.6975409 
R_PriorDraw_first_nu: 3.83911 
R-CCU: Before ClusterLabelChange for i = 86 newLabel= 1 currentLabel= 1 
R-CCU: sum(pointsPerCluster) = 1785 
 num [1:4] 1777 3 1 4
NULL
R-CCU: After ClusterLabelChange for i = 86 
R-CCU: sum(pointsPerCluster) = 1786 
 num [1:4] 1778 3 1 4
NULL
R-CCU: dpObj$numberClusters = 4 
List of 2
 $ : num [1, 1, 1:4] 0.331 0.552 0.698 0.684
 $ : num [1, 1, 1:4] 7.53 2.87 2.34 1.53
NULL
R priorParameters: 2 8 
R maxT: 1 
R_PriorDraw_first_mu: 0.06177627 
R_PriorDraw_first_nu: 2.10825 
R-CCU: Before ClusterLabelChange for i = 87 newLabel= 1 currentLabel= 1 
R-CCU: sum(pointsPerCluster) = 1786 
 num [1:4] 1778 3 1 4
NULL
R-CCU: After ClusterLabelChange for i = 87 
R-CCU: sum(pointsPerCluster) = 1787 
 num [1:4] 1779 3 1 4
NULL
R-CCU: dpObj$numberClusters = 4 
List of 2
 $ : num [1, 1, 1:4] 0.331 0.552 0.698 0.684
 $ : num [1, 1, 1:4] 7.53 2.87 2.34 1.53
NULL
R priorParameters: 2 8 
R maxT: 1 
R_PriorDraw_first_mu: 0.3090637 
R_PriorDraw_first_nu: 2.433865 
R-CCU: Before ClusterLabelChange for i = 88 newLabel= 1 currentLabel= 1 
R-CCU: sum(pointsPerCluster) = 1787 
 num [1:4] 1779 3 1 4
NULL
R-CCU: After ClusterLabelChange for i = 88 
R-CCU: sum(pointsPerCluster) = 1788 
 num [1:4] 1780 3 1 4
NULL
R-CCU: dpObj$numberClusters = 4 
List of 2
 $ : num [1, 1, 1:4] 0.331 0.552 0.698 0.684
 $ : num [1, 1, 1:4] 7.53 2.87 2.34 1.53
NULL
R priorParameters: 2 8 
R maxT: 1 
R_PriorDraw_first_mu: 0.5229712 
R_PriorDraw_first_nu: 2.207224 
R-CCU: Before ClusterLabelChange for i = 89 newLabel= 1 currentLabel= 1 
R-CCU: sum(pointsPerCluster) = 1788 
 num [1:4] 1780 3 1 4
NULL
R-CCU: After ClusterLabelChange for i = 89 
R-CCU: sum(pointsPerCluster) = 1789 
 num [1:4] 1781 3 1 4
NULL
R-CCU: dpObj$numberClusters = 4 
List of 2
 $ : num [1, 1, 1:4] 0.331 0.552 0.698 0.684
 $ : num [1, 1, 1:4] 7.53 2.87 2.34 1.53
NULL
R priorParameters: 2 8 
R maxT: 1 
R_PriorDraw_first_mu: 0.1056778 
R_PriorDraw_first_nu: 7.629436 
R-CCU: Before ClusterLabelChange for i = 90 newLabel= 1 currentLabel= 1 
R-CCU: sum(pointsPerCluster) = 1789 
 num [1:4] 1781 3 1 4
NULL
R-CCU: After ClusterLabelChange for i = 90 
R-CCU: sum(pointsPerCluster) = 1790 
 num [1:4] 1782 3 1 4
NULL
R-CCU: dpObj$numberClusters = 4 
List of 2
 $ : num [1, 1, 1:4] 0.331 0.552 0.698 0.684
 $ : num [1, 1, 1:4] 7.53 2.87 2.34 1.53
NULL
R priorParameters: 2 8 
R maxT: 1 
R_PriorDraw_first_mu: 0.6238207 
R_PriorDraw_first_nu: 3.385103 
R-CCU: Before ClusterLabelChange for i = 91 newLabel= 1 currentLabel= 1 
R-CCU: sum(pointsPerCluster) = 1790 
 num [1:4] 1782 3 1 4
NULL
R-CCU: After ClusterLabelChange for i = 91 
R-CCU: sum(pointsPerCluster) = 1791 
 num [1:4] 1783 3 1 4
NULL
R-CCU: dpObj$numberClusters = 4 
List of 2
 $ : num [1, 1, 1:4] 0.331 0.552 0.698 0.684
 $ : num [1, 1, 1:4] 7.53 2.87 2.34 1.53
NULL
R priorParameters: 2 8 
R maxT: 1 
R_PriorDraw_first_mu: 0.7884766 
R_PriorDraw_first_nu: 11.0288 
R-CCU: Before ClusterLabelChange for i = 92 newLabel= 1 currentLabel= 1 
R-CCU: sum(pointsPerCluster) = 1791 
 num [1:4] 1783 3 1 4
NULL
R-CCU: After ClusterLabelChange for i = 92 
R-CCU: sum(pointsPerCluster) = 1792 
 num [1:4] 1784 3 1 4
NULL
R-CCU: dpObj$numberClusters = 4 
List of 2
 $ : num [1, 1, 1:4] 0.331 0.552 0.698 0.684
 $ : num [1, 1, 1:4] 7.53 2.87 2.34 1.53
NULL
R priorParameters: 2 8 
R maxT: 1 
R_PriorDraw_first_mu: 0.9064057 
R_PriorDraw_first_nu: 3.143931 
R-CCU: Before ClusterLabelChange for i = 93 newLabel= 1 currentLabel= 1 
R-CCU: sum(pointsPerCluster) = 1792 
 num [1:4] 1784 3 1 4
NULL
R-CCU: After ClusterLabelChange for i = 93 
R-CCU: sum(pointsPerCluster) = 1793 
 num [1:4] 1785 3 1 4
NULL
R-CCU: dpObj$numberClusters = 4 
List of 2
 $ : num [1, 1, 1:4] 0.331 0.552 0.698 0.684
 $ : num [1, 1, 1:4] 7.53 2.87 2.34 1.53
NULL
R priorParameters: 2 8 
R maxT: 1 
R_PriorDraw_first_mu: 0.4717644 
R_PriorDraw_first_nu: 10.18578 
R-CCU: Before ClusterLabelChange for i = 94 newLabel= 1 currentLabel= 1 
R-CCU: sum(pointsPerCluster) = 1793 
 num [1:4] 1785 3 1 4
NULL
R-CCU: After ClusterLabelChange for i = 94 
R-CCU: sum(pointsPerCluster) = 1794 
 num [1:4] 1786 3 1 4
NULL
R-CCU: dpObj$numberClusters = 4 
List of 2
 $ : num [1, 1, 1:4] 0.331 0.552 0.698 0.684
 $ : num [1, 1, 1:4] 7.53 2.87 2.34 1.53
NULL
R priorParameters: 2 8 
R maxT: 1 
R_PriorDraw_first_mu: 0.9081424 
R_PriorDraw_first_nu: 3.993963 
R-CCU: Before ClusterLabelChange for i = 95 newLabel= 1 currentLabel= 1 
R-CCU: sum(pointsPerCluster) = 1794 
 num [1:4] 1786 3 1 4
NULL
R-CCU: After ClusterLabelChange for i = 95 
R-CCU: sum(pointsPerCluster) = 1795 
 num [1:4] 1787 3 1 4
NULL
R-CCU: dpObj$numberClusters = 4 
List of 2
 $ : num [1, 1, 1:4] 0.331 0.552 0.698 0.684
 $ : num [1, 1, 1:4] 7.53 2.87 2.34 1.53
NULL
R priorParameters: 2 8 
R maxT: 1 
R_PriorDraw_first_mu: 0.680802 
R_PriorDraw_first_nu: 4.258183 
R-CCU: Before ClusterLabelChange for i = 96 newLabel= 1 currentLabel= 1 
R-CCU: sum(pointsPerCluster) = 1795 
 num [1:4] 1787 3 1 4
NULL
R-CCU: After ClusterLabelChange for i = 96 
R-CCU: sum(pointsPerCluster) = 1796 
 num [1:4] 1788 3 1 4
NULL
R-CCU: dpObj$numberClusters = 4 
List of 2
 $ : num [1, 1, 1:4] 0.331 0.552 0.698 0.684
 $ : num [1, 1, 1:4] 7.53 2.87 2.34 1.53
NULL
R priorParameters: 2 8 
R maxT: 1 
R_PriorDraw_first_mu: 0.559142 
R_PriorDraw_first_nu: 48.23589 
R-CCU: Before ClusterLabelChange for i = 97 newLabel= 1 currentLabel= 1 
R-CCU: sum(pointsPerCluster) = 1796 
 num [1:4] 1788 3 1 4
NULL
R-CCU: After ClusterLabelChange for i = 97 
R-CCU: sum(pointsPerCluster) = 1797 
 num [1:4] 1789 3 1 4
NULL
R-CCU: dpObj$numberClusters = 4 
List of 2
 $ : num [1, 1, 1:4] 0.331 0.552 0.698 0.684
 $ : num [1, 1, 1:4] 7.53 2.87 2.34 1.53
NULL
R priorParameters: 2 8 
R maxT: 1 
R_PriorDraw_first_mu: 0.5344167 
R_PriorDraw_first_nu: 1.905301 
R-CCU: Before ClusterLabelChange for i = 98 newLabel= 1 currentLabel= 1 
R-CCU: sum(pointsPerCluster) = 1797 
 num [1:4] 1789 3 1 4
NULL
R-CCU: After ClusterLabelChange for i = 98 
R-CCU: sum(pointsPerCluster) = 1798 
 num [1:4] 1790 3 1 4
NULL
R-CCU: dpObj$numberClusters = 4 
List of 2
 $ : num [1, 1, 1:4] 0.331 0.552 0.698 0.684
 $ : num [1, 1, 1:4] 7.53 2.87 2.34 1.53
NULL
R priorParameters: 2 8 
R maxT: 1 
R_PriorDraw_first_mu: 0.6953896 
R_PriorDraw_first_nu: 5.028534 
R-CCU: Before ClusterLabelChange for i = 99 newLabel= 1 currentLabel= 1 
R-CCU: sum(pointsPerCluster) = 1798 
 num [1:4] 1790 3 1 4
NULL
R-CCU: After ClusterLabelChange for i = 99 
R-CCU: sum(pointsPerCluster) = 1799 
 num [1:4] 1791 3 1 4
NULL
R-CCU: dpObj$numberClusters = 4 
List of 2
 $ : num [1, 1, 1:4] 0.331 0.552 0.698 0.684
 $ : num [1, 1, 1:4] 7.53 2.87 2.34 1.53
NULL
R priorParameters: 2 8 
R maxT: 1 
R_PriorDraw_first_mu: 0.7015383 
R_PriorDraw_first_nu: 3.659871 
R-CCU: Before ClusterLabelChange for i = 100 newLabel= 1 currentLabel= 1 
R-CCU: sum(pointsPerCluster) = 1799 
 num [1:4] 1791 3 1 4
NULL
R-CCU: After ClusterLabelChange for i = 100 
R-CCU: sum(pointsPerCluster) = 1800 
 num [1:4] 1792 3 1 4
NULL
R-CCU: dpObj$numberClusters = 4 
List of 2
 $ : num [1, 1, 1:4] 0.331 0.552 0.698 0.684
 $ : num [1, 1, 1:4] 7.53 2.87 2.34 1.53
NULL
R priorParameters: 2 8 
R maxT: 1 
R_PriorDraw_first_mu: 0.5991526 
R_PriorDraw_first_nu: 8.324683 
R-CCU: Before ClusterLabelChange for i = 1 newLabel= 1 currentLabel= 1 
R-CCU: sum(pointsPerCluster) = 1800 
 num [1:4] 1792 3 1 4
NULL
R-CCU: After ClusterLabelChange for i = 1 
R-CCU: sum(pointsPerCluster) = 1801 
 num [1:4] 1793 3 1 4
NULL
R-CCU: dpObj$numberClusters = 4 
List of 2
 $ : num [1, 1, 1:4] 0.331 0.552 0.698 0.684
 $ : num [1, 1, 1:4] 9.75 2.87 2.34 1.53
NULL
R priorParameters: 2 8 
R maxT: 1 
R_PriorDraw_first_mu: 0.4052787 
R_PriorDraw_first_nu: 1.492957 
R-CCU: Before ClusterLabelChange for i = 2 newLabel= 1 currentLabel= 1 
R-CCU: sum(pointsPerCluster) = 1801 
 num [1:4] 1793 3 1 4
NULL
R-CCU: After ClusterLabelChange for i = 2 
R-CCU: sum(pointsPerCluster) = 1802 
 num [1:4] 1794 3 1 4
NULL
R-CCU: dpObj$numberClusters = 4 
List of 2
 $ : num [1, 1, 1:4] 0.331 0.552 0.698 0.684
 $ : num [1, 1, 1:4] 9.75 2.87 2.34 1.53
NULL
R priorParameters: 2 8 
R maxT: 1 
R_PriorDraw_first_mu: 0.7500469 
R_PriorDraw_first_nu: 5.176232 
R-CCU: Before ClusterLabelChange for i = 3 newLabel= 1 currentLabel= 1 
R-CCU: sum(pointsPerCluster) = 1802 
 num [1:4] 1794 3 1 4
NULL
R-CCU: After ClusterLabelChange for i = 3 
R-CCU: sum(pointsPerCluster) = 1803 
 num [1:4] 1795 3 1 4
NULL
R-CCU: dpObj$numberClusters = 4 
List of 2
 $ : num [1, 1, 1:4] 0.331 0.552 0.698 0.684
 $ : num [1, 1, 1:4] 9.75 2.87 2.34 1.53
NULL
R priorParameters: 2 8 
R maxT: 1 
R_PriorDraw_first_mu: 0.5536597 
R_PriorDraw_first_nu: 2.525554 
R-CCU: Before ClusterLabelChange for i = 4 newLabel= 1 currentLabel= 1 
R-CCU: sum(pointsPerCluster) = 1803 
 num [1:4] 1795 3 1 4
NULL
R-CCU: After ClusterLabelChange for i = 4 
R-CCU: sum(pointsPerCluster) = 1804 
 num [1:4] 1796 3 1 4
NULL
R-CCU: dpObj$numberClusters = 4 
List of 2
 $ : num [1, 1, 1:4] 0.331 0.552 0.698 0.684
 $ : num [1, 1, 1:4] 9.75 2.87 2.34 1.53
NULL
R priorParameters: 2 8 
R maxT: 1 
R_PriorDraw_first_mu: 0.09030366 
R_PriorDraw_first_nu: 8.8334 
R-CCU: Before ClusterLabelChange for i = 5 newLabel= 1 currentLabel= 1 
R-CCU: sum(pointsPerCluster) = 1804 
 num [1:4] 1796 3 1 4
NULL
R-CCU: After ClusterLabelChange for i = 5 
R-CCU: sum(pointsPerCluster) = 1805 
 num [1:4] 1797 3 1 4
NULL
R-CCU: dpObj$numberClusters = 4 
List of 2
 $ : num [1, 1, 1:4] 0.331 0.552 0.698 0.684
 $ : num [1, 1, 1:4] 9.75 2.87 2.34 1.53
NULL
R priorParameters: 2 8 
R maxT: 1 
R_PriorDraw_first_mu: 0.6952187 
R_PriorDraw_first_nu: 18.91312 
R-CCU: Before ClusterLabelChange for i = 6 newLabel= 1 currentLabel= 1 
R-CCU: sum(pointsPerCluster) = 1805 
 num [1:4] 1797 3 1 4
NULL
R-CCU: After ClusterLabelChange for i = 6 
R-CCU: sum(pointsPerCluster) = 1806 
 num [1:4] 1798 3 1 4
NULL
R-CCU: dpObj$numberClusters = 4 
List of 2
 $ : num [1, 1, 1:4] 0.331 0.552 0.698 0.684
 $ : num [1, 1, 1:4] 9.75 2.87 2.34 1.53
NULL
R priorParameters: 2 8 
R maxT: 1 
R_PriorDraw_first_mu: 0.2228591 
R_PriorDraw_first_nu: 3.247364 
R-CCU: Before ClusterLabelChange for i = 7 newLabel= 1 currentLabel= 1 
R-CCU: sum(pointsPerCluster) = 1806 
 num [1:4] 1798 3 1 4
NULL
R-CCU: After ClusterLabelChange for i = 7 
R-CCU: sum(pointsPerCluster) = 1807 
 num [1:4] 1799 3 1 4
NULL
R-CCU: dpObj$numberClusters = 4 
List of 2
 $ : num [1, 1, 1:4] 0.331 0.552 0.698 0.684
 $ : num [1, 1, 1:4] 9.75 2.87 2.34 1.53
NULL
R priorParameters: 2 8 
R maxT: 1 
R_PriorDraw_first_mu: 0.1277568 
R_PriorDraw_first_nu: 6.342363 
R-CCU: Before ClusterLabelChange for i = 8 newLabel= 1 currentLabel= 1 
R-CCU: sum(pointsPerCluster) = 1807 
 num [1:4] 1799 3 1 4
NULL
R-CCU: After ClusterLabelChange for i = 8 
R-CCU: sum(pointsPerCluster) = 1808 
 num [1:4] 1800 3 1 4
NULL
R-CCU: dpObj$numberClusters = 4 
List of 2
 $ : num [1, 1, 1:4] 0.331 0.552 0.698 0.684
 $ : num [1, 1, 1:4] 9.75 2.87 2.34 1.53
NULL
R priorParameters: 2 8 
R maxT: 1 
R_PriorDraw_first_mu: 0.2049853 
R_PriorDraw_first_nu: 1.95236 
R-CCU: Before ClusterLabelChange for i = 9 newLabel= 1 currentLabel= 1 
R-CCU: sum(pointsPerCluster) = 1808 
 num [1:4] 1800 3 1 4
NULL
R-CCU: After ClusterLabelChange for i = 9 
R-CCU: sum(pointsPerCluster) = 1809 
 num [1:4] 1801 3 1 4
NULL
R-CCU: dpObj$numberClusters = 4 
List of 2
 $ : num [1, 1, 1:4] 0.331 0.552 0.698 0.684
 $ : num [1, 1, 1:4] 9.75 2.87 2.34 1.53
NULL
R priorParameters: 2 8 
R maxT: 1 
R_PriorDraw_first_mu: 0.7789758 
R_PriorDraw_first_nu: 27.75304 
R-CCU: Before ClusterLabelChange for i = 10 newLabel= 1 currentLabel= 1 
R-CCU: sum(pointsPerCluster) = 1809 
 num [1:4] 1801 3 1 4
NULL
R-CCU: After ClusterLabelChange for i = 10 
R-CCU: sum(pointsPerCluster) = 1810 
 num [1:4] 1802 3 1 4
NULL
R-CCU: dpObj$numberClusters = 4 
List of 2
 $ : num [1, 1, 1:4] 0.331 0.552 0.698 0.684
 $ : num [1, 1, 1:4] 9.75 2.87 2.34 1.53
NULL
R priorParameters: 2 8 
R maxT: 1 
R_PriorDraw_first_mu: 0.4930461 
R_PriorDraw_first_nu: 3.22632 
R-CCU: Before ClusterLabelChange for i = 11 newLabel= 1 currentLabel= 1 
R-CCU: sum(pointsPerCluster) = 1810 
 num [1:4] 1802 3 1 4
NULL
R-CCU: After ClusterLabelChange for i = 11 
R-CCU: sum(pointsPerCluster) = 1811 
 num [1:4] 1803 3 1 4
NULL
R-CCU: dpObj$numberClusters = 4 
List of 2
 $ : num [1, 1, 1:4] 0.331 0.552 0.698 0.684
 $ : num [1, 1, 1:4] 9.75 2.87 2.34 1.53
NULL
R priorParameters: 2 8 
R maxT: 1 
R_PriorDraw_first_mu: 0.3250987 
R_PriorDraw_first_nu: 2.687381 
R-CCU: Before ClusterLabelChange for i = 12 newLabel= 1 currentLabel= 1 
R-CCU: sum(pointsPerCluster) = 1811 
 num [1:4] 1803 3 1 4
NULL
R-CCU: After ClusterLabelChange for i = 12 
R-CCU: sum(pointsPerCluster) = 1812 
 num [1:4] 1804 3 1 4
NULL
R-CCU: dpObj$numberClusters = 4 
List of 2
 $ : num [1, 1, 1:4] 0.331 0.552 0.698 0.684
 $ : num [1, 1, 1:4] 9.75 2.87 2.34 1.53
NULL
R priorParameters: 2 8 
R maxT: 1 
R_PriorDraw_first_mu: 0.6585485 
R_PriorDraw_first_nu: 28.03986 
R-CCU: Before ClusterLabelChange for i = 13 newLabel= 1 currentLabel= 1 
R-CCU: sum(pointsPerCluster) = 1812 
 num [1:4] 1804 3 1 4
NULL
R-CCU: After ClusterLabelChange for i = 13 
R-CCU: sum(pointsPerCluster) = 1813 
 num [1:4] 1805 3 1 4
NULL
R-CCU: dpObj$numberClusters = 4 
List of 2
 $ : num [1, 1, 1:4] 0.331 0.552 0.698 0.684
 $ : num [1, 1, 1:4] 9.75 2.87 2.34 1.53
NULL
R priorParameters: 2 8 
R maxT: 1 
R_PriorDraw_first_mu: 0.9719932 
R_PriorDraw_first_nu: 3.335371 
R-CCU: Before ClusterLabelChange for i = 14 newLabel= 1 currentLabel= 1 
R-CCU: sum(pointsPerCluster) = 1813 
 num [1:4] 1805 3 1 4
NULL
R-CCU: After ClusterLabelChange for i = 14 
R-CCU: sum(pointsPerCluster) = 1814 
 num [1:4] 1806 3 1 4
NULL
R-CCU: dpObj$numberClusters = 4 
List of 2
 $ : num [1, 1, 1:4] 0.331 0.552 0.698 0.684
 $ : num [1, 1, 1:4] 9.75 2.87 2.34 1.53
NULL
R priorParameters: 2 8 
R maxT: 1 
R_PriorDraw_first_mu: 0.08975772 
R_PriorDraw_first_nu: 4.649344 
R-CCU: Before ClusterLabelChange for i = 15 newLabel= 1 currentLabel= 1 
R-CCU: sum(pointsPerCluster) = 1814 
 num [1:4] 1806 3 1 4
NULL
R-CCU: After ClusterLabelChange for i = 15 
R-CCU: sum(pointsPerCluster) = 1815 
 num [1:4] 1807 3 1 4
NULL
R-CCU: dpObj$numberClusters = 4 
List of 2
 $ : num [1, 1, 1:4] 0.331 0.552 0.698 0.684
 $ : num [1, 1, 1:4] 9.75 2.87 2.34 1.53
NULL
R priorParameters: 2 8 
R maxT: 1 
R_PriorDraw_first_mu: 0.02867508 
R_PriorDraw_first_nu: 3.365063 
R-CCU: Before ClusterLabelChange for i = 16 newLabel= 1 currentLabel= 1 
R-CCU: sum(pointsPerCluster) = 1815 
 num [1:4] 1807 3 1 4
NULL
R-CCU: After ClusterLabelChange for i = 16 
R-CCU: sum(pointsPerCluster) = 1816 
 num [1:4] 1808 3 1 4
NULL
R-CCU: dpObj$numberClusters = 4 
List of 2
 $ : num [1, 1, 1:4] 0.331 0.552 0.698 0.684
 $ : num [1, 1, 1:4] 9.75 2.87 2.34 1.53
NULL
R priorParameters: 2 8 
R maxT: 1 
R_PriorDraw_first_mu: 0.6391096 
R_PriorDraw_first_nu: 16.11174 
R-CCU: Before ClusterLabelChange for i = 17 newLabel= 1 currentLabel= 1 
R-CCU: sum(pointsPerCluster) = 1816 
 num [1:4] 1808 3 1 4
NULL
R-CCU: After ClusterLabelChange for i = 17 
R-CCU: sum(pointsPerCluster) = 1817 
 num [1:4] 1809 3 1 4
NULL
R-CCU: dpObj$numberClusters = 4 
List of 2
 $ : num [1, 1, 1:4] 0.331 0.552 0.698 0.684
 $ : num [1, 1, 1:4] 9.75 2.87 2.34 1.53
NULL
R priorParameters: 2 8 
R maxT: 1 
R_PriorDraw_first_mu: 0.3618231 
R_PriorDraw_first_nu: 5.429877 
R-CCU: Before ClusterLabelChange for i = 18 newLabel= 1 currentLabel= 1 
R-CCU: sum(pointsPerCluster) = 1817 
 num [1:4] 1809 3 1 4
NULL
R-CCU: After ClusterLabelChange for i = 18 
R-CCU: sum(pointsPerCluster) = 1818 
 num [1:4] 1810 3 1 4
NULL
R-CCU: dpObj$numberClusters = 4 
List of 2
 $ : num [1, 1, 1:4] 0.331 0.552 0.698 0.684
 $ : num [1, 1, 1:4] 9.75 2.87 2.34 1.53
NULL
R priorParameters: 2 8 
R maxT: 1 
R_PriorDraw_first_mu: 0.5255895 
R_PriorDraw_first_nu: 9.206785 
R-CCU: Before ClusterLabelChange for i = 19 newLabel= 1 currentLabel= 1 
R-CCU: sum(pointsPerCluster) = 1818 
 num [1:4] 1810 3 1 4
NULL
R-CCU: After ClusterLabelChange for i = 19 
R-CCU: sum(pointsPerCluster) = 1819 
 num [1:4] 1811 3 1 4
NULL
R-CCU: dpObj$numberClusters = 4 
List of 2
 $ : num [1, 1, 1:4] 0.331 0.552 0.698 0.684
 $ : num [1, 1, 1:4] 9.75 2.87 2.34 1.53
NULL
R priorParameters: 2 8 
R maxT: 1 
R_PriorDraw_first_mu: 0.4422945 
R_PriorDraw_first_nu: 6.524813 
R-CCU: Before ClusterLabelChange for i = 20 newLabel= 1 currentLabel= 1 
R-CCU: sum(pointsPerCluster) = 1819 
 num [1:4] 1811 3 1 4
NULL
R-CCU: After ClusterLabelChange for i = 20 
R-CCU: sum(pointsPerCluster) = 1820 
 num [1:4] 1812 3 1 4
NULL
R-CCU: dpObj$numberClusters = 4 
List of 2
 $ : num [1, 1, 1:4] 0.331 0.552 0.698 0.684
 $ : num [1, 1, 1:4] 9.75 2.87 2.34 1.53
NULL
R priorParameters: 2 8 
R maxT: 1 
R_PriorDraw_first_mu: 0.5821672 
R_PriorDraw_first_nu: 6.970352 
R-CCU: Before ClusterLabelChange for i = 21 newLabel= 1 currentLabel= 1 
R-CCU: sum(pointsPerCluster) = 1820 
 num [1:4] 1812 3 1 4
NULL
R-CCU: After ClusterLabelChange for i = 21 
R-CCU: sum(pointsPerCluster) = 1821 
 num [1:4] 1813 3 1 4
NULL
R-CCU: dpObj$numberClusters = 4 
List of 2
 $ : num [1, 1, 1:4] 0.331 0.552 0.698 0.684
 $ : num [1, 1, 1:4] 9.75 2.87 2.34 1.53
NULL
R priorParameters: 2 8 
R maxT: 1 
R_PriorDraw_first_mu: 0.4335988 
R_PriorDraw_first_nu: 1.769179 
R-CCU: Before ClusterLabelChange for i = 22 newLabel= 1 currentLabel= 1 
R-CCU: sum(pointsPerCluster) = 1821 
 num [1:4] 1813 3 1 4
NULL
R-CCU: After ClusterLabelChange for i = 22 
R-CCU: sum(pointsPerCluster) = 1822 
 num [1:4] 1814 3 1 4
NULL
R-CCU: dpObj$numberClusters = 4 
List of 2
 $ : num [1, 1, 1:4] 0.331 0.552 0.698 0.684
 $ : num [1, 1, 1:4] 9.75 2.87 2.34 1.53
NULL
R priorParameters: 2 8 
R maxT: 1 
R_PriorDraw_first_mu: 0.845003 
R_PriorDraw_first_nu: 6.23375 
R-CCU: Before ClusterLabelChange for i = 23 newLabel= 1 currentLabel= 1 
R-CCU: sum(pointsPerCluster) = 1822 
 num [1:4] 1814 3 1 4
NULL
R-CCU: After ClusterLabelChange for i = 23 
R-CCU: sum(pointsPerCluster) = 1823 
 num [1:4] 1815 3 1 4
NULL
R-CCU: dpObj$numberClusters = 4 
List of 2
 $ : num [1, 1, 1:4] 0.331 0.552 0.698 0.684
 $ : num [1, 1, 1:4] 9.75 2.87 2.34 1.53
NULL
R priorParameters: 2 8 
R maxT: 1 
R_PriorDraw_first_mu: 0.6359738 
R_PriorDraw_first_nu: 10.70471 
R-CCU: Before ClusterLabelChange for i = 24 newLabel= 1 currentLabel= 1 
R-CCU: sum(pointsPerCluster) = 1823 
 num [1:4] 1815 3 1 4
NULL
R-CCU: After ClusterLabelChange for i = 24 
R-CCU: sum(pointsPerCluster) = 1824 
 num [1:4] 1816 3 1 4
NULL
R-CCU: dpObj$numberClusters = 4 
List of 2
 $ : num [1, 1, 1:4] 0.331 0.552 0.698 0.684
 $ : num [1, 1, 1:4] 9.75 2.87 2.34 1.53
NULL
R priorParameters: 2 8 
R maxT: 1 
R_PriorDraw_first_mu: 0.5899979 
R_PriorDraw_first_nu: 8.967523 
R-CCU: Before ClusterLabelChange for i = 25 newLabel= 1 currentLabel= 1 
R-CCU: sum(pointsPerCluster) = 1824 
 num [1:4] 1816 3 1 4
NULL
R-CCU: After ClusterLabelChange for i = 25 
R-CCU: sum(pointsPerCluster) = 1825 
 num [1:4] 1817 3 1 4
NULL
R-CCU: dpObj$numberClusters = 4 
List of 2
 $ : num [1, 1, 1:4] 0.331 0.552 0.698 0.684
 $ : num [1, 1, 1:4] 9.75 2.87 2.34 1.53
NULL
R priorParameters: 2 8 
R maxT: 1 
R_PriorDraw_first_mu: 0.1927688 
R_PriorDraw_first_nu: 5.091975 
R-CCU: Before ClusterLabelChange for i = 26 newLabel= 1 currentLabel= 1 
R-CCU: sum(pointsPerCluster) = 1825 
 num [1:4] 1817 3 1 4
NULL
R-CCU: After ClusterLabelChange for i = 26 
R-CCU: sum(pointsPerCluster) = 1826 
 num [1:4] 1818 3 1 4
NULL
R-CCU: dpObj$numberClusters = 4 
List of 2
 $ : num [1, 1, 1:4] 0.331 0.552 0.698 0.684
 $ : num [1, 1, 1:4] 9.75 2.87 2.34 1.53
NULL
R priorParameters: 2 8 
R maxT: 1 
R_PriorDraw_first_mu: 0.03094423 
R_PriorDraw_first_nu: 11.26692 
R-CCU: Before ClusterLabelChange for i = 27 newLabel= 1 currentLabel= 1 
R-CCU: sum(pointsPerCluster) = 1826 
 num [1:4] 1818 3 1 4
NULL
R-CCU: After ClusterLabelChange for i = 27 
R-CCU: sum(pointsPerCluster) = 1827 
 num [1:4] 1819 3 1 4
NULL
R-CCU: dpObj$numberClusters = 4 
List of 2
 $ : num [1, 1, 1:4] 0.331 0.552 0.698 0.684
 $ : num [1, 1, 1:4] 9.75 2.87 2.34 1.53
NULL
R priorParameters: 2 8 
R maxT: 1 
R_PriorDraw_first_mu: 0.4712918 
R_PriorDraw_first_nu: 3.334886 
R-CCU: Before ClusterLabelChange for i = 28 newLabel= 1 currentLabel= 1 
R-CCU: sum(pointsPerCluster) = 1827 
 num [1:4] 1819 3 1 4
NULL
R-CCU: After ClusterLabelChange for i = 28 
R-CCU: sum(pointsPerCluster) = 1828 
 num [1:4] 1820 3 1 4
NULL
R-CCU: dpObj$numberClusters = 4 
List of 2
 $ : num [1, 1, 1:4] 0.331 0.552 0.698 0.684
 $ : num [1, 1, 1:4] 9.75 2.87 2.34 1.53
NULL
R priorParameters: 2 8 
R maxT: 1 
R_PriorDraw_first_mu: 0.1268974 
R_PriorDraw_first_nu: 1.874492 
R-CCU: Before ClusterLabelChange for i = 29 newLabel= 1 currentLabel= 1 
R-CCU: sum(pointsPerCluster) = 1828 
 num [1:4] 1820 3 1 4
NULL
R-CCU: After ClusterLabelChange for i = 29 
R-CCU: sum(pointsPerCluster) = 1829 
 num [1:4] 1821 3 1 4
NULL
R-CCU: dpObj$numberClusters = 4 
List of 2
 $ : num [1, 1, 1:4] 0.331 0.552 0.698 0.684
 $ : num [1, 1, 1:4] 9.75 2.87 2.34 1.53
NULL
R priorParameters: 2 8 
R maxT: 1 
R_PriorDraw_first_mu: 0.7443257 
R_PriorDraw_first_nu: 21.34875 
R-CCU: Before ClusterLabelChange for i = 30 newLabel= 1 currentLabel= 1 
R-CCU: sum(pointsPerCluster) = 1829 
 num [1:4] 1821 3 1 4
NULL
R-CCU: After ClusterLabelChange for i = 30 
R-CCU: sum(pointsPerCluster) = 1830 
 num [1:4] 1822 3 1 4
NULL
R-CCU: dpObj$numberClusters = 4 
List of 2
 $ : num [1, 1, 1:4] 0.331 0.552 0.698 0.684
 $ : num [1, 1, 1:4] 9.75 2.87 2.34 1.53
NULL
R priorParameters: 2 8 
R maxT: 1 
R_PriorDraw_first_mu: 0.7126927 
R_PriorDraw_first_nu: 15.40636 
R-CCU: Before ClusterLabelChange for i = 31 newLabel= 1 currentLabel= 1 
R-CCU: sum(pointsPerCluster) = 1830 
 num [1:4] 1822 3 1 4
NULL
R-CCU: After ClusterLabelChange for i = 31 
R-CCU: sum(pointsPerCluster) = 1831 
 num [1:4] 1823 3 1 4
NULL
R-CCU: dpObj$numberClusters = 4 
List of 2
 $ : num [1, 1, 1:4] 0.331 0.552 0.698 0.684
 $ : num [1, 1, 1:4] 9.75 2.87 2.34 1.53
NULL
R priorParameters: 2 8 
R maxT: 1 
R_PriorDraw_first_mu: 0.1541449 
R_PriorDraw_first_nu: 1.998919 
R-CCU: Before ClusterLabelChange for i = 32 newLabel= 1 currentLabel= 1 
R-CCU: sum(pointsPerCluster) = 1831 
 num [1:4] 1823 3 1 4
NULL
R-CCU: After ClusterLabelChange for i = 32 
R-CCU: sum(pointsPerCluster) = 1832 
 num [1:4] 1824 3 1 4
NULL
R-CCU: dpObj$numberClusters = 4 
List of 2
 $ : num [1, 1, 1:4] 0.331 0.552 0.698 0.684
 $ : num [1, 1, 1:4] 9.75 2.87 2.34 1.53
NULL
R priorParameters: 2 8 
R maxT: 1 
R_PriorDraw_first_mu: 0.5834749 
R_PriorDraw_first_nu: 10.47468 
R-CCU: Before ClusterLabelChange for i = 33 newLabel= 1 currentLabel= 1 
R-CCU: sum(pointsPerCluster) = 1832 
 num [1:4] 1824 3 1 4
NULL
R-CCU: After ClusterLabelChange for i = 33 
R-CCU: sum(pointsPerCluster) = 1833 
 num [1:4] 1825 3 1 4
NULL
R-CCU: dpObj$numberClusters = 4 
List of 2
 $ : num [1, 1, 1:4] 0.331 0.552 0.698 0.684
 $ : num [1, 1, 1:4] 9.75 2.87 2.34 1.53
NULL
R priorParameters: 2 8 
R maxT: 1 
R_PriorDraw_first_mu: 0.9513937 
R_PriorDraw_first_nu: 17.71465 
R-CCU: Before ClusterLabelChange for i = 34 newLabel= 1 currentLabel= 1 
R-CCU: sum(pointsPerCluster) = 1833 
 num [1:4] 1825 3 1 4
NULL
R-CCU: After ClusterLabelChange for i = 34 
R-CCU: sum(pointsPerCluster) = 1834 
 num [1:4] 1826 3 1 4
NULL
R-CCU: dpObj$numberClusters = 4 
List of 2
 $ : num [1, 1, 1:4] 0.331 0.552 0.698 0.684
 $ : num [1, 1, 1:4] 9.75 2.87 2.34 1.53
NULL
R priorParameters: 2 8 
R maxT: 1 
R_PriorDraw_first_mu: 0.7772783 
R_PriorDraw_first_nu: 7.592777 
R-CCU: Before ClusterLabelChange for i = 35 newLabel= 1 currentLabel= 1 
R-CCU: sum(pointsPerCluster) = 1834 
 num [1:4] 1826 3 1 4
NULL
R-CCU: After ClusterLabelChange for i = 35 
R-CCU: sum(pointsPerCluster) = 1835 
 num [1:4] 1827 3 1 4
NULL
R-CCU: dpObj$numberClusters = 4 
List of 2
 $ : num [1, 1, 1:4] 0.331 0.552 0.698 0.684
 $ : num [1, 1, 1:4] 9.75 2.87 2.34 1.53
NULL
R priorParameters: 2 8 
R maxT: 1 
R_PriorDraw_first_mu: 0.06201903 
R_PriorDraw_first_nu: 6.430539 
R-CCU: Before ClusterLabelChange for i = 36 newLabel= 1 currentLabel= 1 
R-CCU: sum(pointsPerCluster) = 1835 
 num [1:4] 1827 3 1 4
NULL
R-CCU: After ClusterLabelChange for i = 36 
R-CCU: sum(pointsPerCluster) = 1836 
 num [1:4] 1828 3 1 4
NULL
R-CCU: dpObj$numberClusters = 4 
List of 2
 $ : num [1, 1, 1:4] 0.331 0.552 0.698 0.684
 $ : num [1, 1, 1:4] 9.75 2.87 2.34 1.53
NULL
R priorParameters: 2 8 
R maxT: 1 
R_PriorDraw_first_mu: 0.8343002 
R_PriorDraw_first_nu: 15.60867 
R-CCU: Before ClusterLabelChange for i = 37 newLabel= 1 currentLabel= 1 
R-CCU: sum(pointsPerCluster) = 1836 
 num [1:4] 1828 3 1 4
NULL
R-CCU: After ClusterLabelChange for i = 37 
R-CCU: sum(pointsPerCluster) = 1837 
 num [1:4] 1829 3 1 4
NULL
R-CCU: dpObj$numberClusters = 4 
List of 2
 $ : num [1, 1, 1:4] 0.331 0.552 0.698 0.684
 $ : num [1, 1, 1:4] 9.75 2.87 2.34 1.53
NULL
R priorParameters: 2 8 
R maxT: 1 
R_PriorDraw_first_mu: 0.1447047 
R_PriorDraw_first_nu: 2.038749 
R-CCU: Before ClusterLabelChange for i = 38 newLabel= 1 currentLabel= 1 
R-CCU: sum(pointsPerCluster) = 1837 
 num [1:4] 1829 3 1 4
NULL
R-CCU: After ClusterLabelChange for i = 38 
R-CCU: sum(pointsPerCluster) = 1838 
 num [1:4] 1830 3 1 4
NULL
R-CCU: dpObj$numberClusters = 4 
List of 2
 $ : num [1, 1, 1:4] 0.331 0.552 0.698 0.684
 $ : num [1, 1, 1:4] 9.75 2.87 2.34 1.53
NULL
R priorParameters: 2 8 
R maxT: 1 
R_PriorDraw_first_mu: 0.5357159 
R_PriorDraw_first_nu: 2.150071 
R-CCU: Before ClusterLabelChange for i = 39 newLabel= 1 currentLabel= 1 
R-CCU: sum(pointsPerCluster) = 1838 
 num [1:4] 1830 3 1 4
NULL
R-CCU: After ClusterLabelChange for i = 39 
R-CCU: sum(pointsPerCluster) = 1839 
 num [1:4] 1831 3 1 4
NULL
R-CCU: dpObj$numberClusters = 4 
List of 2
 $ : num [1, 1, 1:4] 0.331 0.552 0.698 0.684
 $ : num [1, 1, 1:4] 9.75 2.87 2.34 1.53
NULL
R priorParameters: 2 8 
R maxT: 1 
R_PriorDraw_first_mu: 0.9193566 
R_PriorDraw_first_nu: 7.565907 
R-CCU: Before ClusterLabelChange for i = 40 newLabel= 1 currentLabel= 1 
R-CCU: sum(pointsPerCluster) = 1839 
 num [1:4] 1831 3 1 4
NULL
R-CCU: After ClusterLabelChange for i = 40 
R-CCU: sum(pointsPerCluster) = 1840 
 num [1:4] 1832 3 1 4
NULL
R-CCU: dpObj$numberClusters = 4 
List of 2
 $ : num [1, 1, 1:4] 0.331 0.552 0.698 0.684
 $ : num [1, 1, 1:4] 9.75 2.87 2.34 1.53
NULL
R priorParameters: 2 8 
R maxT: 1 
R_PriorDraw_first_mu: 0.6570318 
R_PriorDraw_first_nu: 5.728712 
R-CCU: Before ClusterLabelChange for i = 41 newLabel= 1 currentLabel= 1 
R-CCU: sum(pointsPerCluster) = 1840 
 num [1:4] 1832 3 1 4
NULL
R-CCU: After ClusterLabelChange for i = 41 
R-CCU: sum(pointsPerCluster) = 1841 
 num [1:4] 1833 3 1 4
NULL
R-CCU: dpObj$numberClusters = 4 
List of 2
 $ : num [1, 1, 1:4] 0.331 0.552 0.698 0.684
 $ : num [1, 1, 1:4] 9.75 2.87 2.34 1.53
NULL
R priorParameters: 2 8 
R maxT: 1 
R_PriorDraw_first_mu: 0.5061792 
R_PriorDraw_first_nu: 2.836968 
R-CCU: Before ClusterLabelChange for i = 42 newLabel= 1 currentLabel= 1 
R-CCU: sum(pointsPerCluster) = 1841 
 num [1:4] 1833 3 1 4
NULL
R-CCU: After ClusterLabelChange for i = 42 
R-CCU: sum(pointsPerCluster) = 1842 
 num [1:4] 1834 3 1 4
NULL
R-CCU: dpObj$numberClusters = 4 
List of 2
 $ : num [1, 1, 1:4] 0.331 0.552 0.698 0.684
 $ : num [1, 1, 1:4] 9.75 2.87 2.34 1.53
NULL
R priorParameters: 2 8 
R maxT: 1 
R_PriorDraw_first_mu: 0.3202984 
R_PriorDraw_first_nu: 5.454019 
R-CCU: Before ClusterLabelChange for i = 43 newLabel= 1 currentLabel= 1 
R-CCU: sum(pointsPerCluster) = 1842 
 num [1:4] 1834 3 1 4
NULL
R-CCU: After ClusterLabelChange for i = 43 
R-CCU: sum(pointsPerCluster) = 1843 
 num [1:4] 1835 3 1 4
NULL
R-CCU: dpObj$numberClusters = 4 
List of 2
 $ : num [1, 1, 1:4] 0.331 0.552 0.698 0.684
 $ : num [1, 1, 1:4] 9.75 2.87 2.34 1.53
NULL
R priorParameters: 2 8 
R maxT: 1 
R_PriorDraw_first_mu: 0.6999765 
R_PriorDraw_first_nu: 3.322827 
R-CCU: Before ClusterLabelChange for i = 44 newLabel= 1 currentLabel= 1 
R-CCU: sum(pointsPerCluster) = 1843 
 num [1:4] 1835 3 1 4
NULL
R-CCU: After ClusterLabelChange for i = 44 
R-CCU: sum(pointsPerCluster) = 1844 
 num [1:4] 1836 3 1 4
NULL
R-CCU: dpObj$numberClusters = 4 
List of 2
 $ : num [1, 1, 1:4] 0.331 0.552 0.698 0.684
 $ : num [1, 1, 1:4] 9.75 2.87 2.34 1.53
NULL
R priorParameters: 2 8 
R maxT: 1 
R_PriorDraw_first_mu: 0.04473177 
R_PriorDraw_first_nu: 29.38623 
R-CCU: Before ClusterLabelChange for i = 45 newLabel= 1 currentLabel= 1 
R-CCU: sum(pointsPerCluster) = 1844 
 num [1:4] 1836 3 1 4
NULL
R-CCU: After ClusterLabelChange for i = 45 
R-CCU: sum(pointsPerCluster) = 1845 
 num [1:4] 1837 3 1 4
NULL
R-CCU: dpObj$numberClusters = 4 
List of 2
 $ : num [1, 1, 1:4] 0.331 0.552 0.698 0.684
 $ : num [1, 1, 1:4] 9.75 2.87 2.34 1.53
NULL
R priorParameters: 2 8 
R maxT: 1 
R_PriorDraw_first_mu: 0.8148773 
R_PriorDraw_first_nu: 1.827627 
R-CCU: Before ClusterLabelChange for i = 46 newLabel= 1 currentLabel= 1 
R-CCU: sum(pointsPerCluster) = 1845 
 num [1:4] 1837 3 1 4
NULL
R-CCU: After ClusterLabelChange for i = 46 
R-CCU: sum(pointsPerCluster) = 1846 
 num [1:4] 1838 3 1 4
NULL
R-CCU: dpObj$numberClusters = 4 
List of 2
 $ : num [1, 1, 1:4] 0.331 0.552 0.698 0.684
 $ : num [1, 1, 1:4] 9.75 2.87 2.34 1.53
NULL
R priorParameters: 2 8 
R maxT: 1 
R_PriorDraw_first_mu: 0.5418134 
R_PriorDraw_first_nu: 13.17863 
R-CCU: Before ClusterLabelChange for i = 47 newLabel= 1 currentLabel= 1 
R-CCU: sum(pointsPerCluster) = 1846 
 num [1:4] 1838 3 1 4
NULL
R-CCU: After ClusterLabelChange for i = 47 
R-CCU: sum(pointsPerCluster) = 1847 
 num [1:4] 1839 3 1 4
NULL
R-CCU: dpObj$numberClusters = 4 
List of 2
 $ : num [1, 1, 1:4] 0.331 0.552 0.698 0.684
 $ : num [1, 1, 1:4] 9.75 2.87 2.34 1.53
NULL
R priorParameters: 2 8 
R maxT: 1 
R_PriorDraw_first_mu: 0.5176392 
R_PriorDraw_first_nu: 4.302176 
R-CCU: Before ClusterLabelChange for i = 48 newLabel= 1 currentLabel= 1 
R-CCU: sum(pointsPerCluster) = 1847 
 num [1:4] 1839 3 1 4
NULL
R-CCU: After ClusterLabelChange for i = 48 
R-CCU: sum(pointsPerCluster) = 1848 
 num [1:4] 1840 3 1 4
NULL
R-CCU: dpObj$numberClusters = 4 
List of 2
 $ : num [1, 1, 1:4] 0.331 0.552 0.698 0.684
 $ : num [1, 1, 1:4] 9.75 2.87 2.34 1.53
NULL
R priorParameters: 2 8 
R maxT: 1 
R_PriorDraw_first_mu: 0.6025914 
R_PriorDraw_first_nu: 12.35797 
R-CCU: Before ClusterLabelChange for i = 49 newLabel= 1 currentLabel= 1 
R-CCU: sum(pointsPerCluster) = 1848 
 num [1:4] 1840 3 1 4
NULL
R-CCU: After ClusterLabelChange for i = 49 
R-CCU: sum(pointsPerCluster) = 1849 
 num [1:4] 1841 3 1 4
NULL
R-CCU: dpObj$numberClusters = 4 
List of 2
 $ : num [1, 1, 1:4] 0.331 0.552 0.698 0.684
 $ : num [1, 1, 1:4] 9.75 2.87 2.34 1.53
NULL
R priorParameters: 2 8 
R maxT: 1 
R_PriorDraw_first_mu: 0.1694772 
R_PriorDraw_first_nu: 5.696551 
R-CCU: Before ClusterLabelChange for i = 50 newLabel= 1 currentLabel= 1 
R-CCU: sum(pointsPerCluster) = 1849 
 num [1:4] 1841 3 1 4
NULL
R-CCU: After ClusterLabelChange for i = 50 
R-CCU: sum(pointsPerCluster) = 1850 
 num [1:4] 1842 3 1 4
NULL
R-CCU: dpObj$numberClusters = 4 
List of 2
 $ : num [1, 1, 1:4] 0.331 0.552 0.698 0.684
 $ : num [1, 1, 1:4] 9.75 2.87 2.34 1.53
NULL
R priorParameters: 2 8 
R maxT: 1 
R_PriorDraw_first_mu: 0.9001299 
R_PriorDraw_first_nu: 1.516205 
R-CCU: Before ClusterLabelChange for i = 51 newLabel= 1 currentLabel= 1 
R-CCU: sum(pointsPerCluster) = 1850 
 num [1:4] 1842 3 1 4
NULL
R-CCU: After ClusterLabelChange for i = 51 
R-CCU: sum(pointsPerCluster) = 1851 
 num [1:4] 1843 3 1 4
NULL
R-CCU: dpObj$numberClusters = 4 
List of 2
 $ : num [1, 1, 1:4] 0.331 0.552 0.698 0.684
 $ : num [1, 1, 1:4] 9.75 2.87 2.34 1.53
NULL
R priorParameters: 2 8 
R maxT: 1 
R_PriorDraw_first_mu: 0.3188825 
R_PriorDraw_first_nu: 4.453214 
R-CCU: Before ClusterLabelChange for i = 52 newLabel= 1 currentLabel= 1 
R-CCU: sum(pointsPerCluster) = 1851 
 num [1:4] 1843 3 1 4
NULL
R-CCU: After ClusterLabelChange for i = 52 
R-CCU: sum(pointsPerCluster) = 1852 
 num [1:4] 1844 3 1 4
NULL
R-CCU: dpObj$numberClusters = 4 
List of 2
 $ : num [1, 1, 1:4] 0.331 0.552 0.698 0.684
 $ : num [1, 1, 1:4] 9.75 2.87 2.34 1.53
NULL
R priorParameters: 2 8 
R maxT: 1 
R_PriorDraw_first_mu: 0.9461823 
R_PriorDraw_first_nu: 65.01402 
R-CCU: Before ClusterLabelChange for i = 53 newLabel= 1 currentLabel= 1 
R-CCU: sum(pointsPerCluster) = 1852 
 num [1:4] 1844 3 1 4
NULL
R-CCU: After ClusterLabelChange for i = 53 
R-CCU: sum(pointsPerCluster) = 1853 
 num [1:4] 1845 3 1 4
NULL
R-CCU: dpObj$numberClusters = 4 
List of 2
 $ : num [1, 1, 1:4] 0.331 0.552 0.698 0.684
 $ : num [1, 1, 1:4] 9.75 2.87 2.34 1.53
NULL
R priorParameters: 2 8 
R maxT: 1 
R_PriorDraw_first_mu: 0.7297201 
R_PriorDraw_first_nu: 26.78006 
R-CCU: Before ClusterLabelChange for i = 54 newLabel= 1 currentLabel= 1 
R-CCU: sum(pointsPerCluster) = 1853 
 num [1:4] 1845 3 1 4
NULL
R-CCU: After ClusterLabelChange for i = 54 
R-CCU: sum(pointsPerCluster) = 1854 
 num [1:4] 1846 3 1 4
NULL
R-CCU: dpObj$numberClusters = 4 
List of 2
 $ : num [1, 1, 1:4] 0.331 0.552 0.698 0.684
 $ : num [1, 1, 1:4] 9.75 2.87 2.34 1.53
NULL
R priorParameters: 2 8 
R maxT: 1 
R_PriorDraw_first_mu: 0.7593271 
R_PriorDraw_first_nu: 33.84484 
R-CCU: Before ClusterLabelChange for i = 55 newLabel= 1 currentLabel= 1 
R-CCU: sum(pointsPerCluster) = 1854 
 num [1:4] 1846 3 1 4
NULL
R-CCU: After ClusterLabelChange for i = 55 
R-CCU: sum(pointsPerCluster) = 1855 
 num [1:4] 1847 3 1 4
NULL
R-CCU: dpObj$numberClusters = 4 
List of 2
 $ : num [1, 1, 1:4] 0.331 0.552 0.698 0.684
 $ : num [1, 1, 1:4] 9.75 2.87 2.34 1.53
NULL
R priorParameters: 2 8 
R maxT: 1 
R_PriorDraw_first_mu: 0.9901271 
R_PriorDraw_first_nu: 13.75641 
R-CCU: Before ClusterLabelChange for i = 56 newLabel= 1 currentLabel= 1 
R-CCU: sum(pointsPerCluster) = 1855 
 num [1:4] 1847 3 1 4
NULL
R-CCU: After ClusterLabelChange for i = 56 
R-CCU: sum(pointsPerCluster) = 1856 
 num [1:4] 1848 3 1 4
NULL
R-CCU: dpObj$numberClusters = 4 
List of 2
 $ : num [1, 1, 1:4] 0.331 0.552 0.698 0.684
 $ : num [1, 1, 1:4] 9.75 2.87 2.34 1.53
NULL
R priorParameters: 2 8 
R maxT: 1 
R_PriorDraw_first_mu: 0.9950304 
R_PriorDraw_first_nu: 5.01724 
R-CCU: Before ClusterLabelChange for i = 57 newLabel= 1 currentLabel= 1 
R-CCU: sum(pointsPerCluster) = 1856 
 num [1:4] 1848 3 1 4
NULL
R-CCU: After ClusterLabelChange for i = 57 
R-CCU: sum(pointsPerCluster) = 1857 
 num [1:4] 1849 3 1 4
NULL
R-CCU: dpObj$numberClusters = 4 
List of 2
 $ : num [1, 1, 1:4] 0.331 0.552 0.698 0.684
 $ : num [1, 1, 1:4] 9.75 2.87 2.34 1.53
NULL
R priorParameters: 2 8 
R maxT: 1 
R_PriorDraw_first_mu: 0.6168347 
R_PriorDraw_first_nu: 5.027111 
R-CCU: Before ClusterLabelChange for i = 58 newLabel= 1 currentLabel= 1 
R-CCU: sum(pointsPerCluster) = 1857 
 num [1:4] 1849 3 1 4
NULL
R-CCU: After ClusterLabelChange for i = 58 
R-CCU: sum(pointsPerCluster) = 1858 
 num [1:4] 1850 3 1 4
NULL
R-CCU: dpObj$numberClusters = 4 
List of 2
 $ : num [1, 1, 1:4] 0.331 0.552 0.698 0.684
 $ : num [1, 1, 1:4] 9.75 2.87 2.34 1.53
NULL
R priorParameters: 2 8 
R maxT: 1 
R_PriorDraw_first_mu: 0.2241806 
R_PriorDraw_first_nu: 4.09657 
R-CCU: Before ClusterLabelChange for i = 59 newLabel= 1 currentLabel= 1 
R-CCU: sum(pointsPerCluster) = 1858 
 num [1:4] 1850 3 1 4
NULL
R-CCU: After ClusterLabelChange for i = 59 
R-CCU: sum(pointsPerCluster) = 1859 
 num [1:4] 1851 3 1 4
NULL
R-CCU: dpObj$numberClusters = 4 
List of 2
 $ : num [1, 1, 1:4] 0.331 0.552 0.698 0.684
 $ : num [1, 1, 1:4] 9.75 2.87 2.34 1.53
NULL
R priorParameters: 2 8 
R maxT: 1 
R_PriorDraw_first_mu: 0.8382239 
R_PriorDraw_first_nu: 11.53518 
R-CCU: Before ClusterLabelChange for i = 60 newLabel= 1 currentLabel= 1 
R-CCU: sum(pointsPerCluster) = 1859 
 num [1:4] 1851 3 1 4
NULL
R-CCU: After ClusterLabelChange for i = 60 
R-CCU: sum(pointsPerCluster) = 1860 
 num [1:4] 1852 3 1 4
NULL
R-CCU: dpObj$numberClusters = 4 
List of 2
 $ : num [1, 1, 1:4] 0.331 0.552 0.698 0.684
 $ : num [1, 1, 1:4] 9.75 2.87 2.34 1.53
NULL
R priorParameters: 2 8 
R maxT: 1 
R_PriorDraw_first_mu: 0.3496646 
R_PriorDraw_first_nu: 7.477351 
R-CCU: Before ClusterLabelChange for i = 61 newLabel= 1 currentLabel= 1 
R-CCU: sum(pointsPerCluster) = 1860 
 num [1:4] 1852 3 1 4
NULL
R-CCU: After ClusterLabelChange for i = 61 
R-CCU: sum(pointsPerCluster) = 1861 
 num [1:4] 1853 3 1 4
NULL
R-CCU: dpObj$numberClusters = 4 
List of 2
 $ : num [1, 1, 1:4] 0.331 0.552 0.698 0.684
 $ : num [1, 1, 1:4] 9.75 2.87 2.34 1.53
NULL
R priorParameters: 2 8 
R maxT: 1 
R_PriorDraw_first_mu: 0.9216308 
R_PriorDraw_first_nu: 2.791493 
R-CCU: Before ClusterLabelChange for i = 62 newLabel= 1 currentLabel= 1 
R-CCU: sum(pointsPerCluster) = 1861 
 num [1:4] 1853 3 1 4
NULL
R-CCU: After ClusterLabelChange for i = 62 
R-CCU: sum(pointsPerCluster) = 1862 
 num [1:4] 1854 3 1 4
NULL
R-CCU: dpObj$numberClusters = 4 
List of 2
 $ : num [1, 1, 1:4] 0.331 0.552 0.698 0.684
 $ : num [1, 1, 1:4] 9.75 2.87 2.34 1.53
NULL
R priorParameters: 2 8 
R maxT: 1 
R_PriorDraw_first_mu: 0.3082362 
R_PriorDraw_first_nu: 5.296303 
R-CCU: Before ClusterLabelChange for i = 63 newLabel= 1 currentLabel= 1 
R-CCU: sum(pointsPerCluster) = 1862 
 num [1:4] 1854 3 1 4
NULL
R-CCU: After ClusterLabelChange for i = 63 
R-CCU: sum(pointsPerCluster) = 1863 
 num [1:4] 1855 3 1 4
NULL
R-CCU: dpObj$numberClusters = 4 
List of 2
 $ : num [1, 1, 1:4] 0.331 0.552 0.698 0.684
 $ : num [1, 1, 1:4] 9.75 2.87 2.34 1.53
NULL
R priorParameters: 2 8 
R maxT: 1 
R_PriorDraw_first_mu: 0.1865358 
R_PriorDraw_first_nu: 5.207357 
R-CCU: Before ClusterLabelChange for i = 64 newLabel= 1 currentLabel= 1 
R-CCU: sum(pointsPerCluster) = 1863 
 num [1:4] 1855 3 1 4
NULL
R-CCU: After ClusterLabelChange for i = 64 
R-CCU: sum(pointsPerCluster) = 1864 
 num [1:4] 1856 3 1 4
NULL
R-CCU: dpObj$numberClusters = 4 
List of 2
 $ : num [1, 1, 1:4] 0.331 0.552 0.698 0.684
 $ : num [1, 1, 1:4] 9.75 2.87 2.34 1.53
NULL
R priorParameters: 2 8 
R maxT: 1 
R_PriorDraw_first_mu: 0.3127785 
R_PriorDraw_first_nu: 3.31244 
R-CCU: Before ClusterLabelChange for i = 65 newLabel= 1 currentLabel= 1 
R-CCU: sum(pointsPerCluster) = 1864 
 num [1:4] 1856 3 1 4
NULL
R-CCU: After ClusterLabelChange for i = 65 
R-CCU: sum(pointsPerCluster) = 1865 
 num [1:4] 1857 3 1 4
NULL
R-CCU: dpObj$numberClusters = 4 
List of 2
 $ : num [1, 1, 1:4] 0.331 0.552 0.698 0.684
 $ : num [1, 1, 1:4] 9.75 2.87 2.34 1.53
NULL
R priorParameters: 2 8 
R maxT: 1 
R_PriorDraw_first_mu: 0.7241355 
R_PriorDraw_first_nu: 14.16999 
R-CCU: Before ClusterLabelChange for i = 66 newLabel= 1 currentLabel= 1 
R-CCU: sum(pointsPerCluster) = 1865 
 num [1:4] 1857 3 1 4
NULL
R-CCU: After ClusterLabelChange for i = 66 
R-CCU: sum(pointsPerCluster) = 1866 
 num [1:4] 1858 3 1 4
NULL
R-CCU: dpObj$numberClusters = 4 
List of 2
 $ : num [1, 1, 1:4] 0.331 0.552 0.698 0.684
 $ : num [1, 1, 1:4] 9.75 2.87 2.34 1.53
NULL
R priorParameters: 2 8 
R maxT: 1 
R_PriorDraw_first_mu: 0.2106456 
R_PriorDraw_first_nu: 10.05318 
R-CCU: Before ClusterLabelChange for i = 67 newLabel= 1 currentLabel= 1 
R-CCU: sum(pointsPerCluster) = 1866 
 num [1:4] 1858 3 1 4
NULL
R-CCU: After ClusterLabelChange for i = 67 
R-CCU: sum(pointsPerCluster) = 1867 
 num [1:4] 1859 3 1 4
NULL
R-CCU: dpObj$numberClusters = 4 
List of 2
 $ : num [1, 1, 1:4] 0.331 0.552 0.698 0.684
 $ : num [1, 1, 1:4] 9.75 2.87 2.34 1.53
NULL
R priorParameters: 2 8 
R maxT: 1 
R_PriorDraw_first_mu: 0.4623064 
R_PriorDraw_first_nu: 9.847886 
R-CCU: Before ClusterLabelChange for i = 68 newLabel= 1 currentLabel= 1 
R-CCU: sum(pointsPerCluster) = 1867 
 num [1:4] 1859 3 1 4
NULL
R-CCU: After ClusterLabelChange for i = 68 
R-CCU: sum(pointsPerCluster) = 1868 
 num [1:4] 1860 3 1 4
NULL
R-CCU: dpObj$numberClusters = 4 
List of 2
 $ : num [1, 1, 1:4] 0.331 0.552 0.698 0.684
 $ : num [1, 1, 1:4] 9.75 2.87 2.34 1.53
NULL
R priorParameters: 2 8 
R maxT: 1 
R_PriorDraw_first_mu: 0.3954895 
R_PriorDraw_first_nu: 14.32564 
R-CCU: Before ClusterLabelChange for i = 69 newLabel= 1 currentLabel= 1 
R-CCU: sum(pointsPerCluster) = 1868 
 num [1:4] 1860 3 1 4
NULL
R-CCU: After ClusterLabelChange for i = 69 
R-CCU: sum(pointsPerCluster) = 1869 
 num [1:4] 1861 3 1 4
NULL
R-CCU: dpObj$numberClusters = 4 
List of 2
 $ : num [1, 1, 1:4] 0.331 0.552 0.698 0.684
 $ : num [1, 1, 1:4] 9.75 2.87 2.34 1.53
NULL
R priorParameters: 2 8 
R maxT: 1 
R_PriorDraw_first_mu: 0.5163015 
R_PriorDraw_first_nu: 2.460573 
R-CCU: Before ClusterLabelChange for i = 70 newLabel= 1 currentLabel= 1 
R-CCU: sum(pointsPerCluster) = 1869 
 num [1:4] 1861 3 1 4
NULL
R-CCU: After ClusterLabelChange for i = 70 
R-CCU: sum(pointsPerCluster) = 1870 
 num [1:4] 1862 3 1 4
NULL
R-CCU: dpObj$numberClusters = 4 
List of 2
 $ : num [1, 1, 1:4] 0.331 0.552 0.698 0.684
 $ : num [1, 1, 1:4] 9.75 2.87 2.34 1.53
NULL
R priorParameters: 2 8 
R maxT: 1 
R_PriorDraw_first_mu: 0.3495985 
R_PriorDraw_first_nu: 6.509526 
R-CCU: Before ClusterLabelChange for i = 71 newLabel= 1 currentLabel= 1 
R-CCU: sum(pointsPerCluster) = 1870 
 num [1:4] 1862 3 1 4
NULL
R-CCU: After ClusterLabelChange for i = 71 
R-CCU: sum(pointsPerCluster) = 1871 
 num [1:4] 1863 3 1 4
NULL
R-CCU: dpObj$numberClusters = 4 
List of 2
 $ : num [1, 1, 1:4] 0.331 0.552 0.698 0.684
 $ : num [1, 1, 1:4] 9.75 2.87 2.34 1.53
NULL
R priorParameters: 2 8 
R maxT: 1 
R_PriorDraw_first_mu: 0.610772 
R_PriorDraw_first_nu: 3.150834 
R-CCU: Before ClusterLabelChange for i = 72 newLabel= 1 currentLabel= 1 
R-CCU: sum(pointsPerCluster) = 1871 
 num [1:4] 1863 3 1 4
NULL
R-CCU: After ClusterLabelChange for i = 72 
R-CCU: sum(pointsPerCluster) = 1872 
 num [1:4] 1864 3 1 4
NULL
R-CCU: dpObj$numberClusters = 4 
List of 2
 $ : num [1, 1, 1:4] 0.331 0.552 0.698 0.684
 $ : num [1, 1, 1:4] 9.75 2.87 2.34 1.53
NULL
R priorParameters: 2 8 
R maxT: 1 
R_PriorDraw_first_mu: 0.4332419 
R_PriorDraw_first_nu: 4.651564 
R-CCU: Before ClusterLabelChange for i = 73 newLabel= 1 currentLabel= 1 
R-CCU: sum(pointsPerCluster) = 1872 
 num [1:4] 1864 3 1 4
NULL
R-CCU: After ClusterLabelChange for i = 73 
R-CCU: sum(pointsPerCluster) = 1873 
 num [1:4] 1865 3 1 4
NULL
R-CCU: dpObj$numberClusters = 4 
List of 2
 $ : num [1, 1, 1:4] 0.331 0.552 0.698 0.684
 $ : num [1, 1, 1:4] 9.75 2.87 2.34 1.53
NULL
R priorParameters: 2 8 
R maxT: 1 
R_PriorDraw_first_mu: 0.755183 
R_PriorDraw_first_nu: 3.388241 
R-CCU: Before ClusterLabelChange for i = 74 newLabel= 1 currentLabel= 1 
R-CCU: sum(pointsPerCluster) = 1873 
 num [1:4] 1865 3 1 4
NULL
R-CCU: After ClusterLabelChange for i = 74 
R-CCU: sum(pointsPerCluster) = 1874 
 num [1:4] 1866 3 1 4
NULL
R-CCU: dpObj$numberClusters = 4 
List of 2
 $ : num [1, 1, 1:4] 0.331 0.552 0.698 0.684
 $ : num [1, 1, 1:4] 9.75 2.87 2.34 1.53
NULL
R priorParameters: 2 8 
R maxT: 1 
R_PriorDraw_first_mu: 0.4973796 
R_PriorDraw_first_nu: 17.70443 
R-CCU: Before ClusterLabelChange for i = 75 newLabel= 1 currentLabel= 1 
R-CCU: sum(pointsPerCluster) = 1874 
 num [1:4] 1866 3 1 4
NULL
R-CCU: After ClusterLabelChange for i = 75 
R-CCU: sum(pointsPerCluster) = 1875 
 num [1:4] 1867 3 1 4
NULL
R-CCU: dpObj$numberClusters = 4 
List of 2
 $ : num [1, 1, 1:4] 0.331 0.552 0.698 0.684
 $ : num [1, 1, 1:4] 9.75 2.87 2.34 1.53
NULL
R priorParameters: 2 8 
R maxT: 1 
R_PriorDraw_first_mu: 0.7292653 
R_PriorDraw_first_nu: 3.247699 
R-CCU: Before ClusterLabelChange for i = 76 newLabel= 1 currentLabel= 1 
R-CCU: sum(pointsPerCluster) = 1875 
 num [1:4] 1867 3 1 4
NULL
R-CCU: After ClusterLabelChange for i = 76 
R-CCU: sum(pointsPerCluster) = 1876 
 num [1:4] 1868 3 1 4
NULL
R-CCU: dpObj$numberClusters = 4 
List of 2
 $ : num [1, 1, 1:4] 0.331 0.552 0.698 0.684
 $ : num [1, 1, 1:4] 9.75 2.87 2.34 1.53
NULL
R priorParameters: 2 8 
R maxT: 1 
R_PriorDraw_first_mu: 0.6098253 
R_PriorDraw_first_nu: 6.300103 
R-CCU: Before ClusterLabelChange for i = 77 newLabel= 1 currentLabel= 1 
R-CCU: sum(pointsPerCluster) = 1876 
 num [1:4] 1868 3 1 4
NULL
R-CCU: After ClusterLabelChange for i = 77 
R-CCU: sum(pointsPerCluster) = 1877 
 num [1:4] 1869 3 1 4
NULL
R-CCU: dpObj$numberClusters = 4 
List of 2
 $ : num [1, 1, 1:4] 0.331 0.552 0.698 0.684
 $ : num [1, 1, 1:4] 9.75 2.87 2.34 1.53
NULL
R priorParameters: 2 8 
R maxT: 1 
R_PriorDraw_first_mu: 0.7573595 
R_PriorDraw_first_nu: 1.882987 
R-CCU: Before ClusterLabelChange for i = 78 newLabel= 1 currentLabel= 1 
R-CCU: sum(pointsPerCluster) = 1877 
 num [1:4] 1869 3 1 4
NULL
R-CCU: After ClusterLabelChange for i = 78 
R-CCU: sum(pointsPerCluster) = 1878 
 num [1:4] 1870 3 1 4
NULL
R-CCU: dpObj$numberClusters = 4 
List of 2
 $ : num [1, 1, 1:4] 0.331 0.552 0.698 0.684
 $ : num [1, 1, 1:4] 9.75 2.87 2.34 1.53
NULL
R priorParameters: 2 8 
R maxT: 1 
R_PriorDraw_first_mu: 0.3613584 
R_PriorDraw_first_nu: 3.228635 
R-CCU: Before ClusterLabelChange for i = 79 newLabel= 1 currentLabel= 1 
R-CCU: sum(pointsPerCluster) = 1878 
 num [1:4] 1870 3 1 4
NULL
R-CCU: After ClusterLabelChange for i = 79 
R-CCU: sum(pointsPerCluster) = 1879 
 num [1:4] 1871 3 1 4
NULL
R-CCU: dpObj$numberClusters = 4 
List of 2
 $ : num [1, 1, 1:4] 0.331 0.552 0.698 0.684
 $ : num [1, 1, 1:4] 9.75 2.87 2.34 1.53
NULL
R priorParameters: 2 8 
R maxT: 1 
R_PriorDraw_first_mu: 0.2492219 
R_PriorDraw_first_nu: 1.452294 
R-CCU: Before ClusterLabelChange for i = 80 newLabel= 1 currentLabel= 1 
R-CCU: sum(pointsPerCluster) = 1879 
 num [1:4] 1871 3 1 4
NULL
R-CCU: After ClusterLabelChange for i = 80 
R-CCU: sum(pointsPerCluster) = 1880 
 num [1:4] 1872 3 1 4
NULL
R-CCU: dpObj$numberClusters = 4 
List of 2
 $ : num [1, 1, 1:4] 0.331 0.552 0.698 0.684
 $ : num [1, 1, 1:4] 9.75 2.87 2.34 1.53
NULL
R priorParameters: 2 8 
R maxT: 1 
R_PriorDraw_first_mu: 0.4697953 
R_PriorDraw_first_nu: 9.359583 
R-CCU: Before ClusterLabelChange for i = 81 newLabel= 1 currentLabel= 1 
R-CCU: sum(pointsPerCluster) = 1880 
 num [1:4] 1872 3 1 4
NULL
R-CCU: After ClusterLabelChange for i = 81 
R-CCU: sum(pointsPerCluster) = 1881 
 num [1:4] 1873 3 1 4
NULL
R-CCU: dpObj$numberClusters = 4 
List of 2
 $ : num [1, 1, 1:4] 0.331 0.552 0.698 0.684
 $ : num [1, 1, 1:4] 9.75 2.87 2.34 1.53
NULL
R priorParameters: 2 8 
R maxT: 1 
R_PriorDraw_first_mu: 0.9342489 
R_PriorDraw_first_nu: 5.275815 
R-CCU: Before ClusterLabelChange for i = 82 newLabel= 1 currentLabel= 1 
R-CCU: sum(pointsPerCluster) = 1881 
 num [1:4] 1873 3 1 4
NULL
R-CCU: After ClusterLabelChange for i = 82 
R-CCU: sum(pointsPerCluster) = 1882 
 num [1:4] 1874 3 1 4
NULL
R-CCU: dpObj$numberClusters = 4 
List of 2
 $ : num [1, 1, 1:4] 0.331 0.552 0.698 0.684
 $ : num [1, 1, 1:4] 9.75 2.87 2.34 1.53
NULL
R priorParameters: 2 8 
R maxT: 1 
R_PriorDraw_first_mu: 0.8896184 
R_PriorDraw_first_nu: 14.31035 
R-CCU: Before ClusterLabelChange for i = 83 newLabel= 1 currentLabel= 1 
R-CCU: sum(pointsPerCluster) = 1882 
 num [1:4] 1874 3 1 4
NULL
R-CCU: After ClusterLabelChange for i = 83 
R-CCU: sum(pointsPerCluster) = 1883 
 num [1:4] 1875 3 1 4
NULL
R-CCU: dpObj$numberClusters = 4 
List of 2
 $ : num [1, 1, 1:4] 0.331 0.552 0.698 0.684
 $ : num [1, 1, 1:4] 9.75 2.87 2.34 1.53
NULL
R priorParameters: 2 8 
R maxT: 1 
R_PriorDraw_first_mu: 0.3362274 
R_PriorDraw_first_nu: 6.543589 
R-CCU: Before ClusterLabelChange for i = 84 newLabel= 1 currentLabel= 1 
R-CCU: sum(pointsPerCluster) = 1883 
 num [1:4] 1875 3 1 4
NULL
R-CCU: After ClusterLabelChange for i = 84 
R-CCU: sum(pointsPerCluster) = 1884 
 num [1:4] 1876 3 1 4
NULL
R-CCU: dpObj$numberClusters = 4 
List of 2
 $ : num [1, 1, 1:4] 0.331 0.552 0.698 0.684
 $ : num [1, 1, 1:4] 9.75 2.87 2.34 1.53
NULL
R priorParameters: 2 8 
R maxT: 1 
R_PriorDraw_first_mu: 0.720054 
R_PriorDraw_first_nu: 1.386966 
R-CCU: Before ClusterLabelChange for i = 85 newLabel= 1 currentLabel= 1 
R-CCU: sum(pointsPerCluster) = 1884 
 num [1:4] 1876 3 1 4
NULL
R-CCU: After ClusterLabelChange for i = 85 
R-CCU: sum(pointsPerCluster) = 1885 
 num [1:4] 1877 3 1 4
NULL
R-CCU: dpObj$numberClusters = 4 
List of 2
 $ : num [1, 1, 1:4] 0.331 0.552 0.698 0.684
 $ : num [1, 1, 1:4] 9.75 2.87 2.34 1.53
NULL
R priorParameters: 2 8 
R maxT: 1 
R_PriorDraw_first_mu: 0.5664302 
R_PriorDraw_first_nu: 2.576171 
R-CCU: Before ClusterLabelChange for i = 86 newLabel= 1 currentLabel= 1 
R-CCU: sum(pointsPerCluster) = 1885 
 num [1:4] 1877 3 1 4
NULL
R-CCU: After ClusterLabelChange for i = 86 
R-CCU: sum(pointsPerCluster) = 1886 
 num [1:4] 1878 3 1 4
NULL
R-CCU: dpObj$numberClusters = 4 
List of 2
 $ : num [1, 1, 1:4] 0.331 0.552 0.698 0.684
 $ : num [1, 1, 1:4] 9.75 2.87 2.34 1.53
NULL
R priorParameters: 2 8 
R maxT: 1 
R_PriorDraw_first_mu: 0.8047591 
R_PriorDraw_first_nu: 12.34826 
R-CCU: Before ClusterLabelChange for i = 87 newLabel= 1 currentLabel= 1 
R-CCU: sum(pointsPerCluster) = 1886 
 num [1:4] 1878 3 1 4
NULL
R-CCU: After ClusterLabelChange for i = 87 
R-CCU: sum(pointsPerCluster) = 1887 
 num [1:4] 1879 3 1 4
NULL
R-CCU: dpObj$numberClusters = 4 
List of 2
 $ : num [1, 1, 1:4] 0.331 0.552 0.698 0.684
 $ : num [1, 1, 1:4] 9.75 2.87 2.34 1.53
NULL
R priorParameters: 2 8 
R maxT: 1 
R_PriorDraw_first_mu: 0.1122418 
R_PriorDraw_first_nu: 2.304054 
R-CCU: Before ClusterLabelChange for i = 88 newLabel= 1 currentLabel= 1 
R-CCU: sum(pointsPerCluster) = 1887 
 num [1:4] 1879 3 1 4
NULL
R-CCU: After ClusterLabelChange for i = 88 
R-CCU: sum(pointsPerCluster) = 1888 
 num [1:4] 1880 3 1 4
NULL
R-CCU: dpObj$numberClusters = 4 
List of 2
 $ : num [1, 1, 1:4] 0.331 0.552 0.698 0.684
 $ : num [1, 1, 1:4] 9.75 2.87 2.34 1.53
NULL
R priorParameters: 2 8 
R maxT: 1 
R_PriorDraw_first_mu: 0.05564923 
R_PriorDraw_first_nu: 1.251486 
R-CCU: Before ClusterLabelChange for i = 89 newLabel= 1 currentLabel= 1 
R-CCU: sum(pointsPerCluster) = 1888 
 num [1:4] 1880 3 1 4
NULL
R-CCU: After ClusterLabelChange for i = 89 
R-CCU: sum(pointsPerCluster) = 1889 
 num [1:4] 1881 3 1 4
NULL
R-CCU: dpObj$numberClusters = 4 
List of 2
 $ : num [1, 1, 1:4] 0.331 0.552 0.698 0.684
 $ : num [1, 1, 1:4] 9.75 2.87 2.34 1.53
NULL
R priorParameters: 2 8 
R maxT: 1 
R_PriorDraw_first_mu: 0.8980406 
R_PriorDraw_first_nu: 50.09395 
R-CCU: Before ClusterLabelChange for i = 90 newLabel= 1 currentLabel= 1 
R-CCU: sum(pointsPerCluster) = 1889 
 num [1:4] 1881 3 1 4
NULL
R-CCU: After ClusterLabelChange for i = 90 
R-CCU: sum(pointsPerCluster) = 1890 
 num [1:4] 1882 3 1 4
NULL
R-CCU: dpObj$numberClusters = 4 
List of 2
 $ : num [1, 1, 1:4] 0.331 0.552 0.698 0.684
 $ : num [1, 1, 1:4] 9.75 2.87 2.34 1.53
NULL
R priorParameters: 2 8 
R maxT: 1 
R_PriorDraw_first_mu: 0.3999153 
R_PriorDraw_first_nu: 14.97505 
R-CCU: Before ClusterLabelChange for i = 91 newLabel= 1 currentLabel= 1 
R-CCU: sum(pointsPerCluster) = 1890 
 num [1:4] 1882 3 1 4
NULL
R-CCU: After ClusterLabelChange for i = 91 
R-CCU: sum(pointsPerCluster) = 1891 
 num [1:4] 1883 3 1 4
NULL
R-CCU: dpObj$numberClusters = 4 
List of 2
 $ : num [1, 1, 1:4] 0.331 0.552 0.698 0.684
 $ : num [1, 1, 1:4] 9.75 2.87 2.34 1.53
NULL
R priorParameters: 2 8 
R maxT: 1 
R_PriorDraw_first_mu: 0.1897142 
R_PriorDraw_first_nu: 10.41242 
R-CCU: Before ClusterLabelChange for i = 92 newLabel= 1 currentLabel= 1 
R-CCU: sum(pointsPerCluster) = 1891 
 num [1:4] 1883 3 1 4
NULL
R-CCU: After ClusterLabelChange for i = 92 
R-CCU: sum(pointsPerCluster) = 1892 
 num [1:4] 1884 3 1 4
NULL
R-CCU: dpObj$numberClusters = 4 
List of 2
 $ : num [1, 1, 1:4] 0.331 0.552 0.698 0.684
 $ : num [1, 1, 1:4] 9.75 2.87 2.34 1.53
NULL
R priorParameters: 2 8 
R maxT: 1 
R_PriorDraw_first_mu: 0.269295 
R_PriorDraw_first_nu: 1.723804 
R-CCU: Before ClusterLabelChange for i = 93 newLabel= 1 currentLabel= 1 
R-CCU: sum(pointsPerCluster) = 1892 
 num [1:4] 1884 3 1 4
NULL
R-CCU: After ClusterLabelChange for i = 93 
R-CCU: sum(pointsPerCluster) = 1893 
 num [1:4] 1885 3 1 4
NULL
R-CCU: dpObj$numberClusters = 4 
List of 2
 $ : num [1, 1, 1:4] 0.331 0.552 0.698 0.684
 $ : num [1, 1, 1:4] 9.75 2.87 2.34 1.53
NULL
R priorParameters: 2 8 
R maxT: 1 
R_PriorDraw_first_mu: 0.8221847 
R_PriorDraw_first_nu: 3.192665 
R-CCU: Before ClusterLabelChange for i = 94 newLabel= 1 currentLabel= 1 
R-CCU: sum(pointsPerCluster) = 1893 
 num [1:4] 1885 3 1 4
NULL
R-CCU: After ClusterLabelChange for i = 94 
R-CCU: sum(pointsPerCluster) = 1894 
 num [1:4] 1886 3 1 4
NULL
R-CCU: dpObj$numberClusters = 4 
List of 2
 $ : num [1, 1, 1:4] 0.331 0.552 0.698 0.684
 $ : num [1, 1, 1:4] 9.75 2.87 2.34 1.53
NULL
R priorParameters: 2 8 
R maxT: 1 
R_PriorDraw_first_mu: 0.6754284 
R_PriorDraw_first_nu: 3.743094 
R-CCU: Before ClusterLabelChange for i = 95 newLabel= 1 currentLabel= 1 
R-CCU: sum(pointsPerCluster) = 1894 
 num [1:4] 1886 3 1 4
NULL
R-CCU: After ClusterLabelChange for i = 95 
R-CCU: sum(pointsPerCluster) = 1895 
 num [1:4] 1887 3 1 4
NULL
R-CCU: dpObj$numberClusters = 4 
List of 2
 $ : num [1, 1, 1:4] 0.331 0.552 0.698 0.684
 $ : num [1, 1, 1:4] 9.75 2.87 2.34 1.53
NULL
R priorParameters: 2 8 
R maxT: 1 
R_PriorDraw_first_mu: 0.01477189 
R_PriorDraw_first_nu: 13.42062 
R-CCU: Before ClusterLabelChange for i = 96 newLabel= 1 currentLabel= 1 
R-CCU: sum(pointsPerCluster) = 1895 
 num [1:4] 1887 3 1 4
NULL
R-CCU: After ClusterLabelChange for i = 96 
R-CCU: sum(pointsPerCluster) = 1896 
 num [1:4] 1888 3 1 4
NULL
R-CCU: dpObj$numberClusters = 4 
List of 2
 $ : num [1, 1, 1:4] 0.331 0.552 0.698 0.684
 $ : num [1, 1, 1:4] 9.75 2.87 2.34 1.53
NULL
R priorParameters: 2 8 
R maxT: 1 
R_PriorDraw_first_mu: 0.586686 
R_PriorDraw_first_nu: 20.60184 
R-CCU: Before ClusterLabelChange for i = 97 newLabel= 1 currentLabel= 1 
R-CCU: sum(pointsPerCluster) = 1896 
 num [1:4] 1888 3 1 4
NULL
R-CCU: After ClusterLabelChange for i = 97 
R-CCU: sum(pointsPerCluster) = 1897 
 num [1:4] 1889 3 1 4
NULL
R-CCU: dpObj$numberClusters = 4 
List of 2
 $ : num [1, 1, 1:4] 0.331 0.552 0.698 0.684
 $ : num [1, 1, 1:4] 9.75 2.87 2.34 1.53
NULL
R priorParameters: 2 8 
R maxT: 1 
R_PriorDraw_first_mu: 0.1212241 
R_PriorDraw_first_nu: 9.970028 
R-CCU: Before ClusterLabelChange for i = 98 newLabel= 1 currentLabel= 1 
R-CCU: sum(pointsPerCluster) = 1897 
 num [1:4] 1889 3 1 4
NULL
R-CCU: After ClusterLabelChange for i = 98 
R-CCU: sum(pointsPerCluster) = 1898 
 num [1:4] 1890 3 1 4
NULL
R-CCU: dpObj$numberClusters = 4 
List of 2
 $ : num [1, 1, 1:4] 0.331 0.552 0.698 0.684
 $ : num [1, 1, 1:4] 9.75 2.87 2.34 1.53
NULL
R priorParameters: 2 8 
R maxT: 1 
R_PriorDraw_first_mu: 0.5139038 
R_PriorDraw_first_nu: 2.02855 
R-CCU: Before ClusterLabelChange for i = 99 newLabel= 1 currentLabel= 1 
R-CCU: sum(pointsPerCluster) = 1898 
 num [1:4] 1890 3 1 4
NULL
R-CCU: After ClusterLabelChange for i = 99 
R-CCU: sum(pointsPerCluster) = 1899 
 num [1:4] 1891 3 1 4
NULL
R-CCU: dpObj$numberClusters = 4 
List of 2
 $ : num [1, 1, 1:4] 0.331 0.552 0.698 0.684
 $ : num [1, 1, 1:4] 9.75 2.87 2.34 1.53
NULL
R priorParameters: 2 8 
R maxT: 1 
R_PriorDraw_first_mu: 0.2783368 
R_PriorDraw_first_nu: 4.140863 
R-CCU: Before ClusterLabelChange for i = 100 newLabel= 1 currentLabel= 1 
R-CCU: sum(pointsPerCluster) = 1899 
 num [1:4] 1891 3 1 4
NULL
R-CCU: After ClusterLabelChange for i = 100 
R-CCU: sum(pointsPerCluster) = 1900 
 num [1:4] 1892 3 1 4
NULL
R-CCU: dpObj$numberClusters = 4 
List of 2
 $ : num [1, 1, 1:4] 0.331 0.552 0.698 0.684
 $ : num [1, 1, 1:4] 9.75 2.87 2.34 1.53
NULL
R priorParameters: 2 8 
R maxT: 1 
R_PriorDraw_first_mu: 0.6762231 
R_PriorDraw_first_nu: 5.815849 
R-CCU: Before ClusterLabelChange for i = 1 newLabel= 1 currentLabel= 1 
R-CCU: sum(pointsPerCluster) = 1900 
 num [1:4] 1892 3 1 4
NULL
R-CCU: After ClusterLabelChange for i = 1 
R-CCU: sum(pointsPerCluster) = 1901 
 num [1:4] 1893 3 1 4
NULL
R-CCU: dpObj$numberClusters = 4 
List of 2
 $ : num [1, 1, 1:4] 0.302 0.552 0.698 0.684
 $ : num [1, 1, 1:4] 9.7 2.87 2.34 1.53
NULL
R priorParameters: 2 8 
R maxT: 1 
R_PriorDraw_first_mu: 0.5505152 
R_PriorDraw_first_nu: 3.252298 
R-CCU: Before ClusterLabelChange for i = 2 newLabel= 1 currentLabel= 1 
R-CCU: sum(pointsPerCluster) = 1901 
 num [1:4] 1893 3 1 4
NULL
R-CCU: After ClusterLabelChange for i = 2 
R-CCU: sum(pointsPerCluster) = 1902 
 num [1:4] 1894 3 1 4
NULL
R-CCU: dpObj$numberClusters = 4 
List of 2
 $ : num [1, 1, 1:4] 0.302 0.552 0.698 0.684
 $ : num [1, 1, 1:4] 9.7 2.87 2.34 1.53
NULL
R priorParameters: 2 8 
R maxT: 1 
R_PriorDraw_first_mu: 0.5161256 
R_PriorDraw_first_nu: 3.005462 
R-CCU: Before ClusterLabelChange for i = 3 newLabel= 1 currentLabel= 1 
R-CCU: sum(pointsPerCluster) = 1902 
 num [1:4] 1894 3 1 4
NULL
R-CCU: After ClusterLabelChange for i = 3 
R-CCU: sum(pointsPerCluster) = 1903 
 num [1:4] 1895 3 1 4
NULL
R-CCU: dpObj$numberClusters = 4 
List of 2
 $ : num [1, 1, 1:4] 0.302 0.552 0.698 0.684
 $ : num [1, 1, 1:4] 9.7 2.87 2.34 1.53
NULL
R priorParameters: 2 8 
R maxT: 1 
R_PriorDraw_first_mu: 0.2066709 
R_PriorDraw_first_nu: 4.044682 
R-CCU: Before ClusterLabelChange for i = 4 newLabel= 1 currentLabel= 1 
R-CCU: sum(pointsPerCluster) = 1903 
 num [1:4] 1895 3 1 4
NULL
R-CCU: After ClusterLabelChange for i = 4 
R-CCU: sum(pointsPerCluster) = 1904 
 num [1:4] 1896 3 1 4
NULL
R-CCU: dpObj$numberClusters = 4 
List of 2
 $ : num [1, 1, 1:4] 0.302 0.552 0.698 0.684
 $ : num [1, 1, 1:4] 9.7 2.87 2.34 1.53
NULL
R priorParameters: 2 8 
R maxT: 1 
R_PriorDraw_first_mu: 0.7105467 
R_PriorDraw_first_nu: 4.05269 
R-CCU: Before ClusterLabelChange for i = 5 newLabel= 1 currentLabel= 1 
R-CCU: sum(pointsPerCluster) = 1904 
 num [1:4] 1896 3 1 4
NULL
R-CCU: After ClusterLabelChange for i = 5 
R-CCU: sum(pointsPerCluster) = 1905 
 num [1:4] 1897 3 1 4
NULL
R-CCU: dpObj$numberClusters = 4 
List of 2
 $ : num [1, 1, 1:4] 0.302 0.552 0.698 0.684
 $ : num [1, 1, 1:4] 9.7 2.87 2.34 1.53
NULL
R priorParameters: 2 8 
R maxT: 1 
R_PriorDraw_first_mu: 0.1278406 
R_PriorDraw_first_nu: 1.923401 
R-CCU: Before ClusterLabelChange for i = 6 newLabel= 1 currentLabel= 1 
R-CCU: sum(pointsPerCluster) = 1905 
 num [1:4] 1897 3 1 4
NULL
R-CCU: After ClusterLabelChange for i = 6 
R-CCU: sum(pointsPerCluster) = 1906 
 num [1:4] 1898 3 1 4
NULL
R-CCU: dpObj$numberClusters = 4 
List of 2
 $ : num [1, 1, 1:4] 0.302 0.552 0.698 0.684
 $ : num [1, 1, 1:4] 9.7 2.87 2.34 1.53
NULL
R priorParameters: 2 8 
R maxT: 1 
R_PriorDraw_first_mu: 0.420597 
R_PriorDraw_first_nu: 2.104327 
R-CCU: Before ClusterLabelChange for i = 7 newLabel= 1 currentLabel= 1 
R-CCU: sum(pointsPerCluster) = 1906 
 num [1:4] 1898 3 1 4
NULL
R-CCU: After ClusterLabelChange for i = 7 
R-CCU: sum(pointsPerCluster) = 1907 
 num [1:4] 1899 3 1 4
NULL
R-CCU: dpObj$numberClusters = 4 
List of 2
 $ : num [1, 1, 1:4] 0.302 0.552 0.698 0.684
 $ : num [1, 1, 1:4] 9.7 2.87 2.34 1.53
NULL
R priorParameters: 2 8 
R maxT: 1 
R_PriorDraw_first_mu: 0.4567155 
R_PriorDraw_first_nu: 5.477424 
R-CCU: Before ClusterLabelChange for i = 8 newLabel= 1 currentLabel= 1 
R-CCU: sum(pointsPerCluster) = 1907 
 num [1:4] 1899 3 1 4
NULL
R-CCU: After ClusterLabelChange for i = 8 
R-CCU: sum(pointsPerCluster) = 1908 
 num [1:4] 1900 3 1 4
NULL
R-CCU: dpObj$numberClusters = 4 
List of 2
 $ : num [1, 1, 1:4] 0.302 0.552 0.698 0.684
 $ : num [1, 1, 1:4] 9.7 2.87 2.34 1.53
NULL
R priorParameters: 2 8 
R maxT: 1 
R_PriorDraw_first_mu: 0.9319155 
R_PriorDraw_first_nu: 3.315747 
R-CCU: Before ClusterLabelChange for i = 9 newLabel= 1 currentLabel= 1 
R-CCU: sum(pointsPerCluster) = 1908 
 num [1:4] 1900 3 1 4
NULL
R-CCU: After ClusterLabelChange for i = 9 
R-CCU: sum(pointsPerCluster) = 1909 
 num [1:4] 1901 3 1 4
NULL
R-CCU: dpObj$numberClusters = 4 
List of 2
 $ : num [1, 1, 1:4] 0.302 0.552 0.698 0.684
 $ : num [1, 1, 1:4] 9.7 2.87 2.34 1.53
NULL
R priorParameters: 2 8 
R maxT: 1 
R_PriorDraw_first_mu: 0.3987745 
R_PriorDraw_first_nu: 11.57004 
R-CCU: Before ClusterLabelChange for i = 10 newLabel= 1 currentLabel= 1 
R-CCU: sum(pointsPerCluster) = 1909 
 num [1:4] 1901 3 1 4
NULL
R-CCU: After ClusterLabelChange for i = 10 
R-CCU: sum(pointsPerCluster) = 1910 
 num [1:4] 1902 3 1 4
NULL
R-CCU: dpObj$numberClusters = 4 
List of 2
 $ : num [1, 1, 1:4] 0.302 0.552 0.698 0.684
 $ : num [1, 1, 1:4] 9.7 2.87 2.34 1.53
NULL
R priorParameters: 2 8 
R maxT: 1 
R_PriorDraw_first_mu: 0.6605309 
R_PriorDraw_first_nu: 5.800594 
R-CCU: Before ClusterLabelChange for i = 11 newLabel= 1 currentLabel= 1 
R-CCU: sum(pointsPerCluster) = 1910 
 num [1:4] 1902 3 1 4
NULL
R-CCU: After ClusterLabelChange for i = 11 
R-CCU: sum(pointsPerCluster) = 1911 
 num [1:4] 1903 3 1 4
NULL
R-CCU: dpObj$numberClusters = 4 
List of 2
 $ : num [1, 1, 1:4] 0.302 0.552 0.698 0.684
 $ : num [1, 1, 1:4] 9.7 2.87 2.34 1.53
NULL
R priorParameters: 2 8 
R maxT: 1 
R_PriorDraw_first_mu: 0.5054309 
R_PriorDraw_first_nu: 6.624833 
R-CCU: Before ClusterLabelChange for i = 12 newLabel= 1 currentLabel= 1 
R-CCU: sum(pointsPerCluster) = 1911 
 num [1:4] 1903 3 1 4
NULL
R-CCU: After ClusterLabelChange for i = 12 
R-CCU: sum(pointsPerCluster) = 1912 
 num [1:4] 1904 3 1 4
NULL
R-CCU: dpObj$numberClusters = 4 
List of 2
 $ : num [1, 1, 1:4] 0.302 0.552 0.698 0.684
 $ : num [1, 1, 1:4] 9.7 2.87 2.34 1.53
NULL
R priorParameters: 2 8 
R maxT: 1 
R_PriorDraw_first_mu: 0.5824771 
R_PriorDraw_first_nu: 1.477849 
R-CCU: Before ClusterLabelChange for i = 13 newLabel= 1 currentLabel= 1 
R-CCU: sum(pointsPerCluster) = 1912 
 num [1:4] 1904 3 1 4
NULL
R-CCU: After ClusterLabelChange for i = 13 
R-CCU: sum(pointsPerCluster) = 1913 
 num [1:4] 1905 3 1 4
NULL
R-CCU: dpObj$numberClusters = 4 
List of 2
 $ : num [1, 1, 1:4] 0.302 0.552 0.698 0.684
 $ : num [1, 1, 1:4] 9.7 2.87 2.34 1.53
NULL
R priorParameters: 2 8 
R maxT: 1 
R_PriorDraw_first_mu: 0.6835905 
R_PriorDraw_first_nu: 10.28111 
R-CCU: Before ClusterLabelChange for i = 14 newLabel= 1 currentLabel= 1 
R-CCU: sum(pointsPerCluster) = 1913 
 num [1:4] 1905 3 1 4
NULL
R-CCU: After ClusterLabelChange for i = 14 
R-CCU: sum(pointsPerCluster) = 1914 
 num [1:4] 1906 3 1 4
NULL
R-CCU: dpObj$numberClusters = 4 
List of 2
 $ : num [1, 1, 1:4] 0.302 0.552 0.698 0.684
 $ : num [1, 1, 1:4] 9.7 2.87 2.34 1.53
NULL
R priorParameters: 2 8 
R maxT: 1 
R_PriorDraw_first_mu: 0.3324243 
R_PriorDraw_first_nu: 10.20142 
R-CCU: Before ClusterLabelChange for i = 15 newLabel= 1 currentLabel= 1 
R-CCU: sum(pointsPerCluster) = 1914 
 num [1:4] 1906 3 1 4
NULL
R-CCU: After ClusterLabelChange for i = 15 
R-CCU: sum(pointsPerCluster) = 1915 
 num [1:4] 1907 3 1 4
NULL
R-CCU: dpObj$numberClusters = 4 
List of 2
 $ : num [1, 1, 1:4] 0.302 0.552 0.698 0.684
 $ : num [1, 1, 1:4] 9.7 2.87 2.34 1.53
NULL
R priorParameters: 2 8 
R maxT: 1 
R_PriorDraw_first_mu: 0.06915495 
R_PriorDraw_first_nu: 1.943792 
R-CCU: Before ClusterLabelChange for i = 16 newLabel= 1 currentLabel= 1 
R-CCU: sum(pointsPerCluster) = 1915 
 num [1:4] 1907 3 1 4
NULL
R-CCU: After ClusterLabelChange for i = 16 
R-CCU: sum(pointsPerCluster) = 1916 
 num [1:4] 1908 3 1 4
NULL
R-CCU: dpObj$numberClusters = 4 
List of 2
 $ : num [1, 1, 1:4] 0.302 0.552 0.698 0.684
 $ : num [1, 1, 1:4] 9.7 2.87 2.34 1.53
NULL
R priorParameters: 2 8 
R maxT: 1 
R_PriorDraw_first_mu: 0.01147519 
R_PriorDraw_first_nu: 5.449546 
R-CCU: Before ClusterLabelChange for i = 17 newLabel= 1 currentLabel= 1 
R-CCU: sum(pointsPerCluster) = 1916 
 num [1:4] 1908 3 1 4
NULL
R-CCU: After ClusterLabelChange for i = 17 
R-CCU: sum(pointsPerCluster) = 1917 
 num [1:4] 1909 3 1 4
NULL
R-CCU: dpObj$numberClusters = 4 
List of 2
 $ : num [1, 1, 1:4] 0.302 0.552 0.698 0.684
 $ : num [1, 1, 1:4] 9.7 2.87 2.34 1.53
NULL
R priorParameters: 2 8 
R maxT: 1 
R_PriorDraw_first_mu: 0.9939268 
R_PriorDraw_first_nu: 5.564443 
R-CCU: Before ClusterLabelChange for i = 18 newLabel= 1 currentLabel= 1 
R-CCU: sum(pointsPerCluster) = 1917 
 num [1:4] 1909 3 1 4
NULL
R-CCU: After ClusterLabelChange for i = 18 
R-CCU: sum(pointsPerCluster) = 1918 
 num [1:4] 1910 3 1 4
NULL
R-CCU: dpObj$numberClusters = 4 
List of 2
 $ : num [1, 1, 1:4] 0.302 0.552 0.698 0.684
 $ : num [1, 1, 1:4] 9.7 2.87 2.34 1.53
NULL
R priorParameters: 2 8 
R maxT: 1 
R_PriorDraw_first_mu: 0.7063832 
R_PriorDraw_first_nu: 7.162499 
R-CCU: Before ClusterLabelChange for i = 19 newLabel= 1 currentLabel= 1 
R-CCU: sum(pointsPerCluster) = 1918 
 num [1:4] 1910 3 1 4
NULL
R-CCU: After ClusterLabelChange for i = 19 
R-CCU: sum(pointsPerCluster) = 1919 
 num [1:4] 1911 3 1 4
NULL
R-CCU: dpObj$numberClusters = 4 
List of 2
 $ : num [1, 1, 1:4] 0.302 0.552 0.698 0.684
 $ : num [1, 1, 1:4] 9.7 2.87 2.34 1.53
NULL
R priorParameters: 2 8 
R maxT: 1 
R_PriorDraw_first_mu: 0.1377792 
R_PriorDraw_first_nu: 21.80277 
R-CCU: Before ClusterLabelChange for i = 20 newLabel= 1 currentLabel= 1 
R-CCU: sum(pointsPerCluster) = 1919 
 num [1:4] 1911 3 1 4
NULL
R-CCU: After ClusterLabelChange for i = 20 
R-CCU: sum(pointsPerCluster) = 1920 
 num [1:4] 1912 3 1 4
NULL
R-CCU: dpObj$numberClusters = 4 
List of 2
 $ : num [1, 1, 1:4] 0.302 0.552 0.698 0.684
 $ : num [1, 1, 1:4] 9.7 2.87 2.34 1.53
NULL
R priorParameters: 2 8 
R maxT: 1 
R_PriorDraw_first_mu: 0.3226415 
R_PriorDraw_first_nu: 3.706379 
R-CCU: Before ClusterLabelChange for i = 21 newLabel= 1 currentLabel= 1 
R-CCU: sum(pointsPerCluster) = 1920 
 num [1:4] 1912 3 1 4
NULL
R-CCU: After ClusterLabelChange for i = 21 
R-CCU: sum(pointsPerCluster) = 1921 
 num [1:4] 1913 3 1 4
NULL
R-CCU: dpObj$numberClusters = 4 
List of 2
 $ : num [1, 1, 1:4] 0.302 0.552 0.698 0.684
 $ : num [1, 1, 1:4] 9.7 2.87 2.34 1.53
NULL
R priorParameters: 2 8 
R maxT: 1 
R_PriorDraw_first_mu: 0.6665833 
R_PriorDraw_first_nu: 5.204067 
R-CCU: Before ClusterLabelChange for i = 22 newLabel= 1 currentLabel= 1 
R-CCU: sum(pointsPerCluster) = 1921 
 num [1:4] 1913 3 1 4
NULL
R-CCU: After ClusterLabelChange for i = 22 
R-CCU: sum(pointsPerCluster) = 1922 
 num [1:4] 1914 3 1 4
NULL
R-CCU: dpObj$numberClusters = 4 
List of 2
 $ : num [1, 1, 1:4] 0.302 0.552 0.698 0.684
 $ : num [1, 1, 1:4] 9.7 2.87 2.34 1.53
NULL
R priorParameters: 2 8 
R maxT: 1 
R_PriorDraw_first_mu: 0.4588365 
R_PriorDraw_first_nu: 2.595212 
R-CCU: Before ClusterLabelChange for i = 23 newLabel= 1 currentLabel= 1 
R-CCU: sum(pointsPerCluster) = 1922 
 num [1:4] 1914 3 1 4
NULL
R-CCU: After ClusterLabelChange for i = 23 
R-CCU: sum(pointsPerCluster) = 1923 
 num [1:4] 1915 3 1 4
NULL
R-CCU: dpObj$numberClusters = 4 
List of 2
 $ : num [1, 1, 1:4] 0.302 0.552 0.698 0.684
 $ : num [1, 1, 1:4] 9.7 2.87 2.34 1.53
NULL
R priorParameters: 2 8 
R maxT: 1 
R_PriorDraw_first_mu: 0.6972636 
R_PriorDraw_first_nu: 2.77786 
R-CCU: Before ClusterLabelChange for i = 24 newLabel= 1 currentLabel= 1 
R-CCU: sum(pointsPerCluster) = 1923 
 num [1:4] 1915 3 1 4
NULL
R-CCU: After ClusterLabelChange for i = 24 
R-CCU: sum(pointsPerCluster) = 1924 
 num [1:4] 1916 3 1 4
NULL
R-CCU: dpObj$numberClusters = 4 
List of 2
 $ : num [1, 1, 1:4] 0.302 0.552 0.698 0.684
 $ : num [1, 1, 1:4] 9.7 2.87 2.34 1.53
NULL
R priorParameters: 2 8 
R maxT: 1 
R_PriorDraw_first_mu: 0.6479289 
R_PriorDraw_first_nu: 5.676529 
R-CCU: Before ClusterLabelChange for i = 25 newLabel= 1 currentLabel= 1 
R-CCU: sum(pointsPerCluster) = 1924 
 num [1:4] 1916 3 1 4
NULL
R-CCU: After ClusterLabelChange for i = 25 
R-CCU: sum(pointsPerCluster) = 1925 
 num [1:4] 1917 3 1 4
NULL
R-CCU: dpObj$numberClusters = 4 
List of 2
 $ : num [1, 1, 1:4] 0.302 0.552 0.698 0.684
 $ : num [1, 1, 1:4] 9.7 2.87 2.34 1.53
NULL
R priorParameters: 2 8 
R maxT: 1 
R_PriorDraw_first_mu: 0.1552606 
R_PriorDraw_first_nu: 25.41906 
R-CCU: Before ClusterLabelChange for i = 26 newLabel= 1 currentLabel= 1 
R-CCU: sum(pointsPerCluster) = 1925 
 num [1:4] 1917 3 1 4
NULL
R-CCU: After ClusterLabelChange for i = 26 
R-CCU: sum(pointsPerCluster) = 1926 
 num [1:4] 1918 3 1 4
NULL
R-CCU: dpObj$numberClusters = 4 
List of 2
 $ : num [1, 1, 1:4] 0.302 0.552 0.698 0.684
 $ : num [1, 1, 1:4] 9.7 2.87 2.34 1.53
NULL
R priorParameters: 2 8 
R maxT: 1 
R_PriorDraw_first_mu: 0.2694766 
R_PriorDraw_first_nu: 7.239204 
R-CCU: Before ClusterLabelChange for i = 27 newLabel= 1 currentLabel= 1 
R-CCU: sum(pointsPerCluster) = 1926 
 num [1:4] 1918 3 1 4
NULL
R-CCU: After ClusterLabelChange for i = 27 
R-CCU: sum(pointsPerCluster) = 1927 
 num [1:4] 1919 3 1 4
NULL
R-CCU: dpObj$numberClusters = 4 
List of 2
 $ : num [1, 1, 1:4] 0.302 0.552 0.698 0.684
 $ : num [1, 1, 1:4] 9.7 2.87 2.34 1.53
NULL
R priorParameters: 2 8 
R maxT: 1 
R_PriorDraw_first_mu: 0.227325 
R_PriorDraw_first_nu: 7.966946 
R-CCU: Before ClusterLabelChange for i = 28 newLabel= 1 currentLabel= 1 
R-CCU: sum(pointsPerCluster) = 1927 
 num [1:4] 1919 3 1 4
NULL
R-CCU: After ClusterLabelChange for i = 28 
R-CCU: sum(pointsPerCluster) = 1928 
 num [1:4] 1920 3 1 4
NULL
R-CCU: dpObj$numberClusters = 4 
List of 2
 $ : num [1, 1, 1:4] 0.302 0.552 0.698 0.684
 $ : num [1, 1, 1:4] 9.7 2.87 2.34 1.53
NULL
R priorParameters: 2 8 
R maxT: 1 
R_PriorDraw_first_mu: 0.6267078 
R_PriorDraw_first_nu: 5.592128 
R-CCU: Before ClusterLabelChange for i = 29 newLabel= 1 currentLabel= 1 
R-CCU: sum(pointsPerCluster) = 1928 
 num [1:4] 1920 3 1 4
NULL
R-CCU: After ClusterLabelChange for i = 29 
R-CCU: sum(pointsPerCluster) = 1929 
 num [1:4] 1921 3 1 4
NULL
R-CCU: dpObj$numberClusters = 4 
List of 2
 $ : num [1, 1, 1:4] 0.302 0.552 0.698 0.684
 $ : num [1, 1, 1:4] 9.7 2.87 2.34 1.53
NULL
R priorParameters: 2 8 
R maxT: 1 
R_PriorDraw_first_mu: 0.8881743 
R_PriorDraw_first_nu: 3.152656 
R-CCU: Before ClusterLabelChange for i = 30 newLabel= 1 currentLabel= 1 
R-CCU: sum(pointsPerCluster) = 1929 
 num [1:4] 1921 3 1 4
NULL
R-CCU: After ClusterLabelChange for i = 30 
R-CCU: sum(pointsPerCluster) = 1930 
 num [1:4] 1922 3 1 4
NULL
R-CCU: dpObj$numberClusters = 4 
List of 2
 $ : num [1, 1, 1:4] 0.302 0.552 0.698 0.684
 $ : num [1, 1, 1:4] 9.7 2.87 2.34 1.53
NULL
R priorParameters: 2 8 
R maxT: 1 
R_PriorDraw_first_mu: 0.1452267 
R_PriorDraw_first_nu: 1.264103 
R-CCU: Before ClusterLabelChange for i = 31 newLabel= 1 currentLabel= 1 
R-CCU: sum(pointsPerCluster) = 1930 
 num [1:4] 1922 3 1 4
NULL
R-CCU: After ClusterLabelChange for i = 31 
R-CCU: sum(pointsPerCluster) = 1931 
 num [1:4] 1923 3 1 4
NULL
R-CCU: dpObj$numberClusters = 4 
List of 2
 $ : num [1, 1, 1:4] 0.302 0.552 0.698 0.684
 $ : num [1, 1, 1:4] 9.7 2.87 2.34 1.53
NULL
R priorParameters: 2 8 
R maxT: 1 
R_PriorDraw_first_mu: 0.4737386 
R_PriorDraw_first_nu: 4.910797 
R-CCU: Before ClusterLabelChange for i = 32 newLabel= 1 currentLabel= 1 
R-CCU: sum(pointsPerCluster) = 1931 
 num [1:4] 1923 3 1 4
NULL
R-CCU: After ClusterLabelChange for i = 32 
R-CCU: sum(pointsPerCluster) = 1932 
 num [1:4] 1924 3 1 4
NULL
R-CCU: dpObj$numberClusters = 4 
List of 2
 $ : num [1, 1, 1:4] 0.302 0.552 0.698 0.684
 $ : num [1, 1, 1:4] 9.7 2.87 2.34 1.53
NULL
R priorParameters: 2 8 
R maxT: 1 
R_PriorDraw_first_mu: 0.4226932 
R_PriorDraw_first_nu: 2.046892 
R-CCU: Before ClusterLabelChange for i = 33 newLabel= 1 currentLabel= 1 
R-CCU: sum(pointsPerCluster) = 1932 
 num [1:4] 1924 3 1 4
NULL
R-CCU: After ClusterLabelChange for i = 33 
R-CCU: sum(pointsPerCluster) = 1933 
 num [1:4] 1925 3 1 4
NULL
R-CCU: dpObj$numberClusters = 4 
List of 2
 $ : num [1, 1, 1:4] 0.302 0.552 0.698 0.684
 $ : num [1, 1, 1:4] 9.7 2.87 2.34 1.53
NULL
R priorParameters: 2 8 
R maxT: 1 
R_PriorDraw_first_mu: 0.04319158 
R_PriorDraw_first_nu: 2.596185 
R-CCU: Before ClusterLabelChange for i = 34 newLabel= 1 currentLabel= 1 
R-CCU: sum(pointsPerCluster) = 1933 
 num [1:4] 1925 3 1 4
NULL
R-CCU: After ClusterLabelChange for i = 34 
R-CCU: sum(pointsPerCluster) = 1934 
 num [1:4] 1926 3 1 4
NULL
R-CCU: dpObj$numberClusters = 4 
List of 2
 $ : num [1, 1, 1:4] 0.302 0.552 0.698 0.684
 $ : num [1, 1, 1:4] 9.7 2.87 2.34 1.53
NULL
R priorParameters: 2 8 
R maxT: 1 
R_PriorDraw_first_mu: 0.7040894 
R_PriorDraw_first_nu: 3.136625 
R-CCU: Before ClusterLabelChange for i = 35 newLabel= 1 currentLabel= 1 
R-CCU: sum(pointsPerCluster) = 1934 
 num [1:4] 1926 3 1 4
NULL
R-CCU: After ClusterLabelChange for i = 35 
R-CCU: sum(pointsPerCluster) = 1935 
 num [1:4] 1927 3 1 4
NULL
R-CCU: dpObj$numberClusters = 4 
List of 2
 $ : num [1, 1, 1:4] 0.302 0.552 0.698 0.684
 $ : num [1, 1, 1:4] 9.7 2.87 2.34 1.53
NULL
R priorParameters: 2 8 
R maxT: 1 
R_PriorDraw_first_mu: 0.2744118 
R_PriorDraw_first_nu: 2.448678 
R-CCU: Before ClusterLabelChange for i = 36 newLabel= 1 currentLabel= 1 
R-CCU: sum(pointsPerCluster) = 1935 
 num [1:4] 1927 3 1 4
NULL
R-CCU: After ClusterLabelChange for i = 36 
R-CCU: sum(pointsPerCluster) = 1936 
 num [1:4] 1928 3 1 4
NULL
R-CCU: dpObj$numberClusters = 4 
List of 2
 $ : num [1, 1, 1:4] 0.302 0.552 0.698 0.684
 $ : num [1, 1, 1:4] 9.7 2.87 2.34 1.53
NULL
R priorParameters: 2 8 
R maxT: 1 
R_PriorDraw_first_mu: 0.3300441 
R_PriorDraw_first_nu: 4.141137 
R-CCU: Before ClusterLabelChange for i = 37 newLabel= 1 currentLabel= 1 
R-CCU: sum(pointsPerCluster) = 1936 
 num [1:4] 1928 3 1 4
NULL
R-CCU: After ClusterLabelChange for i = 37 
R-CCU: sum(pointsPerCluster) = 1937 
 num [1:4] 1929 3 1 4
NULL
R-CCU: dpObj$numberClusters = 4 
List of 2
 $ : num [1, 1, 1:4] 0.302 0.552 0.698 0.684
 $ : num [1, 1, 1:4] 9.7 2.87 2.34 1.53
NULL
R priorParameters: 2 8 
R maxT: 1 
R_PriorDraw_first_mu: 0.07685927 
R_PriorDraw_first_nu: 16.67072 
R-CCU: Before ClusterLabelChange for i = 38 newLabel= 1 currentLabel= 1 
R-CCU: sum(pointsPerCluster) = 1937 
 num [1:4] 1929 3 1 4
NULL
R-CCU: After ClusterLabelChange for i = 38 
R-CCU: sum(pointsPerCluster) = 1938 
 num [1:4] 1930 3 1 4
NULL
R-CCU: dpObj$numberClusters = 4 
List of 2
 $ : num [1, 1, 1:4] 0.302 0.552 0.698 0.684
 $ : num [1, 1, 1:4] 9.7 2.87 2.34 1.53
NULL
R priorParameters: 2 8 
R maxT: 1 
R_PriorDraw_first_mu: 0.03462017 
R_PriorDraw_first_nu: 2.910915 
R-CCU: Before ClusterLabelChange for i = 39 newLabel= 1 currentLabel= 1 
R-CCU: sum(pointsPerCluster) = 1938 
 num [1:4] 1930 3 1 4
NULL
R-CCU: After ClusterLabelChange for i = 39 
R-CCU: sum(pointsPerCluster) = 1939 
 num [1:4] 1931 3 1 4
NULL
R-CCU: dpObj$numberClusters = 4 
List of 2
 $ : num [1, 1, 1:4] 0.302 0.552 0.698 0.684
 $ : num [1, 1, 1:4] 9.7 2.87 2.34 1.53
NULL
R priorParameters: 2 8 
R maxT: 1 
R_PriorDraw_first_mu: 0.8347361 
R_PriorDraw_first_nu: 6.273335 
R-CCU: Before ClusterLabelChange for i = 40 newLabel= 1 currentLabel= 1 
R-CCU: sum(pointsPerCluster) = 1939 
 num [1:4] 1931 3 1 4
NULL
R-CCU: After ClusterLabelChange for i = 40 
R-CCU: sum(pointsPerCluster) = 1940 
 num [1:4] 1932 3 1 4
NULL
R-CCU: dpObj$numberClusters = 4 
List of 2
 $ : num [1, 1, 1:4] 0.302 0.552 0.698 0.684
 $ : num [1, 1, 1:4] 9.7 2.87 2.34 1.53
NULL
R priorParameters: 2 8 
R maxT: 1 
R_PriorDraw_first_mu: 0.09833074 
R_PriorDraw_first_nu: 24.28302 
R-CCU: Before ClusterLabelChange for i = 41 newLabel= 1 currentLabel= 1 
R-CCU: sum(pointsPerCluster) = 1940 
 num [1:4] 1932 3 1 4
NULL
R-CCU: After ClusterLabelChange for i = 41 
R-CCU: sum(pointsPerCluster) = 1941 
 num [1:4] 1933 3 1 4
NULL
R-CCU: dpObj$numberClusters = 4 
List of 2
 $ : num [1, 1, 1:4] 0.302 0.552 0.698 0.684
 $ : num [1, 1, 1:4] 9.7 2.87 2.34 1.53
NULL
R priorParameters: 2 8 
R maxT: 1 
R_PriorDraw_first_mu: 0.2927975 
R_PriorDraw_first_nu: 2.35107 
R-CCU: Before ClusterLabelChange for i = 42 newLabel= 1 currentLabel= 1 
R-CCU: sum(pointsPerCluster) = 1941 
 num [1:4] 1933 3 1 4
NULL
R-CCU: After ClusterLabelChange for i = 42 
R-CCU: sum(pointsPerCluster) = 1942 
 num [1:4] 1934 3 1 4
NULL
R-CCU: dpObj$numberClusters = 4 
List of 2
 $ : num [1, 1, 1:4] 0.302 0.552 0.698 0.684
 $ : num [1, 1, 1:4] 9.7 2.87 2.34 1.53
NULL
R priorParameters: 2 8 
R maxT: 1 
R_PriorDraw_first_mu: 0.9207763 
R_PriorDraw_first_nu: 3.841239 
R-CCU: Before ClusterLabelChange for i = 43 newLabel= 1 currentLabel= 1 
R-CCU: sum(pointsPerCluster) = 1942 
 num [1:4] 1934 3 1 4
NULL
R-CCU: After ClusterLabelChange for i = 43 
R-CCU: sum(pointsPerCluster) = 1943 
 num [1:4] 1935 3 1 4
NULL
R-CCU: dpObj$numberClusters = 4 
List of 2
 $ : num [1, 1, 1:4] 0.302 0.552 0.698 0.684
 $ : num [1, 1, 1:4] 9.7 2.87 2.34 1.53
NULL
R priorParameters: 2 8 
R maxT: 1 
R_PriorDraw_first_mu: 0.1723275 
R_PriorDraw_first_nu: 6.942844 
R-CCU: Before ClusterLabelChange for i = 44 newLabel= 1 currentLabel= 1 
R-CCU: sum(pointsPerCluster) = 1943 
 num [1:4] 1935 3 1 4
NULL
R-CCU: After ClusterLabelChange for i = 44 
R-CCU: sum(pointsPerCluster) = 1944 
 num [1:4] 1936 3 1 4
NULL
R-CCU: dpObj$numberClusters = 4 
List of 2
 $ : num [1, 1, 1:4] 0.302 0.552 0.698 0.684
 $ : num [1, 1, 1:4] 9.7 2.87 2.34 1.53
NULL
R priorParameters: 2 8 
R maxT: 1 
R_PriorDraw_first_mu: 0.2399409 
R_PriorDraw_first_nu: 9.14028 
R-CCU: Before ClusterLabelChange for i = 45 newLabel= 1 currentLabel= 1 
R-CCU: sum(pointsPerCluster) = 1944 
 num [1:4] 1936 3 1 4
NULL
R-CCU: After ClusterLabelChange for i = 45 
R-CCU: sum(pointsPerCluster) = 1945 
 num [1:4] 1937 3 1 4
NULL
R-CCU: dpObj$numberClusters = 4 
List of 2
 $ : num [1, 1, 1:4] 0.302 0.552 0.698 0.684
 $ : num [1, 1, 1:4] 9.7 2.87 2.34 1.53
NULL
R priorParameters: 2 8 
R maxT: 1 
R_PriorDraw_first_mu: 0.6703244 
R_PriorDraw_first_nu: 5.699438 
R-CCU: Before ClusterLabelChange for i = 46 newLabel= 1 currentLabel= 1 
R-CCU: sum(pointsPerCluster) = 1945 
 num [1:4] 1937 3 1 4
NULL
R-CCU: After ClusterLabelChange for i = 46 
R-CCU: sum(pointsPerCluster) = 1946 
 num [1:4] 1938 3 1 4
NULL
R-CCU: dpObj$numberClusters = 4 
List of 2
 $ : num [1, 1, 1:4] 0.302 0.552 0.698 0.684
 $ : num [1, 1, 1:4] 9.7 2.87 2.34 1.53
NULL
R priorParameters: 2 8 
R maxT: 1 
R_PriorDraw_first_mu: 0.7065286 
R_PriorDraw_first_nu: 3.399119 
R-CCU: Before ClusterLabelChange for i = 47 newLabel= 1 currentLabel= 1 
R-CCU: sum(pointsPerCluster) = 1946 
 num [1:4] 1938 3 1 4
NULL
R-CCU: After ClusterLabelChange for i = 47 
R-CCU: sum(pointsPerCluster) = 1947 
 num [1:4] 1939 3 1 4
NULL
R-CCU: dpObj$numberClusters = 4 
List of 2
 $ : num [1, 1, 1:4] 0.302 0.552 0.698 0.684
 $ : num [1, 1, 1:4] 9.7 2.87 2.34 1.53
NULL
R priorParameters: 2 8 
R maxT: 1 
R_PriorDraw_first_mu: 0.9833549 
R_PriorDraw_first_nu: 9.374821 
R-CCU: Before ClusterLabelChange for i = 48 newLabel= 1 currentLabel= 1 
R-CCU: sum(pointsPerCluster) = 1947 
 num [1:4] 1939 3 1 4
NULL
R-CCU: After ClusterLabelChange for i = 48 
R-CCU: sum(pointsPerCluster) = 1948 
 num [1:4] 1940 3 1 4
NULL
R-CCU: dpObj$numberClusters = 4 
List of 2
 $ : num [1, 1, 1:4] 0.302 0.552 0.698 0.684
 $ : num [1, 1, 1:4] 9.7 2.87 2.34 1.53
NULL
R priorParameters: 2 8 
R maxT: 1 
R_PriorDraw_first_mu: 0.498106 
R_PriorDraw_first_nu: 7.688133 
R-CCU: Before ClusterLabelChange for i = 49 newLabel= 1 currentLabel= 1 
R-CCU: sum(pointsPerCluster) = 1948 
 num [1:4] 1940 3 1 4
NULL
R-CCU: After ClusterLabelChange for i = 49 
R-CCU: sum(pointsPerCluster) = 1949 
 num [1:4] 1941 3 1 4
NULL
R-CCU: dpObj$numberClusters = 4 
List of 2
 $ : num [1, 1, 1:4] 0.302 0.552 0.698 0.684
 $ : num [1, 1, 1:4] 9.7 2.87 2.34 1.53
NULL
R priorParameters: 2 8 
R maxT: 1 
R_PriorDraw_first_mu: 0.7393899 
R_PriorDraw_first_nu: 7.003451 
R-CCU: Before ClusterLabelChange for i = 50 newLabel= 1 currentLabel= 1 
R-CCU: sum(pointsPerCluster) = 1949 
 num [1:4] 1941 3 1 4
NULL
R-CCU: After ClusterLabelChange for i = 50 
R-CCU: sum(pointsPerCluster) = 1950 
 num [1:4] 1942 3 1 4
NULL
R-CCU: dpObj$numberClusters = 4 
List of 2
 $ : num [1, 1, 1:4] 0.302 0.552 0.698 0.684
 $ : num [1, 1, 1:4] 9.7 2.87 2.34 1.53
NULL
R priorParameters: 2 8 
R maxT: 1 
R_PriorDraw_first_mu: 0.05476683 
R_PriorDraw_first_nu: 1.653132 
R-CCU: Before ClusterLabelChange for i = 51 newLabel= 1 currentLabel= 1 
R-CCU: sum(pointsPerCluster) = 1950 
 num [1:4] 1942 3 1 4
NULL
R-CCU: After ClusterLabelChange for i = 51 
R-CCU: sum(pointsPerCluster) = 1951 
 num [1:4] 1943 3 1 4
NULL
R-CCU: dpObj$numberClusters = 4 
List of 2
 $ : num [1, 1, 1:4] 0.302 0.552 0.698 0.684
 $ : num [1, 1, 1:4] 9.7 2.87 2.34 1.53
NULL
R priorParameters: 2 8 
R maxT: 1 
R_PriorDraw_first_mu: 0.0478243 
R_PriorDraw_first_nu: 14.84301 
R-CCU: Before ClusterLabelChange for i = 52 newLabel= 1 currentLabel= 1 
R-CCU: sum(pointsPerCluster) = 1951 
 num [1:4] 1943 3 1 4
NULL
R-CCU: After ClusterLabelChange for i = 52 
R-CCU: sum(pointsPerCluster) = 1952 
 num [1:4] 1944 3 1 4
NULL
R-CCU: dpObj$numberClusters = 4 
List of 2
 $ : num [1, 1, 1:4] 0.302 0.552 0.698 0.684
 $ : num [1, 1, 1:4] 9.7 2.87 2.34 1.53
NULL
R priorParameters: 2 8 
R maxT: 1 
R_PriorDraw_first_mu: 0.3756156 
R_PriorDraw_first_nu: 2.769252 
R-CCU: Before ClusterLabelChange for i = 53 newLabel= 1 currentLabel= 1 
R-CCU: sum(pointsPerCluster) = 1952 
 num [1:4] 1944 3 1 4
NULL
R-CCU: After ClusterLabelChange for i = 53 
R-CCU: sum(pointsPerCluster) = 1953 
 num [1:4] 1945 3 1 4
NULL
R-CCU: dpObj$numberClusters = 4 
List of 2
 $ : num [1, 1, 1:4] 0.302 0.552 0.698 0.684
 $ : num [1, 1, 1:4] 9.7 2.87 2.34 1.53
NULL
R priorParameters: 2 8 
R maxT: 1 
R_PriorDraw_first_mu: 0.8804057 
R_PriorDraw_first_nu: 3.650835 
R-CCU: Before ClusterLabelChange for i = 54 newLabel= 1 currentLabel= 1 
R-CCU: sum(pointsPerCluster) = 1953 
 num [1:4] 1945 3 1 4
NULL
R-CCU: After ClusterLabelChange for i = 54 
R-CCU: sum(pointsPerCluster) = 1954 
 num [1:4] 1946 3 1 4
NULL
R-CCU: dpObj$numberClusters = 4 
List of 2
 $ : num [1, 1, 1:4] 0.302 0.552 0.698 0.684
 $ : num [1, 1, 1:4] 9.7 2.87 2.34 1.53
NULL
R priorParameters: 2 8 
R maxT: 1 
R_PriorDraw_first_mu: 0.8321592 
R_PriorDraw_first_nu: 5.202024 
R-CCU: Before ClusterLabelChange for i = 55 newLabel= 1 currentLabel= 1 
R-CCU: sum(pointsPerCluster) = 1954 
 num [1:4] 1946 3 1 4
NULL
R-CCU: After ClusterLabelChange for i = 55 
R-CCU: sum(pointsPerCluster) = 1955 
 num [1:4] 1947 3 1 4
NULL
R-CCU: dpObj$numberClusters = 4 
List of 2
 $ : num [1, 1, 1:4] 0.302 0.552 0.698 0.684
 $ : num [1, 1, 1:4] 9.7 2.87 2.34 1.53
NULL
R priorParameters: 2 8 
R maxT: 1 
R_PriorDraw_first_mu: 0.3891489 
R_PriorDraw_first_nu: 1.284889 
R-CCU: Before ClusterLabelChange for i = 56 newLabel= 1 currentLabel= 1 
R-CCU: sum(pointsPerCluster) = 1955 
 num [1:4] 1947 3 1 4
NULL
R-CCU: After ClusterLabelChange for i = 56 
R-CCU: sum(pointsPerCluster) = 1956 
 num [1:4] 1948 3 1 4
NULL
R-CCU: dpObj$numberClusters = 4 
List of 2
 $ : num [1, 1, 1:4] 0.302 0.552 0.698 0.684
 $ : num [1, 1, 1:4] 9.7 2.87 2.34 1.53
NULL
R priorParameters: 2 8 
R maxT: 1 
R_PriorDraw_first_mu: 0.2807443 
R_PriorDraw_first_nu: 9.774088 
R-CCU: Before ClusterLabelChange for i = 57 newLabel= 1 currentLabel= 1 
R-CCU: sum(pointsPerCluster) = 1956 
 num [1:4] 1948 3 1 4
NULL
R-CCU: After ClusterLabelChange for i = 57 
R-CCU: sum(pointsPerCluster) = 1957 
 num [1:4] 1949 3 1 4
NULL
R-CCU: dpObj$numberClusters = 4 
List of 2
 $ : num [1, 1, 1:4] 0.302 0.552 0.698 0.684
 $ : num [1, 1, 1:4] 9.7 2.87 2.34 1.53
NULL
R priorParameters: 2 8 
R maxT: 1 
R_PriorDraw_first_mu: 0.3564095 
R_PriorDraw_first_nu: 5.005205 
R-CCU: Before ClusterLabelChange for i = 58 newLabel= 1 currentLabel= 1 
R-CCU: sum(pointsPerCluster) = 1957 
 num [1:4] 1949 3 1 4
NULL
R-CCU: After ClusterLabelChange for i = 58 
R-CCU: sum(pointsPerCluster) = 1958 
 num [1:4] 1950 3 1 4
NULL
R-CCU: dpObj$numberClusters = 4 
List of 2
 $ : num [1, 1, 1:4] 0.302 0.552 0.698 0.684
 $ : num [1, 1, 1:4] 9.7 2.87 2.34 1.53
NULL
R priorParameters: 2 8 
R maxT: 1 
R_PriorDraw_first_mu: 0.09546841 
R_PriorDraw_first_nu: 2.426985 
R-CCU: Before ClusterLabelChange for i = 59 newLabel= 1 currentLabel= 1 
R-CCU: sum(pointsPerCluster) = 1958 
 num [1:4] 1950 3 1 4
NULL
R-CCU: After ClusterLabelChange for i = 59 
R-CCU: sum(pointsPerCluster) = 1959 
 num [1:4] 1951 3 1 4
NULL
R-CCU: dpObj$numberClusters = 4 
List of 2
 $ : num [1, 1, 1:4] 0.302 0.552 0.698 0.684
 $ : num [1, 1, 1:4] 9.7 2.87 2.34 1.53
NULL
R priorParameters: 2 8 
R maxT: 1 
R_PriorDraw_first_mu: 0.7583895 
R_PriorDraw_first_nu: 1.418514 
R-CCU: Before ClusterLabelChange for i = 60 newLabel= 1 currentLabel= 1 
R-CCU: sum(pointsPerCluster) = 1959 
 num [1:4] 1951 3 1 4
NULL
R-CCU: After ClusterLabelChange for i = 60 
R-CCU: sum(pointsPerCluster) = 1960 
 num [1:4] 1952 3 1 4
NULL
R-CCU: dpObj$numberClusters = 4 
List of 2
 $ : num [1, 1, 1:4] 0.302 0.552 0.698 0.684
 $ : num [1, 1, 1:4] 9.7 2.87 2.34 1.53
NULL
R priorParameters: 2 8 
R maxT: 1 
R_PriorDraw_first_mu: 0.8157756 
R_PriorDraw_first_nu: 2.746768 
R-CCU: Before ClusterLabelChange for i = 61 newLabel= 1 currentLabel= 1 
R-CCU: sum(pointsPerCluster) = 1960 
 num [1:4] 1952 3 1 4
NULL
R-CCU: After ClusterLabelChange for i = 61 
R-CCU: sum(pointsPerCluster) = 1961 
 num [1:4] 1953 3 1 4
NULL
R-CCU: dpObj$numberClusters = 4 
List of 2
 $ : num [1, 1, 1:4] 0.302 0.552 0.698 0.684
 $ : num [1, 1, 1:4] 9.7 2.87 2.34 1.53
NULL
R priorParameters: 2 8 
R maxT: 1 
R_PriorDraw_first_mu: 0.3773065 
R_PriorDraw_first_nu: 4.296011 
R-CCU: Before ClusterLabelChange for i = 62 newLabel= 1 currentLabel= 1 
R-CCU: sum(pointsPerCluster) = 1961 
 num [1:4] 1953 3 1 4
NULL
R-CCU: After ClusterLabelChange for i = 62 
R-CCU: sum(pointsPerCluster) = 1962 
 num [1:4] 1954 3 1 4
NULL
R-CCU: dpObj$numberClusters = 4 
List of 2
 $ : num [1, 1, 1:4] 0.302 0.552 0.698 0.684
 $ : num [1, 1, 1:4] 9.7 2.87 2.34 1.53
NULL
R priorParameters: 2 8 
R maxT: 1 
R_PriorDraw_first_mu: 0.633366 
R_PriorDraw_first_nu: 3.073052 
R-CCU: Before ClusterLabelChange for i = 63 newLabel= 1 currentLabel= 1 
R-CCU: sum(pointsPerCluster) = 1962 
 num [1:4] 1954 3 1 4
NULL
R-CCU: After ClusterLabelChange for i = 63 
R-CCU: sum(pointsPerCluster) = 1963 
 num [1:4] 1955 3 1 4
NULL
R-CCU: dpObj$numberClusters = 4 
List of 2
 $ : num [1, 1, 1:4] 0.302 0.552 0.698 0.684
 $ : num [1, 1, 1:4] 9.7 2.87 2.34 1.53
NULL
R priorParameters: 2 8 
R maxT: 1 
R_PriorDraw_first_mu: 0.925564 
R_PriorDraw_first_nu: 32.97177 
R-CCU: Before ClusterLabelChange for i = 64 newLabel= 1 currentLabel= 1 
R-CCU: sum(pointsPerCluster) = 1963 
 num [1:4] 1955 3 1 4
NULL
R-CCU: After ClusterLabelChange for i = 64 
R-CCU: sum(pointsPerCluster) = 1964 
 num [1:4] 1956 3 1 4
NULL
R-CCU: dpObj$numberClusters = 4 
List of 2
 $ : num [1, 1, 1:4] 0.302 0.552 0.698 0.684
 $ : num [1, 1, 1:4] 9.7 2.87 2.34 1.53
NULL
R priorParameters: 2 8 
R maxT: 1 
R_PriorDraw_first_mu: 0.8193591 
R_PriorDraw_first_nu: 30.78934 
R-CCU: Before ClusterLabelChange for i = 65 newLabel= 1 currentLabel= 1 
R-CCU: sum(pointsPerCluster) = 1964 
 num [1:4] 1956 3 1 4
NULL
R-CCU: After ClusterLabelChange for i = 65 
R-CCU: sum(pointsPerCluster) = 1965 
 num [1:4] 1957 3 1 4
NULL
R-CCU: dpObj$numberClusters = 4 
List of 2
 $ : num [1, 1, 1:4] 0.302 0.552 0.698 0.684
 $ : num [1, 1, 1:4] 9.7 2.87 2.34 1.53
NULL
R priorParameters: 2 8 
R maxT: 1 
R_PriorDraw_first_mu: 0.4698544 
R_PriorDraw_first_nu: 4.427792 
R-CCU: Before ClusterLabelChange for i = 66 newLabel= 1 currentLabel= 1 
R-CCU: sum(pointsPerCluster) = 1965 
 num [1:4] 1957 3 1 4
NULL
R-CCU: After ClusterLabelChange for i = 66 
R-CCU: sum(pointsPerCluster) = 1966 
 num [1:4] 1958 3 1 4
NULL
R-CCU: dpObj$numberClusters = 4 
List of 2
 $ : num [1, 1, 1:4] 0.302 0.552 0.698 0.684
 $ : num [1, 1, 1:4] 9.7 2.87 2.34 1.53
NULL
R priorParameters: 2 8 
R maxT: 1 
R_PriorDraw_first_mu: 0.6050461 
R_PriorDraw_first_nu: 5.854939 
R-CCU: Before ClusterLabelChange for i = 67 newLabel= 1 currentLabel= 1 
R-CCU: sum(pointsPerCluster) = 1966 
 num [1:4] 1958 3 1 4
NULL
R-CCU: After ClusterLabelChange for i = 67 
R-CCU: sum(pointsPerCluster) = 1967 
 num [1:4] 1959 3 1 4
NULL
R-CCU: dpObj$numberClusters = 4 
List of 2
 $ : num [1, 1, 1:4] 0.302 0.552 0.698 0.684
 $ : num [1, 1, 1:4] 9.7 2.87 2.34 1.53
NULL
R priorParameters: 2 8 
R maxT: 1 
R_PriorDraw_first_mu: 0.9698907 
R_PriorDraw_first_nu: 58.12328 
R-CCU: Before ClusterLabelChange for i = 68 newLabel= 1 currentLabel= 1 
R-CCU: sum(pointsPerCluster) = 1967 
 num [1:4] 1959 3 1 4
NULL
R-CCU: After ClusterLabelChange for i = 68 
R-CCU: sum(pointsPerCluster) = 1968 
 num [1:4] 1960 3 1 4
NULL
R-CCU: dpObj$numberClusters = 4 
List of 2
 $ : num [1, 1, 1:4] 0.302 0.552 0.698 0.684
 $ : num [1, 1, 1:4] 9.7 2.87 2.34 1.53
NULL
R priorParameters: 2 8 
R maxT: 1 
R_PriorDraw_first_mu: 0.3160085 
R_PriorDraw_first_nu: 31.79609 
R-CCU: Before ClusterLabelChange for i = 69 newLabel= 1 currentLabel= 1 
R-CCU: sum(pointsPerCluster) = 1968 
 num [1:4] 1960 3 1 4
NULL
R-CCU: After ClusterLabelChange for i = 69 
R-CCU: sum(pointsPerCluster) = 1969 
 num [1:4] 1961 3 1 4
NULL
R-CCU: dpObj$numberClusters = 4 
List of 2
 $ : num [1, 1, 1:4] 0.302 0.552 0.698 0.684
 $ : num [1, 1, 1:4] 9.7 2.87 2.34 1.53
NULL
R priorParameters: 2 8 
R maxT: 1 
R_PriorDraw_first_mu: 0.6753268 
R_PriorDraw_first_nu: 6.168093 
R-CCU: Before ClusterLabelChange for i = 70 newLabel= 1 currentLabel= 1 
R-CCU: sum(pointsPerCluster) = 1969 
 num [1:4] 1961 3 1 4
NULL
R-CCU: After ClusterLabelChange for i = 70 
R-CCU: sum(pointsPerCluster) = 1970 
 num [1:4] 1962 3 1 4
NULL
R-CCU: dpObj$numberClusters = 4 
List of 2
 $ : num [1, 1, 1:4] 0.302 0.552 0.698 0.684
 $ : num [1, 1, 1:4] 9.7 2.87 2.34 1.53
NULL
R priorParameters: 2 8 
R maxT: 1 
R_PriorDraw_first_mu: 0.006542318 
R_PriorDraw_first_nu: 5.632346 
R-CCU: Before ClusterLabelChange for i = 71 newLabel= 1 currentLabel= 1 
R-CCU: sum(pointsPerCluster) = 1970 
 num [1:4] 1962 3 1 4
NULL
R-CCU: After ClusterLabelChange for i = 71 
R-CCU: sum(pointsPerCluster) = 1971 
 num [1:4] 1963 3 1 4
NULL
R-CCU: dpObj$numberClusters = 4 
List of 2
 $ : num [1, 1, 1:4] 0.302 0.552 0.698 0.684
 $ : num [1, 1, 1:4] 9.7 2.87 2.34 1.53
NULL
R priorParameters: 2 8 
R maxT: 1 
R_PriorDraw_first_mu: 0.2439148 
R_PriorDraw_first_nu: 3.759215 
R-CCU: Before ClusterLabelChange for i = 72 newLabel= 1 currentLabel= 1 
R-CCU: sum(pointsPerCluster) = 1971 
 num [1:4] 1963 3 1 4
NULL
R-CCU: After ClusterLabelChange for i = 72 
R-CCU: sum(pointsPerCluster) = 1972 
 num [1:4] 1964 3 1 4
NULL
R-CCU: dpObj$numberClusters = 4 
List of 2
 $ : num [1, 1, 1:4] 0.302 0.552 0.698 0.684
 $ : num [1, 1, 1:4] 9.7 2.87 2.34 1.53
NULL
R priorParameters: 2 8 
R maxT: 1 
R_PriorDraw_first_mu: 0.2317762 
R_PriorDraw_first_nu: 1.963207 
R-CCU: Before ClusterLabelChange for i = 73 newLabel= 1 currentLabel= 1 
R-CCU: sum(pointsPerCluster) = 1972 
 num [1:4] 1964 3 1 4
NULL
R-CCU: After ClusterLabelChange for i = 73 
R-CCU: sum(pointsPerCluster) = 1973 
 num [1:4] 1965 3 1 4
NULL
R-CCU: dpObj$numberClusters = 4 
List of 2
 $ : num [1, 1, 1:4] 0.302 0.552 0.698 0.684
 $ : num [1, 1, 1:4] 9.7 2.87 2.34 1.53
NULL
R priorParameters: 2 8 
R maxT: 1 
R_PriorDraw_first_mu: 0.5092249 
R_PriorDraw_first_nu: 2.042788 
R-CCU: Before ClusterLabelChange for i = 74 newLabel= 3 currentLabel= 1 
R-CCU: sum(pointsPerCluster) = 1973 
 num [1:4] 1965 3 1 4
NULL
R-CCU: After ClusterLabelChange for i = 74 
R-CCU: sum(pointsPerCluster) = 1974 
 num [1:4] 1965 3 2 4
NULL
R-CCU: dpObj$numberClusters = 4 
List of 2
 $ : num [1, 1, 1:4] 0.302 0.552 0.698 0.684
 $ : num [1, 1, 1:4] 9.7 2.87 2.34 1.53
NULL
R priorParameters: 2 8 
R maxT: 1 
R_PriorDraw_first_mu: 0.9612684 
R_PriorDraw_first_nu: 3.30052 
R-CCU: Before ClusterLabelChange for i = 75 newLabel= 1 currentLabel= 1 
R-CCU: sum(pointsPerCluster) = 1974 
 num [1:4] 1965 3 2 4
NULL
R-CCU: After ClusterLabelChange for i = 75 
R-CCU: sum(pointsPerCluster) = 1975 
 num [1:4] 1966 3 2 4
NULL
R-CCU: dpObj$numberClusters = 4 
List of 2
 $ : num [1, 1, 1:4] 0.302 0.552 0.698 0.684
 $ : num [1, 1, 1:4] 9.7 2.87 2.34 1.53
NULL
R priorParameters: 2 8 
R maxT: 1 
R_PriorDraw_first_mu: 0.7131404 
R_PriorDraw_first_nu: 4.796839 
R-CCU: Before ClusterLabelChange for i = 76 newLabel= 1 currentLabel= 1 
R-CCU: sum(pointsPerCluster) = 1975 
 num [1:4] 1966 3 2 4
NULL
R-CCU: After ClusterLabelChange for i = 76 
R-CCU: sum(pointsPerCluster) = 1976 
 num [1:4] 1967 3 2 4
NULL
R-CCU: dpObj$numberClusters = 4 
List of 2
 $ : num [1, 1, 1:4] 0.302 0.552 0.698 0.684
 $ : num [1, 1, 1:4] 9.7 2.87 2.34 1.53
NULL
R priorParameters: 2 8 
R maxT: 1 
R_PriorDraw_first_mu: 0.004518499 
R_PriorDraw_first_nu: 1.844182 
R-CCU: Before ClusterLabelChange for i = 77 newLabel= 1 currentLabel= 1 
R-CCU: sum(pointsPerCluster) = 1976 
 num [1:4] 1967 3 2 4
NULL
R-CCU: After ClusterLabelChange for i = 77 
R-CCU: sum(pointsPerCluster) = 1977 
 num [1:4] 1968 3 2 4
NULL
R-CCU: dpObj$numberClusters = 4 
List of 2
 $ : num [1, 1, 1:4] 0.302 0.552 0.698 0.684
 $ : num [1, 1, 1:4] 9.7 2.87 2.34 1.53
NULL
R priorParameters: 2 8 
R maxT: 1 
R_PriorDraw_first_mu: 0.947503 
R_PriorDraw_first_nu: 6.160978 
R-CCU: Before ClusterLabelChange for i = 78 newLabel= 1 currentLabel= 1 
R-CCU: sum(pointsPerCluster) = 1977 
 num [1:4] 1968 3 2 4
NULL
R-CCU: After ClusterLabelChange for i = 78 
R-CCU: sum(pointsPerCluster) = 1978 
 num [1:4] 1969 3 2 4
NULL
R-CCU: dpObj$numberClusters = 4 
List of 2
 $ : num [1, 1, 1:4] 0.302 0.552 0.698 0.684
 $ : num [1, 1, 1:4] 9.7 2.87 2.34 1.53
NULL
R priorParameters: 2 8 
R maxT: 1 
R_PriorDraw_first_mu: 0.3231557 
R_PriorDraw_first_nu: 5.503734 
R-CCU: Before ClusterLabelChange for i = 79 newLabel= 1 currentLabel= 1 
R-CCU: sum(pointsPerCluster) = 1978 
 num [1:4] 1969 3 2 4
NULL
R-CCU: After ClusterLabelChange for i = 79 
R-CCU: sum(pointsPerCluster) = 1979 
 num [1:4] 1970 3 2 4
NULL
R-CCU: dpObj$numberClusters = 4 
List of 2
 $ : num [1, 1, 1:4] 0.302 0.552 0.698 0.684
 $ : num [1, 1, 1:4] 9.7 2.87 2.34 1.53
NULL
R priorParameters: 2 8 
R maxT: 1 
R_PriorDraw_first_mu: 0.4661738 
R_PriorDraw_first_nu: 6.030881 
R-CCU: Before ClusterLabelChange for i = 80 newLabel= 1 currentLabel= 1 
R-CCU: sum(pointsPerCluster) = 1979 
 num [1:4] 1970 3 2 4
NULL
R-CCU: After ClusterLabelChange for i = 80 
R-CCU: sum(pointsPerCluster) = 1980 
 num [1:4] 1971 3 2 4
NULL
R-CCU: dpObj$numberClusters = 4 
List of 2
 $ : num [1, 1, 1:4] 0.302 0.552 0.698 0.684
 $ : num [1, 1, 1:4] 9.7 2.87 2.34 1.53
NULL
R priorParameters: 2 8 
R maxT: 1 
R_PriorDraw_first_mu: 0.9128168 
R_PriorDraw_first_nu: 25.537 
R-CCU: Before ClusterLabelChange for i = 81 newLabel= 1 currentLabel= 1 
R-CCU: sum(pointsPerCluster) = 1980 
 num [1:4] 1971 3 2 4
NULL
R-CCU: After ClusterLabelChange for i = 81 
R-CCU: sum(pointsPerCluster) = 1981 
 num [1:4] 1972 3 2 4
NULL
R-CCU: dpObj$numberClusters = 4 
List of 2
 $ : num [1, 1, 1:4] 0.302 0.552 0.698 0.684
 $ : num [1, 1, 1:4] 9.7 2.87 2.34 1.53
NULL
R priorParameters: 2 8 
R maxT: 1 
R_PriorDraw_first_mu: 0.9914653 
R_PriorDraw_first_nu: 1.438199 
R-CCU: Before ClusterLabelChange for i = 82 newLabel= 1 currentLabel= 1 
R-CCU: sum(pointsPerCluster) = 1981 
 num [1:4] 1972 3 2 4
NULL
R-CCU: After ClusterLabelChange for i = 82 
R-CCU: sum(pointsPerCluster) = 1982 
 num [1:4] 1973 3 2 4
NULL
R-CCU: dpObj$numberClusters = 4 
List of 2
 $ : num [1, 1, 1:4] 0.302 0.552 0.698 0.684
 $ : num [1, 1, 1:4] 9.7 2.87 2.34 1.53
NULL
R priorParameters: 2 8 
R maxT: 1 
R_PriorDraw_first_mu: 0.9591446 
R_PriorDraw_first_nu: 3.991291 
R-CCU: Before ClusterLabelChange for i = 83 newLabel= 1 currentLabel= 1 
R-CCU: sum(pointsPerCluster) = 1982 
 num [1:4] 1973 3 2 4
NULL
R-CCU: After ClusterLabelChange for i = 83 
R-CCU: sum(pointsPerCluster) = 1983 
 num [1:4] 1974 3 2 4
NULL
R-CCU: dpObj$numberClusters = 4 
List of 2
 $ : num [1, 1, 1:4] 0.302 0.552 0.698 0.684
 $ : num [1, 1, 1:4] 9.7 2.87 2.34 1.53
NULL
R priorParameters: 2 8 
R maxT: 1 
R_PriorDraw_first_mu: 0.06601086 
R_PriorDraw_first_nu: 3.613446 
R-CCU: Before ClusterLabelChange for i = 84 newLabel= 1 currentLabel= 1 
R-CCU: sum(pointsPerCluster) = 1983 
 num [1:4] 1974 3 2 4
NULL
R-CCU: After ClusterLabelChange for i = 84 
R-CCU: sum(pointsPerCluster) = 1984 
 num [1:4] 1975 3 2 4
NULL
R-CCU: dpObj$numberClusters = 4 
List of 2
 $ : num [1, 1, 1:4] 0.302 0.552 0.698 0.684
 $ : num [1, 1, 1:4] 9.7 2.87 2.34 1.53
NULL
R priorParameters: 2 8 
R maxT: 1 
R_PriorDraw_first_mu: 0.944874 
R_PriorDraw_first_nu: 7.392376 
R-CCU: Before ClusterLabelChange for i = 85 newLabel= 1 currentLabel= 1 
R-CCU: sum(pointsPerCluster) = 1984 
 num [1:4] 1975 3 2 4
NULL
R-CCU: After ClusterLabelChange for i = 85 
R-CCU: sum(pointsPerCluster) = 1985 
 num [1:4] 1976 3 2 4
NULL
R-CCU: dpObj$numberClusters = 4 
List of 2
 $ : num [1, 1, 1:4] 0.302 0.552 0.698 0.684
 $ : num [1, 1, 1:4] 9.7 2.87 2.34 1.53
NULL
R priorParameters: 2 8 
R maxT: 1 
R_PriorDraw_first_mu: 0.6730322 
R_PriorDraw_first_nu: 6.003678 
R-CCU: Before ClusterLabelChange for i = 86 newLabel= 1 currentLabel= 1 
R-CCU: sum(pointsPerCluster) = 1985 
 num [1:4] 1976 3 2 4
NULL
R-CCU: After ClusterLabelChange for i = 86 
R-CCU: sum(pointsPerCluster) = 1986 
 num [1:4] 1977 3 2 4
NULL
R-CCU: dpObj$numberClusters = 4 
List of 2
 $ : num [1, 1, 1:4] 0.302 0.552 0.698 0.684
 $ : num [1, 1, 1:4] 9.7 2.87 2.34 1.53
NULL
R priorParameters: 2 8 
R maxT: 1 
R_PriorDraw_first_mu: 0.05384443 
R_PriorDraw_first_nu: 7.991289 
R-CCU: Before ClusterLabelChange for i = 87 newLabel= 1 currentLabel= 1 
R-CCU: sum(pointsPerCluster) = 1986 
 num [1:4] 1977 3 2 4
NULL
R-CCU: After ClusterLabelChange for i = 87 
R-CCU: sum(pointsPerCluster) = 1987 
 num [1:4] 1978 3 2 4
NULL
R-CCU: dpObj$numberClusters = 4 
List of 2
 $ : num [1, 1, 1:4] 0.302 0.552 0.698 0.684
 $ : num [1, 1, 1:4] 9.7 2.87 2.34 1.53
NULL
R priorParameters: 2 8 
R maxT: 1 
R_PriorDraw_first_mu: 0.1696751 
R_PriorDraw_first_nu: 2.137396 
R-CCU: Before ClusterLabelChange for i = 88 newLabel= 1 currentLabel= 1 
R-CCU: sum(pointsPerCluster) = 1987 
 num [1:4] 1978 3 2 4
NULL
R-CCU: After ClusterLabelChange for i = 88 
R-CCU: sum(pointsPerCluster) = 1988 
 num [1:4] 1979 3 2 4
NULL
R-CCU: dpObj$numberClusters = 4 
List of 2
 $ : num [1, 1, 1:4] 0.302 0.552 0.698 0.684
 $ : num [1, 1, 1:4] 9.7 2.87 2.34 1.53
NULL
R priorParameters: 2 8 
R maxT: 1 
R_PriorDraw_first_mu: 0.5867783 
R_PriorDraw_first_nu: 1.381606 
R-CCU: Before ClusterLabelChange for i = 89 newLabel= 1 currentLabel= 1 
R-CCU: sum(pointsPerCluster) = 1988 
 num [1:4] 1979 3 2 4
NULL
R-CCU: After ClusterLabelChange for i = 89 
R-CCU: sum(pointsPerCluster) = 1989 
 num [1:4] 1980 3 2 4
NULL
R-CCU: dpObj$numberClusters = 4 
List of 2
 $ : num [1, 1, 1:4] 0.302 0.552 0.698 0.684
 $ : num [1, 1, 1:4] 9.7 2.87 2.34 1.53
NULL
R priorParameters: 2 8 
R maxT: 1 
R_PriorDraw_first_mu: 0.5007016 
R_PriorDraw_first_nu: 2.451849 
R-CCU: Before ClusterLabelChange for i = 90 newLabel= 1 currentLabel= 1 
R-CCU: sum(pointsPerCluster) = 1989 
 num [1:4] 1980 3 2 4
NULL
R-CCU: After ClusterLabelChange for i = 90 
R-CCU: sum(pointsPerCluster) = 1990 
 num [1:4] 1981 3 2 4
NULL
R-CCU: dpObj$numberClusters = 4 
List of 2
 $ : num [1, 1, 1:4] 0.302 0.552 0.698 0.684
 $ : num [1, 1, 1:4] 9.7 2.87 2.34 1.53
NULL
R priorParameters: 2 8 
R maxT: 1 
R_PriorDraw_first_mu: 0.4998767 
R_PriorDraw_first_nu: 22.93397 
R-CCU: Before ClusterLabelChange for i = 91 newLabel= 1 currentLabel= 1 
R-CCU: sum(pointsPerCluster) = 1990 
 num [1:4] 1981 3 2 4
NULL
R-CCU: After ClusterLabelChange for i = 91 
R-CCU: sum(pointsPerCluster) = 1991 
 num [1:4] 1982 3 2 4
NULL
R-CCU: dpObj$numberClusters = 4 
List of 2
 $ : num [1, 1, 1:4] 0.302 0.552 0.698 0.684
 $ : num [1, 1, 1:4] 9.7 2.87 2.34 1.53
NULL
R priorParameters: 2 8 
R maxT: 1 
R_PriorDraw_first_mu: 0.3571278 
R_PriorDraw_first_nu: 13.94312 
R-CCU: Before ClusterLabelChange for i = 92 newLabel= 1 currentLabel= 1 
R-CCU: sum(pointsPerCluster) = 1991 
 num [1:4] 1982 3 2 4
NULL
R-CCU: After ClusterLabelChange for i = 92 
R-CCU: sum(pointsPerCluster) = 1992 
 num [1:4] 1983 3 2 4
NULL
R-CCU: dpObj$numberClusters = 4 
List of 2
 $ : num [1, 1, 1:4] 0.302 0.552 0.698 0.684
 $ : num [1, 1, 1:4] 9.7 2.87 2.34 1.53
NULL
R priorParameters: 2 8 
R maxT: 1 
R_PriorDraw_first_mu: 0.6561826 
R_PriorDraw_first_nu: 4.521403 
R-CCU: Before ClusterLabelChange for i = 93 newLabel= 1 currentLabel= 1 
R-CCU: sum(pointsPerCluster) = 1992 
 num [1:4] 1983 3 2 4
NULL
R-CCU: After ClusterLabelChange for i = 93 
R-CCU: sum(pointsPerCluster) = 1993 
 num [1:4] 1984 3 2 4
NULL
R-CCU: dpObj$numberClusters = 4 
List of 2
 $ : num [1, 1, 1:4] 0.302 0.552 0.698 0.684
 $ : num [1, 1, 1:4] 9.7 2.87 2.34 1.53
NULL
R priorParameters: 2 8 
R maxT: 1 
R_PriorDraw_first_mu: 0.1527815 
R_PriorDraw_first_nu: 1.784329 
R-CCU: Before ClusterLabelChange for i = 94 newLabel= 1 currentLabel= 1 
R-CCU: sum(pointsPerCluster) = 1993 
 num [1:4] 1984 3 2 4
NULL
R-CCU: After ClusterLabelChange for i = 94 
R-CCU: sum(pointsPerCluster) = 1994 
 num [1:4] 1985 3 2 4
NULL
R-CCU: dpObj$numberClusters = 4 
List of 2
 $ : num [1, 1, 1:4] 0.302 0.552 0.698 0.684
 $ : num [1, 1, 1:4] 9.7 2.87 2.34 1.53
NULL
R priorParameters: 2 8 
R maxT: 1 
R_PriorDraw_first_mu: 0.3297012 
R_PriorDraw_first_nu: 23.06227 
R-CCU: Before ClusterLabelChange for i = 95 newLabel= 1 currentLabel= 1 
R-CCU: sum(pointsPerCluster) = 1994 
 num [1:4] 1985 3 2 4
NULL
R-CCU: After ClusterLabelChange for i = 95 
R-CCU: sum(pointsPerCluster) = 1995 
 num [1:4] 1986 3 2 4
NULL
R-CCU: dpObj$numberClusters = 4 
List of 2
 $ : num [1, 1, 1:4] 0.302 0.552 0.698 0.684
 $ : num [1, 1, 1:4] 9.7 2.87 2.34 1.53
NULL
R priorParameters: 2 8 
R maxT: 1 
R_PriorDraw_first_mu: 0.3936493 
R_PriorDraw_first_nu: 8.416868 
R-CCU: Before ClusterLabelChange for i = 96 newLabel= 1 currentLabel= 1 
R-CCU: sum(pointsPerCluster) = 1995 
 num [1:4] 1986 3 2 4
NULL
R-CCU: After ClusterLabelChange for i = 96 
R-CCU: sum(pointsPerCluster) = 1996 
 num [1:4] 1987 3 2 4
NULL
R-CCU: dpObj$numberClusters = 4 
List of 2
 $ : num [1, 1, 1:4] 0.302 0.552 0.698 0.684
 $ : num [1, 1, 1:4] 9.7 2.87 2.34 1.53
NULL
R priorParameters: 2 8 
R maxT: 1 
R_PriorDraw_first_mu: 0.9963005 
R_PriorDraw_first_nu: 9.343747 
R-CCU: Before ClusterLabelChange for i = 97 newLabel= 1 currentLabel= 1 
R-CCU: sum(pointsPerCluster) = 1996 
 num [1:4] 1987 3 2 4
NULL
R-CCU: After ClusterLabelChange for i = 97 
R-CCU: sum(pointsPerCluster) = 1997 
 num [1:4] 1988 3 2 4
NULL
R-CCU: dpObj$numberClusters = 4 
List of 2
 $ : num [1, 1, 1:4] 0.302 0.552 0.698 0.684
 $ : num [1, 1, 1:4] 9.7 2.87 2.34 1.53
NULL
R priorParameters: 2 8 
R maxT: 1 
R_PriorDraw_first_mu: 0.1441804 
R_PriorDraw_first_nu: 6.532736 
R-CCU: Before ClusterLabelChange for i = 98 newLabel= 1 currentLabel= 1 
R-CCU: sum(pointsPerCluster) = 1997 
 num [1:4] 1988 3 2 4
NULL
R-CCU: After ClusterLabelChange for i = 98 
R-CCU: sum(pointsPerCluster) = 1998 
 num [1:4] 1989 3 2 4
NULL
R-CCU: dpObj$numberClusters = 4 
List of 2
 $ : num [1, 1, 1:4] 0.302 0.552 0.698 0.684
 $ : num [1, 1, 1:4] 9.7 2.87 2.34 1.53
NULL
R priorParameters: 2 8 
R maxT: 1 
R_PriorDraw_first_mu: 0.4394184 
R_PriorDraw_first_nu: 3.094966 
R-CCU: Before ClusterLabelChange for i = 99 newLabel= 1 currentLabel= 1 
R-CCU: sum(pointsPerCluster) = 1998 
 num [1:4] 1989 3 2 4
NULL
R-CCU: After ClusterLabelChange for i = 99 
R-CCU: sum(pointsPerCluster) = 1999 
 num [1:4] 1990 3 2 4
NULL
R-CCU: dpObj$numberClusters = 4 
List of 2
 $ : num [1, 1, 1:4] 0.302 0.552 0.698 0.684
 $ : num [1, 1, 1:4] 9.7 2.87 2.34 1.53
NULL
R priorParameters: 2 8 
R maxT: 1 
R_PriorDraw_first_mu: 0.6523272 
R_PriorDraw_first_nu: 2.210209 
R-CCU: Before ClusterLabelChange for i = 100 newLabel= 1 currentLabel= 1 
R-CCU: sum(pointsPerCluster) = 1999 
 num [1:4] 1990 3 2 4
NULL
R-CCU: After ClusterLabelChange for i = 100 
R-CCU: sum(pointsPerCluster) = 2000 
 num [1:4] 1991 3 2 4
NULL
R-CCU: dpObj$numberClusters = 4 
List of 2
 $ : num [1, 1, 1:4] 0.302 0.552 0.698 0.684
 $ : num [1, 1, 1:4] 9.7 2.87 2.34 1.53
NULL
R priorParameters: 2 8 
R maxT: 1 
R_PriorDraw_first_mu: 0.07307212 
R_PriorDraw_first_nu: 5.654369 
R-CCU: Before ClusterLabelChange for i = 1 newLabel= 1 currentLabel= 1 
R-CCU: sum(pointsPerCluster) = 2000 
 num [1:4] 1991 3 2 4
NULL
R-CCU: After ClusterLabelChange for i = 1 
R-CCU: sum(pointsPerCluster) = 2001 
 num [1:4] 1992 3 2 4
NULL
R-CCU: dpObj$numberClusters = 4 
List of 2
 $ : num [1, 1, 1:4] 0.318 0.552 0.462 0.684
 $ : num [1, 1, 1:4] 10.57 2.87 5.8 1.53
NULL
R priorParameters: 2 8 
R maxT: 1 
R_PriorDraw_first_mu: 0.9121895 
R_PriorDraw_first_nu: 54.38665 
R-CCU: Before ClusterLabelChange for i = 2 newLabel= 1 currentLabel= 1 
R-CCU: sum(pointsPerCluster) = 2001 
 num [1:4] 1992 3 2 4
NULL
R-CCU: After ClusterLabelChange for i = 2 
R-CCU: sum(pointsPerCluster) = 2002 
 num [1:4] 1993 3 2 4
NULL
R-CCU: dpObj$numberClusters = 4 
List of 2
 $ : num [1, 1, 1:4] 0.318 0.552 0.462 0.684
 $ : num [1, 1, 1:4] 10.57 2.87 5.8 1.53
NULL
R priorParameters: 2 8 
R maxT: 1 
R_PriorDraw_first_mu: 0.8522031 
R_PriorDraw_first_nu: 16.37361 
R-CCU: Before ClusterLabelChange for i = 3 newLabel= 1 currentLabel= 1 
R-CCU: sum(pointsPerCluster) = 2002 
 num [1:4] 1993 3 2 4
NULL
R-CCU: After ClusterLabelChange for i = 3 
R-CCU: sum(pointsPerCluster) = 2003 
 num [1:4] 1994 3 2 4
NULL
R-CCU: dpObj$numberClusters = 4 
List of 2
 $ : num [1, 1, 1:4] 0.318 0.552 0.462 0.684
 $ : num [1, 1, 1:4] 10.57 2.87 5.8 1.53
NULL
R priorParameters: 2 8 
R maxT: 1 
R_PriorDraw_first_mu: 0.1036054 
R_PriorDraw_first_nu: 2.727039 
R-CCU: Before ClusterLabelChange for i = 4 newLabel= 1 currentLabel= 1 
R-CCU: sum(pointsPerCluster) = 2003 
 num [1:4] 1994 3 2 4
NULL
R-CCU: After ClusterLabelChange for i = 4 
R-CCU: sum(pointsPerCluster) = 2004 
 num [1:4] 1995 3 2 4
NULL
R-CCU: dpObj$numberClusters = 4 
List of 2
 $ : num [1, 1, 1:4] 0.318 0.552 0.462 0.684
 $ : num [1, 1, 1:4] 10.57 2.87 5.8 1.53
NULL
R priorParameters: 2 8 
R maxT: 1 
R_PriorDraw_first_mu: 0.9398241 
R_PriorDraw_first_nu: 2.704858 
R-CCU: Before ClusterLabelChange for i = 5 newLabel= 1 currentLabel= 1 
R-CCU: sum(pointsPerCluster) = 2004 
 num [1:4] 1995 3 2 4
NULL
R-CCU: After ClusterLabelChange for i = 5 
R-CCU: sum(pointsPerCluster) = 2005 
 num [1:4] 1996 3 2 4
NULL
R-CCU: dpObj$numberClusters = 4 
List of 2
 $ : num [1, 1, 1:4] 0.318 0.552 0.462 0.684
 $ : num [1, 1, 1:4] 10.57 2.87 5.8 1.53
NULL
R priorParameters: 2 8 
R maxT: 1 
R_PriorDraw_first_mu: 0.6603844 
R_PriorDraw_first_nu: 6.231463 
R-CCU: Before ClusterLabelChange for i = 6 newLabel= 1 currentLabel= 1 
R-CCU: sum(pointsPerCluster) = 2005 
 num [1:4] 1996 3 2 4
NULL
R-CCU: After ClusterLabelChange for i = 6 
R-CCU: sum(pointsPerCluster) = 2006 
 num [1:4] 1997 3 2 4
NULL
R-CCU: dpObj$numberClusters = 4 
List of 2
 $ : num [1, 1, 1:4] 0.318 0.552 0.462 0.684
 $ : num [1, 1, 1:4] 10.57 2.87 5.8 1.53
NULL
R priorParameters: 2 8 
R maxT: 1 
R_PriorDraw_first_mu: 0.7280179 
R_PriorDraw_first_nu: 2.051777 
R-CCU: Before ClusterLabelChange for i = 7 newLabel= 1 currentLabel= 1 
R-CCU: sum(pointsPerCluster) = 2006 
 num [1:4] 1997 3 2 4
NULL
R-CCU: After ClusterLabelChange for i = 7 
R-CCU: sum(pointsPerCluster) = 2007 
 num [1:4] 1998 3 2 4
NULL
R-CCU: dpObj$numberClusters = 4 
List of 2
 $ : num [1, 1, 1:4] 0.318 0.552 0.462 0.684
 $ : num [1, 1, 1:4] 10.57 2.87 5.8 1.53
NULL
R priorParameters: 2 8 
R maxT: 1 
R_PriorDraw_first_mu: 0.1343101 
R_PriorDraw_first_nu: 13.47487 
R-CCU: Before ClusterLabelChange for i = 8 newLabel= 1 currentLabel= 1 
R-CCU: sum(pointsPerCluster) = 2007 
 num [1:4] 1998 3 2 4
NULL
R-CCU: After ClusterLabelChange for i = 8 
R-CCU: sum(pointsPerCluster) = 2008 
 num [1:4] 1999 3 2 4
NULL
R-CCU: dpObj$numberClusters = 4 
List of 2
 $ : num [1, 1, 1:4] 0.318 0.552 0.462 0.684
 $ : num [1, 1, 1:4] 10.57 2.87 5.8 1.53
NULL
R priorParameters: 2 8 
R maxT: 1 
R_PriorDraw_first_mu: 0.6867204 
R_PriorDraw_first_nu: 2.627845 
R-CCU: Before ClusterLabelChange for i = 9 newLabel= 1 currentLabel= 1 
R-CCU: sum(pointsPerCluster) = 2008 
 num [1:4] 1999 3 2 4
NULL
R-CCU: After ClusterLabelChange for i = 9 
R-CCU: sum(pointsPerCluster) = 2009 
 num [1:4] 2000 3 2 4
NULL
R-CCU: dpObj$numberClusters = 4 
List of 2
 $ : num [1, 1, 1:4] 0.318 0.552 0.462 0.684
 $ : num [1, 1, 1:4] 10.57 2.87 5.8 1.53
NULL
R priorParameters: 2 8 
R maxT: 1 
R_PriorDraw_first_mu: 0.1234361 
R_PriorDraw_first_nu: 2.984022 
R-CCU: Before ClusterLabelChange for i = 10 newLabel= 1 currentLabel= 1 
R-CCU: sum(pointsPerCluster) = 2009 
 num [1:4] 2000 3 2 4
NULL
R-CCU: After ClusterLabelChange for i = 10 
R-CCU: sum(pointsPerCluster) = 2010 
 num [1:4] 2001 3 2 4
NULL
R-CCU: dpObj$numberClusters = 4 
List of 2
 $ : num [1, 1, 1:4] 0.318 0.552 0.462 0.684
 $ : num [1, 1, 1:4] 10.57 2.87 5.8 1.53
NULL
R priorParameters: 2 8 
R maxT: 1 
R_PriorDraw_first_mu: 0.4028898 
R_PriorDraw_first_nu: 1.704169 
R-CCU: Before ClusterLabelChange for i = 11 newLabel= 1 currentLabel= 1 
R-CCU: sum(pointsPerCluster) = 2010 
 num [1:4] 2001 3 2 4
NULL
R-CCU: After ClusterLabelChange for i = 11 
R-CCU: sum(pointsPerCluster) = 2011 
 num [1:4] 2002 3 2 4
NULL
R-CCU: dpObj$numberClusters = 4 
List of 2
 $ : num [1, 1, 1:4] 0.318 0.552 0.462 0.684
 $ : num [1, 1, 1:4] 10.57 2.87 5.8 1.53
NULL
R priorParameters: 2 8 
R maxT: 1 
R_PriorDraw_first_mu: 0.2159064 
R_PriorDraw_first_nu: 3.145121 
R-CCU: Before ClusterLabelChange for i = 12 newLabel= 1 currentLabel= 1 
R-CCU: sum(pointsPerCluster) = 2011 
 num [1:4] 2002 3 2 4
NULL
R-CCU: After ClusterLabelChange for i = 12 
R-CCU: sum(pointsPerCluster) = 2012 
 num [1:4] 2003 3 2 4
NULL
R-CCU: dpObj$numberClusters = 4 
List of 2
 $ : num [1, 1, 1:4] 0.318 0.552 0.462 0.684
 $ : num [1, 1, 1:4] 10.57 2.87 5.8 1.53
NULL
R priorParameters: 2 8 
R maxT: 1 
R_PriorDraw_first_mu: 0.2331545 
R_PriorDraw_first_nu: 8.263141 
R-CCU: Before ClusterLabelChange for i = 13 newLabel= 1 currentLabel= 1 
R-CCU: sum(pointsPerCluster) = 2012 
 num [1:4] 2003 3 2 4
NULL
R-CCU: After ClusterLabelChange for i = 13 
R-CCU: sum(pointsPerCluster) = 2013 
 num [1:4] 2004 3 2 4
NULL
R-CCU: dpObj$numberClusters = 4 
List of 2
 $ : num [1, 1, 1:4] 0.318 0.552 0.462 0.684
 $ : num [1, 1, 1:4] 10.57 2.87 5.8 1.53
NULL
R priorParameters: 2 8 
R maxT: 1 
R_PriorDraw_first_mu: 0.06213198 
R_PriorDraw_first_nu: 1.644948 
R-CCU: Before ClusterLabelChange for i = 14 newLabel= 1 currentLabel= 1 
R-CCU: sum(pointsPerCluster) = 2013 
 num [1:4] 2004 3 2 4
NULL
R-CCU: After ClusterLabelChange for i = 14 
R-CCU: sum(pointsPerCluster) = 2014 
 num [1:4] 2005 3 2 4
NULL
R-CCU: dpObj$numberClusters = 4 
List of 2
 $ : num [1, 1, 1:4] 0.318 0.552 0.462 0.684
 $ : num [1, 1, 1:4] 10.57 2.87 5.8 1.53
NULL
R priorParameters: 2 8 
R maxT: 1 
R_PriorDraw_first_mu: 0.7995423 
R_PriorDraw_first_nu: 5.554118 
R-CCU: Before ClusterLabelChange for i = 15 newLabel= 1 currentLabel= 1 
R-CCU: sum(pointsPerCluster) = 2014 
 num [1:4] 2005 3 2 4
NULL
R-CCU: After ClusterLabelChange for i = 15 
R-CCU: sum(pointsPerCluster) = 2015 
 num [1:4] 2006 3 2 4
NULL
R-CCU: dpObj$numberClusters = 4 
List of 2
 $ : num [1, 1, 1:4] 0.318 0.552 0.462 0.684
 $ : num [1, 1, 1:4] 10.57 2.87 5.8 1.53
NULL
R priorParameters: 2 8 
R maxT: 1 
R_PriorDraw_first_mu: 0.4889433 
R_PriorDraw_first_nu: 10.93367 
R-CCU: Before ClusterLabelChange for i = 16 newLabel= 1 currentLabel= 1 
R-CCU: sum(pointsPerCluster) = 2015 
 num [1:4] 2006 3 2 4
NULL
R-CCU: After ClusterLabelChange for i = 16 
R-CCU: sum(pointsPerCluster) = 2016 
 num [1:4] 2007 3 2 4
NULL
R-CCU: dpObj$numberClusters = 4 
List of 2
 $ : num [1, 1, 1:4] 0.318 0.552 0.462 0.684
 $ : num [1, 1, 1:4] 10.57 2.87 5.8 1.53
NULL
R priorParameters: 2 8 
R maxT: 1 
R_PriorDraw_first_mu: 0.4849125 
R_PriorDraw_first_nu: 5.373018 
R-CCU: Before ClusterLabelChange for i = 17 newLabel= 1 currentLabel= 1 
R-CCU: sum(pointsPerCluster) = 2016 
 num [1:4] 2007 3 2 4
NULL
R-CCU: After ClusterLabelChange for i = 17 
R-CCU: sum(pointsPerCluster) = 2017 
 num [1:4] 2008 3 2 4
NULL
R-CCU: dpObj$numberClusters = 4 
List of 2
 $ : num [1, 1, 1:4] 0.318 0.552 0.462 0.684
 $ : num [1, 1, 1:4] 10.57 2.87 5.8 1.53
NULL
R priorParameters: 2 8 
R maxT: 1 
R_PriorDraw_first_mu: 0.6916529 
R_PriorDraw_first_nu: 3.221479 
R-CCU: Before ClusterLabelChange for i = 18 newLabel= 1 currentLabel= 1 
R-CCU: sum(pointsPerCluster) = 2017 
 num [1:4] 2008 3 2 4
NULL
R-CCU: After ClusterLabelChange for i = 18 
R-CCU: sum(pointsPerCluster) = 2018 
 num [1:4] 2009 3 2 4
NULL
R-CCU: dpObj$numberClusters = 4 
List of 2
 $ : num [1, 1, 1:4] 0.318 0.552 0.462 0.684
 $ : num [1, 1, 1:4] 10.57 2.87 5.8 1.53
NULL
R priorParameters: 2 8 
R maxT: 1 
R_PriorDraw_first_mu: 0.1796131 
R_PriorDraw_first_nu: 2.963731 
R-CCU: Before ClusterLabelChange for i = 19 newLabel= 1 currentLabel= 1 
R-CCU: sum(pointsPerCluster) = 2018 
 num [1:4] 2009 3 2 4
NULL
R-CCU: After ClusterLabelChange for i = 19 
R-CCU: sum(pointsPerCluster) = 2019 
 num [1:4] 2010 3 2 4
NULL
R-CCU: dpObj$numberClusters = 4 
List of 2
 $ : num [1, 1, 1:4] 0.318 0.552 0.462 0.684
 $ : num [1, 1, 1:4] 10.57 2.87 5.8 1.53
NULL
R priorParameters: 2 8 
R maxT: 1 
R_PriorDraw_first_mu: 0.7269549 
R_PriorDraw_first_nu: 6.291758 
R-CCU: Before ClusterLabelChange for i = 20 newLabel= 1 currentLabel= 1 
R-CCU: sum(pointsPerCluster) = 2019 
 num [1:4] 2010 3 2 4
NULL
R-CCU: After ClusterLabelChange for i = 20 
R-CCU: sum(pointsPerCluster) = 2020 
 num [1:4] 2011 3 2 4
NULL
R-CCU: dpObj$numberClusters = 4 
List of 2
 $ : num [1, 1, 1:4] 0.318 0.552 0.462 0.684
 $ : num [1, 1, 1:4] 10.57 2.87 5.8 1.53
NULL
R priorParameters: 2 8 
R maxT: 1 
R_PriorDraw_first_mu: 0.2929856 
R_PriorDraw_first_nu: 6.171446 
R-CCU: Before ClusterLabelChange for i = 21 newLabel= 1 currentLabel= 1 
R-CCU: sum(pointsPerCluster) = 2020 
 num [1:4] 2011 3 2 4
NULL
R-CCU: After ClusterLabelChange for i = 21 
R-CCU: sum(pointsPerCluster) = 2021 
 num [1:4] 2012 3 2 4
NULL
R-CCU: dpObj$numberClusters = 4 
List of 2
 $ : num [1, 1, 1:4] 0.318 0.552 0.462 0.684
 $ : num [1, 1, 1:4] 10.57 2.87 5.8 1.53
NULL
R priorParameters: 2 8 
R maxT: 1 
R_PriorDraw_first_mu: 0.633903 
R_PriorDraw_first_nu: 2.289256 
R-CCU: Before ClusterLabelChange for i = 22 newLabel= 1 currentLabel= 1 
R-CCU: sum(pointsPerCluster) = 2021 
 num [1:4] 2012 3 2 4
NULL
R-CCU: After ClusterLabelChange for i = 22 
R-CCU: sum(pointsPerCluster) = 2022 
 num [1:4] 2013 3 2 4
NULL
R-CCU: dpObj$numberClusters = 4 
List of 2
 $ : num [1, 1, 1:4] 0.318 0.552 0.462 0.684
 $ : num [1, 1, 1:4] 10.57 2.87 5.8 1.53
NULL
R priorParameters: 2 8 
R maxT: 1 
R_PriorDraw_first_mu: 0.5929792 
R_PriorDraw_first_nu: 13.48663 
R-CCU: Before ClusterLabelChange for i = 23 newLabel= 1 currentLabel= 1 
R-CCU: sum(pointsPerCluster) = 2022 
 num [1:4] 2013 3 2 4
NULL
R-CCU: After ClusterLabelChange for i = 23 
R-CCU: sum(pointsPerCluster) = 2023 
 num [1:4] 2014 3 2 4
NULL
R-CCU: dpObj$numberClusters = 4 
List of 2
 $ : num [1, 1, 1:4] 0.318 0.552 0.462 0.684
 $ : num [1, 1, 1:4] 10.57 2.87 5.8 1.53
NULL
R priorParameters: 2 8 
R maxT: 1 
R_PriorDraw_first_mu: 0.1278053 
R_PriorDraw_first_nu: 15.60823 
R-CCU: Before ClusterLabelChange for i = 24 newLabel= 1 currentLabel= 1 
R-CCU: sum(pointsPerCluster) = 2023 
 num [1:4] 2014 3 2 4
NULL
R-CCU: After ClusterLabelChange for i = 24 
R-CCU: sum(pointsPerCluster) = 2024 
 num [1:4] 2015 3 2 4
NULL
R-CCU: dpObj$numberClusters = 4 
List of 2
 $ : num [1, 1, 1:4] 0.318 0.552 0.462 0.684
 $ : num [1, 1, 1:4] 10.57 2.87 5.8 1.53
NULL
R priorParameters: 2 8 
R maxT: 1 
R_PriorDraw_first_mu: 0.721008 
R_PriorDraw_first_nu: 2.024069 
R-CCU: Before ClusterLabelChange for i = 25 newLabel= 1 currentLabel= 1 
R-CCU: sum(pointsPerCluster) = 2024 
 num [1:4] 2015 3 2 4
NULL
R-CCU: After ClusterLabelChange for i = 25 
R-CCU: sum(pointsPerCluster) = 2025 
 num [1:4] 2016 3 2 4
NULL
R-CCU: dpObj$numberClusters = 4 
List of 2
 $ : num [1, 1, 1:4] 0.318 0.552 0.462 0.684
 $ : num [1, 1, 1:4] 10.57 2.87 5.8 1.53
NULL
R priorParameters: 2 8 
R maxT: 1 
R_PriorDraw_first_mu: 0.6610538 
R_PriorDraw_first_nu: 5.30274 
R-CCU: Before ClusterLabelChange for i = 26 newLabel= 1 currentLabel= 1 
R-CCU: sum(pointsPerCluster) = 2025 
 num [1:4] 2016 3 2 4
NULL
R-CCU: After ClusterLabelChange for i = 26 
R-CCU: sum(pointsPerCluster) = 2026 
 num [1:4] 2017 3 2 4
NULL
R-CCU: dpObj$numberClusters = 4 
List of 2
 $ : num [1, 1, 1:4] 0.318 0.552 0.462 0.684
 $ : num [1, 1, 1:4] 10.57 2.87 5.8 1.53
NULL
R priorParameters: 2 8 
R maxT: 1 
R_PriorDraw_first_mu: 0.9358331 
R_PriorDraw_first_nu: 8.067817 
R-CCU: Before ClusterLabelChange for i = 27 newLabel= 1 currentLabel= 1 
R-CCU: sum(pointsPerCluster) = 2026 
 num [1:4] 2017 3 2 4
NULL
R-CCU: After ClusterLabelChange for i = 27 
R-CCU: sum(pointsPerCluster) = 2027 
 num [1:4] 2018 3 2 4
NULL
R-CCU: dpObj$numberClusters = 4 
List of 2
 $ : num [1, 1, 1:4] 0.318 0.552 0.462 0.684
 $ : num [1, 1, 1:4] 10.57 2.87 5.8 1.53
NULL
R priorParameters: 2 8 
R maxT: 1 
R_PriorDraw_first_mu: 0.6827804 
R_PriorDraw_first_nu: 3.763955 
R-CCU: Before ClusterLabelChange for i = 28 newLabel= 1 currentLabel= 1 
R-CCU: sum(pointsPerCluster) = 2027 
 num [1:4] 2018 3 2 4
NULL
R-CCU: After ClusterLabelChange for i = 28 
R-CCU: sum(pointsPerCluster) = 2028 
 num [1:4] 2019 3 2 4
NULL
R-CCU: dpObj$numberClusters = 4 
List of 2
 $ : num [1, 1, 1:4] 0.318 0.552 0.462 0.684
 $ : num [1, 1, 1:4] 10.57 2.87 5.8 1.53
NULL
R priorParameters: 2 8 
R maxT: 1 
R_PriorDraw_first_mu: 0.9669877 
R_PriorDraw_first_nu: 6.323166 
R-CCU: Before ClusterLabelChange for i = 29 newLabel= 1 currentLabel= 1 
R-CCU: sum(pointsPerCluster) = 2028 
 num [1:4] 2019 3 2 4
NULL
R-CCU: After ClusterLabelChange for i = 29 
R-CCU: sum(pointsPerCluster) = 2029 
 num [1:4] 2020 3 2 4
NULL
R-CCU: dpObj$numberClusters = 4 
List of 2
 $ : num [1, 1, 1:4] 0.318 0.552 0.462 0.684
 $ : num [1, 1, 1:4] 10.57 2.87 5.8 1.53
NULL
R priorParameters: 2 8 
R maxT: 1 
R_PriorDraw_first_mu: 0.1525017 
R_PriorDraw_first_nu: 9.417175 
R-CCU: Before ClusterLabelChange for i = 30 newLabel= 1 currentLabel= 1 
R-CCU: sum(pointsPerCluster) = 2029 
 num [1:4] 2020 3 2 4
NULL
R-CCU: After ClusterLabelChange for i = 30 
R-CCU: sum(pointsPerCluster) = 2030 
 num [1:4] 2021 3 2 4
NULL
R-CCU: dpObj$numberClusters = 4 
List of 2
 $ : num [1, 1, 1:4] 0.318 0.552 0.462 0.684
 $ : num [1, 1, 1:4] 10.57 2.87 5.8 1.53
NULL
R priorParameters: 2 8 
R maxT: 1 
R_PriorDraw_first_mu: 0.3143691 
R_PriorDraw_first_nu: 2.930692 
R-CCU: Before ClusterLabelChange for i = 31 newLabel= 1 currentLabel= 1 
R-CCU: sum(pointsPerCluster) = 2030 
 num [1:4] 2021 3 2 4
NULL
R-CCU: After ClusterLabelChange for i = 31 
R-CCU: sum(pointsPerCluster) = 2031 
 num [1:4] 2022 3 2 4
NULL
R-CCU: dpObj$numberClusters = 4 
List of 2
 $ : num [1, 1, 1:4] 0.318 0.552 0.462 0.684
 $ : num [1, 1, 1:4] 10.57 2.87 5.8 1.53
NULL
R priorParameters: 2 8 
R maxT: 1 
R_PriorDraw_first_mu: 0.07547834 
R_PriorDraw_first_nu: 8.612413 
R-CCU: Before ClusterLabelChange for i = 32 newLabel= 1 currentLabel= 1 
R-CCU: sum(pointsPerCluster) = 2031 
 num [1:4] 2022 3 2 4
NULL
R-CCU: After ClusterLabelChange for i = 32 
R-CCU: sum(pointsPerCluster) = 2032 
 num [1:4] 2023 3 2 4
NULL
R-CCU: dpObj$numberClusters = 4 
List of 2
 $ : num [1, 1, 1:4] 0.318 0.552 0.462 0.684
 $ : num [1, 1, 1:4] 10.57 2.87 5.8 1.53
NULL
R priorParameters: 2 8 
R maxT: 1 
R_PriorDraw_first_mu: 0.6058533 
R_PriorDraw_first_nu: 3.128864 
R-CCU: Before ClusterLabelChange for i = 33 newLabel= 1 currentLabel= 1 
R-CCU: sum(pointsPerCluster) = 2032 
 num [1:4] 2023 3 2 4
NULL
R-CCU: After ClusterLabelChange for i = 33 
R-CCU: sum(pointsPerCluster) = 2033 
 num [1:4] 2024 3 2 4
NULL
R-CCU: dpObj$numberClusters = 4 
List of 2
 $ : num [1, 1, 1:4] 0.318 0.552 0.462 0.684
 $ : num [1, 1, 1:4] 10.57 2.87 5.8 1.53
NULL
R priorParameters: 2 8 
R maxT: 1 
R_PriorDraw_first_mu: 0.2598552 
R_PriorDraw_first_nu: 8.987486 
R-CCU: Before ClusterLabelChange for i = 34 newLabel= 1 currentLabel= 1 
R-CCU: sum(pointsPerCluster) = 2033 
 num [1:4] 2024 3 2 4
NULL
R-CCU: After ClusterLabelChange for i = 34 
R-CCU: sum(pointsPerCluster) = 2034 
 num [1:4] 2025 3 2 4
NULL
R-CCU: dpObj$numberClusters = 4 
List of 2
 $ : num [1, 1, 1:4] 0.318 0.552 0.462 0.684
 $ : num [1, 1, 1:4] 10.57 2.87 5.8 1.53
NULL
R priorParameters: 2 8 
R maxT: 1 
R_PriorDraw_first_mu: 0.6373194 
R_PriorDraw_first_nu: 7.509324 
R-CCU: Before ClusterLabelChange for i = 35 newLabel= 1 currentLabel= 1 
R-CCU: sum(pointsPerCluster) = 2034 
 num [1:4] 2025 3 2 4
NULL
R-CCU: After ClusterLabelChange for i = 35 
R-CCU: sum(pointsPerCluster) = 2035 
 num [1:4] 2026 3 2 4
NULL
R-CCU: dpObj$numberClusters = 4 
List of 2
 $ : num [1, 1, 1:4] 0.318 0.552 0.462 0.684
 $ : num [1, 1, 1:4] 10.57 2.87 5.8 1.53
NULL
R priorParameters: 2 8 
R maxT: 1 
R_PriorDraw_first_mu: 0.7209324 
R_PriorDraw_first_nu: 6.197253 
R-CCU: Before ClusterLabelChange for i = 36 newLabel= 1 currentLabel= 1 
R-CCU: sum(pointsPerCluster) = 2035 
 num [1:4] 2026 3 2 4
NULL
R-CCU: After ClusterLabelChange for i = 36 
R-CCU: sum(pointsPerCluster) = 2036 
 num [1:4] 2027 3 2 4
NULL
R-CCU: dpObj$numberClusters = 4 
List of 2
 $ : num [1, 1, 1:4] 0.318 0.552 0.462 0.684
 $ : num [1, 1, 1:4] 10.57 2.87 5.8 1.53
NULL
R priorParameters: 2 8 
R maxT: 1 
R_PriorDraw_first_mu: 0.1284131 
R_PriorDraw_first_nu: 7.196277 
R-CCU: Before ClusterLabelChange for i = 37 newLabel= 1 currentLabel= 1 
R-CCU: sum(pointsPerCluster) = 2036 
 num [1:4] 2027 3 2 4
NULL
R-CCU: After ClusterLabelChange for i = 37 
R-CCU: sum(pointsPerCluster) = 2037 
 num [1:4] 2028 3 2 4
NULL
R-CCU: dpObj$numberClusters = 4 
List of 2
 $ : num [1, 1, 1:4] 0.318 0.552 0.462 0.684
 $ : num [1, 1, 1:4] 10.57 2.87 5.8 1.53
NULL
R priorParameters: 2 8 
R maxT: 1 
R_PriorDraw_first_mu: 0.9704164 
R_PriorDraw_first_nu: 4.390722 
R-CCU: Before ClusterLabelChange for i = 38 newLabel= 1 currentLabel= 1 
R-CCU: sum(pointsPerCluster) = 2037 
 num [1:4] 2028 3 2 4
NULL
R-CCU: After ClusterLabelChange for i = 38 
R-CCU: sum(pointsPerCluster) = 2038 
 num [1:4] 2029 3 2 4
NULL
R-CCU: dpObj$numberClusters = 4 
List of 2
 $ : num [1, 1, 1:4] 0.318 0.552 0.462 0.684
 $ : num [1, 1, 1:4] 10.57 2.87 5.8 1.53
NULL
R priorParameters: 2 8 
R maxT: 1 
R_PriorDraw_first_mu: 0.6487344 
R_PriorDraw_first_nu: 9.109506 
R-CCU: Before ClusterLabelChange for i = 39 newLabel= 1 currentLabel= 1 
R-CCU: sum(pointsPerCluster) = 2038 
 num [1:4] 2029 3 2 4
NULL
R-CCU: After ClusterLabelChange for i = 39 
R-CCU: sum(pointsPerCluster) = 2039 
 num [1:4] 2030 3 2 4
NULL
R-CCU: dpObj$numberClusters = 4 
List of 2
 $ : num [1, 1, 1:4] 0.318 0.552 0.462 0.684
 $ : num [1, 1, 1:4] 10.57 2.87 5.8 1.53
NULL
R priorParameters: 2 8 
R maxT: 1 
R_PriorDraw_first_mu: 0.3562135 
R_PriorDraw_first_nu: 7.193379 
R-CCU: Before ClusterLabelChange for i = 40 newLabel= 1 currentLabel= 1 
R-CCU: sum(pointsPerCluster) = 2039 
 num [1:4] 2030 3 2 4
NULL
R-CCU: After ClusterLabelChange for i = 40 
R-CCU: sum(pointsPerCluster) = 2040 
 num [1:4] 2031 3 2 4
NULL
R-CCU: dpObj$numberClusters = 4 
List of 2
 $ : num [1, 1, 1:4] 0.318 0.552 0.462 0.684
 $ : num [1, 1, 1:4] 10.57 2.87 5.8 1.53
NULL
R priorParameters: 2 8 
R maxT: 1 
R_PriorDraw_first_mu: 0.4795029 
R_PriorDraw_first_nu: 12.16548 
R-CCU: Before ClusterLabelChange for i = 41 newLabel= 1 currentLabel= 1 
R-CCU: sum(pointsPerCluster) = 2040 
 num [1:4] 2031 3 2 4
NULL
R-CCU: After ClusterLabelChange for i = 41 
R-CCU: sum(pointsPerCluster) = 2041 
 num [1:4] 2032 3 2 4
NULL
R-CCU: dpObj$numberClusters = 4 
List of 2
 $ : num [1, 1, 1:4] 0.318 0.552 0.462 0.684
 $ : num [1, 1, 1:4] 10.57 2.87 5.8 1.53
NULL
R priorParameters: 2 8 
R maxT: 1 
R_PriorDraw_first_mu: 0.1178131 
R_PriorDraw_first_nu: 7.152711 
R-CCU: Before ClusterLabelChange for i = 42 newLabel= 1 currentLabel= 1 
R-CCU: sum(pointsPerCluster) = 2041 
 num [1:4] 2032 3 2 4
NULL
R-CCU: After ClusterLabelChange for i = 42 
R-CCU: sum(pointsPerCluster) = 2042 
 num [1:4] 2033 3 2 4
NULL
R-CCU: dpObj$numberClusters = 4 
List of 2
 $ : num [1, 1, 1:4] 0.318 0.552 0.462 0.684
 $ : num [1, 1, 1:4] 10.57 2.87 5.8 1.53
NULL
R priorParameters: 2 8 
R maxT: 1 
R_PriorDraw_first_mu: 0.06541131 
R_PriorDraw_first_nu: 4.350863 
R-CCU: Before ClusterLabelChange for i = 43 newLabel= 1 currentLabel= 1 
R-CCU: sum(pointsPerCluster) = 2042 
 num [1:4] 2033 3 2 4
NULL
R-CCU: After ClusterLabelChange for i = 43 
R-CCU: sum(pointsPerCluster) = 2043 
 num [1:4] 2034 3 2 4
NULL
R-CCU: dpObj$numberClusters = 4 
List of 2
 $ : num [1, 1, 1:4] 0.318 0.552 0.462 0.684
 $ : num [1, 1, 1:4] 10.57 2.87 5.8 1.53
NULL
R priorParameters: 2 8 
R maxT: 1 
R_PriorDraw_first_mu: 0.5962583 
R_PriorDraw_first_nu: 4.360949 
R-CCU: Before ClusterLabelChange for i = 44 newLabel= 1 currentLabel= 1 
R-CCU: sum(pointsPerCluster) = 2043 
 num [1:4] 2034 3 2 4
NULL
R-CCU: After ClusterLabelChange for i = 44 
R-CCU: sum(pointsPerCluster) = 2044 
 num [1:4] 2035 3 2 4
NULL
R-CCU: dpObj$numberClusters = 4 
List of 2
 $ : num [1, 1, 1:4] 0.318 0.552 0.462 0.684
 $ : num [1, 1, 1:4] 10.57 2.87 5.8 1.53
NULL
R priorParameters: 2 8 
R maxT: 1 
R_PriorDraw_first_mu: 0.907957 
R_PriorDraw_first_nu: 2.700693 
R-CCU: Before ClusterLabelChange for i = 45 newLabel= 1 currentLabel= 1 
R-CCU: sum(pointsPerCluster) = 2044 
 num [1:4] 2035 3 2 4
NULL
R-CCU: After ClusterLabelChange for i = 45 
R-CCU: sum(pointsPerCluster) = 2045 
 num [1:4] 2036 3 2 4
NULL
R-CCU: dpObj$numberClusters = 4 
List of 2
 $ : num [1, 1, 1:4] 0.318 0.552 0.462 0.684
 $ : num [1, 1, 1:4] 10.57 2.87 5.8 1.53
NULL
R priorParameters: 2 8 
R maxT: 1 
R_PriorDraw_first_mu: 0.4067748 
R_PriorDraw_first_nu: 4.582039 
R-CCU: Before ClusterLabelChange for i = 46 newLabel= 1 currentLabel= 1 
R-CCU: sum(pointsPerCluster) = 2045 
 num [1:4] 2036 3 2 4
NULL
R-CCU: After ClusterLabelChange for i = 46 
R-CCU: sum(pointsPerCluster) = 2046 
 num [1:4] 2037 3 2 4
NULL
R-CCU: dpObj$numberClusters = 4 
List of 2
 $ : num [1, 1, 1:4] 0.318 0.552 0.462 0.684
 $ : num [1, 1, 1:4] 10.57 2.87 5.8 1.53
NULL
R priorParameters: 2 8 
R maxT: 1 
R_PriorDraw_first_mu: 0.8517851 
R_PriorDraw_first_nu: 2.253385 
R-CCU: Before ClusterLabelChange for i = 47 newLabel= 1 currentLabel= 1 
R-CCU: sum(pointsPerCluster) = 2046 
 num [1:4] 2037 3 2 4
NULL
R-CCU: After ClusterLabelChange for i = 47 
R-CCU: sum(pointsPerCluster) = 2047 
 num [1:4] 2038 3 2 4
NULL
R-CCU: dpObj$numberClusters = 4 
List of 2
 $ : num [1, 1, 1:4] 0.318 0.552 0.462 0.684
 $ : num [1, 1, 1:4] 10.57 2.87 5.8 1.53
NULL
R priorParameters: 2 8 
R maxT: 1 
R_PriorDraw_first_mu: 0.0642366 
R_PriorDraw_first_nu: 2.02704 
R-CCU: Before ClusterLabelChange for i = 48 newLabel= 1 currentLabel= 1 
R-CCU: sum(pointsPerCluster) = 2047 
 num [1:4] 2038 3 2 4
NULL
R-CCU: After ClusterLabelChange for i = 48 
R-CCU: sum(pointsPerCluster) = 2048 
 num [1:4] 2039 3 2 4
NULL
R-CCU: dpObj$numberClusters = 4 
List of 2
 $ : num [1, 1, 1:4] 0.318 0.552 0.462 0.684
 $ : num [1, 1, 1:4] 10.57 2.87 5.8 1.53
NULL
R priorParameters: 2 8 
R maxT: 1 
R_PriorDraw_first_mu: 0.04760801 
R_PriorDraw_first_nu: 3.621454 
R-CCU: Before ClusterLabelChange for i = 49 newLabel= 1 currentLabel= 1 
R-CCU: sum(pointsPerCluster) = 2048 
 num [1:4] 2039 3 2 4
NULL
R-CCU: After ClusterLabelChange for i = 49 
R-CCU: sum(pointsPerCluster) = 2049 
 num [1:4] 2040 3 2 4
NULL
R-CCU: dpObj$numberClusters = 4 
List of 2
 $ : num [1, 1, 1:4] 0.318 0.552 0.462 0.684
 $ : num [1, 1, 1:4] 10.57 2.87 5.8 1.53
NULL
R priorParameters: 2 8 
R maxT: 1 
R_PriorDraw_first_mu: 0.7253935 
R_PriorDraw_first_nu: 3.308487 
R-CCU: Before ClusterLabelChange for i = 50 newLabel= 1 currentLabel= 1 
R-CCU: sum(pointsPerCluster) = 2049 
 num [1:4] 2040 3 2 4
NULL
R-CCU: After ClusterLabelChange for i = 50 
R-CCU: sum(pointsPerCluster) = 2050 
 num [1:4] 2041 3 2 4
NULL
R-CCU: dpObj$numberClusters = 4 
List of 2
 $ : num [1, 1, 1:4] 0.318 0.552 0.462 0.684
 $ : num [1, 1, 1:4] 10.57 2.87 5.8 1.53
NULL
R priorParameters: 2 8 
R maxT: 1 
R_PriorDraw_first_mu: 0.3038603 
R_PriorDraw_first_nu: 2.083721 
R-CCU: Before ClusterLabelChange for i = 51 newLabel= 1 currentLabel= 1 
R-CCU: sum(pointsPerCluster) = 2050 
 num [1:4] 2041 3 2 4
NULL
R-CCU: After ClusterLabelChange for i = 51 
R-CCU: sum(pointsPerCluster) = 2051 
 num [1:4] 2042 3 2 4
NULL
R-CCU: dpObj$numberClusters = 4 
List of 2
 $ : num [1, 1, 1:4] 0.318 0.552 0.462 0.684
 $ : num [1, 1, 1:4] 10.57 2.87 5.8 1.53
NULL
R priorParameters: 2 8 
R maxT: 1 
R_PriorDraw_first_mu: 0.2710565 
R_PriorDraw_first_nu: 10.92511 
R-CCU: Before ClusterLabelChange for i = 52 newLabel= 1 currentLabel= 1 
R-CCU: sum(pointsPerCluster) = 2051 
 num [1:4] 2042 3 2 4
NULL
R-CCU: After ClusterLabelChange for i = 52 
R-CCU: sum(pointsPerCluster) = 2052 
 num [1:4] 2043 3 2 4
NULL
R-CCU: dpObj$numberClusters = 4 
List of 2
 $ : num [1, 1, 1:4] 0.318 0.552 0.462 0.684
 $ : num [1, 1, 1:4] 10.57 2.87 5.8 1.53
NULL
R priorParameters: 2 8 
R maxT: 1 
R_PriorDraw_first_mu: 0.4060628 
R_PriorDraw_first_nu: 3.675638 
R-CCU: Before ClusterLabelChange for i = 53 newLabel= 4 currentLabel= 1 
R-CCU: sum(pointsPerCluster) = 2052 
 num [1:4] 2043 3 2 4
NULL
R-CCU: After ClusterLabelChange for i = 53 
R-CCU: sum(pointsPerCluster) = 2053 
 num [1:4] 2043 3 2 5
NULL
R-CCU: dpObj$numberClusters = 4 
List of 2
 $ : num [1, 1, 1:4] 0.318 0.552 0.462 0.684
 $ : num [1, 1, 1:4] 10.57 2.87 5.8 1.53
NULL
R priorParameters: 2 8 
R maxT: 1 
R_PriorDraw_first_mu: 0.5283883 
R_PriorDraw_first_nu: 5.178203 
R-CCU: Before ClusterLabelChange for i = 54 newLabel= 1 currentLabel= 1 
R-CCU: sum(pointsPerCluster) = 2053 
 num [1:4] 2043 3 2 5
NULL
R-CCU: After ClusterLabelChange for i = 54 
R-CCU: sum(pointsPerCluster) = 2054 
 num [1:4] 2044 3 2 5
NULL
R-CCU: dpObj$numberClusters = 4 
List of 2
 $ : num [1, 1, 1:4] 0.318 0.552 0.462 0.684
 $ : num [1, 1, 1:4] 10.57 2.87 5.8 1.53
NULL
R priorParameters: 2 8 
R maxT: 1 
R_PriorDraw_first_mu: 0.6325184 
R_PriorDraw_first_nu: 3.149028 
R-CCU: Before ClusterLabelChange for i = 55 newLabel= 1 currentLabel= 1 
R-CCU: sum(pointsPerCluster) = 2054 
 num [1:4] 2044 3 2 5
NULL
R-CCU: After ClusterLabelChange for i = 55 
R-CCU: sum(pointsPerCluster) = 2055 
 num [1:4] 2045 3 2 5
NULL
R-CCU: dpObj$numberClusters = 4 
List of 2
 $ : num [1, 1, 1:4] 0.318 0.552 0.462 0.684
 $ : num [1, 1, 1:4] 10.57 2.87 5.8 1.53
NULL
R priorParameters: 2 8 
R maxT: 1 
R_PriorDraw_first_mu: 0.1769029 
R_PriorDraw_first_nu: 5.254082 
R-CCU: Before ClusterLabelChange for i = 56 newLabel= 1 currentLabel= 1 
R-CCU: sum(pointsPerCluster) = 2055 
 num [1:4] 2045 3 2 5
NULL
R-CCU: After ClusterLabelChange for i = 56 
R-CCU: sum(pointsPerCluster) = 2056 
 num [1:4] 2046 3 2 5
NULL
R-CCU: dpObj$numberClusters = 4 
List of 2
 $ : num [1, 1, 1:4] 0.318 0.552 0.462 0.684
 $ : num [1, 1, 1:4] 10.57 2.87 5.8 1.53
NULL
R priorParameters: 2 8 
R maxT: 1 
R_PriorDraw_first_mu: 0.2637556 
R_PriorDraw_first_nu: 7.093148 
R-CCU: Before ClusterLabelChange for i = 57 newLabel= 1 currentLabel= 1 
R-CCU: sum(pointsPerCluster) = 2056 
 num [1:4] 2046 3 2 5
NULL
R-CCU: After ClusterLabelChange for i = 57 
R-CCU: sum(pointsPerCluster) = 2057 
 num [1:4] 2047 3 2 5
NULL
R-CCU: dpObj$numberClusters = 4 
List of 2
 $ : num [1, 1, 1:4] 0.318 0.552 0.462 0.684
 $ : num [1, 1, 1:4] 10.57 2.87 5.8 1.53
NULL
R priorParameters: 2 8 
R maxT: 1 
R_PriorDraw_first_mu: 0.1710004 
R_PriorDraw_first_nu: 5.003986 
R-CCU: Before ClusterLabelChange for i = 58 newLabel= 1 currentLabel= 1 
R-CCU: sum(pointsPerCluster) = 2057 
 num [1:4] 2047 3 2 5
NULL
R-CCU: After ClusterLabelChange for i = 58 
R-CCU: sum(pointsPerCluster) = 2058 
 num [1:4] 2048 3 2 5
NULL
R-CCU: dpObj$numberClusters = 4 
List of 2
 $ : num [1, 1, 1:4] 0.318 0.552 0.462 0.684
 $ : num [1, 1, 1:4] 10.57 2.87 5.8 1.53
NULL
R priorParameters: 2 8 
R maxT: 1 
R_PriorDraw_first_mu: 0.2450812 
R_PriorDraw_first_nu: 2.531572 
R-CCU: Before ClusterLabelChange for i = 59 newLabel= 1 currentLabel= 1 
R-CCU: sum(pointsPerCluster) = 2058 
 num [1:4] 2048 3 2 5
NULL
R-CCU: After ClusterLabelChange for i = 59 
R-CCU: sum(pointsPerCluster) = 2059 
 num [1:4] 2049 3 2 5
NULL
R-CCU: dpObj$numberClusters = 4 
List of 2
 $ : num [1, 1, 1:4] 0.318 0.552 0.462 0.684
 $ : num [1, 1, 1:4] 10.57 2.87 5.8 1.53
NULL
R priorParameters: 2 8 
R maxT: 1 
R_PriorDraw_first_mu: 0.6511344 
R_PriorDraw_first_nu: 9.44936 
R-CCU: Before ClusterLabelChange for i = 60 newLabel= 1 currentLabel= 1 
R-CCU: sum(pointsPerCluster) = 2059 
 num [1:4] 2049 3 2 5
NULL
R-CCU: After ClusterLabelChange for i = 60 
R-CCU: sum(pointsPerCluster) = 2060 
 num [1:4] 2050 3 2 5
NULL
R-CCU: dpObj$numberClusters = 4 
List of 2
 $ : num [1, 1, 1:4] 0.318 0.552 0.462 0.684
 $ : num [1, 1, 1:4] 10.57 2.87 5.8 1.53
NULL
R priorParameters: 2 8 
R maxT: 1 
R_PriorDraw_first_mu: 0.1607895 
R_PriorDraw_first_nu: 5.355184 
R-CCU: Before ClusterLabelChange for i = 61 newLabel= 1 currentLabel= 1 
R-CCU: sum(pointsPerCluster) = 2060 
 num [1:4] 2050 3 2 5
NULL
R-CCU: After ClusterLabelChange for i = 61 
R-CCU: sum(pointsPerCluster) = 2061 
 num [1:4] 2051 3 2 5
NULL
R-CCU: dpObj$numberClusters = 4 
List of 2
 $ : num [1, 1, 1:4] 0.318 0.552 0.462 0.684
 $ : num [1, 1, 1:4] 10.57 2.87 5.8 1.53
NULL
R priorParameters: 2 8 
R maxT: 1 
R_PriorDraw_first_mu: 0.4349467 
R_PriorDraw_first_nu: 7.592657 
R-CCU: Before ClusterLabelChange for i = 62 newLabel= 1 currentLabel= 1 
R-CCU: sum(pointsPerCluster) = 2061 
 num [1:4] 2051 3 2 5
NULL
R-CCU: After ClusterLabelChange for i = 62 
R-CCU: sum(pointsPerCluster) = 2062 
 num [1:4] 2052 3 2 5
NULL
R-CCU: dpObj$numberClusters = 4 
List of 2
 $ : num [1, 1, 1:4] 0.318 0.552 0.462 0.684
 $ : num [1, 1, 1:4] 10.57 2.87 5.8 1.53
NULL
R priorParameters: 2 8 
R maxT: 1 
R_PriorDraw_first_mu: 0.467747 
R_PriorDraw_first_nu: 8.283016 
R-CCU: Before ClusterLabelChange for i = 63 newLabel= 1 currentLabel= 1 
R-CCU: sum(pointsPerCluster) = 2062 
 num [1:4] 2052 3 2 5
NULL
R-CCU: After ClusterLabelChange for i = 63 
R-CCU: sum(pointsPerCluster) = 2063 
 num [1:4] 2053 3 2 5
NULL
R-CCU: dpObj$numberClusters = 4 
List of 2
 $ : num [1, 1, 1:4] 0.318 0.552 0.462 0.684
 $ : num [1, 1, 1:4] 10.57 2.87 5.8 1.53
NULL
R priorParameters: 2 8 
R maxT: 1 
R_PriorDraw_first_mu: 0.5412277 
R_PriorDraw_first_nu: 6.694706 
R-CCU: Before ClusterLabelChange for i = 64 newLabel= 1 currentLabel= 1 
R-CCU: sum(pointsPerCluster) = 2063 
 num [1:4] 2053 3 2 5
NULL
R-CCU: After ClusterLabelChange for i = 64 
R-CCU: sum(pointsPerCluster) = 2064 
 num [1:4] 2054 3 2 5
NULL
R-CCU: dpObj$numberClusters = 4 
List of 2
 $ : num [1, 1, 1:4] 0.318 0.552 0.462 0.684
 $ : num [1, 1, 1:4] 10.57 2.87 5.8 1.53
NULL
R priorParameters: 2 8 
R maxT: 1 
R_PriorDraw_first_mu: 0.02742112 
R_PriorDraw_first_nu: 9.593488 
R-CCU: Before ClusterLabelChange for i = 65 newLabel= 1 currentLabel= 1 
R-CCU: sum(pointsPerCluster) = 2064 
 num [1:4] 2054 3 2 5
NULL
R-CCU: After ClusterLabelChange for i = 65 
R-CCU: sum(pointsPerCluster) = 2065 
 num [1:4] 2055 3 2 5
NULL
R-CCU: dpObj$numberClusters = 4 
List of 2
 $ : num [1, 1, 1:4] 0.318 0.552 0.462 0.684
 $ : num [1, 1, 1:4] 10.57 2.87 5.8 1.53
NULL
R priorParameters: 2 8 
R maxT: 1 
R_PriorDraw_first_mu: 0.7580826 
R_PriorDraw_first_nu: 2.267623 
R-CCU: Before ClusterLabelChange for i = 66 newLabel= 1 currentLabel= 1 
R-CCU: sum(pointsPerCluster) = 2065 
 num [1:4] 2055 3 2 5
NULL
R-CCU: After ClusterLabelChange for i = 66 
R-CCU: sum(pointsPerCluster) = 2066 
 num [1:4] 2056 3 2 5
NULL
R-CCU: dpObj$numberClusters = 4 
List of 2
 $ : num [1, 1, 1:4] 0.318 0.552 0.462 0.684
 $ : num [1, 1, 1:4] 10.57 2.87 5.8 1.53
NULL
R priorParameters: 2 8 
R maxT: 1 
R_PriorDraw_first_mu: 0.8231917 
R_PriorDraw_first_nu: 30.11996 
R-CCU: Before ClusterLabelChange for i = 67 newLabel= 1 currentLabel= 1 
R-CCU: sum(pointsPerCluster) = 2066 
 num [1:4] 2056 3 2 5
NULL
R-CCU: After ClusterLabelChange for i = 67 
R-CCU: sum(pointsPerCluster) = 2067 
 num [1:4] 2057 3 2 5
NULL
R-CCU: dpObj$numberClusters = 4 
List of 2
 $ : num [1, 1, 1:4] 0.318 0.552 0.462 0.684
 $ : num [1, 1, 1:4] 10.57 2.87 5.8 1.53
NULL
R priorParameters: 2 8 
R maxT: 1 
R_PriorDraw_first_mu: 0.6921519 
R_PriorDraw_first_nu: 3.050134 
R-CCU: Before ClusterLabelChange for i = 68 newLabel= 1 currentLabel= 1 
R-CCU: sum(pointsPerCluster) = 2067 
 num [1:4] 2057 3 2 5
NULL
R-CCU: After ClusterLabelChange for i = 68 
R-CCU: sum(pointsPerCluster) = 2068 
 num [1:4] 2058 3 2 5
NULL
R-CCU: dpObj$numberClusters = 4 
List of 2
 $ : num [1, 1, 1:4] 0.318 0.552 0.462 0.684
 $ : num [1, 1, 1:4] 10.57 2.87 5.8 1.53
NULL
R priorParameters: 2 8 
R maxT: 1 
R_PriorDraw_first_mu: 0.8432173 
R_PriorDraw_first_nu: 4.988053 
R-CCU: Before ClusterLabelChange for i = 69 newLabel= 1 currentLabel= 1 
R-CCU: sum(pointsPerCluster) = 2068 
 num [1:4] 2058 3 2 5
NULL
R-CCU: After ClusterLabelChange for i = 69 
R-CCU: sum(pointsPerCluster) = 2069 
 num [1:4] 2059 3 2 5
NULL
R-CCU: dpObj$numberClusters = 4 
List of 2
 $ : num [1, 1, 1:4] 0.318 0.552 0.462 0.684
 $ : num [1, 1, 1:4] 10.57 2.87 5.8 1.53
NULL
R priorParameters: 2 8 
R maxT: 1 
R_PriorDraw_first_mu: 0.06966519 
R_PriorDraw_first_nu: 2.739876 
R-CCU: Before ClusterLabelChange for i = 70 newLabel= 1 currentLabel= 1 
R-CCU: sum(pointsPerCluster) = 2069 
 num [1:4] 2059 3 2 5
NULL
R-CCU: After ClusterLabelChange for i = 70 
R-CCU: sum(pointsPerCluster) = 2070 
 num [1:4] 2060 3 2 5
NULL
R-CCU: dpObj$numberClusters = 4 
List of 2
 $ : num [1, 1, 1:4] 0.318 0.552 0.462 0.684
 $ : num [1, 1, 1:4] 10.57 2.87 5.8 1.53
NULL
R priorParameters: 2 8 
R maxT: 1 
R_PriorDraw_first_mu: 0.1766886 
R_PriorDraw_first_nu: 7.201468 
R-CCU: Before ClusterLabelChange for i = 71 newLabel= 1 currentLabel= 1 
R-CCU: sum(pointsPerCluster) = 2070 
 num [1:4] 2060 3 2 5
NULL
R-CCU: After ClusterLabelChange for i = 71 
R-CCU: sum(pointsPerCluster) = 2071 
 num [1:4] 2061 3 2 5
NULL
R-CCU: dpObj$numberClusters = 4 
List of 2
 $ : num [1, 1, 1:4] 0.318 0.552 0.462 0.684
 $ : num [1, 1, 1:4] 10.57 2.87 5.8 1.53
NULL
R priorParameters: 2 8 
R maxT: 1 
R_PriorDraw_first_mu: 0.4579331 
R_PriorDraw_first_nu: 64.648 
R-CCU: Before ClusterLabelChange for i = 72 newLabel= 1 currentLabel= 1 
R-CCU: sum(pointsPerCluster) = 2071 
 num [1:4] 2061 3 2 5
NULL
R-CCU: After ClusterLabelChange for i = 72 
R-CCU: sum(pointsPerCluster) = 2072 
 num [1:4] 2062 3 2 5
NULL
R-CCU: dpObj$numberClusters = 4 
List of 2
 $ : num [1, 1, 1:4] 0.318 0.552 0.462 0.684
 $ : num [1, 1, 1:4] 10.57 2.87 5.8 1.53
NULL
R priorParameters: 2 8 
R maxT: 1 
R_PriorDraw_first_mu: 0.9089004 
R_PriorDraw_first_nu: 2.183929 
R-CCU: Before ClusterLabelChange for i = 73 newLabel= 1 currentLabel= 1 
R-CCU: sum(pointsPerCluster) = 2072 
 num [1:4] 2062 3 2 5
NULL
R-CCU: After ClusterLabelChange for i = 73 
R-CCU: sum(pointsPerCluster) = 2073 
 num [1:4] 2063 3 2 5
NULL
R-CCU: dpObj$numberClusters = 4 
List of 2
 $ : num [1, 1, 1:4] 0.318 0.552 0.462 0.684
 $ : num [1, 1, 1:4] 10.57 2.87 5.8 1.53
NULL
R priorParameters: 2 8 
R maxT: 1 
R_PriorDraw_first_mu: 0.3220882 
R_PriorDraw_first_nu: 3.123876 
R-CCU: Before ClusterLabelChange for i = 74 newLabel= 1 currentLabel= 3 
R-CCU: sum(pointsPerCluster) = 2073 
 num [1:4] 2063 3 2 5
NULL
R-CCU: After ClusterLabelChange for i = 74 
R-CCU: sum(pointsPerCluster) = 2074 
 num [1:4] 2064 3 2 5
NULL
R-CCU: dpObj$numberClusters = 4 
List of 2
 $ : num [1, 1, 1:4] 0.318 0.552 0.462 0.684
 $ : num [1, 1, 1:4] 10.57 2.87 5.8 1.53
NULL
R priorParameters: 2 8 
R maxT: 1 
R_PriorDraw_first_mu: 0.8260276 
R_PriorDraw_first_nu: 8.90308 
R-CCU: Before ClusterLabelChange for i = 75 newLabel= 1 currentLabel= 1 
R-CCU: sum(pointsPerCluster) = 2074 
 num [1:4] 2064 3 2 5
NULL
R-CCU: After ClusterLabelChange for i = 75 
R-CCU: sum(pointsPerCluster) = 2075 
 num [1:4] 2065 3 2 5
NULL
R-CCU: dpObj$numberClusters = 4 
List of 2
 $ : num [1, 1, 1:4] 0.318 0.552 0.462 0.684
 $ : num [1, 1, 1:4] 10.57 2.87 5.8 1.53
NULL
R priorParameters: 2 8 
R maxT: 1 
R_PriorDraw_first_mu: 0.07248315 
R_PriorDraw_first_nu: 9.793011 
R-CCU: Before ClusterLabelChange for i = 76 newLabel= 1 currentLabel= 1 
R-CCU: sum(pointsPerCluster) = 2075 
 num [1:4] 2065 3 2 5
NULL
R-CCU: After ClusterLabelChange for i = 76 
R-CCU: sum(pointsPerCluster) = 2076 
 num [1:4] 2066 3 2 5
NULL
R-CCU: dpObj$numberClusters = 4 
List of 2
 $ : num [1, 1, 1:4] 0.318 0.552 0.462 0.684
 $ : num [1, 1, 1:4] 10.57 2.87 5.8 1.53
NULL
R priorParameters: 2 8 
R maxT: 1 
R_PriorDraw_first_mu: 0.1960909 
R_PriorDraw_first_nu: 8.313753 
R-CCU: Before ClusterLabelChange for i = 77 newLabel= 1 currentLabel= 1 
R-CCU: sum(pointsPerCluster) = 2076 
 num [1:4] 2066 3 2 5
NULL
R-CCU: After ClusterLabelChange for i = 77 
R-CCU: sum(pointsPerCluster) = 2077 
 num [1:4] 2067 3 2 5
NULL
R-CCU: dpObj$numberClusters = 4 
List of 2
 $ : num [1, 1, 1:4] 0.318 0.552 0.462 0.684
 $ : num [1, 1, 1:4] 10.57 2.87 5.8 1.53
NULL
R priorParameters: 2 8 
R maxT: 1 
R_PriorDraw_first_mu: 0.839269 
R_PriorDraw_first_nu: 12.73735 
R-CCU: Before ClusterLabelChange for i = 78 newLabel= 1 currentLabel= 1 
R-CCU: sum(pointsPerCluster) = 2077 
 num [1:4] 2067 3 2 5
NULL
R-CCU: After ClusterLabelChange for i = 78 
R-CCU: sum(pointsPerCluster) = 2078 
 num [1:4] 2068 3 2 5
NULL
R-CCU: dpObj$numberClusters = 4 
List of 2
 $ : num [1, 1, 1:4] 0.318 0.552 0.462 0.684
 $ : num [1, 1, 1:4] 10.57 2.87 5.8 1.53
NULL
R priorParameters: 2 8 
R maxT: 1 
R_PriorDraw_first_mu: 0.6422348 
R_PriorDraw_first_nu: 8.292182 
R-CCU: Before ClusterLabelChange for i = 79 newLabel= 1 currentLabel= 1 
R-CCU: sum(pointsPerCluster) = 2078 
 num [1:4] 2068 3 2 5
NULL
R-CCU: After ClusterLabelChange for i = 79 
R-CCU: sum(pointsPerCluster) = 2079 
 num [1:4] 2069 3 2 5
NULL
R-CCU: dpObj$numberClusters = 4 
List of 2
 $ : num [1, 1, 1:4] 0.318 0.552 0.462 0.684
 $ : num [1, 1, 1:4] 10.57 2.87 5.8 1.53
NULL
R priorParameters: 2 8 
R maxT: 1 
R_PriorDraw_first_mu: 0.7283053 
R_PriorDraw_first_nu: 7.492316 
R-CCU: Before ClusterLabelChange for i = 80 newLabel= 1 currentLabel= 1 
R-CCU: sum(pointsPerCluster) = 2079 
 num [1:4] 2069 3 2 5
NULL
R-CCU: After ClusterLabelChange for i = 80 
R-CCU: sum(pointsPerCluster) = 2080 
 num [1:4] 2070 3 2 5
NULL
R-CCU: dpObj$numberClusters = 4 
List of 2
 $ : num [1, 1, 1:4] 0.318 0.552 0.462 0.684
 $ : num [1, 1, 1:4] 10.57 2.87 5.8 1.53
NULL
R priorParameters: 2 8 
R maxT: 1 
R_PriorDraw_first_mu: 0.434738 
R_PriorDraw_first_nu: 17.41173 
R-CCU: Before ClusterLabelChange for i = 81 newLabel= 1 currentLabel= 1 
R-CCU: sum(pointsPerCluster) = 2080 
 num [1:4] 2070 3 2 5
NULL
R-CCU: After ClusterLabelChange for i = 81 
R-CCU: sum(pointsPerCluster) = 2081 
 num [1:4] 2071 3 2 5
NULL
R-CCU: dpObj$numberClusters = 4 
List of 2
 $ : num [1, 1, 1:4] 0.318 0.552 0.462 0.684
 $ : num [1, 1, 1:4] 10.57 2.87 5.8 1.53
NULL
R priorParameters: 2 8 
R maxT: 1 
R_PriorDraw_first_mu: 0.07218701 
R_PriorDraw_first_nu: 6.395544 
R-CCU: Before ClusterLabelChange for i = 82 newLabel= 1 currentLabel= 1 
R-CCU: sum(pointsPerCluster) = 2081 
 num [1:4] 2071 3 2 5
NULL
R-CCU: After ClusterLabelChange for i = 82 
R-CCU: sum(pointsPerCluster) = 2082 
 num [1:4] 2072 3 2 5
NULL
R-CCU: dpObj$numberClusters = 4 
List of 2
 $ : num [1, 1, 1:4] 0.318 0.552 0.462 0.684
 $ : num [1, 1, 1:4] 10.57 2.87 5.8 1.53
NULL
R priorParameters: 2 8 
R maxT: 1 
R_PriorDraw_first_mu: 0.8530534 
R_PriorDraw_first_nu: 5.971075 
R-CCU: Before ClusterLabelChange for i = 83 newLabel= 1 currentLabel= 1 
R-CCU: sum(pointsPerCluster) = 2082 
 num [1:4] 2072 3 2 5
NULL
R-CCU: After ClusterLabelChange for i = 83 
R-CCU: sum(pointsPerCluster) = 2083 
 num [1:4] 2073 3 2 5
NULL
R-CCU: dpObj$numberClusters = 4 
List of 2
 $ : num [1, 1, 1:4] 0.318 0.552 0.462 0.684
 $ : num [1, 1, 1:4] 10.57 2.87 5.8 1.53
NULL
R priorParameters: 2 8 
R maxT: 1 
R_PriorDraw_first_mu: 0.6908964 
R_PriorDraw_first_nu: 2.647874 
R-CCU: Before ClusterLabelChange for i = 84 newLabel= 1 currentLabel= 1 
R-CCU: sum(pointsPerCluster) = 2083 
 num [1:4] 2073 3 2 5
NULL
R-CCU: After ClusterLabelChange for i = 84 
R-CCU: sum(pointsPerCluster) = 2084 
 num [1:4] 2074 3 2 5
NULL
R-CCU: dpObj$numberClusters = 4 
List of 2
 $ : num [1, 1, 1:4] 0.318 0.552 0.462 0.684
 $ : num [1, 1, 1:4] 10.57 2.87 5.8 1.53
NULL
R priorParameters: 2 8 
R maxT: 1 
R_PriorDraw_first_mu: 0.200605 
R_PriorDraw_first_nu: 4.222169 
R-CCU: Before ClusterLabelChange for i = 85 newLabel= 1 currentLabel= 1 
R-CCU: sum(pointsPerCluster) = 2084 
 num [1:4] 2074 3 2 5
NULL
R-CCU: After ClusterLabelChange for i = 85 
R-CCU: sum(pointsPerCluster) = 2085 
 num [1:4] 2075 3 2 5
NULL
R-CCU: dpObj$numberClusters = 4 
List of 2
 $ : num [1, 1, 1:4] 0.318 0.552 0.462 0.684
 $ : num [1, 1, 1:4] 10.57 2.87 5.8 1.53
NULL
R priorParameters: 2 8 
R maxT: 1 
R_PriorDraw_first_mu: 0.04310332 
R_PriorDraw_first_nu: 4.144237 
R-CCU: Before ClusterLabelChange for i = 86 newLabel= 1 currentLabel= 1 
R-CCU: sum(pointsPerCluster) = 2085 
 num [1:4] 2075 3 2 5
NULL
R-CCU: After ClusterLabelChange for i = 86 
R-CCU: sum(pointsPerCluster) = 2086 
 num [1:4] 2076 3 2 5
NULL
R-CCU: dpObj$numberClusters = 4 
List of 2
 $ : num [1, 1, 1:4] 0.318 0.552 0.462 0.684
 $ : num [1, 1, 1:4] 10.57 2.87 5.8 1.53
NULL
R priorParameters: 2 8 
R maxT: 1 
R_PriorDraw_first_mu: 0.9721583 
R_PriorDraw_first_nu: 2.836986 
R-CCU: Before ClusterLabelChange for i = 87 newLabel= 1 currentLabel= 1 
R-CCU: sum(pointsPerCluster) = 2086 
 num [1:4] 2076 3 2 5
NULL
R-CCU: After ClusterLabelChange for i = 87 
R-CCU: sum(pointsPerCluster) = 2087 
 num [1:4] 2077 3 2 5
NULL
R-CCU: dpObj$numberClusters = 4 
List of 2
 $ : num [1, 1, 1:4] 0.318 0.552 0.462 0.684
 $ : num [1, 1, 1:4] 10.57 2.87 5.8 1.53
NULL
R priorParameters: 2 8 
R maxT: 1 
R_PriorDraw_first_mu: 0.1284688 
R_PriorDraw_first_nu: 3.153784 
R-CCU: Before ClusterLabelChange for i = 88 newLabel= 1 currentLabel= 1 
R-CCU: sum(pointsPerCluster) = 2087 
 num [1:4] 2077 3 2 5
NULL
R-CCU: After ClusterLabelChange for i = 88 
R-CCU: sum(pointsPerCluster) = 2088 
 num [1:4] 2078 3 2 5
NULL
R-CCU: dpObj$numberClusters = 4 
List of 2
 $ : num [1, 1, 1:4] 0.318 0.552 0.462 0.684
 $ : num [1, 1, 1:4] 10.57 2.87 5.8 1.53
NULL
R priorParameters: 2 8 
R maxT: 1 
R_PriorDraw_first_mu: 0.05996308 
R_PriorDraw_first_nu: 1.797684 
R-CCU: Before ClusterLabelChange for i = 89 newLabel= 1 currentLabel= 1 
R-CCU: sum(pointsPerCluster) = 2088 
 num [1:4] 2078 3 2 5
NULL
R-CCU: After ClusterLabelChange for i = 89 
R-CCU: sum(pointsPerCluster) = 2089 
 num [1:4] 2079 3 2 5
NULL
R-CCU: dpObj$numberClusters = 4 
List of 2
 $ : num [1, 1, 1:4] 0.318 0.552 0.462 0.684
 $ : num [1, 1, 1:4] 10.57 2.87 5.8 1.53
NULL
R priorParameters: 2 8 
R maxT: 1 
R_PriorDraw_first_mu: 0.6299183 
R_PriorDraw_first_nu: 3.156515 
R-CCU: Before ClusterLabelChange for i = 90 newLabel= 1 currentLabel= 1 
R-CCU: sum(pointsPerCluster) = 2089 
 num [1:4] 2079 3 2 5
NULL
R-CCU: After ClusterLabelChange for i = 90 
R-CCU: sum(pointsPerCluster) = 2090 
 num [1:4] 2080 3 2 5
NULL
R-CCU: dpObj$numberClusters = 4 
List of 2
 $ : num [1, 1, 1:4] 0.318 0.552 0.462 0.684
 $ : num [1, 1, 1:4] 10.57 2.87 5.8 1.53
NULL
R priorParameters: 2 8 
R maxT: 1 
R_PriorDraw_first_mu: 0.001518632 
R_PriorDraw_first_nu: 8.805036 
R-CCU: Before ClusterLabelChange for i = 91 newLabel= 1 currentLabel= 1 
R-CCU: sum(pointsPerCluster) = 2090 
 num [1:4] 2080 3 2 5
NULL
R-CCU: After ClusterLabelChange for i = 91 
R-CCU: sum(pointsPerCluster) = 2091 
 num [1:4] 2081 3 2 5
NULL
R-CCU: dpObj$numberClusters = 4 
List of 2
 $ : num [1, 1, 1:4] 0.318 0.552 0.462 0.684
 $ : num [1, 1, 1:4] 10.57 2.87 5.8 1.53
NULL
R priorParameters: 2 8 
R maxT: 1 
R_PriorDraw_first_mu: 0.1775758 
R_PriorDraw_first_nu: 31.12576 
R-CCU: Before ClusterLabelChange for i = 92 newLabel= 1 currentLabel= 1 
R-CCU: sum(pointsPerCluster) = 2091 
 num [1:4] 2081 3 2 5
NULL
R-CCU: After ClusterLabelChange for i = 92 
R-CCU: sum(pointsPerCluster) = 2092 
 num [1:4] 2082 3 2 5
NULL
R-CCU: dpObj$numberClusters = 4 
List of 2
 $ : num [1, 1, 1:4] 0.318 0.552 0.462 0.684
 $ : num [1, 1, 1:4] 10.57 2.87 5.8 1.53
NULL
R priorParameters: 2 8 
R maxT: 1 
R_PriorDraw_first_mu: 0.4797081 
R_PriorDraw_first_nu: 18.0922 
R-CCU: Before ClusterLabelChange for i = 93 newLabel= 1 currentLabel= 1 
R-CCU: sum(pointsPerCluster) = 2092 
 num [1:4] 2082 3 2 5
NULL
R-CCU: After ClusterLabelChange for i = 93 
R-CCU: sum(pointsPerCluster) = 2093 
 num [1:4] 2083 3 2 5
NULL
R-CCU: dpObj$numberClusters = 4 
List of 2
 $ : num [1, 1, 1:4] 0.318 0.552 0.462 0.684
 $ : num [1, 1, 1:4] 10.57 2.87 5.8 1.53
NULL
R priorParameters: 2 8 
R maxT: 1 
R_PriorDraw_first_mu: 0.3241387 
R_PriorDraw_first_nu: 3.442474 
R-CCU: Before ClusterLabelChange for i = 94 newLabel= 1 currentLabel= 1 
R-CCU: sum(pointsPerCluster) = 2093 
 num [1:4] 2083 3 2 5
NULL
R-CCU: After ClusterLabelChange for i = 94 
R-CCU: sum(pointsPerCluster) = 2094 
 num [1:4] 2084 3 2 5
NULL
R-CCU: dpObj$numberClusters = 4 
List of 2
 $ : num [1, 1, 1:4] 0.318 0.552 0.462 0.684
 $ : num [1, 1, 1:4] 10.57 2.87 5.8 1.53
NULL
R priorParameters: 2 8 
R maxT: 1 
R_PriorDraw_first_mu: 0.4000089 
R_PriorDraw_first_nu: 8.093539 
R-CCU: Before ClusterLabelChange for i = 95 newLabel= 1 currentLabel= 1 
R-CCU: sum(pointsPerCluster) = 2094 
 num [1:4] 2084 3 2 5
NULL
R-CCU: After ClusterLabelChange for i = 95 
R-CCU: sum(pointsPerCluster) = 2095 
 num [1:4] 2085 3 2 5
NULL
R-CCU: dpObj$numberClusters = 4 
List of 2
 $ : num [1, 1, 1:4] 0.318 0.552 0.462 0.684
 $ : num [1, 1, 1:4] 10.57 2.87 5.8 1.53
NULL
R priorParameters: 2 8 
R maxT: 1 
R_PriorDraw_first_mu: 0.4506942 
R_PriorDraw_first_nu: 63.48295 
R-CCU: Before ClusterLabelChange for i = 96 newLabel= 1 currentLabel= 1 
R-CCU: sum(pointsPerCluster) = 2095 
 num [1:4] 2085 3 2 5
NULL
R-CCU: After ClusterLabelChange for i = 96 
R-CCU: sum(pointsPerCluster) = 2096 
 num [1:4] 2086 3 2 5
NULL
R-CCU: dpObj$numberClusters = 4 
List of 2
 $ : num [1, 1, 1:4] 0.318 0.552 0.462 0.684
 $ : num [1, 1, 1:4] 10.57 2.87 5.8 1.53
NULL
R priorParameters: 2 8 
R maxT: 1 
R_PriorDraw_first_mu: 0.5044355 
R_PriorDraw_first_nu: 14.05574 
R-CCU: Before ClusterLabelChange for i = 97 newLabel= 1 currentLabel= 1 
R-CCU: sum(pointsPerCluster) = 2096 
 num [1:4] 2086 3 2 5
NULL
R-CCU: After ClusterLabelChange for i = 97 
R-CCU: sum(pointsPerCluster) = 2097 
 num [1:4] 2087 3 2 5
NULL
R-CCU: dpObj$numberClusters = 4 
List of 2
 $ : num [1, 1, 1:4] 0.318 0.552 0.462 0.684
 $ : num [1, 1, 1:4] 10.57 2.87 5.8 1.53
NULL
R priorParameters: 2 8 
R maxT: 1 
R_PriorDraw_first_mu: 0.03210177 
R_PriorDraw_first_nu: 3.064731 
R-CCU: Before ClusterLabelChange for i = 98 newLabel= 1 currentLabel= 1 
R-CCU: sum(pointsPerCluster) = 2097 
 num [1:4] 2087 3 2 5
NULL
R-CCU: After ClusterLabelChange for i = 98 
R-CCU: sum(pointsPerCluster) = 2098 
 num [1:4] 2088 3 2 5
NULL
R-CCU: dpObj$numberClusters = 4 
List of 2
 $ : num [1, 1, 1:4] 0.318 0.552 0.462 0.684
 $ : num [1, 1, 1:4] 10.57 2.87 5.8 1.53
NULL
R priorParameters: 2 8 
R maxT: 1 
R_PriorDraw_first_mu: 0.926878 
R_PriorDraw_first_nu: 2.695904 
R-CCU: Before ClusterLabelChange for i = 99 newLabel= 1 currentLabel= 1 
R-CCU: sum(pointsPerCluster) = 2098 
 num [1:4] 2088 3 2 5
NULL
R-CCU: After ClusterLabelChange for i = 99 
R-CCU: sum(pointsPerCluster) = 2099 
 num [1:4] 2089 3 2 5
NULL
R-CCU: dpObj$numberClusters = 4 
List of 2
 $ : num [1, 1, 1:4] 0.318 0.552 0.462 0.684
 $ : num [1, 1, 1:4] 10.57 2.87 5.8 1.53
NULL
R priorParameters: 2 8 
R maxT: 1 
R_PriorDraw_first_mu: 0.9277406 
R_PriorDraw_first_nu: 2.636543 
R-CCU: Before ClusterLabelChange for i = 100 newLabel= 1 currentLabel= 1 
R-CCU: sum(pointsPerCluster) = 2099 
 num [1:4] 2089 3 2 5
NULL
R-CCU: After ClusterLabelChange for i = 100 
R-CCU: sum(pointsPerCluster) = 2100 
 num [1:4] 2090 3 2 5
NULL
R-CCU: dpObj$numberClusters = 4 
List of 2
 $ : num [1, 1, 1:4] 0.318 0.552 0.462 0.684
 $ : num [1, 1, 1:4] 10.57 2.87 5.8 1.53
NULL

⠦ | 1 101      5 | Beta Distribution Full Integration Test         R priorParameters: 2 8 
R maxT: 1 
R_PriorDraw_first_mu: 0.2184663 
R_PriorDraw_first_nu: 2.026687 
R-CCU: Before ClusterLabelChange for i = 1 newLabel= 1 currentLabel= 1 
R-CCU: sum(pointsPerCluster) = 100 
 int 100
NULL
R-CCU: After ClusterLabelChange for i = 1 
R-CCU: sum(pointsPerCluster) = 101 
 num 101
NULL
R-CCU: dpObj$numberClusters = 1 
List of 2
 $ : num [1, 1, 1] 0.346
 $ : num [1, 1, 1] 8.61
NULL
R priorParameters: 2 8 
R maxT: 1 
R_PriorDraw_first_mu: 0.5592575 
R_PriorDraw_first_nu: 11.15515 
R-CCU: Before ClusterLabelChange for i = 2 newLabel= 1 currentLabel= 1 
R-CCU: sum(pointsPerCluster) = 101 
 num 101
NULL
R-CCU: After ClusterLabelChange for i = 2 
R-CCU: sum(pointsPerCluster) = 102 
 num 102
NULL
R-CCU: dpObj$numberClusters = 1 
List of 2
 $ : num [1, 1, 1] 0.346
 $ : num [1, 1, 1] 8.61
NULL
R priorParameters: 2 8 
R maxT: 1 
R_PriorDraw_first_mu: 0.9241975 
R_PriorDraw_first_nu: 4.119421 
R-CCU: Before ClusterLabelChange for i = 3 newLabel= 1 currentLabel= 1 
R-CCU: sum(pointsPerCluster) = 102 
 num 102
NULL
R-CCU: After ClusterLabelChange for i = 3 
R-CCU: sum(pointsPerCluster) = 103 
 num 103
NULL
R-CCU: dpObj$numberClusters = 1 
List of 2
 $ : num [1, 1, 1] 0.346
 $ : num [1, 1, 1] 8.61
NULL
R priorParameters: 2 8 
R maxT: 1 
R_PriorDraw_first_mu: 0.7946438 
R_PriorDraw_first_nu: 4.931782 
R-CCU: Before ClusterLabelChange for i = 4 newLabel= 1 currentLabel= 1 
R-CCU: sum(pointsPerCluster) = 103 
 num 103
NULL
R-CCU: After ClusterLabelChange for i = 4 
R-CCU: sum(pointsPerCluster) = 104 
 num 104
NULL
R-CCU: dpObj$numberClusters = 1 
List of 2
 $ : num [1, 1, 1] 0.346
 $ : num [1, 1, 1] 8.61
NULL
R priorParameters: 2 8 
R maxT: 1 
R_PriorDraw_first_mu: 0.8758481 
R_PriorDraw_first_nu: 4.860495 
R-CCU: Before ClusterLabelChange for i = 5 newLabel= 1 currentLabel= 1 
R-CCU: sum(pointsPerCluster) = 104 
 num 104
NULL
R-CCU: After ClusterLabelChange for i = 5 
R-CCU: sum(pointsPerCluster) = 105 
 num 105
NULL
R-CCU: dpObj$numberClusters = 1 
List of 2
 $ : num [1, 1, 1] 0.346
 $ : num [1, 1, 1] 8.61
NULL
R priorParameters: 2 8 
R maxT: 1 
R_PriorDraw_first_mu: 0.6967571 
R_PriorDraw_first_nu: 28.12098 
R-CCU: Before ClusterLabelChange for i = 6 newLabel= 1 currentLabel= 1 
R-CCU: sum(pointsPerCluster) = 105 
 num 105
NULL
R-CCU: After ClusterLabelChange for i = 6 
R-CCU: sum(pointsPerCluster) = 106 
 num 106
NULL
R-CCU: dpObj$numberClusters = 1 
List of 2
 $ : num [1, 1, 1] 0.346
 $ : num [1, 1, 1] 8.61
NULL
R priorParameters: 2 8 
R maxT: 1 
R_PriorDraw_first_mu: 0.764145 
R_PriorDraw_first_nu: 2.887574 
R-CCU: Before ClusterLabelChange for i = 7 newLabel= 1 currentLabel= 1 
R-CCU: sum(pointsPerCluster) = 106 
 num 106
NULL
R-CCU: After ClusterLabelChange for i = 7 
R-CCU: sum(pointsPerCluster) = 107 
 num 107
NULL
R-CCU: dpObj$numberClusters = 1 
List of 2
 $ : num [1, 1, 1] 0.346
 $ : num [1, 1, 1] 8.61
NULL
R priorParameters: 2 8 
R maxT: 1 
R_PriorDraw_first_mu: 0.6140742 
R_PriorDraw_first_nu: 2.359359 
R-CCU: Before ClusterLabelChange for i = 8 newLabel= 1 currentLabel= 1 
R-CCU: sum(pointsPerCluster) = 107 
 num 107
NULL
R-CCU: After ClusterLabelChange for i = 8 
R-CCU: sum(pointsPerCluster) = 108 
 num 108
NULL
R-CCU: dpObj$numberClusters = 1 
List of 2
 $ : num [1, 1, 1] 0.346
 $ : num [1, 1, 1] 8.61
NULL
R priorParameters: 2 8 
R maxT: 1 
R_PriorDraw_first_mu: 0.3658486 
R_PriorDraw_first_nu: 1.208798 
R-CCU: Before ClusterLabelChange for i = 9 newLabel= 1 currentLabel= 1 
R-CCU: sum(pointsPerCluster) = 108 
 num 108
NULL
R-CCU: After ClusterLabelChange for i = 9 
R-CCU: sum(pointsPerCluster) = 109 
 num 109
NULL
R-CCU: dpObj$numberClusters = 1 
List of 2
 $ : num [1, 1, 1] 0.346
 $ : num [1, 1, 1] 8.61
NULL
R priorParameters: 2 8 
R maxT: 1 
R_PriorDraw_first_mu: 0.6029869 
R_PriorDraw_first_nu: 6.446183 
R-CCU: Before ClusterLabelChange for i = 10 newLabel= 1 currentLabel= 1 
R-CCU: sum(pointsPerCluster) = 109 
 num 109
NULL
R-CCU: After ClusterLabelChange for i = 10 
R-CCU: sum(pointsPerCluster) = 110 
 num 110
NULL
R-CCU: dpObj$numberClusters = 1 
List of 2
 $ : num [1, 1, 1] 0.346
 $ : num [1, 1, 1] 8.61
NULL
R priorParameters: 2 8 
R maxT: 1 
R_PriorDraw_first_mu: 0.05249834 
R_PriorDraw_first_nu: 4.743006 
R-CCU: Before ClusterLabelChange for i = 11 newLabel= 1 currentLabel= 1 
R-CCU: sum(pointsPerCluster) = 110 
 num 110
NULL
R-CCU: After ClusterLabelChange for i = 11 
R-CCU: sum(pointsPerCluster) = 111 
 num 111
NULL
R-CCU: dpObj$numberClusters = 1 
List of 2
 $ : num [1, 1, 1] 0.346
 $ : num [1, 1, 1] 8.61
NULL
R priorParameters: 2 8 
R maxT: 1 
R_PriorDraw_first_mu: 0.8780533 
R_PriorDraw_first_nu: 1.539539 
R-CCU: Before ClusterLabelChange for i = 12 newLabel= 1 currentLabel= 1 
R-CCU: sum(pointsPerCluster) = 111 
 num 111
NULL
R-CCU: After ClusterLabelChange for i = 12 
R-CCU: sum(pointsPerCluster) = 112 
 num 112
NULL
R-CCU: dpObj$numberClusters = 1 
List of 2
 $ : num [1, 1, 1] 0.346
 $ : num [1, 1, 1] 8.61
NULL
R priorParameters: 2 8 
R maxT: 1 
R_PriorDraw_first_mu: 0.2579093 
R_PriorDraw_first_nu: 4.966516 
R-CCU: Before ClusterLabelChange for i = 13 newLabel= 1 currentLabel= 1 
R-CCU: sum(pointsPerCluster) = 112 
 num 112
NULL
R-CCU: After ClusterLabelChange for i = 13 
R-CCU: sum(pointsPerCluster) = 113 
 num 113
NULL
R-CCU: dpObj$numberClusters = 1 
List of 2
 $ : num [1, 1, 1] 0.346
 $ : num [1, 1, 1] 8.61
NULL
R priorParameters: 2 8 
R maxT: 1 
R_PriorDraw_first_mu: 0.9200793 
R_PriorDraw_first_nu: 1.466845 
R-CCU: Before ClusterLabelChange for i = 14 newLabel= 1 currentLabel= 1 
R-CCU: sum(pointsPerCluster) = 113 
 num 113
NULL
R-CCU: After ClusterLabelChange for i = 14 
R-CCU: sum(pointsPerCluster) = 114 
 num 114
NULL
R-CCU: dpObj$numberClusters = 1 
List of 2
 $ : num [1, 1, 1] 0.346
 $ : num [1, 1, 1] 8.61
NULL
R priorParameters: 2 8 
R maxT: 1 
R_PriorDraw_first_mu: 0.6555703 
R_PriorDraw_first_nu: 6.902689 
R-CCU: Before ClusterLabelChange for i = 15 newLabel= 1 currentLabel= 1 
R-CCU: sum(pointsPerCluster) = 114 
 num 114
NULL
R-CCU: After ClusterLabelChange for i = 15 
R-CCU: sum(pointsPerCluster) = 115 
 num 115
NULL
R-CCU: dpObj$numberClusters = 1 
List of 2
 $ : num [1, 1, 1] 0.346
 $ : num [1, 1, 1] 8.61
NULL
R priorParameters: 2 8 
R maxT: 1 
R_PriorDraw_first_mu: 0.8017667 
R_PriorDraw_first_nu: 1.51966 
R-CCU: Before ClusterLabelChange for i = 16 newLabel= 1 currentLabel= 1 
R-CCU: sum(pointsPerCluster) = 115 
 num 115
NULL
R-CCU: After ClusterLabelChange for i = 16 
R-CCU: sum(pointsPerCluster) = 116 
 num 116
NULL
R-CCU: dpObj$numberClusters = 1 
List of 2
 $ : num [1, 1, 1] 0.346
 $ : num [1, 1, 1] 8.61
NULL
R priorParameters: 2 8 
R maxT: 1 
R_PriorDraw_first_mu: 0.8915459 
R_PriorDraw_first_nu: 1.500215 
R-CCU: Before ClusterLabelChange for i = 17 newLabel= 1 currentLabel= 1 
R-CCU: sum(pointsPerCluster) = 116 
 num 116
NULL
R-CCU: After ClusterLabelChange for i = 17 
R-CCU: sum(pointsPerCluster) = 117 
 num 117
NULL
R-CCU: dpObj$numberClusters = 1 
List of 2
 $ : num [1, 1, 1] 0.346
 $ : num [1, 1, 1] 8.61
NULL
R priorParameters: 2 8 
R maxT: 1 
R_PriorDraw_first_mu: 0.3245353 
R_PriorDraw_first_nu: 6.920908 
R-CCU: Before ClusterLabelChange for i = 18 newLabel= 1 currentLabel= 1 
R-CCU: sum(pointsPerCluster) = 117 
 num 117
NULL
R-CCU: After ClusterLabelChange for i = 18 
R-CCU: sum(pointsPerCluster) = 118 
 num 118
NULL
R-CCU: dpObj$numberClusters = 1 
List of 2
 $ : num [1, 1, 1] 0.346
 $ : num [1, 1, 1] 8.61
NULL
R priorParameters: 2 8 
R maxT: 1 
R_PriorDraw_first_mu: 0.4239299 
R_PriorDraw_first_nu: 3.543698 
R-CCU: Before ClusterLabelChange for i = 19 newLabel= 1 currentLabel= 1 
R-CCU: sum(pointsPerCluster) = 118 
 num 118
NULL
R-CCU: After ClusterLabelChange for i = 19 
R-CCU: sum(pointsPerCluster) = 119 
 num 119
NULL
R-CCU: dpObj$numberClusters = 1 
List of 2
 $ : num [1, 1, 1] 0.346
 $ : num [1, 1, 1] 8.61
NULL
R priorParameters: 2 8 
R maxT: 1 
R_PriorDraw_first_mu: 0.4585629 
R_PriorDraw_first_nu: 1.525604 
R-CCU: Before ClusterLabelChange for i = 20 newLabel= 1 currentLabel= 1 
R-CCU: sum(pointsPerCluster) = 119 
 num 119
NULL
R-CCU: After ClusterLabelChange for i = 20 
R-CCU: sum(pointsPerCluster) = 120 
 num 120
NULL
R-CCU: dpObj$numberClusters = 1 
List of 2
 $ : num [1, 1, 1] 0.346
 $ : num [1, 1, 1] 8.61
NULL
R priorParameters: 2 8 
R maxT: 1 
R_PriorDraw_first_mu: 0.6295848 
R_PriorDraw_first_nu: 5.709662 
R-CCU: Before ClusterLabelChange for i = 21 newLabel= 1 currentLabel= 1 
R-CCU: sum(pointsPerCluster) = 120 
 num 120
NULL
R-CCU: After ClusterLabelChange for i = 21 
R-CCU: sum(pointsPerCluster) = 121 
 num 121
NULL
R-CCU: dpObj$numberClusters = 1 
List of 2
 $ : num [1, 1, 1] 0.346
 $ : num [1, 1, 1] 8.61
NULL
R priorParameters: 2 8 
R maxT: 1 
R_PriorDraw_first_mu: 0.4337925 
R_PriorDraw_first_nu: 15.88378 
R-CCU: Before ClusterLabelChange for i = 22 newLabel= 1 currentLabel= 1 
R-CCU: sum(pointsPerCluster) = 121 
 num 121
NULL
R-CCU: After ClusterLabelChange for i = 22 
R-CCU: sum(pointsPerCluster) = 122 
 num 122
NULL
R-CCU: dpObj$numberClusters = 1 
List of 2
 $ : num [1, 1, 1] 0.346
 $ : num [1, 1, 1] 8.61
NULL
R priorParameters: 2 8 
R maxT: 1 
R_PriorDraw_first_mu: 0.2042639 
R_PriorDraw_first_nu: 5.708344 
R-CCU: Before ClusterLabelChange for i = 23 newLabel= 1 currentLabel= 1 
R-CCU: sum(pointsPerCluster) = 122 
 num 122
NULL
R-CCU: After ClusterLabelChange for i = 23 
R-CCU: sum(pointsPerCluster) = 123 
 num 123
NULL
R-CCU: dpObj$numberClusters = 1 
List of 2
 $ : num [1, 1, 1] 0.346
 $ : num [1, 1, 1] 8.61
NULL
R priorParameters: 2 8 
R maxT: 1 
R_PriorDraw_first_mu: 0.1534652 
R_PriorDraw_first_nu: 4.160488 
R-CCU: Before ClusterLabelChange for i = 24 newLabel= 1 currentLabel= 1 
R-CCU: sum(pointsPerCluster) = 123 
 num 123
NULL
R-CCU: After ClusterLabelChange for i = 24 
R-CCU: sum(pointsPerCluster) = 124 
 num 124
NULL
R-CCU: dpObj$numberClusters = 1 
List of 2
 $ : num [1, 1, 1] 0.346
 $ : num [1, 1, 1] 8.61
NULL
R priorParameters: 2 8 
R maxT: 1 
R_PriorDraw_first_mu: 0.1074267 
R_PriorDraw_first_nu: 18.45654 
R-CCU: Before ClusterLabelChange for i = 25 newLabel= 1 currentLabel= 1 
R-CCU: sum(pointsPerCluster) = 124 
 num 124
NULL
R-CCU: After ClusterLabelChange for i = 25 
R-CCU: sum(pointsPerCluster) = 125 
 num 125
NULL
R-CCU: dpObj$numberClusters = 1 
List of 2
 $ : num [1, 1, 1] 0.346
 $ : num [1, 1, 1] 8.61
NULL
R priorParameters: 2 8 
R maxT: 1 
R_PriorDraw_first_mu: 0.4979328 
R_PriorDraw_first_nu: 11.12808 
R-CCU: Before ClusterLabelChange for i = 26 newLabel= 1 currentLabel= 1 
R-CCU: sum(pointsPerCluster) = 125 
 num 125
NULL
R-CCU: After ClusterLabelChange for i = 26 
R-CCU: sum(pointsPerCluster) = 126 
 num 126
NULL
R-CCU: dpObj$numberClusters = 1 
List of 2
 $ : num [1, 1, 1] 0.346
 $ : num [1, 1, 1] 8.61
NULL
R priorParameters: 2 8 
R maxT: 1 
R_PriorDraw_first_mu: 0.8824689 
R_PriorDraw_first_nu: 28.04757 
R-CCU: Before ClusterLabelChange for i = 27 newLabel= 1 currentLabel= 1 
R-CCU: sum(pointsPerCluster) = 126 
 num 126
NULL
R-CCU: After ClusterLabelChange for i = 27 
R-CCU: sum(pointsPerCluster) = 127 
 num 127
NULL
R-CCU: dpObj$numberClusters = 1 
List of 2
 $ : num [1, 1, 1] 0.346
 $ : num [1, 1, 1] 8.61
NULL
R priorParameters: 2 8 
R maxT: 1 
R_PriorDraw_first_mu: 0.371401 
R_PriorDraw_first_nu: 14.26065 
R-CCU: Before ClusterLabelChange for i = 28 newLabel= 1 currentLabel= 1 
R-CCU: sum(pointsPerCluster) = 127 
 num 127
NULL
R-CCU: After ClusterLabelChange for i = 28 
R-CCU: sum(pointsPerCluster) = 128 
 num 128
NULL
R-CCU: dpObj$numberClusters = 1 
List of 2
 $ : num [1, 1, 1] 0.346
 $ : num [1, 1, 1] 8.61
NULL
R priorParameters: 2 8 
R maxT: 1 
R_PriorDraw_first_mu: 0.4822001 
R_PriorDraw_first_nu: 9.79193 
R-CCU: Before ClusterLabelChange for i = 29 newLabel= 1 currentLabel= 1 
R-CCU: sum(pointsPerCluster) = 128 
 num 128
NULL
R-CCU: After ClusterLabelChange for i = 29 
R-CCU: sum(pointsPerCluster) = 129 
 num 129
NULL
R-CCU: dpObj$numberClusters = 1 
List of 2
 $ : num [1, 1, 1] 0.346
 $ : num [1, 1, 1] 8.61
NULL
R priorParameters: 2 8 
R maxT: 1 
R_PriorDraw_first_mu: 0.2201819 
R_PriorDraw_first_nu: 2.572751 
R-CCU: Before ClusterLabelChange for i = 30 newLabel= 1 currentLabel= 1 
R-CCU: sum(pointsPerCluster) = 129 
 num 129
NULL
R-CCU: After ClusterLabelChange for i = 30 
R-CCU: sum(pointsPerCluster) = 130 
 num 130
NULL
R-CCU: dpObj$numberClusters = 1 
List of 2
 $ : num [1, 1, 1] 0.346
 $ : num [1, 1, 1] 8.61
NULL
R priorParameters: 2 8 
R maxT: 1 
R_PriorDraw_first_mu: 0.9851086 
R_PriorDraw_first_nu: 8.449832 
R-CCU: Before ClusterLabelChange for i = 31 newLabel= 1 currentLabel= 1 
R-CCU: sum(pointsPerCluster) = 130 
 num 130
NULL
R-CCU: After ClusterLabelChange for i = 31 
R-CCU: sum(pointsPerCluster) = 131 
 num 131
NULL
R-CCU: dpObj$numberClusters = 1 
List of 2
 $ : num [1, 1, 1] 0.346
 $ : num [1, 1, 1] 8.61
NULL
R priorParameters: 2 8 
R maxT: 1 
R_PriorDraw_first_mu: 0.8833779 
R_PriorDraw_first_nu: 14.02305 
R-CCU: Before ClusterLabelChange for i = 32 newLabel= 1 currentLabel= 1 
R-CCU: sum(pointsPerCluster) = 131 
 num 131
NULL
R-CCU: After ClusterLabelChange for i = 32 
R-CCU: sum(pointsPerCluster) = 132 
 num 132
NULL
R-CCU: dpObj$numberClusters = 1 
List of 2
 $ : num [1, 1, 1] 0.346
 $ : num [1, 1, 1] 8.61
NULL
R priorParameters: 2 8 
R maxT: 1 
R_PriorDraw_first_mu: 0.2262865 
R_PriorDraw_first_nu: 57.16905 
R-CCU: Before ClusterLabelChange for i = 33 newLabel= 1 currentLabel= 1 
R-CCU: sum(pointsPerCluster) = 132 
 num 132
NULL
R-CCU: After ClusterLabelChange for i = 33 
R-CCU: sum(pointsPerCluster) = 133 
 num 133
NULL
R-CCU: dpObj$numberClusters = 1 
List of 2
 $ : num [1, 1, 1] 0.346
 $ : num [1, 1, 1] 8.61
NULL
R priorParameters: 2 8 
R maxT: 1 
R_PriorDraw_first_mu: 0.4649598 
R_PriorDraw_first_nu: 4.966499 
R-CCU: Before ClusterLabelChange for i = 34 newLabel= 1 currentLabel= 1 
R-CCU: sum(pointsPerCluster) = 133 
 num 133
NULL
R-CCU: After ClusterLabelChange for i = 34 
R-CCU: sum(pointsPerCluster) = 134 
 num 134
NULL
R-CCU: dpObj$numberClusters = 1 
List of 2
 $ : num [1, 1, 1] 0.346
 $ : num [1, 1, 1] 8.61
NULL
R priorParameters: 2 8 
R maxT: 1 
R_PriorDraw_first_mu: 0.2249293 
R_PriorDraw_first_nu: 2.257364 
R-CCU: Before ClusterLabelChange for i = 35 newLabel= 1 currentLabel= 1 
R-CCU: sum(pointsPerCluster) = 134 
 num 134
NULL
R-CCU: After ClusterLabelChange for i = 35 
R-CCU: sum(pointsPerCluster) = 135 
 num 135
NULL
R-CCU: dpObj$numberClusters = 1 
List of 2
 $ : num [1, 1, 1] 0.346
 $ : num [1, 1, 1] 8.61
NULL
R priorParameters: 2 8 
R maxT: 1 
R_PriorDraw_first_mu: 0.5948323 
R_PriorDraw_first_nu: 0.9410569 
R-CCU: Before ClusterLabelChange for i = 36 newLabel= 1 currentLabel= 1 
R-CCU: sum(pointsPerCluster) = 135 
 num 135
NULL
R-CCU: After ClusterLabelChange for i = 36 
R-CCU: sum(pointsPerCluster) = 136 
 num 136
NULL
R-CCU: dpObj$numberClusters = 1 
List of 2
 $ : num [1, 1, 1] 0.346
 $ : num [1, 1, 1] 8.61
NULL
R priorParameters: 2 8 
R maxT: 1 
R_PriorDraw_first_mu: 0.2447556 
R_PriorDraw_first_nu: 3.409799 
R-CCU: Before ClusterLabelChange for i = 37 newLabel= 1 currentLabel= 1 
R-CCU: sum(pointsPerCluster) = 136 
 num 136
NULL
R-CCU: After ClusterLabelChange for i = 37 
R-CCU: sum(pointsPerCluster) = 137 
 num 137
NULL
R-CCU: dpObj$numberClusters = 1 
List of 2
 $ : num [1, 1, 1] 0.346
 $ : num [1, 1, 1] 8.61
NULL
R priorParameters: 2 8 
R maxT: 1 
R_PriorDraw_first_mu: 0.9120509 
R_PriorDraw_first_nu: 3.90451 
R-CCU: Before ClusterLabelChange for i = 38 newLabel= 1 currentLabel= 1 
R-CCU: sum(pointsPerCluster) = 137 
 num 137
NULL
R-CCU: After ClusterLabelChange for i = 38 
R-CCU: sum(pointsPerCluster) = 138 
 num 138
NULL
R-CCU: dpObj$numberClusters = 1 
List of 2
 $ : num [1, 1, 1] 0.346
 $ : num [1, 1, 1] 8.61
NULL
R priorParameters: 2 8 
R maxT: 1 
R_PriorDraw_first_mu: 0.6816797 
R_PriorDraw_first_nu: 3.887486 
R-CCU: Before ClusterLabelChange for i = 39 newLabel= 1 currentLabel= 1 
R-CCU: sum(pointsPerCluster) = 138 
 num 138
NULL
R-CCU: After ClusterLabelChange for i = 39 
R-CCU: sum(pointsPerCluster) = 139 
 num 139
NULL
R-CCU: dpObj$numberClusters = 1 
List of 2
 $ : num [1, 1, 1] 0.346
 $ : num [1, 1, 1] 8.61
NULL
R priorParameters: 2 8 
R maxT: 1 
R_PriorDraw_first_mu: 0.6309738 
R_PriorDraw_first_nu: 4.655233 
R-CCU: Before ClusterLabelChange for i = 40 newLabel= 1 currentLabel= 1 
R-CCU: sum(pointsPerCluster) = 139 
 num 139
NULL
R-CCU: After ClusterLabelChange for i = 40 
R-CCU: sum(pointsPerCluster) = 140 
 num 140
NULL
R-CCU: dpObj$numberClusters = 1 
List of 2
 $ : num [1, 1, 1] 0.346
 $ : num [1, 1, 1] 8.61
NULL
R priorParameters: 2 8 
R maxT: 1 
R_PriorDraw_first_mu: 0.4964611 
R_PriorDraw_first_nu: 2.501984 
R-CCU: Before ClusterLabelChange for i = 41 newLabel= 1 currentLabel= 1 
R-CCU: sum(pointsPerCluster) = 140 
 num 140
NULL
R-CCU: After ClusterLabelChange for i = 41 
R-CCU: sum(pointsPerCluster) = 141 
 num 141
NULL
R-CCU: dpObj$numberClusters = 1 
List of 2
 $ : num [1, 1, 1] 0.346
 $ : num [1, 1, 1] 8.61
NULL
R priorParameters: 2 8 
R maxT: 1 
R_PriorDraw_first_mu: 0.9954139 
R_PriorDraw_first_nu: 3.135853 
R-CCU: Before ClusterLabelChange for i = 42 newLabel= 1 currentLabel= 1 
R-CCU: sum(pointsPerCluster) = 141 
 num 141
NULL
R-CCU: After ClusterLabelChange for i = 42 
R-CCU: sum(pointsPerCluster) = 142 
 num 142
NULL
R-CCU: dpObj$numberClusters = 1 
List of 2
 $ : num [1, 1, 1] 0.346
 $ : num [1, 1, 1] 8.61
NULL
R priorParameters: 2 8 
R maxT: 1 
R_PriorDraw_first_mu: 0.8710729 
R_PriorDraw_first_nu: 13.58647 
R-CCU: Before ClusterLabelChange for i = 43 newLabel= 1 currentLabel= 1 
R-CCU: sum(pointsPerCluster) = 142 
 num 142
NULL
R-CCU: After ClusterLabelChange for i = 43 
R-CCU: sum(pointsPerCluster) = 143 
 num 143
NULL
R-CCU: dpObj$numberClusters = 1 
List of 2
 $ : num [1, 1, 1] 0.346
 $ : num [1, 1, 1] 8.61
NULL
R priorParameters: 2 8 
R maxT: 1 
R_PriorDraw_first_mu: 0.04492185 
R_PriorDraw_first_nu: 7.974733 
R-CCU: Before ClusterLabelChange for i = 44 newLabel= 1 currentLabel= 1 
R-CCU: sum(pointsPerCluster) = 143 
 num 143
NULL
R-CCU: After ClusterLabelChange for i = 44 
R-CCU: sum(pointsPerCluster) = 144 
 num 144
NULL
R-CCU: dpObj$numberClusters = 1 
List of 2
 $ : num [1, 1, 1] 0.346
 $ : num [1, 1, 1] 8.61
NULL
R priorParameters: 2 8 
R maxT: 1 
R_PriorDraw_first_mu: 0.4486749 
R_PriorDraw_first_nu: 3.831506 
R-CCU: Before ClusterLabelChange for i = 45 newLabel= 1 currentLabel= 1 
R-CCU: sum(pointsPerCluster) = 144 
 num 144
NULL
R-CCU: After ClusterLabelChange for i = 45 
R-CCU: sum(pointsPerCluster) = 145 
 num 145
NULL
R-CCU: dpObj$numberClusters = 1 
List of 2
 $ : num [1, 1, 1] 0.346
 $ : num [1, 1, 1] 8.61
NULL
R priorParameters: 2 8 
R maxT: 1 
R_PriorDraw_first_mu: 0.9163714 
R_PriorDraw_first_nu: 0.8284109 
R-CCU: Before ClusterLabelChange for i = 46 newLabel= 1 currentLabel= 1 
R-CCU: sum(pointsPerCluster) = 145 
 num 145
NULL
R-CCU: After ClusterLabelChange for i = 46 
R-CCU: sum(pointsPerCluster) = 146 
 num 146
NULL
R-CCU: dpObj$numberClusters = 1 
List of 2
 $ : num [1, 1, 1] 0.346
 $ : num [1, 1, 1] 8.61
NULL
R priorParameters: 2 8 
R maxT: 1 
R_PriorDraw_first_mu: 0.8830778 
R_PriorDraw_first_nu: 3.795035 
R-CCU: Before ClusterLabelChange for i = 47 newLabel= 1 currentLabel= 1 
R-CCU: sum(pointsPerCluster) = 146 
 num 146
NULL
R-CCU: After ClusterLabelChange for i = 47 
R-CCU: sum(pointsPerCluster) = 147 
 num 147
NULL
R-CCU: dpObj$numberClusters = 1 
List of 2
 $ : num [1, 1, 1] 0.346
 $ : num [1, 1, 1] 8.61
NULL
R priorParameters: 2 8 
R maxT: 1 
R_PriorDraw_first_mu: 0.3976084 
R_PriorDraw_first_nu: 5.571695 
R-CCU: Before ClusterLabelChange for i = 48 newLabel= 1 currentLabel= 1 
R-CCU: sum(pointsPerCluster) = 147 
 num 147
NULL
R-CCU: After ClusterLabelChange for i = 48 
R-CCU: sum(pointsPerCluster) = 148 
 num 148
NULL
R-CCU: dpObj$numberClusters = 1 
List of 2
 $ : num [1, 1, 1] 0.346
 $ : num [1, 1, 1] 8.61
NULL
R priorParameters: 2 8 
R maxT: 1 
R_PriorDraw_first_mu: 0.2304719 
R_PriorDraw_first_nu: 2.199691 
R-CCU: Before ClusterLabelChange for i = 49 newLabel= 1 currentLabel= 1 
R-CCU: sum(pointsPerCluster) = 148 
 num 148
NULL
R-CCU: After ClusterLabelChange for i = 49 
R-CCU: sum(pointsPerCluster) = 149 
 num 149
NULL
R-CCU: dpObj$numberClusters = 1 
List of 2
 $ : num [1, 1, 1] 0.346
 $ : num [1, 1, 1] 8.61
NULL
R priorParameters: 2 8 
R maxT: 1 
R_PriorDraw_first_mu: 0.8405874 
R_PriorDraw_first_nu: 4.269909 
R-CCU: Before ClusterLabelChange for i = 50 newLabel= 1 currentLabel= 1 
R-CCU: sum(pointsPerCluster) = 149 
 num 149
NULL
R-CCU: After ClusterLabelChange for i = 50 
R-CCU: sum(pointsPerCluster) = 150 
 num 150
NULL
R-CCU: dpObj$numberClusters = 1 
List of 2
 $ : num [1, 1, 1] 0.346
 $ : num [1, 1, 1] 8.61
NULL
R priorParameters: 2 8 
R maxT: 1 
R_PriorDraw_first_mu: 0.007963148 
R_PriorDraw_first_nu: 1.621602 
R-CCU: Before ClusterLabelChange for i = 51 newLabel= 1 currentLabel= 1 
R-CCU: sum(pointsPerCluster) = 150 
 num 150
NULL
R-CCU: After ClusterLabelChange for i = 51 
R-CCU: sum(pointsPerCluster) = 151 
 num 151
NULL
R-CCU: dpObj$numberClusters = 1 
List of 2
 $ : num [1, 1, 1] 0.346
 $ : num [1, 1, 1] 8.61
NULL
R priorParameters: 2 8 
R maxT: 1 
R_PriorDraw_first_mu: 0.1192635 
R_PriorDraw_first_nu: 7.989497 
R-CCU: Before ClusterLabelChange for i = 52 newLabel= 1 currentLabel= 1 
R-CCU: sum(pointsPerCluster) = 151 
 num 151
NULL
R-CCU: After ClusterLabelChange for i = 52 
R-CCU: sum(pointsPerCluster) = 152 
 num 152
NULL
R-CCU: dpObj$numberClusters = 1 
List of 2
 $ : num [1, 1, 1] 0.346
 $ : num [1, 1, 1] 8.61
NULL
R priorParameters: 2 8 
R maxT: 1 
R_PriorDraw_first_mu: 0.7788295 
R_PriorDraw_first_nu: 1.493144 
R-CCU: Before ClusterLabelChange for i = 53 newLabel= 1 currentLabel= 1 
R-CCU: sum(pointsPerCluster) = 152 
 num 152
NULL
R-CCU: After ClusterLabelChange for i = 53 
R-CCU: sum(pointsPerCluster) = 153 
 num 153
NULL
R-CCU: dpObj$numberClusters = 1 
List of 2
 $ : num [1, 1, 1] 0.346
 $ : num [1, 1, 1] 8.61
NULL
R priorParameters: 2 8 
R maxT: 1 
R_PriorDraw_first_mu: 0.2582663 
R_PriorDraw_first_nu: 4.216247 
R-CCU: Before ClusterLabelChange for i = 54 newLabel= 1 currentLabel= 1 
R-CCU: sum(pointsPerCluster) = 153 
 num 153
NULL
R-CCU: After ClusterLabelChange for i = 54 
R-CCU: sum(pointsPerCluster) = 154 
 num 154
NULL
R-CCU: dpObj$numberClusters = 1 
List of 2
 $ : num [1, 1, 1] 0.346
 $ : num [1, 1, 1] 8.61
NULL
R priorParameters: 2 8 
R maxT: 1 
R_PriorDraw_first_mu: 0.4997178 
R_PriorDraw_first_nu: 3.508917 
R-CCU: Before ClusterLabelChange for i = 55 newLabel= 1 currentLabel= 1 
R-CCU: sum(pointsPerCluster) = 154 
 num 154
NULL
R-CCU: After ClusterLabelChange for i = 55 
R-CCU: sum(pointsPerCluster) = 155 
 num 155
NULL
R-CCU: dpObj$numberClusters = 1 
List of 2
 $ : num [1, 1, 1] 0.346
 $ : num [1, 1, 1] 8.61
NULL
R priorParameters: 2 8 
R maxT: 1 
R_PriorDraw_first_mu: 0.2154733 
R_PriorDraw_first_nu: 7.934817 
R-CCU: Before ClusterLabelChange for i = 56 newLabel= 1 currentLabel= 1 
R-CCU: sum(pointsPerCluster) = 155 
 num 155
NULL
R-CCU: After ClusterLabelChange for i = 56 
R-CCU: sum(pointsPerCluster) = 156 
 num 156
NULL
R-CCU: dpObj$numberClusters = 1 
List of 2
 $ : num [1, 1, 1] 0.346
 $ : num [1, 1, 1] 8.61
NULL
R priorParameters: 2 8 
R maxT: 1 
R_PriorDraw_first_mu: 0.8465373 
R_PriorDraw_first_nu: 2.553377 
R-CCU: Before ClusterLabelChange for i = 57 newLabel= 1 currentLabel= 1 
R-CCU: sum(pointsPerCluster) = 156 
 num 156
NULL
R-CCU: After ClusterLabelChange for i = 57 
R-CCU: sum(pointsPerCluster) = 157 
 num 157
NULL
R-CCU: dpObj$numberClusters = 1 
List of 2
 $ : num [1, 1, 1] 0.346
 $ : num [1, 1, 1] 8.61
NULL
R priorParameters: 2 8 
R maxT: 1 
R_PriorDraw_first_mu: 0.03592345 
R_PriorDraw_first_nu: 2.213614 
R-CCU: Before ClusterLabelChange for i = 58 newLabel= 1 currentLabel= 1 
R-CCU: sum(pointsPerCluster) = 157 
 num 157
NULL
R-CCU: After ClusterLabelChange for i = 58 
R-CCU: sum(pointsPerCluster) = 158 
 num 158
NULL
R-CCU: dpObj$numberClusters = 1 
List of 2
 $ : num [1, 1, 1] 0.346
 $ : num [1, 1, 1] 8.61
NULL
R priorParameters: 2 8 
R maxT: 1 
R_PriorDraw_first_mu: 0.2194177 
R_PriorDraw_first_nu: 9.757725 
R-CCU: Before ClusterLabelChange for i = 59 newLabel= 1 currentLabel= 1 
R-CCU: sum(pointsPerCluster) = 158 
 num 158
NULL
R-CCU: After ClusterLabelChange for i = 59 
R-CCU: sum(pointsPerCluster) = 159 
 num 159
NULL
R-CCU: dpObj$numberClusters = 1 
List of 2
 $ : num [1, 1, 1] 0.346
 $ : num [1, 1, 1] 8.61
NULL
R priorParameters: 2 8 
R maxT: 1 
R_PriorDraw_first_mu: 0.3744948 
R_PriorDraw_first_nu: 1.61983 
R-CCU: Before ClusterLabelChange for i = 60 newLabel= 1 currentLabel= 1 
R-CCU: sum(pointsPerCluster) = 159 
 num 159
NULL
R-CCU: After ClusterLabelChange for i = 60 
R-CCU: sum(pointsPerCluster) = 160 
 num 160
NULL
R-CCU: dpObj$numberClusters = 1 
List of 2
 $ : num [1, 1, 1] 0.346
 $ : num [1, 1, 1] 8.61
NULL
R priorParameters: 2 8 
R maxT: 1 
R_PriorDraw_first_mu: 0.3751322 
R_PriorDraw_first_nu: 1.801398 
R-CCU: Before ClusterLabelChange for i = 61 newLabel= 1 currentLabel= 1 
R-CCU: sum(pointsPerCluster) = 160 
 num 160
NULL
R-CCU: After ClusterLabelChange for i = 61 
R-CCU: sum(pointsPerCluster) = 161 
 num 161
NULL
R-CCU: dpObj$numberClusters = 1 
List of 2
 $ : num [1, 1, 1] 0.346
 $ : num [1, 1, 1] 8.61
NULL
R priorParameters: 2 8 
R maxT: 1 
R_PriorDraw_first_mu: 0.1161263 
R_PriorDraw_first_nu: 9.917275 
R-CCU: Before ClusterLabelChange for i = 62 newLabel= 1 currentLabel= 1 
R-CCU: sum(pointsPerCluster) = 161 
 num 161
NULL
R-CCU: After ClusterLabelChange for i = 62 
R-CCU: sum(pointsPerCluster) = 162 
 num 162
NULL
R-CCU: dpObj$numberClusters = 1 
List of 2
 $ : num [1, 1, 1] 0.346
 $ : num [1, 1, 1] 8.61
NULL
R priorParameters: 2 8 
R maxT: 1 
R_PriorDraw_first_mu: 0.4495872 
R_PriorDraw_first_nu: 2.302967 
R-CCU: Before ClusterLabelChange for i = 63 newLabel= 1 currentLabel= 1 
R-CCU: sum(pointsPerCluster) = 162 
 num 162
NULL
R-CCU: After ClusterLabelChange for i = 63 
R-CCU: sum(pointsPerCluster) = 163 
 num 163
NULL
R-CCU: dpObj$numberClusters = 1 
List of 2
 $ : num [1, 1, 1] 0.346
 $ : num [1, 1, 1] 8.61
NULL
R priorParameters: 2 8 
R maxT: 1 
R_PriorDraw_first_mu: 0.6034935 
R_PriorDraw_first_nu: 4.68122 
R-CCU: Before ClusterLabelChange for i = 64 newLabel= 1 currentLabel= 1 
R-CCU: sum(pointsPerCluster) = 163 
 num 163
NULL
R-CCU: After ClusterLabelChange for i = 64 
R-CCU: sum(pointsPerCluster) = 164 
 num 164
NULL
R-CCU: dpObj$numberClusters = 1 
List of 2
 $ : num [1, 1, 1] 0.346
 $ : num [1, 1, 1] 8.61
NULL
R priorParameters: 2 8 
R maxT: 1 
R_PriorDraw_first_mu: 0.7882808 
R_PriorDraw_first_nu: 1.481742 
R-CCU: Before ClusterLabelChange for i = 65 newLabel= 1 currentLabel= 1 
R-CCU: sum(pointsPerCluster) = 164 
 num 164
NULL
R-CCU: After ClusterLabelChange for i = 65 
R-CCU: sum(pointsPerCluster) = 165 
 num 165
NULL
R-CCU: dpObj$numberClusters = 1 
List of 2
 $ : num [1, 1, 1] 0.346
 $ : num [1, 1, 1] 8.61
NULL
R priorParameters: 2 8 
R maxT: 1 
R_PriorDraw_first_mu: 0.4534819 
R_PriorDraw_first_nu: 3.728227 
R-CCU: Before ClusterLabelChange for i = 66 newLabel= 1 currentLabel= 1 
R-CCU: sum(pointsPerCluster) = 165 
 num 165
NULL
R-CCU: After ClusterLabelChange for i = 66 
R-CCU: sum(pointsPerCluster) = 166 
 num 166
NULL
R-CCU: dpObj$numberClusters = 1 
List of 2
 $ : num [1, 1, 1] 0.346
 $ : num [1, 1, 1] 8.61
NULL
R priorParameters: 2 8 
R maxT: 1 
R_PriorDraw_first_mu: 0.07883036 
R_PriorDraw_first_nu: 24.17009 
R-CCU: Before ClusterLabelChange for i = 67 newLabel= 1 currentLabel= 1 
R-CCU: sum(pointsPerCluster) = 166 
 num 166
NULL
R-CCU: After ClusterLabelChange for i = 67 
R-CCU: sum(pointsPerCluster) = 167 
 num 167
NULL
R-CCU: dpObj$numberClusters = 1 
List of 2
 $ : num [1, 1, 1] 0.346
 $ : num [1, 1, 1] 8.61
NULL
R priorParameters: 2 8 
R maxT: 1 
R_PriorDraw_first_mu: 0.5520398 
R_PriorDraw_first_nu: 7.496381 
R-CCU: Before ClusterLabelChange for i = 68 newLabel= 1 currentLabel= 1 
R-CCU: sum(pointsPerCluster) = 167 
 num 167
NULL
R-CCU: After ClusterLabelChange for i = 68 
R-CCU: sum(pointsPerCluster) = 168 
 num 168
NULL
R-CCU: dpObj$numberClusters = 1 
List of 2
 $ : num [1, 1, 1] 0.346
 $ : num [1, 1, 1] 8.61
NULL
R priorParameters: 2 8 
R maxT: 1 
R_PriorDraw_first_mu: 0.6406965 
R_PriorDraw_first_nu: 5.157787 
R-CCU: Before ClusterLabelChange for i = 69 newLabel= 1 currentLabel= 1 
R-CCU: sum(pointsPerCluster) = 168 
 num 168
NULL
R-CCU: After ClusterLabelChange for i = 69 
R-CCU: sum(pointsPerCluster) = 169 
 num 169
NULL
R-CCU: dpObj$numberClusters = 1 
List of 2
 $ : num [1, 1, 1] 0.346
 $ : num [1, 1, 1] 8.61
NULL
R priorParameters: 2 8 
R maxT: 1 
R_PriorDraw_first_mu: 0.1853128 
R_PriorDraw_first_nu: 1.982607 
R-CCU: Before ClusterLabelChange for i = 70 newLabel= 1 currentLabel= 1 
R-CCU: sum(pointsPerCluster) = 169 
 num 169
NULL
R-CCU: After ClusterLabelChange for i = 70 
R-CCU: sum(pointsPerCluster) = 170 
 num 170
NULL
R-CCU: dpObj$numberClusters = 1 
List of 2
 $ : num [1, 1, 1] 0.346
 $ : num [1, 1, 1] 8.61
NULL
R priorParameters: 2 8 
R maxT: 1 
R_PriorDraw_first_mu: 0.5907877 
R_PriorDraw_first_nu: 3.640924 
R-CCU: Before ClusterLabelChange for i = 71 newLabel= 1 currentLabel= 1 
R-CCU: sum(pointsPerCluster) = 170 
 num 170
NULL
R-CCU: After ClusterLabelChange for i = 71 
R-CCU: sum(pointsPerCluster) = 171 
 num 171
NULL
R-CCU: dpObj$numberClusters = 1 
List of 2
 $ : num [1, 1, 1] 0.346
 $ : num [1, 1, 1] 8.61
NULL
R priorParameters: 2 8 
R maxT: 1 
R_PriorDraw_first_mu: 0.08839427 
R_PriorDraw_first_nu: 3.944878 
R-CCU: Before ClusterLabelChange for i = 72 newLabel= 1 currentLabel= 1 
R-CCU: sum(pointsPerCluster) = 171 
 num 171
NULL
R-CCU: After ClusterLabelChange for i = 72 
R-CCU: sum(pointsPerCluster) = 172 
 num 172
NULL
R-CCU: dpObj$numberClusters = 1 
List of 2
 $ : num [1, 1, 1] 0.346
 $ : num [1, 1, 1] 8.61
NULL
R priorParameters: 2 8 
R maxT: 1 
R_PriorDraw_first_mu: 0.9860376 
R_PriorDraw_first_nu: 2.228419 
R-CCU: Before ClusterLabelChange for i = 73 newLabel= 1 currentLabel= 1 
R-CCU: sum(pointsPerCluster) = 172 
 num 172
NULL
R-CCU: After ClusterLabelChange for i = 73 
R-CCU: sum(pointsPerCluster) = 173 
 num 173
NULL
R-CCU: dpObj$numberClusters = 1 
List of 2
 $ : num [1, 1, 1] 0.346
 $ : num [1, 1, 1] 8.61
NULL
R priorParameters: 2 8 
R maxT: 1 
R_PriorDraw_first_mu: 0.3152505 
R_PriorDraw_first_nu: 24.63783 
R-CCU: Before ClusterLabelChange for i = 74 newLabel= 1 currentLabel= 1 
R-CCU: sum(pointsPerCluster) = 173 
 num 173
NULL
R-CCU: After ClusterLabelChange for i = 74 
R-CCU: sum(pointsPerCluster) = 174 
 num 174
NULL
R-CCU: dpObj$numberClusters = 1 
List of 2
 $ : num [1, 1, 1] 0.346
 $ : num [1, 1, 1] 8.61
NULL
R priorParameters: 2 8 
R maxT: 1 
R_PriorDraw_first_mu: 0.7683221 
R_PriorDraw_first_nu: 3.262869 
R-CCU: Before ClusterLabelChange for i = 75 newLabel= 1 currentLabel= 1 
R-CCU: sum(pointsPerCluster) = 174 
 num 174
NULL
R-CCU: After ClusterLabelChange for i = 75 
R-CCU: sum(pointsPerCluster) = 175 
 num 175
NULL
R-CCU: dpObj$numberClusters = 1 
List of 2
 $ : num [1, 1, 1] 0.346
 $ : num [1, 1, 1] 8.61
NULL
R priorParameters: 2 8 
R maxT: 1 
R_PriorDraw_first_mu: 0.4257642 
R_PriorDraw_first_nu: 3.451542 
R-CCU: Before ClusterLabelChange for i = 76 newLabel= 1 currentLabel= 1 
R-CCU: sum(pointsPerCluster) = 175 
 num 175
NULL
R-CCU: After ClusterLabelChange for i = 76 
R-CCU: sum(pointsPerCluster) = 176 
 num 176
NULL
R-CCU: dpObj$numberClusters = 1 
List of 2
 $ : num [1, 1, 1] 0.346
 $ : num [1, 1, 1] 8.61
NULL
R priorParameters: 2 8 
R maxT: 1 
R_PriorDraw_first_mu: 0.7447462 
R_PriorDraw_first_nu: 21.86191 
R-CCU: Before ClusterLabelChange for i = 77 newLabel= 1 currentLabel= 1 
R-CCU: sum(pointsPerCluster) = 176 
 num 176
NULL
R-CCU: After ClusterLabelChange for i = 77 
R-CCU: sum(pointsPerCluster) = 177 
 num 177
NULL
R-CCU: dpObj$numberClusters = 1 
List of 2
 $ : num [1, 1, 1] 0.346
 $ : num [1, 1, 1] 8.61
NULL
R priorParameters: 2 8 
R maxT: 1 
R_PriorDraw_first_mu: 0.7791013 
R_PriorDraw_first_nu: 15.17672 
R-CCU: Before ClusterLabelChange for i = 78 newLabel= 1 currentLabel= 1 
R-CCU: sum(pointsPerCluster) = 177 
 num 177
NULL
R-CCU: After ClusterLabelChange for i = 78 
R-CCU: sum(pointsPerCluster) = 178 
 num 178
NULL
R-CCU: dpObj$numberClusters = 1 
List of 2
 $ : num [1, 1, 1] 0.346
 $ : num [1, 1, 1] 8.61
NULL
R priorParameters: 2 8 
R maxT: 1 
R_PriorDraw_first_mu: 0.1824807 
R_PriorDraw_first_nu: 8.418859 
R-CCU: Before ClusterLabelChange for i = 79 newLabel= 1 currentLabel= 1 
R-CCU: sum(pointsPerCluster) = 178 
 num 178
NULL
R-CCU: After ClusterLabelChange for i = 79 
R-CCU: sum(pointsPerCluster) = 179 
 num 179
NULL
R-CCU: dpObj$numberClusters = 1 
List of 2
 $ : num [1, 1, 1] 0.346
 $ : num [1, 1, 1] 8.61
NULL
R priorParameters: 2 8 
R maxT: 1 
R_PriorDraw_first_mu: 0.228197 
R_PriorDraw_first_nu: 5.175911 
R-CCU: Before ClusterLabelChange for i = 80 newLabel= 1 currentLabel= 1 
R-CCU: sum(pointsPerCluster) = 179 
 num 179
NULL
R-CCU: After ClusterLabelChange for i = 80 
R-CCU: sum(pointsPerCluster) = 180 
 num 180
NULL
R-CCU: dpObj$numberClusters = 1 
List of 2
 $ : num [1, 1, 1] 0.346
 $ : num [1, 1, 1] 8.61
NULL
R priorParameters: 2 8 
R maxT: 1 
R_PriorDraw_first_mu: 0.5006626 
R_PriorDraw_first_nu: 3.034583 
R-CCU: Before ClusterLabelChange for i = 81 newLabel= 1 currentLabel= 1 
R-CCU: sum(pointsPerCluster) = 180 
 num 180
NULL
R-CCU: After ClusterLabelChange for i = 81 
R-CCU: sum(pointsPerCluster) = 181 
 num 181
NULL
R-CCU: dpObj$numberClusters = 1 
List of 2
 $ : num [1, 1, 1] 0.346
 $ : num [1, 1, 1] 8.61
NULL
R priorParameters: 2 8 
R maxT: 1 
R_PriorDraw_first_mu: 0.4736204 
R_PriorDraw_first_nu: 6.300975 
R-CCU: Before ClusterLabelChange for i = 82 newLabel= 1 currentLabel= 1 
R-CCU: sum(pointsPerCluster) = 181 
 num 181
NULL
R-CCU: After ClusterLabelChange for i = 82 
R-CCU: sum(pointsPerCluster) = 182 
 num 182
NULL
R-CCU: dpObj$numberClusters = 1 
List of 2
 $ : num [1, 1, 1] 0.346
 $ : num [1, 1, 1] 8.61
NULL
R priorParameters: 2 8 
R maxT: 1 
R_PriorDraw_first_mu: 0.05773535 
R_PriorDraw_first_nu: 11.17006 
R-CCU: Before ClusterLabelChange for i = 83 newLabel= 1 currentLabel= 1 
R-CCU: sum(pointsPerCluster) = 182 
 num 182
NULL
R-CCU: After ClusterLabelChange for i = 83 
R-CCU: sum(pointsPerCluster) = 183 
 num 183
NULL
R-CCU: dpObj$numberClusters = 1 
List of 2
 $ : num [1, 1, 1] 0.346
 $ : num [1, 1, 1] 8.61
NULL
R priorParameters: 2 8 
R maxT: 1 
R_PriorDraw_first_mu: 0.8684325 
R_PriorDraw_first_nu: 7.761936 
R-CCU: Before ClusterLabelChange for i = 84 newLabel= 1 currentLabel= 1 
R-CCU: sum(pointsPerCluster) = 183 
 num 183
NULL
R-CCU: After ClusterLabelChange for i = 84 
R-CCU: sum(pointsPerCluster) = 184 
 num 184
NULL
R-CCU: dpObj$numberClusters = 1 
List of 2
 $ : num [1, 1, 1] 0.346
 $ : num [1, 1, 1] 8.61
NULL
R priorParameters: 2 8 
R maxT: 1 
R_PriorDraw_first_mu: 0.4839446 
R_PriorDraw_first_nu: 4.629555 
R-CCU: Before ClusterLabelChange for i = 85 newLabel= 1 currentLabel= 1 
R-CCU: sum(pointsPerCluster) = 184 
 num 184
NULL
R-CCU: After ClusterLabelChange for i = 85 
R-CCU: sum(pointsPerCluster) = 185 
 num 185
NULL
R-CCU: dpObj$numberClusters = 1 
List of 2
 $ : num [1, 1, 1] 0.346
 $ : num [1, 1, 1] 8.61
NULL
R priorParameters: 2 8 
R maxT: 1 
R_PriorDraw_first_mu: 0.09070332 
R_PriorDraw_first_nu: 3.512423 
R-CCU: Before ClusterLabelChange for i = 86 newLabel= 1 currentLabel= 1 
R-CCU: sum(pointsPerCluster) = 185 
 num 185
NULL
R-CCU: After ClusterLabelChange for i = 86 
R-CCU: sum(pointsPerCluster) = 186 
 num 186
NULL
R-CCU: dpObj$numberClusters = 1 
List of 2
 $ : num [1, 1, 1] 0.346
 $ : num [1, 1, 1] 8.61
NULL
R priorParameters: 2 8 
R maxT: 1 
R_PriorDraw_first_mu: 0.9824312 
R_PriorDraw_first_nu: 5.715585 
R-CCU: Before ClusterLabelChange for i = 87 newLabel= 1 currentLabel= 1 
R-CCU: sum(pointsPerCluster) = 186 
 num 186
NULL
R-CCU: After ClusterLabelChange for i = 87 
R-CCU: sum(pointsPerCluster) = 187 
 num 187
NULL
R-CCU: dpObj$numberClusters = 1 
List of 2
 $ : num [1, 1, 1] 0.346
 $ : num [1, 1, 1] 8.61
NULL
R priorParameters: 2 8 
R maxT: 1 
R_PriorDraw_first_mu: 0.5626797 
R_PriorDraw_first_nu: 7.597261 
R-CCU: Before ClusterLabelChange for i = 88 newLabel= 1 currentLabel= 1 
R-CCU: sum(pointsPerCluster) = 187 
 num 187
NULL
R-CCU: After ClusterLabelChange for i = 88 
R-CCU: sum(pointsPerCluster) = 188 
 num 188
NULL
R-CCU: dpObj$numberClusters = 1 
List of 2
 $ : num [1, 1, 1] 0.346
 $ : num [1, 1, 1] 8.61
NULL
R priorParameters: 2 8 
R maxT: 1 
R_PriorDraw_first_mu: 0.7643398 
R_PriorDraw_first_nu: 5.642007 
R-CCU: Before ClusterLabelChange for i = 89 newLabel= 1 currentLabel= 1 
R-CCU: sum(pointsPerCluster) = 188 
 num 188
NULL
R-CCU: After ClusterLabelChange for i = 89 
R-CCU: sum(pointsPerCluster) = 189 
 num 189
NULL
R-CCU: dpObj$numberClusters = 1 
List of 2
 $ : num [1, 1, 1] 0.346
 $ : num [1, 1, 1] 8.61
NULL
R priorParameters: 2 8 
R maxT: 1 
R_PriorDraw_first_mu: 0.8929696 
R_PriorDraw_first_nu: 3.890183 
R-CCU: Before ClusterLabelChange for i = 90 newLabel= 1 currentLabel= 1 
R-CCU: sum(pointsPerCluster) = 189 
 num 189
NULL
R-CCU: After ClusterLabelChange for i = 90 
R-CCU: sum(pointsPerCluster) = 190 
 num 190
NULL
R-CCU: dpObj$numberClusters = 1 
List of 2
 $ : num [1, 1, 1] 0.346
 $ : num [1, 1, 1] 8.61
NULL
R priorParameters: 2 8 
R maxT: 1 
R_PriorDraw_first_mu: 0.621718 
R_PriorDraw_first_nu: 5.168589 
R-CCU: Before ClusterLabelChange for i = 91 newLabel= 1 currentLabel= 1 
R-CCU: sum(pointsPerCluster) = 190 
 num 190
NULL
R-CCU: After ClusterLabelChange for i = 91 
R-CCU: sum(pointsPerCluster) = 191 
 num 191
NULL
R-CCU: dpObj$numberClusters = 1 
List of 2
 $ : num [1, 1, 1] 0.346
 $ : num [1, 1, 1] 8.61
NULL
R priorParameters: 2 8 
R maxT: 1 
R_PriorDraw_first_mu: 0.7937397 
R_PriorDraw_first_nu: 2.891458 
R-CCU: Before ClusterLabelChange for i = 92 newLabel= 1 currentLabel= 1 
R-CCU: sum(pointsPerCluster) = 191 
 num 191
NULL
R-CCU: After ClusterLabelChange for i = 92 
R-CCU: sum(pointsPerCluster) = 192 
 num 192
NULL
R-CCU: dpObj$numberClusters = 1 
List of 2
 $ : num [1, 1, 1] 0.346
 $ : num [1, 1, 1] 8.61
NULL
R priorParameters: 2 8 
R maxT: 1 
R_PriorDraw_first_mu: 0.09322806 
R_PriorDraw_first_nu: 2.941912 
R-CCU: Before ClusterLabelChange for i = 93 newLabel= 1 currentLabel= 1 
R-CCU: sum(pointsPerCluster) = 192 
 num 192
NULL
R-CCU: After ClusterLabelChange for i = 93 
R-CCU: sum(pointsPerCluster) = 193 
 num 193
NULL
R-CCU: dpObj$numberClusters = 1 
List of 2
 $ : num [1, 1, 1] 0.346
 $ : num [1, 1, 1] 8.61
NULL
R priorParameters: 2 8 
R maxT: 1 
R_PriorDraw_first_mu: 0.7914449 
R_PriorDraw_first_nu: 7.023222 
R-CCU: Before ClusterLabelChange for i = 94 newLabel= 1 currentLabel= 1 
R-CCU: sum(pointsPerCluster) = 193 
 num 193
NULL
R-CCU: After ClusterLabelChange for i = 94 
R-CCU: sum(pointsPerCluster) = 194 
 num 194
NULL
R-CCU: dpObj$numberClusters = 1 
List of 2
 $ : num [1, 1, 1] 0.346
 $ : num [1, 1, 1] 8.61
NULL
R priorParameters: 2 8 
R maxT: 1 
R_PriorDraw_first_mu: 0.4428319 
R_PriorDraw_first_nu: 7.520889 
R-CCU: Before ClusterLabelChange for i = 95 newLabel= 1 currentLabel= 1 
R-CCU: sum(pointsPerCluster) = 194 
 num 194
NULL
R-CCU: After ClusterLabelChange for i = 95 
R-CCU: sum(pointsPerCluster) = 195 
 num 195
NULL
R-CCU: dpObj$numberClusters = 1 
List of 2
 $ : num [1, 1, 1] 0.346
 $ : num [1, 1, 1] 8.61
NULL
R priorParameters: 2 8 
R maxT: 1 
R_PriorDraw_first_mu: 0.78133 
R_PriorDraw_first_nu: 3.904383 
R-CCU: Before ClusterLabelChange for i = 96 newLabel= 1 currentLabel= 1 
R-CCU: sum(pointsPerCluster) = 195 
 num 195
NULL
R-CCU: After ClusterLabelChange for i = 96 
R-CCU: sum(pointsPerCluster) = 196 
 num 196
NULL
R-CCU: dpObj$numberClusters = 1 
List of 2
 $ : num [1, 1, 1] 0.346
 $ : num [1, 1, 1] 8.61
NULL
R priorParameters: 2 8 
R maxT: 1 
R_PriorDraw_first_mu: 0.4516523 
R_PriorDraw_first_nu: 6.10548 
R-CCU: Before ClusterLabelChange for i = 97 newLabel= 1 currentLabel= 1 
R-CCU: sum(pointsPerCluster) = 196 
 num 196
NULL
R-CCU: After ClusterLabelChange for i = 97 
R-CCU: sum(pointsPerCluster) = 197 
 num 197
NULL
R-CCU: dpObj$numberClusters = 1 
List of 2
 $ : num [1, 1, 1] 0.346
 $ : num [1, 1, 1] 8.61
NULL
R priorParameters: 2 8 
R maxT: 1 
R_PriorDraw_first_mu: 0.8590309 
R_PriorDraw_first_nu: 6.916261 
R-CCU: Before ClusterLabelChange for i = 98 newLabel= 1 currentLabel= 1 
R-CCU: sum(pointsPerCluster) = 197 
 num 197
NULL
R-CCU: After ClusterLabelChange for i = 98 
R-CCU: sum(pointsPerCluster) = 198 
 num 198
NULL
R-CCU: dpObj$numberClusters = 1 
List of 2
 $ : num [1, 1, 1] 0.346
 $ : num [1, 1, 1] 8.61
NULL
R priorParameters: 2 8 
R maxT: 1 
R_PriorDraw_first_mu: 0.8788312 
R_PriorDraw_first_nu: 10.97758 
R-CCU: Before ClusterLabelChange for i = 99 newLabel= 1 currentLabel= 1 
R-CCU: sum(pointsPerCluster) = 198 
 num 198
NULL
R-CCU: After ClusterLabelChange for i = 99 
R-CCU: sum(pointsPerCluster) = 199 
 num 199
NULL
R-CCU: dpObj$numberClusters = 1 
List of 2
 $ : num [1, 1, 1] 0.346
 $ : num [1, 1, 1] 8.61
NULL
R priorParameters: 2 8 
R maxT: 1 
R_PriorDraw_first_mu: 0.3258745 
R_PriorDraw_first_nu: 8.350263 
R-CCU: Before ClusterLabelChange for i = 100 newLabel= 1 currentLabel= 1 
R-CCU: sum(pointsPerCluster) = 199 
 num 199
NULL
R-CCU: After ClusterLabelChange for i = 100 
R-CCU: sum(pointsPerCluster) = 200 
 num 200
NULL
R-CCU: dpObj$numberClusters = 1 
List of 2
 $ : num [1, 1, 1] 0.346
 $ : num [1, 1, 1] 8.61
NULL

⠧ | 1 102      5 | Beta Distribution Full Integration Test         R priorParameters: 2 8 
R maxT: 1 
R_PriorDraw_first_mu: 0.306443 
R_PriorDraw_first_nu: 1.548304 
R-CCU: Before ClusterLabelChange for i = 1 newLabel= 1 currentLabel= 1 
R-CCU: sum(pointsPerCluster) = 200 
 num 200
NULL
R-CCU: After ClusterLabelChange for i = 1 
R-CCU: sum(pointsPerCluster) = 201 
 num 201
NULL
R-CCU: dpObj$numberClusters = 1 
List of 2
 $ : num [1, 1, 1] 0.319
 $ : num [1, 1, 1] 7.63
NULL
R priorParameters: 2 8 
R maxT: 1 
R_PriorDraw_first_mu: 0.4831833 
R_PriorDraw_first_nu: 1.903025 
R-CCU: Before ClusterLabelChange for i = 2 newLabel= 1 currentLabel= 1 
R-CCU: sum(pointsPerCluster) = 201 
 num 201
NULL
R-CCU: After ClusterLabelChange for i = 2 
R-CCU: sum(pointsPerCluster) = 202 
 num 202
NULL
R-CCU: dpObj$numberClusters = 1 
List of 2
 $ : num [1, 1, 1] 0.319
 $ : num [1, 1, 1] 7.63
NULL
R priorParameters: 2 8 
R maxT: 1 
R_PriorDraw_first_mu: 0.3649374 
R_PriorDraw_first_nu: 2.762356 
R-CCU: Before ClusterLabelChange for i = 3 newLabel= 1 currentLabel= 1 
R-CCU: sum(pointsPerCluster) = 202 
 num 202
NULL
R-CCU: After ClusterLabelChange for i = 3 
R-CCU: sum(pointsPerCluster) = 203 
 num 203
NULL
R-CCU: dpObj$numberClusters = 1 
List of 2
 $ : num [1, 1, 1] 0.319
 $ : num [1, 1, 1] 7.63
NULL
R priorParameters: 2 8 
R maxT: 1 
R_PriorDraw_first_mu: 0.2774497 
R_PriorDraw_first_nu: 2.124137 
R-CCU: Before ClusterLabelChange for i = 4 newLabel= 1 currentLabel= 1 
R-CCU: sum(pointsPerCluster) = 203 
 num 203
NULL
R-CCU: After ClusterLabelChange for i = 4 
R-CCU: sum(pointsPerCluster) = 204 
 num 204
NULL
R-CCU: dpObj$numberClusters = 1 
List of 2
 $ : num [1, 1, 1] 0.319
 $ : num [1, 1, 1] 7.63
NULL
R priorParameters: 2 8 
R maxT: 1 
R_PriorDraw_first_mu: 0.2232619 
R_PriorDraw_first_nu: 3.783043 
R-CCU: Before ClusterLabelChange for i = 5 newLabel= 1 currentLabel= 1 
R-CCU: sum(pointsPerCluster) = 204 
 num 204
NULL
R-CCU: After ClusterLabelChange for i = 5 
R-CCU: sum(pointsPerCluster) = 205 
 num 205
NULL
R-CCU: dpObj$numberClusters = 1 
List of 2
 $ : num [1, 1, 1] 0.319
 $ : num [1, 1, 1] 7.63
NULL
R priorParameters: 2 8 
R maxT: 1 
R_PriorDraw_first_mu: 0.9987921 
R_PriorDraw_first_nu: 10.08384 
R-CCU: Before ClusterLabelChange for i = 6 newLabel= 1 currentLabel= 1 
R-CCU: sum(pointsPerCluster) = 205 
 num 205
NULL
R-CCU: After ClusterLabelChange for i = 6 
R-CCU: sum(pointsPerCluster) = 206 
 num 206
NULL
R-CCU: dpObj$numberClusters = 1 
List of 2
 $ : num [1, 1, 1] 0.319
 $ : num [1, 1, 1] 7.63
NULL
R priorParameters: 2 8 
R maxT: 1 
R_PriorDraw_first_mu: 0.584609 
R_PriorDraw_first_nu: 2.805575 
R-CCU: Before ClusterLabelChange for i = 7 newLabel= 1 currentLabel= 1 
R-CCU: sum(pointsPerCluster) = 206 
 num 206
NULL
R-CCU: After ClusterLabelChange for i = 7 
R-CCU: sum(pointsPerCluster) = 207 
 num 207
NULL
R-CCU: dpObj$numberClusters = 1 
List of 2
 $ : num [1, 1, 1] 0.319
 $ : num [1, 1, 1] 7.63
NULL
R priorParameters: 2 8 
R maxT: 1 
R_PriorDraw_first_mu: 0.9453893 
R_PriorDraw_first_nu: 4.053211 
R-CCU: Before ClusterLabelChange for i = 8 newLabel= 1 currentLabel= 1 
R-CCU: sum(pointsPerCluster) = 207 
 num 207
NULL
R-CCU: After ClusterLabelChange for i = 8 
R-CCU: sum(pointsPerCluster) = 208 
 num 208
NULL
R-CCU: dpObj$numberClusters = 1 
List of 2
 $ : num [1, 1, 1] 0.319
 $ : num [1, 1, 1] 7.63
NULL
R priorParameters: 2 8 
R maxT: 1 
R_PriorDraw_first_mu: 0.8291704 
R_PriorDraw_first_nu: 31.30623 
R-CCU: Before ClusterLabelChange for i = 9 newLabel= 1 currentLabel= 1 
R-CCU: sum(pointsPerCluster) = 208 
 num 208
NULL
R-CCU: After ClusterLabelChange for i = 9 
R-CCU: sum(pointsPerCluster) = 209 
 num 209
NULL
R-CCU: dpObj$numberClusters = 1 
List of 2
 $ : num [1, 1, 1] 0.319
 $ : num [1, 1, 1] 7.63
NULL
R priorParameters: 2 8 
R maxT: 1 
R_PriorDraw_first_mu: 0.1891179 
R_PriorDraw_first_nu: 15.29073 
R-CCU: Before ClusterLabelChange for i = 10 newLabel= 1 currentLabel= 1 
R-CCU: sum(pointsPerCluster) = 209 
 num 209
NULL
R-CCU: After ClusterLabelChange for i = 10 
R-CCU: sum(pointsPerCluster) = 210 
 num 210
NULL
R-CCU: dpObj$numberClusters = 1 
List of 2
 $ : num [1, 1, 1] 0.319
 $ : num [1, 1, 1] 7.63
NULL
R priorParameters: 2 8 
R maxT: 1 
R_PriorDraw_first_mu: 0.6103593 
R_PriorDraw_first_nu: 8.890503 
R-CCU: Before ClusterLabelChange for i = 11 newLabel= 1 currentLabel= 1 
R-CCU: sum(pointsPerCluster) = 210 
 num 210
NULL
R-CCU: After ClusterLabelChange for i = 11 
R-CCU: sum(pointsPerCluster) = 211 
 num 211
NULL
R-CCU: dpObj$numberClusters = 1 
List of 2
 $ : num [1, 1, 1] 0.319
 $ : num [1, 1, 1] 7.63
NULL
R priorParameters: 2 8 
R maxT: 1 
R_PriorDraw_first_mu: 0.5949939 
R_PriorDraw_first_nu: 5.426175 
R-CCU: Before ClusterLabelChange for i = 12 newLabel= 1 currentLabel= 1 
R-CCU: sum(pointsPerCluster) = 211 
 num 211
NULL
R-CCU: After ClusterLabelChange for i = 12 
R-CCU: sum(pointsPerCluster) = 212 
 num 212
NULL
R-CCU: dpObj$numberClusters = 1 
List of 2
 $ : num [1, 1, 1] 0.319
 $ : num [1, 1, 1] 7.63
NULL
R priorParameters: 2 8 
R maxT: 1 
R_PriorDraw_first_mu: 0.6335669 
R_PriorDraw_first_nu: 2.162968 
R-CCU: Before ClusterLabelChange for i = 13 newLabel= 1 currentLabel= 1 
R-CCU: sum(pointsPerCluster) = 212 
 num 212
NULL
R-CCU: After ClusterLabelChange for i = 13 
R-CCU: sum(pointsPerCluster) = 213 
 num 213
NULL
R-CCU: dpObj$numberClusters = 1 
List of 2
 $ : num [1, 1, 1] 0.319
 $ : num [1, 1, 1] 7.63
NULL
R priorParameters: 2 8 
R maxT: 1 
R_PriorDraw_first_mu: 0.6998677 
R_PriorDraw_first_nu: 17.59018 
R-CCU: Before ClusterLabelChange for i = 14 newLabel= 1 currentLabel= 1 
R-CCU: sum(pointsPerCluster) = 213 
 num 213
NULL
R-CCU: After ClusterLabelChange for i = 14 
R-CCU: sum(pointsPerCluster) = 214 
 num 214
NULL
R-CCU: dpObj$numberClusters = 1 
List of 2
 $ : num [1, 1, 1] 0.319
 $ : num [1, 1, 1] 7.63
NULL
R priorParameters: 2 8 
R maxT: 1 
R_PriorDraw_first_mu: 0.3696568 
R_PriorDraw_first_nu: 6.825272 
R-CCU: Before ClusterLabelChange for i = 15 newLabel= 1 currentLabel= 1 
R-CCU: sum(pointsPerCluster) = 214 
 num 214
NULL
R-CCU: After ClusterLabelChange for i = 15 
R-CCU: sum(pointsPerCluster) = 215 
 num 215
NULL
R-CCU: dpObj$numberClusters = 1 
List of 2
 $ : num [1, 1, 1] 0.319
 $ : num [1, 1, 1] 7.63
NULL
R priorParameters: 2 8 
R maxT: 1 
R_PriorDraw_first_mu: 0.1999532 
R_PriorDraw_first_nu: 5.604961 
R-CCU: Before ClusterLabelChange for i = 16 newLabel= 1 currentLabel= 1 
R-CCU: sum(pointsPerCluster) = 215 
 num 215
NULL
R-CCU: After ClusterLabelChange for i = 16 
R-CCU: sum(pointsPerCluster) = 216 
 num 216
NULL
R-CCU: dpObj$numberClusters = 1 
List of 2
 $ : num [1, 1, 1] 0.319
 $ : num [1, 1, 1] 7.63
NULL
R priorParameters: 2 8 
R maxT: 1 
R_PriorDraw_first_mu: 0.8161967 
R_PriorDraw_first_nu: 3.282702 
R-CCU: Before ClusterLabelChange for i = 17 newLabel= 1 currentLabel= 1 
R-CCU: sum(pointsPerCluster) = 216 
 num 216
NULL
R-CCU: After ClusterLabelChange for i = 17 
R-CCU: sum(pointsPerCluster) = 217 
 num 217
NULL
R-CCU: dpObj$numberClusters = 1 
List of 2
 $ : num [1, 1, 1] 0.319
 $ : num [1, 1, 1] 7.63
NULL
R priorParameters: 2 8 
R maxT: 1 
R_PriorDraw_first_mu: 0.6416173 
R_PriorDraw_first_nu: 4.505426 
R-CCU: Before ClusterLabelChange for i = 18 newLabel= 1 currentLabel= 1 
R-CCU: sum(pointsPerCluster) = 217 
 num 217
NULL
R-CCU: After ClusterLabelChange for i = 18 
R-CCU: sum(pointsPerCluster) = 218 
 num 218
NULL
R-CCU: dpObj$numberClusters = 1 
List of 2
 $ : num [1, 1, 1] 0.319
 $ : num [1, 1, 1] 7.63
NULL
R priorParameters: 2 8 
R maxT: 1 
R_PriorDraw_first_mu: 0.6233146 
R_PriorDraw_first_nu: 5.995796 
R-CCU: Before ClusterLabelChange for i = 19 newLabel= 1 currentLabel= 1 
R-CCU: sum(pointsPerCluster) = 218 
 num 218
NULL
R-CCU: After ClusterLabelChange for i = 19 
R-CCU: sum(pointsPerCluster) = 219 
 num 219
NULL
R-CCU: dpObj$numberClusters = 1 
List of 2
 $ : num [1, 1, 1] 0.319
 $ : num [1, 1, 1] 7.63
NULL
R priorParameters: 2 8 
R maxT: 1 
R_PriorDraw_first_mu: 0.6742804 
R_PriorDraw_first_nu: 116.5263 
R-CCU: Before ClusterLabelChange for i = 20 newLabel= 1 currentLabel= 1 
R-CCU: sum(pointsPerCluster) = 219 
 num 219
NULL
R-CCU: After ClusterLabelChange for i = 20 
R-CCU: sum(pointsPerCluster) = 220 
 num 220
NULL
R-CCU: dpObj$numberClusters = 1 
List of 2
 $ : num [1, 1, 1] 0.319
 $ : num [1, 1, 1] 7.63
NULL
R priorParameters: 2 8 
R maxT: 1 
R_PriorDraw_first_mu: 0.6158799 
R_PriorDraw_first_nu: 3.213381 
R-CCU: Before ClusterLabelChange for i = 21 newLabel= 1 currentLabel= 1 
R-CCU: sum(pointsPerCluster) = 220 
 num 220
NULL
R-CCU: After ClusterLabelChange for i = 21 
R-CCU: sum(pointsPerCluster) = 221 
 num 221
NULL
R-CCU: dpObj$numberClusters = 1 
List of 2
 $ : num [1, 1, 1] 0.319
 $ : num [1, 1, 1] 7.63
NULL
R priorParameters: 2 8 
R maxT: 1 
R_PriorDraw_first_mu: 0.5339741 
R_PriorDraw_first_nu: 3.839988 
R-CCU: Before ClusterLabelChange for i = 22 newLabel= 1 currentLabel= 1 
R-CCU: sum(pointsPerCluster) = 221 
 num 221
NULL
R-CCU: After ClusterLabelChange for i = 22 
R-CCU: sum(pointsPerCluster) = 222 
 num 222
NULL
R-CCU: dpObj$numberClusters = 1 
List of 2
 $ : num [1, 1, 1] 0.319
 $ : num [1, 1, 1] 7.63
NULL
R priorParameters: 2 8 
R maxT: 1 
R_PriorDraw_first_mu: 0.9642329 
R_PriorDraw_first_nu: 3.313473 
R-CCU: Before ClusterLabelChange for i = 23 newLabel= 1 currentLabel= 1 
R-CCU: sum(pointsPerCluster) = 222 
 num 222
NULL
R-CCU: After ClusterLabelChange for i = 23 
R-CCU: sum(pointsPerCluster) = 223 
 num 223
NULL
R-CCU: dpObj$numberClusters = 1 
List of 2
 $ : num [1, 1, 1] 0.319
 $ : num [1, 1, 1] 7.63
NULL
R priorParameters: 2 8 
R maxT: 1 
R_PriorDraw_first_mu: 0.1200182 
R_PriorDraw_first_nu: 6.998818 
R-CCU: Before ClusterLabelChange for i = 24 newLabel= 1 currentLabel= 1 
R-CCU: sum(pointsPerCluster) = 223 
 num 223
NULL
R-CCU: After ClusterLabelChange for i = 24 
R-CCU: sum(pointsPerCluster) = 224 
 num 224
NULL
R-CCU: dpObj$numberClusters = 1 
List of 2
 $ : num [1, 1, 1] 0.319
 $ : num [1, 1, 1] 7.63
NULL
R priorParameters: 2 8 
R maxT: 1 
R_PriorDraw_first_mu: 0.6383513 
R_PriorDraw_first_nu: 7.457925 
R-CCU: Before ClusterLabelChange for i = 25 newLabel= 1 currentLabel= 1 
R-CCU: sum(pointsPerCluster) = 224 
 num 224
NULL
R-CCU: After ClusterLabelChange for i = 25 
R-CCU: sum(pointsPerCluster) = 225 
 num 225
NULL
R-CCU: dpObj$numberClusters = 1 
List of 2
 $ : num [1, 1, 1] 0.319
 $ : num [1, 1, 1] 7.63
NULL
R priorParameters: 2 8 
R maxT: 1 
R_PriorDraw_first_mu: 0.7328635 
R_PriorDraw_first_nu: 1.757082 
R-CCU: Before ClusterLabelChange for i = 26 newLabel= 1 currentLabel= 1 
R-CCU: sum(pointsPerCluster) = 225 
 num 225
NULL
R-CCU: After ClusterLabelChange for i = 26 
R-CCU: sum(pointsPerCluster) = 226 
 num 226
NULL
R-CCU: dpObj$numberClusters = 1 
List of 2
 $ : num [1, 1, 1] 0.319
 $ : num [1, 1, 1] 7.63
NULL
R priorParameters: 2 8 
R maxT: 1 
R_PriorDraw_first_mu: 0.219475 
R_PriorDraw_first_nu: 0.8779656 
R-CCU: Before ClusterLabelChange for i = 27 newLabel= 1 currentLabel= 1 
R-CCU: sum(pointsPerCluster) = 226 
 num 226
NULL
R-CCU: After ClusterLabelChange for i = 27 
R-CCU: sum(pointsPerCluster) = 227 
 num 227
NULL
R-CCU: dpObj$numberClusters = 1 
List of 2
 $ : num [1, 1, 1] 0.319
 $ : num [1, 1, 1] 7.63
NULL
R priorParameters: 2 8 
R maxT: 1 
R_PriorDraw_first_mu: 0.226415 
R_PriorDraw_first_nu: 8.54247 
R-CCU: Before ClusterLabelChange for i = 28 newLabel= 1 currentLabel= 1 
R-CCU: sum(pointsPerCluster) = 227 
 num 227
NULL
R-CCU: After ClusterLabelChange for i = 28 
R-CCU: sum(pointsPerCluster) = 228 
 num 228
NULL
R-CCU: dpObj$numberClusters = 1 
List of 2
 $ : num [1, 1, 1] 0.319
 $ : num [1, 1, 1] 7.63
NULL
R priorParameters: 2 8 
R maxT: 1 
R_PriorDraw_first_mu: 0.8860568 
R_PriorDraw_first_nu: 8.324927 
R-CCU: Before ClusterLabelChange for i = 29 newLabel= 1 currentLabel= 1 
R-CCU: sum(pointsPerCluster) = 228 
 num 228
NULL
R-CCU: After ClusterLabelChange for i = 29 
R-CCU: sum(pointsPerCluster) = 229 
 num 229
NULL
R-CCU: dpObj$numberClusters = 1 
List of 2
 $ : num [1, 1, 1] 0.319
 $ : num [1, 1, 1] 7.63
NULL
R priorParameters: 2 8 
R maxT: 1 
R_PriorDraw_first_mu: 0.4988752 
R_PriorDraw_first_nu: 16.97939 
R-CCU: Before ClusterLabelChange for i = 30 newLabel= 1 currentLabel= 1 
R-CCU: sum(pointsPerCluster) = 229 
 num 229
NULL
R-CCU: After ClusterLabelChange for i = 30 
R-CCU: sum(pointsPerCluster) = 230 
 num 230
NULL
R-CCU: dpObj$numberClusters = 1 
List of 2
 $ : num [1, 1, 1] 0.319
 $ : num [1, 1, 1] 7.63
NULL
R priorParameters: 2 8 
R maxT: 1 
R_PriorDraw_first_mu: 0.3031559 
R_PriorDraw_first_nu: 6.949093 
R-CCU: Before ClusterLabelChange for i = 31 newLabel= 1 currentLabel= 1 
R-CCU: sum(pointsPerCluster) = 230 
 num 230
NULL
R-CCU: After ClusterLabelChange for i = 31 
R-CCU: sum(pointsPerCluster) = 231 
 num 231
NULL
R-CCU: dpObj$numberClusters = 1 
List of 2
 $ : num [1, 1, 1] 0.319
 $ : num [1, 1, 1] 7.63
NULL
R priorParameters: 2 8 
R maxT: 1 
R_PriorDraw_first_mu: 0.1995926 
R_PriorDraw_first_nu: 3.642596 
R-CCU: Before ClusterLabelChange for i = 32 newLabel= 1 currentLabel= 1 
R-CCU: sum(pointsPerCluster) = 231 
 num 231
NULL
R-CCU: After ClusterLabelChange for i = 32 
R-CCU: sum(pointsPerCluster) = 232 
 num 232
NULL
R-CCU: dpObj$numberClusters = 1 
List of 2
 $ : num [1, 1, 1] 0.319
 $ : num [1, 1, 1] 7.63
NULL
R priorParameters: 2 8 
R maxT: 1 
R_PriorDraw_first_mu: 0.5952846 
R_PriorDraw_first_nu: 3.003065 
R-CCU: Before ClusterLabelChange for i = 33 newLabel= 1 currentLabel= 1 
R-CCU: sum(pointsPerCluster) = 232 
 num 232
NULL
R-CCU: After ClusterLabelChange for i = 33 
R-CCU: sum(pointsPerCluster) = 233 
 num 233
NULL
R-CCU: dpObj$numberClusters = 1 
List of 2
 $ : num [1, 1, 1] 0.319
 $ : num [1, 1, 1] 7.63
NULL
R priorParameters: 2 8 
R maxT: 1 
R_PriorDraw_first_mu: 0.1642787 
R_PriorDraw_first_nu: 3.277756 
R-CCU: Before ClusterLabelChange for i = 34 newLabel= 1 currentLabel= 1 
R-CCU: sum(pointsPerCluster) = 233 
 num 233
NULL
R-CCU: After ClusterLabelChange for i = 34 
R-CCU: sum(pointsPerCluster) = 234 
 num 234
NULL
R-CCU: dpObj$numberClusters = 1 
List of 2
 $ : num [1, 1, 1] 0.319
 $ : num [1, 1, 1] 7.63
NULL
R priorParameters: 2 8 
R maxT: 1 
R_PriorDraw_first_mu: 0.6769806 
R_PriorDraw_first_nu: 11.49079 
R-CCU: Before ClusterLabelChange for i = 35 newLabel= 1 currentLabel= 1 
R-CCU: sum(pointsPerCluster) = 234 
 num 234
NULL
R-CCU: After ClusterLabelChange for i = 35 
R-CCU: sum(pointsPerCluster) = 235 
 num 235
NULL
R-CCU: dpObj$numberClusters = 1 
List of 2
 $ : num [1, 1, 1] 0.319
 $ : num [1, 1, 1] 7.63
NULL
R priorParameters: 2 8 
R maxT: 1 
R_PriorDraw_first_mu: 0.2710422 
R_PriorDraw_first_nu: 6.619854 
R-CCU: Before ClusterLabelChange for i = 36 newLabel= 1 currentLabel= 1 
R-CCU: sum(pointsPerCluster) = 235 
 num 235
NULL
R-CCU: After ClusterLabelChange for i = 36 
R-CCU: sum(pointsPerCluster) = 236 
 num 236
NULL
R-CCU: dpObj$numberClusters = 1 
List of 2
 $ : num [1, 1, 1] 0.319
 $ : num [1, 1, 1] 7.63
NULL
R priorParameters: 2 8 
R maxT: 1 
R_PriorDraw_first_mu: 0.4876149 
R_PriorDraw_first_nu: 2.170228 
R-CCU: Before ClusterLabelChange for i = 37 newLabel= 1 currentLabel= 1 
R-CCU: sum(pointsPerCluster) = 236 
 num 236
NULL
R-CCU: After ClusterLabelChange for i = 37 
R-CCU: sum(pointsPerCluster) = 237 
 num 237
NULL
R-CCU: dpObj$numberClusters = 1 
List of 2
 $ : num [1, 1, 1] 0.319
 $ : num [1, 1, 1] 7.63
NULL
R priorParameters: 2 8 
R maxT: 1 
R_PriorDraw_first_mu: 0.06665759 
R_PriorDraw_first_nu: 4.678817 
R-CCU: Before ClusterLabelChange for i = 38 newLabel= 1 currentLabel= 1 
R-CCU: sum(pointsPerCluster) = 237 
 num 237
NULL
R-CCU: After ClusterLabelChange for i = 38 
R-CCU: sum(pointsPerCluster) = 238 
 num 238
NULL
R-CCU: dpObj$numberClusters = 1 
List of 2
 $ : num [1, 1, 1] 0.319
 $ : num [1, 1, 1] 7.63
NULL
R priorParameters: 2 8 
R maxT: 1 
R_PriorDraw_first_mu: 0.5686884 
R_PriorDraw_first_nu: 5.029803 
R-CCU: Before ClusterLabelChange for i = 39 newLabel= 1 currentLabel= 1 
R-CCU: sum(pointsPerCluster) = 238 
 num 238
NULL
R-CCU: After ClusterLabelChange for i = 39 
R-CCU: sum(pointsPerCluster) = 239 
 num 239
NULL
R-CCU: dpObj$numberClusters = 1 
List of 2
 $ : num [1, 1, 1] 0.319
 $ : num [1, 1, 1] 7.63
NULL
R priorParameters: 2 8 
R maxT: 1 
R_PriorDraw_first_mu: 0.4458992 
R_PriorDraw_first_nu: 19.74603 
R-CCU: Before ClusterLabelChange for i = 40 newLabel= 1 currentLabel= 1 
R-CCU: sum(pointsPerCluster) = 239 
 num 239
NULL
R-CCU: After ClusterLabelChange for i = 40 
R-CCU: sum(pointsPerCluster) = 240 
 num 240
NULL
R-CCU: dpObj$numberClusters = 1 
List of 2
 $ : num [1, 1, 1] 0.319
 $ : num [1, 1, 1] 7.63
NULL
R priorParameters: 2 8 
R maxT: 1 
R_PriorDraw_first_mu: 0.8308761 
R_PriorDraw_first_nu: 7.220612 
R-CCU: Before ClusterLabelChange for i = 41 newLabel= 1 currentLabel= 1 
R-CCU: sum(pointsPerCluster) = 240 
 num 240
NULL
R-CCU: After ClusterLabelChange for i = 41 
R-CCU: sum(pointsPerCluster) = 241 
 num 241
NULL
R-CCU: dpObj$numberClusters = 1 
List of 2
 $ : num [1, 1, 1] 0.319
 $ : num [1, 1, 1] 7.63
NULL
R priorParameters: 2 8 
R maxT: 1 
R_PriorDraw_first_mu: 0.9022056 
R_PriorDraw_first_nu: 2.910134 
R-CCU: Before ClusterLabelChange for i = 42 newLabel= 1 currentLabel= 1 
R-CCU: sum(pointsPerCluster) = 241 
 num 241
NULL
R-CCU: After ClusterLabelChange for i = 42 
R-CCU: sum(pointsPerCluster) = 242 
 num 242
NULL
R-CCU: dpObj$numberClusters = 1 
List of 2
 $ : num [1, 1, 1] 0.319
 $ : num [1, 1, 1] 7.63
NULL
R priorParameters: 2 8 
R maxT: 1 
R_PriorDraw_first_mu: 0.8095117 
R_PriorDraw_first_nu: 4.842342 
R-CCU: Before ClusterLabelChange for i = 43 newLabel= 1 currentLabel= 1 
R-CCU: sum(pointsPerCluster) = 242 
 num 242
NULL
R-CCU: After ClusterLabelChange for i = 43 
R-CCU: sum(pointsPerCluster) = 243 
 num 243
NULL
R-CCU: dpObj$numberClusters = 1 
List of 2
 $ : num [1, 1, 1] 0.319
 $ : num [1, 1, 1] 7.63
NULL
R priorParameters: 2 8 
R maxT: 1 
R_PriorDraw_first_mu: 0.1211859 
R_PriorDraw_first_nu: 3.073863 
R-CCU: Before ClusterLabelChange for i = 44 newLabel= 1 currentLabel= 1 
R-CCU: sum(pointsPerCluster) = 243 
 num 243
NULL
R-CCU: After ClusterLabelChange for i = 44 
R-CCU: sum(pointsPerCluster) = 244 
 num 244
NULL
R-CCU: dpObj$numberClusters = 1 
List of 2
 $ : num [1, 1, 1] 0.319
 $ : num [1, 1, 1] 7.63
NULL
R priorParameters: 2 8 
R maxT: 1 
R_PriorDraw_first_mu: 0.07052386 
R_PriorDraw_first_nu: 7.929244 
R-CCU: Before ClusterLabelChange for i = 45 newLabel= 1 currentLabel= 1 
R-CCU: sum(pointsPerCluster) = 244 
 num 244
NULL
R-CCU: After ClusterLabelChange for i = 45 
R-CCU: sum(pointsPerCluster) = 245 
 num 245
NULL
R-CCU: dpObj$numberClusters = 1 
List of 2
 $ : num [1, 1, 1] 0.319
 $ : num [1, 1, 1] 7.63
NULL
R priorParameters: 2 8 
R maxT: 1 
R_PriorDraw_first_mu: 0.3526078 
R_PriorDraw_first_nu: 1.777479 
R-CCU: Before ClusterLabelChange for i = 46 newLabel= 1 currentLabel= 1 
R-CCU: sum(pointsPerCluster) = 245 
 num 245
NULL
R-CCU: After ClusterLabelChange for i = 46 
R-CCU: sum(pointsPerCluster) = 246 
 num 246
NULL
R-CCU: dpObj$numberClusters = 1 
List of 2
 $ : num [1, 1, 1] 0.319
 $ : num [1, 1, 1] 7.63
NULL
R priorParameters: 2 8 
R maxT: 1 
R_PriorDraw_first_mu: 0.242693 
R_PriorDraw_first_nu: 5.267729 
R-CCU: Before ClusterLabelChange for i = 47 newLabel= 1 currentLabel= 1 
R-CCU: sum(pointsPerCluster) = 246 
 num 246
NULL
R-CCU: After ClusterLabelChange for i = 47 
R-CCU: sum(pointsPerCluster) = 247 
 num 247
NULL
R-CCU: dpObj$numberClusters = 1 
List of 2
 $ : num [1, 1, 1] 0.319
 $ : num [1, 1, 1] 7.63
NULL
R priorParameters: 2 8 
R maxT: 1 
R_PriorDraw_first_mu: 0.5684302 
R_PriorDraw_first_nu: 1.930445 
R-CCU: Before ClusterLabelChange for i = 48 newLabel= 1 currentLabel= 1 
R-CCU: sum(pointsPerCluster) = 247 
 num 247
NULL
R-CCU: After ClusterLabelChange for i = 48 
R-CCU: sum(pointsPerCluster) = 248 
 num 248
NULL
R-CCU: dpObj$numberClusters = 1 
List of 2
 $ : num [1, 1, 1] 0.319
 $ : num [1, 1, 1] 7.63
NULL
R priorParameters: 2 8 
R maxT: 1 
R_PriorDraw_first_mu: 0.5773842 
R_PriorDraw_first_nu: 7.659133 
R-CCU: Before ClusterLabelChange for i = 49 newLabel= 1 currentLabel= 1 
R-CCU: sum(pointsPerCluster) = 248 
 num 248
NULL
R-CCU: After ClusterLabelChange for i = 49 
R-CCU: sum(pointsPerCluster) = 249 
 num 249
NULL
R-CCU: dpObj$numberClusters = 1 
List of 2
 $ : num [1, 1, 1] 0.319
 $ : num [1, 1, 1] 7.63
NULL
R priorParameters: 2 8 
R maxT: 1 
R_PriorDraw_first_mu: 0.8449134 
R_PriorDraw_first_nu: 5.48175 
R-CCU: Before ClusterLabelChange for i = 50 newLabel= 1 currentLabel= 1 
R-CCU: sum(pointsPerCluster) = 249 
 num 249
NULL
R-CCU: After ClusterLabelChange for i = 50 
R-CCU: sum(pointsPerCluster) = 250 
 num 250
NULL
R-CCU: dpObj$numberClusters = 1 
List of 2
 $ : num [1, 1, 1] 0.319
 $ : num [1, 1, 1] 7.63
NULL
R priorParameters: 2 8 
R maxT: 1 
R_PriorDraw_first_mu: 0.2162646 
R_PriorDraw_first_nu: 4.796884 
R-CCU: Before ClusterLabelChange for i = 51 newLabel= 1 currentLabel= 1 
R-CCU: sum(pointsPerCluster) = 250 
 num 250
NULL
R-CCU: After ClusterLabelChange for i = 51 
R-CCU: sum(pointsPerCluster) = 251 
 num 251
NULL
R-CCU: dpObj$numberClusters = 1 
List of 2
 $ : num [1, 1, 1] 0.319
 $ : num [1, 1, 1] 7.63
NULL
R priorParameters: 2 8 
R maxT: 1 
R_PriorDraw_first_mu: 0.6102339 
R_PriorDraw_first_nu: 6.042861 
R-CCU: Before ClusterLabelChange for i = 52 newLabel= 1 currentLabel= 1 
R-CCU: sum(pointsPerCluster) = 251 
 num 251
NULL
R-CCU: After ClusterLabelChange for i = 52 
R-CCU: sum(pointsPerCluster) = 252 
 num 252
NULL
R-CCU: dpObj$numberClusters = 1 
List of 2
 $ : num [1, 1, 1] 0.319
 $ : num [1, 1, 1] 7.63
NULL
R priorParameters: 2 8 
R maxT: 1 
R_PriorDraw_first_mu: 0.1724946 
R_PriorDraw_first_nu: 3.625805 
R-CCU: Before ClusterLabelChange for i = 53 newLabel= 1 currentLabel= 1 
R-CCU: sum(pointsPerCluster) = 252 
 num 252
NULL
R-CCU: After ClusterLabelChange for i = 53 
R-CCU: sum(pointsPerCluster) = 253 
 num 253
NULL
R-CCU: dpObj$numberClusters = 1 
List of 2
 $ : num [1, 1, 1] 0.319
 $ : num [1, 1, 1] 7.63
NULL
R priorParameters: 2 8 
R maxT: 1 
R_PriorDraw_first_mu: 0.2092475 
R_PriorDraw_first_nu: 10.97667 
R-CCU: Before ClusterLabelChange for i = 54 newLabel= 1 currentLabel= 1 
R-CCU: sum(pointsPerCluster) = 253 
 num 253
NULL
R-CCU: After ClusterLabelChange for i = 54 
R-CCU: sum(pointsPerCluster) = 254 
 num 254
NULL
R-CCU: dpObj$numberClusters = 1 
List of 2
 $ : num [1, 1, 1] 0.319
 $ : num [1, 1, 1] 7.63
NULL
R priorParameters: 2 8 
R maxT: 1 
R_PriorDraw_first_mu: 0.06309052 
R_PriorDraw_first_nu: 4.687823 
R-CCU: Before ClusterLabelChange for i = 55 newLabel= 1 currentLabel= 1 
R-CCU: sum(pointsPerCluster) = 254 
 num 254
NULL
R-CCU: After ClusterLabelChange for i = 55 
R-CCU: sum(pointsPerCluster) = 255 
 num 255
NULL
R-CCU: dpObj$numberClusters = 1 
List of 2
 $ : num [1, 1, 1] 0.319
 $ : num [1, 1, 1] 7.63
NULL
R priorParameters: 2 8 
R maxT: 1 
R_PriorDraw_first_mu: 0.1516058 
R_PriorDraw_first_nu: 2.723747 
R-CCU: Before ClusterLabelChange for i = 56 newLabel= 1 currentLabel= 1 
R-CCU: sum(pointsPerCluster) = 255 
 num 255
NULL
R-CCU: After ClusterLabelChange for i = 56 
R-CCU: sum(pointsPerCluster) = 256 
 num 256
NULL
R-CCU: dpObj$numberClusters = 1 
List of 2
 $ : num [1, 1, 1] 0.319
 $ : num [1, 1, 1] 7.63
NULL
R priorParameters: 2 8 
R maxT: 1 
R_PriorDraw_first_mu: 0.1853644 
R_PriorDraw_first_nu: 2.935264 
R-CCU: Before ClusterLabelChange for i = 57 newLabel= 1 currentLabel= 1 
R-CCU: sum(pointsPerCluster) = 256 
 num 256
NULL
R-CCU: After ClusterLabelChange for i = 57 
R-CCU: sum(pointsPerCluster) = 257 
 num 257
NULL
R-CCU: dpObj$numberClusters = 1 
List of 2
 $ : num [1, 1, 1] 0.319
 $ : num [1, 1, 1] 7.63
NULL
R priorParameters: 2 8 
R maxT: 1 
R_PriorDraw_first_mu: 0.7094575 
R_PriorDraw_first_nu: 13.37091 
R-CCU: Before ClusterLabelChange for i = 58 newLabel= 1 currentLabel= 1 
R-CCU: sum(pointsPerCluster) = 257 
 num 257
NULL
R-CCU: After ClusterLabelChange for i = 58 
R-CCU: sum(pointsPerCluster) = 258 
 num 258
NULL
R-CCU: dpObj$numberClusters = 1 
List of 2
 $ : num [1, 1, 1] 0.319
 $ : num [1, 1, 1] 7.63
NULL
R priorParameters: 2 8 
R maxT: 1 
R_PriorDraw_first_mu: 0.07598603 
R_PriorDraw_first_nu: 1.34772 
R-CCU: Before ClusterLabelChange for i = 59 newLabel= 1 currentLabel= 1 
R-CCU: sum(pointsPerCluster) = 258 
 num 258
NULL
R-CCU: After ClusterLabelChange for i = 59 
R-CCU: sum(pointsPerCluster) = 259 
 num 259
NULL
R-CCU: dpObj$numberClusters = 1 
List of 2
 $ : num [1, 1, 1] 0.319
 $ : num [1, 1, 1] 7.63
NULL
R priorParameters: 2 8 
R maxT: 1 
R_PriorDraw_first_mu: 0.3947821 
R_PriorDraw_first_nu: 4.204141 
R-CCU: Before ClusterLabelChange for i = 60 newLabel= 1 currentLabel= 1 
R-CCU: sum(pointsPerCluster) = 259 
 num 259
NULL
R-CCU: After ClusterLabelChange for i = 60 
R-CCU: sum(pointsPerCluster) = 260 
 num 260
NULL
R-CCU: dpObj$numberClusters = 1 
List of 2
 $ : num [1, 1, 1] 0.319
 $ : num [1, 1, 1] 7.63
NULL
R priorParameters: 2 8 
R maxT: 1 
R_PriorDraw_first_mu: 0.7650527 
R_PriorDraw_first_nu: 5.620603 
R-CCU: Before ClusterLabelChange for i = 61 newLabel= 1 currentLabel= 1 
R-CCU: sum(pointsPerCluster) = 260 
 num 260
NULL
R-CCU: After ClusterLabelChange for i = 61 
R-CCU: sum(pointsPerCluster) = 261 
 num 261
NULL
R-CCU: dpObj$numberClusters = 1 
List of 2
 $ : num [1, 1, 1] 0.319
 $ : num [1, 1, 1] 7.63
NULL
R priorParameters: 2 8 
R maxT: 1 
R_PriorDraw_first_mu: 0.2217116 
R_PriorDraw_first_nu: 13.92568 
R-CCU: Before ClusterLabelChange for i = 62 newLabel= 1 currentLabel= 1 
R-CCU: sum(pointsPerCluster) = 261 
 num 261
NULL
R-CCU: After ClusterLabelChange for i = 62 
R-CCU: sum(pointsPerCluster) = 262 
 num 262
NULL
R-CCU: dpObj$numberClusters = 1 
List of 2
 $ : num [1, 1, 1] 0.319
 $ : num [1, 1, 1] 7.63
NULL
R priorParameters: 2 8 
R maxT: 1 
R_PriorDraw_first_mu: 0.1028512 
R_PriorDraw_first_nu: 8.591363 
R-CCU: Before ClusterLabelChange for i = 63 newLabel= 1 currentLabel= 1 
R-CCU: sum(pointsPerCluster) = 262 
 num 262
NULL
R-CCU: After ClusterLabelChange for i = 63 
R-CCU: sum(pointsPerCluster) = 263 
 num 263
NULL
R-CCU: dpObj$numberClusters = 1 
List of 2
 $ : num [1, 1, 1] 0.319
 $ : num [1, 1, 1] 7.63
NULL
R priorParameters: 2 8 
R maxT: 1 
R_PriorDraw_first_mu: 0.4991059 
R_PriorDraw_first_nu: 6.666716 
R-CCU: Before ClusterLabelChange for i = 64 newLabel= 1 currentLabel= 1 
R-CCU: sum(pointsPerCluster) = 263 
 num 263
NULL
R-CCU: After ClusterLabelChange for i = 64 
R-CCU: sum(pointsPerCluster) = 264 
 num 264
NULL
R-CCU: dpObj$numberClusters = 1 
List of 2
 $ : num [1, 1, 1] 0.319
 $ : num [1, 1, 1] 7.63
NULL
R priorParameters: 2 8 
R maxT: 1 
R_PriorDraw_first_mu: 0.3808199 
R_PriorDraw_first_nu: 12.43656 
R-CCU: Before ClusterLabelChange for i = 65 newLabel= 1 currentLabel= 1 
R-CCU: sum(pointsPerCluster) = 264 
 num 264
NULL
R-CCU: After ClusterLabelChange for i = 65 
R-CCU: sum(pointsPerCluster) = 265 
 num 265
NULL
R-CCU: dpObj$numberClusters = 1 
List of 2
 $ : num [1, 1, 1] 0.319
 $ : num [1, 1, 1] 7.63
NULL
R priorParameters: 2 8 
R maxT: 1 
R_PriorDraw_first_mu: 0.9856495 
R_PriorDraw_first_nu: 31.74976 
R-CCU: Before ClusterLabelChange for i = 66 newLabel= 1 currentLabel= 1 
R-CCU: sum(pointsPerCluster) = 265 
 num 265
NULL
R-CCU: After ClusterLabelChange for i = 66 
R-CCU: sum(pointsPerCluster) = 266 
 num 266
NULL
R-CCU: dpObj$numberClusters = 1 
List of 2
 $ : num [1, 1, 1] 0.319
 $ : num [1, 1, 1] 7.63
NULL
R priorParameters: 2 8 
R maxT: 1 
R_PriorDraw_first_mu: 0.7248228 
R_PriorDraw_first_nu: 4.515373 
R-CCU: Before ClusterLabelChange for i = 67 newLabel= 1 currentLabel= 1 
R-CCU: sum(pointsPerCluster) = 266 
 num 266
NULL
R-CCU: After ClusterLabelChange for i = 67 
R-CCU: sum(pointsPerCluster) = 267 
 num 267
NULL
R-CCU: dpObj$numberClusters = 1 
List of 2
 $ : num [1, 1, 1] 0.319
 $ : num [1, 1, 1] 7.63
NULL
R priorParameters: 2 8 
R maxT: 1 
R_PriorDraw_first_mu: 0.6018456 
R_PriorDraw_first_nu: 2.987132 
R-CCU: Before ClusterLabelChange for i = 68 newLabel= 1 currentLabel= 1 
R-CCU: sum(pointsPerCluster) = 267 
 num 267
NULL
R-CCU: After ClusterLabelChange for i = 68 
R-CCU: sum(pointsPerCluster) = 268 
 num 268
NULL
R-CCU: dpObj$numberClusters = 1 
List of 2
 $ : num [1, 1, 1] 0.319
 $ : num [1, 1, 1] 7.63
NULL
R priorParameters: 2 8 
R maxT: 1 
R_PriorDraw_first_mu: 0.4159451 
R_PriorDraw_first_nu: 2.648579 
R-CCU: Before ClusterLabelChange for i = 69 newLabel= 1 currentLabel= 1 
R-CCU: sum(pointsPerCluster) = 268 
 num 268
NULL
R-CCU: After ClusterLabelChange for i = 69 
R-CCU: sum(pointsPerCluster) = 269 
 num 269
NULL
R-CCU: dpObj$numberClusters = 1 
List of 2
 $ : num [1, 1, 1] 0.319
 $ : num [1, 1, 1] 7.63
NULL
R priorParameters: 2 8 
R maxT: 1 
R_PriorDraw_first_mu: 0.09171304 
R_PriorDraw_first_nu: 1.246501 
R-CCU: Before ClusterLabelChange for i = 70 newLabel= 1 currentLabel= 1 
R-CCU: sum(pointsPerCluster) = 269 
 num 269
NULL
R-CCU: After ClusterLabelChange for i = 70 
R-CCU: sum(pointsPerCluster) = 270 
 num 270
NULL
R-CCU: dpObj$numberClusters = 1 
List of 2
 $ : num [1, 1, 1] 0.319
 $ : num [1, 1, 1] 7.63
NULL
R priorParameters: 2 8 
R maxT: 1 
R_PriorDraw_first_mu: 0.00736652 
R_PriorDraw_first_nu: 21.07003 
R-CCU: Before ClusterLabelChange for i = 71 newLabel= 1 currentLabel= 1 
R-CCU: sum(pointsPerCluster) = 270 
 num 270
NULL
R-CCU: After ClusterLabelChange for i = 71 
R-CCU: sum(pointsPerCluster) = 271 
 num 271
NULL
R-CCU: dpObj$numberClusters = 1 
List of 2
 $ : num [1, 1, 1] 0.319
 $ : num [1, 1, 1] 7.63
NULL
R priorParameters: 2 8 
R maxT: 1 
R_PriorDraw_first_mu: 0.2491785 
R_PriorDraw_first_nu: 3.598767 
R-CCU: Before ClusterLabelChange for i = 72 newLabel= 1 currentLabel= 1 
R-CCU: sum(pointsPerCluster) = 271 
 num 271
NULL
R-CCU: After ClusterLabelChange for i = 72 
R-CCU: sum(pointsPerCluster) = 272 
 num 272
NULL
R-CCU: dpObj$numberClusters = 1 
List of 2
 $ : num [1, 1, 1] 0.319
 $ : num [1, 1, 1] 7.63
NULL
R priorParameters: 2 8 
R maxT: 1 
R_PriorDraw_first_mu: 0.8914516 
R_PriorDraw_first_nu: 1.894907 
R-CCU: Before ClusterLabelChange for i = 73 newLabel= 1 currentLabel= 1 
R-CCU: sum(pointsPerCluster) = 272 
 num 272
NULL
R-CCU: After ClusterLabelChange for i = 73 
R-CCU: sum(pointsPerCluster) = 273 
 num 273
NULL
R-CCU: dpObj$numberClusters = 1 
List of 2
 $ : num [1, 1, 1] 0.319
 $ : num [1, 1, 1] 7.63
NULL
R priorParameters: 2 8 
R maxT: 1 
R_PriorDraw_first_mu: 0.3737241 
R_PriorDraw_first_nu: 53.52902 
R-CCU: Before ClusterLabelChange for i = 74 newLabel= 1 currentLabel= 1 
R-CCU: sum(pointsPerCluster) = 273 
 num 273
NULL
R-CCU: After ClusterLabelChange for i = 74 
R-CCU: sum(pointsPerCluster) = 274 
 num 274
NULL
R-CCU: dpObj$numberClusters = 1 
List of 2
 $ : num [1, 1, 1] 0.319
 $ : num [1, 1, 1] 7.63
NULL
R priorParameters: 2 8 
R maxT: 1 
R_PriorDraw_first_mu: 0.2371253 
R_PriorDraw_first_nu: 2.067078 
R-CCU: Before ClusterLabelChange for i = 75 newLabel= 1 currentLabel= 1 
R-CCU: sum(pointsPerCluster) = 274 
 num 274
NULL
R-CCU: After ClusterLabelChange for i = 75 
R-CCU: sum(pointsPerCluster) = 275 
 num 275
NULL
R-CCU: dpObj$numberClusters = 1 
List of 2
 $ : num [1, 1, 1] 0.319
 $ : num [1, 1, 1] 7.63
NULL
R priorParameters: 2 8 
R maxT: 1 
R_PriorDraw_first_mu: 0.9766369 
R_PriorDraw_first_nu: 6.239459 
R-CCU: Before ClusterLabelChange for i = 76 newLabel= 1 currentLabel= 1 
R-CCU: sum(pointsPerCluster) = 275 
 num 275
NULL
R-CCU: After ClusterLabelChange for i = 76 
R-CCU: sum(pointsPerCluster) = 276 
 num 276
NULL
R-CCU: dpObj$numberClusters = 1 
List of 2
 $ : num [1, 1, 1] 0.319
 $ : num [1, 1, 1] 7.63
NULL
R priorParameters: 2 8 
R maxT: 1 
R_PriorDraw_first_mu: 0.4805166 
R_PriorDraw_first_nu: 2.381676 
R-CCU: Before ClusterLabelChange for i = 77 newLabel= 1 currentLabel= 1 
R-CCU: sum(pointsPerCluster) = 276 
 num 276
NULL
R-CCU: After ClusterLabelChange for i = 77 
R-CCU: sum(pointsPerCluster) = 277 
 num 277
NULL
R-CCU: dpObj$numberClusters = 1 
List of 2
 $ : num [1, 1, 1] 0.319
 $ : num [1, 1, 1] 7.63
NULL
R priorParameters: 2 8 
R maxT: 1 
R_PriorDraw_first_mu: 0.4392514 
R_PriorDraw_first_nu: 9.159906 
R-CCU: Before ClusterLabelChange for i = 78 newLabel= 1 currentLabel= 1 
R-CCU: sum(pointsPerCluster) = 277 
 num 277
NULL
R-CCU: After ClusterLabelChange for i = 78 
R-CCU: sum(pointsPerCluster) = 278 
 num 278
NULL
R-CCU: dpObj$numberClusters = 1 
List of 2
 $ : num [1, 1, 1] 0.319
 $ : num [1, 1, 1] 7.63
NULL
R priorParameters: 2 8 
R maxT: 1 
R_PriorDraw_first_mu: 0.220649 
R_PriorDraw_first_nu: 22.00807 
R-CCU: Before ClusterLabelChange for i = 79 newLabel= 1 currentLabel= 1 
R-CCU: sum(pointsPerCluster) = 278 
 num 278
NULL
R-CCU: After ClusterLabelChange for i = 79 
R-CCU: sum(pointsPerCluster) = 279 
 num 279
NULL
R-CCU: dpObj$numberClusters = 1 
List of 2
 $ : num [1, 1, 1] 0.319
 $ : num [1, 1, 1] 7.63
NULL
R priorParameters: 2 8 
R maxT: 1 
R_PriorDraw_first_mu: 0.3226545 
R_PriorDraw_first_nu: 3.014946 
R-CCU: Before ClusterLabelChange for i = 80 newLabel= 1 currentLabel= 1 
R-CCU: sum(pointsPerCluster) = 279 
 num 279
NULL
R-CCU: After ClusterLabelChange for i = 80 
R-CCU: sum(pointsPerCluster) = 280 
 num 280
NULL
R-CCU: dpObj$numberClusters = 1 
List of 2
 $ : num [1, 1, 1] 0.319
 $ : num [1, 1, 1] 7.63
NULL
R priorParameters: 2 8 
R maxT: 1 
R_PriorDraw_first_mu: 0.7839722 
R_PriorDraw_first_nu: 12.0083 
R-CCU: Before ClusterLabelChange for i = 81 newLabel= 1 currentLabel= 1 
R-CCU: sum(pointsPerCluster) = 280 
 num 280
NULL
R-CCU: After ClusterLabelChange for i = 81 
R-CCU: sum(pointsPerCluster) = 281 
 num 281
NULL
R-CCU: dpObj$numberClusters = 1 
List of 2
 $ : num [1, 1, 1] 0.319
 $ : num [1, 1, 1] 7.63
NULL
R priorParameters: 2 8 
R maxT: 1 
R_PriorDraw_first_mu: 0.754701 
R_PriorDraw_first_nu: 3.926777 
R-CCU: Before ClusterLabelChange for i = 82 newLabel= 1 currentLabel= 1 
R-CCU: sum(pointsPerCluster) = 281 
 num 281
NULL
R-CCU: After ClusterLabelChange for i = 82 
R-CCU: sum(pointsPerCluster) = 282 
 num 282
NULL
R-CCU: dpObj$numberClusters = 1 
List of 2
 $ : num [1, 1, 1] 0.319
 $ : num [1, 1, 1] 7.63
NULL
R priorParameters: 2 8 
R maxT: 1 
R_PriorDraw_first_mu: 0.7151013 
R_PriorDraw_first_nu: 7.305054 
R-CCU: Before ClusterLabelChange for i = 83 newLabel= 1 currentLabel= 1 
R-CCU: sum(pointsPerCluster) = 282 
 num 282
NULL
R-CCU: After ClusterLabelChange for i = 83 
R-CCU: sum(pointsPerCluster) = 283 
 num 283
NULL
R-CCU: dpObj$numberClusters = 1 
List of 2
 $ : num [1, 1, 1] 0.319
 $ : num [1, 1, 1] 7.63
NULL
R priorParameters: 2 8 
R maxT: 1 
R_PriorDraw_first_mu: 0.2563387 
R_PriorDraw_first_nu: 9.094025 
R-CCU: Before ClusterLabelChange for i = 84 newLabel= 1 currentLabel= 1 
R-CCU: sum(pointsPerCluster) = 283 
 num 283
NULL
R-CCU: After ClusterLabelChange for i = 84 
R-CCU: sum(pointsPerCluster) = 284 
 num 284
NULL
R-CCU: dpObj$numberClusters = 1 
List of 2
 $ : num [1, 1, 1] 0.319
 $ : num [1, 1, 1] 7.63
NULL
R priorParameters: 2 8 
R maxT: 1 
R_PriorDraw_first_mu: 0.6431959 
R_PriorDraw_first_nu: 22.24218 
R-CCU: Before ClusterLabelChange for i = 85 newLabel= 1 currentLabel= 1 
R-CCU: sum(pointsPerCluster) = 284 
 num 284
NULL
R-CCU: After ClusterLabelChange for i = 85 
R-CCU: sum(pointsPerCluster) = 285 
 num 285
NULL
R-CCU: dpObj$numberClusters = 1 
List of 2
 $ : num [1, 1, 1] 0.319
 $ : num [1, 1, 1] 7.63
NULL
R priorParameters: 2 8 
R maxT: 1 
R_PriorDraw_first_mu: 0.2803838 
R_PriorDraw_first_nu: 12.75318 
R-CCU: Before ClusterLabelChange for i = 86 newLabel= 1 currentLabel= 1 
R-CCU: sum(pointsPerCluster) = 285 
 num 285
NULL
R-CCU: After ClusterLabelChange for i = 86 
R-CCU: sum(pointsPerCluster) = 286 
 num 286
NULL
R-CCU: dpObj$numberClusters = 1 
List of 2
 $ : num [1, 1, 1] 0.319
 $ : num [1, 1, 1] 7.63
NULL
R priorParameters: 2 8 
R maxT: 1 
R_PriorDraw_first_mu: 0.3474633 
R_PriorDraw_first_nu: 16.74662 
R-CCU: Before ClusterLabelChange for i = 87 newLabel= 1 currentLabel= 1 
R-CCU: sum(pointsPerCluster) = 286 
 num 286
NULL
R-CCU: After ClusterLabelChange for i = 87 
R-CCU: sum(pointsPerCluster) = 287 
 num 287
NULL
R-CCU: dpObj$numberClusters = 1 
List of 2
 $ : num [1, 1, 1] 0.319
 $ : num [1, 1, 1] 7.63
NULL
R priorParameters: 2 8 
R maxT: 1 
R_PriorDraw_first_mu: 0.9171784 
R_PriorDraw_first_nu: 5.887485 
R-CCU: Before ClusterLabelChange for i = 88 newLabel= 1 currentLabel= 1 
R-CCU: sum(pointsPerCluster) = 287 
 num 287
NULL
R-CCU: After ClusterLabelChange for i = 88 
R-CCU: sum(pointsPerCluster) = 288 
 num 288
NULL
R-CCU: dpObj$numberClusters = 1 
List of 2
 $ : num [1, 1, 1] 0.319
 $ : num [1, 1, 1] 7.63
NULL
R priorParameters: 2 8 
R maxT: 1 
R_PriorDraw_first_mu: 0.03214519 
R_PriorDraw_first_nu: 5.733691 
R-CCU: Before ClusterLabelChange for i = 89 newLabel= 1 currentLabel= 1 
R-CCU: sum(pointsPerCluster) = 288 
 num 288
NULL
R-CCU: After ClusterLabelChange for i = 89 
R-CCU: sum(pointsPerCluster) = 289 
 num 289
NULL
R-CCU: dpObj$numberClusters = 1 
List of 2
 $ : num [1, 1, 1] 0.319
 $ : num [1, 1, 1] 7.63
NULL
R priorParameters: 2 8 
R maxT: 1 
R_PriorDraw_first_mu: 0.4905034 
R_PriorDraw_first_nu: 3.081977 
R-CCU: Before ClusterLabelChange for i = 90 newLabel= 1 currentLabel= 1 
R-CCU: sum(pointsPerCluster) = 289 
 num 289
NULL
R-CCU: After ClusterLabelChange for i = 90 
R-CCU: sum(pointsPerCluster) = 290 
 num 290
NULL
R-CCU: dpObj$numberClusters = 1 
List of 2
 $ : num [1, 1, 1] 0.319
 $ : num [1, 1, 1] 7.63
NULL
R priorParameters: 2 8 
R maxT: 1 
R_PriorDraw_first_mu: 0.3846848 
R_PriorDraw_first_nu: 3.298564 
R-CCU: Before ClusterLabelChange for i = 91 newLabel= 1 currentLabel= 1 
R-CCU: sum(pointsPerCluster) = 290 
 num 290
NULL
R-CCU: After ClusterLabelChange for i = 91 
R-CCU: sum(pointsPerCluster) = 291 
 num 291
NULL
R-CCU: dpObj$numberClusters = 1 
List of 2
 $ : num [1, 1, 1] 0.319
 $ : num [1, 1, 1] 7.63
NULL
R priorParameters: 2 8 
R maxT: 1 
R_PriorDraw_first_mu: 0.3694238 
R_PriorDraw_first_nu: 15.66057 
R-CCU: Before ClusterLabelChange for i = 92 newLabel= 1 currentLabel= 1 
R-CCU: sum(pointsPerCluster) = 291 
 num 291
NULL
R-CCU: After ClusterLabelChange for i = 92 
R-CCU: sum(pointsPerCluster) = 292 
 num 292
NULL
R-CCU: dpObj$numberClusters = 1 
List of 2
 $ : num [1, 1, 1] 0.319
 $ : num [1, 1, 1] 7.63
NULL
R priorParameters: 2 8 
R maxT: 1 
R_PriorDraw_first_mu: 0.5522109 
R_PriorDraw_first_nu: 4.721603 
R-CCU: Before ClusterLabelChange for i = 93 newLabel= 1 currentLabel= 1 
R-CCU: sum(pointsPerCluster) = 292 
 num 292
NULL
R-CCU: After ClusterLabelChange for i = 93 
R-CCU: sum(pointsPerCluster) = 293 
 num 293
NULL
R-CCU: dpObj$numberClusters = 1 
List of 2
 $ : num [1, 1, 1] 0.319
 $ : num [1, 1, 1] 7.63
NULL
R priorParameters: 2 8 
R maxT: 1 
R_PriorDraw_first_mu: 0.1321245 
R_PriorDraw_first_nu: 2.595371 
R-CCU: Before ClusterLabelChange for i = 94 newLabel= 1 currentLabel= 1 
R-CCU: sum(pointsPerCluster) = 293 
 num 293
NULL
R-CCU: After ClusterLabelChange for i = 94 
R-CCU: sum(pointsPerCluster) = 294 
 num 294
NULL
R-CCU: dpObj$numberClusters = 1 
List of 2
 $ : num [1, 1, 1] 0.319
 $ : num [1, 1, 1] 7.63
NULL
R priorParameters: 2 8 
R maxT: 1 
R_PriorDraw_first_mu: 0.6787884 
R_PriorDraw_first_nu: 8.77878 
R-CCU: Before ClusterLabelChange for i = 95 newLabel= 1 currentLabel= 1 
R-CCU: sum(pointsPerCluster) = 294 
 num 294
NULL
R-CCU: After ClusterLabelChange for i = 95 
R-CCU: sum(pointsPerCluster) = 295 
 num 295
NULL
R-CCU: dpObj$numberClusters = 1 
List of 2
 $ : num [1, 1, 1] 0.319
 $ : num [1, 1, 1] 7.63
NULL
R priorParameters: 2 8 
R maxT: 1 
R_PriorDraw_first_mu: 0.6516433 
R_PriorDraw_first_nu: 2.150493 
R-CCU: Before ClusterLabelChange for i = 96 newLabel= 1 currentLabel= 1 
R-CCU: sum(pointsPerCluster) = 295 
 num 295
NULL
R-CCU: After ClusterLabelChange for i = 96 
R-CCU: sum(pointsPerCluster) = 296 
 num 296
NULL
R-CCU: dpObj$numberClusters = 1 
List of 2
 $ : num [1, 1, 1] 0.319
 $ : num [1, 1, 1] 7.63
NULL
R priorParameters: 2 8 
R maxT: 1 
R_PriorDraw_first_mu: 0.9951833 
R_PriorDraw_first_nu: 11.22647 
R-CCU: Before ClusterLabelChange for i = 97 newLabel= 1 currentLabel= 1 
R-CCU: sum(pointsPerCluster) = 296 
 num 296
NULL
R-CCU: After ClusterLabelChange for i = 97 
R-CCU: sum(pointsPerCluster) = 297 
 num 297
NULL
R-CCU: dpObj$numberClusters = 1 
List of 2
 $ : num [1, 1, 1] 0.319
 $ : num [1, 1, 1] 7.63
NULL
R priorParameters: 2 8 
R maxT: 1 
R_PriorDraw_first_mu: 0.8108458 
R_PriorDraw_first_nu: 3.661916 
R-CCU: Before ClusterLabelChange for i = 98 newLabel= 1 currentLabel= 1 
R-CCU: sum(pointsPerCluster) = 297 
 num 297
NULL
R-CCU: After ClusterLabelChange for i = 98 
R-CCU: sum(pointsPerCluster) = 298 
 num 298
NULL
R-CCU: dpObj$numberClusters = 1 
List of 2
 $ : num [1, 1, 1] 0.319
 $ : num [1, 1, 1] 7.63
NULL
R priorParameters: 2 8 
R maxT: 1 
R_PriorDraw_first_mu: 0.7813584 
R_PriorDraw_first_nu: 4.688037 
R-CCU: Before ClusterLabelChange for i = 99 newLabel= 1 currentLabel= 1 
R-CCU: sum(pointsPerCluster) = 298 
 num 298
NULL
R-CCU: After ClusterLabelChange for i = 99 
R-CCU: sum(pointsPerCluster) = 299 
 num 299
NULL
R-CCU: dpObj$numberClusters = 1 
List of 2
 $ : num [1, 1, 1] 0.319
 $ : num [1, 1, 1] 7.63
NULL
R priorParameters: 2 8 
R maxT: 1 
R_PriorDraw_first_mu: 0.1432818 
R_PriorDraw_first_nu: 2.966156 
R-CCU: Before ClusterLabelChange for i = 100 newLabel= 1 currentLabel= 1 
R-CCU: sum(pointsPerCluster) = 299 
 num 299
NULL
R-CCU: After ClusterLabelChange for i = 100 
R-CCU: sum(pointsPerCluster) = 300 
 num 300
NULL
R-CCU: dpObj$numberClusters = 1 
List of 2
 $ : num [1, 1, 1] 0.319
 $ : num [1, 1, 1] 7.63
NULL

⠏ | 1 104      5 | Beta Distribution Full Integration Test         R priorParameters: 2 8 
R maxT: 1 
R_PriorDraw_first_mu: 0.344827 
R_PriorDraw_first_nu: 2.540507 
R-CCU: Before ClusterLabelChange for i = 1 newLabel= 1 currentLabel= 1 
R-CCU: sum(pointsPerCluster) = 300 
 num 300
NULL
R-CCU: After ClusterLabelChange for i = 1 
R-CCU: sum(pointsPerCluster) = 301 
 num 301
NULL
R-CCU: dpObj$numberClusters = 1 
List of 2
 $ : num [1, 1, 1] 0.339
 $ : num [1, 1, 1] 8.74
NULL
R priorParameters: 2 8 
R maxT: 1 
R_PriorDraw_first_mu: 0.744375 
R_PriorDraw_first_nu: 7.603923 
R-CCU: Before ClusterLabelChange for i = 2 newLabel= 1 currentLabel= 1 
R-CCU: sum(pointsPerCluster) = 301 
 num 301
NULL
R-CCU: After ClusterLabelChange for i = 2 
R-CCU: sum(pointsPerCluster) = 302 
 num 302
NULL
R-CCU: dpObj$numberClusters = 1 
List of 2
 $ : num [1, 1, 1] 0.339
 $ : num [1, 1, 1] 8.74
NULL
R priorParameters: 2 8 
R maxT: 1 
R_PriorDraw_first_mu: 0.365501 
R_PriorDraw_first_nu: 3.285478 
R-CCU: Before ClusterLabelChange for i = 3 newLabel= 1 currentLabel= 1 
R-CCU: sum(pointsPerCluster) = 302 
 num 302
NULL
R-CCU: After ClusterLabelChange for i = 3 
R-CCU: sum(pointsPerCluster) = 303 
 num 303
NULL
R-CCU: dpObj$numberClusters = 1 
List of 2
 $ : num [1, 1, 1] 0.339
 $ : num [1, 1, 1] 8.74
NULL
R priorParameters: 2 8 
R maxT: 1 
R_PriorDraw_first_mu: 0.6562882 
R_PriorDraw_first_nu: 2.02085 
R-CCU: Before ClusterLabelChange for i = 4 newLabel= 1 currentLabel= 1 
R-CCU: sum(pointsPerCluster) = 303 
 num 303
NULL
R-CCU: After ClusterLabelChange for i = 4 
R-CCU: sum(pointsPerCluster) = 304 
 num 304
NULL
R-CCU: dpObj$numberClusters = 1 
List of 2
 $ : num [1, 1, 1] 0.339
 $ : num [1, 1, 1] 8.74
NULL
R priorParameters: 2 8 
R maxT: 1 
R_PriorDraw_first_mu: 0.06955819 
R_PriorDraw_first_nu: 4.78347 
R-CCU: Before ClusterLabelChange for i = 5 newLabel= 1 currentLabel= 1 
R-CCU: sum(pointsPerCluster) = 304 
 num 304
NULL
R-CCU: After ClusterLabelChange for i = 5 
R-CCU: sum(pointsPerCluster) = 305 
 num 305
NULL
R-CCU: dpObj$numberClusters = 1 
List of 2
 $ : num [1, 1, 1] 0.339
 $ : num [1, 1, 1] 8.74
NULL
R priorParameters: 2 8 
R maxT: 1 
R_PriorDraw_first_mu: 0.6374507 
R_PriorDraw_first_nu: 3.054316 
R-CCU: Before ClusterLabelChange for i = 6 newLabel= 1 currentLabel= 1 
R-CCU: sum(pointsPerCluster) = 305 
 num 305
NULL
R-CCU: After ClusterLabelChange for i = 6 
R-CCU: sum(pointsPerCluster) = 306 
 num 306
NULL
R-CCU: dpObj$numberClusters = 1 
List of 2
 $ : num [1, 1, 1] 0.339
 $ : num [1, 1, 1] 8.74
NULL
R priorParameters: 2 8 
R maxT: 1 
R_PriorDraw_first_mu: 0.424304 
R_PriorDraw_first_nu: 4.453465 
R-CCU: Before ClusterLabelChange for i = 7 newLabel= 1 currentLabel= 1 
R-CCU: sum(pointsPerCluster) = 306 
 num 306
NULL
R-CCU: After ClusterLabelChange for i = 7 
R-CCU: sum(pointsPerCluster) = 307 
 num 307
NULL
R-CCU: dpObj$numberClusters = 1 
List of 2
 $ : num [1, 1, 1] 0.339
 $ : num [1, 1, 1] 8.74
NULL
R priorParameters: 2 8 
R maxT: 1 
R_PriorDraw_first_mu: 0.8219948 
R_PriorDraw_first_nu: 7.782076 
R-CCU: Before ClusterLabelChange for i = 8 newLabel= 1 currentLabel= 1 
R-CCU: sum(pointsPerCluster) = 307 
 num 307
NULL
R-CCU: After ClusterLabelChange for i = 8 
R-CCU: sum(pointsPerCluster) = 308 
 num 308
NULL
R-CCU: dpObj$numberClusters = 1 
List of 2
 $ : num [1, 1, 1] 0.339
 $ : num [1, 1, 1] 8.74
NULL
R priorParameters: 2 8 
R maxT: 1 
R_PriorDraw_first_mu: 0.0434713 
R_PriorDraw_first_nu: 9.508722 
R-CCU: Before ClusterLabelChange for i = 9 newLabel= 1 currentLabel= 1 
R-CCU: sum(pointsPerCluster) = 308 
 num 308
NULL
R-CCU: After ClusterLabelChange for i = 9 
R-CCU: sum(pointsPerCluster) = 309 
 num 309
NULL
R-CCU: dpObj$numberClusters = 1 
List of 2
 $ : num [1, 1, 1] 0.339
 $ : num [1, 1, 1] 8.74
NULL
R priorParameters: 2 8 
R maxT: 1 
R_PriorDraw_first_mu: 0.5087569 
R_PriorDraw_first_nu: 2.719584 
R-CCU: Before ClusterLabelChange for i = 10 newLabel= 1 currentLabel= 1 
R-CCU: sum(pointsPerCluster) = 309 
 num 309
NULL
R-CCU: After ClusterLabelChange for i = 10 
R-CCU: sum(pointsPerCluster) = 310 
 num 310
NULL
R-CCU: dpObj$numberClusters = 1 
List of 2
 $ : num [1, 1, 1] 0.339
 $ : num [1, 1, 1] 8.74
NULL
R priorParameters: 2 8 
R maxT: 1 
R_PriorDraw_first_mu: 0.3098627 
R_PriorDraw_first_nu: 5.295231 
R-CCU: Before ClusterLabelChange for i = 11 newLabel= 1 currentLabel= 1 
R-CCU: sum(pointsPerCluster) = 310 
 num 310
NULL
R-CCU: After ClusterLabelChange for i = 11 
R-CCU: sum(pointsPerCluster) = 311 
 num 311
NULL
R-CCU: dpObj$numberClusters = 1 
List of 2
 $ : num [1, 1, 1] 0.339
 $ : num [1, 1, 1] 8.74
NULL
R priorParameters: 2 8 
R maxT: 1 
R_PriorDraw_first_mu: 0.07549413 
R_PriorDraw_first_nu: 3.268642 
R-CCU: Before ClusterLabelChange for i = 12 newLabel= 1 currentLabel= 1 
R-CCU: sum(pointsPerCluster) = 311 
 num 311
NULL
R-CCU: After ClusterLabelChange for i = 12 
R-CCU: sum(pointsPerCluster) = 312 
 num 312
NULL
R-CCU: dpObj$numberClusters = 1 
List of 2
 $ : num [1, 1, 1] 0.339
 $ : num [1, 1, 1] 8.74
NULL
R priorParameters: 2 8 
R maxT: 1 
R_PriorDraw_first_mu: 0.3219 
R_PriorDraw_first_nu: 9.870755 
R-CCU: Before ClusterLabelChange for i = 13 newLabel= 1 currentLabel= 1 
R-CCU: sum(pointsPerCluster) = 312 
 num 312
NULL
R-CCU: After ClusterLabelChange for i = 13 
R-CCU: sum(pointsPerCluster) = 313 
 num 313
NULL
R-CCU: dpObj$numberClusters = 1 
List of 2
 $ : num [1, 1, 1] 0.339
 $ : num [1, 1, 1] 8.74
NULL
R priorParameters: 2 8 
R maxT: 1 
R_PriorDraw_first_mu: 0.6426313 
R_PriorDraw_first_nu: 5.464355 
R-CCU: Before ClusterLabelChange for i = 14 newLabel= 1 currentLabel= 1 
R-CCU: sum(pointsPerCluster) = 313 
 num 313
NULL
R-CCU: After ClusterLabelChange for i = 14 
R-CCU: sum(pointsPerCluster) = 314 
 num 314
NULL
R-CCU: dpObj$numberClusters = 1 
List of 2
 $ : num [1, 1, 1] 0.339
 $ : num [1, 1, 1] 8.74
NULL
R priorParameters: 2 8 
R maxT: 1 
R_PriorDraw_first_mu: 0.9834378 
R_PriorDraw_first_nu: 6.121396 
R-CCU: Before ClusterLabelChange for i = 15 newLabel= 1 currentLabel= 1 
R-CCU: sum(pointsPerCluster) = 314 
 num 314
NULL
R-CCU: After ClusterLabelChange for i = 15 
R-CCU: sum(pointsPerCluster) = 315 
 num 315
NULL
R-CCU: dpObj$numberClusters = 1 
List of 2
 $ : num [1, 1, 1] 0.339
 $ : num [1, 1, 1] 8.74
NULL
R priorParameters: 2 8 
R maxT: 1 
R_PriorDraw_first_mu: 0.7569867 
R_PriorDraw_first_nu: 3.466548 
R-CCU: Before ClusterLabelChange for i = 16 newLabel= 1 currentLabel= 1 
R-CCU: sum(pointsPerCluster) = 315 
 num 315
NULL
R-CCU: After ClusterLabelChange for i = 16 
R-CCU: sum(pointsPerCluster) = 316 
 num 316
NULL
R-CCU: dpObj$numberClusters = 1 
List of 2
 $ : num [1, 1, 1] 0.339
 $ : num [1, 1, 1] 8.74
NULL
R priorParameters: 2 8 
R maxT: 1 
R_PriorDraw_first_mu: 0.7305135 
R_PriorDraw_first_nu: 2.157207 
R-CCU: Before ClusterLabelChange for i = 17 newLabel= 1 currentLabel= 1 
R-CCU: sum(pointsPerCluster) = 316 
 num 316
NULL
R-CCU: After ClusterLabelChange for i = 17 
R-CCU: sum(pointsPerCluster) = 317 
 num 317
NULL
R-CCU: dpObj$numberClusters = 1 
List of 2
 $ : num [1, 1, 1] 0.339
 $ : num [1, 1, 1] 8.74
NULL
R priorParameters: 2 8 
R maxT: 1 
R_PriorDraw_first_mu: 0.1869602 
R_PriorDraw_first_nu: 4.882709 
R-CCU: Before ClusterLabelChange for i = 18 newLabel= 1 currentLabel= 1 
R-CCU: sum(pointsPerCluster) = 317 
 num 317
NULL
R-CCU: After ClusterLabelChange for i = 18 
R-CCU: sum(pointsPerCluster) = 318 
 num 318
NULL
R-CCU: dpObj$numberClusters = 1 
List of 2
 $ : num [1, 1, 1] 0.339
 $ : num [1, 1, 1] 8.74
NULL
R priorParameters: 2 8 
R maxT: 1 
R_PriorDraw_first_mu: 0.01641603 
R_PriorDraw_first_nu: 10.42528 
R-CCU: Before ClusterLabelChange for i = 19 newLabel= 1 currentLabel= 1 
R-CCU: sum(pointsPerCluster) = 318 
 num 318
NULL
R-CCU: After ClusterLabelChange for i = 19 
R-CCU: sum(pointsPerCluster) = 319 
 num 319
NULL
R-CCU: dpObj$numberClusters = 1 
List of 2
 $ : num [1, 1, 1] 0.339
 $ : num [1, 1, 1] 8.74
NULL
R priorParameters: 2 8 
R maxT: 1 
R_PriorDraw_first_mu: 0.6619696 
R_PriorDraw_first_nu: 2.358966 
R-CCU: Before ClusterLabelChange for i = 20 newLabel= 1 currentLabel= 1 
R-CCU: sum(pointsPerCluster) = 319 
 num 319
NULL
R-CCU: After ClusterLabelChange for i = 20 
R-CCU: sum(pointsPerCluster) = 320 
 num 320
NULL
R-CCU: dpObj$numberClusters = 1 
List of 2
 $ : num [1, 1, 1] 0.339
 $ : num [1, 1, 1] 8.74
NULL
R priorParameters: 2 8 
R maxT: 1 
R_PriorDraw_first_mu: 0.08840697 
R_PriorDraw_first_nu: 7.123602 
R-CCU: Before ClusterLabelChange for i = 21 newLabel= 1 currentLabel= 1 
R-CCU: sum(pointsPerCluster) = 320 
 num 320
NULL
R-CCU: After ClusterLabelChange for i = 21 
R-CCU: sum(pointsPerCluster) = 321 
 num 321
NULL
R-CCU: dpObj$numberClusters = 1 
List of 2
 $ : num [1, 1, 1] 0.339
 $ : num [1, 1, 1] 8.74
NULL
R priorParameters: 2 8 
R maxT: 1 
R_PriorDraw_first_mu: 0.2296849 
R_PriorDraw_first_nu: 2.650178 
R-CCU: Before ClusterLabelChange for i = 22 newLabel= 1 currentLabel= 1 
R-CCU: sum(pointsPerCluster) = 321 
 num 321
NULL
R-CCU: After ClusterLabelChange for i = 22 
R-CCU: sum(pointsPerCluster) = 322 
 num 322
NULL
R-CCU: dpObj$numberClusters = 1 
List of 2
 $ : num [1, 1, 1] 0.339
 $ : num [1, 1, 1] 8.74
NULL
R priorParameters: 2 8 
R maxT: 1 
R_PriorDraw_first_mu: 0.4482654 
R_PriorDraw_first_nu: 39.27284 
R-CCU: Before ClusterLabelChange for i = 23 newLabel= 1 currentLabel= 1 
R-CCU: sum(pointsPerCluster) = 322 
 num 322
NULL
R-CCU: After ClusterLabelChange for i = 23 
R-CCU: sum(pointsPerCluster) = 323 
 num 323
NULL
R-CCU: dpObj$numberClusters = 1 
List of 2
 $ : num [1, 1, 1] 0.339
 $ : num [1, 1, 1] 8.74
NULL
R priorParameters: 2 8 
R maxT: 1 
R_PriorDraw_first_mu: 0.458522 
R_PriorDraw_first_nu: 8.360623 
R-CCU: Before ClusterLabelChange for i = 24 newLabel= 1 currentLabel= 1 
R-CCU: sum(pointsPerCluster) = 323 
 num 323
NULL
R-CCU: After ClusterLabelChange for i = 24 
R-CCU: sum(pointsPerCluster) = 324 
 num 324
NULL
R-CCU: dpObj$numberClusters = 1 
List of 2
 $ : num [1, 1, 1] 0.339
 $ : num [1, 1, 1] 8.74
NULL
R priorParameters: 2 8 
R maxT: 1 
R_PriorDraw_first_mu: 0.1111335 
R_PriorDraw_first_nu: 11.60195 
R-CCU: Before ClusterLabelChange for i = 25 newLabel= 1 currentLabel= 1 
R-CCU: sum(pointsPerCluster) = 324 
 num 324
NULL
R-CCU: After ClusterLabelChange for i = 25 
R-CCU: sum(pointsPerCluster) = 325 
 num 325
NULL
R-CCU: dpObj$numberClusters = 1 
List of 2
 $ : num [1, 1, 1] 0.339
 $ : num [1, 1, 1] 8.74
NULL
R priorParameters: 2 8 
R maxT: 1 
R_PriorDraw_first_mu: 0.9339688 
R_PriorDraw_first_nu: 7.639627 
R-CCU: Before ClusterLabelChange for i = 26 newLabel= 1 currentLabel= 1 
R-CCU: sum(pointsPerCluster) = 325 
 num 325
NULL
R-CCU: After ClusterLabelChange for i = 26 
R-CCU: sum(pointsPerCluster) = 326 
 num 326
NULL
R-CCU: dpObj$numberClusters = 1 
List of 2
 $ : num [1, 1, 1] 0.339
 $ : num [1, 1, 1] 8.74
NULL
R priorParameters: 2 8 
R maxT: 1 
R_PriorDraw_first_mu: 0.6751795 
R_PriorDraw_first_nu: 4.110645 
R-CCU: Before ClusterLabelChange for i = 27 newLabel= 1 currentLabel= 1 
R-CCU: sum(pointsPerCluster) = 326 
 num 326
NULL
R-CCU: After ClusterLabelChange for i = 27 
R-CCU: sum(pointsPerCluster) = 327 
 num 327
NULL
R-CCU: dpObj$numberClusters = 1 
List of 2
 $ : num [1, 1, 1] 0.339
 $ : num [1, 1, 1] 8.74
NULL
R priorParameters: 2 8 
R maxT: 1 
R_PriorDraw_first_mu: 0.4215014 
R_PriorDraw_first_nu: 12.06037 
R-CCU: Before ClusterLabelChange for i = 28 newLabel= 1 currentLabel= 1 
R-CCU: sum(pointsPerCluster) = 327 
 num 327
NULL
R-CCU: After ClusterLabelChange for i = 28 
R-CCU: sum(pointsPerCluster) = 328 
 num 328
NULL
R-CCU: dpObj$numberClusters = 1 
List of 2
 $ : num [1, 1, 1] 0.339
 $ : num [1, 1, 1] 8.74
NULL
R priorParameters: 2 8 
R maxT: 1 
R_PriorDraw_first_mu: 0.147512 
R_PriorDraw_first_nu: 2.462059 
R-CCU: Before ClusterLabelChange for i = 29 newLabel= 1 currentLabel= 1 
R-CCU: sum(pointsPerCluster) = 328 
 num 328
NULL
R-CCU: After ClusterLabelChange for i = 29 
R-CCU: sum(pointsPerCluster) = 329 
 num 329
NULL
R-CCU: dpObj$numberClusters = 1 
List of 2
 $ : num [1, 1, 1] 0.339
 $ : num [1, 1, 1] 8.74
NULL
R priorParameters: 2 8 
R maxT: 1 
R_PriorDraw_first_mu: 0.2906398 
R_PriorDraw_first_nu: 4.448371 
R-CCU: Before ClusterLabelChange for i = 30 newLabel= 1 currentLabel= 1 
R-CCU: sum(pointsPerCluster) = 329 
 num 329
NULL
R-CCU: After ClusterLabelChange for i = 30 
R-CCU: sum(pointsPerCluster) = 330 
 num 330
NULL
R-CCU: dpObj$numberClusters = 1 
List of 2
 $ : num [1, 1, 1] 0.339
 $ : num [1, 1, 1] 8.74
NULL
R priorParameters: 2 8 
R maxT: 1 
R_PriorDraw_first_mu: 0.2596009 
R_PriorDraw_first_nu: 4.633995 
R-CCU: Before ClusterLabelChange for i = 31 newLabel= 1 currentLabel= 1 
R-CCU: sum(pointsPerCluster) = 330 
 num 330
NULL
R-CCU: After ClusterLabelChange for i = 31 
R-CCU: sum(pointsPerCluster) = 331 
 num 331
NULL
R-CCU: dpObj$numberClusters = 1 
List of 2
 $ : num [1, 1, 1] 0.339
 $ : num [1, 1, 1] 8.74
NULL
R priorParameters: 2 8 
R maxT: 1 
R_PriorDraw_first_mu: 0.2147923 
R_PriorDraw_first_nu: 13.15183 
R-CCU: Before ClusterLabelChange for i = 32 newLabel= 1 currentLabel= 1 
R-CCU: sum(pointsPerCluster) = 331 
 num 331
NULL
R-CCU: After ClusterLabelChange for i = 32 
R-CCU: sum(pointsPerCluster) = 332 
 num 332
NULL
R-CCU: dpObj$numberClusters = 1 
List of 2
 $ : num [1, 1, 1] 0.339
 $ : num [1, 1, 1] 8.74
NULL
R priorParameters: 2 8 
R maxT: 1 
R_PriorDraw_first_mu: 0.6222182 
R_PriorDraw_first_nu: 3.03416 
R-CCU: Before ClusterLabelChange for i = 33 newLabel= 1 currentLabel= 1 
R-CCU: sum(pointsPerCluster) = 332 
 num 332
NULL
R-CCU: After ClusterLabelChange for i = 33 
R-CCU: sum(pointsPerCluster) = 333 
 num 333
NULL
R-CCU: dpObj$numberClusters = 1 
List of 2
 $ : num [1, 1, 1] 0.339
 $ : num [1, 1, 1] 8.74
NULL
R priorParameters: 2 8 
R maxT: 1 
R_PriorDraw_first_mu: 0.267787 
R_PriorDraw_first_nu: 3.116972 
R-CCU: Before ClusterLabelChange for i = 34 newLabel= 1 currentLabel= 1 
R-CCU: sum(pointsPerCluster) = 333 
 num 333
NULL
R-CCU: After ClusterLabelChange for i = 34 
R-CCU: sum(pointsPerCluster) = 334 
 num 334
NULL
R-CCU: dpObj$numberClusters = 1 
List of 2
 $ : num [1, 1, 1] 0.339
 $ : num [1, 1, 1] 8.74
NULL
R priorParameters: 2 8 
R maxT: 1 
R_PriorDraw_first_mu: 0.2359348 
R_PriorDraw_first_nu: 19.47694 
R-CCU: Before ClusterLabelChange for i = 35 newLabel= 1 currentLabel= 1 
R-CCU: sum(pointsPerCluster) = 334 
 num 334
NULL
R-CCU: After ClusterLabelChange for i = 35 
R-CCU: sum(pointsPerCluster) = 335 
 num 335
NULL
R-CCU: dpObj$numberClusters = 1 
List of 2
 $ : num [1, 1, 1] 0.339
 $ : num [1, 1, 1] 8.74
NULL
R priorParameters: 2 8 
R maxT: 1 
R_PriorDraw_first_mu: 0.4713011 
R_PriorDraw_first_nu: 1.303933 
R-CCU: Before ClusterLabelChange for i = 36 newLabel= 1 currentLabel= 1 
R-CCU: sum(pointsPerCluster) = 335 
 num 335
NULL
R-CCU: After ClusterLabelChange for i = 36 
R-CCU: sum(pointsPerCluster) = 336 
 num 336
NULL
R-CCU: dpObj$numberClusters = 1 
List of 2
 $ : num [1, 1, 1] 0.339
 $ : num [1, 1, 1] 8.74
NULL
R priorParameters: 2 8 
R maxT: 1 
R_PriorDraw_first_mu: 0.6513117 
R_PriorDraw_first_nu: 5.459691 
R-CCU: Before ClusterLabelChange for i = 37 newLabel= 1 currentLabel= 1 
R-CCU: sum(pointsPerCluster) = 336 
 num 336
NULL
R-CCU: After ClusterLabelChange for i = 37 
R-CCU: sum(pointsPerCluster) = 337 
 num 337
NULL
R-CCU: dpObj$numberClusters = 1 
List of 2
 $ : num [1, 1, 1] 0.339
 $ : num [1, 1, 1] 8.74
NULL
R priorParameters: 2 8 
R maxT: 1 
R_PriorDraw_first_mu: 0.08556083 
R_PriorDraw_first_nu: 23.81613 
R-CCU: Before ClusterLabelChange for i = 38 newLabel= 1 currentLabel= 1 
R-CCU: sum(pointsPerCluster) = 337 
 num 337
NULL
R-CCU: After ClusterLabelChange for i = 38 
R-CCU: sum(pointsPerCluster) = 338 
 num 338
NULL
R-CCU: dpObj$numberClusters = 1 
List of 2
 $ : num [1, 1, 1] 0.339
 $ : num [1, 1, 1] 8.74
NULL
R priorParameters: 2 8 
R maxT: 1 
R_PriorDraw_first_mu: 0.2185554 
R_PriorDraw_first_nu: 4.231407 
R-CCU: Before ClusterLabelChange for i = 39 newLabel= 1 currentLabel= 1 
R-CCU: sum(pointsPerCluster) = 338 
 num 338
NULL
R-CCU: After ClusterLabelChange for i = 39 
R-CCU: sum(pointsPerCluster) = 339 
 num 339
NULL
R-CCU: dpObj$numberClusters = 1 
List of 2
 $ : num [1, 1, 1] 0.339
 $ : num [1, 1, 1] 8.74
NULL
R priorParameters: 2 8 
R maxT: 1 
R_PriorDraw_first_mu: 0.6313131 
R_PriorDraw_first_nu: 2.992012 
R-CCU: Before ClusterLabelChange for i = 40 newLabel= 1 currentLabel= 1 
R-CCU: sum(pointsPerCluster) = 339 
 num 339
NULL
R-CCU: After ClusterLabelChange for i = 40 
R-CCU: sum(pointsPerCluster) = 340 
 num 340
NULL
R-CCU: dpObj$numberClusters = 1 
List of 2
 $ : num [1, 1, 1] 0.339
 $ : num [1, 1, 1] 8.74
NULL
R priorParameters: 2 8 
R maxT: 1 
R_PriorDraw_first_mu: 0.3720991 
R_PriorDraw_first_nu: 9.294036 
R-CCU: Before ClusterLabelChange for i = 41 newLabel= 1 currentLabel= 1 
R-CCU: sum(pointsPerCluster) = 340 
 num 340
NULL
R-CCU: After ClusterLabelChange for i = 41 
R-CCU: sum(pointsPerCluster) = 341 
 num 341
NULL
R-CCU: dpObj$numberClusters = 1 
List of 2
 $ : num [1, 1, 1] 0.339
 $ : num [1, 1, 1] 8.74
NULL
R priorParameters: 2 8 
R maxT: 1 
R_PriorDraw_first_mu: 0.5458249 
R_PriorDraw_first_nu: 6.080152 
R-CCU: Before ClusterLabelChange for i = 42 newLabel= 1 currentLabel= 1 
R-CCU: sum(pointsPerCluster) = 341 
 num 341
NULL
R-CCU: After ClusterLabelChange for i = 42 
R-CCU: sum(pointsPerCluster) = 342 
 num 342
NULL
R-CCU: dpObj$numberClusters = 1 
List of 2
 $ : num [1, 1, 1] 0.339
 $ : num [1, 1, 1] 8.74
NULL
R priorParameters: 2 8 
R maxT: 1 
R_PriorDraw_first_mu: 0.1098526 
R_PriorDraw_first_nu: 2.744465 
R-CCU: Before ClusterLabelChange for i = 43 newLabel= 1 currentLabel= 1 
R-CCU: sum(pointsPerCluster) = 342 
 num 342
NULL
R-CCU: After ClusterLabelChange for i = 43 
R-CCU: sum(pointsPerCluster) = 343 
 num 343
NULL
R-CCU: dpObj$numberClusters = 1 
List of 2
 $ : num [1, 1, 1] 0.339
 $ : num [1, 1, 1] 8.74
NULL
R priorParameters: 2 8 
R maxT: 1 
R_PriorDraw_first_mu: 0.3223702 
R_PriorDraw_first_nu: 3.014756 
R-CCU: Before ClusterLabelChange for i = 44 newLabel= 1 currentLabel= 1 
R-CCU: sum(pointsPerCluster) = 343 
 num 343
NULL
R-CCU: After ClusterLabelChange for i = 44 
R-CCU: sum(pointsPerCluster) = 344 
 num 344
NULL
R-CCU: dpObj$numberClusters = 1 
List of 2
 $ : num [1, 1, 1] 0.339
 $ : num [1, 1, 1] 8.74
NULL
R priorParameters: 2 8 
R maxT: 1 
R_PriorDraw_first_mu: 0.4910077 
R_PriorDraw_first_nu: 2.041625 
R-CCU: Before ClusterLabelChange for i = 45 newLabel= 1 currentLabel= 1 
R-CCU: sum(pointsPerCluster) = 344 
 num 344
NULL
R-CCU: After ClusterLabelChange for i = 45 
R-CCU: sum(pointsPerCluster) = 345 
 num 345
NULL
R-CCU: dpObj$numberClusters = 1 
List of 2
 $ : num [1, 1, 1] 0.339
 $ : num [1, 1, 1] 8.74
NULL
R priorParameters: 2 8 
R maxT: 1 
R_PriorDraw_first_mu: 0.9618266 
R_PriorDraw_first_nu: 5.542044 
R-CCU: Before ClusterLabelChange for i = 46 newLabel= 1 currentLabel= 1 
R-CCU: sum(pointsPerCluster) = 345 
 num 345
NULL
R-CCU: After ClusterLabelChange for i = 46 
R-CCU: sum(pointsPerCluster) = 346 
 num 346
NULL
R-CCU: dpObj$numberClusters = 1 
List of 2
 $ : num [1, 1, 1] 0.339
 $ : num [1, 1, 1] 8.74
NULL
R priorParameters: 2 8 
R maxT: 1 
R_PriorDraw_first_mu: 0.2220851 
R_PriorDraw_first_nu: 23.29548 
R-CCU: Before ClusterLabelChange for i = 47 newLabel= 1 currentLabel= 1 
R-CCU: sum(pointsPerCluster) = 346 
 num 346
NULL
R-CCU: After ClusterLabelChange for i = 47 
R-CCU: sum(pointsPerCluster) = 347 
 num 347
NULL
R-CCU: dpObj$numberClusters = 1 
List of 2
 $ : num [1, 1, 1] 0.339
 $ : num [1, 1, 1] 8.74
NULL
R priorParameters: 2 8 
R maxT: 1 
R_PriorDraw_first_mu: 0.1742044 
R_PriorDraw_first_nu: 6.977879 
R-CCU: Before ClusterLabelChange for i = 48 newLabel= 1 currentLabel= 1 
R-CCU: sum(pointsPerCluster) = 347 
 num 347
NULL
R-CCU: After ClusterLabelChange for i = 48 
R-CCU: sum(pointsPerCluster) = 348 
 num 348
NULL
R-CCU: dpObj$numberClusters = 1 
List of 2
 $ : num [1, 1, 1] 0.339
 $ : num [1, 1, 1] 8.74
NULL
R priorParameters: 2 8 
R maxT: 1 
R_PriorDraw_first_mu: 0.02662695 
R_PriorDraw_first_nu: 14.87445 
R-CCU: Before ClusterLabelChange for i = 49 newLabel= 1 currentLabel= 1 
R-CCU: sum(pointsPerCluster) = 348 
 num 348
NULL
R-CCU: After ClusterLabelChange for i = 49 
R-CCU: sum(pointsPerCluster) = 349 
 num 349
NULL
R-CCU: dpObj$numberClusters = 1 
List of 2
 $ : num [1, 1, 1] 0.339
 $ : num [1, 1, 1] 8.74
NULL
R priorParameters: 2 8 
R maxT: 1 
R_PriorDraw_first_mu: 0.7312081 
R_PriorDraw_first_nu: 4.200073 
R-CCU: Before ClusterLabelChange for i = 50 newLabel= 1 currentLabel= 1 
R-CCU: sum(pointsPerCluster) = 349 
 num 349
NULL
R-CCU: After ClusterLabelChange for i = 50 
R-CCU: sum(pointsPerCluster) = 350 
 num 350
NULL
R-CCU: dpObj$numberClusters = 1 
List of 2
 $ : num [1, 1, 1] 0.339
 $ : num [1, 1, 1] 8.74
NULL
R priorParameters: 2 8 
R maxT: 1 
R_PriorDraw_first_mu: 0.2238515 
R_PriorDraw_first_nu: 2.957874 
R-CCU: Before ClusterLabelChange for i = 51 newLabel= 1 currentLabel= 1 
R-CCU: sum(pointsPerCluster) = 350 
 num 350
NULL
R-CCU: After ClusterLabelChange for i = 51 
R-CCU: sum(pointsPerCluster) = 351 
 num 351
NULL
R-CCU: dpObj$numberClusters = 1 
List of 2
 $ : num [1, 1, 1] 0.339
 $ : num [1, 1, 1] 8.74
NULL
R priorParameters: 2 8 
R maxT: 1 
R_PriorDraw_first_mu: 0.7797263 
R_PriorDraw_first_nu: 148.8639 
R-CCU: Before ClusterLabelChange for i = 52 newLabel= 1 currentLabel= 1 
R-CCU: sum(pointsPerCluster) = 351 
 num 351
NULL
R-CCU: After ClusterLabelChange for i = 52 
R-CCU: sum(pointsPerCluster) = 352 
 num 352
NULL
R-CCU: dpObj$numberClusters = 1 
List of 2
 $ : num [1, 1, 1] 0.339
 $ : num [1, 1, 1] 8.74
NULL
R priorParameters: 2 8 
R maxT: 1 
R_PriorDraw_first_mu: 0.5792402 
R_PriorDraw_first_nu: 5.097718 
R-CCU: Before ClusterLabelChange for i = 53 newLabel= 1 currentLabel= 1 
R-CCU: sum(pointsPerCluster) = 352 
 num 352
NULL
R-CCU: After ClusterLabelChange for i = 53 
R-CCU: sum(pointsPerCluster) = 353 
 num 353
NULL
R-CCU: dpObj$numberClusters = 1 
List of 2
 $ : num [1, 1, 1] 0.339
 $ : num [1, 1, 1] 8.74
NULL
R priorParameters: 2 8 
R maxT: 1 
R_PriorDraw_first_mu: 0.823788 
R_PriorDraw_first_nu: 4.705101 
R-CCU: Before ClusterLabelChange for i = 54 newLabel= 1 currentLabel= 1 
R-CCU: sum(pointsPerCluster) = 353 
 num 353
NULL
R-CCU: After ClusterLabelChange for i = 54 
R-CCU: sum(pointsPerCluster) = 354 
 num 354
NULL
R-CCU: dpObj$numberClusters = 1 
List of 2
 $ : num [1, 1, 1] 0.339
 $ : num [1, 1, 1] 8.74
NULL
R priorParameters: 2 8 
R maxT: 1 
R_PriorDraw_first_mu: 0.6507174 
R_PriorDraw_first_nu: 1.482199 
R-CCU: Before ClusterLabelChange for i = 55 newLabel= 1 currentLabel= 1 
R-CCU: sum(pointsPerCluster) = 354 
 num 354
NULL
R-CCU: After ClusterLabelChange for i = 55 
R-CCU: sum(pointsPerCluster) = 355 
 num 355
NULL
R-CCU: dpObj$numberClusters = 1 
List of 2
 $ : num [1, 1, 1] 0.339
 $ : num [1, 1, 1] 8.74
NULL
R priorParameters: 2 8 
R maxT: 1 
R_PriorDraw_first_mu: 0.2210959 
R_PriorDraw_first_nu: 2.094633 
R-CCU: Before ClusterLabelChange for i = 56 newLabel= 1 currentLabel= 1 
R-CCU: sum(pointsPerCluster) = 355 
 num 355
NULL
R-CCU: After ClusterLabelChange for i = 56 
R-CCU: sum(pointsPerCluster) = 356 
 num 356
NULL
R-CCU: dpObj$numberClusters = 1 
List of 2
 $ : num [1, 1, 1] 0.339
 $ : num [1, 1, 1] 8.74
NULL
R priorParameters: 2 8 
R maxT: 1 
R_PriorDraw_first_mu: 0.632927 
R_PriorDraw_first_nu: 6.30937 
R-CCU: Before ClusterLabelChange for i = 57 newLabel= 1 currentLabel= 1 
R-CCU: sum(pointsPerCluster) = 356 
 num 356
NULL
R-CCU: After ClusterLabelChange for i = 57 
R-CCU: sum(pointsPerCluster) = 357 
 num 357
NULL
R-CCU: dpObj$numberClusters = 1 
List of 2
 $ : num [1, 1, 1] 0.339
 $ : num [1, 1, 1] 8.74
NULL
R priorParameters: 2 8 
R maxT: 1 
R_PriorDraw_first_mu: 0.03442579 
R_PriorDraw_first_nu: 19.11979 
R-CCU: Before ClusterLabelChange for i = 58 newLabel= 1 currentLabel= 1 
R-CCU: sum(pointsPerCluster) = 357 
 num 357
NULL
R-CCU: After ClusterLabelChange for i = 58 
R-CCU: sum(pointsPerCluster) = 358 
 num 358
NULL
R-CCU: dpObj$numberClusters = 1 
List of 2
 $ : num [1, 1, 1] 0.339
 $ : num [1, 1, 1] 8.74
NULL
R priorParameters: 2 8 
R maxT: 1 
R_PriorDraw_first_mu: 0.4475618 
R_PriorDraw_first_nu: 3.432672 
R-CCU: Before ClusterLabelChange for i = 59 newLabel= 1 currentLabel= 1 
R-CCU: sum(pointsPerCluster) = 358 
 num 358
NULL
R-CCU: After ClusterLabelChange for i = 59 
R-CCU: sum(pointsPerCluster) = 359 
 num 359
NULL
R-CCU: dpObj$numberClusters = 1 
List of 2
 $ : num [1, 1, 1] 0.339
 $ : num [1, 1, 1] 8.74
NULL
R priorParameters: 2 8 
R maxT: 1 
R_PriorDraw_first_mu: 0.1183775 
R_PriorDraw_first_nu: 9.292297 
R-CCU: Before ClusterLabelChange for i = 60 newLabel= 1 currentLabel= 1 
R-CCU: sum(pointsPerCluster) = 359 
 num 359
NULL
R-CCU: After ClusterLabelChange for i = 60 
R-CCU: sum(pointsPerCluster) = 360 
 num 360
NULL
R-CCU: dpObj$numberClusters = 1 
List of 2
 $ : num [1, 1, 1] 0.339
 $ : num [1, 1, 1] 8.74
NULL
R priorParameters: 2 8 
R maxT: 1 
R_PriorDraw_first_mu: 0.5786705 
R_PriorDraw_first_nu: 10.76763 
R-CCU: Before ClusterLabelChange for i = 61 newLabel= 1 currentLabel= 1 
R-CCU: sum(pointsPerCluster) = 360 
 num 360
NULL
R-CCU: After ClusterLabelChange for i = 61 
R-CCU: sum(pointsPerCluster) = 361 
 num 361
NULL
R-CCU: dpObj$numberClusters = 1 
List of 2
 $ : num [1, 1, 1] 0.339
 $ : num [1, 1, 1] 8.74
NULL
R priorParameters: 2 8 
R maxT: 1 
R_PriorDraw_first_mu: 0.5618532 
R_PriorDraw_first_nu: 7.683281 
R-CCU: Before ClusterLabelChange for i = 62 newLabel= 1 currentLabel= 1 
R-CCU: sum(pointsPerCluster) = 361 
 num 361
NULL
R-CCU: After ClusterLabelChange for i = 62 
R-CCU: sum(pointsPerCluster) = 362 
 num 362
NULL
R-CCU: dpObj$numberClusters = 1 
List of 2
 $ : num [1, 1, 1] 0.339
 $ : num [1, 1, 1] 8.74
NULL
R priorParameters: 2 8 
R maxT: 1 
R_PriorDraw_first_mu: 0.9636185 
R_PriorDraw_first_nu: 2.9897 
R-CCU: Before ClusterLabelChange for i = 63 newLabel= 1 currentLabel= 1 
R-CCU: sum(pointsPerCluster) = 362 
 num 362
NULL
R-CCU: After ClusterLabelChange for i = 63 
R-CCU: sum(pointsPerCluster) = 363 
 num 363
NULL
R-CCU: dpObj$numberClusters = 1 
List of 2
 $ : num [1, 1, 1] 0.339
 $ : num [1, 1, 1] 8.74
NULL
R priorParameters: 2 8 
R maxT: 1 
R_PriorDraw_first_mu: 0.3533229 
R_PriorDraw_first_nu: 4.534696 
R-CCU: Before ClusterLabelChange for i = 64 newLabel= 1 currentLabel= 1 
R-CCU: sum(pointsPerCluster) = 363 
 num 363
NULL
R-CCU: After ClusterLabelChange for i = 64 
R-CCU: sum(pointsPerCluster) = 364 
 num 364
NULL
R-CCU: dpObj$numberClusters = 1 
List of 2
 $ : num [1, 1, 1] 0.339
 $ : num [1, 1, 1] 8.74
NULL
R priorParameters: 2 8 
R maxT: 1 
R_PriorDraw_first_mu: 0.06435766 
R_PriorDraw_first_nu: 3.521286 
R-CCU: Before ClusterLabelChange for i = 65 newLabel= 1 currentLabel= 1 
R-CCU: sum(pointsPerCluster) = 364 
 num 364
NULL
R-CCU: After ClusterLabelChange for i = 65 
R-CCU: sum(pointsPerCluster) = 365 
 num 365
NULL
R-CCU: dpObj$numberClusters = 1 
List of 2
 $ : num [1, 1, 1] 0.339
 $ : num [1, 1, 1] 8.74
NULL
R priorParameters: 2 8 
R maxT: 1 
R_PriorDraw_first_mu: 0.9383891 
R_PriorDraw_first_nu: 13.65854 
R-CCU: Before ClusterLabelChange for i = 66 newLabel= 1 currentLabel= 1 
R-CCU: sum(pointsPerCluster) = 365 
 num 365
NULL
R-CCU: After ClusterLabelChange for i = 66 
R-CCU: sum(pointsPerCluster) = 366 
 num 366
NULL
R-CCU: dpObj$numberClusters = 1 
List of 2
 $ : num [1, 1, 1] 0.339
 $ : num [1, 1, 1] 8.74
NULL
R priorParameters: 2 8 
R maxT: 1 
R_PriorDraw_first_mu: 0.3372901 
R_PriorDraw_first_nu: 4.352265 
R-CCU: Before ClusterLabelChange for i = 67 newLabel= 1 currentLabel= 1 
R-CCU: sum(pointsPerCluster) = 366 
 num 366
NULL
R-CCU: After ClusterLabelChange for i = 67 
R-CCU: sum(pointsPerCluster) = 367 
 num 367
NULL
R-CCU: dpObj$numberClusters = 1 
List of 2
 $ : num [1, 1, 1] 0.339
 $ : num [1, 1, 1] 8.74
NULL
R priorParameters: 2 8 
R maxT: 1 
R_PriorDraw_first_mu: 0.2228057 
R_PriorDraw_first_nu: 3.78379 
R-CCU: Before ClusterLabelChange for i = 68 newLabel= 1 currentLabel= 1 
R-CCU: sum(pointsPerCluster) = 367 
 num 367
NULL
R-CCU: After ClusterLabelChange for i = 68 
R-CCU: sum(pointsPerCluster) = 368 
 num 368
NULL
R-CCU: dpObj$numberClusters = 1 
List of 2
 $ : num [1, 1, 1] 0.339
 $ : num [1, 1, 1] 8.74
NULL
R priorParameters: 2 8 
R maxT: 1 
R_PriorDraw_first_mu: 0.3170512 
R_PriorDraw_first_nu: 3.609313 
R-CCU: Before ClusterLabelChange for i = 69 newLabel= 1 currentLabel= 1 
R-CCU: sum(pointsPerCluster) = 368 
 num 368
NULL
R-CCU: After ClusterLabelChange for i = 69 
R-CCU: sum(pointsPerCluster) = 369 
 num 369
NULL
R-CCU: dpObj$numberClusters = 1 
List of 2
 $ : num [1, 1, 1] 0.339
 $ : num [1, 1, 1] 8.74
NULL
R priorParameters: 2 8 
R maxT: 1 
R_PriorDraw_first_mu: 0.824232 
R_PriorDraw_first_nu: 6.475179 
R-CCU: Before ClusterLabelChange for i = 70 newLabel= 1 currentLabel= 1 
R-CCU: sum(pointsPerCluster) = 369 
 num 369
NULL
R-CCU: After ClusterLabelChange for i = 70 
R-CCU: sum(pointsPerCluster) = 370 
 num 370
NULL
R-CCU: dpObj$numberClusters = 1 
List of 2
 $ : num [1, 1, 1] 0.339
 $ : num [1, 1, 1] 8.74
NULL
R priorParameters: 2 8 
R maxT: 1 
R_PriorDraw_first_mu: 0.2267406 
R_PriorDraw_first_nu: 12.45172 
R-CCU: Before ClusterLabelChange for i = 71 newLabel= 1 currentLabel= 1 
R-CCU: sum(pointsPerCluster) = 370 
 num 370
NULL
R-CCU: After ClusterLabelChange for i = 71 
R-CCU: sum(pointsPerCluster) = 371 
 num 371
NULL
R-CCU: dpObj$numberClusters = 1 
List of 2
 $ : num [1, 1, 1] 0.339
 $ : num [1, 1, 1] 8.74
NULL
R priorParameters: 2 8 
R maxT: 1 
R_PriorDraw_first_mu: 0.7837283 
R_PriorDraw_first_nu: 8.028873 
R-CCU: Before ClusterLabelChange for i = 72 newLabel= 1 currentLabel= 1 
R-CCU: sum(pointsPerCluster) = 371 
 num 371
NULL
R-CCU: After ClusterLabelChange for i = 72 
R-CCU: sum(pointsPerCluster) = 372 
 num 372
NULL
R-CCU: dpObj$numberClusters = 1 
List of 2
 $ : num [1, 1, 1] 0.339
 $ : num [1, 1, 1] 8.74
NULL
R priorParameters: 2 8 
R maxT: 1 
R_PriorDraw_first_mu: 0.7173883 
R_PriorDraw_first_nu: 3.293086 
R-CCU: Before ClusterLabelChange for i = 73 newLabel= 1 currentLabel= 1 
R-CCU: sum(pointsPerCluster) = 372 
 num 372
NULL
R-CCU: After ClusterLabelChange for i = 73 
R-CCU: sum(pointsPerCluster) = 373 
 num 373
NULL
R-CCU: dpObj$numberClusters = 1 
List of 2
 $ : num [1, 1, 1] 0.339
 $ : num [1, 1, 1] 8.74
NULL
R priorParameters: 2 8 
R maxT: 1 
R_PriorDraw_first_mu: 0.1372207 
R_PriorDraw_first_nu: 5.168218 
R-CCU: Before ClusterLabelChange for i = 74 newLabel= 1 currentLabel= 1 
R-CCU: sum(pointsPerCluster) = 373 
 num 373
NULL
R-CCU: After ClusterLabelChange for i = 74 
R-CCU: sum(pointsPerCluster) = 374 
 num 374
NULL
R-CCU: dpObj$numberClusters = 1 
List of 2
 $ : num [1, 1, 1] 0.339
 $ : num [1, 1, 1] 8.74
NULL
R priorParameters: 2 8 
R maxT: 1 
R_PriorDraw_first_mu: 0.5393222 
R_PriorDraw_first_nu: 12.44323 
R-CCU: Before ClusterLabelChange for i = 75 newLabel= 1 currentLabel= 1 
R-CCU: sum(pointsPerCluster) = 374 
 num 374
NULL
R-CCU: After ClusterLabelChange for i = 75 
R-CCU: sum(pointsPerCluster) = 375 
 num 375
NULL
R-CCU: dpObj$numberClusters = 1 
List of 2
 $ : num [1, 1, 1] 0.339
 $ : num [1, 1, 1] 8.74
NULL
R priorParameters: 2 8 
R maxT: 1 
R_PriorDraw_first_mu: 0.1050775 
R_PriorDraw_first_nu: 2.918358 
R-CCU: Before ClusterLabelChange for i = 76 newLabel= 1 currentLabel= 1 
R-CCU: sum(pointsPerCluster) = 375 
 num 375
NULL
R-CCU: After ClusterLabelChange for i = 76 
R-CCU: sum(pointsPerCluster) = 376 
 num 376
NULL
R-CCU: dpObj$numberClusters = 1 
List of 2
 $ : num [1, 1, 1] 0.339
 $ : num [1, 1, 1] 8.74
NULL
R priorParameters: 2 8 
R maxT: 1 
R_PriorDraw_first_mu: 0.8194221 
R_PriorDraw_first_nu: 21.28736 
R-CCU: Before ClusterLabelChange for i = 77 newLabel= 1 currentLabel= 1 
R-CCU: sum(pointsPerCluster) = 376 
 num 376
NULL
R-CCU: After ClusterLabelChange for i = 77 
R-CCU: sum(pointsPerCluster) = 377 
 num 377
NULL
R-CCU: dpObj$numberClusters = 1 
List of 2
 $ : num [1, 1, 1] 0.339
 $ : num [1, 1, 1] 8.74
NULL
R priorParameters: 2 8 
R maxT: 1 
R_PriorDraw_first_mu: 0.610484 
R_PriorDraw_first_nu: 5.485308 
R-CCU: Before ClusterLabelChange for i = 78 newLabel= 1 currentLabel= 1 
R-CCU: sum(pointsPerCluster) = 377 
 num 377
NULL
R-CCU: After ClusterLabelChange for i = 78 
R-CCU: sum(pointsPerCluster) = 378 
 num 378
NULL
R-CCU: dpObj$numberClusters = 1 
List of 2
 $ : num [1, 1, 1] 0.339
 $ : num [1, 1, 1] 8.74
NULL
R priorParameters: 2 8 
R maxT: 1 
R_PriorDraw_first_mu: 0.4933181 
R_PriorDraw_first_nu: 36.44804 
R-CCU: Before ClusterLabelChange for i = 79 newLabel= 1 currentLabel= 1 
R-CCU: sum(pointsPerCluster) = 378 
 num 378
NULL
R-CCU: After ClusterLabelChange for i = 79 
R-CCU: sum(pointsPerCluster) = 379 
 num 379
NULL
R-CCU: dpObj$numberClusters = 1 
List of 2
 $ : num [1, 1, 1] 0.339
 $ : num [1, 1, 1] 8.74
NULL
R priorParameters: 2 8 
R maxT: 1 
R_PriorDraw_first_mu: 0.3718855 
R_PriorDraw_first_nu: 7.038566 
R-CCU: Before ClusterLabelChange for i = 80 newLabel= 1 currentLabel= 1 
R-CCU: sum(pointsPerCluster) = 379 
 num 379
NULL
R-CCU: After ClusterLabelChange for i = 80 
R-CCU: sum(pointsPerCluster) = 380 
 num 380
NULL
R-CCU: dpObj$numberClusters = 1 
List of 2
 $ : num [1, 1, 1] 0.339
 $ : num [1, 1, 1] 8.74
NULL
R priorParameters: 2 8 
R maxT: 1 
R_PriorDraw_first_mu: 0.7834225 
R_PriorDraw_first_nu: 6.675107 
R-CCU: Before ClusterLabelChange for i = 81 newLabel= 1 currentLabel= 1 
R-CCU: sum(pointsPerCluster) = 380 
 num 380
NULL
R-CCU: After ClusterLabelChange for i = 81 
R-CCU: sum(pointsPerCluster) = 381 
 num 381
NULL
R-CCU: dpObj$numberClusters = 1 
List of 2
 $ : num [1, 1, 1] 0.339
 $ : num [1, 1, 1] 8.74
NULL
R priorParameters: 2 8 
R maxT: 1 
R_PriorDraw_first_mu: 0.9231203 
R_PriorDraw_first_nu: 46.38765 
R-CCU: Before ClusterLabelChange for i = 82 newLabel= 1 currentLabel= 1 
R-CCU: sum(pointsPerCluster) = 381 
 num 381
NULL
R-CCU: After ClusterLabelChange for i = 82 
R-CCU: sum(pointsPerCluster) = 382 
 num 382
NULL
R-CCU: dpObj$numberClusters = 1 
List of 2
 $ : num [1, 1, 1] 0.339
 $ : num [1, 1, 1] 8.74
NULL
R priorParameters: 2 8 
R maxT: 1 
R_PriorDraw_first_mu: 0.2226595 
R_PriorDraw_first_nu: 3.685163 
R-CCU: Before ClusterLabelChange for i = 83 newLabel= 1 currentLabel= 1 
R-CCU: sum(pointsPerCluster) = 382 
 num 382
NULL
R-CCU: After ClusterLabelChange for i = 83 
R-CCU: sum(pointsPerCluster) = 383 
 num 383
NULL
R-CCU: dpObj$numberClusters = 1 
List of 2
 $ : num [1, 1, 1] 0.339
 $ : num [1, 1, 1] 8.74
NULL
R priorParameters: 2 8 
R maxT: 1 
R_PriorDraw_first_mu: 0.1226521 
R_PriorDraw_first_nu: 18.25924 
R-CCU: Before ClusterLabelChange for i = 84 newLabel= 1 currentLabel= 1 
R-CCU: sum(pointsPerCluster) = 383 
 num 383
NULL
R-CCU: After ClusterLabelChange for i = 84 
R-CCU: sum(pointsPerCluster) = 384 
 num 384
NULL
R-CCU: dpObj$numberClusters = 1 
List of 2
 $ : num [1, 1, 1] 0.339
 $ : num [1, 1, 1] 8.74
NULL
R priorParameters: 2 8 
R maxT: 1 
R_PriorDraw_first_mu: 0.006365472 
R_PriorDraw_first_nu: 2.569855 
R-CCU: Before ClusterLabelChange for i = 85 newLabel= 1 currentLabel= 1 
R-CCU: sum(pointsPerCluster) = 384 
 num 384
NULL
R-CCU: After ClusterLabelChange for i = 85 
R-CCU: sum(pointsPerCluster) = 385 
 num 385
NULL
R-CCU: dpObj$numberClusters = 1 
List of 2
 $ : num [1, 1, 1] 0.339
 $ : num [1, 1, 1] 8.74
NULL
R priorParameters: 2 8 
R maxT: 1 
R_PriorDraw_first_mu: 0.4107753 
R_PriorDraw_first_nu: 6.53808 
R-CCU: Before ClusterLabelChange for i = 86 newLabel= 1 currentLabel= 1 
R-CCU: sum(pointsPerCluster) = 385 
 num 385
NULL
R-CCU: After ClusterLabelChange for i = 86 
R-CCU: sum(pointsPerCluster) = 386 
 num 386
NULL
R-CCU: dpObj$numberClusters = 1 
List of 2
 $ : num [1, 1, 1] 0.339
 $ : num [1, 1, 1] 8.74
NULL
R priorParameters: 2 8 
R maxT: 1 
R_PriorDraw_first_mu: 0.9732597 
R_PriorDraw_first_nu: 4.300713 
R-CCU: Before ClusterLabelChange for i = 87 newLabel= 1 currentLabel= 1 
R-CCU: sum(pointsPerCluster) = 386 
 num 386
NULL
R-CCU: After ClusterLabelChange for i = 87 
R-CCU: sum(pointsPerCluster) = 387 
 num 387
NULL
R-CCU: dpObj$numberClusters = 1 
List of 2
 $ : num [1, 1, 1] 0.339
 $ : num [1, 1, 1] 8.74
NULL
R priorParameters: 2 8 
R maxT: 1 
R_PriorDraw_first_mu: 0.446406 
R_PriorDraw_first_nu: 3.69824 
R-CCU: Before ClusterLabelChange for i = 88 newLabel= 1 currentLabel= 1 
R-CCU: sum(pointsPerCluster) = 387 
 num 387
NULL
R-CCU: After ClusterLabelChange for i = 88 
R-CCU: sum(pointsPerCluster) = 388 
 num 388
NULL
R-CCU: dpObj$numberClusters = 1 
List of 2
 $ : num [1, 1, 1] 0.339
 $ : num [1, 1, 1] 8.74
NULL
R priorParameters: 2 8 
R maxT: 1 
R_PriorDraw_first_mu: 0.2509915 
R_PriorDraw_first_nu: 7.942309 
R-CCU: Before ClusterLabelChange for i = 89 newLabel= 1 currentLabel= 1 
R-CCU: sum(pointsPerCluster) = 388 
 num 388
NULL
R-CCU: After ClusterLabelChange for i = 89 
R-CCU: sum(pointsPerCluster) = 389 
 num 389
NULL
R-CCU: dpObj$numberClusters = 1 
List of 2
 $ : num [1, 1, 1] 0.339
 $ : num [1, 1, 1] 8.74
NULL
R priorParameters: 2 8 
R maxT: 1 
R_PriorDraw_first_mu: 0.6514983 
R_PriorDraw_first_nu: 2.000106 
R-CCU: Before ClusterLabelChange for i = 90 newLabel= 1 currentLabel= 1 
R-CCU: sum(pointsPerCluster) = 389 
 num 389
NULL
R-CCU: After ClusterLabelChange for i = 90 
R-CCU: sum(pointsPerCluster) = 390 
 num 390
NULL
R-CCU: dpObj$numberClusters = 1 
List of 2
 $ : num [1, 1, 1] 0.339
 $ : num [1, 1, 1] 8.74
NULL
R priorParameters: 2 8 
R maxT: 1 
R_PriorDraw_first_mu: 0.8261719 
R_PriorDraw_first_nu: 85.89847 
R-CCU: Before ClusterLabelChange for i = 91 newLabel= 1 currentLabel= 1 
R-CCU: sum(pointsPerCluster) = 390 
 num 390
NULL
R-CCU: After ClusterLabelChange for i = 91 
R-CCU: sum(pointsPerCluster) = 391 
 num 391
NULL
R-CCU: dpObj$numberClusters = 1 
List of 2
 $ : num [1, 1, 1] 0.339
 $ : num [1, 1, 1] 8.74
NULL
R priorParameters: 2 8 
R maxT: 1 
R_PriorDraw_first_mu: 0.1186838 
R_PriorDraw_first_nu: 5.90811 
R-CCU: Before ClusterLabelChange for i = 92 newLabel= 1 currentLabel= 1 
R-CCU: sum(pointsPerCluster) = 391 
 num 391
NULL
R-CCU: After ClusterLabelChange for i = 92 
R-CCU: sum(pointsPerCluster) = 392 
 num 392
NULL
R-CCU: dpObj$numberClusters = 1 
List of 2
 $ : num [1, 1, 1] 0.339
 $ : num [1, 1, 1] 8.74
NULL
R priorParameters: 2 8 
R maxT: 1 
R_PriorDraw_first_mu: 0.2988241 
R_PriorDraw_first_nu: 12.7137 
R-CCU: Before ClusterLabelChange for i = 93 newLabel= 1 currentLabel= 1 
R-CCU: sum(pointsPerCluster) = 392 
 num 392
NULL
R-CCU: After ClusterLabelChange for i = 93 
R-CCU: sum(pointsPerCluster) = 393 
 num 393
NULL
R-CCU: dpObj$numberClusters = 1 
List of 2
 $ : num [1, 1, 1] 0.339
 $ : num [1, 1, 1] 8.74
NULL
R priorParameters: 2 8 
R maxT: 1 
R_PriorDraw_first_mu: 0.9462879 
R_PriorDraw_first_nu: 14.73588 
R-CCU: Before ClusterLabelChange for i = 94 newLabel= 1 currentLabel= 1 
R-CCU: sum(pointsPerCluster) = 393 
 num 393
NULL
R-CCU: After ClusterLabelChange for i = 94 
R-CCU: sum(pointsPerCluster) = 394 
 num 394
NULL
R-CCU: dpObj$numberClusters = 1 
List of 2
 $ : num [1, 1, 1] 0.339
 $ : num [1, 1, 1] 8.74
NULL
R priorParameters: 2 8 
R maxT: 1 
R_PriorDraw_first_mu: 0.9524001 
R_PriorDraw_first_nu: 1.862577 
R-CCU: Before ClusterLabelChange for i = 95 newLabel= 1 currentLabel= 1 
R-CCU: sum(pointsPerCluster) = 394 
 num 394
NULL
R-CCU: After ClusterLabelChange for i = 95 
R-CCU: sum(pointsPerCluster) = 395 
 num 395
NULL
R-CCU: dpObj$numberClusters = 1 
List of 2
 $ : num [1, 1, 1] 0.339
 $ : num [1, 1, 1] 8.74
NULL
R priorParameters: 2 8 
R maxT: 1 
R_PriorDraw_first_mu: 0.08253052 
R_PriorDraw_first_nu: 5.281641 
R-CCU: Before ClusterLabelChange for i = 96 newLabel= 1 currentLabel= 1 
R-CCU: sum(pointsPerCluster) = 395 
 num 395
NULL
R-CCU: After ClusterLabelChange for i = 96 
R-CCU: sum(pointsPerCluster) = 396 
 num 396
NULL
R-CCU: dpObj$numberClusters = 1 
List of 2
 $ : num [1, 1, 1] 0.339
 $ : num [1, 1, 1] 8.74
NULL
R priorParameters: 2 8 
R maxT: 1 
R_PriorDraw_first_mu: 0.973534 
R_PriorDraw_first_nu: 3.372775 
R-CCU: Before ClusterLabelChange for i = 97 newLabel= 1 currentLabel= 1 
R-CCU: sum(pointsPerCluster) = 396 
 num 396
NULL
R-CCU: After ClusterLabelChange for i = 97 
R-CCU: sum(pointsPerCluster) = 397 
 num 397
NULL
R-CCU: dpObj$numberClusters = 1 
List of 2
 $ : num [1, 1, 1] 0.339
 $ : num [1, 1, 1] 8.74
NULL
R priorParameters: 2 8 
R maxT: 1 
R_PriorDraw_first_mu: 0.2010488 
R_PriorDraw_first_nu: 6.455009 
R-CCU: Before ClusterLabelChange for i = 98 newLabel= 1 currentLabel= 1 
R-CCU: sum(pointsPerCluster) = 397 
 num 397
NULL
R-CCU: After ClusterLabelChange for i = 98 
R-CCU: sum(pointsPerCluster) = 398 
 num 398
NULL
R-CCU: dpObj$numberClusters = 1 
List of 2
 $ : num [1, 1, 1] 0.339
 $ : num [1, 1, 1] 8.74
NULL
R priorParameters: 2 8 
R maxT: 1 
R_PriorDraw_first_mu: 0.8090072 
R_PriorDraw_first_nu: 3.835327 
R-CCU: Before ClusterLabelChange for i = 99 newLabel= 1 currentLabel= 1 
R-CCU: sum(pointsPerCluster) = 398 
 num 398
NULL
R-CCU: After ClusterLabelChange for i = 99 
R-CCU: sum(pointsPerCluster) = 399 
 num 399
NULL
R-CCU: dpObj$numberClusters = 1 
List of 2
 $ : num [1, 1, 1] 0.339
 $ : num [1, 1, 1] 8.74
NULL
R priorParameters: 2 8 
R maxT: 1 
R_PriorDraw_first_mu: 0.8054543 
R_PriorDraw_first_nu: 2.811378 
R-CCU: Before ClusterLabelChange for i = 100 newLabel= 1 currentLabel= 1 
R-CCU: sum(pointsPerCluster) = 399 
 num 399
NULL
R-CCU: After ClusterLabelChange for i = 100 
R-CCU: sum(pointsPerCluster) = 400 
 num 400
NULL
R-CCU: dpObj$numberClusters = 1 
List of 2
 $ : num [1, 1, 1] 0.339
 $ : num [1, 1, 1] 8.74
NULL

⠙ | 1 106      5 | Beta Distribution Full Integration Test         R priorParameters: 2 8 
R maxT: 1 
R_PriorDraw_first_mu: 0.4060337 
R_PriorDraw_first_nu: 7.607223 
R-CCU: Before ClusterLabelChange for i = 1 newLabel= 1 currentLabel= 1 
R-CCU: sum(pointsPerCluster) = 400 
 num 400
NULL
R-CCU: After ClusterLabelChange for i = 1 
R-CCU: sum(pointsPerCluster) = 401 
 num 401
NULL
R-CCU: dpObj$numberClusters = 1 
List of 2
 $ : num [1, 1, 1] 0.342
 $ : num [1, 1, 1] 10.1
NULL
R priorParameters: 2 8 
R maxT: 1 
R_PriorDraw_first_mu: 0.8403135 
R_PriorDraw_first_nu: 1.398638 
R-CCU: Before ClusterLabelChange for i = 2 newLabel= 1 currentLabel= 1 
R-CCU: sum(pointsPerCluster) = 401 
 num 401
NULL
R-CCU: After ClusterLabelChange for i = 2 
R-CCU: sum(pointsPerCluster) = 402 
 num 402
NULL
R-CCU: dpObj$numberClusters = 1 
List of 2
 $ : num [1, 1, 1] 0.342
 $ : num [1, 1, 1] 10.1
NULL
R priorParameters: 2 8 
R maxT: 1 
R_PriorDraw_first_mu: 0.5185485 
R_PriorDraw_first_nu: 4.196621 
R-CCU: Before ClusterLabelChange for i = 3 newLabel= 1 currentLabel= 1 
R-CCU: sum(pointsPerCluster) = 402 
 num 402
NULL
R-CCU: After ClusterLabelChange for i = 3 
R-CCU: sum(pointsPerCluster) = 403 
 num 403
NULL
R-CCU: dpObj$numberClusters = 1 
List of 2
 $ : num [1, 1, 1] 0.342
 $ : num [1, 1, 1] 10.1
NULL
R priorParameters: 2 8 
R maxT: 1 
R_PriorDraw_first_mu: 0.1609075 
R_PriorDraw_first_nu: 2.503539 
R-CCU: Before ClusterLabelChange for i = 4 newLabel= 1 currentLabel= 1 
R-CCU: sum(pointsPerCluster) = 403 
 num 403
NULL
R-CCU: After ClusterLabelChange for i = 4 
R-CCU: sum(pointsPerCluster) = 404 
 num 404
NULL
R-CCU: dpObj$numberClusters = 1 
List of 2
 $ : num [1, 1, 1] 0.342
 $ : num [1, 1, 1] 10.1
NULL
R priorParameters: 2 8 
R maxT: 1 
R_PriorDraw_first_mu: 0.8678848 
R_PriorDraw_first_nu: 14.36528 
R-CCU: Before ClusterLabelChange for i = 5 newLabel= 1 currentLabel= 1 
R-CCU: sum(pointsPerCluster) = 404 
 num 404
NULL
R-CCU: After ClusterLabelChange for i = 5 
R-CCU: sum(pointsPerCluster) = 405 
 num 405
NULL
R-CCU: dpObj$numberClusters = 1 
List of 2
 $ : num [1, 1, 1] 0.342
 $ : num [1, 1, 1] 10.1
NULL
R priorParameters: 2 8 
R maxT: 1 
R_PriorDraw_first_mu: 0.7425974 
R_PriorDraw_first_nu: 4.620006 
R-CCU: Before ClusterLabelChange for i = 6 newLabel= 1 currentLabel= 1 
R-CCU: sum(pointsPerCluster) = 405 
 num 405
NULL
R-CCU: After ClusterLabelChange for i = 6 
R-CCU: sum(pointsPerCluster) = 406 
 num 406
NULL
R-CCU: dpObj$numberClusters = 1 
List of 2
 $ : num [1, 1, 1] 0.342
 $ : num [1, 1, 1] 10.1
NULL
R priorParameters: 2 8 
R maxT: 1 
R_PriorDraw_first_mu: 0.9030068 
R_PriorDraw_first_nu: 3.93753 
R-CCU: Before ClusterLabelChange for i = 7 newLabel= 1 currentLabel= 1 
R-CCU: sum(pointsPerCluster) = 406 
 num 406
NULL
R-CCU: After ClusterLabelChange for i = 7 
R-CCU: sum(pointsPerCluster) = 407 
 num 407
NULL
R-CCU: dpObj$numberClusters = 1 
List of 2
 $ : num [1, 1, 1] 0.342
 $ : num [1, 1, 1] 10.1
NULL
R priorParameters: 2 8 
R maxT: 1 
R_PriorDraw_first_mu: 0.7745642 
R_PriorDraw_first_nu: 5.208379 
R-CCU: Before ClusterLabelChange for i = 8 newLabel= 1 currentLabel= 1 
R-CCU: sum(pointsPerCluster) = 407 
 num 407
NULL
R-CCU: After ClusterLabelChange for i = 8 
R-CCU: sum(pointsPerCluster) = 408 
 num 408
NULL
R-CCU: dpObj$numberClusters = 1 
List of 2
 $ : num [1, 1, 1] 0.342
 $ : num [1, 1, 1] 10.1
NULL
R priorParameters: 2 8 
R maxT: 1 
R_PriorDraw_first_mu: 0.6106187 
R_PriorDraw_first_nu: 2.476771 
R-CCU: Before ClusterLabelChange for i = 9 newLabel= 1 currentLabel= 1 
R-CCU: sum(pointsPerCluster) = 408 
 num 408
NULL
R-CCU: After ClusterLabelChange for i = 9 
R-CCU: sum(pointsPerCluster) = 409 
 num 409
NULL
R-CCU: dpObj$numberClusters = 1 
List of 2
 $ : num [1, 1, 1] 0.342
 $ : num [1, 1, 1] 10.1
NULL
R priorParameters: 2 8 
R maxT: 1 
R_PriorDraw_first_mu: 0.4158738 
R_PriorDraw_first_nu: 6.633024 
R-CCU: Before ClusterLabelChange for i = 10 newLabel= 1 currentLabel= 1 
R-CCU: sum(pointsPerCluster) = 409 
 num 409
NULL
R-CCU: After ClusterLabelChange for i = 10 
R-CCU: sum(pointsPerCluster) = 410 
 num 410
NULL
R-CCU: dpObj$numberClusters = 1 
List of 2
 $ : num [1, 1, 1] 0.342
 $ : num [1, 1, 1] 10.1
NULL
R priorParameters: 2 8 
R maxT: 1 
R_PriorDraw_first_mu: 0.541824 
R_PriorDraw_first_nu: 3.809362 
R-CCU: Before ClusterLabelChange for i = 11 newLabel= 1 currentLabel= 1 
R-CCU: sum(pointsPerCluster) = 410 
 num 410
NULL
R-CCU: After ClusterLabelChange for i = 11 
R-CCU: sum(pointsPerCluster) = 411 
 num 411
NULL
R-CCU: dpObj$numberClusters = 1 
List of 2
 $ : num [1, 1, 1] 0.342
 $ : num [1, 1, 1] 10.1
NULL
R priorParameters: 2 8 
R maxT: 1 
R_PriorDraw_first_mu: 0.7401803 
R_PriorDraw_first_nu: 2.893842 
R-CCU: Before ClusterLabelChange for i = 12 newLabel= 1 currentLabel= 1 
R-CCU: sum(pointsPerCluster) = 411 
 num 411
NULL
R-CCU: After ClusterLabelChange for i = 12 
R-CCU: sum(pointsPerCluster) = 412 
 num 412
NULL
R-CCU: dpObj$numberClusters = 1 
List of 2
 $ : num [1, 1, 1] 0.342
 $ : num [1, 1, 1] 10.1
NULL
R priorParameters: 2 8 
R maxT: 1 
R_PriorDraw_first_mu: 0.8595524 
R_PriorDraw_first_nu: 4.342033 
R-CCU: Before ClusterLabelChange for i = 13 newLabel= 1 currentLabel= 1 
R-CCU: sum(pointsPerCluster) = 412 
 num 412
NULL
R-CCU: After ClusterLabelChange for i = 13 
R-CCU: sum(pointsPerCluster) = 413 
 num 413
NULL
R-CCU: dpObj$numberClusters = 1 
List of 2
 $ : num [1, 1, 1] 0.342
 $ : num [1, 1, 1] 10.1
NULL
R priorParameters: 2 8 
R maxT: 1 
R_PriorDraw_first_mu: 0.4865307 
R_PriorDraw_first_nu: 6.51693 
R-CCU: Before ClusterLabelChange for i = 14 newLabel= 1 currentLabel= 1 
R-CCU: sum(pointsPerCluster) = 413 
 num 413
NULL
R-CCU: After ClusterLabelChange for i = 14 
R-CCU: sum(pointsPerCluster) = 414 
 num 414
NULL
R-CCU: dpObj$numberClusters = 1 
List of 2
 $ : num [1, 1, 1] 0.342
 $ : num [1, 1, 1] 10.1
NULL
R priorParameters: 2 8 
R maxT: 1 
R_PriorDraw_first_mu: 0.8600662 
R_PriorDraw_first_nu: 1.504598 
R-CCU: Before ClusterLabelChange for i = 15 newLabel= 1 currentLabel= 1 
R-CCU: sum(pointsPerCluster) = 414 
 num 414
NULL
R-CCU: After ClusterLabelChange for i = 15 
R-CCU: sum(pointsPerCluster) = 415 
 num 415
NULL
R-CCU: dpObj$numberClusters = 1 
List of 2
 $ : num [1, 1, 1] 0.342
 $ : num [1, 1, 1] 10.1
NULL
R priorParameters: 2 8 
R maxT: 1 
R_PriorDraw_first_mu: 0.2266769 
R_PriorDraw_first_nu: 13.87326 
R-CCU: Before ClusterLabelChange for i = 16 newLabel= 1 currentLabel= 1 
R-CCU: sum(pointsPerCluster) = 415 
 num 415
NULL
R-CCU: After ClusterLabelChange for i = 16 
R-CCU: sum(pointsPerCluster) = 416 
 num 416
NULL
R-CCU: dpObj$numberClusters = 1 
List of 2
 $ : num [1, 1, 1] 0.342
 $ : num [1, 1, 1] 10.1
NULL
R priorParameters: 2 8 
R maxT: 1 
R_PriorDraw_first_mu: 0.7505593 
R_PriorDraw_first_nu: 3.408844 
R-CCU: Before ClusterLabelChange for i = 17 newLabel= 1 currentLabel= 1 
R-CCU: sum(pointsPerCluster) = 416 
 num 416
NULL
R-CCU: After ClusterLabelChange for i = 17 
R-CCU: sum(pointsPerCluster) = 417 
 num 417
NULL
R-CCU: dpObj$numberClusters = 1 
List of 2
 $ : num [1, 1, 1] 0.342
 $ : num [1, 1, 1] 10.1
NULL
R priorParameters: 2 8 
R maxT: 1 
R_PriorDraw_first_mu: 0.8145859 
R_PriorDraw_first_nu: 24.87053 
R-CCU: Before ClusterLabelChange for i = 18 newLabel= 1 currentLabel= 1 
R-CCU: sum(pointsPerCluster) = 417 
 num 417
NULL
R-CCU: After ClusterLabelChange for i = 18 
R-CCU: sum(pointsPerCluster) = 418 
 num 418
NULL
R-CCU: dpObj$numberClusters = 1 
List of 2
 $ : num [1, 1, 1] 0.342
 $ : num [1, 1, 1] 10.1
NULL
R priorParameters: 2 8 
R maxT: 1 
R_PriorDraw_first_mu: 0.6774793 
R_PriorDraw_first_nu: 14.5901 
R-CCU: Before ClusterLabelChange for i = 19 newLabel= 1 currentLabel= 1 
R-CCU: sum(pointsPerCluster) = 418 
 num 418
NULL
R-CCU: After ClusterLabelChange for i = 19 
R-CCU: sum(pointsPerCluster) = 419 
 num 419
NULL
R-CCU: dpObj$numberClusters = 1 
List of 2
 $ : num [1, 1, 1] 0.342
 $ : num [1, 1, 1] 10.1
NULL
R priorParameters: 2 8 
R maxT: 1 
R_PriorDraw_first_mu: 0.3504327 
R_PriorDraw_first_nu: 2.881637 
R-CCU: Before ClusterLabelChange for i = 20 newLabel= 1 currentLabel= 1 
R-CCU: sum(pointsPerCluster) = 419 
 num 419
NULL
R-CCU: After ClusterLabelChange for i = 20 
R-CCU: sum(pointsPerCluster) = 420 
 num 420
NULL
R-CCU: dpObj$numberClusters = 1 
List of 2
 $ : num [1, 1, 1] 0.342
 $ : num [1, 1, 1] 10.1
NULL
R priorParameters: 2 8 
R maxT: 1 
R_PriorDraw_first_mu: 0.4984166 
R_PriorDraw_first_nu: 2.166949 
R-CCU: Before ClusterLabelChange for i = 21 newLabel= 1 currentLabel= 1 
R-CCU: sum(pointsPerCluster) = 420 
 num 420
NULL
R-CCU: After ClusterLabelChange for i = 21 
R-CCU: sum(pointsPerCluster) = 421 
 num 421
NULL
R-CCU: dpObj$numberClusters = 1 
List of 2
 $ : num [1, 1, 1] 0.342
 $ : num [1, 1, 1] 10.1
NULL
R priorParameters: 2 8 
R maxT: 1 
R_PriorDraw_first_mu: 0.664114 
R_PriorDraw_first_nu: 3.538788 
R-CCU: Before ClusterLabelChange for i = 22 newLabel= 1 currentLabel= 1 
R-CCU: sum(pointsPerCluster) = 421 
 num 421
NULL
R-CCU: After ClusterLabelChange for i = 22 
R-CCU: sum(pointsPerCluster) = 422 
 num 422
NULL
R-CCU: dpObj$numberClusters = 1 
List of 2
 $ : num [1, 1, 1] 0.342
 $ : num [1, 1, 1] 10.1
NULL
R priorParameters: 2 8 
R maxT: 1 
R_PriorDraw_first_mu: 0.8918356 
R_PriorDraw_first_nu: 2.207815 
R-CCU: Before ClusterLabelChange for i = 23 newLabel= 1 currentLabel= 1 
R-CCU: sum(pointsPerCluster) = 422 
 num 422
NULL
R-CCU: After ClusterLabelChange for i = 23 
R-CCU: sum(pointsPerCluster) = 423 
 num 423
NULL
R-CCU: dpObj$numberClusters = 1 
List of 2
 $ : num [1, 1, 1] 0.342
 $ : num [1, 1, 1] 10.1
NULL
R priorParameters: 2 8 
R maxT: 1 
R_PriorDraw_first_mu: 0.06213278 
R_PriorDraw_first_nu: 2.104289 
R-CCU: Before ClusterLabelChange for i = 24 newLabel= 1 currentLabel= 1 
R-CCU: sum(pointsPerCluster) = 423 
 num 423
NULL
R-CCU: After ClusterLabelChange for i = 24 
R-CCU: sum(pointsPerCluster) = 424 
 num 424
NULL
R-CCU: dpObj$numberClusters = 1 
List of 2
 $ : num [1, 1, 1] 0.342
 $ : num [1, 1, 1] 10.1
NULL
R priorParameters: 2 8 
R maxT: 1 
R_PriorDraw_first_mu: 0.03468621 
R_PriorDraw_first_nu: 4.867624 
R-CCU: Before ClusterLabelChange for i = 25 newLabel= 1 currentLabel= 1 
R-CCU: sum(pointsPerCluster) = 424 
 num 424
NULL
R-CCU: After ClusterLabelChange for i = 25 
R-CCU: sum(pointsPerCluster) = 425 
 num 425
NULL
R-CCU: dpObj$numberClusters = 1 
List of 2
 $ : num [1, 1, 1] 0.342
 $ : num [1, 1, 1] 10.1
NULL
R priorParameters: 2 8 
R maxT: 1 
R_PriorDraw_first_mu: 0.5787016 
R_PriorDraw_first_nu: 5.016371 
R-CCU: Before ClusterLabelChange for i = 26 newLabel= 1 currentLabel= 1 
R-CCU: sum(pointsPerCluster) = 425 
 num 425
NULL
R-CCU: After ClusterLabelChange for i = 26 
R-CCU: sum(pointsPerCluster) = 426 
 num 426
NULL
R-CCU: dpObj$numberClusters = 1 
List of 2
 $ : num [1, 1, 1] 0.342
 $ : num [1, 1, 1] 10.1
NULL
R priorParameters: 2 8 
R maxT: 1 
R_PriorDraw_first_mu: 0.0428143 
R_PriorDraw_first_nu: 4.157125 
R-CCU: Before ClusterLabelChange for i = 27 newLabel= 1 currentLabel= 1 
R-CCU: sum(pointsPerCluster) = 426 
 num 426
NULL
R-CCU: After ClusterLabelChange for i = 27 
R-CCU: sum(pointsPerCluster) = 427 
 num 427
NULL
R-CCU: dpObj$numberClusters = 1 
List of 2
 $ : num [1, 1, 1] 0.342
 $ : num [1, 1, 1] 10.1
NULL
R priorParameters: 2 8 
R maxT: 1 
R_PriorDraw_first_mu: 0.1466676 
R_PriorDraw_first_nu: 8.458608 
R-CCU: Before ClusterLabelChange for i = 28 newLabel= 1 currentLabel= 1 
R-CCU: sum(pointsPerCluster) = 427 
 num 427
NULL
R-CCU: After ClusterLabelChange for i = 28 
R-CCU: sum(pointsPerCluster) = 428 
 num 428
NULL
R-CCU: dpObj$numberClusters = 1 
List of 2
 $ : num [1, 1, 1] 0.342
 $ : num [1, 1, 1] 10.1
NULL
R priorParameters: 2 8 
R maxT: 1 
R_PriorDraw_first_mu: 0.3064245 
R_PriorDraw_first_nu: 2.257709 
R-CCU: Before ClusterLabelChange for i = 29 newLabel= 1 currentLabel= 1 
R-CCU: sum(pointsPerCluster) = 428 
 num 428
NULL
R-CCU: After ClusterLabelChange for i = 29 
R-CCU: sum(pointsPerCluster) = 429 
 num 429
NULL
R-CCU: dpObj$numberClusters = 1 
List of 2
 $ : num [1, 1, 1] 0.342
 $ : num [1, 1, 1] 10.1
NULL
R priorParameters: 2 8 
R maxT: 1 
R_PriorDraw_first_mu: 0.3081091 
R_PriorDraw_first_nu: 2.392272 
R-CCU: Before ClusterLabelChange for i = 30 newLabel= 1 currentLabel= 1 
R-CCU: sum(pointsPerCluster) = 429 
 num 429
NULL
R-CCU: After ClusterLabelChange for i = 30 
R-CCU: sum(pointsPerCluster) = 430 
 num 430
NULL
R-CCU: dpObj$numberClusters = 1 
List of 2
 $ : num [1, 1, 1] 0.342
 $ : num [1, 1, 1] 10.1
NULL
R priorParameters: 2 8 
R maxT: 1 
R_PriorDraw_first_mu: 0.2318231 
R_PriorDraw_first_nu: 3.915589 
R-CCU: Before ClusterLabelChange for i = 31 newLabel= 1 currentLabel= 1 
R-CCU: sum(pointsPerCluster) = 430 
 num 430
NULL
R-CCU: After ClusterLabelChange for i = 31 
R-CCU: sum(pointsPerCluster) = 431 
 num 431
NULL
R-CCU: dpObj$numberClusters = 1 
List of 2
 $ : num [1, 1, 1] 0.342
 $ : num [1, 1, 1] 10.1
NULL
R priorParameters: 2 8 
R maxT: 1 
R_PriorDraw_first_mu: 0.2796191 
R_PriorDraw_first_nu: 1.425731 
R-CCU: Before ClusterLabelChange for i = 32 newLabel= 1 currentLabel= 1 
R-CCU: sum(pointsPerCluster) = 431 
 num 431
NULL
R-CCU: After ClusterLabelChange for i = 32 
R-CCU: sum(pointsPerCluster) = 432 
 num 432
NULL
R-CCU: dpObj$numberClusters = 1 
List of 2
 $ : num [1, 1, 1] 0.342
 $ : num [1, 1, 1] 10.1
NULL
R priorParameters: 2 8 
R maxT: 1 
R_PriorDraw_first_mu: 0.4474614 
R_PriorDraw_first_nu: 10.05082 
R-CCU: Before ClusterLabelChange for i = 33 newLabel= 1 currentLabel= 1 
R-CCU: sum(pointsPerCluster) = 432 
 num 432
NULL
R-CCU: After ClusterLabelChange for i = 33 
R-CCU: sum(pointsPerCluster) = 433 
 num 433
NULL
R-CCU: dpObj$numberClusters = 1 
List of 2
 $ : num [1, 1, 1] 0.342
 $ : num [1, 1, 1] 10.1
NULL
R priorParameters: 2 8 
R maxT: 1 
R_PriorDraw_first_mu: 0.6774454 
R_PriorDraw_first_nu: 1.715683 
R-CCU: Before ClusterLabelChange for i = 34 newLabel= 1 currentLabel= 1 
R-CCU: sum(pointsPerCluster) = 433 
 num 433
NULL
R-CCU: After ClusterLabelChange for i = 34 
R-CCU: sum(pointsPerCluster) = 434 
 num 434
NULL
R-CCU: dpObj$numberClusters = 1 
List of 2
 $ : num [1, 1, 1] 0.342
 $ : num [1, 1, 1] 10.1
NULL
R priorParameters: 2 8 
R maxT: 1 
R_PriorDraw_first_mu: 0.4654365 
R_PriorDraw_first_nu: 14.12698 
R-CCU: Before ClusterLabelChange for i = 35 newLabel= 1 currentLabel= 1 
R-CCU: sum(pointsPerCluster) = 434 
 num 434
NULL
R-CCU: After ClusterLabelChange for i = 35 
R-CCU: sum(pointsPerCluster) = 435 
 num 435
NULL
R-CCU: dpObj$numberClusters = 1 
List of 2
 $ : num [1, 1, 1] 0.342
 $ : num [1, 1, 1] 10.1
NULL
R priorParameters: 2 8 
R maxT: 1 
R_PriorDraw_first_mu: 0.03960884 
R_PriorDraw_first_nu: 2.449033 
R-CCU: Before ClusterLabelChange for i = 36 newLabel= 1 currentLabel= 1 
R-CCU: sum(pointsPerCluster) = 435 
 num 435
NULL
R-CCU: After ClusterLabelChange for i = 36 
R-CCU: sum(pointsPerCluster) = 436 
 num 436
NULL
R-CCU: dpObj$numberClusters = 1 
List of 2
 $ : num [1, 1, 1] 0.342
 $ : num [1, 1, 1] 10.1
NULL
R priorParameters: 2 8 
R maxT: 1 
R_PriorDraw_first_mu: 0.5381326 
R_PriorDraw_first_nu: 14.01486 
R-CCU: Before ClusterLabelChange for i = 37 newLabel= 1 currentLabel= 1 
R-CCU: sum(pointsPerCluster) = 436 
 num 436
NULL
R-CCU: After ClusterLabelChange for i = 37 
R-CCU: sum(pointsPerCluster) = 437 
 num 437
NULL
R-CCU: dpObj$numberClusters = 1 
List of 2
 $ : num [1, 1, 1] 0.342
 $ : num [1, 1, 1] 10.1
NULL
R priorParameters: 2 8 
R maxT: 1 
R_PriorDraw_first_mu: 0.1269992 
R_PriorDraw_first_nu: 2.02456 
R-CCU: Before ClusterLabelChange for i = 38 newLabel= 1 currentLabel= 1 
R-CCU: sum(pointsPerCluster) = 437 
 num 437
NULL
R-CCU: After ClusterLabelChange for i = 38 
R-CCU: sum(pointsPerCluster) = 438 
 num 438
NULL
R-CCU: dpObj$numberClusters = 1 
List of 2
 $ : num [1, 1, 1] 0.342
 $ : num [1, 1, 1] 10.1
NULL
R priorParameters: 2 8 
R maxT: 1 
R_PriorDraw_first_mu: 0.938013 
R_PriorDraw_first_nu: 19.85639 
R-CCU: Before ClusterLabelChange for i = 39 newLabel= 1 currentLabel= 1 
R-CCU: sum(pointsPerCluster) = 438 
 num 438
NULL
R-CCU: After ClusterLabelChange for i = 39 
R-CCU: sum(pointsPerCluster) = 439 
 num 439
NULL
R-CCU: dpObj$numberClusters = 1 
List of 2
 $ : num [1, 1, 1] 0.342
 $ : num [1, 1, 1] 10.1
NULL
R priorParameters: 2 8 
R maxT: 1 
R_PriorDraw_first_mu: 0.2338626 
R_PriorDraw_first_nu: 5.950787 
R-CCU: Before ClusterLabelChange for i = 40 newLabel= 1 currentLabel= 1 
R-CCU: sum(pointsPerCluster) = 439 
 num 439
NULL
R-CCU: After ClusterLabelChange for i = 40 
R-CCU: sum(pointsPerCluster) = 440 
 num 440
NULL
R-CCU: dpObj$numberClusters = 1 
List of 2
 $ : num [1, 1, 1] 0.342
 $ : num [1, 1, 1] 10.1
NULL
R priorParameters: 2 8 
R maxT: 1 
R_PriorDraw_first_mu: 0.9651378 
R_PriorDraw_first_nu: 2.631548 
R-CCU: Before ClusterLabelChange for i = 41 newLabel= 1 currentLabel= 1 
R-CCU: sum(pointsPerCluster) = 440 
 num 440
NULL
R-CCU: After ClusterLabelChange for i = 41 
R-CCU: sum(pointsPerCluster) = 441 
 num 441
NULL
R-CCU: dpObj$numberClusters = 1 
List of 2
 $ : num [1, 1, 1] 0.342
 $ : num [1, 1, 1] 10.1
NULL
R priorParameters: 2 8 
R maxT: 1 
R_PriorDraw_first_mu: 0.2785264 
R_PriorDraw_first_nu: 1.399402 
R-CCU: Before ClusterLabelChange for i = 42 newLabel= 1 currentLabel= 1 
R-CCU: sum(pointsPerCluster) = 441 
 num 441
NULL
R-CCU: After ClusterLabelChange for i = 42 
R-CCU: sum(pointsPerCluster) = 442 
 num 442
NULL
R-CCU: dpObj$numberClusters = 1 
List of 2
 $ : num [1, 1, 1] 0.342
 $ : num [1, 1, 1] 10.1
NULL
R priorParameters: 2 8 
R maxT: 1 
R_PriorDraw_first_mu: 0.7149435 
R_PriorDraw_first_nu: 10.91276 
R-CCU: Before ClusterLabelChange for i = 43 newLabel= 1 currentLabel= 1 
R-CCU: sum(pointsPerCluster) = 442 
 num 442
NULL
R-CCU: After ClusterLabelChange for i = 43 
R-CCU: sum(pointsPerCluster) = 443 
 num 443
NULL
R-CCU: dpObj$numberClusters = 1 
List of 2
 $ : num [1, 1, 1] 0.342
 $ : num [1, 1, 1] 10.1
NULL
R priorParameters: 2 8 
R maxT: 1 
R_PriorDraw_first_mu: 0.2050401 
R_PriorDraw_first_nu: 1.735044 
R-CCU: Before ClusterLabelChange for i = 44 newLabel= 1 currentLabel= 1 
R-CCU: sum(pointsPerCluster) = 443 
 num 443
NULL
R-CCU: After ClusterLabelChange for i = 44 
R-CCU: sum(pointsPerCluster) = 444 
 num 444
NULL
R-CCU: dpObj$numberClusters = 1 
List of 2
 $ : num [1, 1, 1] 0.342
 $ : num [1, 1, 1] 10.1
NULL
R priorParameters: 2 8 
R maxT: 1 
R_PriorDraw_first_mu: 0.1265065 
R_PriorDraw_first_nu: 101.9214 
R-CCU: Before ClusterLabelChange for i = 45 newLabel= 1 currentLabel= 1 
R-CCU: sum(pointsPerCluster) = 444 
 num 444
NULL
R-CCU: After ClusterLabelChange for i = 45 
R-CCU: sum(pointsPerCluster) = 445 
 num 445
NULL
R-CCU: dpObj$numberClusters = 1 
List of 2
 $ : num [1, 1, 1] 0.342
 $ : num [1, 1, 1] 10.1
NULL
R priorParameters: 2 8 
R maxT: 1 
R_PriorDraw_first_mu: 0.1804806 
R_PriorDraw_first_nu: 31.89186 
R-CCU: Before ClusterLabelChange for i = 46 newLabel= 1 currentLabel= 1 
R-CCU: sum(pointsPerCluster) = 445 
 num 445
NULL
R-CCU: After ClusterLabelChange for i = 46 
R-CCU: sum(pointsPerCluster) = 446 
 num 446
NULL
R-CCU: dpObj$numberClusters = 1 
List of 2
 $ : num [1, 1, 1] 0.342
 $ : num [1, 1, 1] 10.1
NULL
R priorParameters: 2 8 
R maxT: 1 
R_PriorDraw_first_mu: 0.2879144 
R_PriorDraw_first_nu: 6.944128 
R-CCU: Before ClusterLabelChange for i = 47 newLabel= 1 currentLabel= 1 
R-CCU: sum(pointsPerCluster) = 446 
 num 446
NULL
R-CCU: After ClusterLabelChange for i = 47 
R-CCU: sum(pointsPerCluster) = 447 
 num 447
NULL
R-CCU: dpObj$numberClusters = 1 
List of 2
 $ : num [1, 1, 1] 0.342
 $ : num [1, 1, 1] 10.1
NULL
R priorParameters: 2 8 
R maxT: 1 
R_PriorDraw_first_mu: 0.3733881 
R_PriorDraw_first_nu: 3.689983 
R-CCU: Before ClusterLabelChange for i = 48 newLabel= 1 currentLabel= 1 
R-CCU: sum(pointsPerCluster) = 447 
 num 447
NULL
R-CCU: After ClusterLabelChange for i = 48 
R-CCU: sum(pointsPerCluster) = 448 
 num 448
NULL
R-CCU: dpObj$numberClusters = 1 
List of 2
 $ : num [1, 1, 1] 0.342
 $ : num [1, 1, 1] 10.1
NULL
R priorParameters: 2 8 
R maxT: 1 
R_PriorDraw_first_mu: 0.1849855 
R_PriorDraw_first_nu: 6.582726 
R-CCU: Before ClusterLabelChange for i = 49 newLabel= 1 currentLabel= 1 
R-CCU: sum(pointsPerCluster) = 448 
 num 448
NULL
R-CCU: After ClusterLabelChange for i = 49 
R-CCU: sum(pointsPerCluster) = 449 
 num 449
NULL
R-CCU: dpObj$numberClusters = 1 
List of 2
 $ : num [1, 1, 1] 0.342
 $ : num [1, 1, 1] 10.1
NULL
R priorParameters: 2 8 
R maxT: 1 
R_PriorDraw_first_mu: 0.7575499 
R_PriorDraw_first_nu: 1.884703 
R-CCU: Before ClusterLabelChange for i = 50 newLabel= 1 currentLabel= 1 
R-CCU: sum(pointsPerCluster) = 449 
 num 449
NULL
R-CCU: After ClusterLabelChange for i = 50 
R-CCU: sum(pointsPerCluster) = 450 
 num 450
NULL
R-CCU: dpObj$numberClusters = 1 
List of 2
 $ : num [1, 1, 1] 0.342
 $ : num [1, 1, 1] 10.1
NULL
R priorParameters: 2 8 
R maxT: 1 
R_PriorDraw_first_mu: 0.3246186 
R_PriorDraw_first_nu: 3.957977 
R-CCU: Before ClusterLabelChange for i = 51 newLabel= 1 currentLabel= 1 
R-CCU: sum(pointsPerCluster) = 450 
 num 450
NULL
R-CCU: After ClusterLabelChange for i = 51 
R-CCU: sum(pointsPerCluster) = 451 
 num 451
NULL
R-CCU: dpObj$numberClusters = 1 
List of 2
 $ : num [1, 1, 1] 0.342
 $ : num [1, 1, 1] 10.1
NULL
R priorParameters: 2 8 
R maxT: 1 
R_PriorDraw_first_mu: 0.671019 
R_PriorDraw_first_nu: 5.10783 
R-CCU: Before ClusterLabelChange for i = 52 newLabel= 1 currentLabel= 1 
R-CCU: sum(pointsPerCluster) = 451 
 num 451
NULL
R-CCU: After ClusterLabelChange for i = 52 
R-CCU: sum(pointsPerCluster) = 452 
 num 452
NULL
R-CCU: dpObj$numberClusters = 1 
List of 2
 $ : num [1, 1, 1] 0.342
 $ : num [1, 1, 1] 10.1
NULL
R priorParameters: 2 8 
R maxT: 1 
R_PriorDraw_first_mu: 0.03624519 
R_PriorDraw_first_nu: 1.540534 
R-CCU: Before ClusterLabelChange for i = 53 newLabel= 1 currentLabel= 1 
R-CCU: sum(pointsPerCluster) = 452 
 num 452
NULL
R-CCU: After ClusterLabelChange for i = 53 
R-CCU: sum(pointsPerCluster) = 453 
 num 453
NULL
R-CCU: dpObj$numberClusters = 1 
List of 2
 $ : num [1, 1, 1] 0.342
 $ : num [1, 1, 1] 10.1
NULL
R priorParameters: 2 8 
R maxT: 1 
R_PriorDraw_first_mu: 0.9133079 
R_PriorDraw_first_nu: 6.66938 
R-CCU: Before ClusterLabelChange for i = 54 newLabel= 1 currentLabel= 1 
R-CCU: sum(pointsPerCluster) = 453 
 num 453
NULL
R-CCU: After ClusterLabelChange for i = 54 
R-CCU: sum(pointsPerCluster) = 454 
 num 454
NULL
R-CCU: dpObj$numberClusters = 1 
List of 2
 $ : num [1, 1, 1] 0.342
 $ : num [1, 1, 1] 10.1
NULL
R priorParameters: 2 8 
R maxT: 1 
R_PriorDraw_first_mu: 0.07130265 
R_PriorDraw_first_nu: 1.132695 
R-CCU: Before ClusterLabelChange for i = 55 newLabel= 1 currentLabel= 1 
R-CCU: sum(pointsPerCluster) = 454 
 num 454
NULL
R-CCU: After ClusterLabelChange for i = 55 
R-CCU: sum(pointsPerCluster) = 455 
 num 455
NULL
R-CCU: dpObj$numberClusters = 1 
List of 2
 $ : num [1, 1, 1] 0.342
 $ : num [1, 1, 1] 10.1
NULL
R priorParameters: 2 8 
R maxT: 1 
R_PriorDraw_first_mu: 0.6370728 
R_PriorDraw_first_nu: 8.078081 
R-CCU: Before ClusterLabelChange for i = 56 newLabel= 1 currentLabel= 1 
R-CCU: sum(pointsPerCluster) = 455 
 num 455
NULL
R-CCU: After ClusterLabelChange for i = 56 
R-CCU: sum(pointsPerCluster) = 456 
 num 456
NULL
R-CCU: dpObj$numberClusters = 1 
List of 2
 $ : num [1, 1, 1] 0.342
 $ : num [1, 1, 1] 10.1
NULL
R priorParameters: 2 8 
R maxT: 1 
R_PriorDraw_first_mu: 0.2072119 
R_PriorDraw_first_nu: 5.358557 
R-CCU: Before ClusterLabelChange for i = 57 newLabel= 1 currentLabel= 1 
R-CCU: sum(pointsPerCluster) = 456 
 num 456
NULL
R-CCU: After ClusterLabelChange for i = 57 
R-CCU: sum(pointsPerCluster) = 457 
 num 457
NULL
R-CCU: dpObj$numberClusters = 1 
List of 2
 $ : num [1, 1, 1] 0.342
 $ : num [1, 1, 1] 10.1
NULL
R priorParameters: 2 8 
R maxT: 1 
R_PriorDraw_first_mu: 0.4948381 
R_PriorDraw_first_nu: 5.662547 
R-CCU: Before ClusterLabelChange for i = 58 newLabel= 1 currentLabel= 1 
R-CCU: sum(pointsPerCluster) = 457 
 num 457
NULL
R-CCU: After ClusterLabelChange for i = 58 
R-CCU: sum(pointsPerCluster) = 458 
 num 458
NULL
R-CCU: dpObj$numberClusters = 1 
List of 2
 $ : num [1, 1, 1] 0.342
 $ : num [1, 1, 1] 10.1
NULL
R priorParameters: 2 8 
R maxT: 1 
R_PriorDraw_first_mu: 0.582401 
R_PriorDraw_first_nu: 10.23326 
R-CCU: Before ClusterLabelChange for i = 59 newLabel= 1 currentLabel= 1 
R-CCU: sum(pointsPerCluster) = 458 
 num 458
NULL
R-CCU: After ClusterLabelChange for i = 59 
R-CCU: sum(pointsPerCluster) = 459 
 num 459
NULL
R-CCU: dpObj$numberClusters = 1 
List of 2
 $ : num [1, 1, 1] 0.342
 $ : num [1, 1, 1] 10.1
NULL
R priorParameters: 2 8 
R maxT: 1 
R_PriorDraw_first_mu: 0.6867146 
R_PriorDraw_first_nu: 7.445603 
R-CCU: Before ClusterLabelChange for i = 60 newLabel= 1 currentLabel= 1 
R-CCU: sum(pointsPerCluster) = 459 
 num 459
NULL
R-CCU: After ClusterLabelChange for i = 60 
R-CCU: sum(pointsPerCluster) = 460 
 num 460
NULL
R-CCU: dpObj$numberClusters = 1 
List of 2
 $ : num [1, 1, 1] 0.342
 $ : num [1, 1, 1] 10.1
NULL
R priorParameters: 2 8 
R maxT: 1 
R_PriorDraw_first_mu: 0.5911406 
R_PriorDraw_first_nu: 16.57158 
R-CCU: Before ClusterLabelChange for i = 61 newLabel= 1 currentLabel= 1 
R-CCU: sum(pointsPerCluster) = 460 
 num 460
NULL
R-CCU: After ClusterLabelChange for i = 61 
R-CCU: sum(pointsPerCluster) = 461 
 num 461
NULL
R-CCU: dpObj$numberClusters = 1 
List of 2
 $ : num [1, 1, 1] 0.342
 $ : num [1, 1, 1] 10.1
NULL
R priorParameters: 2 8 
R maxT: 1 
R_PriorDraw_first_mu: 0.5025281 
R_PriorDraw_first_nu: 5.923001 
R-CCU: Before ClusterLabelChange for i = 62 newLabel= 1 currentLabel= 1 
R-CCU: sum(pointsPerCluster) = 461 
 num 461
NULL
R-CCU: After ClusterLabelChange for i = 62 
R-CCU: sum(pointsPerCluster) = 462 
 num 462
NULL
R-CCU: dpObj$numberClusters = 1 
List of 2
 $ : num [1, 1, 1] 0.342
 $ : num [1, 1, 1] 10.1
NULL
R priorParameters: 2 8 
R maxT: 1 
R_PriorDraw_first_mu: 0.7486109 
R_PriorDraw_first_nu: 2.77661 
R-CCU: Before ClusterLabelChange for i = 63 newLabel= 1 currentLabel= 1 
R-CCU: sum(pointsPerCluster) = 462 
 num 462
NULL
R-CCU: After ClusterLabelChange for i = 63 
R-CCU: sum(pointsPerCluster) = 463 
 num 463
NULL
R-CCU: dpObj$numberClusters = 1 
List of 2
 $ : num [1, 1, 1] 0.342
 $ : num [1, 1, 1] 10.1
NULL
R priorParameters: 2 8 
R maxT: 1 
R_PriorDraw_first_mu: 0.8939643 
R_PriorDraw_first_nu: 1.656538 
R-CCU: Before ClusterLabelChange for i = 64 newLabel= 1 currentLabel= 1 
R-CCU: sum(pointsPerCluster) = 463 
 num 463
NULL
R-CCU: After ClusterLabelChange for i = 64 
R-CCU: sum(pointsPerCluster) = 464 
 num 464
NULL
R-CCU: dpObj$numberClusters = 1 
List of 2
 $ : num [1, 1, 1] 0.342
 $ : num [1, 1, 1] 10.1
NULL
R priorParameters: 2 8 
R maxT: 1 
R_PriorDraw_first_mu: 0.416616 
R_PriorDraw_first_nu: 12.35354 
R-CCU: Before ClusterLabelChange for i = 65 newLabel= 1 currentLabel= 1 
R-CCU: sum(pointsPerCluster) = 464 
 num 464
NULL
R-CCU: After ClusterLabelChange for i = 65 
R-CCU: sum(pointsPerCluster) = 465 
 num 465
NULL
R-CCU: dpObj$numberClusters = 1 
List of 2
 $ : num [1, 1, 1] 0.342
 $ : num [1, 1, 1] 10.1
NULL
R priorParameters: 2 8 
R maxT: 1 
R_PriorDraw_first_mu: 0.8491603 
R_PriorDraw_first_nu: 17.43322 
R-CCU: Before ClusterLabelChange for i = 66 newLabel= 1 currentLabel= 1 
R-CCU: sum(pointsPerCluster) = 465 
 num 465
NULL
R-CCU: After ClusterLabelChange for i = 66 
R-CCU: sum(pointsPerCluster) = 466 
 num 466
NULL
R-CCU: dpObj$numberClusters = 1 
List of 2
 $ : num [1, 1, 1] 0.342
 $ : num [1, 1, 1] 10.1
NULL
R priorParameters: 2 8 
R maxT: 1 
R_PriorDraw_first_mu: 0.06053803 
R_PriorDraw_first_nu: 7.516259 
R-CCU: Before ClusterLabelChange for i = 67 newLabel= 1 currentLabel= 1 
R-CCU: sum(pointsPerCluster) = 466 
 num 466
NULL
R-CCU: After ClusterLabelChange for i = 67 
R-CCU: sum(pointsPerCluster) = 467 
 num 467
NULL
R-CCU: dpObj$numberClusters = 1 
List of 2
 $ : num [1, 1, 1] 0.342
 $ : num [1, 1, 1] 10.1
NULL
R priorParameters: 2 8 
R maxT: 1 
R_PriorDraw_first_mu: 0.309471 
R_PriorDraw_first_nu: 4.883965 
R-CCU: Before ClusterLabelChange for i = 68 newLabel= 1 currentLabel= 1 
R-CCU: sum(pointsPerCluster) = 467 
 num 467
NULL
R-CCU: After ClusterLabelChange for i = 68 
R-CCU: sum(pointsPerCluster) = 468 
 num 468
NULL
R-CCU: dpObj$numberClusters = 1 
List of 2
 $ : num [1, 1, 1] 0.342
 $ : num [1, 1, 1] 10.1
NULL
R priorParameters: 2 8 
R maxT: 1 
R_PriorDraw_first_mu: 0.9723706 
R_PriorDraw_first_nu: 14.22566 
R-CCU: Before ClusterLabelChange for i = 69 newLabel= 1 currentLabel= 1 
R-CCU: sum(pointsPerCluster) = 468 
 num 468
NULL
R-CCU: After ClusterLabelChange for i = 69 
R-CCU: sum(pointsPerCluster) = 469 
 num 469
NULL
R-CCU: dpObj$numberClusters = 1 
List of 2
 $ : num [1, 1, 1] 0.342
 $ : num [1, 1, 1] 10.1
NULL
R priorParameters: 2 8 
R maxT: 1 
R_PriorDraw_first_mu: 0.8797604 
R_PriorDraw_first_nu: 8.134178 
R-CCU: Before ClusterLabelChange for i = 70 newLabel= 1 currentLabel= 1 
R-CCU: sum(pointsPerCluster) = 469 
 num 469
NULL
R-CCU: After ClusterLabelChange for i = 70 
R-CCU: sum(pointsPerCluster) = 470 
 num 470
NULL
R-CCU: dpObj$numberClusters = 1 
List of 2
 $ : num [1, 1, 1] 0.342
 $ : num [1, 1, 1] 10.1
NULL
R priorParameters: 2 8 
R maxT: 1 
R_PriorDraw_first_mu: 0.1696498 
R_PriorDraw_first_nu: 4.946268 
R-CCU: Before ClusterLabelChange for i = 71 newLabel= 1 currentLabel= 1 
R-CCU: sum(pointsPerCluster) = 470 
 num 470
NULL
R-CCU: After ClusterLabelChange for i = 71 
R-CCU: sum(pointsPerCluster) = 471 
 num 471
NULL
R-CCU: dpObj$numberClusters = 1 
List of 2
 $ : num [1, 1, 1] 0.342
 $ : num [1, 1, 1] 10.1
NULL
R priorParameters: 2 8 
R maxT: 1 
R_PriorDraw_first_mu: 0.4913668 
R_PriorDraw_first_nu: 1.425455 
R-CCU: Before ClusterLabelChange for i = 72 newLabel= 1 currentLabel= 1 
R-CCU: sum(pointsPerCluster) = 471 
 num 471
NULL
R-CCU: After ClusterLabelChange for i = 72 
R-CCU: sum(pointsPerCluster) = 472 
 num 472
NULL
R-CCU: dpObj$numberClusters = 1 
List of 2
 $ : num [1, 1, 1] 0.342
 $ : num [1, 1, 1] 10.1
NULL
R priorParameters: 2 8 
R maxT: 1 
R_PriorDraw_first_mu: 0.08314302 
R_PriorDraw_first_nu: 3.095714 
R-CCU: Before ClusterLabelChange for i = 73 newLabel= 1 currentLabel= 1 
R-CCU: sum(pointsPerCluster) = 472 
 num 472
NULL
R-CCU: After ClusterLabelChange for i = 73 
R-CCU: sum(pointsPerCluster) = 473 
 num 473
NULL
R-CCU: dpObj$numberClusters = 1 
List of 2
 $ : num [1, 1, 1] 0.342
 $ : num [1, 1, 1] 10.1
NULL
R priorParameters: 2 8 
R maxT: 1 
R_PriorDraw_first_mu: 0.6107726 
R_PriorDraw_first_nu: 3.094905 
R-CCU: Before ClusterLabelChange for i = 74 newLabel= 1 currentLabel= 1 
R-CCU: sum(pointsPerCluster) = 473 
 num 473
NULL
R-CCU: After ClusterLabelChange for i = 74 
R-CCU: sum(pointsPerCluster) = 474 
 num 474
NULL
R-CCU: dpObj$numberClusters = 1 
List of 2
 $ : num [1, 1, 1] 0.342
 $ : num [1, 1, 1] 10.1
NULL
R priorParameters: 2 8 
R maxT: 1 
R_PriorDraw_first_mu: 0.2853205 
R_PriorDraw_first_nu: 3.136626 
R-CCU: Before ClusterLabelChange for i = 75 newLabel= 1 currentLabel= 1 
R-CCU: sum(pointsPerCluster) = 474 
 num 474
NULL
R-CCU: After ClusterLabelChange for i = 75 
R-CCU: sum(pointsPerCluster) = 475 
 num 475
NULL
R-CCU: dpObj$numberClusters = 1 
List of 2
 $ : num [1, 1, 1] 0.342
 $ : num [1, 1, 1] 10.1
NULL
R priorParameters: 2 8 
R maxT: 1 
R_PriorDraw_first_mu: 0.5443719 
R_PriorDraw_first_nu: 6.030478 
R-CCU: Before ClusterLabelChange for i = 76 newLabel= 1 currentLabel= 1 
R-CCU: sum(pointsPerCluster) = 475 
 num 475
NULL
R-CCU: After ClusterLabelChange for i = 76 
R-CCU: sum(pointsPerCluster) = 476 
 num 476
NULL
R-CCU: dpObj$numberClusters = 1 
List of 2
 $ : num [1, 1, 1] 0.342
 $ : num [1, 1, 1] 10.1
NULL
R priorParameters: 2 8 
R maxT: 1 
R_PriorDraw_first_mu: 0.8192048 
R_PriorDraw_first_nu: 2.81225 
R-CCU: Before ClusterLabelChange for i = 77 newLabel= 1 currentLabel= 1 
R-CCU: sum(pointsPerCluster) = 476 
 num 476
NULL
R-CCU: After ClusterLabelChange for i = 77 
R-CCU: sum(pointsPerCluster) = 477 
 num 477
NULL
R-CCU: dpObj$numberClusters = 1 
List of 2
 $ : num [1, 1, 1] 0.342
 $ : num [1, 1, 1] 10.1
NULL
R priorParameters: 2 8 
R maxT: 1 
R_PriorDraw_first_mu: 0.7496659 
R_PriorDraw_first_nu: 2.97703 
R-CCU: Before ClusterLabelChange for i = 78 newLabel= 1 currentLabel= 1 
R-CCU: sum(pointsPerCluster) = 477 
 num 477
NULL
R-CCU: After ClusterLabelChange for i = 78 
R-CCU: sum(pointsPerCluster) = 478 
 num 478
NULL
R-CCU: dpObj$numberClusters = 1 
List of 2
 $ : num [1, 1, 1] 0.342
 $ : num [1, 1, 1] 10.1
NULL
R priorParameters: 2 8 
R maxT: 1 
R_PriorDraw_first_mu: 0.5806238 
R_PriorDraw_first_nu: 5.679625 
R-CCU: Before ClusterLabelChange for i = 79 newLabel= 1 currentLabel= 1 
R-CCU: sum(pointsPerCluster) = 478 
 num 478
NULL
R-CCU: After ClusterLabelChange for i = 79 
R-CCU: sum(pointsPerCluster) = 479 
 num 479
NULL
R-CCU: dpObj$numberClusters = 1 
List of 2
 $ : num [1, 1, 1] 0.342
 $ : num [1, 1, 1] 10.1
NULL
R priorParameters: 2 8 
R maxT: 1 
R_PriorDraw_first_mu: 0.1049917 
R_PriorDraw_first_nu: 2.119367 
R-CCU: Before ClusterLabelChange for i = 80 newLabel= 1 currentLabel= 1 
R-CCU: sum(pointsPerCluster) = 479 
 num 479
NULL
R-CCU: After ClusterLabelChange for i = 80 
R-CCU: sum(pointsPerCluster) = 480 
 num 480
NULL
R-CCU: dpObj$numberClusters = 1 
List of 2
 $ : num [1, 1, 1] 0.342
 $ : num [1, 1, 1] 10.1
NULL
R priorParameters: 2 8 
R maxT: 1 
R_PriorDraw_first_mu: 0.4684741 
R_PriorDraw_first_nu: 3.285895 
R-CCU: Before ClusterLabelChange for i = 81 newLabel= 1 currentLabel= 1 
R-CCU: sum(pointsPerCluster) = 480 
 num 480
NULL
R-CCU: After ClusterLabelChange for i = 81 
R-CCU: sum(pointsPerCluster) = 481 
 num 481
NULL
R-CCU: dpObj$numberClusters = 1 
List of 2
 $ : num [1, 1, 1] 0.342
 $ : num [1, 1, 1] 10.1
NULL
R priorParameters: 2 8 
R maxT: 1 
R_PriorDraw_first_mu: 0.3961172 
R_PriorDraw_first_nu: 1.496218 
R-CCU: Before ClusterLabelChange for i = 82 newLabel= 1 currentLabel= 1 
R-CCU: sum(pointsPerCluster) = 481 
 num 481
NULL
R-CCU: After ClusterLabelChange for i = 82 
R-CCU: sum(pointsPerCluster) = 482 
 num 482
NULL
R-CCU: dpObj$numberClusters = 1 
List of 2
 $ : num [1, 1, 1] 0.342
 $ : num [1, 1, 1] 10.1
NULL
R priorParameters: 2 8 
R maxT: 1 
R_PriorDraw_first_mu: 0.3187896 
R_PriorDraw_first_nu: 6.803334 
R-CCU: Before ClusterLabelChange for i = 83 newLabel= 1 currentLabel= 1 
R-CCU: sum(pointsPerCluster) = 482 
 num 482
NULL
R-CCU: After ClusterLabelChange for i = 83 
R-CCU: sum(pointsPerCluster) = 483 
 num 483
NULL
R-CCU: dpObj$numberClusters = 1 
List of 2
 $ : num [1, 1, 1] 0.342
 $ : num [1, 1, 1] 10.1
NULL
R priorParameters: 2 8 
R maxT: 1 
R_PriorDraw_first_mu: 0.1287667 
R_PriorDraw_first_nu: 7.388321 
R-CCU: Before ClusterLabelChange for i = 84 newLabel= 1 currentLabel= 1 
R-CCU: sum(pointsPerCluster) = 483 
 num 483
NULL
R-CCU: After ClusterLabelChange for i = 84 
R-CCU: sum(pointsPerCluster) = 484 
 num 484
NULL
R-CCU: dpObj$numberClusters = 1 
List of 2
 $ : num [1, 1, 1] 0.342
 $ : num [1, 1, 1] 10.1
NULL
R priorParameters: 2 8 
R maxT: 1 
R_PriorDraw_first_mu: 0.526637 
R_PriorDraw_first_nu: 10.92314 
R-CCU: Before ClusterLabelChange for i = 85 newLabel= 1 currentLabel= 1 
R-CCU: sum(pointsPerCluster) = 484 
 num 484
NULL
R-CCU: After ClusterLabelChange for i = 85 
R-CCU: sum(pointsPerCluster) = 485 
 num 485
NULL
R-CCU: dpObj$numberClusters = 1 
List of 2
 $ : num [1, 1, 1] 0.342
 $ : num [1, 1, 1] 10.1
NULL
R priorParameters: 2 8 
R maxT: 1 
R_PriorDraw_first_mu: 0.2248576 
R_PriorDraw_first_nu: 7.781737 
R-CCU: Before ClusterLabelChange for i = 86 newLabel= 1 currentLabel= 1 
R-CCU: sum(pointsPerCluster) = 485 
 num 485
NULL
R-CCU: After ClusterLabelChange for i = 86 
R-CCU: sum(pointsPerCluster) = 486 
 num 486
NULL
R-CCU: dpObj$numberClusters = 1 
List of 2
 $ : num [1, 1, 1] 0.342
 $ : num [1, 1, 1] 10.1
NULL
R priorParameters: 2 8 
R maxT: 1 
R_PriorDraw_first_mu: 0.01242486 
R_PriorDraw_first_nu: 2.23373 
R-CCU: Before ClusterLabelChange for i = 87 newLabel= 1 currentLabel= 1 
R-CCU: sum(pointsPerCluster) = 486 
 num 486
NULL
R-CCU: After ClusterLabelChange for i = 87 
R-CCU: sum(pointsPerCluster) = 487 
 num 487
NULL
R-CCU: dpObj$numberClusters = 1 
List of 2
 $ : num [1, 1, 1] 0.342
 $ : num [1, 1, 1] 10.1
NULL
R priorParameters: 2 8 
R maxT: 1 
R_PriorDraw_first_mu: 0.4894555 
R_PriorDraw_first_nu: 3.576494 
R-CCU: Before ClusterLabelChange for i = 88 newLabel= 1 currentLabel= 1 
R-CCU: sum(pointsPerCluster) = 487 
 num 487
NULL
R-CCU: After ClusterLabelChange for i = 88 
R-CCU: sum(pointsPerCluster) = 488 
 num 488
NULL
R-CCU: dpObj$numberClusters = 1 
List of 2
 $ : num [1, 1, 1] 0.342
 $ : num [1, 1, 1] 10.1
NULL
R priorParameters: 2 8 
R maxT: 1 
R_PriorDraw_first_mu: 0.1869358 
R_PriorDraw_first_nu: 2.143587 
R-CCU: Before ClusterLabelChange for i = 89 newLabel= 1 currentLabel= 1 
R-CCU: sum(pointsPerCluster) = 488 
 num 488
NULL
R-CCU: After ClusterLabelChange for i = 89 
R-CCU: sum(pointsPerCluster) = 489 
 num 489
NULL
R-CCU: dpObj$numberClusters = 1 
List of 2
 $ : num [1, 1, 1] 0.342
 $ : num [1, 1, 1] 10.1
NULL
R priorParameters: 2 8 
R maxT: 1 
R_PriorDraw_first_mu: 0.7762345 
R_PriorDraw_first_nu: 1.767307 
R-CCU: Before ClusterLabelChange for i = 90 newLabel= 1 currentLabel= 1 
R-CCU: sum(pointsPerCluster) = 489 
 num 489
NULL
R-CCU: After ClusterLabelChange for i = 90 
R-CCU: sum(pointsPerCluster) = 490 
 num 490
NULL
R-CCU: dpObj$numberClusters = 1 
List of 2
 $ : num [1, 1, 1] 0.342
 $ : num [1, 1, 1] 10.1
NULL
R priorParameters: 2 8 
R maxT: 1 
R_PriorDraw_first_mu: 0.3950819 
R_PriorDraw_first_nu: 3.708083 
R-CCU: Before ClusterLabelChange for i = 91 newLabel= 1 currentLabel= 1 
R-CCU: sum(pointsPerCluster) = 490 
 num 490
NULL
R-CCU: After ClusterLabelChange for i = 91 
R-CCU: sum(pointsPerCluster) = 491 
 num 491
NULL
R-CCU: dpObj$numberClusters = 1 
List of 2
 $ : num [1, 1, 1] 0.342
 $ : num [1, 1, 1] 10.1
NULL
R priorParameters: 2 8 
R maxT: 1 
R_PriorDraw_first_mu: 0.6812463 
R_PriorDraw_first_nu: 6.615687 
R-CCU: Before ClusterLabelChange for i = 92 newLabel= 1 currentLabel= 1 
R-CCU: sum(pointsPerCluster) = 491 
 num 491
NULL
R-CCU: After ClusterLabelChange for i = 92 
R-CCU: sum(pointsPerCluster) = 492 
 num 492
NULL
R-CCU: dpObj$numberClusters = 1 
List of 2
 $ : num [1, 1, 1] 0.342
 $ : num [1, 1, 1] 10.1
NULL
R priorParameters: 2 8 
R maxT: 1 
R_PriorDraw_first_mu: 0.00655593 
R_PriorDraw_first_nu: 6.122324 
R-CCU: Before ClusterLabelChange for i = 93 newLabel= 1 currentLabel= 1 
R-CCU: sum(pointsPerCluster) = 492 
 num 492
NULL
R-CCU: After ClusterLabelChange for i = 93 
R-CCU: sum(pointsPerCluster) = 493 
 num 493
NULL
R-CCU: dpObj$numberClusters = 1 
List of 2
 $ : num [1, 1, 1] 0.342
 $ : num [1, 1, 1] 10.1
NULL
R priorParameters: 2 8 
R maxT: 1 
R_PriorDraw_first_mu: 0.6827251 
R_PriorDraw_first_nu: 6.412306 
R-CCU: Before ClusterLabelChange for i = 94 newLabel= 1 currentLabel= 1 
R-CCU: sum(pointsPerCluster) = 493 
 num 493
NULL
R-CCU: After ClusterLabelChange for i = 94 
R-CCU: sum(pointsPerCluster) = 494 
 num 494
NULL
R-CCU: dpObj$numberClusters = 1 
List of 2
 $ : num [1, 1, 1] 0.342
 $ : num [1, 1, 1] 10.1
NULL
R priorParameters: 2 8 
R maxT: 1 
R_PriorDraw_first_mu: 0.02001175 
R_PriorDraw_first_nu: 7.21358 
R-CCU: Before ClusterLabelChange for i = 95 newLabel= 1 currentLabel= 1 
R-CCU: sum(pointsPerCluster) = 494 
 num 494
NULL
R-CCU: After ClusterLabelChange for i = 95 
R-CCU: sum(pointsPerCluster) = 495 
 num 495
NULL
R-CCU: dpObj$numberClusters = 1 
List of 2
 $ : num [1, 1, 1] 0.342
 $ : num [1, 1, 1] 10.1
NULL
R priorParameters: 2 8 
R maxT: 1 
R_PriorDraw_first_mu: 0.01250771 
R_PriorDraw_first_nu: 1.43836 
R-CCU: Before ClusterLabelChange for i = 96 newLabel= 1 currentLabel= 1 
R-CCU: sum(pointsPerCluster) = 495 
 num 495
NULL
R-CCU: After ClusterLabelChange for i = 96 
R-CCU: sum(pointsPerCluster) = 496 
 num 496
NULL
R-CCU: dpObj$numberClusters = 1 
List of 2
 $ : num [1, 1, 1] 0.342
 $ : num [1, 1, 1] 10.1
NULL
R priorParameters: 2 8 
R maxT: 1 
R_PriorDraw_first_mu: 0.9247235 
R_PriorDraw_first_nu: 4.743454 
R-CCU: Before ClusterLabelChange for i = 97 newLabel= 1 currentLabel= 1 
R-CCU: sum(pointsPerCluster) = 496 
 num 496
NULL
R-CCU: After ClusterLabelChange for i = 97 
R-CCU: sum(pointsPerCluster) = 497 
 num 497
NULL
R-CCU: dpObj$numberClusters = 1 
List of 2
 $ : num [1, 1, 1] 0.342
 $ : num [1, 1, 1] 10.1
NULL
R priorParameters: 2 8 
R maxT: 1 
R_PriorDraw_first_mu: 0.4198969 
R_PriorDraw_first_nu: 4.332667 
R-CCU: Before ClusterLabelChange for i = 98 newLabel= 1 currentLabel= 1 
R-CCU: sum(pointsPerCluster) = 497 
 num 497
NULL
R-CCU: After ClusterLabelChange for i = 98 
R-CCU: sum(pointsPerCluster) = 498 
 num 498
NULL
R-CCU: dpObj$numberClusters = 1 
List of 2
 $ : num [1, 1, 1] 0.342
 $ : num [1, 1, 1] 10.1
NULL
R priorParameters: 2 8 
R maxT: 1 
R_PriorDraw_first_mu: 0.4697818 
R_PriorDraw_first_nu: 6.973117 
R-CCU: Before ClusterLabelChange for i = 99 newLabel= 1 currentLabel= 1 
R-CCU: sum(pointsPerCluster) = 498 
 num 498
NULL
R-CCU: After ClusterLabelChange for i = 99 
R-CCU: sum(pointsPerCluster) = 499 
 num 499
NULL
R-CCU: dpObj$numberClusters = 1 
List of 2
 $ : num [1, 1, 1] 0.342
 $ : num [1, 1, 1] 10.1
NULL
R priorParameters: 2 8 
R maxT: 1 
R_PriorDraw_first_mu: 0.03287975 
R_PriorDraw_first_nu: 5.493605 
R-CCU: Before ClusterLabelChange for i = 100 newLabel= 1 currentLabel= 1 
R-CCU: sum(pointsPerCluster) = 499 
 num 499
NULL
R-CCU: After ClusterLabelChange for i = 100 
R-CCU: sum(pointsPerCluster) = 500 
 num 500
NULL
R-CCU: dpObj$numberClusters = 1 
List of 2
 $ : num [1, 1, 1] 0.342
 $ : num [1, 1, 1] 10.1
NULL

⠸ | 1 108      5 | Beta Distribution Full Integration Test         R priorParameters: 2 8 
R maxT: 1 
R_PriorDraw_first_mu: 0.2467437 
R_PriorDraw_first_nu: 4.068342 
R-CCU: Before ClusterLabelChange for i = 1 newLabel= 1 currentLabel= 1 
R-CCU: sum(pointsPerCluster) = 500 
 num 500
NULL
R-CCU: After ClusterLabelChange for i = 1 
R-CCU: sum(pointsPerCluster) = 501 
 num 501
NULL
R-CCU: dpObj$numberClusters = 1 
List of 2
 $ : num [1, 1, 1] 0.38
 $ : num [1, 1, 1] 6.69
NULL
R priorParameters: 2 8 
R maxT: 1 
R_PriorDraw_first_mu: 0.8819875 
R_PriorDraw_first_nu: 4.057201 
R-CCU: Before ClusterLabelChange for i = 2 newLabel= 1 currentLabel= 1 
R-CCU: sum(pointsPerCluster) = 501 
 num 501
NULL
R-CCU: After ClusterLabelChange for i = 2 
R-CCU: sum(pointsPerCluster) = 502 
 num 502
NULL
R-CCU: dpObj$numberClusters = 1 
List of 2
 $ : num [1, 1, 1] 0.38
 $ : num [1, 1, 1] 6.69
NULL
R priorParameters: 2 8 
R maxT: 1 
R_PriorDraw_first_mu: 0.3991337 
R_PriorDraw_first_nu: 6.39572 
R-CCU: Before ClusterLabelChange for i = 3 newLabel= 1 currentLabel= 1 
R-CCU: sum(pointsPerCluster) = 502 
 num 502
NULL
R-CCU: After ClusterLabelChange for i = 3 
R-CCU: sum(pointsPerCluster) = 503 
 num 503
NULL
R-CCU: dpObj$numberClusters = 1 
List of 2
 $ : num [1, 1, 1] 0.38
 $ : num [1, 1, 1] 6.69
NULL
R priorParameters: 2 8 
R maxT: 1 
R_PriorDraw_first_mu: 0.5716177 
R_PriorDraw_first_nu: 3.141176 
R-CCU: Before ClusterLabelChange for i = 4 newLabel= 1 currentLabel= 1 
R-CCU: sum(pointsPerCluster) = 503 
 num 503
NULL
R-CCU: After ClusterLabelChange for i = 4 
R-CCU: sum(pointsPerCluster) = 504 
 num 504
NULL
R-CCU: dpObj$numberClusters = 1 
List of 2
 $ : num [1, 1, 1] 0.38
 $ : num [1, 1, 1] 6.69
NULL
R priorParameters: 2 8 
R maxT: 1 
R_PriorDraw_first_mu: 0.8168377 
R_PriorDraw_first_nu: 3.557004 
R-CCU: Before ClusterLabelChange for i = 5 newLabel= 1 currentLabel= 1 
R-CCU: sum(pointsPerCluster) = 504 
 num 504
NULL
R-CCU: After ClusterLabelChange for i = 5 
R-CCU: sum(pointsPerCluster) = 505 
 num 505
NULL
R-CCU: dpObj$numberClusters = 1 
List of 2
 $ : num [1, 1, 1] 0.38
 $ : num [1, 1, 1] 6.69
NULL
R priorParameters: 2 8 
R maxT: 1 
R_PriorDraw_first_mu: 0.2026268 
R_PriorDraw_first_nu: 1.171325 
R-CCU: Before ClusterLabelChange for i = 6 newLabel= 1 currentLabel= 1 
R-CCU: sum(pointsPerCluster) = 505 
 num 505
NULL
R-CCU: After ClusterLabelChange for i = 6 
R-CCU: sum(pointsPerCluster) = 506 
 num 506
NULL
R-CCU: dpObj$numberClusters = 1 
List of 2
 $ : num [1, 1, 1] 0.38
 $ : num [1, 1, 1] 6.69
NULL
R priorParameters: 2 8 
R maxT: 1 
R_PriorDraw_first_mu: 0.9794173 
R_PriorDraw_first_nu: 3.783741 
R-CCU: Before ClusterLabelChange for i = 7 newLabel= 1 currentLabel= 1 
R-CCU: sum(pointsPerCluster) = 506 
 num 506
NULL
R-CCU: After ClusterLabelChange for i = 7 
R-CCU: sum(pointsPerCluster) = 507 
 num 507
NULL
R-CCU: dpObj$numberClusters = 1 
List of 2
 $ : num [1, 1, 1] 0.38
 $ : num [1, 1, 1] 6.69
NULL
R priorParameters: 2 8 
R maxT: 1 
R_PriorDraw_first_mu: 0.2921226 
R_PriorDraw_first_nu: 4.724884 
R-CCU: Before ClusterLabelChange for i = 8 newLabel= 1 currentLabel= 1 
R-CCU: sum(pointsPerCluster) = 507 
 num 507
NULL
R-CCU: After ClusterLabelChange for i = 8 
R-CCU: sum(pointsPerCluster) = 508 
 num 508
NULL
R-CCU: dpObj$numberClusters = 1 
List of 2
 $ : num [1, 1, 1] 0.38
 $ : num [1, 1, 1] 6.69
NULL
R priorParameters: 2 8 
R maxT: 1 
R_PriorDraw_first_mu: 0.1440735 
R_PriorDraw_first_nu: 3.426977 
R-CCU: Before ClusterLabelChange for i = 9 newLabel= 1 currentLabel= 1 
R-CCU: sum(pointsPerCluster) = 508 
 num 508
NULL
R-CCU: After ClusterLabelChange for i = 9 
R-CCU: sum(pointsPerCluster) = 509 
 num 509
NULL
R-CCU: dpObj$numberClusters = 1 
List of 2
 $ : num [1, 1, 1] 0.38
 $ : num [1, 1, 1] 6.69
NULL
R priorParameters: 2 8 
R maxT: 1 
R_PriorDraw_first_mu: 0.2608324 
R_PriorDraw_first_nu: 5.530654 
R-CCU: Before ClusterLabelChange for i = 10 newLabel= 1 currentLabel= 1 
R-CCU: sum(pointsPerCluster) = 509 
 num 509
NULL
R-CCU: After ClusterLabelChange for i = 10 
R-CCU: sum(pointsPerCluster) = 510 
 num 510
NULL
R-CCU: dpObj$numberClusters = 1 
List of 2
 $ : num [1, 1, 1] 0.38
 $ : num [1, 1, 1] 6.69
NULL
R priorParameters: 2 8 
R maxT: 1 
R_PriorDraw_first_mu: 0.05939126 
R_PriorDraw_first_nu: 5.292745 
R-CCU: Before ClusterLabelChange for i = 11 newLabel= 1 currentLabel= 1 
R-CCU: sum(pointsPerCluster) = 510 
 num 510
NULL
R-CCU: After ClusterLabelChange for i = 11 
R-CCU: sum(pointsPerCluster) = 511 
 num 511
NULL
R-CCU: dpObj$numberClusters = 1 
List of 2
 $ : num [1, 1, 1] 0.38
 $ : num [1, 1, 1] 6.69
NULL
R priorParameters: 2 8 
R maxT: 1 
R_PriorDraw_first_mu: 0.5414571 
R_PriorDraw_first_nu: 7.937648 
R-CCU: Before ClusterLabelChange for i = 12 newLabel= 1 currentLabel= 1 
R-CCU: sum(pointsPerCluster) = 511 
 num 511
NULL
R-CCU: After ClusterLabelChange for i = 12 
R-CCU: sum(pointsPerCluster) = 512 
 num 512
NULL
R-CCU: dpObj$numberClusters = 1 
List of 2
 $ : num [1, 1, 1] 0.38
 $ : num [1, 1, 1] 6.69
NULL
R priorParameters: 2 8 
R maxT: 1 
R_PriorDraw_first_mu: 0.4424143 
R_PriorDraw_first_nu: 1.683153 
R-CCU: Before ClusterLabelChange for i = 13 newLabel= 1 currentLabel= 1 
R-CCU: sum(pointsPerCluster) = 512 
 num 512
NULL
R-CCU: After ClusterLabelChange for i = 13 
R-CCU: sum(pointsPerCluster) = 513 
 num 513
NULL
R-CCU: dpObj$numberClusters = 1 
List of 2
 $ : num [1, 1, 1] 0.38
 $ : num [1, 1, 1] 6.69
NULL
R priorParameters: 2 8 
R maxT: 1 
R_PriorDraw_first_mu: 0.4931918 
R_PriorDraw_first_nu: 8.940557 
R-CCU: Before ClusterLabelChange for i = 14 newLabel= 1 currentLabel= 1 
R-CCU: sum(pointsPerCluster) = 513 
 num 513
NULL
R-CCU: After ClusterLabelChange for i = 14 
R-CCU: sum(pointsPerCluster) = 514 
 num 514
NULL
R-CCU: dpObj$numberClusters = 1 
List of 2
 $ : num [1, 1, 1] 0.38
 $ : num [1, 1, 1] 6.69
NULL
R priorParameters: 2 8 
R maxT: 1 
R_PriorDraw_first_mu: 0.2305059 
R_PriorDraw_first_nu: 5.408307 
R-CCU: Before ClusterLabelChange for i = 15 newLabel= 1 currentLabel= 1 
R-CCU: sum(pointsPerCluster) = 514 
 num 514
NULL
R-CCU: After ClusterLabelChange for i = 15 
R-CCU: sum(pointsPerCluster) = 515 
 num 515
NULL
R-CCU: dpObj$numberClusters = 1 
List of 2
 $ : num [1, 1, 1] 0.38
 $ : num [1, 1, 1] 6.69
NULL
R priorParameters: 2 8 
R maxT: 1 
R_PriorDraw_first_mu: 0.6447005 
R_PriorDraw_first_nu: 3.592918 
R-CCU: Before ClusterLabelChange for i = 16 newLabel= 1 currentLabel= 1 
R-CCU: sum(pointsPerCluster) = 515 
 num 515
NULL
R-CCU: After ClusterLabelChange for i = 16 
R-CCU: sum(pointsPerCluster) = 516 
 num 516
NULL
R-CCU: dpObj$numberClusters = 1 
List of 2
 $ : num [1, 1, 1] 0.38
 $ : num [1, 1, 1] 6.69
NULL
R priorParameters: 2 8 
R maxT: 1 
R_PriorDraw_first_mu: 0.03645328 
R_PriorDraw_first_nu: 3.304867 
R-CCU: Before ClusterLabelChange for i = 17 newLabel= 1 currentLabel= 1 
R-CCU: sum(pointsPerCluster) = 516 
 num 516
NULL
R-CCU: After ClusterLabelChange for i = 17 
R-CCU: sum(pointsPerCluster) = 517 
 num 517
NULL
R-CCU: dpObj$numberClusters = 1 
List of 2
 $ : num [1, 1, 1] 0.38
 $ : num [1, 1, 1] 6.69
NULL
R priorParameters: 2 8 
R maxT: 1 
R_PriorDraw_first_mu: 0.9321225 
R_PriorDraw_first_nu: 2.753555 
R-CCU: Before ClusterLabelChange for i = 18 newLabel= 1 currentLabel= 1 
R-CCU: sum(pointsPerCluster) = 517 
 num 517
NULL
R-CCU: After ClusterLabelChange for i = 18 
R-CCU: sum(pointsPerCluster) = 518 
 num 518
NULL
R-CCU: dpObj$numberClusters = 1 
List of 2
 $ : num [1, 1, 1] 0.38
 $ : num [1, 1, 1] 6.69
NULL
R priorParameters: 2 8 
R maxT: 1 
R_PriorDraw_first_mu: 0.08267196 
R_PriorDraw_first_nu: 6.231343 
R-CCU: Before ClusterLabelChange for i = 19 newLabel= 1 currentLabel= 1 
R-CCU: sum(pointsPerCluster) = 518 
 num 518
NULL
R-CCU: After ClusterLabelChange for i = 19 
R-CCU: sum(pointsPerCluster) = 519 
 num 519
NULL
R-CCU: dpObj$numberClusters = 1 
List of 2
 $ : num [1, 1, 1] 0.38
 $ : num [1, 1, 1] 6.69
NULL
R priorParameters: 2 8 
R maxT: 1 
R_PriorDraw_first_mu: 0.9168777 
R_PriorDraw_first_nu: 3.251442 
R-CCU: Before ClusterLabelChange for i = 20 newLabel= 1 currentLabel= 1 
R-CCU: sum(pointsPerCluster) = 519 
 num 519
NULL
R-CCU: After ClusterLabelChange for i = 20 
R-CCU: sum(pointsPerCluster) = 520 
 num 520
NULL
R-CCU: dpObj$numberClusters = 1 
List of 2
 $ : num [1, 1, 1] 0.38
 $ : num [1, 1, 1] 6.69
NULL
R priorParameters: 2 8 
R maxT: 1 
R_PriorDraw_first_mu: 0.3802394 
R_PriorDraw_first_nu: 17.88949 
R-CCU: Before ClusterLabelChange for i = 21 newLabel= 1 currentLabel= 1 
R-CCU: sum(pointsPerCluster) = 520 
 num 520
NULL
R-CCU: After ClusterLabelChange for i = 21 
R-CCU: sum(pointsPerCluster) = 521 
 num 521
NULL
R-CCU: dpObj$numberClusters = 1 
List of 2
 $ : num [1, 1, 1] 0.38
 $ : num [1, 1, 1] 6.69
NULL
R priorParameters: 2 8 
R maxT: 1 
R_PriorDraw_first_mu: 0.5677563 
R_PriorDraw_first_nu: 3.391536 
R-CCU: Before ClusterLabelChange for i = 22 newLabel= 1 currentLabel= 1 
R-CCU: sum(pointsPerCluster) = 521 
 num 521
NULL
R-CCU: After ClusterLabelChange for i = 22 
R-CCU: sum(pointsPerCluster) = 522 
 num 522
NULL
R-CCU: dpObj$numberClusters = 1 
List of 2
 $ : num [1, 1, 1] 0.38
 $ : num [1, 1, 1] 6.69
NULL
R priorParameters: 2 8 
R maxT: 1 
R_PriorDraw_first_mu: 0.05943606 
R_PriorDraw_first_nu: 4.575889 
R-CCU: Before ClusterLabelChange for i = 23 newLabel= 1 currentLabel= 1 
R-CCU: sum(pointsPerCluster) = 522 
 num 522
NULL
R-CCU: After ClusterLabelChange for i = 23 
R-CCU: sum(pointsPerCluster) = 523 
 num 523
NULL
R-CCU: dpObj$numberClusters = 1 
List of 2
 $ : num [1, 1, 1] 0.38
 $ : num [1, 1, 1] 6.69
NULL
R priorParameters: 2 8 
R maxT: 1 
R_PriorDraw_first_mu: 0.6087225 
R_PriorDraw_first_nu: 7.543704 
R-CCU: Before ClusterLabelChange for i = 24 newLabel= 1 currentLabel= 1 
R-CCU: sum(pointsPerCluster) = 523 
 num 523
NULL
R-CCU: After ClusterLabelChange for i = 24 
R-CCU: sum(pointsPerCluster) = 524 
 num 524
NULL
R-CCU: dpObj$numberClusters = 1 
List of 2
 $ : num [1, 1, 1] 0.38
 $ : num [1, 1, 1] 6.69
NULL
R priorParameters: 2 8 
R maxT: 1 
R_PriorDraw_first_mu: 0.8212997 
R_PriorDraw_first_nu: 2.578701 
R-CCU: Before ClusterLabelChange for i = 25 newLabel= 1 currentLabel= 1 
R-CCU: sum(pointsPerCluster) = 524 
 num 524
NULL
R-CCU: After ClusterLabelChange for i = 25 
R-CCU: sum(pointsPerCluster) = 525 
 num 525
NULL
R-CCU: dpObj$numberClusters = 1 
List of 2
 $ : num [1, 1, 1] 0.38
 $ : num [1, 1, 1] 6.69
NULL
R priorParameters: 2 8 
R maxT: 1 
R_PriorDraw_first_mu: 0.09181855 
R_PriorDraw_first_nu: 8.609283 
R-CCU: Before ClusterLabelChange for i = 26 newLabel= 1 currentLabel= 1 
R-CCU: sum(pointsPerCluster) = 525 
 num 525
NULL
R-CCU: After ClusterLabelChange for i = 26 
R-CCU: sum(pointsPerCluster) = 526 
 num 526
NULL
R-CCU: dpObj$numberClusters = 1 
List of 2
 $ : num [1, 1, 1] 0.38
 $ : num [1, 1, 1] 6.69
NULL
R priorParameters: 2 8 
R maxT: 1 
R_PriorDraw_first_mu: 0.2933533 
R_PriorDraw_first_nu: 4.447701 
R-CCU: Before ClusterLabelChange for i = 27 newLabel= 1 currentLabel= 1 
R-CCU: sum(pointsPerCluster) = 526 
 num 526
NULL
R-CCU: After ClusterLabelChange for i = 27 
R-CCU: sum(pointsPerCluster) = 527 
 num 527
NULL
R-CCU: dpObj$numberClusters = 1 
List of 2
 $ : num [1, 1, 1] 0.38
 $ : num [1, 1, 1] 6.69
NULL
R priorParameters: 2 8 
R maxT: 1 
R_PriorDraw_first_mu: 0.8948249 
R_PriorDraw_first_nu: 1.524609 
R-CCU: Before ClusterLabelChange for i = 28 newLabel= 1 currentLabel= 1 
R-CCU: sum(pointsPerCluster) = 527 
 num 527
NULL
R-CCU: After ClusterLabelChange for i = 28 
R-CCU: sum(pointsPerCluster) = 528 
 num 528
NULL
R-CCU: dpObj$numberClusters = 1 
List of 2
 $ : num [1, 1, 1] 0.38
 $ : num [1, 1, 1] 6.69
NULL
R priorParameters: 2 8 
R maxT: 1 
R_PriorDraw_first_mu: 0.3547401 
R_PriorDraw_first_nu: 4.988921 
R-CCU: Before ClusterLabelChange for i = 29 newLabel= 1 currentLabel= 1 
R-CCU: sum(pointsPerCluster) = 528 
 num 528
NULL
R-CCU: After ClusterLabelChange for i = 29 
R-CCU: sum(pointsPerCluster) = 529 
 num 529
NULL
R-CCU: dpObj$numberClusters = 1 
List of 2
 $ : num [1, 1, 1] 0.38
 $ : num [1, 1, 1] 6.69
NULL
R priorParameters: 2 8 
R maxT: 1 
R_PriorDraw_first_mu: 0.01651562 
R_PriorDraw_first_nu: 7.568145 
R-CCU: Before ClusterLabelChange for i = 30 newLabel= 1 currentLabel= 1 
R-CCU: sum(pointsPerCluster) = 529 
 num 529
NULL
R-CCU: After ClusterLabelChange for i = 30 
R-CCU: sum(pointsPerCluster) = 530 
 num 530
NULL
R-CCU: dpObj$numberClusters = 1 
List of 2
 $ : num [1, 1, 1] 0.38
 $ : num [1, 1, 1] 6.69
NULL
R priorParameters: 2 8 
R maxT: 1 
R_PriorDraw_first_mu: 0.8281828 
R_PriorDraw_first_nu: 6.596332 
R-CCU: Before ClusterLabelChange for i = 31 newLabel= 1 currentLabel= 1 
R-CCU: sum(pointsPerCluster) = 530 
 num 530
NULL
R-CCU: After ClusterLabelChange for i = 31 
R-CCU: sum(pointsPerCluster) = 531 
 num 531
NULL
R-CCU: dpObj$numberClusters = 1 
List of 2
 $ : num [1, 1, 1] 0.38
 $ : num [1, 1, 1] 6.69
NULL
R priorParameters: 2 8 
R maxT: 1 
R_PriorDraw_first_mu: 0.2195798 
R_PriorDraw_first_nu: 5.77992 
R-CCU: Before ClusterLabelChange for i = 32 newLabel= 1 currentLabel= 1 
R-CCU: sum(pointsPerCluster) = 531 
 num 531
NULL
R-CCU: After ClusterLabelChange for i = 32 
R-CCU: sum(pointsPerCluster) = 532 
 num 532
NULL
R-CCU: dpObj$numberClusters = 1 
List of 2
 $ : num [1, 1, 1] 0.38
 $ : num [1, 1, 1] 6.69
NULL
R priorParameters: 2 8 
R maxT: 1 
R_PriorDraw_first_mu: 0.5648666 
R_PriorDraw_first_nu: 6.431007 
R-CCU: Before ClusterLabelChange for i = 33 newLabel= 1 currentLabel= 1 
R-CCU: sum(pointsPerCluster) = 532 
 num 532
NULL
R-CCU: After ClusterLabelChange for i = 33 
R-CCU: sum(pointsPerCluster) = 533 
 num 533
NULL
R-CCU: dpObj$numberClusters = 1 
List of 2
 $ : num [1, 1, 1] 0.38
 $ : num [1, 1, 1] 6.69
NULL
R priorParameters: 2 8 
R maxT: 1 
R_PriorDraw_first_mu: 0.1546814 
R_PriorDraw_first_nu: 14.2259 
R-CCU: Before ClusterLabelChange for i = 34 newLabel= 1 currentLabel= 1 
R-CCU: sum(pointsPerCluster) = 533 
 num 533
NULL
R-CCU: After ClusterLabelChange for i = 34 
R-CCU: sum(pointsPerCluster) = 534 
 num 534
NULL
R-CCU: dpObj$numberClusters = 1 
List of 2
 $ : num [1, 1, 1] 0.38
 $ : num [1, 1, 1] 6.69
NULL
R priorParameters: 2 8 
R maxT: 1 
R_PriorDraw_first_mu: 0.759454 
R_PriorDraw_first_nu: 2.373794 
R-CCU: Before ClusterLabelChange for i = 35 newLabel= 1 currentLabel= 1 
R-CCU: sum(pointsPerCluster) = 534 
 num 534
NULL
R-CCU: After ClusterLabelChange for i = 35 
R-CCU: sum(pointsPerCluster) = 535 
 num 535
NULL
R-CCU: dpObj$numberClusters = 1 
List of 2
 $ : num [1, 1, 1] 0.38
 $ : num [1, 1, 1] 6.69
NULL
R priorParameters: 2 8 
R maxT: 1 
R_PriorDraw_first_mu: 0.4286502 
R_PriorDraw_first_nu: 4.252418 
R-CCU: Before ClusterLabelChange for i = 36 newLabel= 1 currentLabel= 1 
R-CCU: sum(pointsPerCluster) = 535 
 num 535
NULL
R-CCU: After ClusterLabelChange for i = 36 
R-CCU: sum(pointsPerCluster) = 536 
 num 536
NULL
R-CCU: dpObj$numberClusters = 1 
List of 2
 $ : num [1, 1, 1] 0.38
 $ : num [1, 1, 1] 6.69
NULL
R priorParameters: 2 8 
R maxT: 1 
R_PriorDraw_first_mu: 0.2025554 
R_PriorDraw_first_nu: 3.380491 
R-CCU: Before ClusterLabelChange for i = 37 newLabel= 1 currentLabel= 1 
R-CCU: sum(pointsPerCluster) = 536 
 num 536
NULL
R-CCU: After ClusterLabelChange for i = 37 
R-CCU: sum(pointsPerCluster) = 537 
 num 537
NULL
R-CCU: dpObj$numberClusters = 1 
List of 2
 $ : num [1, 1, 1] 0.38
 $ : num [1, 1, 1] 6.69
NULL
R priorParameters: 2 8 
R maxT: 1 
R_PriorDraw_first_mu: 0.2844879 
R_PriorDraw_first_nu: 2.232718 
R-CCU: Before ClusterLabelChange for i = 38 newLabel= 1 currentLabel= 1 
R-CCU: sum(pointsPerCluster) = 537 
 num 537
NULL
R-CCU: After ClusterLabelChange for i = 38 
R-CCU: sum(pointsPerCluster) = 538 
 num 538
NULL
R-CCU: dpObj$numberClusters = 1 
List of 2
 $ : num [1, 1, 1] 0.38
 $ : num [1, 1, 1] 6.69
NULL
R priorParameters: 2 8 
R maxT: 1 
R_PriorDraw_first_mu: 0.7203762 
R_PriorDraw_first_nu: 6.054585 
R-CCU: Before ClusterLabelChange for i = 39 newLabel= 1 currentLabel= 1 
R-CCU: sum(pointsPerCluster) = 538 
 num 538
NULL
R-CCU: After ClusterLabelChange for i = 39 
R-CCU: sum(pointsPerCluster) = 539 
 num 539
NULL
R-CCU: dpObj$numberClusters = 1 
List of 2
 $ : num [1, 1, 1] 0.38
 $ : num [1, 1, 1] 6.69
NULL
R priorParameters: 2 8 
R maxT: 1 
R_PriorDraw_first_mu: 0.5353283 
R_PriorDraw_first_nu: 6.873688 
R-CCU: Before ClusterLabelChange for i = 40 newLabel= 1 currentLabel= 1 
R-CCU: sum(pointsPerCluster) = 539 
 num 539
NULL
R-CCU: After ClusterLabelChange for i = 40 
R-CCU: sum(pointsPerCluster) = 540 
 num 540
NULL
R-CCU: dpObj$numberClusters = 1 
List of 2
 $ : num [1, 1, 1] 0.38
 $ : num [1, 1, 1] 6.69
NULL
R priorParameters: 2 8 
R maxT: 1 
R_PriorDraw_first_mu: 0.3943478 
R_PriorDraw_first_nu: 7.133201 
R-CCU: Before ClusterLabelChange for i = 41 newLabel= 1 currentLabel= 1 
R-CCU: sum(pointsPerCluster) = 540 
 num 540
NULL
R-CCU: After ClusterLabelChange for i = 41 
R-CCU: sum(pointsPerCluster) = 541 
 num 541
NULL
R-CCU: dpObj$numberClusters = 1 
List of 2
 $ : num [1, 1, 1] 0.38
 $ : num [1, 1, 1] 6.69
NULL
R priorParameters: 2 8 
R maxT: 1 
R_PriorDraw_first_mu: 0.8402162 
R_PriorDraw_first_nu: 2.767756 
R-CCU: Before ClusterLabelChange for i = 42 newLabel= 1 currentLabel= 1 
R-CCU: sum(pointsPerCluster) = 541 
 num 541
NULL
R-CCU: After ClusterLabelChange for i = 42 
R-CCU: sum(pointsPerCluster) = 542 
 num 542
NULL
R-CCU: dpObj$numberClusters = 1 
List of 2
 $ : num [1, 1, 1] 0.38
 $ : num [1, 1, 1] 6.69
NULL
R priorParameters: 2 8 
R maxT: 1 
R_PriorDraw_first_mu: 0.7975707 
R_PriorDraw_first_nu: 6.181755 
R-CCU: Before ClusterLabelChange for i = 43 newLabel= 1 currentLabel= 1 
R-CCU: sum(pointsPerCluster) = 542 
 num 542
NULL
R-CCU: After ClusterLabelChange for i = 43 
R-CCU: sum(pointsPerCluster) = 543 
 num 543
NULL
R-CCU: dpObj$numberClusters = 1 
List of 2
 $ : num [1, 1, 1] 0.38
 $ : num [1, 1, 1] 6.69
NULL
R priorParameters: 2 8 
R maxT: 1 
R_PriorDraw_first_mu: 0.9453097 
R_PriorDraw_first_nu: 6.823318 
R-CCU: Before ClusterLabelChange for i = 44 newLabel= 1 currentLabel= 1 
R-CCU: sum(pointsPerCluster) = 543 
 num 543
NULL
R-CCU: After ClusterLabelChange for i = 44 
R-CCU: sum(pointsPerCluster) = 544 
 num 544
NULL
R-CCU: dpObj$numberClusters = 1 
List of 2
 $ : num [1, 1, 1] 0.38
 $ : num [1, 1, 1] 6.69
NULL
R priorParameters: 2 8 
R maxT: 1 
R_PriorDraw_first_mu: 0.6456037 
R_PriorDraw_first_nu: 3.656934 
R-CCU: Before ClusterLabelChange for i = 45 newLabel= 1 currentLabel= 1 
R-CCU: sum(pointsPerCluster) = 544 
 num 544
NULL
R-CCU: After ClusterLabelChange for i = 45 
R-CCU: sum(pointsPerCluster) = 545 
 num 545
NULL
R-CCU: dpObj$numberClusters = 1 
List of 2
 $ : num [1, 1, 1] 0.38
 $ : num [1, 1, 1] 6.69
NULL
R priorParameters: 2 8 
R maxT: 1 
R_PriorDraw_first_mu: 0.4896833 
R_PriorDraw_first_nu: 2.23269 
R-CCU: Before ClusterLabelChange for i = 46 newLabel= 1 currentLabel= 1 
R-CCU: sum(pointsPerCluster) = 545 
 num 545
NULL
R-CCU: After ClusterLabelChange for i = 46 
R-CCU: sum(pointsPerCluster) = 546 
 num 546
NULL
R-CCU: dpObj$numberClusters = 1 
List of 2
 $ : num [1, 1, 1] 0.38
 $ : num [1, 1, 1] 6.69
NULL
R priorParameters: 2 8 
R maxT: 1 
R_PriorDraw_first_mu: 0.2909082 
R_PriorDraw_first_nu: 2.920299 
R-CCU: Before ClusterLabelChange for i = 47 newLabel= 1 currentLabel= 1 
R-CCU: sum(pointsPerCluster) = 546 
 num 546
NULL
R-CCU: After ClusterLabelChange for i = 47 
R-CCU: sum(pointsPerCluster) = 547 
 num 547
NULL
R-CCU: dpObj$numberClusters = 1 
List of 2
 $ : num [1, 1, 1] 0.38
 $ : num [1, 1, 1] 6.69
NULL
R priorParameters: 2 8 
R maxT: 1 
R_PriorDraw_first_mu: 0.6192573 
R_PriorDraw_first_nu: 2.843469 
R-CCU: Before ClusterLabelChange for i = 48 newLabel= 1 currentLabel= 1 
R-CCU: sum(pointsPerCluster) = 547 
 num 547
NULL
R-CCU: After ClusterLabelChange for i = 48 
R-CCU: sum(pointsPerCluster) = 548 
 num 548
NULL
R-CCU: dpObj$numberClusters = 1 
List of 2
 $ : num [1, 1, 1] 0.38
 $ : num [1, 1, 1] 6.69
NULL
R priorParameters: 2 8 
R maxT: 1 
R_PriorDraw_first_mu: 0.03419183 
R_PriorDraw_first_nu: 40.02417 
R-CCU: Before ClusterLabelChange for i = 49 newLabel= 1 currentLabel= 1 
R-CCU: sum(pointsPerCluster) = 548 
 num 548
NULL
R-CCU: After ClusterLabelChange for i = 49 
R-CCU: sum(pointsPerCluster) = 549 
 num 549
NULL
R-CCU: dpObj$numberClusters = 1 
List of 2
 $ : num [1, 1, 1] 0.38
 $ : num [1, 1, 1] 6.69
NULL
R priorParameters: 2 8 
R maxT: 1 
R_PriorDraw_first_mu: 0.4508278 
R_PriorDraw_first_nu: 3.379045 
R-CCU: Before ClusterLabelChange for i = 50 newLabel= 1 currentLabel= 1 
R-CCU: sum(pointsPerCluster) = 549 
 num 549
NULL
R-CCU: After ClusterLabelChange for i = 50 
R-CCU: sum(pointsPerCluster) = 550 
 num 550
NULL
R-CCU: dpObj$numberClusters = 1 
List of 2
 $ : num [1, 1, 1] 0.38
 $ : num [1, 1, 1] 6.69
NULL
R priorParameters: 2 8 
R maxT: 1 
R_PriorDraw_first_mu: 0.172743 
R_PriorDraw_first_nu: 2.235215 
R-CCU: Before ClusterLabelChange for i = 51 newLabel= 1 currentLabel= 1 
R-CCU: sum(pointsPerCluster) = 550 
 num 550
NULL
R-CCU: After ClusterLabelChange for i = 51 
R-CCU: sum(pointsPerCluster) = 551 
 num 551
NULL
R-CCU: dpObj$numberClusters = 1 
List of 2
 $ : num [1, 1, 1] 0.38
 $ : num [1, 1, 1] 6.69
NULL
R priorParameters: 2 8 
R maxT: 1 
R_PriorDraw_first_mu: 0.06833375 
R_PriorDraw_first_nu: 15.40936 
R-CCU: Before ClusterLabelChange for i = 52 newLabel= 1 currentLabel= 1 
R-CCU: sum(pointsPerCluster) = 551 
 num 551
NULL
R-CCU: After ClusterLabelChange for i = 52 
R-CCU: sum(pointsPerCluster) = 552 
 num 552
NULL
R-CCU: dpObj$numberClusters = 1 
List of 2
 $ : num [1, 1, 1] 0.38
 $ : num [1, 1, 1] 6.69
NULL
R priorParameters: 2 8 
R maxT: 1 
R_PriorDraw_first_mu: 0.961818 
R_PriorDraw_first_nu: 4.174498 
R-CCU: Before ClusterLabelChange for i = 53 newLabel= 1 currentLabel= 1 
R-CCU: sum(pointsPerCluster) = 552 
 num 552
NULL
R-CCU: After ClusterLabelChange for i = 53 
R-CCU: sum(pointsPerCluster) = 553 
 num 553
NULL
R-CCU: dpObj$numberClusters = 1 
List of 2
 $ : num [1, 1, 1] 0.38
 $ : num [1, 1, 1] 6.69
NULL
R priorParameters: 2 8 
R maxT: 1 
R_PriorDraw_first_mu: 0.2055465 
R_PriorDraw_first_nu: 14.78694 
R-CCU: Before ClusterLabelChange for i = 54 newLabel= 1 currentLabel= 1 
R-CCU: sum(pointsPerCluster) = 553 
 num 553
NULL
R-CCU: After ClusterLabelChange for i = 54 
R-CCU: sum(pointsPerCluster) = 554 
 num 554
NULL
R-CCU: dpObj$numberClusters = 1 
List of 2
 $ : num [1, 1, 1] 0.38
 $ : num [1, 1, 1] 6.69
NULL
R priorParameters: 2 8 
R maxT: 1 
R_PriorDraw_first_mu: 0.1489813 
R_PriorDraw_first_nu: 3.063786 
R-CCU: Before ClusterLabelChange for i = 55 newLabel= 1 currentLabel= 1 
R-CCU: sum(pointsPerCluster) = 554 
 num 554
NULL
R-CCU: After ClusterLabelChange for i = 55 
R-CCU: sum(pointsPerCluster) = 555 
 num 555
NULL
R-CCU: dpObj$numberClusters = 1 
List of 2
 $ : num [1, 1, 1] 0.38
 $ : num [1, 1, 1] 6.69
NULL
R priorParameters: 2 8 
R maxT: 1 
R_PriorDraw_first_mu: 0.5137668 
R_PriorDraw_first_nu: 3.543971 
R-CCU: Before ClusterLabelChange for i = 56 newLabel= 1 currentLabel= 1 
R-CCU: sum(pointsPerCluster) = 555 
 num 555
NULL
R-CCU: After ClusterLabelChange for i = 56 
R-CCU: sum(pointsPerCluster) = 556 
 num 556
NULL
R-CCU: dpObj$numberClusters = 1 
List of 2
 $ : num [1, 1, 1] 0.38
 $ : num [1, 1, 1] 6.69
NULL
R priorParameters: 2 8 
R maxT: 1 
R_PriorDraw_first_mu: 0.122512 
R_PriorDraw_first_nu: 9.811529 
R-CCU: Before ClusterLabelChange for i = 57 newLabel= 1 currentLabel= 1 
R-CCU: sum(pointsPerCluster) = 556 
 num 556
NULL
R-CCU: After ClusterLabelChange for i = 57 
R-CCU: sum(pointsPerCluster) = 557 
 num 557
NULL
R-CCU: dpObj$numberClusters = 1 
List of 2
 $ : num [1, 1, 1] 0.38
 $ : num [1, 1, 1] 6.69
NULL
R priorParameters: 2 8 
R maxT: 1 
R_PriorDraw_first_mu: 0.6622741 
R_PriorDraw_first_nu: 2.507172 
R-CCU: Before ClusterLabelChange for i = 58 newLabel= 1 currentLabel= 1 
R-CCU: sum(pointsPerCluster) = 557 
 num 557
NULL
R-CCU: After ClusterLabelChange for i = 58 
R-CCU: sum(pointsPerCluster) = 558 
 num 558
NULL
R-CCU: dpObj$numberClusters = 1 
List of 2
 $ : num [1, 1, 1] 0.38
 $ : num [1, 1, 1] 6.69
NULL
R priorParameters: 2 8 
R maxT: 1 
R_PriorDraw_first_mu: 0.9715284 
R_PriorDraw_first_nu: 10.52893 
R-CCU: Before ClusterLabelChange for i = 59 newLabel= 1 currentLabel= 1 
R-CCU: sum(pointsPerCluster) = 558 
 num 558
NULL
R-CCU: After ClusterLabelChange for i = 59 
R-CCU: sum(pointsPerCluster) = 559 
 num 559
NULL
R-CCU: dpObj$numberClusters = 1 
List of 2
 $ : num [1, 1, 1] 0.38
 $ : num [1, 1, 1] 6.69
NULL
R priorParameters: 2 8 
R maxT: 1 
R_PriorDraw_first_mu: 0.2024283 
R_PriorDraw_first_nu: 7.562336 
R-CCU: Before ClusterLabelChange for i = 60 newLabel= 1 currentLabel= 1 
R-CCU: sum(pointsPerCluster) = 559 
 num 559
NULL
R-CCU: After ClusterLabelChange for i = 60 
R-CCU: sum(pointsPerCluster) = 560 
 num 560
NULL
R-CCU: dpObj$numberClusters = 1 
List of 2
 $ : num [1, 1, 1] 0.38
 $ : num [1, 1, 1] 6.69
NULL
R priorParameters: 2 8 
R maxT: 1 
R_PriorDraw_first_mu: 0.7397231 
R_PriorDraw_first_nu: 1.889231 
R-CCU: Before ClusterLabelChange for i = 61 newLabel= 1 currentLabel= 1 
R-CCU: sum(pointsPerCluster) = 560 
 num 560
NULL
R-CCU: After ClusterLabelChange for i = 61 
R-CCU: sum(pointsPerCluster) = 561 
 num 561
NULL
R-CCU: dpObj$numberClusters = 1 
List of 2
 $ : num [1, 1, 1] 0.38
 $ : num [1, 1, 1] 6.69
NULL
R priorParameters: 2 8 
R maxT: 1 
R_PriorDraw_first_mu: 0.2819098 
R_PriorDraw_first_nu: 1.94804 
R-CCU: Before ClusterLabelChange for i = 62 newLabel= 1 currentLabel= 1 
R-CCU: sum(pointsPerCluster) = 561 
 num 561
NULL
R-CCU: After ClusterLabelChange for i = 62 
R-CCU: sum(pointsPerCluster) = 562 
 num 562
NULL
R-CCU: dpObj$numberClusters = 1 
List of 2
 $ : num [1, 1, 1] 0.38
 $ : num [1, 1, 1] 6.69
NULL
R priorParameters: 2 8 
R maxT: 1 
R_PriorDraw_first_mu: 0.6759624 
R_PriorDraw_first_nu: 4.505546 
R-CCU: Before ClusterLabelChange for i = 63 newLabel= 1 currentLabel= 1 
R-CCU: sum(pointsPerCluster) = 562 
 num 562
NULL
R-CCU: After ClusterLabelChange for i = 63 
R-CCU: sum(pointsPerCluster) = 563 
 num 563
NULL
R-CCU: dpObj$numberClusters = 1 
List of 2
 $ : num [1, 1, 1] 0.38
 $ : num [1, 1, 1] 6.69
NULL
R priorParameters: 2 8 
R maxT: 1 
R_PriorDraw_first_mu: 0.9151299 
R_PriorDraw_first_nu: 1.862606 
R-CCU: Before ClusterLabelChange for i = 64 newLabel= 1 currentLabel= 1 
R-CCU: sum(pointsPerCluster) = 563 
 num 563
NULL
R-CCU: After ClusterLabelChange for i = 64 
R-CCU: sum(pointsPerCluster) = 564 
 num 564
NULL
R-CCU: dpObj$numberClusters = 1 
List of 2
 $ : num [1, 1, 1] 0.38
 $ : num [1, 1, 1] 6.69
NULL
R priorParameters: 2 8 
R maxT: 1 
R_PriorDraw_first_mu: 0.44435 
R_PriorDraw_first_nu: 9.238841 
R-CCU: Before ClusterLabelChange for i = 65 newLabel= 1 currentLabel= 1 
R-CCU: sum(pointsPerCluster) = 564 
 num 564
NULL
R-CCU: After ClusterLabelChange for i = 65 
R-CCU: sum(pointsPerCluster) = 565 
 num 565
NULL
R-CCU: dpObj$numberClusters = 1 
List of 2
 $ : num [1, 1, 1] 0.38
 $ : num [1, 1, 1] 6.69
NULL
R priorParameters: 2 8 
R maxT: 1 
R_PriorDraw_first_mu: 0.6419363 
R_PriorDraw_first_nu: 4.696623 
R-CCU: Before ClusterLabelChange for i = 66 newLabel= 1 currentLabel= 1 
R-CCU: sum(pointsPerCluster) = 565 
 num 565
NULL
R-CCU: After ClusterLabelChange for i = 66 
R-CCU: sum(pointsPerCluster) = 566 
 num 566
NULL
R-CCU: dpObj$numberClusters = 1 
List of 2
 $ : num [1, 1, 1] 0.38
 $ : num [1, 1, 1] 6.69
NULL
R priorParameters: 2 8 
R maxT: 1 
R_PriorDraw_first_mu: 0.7695059 
R_PriorDraw_first_nu: 8.995884 
R-CCU: Before ClusterLabelChange for i = 67 newLabel= 1 currentLabel= 1 
R-CCU: sum(pointsPerCluster) = 566 
 num 566
NULL
R-CCU: After ClusterLabelChange for i = 67 
R-CCU: sum(pointsPerCluster) = 567 
 num 567
NULL
R-CCU: dpObj$numberClusters = 1 
List of 2
 $ : num [1, 1, 1] 0.38
 $ : num [1, 1, 1] 6.69
NULL
R priorParameters: 2 8 
R maxT: 1 
R_PriorDraw_first_mu: 0.3961353 
R_PriorDraw_first_nu: 16.20901 
R-CCU: Before ClusterLabelChange for i = 68 newLabel= 2 currentLabel= 1 
R-CCU: sum(pointsPerCluster) = 567 
 num 567
NULL
R-CCU: After ClusterLabelChange for i = 68 
R-CCU: sum(pointsPerCluster) = 568 
 num [1:2] 567 1
NULL
R-CCU: dpObj$numberClusters = 2 
List of 2
 $ : num [1, 1, 1:2] 0.38 0.396
 $ : num [1, 1, 1:2] 6.69 16.21
NULL
R priorParameters: 2 8 
R maxT: 1 
R_PriorDraw_first_mu: 0.7119631 
R_PriorDraw_first_nu: 10.97371 
R-CCU: Before ClusterLabelChange for i = 69 newLabel= 1 currentLabel= 1 
R-CCU: sum(pointsPerCluster) = 568 
 num [1:2] 567 1
NULL
R-CCU: After ClusterLabelChange for i = 69 
R-CCU: sum(pointsPerCluster) = 569 
 num [1:2] 568 1
NULL
R-CCU: dpObj$numberClusters = 2 
List of 2
 $ : num [1, 1, 1:2] 0.38 0.396
 $ : num [1, 1, 1:2] 6.69 16.21
NULL
R priorParameters: 2 8 
R maxT: 1 
R_PriorDraw_first_mu: 0.02864465 
R_PriorDraw_first_nu: 2.11824 
R-CCU: Before ClusterLabelChange for i = 70 newLabel= 1 currentLabel= 1 
R-CCU: sum(pointsPerCluster) = 569 
 num [1:2] 568 1
NULL
R-CCU: After ClusterLabelChange for i = 70 
R-CCU: sum(pointsPerCluster) = 570 
 num [1:2] 569 1
NULL
R-CCU: dpObj$numberClusters = 2 
List of 2
 $ : num [1, 1, 1:2] 0.38 0.396
 $ : num [1, 1, 1:2] 6.69 16.21
NULL
R priorParameters: 2 8 
R maxT: 1 
R_PriorDraw_first_mu: 0.2274037 
R_PriorDraw_first_nu: 5.512252 
R-CCU: Before ClusterLabelChange for i = 71 newLabel= 1 currentLabel= 1 
R-CCU: sum(pointsPerCluster) = 570 
 num [1:2] 569 1
NULL
R-CCU: After ClusterLabelChange for i = 71 
R-CCU: sum(pointsPerCluster) = 571 
 num [1:2] 570 1
NULL
R-CCU: dpObj$numberClusters = 2 
List of 2
 $ : num [1, 1, 1:2] 0.38 0.396
 $ : num [1, 1, 1:2] 6.69 16.21
NULL
R priorParameters: 2 8 
R maxT: 1 
R_PriorDraw_first_mu: 0.6597531 
R_PriorDraw_first_nu: 3.761102 
R-CCU: Before ClusterLabelChange for i = 72 newLabel= 1 currentLabel= 1 
R-CCU: sum(pointsPerCluster) = 571 
 num [1:2] 570 1
NULL
R-CCU: After ClusterLabelChange for i = 72 
R-CCU: sum(pointsPerCluster) = 572 
 num [1:2] 571 1
NULL
R-CCU: dpObj$numberClusters = 2 
List of 2
 $ : num [1, 1, 1:2] 0.38 0.396
 $ : num [1, 1, 1:2] 6.69 16.21
NULL
R priorParameters: 2 8 
R maxT: 1 
R_PriorDraw_first_mu: 0.1527236 
R_PriorDraw_first_nu: 22.82218 
R-CCU: Before ClusterLabelChange for i = 73 newLabel= 1 currentLabel= 1 
R-CCU: sum(pointsPerCluster) = 572 
 num [1:2] 571 1
NULL
R-CCU: After ClusterLabelChange for i = 73 
R-CCU: sum(pointsPerCluster) = 573 
 num [1:2] 572 1
NULL
R-CCU: dpObj$numberClusters = 2 
List of 2
 $ : num [1, 1, 1:2] 0.38 0.396
 $ : num [1, 1, 1:2] 6.69 16.21
NULL
R priorParameters: 2 8 
R maxT: 1 
R_PriorDraw_first_mu: 0.9730395 
R_PriorDraw_first_nu: 3.196711 
R-CCU: Before ClusterLabelChange for i = 74 newLabel= 1 currentLabel= 1 
R-CCU: sum(pointsPerCluster) = 573 
 num [1:2] 572 1
NULL
R-CCU: After ClusterLabelChange for i = 74 
R-CCU: sum(pointsPerCluster) = 574 
 num [1:2] 573 1
NULL
R-CCU: dpObj$numberClusters = 2 
List of 2
 $ : num [1, 1, 1:2] 0.38 0.396
 $ : num [1, 1, 1:2] 6.69 16.21
NULL
R priorParameters: 2 8 
R maxT: 1 
R_PriorDraw_first_mu: 0.6946938 
R_PriorDraw_first_nu: 8.794855 
R-CCU: Before ClusterLabelChange for i = 75 newLabel= 1 currentLabel= 1 
R-CCU: sum(pointsPerCluster) = 574 
 num [1:2] 573 1
NULL
R-CCU: After ClusterLabelChange for i = 75 
R-CCU: sum(pointsPerCluster) = 575 
 num [1:2] 574 1
NULL
R-CCU: dpObj$numberClusters = 2 
List of 2
 $ : num [1, 1, 1:2] 0.38 0.396
 $ : num [1, 1, 1:2] 6.69 16.21
NULL
R priorParameters: 2 8 
R maxT: 1 
R_PriorDraw_first_mu: 0.2232474 
R_PriorDraw_first_nu: 3.523344 
R-CCU: Before ClusterLabelChange for i = 76 newLabel= 1 currentLabel= 1 
R-CCU: sum(pointsPerCluster) = 575 
 num [1:2] 574 1
NULL
R-CCU: After ClusterLabelChange for i = 76 
R-CCU: sum(pointsPerCluster) = 576 
 num [1:2] 575 1
NULL
R-CCU: dpObj$numberClusters = 2 
List of 2
 $ : num [1, 1, 1:2] 0.38 0.396
 $ : num [1, 1, 1:2] 6.69 16.21
NULL
R priorParameters: 2 8 
R maxT: 1 
R_PriorDraw_first_mu: 0.4166602 
R_PriorDraw_first_nu: 17.58075 
R-CCU: Before ClusterLabelChange for i = 77 newLabel= 1 currentLabel= 1 
R-CCU: sum(pointsPerCluster) = 576 
 num [1:2] 575 1
NULL
R-CCU: After ClusterLabelChange for i = 77 
R-CCU: sum(pointsPerCluster) = 577 
 num [1:2] 576 1
NULL
R-CCU: dpObj$numberClusters = 2 
List of 2
 $ : num [1, 1, 1:2] 0.38 0.396
 $ : num [1, 1, 1:2] 6.69 16.21
NULL
R priorParameters: 2 8 
R maxT: 1 
R_PriorDraw_first_mu: 0.2912922 
R_PriorDraw_first_nu: 4.772803 
R-CCU: Before ClusterLabelChange for i = 78 newLabel= 1 currentLabel= 1 
R-CCU: sum(pointsPerCluster) = 577 
 num [1:2] 576 1
NULL
R-CCU: After ClusterLabelChange for i = 78 
R-CCU: sum(pointsPerCluster) = 578 
 num [1:2] 577 1
NULL
R-CCU: dpObj$numberClusters = 2 
List of 2
 $ : num [1, 1, 1:2] 0.38 0.396
 $ : num [1, 1, 1:2] 6.69 16.21
NULL
R priorParameters: 2 8 
R maxT: 1 
R_PriorDraw_first_mu: 0.7663277 
R_PriorDraw_first_nu: 2.88293 
R-CCU: Before ClusterLabelChange for i = 79 newLabel= 1 currentLabel= 1 
R-CCU: sum(pointsPerCluster) = 578 
 num [1:2] 577 1
NULL
R-CCU: After ClusterLabelChange for i = 79 
R-CCU: sum(pointsPerCluster) = 579 
 num [1:2] 578 1
NULL
R-CCU: dpObj$numberClusters = 2 
List of 2
 $ : num [1, 1, 1:2] 0.38 0.396
 $ : num [1, 1, 1:2] 6.69 16.21
NULL
R priorParameters: 2 8 
R maxT: 1 
R_PriorDraw_first_mu: 0.5747599 
R_PriorDraw_first_nu: 2.590949 
R-CCU: Before ClusterLabelChange for i = 80 newLabel= 1 currentLabel= 1 
R-CCU: sum(pointsPerCluster) = 579 
 num [1:2] 578 1
NULL
R-CCU: After ClusterLabelChange for i = 80 
R-CCU: sum(pointsPerCluster) = 580 
 num [1:2] 579 1
NULL
R-CCU: dpObj$numberClusters = 2 
List of 2
 $ : num [1, 1, 1:2] 0.38 0.396
 $ : num [1, 1, 1:2] 6.69 16.21
NULL
R priorParameters: 2 8 
R maxT: 1 
R_PriorDraw_first_mu: 0.4063036 
R_PriorDraw_first_nu: 18.69343 
R-CCU: Before ClusterLabelChange for i = 81 newLabel= 1 currentLabel= 1 
R-CCU: sum(pointsPerCluster) = 580 
 num [1:2] 579 1
NULL
R-CCU: After ClusterLabelChange for i = 81 
R-CCU: sum(pointsPerCluster) = 581 
 num [1:2] 580 1
NULL
R-CCU: dpObj$numberClusters = 2 
List of 2
 $ : num [1, 1, 1:2] 0.38 0.396
 $ : num [1, 1, 1:2] 6.69 16.21
NULL
R priorParameters: 2 8 
R maxT: 1 
R_PriorDraw_first_mu: 0.07543755 
R_PriorDraw_first_nu: 15.59296 
R-CCU: Before ClusterLabelChange for i = 82 newLabel= 1 currentLabel= 1 
R-CCU: sum(pointsPerCluster) = 581 
 num [1:2] 580 1
NULL
R-CCU: After ClusterLabelChange for i = 82 
R-CCU: sum(pointsPerCluster) = 582 
 num [1:2] 581 1
NULL
R-CCU: dpObj$numberClusters = 2 
List of 2
 $ : num [1, 1, 1:2] 0.38 0.396
 $ : num [1, 1, 1:2] 6.69 16.21
NULL
R priorParameters: 2 8 
R maxT: 1 
R_PriorDraw_first_mu: 0.5169357 
R_PriorDraw_first_nu: 6.123139 
R-CCU: Before ClusterLabelChange for i = 83 newLabel= 1 currentLabel= 1 
R-CCU: sum(pointsPerCluster) = 582 
 num [1:2] 581 1
NULL
R-CCU: After ClusterLabelChange for i = 83 
R-CCU: sum(pointsPerCluster) = 583 
 num [1:2] 582 1
NULL
R-CCU: dpObj$numberClusters = 2 
List of 2
 $ : num [1, 1, 1:2] 0.38 0.396
 $ : num [1, 1, 1:2] 6.69 16.21
NULL
R priorParameters: 2 8 
R maxT: 1 
R_PriorDraw_first_mu: 0.7637415 
R_PriorDraw_first_nu: 33.12502 
R-CCU: Before ClusterLabelChange for i = 84 newLabel= 1 currentLabel= 1 
R-CCU: sum(pointsPerCluster) = 583 
 num [1:2] 582 1
NULL
R-CCU: After ClusterLabelChange for i = 84 
R-CCU: sum(pointsPerCluster) = 584 
 num [1:2] 583 1
NULL
R-CCU: dpObj$numberClusters = 2 
List of 2
 $ : num [1, 1, 1:2] 0.38 0.396
 $ : num [1, 1, 1:2] 6.69 16.21
NULL
R priorParameters: 2 8 
R maxT: 1 
R_PriorDraw_first_mu: 0.7214377 
R_PriorDraw_first_nu: 2.483879 
R-CCU: Before ClusterLabelChange for i = 85 newLabel= 1 currentLabel= 1 
R-CCU: sum(pointsPerCluster) = 584 
 num [1:2] 583 1
NULL
R-CCU: After ClusterLabelChange for i = 85 
R-CCU: sum(pointsPerCluster) = 585 
 num [1:2] 584 1
NULL
R-CCU: dpObj$numberClusters = 2 
List of 2
 $ : num [1, 1, 1:2] 0.38 0.396
 $ : num [1, 1, 1:2] 6.69 16.21
NULL
R priorParameters: 2 8 
R maxT: 1 
R_PriorDraw_first_mu: 0.9091766 
R_PriorDraw_first_nu: 9.134486 
R-CCU: Before ClusterLabelChange for i = 86 newLabel= 1 currentLabel= 1 
R-CCU: sum(pointsPerCluster) = 585 
 num [1:2] 584 1
NULL
R-CCU: After ClusterLabelChange for i = 86 
R-CCU: sum(pointsPerCluster) = 586 
 num [1:2] 585 1
NULL
R-CCU: dpObj$numberClusters = 2 
List of 2
 $ : num [1, 1, 1:2] 0.38 0.396
 $ : num [1, 1, 1:2] 6.69 16.21
NULL
R priorParameters: 2 8 
R maxT: 1 
R_PriorDraw_first_mu: 0.6340622 
R_PriorDraw_first_nu: 3.935085 
R-CCU: Before ClusterLabelChange for i = 87 newLabel= 1 currentLabel= 1 
R-CCU: sum(pointsPerCluster) = 586 
 num [1:2] 585 1
NULL
R-CCU: After ClusterLabelChange for i = 87 
R-CCU: sum(pointsPerCluster) = 587 
 num [1:2] 586 1
NULL
R-CCU: dpObj$numberClusters = 2 
List of 2
 $ : num [1, 1, 1:2] 0.38 0.396
 $ : num [1, 1, 1:2] 6.69 16.21
NULL
R priorParameters: 2 8 
R maxT: 1 
R_PriorDraw_first_mu: 0.6503445 
R_PriorDraw_first_nu: 2.77758 
R-CCU: Before ClusterLabelChange for i = 88 newLabel= 1 currentLabel= 1 
R-CCU: sum(pointsPerCluster) = 587 
 num [1:2] 586 1
NULL
R-CCU: After ClusterLabelChange for i = 88 
R-CCU: sum(pointsPerCluster) = 588 
 num [1:2] 587 1
NULL
R-CCU: dpObj$numberClusters = 2 
List of 2
 $ : num [1, 1, 1:2] 0.38 0.396
 $ : num [1, 1, 1:2] 6.69 16.21
NULL
R priorParameters: 2 8 
R maxT: 1 
R_PriorDraw_first_mu: 0.1877464 
R_PriorDraw_first_nu: 2.996108 
R-CCU: Before ClusterLabelChange for i = 89 newLabel= 1 currentLabel= 1 
R-CCU: sum(pointsPerCluster) = 588 
 num [1:2] 587 1
NULL
R-CCU: After ClusterLabelChange for i = 89 
R-CCU: sum(pointsPerCluster) = 589 
 num [1:2] 588 1
NULL
R-CCU: dpObj$numberClusters = 2 
List of 2
 $ : num [1, 1, 1:2] 0.38 0.396
 $ : num [1, 1, 1:2] 6.69 16.21
NULL
R priorParameters: 2 8 
R maxT: 1 
R_PriorDraw_first_mu: 0.4964098 
R_PriorDraw_first_nu: 8.608386 
R-CCU: Before ClusterLabelChange for i = 90 newLabel= 1 currentLabel= 1 
R-CCU: sum(pointsPerCluster) = 589 
 num [1:2] 588 1
NULL
R-CCU: After ClusterLabelChange for i = 90 
R-CCU: sum(pointsPerCluster) = 590 
 num [1:2] 589 1
NULL
R-CCU: dpObj$numberClusters = 2 
List of 2
 $ : num [1, 1, 1:2] 0.38 0.396
 $ : num [1, 1, 1:2] 6.69 16.21
NULL
R priorParameters: 2 8 
R maxT: 1 
R_PriorDraw_first_mu: 0.6562248 
R_PriorDraw_first_nu: 3.012494 
R-CCU: Before ClusterLabelChange for i = 91 newLabel= 1 currentLabel= 1 
R-CCU: sum(pointsPerCluster) = 590 
 num [1:2] 589 1
NULL
R-CCU: After ClusterLabelChange for i = 91 
R-CCU: sum(pointsPerCluster) = 591 
 num [1:2] 590 1
NULL
R-CCU: dpObj$numberClusters = 2 
List of 2
 $ : num [1, 1, 1:2] 0.38 0.396
 $ : num [1, 1, 1:2] 6.69 16.21
NULL
R priorParameters: 2 8 
R maxT: 1 
R_PriorDraw_first_mu: 0.53283 
R_PriorDraw_first_nu: 3.957551 
R-CCU: Before ClusterLabelChange for i = 92 newLabel= 1 currentLabel= 1 
R-CCU: sum(pointsPerCluster) = 591 
 num [1:2] 590 1
NULL
R-CCU: After ClusterLabelChange for i = 92 
R-CCU: sum(pointsPerCluster) = 592 
 num [1:2] 591 1
NULL
R-CCU: dpObj$numberClusters = 2 
List of 2
 $ : num [1, 1, 1:2] 0.38 0.396
 $ : num [1, 1, 1:2] 6.69 16.21
NULL
R priorParameters: 2 8 
R maxT: 1 
R_PriorDraw_first_mu: 0.8603243 
R_PriorDraw_first_nu: 7.966762 
R-CCU: Before ClusterLabelChange for i = 93 newLabel= 1 currentLabel= 1 
R-CCU: sum(pointsPerCluster) = 592 
 num [1:2] 591 1
NULL
R-CCU: After ClusterLabelChange for i = 93 
R-CCU: sum(pointsPerCluster) = 593 
 num [1:2] 592 1
NULL
R-CCU: dpObj$numberClusters = 2 
List of 2
 $ : num [1, 1, 1:2] 0.38 0.396
 $ : num [1, 1, 1:2] 6.69 16.21
NULL
R priorParameters: 2 8 
R maxT: 1 
R_PriorDraw_first_mu: 0.02532123 
R_PriorDraw_first_nu: 5.447655 
R-CCU: Before ClusterLabelChange for i = 94 newLabel= 1 currentLabel= 1 
R-CCU: sum(pointsPerCluster) = 593 
 num [1:2] 592 1
NULL
R-CCU: After ClusterLabelChange for i = 94 
R-CCU: sum(pointsPerCluster) = 594 
 num [1:2] 593 1
NULL
R-CCU: dpObj$numberClusters = 2 
List of 2
 $ : num [1, 1, 1:2] 0.38 0.396
 $ : num [1, 1, 1:2] 6.69 16.21
NULL
R priorParameters: 2 8 
R maxT: 1 
R_PriorDraw_first_mu: 0.82299 
R_PriorDraw_first_nu: 5.971556 
R-CCU: Before ClusterLabelChange for i = 95 newLabel= 1 currentLabel= 1 
R-CCU: sum(pointsPerCluster) = 594 
 num [1:2] 593 1
NULL
R-CCU: After ClusterLabelChange for i = 95 
R-CCU: sum(pointsPerCluster) = 595 
 num [1:2] 594 1
NULL
R-CCU: dpObj$numberClusters = 2 
List of 2
 $ : num [1, 1, 1:2] 0.38 0.396
 $ : num [1, 1, 1:2] 6.69 16.21
NULL
R priorParameters: 2 8 
R maxT: 1 
R_PriorDraw_first_mu: 0.9177894 
R_PriorDraw_first_nu: 17.15119 
R-CCU: Before ClusterLabelChange for i = 96 newLabel= 2 currentLabel= 1 
R-CCU: sum(pointsPerCluster) = 595 
 num [1:2] 594 1
NULL
R-CCU: After ClusterLabelChange for i = 96 
R-CCU: sum(pointsPerCluster) = 596 
 num [1:2] 594 2
NULL
R-CCU: dpObj$numberClusters = 2 
List of 2
 $ : num [1, 1, 1:2] 0.38 0.396
 $ : num [1, 1, 1:2] 6.69 16.21
NULL
R priorParameters: 2 8 
R maxT: 1 
R_PriorDraw_first_mu: 0.7428534 
R_PriorDraw_first_nu: 2.926418 
R-CCU: Before ClusterLabelChange for i = 97 newLabel= 1 currentLabel= 1 
R-CCU: sum(pointsPerCluster) = 596 
 num [1:2] 594 2
NULL
R-CCU: After ClusterLabelChange for i = 97 
R-CCU: sum(pointsPerCluster) = 597 
 num [1:2] 595 2
NULL
R-CCU: dpObj$numberClusters = 2 
List of 2
 $ : num [1, 1, 1:2] 0.38 0.396
 $ : num [1, 1, 1:2] 6.69 16.21
NULL
R priorParameters: 2 8 
R maxT: 1 
R_PriorDraw_first_mu: 0.2072243 
R_PriorDraw_first_nu: 7.523235 
R-CCU: Before ClusterLabelChange for i = 98 newLabel= 1 currentLabel= 1 
R-CCU: sum(pointsPerCluster) = 597 
 num [1:2] 595 2
NULL
R-CCU: After ClusterLabelChange for i = 98 
R-CCU: sum(pointsPerCluster) = 598 
 num [1:2] 596 2
NULL
R-CCU: dpObj$numberClusters = 2 
List of 2
 $ : num [1, 1, 1:2] 0.38 0.396
 $ : num [1, 1, 1:2] 6.69 16.21
NULL
R priorParameters: 2 8 
R maxT: 1 
R_PriorDraw_first_mu: 0.7265368 
R_PriorDraw_first_nu: 5.461284 
R-CCU: Before ClusterLabelChange for i = 99 newLabel= 1 currentLabel= 1 
R-CCU: sum(pointsPerCluster) = 598 
 num [1:2] 596 2
NULL
R-CCU: After ClusterLabelChange for i = 99 
R-CCU: sum(pointsPerCluster) = 599 
 num [1:2] 597 2
NULL
R-CCU: dpObj$numberClusters = 2 
List of 2
 $ : num [1, 1, 1:2] 0.38 0.396
 $ : num [1, 1, 1:2] 6.69 16.21
NULL
R priorParameters: 2 8 
R maxT: 1 
R_PriorDraw_first_mu: 0.02925973 
R_PriorDraw_first_nu: 2.326399 
R-CCU: Before ClusterLabelChange for i = 100 newLabel= 1 currentLabel= 1 
R-CCU: sum(pointsPerCluster) = 599 
 num [1:2] 597 2
NULL
R-CCU: After ClusterLabelChange for i = 100 
R-CCU: sum(pointsPerCluster) = 600 
 num [1:2] 598 2
NULL
R-CCU: dpObj$numberClusters = 2 
List of 2
 $ : num [1, 1, 1:2] 0.38 0.396
 $ : num [1, 1, 1:2] 6.69 16.21
NULL

⠴ | 1 110      5 | Beta Distribution Full Integration Test         
⠦ | 1 111      5 | Beta Distribution Full Integration Test         R priorParameters: 2 8 
R maxT: 1 
R_PriorDraw_first_mu: 0.3179018 
R_PriorDraw_first_nu: 7.719106 
R-CCU: Before ClusterLabelChange for i = 1 newLabel= 1 currentLabel= 1 
R-CCU: sum(pointsPerCluster) = 600 
 num [1:2] 598 2
NULL
R-CCU: After ClusterLabelChange for i = 1 
R-CCU: sum(pointsPerCluster) = 601 
 num [1:2] 599 2
NULL
R-CCU: dpObj$numberClusters = 2 
List of 2
 $ : num [1, 1, 1:2] 0.347 0.497
 $ : num [1, 1, 1:2] 8.11 7.26
NULL
R priorParameters: 2 8 
R maxT: 1 
R_PriorDraw_first_mu: 0.6693966 
R_PriorDraw_first_nu: 18.72841 
R-CCU: Before ClusterLabelChange for i = 2 newLabel= 1 currentLabel= 1 
R-CCU: sum(pointsPerCluster) = 601 
 num [1:2] 599 2
NULL
R-CCU: After ClusterLabelChange for i = 2 
R-CCU: sum(pointsPerCluster) = 602 
 num [1:2] 600 2
NULL
R-CCU: dpObj$numberClusters = 2 
List of 2
 $ : num [1, 1, 1:2] 0.347 0.497
 $ : num [1, 1, 1:2] 8.11 7.26
NULL
R priorParameters: 2 8 
R maxT: 1 
R_PriorDraw_first_mu: 0.2449858 
R_PriorDraw_first_nu: 4.810456 
R-CCU: Before ClusterLabelChange for i = 3 newLabel= 1 currentLabel= 1 
R-CCU: sum(pointsPerCluster) = 602 
 num [1:2] 600 2
NULL
R-CCU: After ClusterLabelChange for i = 3 
R-CCU: sum(pointsPerCluster) = 603 
 num [1:2] 601 2
NULL
R-CCU: dpObj$numberClusters = 2 
List of 2
 $ : num [1, 1, 1:2] 0.347 0.497
 $ : num [1, 1, 1:2] 8.11 7.26
NULL
R priorParameters: 2 8 
R maxT: 1 
R_PriorDraw_first_mu: 0.382166 
R_PriorDraw_first_nu: 9.168343 
R-CCU: Before ClusterLabelChange for i = 4 newLabel= 1 currentLabel= 1 
R-CCU: sum(pointsPerCluster) = 603 
 num [1:2] 601 2
NULL
R-CCU: After ClusterLabelChange for i = 4 
R-CCU: sum(pointsPerCluster) = 604 
 num [1:2] 602 2
NULL
R-CCU: dpObj$numberClusters = 2 
List of 2
 $ : num [1, 1, 1:2] 0.347 0.497
 $ : num [1, 1, 1:2] 8.11 7.26
NULL
R priorParameters: 2 8 
R maxT: 1 
R_PriorDraw_first_mu: 0.1147211 
R_PriorDraw_first_nu: 10.87218 
R-CCU: Before ClusterLabelChange for i = 5 newLabel= 1 currentLabel= 1 
R-CCU: sum(pointsPerCluster) = 604 
 num [1:2] 602 2
NULL
R-CCU: After ClusterLabelChange for i = 5 
R-CCU: sum(pointsPerCluster) = 605 
 num [1:2] 603 2
NULL
R-CCU: dpObj$numberClusters = 2 
List of 2
 $ : num [1, 1, 1:2] 0.347 0.497
 $ : num [1, 1, 1:2] 8.11 7.26
NULL
R priorParameters: 2 8 
R maxT: 1 
R_PriorDraw_first_mu: 0.3655143 
R_PriorDraw_first_nu: 2.398227 
R-CCU: Before ClusterLabelChange for i = 6 newLabel= 1 currentLabel= 1 
R-CCU: sum(pointsPerCluster) = 605 
 num [1:2] 603 2
NULL
R-CCU: After ClusterLabelChange for i = 6 
R-CCU: sum(pointsPerCluster) = 606 
 num [1:2] 604 2
NULL
R-CCU: dpObj$numberClusters = 2 
List of 2
 $ : num [1, 1, 1:2] 0.347 0.497
 $ : num [1, 1, 1:2] 8.11 7.26
NULL
R priorParameters: 2 8 
R maxT: 1 
R_PriorDraw_first_mu: 0.7028332 
R_PriorDraw_first_nu: 4.875871 
R-CCU: Before ClusterLabelChange for i = 7 newLabel= 1 currentLabel= 1 
R-CCU: sum(pointsPerCluster) = 606 
 num [1:2] 604 2
NULL
R-CCU: After ClusterLabelChange for i = 7 
R-CCU: sum(pointsPerCluster) = 607 
 num [1:2] 605 2
NULL
R-CCU: dpObj$numberClusters = 2 
List of 2
 $ : num [1, 1, 1:2] 0.347 0.497
 $ : num [1, 1, 1:2] 8.11 7.26
NULL
R priorParameters: 2 8 
R maxT: 1 
R_PriorDraw_first_mu: 0.446644 
R_PriorDraw_first_nu: 6.120031 
R-CCU: Before ClusterLabelChange for i = 8 newLabel= 1 currentLabel= 1 
R-CCU: sum(pointsPerCluster) = 607 
 num [1:2] 605 2
NULL
R-CCU: After ClusterLabelChange for i = 8 
R-CCU: sum(pointsPerCluster) = 608 
 num [1:2] 606 2
NULL
R-CCU: dpObj$numberClusters = 2 
List of 2
 $ : num [1, 1, 1:2] 0.347 0.497
 $ : num [1, 1, 1:2] 8.11 7.26
NULL
R priorParameters: 2 8 
R maxT: 1 
R_PriorDraw_first_mu: 0.04898821 
R_PriorDraw_first_nu: 7.580497 
R-CCU: Before ClusterLabelChange for i = 9 newLabel= 1 currentLabel= 1 
R-CCU: sum(pointsPerCluster) = 608 
 num [1:2] 606 2
NULL
R-CCU: After ClusterLabelChange for i = 9 
R-CCU: sum(pointsPerCluster) = 609 
 num [1:2] 607 2
NULL
R-CCU: dpObj$numberClusters = 2 
List of 2
 $ : num [1, 1, 1:2] 0.347 0.497
 $ : num [1, 1, 1:2] 8.11 7.26
NULL
R priorParameters: 2 8 
R maxT: 1 
R_PriorDraw_first_mu: 0.2457276 
R_PriorDraw_first_nu: 4.341476 
R-CCU: Before ClusterLabelChange for i = 10 newLabel= 1 currentLabel= 1 
R-CCU: sum(pointsPerCluster) = 609 
 num [1:2] 607 2
NULL
R-CCU: After ClusterLabelChange for i = 10 
R-CCU: sum(pointsPerCluster) = 610 
 num [1:2] 608 2
NULL
R-CCU: dpObj$numberClusters = 2 
List of 2
 $ : num [1, 1, 1:2] 0.347 0.497
 $ : num [1, 1, 1:2] 8.11 7.26
NULL
R priorParameters: 2 8 
R maxT: 1 
R_PriorDraw_first_mu: 0.9308883 
R_PriorDraw_first_nu: 3.023951 
R-CCU: Before ClusterLabelChange for i = 11 newLabel= 1 currentLabel= 1 
R-CCU: sum(pointsPerCluster) = 610 
 num [1:2] 608 2
NULL
R-CCU: After ClusterLabelChange for i = 11 
R-CCU: sum(pointsPerCluster) = 611 
 num [1:2] 609 2
NULL
R-CCU: dpObj$numberClusters = 2 
List of 2
 $ : num [1, 1, 1:2] 0.347 0.497
 $ : num [1, 1, 1:2] 8.11 7.26
NULL
R priorParameters: 2 8 
R maxT: 1 
R_PriorDraw_first_mu: 0.4083859 
R_PriorDraw_first_nu: 2.292902 
R-CCU: Before ClusterLabelChange for i = 12 newLabel= 1 currentLabel= 1 
R-CCU: sum(pointsPerCluster) = 611 
 num [1:2] 609 2
NULL
R-CCU: After ClusterLabelChange for i = 12 
R-CCU: sum(pointsPerCluster) = 612 
 num [1:2] 610 2
NULL
R-CCU: dpObj$numberClusters = 2 
List of 2
 $ : num [1, 1, 1:2] 0.347 0.497
 $ : num [1, 1, 1:2] 8.11 7.26
NULL
R priorParameters: 2 8 
R maxT: 1 
R_PriorDraw_first_mu: 0.04626262 
R_PriorDraw_first_nu: 1.818547 
R-CCU: Before ClusterLabelChange for i = 13 newLabel= 1 currentLabel= 1 
R-CCU: sum(pointsPerCluster) = 612 
 num [1:2] 610 2
NULL
R-CCU: After ClusterLabelChange for i = 13 
R-CCU: sum(pointsPerCluster) = 613 
 num [1:2] 611 2
NULL
R-CCU: dpObj$numberClusters = 2 
List of 2
 $ : num [1, 1, 1:2] 0.347 0.497
 $ : num [1, 1, 1:2] 8.11 7.26
NULL
R priorParameters: 2 8 
R maxT: 1 
R_PriorDraw_first_mu: 0.2611636 
R_PriorDraw_first_nu: 3.690318 
R-CCU: Before ClusterLabelChange for i = 14 newLabel= 1 currentLabel= 1 
R-CCU: sum(pointsPerCluster) = 613 
 num [1:2] 611 2
NULL
R-CCU: After ClusterLabelChange for i = 14 
R-CCU: sum(pointsPerCluster) = 614 
 num [1:2] 612 2
NULL
R-CCU: dpObj$numberClusters = 2 
List of 2
 $ : num [1, 1, 1:2] 0.347 0.497
 $ : num [1, 1, 1:2] 8.11 7.26
NULL
R priorParameters: 2 8 
R maxT: 1 
R_PriorDraw_first_mu: 0.8828933 
R_PriorDraw_first_nu: 7.761734 
R-CCU: Before ClusterLabelChange for i = 15 newLabel= 1 currentLabel= 1 
R-CCU: sum(pointsPerCluster) = 614 
 num [1:2] 612 2
NULL
R-CCU: After ClusterLabelChange for i = 15 
R-CCU: sum(pointsPerCluster) = 615 
 num [1:2] 613 2
NULL
R-CCU: dpObj$numberClusters = 2 
List of 2
 $ : num [1, 1, 1:2] 0.347 0.497
 $ : num [1, 1, 1:2] 8.11 7.26
NULL
R priorParameters: 2 8 
R maxT: 1 
R_PriorDraw_first_mu: 0.3212581 
R_PriorDraw_first_nu: 15.3093 
R-CCU: Before ClusterLabelChange for i = 16 newLabel= 1 currentLabel= 1 
R-CCU: sum(pointsPerCluster) = 615 
 num [1:2] 613 2
NULL
R-CCU: After ClusterLabelChange for i = 16 
R-CCU: sum(pointsPerCluster) = 616 
 num [1:2] 614 2
NULL
R-CCU: dpObj$numberClusters = 2 
List of 2
 $ : num [1, 1, 1:2] 0.347 0.497
 $ : num [1, 1, 1:2] 8.11 7.26
NULL
R priorParameters: 2 8 
R maxT: 1 
R_PriorDraw_first_mu: 0.3336341 
R_PriorDraw_first_nu: 7.069485 
R-CCU: Before ClusterLabelChange for i = 17 newLabel= 1 currentLabel= 1 
R-CCU: sum(pointsPerCluster) = 616 
 num [1:2] 614 2
NULL
R-CCU: After ClusterLabelChange for i = 17 
R-CCU: sum(pointsPerCluster) = 617 
 num [1:2] 615 2
NULL
R-CCU: dpObj$numberClusters = 2 
List of 2
 $ : num [1, 1, 1:2] 0.347 0.497
 $ : num [1, 1, 1:2] 8.11 7.26
NULL
R priorParameters: 2 8 
R maxT: 1 
R_PriorDraw_first_mu: 0.2259855 
R_PriorDraw_first_nu: 2.764148 
R-CCU: Before ClusterLabelChange for i = 18 newLabel= 1 currentLabel= 1 
R-CCU: sum(pointsPerCluster) = 617 
 num [1:2] 615 2
NULL
R-CCU: After ClusterLabelChange for i = 18 
R-CCU: sum(pointsPerCluster) = 618 
 num [1:2] 616 2
NULL
R-CCU: dpObj$numberClusters = 2 
List of 2
 $ : num [1, 1, 1:2] 0.347 0.497
 $ : num [1, 1, 1:2] 8.11 7.26
NULL
R priorParameters: 2 8 
R maxT: 1 
R_PriorDraw_first_mu: 0.6339918 
R_PriorDraw_first_nu: 18.6121 
R-CCU: Before ClusterLabelChange for i = 19 newLabel= 1 currentLabel= 1 
R-CCU: sum(pointsPerCluster) = 618 
 num [1:2] 616 2
NULL
R-CCU: After ClusterLabelChange for i = 19 
R-CCU: sum(pointsPerCluster) = 619 
 num [1:2] 617 2
NULL
R-CCU: dpObj$numberClusters = 2 
List of 2
 $ : num [1, 1, 1:2] 0.347 0.497
 $ : num [1, 1, 1:2] 8.11 7.26
NULL
R priorParameters: 2 8 
R maxT: 1 
R_PriorDraw_first_mu: 0.6095798 
R_PriorDraw_first_nu: 8.611377 
R-CCU: Before ClusterLabelChange for i = 20 newLabel= 1 currentLabel= 1 
R-CCU: sum(pointsPerCluster) = 619 
 num [1:2] 617 2
NULL
R-CCU: After ClusterLabelChange for i = 20 
R-CCU: sum(pointsPerCluster) = 620 
 num [1:2] 618 2
NULL
R-CCU: dpObj$numberClusters = 2 
List of 2
 $ : num [1, 1, 1:2] 0.347 0.497
 $ : num [1, 1, 1:2] 8.11 7.26
NULL
R priorParameters: 2 8 
R maxT: 1 
R_PriorDraw_first_mu: 0.6661662 
R_PriorDraw_first_nu: 8.611485 
R-CCU: Before ClusterLabelChange for i = 21 newLabel= 1 currentLabel= 1 
R-CCU: sum(pointsPerCluster) = 620 
 num [1:2] 618 2
NULL
R-CCU: After ClusterLabelChange for i = 21 
R-CCU: sum(pointsPerCluster) = 621 
 num [1:2] 619 2
NULL
R-CCU: dpObj$numberClusters = 2 
List of 2
 $ : num [1, 1, 1:2] 0.347 0.497
 $ : num [1, 1, 1:2] 8.11 7.26
NULL
R priorParameters: 2 8 
R maxT: 1 
R_PriorDraw_first_mu: 0.9093473 
R_PriorDraw_first_nu: 22.84509 
R-CCU: Before ClusterLabelChange for i = 22 newLabel= 1 currentLabel= 1 
R-CCU: sum(pointsPerCluster) = 621 
 num [1:2] 619 2
NULL
R-CCU: After ClusterLabelChange for i = 22 
R-CCU: sum(pointsPerCluster) = 622 
 num [1:2] 620 2
NULL
R-CCU: dpObj$numberClusters = 2 
List of 2
 $ : num [1, 1, 1:2] 0.347 0.497
 $ : num [1, 1, 1:2] 8.11 7.26
NULL
R priorParameters: 2 8 
R maxT: 1 
R_PriorDraw_first_mu: 0.767766 
R_PriorDraw_first_nu: 15.11583 
R-CCU: Before ClusterLabelChange for i = 23 newLabel= 1 currentLabel= 1 
R-CCU: sum(pointsPerCluster) = 622 
 num [1:2] 620 2
NULL
R-CCU: After ClusterLabelChange for i = 23 
R-CCU: sum(pointsPerCluster) = 623 
 num [1:2] 621 2
NULL
R-CCU: dpObj$numberClusters = 2 
List of 2
 $ : num [1, 1, 1:2] 0.347 0.497
 $ : num [1, 1, 1:2] 8.11 7.26
NULL
R priorParameters: 2 8 
R maxT: 1 
R_PriorDraw_first_mu: 0.6183902 
R_PriorDraw_first_nu: 5.55139 
R-CCU: Before ClusterLabelChange for i = 24 newLabel= 1 currentLabel= 1 
R-CCU: sum(pointsPerCluster) = 623 
 num [1:2] 621 2
NULL
R-CCU: After ClusterLabelChange for i = 24 
R-CCU: sum(pointsPerCluster) = 624 
 num [1:2] 622 2
NULL
R-CCU: dpObj$numberClusters = 2 
List of 2
 $ : num [1, 1, 1:2] 0.347 0.497
 $ : num [1, 1, 1:2] 8.11 7.26
NULL
R priorParameters: 2 8 
R maxT: 1 
R_PriorDraw_first_mu: 0.9251426 
R_PriorDraw_first_nu: 27.4046 
R-CCU: Before ClusterLabelChange for i = 25 newLabel= 1 currentLabel= 1 
R-CCU: sum(pointsPerCluster) = 624 
 num [1:2] 622 2
NULL
R-CCU: After ClusterLabelChange for i = 25 
R-CCU: sum(pointsPerCluster) = 625 
 num [1:2] 623 2
NULL
R-CCU: dpObj$numberClusters = 2 
List of 2
 $ : num [1, 1, 1:2] 0.347 0.497
 $ : num [1, 1, 1:2] 8.11 7.26
NULL
R priorParameters: 2 8 
R maxT: 1 
R_PriorDraw_first_mu: 0.0291795 
R_PriorDraw_first_nu: 4.972422 
R-CCU: Before ClusterLabelChange for i = 26 newLabel= 1 currentLabel= 1 
R-CCU: sum(pointsPerCluster) = 625 
 num [1:2] 623 2
NULL
R-CCU: After ClusterLabelChange for i = 26 
R-CCU: sum(pointsPerCluster) = 626 
 num [1:2] 624 2
NULL
R-CCU: dpObj$numberClusters = 2 
List of 2
 $ : num [1, 1, 1:2] 0.347 0.497
 $ : num [1, 1, 1:2] 8.11 7.26
NULL
R priorParameters: 2 8 
R maxT: 1 
R_PriorDraw_first_mu: 0.1171201 
R_PriorDraw_first_nu: 1.179223 
R-CCU: Before ClusterLabelChange for i = 27 newLabel= 1 currentLabel= 1 
R-CCU: sum(pointsPerCluster) = 626 
 num [1:2] 624 2
NULL
R-CCU: After ClusterLabelChange for i = 27 
R-CCU: sum(pointsPerCluster) = 627 
 num [1:2] 625 2
NULL
R-CCU: dpObj$numberClusters = 2 
List of 2
 $ : num [1, 1, 1:2] 0.347 0.497
 $ : num [1, 1, 1:2] 8.11 7.26
NULL
R priorParameters: 2 8 
R maxT: 1 
R_PriorDraw_first_mu: 0.4266311 
R_PriorDraw_first_nu: 7.234239 
R-CCU: Before ClusterLabelChange for i = 28 newLabel= 1 currentLabel= 1 
R-CCU: sum(pointsPerCluster) = 627 
 num [1:2] 625 2
NULL
R-CCU: After ClusterLabelChange for i = 28 
R-CCU: sum(pointsPerCluster) = 628 
 num [1:2] 626 2
NULL
R-CCU: dpObj$numberClusters = 2 
List of 2
 $ : num [1, 1, 1:2] 0.347 0.497
 $ : num [1, 1, 1:2] 8.11 7.26
NULL
R priorParameters: 2 8 
R maxT: 1 
R_PriorDraw_first_mu: 0.4418646 
R_PriorDraw_first_nu: 6.034216 
R-CCU: Before ClusterLabelChange for i = 29 newLabel= 1 currentLabel= 1 
R-CCU: sum(pointsPerCluster) = 628 
 num [1:2] 626 2
NULL
R-CCU: After ClusterLabelChange for i = 29 
R-CCU: sum(pointsPerCluster) = 629 
 num [1:2] 627 2
NULL
R-CCU: dpObj$numberClusters = 2 
List of 2
 $ : num [1, 1, 1:2] 0.347 0.497
 $ : num [1, 1, 1:2] 8.11 7.26
NULL
R priorParameters: 2 8 
R maxT: 1 
R_PriorDraw_first_mu: 0.9820238 
R_PriorDraw_first_nu: 7.118575 
R-CCU: Before ClusterLabelChange for i = 30 newLabel= 1 currentLabel= 1 
R-CCU: sum(pointsPerCluster) = 629 
 num [1:2] 627 2
NULL
R-CCU: After ClusterLabelChange for i = 30 
R-CCU: sum(pointsPerCluster) = 630 
 num [1:2] 628 2
NULL
R-CCU: dpObj$numberClusters = 2 
List of 2
 $ : num [1, 1, 1:2] 0.347 0.497
 $ : num [1, 1, 1:2] 8.11 7.26
NULL
R priorParameters: 2 8 
R maxT: 1 
R_PriorDraw_first_mu: 0.06269946 
R_PriorDraw_first_nu: 4.641934 
R-CCU: Before ClusterLabelChange for i = 31 newLabel= 1 currentLabel= 1 
R-CCU: sum(pointsPerCluster) = 630 
 num [1:2] 628 2
NULL
R-CCU: After ClusterLabelChange for i = 31 
R-CCU: sum(pointsPerCluster) = 631 
 num [1:2] 629 2
NULL
R-CCU: dpObj$numberClusters = 2 
List of 2
 $ : num [1, 1, 1:2] 0.347 0.497
 $ : num [1, 1, 1:2] 8.11 7.26
NULL
R priorParameters: 2 8 
R maxT: 1 
R_PriorDraw_first_mu: 0.08423456 
R_PriorDraw_first_nu: 4.484018 
R-CCU: Before ClusterLabelChange for i = 32 newLabel= 1 currentLabel= 1 
R-CCU: sum(pointsPerCluster) = 631 
 num [1:2] 629 2
NULL
R-CCU: After ClusterLabelChange for i = 32 
R-CCU: sum(pointsPerCluster) = 632 
 num [1:2] 630 2
NULL
R-CCU: dpObj$numberClusters = 2 
List of 2
 $ : num [1, 1, 1:2] 0.347 0.497
 $ : num [1, 1, 1:2] 8.11 7.26
NULL
R priorParameters: 2 8 
R maxT: 1 
R_PriorDraw_first_mu: 0.7699938 
R_PriorDraw_first_nu: 3.8266 
R-CCU: Before ClusterLabelChange for i = 33 newLabel= 1 currentLabel= 1 
R-CCU: sum(pointsPerCluster) = 632 
 num [1:2] 630 2
NULL
R-CCU: After ClusterLabelChange for i = 33 
R-CCU: sum(pointsPerCluster) = 633 
 num [1:2] 631 2
NULL
R-CCU: dpObj$numberClusters = 2 
List of 2
 $ : num [1, 1, 1:2] 0.347 0.497
 $ : num [1, 1, 1:2] 8.11 7.26
NULL
R priorParameters: 2 8 
R maxT: 1 
R_PriorDraw_first_mu: 0.7482802 
R_PriorDraw_first_nu: 3.126376 
R-CCU: Before ClusterLabelChange for i = 34 newLabel= 1 currentLabel= 1 
R-CCU: sum(pointsPerCluster) = 633 
 num [1:2] 631 2
NULL
R-CCU: After ClusterLabelChange for i = 34 
R-CCU: sum(pointsPerCluster) = 634 
 num [1:2] 632 2
NULL
R-CCU: dpObj$numberClusters = 2 
List of 2
 $ : num [1, 1, 1:2] 0.347 0.497
 $ : num [1, 1, 1:2] 8.11 7.26
NULL
R priorParameters: 2 8 
R maxT: 1 
R_PriorDraw_first_mu: 0.1536575 
R_PriorDraw_first_nu: 9.634304 
R-CCU: Before ClusterLabelChange for i = 35 newLabel= 1 currentLabel= 1 
R-CCU: sum(pointsPerCluster) = 634 
 num [1:2] 632 2
NULL
R-CCU: After ClusterLabelChange for i = 35 
R-CCU: sum(pointsPerCluster) = 635 
 num [1:2] 633 2
NULL
R-CCU: dpObj$numberClusters = 2 
List of 2
 $ : num [1, 1, 1:2] 0.347 0.497
 $ : num [1, 1, 1:2] 8.11 7.26
NULL
R priorParameters: 2 8 
R maxT: 1 
R_PriorDraw_first_mu: 0.1330013 
R_PriorDraw_first_nu: 3.715909 
R-CCU: Before ClusterLabelChange for i = 36 newLabel= 1 currentLabel= 1 
R-CCU: sum(pointsPerCluster) = 635 
 num [1:2] 633 2
NULL
R-CCU: After ClusterLabelChange for i = 36 
R-CCU: sum(pointsPerCluster) = 636 
 num [1:2] 634 2
NULL
R-CCU: dpObj$numberClusters = 2 
List of 2
 $ : num [1, 1, 1:2] 0.347 0.497
 $ : num [1, 1, 1:2] 8.11 7.26
NULL
R priorParameters: 2 8 
R maxT: 1 
R_PriorDraw_first_mu: 0.110396 
R_PriorDraw_first_nu: 10.04974 
R-CCU: Before ClusterLabelChange for i = 37 newLabel= 1 currentLabel= 1 
R-CCU: sum(pointsPerCluster) = 636 
 num [1:2] 634 2
NULL
R-CCU: After ClusterLabelChange for i = 37 
R-CCU: sum(pointsPerCluster) = 637 
 num [1:2] 635 2
NULL
R-CCU: dpObj$numberClusters = 2 
List of 2
 $ : num [1, 1, 1:2] 0.347 0.497
 $ : num [1, 1, 1:2] 8.11 7.26
NULL
R priorParameters: 2 8 
R maxT: 1 
R_PriorDraw_first_mu: 0.6967789 
R_PriorDraw_first_nu: 2.65965 
R-CCU: Before ClusterLabelChange for i = 38 newLabel= 1 currentLabel= 1 
R-CCU: sum(pointsPerCluster) = 637 
 num [1:2] 635 2
NULL
R-CCU: After ClusterLabelChange for i = 38 
R-CCU: sum(pointsPerCluster) = 638 
 num [1:2] 636 2
NULL
R-CCU: dpObj$numberClusters = 2 
List of 2
 $ : num [1, 1, 1:2] 0.347 0.497
 $ : num [1, 1, 1:2] 8.11 7.26
NULL
R priorParameters: 2 8 
R maxT: 1 
R_PriorDraw_first_mu: 0.4029092 
R_PriorDraw_first_nu: 3.604936 
R-CCU: Before ClusterLabelChange for i = 39 newLabel= 1 currentLabel= 1 
R-CCU: sum(pointsPerCluster) = 638 
 num [1:2] 636 2
NULL
R-CCU: After ClusterLabelChange for i = 39 
R-CCU: sum(pointsPerCluster) = 639 
 num [1:2] 637 2
NULL
R-CCU: dpObj$numberClusters = 2 
List of 2
 $ : num [1, 1, 1:2] 0.347 0.497
 $ : num [1, 1, 1:2] 8.11 7.26
NULL
R priorParameters: 2 8 
R maxT: 1 
R_PriorDraw_first_mu: 0.9750955 
R_PriorDraw_first_nu: 4.099199 
R-CCU: Before ClusterLabelChange for i = 40 newLabel= 1 currentLabel= 1 
R-CCU: sum(pointsPerCluster) = 639 
 num [1:2] 637 2
NULL
R-CCU: After ClusterLabelChange for i = 40 
R-CCU: sum(pointsPerCluster) = 640 
 num [1:2] 638 2
NULL
R-CCU: dpObj$numberClusters = 2 
List of 2
 $ : num [1, 1, 1:2] 0.347 0.497
 $ : num [1, 1, 1:2] 8.11 7.26
NULL
R priorParameters: 2 8 
R maxT: 1 
R_PriorDraw_first_mu: 0.4108302 
R_PriorDraw_first_nu: 17.6854 
R-CCU: Before ClusterLabelChange for i = 41 newLabel= 1 currentLabel= 1 
R-CCU: sum(pointsPerCluster) = 640 
 num [1:2] 638 2
NULL
R-CCU: After ClusterLabelChange for i = 41 
R-CCU: sum(pointsPerCluster) = 641 
 num [1:2] 639 2
NULL
R-CCU: dpObj$numberClusters = 2 
List of 2
 $ : num [1, 1, 1:2] 0.347 0.497
 $ : num [1, 1, 1:2] 8.11 7.26
NULL
R priorParameters: 2 8 
R maxT: 1 
R_PriorDraw_first_mu: 0.1564924 
R_PriorDraw_first_nu: 8.99585 
R-CCU: Before ClusterLabelChange for i = 42 newLabel= 1 currentLabel= 1 
R-CCU: sum(pointsPerCluster) = 641 
 num [1:2] 639 2
NULL
R-CCU: After ClusterLabelChange for i = 42 
R-CCU: sum(pointsPerCluster) = 642 
 num [1:2] 640 2
NULL
R-CCU: dpObj$numberClusters = 2 
List of 2
 $ : num [1, 1, 1:2] 0.347 0.497
 $ : num [1, 1, 1:2] 8.11 7.26
NULL
R priorParameters: 2 8 
R maxT: 1 
R_PriorDraw_first_mu: 0.6920692 
R_PriorDraw_first_nu: 1.968236 
R-CCU: Before ClusterLabelChange for i = 43 newLabel= 1 currentLabel= 1 
R-CCU: sum(pointsPerCluster) = 642 
 num [1:2] 640 2
NULL
R-CCU: After ClusterLabelChange for i = 43 
R-CCU: sum(pointsPerCluster) = 643 
 num [1:2] 641 2
NULL
R-CCU: dpObj$numberClusters = 2 
List of 2
 $ : num [1, 1, 1:2] 0.347 0.497
 $ : num [1, 1, 1:2] 8.11 7.26
NULL
R priorParameters: 2 8 
R maxT: 1 
R_PriorDraw_first_mu: 0.16828 
R_PriorDraw_first_nu: 7.932078 
R-CCU: Before ClusterLabelChange for i = 44 newLabel= 1 currentLabel= 1 
R-CCU: sum(pointsPerCluster) = 643 
 num [1:2] 641 2
NULL
R-CCU: After ClusterLabelChange for i = 44 
R-CCU: sum(pointsPerCluster) = 644 
 num [1:2] 642 2
NULL
R-CCU: dpObj$numberClusters = 2 
List of 2
 $ : num [1, 1, 1:2] 0.347 0.497
 $ : num [1, 1, 1:2] 8.11 7.26
NULL
R priorParameters: 2 8 
R maxT: 1 
R_PriorDraw_first_mu: 0.441603 
R_PriorDraw_first_nu: 3.167519 
R-CCU: Before ClusterLabelChange for i = 45 newLabel= 1 currentLabel= 1 
R-CCU: sum(pointsPerCluster) = 644 
 num [1:2] 642 2
NULL
R-CCU: After ClusterLabelChange for i = 45 
R-CCU: sum(pointsPerCluster) = 645 
 num [1:2] 643 2
NULL
R-CCU: dpObj$numberClusters = 2 
List of 2
 $ : num [1, 1, 1:2] 0.347 0.497
 $ : num [1, 1, 1:2] 8.11 7.26
NULL
R priorParameters: 2 8 
R maxT: 1 
R_PriorDraw_first_mu: 0.6463717 
R_PriorDraw_first_nu: 19.26954 
R-CCU: Before ClusterLabelChange for i = 46 newLabel= 1 currentLabel= 1 
R-CCU: sum(pointsPerCluster) = 645 
 num [1:2] 643 2
NULL
R-CCU: After ClusterLabelChange for i = 46 
R-CCU: sum(pointsPerCluster) = 646 
 num [1:2] 644 2
NULL
R-CCU: dpObj$numberClusters = 2 
List of 2
 $ : num [1, 1, 1:2] 0.347 0.497
 $ : num [1, 1, 1:2] 8.11 7.26
NULL
R priorParameters: 2 8 
R maxT: 1 
R_PriorDraw_first_mu: 0.8679728 
R_PriorDraw_first_nu: 9.026129 
R-CCU: Before ClusterLabelChange for i = 47 newLabel= 1 currentLabel= 1 
R-CCU: sum(pointsPerCluster) = 646 
 num [1:2] 644 2
NULL
R-CCU: After ClusterLabelChange for i = 47 
R-CCU: sum(pointsPerCluster) = 647 
 num [1:2] 645 2
NULL
R-CCU: dpObj$numberClusters = 2 
List of 2
 $ : num [1, 1, 1:2] 0.347 0.497
 $ : num [1, 1, 1:2] 8.11 7.26
NULL
R priorParameters: 2 8 
R maxT: 1 
R_PriorDraw_first_mu: 0.2211648 
R_PriorDraw_first_nu: 4.186933 
R-CCU: Before ClusterLabelChange for i = 48 newLabel= 1 currentLabel= 1 
R-CCU: sum(pointsPerCluster) = 647 
 num [1:2] 645 2
NULL
R-CCU: After ClusterLabelChange for i = 48 
R-CCU: sum(pointsPerCluster) = 648 
 num [1:2] 646 2
NULL
R-CCU: dpObj$numberClusters = 2 
List of 2
 $ : num [1, 1, 1:2] 0.347 0.497
 $ : num [1, 1, 1:2] 8.11 7.26
NULL
R priorParameters: 2 8 
R maxT: 1 
R_PriorDraw_first_mu: 0.4798886 
R_PriorDraw_first_nu: 21.33297 
R-CCU: Before ClusterLabelChange for i = 49 newLabel= 1 currentLabel= 1 
R-CCU: sum(pointsPerCluster) = 648 
 num [1:2] 646 2
NULL
R-CCU: After ClusterLabelChange for i = 49 
R-CCU: sum(pointsPerCluster) = 649 
 num [1:2] 647 2
NULL
R-CCU: dpObj$numberClusters = 2 
List of 2
 $ : num [1, 1, 1:2] 0.347 0.497
 $ : num [1, 1, 1:2] 8.11 7.26
NULL
R priorParameters: 2 8 
R maxT: 1 
R_PriorDraw_first_mu: 0.4207573 
R_PriorDraw_first_nu: 3.51839 
R-CCU: Before ClusterLabelChange for i = 50 newLabel= 1 currentLabel= 1 
R-CCU: sum(pointsPerCluster) = 649 
 num [1:2] 647 2
NULL
R-CCU: After ClusterLabelChange for i = 50 
R-CCU: sum(pointsPerCluster) = 650 
 num [1:2] 648 2
NULL
R-CCU: dpObj$numberClusters = 2 
List of 2
 $ : num [1, 1, 1:2] 0.347 0.497
 $ : num [1, 1, 1:2] 8.11 7.26
NULL
R priorParameters: 2 8 
R maxT: 1 
R_PriorDraw_first_mu: 0.894257 
R_PriorDraw_first_nu: 2.533363 
R-CCU: Before ClusterLabelChange for i = 51 newLabel= 1 currentLabel= 1 
R-CCU: sum(pointsPerCluster) = 650 
 num [1:2] 648 2
NULL
R-CCU: After ClusterLabelChange for i = 51 
R-CCU: sum(pointsPerCluster) = 651 
 num [1:2] 649 2
NULL
R-CCU: dpObj$numberClusters = 2 
List of 2
 $ : num [1, 1, 1:2] 0.347 0.497
 $ : num [1, 1, 1:2] 8.11 7.26
NULL
R priorParameters: 2 8 
R maxT: 1 
R_PriorDraw_first_mu: 0.903166 
R_PriorDraw_first_nu: 1.42223 
R-CCU: Before ClusterLabelChange for i = 52 newLabel= 1 currentLabel= 1 
R-CCU: sum(pointsPerCluster) = 651 
 num [1:2] 649 2
NULL
R-CCU: After ClusterLabelChange for i = 52 
R-CCU: sum(pointsPerCluster) = 652 
 num [1:2] 650 2
NULL
R-CCU: dpObj$numberClusters = 2 
List of 2
 $ : num [1, 1, 1:2] 0.347 0.497
 $ : num [1, 1, 1:2] 8.11 7.26
NULL
R priorParameters: 2 8 
R maxT: 1 
R_PriorDraw_first_mu: 0.4616419 
R_PriorDraw_first_nu: 3.151465 
R-CCU: Before ClusterLabelChange for i = 53 newLabel= 1 currentLabel= 1 
R-CCU: sum(pointsPerCluster) = 652 
 num [1:2] 650 2
NULL
R-CCU: After ClusterLabelChange for i = 53 
R-CCU: sum(pointsPerCluster) = 653 
 num [1:2] 651 2
NULL
R-CCU: dpObj$numberClusters = 2 
List of 2
 $ : num [1, 1, 1:2] 0.347 0.497
 $ : num [1, 1, 1:2] 8.11 7.26
NULL
R priorParameters: 2 8 
R maxT: 1 
R_PriorDraw_first_mu: 0.05674626 
R_PriorDraw_first_nu: 10.24207 
R-CCU: Before ClusterLabelChange for i = 54 newLabel= 1 currentLabel= 1 
R-CCU: sum(pointsPerCluster) = 653 
 num [1:2] 651 2
NULL
R-CCU: After ClusterLabelChange for i = 54 
R-CCU: sum(pointsPerCluster) = 654 
 num [1:2] 652 2
NULL
R-CCU: dpObj$numberClusters = 2 
List of 2
 $ : num [1, 1, 1:2] 0.347 0.497
 $ : num [1, 1, 1:2] 8.11 7.26
NULL
R priorParameters: 2 8 
R maxT: 1 
R_PriorDraw_first_mu: 0.09118491 
R_PriorDraw_first_nu: 11.52803 
R-CCU: Before ClusterLabelChange for i = 55 newLabel= 1 currentLabel= 1 
R-CCU: sum(pointsPerCluster) = 654 
 num [1:2] 652 2
NULL
R-CCU: After ClusterLabelChange for i = 55 
R-CCU: sum(pointsPerCluster) = 655 
 num [1:2] 653 2
NULL
R-CCU: dpObj$numberClusters = 2 
List of 2
 $ : num [1, 1, 1:2] 0.347 0.497
 $ : num [1, 1, 1:2] 8.11 7.26
NULL
R priorParameters: 2 8 
R maxT: 1 
R_PriorDraw_first_mu: 0.4616125 
R_PriorDraw_first_nu: 15.02619 
R-CCU: Before ClusterLabelChange for i = 56 newLabel= 1 currentLabel= 1 
R-CCU: sum(pointsPerCluster) = 655 
 num [1:2] 653 2
NULL
R-CCU: After ClusterLabelChange for i = 56 
R-CCU: sum(pointsPerCluster) = 656 
 num [1:2] 654 2
NULL
R-CCU: dpObj$numberClusters = 2 
List of 2
 $ : num [1, 1, 1:2] 0.347 0.497
 $ : num [1, 1, 1:2] 8.11 7.26
NULL
R priorParameters: 2 8 
R maxT: 1 
R_PriorDraw_first_mu: 0.5833439 
R_PriorDraw_first_nu: 2.873489 
R-CCU: Before ClusterLabelChange for i = 57 newLabel= 1 currentLabel= 1 
R-CCU: sum(pointsPerCluster) = 656 
 num [1:2] 654 2
NULL
R-CCU: After ClusterLabelChange for i = 57 
R-CCU: sum(pointsPerCluster) = 657 
 num [1:2] 655 2
NULL
R-CCU: dpObj$numberClusters = 2 
List of 2
 $ : num [1, 1, 1:2] 0.347 0.497
 $ : num [1, 1, 1:2] 8.11 7.26
NULL
R priorParameters: 2 8 
R maxT: 1 
R_PriorDraw_first_mu: 0.4002747 
R_PriorDraw_first_nu: 11.37253 
R-CCU: Before ClusterLabelChange for i = 58 newLabel= 1 currentLabel= 1 
R-CCU: sum(pointsPerCluster) = 657 
 num [1:2] 655 2
NULL
R-CCU: After ClusterLabelChange for i = 58 
R-CCU: sum(pointsPerCluster) = 658 
 num [1:2] 656 2
NULL
R-CCU: dpObj$numberClusters = 2 
List of 2
 $ : num [1, 1, 1:2] 0.347 0.497
 $ : num [1, 1, 1:2] 8.11 7.26
NULL
R priorParameters: 2 8 
R maxT: 1 
R_PriorDraw_first_mu: 0.2503747 
R_PriorDraw_first_nu: 3.612265 
R-CCU: Before ClusterLabelChange for i = 59 newLabel= 1 currentLabel= 1 
R-CCU: sum(pointsPerCluster) = 658 
 num [1:2] 656 2
NULL
R-CCU: After ClusterLabelChange for i = 59 
R-CCU: sum(pointsPerCluster) = 659 
 num [1:2] 657 2
NULL
R-CCU: dpObj$numberClusters = 2 
List of 2
 $ : num [1, 1, 1:2] 0.347 0.497
 $ : num [1, 1, 1:2] 8.11 7.26
NULL
R priorParameters: 2 8 
R maxT: 1 
R_PriorDraw_first_mu: 0.7232353 
R_PriorDraw_first_nu: 8.612711 
R-CCU: Before ClusterLabelChange for i = 60 newLabel= 1 currentLabel= 1 
R-CCU: sum(pointsPerCluster) = 659 
 num [1:2] 657 2
NULL
R-CCU: After ClusterLabelChange for i = 60 
R-CCU: sum(pointsPerCluster) = 660 
 num [1:2] 658 2
NULL
R-CCU: dpObj$numberClusters = 2 
List of 2
 $ : num [1, 1, 1:2] 0.347 0.497
 $ : num [1, 1, 1:2] 8.11 7.26
NULL
R priorParameters: 2 8 
R maxT: 1 
R_PriorDraw_first_mu: 0.7392259 
R_PriorDraw_first_nu: 5.408077 
R-CCU: Before ClusterLabelChange for i = 61 newLabel= 1 currentLabel= 1 
R-CCU: sum(pointsPerCluster) = 660 
 num [1:2] 658 2
NULL
R-CCU: After ClusterLabelChange for i = 61 
R-CCU: sum(pointsPerCluster) = 661 
 num [1:2] 659 2
NULL
R-CCU: dpObj$numberClusters = 2 
List of 2
 $ : num [1, 1, 1:2] 0.347 0.497
 $ : num [1, 1, 1:2] 8.11 7.26
NULL
R priorParameters: 2 8 
R maxT: 1 
R_PriorDraw_first_mu: 0.2686261 
R_PriorDraw_first_nu: 15.72834 
R-CCU: Before ClusterLabelChange for i = 62 newLabel= 1 currentLabel= 1 
R-CCU: sum(pointsPerCluster) = 661 
 num [1:2] 659 2
NULL
R-CCU: After ClusterLabelChange for i = 62 
R-CCU: sum(pointsPerCluster) = 662 
 num [1:2] 660 2
NULL
R-CCU: dpObj$numberClusters = 2 
List of 2
 $ : num [1, 1, 1:2] 0.347 0.497
 $ : num [1, 1, 1:2] 8.11 7.26
NULL
R priorParameters: 2 8 
R maxT: 1 
R_PriorDraw_first_mu: 0.6391152 
R_PriorDraw_first_nu: 2.849467 
R-CCU: Before ClusterLabelChange for i = 63 newLabel= 2 currentLabel= 1 
R-CCU: sum(pointsPerCluster) = 662 
 num [1:2] 660 2
NULL
R-CCU: After ClusterLabelChange for i = 63 
R-CCU: sum(pointsPerCluster) = 663 
 num [1:2] 660 3
NULL
R-CCU: dpObj$numberClusters = 2 
List of 2
 $ : num [1, 1, 1:2] 0.347 0.497
 $ : num [1, 1, 1:2] 8.11 7.26
NULL
R priorParameters: 2 8 
R maxT: 1 
R_PriorDraw_first_mu: 0.4260315 
R_PriorDraw_first_nu: 8.910534 
R-CCU: Before ClusterLabelChange for i = 64 newLabel= 1 currentLabel= 1 
R-CCU: sum(pointsPerCluster) = 663 
 num [1:2] 660 3
NULL
R-CCU: After ClusterLabelChange for i = 64 
R-CCU: sum(pointsPerCluster) = 664 
 num [1:2] 661 3
NULL
R-CCU: dpObj$numberClusters = 2 
List of 2
 $ : num [1, 1, 1:2] 0.347 0.497
 $ : num [1, 1, 1:2] 8.11 7.26
NULL
R priorParameters: 2 8 
R maxT: 1 
R_PriorDraw_first_mu: 0.654963 
R_PriorDraw_first_nu: 1.633499 
R-CCU: Before ClusterLabelChange for i = 65 newLabel= 1 currentLabel= 1 
R-CCU: sum(pointsPerCluster) = 664 
 num [1:2] 661 3
NULL
R-CCU: After ClusterLabelChange for i = 65 
R-CCU: sum(pointsPerCluster) = 665 
 num [1:2] 662 3
NULL
R-CCU: dpObj$numberClusters = 2 
List of 2
 $ : num [1, 1, 1:2] 0.347 0.497
 $ : num [1, 1, 1:2] 8.11 7.26
NULL
R priorParameters: 2 8 
R maxT: 1 
R_PriorDraw_first_mu: 0.158597 
R_PriorDraw_first_nu: 1.755458 
R-CCU: Before ClusterLabelChange for i = 66 newLabel= 1 currentLabel= 1 
R-CCU: sum(pointsPerCluster) = 665 
 num [1:2] 662 3
NULL
R-CCU: After ClusterLabelChange for i = 66 
R-CCU: sum(pointsPerCluster) = 666 
 num [1:2] 663 3
NULL
R-CCU: dpObj$numberClusters = 2 
List of 2
 $ : num [1, 1, 1:2] 0.347 0.497
 $ : num [1, 1, 1:2] 8.11 7.26
NULL
R priorParameters: 2 8 
R maxT: 1 
R_PriorDraw_first_mu: 0.981687 
R_PriorDraw_first_nu: 3.640238 
R-CCU: Before ClusterLabelChange for i = 67 newLabel= 1 currentLabel= 1 
R-CCU: sum(pointsPerCluster) = 666 
 num [1:2] 663 3
NULL
R-CCU: After ClusterLabelChange for i = 67 
R-CCU: sum(pointsPerCluster) = 667 
 num [1:2] 664 3
NULL
R-CCU: dpObj$numberClusters = 2 
List of 2
 $ : num [1, 1, 1:2] 0.347 0.497
 $ : num [1, 1, 1:2] 8.11 7.26
NULL
R priorParameters: 2 8 
R maxT: 1 
R_PriorDraw_first_mu: 0.1506592 
R_PriorDraw_first_nu: 2.823303 
R-CCU: Before ClusterLabelChange for i = 68 newLabel= 1 currentLabel= 2 
R-CCU: sum(pointsPerCluster) = 667 
 num [1:2] 664 3
NULL
R-CCU: After ClusterLabelChange for i = 68 
R-CCU: sum(pointsPerCluster) = 668 
 num [1:2] 665 3
NULL
R-CCU: dpObj$numberClusters = 2 
List of 2
 $ : num [1, 1, 1:2] 0.347 0.497
 $ : num [1, 1, 1:2] 8.11 7.26
NULL
R priorParameters: 2 8 
R maxT: 1 
R_PriorDraw_first_mu: 0.2990144 
R_PriorDraw_first_nu: 3.449569 
R-CCU: Before ClusterLabelChange for i = 69 newLabel= 1 currentLabel= 1 
R-CCU: sum(pointsPerCluster) = 668 
 num [1:2] 665 3
NULL
R-CCU: After ClusterLabelChange for i = 69 
R-CCU: sum(pointsPerCluster) = 669 
 num [1:2] 666 3
NULL
R-CCU: dpObj$numberClusters = 2 
List of 2
 $ : num [1, 1, 1:2] 0.347 0.497
 $ : num [1, 1, 1:2] 8.11 7.26
NULL
R priorParameters: 2 8 
R maxT: 1 
R_PriorDraw_first_mu: 0.184839 
R_PriorDraw_first_nu: 4.079594 
R-CCU: Before ClusterLabelChange for i = 70 newLabel= 1 currentLabel= 1 
R-CCU: sum(pointsPerCluster) = 669 
 num [1:2] 666 3
NULL
R-CCU: After ClusterLabelChange for i = 70 
R-CCU: sum(pointsPerCluster) = 670 
 num [1:2] 667 3
NULL
R-CCU: dpObj$numberClusters = 2 
List of 2
 $ : num [1, 1, 1:2] 0.347 0.497
 $ : num [1, 1, 1:2] 8.11 7.26
NULL
R priorParameters: 2 8 
R maxT: 1 
R_PriorDraw_first_mu: 0.3549444 
R_PriorDraw_first_nu: 3.950279 
R-CCU: Before ClusterLabelChange for i = 71 newLabel= 1 currentLabel= 1 
R-CCU: sum(pointsPerCluster) = 670 
 num [1:2] 667 3
NULL
R-CCU: After ClusterLabelChange for i = 71 
R-CCU: sum(pointsPerCluster) = 671 
 num [1:2] 668 3
NULL
R-CCU: dpObj$numberClusters = 2 
List of 2
 $ : num [1, 1, 1:2] 0.347 0.497
 $ : num [1, 1, 1:2] 8.11 7.26
NULL
R priorParameters: 2 8 
R maxT: 1 
R_PriorDraw_first_mu: 0.3463243 
R_PriorDraw_first_nu: 5.028082 
R-CCU: Before ClusterLabelChange for i = 72 newLabel= 1 currentLabel= 1 
R-CCU: sum(pointsPerCluster) = 671 
 num [1:2] 668 3
NULL
R-CCU: After ClusterLabelChange for i = 72 
R-CCU: sum(pointsPerCluster) = 672 
 num [1:2] 669 3
NULL
R-CCU: dpObj$numberClusters = 2 
List of 2
 $ : num [1, 1, 1:2] 0.347 0.497
 $ : num [1, 1, 1:2] 8.11 7.26
NULL
R priorParameters: 2 8 
R maxT: 1 
R_PriorDraw_first_mu: 0.2742001 
R_PriorDraw_first_nu: 5.687587 
R-CCU: Before ClusterLabelChange for i = 73 newLabel= 1 currentLabel= 1 
R-CCU: sum(pointsPerCluster) = 672 
 num [1:2] 669 3
NULL
R-CCU: After ClusterLabelChange for i = 73 
R-CCU: sum(pointsPerCluster) = 673 
 num [1:2] 670 3
NULL
R-CCU: dpObj$numberClusters = 2 
List of 2
 $ : num [1, 1, 1:2] 0.347 0.497
 $ : num [1, 1, 1:2] 8.11 7.26
NULL
R priorParameters: 2 8 
R maxT: 1 
R_PriorDraw_first_mu: 0.5076497 
R_PriorDraw_first_nu: 3.960792 
R-CCU: Before ClusterLabelChange for i = 74 newLabel= 1 currentLabel= 1 
R-CCU: sum(pointsPerCluster) = 673 
 num [1:2] 670 3
NULL
R-CCU: After ClusterLabelChange for i = 74 
R-CCU: sum(pointsPerCluster) = 674 
 num [1:2] 671 3
NULL
R-CCU: dpObj$numberClusters = 2 
List of 2
 $ : num [1, 1, 1:2] 0.347 0.497
 $ : num [1, 1, 1:2] 8.11 7.26
NULL
R priorParameters: 2 8 
R maxT: 1 
R_PriorDraw_first_mu: 0.6424575 
R_PriorDraw_first_nu: 7.549195 
R-CCU: Before ClusterLabelChange for i = 75 newLabel= 1 currentLabel= 1 
R-CCU: sum(pointsPerCluster) = 674 
 num [1:2] 671 3
NULL
R-CCU: After ClusterLabelChange for i = 75 
R-CCU: sum(pointsPerCluster) = 675 
 num [1:2] 672 3
NULL
R-CCU: dpObj$numberClusters = 2 
List of 2
 $ : num [1, 1, 1:2] 0.347 0.497
 $ : num [1, 1, 1:2] 8.11 7.26
NULL
R priorParameters: 2 8 
R maxT: 1 
R_PriorDraw_first_mu: 0.246899 
R_PriorDraw_first_nu: 1.302722 
R-CCU: Before ClusterLabelChange for i = 76 newLabel= 1 currentLabel= 1 
R-CCU: sum(pointsPerCluster) = 675 
 num [1:2] 672 3
NULL
R-CCU: After ClusterLabelChange for i = 76 
R-CCU: sum(pointsPerCluster) = 676 
 num [1:2] 673 3
NULL
R-CCU: dpObj$numberClusters = 2 
List of 2
 $ : num [1, 1, 1:2] 0.347 0.497
 $ : num [1, 1, 1:2] 8.11 7.26
NULL
R priorParameters: 2 8 
R maxT: 1 
R_PriorDraw_first_mu: 0.2651638 
R_PriorDraw_first_nu: 1.915553 
R-CCU: Before ClusterLabelChange for i = 77 newLabel= 1 currentLabel= 1 
R-CCU: sum(pointsPerCluster) = 676 
 num [1:2] 673 3
NULL
R-CCU: After ClusterLabelChange for i = 77 
R-CCU: sum(pointsPerCluster) = 677 
 num [1:2] 674 3
NULL
R-CCU: dpObj$numberClusters = 2 
List of 2
 $ : num [1, 1, 1:2] 0.347 0.497
 $ : num [1, 1, 1:2] 8.11 7.26
NULL
R priorParameters: 2 8 
R maxT: 1 
R_PriorDraw_first_mu: 0.68534 
R_PriorDraw_first_nu: 2.878048 
R-CCU: Before ClusterLabelChange for i = 78 newLabel= 1 currentLabel= 1 
R-CCU: sum(pointsPerCluster) = 677 
 num [1:2] 674 3
NULL
R-CCU: After ClusterLabelChange for i = 78 
R-CCU: sum(pointsPerCluster) = 678 
 num [1:2] 675 3
NULL
R-CCU: dpObj$numberClusters = 2 
List of 2
 $ : num [1, 1, 1:2] 0.347 0.497
 $ : num [1, 1, 1:2] 8.11 7.26
NULL
R priorParameters: 2 8 
R maxT: 1 
R_PriorDraw_first_mu: 0.4740172 
R_PriorDraw_first_nu: 4.826216 
R-CCU: Before ClusterLabelChange for i = 79 newLabel= 1 currentLabel= 1 
R-CCU: sum(pointsPerCluster) = 678 
 num [1:2] 675 3
NULL
R-CCU: After ClusterLabelChange for i = 79 
R-CCU: sum(pointsPerCluster) = 679 
 num [1:2] 676 3
NULL
R-CCU: dpObj$numberClusters = 2 
List of 2
 $ : num [1, 1, 1:2] 0.347 0.497
 $ : num [1, 1, 1:2] 8.11 7.26
NULL
R priorParameters: 2 8 
R maxT: 1 
R_PriorDraw_first_mu: 0.1038424 
R_PriorDraw_first_nu: 10.10957 
R-CCU: Before ClusterLabelChange for i = 80 newLabel= 1 currentLabel= 1 
R-CCU: sum(pointsPerCluster) = 679 
 num [1:2] 676 3
NULL
R-CCU: After ClusterLabelChange for i = 80 
R-CCU: sum(pointsPerCluster) = 680 
 num [1:2] 677 3
NULL
R-CCU: dpObj$numberClusters = 2 
List of 2
 $ : num [1, 1, 1:2] 0.347 0.497
 $ : num [1, 1, 1:2] 8.11 7.26
NULL
R priorParameters: 2 8 
R maxT: 1 
R_PriorDraw_first_mu: 0.1296845 
R_PriorDraw_first_nu: 2.417302 
R-CCU: Before ClusterLabelChange for i = 81 newLabel= 1 currentLabel= 1 
R-CCU: sum(pointsPerCluster) = 680 
 num [1:2] 677 3
NULL
R-CCU: After ClusterLabelChange for i = 81 
R-CCU: sum(pointsPerCluster) = 681 
 num [1:2] 678 3
NULL
R-CCU: dpObj$numberClusters = 2 
List of 2
 $ : num [1, 1, 1:2] 0.347 0.497
 $ : num [1, 1, 1:2] 8.11 7.26
NULL
R priorParameters: 2 8 
R maxT: 1 
R_PriorDraw_first_mu: 0.7384785 
R_PriorDraw_first_nu: 3.233952 
R-CCU: Before ClusterLabelChange for i = 82 newLabel= 1 currentLabel= 1 
R-CCU: sum(pointsPerCluster) = 681 
 num [1:2] 678 3
NULL
R-CCU: After ClusterLabelChange for i = 82 
R-CCU: sum(pointsPerCluster) = 682 
 num [1:2] 679 3
NULL
R-CCU: dpObj$numberClusters = 2 
List of 2
 $ : num [1, 1, 1:2] 0.347 0.497
 $ : num [1, 1, 1:2] 8.11 7.26
NULL
R priorParameters: 2 8 
R maxT: 1 
R_PriorDraw_first_mu: 0.7259062 
R_PriorDraw_first_nu: 6.304674 
R-CCU: Before ClusterLabelChange for i = 83 newLabel= 1 currentLabel= 1 
R-CCU: sum(pointsPerCluster) = 682 
 num [1:2] 679 3
NULL
R-CCU: After ClusterLabelChange for i = 83 
R-CCU: sum(pointsPerCluster) = 683 
 num [1:2] 680 3
NULL
R-CCU: dpObj$numberClusters = 2 
List of 2
 $ : num [1, 1, 1:2] 0.347 0.497
 $ : num [1, 1, 1:2] 8.11 7.26
NULL
R priorParameters: 2 8 
R maxT: 1 
R_PriorDraw_first_mu: 0.8535292 
R_PriorDraw_first_nu: 2.878543 
R-CCU: Before ClusterLabelChange for i = 84 newLabel= 1 currentLabel= 1 
R-CCU: sum(pointsPerCluster) = 683 
 num [1:2] 680 3
NULL
R-CCU: After ClusterLabelChange for i = 84 
R-CCU: sum(pointsPerCluster) = 684 
 num [1:2] 681 3
NULL
R-CCU: dpObj$numberClusters = 2 
List of 2
 $ : num [1, 1, 1:2] 0.347 0.497
 $ : num [1, 1, 1:2] 8.11 7.26
NULL
R priorParameters: 2 8 
R maxT: 1 
R_PriorDraw_first_mu: 0.4596165 
R_PriorDraw_first_nu: 7.162762 
R-CCU: Before ClusterLabelChange for i = 85 newLabel= 1 currentLabel= 1 
R-CCU: sum(pointsPerCluster) = 684 
 num [1:2] 681 3
NULL
R-CCU: After ClusterLabelChange for i = 85 
R-CCU: sum(pointsPerCluster) = 685 
 num [1:2] 682 3
NULL
R-CCU: dpObj$numberClusters = 2 
List of 2
 $ : num [1, 1, 1:2] 0.347 0.497
 $ : num [1, 1, 1:2] 8.11 7.26
NULL
R priorParameters: 2 8 
R maxT: 1 
R_PriorDraw_first_mu: 0.7774897 
R_PriorDraw_first_nu: 3.6384 
R-CCU: Before ClusterLabelChange for i = 86 newLabel= 1 currentLabel= 1 
R-CCU: sum(pointsPerCluster) = 685 
 num [1:2] 682 3
NULL
R-CCU: After ClusterLabelChange for i = 86 
R-CCU: sum(pointsPerCluster) = 686 
 num [1:2] 683 3
NULL
R-CCU: dpObj$numberClusters = 2 
List of 2
 $ : num [1, 1, 1:2] 0.347 0.497
 $ : num [1, 1, 1:2] 8.11 7.26
NULL
R priorParameters: 2 8 
R maxT: 1 
R_PriorDraw_first_mu: 0.5078941 
R_PriorDraw_first_nu: 3.290106 
R-CCU: Before ClusterLabelChange for i = 87 newLabel= 1 currentLabel= 1 
R-CCU: sum(pointsPerCluster) = 686 
 num [1:2] 683 3
NULL
R-CCU: After ClusterLabelChange for i = 87 
R-CCU: sum(pointsPerCluster) = 687 
 num [1:2] 684 3
NULL
R-CCU: dpObj$numberClusters = 2 
List of 2
 $ : num [1, 1, 1:2] 0.347 0.497
 $ : num [1, 1, 1:2] 8.11 7.26
NULL
R priorParameters: 2 8 
R maxT: 1 
R_PriorDraw_first_mu: 0.2090293 
R_PriorDraw_first_nu: 4.190316 
R-CCU: Before ClusterLabelChange for i = 88 newLabel= 1 currentLabel= 1 
R-CCU: sum(pointsPerCluster) = 687 
 num [1:2] 684 3
NULL
R-CCU: After ClusterLabelChange for i = 88 
R-CCU: sum(pointsPerCluster) = 688 
 num [1:2] 685 3
NULL
R-CCU: dpObj$numberClusters = 2 
List of 2
 $ : num [1, 1, 1:2] 0.347 0.497
 $ : num [1, 1, 1:2] 8.11 7.26
NULL
R priorParameters: 2 8 
R maxT: 1 
R_PriorDraw_first_mu: 0.6558923 
R_PriorDraw_first_nu: 4.066986 
R-CCU: Before ClusterLabelChange for i = 89 newLabel= 1 currentLabel= 1 
R-CCU: sum(pointsPerCluster) = 688 
 num [1:2] 685 3
NULL
R-CCU: After ClusterLabelChange for i = 89 
R-CCU: sum(pointsPerCluster) = 689 
 num [1:2] 686 3
NULL
R-CCU: dpObj$numberClusters = 2 
List of 2
 $ : num [1, 1, 1:2] 0.347 0.497
 $ : num [1, 1, 1:2] 8.11 7.26
NULL
R priorParameters: 2 8 
R maxT: 1 
R_PriorDraw_first_mu: 0.4892008 
R_PriorDraw_first_nu: 14.35092 
R-CCU: Before ClusterLabelChange for i = 90 newLabel= 1 currentLabel= 1 
R-CCU: sum(pointsPerCluster) = 689 
 num [1:2] 686 3
NULL
R-CCU: After ClusterLabelChange for i = 90 
R-CCU: sum(pointsPerCluster) = 690 
 num [1:2] 687 3
NULL
R-CCU: dpObj$numberClusters = 2 
List of 2
 $ : num [1, 1, 1:2] 0.347 0.497
 $ : num [1, 1, 1:2] 8.11 7.26
NULL
R priorParameters: 2 8 
R maxT: 1 
R_PriorDraw_first_mu: 0.4056057 
R_PriorDraw_first_nu: 9.699423 
R-CCU: Before ClusterLabelChange for i = 91 newLabel= 1 currentLabel= 1 
R-CCU: sum(pointsPerCluster) = 690 
 num [1:2] 687 3
NULL
R-CCU: After ClusterLabelChange for i = 91 
R-CCU: sum(pointsPerCluster) = 691 
 num [1:2] 688 3
NULL
R-CCU: dpObj$numberClusters = 2 
List of 2
 $ : num [1, 1, 1:2] 0.347 0.497
 $ : num [1, 1, 1:2] 8.11 7.26
NULL
R priorParameters: 2 8 
R maxT: 1 
R_PriorDraw_first_mu: 0.6596433 
R_PriorDraw_first_nu: 1.528155 
R-CCU: Before ClusterLabelChange for i = 92 newLabel= 1 currentLabel= 1 
R-CCU: sum(pointsPerCluster) = 691 
 num [1:2] 688 3
NULL
R-CCU: After ClusterLabelChange for i = 92 
R-CCU: sum(pointsPerCluster) = 692 
 num [1:2] 689 3
NULL
R-CCU: dpObj$numberClusters = 2 
List of 2
 $ : num [1, 1, 1:2] 0.347 0.497
 $ : num [1, 1, 1:2] 8.11 7.26
NULL
R priorParameters: 2 8 
R maxT: 1 
R_PriorDraw_first_mu: 0.9869498 
R_PriorDraw_first_nu: 3.270493 
R-CCU: Before ClusterLabelChange for i = 93 newLabel= 1 currentLabel= 1 
R-CCU: sum(pointsPerCluster) = 692 
 num [1:2] 689 3
NULL
R-CCU: After ClusterLabelChange for i = 93 
R-CCU: sum(pointsPerCluster) = 693 
 num [1:2] 690 3
NULL
R-CCU: dpObj$numberClusters = 2 
List of 2
 $ : num [1, 1, 1:2] 0.347 0.497
 $ : num [1, 1, 1:2] 8.11 7.26
NULL
R priorParameters: 2 8 
R maxT: 1 
R_PriorDraw_first_mu: 0.7794874 
R_PriorDraw_first_nu: 9.499254 
R-CCU: Before ClusterLabelChange for i = 94 newLabel= 1 currentLabel= 1 
R-CCU: sum(pointsPerCluster) = 693 
 num [1:2] 690 3
NULL
R-CCU: After ClusterLabelChange for i = 94 
R-CCU: sum(pointsPerCluster) = 694 
 num [1:2] 691 3
NULL
R-CCU: dpObj$numberClusters = 2 
List of 2
 $ : num [1, 1, 1:2] 0.347 0.497
 $ : num [1, 1, 1:2] 8.11 7.26
NULL
R priorParameters: 2 8 
R maxT: 1 
R_PriorDraw_first_mu: 0.07982865 
R_PriorDraw_first_nu: 0.9458698 
R-CCU: Before ClusterLabelChange for i = 95 newLabel= 1 currentLabel= 1 
R-CCU: sum(pointsPerCluster) = 694 
 num [1:2] 691 3
NULL
R-CCU: After ClusterLabelChange for i = 95 
R-CCU: sum(pointsPerCluster) = 695 
 num [1:2] 692 3
NULL
R-CCU: dpObj$numberClusters = 2 
List of 2
 $ : num [1, 1, 1:2] 0.347 0.497
 $ : num [1, 1, 1:2] 8.11 7.26
NULL
R priorParameters: 2 8 
R maxT: 1 
R_PriorDraw_first_mu: 0.08606486 
R_PriorDraw_first_nu: 25.52742 
R-CCU: Before ClusterLabelChange for i = 96 newLabel= 1 currentLabel= 2 
R-CCU: sum(pointsPerCluster) = 695 
 num [1:2] 692 3
NULL
R-CCU: After ClusterLabelChange for i = 96 
R-CCU: sum(pointsPerCluster) = 696 
 num [1:2] 693 3
NULL
R-CCU: dpObj$numberClusters = 2 
List of 2
 $ : num [1, 1, 1:2] 0.347 0.497
 $ : num [1, 1, 1:2] 8.11 7.26
NULL
R priorParameters: 2 8 
R maxT: 1 
R_PriorDraw_first_mu: 0.8685844 
R_PriorDraw_first_nu: 4.661696 
R-CCU: Before ClusterLabelChange for i = 97 newLabel= 1 currentLabel= 1 
R-CCU: sum(pointsPerCluster) = 696 
 num [1:2] 693 3
NULL
R-CCU: After ClusterLabelChange for i = 97 
R-CCU: sum(pointsPerCluster) = 697 
 num [1:2] 694 3
NULL
R-CCU: dpObj$numberClusters = 2 
List of 2
 $ : num [1, 1, 1:2] 0.347 0.497
 $ : num [1, 1, 1:2] 8.11 7.26
NULL
R priorParameters: 2 8 
R maxT: 1 
R_PriorDraw_first_mu: 0.560961 
R_PriorDraw_first_nu: 9.427275 
R-CCU: Before ClusterLabelChange for i = 98 newLabel= 1 currentLabel= 1 
R-CCU: sum(pointsPerCluster) = 697 
 num [1:2] 694 3
NULL
R-CCU: After ClusterLabelChange for i = 98 
R-CCU: sum(pointsPerCluster) = 698 
 num [1:2] 695 3
NULL
R-CCU: dpObj$numberClusters = 2 
List of 2
 $ : num [1, 1, 1:2] 0.347 0.497
 $ : num [1, 1, 1:2] 8.11 7.26
NULL
R priorParameters: 2 8 
R maxT: 1 
R_PriorDraw_first_mu: 0.4368373 
R_PriorDraw_first_nu: 2.221162 
R-CCU: Before ClusterLabelChange for i = 99 newLabel= 1 currentLabel= 1 
R-CCU: sum(pointsPerCluster) = 698 
 num [1:2] 695 3
NULL
R-CCU: After ClusterLabelChange for i = 99 
R-CCU: sum(pointsPerCluster) = 699 
 num [1:2] 696 3
NULL
R-CCU: dpObj$numberClusters = 2 
List of 2
 $ : num [1, 1, 1:2] 0.347 0.497
 $ : num [1, 1, 1:2] 8.11 7.26
NULL
R priorParameters: 2 8 
R maxT: 1 
R_PriorDraw_first_mu: 0.4696502 
R_PriorDraw_first_nu: 23.36557 
R-CCU: Before ClusterLabelChange for i = 100 newLabel= 1 currentLabel= 1 
R-CCU: sum(pointsPerCluster) = 699 
 num [1:2] 696 3
NULL
R-CCU: After ClusterLabelChange for i = 100 
R-CCU: sum(pointsPerCluster) = 700 
 num [1:2] 697 3
NULL
R-CCU: dpObj$numberClusters = 2 
List of 2
 $ : num [1, 1, 1:2] 0.347 0.497
 $ : num [1, 1, 1:2] 8.11 7.26
NULL

⠧ | 1 112      5 | Beta Distribution Full Integration Test         
⠇ | 1 113      5 | Beta Distribution Full Integration Test         R priorParameters: 2 8 
R maxT: 1 
R_PriorDraw_first_mu: 0.2259325 
R_PriorDraw_first_nu: 5.0581 
R-CCU: Before ClusterLabelChange for i = 1 newLabel= 1 currentLabel= 1 
R-CCU: sum(pointsPerCluster) = 700 
 num [1:2] 697 3
NULL
R-CCU: After ClusterLabelChange for i = 1 
R-CCU: sum(pointsPerCluster) = 701 
 num [1:2] 698 3
NULL
R-CCU: dpObj$numberClusters = 2 
List of 2
 $ : num [1, 1, 1:2] 0.334 0.395
 $ : num [1, 1, 1:2] 9.15 5.35
NULL
R priorParameters: 2 8 
R maxT: 1 
R_PriorDraw_first_mu: 0.3359876 
R_PriorDraw_first_nu: 3.342484 
R-CCU: Before ClusterLabelChange for i = 2 newLabel= 1 currentLabel= 1 
R-CCU: sum(pointsPerCluster) = 701 
 num [1:2] 698 3
NULL
R-CCU: After ClusterLabelChange for i = 2 
R-CCU: sum(pointsPerCluster) = 702 
 num [1:2] 699 3
NULL
R-CCU: dpObj$numberClusters = 2 
List of 2
 $ : num [1, 1, 1:2] 0.334 0.395
 $ : num [1, 1, 1:2] 9.15 5.35
NULL
R priorParameters: 2 8 
R maxT: 1 
R_PriorDraw_first_mu: 0.5588821 
R_PriorDraw_first_nu: 5.396368 
R-CCU: Before ClusterLabelChange for i = 3 newLabel= 1 currentLabel= 1 
R-CCU: sum(pointsPerCluster) = 702 
 num [1:2] 699 3
NULL
R-CCU: After ClusterLabelChange for i = 3 
R-CCU: sum(pointsPerCluster) = 703 
 num [1:2] 700 3
NULL
R-CCU: dpObj$numberClusters = 2 
List of 2
 $ : num [1, 1, 1:2] 0.334 0.395
 $ : num [1, 1, 1:2] 9.15 5.35
NULL
R priorParameters: 2 8 
R maxT: 1 
R_PriorDraw_first_mu: 0.9333628 
R_PriorDraw_first_nu: 5.151987 
R-CCU: Before ClusterLabelChange for i = 4 newLabel= 1 currentLabel= 1 
R-CCU: sum(pointsPerCluster) = 703 
 num [1:2] 700 3
NULL
R-CCU: After ClusterLabelChange for i = 4 
R-CCU: sum(pointsPerCluster) = 704 
 num [1:2] 701 3
NULL
R-CCU: dpObj$numberClusters = 2 
List of 2
 $ : num [1, 1, 1:2] 0.334 0.395
 $ : num [1, 1, 1:2] 9.15 5.35
NULL
R priorParameters: 2 8 
R maxT: 1 
R_PriorDraw_first_mu: 0.8743553 
R_PriorDraw_first_nu: 13.84547 
R-CCU: Before ClusterLabelChange for i = 5 newLabel= 1 currentLabel= 1 
R-CCU: sum(pointsPerCluster) = 704 
 num [1:2] 701 3
NULL
R-CCU: After ClusterLabelChange for i = 5 
R-CCU: sum(pointsPerCluster) = 705 
 num [1:2] 702 3
NULL
R-CCU: dpObj$numberClusters = 2 
List of 2
 $ : num [1, 1, 1:2] 0.334 0.395
 $ : num [1, 1, 1:2] 9.15 5.35
NULL
R priorParameters: 2 8 
R maxT: 1 
R_PriorDraw_first_mu: 0.9259176 
R_PriorDraw_first_nu: 3.1357 
R-CCU: Before ClusterLabelChange for i = 6 newLabel= 1 currentLabel= 1 
R-CCU: sum(pointsPerCluster) = 705 
 num [1:2] 702 3
NULL
R-CCU: After ClusterLabelChange for i = 6 
R-CCU: sum(pointsPerCluster) = 706 
 num [1:2] 703 3
NULL
R-CCU: dpObj$numberClusters = 2 
List of 2
 $ : num [1, 1, 1:2] 0.334 0.395
 $ : num [1, 1, 1:2] 9.15 5.35
NULL
R priorParameters: 2 8 
R maxT: 1 
R_PriorDraw_first_mu: 0.8456563 
R_PriorDraw_first_nu: 1.612222 
R-CCU: Before ClusterLabelChange for i = 7 newLabel= 1 currentLabel= 1 
R-CCU: sum(pointsPerCluster) = 706 
 num [1:2] 703 3
NULL
R-CCU: After ClusterLabelChange for i = 7 
R-CCU: sum(pointsPerCluster) = 707 
 num [1:2] 704 3
NULL
R-CCU: dpObj$numberClusters = 2 
List of 2
 $ : num [1, 1, 1:2] 0.334 0.395
 $ : num [1, 1, 1:2] 9.15 5.35
NULL
R priorParameters: 2 8 
R maxT: 1 
R_PriorDraw_first_mu: 0.2414197 
R_PriorDraw_first_nu: 7.306806 
R-CCU: Before ClusterLabelChange for i = 8 newLabel= 1 currentLabel= 1 
R-CCU: sum(pointsPerCluster) = 707 
 num [1:2] 704 3
NULL
R-CCU: After ClusterLabelChange for i = 8 
R-CCU: sum(pointsPerCluster) = 708 
 num [1:2] 705 3
NULL
R-CCU: dpObj$numberClusters = 2 
List of 2
 $ : num [1, 1, 1:2] 0.334 0.395
 $ : num [1, 1, 1:2] 9.15 5.35
NULL
R priorParameters: 2 8 
R maxT: 1 
R_PriorDraw_first_mu: 0.5990148 
R_PriorDraw_first_nu: 2.725135 
R-CCU: Before ClusterLabelChange for i = 9 newLabel= 1 currentLabel= 1 
R-CCU: sum(pointsPerCluster) = 708 
 num [1:2] 705 3
NULL
R-CCU: After ClusterLabelChange for i = 9 
R-CCU: sum(pointsPerCluster) = 709 
 num [1:2] 706 3
NULL
R-CCU: dpObj$numberClusters = 2 
List of 2
 $ : num [1, 1, 1:2] 0.334 0.395
 $ : num [1, 1, 1:2] 9.15 5.35
NULL
R priorParameters: 2 8 
R maxT: 1 
R_PriorDraw_first_mu: 0.2209966 
R_PriorDraw_first_nu: 2.49565 
R-CCU: Before ClusterLabelChange for i = 10 newLabel= 1 currentLabel= 1 
R-CCU: sum(pointsPerCluster) = 709 
 num [1:2] 706 3
NULL
R-CCU: After ClusterLabelChange for i = 10 
R-CCU: sum(pointsPerCluster) = 710 
 num [1:2] 707 3
NULL
R-CCU: dpObj$numberClusters = 2 
List of 2
 $ : num [1, 1, 1:2] 0.334 0.395
 $ : num [1, 1, 1:2] 9.15 5.35
NULL
R priorParameters: 2 8 
R maxT: 1 
R_PriorDraw_first_mu: 0.1371143 
R_PriorDraw_first_nu: 15.91956 
R-CCU: Before ClusterLabelChange for i = 11 newLabel= 1 currentLabel= 1 
R-CCU: sum(pointsPerCluster) = 710 
 num [1:2] 707 3
NULL
R-CCU: After ClusterLabelChange for i = 11 
R-CCU: sum(pointsPerCluster) = 711 
 num [1:2] 708 3
NULL
R-CCU: dpObj$numberClusters = 2 
List of 2
 $ : num [1, 1, 1:2] 0.334 0.395
 $ : num [1, 1, 1:2] 9.15 5.35
NULL
R priorParameters: 2 8 
R maxT: 1 
R_PriorDraw_first_mu: 0.4310002 
R_PriorDraw_first_nu: 10.68961 
R-CCU: Before ClusterLabelChange for i = 12 newLabel= 1 currentLabel= 1 
R-CCU: sum(pointsPerCluster) = 711 
 num [1:2] 708 3
NULL
R-CCU: After ClusterLabelChange for i = 12 
R-CCU: sum(pointsPerCluster) = 712 
 num [1:2] 709 3
NULL
R-CCU: dpObj$numberClusters = 2 
List of 2
 $ : num [1, 1, 1:2] 0.334 0.395
 $ : num [1, 1, 1:2] 9.15 5.35
NULL
R priorParameters: 2 8 
R maxT: 1 
R_PriorDraw_first_mu: 0.3782883 
R_PriorDraw_first_nu: 5.481023 
R-CCU: Before ClusterLabelChange for i = 13 newLabel= 1 currentLabel= 1 
R-CCU: sum(pointsPerCluster) = 712 
 num [1:2] 709 3
NULL
R-CCU: After ClusterLabelChange for i = 13 
R-CCU: sum(pointsPerCluster) = 713 
 num [1:2] 710 3
NULL
R-CCU: dpObj$numberClusters = 2 
List of 2
 $ : num [1, 1, 1:2] 0.334 0.395
 $ : num [1, 1, 1:2] 9.15 5.35
NULL
R priorParameters: 2 8 
R maxT: 1 
R_PriorDraw_first_mu: 0.4519291 
R_PriorDraw_first_nu: 1.485873 
R-CCU: Before ClusterLabelChange for i = 14 newLabel= 1 currentLabel= 1 
R-CCU: sum(pointsPerCluster) = 713 
 num [1:2] 710 3
NULL
R-CCU: After ClusterLabelChange for i = 14 
R-CCU: sum(pointsPerCluster) = 714 
 num [1:2] 711 3
NULL
R-CCU: dpObj$numberClusters = 2 
List of 2
 $ : num [1, 1, 1:2] 0.334 0.395
 $ : num [1, 1, 1:2] 9.15 5.35
NULL
R priorParameters: 2 8 
R maxT: 1 
R_PriorDraw_first_mu: 0.5387933 
R_PriorDraw_first_nu: 3.301797 
R-CCU: Before ClusterLabelChange for i = 15 newLabel= 1 currentLabel= 1 
R-CCU: sum(pointsPerCluster) = 714 
 num [1:2] 711 3
NULL
R-CCU: After ClusterLabelChange for i = 15 
R-CCU: sum(pointsPerCluster) = 715 
 num [1:2] 712 3
NULL
R-CCU: dpObj$numberClusters = 2 
List of 2
 $ : num [1, 1, 1:2] 0.334 0.395
 $ : num [1, 1, 1:2] 9.15 5.35
NULL
R priorParameters: 2 8 
R maxT: 1 
R_PriorDraw_first_mu: 0.2628839 
R_PriorDraw_first_nu: 4.503788 
R-CCU: Before ClusterLabelChange for i = 16 newLabel= 1 currentLabel= 1 
R-CCU: sum(pointsPerCluster) = 715 
 num [1:2] 712 3
NULL
R-CCU: After ClusterLabelChange for i = 16 
R-CCU: sum(pointsPerCluster) = 716 
 num [1:2] 713 3
NULL
R-CCU: dpObj$numberClusters = 2 
List of 2
 $ : num [1, 1, 1:2] 0.334 0.395
 $ : num [1, 1, 1:2] 9.15 5.35
NULL
R priorParameters: 2 8 
R maxT: 1 
R_PriorDraw_first_mu: 0.2105083 
R_PriorDraw_first_nu: 3.748675 
R-CCU: Before ClusterLabelChange for i = 17 newLabel= 1 currentLabel= 1 
R-CCU: sum(pointsPerCluster) = 716 
 num [1:2] 713 3
NULL
R-CCU: After ClusterLabelChange for i = 17 
R-CCU: sum(pointsPerCluster) = 717 
 num [1:2] 714 3
NULL
R-CCU: dpObj$numberClusters = 2 
List of 2
 $ : num [1, 1, 1:2] 0.334 0.395
 $ : num [1, 1, 1:2] 9.15 5.35
NULL
R priorParameters: 2 8 
R maxT: 1 
R_PriorDraw_first_mu: 0.205855 
R_PriorDraw_first_nu: 4.964662 
R-CCU: Before ClusterLabelChange for i = 18 newLabel= 1 currentLabel= 1 
R-CCU: sum(pointsPerCluster) = 717 
 num [1:2] 714 3
NULL
R-CCU: After ClusterLabelChange for i = 18 
R-CCU: sum(pointsPerCluster) = 718 
 num [1:2] 715 3
NULL
R-CCU: dpObj$numberClusters = 2 
List of 2
 $ : num [1, 1, 1:2] 0.334 0.395
 $ : num [1, 1, 1:2] 9.15 5.35
NULL
R priorParameters: 2 8 
R maxT: 1 
R_PriorDraw_first_mu: 0.6349629 
R_PriorDraw_first_nu: 3.571512 
R-CCU: Before ClusterLabelChange for i = 19 newLabel= 1 currentLabel= 1 
R-CCU: sum(pointsPerCluster) = 718 
 num [1:2] 715 3
NULL
R-CCU: After ClusterLabelChange for i = 19 
R-CCU: sum(pointsPerCluster) = 719 
 num [1:2] 716 3
NULL
R-CCU: dpObj$numberClusters = 2 
List of 2
 $ : num [1, 1, 1:2] 0.334 0.395
 $ : num [1, 1, 1:2] 9.15 5.35
NULL
R priorParameters: 2 8 
R maxT: 1 
R_PriorDraw_first_mu: 0.05699296 
R_PriorDraw_first_nu: 5.842258 
R-CCU: Before ClusterLabelChange for i = 20 newLabel= 1 currentLabel= 1 
R-CCU: sum(pointsPerCluster) = 719 
 num [1:2] 716 3
NULL
R-CCU: After ClusterLabelChange for i = 20 
R-CCU: sum(pointsPerCluster) = 720 
 num [1:2] 717 3
NULL
R-CCU: dpObj$numberClusters = 2 
List of 2
 $ : num [1, 1, 1:2] 0.334 0.395
 $ : num [1, 1, 1:2] 9.15 5.35
NULL
R priorParameters: 2 8 
R maxT: 1 
R_PriorDraw_first_mu: 0.8783502 
R_PriorDraw_first_nu: 2.89883 
R-CCU: Before ClusterLabelChange for i = 21 newLabel= 1 currentLabel= 1 
R-CCU: sum(pointsPerCluster) = 720 
 num [1:2] 717 3
NULL
R-CCU: After ClusterLabelChange for i = 21 
R-CCU: sum(pointsPerCluster) = 721 
 num [1:2] 718 3
NULL
R-CCU: dpObj$numberClusters = 2 
List of 2
 $ : num [1, 1, 1:2] 0.334 0.395
 $ : num [1, 1, 1:2] 9.15 5.35
NULL
R priorParameters: 2 8 
R maxT: 1 
R_PriorDraw_first_mu: 0.4285207 
R_PriorDraw_first_nu: 2.882644 
R-CCU: Before ClusterLabelChange for i = 22 newLabel= 1 currentLabel= 1 
R-CCU: sum(pointsPerCluster) = 721 
 num [1:2] 718 3
NULL
R-CCU: After ClusterLabelChange for i = 22 
R-CCU: sum(pointsPerCluster) = 722 
 num [1:2] 719 3
NULL
R-CCU: dpObj$numberClusters = 2 
List of 2
 $ : num [1, 1, 1:2] 0.334 0.395
 $ : num [1, 1, 1:2] 9.15 5.35
NULL
R priorParameters: 2 8 
R maxT: 1 
R_PriorDraw_first_mu: 0.01800611 
R_PriorDraw_first_nu: 1.030307 
R-CCU: Before ClusterLabelChange for i = 23 newLabel= 1 currentLabel= 1 
R-CCU: sum(pointsPerCluster) = 722 
 num [1:2] 719 3
NULL
R-CCU: After ClusterLabelChange for i = 23 
R-CCU: sum(pointsPerCluster) = 723 
 num [1:2] 720 3
NULL
R-CCU: dpObj$numberClusters = 2 
List of 2
 $ : num [1, 1, 1:2] 0.334 0.395
 $ : num [1, 1, 1:2] 9.15 5.35
NULL
R priorParameters: 2 8 
R maxT: 1 
R_PriorDraw_first_mu: 0.5333045 
R_PriorDraw_first_nu: 4.991953 
R-CCU: Before ClusterLabelChange for i = 24 newLabel= 1 currentLabel= 1 
R-CCU: sum(pointsPerCluster) = 723 
 num [1:2] 720 3
NULL
R-CCU: After ClusterLabelChange for i = 24 
R-CCU: sum(pointsPerCluster) = 724 
 num [1:2] 721 3
NULL
R-CCU: dpObj$numberClusters = 2 
List of 2
 $ : num [1, 1, 1:2] 0.334 0.395
 $ : num [1, 1, 1:2] 9.15 5.35
NULL
R priorParameters: 2 8 
R maxT: 1 
R_PriorDraw_first_mu: 0.2351028 
R_PriorDraw_first_nu: 17.06953 
R-CCU: Before ClusterLabelChange for i = 25 newLabel= 1 currentLabel= 1 
R-CCU: sum(pointsPerCluster) = 724 
 num [1:2] 721 3
NULL
R-CCU: After ClusterLabelChange for i = 25 
R-CCU: sum(pointsPerCluster) = 725 
 num [1:2] 722 3
NULL
R-CCU: dpObj$numberClusters = 2 
List of 2
 $ : num [1, 1, 1:2] 0.334 0.395
 $ : num [1, 1, 1:2] 9.15 5.35
NULL
R priorParameters: 2 8 
R maxT: 1 
R_PriorDraw_first_mu: 0.4627181 
R_PriorDraw_first_nu: 16.73996 
R-CCU: Before ClusterLabelChange for i = 26 newLabel= 1 currentLabel= 1 
R-CCU: sum(pointsPerCluster) = 725 
 num [1:2] 722 3
NULL
R-CCU: After ClusterLabelChange for i = 26 
R-CCU: sum(pointsPerCluster) = 726 
 num [1:2] 723 3
NULL
R-CCU: dpObj$numberClusters = 2 
List of 2
 $ : num [1, 1, 1:2] 0.334 0.395
 $ : num [1, 1, 1:2] 9.15 5.35
NULL
R priorParameters: 2 8 
R maxT: 1 
R_PriorDraw_first_mu: 0.5007189 
R_PriorDraw_first_nu: 6.770603 
R-CCU: Before ClusterLabelChange for i = 27 newLabel= 1 currentLabel= 1 
R-CCU: sum(pointsPerCluster) = 726 
 num [1:2] 723 3
NULL
R-CCU: After ClusterLabelChange for i = 27 
R-CCU: sum(pointsPerCluster) = 727 
 num [1:2] 724 3
NULL
R-CCU: dpObj$numberClusters = 2 
List of 2
 $ : num [1, 1, 1:2] 0.334 0.395
 $ : num [1, 1, 1:2] 9.15 5.35
NULL
R priorParameters: 2 8 
R maxT: 1 
R_PriorDraw_first_mu: 0.2907621 
R_PriorDraw_first_nu: 6.998727 
R-CCU: Before ClusterLabelChange for i = 28 newLabel= 1 currentLabel= 1 
R-CCU: sum(pointsPerCluster) = 727 
 num [1:2] 724 3
NULL
R-CCU: After ClusterLabelChange for i = 28 
R-CCU: sum(pointsPerCluster) = 728 
 num [1:2] 725 3
NULL
R-CCU: dpObj$numberClusters = 2 
List of 2
 $ : num [1, 1, 1:2] 0.334 0.395
 $ : num [1, 1, 1:2] 9.15 5.35
NULL
R priorParameters: 2 8 
R maxT: 1 
R_PriorDraw_first_mu: 0.6151746 
R_PriorDraw_first_nu: 4.580694 
R-CCU: Before ClusterLabelChange for i = 29 newLabel= 1 currentLabel= 1 
R-CCU: sum(pointsPerCluster) = 728 
 num [1:2] 725 3
NULL
R-CCU: After ClusterLabelChange for i = 29 
R-CCU: sum(pointsPerCluster) = 729 
 num [1:2] 726 3
NULL
R-CCU: dpObj$numberClusters = 2 
List of 2
 $ : num [1, 1, 1:2] 0.334 0.395
 $ : num [1, 1, 1:2] 9.15 5.35
NULL
R priorParameters: 2 8 
R maxT: 1 
R_PriorDraw_first_mu: 0.7947474 
R_PriorDraw_first_nu: 31.43983 
R-CCU: Before ClusterLabelChange for i = 30 newLabel= 1 currentLabel= 1 
R-CCU: sum(pointsPerCluster) = 729 
 num [1:2] 726 3
NULL
R-CCU: After ClusterLabelChange for i = 30 
R-CCU: sum(pointsPerCluster) = 730 
 num [1:2] 727 3
NULL
R-CCU: dpObj$numberClusters = 2 
List of 2
 $ : num [1, 1, 1:2] 0.334 0.395
 $ : num [1, 1, 1:2] 9.15 5.35
NULL
R priorParameters: 2 8 
R maxT: 1 
R_PriorDraw_first_mu: 0.4718627 
R_PriorDraw_first_nu: 6.686197 
R-CCU: Before ClusterLabelChange for i = 31 newLabel= 1 currentLabel= 1 
R-CCU: sum(pointsPerCluster) = 730 
 num [1:2] 727 3
NULL
R-CCU: After ClusterLabelChange for i = 31 
R-CCU: sum(pointsPerCluster) = 731 
 num [1:2] 728 3
NULL
R-CCU: dpObj$numberClusters = 2 
List of 2
 $ : num [1, 1, 1:2] 0.334 0.395
 $ : num [1, 1, 1:2] 9.15 5.35
NULL
R priorParameters: 2 8 
R maxT: 1 
R_PriorDraw_first_mu: 0.7753669 
R_PriorDraw_first_nu: 3.890737 
R-CCU: Before ClusterLabelChange for i = 32 newLabel= 1 currentLabel= 1 
R-CCU: sum(pointsPerCluster) = 731 
 num [1:2] 728 3
NULL
R-CCU: After ClusterLabelChange for i = 32 
R-CCU: sum(pointsPerCluster) = 732 
 num [1:2] 729 3
NULL
R-CCU: dpObj$numberClusters = 2 
List of 2
 $ : num [1, 1, 1:2] 0.334 0.395
 $ : num [1, 1, 1:2] 9.15 5.35
NULL
R priorParameters: 2 8 
R maxT: 1 
R_PriorDraw_first_mu: 0.6712742 
R_PriorDraw_first_nu: 13.61709 
R-CCU: Before ClusterLabelChange for i = 33 newLabel= 1 currentLabel= 1 
R-CCU: sum(pointsPerCluster) = 732 
 num [1:2] 729 3
NULL
R-CCU: After ClusterLabelChange for i = 33 
R-CCU: sum(pointsPerCluster) = 733 
 num [1:2] 730 3
NULL
R-CCU: dpObj$numberClusters = 2 
List of 2
 $ : num [1, 1, 1:2] 0.334 0.395
 $ : num [1, 1, 1:2] 9.15 5.35
NULL
R priorParameters: 2 8 
R maxT: 1 
R_PriorDraw_first_mu: 0.3267061 
R_PriorDraw_first_nu: 8.553442 
R-CCU: Before ClusterLabelChange for i = 34 newLabel= 1 currentLabel= 1 
R-CCU: sum(pointsPerCluster) = 733 
 num [1:2] 730 3
NULL
R-CCU: After ClusterLabelChange for i = 34 
R-CCU: sum(pointsPerCluster) = 734 
 num [1:2] 731 3
NULL
R-CCU: dpObj$numberClusters = 2 
List of 2
 $ : num [1, 1, 1:2] 0.334 0.395
 $ : num [1, 1, 1:2] 9.15 5.35
NULL
R priorParameters: 2 8 
R maxT: 1 
R_PriorDraw_first_mu: 0.9664331 
R_PriorDraw_first_nu: 4.346878 
R-CCU: Before ClusterLabelChange for i = 35 newLabel= 1 currentLabel= 1 
R-CCU: sum(pointsPerCluster) = 734 
 num [1:2] 731 3
NULL
R-CCU: After ClusterLabelChange for i = 35 
R-CCU: sum(pointsPerCluster) = 735 
 num [1:2] 732 3
NULL
R-CCU: dpObj$numberClusters = 2 
List of 2
 $ : num [1, 1, 1:2] 0.334 0.395
 $ : num [1, 1, 1:2] 9.15 5.35
NULL
R priorParameters: 2 8 
R maxT: 1 
R_PriorDraw_first_mu: 0.1795822 
R_PriorDraw_first_nu: 3.912744 
R-CCU: Before ClusterLabelChange for i = 36 newLabel= 1 currentLabel= 1 
R-CCU: sum(pointsPerCluster) = 735 
 num [1:2] 732 3
NULL
R-CCU: After ClusterLabelChange for i = 36 
R-CCU: sum(pointsPerCluster) = 736 
 num [1:2] 733 3
NULL
R-CCU: dpObj$numberClusters = 2 
List of 2
 $ : num [1, 1, 1:2] 0.334 0.395
 $ : num [1, 1, 1:2] 9.15 5.35
NULL
R priorParameters: 2 8 
R maxT: 1 
R_PriorDraw_first_mu: 0.01310774 
R_PriorDraw_first_nu: 8.477325 
R-CCU: Before ClusterLabelChange for i = 37 newLabel= 1 currentLabel= 1 
R-CCU: sum(pointsPerCluster) = 736 
 num [1:2] 733 3
NULL
R-CCU: After ClusterLabelChange for i = 37 
R-CCU: sum(pointsPerCluster) = 737 
 num [1:2] 734 3
NULL
R-CCU: dpObj$numberClusters = 2 
List of 2
 $ : num [1, 1, 1:2] 0.334 0.395
 $ : num [1, 1, 1:2] 9.15 5.35
NULL
R priorParameters: 2 8 
R maxT: 1 
R_PriorDraw_first_mu: 0.1005063 
R_PriorDraw_first_nu: 1.367266 
R-CCU: Before ClusterLabelChange for i = 38 newLabel= 1 currentLabel= 1 
R-CCU: sum(pointsPerCluster) = 737 
 num [1:2] 734 3
NULL
R-CCU: After ClusterLabelChange for i = 38 
R-CCU: sum(pointsPerCluster) = 738 
 num [1:2] 735 3
NULL
R-CCU: dpObj$numberClusters = 2 
List of 2
 $ : num [1, 1, 1:2] 0.334 0.395
 $ : num [1, 1, 1:2] 9.15 5.35
NULL
R priorParameters: 2 8 
R maxT: 1 
R_PriorDraw_first_mu: 0.6117927 
R_PriorDraw_first_nu: 22.96253 
R-CCU: Before ClusterLabelChange for i = 39 newLabel= 1 currentLabel= 1 
R-CCU: sum(pointsPerCluster) = 738 
 num [1:2] 735 3
NULL
R-CCU: After ClusterLabelChange for i = 39 
R-CCU: sum(pointsPerCluster) = 739 
 num [1:2] 736 3
NULL
R-CCU: dpObj$numberClusters = 2 
List of 2
 $ : num [1, 1, 1:2] 0.334 0.395
 $ : num [1, 1, 1:2] 9.15 5.35
NULL
R priorParameters: 2 8 
R maxT: 1 
R_PriorDraw_first_mu: 0.4007407 
R_PriorDraw_first_nu: 3.886572 
R-CCU: Before ClusterLabelChange for i = 40 newLabel= 1 currentLabel= 1 
R-CCU: sum(pointsPerCluster) = 739 
 num [1:2] 736 3
NULL
R-CCU: After ClusterLabelChange for i = 40 
R-CCU: sum(pointsPerCluster) = 740 
 num [1:2] 737 3
NULL
R-CCU: dpObj$numberClusters = 2 
List of 2
 $ : num [1, 1, 1:2] 0.334 0.395
 $ : num [1, 1, 1:2] 9.15 5.35
NULL
R priorParameters: 2 8 
R maxT: 1 
R_PriorDraw_first_mu: 0.6676941 
R_PriorDraw_first_nu: 4.038741 
R-CCU: Before ClusterLabelChange for i = 41 newLabel= 1 currentLabel= 1 
R-CCU: sum(pointsPerCluster) = 740 
 num [1:2] 737 3
NULL
R-CCU: After ClusterLabelChange for i = 41 
R-CCU: sum(pointsPerCluster) = 741 
 num [1:2] 738 3
NULL
R-CCU: dpObj$numberClusters = 2 
List of 2
 $ : num [1, 1, 1:2] 0.334 0.395
 $ : num [1, 1, 1:2] 9.15 5.35
NULL
R priorParameters: 2 8 
R maxT: 1 
R_PriorDraw_first_mu: 0.7591505 
R_PriorDraw_first_nu: 2.272937 
R-CCU: Before ClusterLabelChange for i = 42 newLabel= 1 currentLabel= 1 
R-CCU: sum(pointsPerCluster) = 741 
 num [1:2] 738 3
NULL
R-CCU: After ClusterLabelChange for i = 42 
R-CCU: sum(pointsPerCluster) = 742 
 num [1:2] 739 3
NULL
R-CCU: dpObj$numberClusters = 2 
List of 2
 $ : num [1, 1, 1:2] 0.334 0.395
 $ : num [1, 1, 1:2] 9.15 5.35
NULL
R priorParameters: 2 8 
R maxT: 1 
R_PriorDraw_first_mu: 0.4161602 
R_PriorDraw_first_nu: 24.47639 
R-CCU: Before ClusterLabelChange for i = 43 newLabel= 1 currentLabel= 1 
R-CCU: sum(pointsPerCluster) = 742 
 num [1:2] 739 3
NULL
R-CCU: After ClusterLabelChange for i = 43 
R-CCU: sum(pointsPerCluster) = 743 
 num [1:2] 740 3
NULL
R-CCU: dpObj$numberClusters = 2 
List of 2
 $ : num [1, 1, 1:2] 0.334 0.395
 $ : num [1, 1, 1:2] 9.15 5.35
NULL
R priorParameters: 2 8 
R maxT: 1 
R_PriorDraw_first_mu: 0.547447 
R_PriorDraw_first_nu: 2.180668 
R-CCU: Before ClusterLabelChange for i = 44 newLabel= 1 currentLabel= 1 
R-CCU: sum(pointsPerCluster) = 743 
 num [1:2] 740 3
NULL
R-CCU: After ClusterLabelChange for i = 44 
R-CCU: sum(pointsPerCluster) = 744 
 num [1:2] 741 3
NULL
R-CCU: dpObj$numberClusters = 2 
List of 2
 $ : num [1, 1, 1:2] 0.334 0.395
 $ : num [1, 1, 1:2] 9.15 5.35
NULL
R priorParameters: 2 8 
R maxT: 1 
R_PriorDraw_first_mu: 0.7119907 
R_PriorDraw_first_nu: 6.397635 
R-CCU: Before ClusterLabelChange for i = 45 newLabel= 1 currentLabel= 1 
R-CCU: sum(pointsPerCluster) = 744 
 num [1:2] 741 3
NULL
R-CCU: After ClusterLabelChange for i = 45 
R-CCU: sum(pointsPerCluster) = 745 
 num [1:2] 742 3
NULL
R-CCU: dpObj$numberClusters = 2 
List of 2
 $ : num [1, 1, 1:2] 0.334 0.395
 $ : num [1, 1, 1:2] 9.15 5.35
NULL
R priorParameters: 2 8 
R maxT: 1 
R_PriorDraw_first_mu: 0.1222812 
R_PriorDraw_first_nu: 10.13257 
R-CCU: Before ClusterLabelChange for i = 46 newLabel= 1 currentLabel= 1 
R-CCU: sum(pointsPerCluster) = 745 
 num [1:2] 742 3
NULL
R-CCU: After ClusterLabelChange for i = 46 
R-CCU: sum(pointsPerCluster) = 746 
 num [1:2] 743 3
NULL
R-CCU: dpObj$numberClusters = 2 
List of 2
 $ : num [1, 1, 1:2] 0.334 0.395
 $ : num [1, 1, 1:2] 9.15 5.35
NULL
R priorParameters: 2 8 
R maxT: 1 
R_PriorDraw_first_mu: 0.4744953 
R_PriorDraw_first_nu: 3.05932 
R-CCU: Before ClusterLabelChange for i = 47 newLabel= 1 currentLabel= 1 
R-CCU: sum(pointsPerCluster) = 746 
 num [1:2] 743 3
NULL
R-CCU: After ClusterLabelChange for i = 47 
R-CCU: sum(pointsPerCluster) = 747 
 num [1:2] 744 3
NULL
R-CCU: dpObj$numberClusters = 2 
List of 2
 $ : num [1, 1, 1:2] 0.334 0.395
 $ : num [1, 1, 1:2] 9.15 5.35
NULL
R priorParameters: 2 8 
R maxT: 1 
R_PriorDraw_first_mu: 0.3758761 
R_PriorDraw_first_nu: 1.156892 
R-CCU: Before ClusterLabelChange for i = 48 newLabel= 1 currentLabel= 1 
R-CCU: sum(pointsPerCluster) = 747 
 num [1:2] 744 3
NULL
R-CCU: After ClusterLabelChange for i = 48 
R-CCU: sum(pointsPerCluster) = 748 
 num [1:2] 745 3
NULL
R-CCU: dpObj$numberClusters = 2 
List of 2
 $ : num [1, 1, 1:2] 0.334 0.395
 $ : num [1, 1, 1:2] 9.15 5.35
NULL
R priorParameters: 2 8 
R maxT: 1 
R_PriorDraw_first_mu: 0.1168999 
R_PriorDraw_first_nu: 21.06096 
R-CCU: Before ClusterLabelChange for i = 49 newLabel= 1 currentLabel= 1 
R-CCU: sum(pointsPerCluster) = 748 
 num [1:2] 745 3
NULL
R-CCU: After ClusterLabelChange for i = 49 
R-CCU: sum(pointsPerCluster) = 749 
 num [1:2] 746 3
NULL
R-CCU: dpObj$numberClusters = 2 
List of 2
 $ : num [1, 1, 1:2] 0.334 0.395
 $ : num [1, 1, 1:2] 9.15 5.35
NULL
R priorParameters: 2 8 
R maxT: 1 
R_PriorDraw_first_mu: 0.7445927 
R_PriorDraw_first_nu: 18.886 
R-CCU: Before ClusterLabelChange for i = 50 newLabel= 1 currentLabel= 1 
R-CCU: sum(pointsPerCluster) = 749 
 num [1:2] 746 3
NULL
R-CCU: After ClusterLabelChange for i = 50 
R-CCU: sum(pointsPerCluster) = 750 
 num [1:2] 747 3
NULL
R-CCU: dpObj$numberClusters = 2 
List of 2
 $ : num [1, 1, 1:2] 0.334 0.395
 $ : num [1, 1, 1:2] 9.15 5.35
NULL
R priorParameters: 2 8 
R maxT: 1 
R_PriorDraw_first_mu: 0.6671936 
R_PriorDraw_first_nu: 1.856117 
R-CCU: Before ClusterLabelChange for i = 51 newLabel= 1 currentLabel= 1 
R-CCU: sum(pointsPerCluster) = 750 
 num [1:2] 747 3
NULL
R-CCU: After ClusterLabelChange for i = 51 
R-CCU: sum(pointsPerCluster) = 751 
 num [1:2] 748 3
NULL
R-CCU: dpObj$numberClusters = 2 
List of 2
 $ : num [1, 1, 1:2] 0.334 0.395
 $ : num [1, 1, 1:2] 9.15 5.35
NULL
R priorParameters: 2 8 
R maxT: 1 
R_PriorDraw_first_mu: 0.6994172 
R_PriorDraw_first_nu: 5.223595 
R-CCU: Before ClusterLabelChange for i = 52 newLabel= 1 currentLabel= 1 
R-CCU: sum(pointsPerCluster) = 751 
 num [1:2] 748 3
NULL
R-CCU: After ClusterLabelChange for i = 52 
R-CCU: sum(pointsPerCluster) = 752 
 num [1:2] 749 3
NULL
R-CCU: dpObj$numberClusters = 2 
List of 2
 $ : num [1, 1, 1:2] 0.334 0.395
 $ : num [1, 1, 1:2] 9.15 5.35
NULL
R priorParameters: 2 8 
R maxT: 1 
R_PriorDraw_first_mu: 0.5576394 
R_PriorDraw_first_nu: 5.32419 
R-CCU: Before ClusterLabelChange for i = 53 newLabel= 1 currentLabel= 1 
R-CCU: sum(pointsPerCluster) = 752 
 num [1:2] 749 3
NULL
R-CCU: After ClusterLabelChange for i = 53 
R-CCU: sum(pointsPerCluster) = 753 
 num [1:2] 750 3
NULL
R-CCU: dpObj$numberClusters = 2 
List of 2
 $ : num [1, 1, 1:2] 0.334 0.395
 $ : num [1, 1, 1:2] 9.15 5.35
NULL
R priorParameters: 2 8 
R maxT: 1 
R_PriorDraw_first_mu: 0.9076924 
R_PriorDraw_first_nu: 2.247936 
R-CCU: Before ClusterLabelChange for i = 54 newLabel= 1 currentLabel= 1 
R-CCU: sum(pointsPerCluster) = 753 
 num [1:2] 750 3
NULL
R-CCU: After ClusterLabelChange for i = 54 
R-CCU: sum(pointsPerCluster) = 754 
 num [1:2] 751 3
NULL
R-CCU: dpObj$numberClusters = 2 
List of 2
 $ : num [1, 1, 1:2] 0.334 0.395
 $ : num [1, 1, 1:2] 9.15 5.35
NULL
R priorParameters: 2 8 
R maxT: 1 
R_PriorDraw_first_mu: 0.9596548 
R_PriorDraw_first_nu: 3.987738 
R-CCU: Before ClusterLabelChange for i = 55 newLabel= 1 currentLabel= 1 
R-CCU: sum(pointsPerCluster) = 754 
 num [1:2] 751 3
NULL
R-CCU: After ClusterLabelChange for i = 55 
R-CCU: sum(pointsPerCluster) = 755 
 num [1:2] 752 3
NULL
R-CCU: dpObj$numberClusters = 2 
List of 2
 $ : num [1, 1, 1:2] 0.334 0.395
 $ : num [1, 1, 1:2] 9.15 5.35
NULL
R priorParameters: 2 8 
R maxT: 1 
R_PriorDraw_first_mu: 0.7873509 
R_PriorDraw_first_nu: 4.891097 
R-CCU: Before ClusterLabelChange for i = 56 newLabel= 1 currentLabel= 1 
R-CCU: sum(pointsPerCluster) = 755 
 num [1:2] 752 3
NULL
R-CCU: After ClusterLabelChange for i = 56 
R-CCU: sum(pointsPerCluster) = 756 
 num [1:2] 753 3
NULL
R-CCU: dpObj$numberClusters = 2 
List of 2
 $ : num [1, 1, 1:2] 0.334 0.395
 $ : num [1, 1, 1:2] 9.15 5.35
NULL
R priorParameters: 2 8 
R maxT: 1 
R_PriorDraw_first_mu: 0.8671699 
R_PriorDraw_first_nu: 12.70996 
R-CCU: Before ClusterLabelChange for i = 57 newLabel= 1 currentLabel= 1 
R-CCU: sum(pointsPerCluster) = 756 
 num [1:2] 753 3
NULL
R-CCU: After ClusterLabelChange for i = 57 
R-CCU: sum(pointsPerCluster) = 757 
 num [1:2] 754 3
NULL
R-CCU: dpObj$numberClusters = 2 
List of 2
 $ : num [1, 1, 1:2] 0.334 0.395
 $ : num [1, 1, 1:2] 9.15 5.35
NULL
R priorParameters: 2 8 
R maxT: 1 
R_PriorDraw_first_mu: 0.02840982 
R_PriorDraw_first_nu: 5.068522 
R-CCU: Before ClusterLabelChange for i = 58 newLabel= 1 currentLabel= 1 
R-CCU: sum(pointsPerCluster) = 757 
 num [1:2] 754 3
NULL
R-CCU: After ClusterLabelChange for i = 58 
R-CCU: sum(pointsPerCluster) = 758 
 num [1:2] 755 3
NULL
R-CCU: dpObj$numberClusters = 2 
List of 2
 $ : num [1, 1, 1:2] 0.334 0.395
 $ : num [1, 1, 1:2] 9.15 5.35
NULL
R priorParameters: 2 8 
R maxT: 1 
R_PriorDraw_first_mu: 0.1338416 
R_PriorDraw_first_nu: 5.938069 
R-CCU: Before ClusterLabelChange for i = 59 newLabel= 1 currentLabel= 1 
R-CCU: sum(pointsPerCluster) = 758 
 num [1:2] 755 3
NULL
R-CCU: After ClusterLabelChange for i = 59 
R-CCU: sum(pointsPerCluster) = 759 
 num [1:2] 756 3
NULL
R-CCU: dpObj$numberClusters = 2 
List of 2
 $ : num [1, 1, 1:2] 0.334 0.395
 $ : num [1, 1, 1:2] 9.15 5.35
NULL
R priorParameters: 2 8 
R maxT: 1 
R_PriorDraw_first_mu: 0.4924402 
R_PriorDraw_first_nu: 2.572947 
R-CCU: Before ClusterLabelChange for i = 60 newLabel= 1 currentLabel= 1 
R-CCU: sum(pointsPerCluster) = 759 
 num [1:2] 756 3
NULL
R-CCU: After ClusterLabelChange for i = 60 
R-CCU: sum(pointsPerCluster) = 760 
 num [1:2] 757 3
NULL
R-CCU: dpObj$numberClusters = 2 
List of 2
 $ : num [1, 1, 1:2] 0.334 0.395
 $ : num [1, 1, 1:2] 9.15 5.35
NULL
R priorParameters: 2 8 
R maxT: 1 
R_PriorDraw_first_mu: 0.2280988 
R_PriorDraw_first_nu: 5.127268 
R-CCU: Before ClusterLabelChange for i = 61 newLabel= 1 currentLabel= 1 
R-CCU: sum(pointsPerCluster) = 760 
 num [1:2] 757 3
NULL
R-CCU: After ClusterLabelChange for i = 61 
R-CCU: sum(pointsPerCluster) = 761 
 num [1:2] 758 3
NULL
R-CCU: dpObj$numberClusters = 2 
List of 2
 $ : num [1, 1, 1:2] 0.334 0.395
 $ : num [1, 1, 1:2] 9.15 5.35
NULL
R priorParameters: 2 8 
R maxT: 1 
R_PriorDraw_first_mu: 0.3518161 
R_PriorDraw_first_nu: 2.288872 
R-CCU: Before ClusterLabelChange for i = 62 newLabel= 1 currentLabel= 1 
R-CCU: sum(pointsPerCluster) = 761 
 num [1:2] 758 3
NULL
R-CCU: After ClusterLabelChange for i = 62 
R-CCU: sum(pointsPerCluster) = 762 
 num [1:2] 759 3
NULL
R-CCU: dpObj$numberClusters = 2 
List of 2
 $ : num [1, 1, 1:2] 0.334 0.395
 $ : num [1, 1, 1:2] 9.15 5.35
NULL
R priorParameters: 2 8 
R maxT: 1 
R_PriorDraw_first_mu: 0.9294721 
R_PriorDraw_first_nu: 1.463257 
R-CCU: Before ClusterLabelChange for i = 63 newLabel= 1 currentLabel= 2 
R-CCU: sum(pointsPerCluster) = 762 
 num [1:2] 759 3
NULL
R-CCU: After ClusterLabelChange for i = 63 
R-CCU: sum(pointsPerCluster) = 763 
 num [1:2] 760 3
NULL
R-CCU: dpObj$numberClusters = 2 
List of 2
 $ : num [1, 1, 1:2] 0.334 0.395
 $ : num [1, 1, 1:2] 9.15 5.35
NULL
R priorParameters: 2 8 
R maxT: 1 
R_PriorDraw_first_mu: 0.4981139 
R_PriorDraw_first_nu: 4.914187 
R-CCU: Before ClusterLabelChange for i = 64 newLabel= 1 currentLabel= 1 
R-CCU: sum(pointsPerCluster) = 763 
 num [1:2] 760 3
NULL
R-CCU: After ClusterLabelChange for i = 64 
R-CCU: sum(pointsPerCluster) = 764 
 num [1:2] 761 3
NULL
R-CCU: dpObj$numberClusters = 2 
List of 2
 $ : num [1, 1, 1:2] 0.334 0.395
 $ : num [1, 1, 1:2] 9.15 5.35
NULL
R priorParameters: 2 8 
R maxT: 1 
R_PriorDraw_first_mu: 0.3555477 
R_PriorDraw_first_nu: 1.788805 
R-CCU: Before ClusterLabelChange for i = 65 newLabel= 1 currentLabel= 1 
R-CCU: sum(pointsPerCluster) = 764 
 num [1:2] 761 3
NULL
R-CCU: After ClusterLabelChange for i = 65 
R-CCU: sum(pointsPerCluster) = 765 
 num [1:2] 762 3
NULL
R-CCU: dpObj$numberClusters = 2 
List of 2
 $ : num [1, 1, 1:2] 0.334 0.395
 $ : num [1, 1, 1:2] 9.15 5.35
NULL
R priorParameters: 2 8 
R maxT: 1 
R_PriorDraw_first_mu: 0.6629655 
R_PriorDraw_first_nu: 34.17328 
R-CCU: Before ClusterLabelChange for i = 66 newLabel= 1 currentLabel= 1 
R-CCU: sum(pointsPerCluster) = 765 
 num [1:2] 762 3
NULL
R-CCU: After ClusterLabelChange for i = 66 
R-CCU: sum(pointsPerCluster) = 766 
 num [1:2] 763 3
NULL
R-CCU: dpObj$numberClusters = 2 
List of 2
 $ : num [1, 1, 1:2] 0.334 0.395
 $ : num [1, 1, 1:2] 9.15 5.35
NULL
R priorParameters: 2 8 
R maxT: 1 
R_PriorDraw_first_mu: 0.3027556 
R_PriorDraw_first_nu: 1.664739 
R-CCU: Before ClusterLabelChange for i = 67 newLabel= 1 currentLabel= 1 
R-CCU: sum(pointsPerCluster) = 766 
 num [1:2] 763 3
NULL
R-CCU: After ClusterLabelChange for i = 67 
R-CCU: sum(pointsPerCluster) = 767 
 num [1:2] 764 3
NULL
R-CCU: dpObj$numberClusters = 2 
List of 2
 $ : num [1, 1, 1:2] 0.334 0.395
 $ : num [1, 1, 1:2] 9.15 5.35
NULL
R priorParameters: 2 8 
R maxT: 1 
R_PriorDraw_first_mu: 0.13819 
R_PriorDraw_first_nu: 8.41417 
R-CCU: Before ClusterLabelChange for i = 68 newLabel= 1 currentLabel= 1 
R-CCU: sum(pointsPerCluster) = 767 
 num [1:2] 764 3
NULL
R-CCU: After ClusterLabelChange for i = 68 
R-CCU: sum(pointsPerCluster) = 768 
 num [1:2] 765 3
NULL
R-CCU: dpObj$numberClusters = 2 
List of 2
 $ : num [1, 1, 1:2] 0.334 0.395
 $ : num [1, 1, 1:2] 9.15 5.35
NULL
R priorParameters: 2 8 
R maxT: 1 
R_PriorDraw_first_mu: 0.3049327 
R_PriorDraw_first_nu: 10.33511 
R-CCU: Before ClusterLabelChange for i = 69 newLabel= 1 currentLabel= 1 
R-CCU: sum(pointsPerCluster) = 768 
 num [1:2] 765 3
NULL
R-CCU: After ClusterLabelChange for i = 69 
R-CCU: sum(pointsPerCluster) = 769 
 num [1:2] 766 3
NULL
R-CCU: dpObj$numberClusters = 2 
List of 2
 $ : num [1, 1, 1:2] 0.334 0.395
 $ : num [1, 1, 1:2] 9.15 5.35
NULL
R priorParameters: 2 8 
R maxT: 1 
R_PriorDraw_first_mu: 0.2844382 
R_PriorDraw_first_nu: 4.465231 
R-CCU: Before ClusterLabelChange for i = 70 newLabel= 1 currentLabel= 1 
R-CCU: sum(pointsPerCluster) = 769 
 num [1:2] 766 3
NULL
R-CCU: After ClusterLabelChange for i = 70 
R-CCU: sum(pointsPerCluster) = 770 
 num [1:2] 767 3
NULL
R-CCU: dpObj$numberClusters = 2 
List of 2
 $ : num [1, 1, 1:2] 0.334 0.395
 $ : num [1, 1, 1:2] 9.15 5.35
NULL
R priorParameters: 2 8 
R maxT: 1 
R_PriorDraw_first_mu: 0.8868591 
R_PriorDraw_first_nu: 4.785514 
R-CCU: Before ClusterLabelChange for i = 71 newLabel= 1 currentLabel= 1 
R-CCU: sum(pointsPerCluster) = 770 
 num [1:2] 767 3
NULL
R-CCU: After ClusterLabelChange for i = 71 
R-CCU: sum(pointsPerCluster) = 771 
 num [1:2] 768 3
NULL
R-CCU: dpObj$numberClusters = 2 
List of 2
 $ : num [1, 1, 1:2] 0.334 0.395
 $ : num [1, 1, 1:2] 9.15 5.35
NULL
R priorParameters: 2 8 
R maxT: 1 
R_PriorDraw_first_mu: 0.3863529 
R_PriorDraw_first_nu: 19.97315 
R-CCU: Before ClusterLabelChange for i = 72 newLabel= 1 currentLabel= 1 
R-CCU: sum(pointsPerCluster) = 771 
 num [1:2] 768 3
NULL
R-CCU: After ClusterLabelChange for i = 72 
R-CCU: sum(pointsPerCluster) = 772 
 num [1:2] 769 3
NULL
R-CCU: dpObj$numberClusters = 2 
List of 2
 $ : num [1, 1, 1:2] 0.334 0.395
 $ : num [1, 1, 1:2] 9.15 5.35
NULL
R priorParameters: 2 8 
R maxT: 1 
R_PriorDraw_first_mu: 0.8457095 
R_PriorDraw_first_nu: 7.676941 
R-CCU: Before ClusterLabelChange for i = 73 newLabel= 1 currentLabel= 1 
R-CCU: sum(pointsPerCluster) = 772 
 num [1:2] 769 3
NULL
R-CCU: After ClusterLabelChange for i = 73 
R-CCU: sum(pointsPerCluster) = 773 
 num [1:2] 770 3
NULL
R-CCU: dpObj$numberClusters = 2 
List of 2
 $ : num [1, 1, 1:2] 0.334 0.395
 $ : num [1, 1, 1:2] 9.15 5.35
NULL
R priorParameters: 2 8 
R maxT: 1 
R_PriorDraw_first_mu: 0.1276588 
R_PriorDraw_first_nu: 3.75521 
R-CCU: Before ClusterLabelChange for i = 74 newLabel= 1 currentLabel= 1 
R-CCU: sum(pointsPerCluster) = 773 
 num [1:2] 770 3
NULL
R-CCU: After ClusterLabelChange for i = 74 
R-CCU: sum(pointsPerCluster) = 774 
 num [1:2] 771 3
NULL
R-CCU: dpObj$numberClusters = 2 
List of 2
 $ : num [1, 1, 1:2] 0.334 0.395
 $ : num [1, 1, 1:2] 9.15 5.35
NULL
R priorParameters: 2 8 
R maxT: 1 
R_PriorDraw_first_mu: 0.6625775 
R_PriorDraw_first_nu: 4.965223 
R-CCU: Before ClusterLabelChange for i = 75 newLabel= 1 currentLabel= 1 
R-CCU: sum(pointsPerCluster) = 774 
 num [1:2] 771 3
NULL
R-CCU: After ClusterLabelChange for i = 75 
R-CCU: sum(pointsPerCluster) = 775 
 num [1:2] 772 3
NULL
R-CCU: dpObj$numberClusters = 2 
List of 2
 $ : num [1, 1, 1:2] 0.334 0.395
 $ : num [1, 1, 1:2] 9.15 5.35
NULL
R priorParameters: 2 8 
R maxT: 1 
R_PriorDraw_first_mu: 0.2675739 
R_PriorDraw_first_nu: 9.100047 
R-CCU: Before ClusterLabelChange for i = 76 newLabel= 1 currentLabel= 1 
R-CCU: sum(pointsPerCluster) = 775 
 num [1:2] 772 3
NULL
R-CCU: After ClusterLabelChange for i = 76 
R-CCU: sum(pointsPerCluster) = 776 
 num [1:2] 773 3
NULL
R-CCU: dpObj$numberClusters = 2 
List of 2
 $ : num [1, 1, 1:2] 0.334 0.395
 $ : num [1, 1, 1:2] 9.15 5.35
NULL
R priorParameters: 2 8 
R maxT: 1 
R_PriorDraw_first_mu: 0.5783036 
R_PriorDraw_first_nu: 3.701785 
R-CCU: Before ClusterLabelChange for i = 77 newLabel= 1 currentLabel= 1 
R-CCU: sum(pointsPerCluster) = 776 
 num [1:2] 773 3
NULL
R-CCU: After ClusterLabelChange for i = 77 
R-CCU: sum(pointsPerCluster) = 777 
 num [1:2] 774 3
NULL
R-CCU: dpObj$numberClusters = 2 
List of 2
 $ : num [1, 1, 1:2] 0.334 0.395
 $ : num [1, 1, 1:2] 9.15 5.35
NULL
R priorParameters: 2 8 
R maxT: 1 
R_PriorDraw_first_mu: 0.7534695 
R_PriorDraw_first_nu: 10.94614 
R-CCU: Before ClusterLabelChange for i = 78 newLabel= 1 currentLabel= 1 
R-CCU: sum(pointsPerCluster) = 777 
 num [1:2] 774 3
NULL
R-CCU: After ClusterLabelChange for i = 78 
R-CCU: sum(pointsPerCluster) = 778 
 num [1:2] 775 3
NULL
R-CCU: dpObj$numberClusters = 2 
List of 2
 $ : num [1, 1, 1:2] 0.334 0.395
 $ : num [1, 1, 1:2] 9.15 5.35
NULL
R priorParameters: 2 8 
R maxT: 1 
R_PriorDraw_first_mu: 0.5876378 
R_PriorDraw_first_nu: 6.079314 
R-CCU: Before ClusterLabelChange for i = 79 newLabel= 1 currentLabel= 1 
R-CCU: sum(pointsPerCluster) = 778 
 num [1:2] 775 3
NULL
R-CCU: After ClusterLabelChange for i = 79 
R-CCU: sum(pointsPerCluster) = 779 
 num [1:2] 776 3
NULL
R-CCU: dpObj$numberClusters = 2 
List of 2
 $ : num [1, 1, 1:2] 0.334 0.395
 $ : num [1, 1, 1:2] 9.15 5.35
NULL
R priorParameters: 2 8 
R maxT: 1 
R_PriorDraw_first_mu: 0.8343958 
R_PriorDraw_first_nu: 4.7943 
R-CCU: Before ClusterLabelChange for i = 80 newLabel= 1 currentLabel= 1 
R-CCU: sum(pointsPerCluster) = 779 
 num [1:2] 776 3
NULL
R-CCU: After ClusterLabelChange for i = 80 
R-CCU: sum(pointsPerCluster) = 780 
 num [1:2] 777 3
NULL
R-CCU: dpObj$numberClusters = 2 
List of 2
 $ : num [1, 1, 1:2] 0.334 0.395
 $ : num [1, 1, 1:2] 9.15 5.35
NULL
R priorParameters: 2 8 
R maxT: 1 
R_PriorDraw_first_mu: 0.3210093 
R_PriorDraw_first_nu: 1.7869 
R-CCU: Before ClusterLabelChange for i = 81 newLabel= 1 currentLabel= 1 
R-CCU: sum(pointsPerCluster) = 780 
 num [1:2] 777 3
NULL
R-CCU: After ClusterLabelChange for i = 81 
R-CCU: sum(pointsPerCluster) = 781 
 num [1:2] 778 3
NULL
R-CCU: dpObj$numberClusters = 2 
List of 2
 $ : num [1, 1, 1:2] 0.334 0.395
 $ : num [1, 1, 1:2] 9.15 5.35
NULL
R priorParameters: 2 8 
R maxT: 1 
R_PriorDraw_first_mu: 0.452532 
R_PriorDraw_first_nu: 2.17928 
R-CCU: Before ClusterLabelChange for i = 82 newLabel= 1 currentLabel= 1 
R-CCU: sum(pointsPerCluster) = 781 
 num [1:2] 778 3
NULL
R-CCU: After ClusterLabelChange for i = 82 
R-CCU: sum(pointsPerCluster) = 782 
 num [1:2] 779 3
NULL
R-CCU: dpObj$numberClusters = 2 
List of 2
 $ : num [1, 1, 1:2] 0.334 0.395
 $ : num [1, 1, 1:2] 9.15 5.35
NULL
R priorParameters: 2 8 
R maxT: 1 
R_PriorDraw_first_mu: 0.9215611 
R_PriorDraw_first_nu: 9.422022 
R-CCU: Before ClusterLabelChange for i = 83 newLabel= 1 currentLabel= 1 
R-CCU: sum(pointsPerCluster) = 782 
 num [1:2] 779 3
NULL
R-CCU: After ClusterLabelChange for i = 83 
R-CCU: sum(pointsPerCluster) = 783 
 num [1:2] 780 3
NULL
R-CCU: dpObj$numberClusters = 2 
List of 2
 $ : num [1, 1, 1:2] 0.334 0.395
 $ : num [1, 1, 1:2] 9.15 5.35
NULL
R priorParameters: 2 8 
R maxT: 1 
R_PriorDraw_first_mu: 0.6569293 
R_PriorDraw_first_nu: 5.258937 
R-CCU: Before ClusterLabelChange for i = 84 newLabel= 1 currentLabel= 1 
R-CCU: sum(pointsPerCluster) = 783 
 num [1:2] 780 3
NULL
R-CCU: After ClusterLabelChange for i = 84 
R-CCU: sum(pointsPerCluster) = 784 
 num [1:2] 781 3
NULL
R-CCU: dpObj$numberClusters = 2 
List of 2
 $ : num [1, 1, 1:2] 0.334 0.395
 $ : num [1, 1, 1:2] 9.15 5.35
NULL
R priorParameters: 2 8 
R maxT: 1 
R_PriorDraw_first_mu: 0.7271904 
R_PriorDraw_first_nu: 3.550371 
R-CCU: Before ClusterLabelChange for i = 85 newLabel= 1 currentLabel= 1 
R-CCU: sum(pointsPerCluster) = 784 
 num [1:2] 781 3
NULL
R-CCU: After ClusterLabelChange for i = 85 
R-CCU: sum(pointsPerCluster) = 785 
 num [1:2] 782 3
NULL
R-CCU: dpObj$numberClusters = 2 
List of 2
 $ : num [1, 1, 1:2] 0.334 0.395
 $ : num [1, 1, 1:2] 9.15 5.35
NULL
R priorParameters: 2 8 
R maxT: 1 
R_PriorDraw_first_mu: 0.2191048 
R_PriorDraw_first_nu: 3.917571 
R-CCU: Before ClusterLabelChange for i = 86 newLabel= 1 currentLabel= 1 
R-CCU: sum(pointsPerCluster) = 785 
 num [1:2] 782 3
NULL
R-CCU: After ClusterLabelChange for i = 86 
R-CCU: sum(pointsPerCluster) = 786 
 num [1:2] 783 3
NULL
R-CCU: dpObj$numberClusters = 2 
List of 2
 $ : num [1, 1, 1:2] 0.334 0.395
 $ : num [1, 1, 1:2] 9.15 5.35
NULL
R priorParameters: 2 8 
R maxT: 1 
R_PriorDraw_first_mu: 0.7307583 
R_PriorDraw_first_nu: 5.944893 
R-CCU: Before ClusterLabelChange for i = 87 newLabel= 1 currentLabel= 1 
R-CCU: sum(pointsPerCluster) = 786 
 num [1:2] 783 3
NULL
R-CCU: After ClusterLabelChange for i = 87 
R-CCU: sum(pointsPerCluster) = 787 
 num [1:2] 784 3
NULL
R-CCU: dpObj$numberClusters = 2 
List of 2
 $ : num [1, 1, 1:2] 0.334 0.395
 $ : num [1, 1, 1:2] 9.15 5.35
NULL
R priorParameters: 2 8 
R maxT: 1 
R_PriorDraw_first_mu: 0.06359712 
R_PriorDraw_first_nu: 5.081988 
R-CCU: Before ClusterLabelChange for i = 88 newLabel= 1 currentLabel= 1 
R-CCU: sum(pointsPerCluster) = 787 
 num [1:2] 784 3
NULL
R-CCU: After ClusterLabelChange for i = 88 
R-CCU: sum(pointsPerCluster) = 788 
 num [1:2] 785 3
NULL
R-CCU: dpObj$numberClusters = 2 
List of 2
 $ : num [1, 1, 1:2] 0.334 0.395
 $ : num [1, 1, 1:2] 9.15 5.35
NULL
R priorParameters: 2 8 
R maxT: 1 
R_PriorDraw_first_mu: 0.9698869 
R_PriorDraw_first_nu: 4.054513 
R-CCU: Before ClusterLabelChange for i = 89 newLabel= 1 currentLabel= 1 
R-CCU: sum(pointsPerCluster) = 788 
 num [1:2] 785 3
NULL
R-CCU: After ClusterLabelChange for i = 89 
R-CCU: sum(pointsPerCluster) = 789 
 num [1:2] 786 3
NULL
R-CCU: dpObj$numberClusters = 2 
List of 2
 $ : num [1, 1, 1:2] 0.334 0.395
 $ : num [1, 1, 1:2] 9.15 5.35
NULL
R priorParameters: 2 8 
R maxT: 1 
R_PriorDraw_first_mu: 0.6437772 
R_PriorDraw_first_nu: 1.93349 
R-CCU: Before ClusterLabelChange for i = 90 newLabel= 1 currentLabel= 1 
R-CCU: sum(pointsPerCluster) = 789 
 num [1:2] 786 3
NULL
R-CCU: After ClusterLabelChange for i = 90 
R-CCU: sum(pointsPerCluster) = 790 
 num [1:2] 787 3
NULL
R-CCU: dpObj$numberClusters = 2 
List of 2
 $ : num [1, 1, 1:2] 0.334 0.395
 $ : num [1, 1, 1:2] 9.15 5.35
NULL
R priorParameters: 2 8 
R maxT: 1 
R_PriorDraw_first_mu: 0.6736328 
R_PriorDraw_first_nu: 6.437651 
R-CCU: Before ClusterLabelChange for i = 91 newLabel= 1 currentLabel= 1 
R-CCU: sum(pointsPerCluster) = 790 
 num [1:2] 787 3
NULL
R-CCU: After ClusterLabelChange for i = 91 
R-CCU: sum(pointsPerCluster) = 791 
 num [1:2] 788 3
NULL
R-CCU: dpObj$numberClusters = 2 
List of 2
 $ : num [1, 1, 1:2] 0.334 0.395
 $ : num [1, 1, 1:2] 9.15 5.35
NULL
R priorParameters: 2 8 
R maxT: 1 
R_PriorDraw_first_mu: 0.05471206 
R_PriorDraw_first_nu: 8.997282 
R-CCU: Before ClusterLabelChange for i = 92 newLabel= 1 currentLabel= 1 
R-CCU: sum(pointsPerCluster) = 791 
 num [1:2] 788 3
NULL
R-CCU: After ClusterLabelChange for i = 92 
R-CCU: sum(pointsPerCluster) = 792 
 num [1:2] 789 3
NULL
R-CCU: dpObj$numberClusters = 2 
List of 2
 $ : num [1, 1, 1:2] 0.334 0.395
 $ : num [1, 1, 1:2] 9.15 5.35
NULL
R priorParameters: 2 8 
R maxT: 1 
R_PriorDraw_first_mu: 0.2867101 
R_PriorDraw_first_nu: 5.772965 
R-CCU: Before ClusterLabelChange for i = 93 newLabel= 1 currentLabel= 1 
R-CCU: sum(pointsPerCluster) = 792 
 num [1:2] 789 3
NULL
R-CCU: After ClusterLabelChange for i = 93 
R-CCU: sum(pointsPerCluster) = 793 
 num [1:2] 790 3
NULL
R-CCU: dpObj$numberClusters = 2 
List of 2
 $ : num [1, 1, 1:2] 0.334 0.395
 $ : num [1, 1, 1:2] 9.15 5.35
NULL
R priorParameters: 2 8 
R maxT: 1 
R_PriorDraw_first_mu: 0.680642 
R_PriorDraw_first_nu: 5.233581 
R-CCU: Before ClusterLabelChange for i = 94 newLabel= 1 currentLabel= 1 
R-CCU: sum(pointsPerCluster) = 793 
 num [1:2] 790 3
NULL
R-CCU: After ClusterLabelChange for i = 94 
R-CCU: sum(pointsPerCluster) = 794 
 num [1:2] 791 3
NULL
R-CCU: dpObj$numberClusters = 2 
List of 2
 $ : num [1, 1, 1:2] 0.334 0.395
 $ : num [1, 1, 1:2] 9.15 5.35
NULL
R priorParameters: 2 8 
R maxT: 1 
R_PriorDraw_first_mu: 0.7859525 
R_PriorDraw_first_nu: 1.999961 
R-CCU: Before ClusterLabelChange for i = 95 newLabel= 1 currentLabel= 1 
R-CCU: sum(pointsPerCluster) = 794 
 num [1:2] 791 3
NULL
R-CCU: After ClusterLabelChange for i = 95 
R-CCU: sum(pointsPerCluster) = 795 
 num [1:2] 792 3
NULL
R-CCU: dpObj$numberClusters = 2 
List of 2
 $ : num [1, 1, 1:2] 0.334 0.395
 $ : num [1, 1, 1:2] 9.15 5.35
NULL
R priorParameters: 2 8 
R maxT: 1 
R_PriorDraw_first_mu: 0.9931062 
R_PriorDraw_first_nu: 6.206938 
R-CCU: Before ClusterLabelChange for i = 96 newLabel= 1 currentLabel= 1 
R-CCU: sum(pointsPerCluster) = 795 
 num [1:2] 792 3
NULL
R-CCU: After ClusterLabelChange for i = 96 
R-CCU: sum(pointsPerCluster) = 796 
 num [1:2] 793 3
NULL
R-CCU: dpObj$numberClusters = 2 
List of 2
 $ : num [1, 1, 1:2] 0.334 0.395
 $ : num [1, 1, 1:2] 9.15 5.35
NULL
R priorParameters: 2 8 
R maxT: 1 
R_PriorDraw_first_mu: 0.6718217 
R_PriorDraw_first_nu: 5.807724 
R-CCU: Before ClusterLabelChange for i = 97 newLabel= 1 currentLabel= 1 
R-CCU: sum(pointsPerCluster) = 796 
 num [1:2] 793 3
NULL
R-CCU: After ClusterLabelChange for i = 97 
R-CCU: sum(pointsPerCluster) = 797 
 num [1:2] 794 3
NULL
R-CCU: dpObj$numberClusters = 2 
List of 2
 $ : num [1, 1, 1:2] 0.334 0.395
 $ : num [1, 1, 1:2] 9.15 5.35
NULL
R priorParameters: 2 8 
R maxT: 1 
R_PriorDraw_first_mu: 0.3112355 
R_PriorDraw_first_nu: 7.920886 
R-CCU: Before ClusterLabelChange for i = 98 newLabel= 1 currentLabel= 1 
R-CCU: sum(pointsPerCluster) = 797 
 num [1:2] 794 3
NULL
R-CCU: After ClusterLabelChange for i = 98 
R-CCU: sum(pointsPerCluster) = 798 
 num [1:2] 795 3
NULL
R-CCU: dpObj$numberClusters = 2 
List of 2
 $ : num [1, 1, 1:2] 0.334 0.395
 $ : num [1, 1, 1:2] 9.15 5.35
NULL
R priorParameters: 2 8 
R maxT: 1 
R_PriorDraw_first_mu: 0.09290029 
R_PriorDraw_first_nu: 3.088666 
R-CCU: Before ClusterLabelChange for i = 99 newLabel= 1 currentLabel= 1 
R-CCU: sum(pointsPerCluster) = 798 
 num [1:2] 795 3
NULL
R-CCU: After ClusterLabelChange for i = 99 
R-CCU: sum(pointsPerCluster) = 799 
 num [1:2] 796 3
NULL
R-CCU: dpObj$numberClusters = 2 
List of 2
 $ : num [1, 1, 1:2] 0.334 0.395
 $ : num [1, 1, 1:2] 9.15 5.35
NULL
R priorParameters: 2 8 
R maxT: 1 
R_PriorDraw_first_mu: 0.2536241 
R_PriorDraw_first_nu: 4.544762 
R-CCU: Before ClusterLabelChange for i = 100 newLabel= 1 currentLabel= 1 
R-CCU: sum(pointsPerCluster) = 799 
 num [1:2] 796 3
NULL
R-CCU: After ClusterLabelChange for i = 100 
R-CCU: sum(pointsPerCluster) = 800 
 num [1:2] 797 3
NULL
R-CCU: dpObj$numberClusters = 2 
List of 2
 $ : num [1, 1, 1:2] 0.334 0.395
 $ : num [1, 1, 1:2] 9.15 5.35
NULL

⠏ | 1 114      5 | Beta Distribution Full Integration Test         R priorParameters: 2 8 
R maxT: 1 
R_PriorDraw_first_mu: 0.1542247 
R_PriorDraw_first_nu: 9.881548 
R-CCU: Before ClusterLabelChange for i = 1 newLabel= 1 currentLabel= 1 
R-CCU: sum(pointsPerCluster) = 800 
 num [1:2] 797 3
NULL
R-CCU: After ClusterLabelChange for i = 1 
R-CCU: sum(pointsPerCluster) = 801 
 num [1:2] 798 3
NULL
R-CCU: dpObj$numberClusters = 2 
List of 2
 $ : num [1, 1, 1:2] 0.334 0.395
 $ : num [1, 1, 1:2] 8.61 5.35
NULL
R priorParameters: 2 8 
R maxT: 1 
R_PriorDraw_first_mu: 0.8275489 
R_PriorDraw_first_nu: 9.836112 
R-CCU: Before ClusterLabelChange for i = 2 newLabel= 1 currentLabel= 1 
R-CCU: sum(pointsPerCluster) = 801 
 num [1:2] 798 3
NULL
R-CCU: After ClusterLabelChange for i = 2 
R-CCU: sum(pointsPerCluster) = 802 
 num [1:2] 799 3
NULL
R-CCU: dpObj$numberClusters = 2 
List of 2
 $ : num [1, 1, 1:2] 0.334 0.395
 $ : num [1, 1, 1:2] 8.61 5.35
NULL
R priorParameters: 2 8 
R maxT: 1 
R_PriorDraw_first_mu: 0.6310744 
R_PriorDraw_first_nu: 8.116041 
R-CCU: Before ClusterLabelChange for i = 3 newLabel= 1 currentLabel= 1 
R-CCU: sum(pointsPerCluster) = 802 
 num [1:2] 799 3
NULL
R-CCU: After ClusterLabelChange for i = 3 
R-CCU: sum(pointsPerCluster) = 803 
 num [1:2] 800 3
NULL
R-CCU: dpObj$numberClusters = 2 
List of 2
 $ : num [1, 1, 1:2] 0.334 0.395
 $ : num [1, 1, 1:2] 8.61 5.35
NULL
R priorParameters: 2 8 
R maxT: 1 
R_PriorDraw_first_mu: 0.07437572 
R_PriorDraw_first_nu: 4.487662 
R-CCU: Before ClusterLabelChange for i = 4 newLabel= 1 currentLabel= 1 
R-CCU: sum(pointsPerCluster) = 803 
 num [1:2] 800 3
NULL
R-CCU: After ClusterLabelChange for i = 4 
R-CCU: sum(pointsPerCluster) = 804 
 num [1:2] 801 3
NULL
R-CCU: dpObj$numberClusters = 2 
List of 2
 $ : num [1, 1, 1:2] 0.334 0.395
 $ : num [1, 1, 1:2] 8.61 5.35
NULL
R priorParameters: 2 8 
R maxT: 1 
R_PriorDraw_first_mu: 0.5016811 
R_PriorDraw_first_nu: 8.79912 
R-CCU: Before ClusterLabelChange for i = 5 newLabel= 1 currentLabel= 1 
R-CCU: sum(pointsPerCluster) = 804 
 num [1:2] 801 3
NULL
R-CCU: After ClusterLabelChange for i = 5 
R-CCU: sum(pointsPerCluster) = 805 
 num [1:2] 802 3
NULL
R-CCU: dpObj$numberClusters = 2 
List of 2
 $ : num [1, 1, 1:2] 0.334 0.395
 $ : num [1, 1, 1:2] 8.61 5.35
NULL
R priorParameters: 2 8 
R maxT: 1 
R_PriorDraw_first_mu: 0.6292914 
R_PriorDraw_first_nu: 4.101264 
R-CCU: Before ClusterLabelChange for i = 6 newLabel= 1 currentLabel= 1 
R-CCU: sum(pointsPerCluster) = 805 
 num [1:2] 802 3
NULL
R-CCU: After ClusterLabelChange for i = 6 
R-CCU: sum(pointsPerCluster) = 806 
 num [1:2] 803 3
NULL
R-CCU: dpObj$numberClusters = 2 
List of 2
 $ : num [1, 1, 1:2] 0.334 0.395
 $ : num [1, 1, 1:2] 8.61 5.35
NULL
R priorParameters: 2 8 
R maxT: 1 
R_PriorDraw_first_mu: 0.4875438 
R_PriorDraw_first_nu: 32.0379 
R-CCU: Before ClusterLabelChange for i = 7 newLabel= 1 currentLabel= 1 
R-CCU: sum(pointsPerCluster) = 806 
 num [1:2] 803 3
NULL
R-CCU: After ClusterLabelChange for i = 7 
R-CCU: sum(pointsPerCluster) = 807 
 num [1:2] 804 3
NULL
R-CCU: dpObj$numberClusters = 2 
List of 2
 $ : num [1, 1, 1:2] 0.334 0.395
 $ : num [1, 1, 1:2] 8.61 5.35
NULL
R priorParameters: 2 8 
R maxT: 1 
R_PriorDraw_first_mu: 0.332153 
R_PriorDraw_first_nu: 1.037825 
R-CCU: Before ClusterLabelChange for i = 8 newLabel= 1 currentLabel= 1 
R-CCU: sum(pointsPerCluster) = 807 
 num [1:2] 804 3
NULL
R-CCU: After ClusterLabelChange for i = 8 
R-CCU: sum(pointsPerCluster) = 808 
 num [1:2] 805 3
NULL
R-CCU: dpObj$numberClusters = 2 
List of 2
 $ : num [1, 1, 1:2] 0.334 0.395
 $ : num [1, 1, 1:2] 8.61 5.35
NULL
R priorParameters: 2 8 
R maxT: 1 
R_PriorDraw_first_mu: 0.4642752 
R_PriorDraw_first_nu: 3.414422 
R-CCU: Before ClusterLabelChange for i = 9 newLabel= 1 currentLabel= 1 
R-CCU: sum(pointsPerCluster) = 808 
 num [1:2] 805 3
NULL
R-CCU: After ClusterLabelChange for i = 9 
R-CCU: sum(pointsPerCluster) = 809 
 num [1:2] 806 3
NULL
R-CCU: dpObj$numberClusters = 2 
List of 2
 $ : num [1, 1, 1:2] 0.334 0.395
 $ : num [1, 1, 1:2] 8.61 5.35
NULL
R priorParameters: 2 8 
R maxT: 1 
R_PriorDraw_first_mu: 0.826685 
R_PriorDraw_first_nu: 4.667281 
R-CCU: Before ClusterLabelChange for i = 10 newLabel= 1 currentLabel= 1 
R-CCU: sum(pointsPerCluster) = 809 
 num [1:2] 806 3
NULL
R-CCU: After ClusterLabelChange for i = 10 
R-CCU: sum(pointsPerCluster) = 810 
 num [1:2] 807 3
NULL
R-CCU: dpObj$numberClusters = 2 
List of 2
 $ : num [1, 1, 1:2] 0.334 0.395
 $ : num [1, 1, 1:2] 8.61 5.35
NULL
R priorParameters: 2 8 
R maxT: 1 
R_PriorDraw_first_mu: 0.8468734 
R_PriorDraw_first_nu: 5.664489 
R-CCU: Before ClusterLabelChange for i = 11 newLabel= 1 currentLabel= 1 
R-CCU: sum(pointsPerCluster) = 810 
 num [1:2] 807 3
NULL
R-CCU: After ClusterLabelChange for i = 11 
R-CCU: sum(pointsPerCluster) = 811 
 num [1:2] 808 3
NULL
R-CCU: dpObj$numberClusters = 2 
List of 2
 $ : num [1, 1, 1:2] 0.334 0.395
 $ : num [1, 1, 1:2] 8.61 5.35
NULL
R priorParameters: 2 8 
R maxT: 1 
R_PriorDraw_first_mu: 0.4377207 
R_PriorDraw_first_nu: 4.037937 
R-CCU: Before ClusterLabelChange for i = 12 newLabel= 1 currentLabel= 1 
R-CCU: sum(pointsPerCluster) = 811 
 num [1:2] 808 3
NULL
R-CCU: After ClusterLabelChange for i = 12 
R-CCU: sum(pointsPerCluster) = 812 
 num [1:2] 809 3
NULL
R-CCU: dpObj$numberClusters = 2 
List of 2
 $ : num [1, 1, 1:2] 0.334 0.395
 $ : num [1, 1, 1:2] 8.61 5.35
NULL
R priorParameters: 2 8 
R maxT: 1 
R_PriorDraw_first_mu: 0.2646445 
R_PriorDraw_first_nu: 3.515717 
R-CCU: Before ClusterLabelChange for i = 13 newLabel= 1 currentLabel= 1 
R-CCU: sum(pointsPerCluster) = 812 
 num [1:2] 809 3
NULL
R-CCU: After ClusterLabelChange for i = 13 
R-CCU: sum(pointsPerCluster) = 813 
 num [1:2] 810 3
NULL
R-CCU: dpObj$numberClusters = 2 
List of 2
 $ : num [1, 1, 1:2] 0.334 0.395
 $ : num [1, 1, 1:2] 8.61 5.35
NULL
R priorParameters: 2 8 
R maxT: 1 
R_PriorDraw_first_mu: 0.1424706 
R_PriorDraw_first_nu: 2.950481 
R-CCU: Before ClusterLabelChange for i = 14 newLabel= 1 currentLabel= 1 
R-CCU: sum(pointsPerCluster) = 813 
 num [1:2] 810 3
NULL
R-CCU: After ClusterLabelChange for i = 14 
R-CCU: sum(pointsPerCluster) = 814 
 num [1:2] 811 3
NULL
R-CCU: dpObj$numberClusters = 2 
List of 2
 $ : num [1, 1, 1:2] 0.334 0.395
 $ : num [1, 1, 1:2] 8.61 5.35
NULL
R priorParameters: 2 8 
R maxT: 1 
R_PriorDraw_first_mu: 0.1472908 
R_PriorDraw_first_nu: 2.687996 
R-CCU: Before ClusterLabelChange for i = 15 newLabel= 1 currentLabel= 1 
R-CCU: sum(pointsPerCluster) = 814 
 num [1:2] 811 3
NULL
R-CCU: After ClusterLabelChange for i = 15 
R-CCU: sum(pointsPerCluster) = 815 
 num [1:2] 812 3
NULL
R-CCU: dpObj$numberClusters = 2 
List of 2
 $ : num [1, 1, 1:2] 0.334 0.395
 $ : num [1, 1, 1:2] 8.61 5.35
NULL
R priorParameters: 2 8 
R maxT: 1 
R_PriorDraw_first_mu: 0.8087823 
R_PriorDraw_first_nu: 3.38741 
R-CCU: Before ClusterLabelChange for i = 16 newLabel= 1 currentLabel= 1 
R-CCU: sum(pointsPerCluster) = 815 
 num [1:2] 812 3
NULL
R-CCU: After ClusterLabelChange for i = 16 
R-CCU: sum(pointsPerCluster) = 816 
 num [1:2] 813 3
NULL
R-CCU: dpObj$numberClusters = 2 
List of 2
 $ : num [1, 1, 1:2] 0.334 0.395
 $ : num [1, 1, 1:2] 8.61 5.35
NULL
R priorParameters: 2 8 
R maxT: 1 
R_PriorDraw_first_mu: 0.6121778 
R_PriorDraw_first_nu: 12.19706 
R-CCU: Before ClusterLabelChange for i = 17 newLabel= 1 currentLabel= 1 
R-CCU: sum(pointsPerCluster) = 816 
 num [1:2] 813 3
NULL
R-CCU: After ClusterLabelChange for i = 17 
R-CCU: sum(pointsPerCluster) = 817 
 num [1:2] 814 3
NULL
R-CCU: dpObj$numberClusters = 2 
List of 2
 $ : num [1, 1, 1:2] 0.334 0.395
 $ : num [1, 1, 1:2] 8.61 5.35
NULL
R priorParameters: 2 8 
R maxT: 1 
R_PriorDraw_first_mu: 0.365652 
R_PriorDraw_first_nu: 1.868074 
R-CCU: Before ClusterLabelChange for i = 18 newLabel= 1 currentLabel= 1 
R-CCU: sum(pointsPerCluster) = 817 
 num [1:2] 814 3
NULL
R-CCU: After ClusterLabelChange for i = 18 
R-CCU: sum(pointsPerCluster) = 818 
 num [1:2] 815 3
NULL
R-CCU: dpObj$numberClusters = 2 
List of 2
 $ : num [1, 1, 1:2] 0.334 0.395
 $ : num [1, 1, 1:2] 8.61 5.35
NULL
R priorParameters: 2 8 
R maxT: 1 
R_PriorDraw_first_mu: 0.9801538 
R_PriorDraw_first_nu: 7.121808 
R-CCU: Before ClusterLabelChange for i = 19 newLabel= 1 currentLabel= 1 
R-CCU: sum(pointsPerCluster) = 818 
 num [1:2] 815 3
NULL
R-CCU: After ClusterLabelChange for i = 19 
R-CCU: sum(pointsPerCluster) = 819 
 num [1:2] 816 3
NULL
R-CCU: dpObj$numberClusters = 2 
List of 2
 $ : num [1, 1, 1:2] 0.334 0.395
 $ : num [1, 1, 1:2] 8.61 5.35
NULL
R priorParameters: 2 8 
R maxT: 1 
R_PriorDraw_first_mu: 0.1859072 
R_PriorDraw_first_nu: 22.911 
R-CCU: Before ClusterLabelChange for i = 20 newLabel= 1 currentLabel= 1 
R-CCU: sum(pointsPerCluster) = 819 
 num [1:2] 816 3
NULL
R-CCU: After ClusterLabelChange for i = 20 
R-CCU: sum(pointsPerCluster) = 820 
 num [1:2] 817 3
NULL
R-CCU: dpObj$numberClusters = 2 
List of 2
 $ : num [1, 1, 1:2] 0.334 0.395
 $ : num [1, 1, 1:2] 8.61 5.35
NULL
R priorParameters: 2 8 
R maxT: 1 
R_PriorDraw_first_mu: 0.07426486 
R_PriorDraw_first_nu: 2.993246 
R-CCU: Before ClusterLabelChange for i = 21 newLabel= 1 currentLabel= 1 
R-CCU: sum(pointsPerCluster) = 820 
 num [1:2] 817 3
NULL
R-CCU: After ClusterLabelChange for i = 21 
R-CCU: sum(pointsPerCluster) = 821 
 num [1:2] 818 3
NULL
R-CCU: dpObj$numberClusters = 2 
List of 2
 $ : num [1, 1, 1:2] 0.334 0.395
 $ : num [1, 1, 1:2] 8.61 5.35
NULL
R priorParameters: 2 8 
R maxT: 1 
R_PriorDraw_first_mu: 0.8591775 
R_PriorDraw_first_nu: 11.33766 
R-CCU: Before ClusterLabelChange for i = 22 newLabel= 1 currentLabel= 1 
R-CCU: sum(pointsPerCluster) = 821 
 num [1:2] 818 3
NULL
R-CCU: After ClusterLabelChange for i = 22 
R-CCU: sum(pointsPerCluster) = 822 
 num [1:2] 819 3
NULL
R-CCU: dpObj$numberClusters = 2 
List of 2
 $ : num [1, 1, 1:2] 0.334 0.395
 $ : num [1, 1, 1:2] 8.61 5.35
NULL
R priorParameters: 2 8 
R maxT: 1 
R_PriorDraw_first_mu: 0.8142343 
R_PriorDraw_first_nu: 7.628204 
R-CCU: Before ClusterLabelChange for i = 23 newLabel= 1 currentLabel= 1 
R-CCU: sum(pointsPerCluster) = 822 
 num [1:2] 819 3
NULL
R-CCU: After ClusterLabelChange for i = 23 
R-CCU: sum(pointsPerCluster) = 823 
 num [1:2] 820 3
NULL
R-CCU: dpObj$numberClusters = 2 
List of 2
 $ : num [1, 1, 1:2] 0.334 0.395
 $ : num [1, 1, 1:2] 8.61 5.35
NULL
R priorParameters: 2 8 
R maxT: 1 
R_PriorDraw_first_mu: 0.9101939 
R_PriorDraw_first_nu: 9.25211 
R-CCU: Before ClusterLabelChange for i = 24 newLabel= 1 currentLabel= 1 
R-CCU: sum(pointsPerCluster) = 823 
 num [1:2] 820 3
NULL
R-CCU: After ClusterLabelChange for i = 24 
R-CCU: sum(pointsPerCluster) = 824 
 num [1:2] 821 3
NULL
R-CCU: dpObj$numberClusters = 2 
List of 2
 $ : num [1, 1, 1:2] 0.334 0.395
 $ : num [1, 1, 1:2] 8.61 5.35
NULL
R priorParameters: 2 8 
R maxT: 1 
R_PriorDraw_first_mu: 0.6068513 
R_PriorDraw_first_nu: 4.21177 
R-CCU: Before ClusterLabelChange for i = 25 newLabel= 1 currentLabel= 1 
R-CCU: sum(pointsPerCluster) = 824 
 num [1:2] 821 3
NULL
R-CCU: After ClusterLabelChange for i = 25 
R-CCU: sum(pointsPerCluster) = 825 
 num [1:2] 822 3
NULL
R-CCU: dpObj$numberClusters = 2 
List of 2
 $ : num [1, 1, 1:2] 0.334 0.395
 $ : num [1, 1, 1:2] 8.61 5.35
NULL
R priorParameters: 2 8 
R maxT: 1 
R_PriorDraw_first_mu: 0.07049733 
R_PriorDraw_first_nu: 1.871276 
R-CCU: Before ClusterLabelChange for i = 26 newLabel= 1 currentLabel= 1 
R-CCU: sum(pointsPerCluster) = 825 
 num [1:2] 822 3
NULL
R-CCU: After ClusterLabelChange for i = 26 
R-CCU: sum(pointsPerCluster) = 826 
 num [1:2] 823 3
NULL
R-CCU: dpObj$numberClusters = 2 
List of 2
 $ : num [1, 1, 1:2] 0.334 0.395
 $ : num [1, 1, 1:2] 8.61 5.35
NULL
R priorParameters: 2 8 
R maxT: 1 
R_PriorDraw_first_mu: 0.1656387 
R_PriorDraw_first_nu: 3.105565 
R-CCU: Before ClusterLabelChange for i = 27 newLabel= 1 currentLabel= 1 
R-CCU: sum(pointsPerCluster) = 826 
 num [1:2] 823 3
NULL
R-CCU: After ClusterLabelChange for i = 27 
R-CCU: sum(pointsPerCluster) = 827 
 num [1:2] 824 3
NULL
R-CCU: dpObj$numberClusters = 2 
List of 2
 $ : num [1, 1, 1:2] 0.334 0.395
 $ : num [1, 1, 1:2] 8.61 5.35
NULL
R priorParameters: 2 8 
R maxT: 1 
R_PriorDraw_first_mu: 0.9006175 
R_PriorDraw_first_nu: 5.026646 
R-CCU: Before ClusterLabelChange for i = 28 newLabel= 1 currentLabel= 1 
R-CCU: sum(pointsPerCluster) = 827 
 num [1:2] 824 3
NULL
R-CCU: After ClusterLabelChange for i = 28 
R-CCU: sum(pointsPerCluster) = 828 
 num [1:2] 825 3
NULL
R-CCU: dpObj$numberClusters = 2 
List of 2
 $ : num [1, 1, 1:2] 0.334 0.395
 $ : num [1, 1, 1:2] 8.61 5.35
NULL
R priorParameters: 2 8 
R maxT: 1 
R_PriorDraw_first_mu: 0.6474085 
R_PriorDraw_first_nu: 4.950238 
R-CCU: Before ClusterLabelChange for i = 29 newLabel= 1 currentLabel= 1 
R-CCU: sum(pointsPerCluster) = 828 
 num [1:2] 825 3
NULL
R-CCU: After ClusterLabelChange for i = 29 
R-CCU: sum(pointsPerCluster) = 829 
 num [1:2] 826 3
NULL
R-CCU: dpObj$numberClusters = 2 
List of 2
 $ : num [1, 1, 1:2] 0.334 0.395
 $ : num [1, 1, 1:2] 8.61 5.35
NULL
R priorParameters: 2 8 
R maxT: 1 
R_PriorDraw_first_mu: 0.3253115 
R_PriorDraw_first_nu: 4.015069 
R-CCU: Before ClusterLabelChange for i = 30 newLabel= 1 currentLabel= 1 
R-CCU: sum(pointsPerCluster) = 829 
 num [1:2] 826 3
NULL
R-CCU: After ClusterLabelChange for i = 30 
R-CCU: sum(pointsPerCluster) = 830 
 num [1:2] 827 3
NULL
R-CCU: dpObj$numberClusters = 2 
List of 2
 $ : num [1, 1, 1:2] 0.334 0.395
 $ : num [1, 1, 1:2] 8.61 5.35
NULL
R priorParameters: 2 8 
R maxT: 1 
R_PriorDraw_first_mu: 0.04469724 
R_PriorDraw_first_nu: 1.193238 
R-CCU: Before ClusterLabelChange for i = 31 newLabel= 1 currentLabel= 1 
R-CCU: sum(pointsPerCluster) = 830 
 num [1:2] 827 3
NULL
R-CCU: After ClusterLabelChange for i = 31 
R-CCU: sum(pointsPerCluster) = 831 
 num [1:2] 828 3
NULL
R-CCU: dpObj$numberClusters = 2 
List of 2
 $ : num [1, 1, 1:2] 0.334 0.395
 $ : num [1, 1, 1:2] 8.61 5.35
NULL
R priorParameters: 2 8 
R maxT: 1 
R_PriorDraw_first_mu: 0.4130263 
R_PriorDraw_first_nu: 6.3954 
R-CCU: Before ClusterLabelChange for i = 32 newLabel= 1 currentLabel= 1 
R-CCU: sum(pointsPerCluster) = 831 
 num [1:2] 828 3
NULL
R-CCU: After ClusterLabelChange for i = 32 
R-CCU: sum(pointsPerCluster) = 832 
 num [1:2] 829 3
NULL
R-CCU: dpObj$numberClusters = 2 
List of 2
 $ : num [1, 1, 1:2] 0.334 0.395
 $ : num [1, 1, 1:2] 8.61 5.35
NULL
R priorParameters: 2 8 
R maxT: 1 
R_PriorDraw_first_mu: 0.1984235 
R_PriorDraw_first_nu: 13.39209 
R-CCU: Before ClusterLabelChange for i = 33 newLabel= 1 currentLabel= 1 
R-CCU: sum(pointsPerCluster) = 832 
 num [1:2] 829 3
NULL
R-CCU: After ClusterLabelChange for i = 33 
R-CCU: sum(pointsPerCluster) = 833 
 num [1:2] 830 3
NULL
R-CCU: dpObj$numberClusters = 2 
List of 2
 $ : num [1, 1, 1:2] 0.334 0.395
 $ : num [1, 1, 1:2] 8.61 5.35
NULL
R priorParameters: 2 8 
R maxT: 1 
R_PriorDraw_first_mu: 0.9277199 
R_PriorDraw_first_nu: 2.444059 
R-CCU: Before ClusterLabelChange for i = 34 newLabel= 1 currentLabel= 1 
R-CCU: sum(pointsPerCluster) = 833 
 num [1:2] 830 3
NULL
R-CCU: After ClusterLabelChange for i = 34 
R-CCU: sum(pointsPerCluster) = 834 
 num [1:2] 831 3
NULL
R-CCU: dpObj$numberClusters = 2 
List of 2
 $ : num [1, 1, 1:2] 0.334 0.395
 $ : num [1, 1, 1:2] 8.61 5.35
NULL
R priorParameters: 2 8 
R maxT: 1 
R_PriorDraw_first_mu: 0.6792547 
R_PriorDraw_first_nu: 155.054 
R-CCU: Before ClusterLabelChange for i = 35 newLabel= 1 currentLabel= 1 
R-CCU: sum(pointsPerCluster) = 834 
 num [1:2] 831 3
NULL
R-CCU: After ClusterLabelChange for i = 35 
R-CCU: sum(pointsPerCluster) = 835 
 num [1:2] 832 3
NULL
R-CCU: dpObj$numberClusters = 2 
List of 2
 $ : num [1, 1, 1:2] 0.334 0.395
 $ : num [1, 1, 1:2] 8.61 5.35
NULL
R priorParameters: 2 8 
R maxT: 1 
R_PriorDraw_first_mu: 0.8352846 
R_PriorDraw_first_nu: 7.061343 
R-CCU: Before ClusterLabelChange for i = 36 newLabel= 1 currentLabel= 1 
R-CCU: sum(pointsPerCluster) = 835 
 num [1:2] 832 3
NULL
R-CCU: After ClusterLabelChange for i = 36 
R-CCU: sum(pointsPerCluster) = 836 
 num [1:2] 833 3
NULL
R-CCU: dpObj$numberClusters = 2 
List of 2
 $ : num [1, 1, 1:2] 0.334 0.395
 $ : num [1, 1, 1:2] 8.61 5.35
NULL
R priorParameters: 2 8 
R maxT: 1 
R_PriorDraw_first_mu: 0.4804078 
R_PriorDraw_first_nu: 5.386119 
R-CCU: Before ClusterLabelChange for i = 37 newLabel= 1 currentLabel= 1 
R-CCU: sum(pointsPerCluster) = 836 
 num [1:2] 833 3
NULL
R-CCU: After ClusterLabelChange for i = 37 
R-CCU: sum(pointsPerCluster) = 837 
 num [1:2] 834 3
NULL
R-CCU: dpObj$numberClusters = 2 
List of 2
 $ : num [1, 1, 1:2] 0.334 0.395
 $ : num [1, 1, 1:2] 8.61 5.35
NULL
R priorParameters: 2 8 
R maxT: 1 
R_PriorDraw_first_mu: 0.006709151 
R_PriorDraw_first_nu: 5.566652 
R-CCU: Before ClusterLabelChange for i = 38 newLabel= 1 currentLabel= 1 
R-CCU: sum(pointsPerCluster) = 837 
 num [1:2] 834 3
NULL
R-CCU: After ClusterLabelChange for i = 38 
R-CCU: sum(pointsPerCluster) = 838 
 num [1:2] 835 3
NULL
R-CCU: dpObj$numberClusters = 2 
List of 2
 $ : num [1, 1, 1:2] 0.334 0.395
 $ : num [1, 1, 1:2] 8.61 5.35
NULL
R priorParameters: 2 8 
R maxT: 1 
R_PriorDraw_first_mu: 0.9487259 
R_PriorDraw_first_nu: 3.627523 
R-CCU: Before ClusterLabelChange for i = 39 newLabel= 1 currentLabel= 1 
R-CCU: sum(pointsPerCluster) = 838 
 num [1:2] 835 3
NULL
R-CCU: After ClusterLabelChange for i = 39 
R-CCU: sum(pointsPerCluster) = 839 
 num [1:2] 836 3
NULL
R-CCU: dpObj$numberClusters = 2 
List of 2
 $ : num [1, 1, 1:2] 0.334 0.395
 $ : num [1, 1, 1:2] 8.61 5.35
NULL
R priorParameters: 2 8 
R maxT: 1 
R_PriorDraw_first_mu: 0.1769213 
R_PriorDraw_first_nu: 3.689167 
R-CCU: Before ClusterLabelChange for i = 40 newLabel= 1 currentLabel= 1 
R-CCU: sum(pointsPerCluster) = 839 
 num [1:2] 836 3
NULL
R-CCU: After ClusterLabelChange for i = 40 
R-CCU: sum(pointsPerCluster) = 840 
 num [1:2] 837 3
NULL
R-CCU: dpObj$numberClusters = 2 
List of 2
 $ : num [1, 1, 1:2] 0.334 0.395
 $ : num [1, 1, 1:2] 8.61 5.35
NULL
R priorParameters: 2 8 
R maxT: 1 
R_PriorDraw_first_mu: 0.9866035 
R_PriorDraw_first_nu: 4.533422 
R-CCU: Before ClusterLabelChange for i = 41 newLabel= 1 currentLabel= 1 
R-CCU: sum(pointsPerCluster) = 840 
 num [1:2] 837 3
NULL
R-CCU: After ClusterLabelChange for i = 41 
R-CCU: sum(pointsPerCluster) = 841 
 num [1:2] 838 3
NULL
R-CCU: dpObj$numberClusters = 2 
List of 2
 $ : num [1, 1, 1:2] 0.334 0.395
 $ : num [1, 1, 1:2] 8.61 5.35
NULL
R priorParameters: 2 8 
R maxT: 1 
R_PriorDraw_first_mu: 0.6368875 
R_PriorDraw_first_nu: 6.146117 
R-CCU: Before ClusterLabelChange for i = 42 newLabel= 1 currentLabel= 1 
R-CCU: sum(pointsPerCluster) = 841 
 num [1:2] 838 3
NULL
R-CCU: After ClusterLabelChange for i = 42 
R-CCU: sum(pointsPerCluster) = 842 
 num [1:2] 839 3
NULL
R-CCU: dpObj$numberClusters = 2 
List of 2
 $ : num [1, 1, 1:2] 0.334 0.395
 $ : num [1, 1, 1:2] 8.61 5.35
NULL
R priorParameters: 2 8 
R maxT: 1 
R_PriorDraw_first_mu: 0.8985208 
R_PriorDraw_first_nu: 33.19034 
R-CCU: Before ClusterLabelChange for i = 43 newLabel= 1 currentLabel= 1 
R-CCU: sum(pointsPerCluster) = 842 
 num [1:2] 839 3
NULL
R-CCU: After ClusterLabelChange for i = 43 
R-CCU: sum(pointsPerCluster) = 843 
 num [1:2] 840 3
NULL
R-CCU: dpObj$numberClusters = 2 
List of 2
 $ : num [1, 1, 1:2] 0.334 0.395
 $ : num [1, 1, 1:2] 8.61 5.35
NULL
R priorParameters: 2 8 
R maxT: 1 
R_PriorDraw_first_mu: 0.2739098 
R_PriorDraw_first_nu: 11.64836 
R-CCU: Before ClusterLabelChange for i = 44 newLabel= 1 currentLabel= 1 
R-CCU: sum(pointsPerCluster) = 843 
 num [1:2] 840 3
NULL
R-CCU: After ClusterLabelChange for i = 44 
R-CCU: sum(pointsPerCluster) = 844 
 num [1:2] 841 3
NULL
R-CCU: dpObj$numberClusters = 2 
List of 2
 $ : num [1, 1, 1:2] 0.334 0.395
 $ : num [1, 1, 1:2] 8.61 5.35
NULL
R priorParameters: 2 8 
R maxT: 1 
R_PriorDraw_first_mu: 0.1282409 
R_PriorDraw_first_nu: 3.409052 
R-CCU: Before ClusterLabelChange for i = 45 newLabel= 1 currentLabel= 1 
R-CCU: sum(pointsPerCluster) = 844 
 num [1:2] 841 3
NULL
R-CCU: After ClusterLabelChange for i = 45 
R-CCU: sum(pointsPerCluster) = 845 
 num [1:2] 842 3
NULL
R-CCU: dpObj$numberClusters = 2 
List of 2
 $ : num [1, 1, 1:2] 0.334 0.395
 $ : num [1, 1, 1:2] 8.61 5.35
NULL
R priorParameters: 2 8 
R maxT: 1 
R_PriorDraw_first_mu: 0.5755319 
R_PriorDraw_first_nu: 1.415753 
R-CCU: Before ClusterLabelChange for i = 46 newLabel= 1 currentLabel= 1 
R-CCU: sum(pointsPerCluster) = 845 
 num [1:2] 842 3
NULL
R-CCU: After ClusterLabelChange for i = 46 
R-CCU: sum(pointsPerCluster) = 846 
 num [1:2] 843 3
NULL
R-CCU: dpObj$numberClusters = 2 
List of 2
 $ : num [1, 1, 1:2] 0.334 0.395
 $ : num [1, 1, 1:2] 8.61 5.35
NULL
R priorParameters: 2 8 
R maxT: 1 
R_PriorDraw_first_mu: 0.6653293 
R_PriorDraw_first_nu: 123.251 
R-CCU: Before ClusterLabelChange for i = 47 newLabel= 1 currentLabel= 1 
R-CCU: sum(pointsPerCluster) = 846 
 num [1:2] 843 3
NULL
R-CCU: After ClusterLabelChange for i = 47 
R-CCU: sum(pointsPerCluster) = 847 
 num [1:2] 844 3
NULL
R-CCU: dpObj$numberClusters = 2 
List of 2
 $ : num [1, 1, 1:2] 0.334 0.395
 $ : num [1, 1, 1:2] 8.61 5.35
NULL
R priorParameters: 2 8 
R maxT: 1 
R_PriorDraw_first_mu: 0.03709419 
R_PriorDraw_first_nu: 5.90633 
R-CCU: Before ClusterLabelChange for i = 48 newLabel= 1 currentLabel= 1 
R-CCU: sum(pointsPerCluster) = 847 
 num [1:2] 844 3
NULL
R-CCU: After ClusterLabelChange for i = 48 
R-CCU: sum(pointsPerCluster) = 848 
 num [1:2] 845 3
NULL
R-CCU: dpObj$numberClusters = 2 
List of 2
 $ : num [1, 1, 1:2] 0.334 0.395
 $ : num [1, 1, 1:2] 8.61 5.35
NULL
R priorParameters: 2 8 
R maxT: 1 
R_PriorDraw_first_mu: 0.8232276 
R_PriorDraw_first_nu: 4.289445 
R-CCU: Before ClusterLabelChange for i = 49 newLabel= 1 currentLabel= 1 
R-CCU: sum(pointsPerCluster) = 848 
 num [1:2] 845 3
NULL
R-CCU: After ClusterLabelChange for i = 49 
R-CCU: sum(pointsPerCluster) = 849 
 num [1:2] 846 3
NULL
R-CCU: dpObj$numberClusters = 2 
List of 2
 $ : num [1, 1, 1:2] 0.334 0.395
 $ : num [1, 1, 1:2] 8.61 5.35
NULL
R priorParameters: 2 8 
R maxT: 1 
R_PriorDraw_first_mu: 0.2729902 
R_PriorDraw_first_nu: 2.922526 
R-CCU: Before ClusterLabelChange for i = 50 newLabel= 1 currentLabel= 1 
R-CCU: sum(pointsPerCluster) = 849 
 num [1:2] 846 3
NULL
R-CCU: After ClusterLabelChange for i = 50 
R-CCU: sum(pointsPerCluster) = 850 
 num [1:2] 847 3
NULL
R-CCU: dpObj$numberClusters = 2 
List of 2
 $ : num [1, 1, 1:2] 0.334 0.395
 $ : num [1, 1, 1:2] 8.61 5.35
NULL
R priorParameters: 2 8 
R maxT: 1 
R_PriorDraw_first_mu: 0.09545164 
R_PriorDraw_first_nu: 9.972632 
R-CCU: Before ClusterLabelChange for i = 51 newLabel= 1 currentLabel= 1 
R-CCU: sum(pointsPerCluster) = 850 
 num [1:2] 847 3
NULL
R-CCU: After ClusterLabelChange for i = 51 
R-CCU: sum(pointsPerCluster) = 851 
 num [1:2] 848 3
NULL
R-CCU: dpObj$numberClusters = 2 
List of 2
 $ : num [1, 1, 1:2] 0.334 0.395
 $ : num [1, 1, 1:2] 8.61 5.35
NULL
R priorParameters: 2 8 
R maxT: 1 
R_PriorDraw_first_mu: 0.9903977 
R_PriorDraw_first_nu: 11.1918 
R-CCU: Before ClusterLabelChange for i = 52 newLabel= 1 currentLabel= 1 
R-CCU: sum(pointsPerCluster) = 851 
 num [1:2] 848 3
NULL
R-CCU: After ClusterLabelChange for i = 52 
R-CCU: sum(pointsPerCluster) = 852 
 num [1:2] 849 3
NULL
R-CCU: dpObj$numberClusters = 2 
List of 2
 $ : num [1, 1, 1:2] 0.334 0.395
 $ : num [1, 1, 1:2] 8.61 5.35
NULL
R priorParameters: 2 8 
R maxT: 1 
R_PriorDraw_first_mu: 0.1588954 
R_PriorDraw_first_nu: 6.706666 
R-CCU: Before ClusterLabelChange for i = 53 newLabel= 1 currentLabel= 1 
R-CCU: sum(pointsPerCluster) = 852 
 num [1:2] 849 3
NULL
R-CCU: After ClusterLabelChange for i = 53 
R-CCU: sum(pointsPerCluster) = 853 
 num [1:2] 850 3
NULL
R-CCU: dpObj$numberClusters = 2 
List of 2
 $ : num [1, 1, 1:2] 0.334 0.395
 $ : num [1, 1, 1:2] 8.61 5.35
NULL
R priorParameters: 2 8 
R maxT: 1 
R_PriorDraw_first_mu: 0.4901917 
R_PriorDraw_first_nu: 20.04307 
R-CCU: Before ClusterLabelChange for i = 54 newLabel= 1 currentLabel= 1 
R-CCU: sum(pointsPerCluster) = 853 
 num [1:2] 850 3
NULL
R-CCU: After ClusterLabelChange for i = 54 
R-CCU: sum(pointsPerCluster) = 854 
 num [1:2] 851 3
NULL
R-CCU: dpObj$numberClusters = 2 
List of 2
 $ : num [1, 1, 1:2] 0.334 0.395
 $ : num [1, 1, 1:2] 8.61 5.35
NULL
R priorParameters: 2 8 
R maxT: 1 
R_PriorDraw_first_mu: 0.3220363 
R_PriorDraw_first_nu: 1.939037 
R-CCU: Before ClusterLabelChange for i = 55 newLabel= 1 currentLabel= 1 
R-CCU: sum(pointsPerCluster) = 854 
 num [1:2] 851 3
NULL
R-CCU: After ClusterLabelChange for i = 55 
R-CCU: sum(pointsPerCluster) = 855 
 num [1:2] 852 3
NULL
R-CCU: dpObj$numberClusters = 2 
List of 2
 $ : num [1, 1, 1:2] 0.334 0.395
 $ : num [1, 1, 1:2] 8.61 5.35
NULL
R priorParameters: 2 8 
R maxT: 1 
R_PriorDraw_first_mu: 0.1409389 
R_PriorDraw_first_nu: 3.002831 
R-CCU: Before ClusterLabelChange for i = 56 newLabel= 1 currentLabel= 1 
R-CCU: sum(pointsPerCluster) = 855 
 num [1:2] 852 3
NULL
R-CCU: After ClusterLabelChange for i = 56 
R-CCU: sum(pointsPerCluster) = 856 
 num [1:2] 853 3
NULL
R-CCU: dpObj$numberClusters = 2 
List of 2
 $ : num [1, 1, 1:2] 0.334 0.395
 $ : num [1, 1, 1:2] 8.61 5.35
NULL
R priorParameters: 2 8 
R maxT: 1 
R_PriorDraw_first_mu: 0.2633279 
R_PriorDraw_first_nu: 4.655013 
R-CCU: Before ClusterLabelChange for i = 57 newLabel= 1 currentLabel= 1 
R-CCU: sum(pointsPerCluster) = 856 
 num [1:2] 853 3
NULL
R-CCU: After ClusterLabelChange for i = 57 
R-CCU: sum(pointsPerCluster) = 857 
 num [1:2] 854 3
NULL
R-CCU: dpObj$numberClusters = 2 
List of 2
 $ : num [1, 1, 1:2] 0.334 0.395
 $ : num [1, 1, 1:2] 8.61 5.35
NULL
R priorParameters: 2 8 
R maxT: 1 
R_PriorDraw_first_mu: 0.6524987 
R_PriorDraw_first_nu: 5.217092 
R-CCU: Before ClusterLabelChange for i = 58 newLabel= 1 currentLabel= 1 
R-CCU: sum(pointsPerCluster) = 857 
 num [1:2] 854 3
NULL
R-CCU: After ClusterLabelChange for i = 58 
R-CCU: sum(pointsPerCluster) = 858 
 num [1:2] 855 3
NULL
R-CCU: dpObj$numberClusters = 2 
List of 2
 $ : num [1, 1, 1:2] 0.334 0.395
 $ : num [1, 1, 1:2] 8.61 5.35
NULL
R priorParameters: 2 8 
R maxT: 1 
R_PriorDraw_first_mu: 0.8255141 
R_PriorDraw_first_nu: 1.431255 
R-CCU: Before ClusterLabelChange for i = 59 newLabel= 1 currentLabel= 1 
R-CCU: sum(pointsPerCluster) = 858 
 num [1:2] 855 3
NULL
R-CCU: After ClusterLabelChange for i = 59 
R-CCU: sum(pointsPerCluster) = 859 
 num [1:2] 856 3
NULL
R-CCU: dpObj$numberClusters = 2 
List of 2
 $ : num [1, 1, 1:2] 0.334 0.395
 $ : num [1, 1, 1:2] 8.61 5.35
NULL
R priorParameters: 2 8 
R maxT: 1 
R_PriorDraw_first_mu: 0.06540821 
R_PriorDraw_first_nu: 1.5045 
R-CCU: Before ClusterLabelChange for i = 60 newLabel= 1 currentLabel= 1 
R-CCU: sum(pointsPerCluster) = 859 
 num [1:2] 856 3
NULL
R-CCU: After ClusterLabelChange for i = 60 
R-CCU: sum(pointsPerCluster) = 860 
 num [1:2] 857 3
NULL
R-CCU: dpObj$numberClusters = 2 
List of 2
 $ : num [1, 1, 1:2] 0.334 0.395
 $ : num [1, 1, 1:2] 8.61 5.35
NULL
R priorParameters: 2 8 
R maxT: 1 
R_PriorDraw_first_mu: 0.6197507 
R_PriorDraw_first_nu: 4.461551 
R-CCU: Before ClusterLabelChange for i = 61 newLabel= 1 currentLabel= 1 
R-CCU: sum(pointsPerCluster) = 860 
 num [1:2] 857 3
NULL
R-CCU: After ClusterLabelChange for i = 61 
R-CCU: sum(pointsPerCluster) = 861 
 num [1:2] 858 3
NULL
R-CCU: dpObj$numberClusters = 2 
List of 2
 $ : num [1, 1, 1:2] 0.334 0.395
 $ : num [1, 1, 1:2] 8.61 5.35
NULL
R priorParameters: 2 8 
R maxT: 1 
R_PriorDraw_first_mu: 0.1911584 
R_PriorDraw_first_nu: 2.248387 
R-CCU: Before ClusterLabelChange for i = 62 newLabel= 1 currentLabel= 1 
R-CCU: sum(pointsPerCluster) = 861 
 num [1:2] 858 3
NULL
R-CCU: After ClusterLabelChange for i = 62 
R-CCU: sum(pointsPerCluster) = 862 
 num [1:2] 859 3
NULL
R-CCU: dpObj$numberClusters = 2 
List of 2
 $ : num [1, 1, 1:2] 0.334 0.395
 $ : num [1, 1, 1:2] 8.61 5.35
NULL
R priorParameters: 2 8 
R maxT: 1 
R_PriorDraw_first_mu: 0.9321547 
R_PriorDraw_first_nu: 3.073607 
R-CCU: Before ClusterLabelChange for i = 63 newLabel= 1 currentLabel= 1 
R-CCU: sum(pointsPerCluster) = 862 
 num [1:2] 859 3
NULL
R-CCU: After ClusterLabelChange for i = 63 
R-CCU: sum(pointsPerCluster) = 863 
 num [1:2] 860 3
NULL
R-CCU: dpObj$numberClusters = 2 
List of 2
 $ : num [1, 1, 1:2] 0.334 0.395
 $ : num [1, 1, 1:2] 8.61 5.35
NULL
R priorParameters: 2 8 
R maxT: 1 
R_PriorDraw_first_mu: 0.1719813 
R_PriorDraw_first_nu: 1.265592 
R-CCU: Before ClusterLabelChange for i = 64 newLabel= 1 currentLabel= 1 
R-CCU: sum(pointsPerCluster) = 863 
 num [1:2] 860 3
NULL
R-CCU: After ClusterLabelChange for i = 64 
R-CCU: sum(pointsPerCluster) = 864 
 num [1:2] 861 3
NULL
R-CCU: dpObj$numberClusters = 2 
List of 2
 $ : num [1, 1, 1:2] 0.334 0.395
 $ : num [1, 1, 1:2] 8.61 5.35
NULL
R priorParameters: 2 8 
R maxT: 1 
R_PriorDraw_first_mu: 0.9107601 
R_PriorDraw_first_nu: 6.987518 
R-CCU: Before ClusterLabelChange for i = 65 newLabel= 1 currentLabel= 1 
R-CCU: sum(pointsPerCluster) = 864 
 num [1:2] 861 3
NULL
R-CCU: After ClusterLabelChange for i = 65 
R-CCU: sum(pointsPerCluster) = 865 
 num [1:2] 862 3
NULL
R-CCU: dpObj$numberClusters = 2 
List of 2
 $ : num [1, 1, 1:2] 0.334 0.395
 $ : num [1, 1, 1:2] 8.61 5.35
NULL
R priorParameters: 2 8 
R maxT: 1 
R_PriorDraw_first_mu: 0.4609461 
R_PriorDraw_first_nu: 2.466493 
R-CCU: Before ClusterLabelChange for i = 66 newLabel= 1 currentLabel= 1 
R-CCU: sum(pointsPerCluster) = 865 
 num [1:2] 862 3
NULL
R-CCU: After ClusterLabelChange for i = 66 
R-CCU: sum(pointsPerCluster) = 866 
 num [1:2] 863 3
NULL
R-CCU: dpObj$numberClusters = 2 
List of 2
 $ : num [1, 1, 1:2] 0.334 0.395
 $ : num [1, 1, 1:2] 8.61 5.35
NULL
R priorParameters: 2 8 
R maxT: 1 
R_PriorDraw_first_mu: 0.8140939 
R_PriorDraw_first_nu: 6.668252 
R-CCU: Before ClusterLabelChange for i = 67 newLabel= 1 currentLabel= 1 
R-CCU: sum(pointsPerCluster) = 866 
 num [1:2] 863 3
NULL
R-CCU: After ClusterLabelChange for i = 67 
R-CCU: sum(pointsPerCluster) = 867 
 num [1:2] 864 3
NULL
R-CCU: dpObj$numberClusters = 2 
List of 2
 $ : num [1, 1, 1:2] 0.334 0.395
 $ : num [1, 1, 1:2] 8.61 5.35
NULL
R priorParameters: 2 8 
R maxT: 1 
R_PriorDraw_first_mu: 0.5796377 
R_PriorDraw_first_nu: 5.662459 
R-CCU: Before ClusterLabelChange for i = 68 newLabel= 1 currentLabel= 1 
R-CCU: sum(pointsPerCluster) = 867 
 num [1:2] 864 3
NULL
R-CCU: After ClusterLabelChange for i = 68 
R-CCU: sum(pointsPerCluster) = 868 
 num [1:2] 865 3
NULL
R-CCU: dpObj$numberClusters = 2 
List of 2
 $ : num [1, 1, 1:2] 0.334 0.395
 $ : num [1, 1, 1:2] 8.61 5.35
NULL
R priorParameters: 2 8 
R maxT: 1 
R_PriorDraw_first_mu: 0.8187021 
R_PriorDraw_first_nu: 8.107876 
R-CCU: Before ClusterLabelChange for i = 69 newLabel= 1 currentLabel= 1 
R-CCU: sum(pointsPerCluster) = 868 
 num [1:2] 865 3
NULL
R-CCU: After ClusterLabelChange for i = 69 
R-CCU: sum(pointsPerCluster) = 869 
 num [1:2] 866 3
NULL
R-CCU: dpObj$numberClusters = 2 
List of 2
 $ : num [1, 1, 1:2] 0.334 0.395
 $ : num [1, 1, 1:2] 8.61 5.35
NULL
R priorParameters: 2 8 
R maxT: 1 
R_PriorDraw_first_mu: 0.3277216 
R_PriorDraw_first_nu: 4.016251 
R-CCU: Before ClusterLabelChange for i = 70 newLabel= 1 currentLabel= 1 
R-CCU: sum(pointsPerCluster) = 869 
 num [1:2] 866 3
NULL
R-CCU: After ClusterLabelChange for i = 70 
R-CCU: sum(pointsPerCluster) = 870 
 num [1:2] 867 3
NULL
R-CCU: dpObj$numberClusters = 2 
List of 2
 $ : num [1, 1, 1:2] 0.334 0.395
 $ : num [1, 1, 1:2] 8.61 5.35
NULL
R priorParameters: 2 8 
R maxT: 1 
R_PriorDraw_first_mu: 0.2094004 
R_PriorDraw_first_nu: 3.060424 
R-CCU: Before ClusterLabelChange for i = 71 newLabel= 1 currentLabel= 1 
R-CCU: sum(pointsPerCluster) = 870 
 num [1:2] 867 3
NULL
R-CCU: After ClusterLabelChange for i = 71 
R-CCU: sum(pointsPerCluster) = 871 
 num [1:2] 868 3
NULL
R-CCU: dpObj$numberClusters = 2 
List of 2
 $ : num [1, 1, 1:2] 0.334 0.395
 $ : num [1, 1, 1:2] 8.61 5.35
NULL
R priorParameters: 2 8 
R maxT: 1 
R_PriorDraw_first_mu: 0.08021657 
R_PriorDraw_first_nu: 2.441388 
R-CCU: Before ClusterLabelChange for i = 72 newLabel= 1 currentLabel= 1 
R-CCU: sum(pointsPerCluster) = 871 
 num [1:2] 868 3
NULL
R-CCU: After ClusterLabelChange for i = 72 
R-CCU: sum(pointsPerCluster) = 872 
 num [1:2] 869 3
NULL
R-CCU: dpObj$numberClusters = 2 
List of 2
 $ : num [1, 1, 1:2] 0.334 0.395
 $ : num [1, 1, 1:2] 8.61 5.35
NULL
R priorParameters: 2 8 
R maxT: 1 
R_PriorDraw_first_mu: 0.3303655 
R_PriorDraw_first_nu: 1.293401 
R-CCU: Before ClusterLabelChange for i = 73 newLabel= 1 currentLabel= 1 
R-CCU: sum(pointsPerCluster) = 872 
 num [1:2] 869 3
NULL
R-CCU: After ClusterLabelChange for i = 73 
R-CCU: sum(pointsPerCluster) = 873 
 num [1:2] 870 3
NULL
R-CCU: dpObj$numberClusters = 2 
List of 2
 $ : num [1, 1, 1:2] 0.334 0.395
 $ : num [1, 1, 1:2] 8.61 5.35
NULL
R priorParameters: 2 8 
R maxT: 1 
R_PriorDraw_first_mu: 0.8786382 
R_PriorDraw_first_nu: 2.775332 
R-CCU: Before ClusterLabelChange for i = 74 newLabel= 1 currentLabel= 1 
R-CCU: sum(pointsPerCluster) = 873 
 num [1:2] 870 3
NULL
R-CCU: After ClusterLabelChange for i = 74 
R-CCU: sum(pointsPerCluster) = 874 
 num [1:2] 871 3
NULL
R-CCU: dpObj$numberClusters = 2 
List of 2
 $ : num [1, 1, 1:2] 0.334 0.395
 $ : num [1, 1, 1:2] 8.61 5.35
NULL
R priorParameters: 2 8 
R maxT: 1 
R_PriorDraw_first_mu: 0.9866526 
R_PriorDraw_first_nu: 1.188181 
R-CCU: Before ClusterLabelChange for i = 75 newLabel= 1 currentLabel= 1 
R-CCU: sum(pointsPerCluster) = 874 
 num [1:2] 871 3
NULL
R-CCU: After ClusterLabelChange for i = 75 
R-CCU: sum(pointsPerCluster) = 875 
 num [1:2] 872 3
NULL
R-CCU: dpObj$numberClusters = 2 
List of 2
 $ : num [1, 1, 1:2] 0.334 0.395
 $ : num [1, 1, 1:2] 8.61 5.35
NULL
R priorParameters: 2 8 
R maxT: 1 
R_PriorDraw_first_mu: 0.2694725 
R_PriorDraw_first_nu: 3.354156 
R-CCU: Before ClusterLabelChange for i = 76 newLabel= 1 currentLabel= 1 
R-CCU: sum(pointsPerCluster) = 875 
 num [1:2] 872 3
NULL
R-CCU: After ClusterLabelChange for i = 76 
R-CCU: sum(pointsPerCluster) = 876 
 num [1:2] 873 3
NULL
R-CCU: dpObj$numberClusters = 2 
List of 2
 $ : num [1, 1, 1:2] 0.334 0.395
 $ : num [1, 1, 1:2] 8.61 5.35
NULL
R priorParameters: 2 8 
R maxT: 1 
R_PriorDraw_first_mu: 0.8458108 
R_PriorDraw_first_nu: 2.420175 
R-CCU: Before ClusterLabelChange for i = 77 newLabel= 1 currentLabel= 1 
R-CCU: sum(pointsPerCluster) = 876 
 num [1:2] 873 3
NULL
R-CCU: After ClusterLabelChange for i = 77 
R-CCU: sum(pointsPerCluster) = 877 
 num [1:2] 874 3
NULL
R-CCU: dpObj$numberClusters = 2 
List of 2
 $ : num [1, 1, 1:2] 0.334 0.395
 $ : num [1, 1, 1:2] 8.61 5.35
NULL
R priorParameters: 2 8 
R maxT: 1 
R_PriorDraw_first_mu: 0.4199101 
R_PriorDraw_first_nu: 4.593695 
R-CCU: Before ClusterLabelChange for i = 78 newLabel= 1 currentLabel= 1 
R-CCU: sum(pointsPerCluster) = 877 
 num [1:2] 874 3
NULL
R-CCU: After ClusterLabelChange for i = 78 
R-CCU: sum(pointsPerCluster) = 878 
 num [1:2] 875 3
NULL
R-CCU: dpObj$numberClusters = 2 
List of 2
 $ : num [1, 1, 1:2] 0.334 0.395
 $ : num [1, 1, 1:2] 8.61 5.35
NULL
R priorParameters: 2 8 
R maxT: 1 
R_PriorDraw_first_mu: 0.328 
R_PriorDraw_first_nu: 4.29777 
R-CCU: Before ClusterLabelChange for i = 79 newLabel= 1 currentLabel= 1 
R-CCU: sum(pointsPerCluster) = 878 
 num [1:2] 875 3
NULL
R-CCU: After ClusterLabelChange for i = 79 
R-CCU: sum(pointsPerCluster) = 879 
 num [1:2] 876 3
NULL
R-CCU: dpObj$numberClusters = 2 
List of 2
 $ : num [1, 1, 1:2] 0.334 0.395
 $ : num [1, 1, 1:2] 8.61 5.35
NULL
R priorParameters: 2 8 
R maxT: 1 
R_PriorDraw_first_mu: 0.3588257 
R_PriorDraw_first_nu: 3.187918 
R-CCU: Before ClusterLabelChange for i = 80 newLabel= 1 currentLabel= 1 
R-CCU: sum(pointsPerCluster) = 879 
 num [1:2] 876 3
NULL
R-CCU: After ClusterLabelChange for i = 80 
R-CCU: sum(pointsPerCluster) = 880 
 num [1:2] 877 3
NULL
R-CCU: dpObj$numberClusters = 2 
List of 2
 $ : num [1, 1, 1:2] 0.334 0.395
 $ : num [1, 1, 1:2] 8.61 5.35
NULL
R priorParameters: 2 8 
R maxT: 1 
R_PriorDraw_first_mu: 0.6874352 
R_PriorDraw_first_nu: 8.100006 
R-CCU: Before ClusterLabelChange for i = 81 newLabel= 1 currentLabel= 1 
R-CCU: sum(pointsPerCluster) = 880 
 num [1:2] 877 3
NULL
R-CCU: After ClusterLabelChange for i = 81 
R-CCU: sum(pointsPerCluster) = 881 
 num [1:2] 878 3
NULL
R-CCU: dpObj$numberClusters = 2 
List of 2
 $ : num [1, 1, 1:2] 0.334 0.395
 $ : num [1, 1, 1:2] 8.61 5.35
NULL
R priorParameters: 2 8 
R maxT: 1 
R_PriorDraw_first_mu: 0.5303894 
R_PriorDraw_first_nu: 15.59146 
R-CCU: Before ClusterLabelChange for i = 82 newLabel= 1 currentLabel= 1 
R-CCU: sum(pointsPerCluster) = 881 
 num [1:2] 878 3
NULL
R-CCU: After ClusterLabelChange for i = 82 
R-CCU: sum(pointsPerCluster) = 882 
 num [1:2] 879 3
NULL
R-CCU: dpObj$numberClusters = 2 
List of 2
 $ : num [1, 1, 1:2] 0.334 0.395
 $ : num [1, 1, 1:2] 8.61 5.35
NULL
R priorParameters: 2 8 
R maxT: 1 
R_PriorDraw_first_mu: 0.6599336 
R_PriorDraw_first_nu: 8.587467 
R-CCU: Before ClusterLabelChange for i = 83 newLabel= 1 currentLabel= 1 
R-CCU: sum(pointsPerCluster) = 882 
 num [1:2] 879 3
NULL
R-CCU: After ClusterLabelChange for i = 83 
R-CCU: sum(pointsPerCluster) = 883 
 num [1:2] 880 3
NULL
R-CCU: dpObj$numberClusters = 2 
List of 2
 $ : num [1, 1, 1:2] 0.334 0.395
 $ : num [1, 1, 1:2] 8.61 5.35
NULL
R priorParameters: 2 8 
R maxT: 1 
R_PriorDraw_first_mu: 0.3031388 
R_PriorDraw_first_nu: 3.689387 
R-CCU: Before ClusterLabelChange for i = 84 newLabel= 1 currentLabel= 1 
R-CCU: sum(pointsPerCluster) = 883 
 num [1:2] 880 3
NULL
R-CCU: After ClusterLabelChange for i = 84 
R-CCU: sum(pointsPerCluster) = 884 
 num [1:2] 881 3
NULL
R-CCU: dpObj$numberClusters = 2 
List of 2
 $ : num [1, 1, 1:2] 0.334 0.395
 $ : num [1, 1, 1:2] 8.61 5.35
NULL
R priorParameters: 2 8 
R maxT: 1 
R_PriorDraw_first_mu: 0.4322088 
R_PriorDraw_first_nu: 2.704988 
R-CCU: Before ClusterLabelChange for i = 85 newLabel= 1 currentLabel= 1 
R-CCU: sum(pointsPerCluster) = 884 
 num [1:2] 881 3
NULL
R-CCU: After ClusterLabelChange for i = 85 
R-CCU: sum(pointsPerCluster) = 885 
 num [1:2] 882 3
NULL
R-CCU: dpObj$numberClusters = 2 
List of 2
 $ : num [1, 1, 1:2] 0.334 0.395
 $ : num [1, 1, 1:2] 8.61 5.35
NULL
R priorParameters: 2 8 
R maxT: 1 
R_PriorDraw_first_mu: 0.03354968 
R_PriorDraw_first_nu: 4.992975 
R-CCU: Before ClusterLabelChange for i = 86 newLabel= 1 currentLabel= 1 
R-CCU: sum(pointsPerCluster) = 885 
 num [1:2] 882 3
NULL
R-CCU: After ClusterLabelChange for i = 86 
R-CCU: sum(pointsPerCluster) = 886 
 num [1:2] 883 3
NULL
R-CCU: dpObj$numberClusters = 2 
List of 2
 $ : num [1, 1, 1:2] 0.334 0.395
 $ : num [1, 1, 1:2] 8.61 5.35
NULL
R priorParameters: 2 8 
R maxT: 1 
R_PriorDraw_first_mu: 0.2178324 
R_PriorDraw_first_nu: 1.596806 
R-CCU: Before ClusterLabelChange for i = 87 newLabel= 1 currentLabel= 1 
R-CCU: sum(pointsPerCluster) = 886 
 num [1:2] 883 3
NULL
R-CCU: After ClusterLabelChange for i = 87 
R-CCU: sum(pointsPerCluster) = 887 
 num [1:2] 884 3
NULL
R-CCU: dpObj$numberClusters = 2 
List of 2
 $ : num [1, 1, 1:2] 0.334 0.395
 $ : num [1, 1, 1:2] 8.61 5.35
NULL
R priorParameters: 2 8 
R maxT: 1 
R_PriorDraw_first_mu: 0.4696739 
R_PriorDraw_first_nu: 3.053982 
R-CCU: Before ClusterLabelChange for i = 88 newLabel= 1 currentLabel= 1 
R-CCU: sum(pointsPerCluster) = 887 
 num [1:2] 884 3
NULL
R-CCU: After ClusterLabelChange for i = 88 
R-CCU: sum(pointsPerCluster) = 888 
 num [1:2] 885 3
NULL
R-CCU: dpObj$numberClusters = 2 
List of 2
 $ : num [1, 1, 1:2] 0.334 0.395
 $ : num [1, 1, 1:2] 8.61 5.35
NULL
R priorParameters: 2 8 
R maxT: 1 
R_PriorDraw_first_mu: 0.8068852 
R_PriorDraw_first_nu: 2.421213 
R-CCU: Before ClusterLabelChange for i = 89 newLabel= 1 currentLabel= 1 
R-CCU: sum(pointsPerCluster) = 888 
 num [1:2] 885 3
NULL
R-CCU: After ClusterLabelChange for i = 89 
R-CCU: sum(pointsPerCluster) = 889 
 num [1:2] 886 3
NULL
R-CCU: dpObj$numberClusters = 2 
List of 2
 $ : num [1, 1, 1:2] 0.334 0.395
 $ : num [1, 1, 1:2] 8.61 5.35
NULL
R priorParameters: 2 8 
R maxT: 1 
R_PriorDraw_first_mu: 0.3608537 
R_PriorDraw_first_nu: 3.185448 
R-CCU: Before ClusterLabelChange for i = 90 newLabel= 1 currentLabel= 1 
R-CCU: sum(pointsPerCluster) = 889 
 num [1:2] 886 3
NULL
R-CCU: After ClusterLabelChange for i = 90 
R-CCU: sum(pointsPerCluster) = 890 
 num [1:2] 887 3
NULL
R-CCU: dpObj$numberClusters = 2 
List of 2
 $ : num [1, 1, 1:2] 0.334 0.395
 $ : num [1, 1, 1:2] 8.61 5.35
NULL
R priorParameters: 2 8 
R maxT: 1 
R_PriorDraw_first_mu: 0.2296474 
R_PriorDraw_first_nu: 19.68973 
R-CCU: Before ClusterLabelChange for i = 91 newLabel= 1 currentLabel= 1 
R-CCU: sum(pointsPerCluster) = 890 
 num [1:2] 887 3
NULL
R-CCU: After ClusterLabelChange for i = 91 
R-CCU: sum(pointsPerCluster) = 891 
 num [1:2] 888 3
NULL
R-CCU: dpObj$numberClusters = 2 
List of 2
 $ : num [1, 1, 1:2] 0.334 0.395
 $ : num [1, 1, 1:2] 8.61 5.35
NULL
R priorParameters: 2 8 
R maxT: 1 
R_PriorDraw_first_mu: 0.7208204 
R_PriorDraw_first_nu: 2.436635 
R-CCU: Before ClusterLabelChange for i = 92 newLabel= 1 currentLabel= 1 
R-CCU: sum(pointsPerCluster) = 891 
 num [1:2] 888 3
NULL
R-CCU: After ClusterLabelChange for i = 92 
R-CCU: sum(pointsPerCluster) = 892 
 num [1:2] 889 3
NULL
R-CCU: dpObj$numberClusters = 2 
List of 2
 $ : num [1, 1, 1:2] 0.334 0.395
 $ : num [1, 1, 1:2] 8.61 5.35
NULL
R priorParameters: 2 8 
R maxT: 1 
R_PriorDraw_first_mu: 0.4360169 
R_PriorDraw_first_nu: 7.471315 
R-CCU: Before ClusterLabelChange for i = 93 newLabel= 1 currentLabel= 1 
R-CCU: sum(pointsPerCluster) = 892 
 num [1:2] 889 3
NULL
R-CCU: After ClusterLabelChange for i = 93 
R-CCU: sum(pointsPerCluster) = 893 
 num [1:2] 890 3
NULL
R-CCU: dpObj$numberClusters = 2 
List of 2
 $ : num [1, 1, 1:2] 0.334 0.395
 $ : num [1, 1, 1:2] 8.61 5.35
NULL
R priorParameters: 2 8 
R maxT: 1 
R_PriorDraw_first_mu: 0.461199 
R_PriorDraw_first_nu: 2.502436 
R-CCU: Before ClusterLabelChange for i = 94 newLabel= 1 currentLabel= 1 
R-CCU: sum(pointsPerCluster) = 893 
 num [1:2] 890 3
NULL
R-CCU: After ClusterLabelChange for i = 94 
R-CCU: sum(pointsPerCluster) = 894 
 num [1:2] 891 3
NULL
R-CCU: dpObj$numberClusters = 2 
List of 2
 $ : num [1, 1, 1:2] 0.334 0.395
 $ : num [1, 1, 1:2] 8.61 5.35
NULL
R priorParameters: 2 8 
R maxT: 1 
R_PriorDraw_first_mu: 0.5780322 
R_PriorDraw_first_nu: 2.820989 
R-CCU: Before ClusterLabelChange for i = 95 newLabel= 1 currentLabel= 1 
R-CCU: sum(pointsPerCluster) = 894 
 num [1:2] 891 3
NULL
R-CCU: After ClusterLabelChange for i = 95 
R-CCU: sum(pointsPerCluster) = 895 
 num [1:2] 892 3
NULL
R-CCU: dpObj$numberClusters = 2 
List of 2
 $ : num [1, 1, 1:2] 0.334 0.395
 $ : num [1, 1, 1:2] 8.61 5.35
NULL
R priorParameters: 2 8 
R maxT: 1 
R_PriorDraw_first_mu: 0.9417651 
R_PriorDraw_first_nu: 20.76104 
R-CCU: Before ClusterLabelChange for i = 96 newLabel= 1 currentLabel= 1 
R-CCU: sum(pointsPerCluster) = 895 
 num [1:2] 892 3
NULL
R-CCU: After ClusterLabelChange for i = 96 
R-CCU: sum(pointsPerCluster) = 896 
 num [1:2] 893 3
NULL
R-CCU: dpObj$numberClusters = 2 
List of 2
 $ : num [1, 1, 1:2] 0.334 0.395
 $ : num [1, 1, 1:2] 8.61 5.35
NULL
R priorParameters: 2 8 
R maxT: 1 
R_PriorDraw_first_mu: 0.369682 
R_PriorDraw_first_nu: 2.14364 
R-CCU: Before ClusterLabelChange for i = 97 newLabel= 1 currentLabel= 1 
R-CCU: sum(pointsPerCluster) = 896 
 num [1:2] 893 3
NULL
R-CCU: After ClusterLabelChange for i = 97 
R-CCU: sum(pointsPerCluster) = 897 
 num [1:2] 894 3
NULL
R-CCU: dpObj$numberClusters = 2 
List of 2
 $ : num [1, 1, 1:2] 0.334 0.395
 $ : num [1, 1, 1:2] 8.61 5.35
NULL
R priorParameters: 2 8 
R maxT: 1 
R_PriorDraw_first_mu: 0.8810567 
R_PriorDraw_first_nu: 3.855927 
R-CCU: Before ClusterLabelChange for i = 98 newLabel= 1 currentLabel= 1 
R-CCU: sum(pointsPerCluster) = 897 
 num [1:2] 894 3
NULL
R-CCU: After ClusterLabelChange for i = 98 
R-CCU: sum(pointsPerCluster) = 898 
 num [1:2] 895 3
NULL
R-CCU: dpObj$numberClusters = 2 
List of 2
 $ : num [1, 1, 1:2] 0.334 0.395
 $ : num [1, 1, 1:2] 8.61 5.35
NULL
R priorParameters: 2 8 
R maxT: 1 
R_PriorDraw_first_mu: 0.9654382 
R_PriorDraw_first_nu: 5.099787 
R-CCU: Before ClusterLabelChange for i = 99 newLabel= 1 currentLabel= 1 
R-CCU: sum(pointsPerCluster) = 898 
 num [1:2] 895 3
NULL
R-CCU: After ClusterLabelChange for i = 99 
R-CCU: sum(pointsPerCluster) = 899 
 num [1:2] 896 3
NULL
R-CCU: dpObj$numberClusters = 2 
List of 2
 $ : num [1, 1, 1:2] 0.334 0.395
 $ : num [1, 1, 1:2] 8.61 5.35
NULL
R priorParameters: 2 8 
R maxT: 1 
R_PriorDraw_first_mu: 0.7227103 
R_PriorDraw_first_nu: 11.45786 
R-CCU: Before ClusterLabelChange for i = 100 newLabel= 1 currentLabel= 1 
R-CCU: sum(pointsPerCluster) = 899 
 num [1:2] 896 3
NULL
R-CCU: After ClusterLabelChange for i = 100 
R-CCU: sum(pointsPerCluster) = 900 
 num [1:2] 897 3
NULL
R-CCU: dpObj$numberClusters = 2 
List of 2
 $ : num [1, 1, 1:2] 0.334 0.395
 $ : num [1, 1, 1:2] 8.61 5.35
NULL

⠙ | 1 116      5 | Beta Distribution Full Integration Test         R priorParameters: 2 8 
R maxT: 1 
R_PriorDraw_first_mu: 0.422007 
R_PriorDraw_first_nu: 3.900463 
R-CCU: Before ClusterLabelChange for i = 1 newLabel= 1 currentLabel= 1 
R-CCU: sum(pointsPerCluster) = 900 
 num [1:2] 897 3
NULL
R-CCU: After ClusterLabelChange for i = 1 
R-CCU: sum(pointsPerCluster) = 901 
 num [1:2] 898 3
NULL
R-CCU: dpObj$numberClusters = 2 
List of 2
 $ : num [1, 1, 1:2] 0.361 0.395
 $ : num [1, 1, 1:2] 8.86 5.35
NULL
R priorParameters: 2 8 
R maxT: 1 
R_PriorDraw_first_mu: 0.8665919 
R_PriorDraw_first_nu: 5.121291 
R-CCU: Before ClusterLabelChange for i = 2 newLabel= 1 currentLabel= 1 
R-CCU: sum(pointsPerCluster) = 901 
 num [1:2] 898 3
NULL
R-CCU: After ClusterLabelChange for i = 2 
R-CCU: sum(pointsPerCluster) = 902 
 num [1:2] 899 3
NULL
R-CCU: dpObj$numberClusters = 2 
List of 2
 $ : num [1, 1, 1:2] 0.361 0.395
 $ : num [1, 1, 1:2] 8.86 5.35
NULL
R priorParameters: 2 8 
R maxT: 1 
R_PriorDraw_first_mu: 0.2790847 
R_PriorDraw_first_nu: 42.98572 
R-CCU: Before ClusterLabelChange for i = 3 newLabel= 1 currentLabel= 1 
R-CCU: sum(pointsPerCluster) = 902 
 num [1:2] 899 3
NULL
R-CCU: After ClusterLabelChange for i = 3 
R-CCU: sum(pointsPerCluster) = 903 
 num [1:2] 900 3
NULL
R-CCU: dpObj$numberClusters = 2 
List of 2
 $ : num [1, 1, 1:2] 0.361 0.395
 $ : num [1, 1, 1:2] 8.86 5.35
NULL
R priorParameters: 2 8 
R maxT: 1 
R_PriorDraw_first_mu: 0.5904502 
R_PriorDraw_first_nu: 4.118347 
R-CCU: Before ClusterLabelChange for i = 4 newLabel= 1 currentLabel= 1 
R-CCU: sum(pointsPerCluster) = 903 
 num [1:2] 900 3
NULL
R-CCU: After ClusterLabelChange for i = 4 
R-CCU: sum(pointsPerCluster) = 904 
 num [1:2] 901 3
NULL
R-CCU: dpObj$numberClusters = 2 
List of 2
 $ : num [1, 1, 1:2] 0.361 0.395
 $ : num [1, 1, 1:2] 8.86 5.35
NULL
R priorParameters: 2 8 
R maxT: 1 
R_PriorDraw_first_mu: 0.9936645 
R_PriorDraw_first_nu: 6.494133 
R-CCU: Before ClusterLabelChange for i = 5 newLabel= 1 currentLabel= 1 
R-CCU: sum(pointsPerCluster) = 904 
 num [1:2] 901 3
NULL
R-CCU: After ClusterLabelChange for i = 5 
R-CCU: sum(pointsPerCluster) = 905 
 num [1:2] 902 3
NULL
R-CCU: dpObj$numberClusters = 2 
List of 2
 $ : num [1, 1, 1:2] 0.361 0.395
 $ : num [1, 1, 1:2] 8.86 5.35
NULL
R priorParameters: 2 8 
R maxT: 1 
R_PriorDraw_first_mu: 0.2328639 
R_PriorDraw_first_nu: 1.983038 
R-CCU: Before ClusterLabelChange for i = 6 newLabel= 1 currentLabel= 1 
R-CCU: sum(pointsPerCluster) = 905 
 num [1:2] 902 3
NULL
R-CCU: After ClusterLabelChange for i = 6 
R-CCU: sum(pointsPerCluster) = 906 
 num [1:2] 903 3
NULL
R-CCU: dpObj$numberClusters = 2 
List of 2
 $ : num [1, 1, 1:2] 0.361 0.395
 $ : num [1, 1, 1:2] 8.86 5.35
NULL
R priorParameters: 2 8 
R maxT: 1 
R_PriorDraw_first_mu: 0.7722956 
R_PriorDraw_first_nu: 7.326162 
R-CCU: Before ClusterLabelChange for i = 7 newLabel= 1 currentLabel= 1 
R-CCU: sum(pointsPerCluster) = 906 
 num [1:2] 903 3
NULL
R-CCU: After ClusterLabelChange for i = 7 
R-CCU: sum(pointsPerCluster) = 907 
 num [1:2] 904 3
NULL
R-CCU: dpObj$numberClusters = 2 
List of 2
 $ : num [1, 1, 1:2] 0.361 0.395
 $ : num [1, 1, 1:2] 8.86 5.35
NULL
R priorParameters: 2 8 
R maxT: 1 
R_PriorDraw_first_mu: 0.4420192 
R_PriorDraw_first_nu: 7.053894 
R-CCU: Before ClusterLabelChange for i = 8 newLabel= 1 currentLabel= 1 
R-CCU: sum(pointsPerCluster) = 907 
 num [1:2] 904 3
NULL
R-CCU: After ClusterLabelChange for i = 8 
R-CCU: sum(pointsPerCluster) = 908 
 num [1:2] 905 3
NULL
R-CCU: dpObj$numberClusters = 2 
List of 2
 $ : num [1, 1, 1:2] 0.361 0.395
 $ : num [1, 1, 1:2] 8.86 5.35
NULL
R priorParameters: 2 8 
R maxT: 1 
R_PriorDraw_first_mu: 0.01950731 
R_PriorDraw_first_nu: 4.78547 
R-CCU: Before ClusterLabelChange for i = 9 newLabel= 1 currentLabel= 1 
R-CCU: sum(pointsPerCluster) = 908 
 num [1:2] 905 3
NULL
R-CCU: After ClusterLabelChange for i = 9 
R-CCU: sum(pointsPerCluster) = 909 
 num [1:2] 906 3
NULL
R-CCU: dpObj$numberClusters = 2 
List of 2
 $ : num [1, 1, 1:2] 0.361 0.395
 $ : num [1, 1, 1:2] 8.86 5.35
NULL
R priorParameters: 2 8 
R maxT: 1 
R_PriorDraw_first_mu: 0.2188146 
R_PriorDraw_first_nu: 2.074152 
R-CCU: Before ClusterLabelChange for i = 10 newLabel= 1 currentLabel= 1 
R-CCU: sum(pointsPerCluster) = 909 
 num [1:2] 906 3
NULL
R-CCU: After ClusterLabelChange for i = 10 
R-CCU: sum(pointsPerCluster) = 910 
 num [1:2] 907 3
NULL
R-CCU: dpObj$numberClusters = 2 
List of 2
 $ : num [1, 1, 1:2] 0.361 0.395
 $ : num [1, 1, 1:2] 8.86 5.35
NULL
R priorParameters: 2 8 
R maxT: 1 
R_PriorDraw_first_mu: 0.3794713 
R_PriorDraw_first_nu: 5.741287 
R-CCU: Before ClusterLabelChange for i = 11 newLabel= 1 currentLabel= 1 
R-CCU: sum(pointsPerCluster) = 910 
 num [1:2] 907 3
NULL
R-CCU: After ClusterLabelChange for i = 11 
R-CCU: sum(pointsPerCluster) = 911 
 num [1:2] 908 3
NULL
R-CCU: dpObj$numberClusters = 2 
List of 2
 $ : num [1, 1, 1:2] 0.361 0.395
 $ : num [1, 1, 1:2] 8.86 5.35
NULL
R priorParameters: 2 8 
R maxT: 1 
R_PriorDraw_first_mu: 0.1093567 
R_PriorDraw_first_nu: 1.934262 
R-CCU: Before ClusterLabelChange for i = 12 newLabel= 1 currentLabel= 1 
R-CCU: sum(pointsPerCluster) = 911 
 num [1:2] 908 3
NULL
R-CCU: After ClusterLabelChange for i = 12 
R-CCU: sum(pointsPerCluster) = 912 
 num [1:2] 909 3
NULL
R-CCU: dpObj$numberClusters = 2 
List of 2
 $ : num [1, 1, 1:2] 0.361 0.395
 $ : num [1, 1, 1:2] 8.86 5.35
NULL
R priorParameters: 2 8 
R maxT: 1 
R_PriorDraw_first_mu: 0.2184978 
R_PriorDraw_first_nu: 4.334716 
R-CCU: Before ClusterLabelChange for i = 13 newLabel= 1 currentLabel= 1 
R-CCU: sum(pointsPerCluster) = 912 
 num [1:2] 909 3
NULL
R-CCU: After ClusterLabelChange for i = 13 
R-CCU: sum(pointsPerCluster) = 913 
 num [1:2] 910 3
NULL
R-CCU: dpObj$numberClusters = 2 
List of 2
 $ : num [1, 1, 1:2] 0.361 0.395
 $ : num [1, 1, 1:2] 8.86 5.35
NULL
R priorParameters: 2 8 
R maxT: 1 
R_PriorDraw_first_mu: 0.7415485 
R_PriorDraw_first_nu: 8.93406 
R-CCU: Before ClusterLabelChange for i = 14 newLabel= 1 currentLabel= 1 
R-CCU: sum(pointsPerCluster) = 913 
 num [1:2] 910 3
NULL
R-CCU: After ClusterLabelChange for i = 14 
R-CCU: sum(pointsPerCluster) = 914 
 num [1:2] 911 3
NULL
R-CCU: dpObj$numberClusters = 2 
List of 2
 $ : num [1, 1, 1:2] 0.361 0.395
 $ : num [1, 1, 1:2] 8.86 5.35
NULL
R priorParameters: 2 8 
R maxT: 1 
R_PriorDraw_first_mu: 0.4311768 
R_PriorDraw_first_nu: 11.11636 
R-CCU: Before ClusterLabelChange for i = 15 newLabel= 1 currentLabel= 1 
R-CCU: sum(pointsPerCluster) = 914 
 num [1:2] 911 3
NULL
R-CCU: After ClusterLabelChange for i = 15 
R-CCU: sum(pointsPerCluster) = 915 
 num [1:2] 912 3
NULL
R-CCU: dpObj$numberClusters = 2 
List of 2
 $ : num [1, 1, 1:2] 0.361 0.395
 $ : num [1, 1, 1:2] 8.86 5.35
NULL
R priorParameters: 2 8 
R maxT: 1 
R_PriorDraw_first_mu: 0.2709126 
R_PriorDraw_first_nu: 1.69213 
R-CCU: Before ClusterLabelChange for i = 16 newLabel= 1 currentLabel= 1 
R-CCU: sum(pointsPerCluster) = 915 
 num [1:2] 912 3
NULL
R-CCU: After ClusterLabelChange for i = 16 
R-CCU: sum(pointsPerCluster) = 916 
 num [1:2] 913 3
NULL
R-CCU: dpObj$numberClusters = 2 
List of 2
 $ : num [1, 1, 1:2] 0.361 0.395
 $ : num [1, 1, 1:2] 8.86 5.35
NULL
R priorParameters: 2 8 
R maxT: 1 
R_PriorDraw_first_mu: 0.09158969 
R_PriorDraw_first_nu: 3.120165 
R-CCU: Before ClusterLabelChange for i = 17 newLabel= 1 currentLabel= 1 
R-CCU: sum(pointsPerCluster) = 916 
 num [1:2] 913 3
NULL
R-CCU: After ClusterLabelChange for i = 17 
R-CCU: sum(pointsPerCluster) = 917 
 num [1:2] 914 3
NULL
R-CCU: dpObj$numberClusters = 2 
List of 2
 $ : num [1, 1, 1:2] 0.361 0.395
 $ : num [1, 1, 1:2] 8.86 5.35
NULL
R priorParameters: 2 8 
R maxT: 1 
R_PriorDraw_first_mu: 0.4449424 
R_PriorDraw_first_nu: 3.992228 
R-CCU: Before ClusterLabelChange for i = 18 newLabel= 1 currentLabel= 1 
R-CCU: sum(pointsPerCluster) = 917 
 num [1:2] 914 3
NULL
R-CCU: After ClusterLabelChange for i = 18 
R-CCU: sum(pointsPerCluster) = 918 
 num [1:2] 915 3
NULL
R-CCU: dpObj$numberClusters = 2 
List of 2
 $ : num [1, 1, 1:2] 0.361 0.395
 $ : num [1, 1, 1:2] 8.86 5.35
NULL
R priorParameters: 2 8 
R maxT: 1 
R_PriorDraw_first_mu: 0.4581543 
R_PriorDraw_first_nu: 91.14971 
R-CCU: Before ClusterLabelChange for i = 19 newLabel= 1 currentLabel= 1 
R-CCU: sum(pointsPerCluster) = 918 
 num [1:2] 915 3
NULL
R-CCU: After ClusterLabelChange for i = 19 
R-CCU: sum(pointsPerCluster) = 919 
 num [1:2] 916 3
NULL
R-CCU: dpObj$numberClusters = 2 
List of 2
 $ : num [1, 1, 1:2] 0.361 0.395
 $ : num [1, 1, 1:2] 8.86 5.35
NULL
R priorParameters: 2 8 
R maxT: 1 
R_PriorDraw_first_mu: 0.1397439 
R_PriorDraw_first_nu: 12.67266 
R-CCU: Before ClusterLabelChange for i = 20 newLabel= 1 currentLabel= 1 
R-CCU: sum(pointsPerCluster) = 919 
 num [1:2] 916 3
NULL
R-CCU: After ClusterLabelChange for i = 20 
R-CCU: sum(pointsPerCluster) = 920 
 num [1:2] 917 3
NULL
R-CCU: dpObj$numberClusters = 2 
List of 2
 $ : num [1, 1, 1:2] 0.361 0.395
 $ : num [1, 1, 1:2] 8.86 5.35
NULL
R priorParameters: 2 8 
R maxT: 1 
R_PriorDraw_first_mu: 0.3199585 
R_PriorDraw_first_nu: 8.653097 
R-CCU: Before ClusterLabelChange for i = 21 newLabel= 1 currentLabel= 1 
R-CCU: sum(pointsPerCluster) = 920 
 num [1:2] 917 3
NULL
R-CCU: After ClusterLabelChange for i = 21 
R-CCU: sum(pointsPerCluster) = 921 
 num [1:2] 918 3
NULL
R-CCU: dpObj$numberClusters = 2 
List of 2
 $ : num [1, 1, 1:2] 0.361 0.395
 $ : num [1, 1, 1:2] 8.86 5.35
NULL
R priorParameters: 2 8 
R maxT: 1 
R_PriorDraw_first_mu: 0.9726769 
R_PriorDraw_first_nu: 3.299176 
R-CCU: Before ClusterLabelChange for i = 22 newLabel= 1 currentLabel= 1 
R-CCU: sum(pointsPerCluster) = 921 
 num [1:2] 918 3
NULL
R-CCU: After ClusterLabelChange for i = 22 
R-CCU: sum(pointsPerCluster) = 922 
 num [1:2] 919 3
NULL
R-CCU: dpObj$numberClusters = 2 
List of 2
 $ : num [1, 1, 1:2] 0.361 0.395
 $ : num [1, 1, 1:2] 8.86 5.35
NULL
R priorParameters: 2 8 
R maxT: 1 
R_PriorDraw_first_mu: 0.9874906 
R_PriorDraw_first_nu: 6.95803 
R-CCU: Before ClusterLabelChange for i = 23 newLabel= 1 currentLabel= 1 
R-CCU: sum(pointsPerCluster) = 922 
 num [1:2] 919 3
NULL
R-CCU: After ClusterLabelChange for i = 23 
R-CCU: sum(pointsPerCluster) = 923 
 num [1:2] 920 3
NULL
R-CCU: dpObj$numberClusters = 2 
List of 2
 $ : num [1, 1, 1:2] 0.361 0.395
 $ : num [1, 1, 1:2] 8.86 5.35
NULL
R priorParameters: 2 8 
R maxT: 1 
R_PriorDraw_first_mu: 0.6297196 
R_PriorDraw_first_nu: 4.636398 
R-CCU: Before ClusterLabelChange for i = 24 newLabel= 1 currentLabel= 1 
R-CCU: sum(pointsPerCluster) = 923 
 num [1:2] 920 3
NULL
R-CCU: After ClusterLabelChange for i = 24 
R-CCU: sum(pointsPerCluster) = 924 
 num [1:2] 921 3
NULL
R-CCU: dpObj$numberClusters = 2 
List of 2
 $ : num [1, 1, 1:2] 0.361 0.395
 $ : num [1, 1, 1:2] 8.86 5.35
NULL
R priorParameters: 2 8 
R maxT: 1 
R_PriorDraw_first_mu: 0.4162436 
R_PriorDraw_first_nu: 3.811749 
R-CCU: Before ClusterLabelChange for i = 25 newLabel= 1 currentLabel= 1 
R-CCU: sum(pointsPerCluster) = 924 
 num [1:2] 921 3
NULL
R-CCU: After ClusterLabelChange for i = 25 
R-CCU: sum(pointsPerCluster) = 925 
 num [1:2] 922 3
NULL
R-CCU: dpObj$numberClusters = 2 
List of 2
 $ : num [1, 1, 1:2] 0.361 0.395
 $ : num [1, 1, 1:2] 8.86 5.35
NULL
R priorParameters: 2 8 
R maxT: 1 
R_PriorDraw_first_mu: 0.479121 
R_PriorDraw_first_nu: 2.643881 
R-CCU: Before ClusterLabelChange for i = 26 newLabel= 1 currentLabel= 1 
R-CCU: sum(pointsPerCluster) = 925 
 num [1:2] 922 3
NULL
R-CCU: After ClusterLabelChange for i = 26 
R-CCU: sum(pointsPerCluster) = 926 
 num [1:2] 923 3
NULL
R-CCU: dpObj$numberClusters = 2 
List of 2
 $ : num [1, 1, 1:2] 0.361 0.395
 $ : num [1, 1, 1:2] 8.86 5.35
NULL
R priorParameters: 2 8 
R maxT: 1 
R_PriorDraw_first_mu: 0.1300978 
R_PriorDraw_first_nu: 8.411235 
R-CCU: Before ClusterLabelChange for i = 27 newLabel= 1 currentLabel= 1 
R-CCU: sum(pointsPerCluster) = 926 
 num [1:2] 923 3
NULL
R-CCU: After ClusterLabelChange for i = 27 
R-CCU: sum(pointsPerCluster) = 927 
 num [1:2] 924 3
NULL
R-CCU: dpObj$numberClusters = 2 
List of 2
 $ : num [1, 1, 1:2] 0.361 0.395
 $ : num [1, 1, 1:2] 8.86 5.35
NULL
R priorParameters: 2 8 
R maxT: 1 
R_PriorDraw_first_mu: 0.6160188 
R_PriorDraw_first_nu: 2.587658 
R-CCU: Before ClusterLabelChange for i = 28 newLabel= 1 currentLabel= 1 
R-CCU: sum(pointsPerCluster) = 927 
 num [1:2] 924 3
NULL
R-CCU: After ClusterLabelChange for i = 28 
R-CCU: sum(pointsPerCluster) = 928 
 num [1:2] 925 3
NULL
R-CCU: dpObj$numberClusters = 2 
List of 2
 $ : num [1, 1, 1:2] 0.361 0.395
 $ : num [1, 1, 1:2] 8.86 5.35
NULL
R priorParameters: 2 8 
R maxT: 1 
R_PriorDraw_first_mu: 0.1682298 
R_PriorDraw_first_nu: 2.230175 
R-CCU: Before ClusterLabelChange for i = 29 newLabel= 1 currentLabel= 1 
R-CCU: sum(pointsPerCluster) = 928 
 num [1:2] 925 3
NULL
R-CCU: After ClusterLabelChange for i = 29 
R-CCU: sum(pointsPerCluster) = 929 
 num [1:2] 926 3
NULL
R-CCU: dpObj$numberClusters = 2 
List of 2
 $ : num [1, 1, 1:2] 0.361 0.395
 $ : num [1, 1, 1:2] 8.86 5.35
NULL
R priorParameters: 2 8 
R maxT: 1 
R_PriorDraw_first_mu: 0.7100011 
R_PriorDraw_first_nu: 2.972051 
R-CCU: Before ClusterLabelChange for i = 30 newLabel= 1 currentLabel= 1 
R-CCU: sum(pointsPerCluster) = 929 
 num [1:2] 926 3
NULL
R-CCU: After ClusterLabelChange for i = 30 
R-CCU: sum(pointsPerCluster) = 930 
 num [1:2] 927 3
NULL
R-CCU: dpObj$numberClusters = 2 
List of 2
 $ : num [1, 1, 1:2] 0.361 0.395
 $ : num [1, 1, 1:2] 8.86 5.35
NULL
R priorParameters: 2 8 
R maxT: 1 
R_PriorDraw_first_mu: 0.964716 
R_PriorDraw_first_nu: 2.158762 
R-CCU: Before ClusterLabelChange for i = 31 newLabel= 1 currentLabel= 1 
R-CCU: sum(pointsPerCluster) = 930 
 num [1:2] 927 3
NULL
R-CCU: After ClusterLabelChange for i = 31 
R-CCU: sum(pointsPerCluster) = 931 
 num [1:2] 928 3
NULL
R-CCU: dpObj$numberClusters = 2 
List of 2
 $ : num [1, 1, 1:2] 0.361 0.395
 $ : num [1, 1, 1:2] 8.86 5.35
NULL
R priorParameters: 2 8 
R maxT: 1 
R_PriorDraw_first_mu: 0.9201437 
R_PriorDraw_first_nu: 2.977714 
R-CCU: Before ClusterLabelChange for i = 32 newLabel= 1 currentLabel= 1 
R-CCU: sum(pointsPerCluster) = 931 
 num [1:2] 928 3
NULL
R-CCU: After ClusterLabelChange for i = 32 
R-CCU: sum(pointsPerCluster) = 932 
 num [1:2] 929 3
NULL
R-CCU: dpObj$numberClusters = 2 
List of 2
 $ : num [1, 1, 1:2] 0.361 0.395
 $ : num [1, 1, 1:2] 8.86 5.35
NULL
R priorParameters: 2 8 
R maxT: 1 
R_PriorDraw_first_mu: 0.2344201 
R_PriorDraw_first_nu: 4.978236 
R-CCU: Before ClusterLabelChange for i = 33 newLabel= 1 currentLabel= 1 
R-CCU: sum(pointsPerCluster) = 932 
 num [1:2] 929 3
NULL
R-CCU: After ClusterLabelChange for i = 33 
R-CCU: sum(pointsPerCluster) = 933 
 num [1:2] 930 3
NULL
R-CCU: dpObj$numberClusters = 2 
List of 2
 $ : num [1, 1, 1:2] 0.361 0.395
 $ : num [1, 1, 1:2] 8.86 5.35
NULL
R priorParameters: 2 8 
R maxT: 1 
R_PriorDraw_first_mu: 0.5775105 
R_PriorDraw_first_nu: 7.039024 
R-CCU: Before ClusterLabelChange for i = 34 newLabel= 1 currentLabel= 1 
R-CCU: sum(pointsPerCluster) = 933 
 num [1:2] 930 3
NULL
R-CCU: After ClusterLabelChange for i = 34 
R-CCU: sum(pointsPerCluster) = 934 
 num [1:2] 931 3
NULL
R-CCU: dpObj$numberClusters = 2 
List of 2
 $ : num [1, 1, 1:2] 0.361 0.395
 $ : num [1, 1, 1:2] 8.86 5.35
NULL
R priorParameters: 2 8 
R maxT: 1 
R_PriorDraw_first_mu: 0.005419086 
R_PriorDraw_first_nu: 10.86456 
R-CCU: Before ClusterLabelChange for i = 35 newLabel= 1 currentLabel= 1 
R-CCU: sum(pointsPerCluster) = 934 
 num [1:2] 931 3
NULL
R-CCU: After ClusterLabelChange for i = 35 
R-CCU: sum(pointsPerCluster) = 935 
 num [1:2] 932 3
NULL
R-CCU: dpObj$numberClusters = 2 
List of 2
 $ : num [1, 1, 1:2] 0.361 0.395
 $ : num [1, 1, 1:2] 8.86 5.35
NULL
R priorParameters: 2 8 
R maxT: 1 
R_PriorDraw_first_mu: 0.9716159 
R_PriorDraw_first_nu: 2.288553 
R-CCU: Before ClusterLabelChange for i = 36 newLabel= 1 currentLabel= 1 
R-CCU: sum(pointsPerCluster) = 935 
 num [1:2] 932 3
NULL
R-CCU: After ClusterLabelChange for i = 36 
R-CCU: sum(pointsPerCluster) = 936 
 num [1:2] 933 3
NULL
R-CCU: dpObj$numberClusters = 2 
List of 2
 $ : num [1, 1, 1:2] 0.361 0.395
 $ : num [1, 1, 1:2] 8.86 5.35
NULL
R priorParameters: 2 8 
R maxT: 1 
R_PriorDraw_first_mu: 0.5240181 
R_PriorDraw_first_nu: 5.388811 
R-CCU: Before ClusterLabelChange for i = 37 newLabel= 1 currentLabel= 1 
R-CCU: sum(pointsPerCluster) = 936 
 num [1:2] 933 3
NULL
R-CCU: After ClusterLabelChange for i = 37 
R-CCU: sum(pointsPerCluster) = 937 
 num [1:2] 934 3
NULL
R-CCU: dpObj$numberClusters = 2 
List of 2
 $ : num [1, 1, 1:2] 0.361 0.395
 $ : num [1, 1, 1:2] 8.86 5.35
NULL
R priorParameters: 2 8 
R maxT: 1 
R_PriorDraw_first_mu: 0.7465603 
R_PriorDraw_first_nu: 5.033398 
R-CCU: Before ClusterLabelChange for i = 38 newLabel= 1 currentLabel= 1 
R-CCU: sum(pointsPerCluster) = 937 
 num [1:2] 934 3
NULL
R-CCU: After ClusterLabelChange for i = 38 
R-CCU: sum(pointsPerCluster) = 938 
 num [1:2] 935 3
NULL
R-CCU: dpObj$numberClusters = 2 
List of 2
 $ : num [1, 1, 1:2] 0.361 0.395
 $ : num [1, 1, 1:2] 8.86 5.35
NULL
R priorParameters: 2 8 
R maxT: 1 
R_PriorDraw_first_mu: 0.05721531 
R_PriorDraw_first_nu: 6.156523 
R-CCU: Before ClusterLabelChange for i = 39 newLabel= 1 currentLabel= 1 
R-CCU: sum(pointsPerCluster) = 938 
 num [1:2] 935 3
NULL
R-CCU: After ClusterLabelChange for i = 39 
R-CCU: sum(pointsPerCluster) = 939 
 num [1:2] 936 3
NULL
R-CCU: dpObj$numberClusters = 2 
List of 2
 $ : num [1, 1, 1:2] 0.361 0.395
 $ : num [1, 1, 1:2] 8.86 5.35
NULL
R priorParameters: 2 8 
R maxT: 1 
R_PriorDraw_first_mu: 0.6888626 
R_PriorDraw_first_nu: 8.92517 
R-CCU: Before ClusterLabelChange for i = 40 newLabel= 1 currentLabel= 1 
R-CCU: sum(pointsPerCluster) = 939 
 num [1:2] 936 3
NULL
R-CCU: After ClusterLabelChange for i = 40 
R-CCU: sum(pointsPerCluster) = 940 
 num [1:2] 937 3
NULL
R-CCU: dpObj$numberClusters = 2 
List of 2
 $ : num [1, 1, 1:2] 0.361 0.395
 $ : num [1, 1, 1:2] 8.86 5.35
NULL
R priorParameters: 2 8 
R maxT: 1 
R_PriorDraw_first_mu: 0.3843955 
R_PriorDraw_first_nu: 13.31963 
R-CCU: Before ClusterLabelChange for i = 41 newLabel= 1 currentLabel= 1 
R-CCU: sum(pointsPerCluster) = 940 
 num [1:2] 937 3
NULL
R-CCU: After ClusterLabelChange for i = 41 
R-CCU: sum(pointsPerCluster) = 941 
 num [1:2] 938 3
NULL
R-CCU: dpObj$numberClusters = 2 
List of 2
 $ : num [1, 1, 1:2] 0.361 0.395
 $ : num [1, 1, 1:2] 8.86 5.35
NULL
R priorParameters: 2 8 
R maxT: 1 
R_PriorDraw_first_mu: 0.3055144 
R_PriorDraw_first_nu: 2.29105 
R-CCU: Before ClusterLabelChange for i = 42 newLabel= 1 currentLabel= 1 
R-CCU: sum(pointsPerCluster) = 941 
 num [1:2] 938 3
NULL
R-CCU: After ClusterLabelChange for i = 42 
R-CCU: sum(pointsPerCluster) = 942 
 num [1:2] 939 3
NULL
R-CCU: dpObj$numberClusters = 2 
List of 2
 $ : num [1, 1, 1:2] 0.361 0.395
 $ : num [1, 1, 1:2] 8.86 5.35
NULL
R priorParameters: 2 8 
R maxT: 1 
R_PriorDraw_first_mu: 0.3644722 
R_PriorDraw_first_nu: 6.492714 
R-CCU: Before ClusterLabelChange for i = 43 newLabel= 1 currentLabel= 1 
R-CCU: sum(pointsPerCluster) = 942 
 num [1:2] 939 3
NULL
R-CCU: After ClusterLabelChange for i = 43 
R-CCU: sum(pointsPerCluster) = 943 
 num [1:2] 940 3
NULL
R-CCU: dpObj$numberClusters = 2 
List of 2
 $ : num [1, 1, 1:2] 0.361 0.395
 $ : num [1, 1, 1:2] 8.86 5.35
NULL
R priorParameters: 2 8 
R maxT: 1 
R_PriorDraw_first_mu: 0.3250997 
R_PriorDraw_first_nu: 1.735945 
R-CCU: Before ClusterLabelChange for i = 44 newLabel= 1 currentLabel= 1 
R-CCU: sum(pointsPerCluster) = 943 
 num [1:2] 940 3
NULL
R-CCU: After ClusterLabelChange for i = 44 
R-CCU: sum(pointsPerCluster) = 944 
 num [1:2] 941 3
NULL
R-CCU: dpObj$numberClusters = 2 
List of 2
 $ : num [1, 1, 1:2] 0.361 0.395
 $ : num [1, 1, 1:2] 8.86 5.35
NULL
R priorParameters: 2 8 
R maxT: 1 
R_PriorDraw_first_mu: 0.5844637 
R_PriorDraw_first_nu: 0.9567126 
R-CCU: Before ClusterLabelChange for i = 45 newLabel= 1 currentLabel= 1 
R-CCU: sum(pointsPerCluster) = 944 
 num [1:2] 941 3
NULL
R-CCU: After ClusterLabelChange for i = 45 
R-CCU: sum(pointsPerCluster) = 945 
 num [1:2] 942 3
NULL
R-CCU: dpObj$numberClusters = 2 
List of 2
 $ : num [1, 1, 1:2] 0.361 0.395
 $ : num [1, 1, 1:2] 8.86 5.35
NULL
R priorParameters: 2 8 
R maxT: 1 
R_PriorDraw_first_mu: 0.3008848 
R_PriorDraw_first_nu: 8.873778 
R-CCU: Before ClusterLabelChange for i = 46 newLabel= 1 currentLabel= 1 
R-CCU: sum(pointsPerCluster) = 945 
 num [1:2] 942 3
NULL
R-CCU: After ClusterLabelChange for i = 46 
R-CCU: sum(pointsPerCluster) = 946 
 num [1:2] 943 3
NULL
R-CCU: dpObj$numberClusters = 2 
List of 2
 $ : num [1, 1, 1:2] 0.361 0.395
 $ : num [1, 1, 1:2] 8.86 5.35
NULL
R priorParameters: 2 8 
R maxT: 1 
R_PriorDraw_first_mu: 0.05839989 
R_PriorDraw_first_nu: 6.640542 
R-CCU: Before ClusterLabelChange for i = 47 newLabel= 1 currentLabel= 1 
R-CCU: sum(pointsPerCluster) = 946 
 num [1:2] 943 3
NULL
R-CCU: After ClusterLabelChange for i = 47 
R-CCU: sum(pointsPerCluster) = 947 
 num [1:2] 944 3
NULL
R-CCU: dpObj$numberClusters = 2 
List of 2
 $ : num [1, 1, 1:2] 0.361 0.395
 $ : num [1, 1, 1:2] 8.86 5.35
NULL
R priorParameters: 2 8 
R maxT: 1 
R_PriorDraw_first_mu: 0.8219676 
R_PriorDraw_first_nu: 9.710232 
R-CCU: Before ClusterLabelChange for i = 48 newLabel= 1 currentLabel= 1 
R-CCU: sum(pointsPerCluster) = 947 
 num [1:2] 944 3
NULL
R-CCU: After ClusterLabelChange for i = 48 
R-CCU: sum(pointsPerCluster) = 948 
 num [1:2] 945 3
NULL
R-CCU: dpObj$numberClusters = 2 
List of 2
 $ : num [1, 1, 1:2] 0.361 0.395
 $ : num [1, 1, 1:2] 8.86 5.35
NULL
R priorParameters: 2 8 
R maxT: 1 
R_PriorDraw_first_mu: 0.6924598 
R_PriorDraw_first_nu: 7.123144 
R-CCU: Before ClusterLabelChange for i = 49 newLabel= 1 currentLabel= 1 
R-CCU: sum(pointsPerCluster) = 948 
 num [1:2] 945 3
NULL
R-CCU: After ClusterLabelChange for i = 49 
R-CCU: sum(pointsPerCluster) = 949 
 num [1:2] 946 3
NULL
R-CCU: dpObj$numberClusters = 2 
List of 2
 $ : num [1, 1, 1:2] 0.361 0.395
 $ : num [1, 1, 1:2] 8.86 5.35
NULL
R priorParameters: 2 8 
R maxT: 1 
R_PriorDraw_first_mu: 0.2417932 
R_PriorDraw_first_nu: 5.819267 
R-CCU: Before ClusterLabelChange for i = 50 newLabel= 1 currentLabel= 1 
R-CCU: sum(pointsPerCluster) = 949 
 num [1:2] 946 3
NULL
R-CCU: After ClusterLabelChange for i = 50 
R-CCU: sum(pointsPerCluster) = 950 
 num [1:2] 947 3
NULL
R-CCU: dpObj$numberClusters = 2 
List of 2
 $ : num [1, 1, 1:2] 0.361 0.395
 $ : num [1, 1, 1:2] 8.86 5.35
NULL
R priorParameters: 2 8 
R maxT: 1 
R_PriorDraw_first_mu: 0.9513779 
R_PriorDraw_first_nu: 2.883339 
R-CCU: Before ClusterLabelChange for i = 51 newLabel= 1 currentLabel= 1 
R-CCU: sum(pointsPerCluster) = 950 
 num [1:2] 947 3
NULL
R-CCU: After ClusterLabelChange for i = 51 
R-CCU: sum(pointsPerCluster) = 951 
 num [1:2] 948 3
NULL
R-CCU: dpObj$numberClusters = 2 
List of 2
 $ : num [1, 1, 1:2] 0.361 0.395
 $ : num [1, 1, 1:2] 8.86 5.35
NULL
R priorParameters: 2 8 
R maxT: 1 
R_PriorDraw_first_mu: 0.8433723 
R_PriorDraw_first_nu: 4.33532 
R-CCU: Before ClusterLabelChange for i = 52 newLabel= 1 currentLabel= 1 
R-CCU: sum(pointsPerCluster) = 951 
 num [1:2] 948 3
NULL
R-CCU: After ClusterLabelChange for i = 52 
R-CCU: sum(pointsPerCluster) = 952 
 num [1:2] 949 3
NULL
R-CCU: dpObj$numberClusters = 2 
List of 2
 $ : num [1, 1, 1:2] 0.361 0.395
 $ : num [1, 1, 1:2] 8.86 5.35
NULL
R priorParameters: 2 8 
R maxT: 1 
R_PriorDraw_first_mu: 0.7847086 
R_PriorDraw_first_nu: 10.15083 
R-CCU: Before ClusterLabelChange for i = 53 newLabel= 1 currentLabel= 1 
R-CCU: sum(pointsPerCluster) = 952 
 num [1:2] 949 3
NULL
R-CCU: After ClusterLabelChange for i = 53 
R-CCU: sum(pointsPerCluster) = 953 
 num [1:2] 950 3
NULL
R-CCU: dpObj$numberClusters = 2 
List of 2
 $ : num [1, 1, 1:2] 0.361 0.395
 $ : num [1, 1, 1:2] 8.86 5.35
NULL
R priorParameters: 2 8 
R maxT: 1 
R_PriorDraw_first_mu: 0.9855732 
R_PriorDraw_first_nu: 2.212101 
R-CCU: Before ClusterLabelChange for i = 54 newLabel= 1 currentLabel= 1 
R-CCU: sum(pointsPerCluster) = 953 
 num [1:2] 950 3
NULL
R-CCU: After ClusterLabelChange for i = 54 
R-CCU: sum(pointsPerCluster) = 954 
 num [1:2] 951 3
NULL
R-CCU: dpObj$numberClusters = 2 
List of 2
 $ : num [1, 1, 1:2] 0.361 0.395
 $ : num [1, 1, 1:2] 8.86 5.35
NULL
R priorParameters: 2 8 
R maxT: 1 
R_PriorDraw_first_mu: 0.9651996 
R_PriorDraw_first_nu: 4.320256 
R-CCU: Before ClusterLabelChange for i = 55 newLabel= 1 currentLabel= 1 
R-CCU: sum(pointsPerCluster) = 954 
 num [1:2] 951 3
NULL
R-CCU: After ClusterLabelChange for i = 55 
R-CCU: sum(pointsPerCluster) = 955 
 num [1:2] 952 3
NULL
R-CCU: dpObj$numberClusters = 2 
List of 2
 $ : num [1, 1, 1:2] 0.361 0.395
 $ : num [1, 1, 1:2] 8.86 5.35
NULL
R priorParameters: 2 8 
R maxT: 1 
R_PriorDraw_first_mu: 0.1700754 
R_PriorDraw_first_nu: 5.104299 
R-CCU: Before ClusterLabelChange for i = 56 newLabel= 1 currentLabel= 1 
R-CCU: sum(pointsPerCluster) = 955 
 num [1:2] 952 3
NULL
R-CCU: After ClusterLabelChange for i = 56 
R-CCU: sum(pointsPerCluster) = 956 
 num [1:2] 953 3
NULL
R-CCU: dpObj$numberClusters = 2 
List of 2
 $ : num [1, 1, 1:2] 0.361 0.395
 $ : num [1, 1, 1:2] 8.86 5.35
NULL
R priorParameters: 2 8 
R maxT: 1 
R_PriorDraw_first_mu: 0.9509237 
R_PriorDraw_first_nu: 3.849077 
R-CCU: Before ClusterLabelChange for i = 57 newLabel= 1 currentLabel= 1 
R-CCU: sum(pointsPerCluster) = 956 
 num [1:2] 953 3
NULL
R-CCU: After ClusterLabelChange for i = 57 
R-CCU: sum(pointsPerCluster) = 957 
 num [1:2] 954 3
NULL
R-CCU: dpObj$numberClusters = 2 
List of 2
 $ : num [1, 1, 1:2] 0.361 0.395
 $ : num [1, 1, 1:2] 8.86 5.35
NULL
R priorParameters: 2 8 
R maxT: 1 
R_PriorDraw_first_mu: 0.2465624 
R_PriorDraw_first_nu: 24.03034 
R-CCU: Before ClusterLabelChange for i = 58 newLabel= 1 currentLabel= 1 
R-CCU: sum(pointsPerCluster) = 957 
 num [1:2] 954 3
NULL
R-CCU: After ClusterLabelChange for i = 58 
R-CCU: sum(pointsPerCluster) = 958 
 num [1:2] 955 3
NULL
R-CCU: dpObj$numberClusters = 2 
List of 2
 $ : num [1, 1, 1:2] 0.361 0.395
 $ : num [1, 1, 1:2] 8.86 5.35
NULL
R priorParameters: 2 8 
R maxT: 1 
R_PriorDraw_first_mu: 0.9450778 
R_PriorDraw_first_nu: 4.655628 
R-CCU: Before ClusterLabelChange for i = 59 newLabel= 1 currentLabel= 1 
R-CCU: sum(pointsPerCluster) = 958 
 num [1:2] 955 3
NULL
R-CCU: After ClusterLabelChange for i = 59 
R-CCU: sum(pointsPerCluster) = 959 
 num [1:2] 956 3
NULL
R-CCU: dpObj$numberClusters = 2 
List of 2
 $ : num [1, 1, 1:2] 0.361 0.395
 $ : num [1, 1, 1:2] 8.86 5.35
NULL
R priorParameters: 2 8 
R maxT: 1 
R_PriorDraw_first_mu: 0.3494659 
R_PriorDraw_first_nu: 4.002007 
R-CCU: Before ClusterLabelChange for i = 60 newLabel= 1 currentLabel= 1 
R-CCU: sum(pointsPerCluster) = 959 
 num [1:2] 956 3
NULL
R-CCU: After ClusterLabelChange for i = 60 
R-CCU: sum(pointsPerCluster) = 960 
 num [1:2] 957 3
NULL
R-CCU: dpObj$numberClusters = 2 
List of 2
 $ : num [1, 1, 1:2] 0.361 0.395
 $ : num [1, 1, 1:2] 8.86 5.35
NULL
R priorParameters: 2 8 
R maxT: 1 
R_PriorDraw_first_mu: 0.9040869 
R_PriorDraw_first_nu: 3.327144 
R-CCU: Before ClusterLabelChange for i = 61 newLabel= 1 currentLabel= 1 
R-CCU: sum(pointsPerCluster) = 960 
 num [1:2] 957 3
NULL
R-CCU: After ClusterLabelChange for i = 61 
R-CCU: sum(pointsPerCluster) = 961 
 num [1:2] 958 3
NULL
R-CCU: dpObj$numberClusters = 2 
List of 2
 $ : num [1, 1, 1:2] 0.361 0.395
 $ : num [1, 1, 1:2] 8.86 5.35
NULL
R priorParameters: 2 8 
R maxT: 1 
R_PriorDraw_first_mu: 0.4467346 
R_PriorDraw_first_nu: 1.669998 
R-CCU: Before ClusterLabelChange for i = 62 newLabel= 1 currentLabel= 1 
R-CCU: sum(pointsPerCluster) = 961 
 num [1:2] 958 3
NULL
R-CCU: After ClusterLabelChange for i = 62 
R-CCU: sum(pointsPerCluster) = 962 
 num [1:2] 959 3
NULL
R-CCU: dpObj$numberClusters = 2 
List of 2
 $ : num [1, 1, 1:2] 0.361 0.395
 $ : num [1, 1, 1:2] 8.86 5.35
NULL
R priorParameters: 2 8 
R maxT: 1 
R_PriorDraw_first_mu: 0.1954805 
R_PriorDraw_first_nu: 2.036811 
R-CCU: Before ClusterLabelChange for i = 63 newLabel= 1 currentLabel= 1 
R-CCU: sum(pointsPerCluster) = 962 
 num [1:2] 959 3
NULL
R-CCU: After ClusterLabelChange for i = 63 
R-CCU: sum(pointsPerCluster) = 963 
 num [1:2] 960 3
NULL
R-CCU: dpObj$numberClusters = 2 
List of 2
 $ : num [1, 1, 1:2] 0.361 0.395
 $ : num [1, 1, 1:2] 8.86 5.35
NULL
R priorParameters: 2 8 
R maxT: 1 
R_PriorDraw_first_mu: 0.5179048 
R_PriorDraw_first_nu: 7.651219 
R-CCU: Before ClusterLabelChange for i = 64 newLabel= 1 currentLabel= 1 
R-CCU: sum(pointsPerCluster) = 963 
 num [1:2] 960 3
NULL
R-CCU: After ClusterLabelChange for i = 64 
R-CCU: sum(pointsPerCluster) = 964 
 num [1:2] 961 3
NULL
R-CCU: dpObj$numberClusters = 2 
List of 2
 $ : num [1, 1, 1:2] 0.361 0.395
 $ : num [1, 1, 1:2] 8.86 5.35
NULL
R priorParameters: 2 8 
R maxT: 1 
R_PriorDraw_first_mu: 0.7960038 
R_PriorDraw_first_nu: 9.676008 
R-CCU: Before ClusterLabelChange for i = 65 newLabel= 1 currentLabel= 1 
R-CCU: sum(pointsPerCluster) = 964 
 num [1:2] 961 3
NULL
R-CCU: After ClusterLabelChange for i = 65 
R-CCU: sum(pointsPerCluster) = 965 
 num [1:2] 962 3
NULL
R-CCU: dpObj$numberClusters = 2 
List of 2
 $ : num [1, 1, 1:2] 0.361 0.395
 $ : num [1, 1, 1:2] 8.86 5.35
NULL
R priorParameters: 2 8 
R maxT: 1 
R_PriorDraw_first_mu: 0.1564754 
R_PriorDraw_first_nu: 4.138087 
R-CCU: Before ClusterLabelChange for i = 66 newLabel= 1 currentLabel= 1 
R-CCU: sum(pointsPerCluster) = 965 
 num [1:2] 962 3
NULL
R-CCU: After ClusterLabelChange for i = 66 
R-CCU: sum(pointsPerCluster) = 966 
 num [1:2] 963 3
NULL
R-CCU: dpObj$numberClusters = 2 
List of 2
 $ : num [1, 1, 1:2] 0.361 0.395
 $ : num [1, 1, 1:2] 8.86 5.35
NULL
R priorParameters: 2 8 
R maxT: 1 
R_PriorDraw_first_mu: 0.4885074 
R_PriorDraw_first_nu: 3.336378 
R-CCU: Before ClusterLabelChange for i = 67 newLabel= 1 currentLabel= 1 
R-CCU: sum(pointsPerCluster) = 966 
 num [1:2] 963 3
NULL
R-CCU: After ClusterLabelChange for i = 67 
R-CCU: sum(pointsPerCluster) = 967 
 num [1:2] 964 3
NULL
R-CCU: dpObj$numberClusters = 2 
List of 2
 $ : num [1, 1, 1:2] 0.361 0.395
 $ : num [1, 1, 1:2] 8.86 5.35
NULL
R priorParameters: 2 8 
R maxT: 1 
R_PriorDraw_first_mu: 0.1680041 
R_PriorDraw_first_nu: 4.882307 
R-CCU: Before ClusterLabelChange for i = 68 newLabel= 1 currentLabel= 1 
R-CCU: sum(pointsPerCluster) = 967 
 num [1:2] 964 3
NULL
R-CCU: After ClusterLabelChange for i = 68 
R-CCU: sum(pointsPerCluster) = 968 
 num [1:2] 965 3
NULL
R-CCU: dpObj$numberClusters = 2 
List of 2
 $ : num [1, 1, 1:2] 0.361 0.395
 $ : num [1, 1, 1:2] 8.86 5.35
NULL
R priorParameters: 2 8 
R maxT: 1 
R_PriorDraw_first_mu: 0.304699 
R_PriorDraw_first_nu: 18.07912 
R-CCU: Before ClusterLabelChange for i = 69 newLabel= 1 currentLabel= 1 
R-CCU: sum(pointsPerCluster) = 968 
 num [1:2] 965 3
NULL
R-CCU: After ClusterLabelChange for i = 69 
R-CCU: sum(pointsPerCluster) = 969 
 num [1:2] 966 3
NULL
R-CCU: dpObj$numberClusters = 2 
List of 2
 $ : num [1, 1, 1:2] 0.361 0.395
 $ : num [1, 1, 1:2] 8.86 5.35
NULL
R priorParameters: 2 8 
R maxT: 1 
R_PriorDraw_first_mu: 0.07784015 
R_PriorDraw_first_nu: 2.466825 
R-CCU: Before ClusterLabelChange for i = 70 newLabel= 1 currentLabel= 1 
R-CCU: sum(pointsPerCluster) = 969 
 num [1:2] 966 3
NULL
R-CCU: After ClusterLabelChange for i = 70 
R-CCU: sum(pointsPerCluster) = 970 
 num [1:2] 967 3
NULL
R-CCU: dpObj$numberClusters = 2 
List of 2
 $ : num [1, 1, 1:2] 0.361 0.395
 $ : num [1, 1, 1:2] 8.86 5.35
NULL
R priorParameters: 2 8 
R maxT: 1 
R_PriorDraw_first_mu: 0.4070799 
R_PriorDraw_first_nu: 1.12493 
R-CCU: Before ClusterLabelChange for i = 71 newLabel= 1 currentLabel= 1 
R-CCU: sum(pointsPerCluster) = 970 
 num [1:2] 967 3
NULL
R-CCU: After ClusterLabelChange for i = 71 
R-CCU: sum(pointsPerCluster) = 971 
 num [1:2] 968 3
NULL
R-CCU: dpObj$numberClusters = 2 
List of 2
 $ : num [1, 1, 1:2] 0.361 0.395
 $ : num [1, 1, 1:2] 8.86 5.35
NULL
R priorParameters: 2 8 
R maxT: 1 
R_PriorDraw_first_mu: 0.662863 
R_PriorDraw_first_nu: 2.973506 
R-CCU: Before ClusterLabelChange for i = 72 newLabel= 1 currentLabel= 1 
R-CCU: sum(pointsPerCluster) = 971 
 num [1:2] 968 3
NULL
R-CCU: After ClusterLabelChange for i = 72 
R-CCU: sum(pointsPerCluster) = 972 
 num [1:2] 969 3
NULL
R-CCU: dpObj$numberClusters = 2 
List of 2
 $ : num [1, 1, 1:2] 0.361 0.395
 $ : num [1, 1, 1:2] 8.86 5.35
NULL
R priorParameters: 2 8 
R maxT: 1 
R_PriorDraw_first_mu: 0.3123798 
R_PriorDraw_first_nu: 23.77624 
R-CCU: Before ClusterLabelChange for i = 73 newLabel= 1 currentLabel= 1 
R-CCU: sum(pointsPerCluster) = 972 
 num [1:2] 969 3
NULL
R-CCU: After ClusterLabelChange for i = 73 
R-CCU: sum(pointsPerCluster) = 973 
 num [1:2] 970 3
NULL
R-CCU: dpObj$numberClusters = 2 
List of 2
 $ : num [1, 1, 1:2] 0.361 0.395
 $ : num [1, 1, 1:2] 8.86 5.35
NULL
R priorParameters: 2 8 
R maxT: 1 
R_PriorDraw_first_mu: 0.9703168 
R_PriorDraw_first_nu: 3.387631 
R-CCU: Before ClusterLabelChange for i = 74 newLabel= 1 currentLabel= 1 
R-CCU: sum(pointsPerCluster) = 973 
 num [1:2] 970 3
NULL
R-CCU: After ClusterLabelChange for i = 74 
R-CCU: sum(pointsPerCluster) = 974 
 num [1:2] 971 3
NULL
R-CCU: dpObj$numberClusters = 2 
List of 2
 $ : num [1, 1, 1:2] 0.361 0.395
 $ : num [1, 1, 1:2] 8.86 5.35
NULL
R priorParameters: 2 8 
R maxT: 1 
R_PriorDraw_first_mu: 0.1221745 
R_PriorDraw_first_nu: 2.262752 
R-CCU: Before ClusterLabelChange for i = 75 newLabel= 1 currentLabel= 1 
R-CCU: sum(pointsPerCluster) = 974 
 num [1:2] 971 3
NULL
R-CCU: After ClusterLabelChange for i = 75 
R-CCU: sum(pointsPerCluster) = 975 
 num [1:2] 972 3
NULL
R-CCU: dpObj$numberClusters = 2 
List of 2
 $ : num [1, 1, 1:2] 0.361 0.395
 $ : num [1, 1, 1:2] 8.86 5.35
NULL
R priorParameters: 2 8 
R maxT: 1 
R_PriorDraw_first_mu: 0.2748877 
R_PriorDraw_first_nu: 4.663087 
R-CCU: Before ClusterLabelChange for i = 76 newLabel= 1 currentLabel= 1 
R-CCU: sum(pointsPerCluster) = 975 
 num [1:2] 972 3
NULL
R-CCU: After ClusterLabelChange for i = 76 
R-CCU: sum(pointsPerCluster) = 976 
 num [1:2] 973 3
NULL
R-CCU: dpObj$numberClusters = 2 
List of 2
 $ : num [1, 1, 1:2] 0.361 0.395
 $ : num [1, 1, 1:2] 8.86 5.35
NULL
R priorParameters: 2 8 
R maxT: 1 
R_PriorDraw_first_mu: 0.7015431 
R_PriorDraw_first_nu: 3.970133 
R-CCU: Before ClusterLabelChange for i = 77 newLabel= 1 currentLabel= 1 
R-CCU: sum(pointsPerCluster) = 976 
 num [1:2] 973 3
NULL
R-CCU: After ClusterLabelChange for i = 77 
R-CCU: sum(pointsPerCluster) = 977 
 num [1:2] 974 3
NULL
R-CCU: dpObj$numberClusters = 2 
List of 2
 $ : num [1, 1, 1:2] 0.361 0.395
 $ : num [1, 1, 1:2] 8.86 5.35
NULL
R priorParameters: 2 8 
R maxT: 1 
R_PriorDraw_first_mu: 0.6345094 
R_PriorDraw_first_nu: 4.334572 
R-CCU: Before ClusterLabelChange for i = 78 newLabel= 1 currentLabel= 1 
R-CCU: sum(pointsPerCluster) = 977 
 num [1:2] 974 3
NULL
R-CCU: After ClusterLabelChange for i = 78 
R-CCU: sum(pointsPerCluster) = 978 
 num [1:2] 975 3
NULL
R-CCU: dpObj$numberClusters = 2 
List of 2
 $ : num [1, 1, 1:2] 0.361 0.395
 $ : num [1, 1, 1:2] 8.86 5.35
NULL
R priorParameters: 2 8 
R maxT: 1 
R_PriorDraw_first_mu: 0.3649205 
R_PriorDraw_first_nu: 4.755165 
R-CCU: Before ClusterLabelChange for i = 79 newLabel= 1 currentLabel= 1 
R-CCU: sum(pointsPerCluster) = 978 
 num [1:2] 975 3
NULL
R-CCU: After ClusterLabelChange for i = 79 
R-CCU: sum(pointsPerCluster) = 979 
 num [1:2] 976 3
NULL
R-CCU: dpObj$numberClusters = 2 
List of 2
 $ : num [1, 1, 1:2] 0.361 0.395
 $ : num [1, 1, 1:2] 8.86 5.35
NULL
R priorParameters: 2 8 
R maxT: 1 
R_PriorDraw_first_mu: 0.3904418 
R_PriorDraw_first_nu: 1.500669 
R-CCU: Before ClusterLabelChange for i = 80 newLabel= 1 currentLabel= 1 
R-CCU: sum(pointsPerCluster) = 979 
 num [1:2] 976 3
NULL
R-CCU: After ClusterLabelChange for i = 80 
R-CCU: sum(pointsPerCluster) = 980 
 num [1:2] 977 3
NULL
R-CCU: dpObj$numberClusters = 2 
List of 2
 $ : num [1, 1, 1:2] 0.361 0.395
 $ : num [1, 1, 1:2] 8.86 5.35
NULL
R priorParameters: 2 8 
R maxT: 1 
R_PriorDraw_first_mu: 0.1540639 
R_PriorDraw_first_nu: 2.903576 
R-CCU: Before ClusterLabelChange for i = 81 newLabel= 1 currentLabel= 1 
R-CCU: sum(pointsPerCluster) = 980 
 num [1:2] 977 3
NULL
R-CCU: After ClusterLabelChange for i = 81 
R-CCU: sum(pointsPerCluster) = 981 
 num [1:2] 978 3
NULL
R-CCU: dpObj$numberClusters = 2 
List of 2
 $ : num [1, 1, 1:2] 0.361 0.395
 $ : num [1, 1, 1:2] 8.86 5.35
NULL
R priorParameters: 2 8 
R maxT: 1 
R_PriorDraw_first_mu: 0.9500517 
R_PriorDraw_first_nu: 3.219864 
R-CCU: Before ClusterLabelChange for i = 82 newLabel= 1 currentLabel= 1 
R-CCU: sum(pointsPerCluster) = 981 
 num [1:2] 978 3
NULL
R-CCU: After ClusterLabelChange for i = 82 
R-CCU: sum(pointsPerCluster) = 982 
 num [1:2] 979 3
NULL
R-CCU: dpObj$numberClusters = 2 
List of 2
 $ : num [1, 1, 1:2] 0.361 0.395
 $ : num [1, 1, 1:2] 8.86 5.35
NULL
R priorParameters: 2 8 
R maxT: 1 
R_PriorDraw_first_mu: 0.8632803 
R_PriorDraw_first_nu: 2.716074 
R-CCU: Before ClusterLabelChange for i = 83 newLabel= 5 currentLabel= 1 
R-CCU: sum(pointsPerCluster) = 982 
 num [1:2] 979 3
NULL
R-CCU: After ClusterLabelChange for i = 83 
R-CCU: sum(pointsPerCluster) = 983 
 num [1:3] 979 3 1
NULL
R-CCU: dpObj$numberClusters = 3 
List of 2
 $ : num [1, 1, 1:3] 0.361 0.395 0.154
 $ : num [1, 1, 1:3] 8.86 5.35 2.47
NULL
R priorParameters: 2 8 
R maxT: 1 
R_PriorDraw_first_mu: 0.1105756 
R_PriorDraw_first_nu: 6.582051 
R-CCU: Before ClusterLabelChange for i = 84 newLabel= 1 currentLabel= 1 
R-CCU: sum(pointsPerCluster) = 983 
 num [1:3] 979 3 1
NULL
R-CCU: After ClusterLabelChange for i = 84 
R-CCU: sum(pointsPerCluster) = 984 
 num [1:3] 980 3 1
NULL
R-CCU: dpObj$numberClusters = 3 
List of 2
 $ : num [1, 1, 1:3] 0.361 0.395 0.154
 $ : num [1, 1, 1:3] 8.86 5.35 2.47
NULL
R priorParameters: 2 8 
R maxT: 1 
R_PriorDraw_first_mu: 0.7597221 
R_PriorDraw_first_nu: 3.865286 
R-CCU: Before ClusterLabelChange for i = 85 newLabel= 1 currentLabel= 1 
R-CCU: sum(pointsPerCluster) = 984 
 num [1:3] 980 3 1
NULL
R-CCU: After ClusterLabelChange for i = 85 
R-CCU: sum(pointsPerCluster) = 985 
 num [1:3] 981 3 1
NULL
R-CCU: dpObj$numberClusters = 3 
List of 2
 $ : num [1, 1, 1:3] 0.361 0.395 0.154
 $ : num [1, 1, 1:3] 8.86 5.35 2.47
NULL
R priorParameters: 2 8 
R maxT: 1 
R_PriorDraw_first_mu: 0.7491871 
R_PriorDraw_first_nu: 4.110507 
R-CCU: Before ClusterLabelChange for i = 86 newLabel= 1 currentLabel= 1 
R-CCU: sum(pointsPerCluster) = 985 
 num [1:3] 981 3 1
NULL
R-CCU: After ClusterLabelChange for i = 86 
R-CCU: sum(pointsPerCluster) = 986 
 num [1:3] 982 3 1
NULL
R-CCU: dpObj$numberClusters = 3 
List of 2
 $ : num [1, 1, 1:3] 0.361 0.395 0.154
 $ : num [1, 1, 1:3] 8.86 5.35 2.47
NULL
R priorParameters: 2 8 
R maxT: 1 
R_PriorDraw_first_mu: 0.7817162 
R_PriorDraw_first_nu: 3.757963 
R-CCU: Before ClusterLabelChange for i = 87 newLabel= 1 currentLabel= 1 
R-CCU: sum(pointsPerCluster) = 986 
 num [1:3] 982 3 1
NULL
R-CCU: After ClusterLabelChange for i = 87 
R-CCU: sum(pointsPerCluster) = 987 
 num [1:3] 983 3 1
NULL
R-CCU: dpObj$numberClusters = 3 
List of 2
 $ : num [1, 1, 1:3] 0.361 0.395 0.154
 $ : num [1, 1, 1:3] 8.86 5.35 2.47
NULL
R priorParameters: 2 8 
R maxT: 1 
R_PriorDraw_first_mu: 0.6178109 
R_PriorDraw_first_nu: 3.921721 
R-CCU: Before ClusterLabelChange for i = 88 newLabel= 1 currentLabel= 1 
R-CCU: sum(pointsPerCluster) = 987 
 num [1:3] 983 3 1
NULL
R-CCU: After ClusterLabelChange for i = 88 
R-CCU: sum(pointsPerCluster) = 988 
 num [1:3] 984 3 1
NULL
R-CCU: dpObj$numberClusters = 3 
List of 2
 $ : num [1, 1, 1:3] 0.361 0.395 0.154
 $ : num [1, 1, 1:3] 8.86 5.35 2.47
NULL
R priorParameters: 2 8 
R maxT: 1 
R_PriorDraw_first_mu: 0.1986207 
R_PriorDraw_first_nu: 1.919952 
R-CCU: Before ClusterLabelChange for i = 89 newLabel= 1 currentLabel= 1 
R-CCU: sum(pointsPerCluster) = 988 
 num [1:3] 984 3 1
NULL
R-CCU: After ClusterLabelChange for i = 89 
R-CCU: sum(pointsPerCluster) = 989 
 num [1:3] 985 3 1
NULL
R-CCU: dpObj$numberClusters = 3 
List of 2
 $ : num [1, 1, 1:3] 0.361 0.395 0.154
 $ : num [1, 1, 1:3] 8.86 5.35 2.47
NULL
R priorParameters: 2 8 
R maxT: 1 
R_PriorDraw_first_mu: 0.988993 
R_PriorDraw_first_nu: 5.621276 
R-CCU: Before ClusterLabelChange for i = 90 newLabel= 1 currentLabel= 1 
R-CCU: sum(pointsPerCluster) = 989 
 num [1:3] 985 3 1
NULL
R-CCU: After ClusterLabelChange for i = 90 
R-CCU: sum(pointsPerCluster) = 990 
 num [1:3] 986 3 1
NULL
R-CCU: dpObj$numberClusters = 3 
List of 2
 $ : num [1, 1, 1:3] 0.361 0.395 0.154
 $ : num [1, 1, 1:3] 8.86 5.35 2.47
NULL
R priorParameters: 2 8 
R maxT: 1 
R_PriorDraw_first_mu: 0.3748054 
R_PriorDraw_first_nu: 6.787988 
R-CCU: Before ClusterLabelChange for i = 91 newLabel= 1 currentLabel= 1 
R-CCU: sum(pointsPerCluster) = 990 
 num [1:3] 986 3 1
NULL
R-CCU: After ClusterLabelChange for i = 91 
R-CCU: sum(pointsPerCluster) = 991 
 num [1:3] 987 3 1
NULL
R-CCU: dpObj$numberClusters = 3 
List of 2
 $ : num [1, 1, 1:3] 0.361 0.395 0.154
 $ : num [1, 1, 1:3] 8.86 5.35 2.47
NULL
R priorParameters: 2 8 
R maxT: 1 
R_PriorDraw_first_mu: 0.04801287 
R_PriorDraw_first_nu: 8.809689 
R-CCU: Before ClusterLabelChange for i = 92 newLabel= 1 currentLabel= 1 
R-CCU: sum(pointsPerCluster) = 991 
 num [1:3] 987 3 1
NULL
R-CCU: After ClusterLabelChange for i = 92 
R-CCU: sum(pointsPerCluster) = 992 
 num [1:3] 988 3 1
NULL
R-CCU: dpObj$numberClusters = 3 
List of 2
 $ : num [1, 1, 1:3] 0.361 0.395 0.154
 $ : num [1, 1, 1:3] 8.86 5.35 2.47
NULL
R priorParameters: 2 8 
R maxT: 1 
R_PriorDraw_first_mu: 0.2886916 
R_PriorDraw_first_nu: 2.117051 
R-CCU: Before ClusterLabelChange for i = 93 newLabel= 1 currentLabel= 1 
R-CCU: sum(pointsPerCluster) = 992 
 num [1:3] 988 3 1
NULL
R-CCU: After ClusterLabelChange for i = 93 
R-CCU: sum(pointsPerCluster) = 993 
 num [1:3] 989 3 1
NULL
R-CCU: dpObj$numberClusters = 3 
List of 2
 $ : num [1, 1, 1:3] 0.361 0.395 0.154
 $ : num [1, 1, 1:3] 8.86 5.35 2.47
NULL
R priorParameters: 2 8 
R maxT: 1 
R_PriorDraw_first_mu: 0.8206148 
R_PriorDraw_first_nu: 3.472615 
R-CCU: Before ClusterLabelChange for i = 94 newLabel= 1 currentLabel= 1 
R-CCU: sum(pointsPerCluster) = 993 
 num [1:3] 989 3 1
NULL
R-CCU: After ClusterLabelChange for i = 94 
R-CCU: sum(pointsPerCluster) = 994 
 num [1:3] 990 3 1
NULL
R-CCU: dpObj$numberClusters = 3 
List of 2
 $ : num [1, 1, 1:3] 0.361 0.395 0.154
 $ : num [1, 1, 1:3] 8.86 5.35 2.47
NULL
R priorParameters: 2 8 
R maxT: 1 
R_PriorDraw_first_mu: 0.1377171 
R_PriorDraw_first_nu: 4.519887 
R-CCU: Before ClusterLabelChange for i = 95 newLabel= 1 currentLabel= 1 
R-CCU: sum(pointsPerCluster) = 994 
 num [1:3] 990 3 1
NULL
R-CCU: After ClusterLabelChange for i = 95 
R-CCU: sum(pointsPerCluster) = 995 
 num [1:3] 991 3 1
NULL
R-CCU: dpObj$numberClusters = 3 
List of 2
 $ : num [1, 1, 1:3] 0.361 0.395 0.154
 $ : num [1, 1, 1:3] 8.86 5.35 2.47
NULL
R priorParameters: 2 8 
R maxT: 1 
R_PriorDraw_first_mu: 0.2209361 
R_PriorDraw_first_nu: 3.067971 
R-CCU: Before ClusterLabelChange for i = 96 newLabel= 1 currentLabel= 1 
R-CCU: sum(pointsPerCluster) = 995 
 num [1:3] 991 3 1
NULL
R-CCU: After ClusterLabelChange for i = 96 
R-CCU: sum(pointsPerCluster) = 996 
 num [1:3] 992 3 1
NULL
R-CCU: dpObj$numberClusters = 3 
List of 2
 $ : num [1, 1, 1:3] 0.361 0.395 0.154
 $ : num [1, 1, 1:3] 8.86 5.35 2.47
NULL
R priorParameters: 2 8 
R maxT: 1 
R_PriorDraw_first_mu: 0.1951297 
R_PriorDraw_first_nu: 1.773223 
R-CCU: Before ClusterLabelChange for i = 97 newLabel= 1 currentLabel= 1 
R-CCU: sum(pointsPerCluster) = 996 
 num [1:3] 992 3 1
NULL
R-CCU: After ClusterLabelChange for i = 97 
R-CCU: sum(pointsPerCluster) = 997 
 num [1:3] 993 3 1
NULL
R-CCU: dpObj$numberClusters = 3 
List of 2
 $ : num [1, 1, 1:3] 0.361 0.395 0.154
 $ : num [1, 1, 1:3] 8.86 5.35 2.47
NULL
R priorParameters: 2 8 
R maxT: 1 
R_PriorDraw_first_mu: 0.9145812 
R_PriorDraw_first_nu: 7.712293 
R-CCU: Before ClusterLabelChange for i = 98 newLabel= 1 currentLabel= 1 
R-CCU: sum(pointsPerCluster) = 997 
 num [1:3] 993 3 1
NULL
R-CCU: After ClusterLabelChange for i = 98 
R-CCU: sum(pointsPerCluster) = 998 
 num [1:3] 994 3 1
NULL
R-CCU: dpObj$numberClusters = 3 
List of 2
 $ : num [1, 1, 1:3] 0.361 0.395 0.154
 $ : num [1, 1, 1:3] 8.86 5.35 2.47
NULL
R priorParameters: 2 8 
R maxT: 1 
R_PriorDraw_first_mu: 0.42978 
R_PriorDraw_first_nu: 10.94263 
R-CCU: Before ClusterLabelChange for i = 99 newLabel= 1 currentLabel= 1 
R-CCU: sum(pointsPerCluster) = 998 
 num [1:3] 994 3 1
NULL
R-CCU: After ClusterLabelChange for i = 99 
R-CCU: sum(pointsPerCluster) = 999 
 num [1:3] 995 3 1
NULL
R-CCU: dpObj$numberClusters = 3 
List of 2
 $ : num [1, 1, 1:3] 0.361 0.395 0.154
 $ : num [1, 1, 1:3] 8.86 5.35 2.47
NULL
R priorParameters: 2 8 
R maxT: 1 
R_PriorDraw_first_mu: 0.2766147 
R_PriorDraw_first_nu: 5.667703 
R-CCU: Before ClusterLabelChange for i = 100 newLabel= 1 currentLabel= 1 
R-CCU: sum(pointsPerCluster) = 999 
 num [1:3] 995 3 1
NULL
R-CCU: After ClusterLabelChange for i = 100 
R-CCU: sum(pointsPerCluster) = 1000 
 num [1:3] 996 3 1
NULL
R-CCU: dpObj$numberClusters = 3 
List of 2
 $ : num [1, 1, 1:3] 0.361 0.395 0.154
 $ : num [1, 1, 1:3] 8.86 5.35 2.47
NULL

⠸ | 1 118      5 | Beta Distribution Full Integration Test         R priorParameters: 2 8 
R maxT: 1 
R_PriorDraw_first_mu: 0.8960259 
R_PriorDraw_first_nu: 1.822431 
R-CCU: Before ClusterLabelChange for i = 1 newLabel= 1 currentLabel= 1 
R-CCU: sum(pointsPerCluster) = 1000 
 num [1:3] 996 3 1
NULL
R-CCU: After ClusterLabelChange for i = 1 
R-CCU: sum(pointsPerCluster) = 1001 
 num [1:3] 997 3 1
NULL
R-CCU: dpObj$numberClusters = 3 
List of 2
 $ : num [1, 1, 1:3] 0.3365 0.3949 0.0869
 $ : num [1, 1, 1:3] 8.5 5.35 2.72
NULL
R priorParameters: 2 8 
R maxT: 1 
R_PriorDraw_first_mu: 0.6026967 
R_PriorDraw_first_nu: 2.542497 
R-CCU: Before ClusterLabelChange for i = 2 newLabel= 1 currentLabel= 1 
R-CCU: sum(pointsPerCluster) = 1001 
 num [1:3] 997 3 1
NULL
R-CCU: After ClusterLabelChange for i = 2 
R-CCU: sum(pointsPerCluster) = 1002 
 num [1:3] 998 3 1
NULL
R-CCU: dpObj$numberClusters = 3 
List of 2
 $ : num [1, 1, 1:3] 0.3365 0.3949 0.0869
 $ : num [1, 1, 1:3] 8.5 5.35 2.72
NULL
R priorParameters: 2 8 
R maxT: 1 
R_PriorDraw_first_mu: 0.7037492 
R_PriorDraw_first_nu: 4.577213 
R-CCU: Before ClusterLabelChange for i = 3 newLabel= 1 currentLabel= 1 
R-CCU: sum(pointsPerCluster) = 1002 
 num [1:3] 998 3 1
NULL
R-CCU: After ClusterLabelChange for i = 3 
R-CCU: sum(pointsPerCluster) = 1003 
 num [1:3] 999 3 1
NULL
R-CCU: dpObj$numberClusters = 3 
List of 2
 $ : num [1, 1, 1:3] 0.3365 0.3949 0.0869
 $ : num [1, 1, 1:3] 8.5 5.35 2.72
NULL
R priorParameters: 2 8 
R maxT: 1 
R_PriorDraw_first_mu: 0.6292697 
R_PriorDraw_first_nu: 13.75836 
R-CCU: Before ClusterLabelChange for i = 4 newLabel= 1 currentLabel= 1 
R-CCU: sum(pointsPerCluster) = 1003 
 num [1:3] 999 3 1
NULL
R-CCU: After ClusterLabelChange for i = 4 
R-CCU: sum(pointsPerCluster) = 1004 
 num [1:3] 1000 3 1
NULL
R-CCU: dpObj$numberClusters = 3 
List of 2
 $ : num [1, 1, 1:3] 0.3365 0.3949 0.0869
 $ : num [1, 1, 1:3] 8.5 5.35 2.72
NULL
R priorParameters: 2 8 
R maxT: 1 
R_PriorDraw_first_mu: 0.5577284 
R_PriorDraw_first_nu: 6.396697 
R-CCU: Before ClusterLabelChange for i = 5 newLabel= 1 currentLabel= 1 
R-CCU: sum(pointsPerCluster) = 1004 
 num [1:3] 1000 3 1
NULL
R-CCU: After ClusterLabelChange for i = 5 
R-CCU: sum(pointsPerCluster) = 1005 
 num [1:3] 1001 3 1
NULL
R-CCU: dpObj$numberClusters = 3 
List of 2
 $ : num [1, 1, 1:3] 0.3365 0.3949 0.0869
 $ : num [1, 1, 1:3] 8.5 5.35 2.72
NULL
R priorParameters: 2 8 
R maxT: 1 
R_PriorDraw_first_mu: 0.3155922 
R_PriorDraw_first_nu: 4.883156 
R-CCU: Before ClusterLabelChange for i = 6 newLabel= 1 currentLabel= 1 
R-CCU: sum(pointsPerCluster) = 1005 
 num [1:3] 1001 3 1
NULL
R-CCU: After ClusterLabelChange for i = 6 
R-CCU: sum(pointsPerCluster) = 1006 
 num [1:3] 1002 3 1
NULL
R-CCU: dpObj$numberClusters = 3 
List of 2
 $ : num [1, 1, 1:3] 0.3365 0.3949 0.0869
 $ : num [1, 1, 1:3] 8.5 5.35 2.72
NULL
R priorParameters: 2 8 
R maxT: 1 
R_PriorDraw_first_mu: 0.6273016 
R_PriorDraw_first_nu: 2.953823 
R-CCU: Before ClusterLabelChange for i = 7 newLabel= 1 currentLabel= 1 
R-CCU: sum(pointsPerCluster) = 1006 
 num [1:3] 1002 3 1
NULL
R-CCU: After ClusterLabelChange for i = 7 
R-CCU: sum(pointsPerCluster) = 1007 
 num [1:3] 1003 3 1
NULL
R-CCU: dpObj$numberClusters = 3 
List of 2
 $ : num [1, 1, 1:3] 0.3365 0.3949 0.0869
 $ : num [1, 1, 1:3] 8.5 5.35 2.72
NULL
R priorParameters: 2 8 
R maxT: 1 
R_PriorDraw_first_mu: 0.2672425 
R_PriorDraw_first_nu: 11.17388 
R-CCU: Before ClusterLabelChange for i = 8 newLabel= 1 currentLabel= 1 
R-CCU: sum(pointsPerCluster) = 1007 
 num [1:3] 1003 3 1
NULL
R-CCU: After ClusterLabelChange for i = 8 
R-CCU: sum(pointsPerCluster) = 1008 
 num [1:3] 1004 3 1
NULL
R-CCU: dpObj$numberClusters = 3 
List of 2
 $ : num [1, 1, 1:3] 0.3365 0.3949 0.0869
 $ : num [1, 1, 1:3] 8.5 5.35 2.72
NULL
R priorParameters: 2 8 
R maxT: 1 
R_PriorDraw_first_mu: 0.6374082 
R_PriorDraw_first_nu: 2.700397 
R-CCU: Before ClusterLabelChange for i = 9 newLabel= 1 currentLabel= 1 
R-CCU: sum(pointsPerCluster) = 1008 
 num [1:3] 1004 3 1
NULL
R-CCU: After ClusterLabelChange for i = 9 
R-CCU: sum(pointsPerCluster) = 1009 
 num [1:3] 1005 3 1
NULL
R-CCU: dpObj$numberClusters = 3 
List of 2
 $ : num [1, 1, 1:3] 0.3365 0.3949 0.0869
 $ : num [1, 1, 1:3] 8.5 5.35 2.72
NULL
R priorParameters: 2 8 
R maxT: 1 
R_PriorDraw_first_mu: 0.9978712 
R_PriorDraw_first_nu: 20.77669 
R-CCU: Before ClusterLabelChange for i = 10 newLabel= 1 currentLabel= 1 
R-CCU: sum(pointsPerCluster) = 1009 
 num [1:3] 1005 3 1
NULL
R-CCU: After ClusterLabelChange for i = 10 
R-CCU: sum(pointsPerCluster) = 1010 
 num [1:3] 1006 3 1
NULL
R-CCU: dpObj$numberClusters = 3 
List of 2
 $ : num [1, 1, 1:3] 0.3365 0.3949 0.0869
 $ : num [1, 1, 1:3] 8.5 5.35 2.72
NULL
R priorParameters: 2 8 
R maxT: 1 
R_PriorDraw_first_mu: 0.05249078 
R_PriorDraw_first_nu: 104.8564 
R-CCU: Before ClusterLabelChange for i = 11 newLabel= 1 currentLabel= 1 
R-CCU: sum(pointsPerCluster) = 1010 
 num [1:3] 1006 3 1
NULL
R-CCU: After ClusterLabelChange for i = 11 
R-CCU: sum(pointsPerCluster) = 1011 
 num [1:3] 1007 3 1
NULL
R-CCU: dpObj$numberClusters = 3 
List of 2
 $ : num [1, 1, 1:3] 0.3365 0.3949 0.0869
 $ : num [1, 1, 1:3] 8.5 5.35 2.72
NULL
R priorParameters: 2 8 
R maxT: 1 
R_PriorDraw_first_mu: 0.2647536 
R_PriorDraw_first_nu: 2.737417 
R-CCU: Before ClusterLabelChange for i = 12 newLabel= 1 currentLabel= 1 
R-CCU: sum(pointsPerCluster) = 1011 
 num [1:3] 1007 3 1
NULL
R-CCU: After ClusterLabelChange for i = 12 
R-CCU: sum(pointsPerCluster) = 1012 
 num [1:3] 1008 3 1
NULL
R-CCU: dpObj$numberClusters = 3 
List of 2
 $ : num [1, 1, 1:3] 0.3365 0.3949 0.0869
 $ : num [1, 1, 1:3] 8.5 5.35 2.72
NULL
R priorParameters: 2 8 
R maxT: 1 
R_PriorDraw_first_mu: 0.8339213 
R_PriorDraw_first_nu: 4.612392 
R-CCU: Before ClusterLabelChange for i = 13 newLabel= 1 currentLabel= 1 
R-CCU: sum(pointsPerCluster) = 1012 
 num [1:3] 1008 3 1
NULL
R-CCU: After ClusterLabelChange for i = 13 
R-CCU: sum(pointsPerCluster) = 1013 
 num [1:3] 1009 3 1
NULL
R-CCU: dpObj$numberClusters = 3 
List of 2
 $ : num [1, 1, 1:3] 0.3365 0.3949 0.0869
 $ : num [1, 1, 1:3] 8.5 5.35 2.72
NULL
R priorParameters: 2 8 
R maxT: 1 
R_PriorDraw_first_mu: 0.7517943 
R_PriorDraw_first_nu: 5.423145 
R-CCU: Before ClusterLabelChange for i = 14 newLabel= 1 currentLabel= 1 
R-CCU: sum(pointsPerCluster) = 1013 
 num [1:3] 1009 3 1
NULL
R-CCU: After ClusterLabelChange for i = 14 
R-CCU: sum(pointsPerCluster) = 1014 
 num [1:3] 1010 3 1
NULL
R-CCU: dpObj$numberClusters = 3 
List of 2
 $ : num [1, 1, 1:3] 0.3365 0.3949 0.0869
 $ : num [1, 1, 1:3] 8.5 5.35 2.72
NULL
R priorParameters: 2 8 
R maxT: 1 
R_PriorDraw_first_mu: 0.3335274 
R_PriorDraw_first_nu: 1.852967 
R-CCU: Before ClusterLabelChange for i = 15 newLabel= 1 currentLabel= 1 
R-CCU: sum(pointsPerCluster) = 1014 
 num [1:3] 1010 3 1
NULL
R-CCU: After ClusterLabelChange for i = 15 
R-CCU: sum(pointsPerCluster) = 1015 
 num [1:3] 1011 3 1
NULL
R-CCU: dpObj$numberClusters = 3 
List of 2
 $ : num [1, 1, 1:3] 0.3365 0.3949 0.0869
 $ : num [1, 1, 1:3] 8.5 5.35 2.72
NULL
R priorParameters: 2 8 
R maxT: 1 
R_PriorDraw_first_mu: 0.2992754 
R_PriorDraw_first_nu: 7.244058 
R-CCU: Before ClusterLabelChange for i = 16 newLabel= 1 currentLabel= 1 
R-CCU: sum(pointsPerCluster) = 1015 
 num [1:3] 1011 3 1
NULL
R-CCU: After ClusterLabelChange for i = 16 
R-CCU: sum(pointsPerCluster) = 1016 
 num [1:3] 1012 3 1
NULL
R-CCU: dpObj$numberClusters = 3 
List of 2
 $ : num [1, 1, 1:3] 0.3365 0.3949 0.0869
 $ : num [1, 1, 1:3] 8.5 5.35 2.72
NULL
R priorParameters: 2 8 
R maxT: 1 
R_PriorDraw_first_mu: 0.6910569 
R_PriorDraw_first_nu: 7.414781 
R-CCU: Before ClusterLabelChange for i = 17 newLabel= 1 currentLabel= 1 
R-CCU: sum(pointsPerCluster) = 1016 
 num [1:3] 1012 3 1
NULL
R-CCU: After ClusterLabelChange for i = 17 
R-CCU: sum(pointsPerCluster) = 1017 
 num [1:3] 1013 3 1
NULL
R-CCU: dpObj$numberClusters = 3 
List of 2
 $ : num [1, 1, 1:3] 0.3365 0.3949 0.0869
 $ : num [1, 1, 1:3] 8.5 5.35 2.72
NULL
R priorParameters: 2 8 
R maxT: 1 
R_PriorDraw_first_mu: 0.221593 
R_PriorDraw_first_nu: 10.83145 
R-CCU: Before ClusterLabelChange for i = 18 newLabel= 1 currentLabel= 1 
R-CCU: sum(pointsPerCluster) = 1017 
 num [1:3] 1013 3 1
NULL
R-CCU: After ClusterLabelChange for i = 18 
R-CCU: sum(pointsPerCluster) = 1018 
 num [1:3] 1014 3 1
NULL
R-CCU: dpObj$numberClusters = 3 
List of 2
 $ : num [1, 1, 1:3] 0.3365 0.3949 0.0869
 $ : num [1, 1, 1:3] 8.5 5.35 2.72
NULL
R priorParameters: 2 8 
R maxT: 1 
R_PriorDraw_first_mu: 0.2927157 
R_PriorDraw_first_nu: 7.515013 
R-CCU: Before ClusterLabelChange for i = 19 newLabel= 1 currentLabel= 1 
R-CCU: sum(pointsPerCluster) = 1018 
 num [1:3] 1014 3 1
NULL
R-CCU: After ClusterLabelChange for i = 19 
R-CCU: sum(pointsPerCluster) = 1019 
 num [1:3] 1015 3 1
NULL
R-CCU: dpObj$numberClusters = 3 
List of 2
 $ : num [1, 1, 1:3] 0.3365 0.3949 0.0869
 $ : num [1, 1, 1:3] 8.5 5.35 2.72
NULL
R priorParameters: 2 8 
R maxT: 1 
R_PriorDraw_first_mu: 0.08938867 
R_PriorDraw_first_nu: 2.379872 
R-CCU: Before ClusterLabelChange for i = 20 newLabel= 1 currentLabel= 1 
R-CCU: sum(pointsPerCluster) = 1019 
 num [1:3] 1015 3 1
NULL
R-CCU: After ClusterLabelChange for i = 20 
R-CCU: sum(pointsPerCluster) = 1020 
 num [1:3] 1016 3 1
NULL
R-CCU: dpObj$numberClusters = 3 
List of 2
 $ : num [1, 1, 1:3] 0.3365 0.3949 0.0869
 $ : num [1, 1, 1:3] 8.5 5.35 2.72
NULL
R priorParameters: 2 8 
R maxT: 1 
R_PriorDraw_first_mu: 0.08612351 
R_PriorDraw_first_nu: 4.866755 
R-CCU: Before ClusterLabelChange for i = 21 newLabel= 1 currentLabel= 1 
R-CCU: sum(pointsPerCluster) = 1020 
 num [1:3] 1016 3 1
NULL
R-CCU: After ClusterLabelChange for i = 21 
R-CCU: sum(pointsPerCluster) = 1021 
 num [1:3] 1017 3 1
NULL
R-CCU: dpObj$numberClusters = 3 
List of 2
 $ : num [1, 1, 1:3] 0.3365 0.3949 0.0869
 $ : num [1, 1, 1:3] 8.5 5.35 2.72
NULL
R priorParameters: 2 8 
R maxT: 1 
R_PriorDraw_first_mu: 0.5270305 
R_PriorDraw_first_nu: 5.419995 
R-CCU: Before ClusterLabelChange for i = 22 newLabel= 1 currentLabel= 1 
R-CCU: sum(pointsPerCluster) = 1021 
 num [1:3] 1017 3 1
NULL
R-CCU: After ClusterLabelChange for i = 22 
R-CCU: sum(pointsPerCluster) = 1022 
 num [1:3] 1018 3 1
NULL
R-CCU: dpObj$numberClusters = 3 
List of 2
 $ : num [1, 1, 1:3] 0.3365 0.3949 0.0869
 $ : num [1, 1, 1:3] 8.5 5.35 2.72
NULL
R priorParameters: 2 8 
R maxT: 1 
R_PriorDraw_first_mu: 0.898863 
R_PriorDraw_first_nu: 2.894993 
R-CCU: Before ClusterLabelChange for i = 23 newLabel= 1 currentLabel= 1 
R-CCU: sum(pointsPerCluster) = 1022 
 num [1:3] 1018 3 1
NULL
R-CCU: After ClusterLabelChange for i = 23 
R-CCU: sum(pointsPerCluster) = 1023 
 num [1:3] 1019 3 1
NULL
R-CCU: dpObj$numberClusters = 3 
List of 2
 $ : num [1, 1, 1:3] 0.3365 0.3949 0.0869
 $ : num [1, 1, 1:3] 8.5 5.35 2.72
NULL
R priorParameters: 2 8 
R maxT: 1 
R_PriorDraw_first_mu: 0.5322516 
R_PriorDraw_first_nu: 4.221918 
R-CCU: Before ClusterLabelChange for i = 24 newLabel= 1 currentLabel= 1 
R-CCU: sum(pointsPerCluster) = 1023 
 num [1:3] 1019 3 1
NULL
R-CCU: After ClusterLabelChange for i = 24 
R-CCU: sum(pointsPerCluster) = 1024 
 num [1:3] 1020 3 1
NULL
R-CCU: dpObj$numberClusters = 3 
List of 2
 $ : num [1, 1, 1:3] 0.3365 0.3949 0.0869
 $ : num [1, 1, 1:3] 8.5 5.35 2.72
NULL
R priorParameters: 2 8 
R maxT: 1 
R_PriorDraw_first_mu: 0.2558252 
R_PriorDraw_first_nu: 3.086933 
R-CCU: Before ClusterLabelChange for i = 25 newLabel= 1 currentLabel= 1 
R-CCU: sum(pointsPerCluster) = 1024 
 num [1:3] 1020 3 1
NULL
R-CCU: After ClusterLabelChange for i = 25 
R-CCU: sum(pointsPerCluster) = 1025 
 num [1:3] 1021 3 1
NULL
R-CCU: dpObj$numberClusters = 3 
List of 2
 $ : num [1, 1, 1:3] 0.3365 0.3949 0.0869
 $ : num [1, 1, 1:3] 8.5 5.35 2.72
NULL
R priorParameters: 2 8 
R maxT: 1 
R_PriorDraw_first_mu: 0.2577017 
R_PriorDraw_first_nu: 5.832684 
R-CCU: Before ClusterLabelChange for i = 26 newLabel= 1 currentLabel= 1 
R-CCU: sum(pointsPerCluster) = 1025 
 num [1:3] 1021 3 1
NULL
R-CCU: After ClusterLabelChange for i = 26 
R-CCU: sum(pointsPerCluster) = 1026 
 num [1:3] 1022 3 1
NULL
R-CCU: dpObj$numberClusters = 3 
List of 2
 $ : num [1, 1, 1:3] 0.3365 0.3949 0.0869
 $ : num [1, 1, 1:3] 8.5 5.35 2.72
NULL
R priorParameters: 2 8 
R maxT: 1 
R_PriorDraw_first_mu: 0.7036404 
R_PriorDraw_first_nu: 2.882377 
R-CCU: Before ClusterLabelChange for i = 27 newLabel= 1 currentLabel= 1 
R-CCU: sum(pointsPerCluster) = 1026 
 num [1:3] 1022 3 1
NULL
R-CCU: After ClusterLabelChange for i = 27 
R-CCU: sum(pointsPerCluster) = 1027 
 num [1:3] 1023 3 1
NULL
R-CCU: dpObj$numberClusters = 3 
List of 2
 $ : num [1, 1, 1:3] 0.3365 0.3949 0.0869
 $ : num [1, 1, 1:3] 8.5 5.35 2.72
NULL
R priorParameters: 2 8 
R maxT: 1 
R_PriorDraw_first_mu: 0.5687071 
R_PriorDraw_first_nu: 46.19336 
R-CCU: Before ClusterLabelChange for i = 28 newLabel= 1 currentLabel= 1 
R-CCU: sum(pointsPerCluster) = 1027 
 num [1:3] 1023 3 1
NULL
R-CCU: After ClusterLabelChange for i = 28 
R-CCU: sum(pointsPerCluster) = 1028 
 num [1:3] 1024 3 1
NULL
R-CCU: dpObj$numberClusters = 3 
List of 2
 $ : num [1, 1, 1:3] 0.3365 0.3949 0.0869
 $ : num [1, 1, 1:3] 8.5 5.35 2.72
NULL
R priorParameters: 2 8 
R maxT: 1 
R_PriorDraw_first_mu: 0.6712539 
R_PriorDraw_first_nu: 2.997977 
R-CCU: Before ClusterLabelChange for i = 29 newLabel= 1 currentLabel= 1 
R-CCU: sum(pointsPerCluster) = 1028 
 num [1:3] 1024 3 1
NULL
R-CCU: After ClusterLabelChange for i = 29 
R-CCU: sum(pointsPerCluster) = 1029 
 num [1:3] 1025 3 1
NULL
R-CCU: dpObj$numberClusters = 3 
List of 2
 $ : num [1, 1, 1:3] 0.3365 0.3949 0.0869
 $ : num [1, 1, 1:3] 8.5 5.35 2.72
NULL
R priorParameters: 2 8 
R maxT: 1 
R_PriorDraw_first_mu: 0.4251411 
R_PriorDraw_first_nu: 2.141122 
R-CCU: Before ClusterLabelChange for i = 30 newLabel= 1 currentLabel= 1 
R-CCU: sum(pointsPerCluster) = 1029 
 num [1:3] 1025 3 1
NULL
R-CCU: After ClusterLabelChange for i = 30 
R-CCU: sum(pointsPerCluster) = 1030 
 num [1:3] 1026 3 1
NULL
R-CCU: dpObj$numberClusters = 3 
List of 2
 $ : num [1, 1, 1:3] 0.3365 0.3949 0.0869
 $ : num [1, 1, 1:3] 8.5 5.35 2.72
NULL
R priorParameters: 2 8 
R maxT: 1 
R_PriorDraw_first_mu: 0.910911 
R_PriorDraw_first_nu: 10.09928 
R-CCU: Before ClusterLabelChange for i = 31 newLabel= 1 currentLabel= 1 
R-CCU: sum(pointsPerCluster) = 1030 
 num [1:3] 1026 3 1
NULL
R-CCU: After ClusterLabelChange for i = 31 
R-CCU: sum(pointsPerCluster) = 1031 
 num [1:3] 1027 3 1
NULL
R-CCU: dpObj$numberClusters = 3 
List of 2
 $ : num [1, 1, 1:3] 0.3365 0.3949 0.0869
 $ : num [1, 1, 1:3] 8.5 5.35 2.72
NULL
R priorParameters: 2 8 
R maxT: 1 
R_PriorDraw_first_mu: 0.06639594 
R_PriorDraw_first_nu: 5.197145 
R-CCU: Before ClusterLabelChange for i = 32 newLabel= 1 currentLabel= 1 
R-CCU: sum(pointsPerCluster) = 1031 
 num [1:3] 1027 3 1
NULL
R-CCU: After ClusterLabelChange for i = 32 
R-CCU: sum(pointsPerCluster) = 1032 
 num [1:3] 1028 3 1
NULL
R-CCU: dpObj$numberClusters = 3 
List of 2
 $ : num [1, 1, 1:3] 0.3365 0.3949 0.0869
 $ : num [1, 1, 1:3] 8.5 5.35 2.72
NULL
R priorParameters: 2 8 
R maxT: 1 
R_PriorDraw_first_mu: 0.3750284 
R_PriorDraw_first_nu: 1.694828 
R-CCU: Before ClusterLabelChange for i = 33 newLabel= 1 currentLabel= 1 
R-CCU: sum(pointsPerCluster) = 1032 
 num [1:3] 1028 3 1
NULL
R-CCU: After ClusterLabelChange for i = 33 
R-CCU: sum(pointsPerCluster) = 1033 
 num [1:3] 1029 3 1
NULL
R-CCU: dpObj$numberClusters = 3 
List of 2
 $ : num [1, 1, 1:3] 0.3365 0.3949 0.0869
 $ : num [1, 1, 1:3] 8.5 5.35 2.72
NULL
R priorParameters: 2 8 
R maxT: 1 
R_PriorDraw_first_mu: 0.2346605 
R_PriorDraw_first_nu: 1.761594 
R-CCU: Before ClusterLabelChange for i = 34 newLabel= 1 currentLabel= 1 
R-CCU: sum(pointsPerCluster) = 1033 
 num [1:3] 1029 3 1
NULL
R-CCU: After ClusterLabelChange for i = 34 
R-CCU: sum(pointsPerCluster) = 1034 
 num [1:3] 1030 3 1
NULL
R-CCU: dpObj$numberClusters = 3 
List of 2
 $ : num [1, 1, 1:3] 0.3365 0.3949 0.0869
 $ : num [1, 1, 1:3] 8.5 5.35 2.72
NULL
R priorParameters: 2 8 
R maxT: 1 
R_PriorDraw_first_mu: 0.02379087 
R_PriorDraw_first_nu: 2.936918 
R-CCU: Before ClusterLabelChange for i = 35 newLabel= 1 currentLabel= 1 
R-CCU: sum(pointsPerCluster) = 1034 
 num [1:3] 1030 3 1
NULL
R-CCU: After ClusterLabelChange for i = 35 
R-CCU: sum(pointsPerCluster) = 1035 
 num [1:3] 1031 3 1
NULL
R-CCU: dpObj$numberClusters = 3 
List of 2
 $ : num [1, 1, 1:3] 0.3365 0.3949 0.0869
 $ : num [1, 1, 1:3] 8.5 5.35 2.72
NULL
R priorParameters: 2 8 
R maxT: 1 
R_PriorDraw_first_mu: 0.4557632 
R_PriorDraw_first_nu: 5.09828 
R-CCU: Before ClusterLabelChange for i = 36 newLabel= 1 currentLabel= 1 
R-CCU: sum(pointsPerCluster) = 1035 
 num [1:3] 1031 3 1
NULL
R-CCU: After ClusterLabelChange for i = 36 
R-CCU: sum(pointsPerCluster) = 1036 
 num [1:3] 1032 3 1
NULL
R-CCU: dpObj$numberClusters = 3 
List of 2
 $ : num [1, 1, 1:3] 0.3365 0.3949 0.0869
 $ : num [1, 1, 1:3] 8.5 5.35 2.72
NULL
R priorParameters: 2 8 
R maxT: 1 
R_PriorDraw_first_mu: 0.7090009 
R_PriorDraw_first_nu: 6.111733 
R-CCU: Before ClusterLabelChange for i = 37 newLabel= 1 currentLabel= 1 
R-CCU: sum(pointsPerCluster) = 1036 
 num [1:3] 1032 3 1
NULL
R-CCU: After ClusterLabelChange for i = 37 
R-CCU: sum(pointsPerCluster) = 1037 
 num [1:3] 1033 3 1
NULL
R-CCU: dpObj$numberClusters = 3 
List of 2
 $ : num [1, 1, 1:3] 0.3365 0.3949 0.0869
 $ : num [1, 1, 1:3] 8.5 5.35 2.72
NULL
R priorParameters: 2 8 
R maxT: 1 
R_PriorDraw_first_mu: 0.3153943 
R_PriorDraw_first_nu: 2.58766 
R-CCU: Before ClusterLabelChange for i = 38 newLabel= 1 currentLabel= 1 
R-CCU: sum(pointsPerCluster) = 1037 
 num [1:3] 1033 3 1
NULL
R-CCU: After ClusterLabelChange for i = 38 
R-CCU: sum(pointsPerCluster) = 1038 
 num [1:3] 1034 3 1
NULL
R-CCU: dpObj$numberClusters = 3 
List of 2
 $ : num [1, 1, 1:3] 0.3365 0.3949 0.0869
 $ : num [1, 1, 1:3] 8.5 5.35 2.72
NULL
R priorParameters: 2 8 
R maxT: 1 
R_PriorDraw_first_mu: 0.458343 
R_PriorDraw_first_nu: 5.779751 
R-CCU: Before ClusterLabelChange for i = 39 newLabel= 1 currentLabel= 1 
R-CCU: sum(pointsPerCluster) = 1038 
 num [1:3] 1034 3 1
NULL
R-CCU: After ClusterLabelChange for i = 39 
R-CCU: sum(pointsPerCluster) = 1039 
 num [1:3] 1035 3 1
NULL
R-CCU: dpObj$numberClusters = 3 
List of 2
 $ : num [1, 1, 1:3] 0.3365 0.3949 0.0869
 $ : num [1, 1, 1:3] 8.5 5.35 2.72
NULL
R priorParameters: 2 8 
R maxT: 1 
R_PriorDraw_first_mu: 0.7142695 
R_PriorDraw_first_nu: 5.174839 
R-CCU: Before ClusterLabelChange for i = 40 newLabel= 1 currentLabel= 1 
R-CCU: sum(pointsPerCluster) = 1039 
 num [1:3] 1035 3 1
NULL
R-CCU: After ClusterLabelChange for i = 40 
R-CCU: sum(pointsPerCluster) = 1040 
 num [1:3] 1036 3 1
NULL
R-CCU: dpObj$numberClusters = 3 
List of 2
 $ : num [1, 1, 1:3] 0.3365 0.3949 0.0869
 $ : num [1, 1, 1:3] 8.5 5.35 2.72
NULL
R priorParameters: 2 8 
R maxT: 1 
R_PriorDraw_first_mu: 0.5500481 
R_PriorDraw_first_nu: 9.763961 
R-CCU: Before ClusterLabelChange for i = 41 newLabel= 1 currentLabel= 1 
R-CCU: sum(pointsPerCluster) = 1040 
 num [1:3] 1036 3 1
NULL
R-CCU: After ClusterLabelChange for i = 41 
R-CCU: sum(pointsPerCluster) = 1041 
 num [1:3] 1037 3 1
NULL
R-CCU: dpObj$numberClusters = 3 
List of 2
 $ : num [1, 1, 1:3] 0.3365 0.3949 0.0869
 $ : num [1, 1, 1:3] 8.5 5.35 2.72
NULL
R priorParameters: 2 8 
R maxT: 1 
R_PriorDraw_first_mu: 0.4319686 
R_PriorDraw_first_nu: 4.213076 
R-CCU: Before ClusterLabelChange for i = 42 newLabel= 1 currentLabel= 1 
R-CCU: sum(pointsPerCluster) = 1041 
 num [1:3] 1037 3 1
NULL
R-CCU: After ClusterLabelChange for i = 42 
R-CCU: sum(pointsPerCluster) = 1042 
 num [1:3] 1038 3 1
NULL
R-CCU: dpObj$numberClusters = 3 
List of 2
 $ : num [1, 1, 1:3] 0.3365 0.3949 0.0869
 $ : num [1, 1, 1:3] 8.5 5.35 2.72
NULL
R priorParameters: 2 8 
R maxT: 1 
R_PriorDraw_first_mu: 0.9350205 
R_PriorDraw_first_nu: 3.075099 
R-CCU: Before ClusterLabelChange for i = 43 newLabel= 1 currentLabel= 1 
R-CCU: sum(pointsPerCluster) = 1042 
 num [1:3] 1038 3 1
NULL
R-CCU: After ClusterLabelChange for i = 43 
R-CCU: sum(pointsPerCluster) = 1043 
 num [1:3] 1039 3 1
NULL
R-CCU: dpObj$numberClusters = 3 
List of 2
 $ : num [1, 1, 1:3] 0.3365 0.3949 0.0869
 $ : num [1, 1, 1:3] 8.5 5.35 2.72
NULL
R priorParameters: 2 8 
R maxT: 1 
R_PriorDraw_first_mu: 0.8416782 
R_PriorDraw_first_nu: 10.90236 
R-CCU: Before ClusterLabelChange for i = 44 newLabel= 1 currentLabel= 1 
R-CCU: sum(pointsPerCluster) = 1043 
 num [1:3] 1039 3 1
NULL
R-CCU: After ClusterLabelChange for i = 44 
R-CCU: sum(pointsPerCluster) = 1044 
 num [1:3] 1040 3 1
NULL
R-CCU: dpObj$numberClusters = 3 
List of 2
 $ : num [1, 1, 1:3] 0.3365 0.3949 0.0869
 $ : num [1, 1, 1:3] 8.5 5.35 2.72
NULL
R priorParameters: 2 8 
R maxT: 1 
R_PriorDraw_first_mu: 0.2126915 
R_PriorDraw_first_nu: 2.664873 
R-CCU: Before ClusterLabelChange for i = 45 newLabel= 1 currentLabel= 1 
R-CCU: sum(pointsPerCluster) = 1044 
 num [1:3] 1040 3 1
NULL
R-CCU: After ClusterLabelChange for i = 45 
R-CCU: sum(pointsPerCluster) = 1045 
 num [1:3] 1041 3 1
NULL
R-CCU: dpObj$numberClusters = 3 
List of 2
 $ : num [1, 1, 1:3] 0.3365 0.3949 0.0869
 $ : num [1, 1, 1:3] 8.5 5.35 2.72
NULL
R priorParameters: 2 8 
R maxT: 1 
R_PriorDraw_first_mu: 0.1308004 
R_PriorDraw_first_nu: 15.74144 
R-CCU: Before ClusterLabelChange for i = 46 newLabel= 1 currentLabel= 1 
R-CCU: sum(pointsPerCluster) = 1045 
 num [1:3] 1041 3 1
NULL
R-CCU: After ClusterLabelChange for i = 46 
R-CCU: sum(pointsPerCluster) = 1046 
 num [1:3] 1042 3 1
NULL
R-CCU: dpObj$numberClusters = 3 
List of 2
 $ : num [1, 1, 1:3] 0.3365 0.3949 0.0869
 $ : num [1, 1, 1:3] 8.5 5.35 2.72
NULL
R priorParameters: 2 8 
R maxT: 1 
R_PriorDraw_first_mu: 0.8831346 
R_PriorDraw_first_nu: 2.66174 
R-CCU: Before ClusterLabelChange for i = 47 newLabel= 1 currentLabel= 1 
R-CCU: sum(pointsPerCluster) = 1046 
 num [1:3] 1042 3 1
NULL
R-CCU: After ClusterLabelChange for i = 47 
R-CCU: sum(pointsPerCluster) = 1047 
 num [1:3] 1043 3 1
NULL
R-CCU: dpObj$numberClusters = 3 
List of 2
 $ : num [1, 1, 1:3] 0.3365 0.3949 0.0869
 $ : num [1, 1, 1:3] 8.5 5.35 2.72
NULL
R priorParameters: 2 8 
R maxT: 1 
R_PriorDraw_first_mu: 0.01814215 
R_PriorDraw_first_nu: 3.257672 
R-CCU: Before ClusterLabelChange for i = 48 newLabel= 1 currentLabel= 1 
R-CCU: sum(pointsPerCluster) = 1047 
 num [1:3] 1043 3 1
NULL
R-CCU: After ClusterLabelChange for i = 48 
R-CCU: sum(pointsPerCluster) = 1048 
 num [1:3] 1044 3 1
NULL
R-CCU: dpObj$numberClusters = 3 
List of 2
 $ : num [1, 1, 1:3] 0.3365 0.3949 0.0869
 $ : num [1, 1, 1:3] 8.5 5.35 2.72
NULL
R priorParameters: 2 8 
R maxT: 1 
R_PriorDraw_first_mu: 0.8091364 
R_PriorDraw_first_nu: 1.7268 
R-CCU: Before ClusterLabelChange for i = 49 newLabel= 1 currentLabel= 1 
R-CCU: sum(pointsPerCluster) = 1048 
 num [1:3] 1044 3 1
NULL
R-CCU: After ClusterLabelChange for i = 49 
R-CCU: sum(pointsPerCluster) = 1049 
 num [1:3] 1045 3 1
NULL
R-CCU: dpObj$numberClusters = 3 
List of 2
 $ : num [1, 1, 1:3] 0.3365 0.3949 0.0869
 $ : num [1, 1, 1:3] 8.5 5.35 2.72
NULL
R priorParameters: 2 8 
R maxT: 1 
R_PriorDraw_first_mu: 0.6432664 
R_PriorDraw_first_nu: 2.877369 
R-CCU: Before ClusterLabelChange for i = 50 newLabel= 1 currentLabel= 1 
R-CCU: sum(pointsPerCluster) = 1049 
 num [1:3] 1045 3 1
NULL
R-CCU: After ClusterLabelChange for i = 50 
R-CCU: sum(pointsPerCluster) = 1050 
 num [1:3] 1046 3 1
NULL
R-CCU: dpObj$numberClusters = 3 
List of 2
 $ : num [1, 1, 1:3] 0.3365 0.3949 0.0869
 $ : num [1, 1, 1:3] 8.5 5.35 2.72
NULL
R priorParameters: 2 8 
R maxT: 1 
R_PriorDraw_first_mu: 0.5753195 
R_PriorDraw_first_nu: 5.881088 
R-CCU: Before ClusterLabelChange for i = 51 newLabel= 1 currentLabel= 1 
R-CCU: sum(pointsPerCluster) = 1050 
 num [1:3] 1046 3 1
NULL
R-CCU: After ClusterLabelChange for i = 51 
R-CCU: sum(pointsPerCluster) = 1051 
 num [1:3] 1047 3 1
NULL
R-CCU: dpObj$numberClusters = 3 
List of 2
 $ : num [1, 1, 1:3] 0.3365 0.3949 0.0869
 $ : num [1, 1, 1:3] 8.5 5.35 2.72
NULL
R priorParameters: 2 8 
R maxT: 1 
R_PriorDraw_first_mu: 0.7016457 
R_PriorDraw_first_nu: 4.217917 
R-CCU: Before ClusterLabelChange for i = 52 newLabel= 1 currentLabel= 1 
R-CCU: sum(pointsPerCluster) = 1051 
 num [1:3] 1047 3 1
NULL
R-CCU: After ClusterLabelChange for i = 52 
R-CCU: sum(pointsPerCluster) = 1052 
 num [1:3] 1048 3 1
NULL
R-CCU: dpObj$numberClusters = 3 
List of 2
 $ : num [1, 1, 1:3] 0.3365 0.3949 0.0869
 $ : num [1, 1, 1:3] 8.5 5.35 2.72
NULL
R priorParameters: 2 8 
R maxT: 1 
R_PriorDraw_first_mu: 0.3620074 
R_PriorDraw_first_nu: 2.472136 
R-CCU: Before ClusterLabelChange for i = 53 newLabel= 1 currentLabel= 1 
R-CCU: sum(pointsPerCluster) = 1052 
 num [1:3] 1048 3 1
NULL
R-CCU: After ClusterLabelChange for i = 53 
R-CCU: sum(pointsPerCluster) = 1053 
 num [1:3] 1049 3 1
NULL
R-CCU: dpObj$numberClusters = 3 
List of 2
 $ : num [1, 1, 1:3] 0.3365 0.3949 0.0869
 $ : num [1, 1, 1:3] 8.5 5.35 2.72
NULL
R priorParameters: 2 8 
R maxT: 1 
R_PriorDraw_first_mu: 0.358346 
R_PriorDraw_first_nu: 2.386495 
R-CCU: Before ClusterLabelChange for i = 54 newLabel= 1 currentLabel= 1 
R-CCU: sum(pointsPerCluster) = 1053 
 num [1:3] 1049 3 1
NULL
R-CCU: After ClusterLabelChange for i = 54 
R-CCU: sum(pointsPerCluster) = 1054 
 num [1:3] 1050 3 1
NULL
R-CCU: dpObj$numberClusters = 3 
List of 2
 $ : num [1, 1, 1:3] 0.3365 0.3949 0.0869
 $ : num [1, 1, 1:3] 8.5 5.35 2.72
NULL
R priorParameters: 2 8 
R maxT: 1 
R_PriorDraw_first_mu: 0.9567117 
R_PriorDraw_first_nu: 2.114401 
R-CCU: Before ClusterLabelChange for i = 55 newLabel= 1 currentLabel= 1 
R-CCU: sum(pointsPerCluster) = 1054 
 num [1:3] 1050 3 1
NULL
R-CCU: After ClusterLabelChange for i = 55 
R-CCU: sum(pointsPerCluster) = 1055 
 num [1:3] 1051 3 1
NULL
R-CCU: dpObj$numberClusters = 3 
List of 2
 $ : num [1, 1, 1:3] 0.3365 0.3949 0.0869
 $ : num [1, 1, 1:3] 8.5 5.35 2.72
NULL
R priorParameters: 2 8 
R maxT: 1 
R_PriorDraw_first_mu: 0.02182555 
R_PriorDraw_first_nu: 26.16871 
R-CCU: Before ClusterLabelChange for i = 56 newLabel= 1 currentLabel= 1 
R-CCU: sum(pointsPerCluster) = 1055 
 num [1:3] 1051 3 1
NULL
R-CCU: After ClusterLabelChange for i = 56 
R-CCU: sum(pointsPerCluster) = 1056 
 num [1:3] 1052 3 1
NULL
R-CCU: dpObj$numberClusters = 3 
List of 2
 $ : num [1, 1, 1:3] 0.3365 0.3949 0.0869
 $ : num [1, 1, 1:3] 8.5 5.35 2.72
NULL
R priorParameters: 2 8 
R maxT: 1 
R_PriorDraw_first_mu: 0.3190179 
R_PriorDraw_first_nu: 3.362718 
R-CCU: Before ClusterLabelChange for i = 57 newLabel= 1 currentLabel= 1 
R-CCU: sum(pointsPerCluster) = 1056 
 num [1:3] 1052 3 1
NULL
R-CCU: After ClusterLabelChange for i = 57 
R-CCU: sum(pointsPerCluster) = 1057 
 num [1:3] 1053 3 1
NULL
R-CCU: dpObj$numberClusters = 3 
List of 2
 $ : num [1, 1, 1:3] 0.3365 0.3949 0.0869
 $ : num [1, 1, 1:3] 8.5 5.35 2.72
NULL
R priorParameters: 2 8 
R maxT: 1 
R_PriorDraw_first_mu: 0.4803972 
R_PriorDraw_first_nu: 2.387735 
R-CCU: Before ClusterLabelChange for i = 58 newLabel= 1 currentLabel= 1 
R-CCU: sum(pointsPerCluster) = 1057 
 num [1:3] 1053 3 1
NULL
R-CCU: After ClusterLabelChange for i = 58 
R-CCU: sum(pointsPerCluster) = 1058 
 num [1:3] 1054 3 1
NULL
R-CCU: dpObj$numberClusters = 3 
List of 2
 $ : num [1, 1, 1:3] 0.3365 0.3949 0.0869
 $ : num [1, 1, 1:3] 8.5 5.35 2.72
NULL
R priorParameters: 2 8 
R maxT: 1 
R_PriorDraw_first_mu: 0.6401019 
R_PriorDraw_first_nu: 1.783254 
R-CCU: Before ClusterLabelChange for i = 59 newLabel= 1 currentLabel= 1 
R-CCU: sum(pointsPerCluster) = 1058 
 num [1:3] 1054 3 1
NULL
R-CCU: After ClusterLabelChange for i = 59 
R-CCU: sum(pointsPerCluster) = 1059 
 num [1:3] 1055 3 1
NULL
R-CCU: dpObj$numberClusters = 3 
List of 2
 $ : num [1, 1, 1:3] 0.3365 0.3949 0.0869
 $ : num [1, 1, 1:3] 8.5 5.35 2.72
NULL
R priorParameters: 2 8 
R maxT: 1 
R_PriorDraw_first_mu: 0.1141501 
R_PriorDraw_first_nu: 5.999798 
R-CCU: Before ClusterLabelChange for i = 60 newLabel= 1 currentLabel= 1 
R-CCU: sum(pointsPerCluster) = 1059 
 num [1:3] 1055 3 1
NULL
R-CCU: After ClusterLabelChange for i = 60 
R-CCU: sum(pointsPerCluster) = 1060 
 num [1:3] 1056 3 1
NULL
R-CCU: dpObj$numberClusters = 3 
List of 2
 $ : num [1, 1, 1:3] 0.3365 0.3949 0.0869
 $ : num [1, 1, 1:3] 8.5 5.35 2.72
NULL
R priorParameters: 2 8 
R maxT: 1 
R_PriorDraw_first_mu: 0.7925992 
R_PriorDraw_first_nu: 10.78633 
R-CCU: Before ClusterLabelChange for i = 61 newLabel= 1 currentLabel= 1 
R-CCU: sum(pointsPerCluster) = 1060 
 num [1:3] 1056 3 1
NULL
R-CCU: After ClusterLabelChange for i = 61 
R-CCU: sum(pointsPerCluster) = 1061 
 num [1:3] 1057 3 1
NULL
R-CCU: dpObj$numberClusters = 3 
List of 2
 $ : num [1, 1, 1:3] 0.3365 0.3949 0.0869
 $ : num [1, 1, 1:3] 8.5 5.35 2.72
NULL
R priorParameters: 2 8 
R maxT: 1 
R_PriorDraw_first_mu: 0.4339641 
R_PriorDraw_first_nu: 7.339157 
R-CCU: Before ClusterLabelChange for i = 62 newLabel= 1 currentLabel= 1 
R-CCU: sum(pointsPerCluster) = 1061 
 num [1:3] 1057 3 1
NULL
R-CCU: After ClusterLabelChange for i = 62 
R-CCU: sum(pointsPerCluster) = 1062 
 num [1:3] 1058 3 1
NULL
R-CCU: dpObj$numberClusters = 3 
List of 2
 $ : num [1, 1, 1:3] 0.3365 0.3949 0.0869
 $ : num [1, 1, 1:3] 8.5 5.35 2.72
NULL
R priorParameters: 2 8 
R maxT: 1 
R_PriorDraw_first_mu: 0.6301282 
R_PriorDraw_first_nu: 11.77886 
R-CCU: Before ClusterLabelChange for i = 63 newLabel= 1 currentLabel= 1 
R-CCU: sum(pointsPerCluster) = 1062 
 num [1:3] 1058 3 1
NULL
R-CCU: After ClusterLabelChange for i = 63 
R-CCU: sum(pointsPerCluster) = 1063 
 num [1:3] 1059 3 1
NULL
R-CCU: dpObj$numberClusters = 3 
List of 2
 $ : num [1, 1, 1:3] 0.3365 0.3949 0.0869
 $ : num [1, 1, 1:3] 8.5 5.35 2.72
NULL
R priorParameters: 2 8 
R maxT: 1 
R_PriorDraw_first_mu: 0.7392429 
R_PriorDraw_first_nu: 6.530039 
R-CCU: Before ClusterLabelChange for i = 64 newLabel= 1 currentLabel= 1 
R-CCU: sum(pointsPerCluster) = 1063 
 num [1:3] 1059 3 1
NULL
R-CCU: After ClusterLabelChange for i = 64 
R-CCU: sum(pointsPerCluster) = 1064 
 num [1:3] 1060 3 1
NULL
R-CCU: dpObj$numberClusters = 3 
List of 2
 $ : num [1, 1, 1:3] 0.3365 0.3949 0.0869
 $ : num [1, 1, 1:3] 8.5 5.35 2.72
NULL
R priorParameters: 2 8 
R maxT: 1 
R_PriorDraw_first_mu: 0.2351282 
R_PriorDraw_first_nu: 7.271763 
R-CCU: Before ClusterLabelChange for i = 65 newLabel= 1 currentLabel= 1 
R-CCU: sum(pointsPerCluster) = 1064 
 num [1:3] 1060 3 1
NULL
R-CCU: After ClusterLabelChange for i = 65 
R-CCU: sum(pointsPerCluster) = 1065 
 num [1:3] 1061 3 1
NULL
R-CCU: dpObj$numberClusters = 3 
List of 2
 $ : num [1, 1, 1:3] 0.3365 0.3949 0.0869
 $ : num [1, 1, 1:3] 8.5 5.35 2.72
NULL
R priorParameters: 2 8 
R maxT: 1 
R_PriorDraw_first_mu: 0.6525509 
R_PriorDraw_first_nu: 2.523783 
R-CCU: Before ClusterLabelChange for i = 66 newLabel= 1 currentLabel= 1 
R-CCU: sum(pointsPerCluster) = 1065 
 num [1:3] 1061 3 1
NULL
R-CCU: After ClusterLabelChange for i = 66 
R-CCU: sum(pointsPerCluster) = 1066 
 num [1:3] 1062 3 1
NULL
R-CCU: dpObj$numberClusters = 3 
List of 2
 $ : num [1, 1, 1:3] 0.3365 0.3949 0.0869
 $ : num [1, 1, 1:3] 8.5 5.35 2.72
NULL
R priorParameters: 2 8 
R maxT: 1 
R_PriorDraw_first_mu: 0.4591076 
R_PriorDraw_first_nu: 1.709383 
R-CCU: Before ClusterLabelChange for i = 67 newLabel= 1 currentLabel= 1 
R-CCU: sum(pointsPerCluster) = 1066 
 num [1:3] 1062 3 1
NULL
R-CCU: After ClusterLabelChange for i = 67 
R-CCU: sum(pointsPerCluster) = 1067 
 num [1:3] 1063 3 1
NULL
R-CCU: dpObj$numberClusters = 3 
List of 2
 $ : num [1, 1, 1:3] 0.3365 0.3949 0.0869
 $ : num [1, 1, 1:3] 8.5 5.35 2.72
NULL
R priorParameters: 2 8 
R maxT: 1 
R_PriorDraw_first_mu: 0.2359382 
R_PriorDraw_first_nu: 8.091812 
R-CCU: Before ClusterLabelChange for i = 68 newLabel= 1 currentLabel= 1 
R-CCU: sum(pointsPerCluster) = 1067 
 num [1:3] 1063 3 1
NULL
R-CCU: After ClusterLabelChange for i = 68 
R-CCU: sum(pointsPerCluster) = 1068 
 num [1:3] 1064 3 1
NULL
R-CCU: dpObj$numberClusters = 3 
List of 2
 $ : num [1, 1, 1:3] 0.3365 0.3949 0.0869
 $ : num [1, 1, 1:3] 8.5 5.35 2.72
NULL
R priorParameters: 2 8 
R maxT: 1 
R_PriorDraw_first_mu: 0.2077823 
R_PriorDraw_first_nu: 5.934603 
R-CCU: Before ClusterLabelChange for i = 69 newLabel= 1 currentLabel= 1 
R-CCU: sum(pointsPerCluster) = 1068 
 num [1:3] 1064 3 1
NULL
R-CCU: After ClusterLabelChange for i = 69 
R-CCU: sum(pointsPerCluster) = 1069 
 num [1:3] 1065 3 1
NULL
R-CCU: dpObj$numberClusters = 3 
List of 2
 $ : num [1, 1, 1:3] 0.3365 0.3949 0.0869
 $ : num [1, 1, 1:3] 8.5 5.35 2.72
NULL
R priorParameters: 2 8 
R maxT: 1 
R_PriorDraw_first_mu: 0.05884849 
R_PriorDraw_first_nu: 4.390578 
R-CCU: Before ClusterLabelChange for i = 70 newLabel= 1 currentLabel= 1 
R-CCU: sum(pointsPerCluster) = 1069 
 num [1:3] 1065 3 1
NULL
R-CCU: After ClusterLabelChange for i = 70 
R-CCU: sum(pointsPerCluster) = 1070 
 num [1:3] 1066 3 1
NULL
R-CCU: dpObj$numberClusters = 3 
List of 2
 $ : num [1, 1, 1:3] 0.3365 0.3949 0.0869
 $ : num [1, 1, 1:3] 8.5 5.35 2.72
NULL
R priorParameters: 2 8 
R maxT: 1 
R_PriorDraw_first_mu: 0.2435161 
R_PriorDraw_first_nu: 2.243685 
R-CCU: Before ClusterLabelChange for i = 71 newLabel= 1 currentLabel= 1 
R-CCU: sum(pointsPerCluster) = 1070 
 num [1:3] 1066 3 1
NULL
R-CCU: After ClusterLabelChange for i = 71 
R-CCU: sum(pointsPerCluster) = 1071 
 num [1:3] 1067 3 1
NULL
R-CCU: dpObj$numberClusters = 3 
List of 2
 $ : num [1, 1, 1:3] 0.3365 0.3949 0.0869
 $ : num [1, 1, 1:3] 8.5 5.35 2.72
NULL
R priorParameters: 2 8 
R maxT: 1 
R_PriorDraw_first_mu: 0.459077 
R_PriorDraw_first_nu: 9.623884 
R-CCU: Before ClusterLabelChange for i = 72 newLabel= 1 currentLabel= 1 
R-CCU: sum(pointsPerCluster) = 1071 
 num [1:3] 1067 3 1
NULL
R-CCU: After ClusterLabelChange for i = 72 
R-CCU: sum(pointsPerCluster) = 1072 
 num [1:3] 1068 3 1
NULL
R-CCU: dpObj$numberClusters = 3 
List of 2
 $ : num [1, 1, 1:3] 0.3365 0.3949 0.0869
 $ : num [1, 1, 1:3] 8.5 5.35 2.72
NULL
R priorParameters: 2 8 
R maxT: 1 
R_PriorDraw_first_mu: 0.1543386 
R_PriorDraw_first_nu: 9.537772 
R-CCU: Before ClusterLabelChange for i = 73 newLabel= 1 currentLabel= 1 
R-CCU: sum(pointsPerCluster) = 1072 
 num [1:3] 1068 3 1
NULL
R-CCU: After ClusterLabelChange for i = 73 
R-CCU: sum(pointsPerCluster) = 1073 
 num [1:3] 1069 3 1
NULL
R-CCU: dpObj$numberClusters = 3 
List of 2
 $ : num [1, 1, 1:3] 0.3365 0.3949 0.0869
 $ : num [1, 1, 1:3] 8.5 5.35 2.72
NULL
R priorParameters: 2 8 
R maxT: 1 
R_PriorDraw_first_mu: 0.7546371 
R_PriorDraw_first_nu: 21.12735 
R-CCU: Before ClusterLabelChange for i = 74 newLabel= 1 currentLabel= 1 
R-CCU: sum(pointsPerCluster) = 1073 
 num [1:3] 1069 3 1
NULL
R-CCU: After ClusterLabelChange for i = 74 
R-CCU: sum(pointsPerCluster) = 1074 
 num [1:3] 1070 3 1
NULL
R-CCU: dpObj$numberClusters = 3 
List of 2
 $ : num [1, 1, 1:3] 0.3365 0.3949 0.0869
 $ : num [1, 1, 1:3] 8.5 5.35 2.72
NULL
R priorParameters: 2 8 
R maxT: 1 
R_PriorDraw_first_mu: 0.05386655 
R_PriorDraw_first_nu: 2.147975 
R-CCU: Before ClusterLabelChange for i = 75 newLabel= 1 currentLabel= 1 
R-CCU: sum(pointsPerCluster) = 1074 
 num [1:3] 1070 3 1
NULL
R-CCU: After ClusterLabelChange for i = 75 
R-CCU: sum(pointsPerCluster) = 1075 
 num [1:3] 1071 3 1
NULL
R-CCU: dpObj$numberClusters = 3 
List of 2
 $ : num [1, 1, 1:3] 0.3365 0.3949 0.0869
 $ : num [1, 1, 1:3] 8.5 5.35 2.72
NULL
R priorParameters: 2 8 
R maxT: 1 
R_PriorDraw_first_mu: 0.4444497 
R_PriorDraw_first_nu: 8.516003 
R-CCU: Before ClusterLabelChange for i = 76 newLabel= 1 currentLabel= 1 
R-CCU: sum(pointsPerCluster) = 1075 
 num [1:3] 1071 3 1
NULL
R-CCU: After ClusterLabelChange for i = 76 
R-CCU: sum(pointsPerCluster) = 1076 
 num [1:3] 1072 3 1
NULL
R-CCU: dpObj$numberClusters = 3 
List of 2
 $ : num [1, 1, 1:3] 0.3365 0.3949 0.0869
 $ : num [1, 1, 1:3] 8.5 5.35 2.72
NULL
R priorParameters: 2 8 
R maxT: 1 
R_PriorDraw_first_mu: 0.03590914 
R_PriorDraw_first_nu: 8.80008 
R-CCU: Before ClusterLabelChange for i = 77 newLabel= 1 currentLabel= 1 
R-CCU: sum(pointsPerCluster) = 1076 
 num [1:3] 1072 3 1
NULL
R-CCU: After ClusterLabelChange for i = 77 
R-CCU: sum(pointsPerCluster) = 1077 
 num [1:3] 1073 3 1
NULL
R-CCU: dpObj$numberClusters = 3 
List of 2
 $ : num [1, 1, 1:3] 0.3365 0.3949 0.0869
 $ : num [1, 1, 1:3] 8.5 5.35 2.72
NULL
R priorParameters: 2 8 
R maxT: 1 
R_PriorDraw_first_mu: 0.9539306 
R_PriorDraw_first_nu: 3.688925 
R-CCU: Before ClusterLabelChange for i = 78 newLabel= 1 currentLabel= 1 
R-CCU: sum(pointsPerCluster) = 1077 
 num [1:3] 1073 3 1
NULL
R-CCU: After ClusterLabelChange for i = 78 
R-CCU: sum(pointsPerCluster) = 1078 
 num [1:3] 1074 3 1
NULL
R-CCU: dpObj$numberClusters = 3 
List of 2
 $ : num [1, 1, 1:3] 0.3365 0.3949 0.0869
 $ : num [1, 1, 1:3] 8.5 5.35 2.72
NULL
R priorParameters: 2 8 
R maxT: 1 
R_PriorDraw_first_mu: 0.7103585 
R_PriorDraw_first_nu: 5.006309 
R-CCU: Before ClusterLabelChange for i = 79 newLabel= 1 currentLabel= 1 
R-CCU: sum(pointsPerCluster) = 1078 
 num [1:3] 1074 3 1
NULL
R-CCU: After ClusterLabelChange for i = 79 
R-CCU: sum(pointsPerCluster) = 1079 
 num [1:3] 1075 3 1
NULL
R-CCU: dpObj$numberClusters = 3 
List of 2
 $ : num [1, 1, 1:3] 0.3365 0.3949 0.0869
 $ : num [1, 1, 1:3] 8.5 5.35 2.72
NULL
R priorParameters: 2 8 
R maxT: 1 
R_PriorDraw_first_mu: 0.09913397 
R_PriorDraw_first_nu: 59.67258 
R-CCU: Before ClusterLabelChange for i = 80 newLabel= 1 currentLabel= 1 
R-CCU: sum(pointsPerCluster) = 1079 
 num [1:3] 1075 3 1
NULL
R-CCU: After ClusterLabelChange for i = 80 
R-CCU: sum(pointsPerCluster) = 1080 
 num [1:3] 1076 3 1
NULL
R-CCU: dpObj$numberClusters = 3 
List of 2
 $ : num [1, 1, 1:3] 0.3365 0.3949 0.0869
 $ : num [1, 1, 1:3] 8.5 5.35 2.72
NULL
R priorParameters: 2 8 
R maxT: 1 
R_PriorDraw_first_mu: 0.80142 
R_PriorDraw_first_nu: 22.50275 
R-CCU: Before ClusterLabelChange for i = 81 newLabel= 1 currentLabel= 1 
R-CCU: sum(pointsPerCluster) = 1080 
 num [1:3] 1076 3 1
NULL
R-CCU: After ClusterLabelChange for i = 81 
R-CCU: sum(pointsPerCluster) = 1081 
 num [1:3] 1077 3 1
NULL
R-CCU: dpObj$numberClusters = 3 
List of 2
 $ : num [1, 1, 1:3] 0.3365 0.3949 0.0869
 $ : num [1, 1, 1:3] 8.5 5.35 2.72
NULL
R priorParameters: 2 8 
R maxT: 1 
R_PriorDraw_first_mu: 0.09052369 
R_PriorDraw_first_nu: 5.196273 
R-CCU: Before ClusterLabelChange for i = 82 newLabel= 1 currentLabel= 1 
R-CCU: sum(pointsPerCluster) = 1081 
 num [1:3] 1077 3 1
NULL
R-CCU: After ClusterLabelChange for i = 82 
R-CCU: sum(pointsPerCluster) = 1082 
 num [1:3] 1078 3 1
NULL
R-CCU: dpObj$numberClusters = 3 
List of 2
 $ : num [1, 1, 1:3] 0.3365 0.3949 0.0869
 $ : num [1, 1, 1:3] 8.5 5.35 2.72
NULL
R priorParameters: 2 8 
R maxT: 1 
R_PriorDraw_first_mu: 0.5976047 
R_PriorDraw_first_nu: 8.845764 
R-CCU: Before ClusterLabelChange for i = 83 newLabel= 1 currentLabel= 3 
R-CCU: sum(pointsPerCluster) = 1082 
 num [1:3] 1078 3 1
NULL
R-CCU: After ClusterLabelChange for i = 83 
R-CCU: sum(pointsPerCluster) = 1083 
 num [1:3] 1079 3 1
NULL
R-CCU: dpObj$numberClusters = 3 
List of 2
 $ : num [1, 1, 1:3] 0.3365 0.3949 0.0869
 $ : num [1, 1, 1:3] 8.5 5.35 2.72
NULL
R priorParameters: 2 8 
R maxT: 1 
R_PriorDraw_first_mu: 0.3271521 
R_PriorDraw_first_nu: 2.735942 
R-CCU: Before ClusterLabelChange for i = 84 newLabel= 1 currentLabel= 1 
R-CCU: sum(pointsPerCluster) = 1083 
 num [1:3] 1079 3 1
NULL
R-CCU: After ClusterLabelChange for i = 84 
R-CCU: sum(pointsPerCluster) = 1084 
 num [1:3] 1080 3 1
NULL
R-CCU: dpObj$numberClusters = 3 
List of 2
 $ : num [1, 1, 1:3] 0.3365 0.3949 0.0869
 $ : num [1, 1, 1:3] 8.5 5.35 2.72
NULL
R priorParameters: 2 8 
R maxT: 1 
R_PriorDraw_first_mu: 0.7246064 
R_PriorDraw_first_nu: 10.03146 
R-CCU: Before ClusterLabelChange for i = 85 newLabel= 1 currentLabel= 1 
R-CCU: sum(pointsPerCluster) = 1084 
 num [1:3] 1080 3 1
NULL
R-CCU: After ClusterLabelChange for i = 85 
R-CCU: sum(pointsPerCluster) = 1085 
 num [1:3] 1081 3 1
NULL
R-CCU: dpObj$numberClusters = 3 
List of 2
 $ : num [1, 1, 1:3] 0.3365 0.3949 0.0869
 $ : num [1, 1, 1:3] 8.5 5.35 2.72
NULL
R priorParameters: 2 8 
R maxT: 1 
R_PriorDraw_first_mu: 0.6276876 
R_PriorDraw_first_nu: 5.844056 
R-CCU: Before ClusterLabelChange for i = 86 newLabel= 1 currentLabel= 1 
R-CCU: sum(pointsPerCluster) = 1085 
 num [1:3] 1081 3 1
NULL
R-CCU: After ClusterLabelChange for i = 86 
R-CCU: sum(pointsPerCluster) = 1086 
 num [1:3] 1082 3 1
NULL
R-CCU: dpObj$numberClusters = 3 
List of 2
 $ : num [1, 1, 1:3] 0.3365 0.3949 0.0869
 $ : num [1, 1, 1:3] 8.5 5.35 2.72
NULL
R priorParameters: 2 8 
R maxT: 1 
R_PriorDraw_first_mu: 0.2177078 
R_PriorDraw_first_nu: 6.756275 
R-CCU: Before ClusterLabelChange for i = 87 newLabel= 1 currentLabel= 1 
R-CCU: sum(pointsPerCluster) = 1086 
 num [1:3] 1082 3 1
NULL
R-CCU: After ClusterLabelChange for i = 87 
R-CCU: sum(pointsPerCluster) = 1087 
 num [1:3] 1083 3 1
NULL
R-CCU: dpObj$numberClusters = 3 
List of 2
 $ : num [1, 1, 1:3] 0.3365 0.3949 0.0869
 $ : num [1, 1, 1:3] 8.5 5.35 2.72
NULL
R priorParameters: 2 8 
R maxT: 1 
R_PriorDraw_first_mu: 0.677174 
R_PriorDraw_first_nu: 2.469287 
R-CCU: Before ClusterLabelChange for i = 88 newLabel= 1 currentLabel= 1 
R-CCU: sum(pointsPerCluster) = 1087 
 num [1:3] 1083 3 1
NULL
R-CCU: After ClusterLabelChange for i = 88 
R-CCU: sum(pointsPerCluster) = 1088 
 num [1:3] 1084 3 1
NULL
R-CCU: dpObj$numberClusters = 3 
List of 2
 $ : num [1, 1, 1:3] 0.3365 0.3949 0.0869
 $ : num [1, 1, 1:3] 8.5 5.35 2.72
NULL
R priorParameters: 2 8 
R maxT: 1 
R_PriorDraw_first_mu: 0.6774242 
R_PriorDraw_first_nu: 5.548614 
R-CCU: Before ClusterLabelChange for i = 89 newLabel= 1 currentLabel= 1 
R-CCU: sum(pointsPerCluster) = 1088 
 num [1:3] 1084 3 1
NULL
R-CCU: After ClusterLabelChange for i = 89 
R-CCU: sum(pointsPerCluster) = 1089 
 num [1:3] 1085 3 1
NULL
R-CCU: dpObj$numberClusters = 3 
List of 2
 $ : num [1, 1, 1:3] 0.3365 0.3949 0.0869
 $ : num [1, 1, 1:3] 8.5 5.35 2.72
NULL
R priorParameters: 2 8 
R maxT: 1 
R_PriorDraw_first_mu: 0.07562463 
R_PriorDraw_first_nu: 2.026518 
R-CCU: Before ClusterLabelChange for i = 90 newLabel= 1 currentLabel= 1 
R-CCU: sum(pointsPerCluster) = 1089 
 num [1:3] 1085 3 1
NULL
R-CCU: After ClusterLabelChange for i = 90 
R-CCU: sum(pointsPerCluster) = 1090 
 num [1:3] 1086 3 1
NULL
R-CCU: dpObj$numberClusters = 3 
List of 2
 $ : num [1, 1, 1:3] 0.3365 0.3949 0.0869
 $ : num [1, 1, 1:3] 8.5 5.35 2.72
NULL
R priorParameters: 2 8 
R maxT: 1 
R_PriorDraw_first_mu: 0.9465622 
R_PriorDraw_first_nu: 1.675905 
R-CCU: Before ClusterLabelChange for i = 91 newLabel= 1 currentLabel= 1 
R-CCU: sum(pointsPerCluster) = 1090 
 num [1:3] 1086 3 1
NULL
R-CCU: After ClusterLabelChange for i = 91 
R-CCU: sum(pointsPerCluster) = 1091 
 num [1:3] 1087 3 1
NULL
R-CCU: dpObj$numberClusters = 3 
List of 2
 $ : num [1, 1, 1:3] 0.3365 0.3949 0.0869
 $ : num [1, 1, 1:3] 8.5 5.35 2.72
NULL
R priorParameters: 2 8 
R maxT: 1 
R_PriorDraw_first_mu: 0.6195871 
R_PriorDraw_first_nu: 4.334537 
R-CCU: Before ClusterLabelChange for i = 92 newLabel= 1 currentLabel= 1 
R-CCU: sum(pointsPerCluster) = 1091 
 num [1:3] 1087 3 1
NULL
R-CCU: After ClusterLabelChange for i = 92 
R-CCU: sum(pointsPerCluster) = 1092 
 num [1:3] 1088 3 1
NULL
R-CCU: dpObj$numberClusters = 3 
List of 2
 $ : num [1, 1, 1:3] 0.3365 0.3949 0.0869
 $ : num [1, 1, 1:3] 8.5 5.35 2.72
NULL
R priorParameters: 2 8 
R maxT: 1 
R_PriorDraw_first_mu: 0.4720643 
R_PriorDraw_first_nu: 3.65941 
R-CCU: Before ClusterLabelChange for i = 93 newLabel= 1 currentLabel= 1 
R-CCU: sum(pointsPerCluster) = 1092 
 num [1:3] 1088 3 1
NULL
R-CCU: After ClusterLabelChange for i = 93 
R-CCU: sum(pointsPerCluster) = 1093 
 num [1:3] 1089 3 1
NULL
R-CCU: dpObj$numberClusters = 3 
List of 2
 $ : num [1, 1, 1:3] 0.3365 0.3949 0.0869
 $ : num [1, 1, 1:3] 8.5 5.35 2.72
NULL
R priorParameters: 2 8 
R maxT: 1 
R_PriorDraw_first_mu: 0.1689725 
R_PriorDraw_first_nu: 2.850676 
R-CCU: Before ClusterLabelChange for i = 94 newLabel= 1 currentLabel= 1 
R-CCU: sum(pointsPerCluster) = 1093 
 num [1:3] 1089 3 1
NULL
R-CCU: After ClusterLabelChange for i = 94 
R-CCU: sum(pointsPerCluster) = 1094 
 num [1:3] 1090 3 1
NULL
R-CCU: dpObj$numberClusters = 3 
List of 2
 $ : num [1, 1, 1:3] 0.3365 0.3949 0.0869
 $ : num [1, 1, 1:3] 8.5 5.35 2.72
NULL
R priorParameters: 2 8 
R maxT: 1 
R_PriorDraw_first_mu: 0.03628704 
R_PriorDraw_first_nu: 6.337917 
R-CCU: Before ClusterLabelChange for i = 95 newLabel= 1 currentLabel= 1 
R-CCU: sum(pointsPerCluster) = 1094 
 num [1:3] 1090 3 1
NULL
R-CCU: After ClusterLabelChange for i = 95 
R-CCU: sum(pointsPerCluster) = 1095 
 num [1:3] 1091 3 1
NULL
R-CCU: dpObj$numberClusters = 3 
List of 2
 $ : num [1, 1, 1:3] 0.3365 0.3949 0.0869
 $ : num [1, 1, 1:3] 8.5 5.35 2.72
NULL
R priorParameters: 2 8 
R maxT: 1 
R_PriorDraw_first_mu: 0.7377016 
R_PriorDraw_first_nu: 15.26533 
R-CCU: Before ClusterLabelChange for i = 96 newLabel= 1 currentLabel= 1 
R-CCU: sum(pointsPerCluster) = 1095 
 num [1:3] 1091 3 1
NULL
R-CCU: After ClusterLabelChange for i = 96 
R-CCU: sum(pointsPerCluster) = 1096 
 num [1:3] 1092 3 1
NULL
R-CCU: dpObj$numberClusters = 3 
List of 2
 $ : num [1, 1, 1:3] 0.3365 0.3949 0.0869
 $ : num [1, 1, 1:3] 8.5 5.35 2.72
NULL
R priorParameters: 2 8 
R maxT: 1 
R_PriorDraw_first_mu: 0.2921049 
R_PriorDraw_first_nu: 16.6109 
R-CCU: Before ClusterLabelChange for i = 97 newLabel= 1 currentLabel= 1 
R-CCU: sum(pointsPerCluster) = 1096 
 num [1:3] 1092 3 1
NULL
R-CCU: After ClusterLabelChange for i = 97 
R-CCU: sum(pointsPerCluster) = 1097 
 num [1:3] 1093 3 1
NULL
R-CCU: dpObj$numberClusters = 3 
List of 2
 $ : num [1, 1, 1:3] 0.3365 0.3949 0.0869
 $ : num [1, 1, 1:3] 8.5 5.35 2.72
NULL
R priorParameters: 2 8 
R maxT: 1 
R_PriorDraw_first_mu: 0.02333993 
R_PriorDraw_first_nu: 3.417024 
R-CCU: Before ClusterLabelChange for i = 98 newLabel= 1 currentLabel= 1 
R-CCU: sum(pointsPerCluster) = 1097 
 num [1:3] 1093 3 1
NULL
R-CCU: After ClusterLabelChange for i = 98 
R-CCU: sum(pointsPerCluster) = 1098 
 num [1:3] 1094 3 1
NULL
R-CCU: dpObj$numberClusters = 3 
List of 2
 $ : num [1, 1, 1:3] 0.3365 0.3949 0.0869
 $ : num [1, 1, 1:3] 8.5 5.35 2.72
NULL
R priorParameters: 2 8 
R maxT: 1 
R_PriorDraw_first_mu: 0.9036174 
R_PriorDraw_first_nu: 3.97753 
R-CCU: Before ClusterLabelChange for i = 99 newLabel= 1 currentLabel= 1 
R-CCU: sum(pointsPerCluster) = 1098 
 num [1:3] 1094 3 1
NULL
R-CCU: After ClusterLabelChange for i = 99 
R-CCU: sum(pointsPerCluster) = 1099 
 num [1:3] 1095 3 1
NULL
R-CCU: dpObj$numberClusters = 3 
List of 2
 $ : num [1, 1, 1:3] 0.3365 0.3949 0.0869
 $ : num [1, 1, 1:3] 8.5 5.35 2.72
NULL
R priorParameters: 2 8 
R maxT: 1 
R_PriorDraw_first_mu: 0.676438 
R_PriorDraw_first_nu: 2.576774 
R-CCU: Before ClusterLabelChange for i = 100 newLabel= 1 currentLabel= 1 
R-CCU: sum(pointsPerCluster) = 1099 
 num [1:3] 1095 3 1
NULL
R-CCU: After ClusterLabelChange for i = 100 
R-CCU: sum(pointsPerCluster) = 1100 
 num [1:3] 1096 3 1
NULL
R-CCU: dpObj$numberClusters = 3 
List of 2
 $ : num [1, 1, 1:3] 0.3365 0.3949 0.0869
 $ : num [1, 1, 1:3] 8.5 5.35 2.72
NULL

⠴ | 1 120      5 | Beta Distribution Full Integration Test         R priorParameters: 2 8 
R maxT: 1 
R_PriorDraw_first_mu: 0.6318229 
R_PriorDraw_first_nu: 6.526313 
R-CCU: Before ClusterLabelChange for i = 1 newLabel= 1 currentLabel= 1 
R-CCU: sum(pointsPerCluster) = 1100 
 num [1:3] 1096 3 1
NULL
R-CCU: After ClusterLabelChange for i = 1 
R-CCU: sum(pointsPerCluster) = 1101 
 num [1:3] 1097 3 1
NULL
R-CCU: dpObj$numberClusters = 3 
List of 2
 $ : num [1, 1, 1:3] 0.3365 0.3949 0.0869
 $ : num [1, 1, 1:3] 9.24 5.35 2.72
NULL
R priorParameters: 2 8 
R maxT: 1 
R_PriorDraw_first_mu: 0.7527739 
R_PriorDraw_first_nu: 1.448836 
R-CCU: Before ClusterLabelChange for i = 2 newLabel= 1 currentLabel= 1 
R-CCU: sum(pointsPerCluster) = 1101 
 num [1:3] 1097 3 1
NULL
R-CCU: After ClusterLabelChange for i = 2 
R-CCU: sum(pointsPerCluster) = 1102 
 num [1:3] 1098 3 1
NULL
R-CCU: dpObj$numberClusters = 3 
List of 2
 $ : num [1, 1, 1:3] 0.3365 0.3949 0.0869
 $ : num [1, 1, 1:3] 9.24 5.35 2.72
NULL
R priorParameters: 2 8 
R maxT: 1 
R_PriorDraw_first_mu: 0.3582865 
R_PriorDraw_first_nu: 1.757772 
R-CCU: Before ClusterLabelChange for i = 3 newLabel= 1 currentLabel= 1 
R-CCU: sum(pointsPerCluster) = 1102 
 num [1:3] 1098 3 1
NULL
R-CCU: After ClusterLabelChange for i = 3 
R-CCU: sum(pointsPerCluster) = 1103 
 num [1:3] 1099 3 1
NULL
R-CCU: dpObj$numberClusters = 3 
List of 2
 $ : num [1, 1, 1:3] 0.3365 0.3949 0.0869
 $ : num [1, 1, 1:3] 9.24 5.35 2.72
NULL
R priorParameters: 2 8 
R maxT: 1 
R_PriorDraw_first_mu: 0.6335919 
R_PriorDraw_first_nu: 9.713698 
R-CCU: Before ClusterLabelChange for i = 4 newLabel= 1 currentLabel= 1 
R-CCU: sum(pointsPerCluster) = 1103 
 num [1:3] 1099 3 1
NULL
R-CCU: After ClusterLabelChange for i = 4 
R-CCU: sum(pointsPerCluster) = 1104 
 num [1:3] 1100 3 1
NULL
R-CCU: dpObj$numberClusters = 3 
List of 2
 $ : num [1, 1, 1:3] 0.3365 0.3949 0.0869
 $ : num [1, 1, 1:3] 9.24 5.35 2.72
NULL
R priorParameters: 2 8 
R maxT: 1 
R_PriorDraw_first_mu: 0.1923261 
R_PriorDraw_first_nu: 17.94393 
R-CCU: Before ClusterLabelChange for i = 5 newLabel= 1 currentLabel= 1 
R-CCU: sum(pointsPerCluster) = 1104 
 num [1:3] 1100 3 1
NULL
R-CCU: After ClusterLabelChange for i = 5 
R-CCU: sum(pointsPerCluster) = 1105 
 num [1:3] 1101 3 1
NULL
R-CCU: dpObj$numberClusters = 3 
List of 2
 $ : num [1, 1, 1:3] 0.3365 0.3949 0.0869
 $ : num [1, 1, 1:3] 9.24 5.35 2.72
NULL
R priorParameters: 2 8 
R maxT: 1 
R_PriorDraw_first_mu: 0.2657476 
R_PriorDraw_first_nu: 2.588649 
R-CCU: Before ClusterLabelChange for i = 6 newLabel= 1 currentLabel= 1 
R-CCU: sum(pointsPerCluster) = 1105 
 num [1:3] 1101 3 1
NULL
R-CCU: After ClusterLabelChange for i = 6 
R-CCU: sum(pointsPerCluster) = 1106 
 num [1:3] 1102 3 1
NULL
R-CCU: dpObj$numberClusters = 3 
List of 2
 $ : num [1, 1, 1:3] 0.3365 0.3949 0.0869
 $ : num [1, 1, 1:3] 9.24 5.35 2.72
NULL
R priorParameters: 2 8 
R maxT: 1 
R_PriorDraw_first_mu: 0.751083 
R_PriorDraw_first_nu: 1.849869 
R-CCU: Before ClusterLabelChange for i = 7 newLabel= 1 currentLabel= 1 
R-CCU: sum(pointsPerCluster) = 1106 
 num [1:3] 1102 3 1
NULL
R-CCU: After ClusterLabelChange for i = 7 
R-CCU: sum(pointsPerCluster) = 1107 
 num [1:3] 1103 3 1
NULL
R-CCU: dpObj$numberClusters = 3 
List of 2
 $ : num [1, 1, 1:3] 0.3365 0.3949 0.0869
 $ : num [1, 1, 1:3] 9.24 5.35 2.72
NULL
R priorParameters: 2 8 
R maxT: 1 
R_PriorDraw_first_mu: 0.5972071 
R_PriorDraw_first_nu: 2.487847 
R-CCU: Before ClusterLabelChange for i = 8 newLabel= 1 currentLabel= 1 
R-CCU: sum(pointsPerCluster) = 1107 
 num [1:3] 1103 3 1
NULL
R-CCU: After ClusterLabelChange for i = 8 
R-CCU: sum(pointsPerCluster) = 1108 
 num [1:3] 1104 3 1
NULL
R-CCU: dpObj$numberClusters = 3 
List of 2
 $ : num [1, 1, 1:3] 0.3365 0.3949 0.0869
 $ : num [1, 1, 1:3] 9.24 5.35 2.72
NULL
R priorParameters: 2 8 
R maxT: 1 
R_PriorDraw_first_mu: 0.9327295 
R_PriorDraw_first_nu: 5.393879 
R-CCU: Before ClusterLabelChange for i = 9 newLabel= 1 currentLabel= 1 
R-CCU: sum(pointsPerCluster) = 1108 
 num [1:3] 1104 3 1
NULL
R-CCU: After ClusterLabelChange for i = 9 
R-CCU: sum(pointsPerCluster) = 1109 
 num [1:3] 1105 3 1
NULL
R-CCU: dpObj$numberClusters = 3 
List of 2
 $ : num [1, 1, 1:3] 0.3365 0.3949 0.0869
 $ : num [1, 1, 1:3] 9.24 5.35 2.72
NULL
R priorParameters: 2 8 
R maxT: 1 
R_PriorDraw_first_mu: 0.1039393 
R_PriorDraw_first_nu: 3.701847 
R-CCU: Before ClusterLabelChange for i = 10 newLabel= 1 currentLabel= 1 
R-CCU: sum(pointsPerCluster) = 1109 
 num [1:3] 1105 3 1
NULL
R-CCU: After ClusterLabelChange for i = 10 
R-CCU: sum(pointsPerCluster) = 1110 
 num [1:3] 1106 3 1
NULL
R-CCU: dpObj$numberClusters = 3 
List of 2
 $ : num [1, 1, 1:3] 0.3365 0.3949 0.0869
 $ : num [1, 1, 1:3] 9.24 5.35 2.72
NULL
R priorParameters: 2 8 
R maxT: 1 
R_PriorDraw_first_mu: 0.03520869 
R_PriorDraw_first_nu: 4.389574 
R-CCU: Before ClusterLabelChange for i = 11 newLabel= 1 currentLabel= 1 
R-CCU: sum(pointsPerCluster) = 1110 
 num [1:3] 1106 3 1
NULL
R-CCU: After ClusterLabelChange for i = 11 
R-CCU: sum(pointsPerCluster) = 1111 
 num [1:3] 1107 3 1
NULL
R-CCU: dpObj$numberClusters = 3 
List of 2
 $ : num [1, 1, 1:3] 0.3365 0.3949 0.0869
 $ : num [1, 1, 1:3] 9.24 5.35 2.72
NULL
R priorParameters: 2 8 
R maxT: 1 
R_PriorDraw_first_mu: 0.3370114 
R_PriorDraw_first_nu: 13.58352 
R-CCU: Before ClusterLabelChange for i = 12 newLabel= 1 currentLabel= 1 
R-CCU: sum(pointsPerCluster) = 1111 
 num [1:3] 1107 3 1
NULL
R-CCU: After ClusterLabelChange for i = 12 
R-CCU: sum(pointsPerCluster) = 1112 
 num [1:3] 1108 3 1
NULL
R-CCU: dpObj$numberClusters = 3 
List of 2
 $ : num [1, 1, 1:3] 0.3365 0.3949 0.0869
 $ : num [1, 1, 1:3] 9.24 5.35 2.72
NULL
R priorParameters: 2 8 
R maxT: 1 
R_PriorDraw_first_mu: 0.5903997 
R_PriorDraw_first_nu: 2.91078 
R-CCU: Before ClusterLabelChange for i = 13 newLabel= 1 currentLabel= 1 
R-CCU: sum(pointsPerCluster) = 1112 
 num [1:3] 1108 3 1
NULL
R-CCU: After ClusterLabelChange for i = 13 
R-CCU: sum(pointsPerCluster) = 1113 
 num [1:3] 1109 3 1
NULL
R-CCU: dpObj$numberClusters = 3 
List of 2
 $ : num [1, 1, 1:3] 0.3365 0.3949 0.0869
 $ : num [1, 1, 1:3] 9.24 5.35 2.72
NULL
R priorParameters: 2 8 
R maxT: 1 
R_PriorDraw_first_mu: 0.369576 
R_PriorDraw_first_nu: 35.54797 
R-CCU: Before ClusterLabelChange for i = 14 newLabel= 1 currentLabel= 1 
R-CCU: sum(pointsPerCluster) = 1113 
 num [1:3] 1109 3 1
NULL
R-CCU: After ClusterLabelChange for i = 14 
R-CCU: sum(pointsPerCluster) = 1114 
 num [1:3] 1110 3 1
NULL
R-CCU: dpObj$numberClusters = 3 
List of 2
 $ : num [1, 1, 1:3] 0.3365 0.3949 0.0869
 $ : num [1, 1, 1:3] 9.24 5.35 2.72
NULL
R priorParameters: 2 8 
R maxT: 1 
R_PriorDraw_first_mu: 0.303734 
R_PriorDraw_first_nu: 6.639303 
R-CCU: Before ClusterLabelChange for i = 15 newLabel= 1 currentLabel= 1 
R-CCU: sum(pointsPerCluster) = 1114 
 num [1:3] 1110 3 1
NULL
R-CCU: After ClusterLabelChange for i = 15 
R-CCU: sum(pointsPerCluster) = 1115 
 num [1:3] 1111 3 1
NULL
R-CCU: dpObj$numberClusters = 3 
List of 2
 $ : num [1, 1, 1:3] 0.3365 0.3949 0.0869
 $ : num [1, 1, 1:3] 9.24 5.35 2.72
NULL
R priorParameters: 2 8 
R maxT: 1 
R_PriorDraw_first_mu: 0.7576295 
R_PriorDraw_first_nu: 2.774489 
R-CCU: Before ClusterLabelChange for i = 16 newLabel= 1 currentLabel= 1 
R-CCU: sum(pointsPerCluster) = 1115 
 num [1:3] 1111 3 1
NULL
R-CCU: After ClusterLabelChange for i = 16 
R-CCU: sum(pointsPerCluster) = 1116 
 num [1:3] 1112 3 1
NULL
R-CCU: dpObj$numberClusters = 3 
List of 2
 $ : num [1, 1, 1:3] 0.3365 0.3949 0.0869
 $ : num [1, 1, 1:3] 9.24 5.35 2.72
NULL
R priorParameters: 2 8 
R maxT: 1 
R_PriorDraw_first_mu: 0.04747225 
R_PriorDraw_first_nu: 12.45352 
R-CCU: Before ClusterLabelChange for i = 17 newLabel= 1 currentLabel= 1 
R-CCU: sum(pointsPerCluster) = 1116 
 num [1:3] 1112 3 1
NULL
R-CCU: After ClusterLabelChange for i = 17 
R-CCU: sum(pointsPerCluster) = 1117 
 num [1:3] 1113 3 1
NULL
R-CCU: dpObj$numberClusters = 3 
List of 2
 $ : num [1, 1, 1:3] 0.3365 0.3949 0.0869
 $ : num [1, 1, 1:3] 9.24 5.35 2.72
NULL
R priorParameters: 2 8 
R maxT: 1 
R_PriorDraw_first_mu: 0.5569684 
R_PriorDraw_first_nu: 10.04156 
R-CCU: Before ClusterLabelChange for i = 18 newLabel= 1 currentLabel= 1 
R-CCU: sum(pointsPerCluster) = 1117 
 num [1:3] 1113 3 1
NULL
R-CCU: After ClusterLabelChange for i = 18 
R-CCU: sum(pointsPerCluster) = 1118 
 num [1:3] 1114 3 1
NULL
R-CCU: dpObj$numberClusters = 3 
List of 2
 $ : num [1, 1, 1:3] 0.3365 0.3949 0.0869
 $ : num [1, 1, 1:3] 9.24 5.35 2.72
NULL
R priorParameters: 2 8 
R maxT: 1 
R_PriorDraw_first_mu: 0.1405671 
R_PriorDraw_first_nu: 4.55028 
R-CCU: Before ClusterLabelChange for i = 19 newLabel= 1 currentLabel= 1 
R-CCU: sum(pointsPerCluster) = 1118 
 num [1:3] 1114 3 1
NULL
R-CCU: After ClusterLabelChange for i = 19 
R-CCU: sum(pointsPerCluster) = 1119 
 num [1:3] 1115 3 1
NULL
R-CCU: dpObj$numberClusters = 3 
List of 2
 $ : num [1, 1, 1:3] 0.3365 0.3949 0.0869
 $ : num [1, 1, 1:3] 9.24 5.35 2.72
NULL
R priorParameters: 2 8 
R maxT: 1 
R_PriorDraw_first_mu: 0.1644007 
R_PriorDraw_first_nu: 2.791054 
R-CCU: Before ClusterLabelChange for i = 20 newLabel= 1 currentLabel= 1 
R-CCU: sum(pointsPerCluster) = 1119 
 num [1:3] 1115 3 1
NULL
R-CCU: After ClusterLabelChange for i = 20 
R-CCU: sum(pointsPerCluster) = 1120 
 num [1:3] 1116 3 1
NULL
R-CCU: dpObj$numberClusters = 3 
List of 2
 $ : num [1, 1, 1:3] 0.3365 0.3949 0.0869
 $ : num [1, 1, 1:3] 9.24 5.35 2.72
NULL
R priorParameters: 2 8 
R maxT: 1 
R_PriorDraw_first_mu: 0.5610091 
R_PriorDraw_first_nu: 9.725768 
R-CCU: Before ClusterLabelChange for i = 21 newLabel= 1 currentLabel= 1 
R-CCU: sum(pointsPerCluster) = 1120 
 num [1:3] 1116 3 1
NULL
R-CCU: After ClusterLabelChange for i = 21 
R-CCU: sum(pointsPerCluster) = 1121 
 num [1:3] 1117 3 1
NULL
R-CCU: dpObj$numberClusters = 3 
List of 2
 $ : num [1, 1, 1:3] 0.3365 0.3949 0.0869
 $ : num [1, 1, 1:3] 9.24 5.35 2.72
NULL
R priorParameters: 2 8 
R maxT: 1 
R_PriorDraw_first_mu: 0.8153307 
R_PriorDraw_first_nu: 10.41144 
R-CCU: Before ClusterLabelChange for i = 22 newLabel= 1 currentLabel= 1 
R-CCU: sum(pointsPerCluster) = 1121 
 num [1:3] 1117 3 1
NULL
R-CCU: After ClusterLabelChange for i = 22 
R-CCU: sum(pointsPerCluster) = 1122 
 num [1:3] 1118 3 1
NULL
R-CCU: dpObj$numberClusters = 3 
List of 2
 $ : num [1, 1, 1:3] 0.3365 0.3949 0.0869
 $ : num [1, 1, 1:3] 9.24 5.35 2.72
NULL
R priorParameters: 2 8 
R maxT: 1 
R_PriorDraw_first_mu: 0.6039901 
R_PriorDraw_first_nu: 18.08827 
R-CCU: Before ClusterLabelChange for i = 23 newLabel= 1 currentLabel= 1 
R-CCU: sum(pointsPerCluster) = 1122 
 num [1:3] 1118 3 1
NULL
R-CCU: After ClusterLabelChange for i = 23 
R-CCU: sum(pointsPerCluster) = 1123 
 num [1:3] 1119 3 1
NULL
R-CCU: dpObj$numberClusters = 3 
List of 2
 $ : num [1, 1, 1:3] 0.3365 0.3949 0.0869
 $ : num [1, 1, 1:3] 9.24 5.35 2.72
NULL
R priorParameters: 2 8 
R maxT: 1 
R_PriorDraw_first_mu: 0.05233726 
R_PriorDraw_first_nu: 1.78437 
R-CCU: Before ClusterLabelChange for i = 24 newLabel= 1 currentLabel= 1 
R-CCU: sum(pointsPerCluster) = 1123 
 num [1:3] 1119 3 1
NULL
R-CCU: After ClusterLabelChange for i = 24 
R-CCU: sum(pointsPerCluster) = 1124 
 num [1:3] 1120 3 1
NULL
R-CCU: dpObj$numberClusters = 3 
List of 2
 $ : num [1, 1, 1:3] 0.3365 0.3949 0.0869
 $ : num [1, 1, 1:3] 9.24 5.35 2.72
NULL
R priorParameters: 2 8 
R maxT: 1 
R_PriorDraw_first_mu: 0.194082 
R_PriorDraw_first_nu: 2.000344 
R-CCU: Before ClusterLabelChange for i = 25 newLabel= 1 currentLabel= 1 
R-CCU: sum(pointsPerCluster) = 1124 
 num [1:3] 1120 3 1
NULL
R-CCU: After ClusterLabelChange for i = 25 
R-CCU: sum(pointsPerCluster) = 1125 
 num [1:3] 1121 3 1
NULL
R-CCU: dpObj$numberClusters = 3 
List of 2
 $ : num [1, 1, 1:3] 0.3365 0.3949 0.0869
 $ : num [1, 1, 1:3] 9.24 5.35 2.72
NULL
R priorParameters: 2 8 
R maxT: 1 
R_PriorDraw_first_mu: 0.2173144 
R_PriorDraw_first_nu: 19.34627 
R-CCU: Before ClusterLabelChange for i = 26 newLabel= 1 currentLabel= 1 
R-CCU: sum(pointsPerCluster) = 1125 
 num [1:3] 1121 3 1
NULL
R-CCU: After ClusterLabelChange for i = 26 
R-CCU: sum(pointsPerCluster) = 1126 
 num [1:3] 1122 3 1
NULL
R-CCU: dpObj$numberClusters = 3 
List of 2
 $ : num [1, 1, 1:3] 0.3365 0.3949 0.0869
 $ : num [1, 1, 1:3] 9.24 5.35 2.72
NULL
R priorParameters: 2 8 
R maxT: 1 
R_PriorDraw_first_mu: 0.4219089 
R_PriorDraw_first_nu: 6.38987 
R-CCU: Before ClusterLabelChange for i = 27 newLabel= 1 currentLabel= 1 
R-CCU: sum(pointsPerCluster) = 1126 
 num [1:3] 1122 3 1
NULL
R-CCU: After ClusterLabelChange for i = 27 
R-CCU: sum(pointsPerCluster) = 1127 
 num [1:3] 1123 3 1
NULL
R-CCU: dpObj$numberClusters = 3 
List of 2
 $ : num [1, 1, 1:3] 0.3365 0.3949 0.0869
 $ : num [1, 1, 1:3] 9.24 5.35 2.72
NULL
R priorParameters: 2 8 
R maxT: 1 
R_PriorDraw_first_mu: 0.3250006 
R_PriorDraw_first_nu: 8.903531 
R-CCU: Before ClusterLabelChange for i = 28 newLabel= 1 currentLabel= 1 
R-CCU: sum(pointsPerCluster) = 1127 
 num [1:3] 1123 3 1
NULL
R-CCU: After ClusterLabelChange for i = 28 
R-CCU: sum(pointsPerCluster) = 1128 
 num [1:3] 1124 3 1
NULL
R-CCU: dpObj$numberClusters = 3 
List of 2
 $ : num [1, 1, 1:3] 0.3365 0.3949 0.0869
 $ : num [1, 1, 1:3] 9.24 5.35 2.72
NULL
R priorParameters: 2 8 
R maxT: 1 
R_PriorDraw_first_mu: 0.5057379 
R_PriorDraw_first_nu: 65.64575 
R-CCU: Before ClusterLabelChange for i = 29 newLabel= 1 currentLabel= 1 
R-CCU: sum(pointsPerCluster) = 1128 
 num [1:3] 1124 3 1
NULL
R-CCU: After ClusterLabelChange for i = 29 
R-CCU: sum(pointsPerCluster) = 1129 
 num [1:3] 1125 3 1
NULL
R-CCU: dpObj$numberClusters = 3 
List of 2
 $ : num [1, 1, 1:3] 0.3365 0.3949 0.0869
 $ : num [1, 1, 1:3] 9.24 5.35 2.72
NULL
R priorParameters: 2 8 
R maxT: 1 
R_PriorDraw_first_mu: 0.921168 
R_PriorDraw_first_nu: 10.90582 
R-CCU: Before ClusterLabelChange for i = 30 newLabel= 1 currentLabel= 1 
R-CCU: sum(pointsPerCluster) = 1129 
 num [1:3] 1125 3 1
NULL
R-CCU: After ClusterLabelChange for i = 30 
R-CCU: sum(pointsPerCluster) = 1130 
 num [1:3] 1126 3 1
NULL
R-CCU: dpObj$numberClusters = 3 
List of 2
 $ : num [1, 1, 1:3] 0.3365 0.3949 0.0869
 $ : num [1, 1, 1:3] 9.24 5.35 2.72
NULL
R priorParameters: 2 8 
R maxT: 1 
R_PriorDraw_first_mu: 0.8401395 
R_PriorDraw_first_nu: 4.29507 
R-CCU: Before ClusterLabelChange for i = 31 newLabel= 1 currentLabel= 1 
R-CCU: sum(pointsPerCluster) = 1130 
 num [1:3] 1126 3 1
NULL
R-CCU: After ClusterLabelChange for i = 31 
R-CCU: sum(pointsPerCluster) = 1131 
 num [1:3] 1127 3 1
NULL
R-CCU: dpObj$numberClusters = 3 
List of 2
 $ : num [1, 1, 1:3] 0.3365 0.3949 0.0869
 $ : num [1, 1, 1:3] 9.24 5.35 2.72
NULL
R priorParameters: 2 8 
R maxT: 1 
R_PriorDraw_first_mu: 0.239869 
R_PriorDraw_first_nu: 6.251332 
R-CCU: Before ClusterLabelChange for i = 32 newLabel= 1 currentLabel= 1 
R-CCU: sum(pointsPerCluster) = 1131 
 num [1:3] 1127 3 1
NULL
R-CCU: After ClusterLabelChange for i = 32 
R-CCU: sum(pointsPerCluster) = 1132 
 num [1:3] 1128 3 1
NULL
R-CCU: dpObj$numberClusters = 3 
List of 2
 $ : num [1, 1, 1:3] 0.3365 0.3949 0.0869
 $ : num [1, 1, 1:3] 9.24 5.35 2.72
NULL
R priorParameters: 2 8 
R maxT: 1 
R_PriorDraw_first_mu: 0.4284296 
R_PriorDraw_first_nu: 12.1712 
R-CCU: Before ClusterLabelChange for i = 33 newLabel= 1 currentLabel= 1 
R-CCU: sum(pointsPerCluster) = 1132 
 num [1:3] 1128 3 1
NULL
R-CCU: After ClusterLabelChange for i = 33 
R-CCU: sum(pointsPerCluster) = 1133 
 num [1:3] 1129 3 1
NULL
R-CCU: dpObj$numberClusters = 3 
List of 2
 $ : num [1, 1, 1:3] 0.3365 0.3949 0.0869
 $ : num [1, 1, 1:3] 9.24 5.35 2.72
NULL
R priorParameters: 2 8 
R maxT: 1 
R_PriorDraw_first_mu: 0.0548525 
R_PriorDraw_first_nu: 21.87884 
R-CCU: Before ClusterLabelChange for i = 34 newLabel= 1 currentLabel= 1 
R-CCU: sum(pointsPerCluster) = 1133 
 num [1:3] 1129 3 1
NULL
R-CCU: After ClusterLabelChange for i = 34 
R-CCU: sum(pointsPerCluster) = 1134 
 num [1:3] 1130 3 1
NULL
R-CCU: dpObj$numberClusters = 3 
List of 2
 $ : num [1, 1, 1:3] 0.3365 0.3949 0.0869
 $ : num [1, 1, 1:3] 9.24 5.35 2.72
NULL
R priorParameters: 2 8 
R maxT: 1 
R_PriorDraw_first_mu: 0.4636536 
R_PriorDraw_first_nu: 16.52512 
R-CCU: Before ClusterLabelChange for i = 35 newLabel= 1 currentLabel= 1 
R-CCU: sum(pointsPerCluster) = 1134 
 num [1:3] 1130 3 1
NULL
R-CCU: After ClusterLabelChange for i = 35 
R-CCU: sum(pointsPerCluster) = 1135 
 num [1:3] 1131 3 1
NULL
R-CCU: dpObj$numberClusters = 3 
List of 2
 $ : num [1, 1, 1:3] 0.3365 0.3949 0.0869
 $ : num [1, 1, 1:3] 9.24 5.35 2.72
NULL
R priorParameters: 2 8 
R maxT: 1 
R_PriorDraw_first_mu: 0.4980923 
R_PriorDraw_first_nu: 3.463685 
R-CCU: Before ClusterLabelChange for i = 36 newLabel= 1 currentLabel= 1 
R-CCU: sum(pointsPerCluster) = 1135 
 num [1:3] 1131 3 1
NULL
R-CCU: After ClusterLabelChange for i = 36 
R-CCU: sum(pointsPerCluster) = 1136 
 num [1:3] 1132 3 1
NULL
R-CCU: dpObj$numberClusters = 3 
List of 2
 $ : num [1, 1, 1:3] 0.3365 0.3949 0.0869
 $ : num [1, 1, 1:3] 9.24 5.35 2.72
NULL
R priorParameters: 2 8 
R maxT: 1 
R_PriorDraw_first_mu: 0.8797472 
R_PriorDraw_first_nu: 16.67865 
R-CCU: Before ClusterLabelChange for i = 37 newLabel= 1 currentLabel= 1 
R-CCU: sum(pointsPerCluster) = 1136 
 num [1:3] 1132 3 1
NULL
R-CCU: After ClusterLabelChange for i = 37 
R-CCU: sum(pointsPerCluster) = 1137 
 num [1:3] 1133 3 1
NULL
R-CCU: dpObj$numberClusters = 3 
List of 2
 $ : num [1, 1, 1:3] 0.3365 0.3949 0.0869
 $ : num [1, 1, 1:3] 9.24 5.35 2.72
NULL
R priorParameters: 2 8 
R maxT: 1 
R_PriorDraw_first_mu: 0.9861905 
R_PriorDraw_first_nu: 6.471247 
R-CCU: Before ClusterLabelChange for i = 38 newLabel= 1 currentLabel= 1 
R-CCU: sum(pointsPerCluster) = 1137 
 num [1:3] 1133 3 1
NULL
R-CCU: After ClusterLabelChange for i = 38 
R-CCU: sum(pointsPerCluster) = 1138 
 num [1:3] 1134 3 1
NULL
R-CCU: dpObj$numberClusters = 3 
List of 2
 $ : num [1, 1, 1:3] 0.3365 0.3949 0.0869
 $ : num [1, 1, 1:3] 9.24 5.35 2.72
NULL
R priorParameters: 2 8 
R maxT: 1 
R_PriorDraw_first_mu: 0.4736975 
R_PriorDraw_first_nu: 13.66561 
R-CCU: Before ClusterLabelChange for i = 39 newLabel= 1 currentLabel= 1 
R-CCU: sum(pointsPerCluster) = 1138 
 num [1:3] 1134 3 1
NULL
R-CCU: After ClusterLabelChange for i = 39 
R-CCU: sum(pointsPerCluster) = 1139 
 num [1:3] 1135 3 1
NULL
R-CCU: dpObj$numberClusters = 3 
List of 2
 $ : num [1, 1, 1:3] 0.3365 0.3949 0.0869
 $ : num [1, 1, 1:3] 9.24 5.35 2.72
NULL
R priorParameters: 2 8 
R maxT: 1 
R_PriorDraw_first_mu: 0.3561897 
R_PriorDraw_first_nu: 1.442206 
R-CCU: Before ClusterLabelChange for i = 40 newLabel= 1 currentLabel= 1 
R-CCU: sum(pointsPerCluster) = 1139 
 num [1:3] 1135 3 1
NULL
R-CCU: After ClusterLabelChange for i = 40 
R-CCU: sum(pointsPerCluster) = 1140 
 num [1:3] 1136 3 1
NULL
R-CCU: dpObj$numberClusters = 3 
List of 2
 $ : num [1, 1, 1:3] 0.3365 0.3949 0.0869
 $ : num [1, 1, 1:3] 9.24 5.35 2.72
NULL
R priorParameters: 2 8 
R maxT: 1 
R_PriorDraw_first_mu: 0.9442469 
R_PriorDraw_first_nu: 4.762749 
R-CCU: Before ClusterLabelChange for i = 41 newLabel= 1 currentLabel= 1 
R-CCU: sum(pointsPerCluster) = 1140 
 num [1:3] 1136 3 1
NULL
R-CCU: After ClusterLabelChange for i = 41 
R-CCU: sum(pointsPerCluster) = 1141 
 num [1:3] 1137 3 1
NULL
R-CCU: dpObj$numberClusters = 3 
List of 2
 $ : num [1, 1, 1:3] 0.3365 0.3949 0.0869
 $ : num [1, 1, 1:3] 9.24 5.35 2.72
NULL
R priorParameters: 2 8 
R maxT: 1 
R_PriorDraw_first_mu: 0.8111807 
R_PriorDraw_first_nu: 12.22026 
R-CCU: Before ClusterLabelChange for i = 42 newLabel= 1 currentLabel= 1 
R-CCU: sum(pointsPerCluster) = 1141 
 num [1:3] 1137 3 1
NULL
R-CCU: After ClusterLabelChange for i = 42 
R-CCU: sum(pointsPerCluster) = 1142 
 num [1:3] 1138 3 1
NULL
R-CCU: dpObj$numberClusters = 3 
List of 2
 $ : num [1, 1, 1:3] 0.3365 0.3949 0.0869
 $ : num [1, 1, 1:3] 9.24 5.35 2.72
NULL
R priorParameters: 2 8 
R maxT: 1 
R_PriorDraw_first_mu: 0.6188649 
R_PriorDraw_first_nu: 5.53605 
R-CCU: Before ClusterLabelChange for i = 43 newLabel= 1 currentLabel= 1 
R-CCU: sum(pointsPerCluster) = 1142 
 num [1:3] 1138 3 1
NULL
R-CCU: After ClusterLabelChange for i = 43 
R-CCU: sum(pointsPerCluster) = 1143 
 num [1:3] 1139 3 1
NULL
R-CCU: dpObj$numberClusters = 3 
List of 2
 $ : num [1, 1, 1:3] 0.3365 0.3949 0.0869
 $ : num [1, 1, 1:3] 9.24 5.35 2.72
NULL
R priorParameters: 2 8 
R maxT: 1 
R_PriorDraw_first_mu: 0.3453011 
R_PriorDraw_first_nu: 3.934438 
R-CCU: Before ClusterLabelChange for i = 44 newLabel= 1 currentLabel= 1 
R-CCU: sum(pointsPerCluster) = 1143 
 num [1:3] 1139 3 1
NULL
R-CCU: After ClusterLabelChange for i = 44 
R-CCU: sum(pointsPerCluster) = 1144 
 num [1:3] 1140 3 1
NULL
R-CCU: dpObj$numberClusters = 3 
List of 2
 $ : num [1, 1, 1:3] 0.3365 0.3949 0.0869
 $ : num [1, 1, 1:3] 9.24 5.35 2.72
NULL
R priorParameters: 2 8 
R maxT: 1 
R_PriorDraw_first_mu: 0.8110521 
R_PriorDraw_first_nu: 6.896219 
R-CCU: Before ClusterLabelChange for i = 45 newLabel= 1 currentLabel= 1 
R-CCU: sum(pointsPerCluster) = 1144 
 num [1:3] 1140 3 1
NULL
R-CCU: After ClusterLabelChange for i = 45 
R-CCU: sum(pointsPerCluster) = 1145 
 num [1:3] 1141 3 1
NULL
R-CCU: dpObj$numberClusters = 3 
List of 2
 $ : num [1, 1, 1:3] 0.3365 0.3949 0.0869
 $ : num [1, 1, 1:3] 9.24 5.35 2.72
NULL
R priorParameters: 2 8 
R maxT: 1 
R_PriorDraw_first_mu: 0.7582159 
R_PriorDraw_first_nu: 2.575719 
R-CCU: Before ClusterLabelChange for i = 46 newLabel= 1 currentLabel= 1 
R-CCU: sum(pointsPerCluster) = 1145 
 num [1:3] 1141 3 1
NULL
R-CCU: After ClusterLabelChange for i = 46 
R-CCU: sum(pointsPerCluster) = 1146 
 num [1:3] 1142 3 1
NULL
R-CCU: dpObj$numberClusters = 3 
List of 2
 $ : num [1, 1, 1:3] 0.3365 0.3949 0.0869
 $ : num [1, 1, 1:3] 9.24 5.35 2.72
NULL
R priorParameters: 2 8 
R maxT: 1 
R_PriorDraw_first_mu: 0.3538617 
R_PriorDraw_first_nu: 8.440647 
R-CCU: Before ClusterLabelChange for i = 47 newLabel= 1 currentLabel= 1 
R-CCU: sum(pointsPerCluster) = 1146 
 num [1:3] 1142 3 1
NULL
R-CCU: After ClusterLabelChange for i = 47 
R-CCU: sum(pointsPerCluster) = 1147 
 num [1:3] 1143 3 1
NULL
R-CCU: dpObj$numberClusters = 3 
List of 2
 $ : num [1, 1, 1:3] 0.3365 0.3949 0.0869
 $ : num [1, 1, 1:3] 9.24 5.35 2.72
NULL
R priorParameters: 2 8 
R maxT: 1 
R_PriorDraw_first_mu: 0.1157108 
R_PriorDraw_first_nu: 1.739903 
R-CCU: Before ClusterLabelChange for i = 48 newLabel= 1 currentLabel= 1 
R-CCU: sum(pointsPerCluster) = 1147 
 num [1:3] 1143 3 1
NULL
R-CCU: After ClusterLabelChange for i = 48 
R-CCU: sum(pointsPerCluster) = 1148 
 num [1:3] 1144 3 1
NULL
R-CCU: dpObj$numberClusters = 3 
List of 2
 $ : num [1, 1, 1:3] 0.3365 0.3949 0.0869
 $ : num [1, 1, 1:3] 9.24 5.35 2.72
NULL
R priorParameters: 2 8 
R maxT: 1 
R_PriorDraw_first_mu: 0.1512386 
R_PriorDraw_first_nu: 3.114172 
R-CCU: Before ClusterLabelChange for i = 49 newLabel= 1 currentLabel= 1 
R-CCU: sum(pointsPerCluster) = 1148 
 num [1:3] 1144 3 1
NULL
R-CCU: After ClusterLabelChange for i = 49 
R-CCU: sum(pointsPerCluster) = 1149 
 num [1:3] 1145 3 1
NULL
R-CCU: dpObj$numberClusters = 3 
List of 2
 $ : num [1, 1, 1:3] 0.3365 0.3949 0.0869
 $ : num [1, 1, 1:3] 9.24 5.35 2.72
NULL
R priorParameters: 2 8 
R maxT: 1 
R_PriorDraw_first_mu: 0.4630873 
R_PriorDraw_first_nu: 6.164853 
R-CCU: Before ClusterLabelChange for i = 50 newLabel= 1 currentLabel= 1 
R-CCU: sum(pointsPerCluster) = 1149 
 num [1:3] 1145 3 1
NULL
R-CCU: After ClusterLabelChange for i = 50 
R-CCU: sum(pointsPerCluster) = 1150 
 num [1:3] 1146 3 1
NULL
R-CCU: dpObj$numberClusters = 3 
List of 2
 $ : num [1, 1, 1:3] 0.3365 0.3949 0.0869
 $ : num [1, 1, 1:3] 9.24 5.35 2.72
NULL
R priorParameters: 2 8 
R maxT: 1 
R_PriorDraw_first_mu: 0.1604881 
R_PriorDraw_first_nu: 2.142409 
R-CCU: Before ClusterLabelChange for i = 51 newLabel= 1 currentLabel= 1 
R-CCU: sum(pointsPerCluster) = 1150 
 num [1:3] 1146 3 1
NULL
R-CCU: After ClusterLabelChange for i = 51 
R-CCU: sum(pointsPerCluster) = 1151 
 num [1:3] 1147 3 1
NULL
R-CCU: dpObj$numberClusters = 3 
List of 2
 $ : num [1, 1, 1:3] 0.3365 0.3949 0.0869
 $ : num [1, 1, 1:3] 9.24 5.35 2.72
NULL
R priorParameters: 2 8 
R maxT: 1 
R_PriorDraw_first_mu: 0.35027 
R_PriorDraw_first_nu: 5.707054 
R-CCU: Before ClusterLabelChange for i = 52 newLabel= 1 currentLabel= 1 
R-CCU: sum(pointsPerCluster) = 1151 
 num [1:3] 1147 3 1
NULL
R-CCU: After ClusterLabelChange for i = 52 
R-CCU: sum(pointsPerCluster) = 1152 
 num [1:3] 1148 3 1
NULL
R-CCU: dpObj$numberClusters = 3 
List of 2
 $ : num [1, 1, 1:3] 0.3365 0.3949 0.0869
 $ : num [1, 1, 1:3] 9.24 5.35 2.72
NULL
R priorParameters: 2 8 
R maxT: 1 
R_PriorDraw_first_mu: 0.3278113 
R_PriorDraw_first_nu: 4.416671 
R-CCU: Before ClusterLabelChange for i = 53 newLabel= 1 currentLabel= 1 
R-CCU: sum(pointsPerCluster) = 1152 
 num [1:3] 1148 3 1
NULL
R-CCU: After ClusterLabelChange for i = 53 
R-CCU: sum(pointsPerCluster) = 1153 
 num [1:3] 1149 3 1
NULL
R-CCU: dpObj$numberClusters = 3 
List of 2
 $ : num [1, 1, 1:3] 0.3365 0.3949 0.0869
 $ : num [1, 1, 1:3] 9.24 5.35 2.72
NULL
R priorParameters: 2 8 
R maxT: 1 
R_PriorDraw_first_mu: 0.3478252 
R_PriorDraw_first_nu: 6.932702 
R-CCU: Before ClusterLabelChange for i = 54 newLabel= 1 currentLabel= 1 
R-CCU: sum(pointsPerCluster) = 1153 
 num [1:3] 1149 3 1
NULL
R-CCU: After ClusterLabelChange for i = 54 
R-CCU: sum(pointsPerCluster) = 1154 
 num [1:3] 1150 3 1
NULL
R-CCU: dpObj$numberClusters = 3 
List of 2
 $ : num [1, 1, 1:3] 0.3365 0.3949 0.0869
 $ : num [1, 1, 1:3] 9.24 5.35 2.72
NULL
R priorParameters: 2 8 
R maxT: 1 
R_PriorDraw_first_mu: 0.7638917 
R_PriorDraw_first_nu: 1.486951 
R-CCU: Before ClusterLabelChange for i = 55 newLabel= 1 currentLabel= 1 
R-CCU: sum(pointsPerCluster) = 1154 
 num [1:3] 1150 3 1
NULL
R-CCU: After ClusterLabelChange for i = 55 
R-CCU: sum(pointsPerCluster) = 1155 
 num [1:3] 1151 3 1
NULL
R-CCU: dpObj$numberClusters = 3 
List of 2
 $ : num [1, 1, 1:3] 0.3365 0.3949 0.0869
 $ : num [1, 1, 1:3] 9.24 5.35 2.72
NULL
R priorParameters: 2 8 
R maxT: 1 
R_PriorDraw_first_mu: 0.5768102 
R_PriorDraw_first_nu: 6.142464 
R-CCU: Before ClusterLabelChange for i = 56 newLabel= 1 currentLabel= 1 
R-CCU: sum(pointsPerCluster) = 1155 
 num [1:3] 1151 3 1
NULL
R-CCU: After ClusterLabelChange for i = 56 
R-CCU: sum(pointsPerCluster) = 1156 
 num [1:3] 1152 3 1
NULL
R-CCU: dpObj$numberClusters = 3 
List of 2
 $ : num [1, 1, 1:3] 0.3365 0.3949 0.0869
 $ : num [1, 1, 1:3] 9.24 5.35 2.72
NULL
R priorParameters: 2 8 
R maxT: 1 
R_PriorDraw_first_mu: 0.3857195 
R_PriorDraw_first_nu: 4.383974 
R-CCU: Before ClusterLabelChange for i = 57 newLabel= 1 currentLabel= 1 
R-CCU: sum(pointsPerCluster) = 1156 
 num [1:3] 1152 3 1
NULL
R-CCU: After ClusterLabelChange for i = 57 
R-CCU: sum(pointsPerCluster) = 1157 
 num [1:3] 1153 3 1
NULL
R-CCU: dpObj$numberClusters = 3 
List of 2
 $ : num [1, 1, 1:3] 0.3365 0.3949 0.0869
 $ : num [1, 1, 1:3] 9.24 5.35 2.72
NULL
R priorParameters: 2 8 
R maxT: 1 
R_PriorDraw_first_mu: 0.02552612 
R_PriorDraw_first_nu: 7.180608 
R-CCU: Before ClusterLabelChange for i = 58 newLabel= 1 currentLabel= 1 
R-CCU: sum(pointsPerCluster) = 1157 
 num [1:3] 1153 3 1
NULL
R-CCU: After ClusterLabelChange for i = 58 
R-CCU: sum(pointsPerCluster) = 1158 
 num [1:3] 1154 3 1
NULL
R-CCU: dpObj$numberClusters = 3 
List of 2
 $ : num [1, 1, 1:3] 0.3365 0.3949 0.0869
 $ : num [1, 1, 1:3] 9.24 5.35 2.72
NULL
R priorParameters: 2 8 
R maxT: 1 
R_PriorDraw_first_mu: 0.1668089 
R_PriorDraw_first_nu: 2.195562 
R-CCU: Before ClusterLabelChange for i = 59 newLabel= 1 currentLabel= 1 
R-CCU: sum(pointsPerCluster) = 1158 
 num [1:3] 1154 3 1
NULL
R-CCU: After ClusterLabelChange for i = 59 
R-CCU: sum(pointsPerCluster) = 1159 
 num [1:3] 1155 3 1
NULL
R-CCU: dpObj$numberClusters = 3 
List of 2
 $ : num [1, 1, 1:3] 0.3365 0.3949 0.0869
 $ : num [1, 1, 1:3] 9.24 5.35 2.72
NULL
R priorParameters: 2 8 
R maxT: 1 
R_PriorDraw_first_mu: 0.7112806 
R_PriorDraw_first_nu: 6.976783 
R-CCU: Before ClusterLabelChange for i = 60 newLabel= 1 currentLabel= 1 
R-CCU: sum(pointsPerCluster) = 1159 
 num [1:3] 1155 3 1
NULL
R-CCU: After ClusterLabelChange for i = 60 
R-CCU: sum(pointsPerCluster) = 1160 
 num [1:3] 1156 3 1
NULL
R-CCU: dpObj$numberClusters = 3 
List of 2
 $ : num [1, 1, 1:3] 0.3365 0.3949 0.0869
 $ : num [1, 1, 1:3] 9.24 5.35 2.72
NULL
R priorParameters: 2 8 
R maxT: 1 
R_PriorDraw_first_mu: 0.8743295 
R_PriorDraw_first_nu: 1.631006 
R-CCU: Before ClusterLabelChange for i = 61 newLabel= 1 currentLabel= 1 
R-CCU: sum(pointsPerCluster) = 1160 
 num [1:3] 1156 3 1
NULL
R-CCU: After ClusterLabelChange for i = 61 
R-CCU: sum(pointsPerCluster) = 1161 
 num [1:3] 1157 3 1
NULL
R-CCU: dpObj$numberClusters = 3 
List of 2
 $ : num [1, 1, 1:3] 0.3365 0.3949 0.0869
 $ : num [1, 1, 1:3] 9.24 5.35 2.72
NULL
R priorParameters: 2 8 
R maxT: 1 
R_PriorDraw_first_mu: 0.8786097 
R_PriorDraw_first_nu: 2.975721 
R-CCU: Before ClusterLabelChange for i = 62 newLabel= 1 currentLabel= 1 
R-CCU: sum(pointsPerCluster) = 1161 
 num [1:3] 1157 3 1
NULL
R-CCU: After ClusterLabelChange for i = 62 
R-CCU: sum(pointsPerCluster) = 1162 
 num [1:3] 1158 3 1
NULL
R-CCU: dpObj$numberClusters = 3 
List of 2
 $ : num [1, 1, 1:3] 0.3365 0.3949 0.0869
 $ : num [1, 1, 1:3] 9.24 5.35 2.72
NULL
R priorParameters: 2 8 
R maxT: 1 
R_PriorDraw_first_mu: 0.219636 
R_PriorDraw_first_nu: 22.03685 
R-CCU: Before ClusterLabelChange for i = 63 newLabel= 1 currentLabel= 1 
R-CCU: sum(pointsPerCluster) = 1162 
 num [1:3] 1158 3 1
NULL
R-CCU: After ClusterLabelChange for i = 63 
R-CCU: sum(pointsPerCluster) = 1163 
 num [1:3] 1159 3 1
NULL
R-CCU: dpObj$numberClusters = 3 
List of 2
 $ : num [1, 1, 1:3] 0.3365 0.3949 0.0869
 $ : num [1, 1, 1:3] 9.24 5.35 2.72
NULL
R priorParameters: 2 8 
R maxT: 1 
R_PriorDraw_first_mu: 0.7851053 
R_PriorDraw_first_nu: 2.645869 
R-CCU: Before ClusterLabelChange for i = 64 newLabel= 1 currentLabel= 1 
R-CCU: sum(pointsPerCluster) = 1163 
 num [1:3] 1159 3 1
NULL
R-CCU: After ClusterLabelChange for i = 64 
R-CCU: sum(pointsPerCluster) = 1164 
 num [1:3] 1160 3 1
NULL
R-CCU: dpObj$numberClusters = 3 
List of 2
 $ : num [1, 1, 1:3] 0.3365 0.3949 0.0869
 $ : num [1, 1, 1:3] 9.24 5.35 2.72
NULL
R priorParameters: 2 8 
R maxT: 1 
R_PriorDraw_first_mu: 0.2700737 
R_PriorDraw_first_nu: 2.125389 
R-CCU: Before ClusterLabelChange for i = 65 newLabel= 1 currentLabel= 1 
R-CCU: sum(pointsPerCluster) = 1164 
 num [1:3] 1160 3 1
NULL
R-CCU: After ClusterLabelChange for i = 65 
R-CCU: sum(pointsPerCluster) = 1165 
 num [1:3] 1161 3 1
NULL
R-CCU: dpObj$numberClusters = 3 
List of 2
 $ : num [1, 1, 1:3] 0.3365 0.3949 0.0869
 $ : num [1, 1, 1:3] 9.24 5.35 2.72
NULL
R priorParameters: 2 8 
R maxT: 1 
R_PriorDraw_first_mu: 0.8450249 
R_PriorDraw_first_nu: 7.099965 
R-CCU: Before ClusterLabelChange for i = 66 newLabel= 1 currentLabel= 1 
R-CCU: sum(pointsPerCluster) = 1165 
 num [1:3] 1161 3 1
NULL
R-CCU: After ClusterLabelChange for i = 66 
R-CCU: sum(pointsPerCluster) = 1166 
 num [1:3] 1162 3 1
NULL
R-CCU: dpObj$numberClusters = 3 
List of 2
 $ : num [1, 1, 1:3] 0.3365 0.3949 0.0869
 $ : num [1, 1, 1:3] 9.24 5.35 2.72
NULL
R priorParameters: 2 8 
R maxT: 1 
R_PriorDraw_first_mu: 0.4423488 
R_PriorDraw_first_nu: 5.497163 
R-CCU: Before ClusterLabelChange for i = 67 newLabel= 1 currentLabel= 1 
R-CCU: sum(pointsPerCluster) = 1166 
 num [1:3] 1162 3 1
NULL
R-CCU: After ClusterLabelChange for i = 67 
R-CCU: sum(pointsPerCluster) = 1167 
 num [1:3] 1163 3 1
NULL
R-CCU: dpObj$numberClusters = 3 
List of 2
 $ : num [1, 1, 1:3] 0.3365 0.3949 0.0869
 $ : num [1, 1, 1:3] 9.24 5.35 2.72
NULL
R priorParameters: 2 8 
R maxT: 1 
R_PriorDraw_first_mu: 0.7131013 
R_PriorDraw_first_nu: 9.031813 
R-CCU: Before ClusterLabelChange for i = 68 newLabel= 1 currentLabel= 1 
R-CCU: sum(pointsPerCluster) = 1167 
 num [1:3] 1163 3 1
NULL
R-CCU: After ClusterLabelChange for i = 68 
R-CCU: sum(pointsPerCluster) = 1168 
 num [1:3] 1164 3 1
NULL
R-CCU: dpObj$numberClusters = 3 
List of 2
 $ : num [1, 1, 1:3] 0.3365 0.3949 0.0869
 $ : num [1, 1, 1:3] 9.24 5.35 2.72
NULL
R priorParameters: 2 8 
R maxT: 1 
R_PriorDraw_first_mu: 0.9191658 
R_PriorDraw_first_nu: 12.21997 
R-CCU: Before ClusterLabelChange for i = 69 newLabel= 1 currentLabel= 1 
R-CCU: sum(pointsPerCluster) = 1168 
 num [1:3] 1164 3 1
NULL
R-CCU: After ClusterLabelChange for i = 69 
R-CCU: sum(pointsPerCluster) = 1169 
 num [1:3] 1165 3 1
NULL
R-CCU: dpObj$numberClusters = 3 
List of 2
 $ : num [1, 1, 1:3] 0.3365 0.3949 0.0869
 $ : num [1, 1, 1:3] 9.24 5.35 2.72
NULL
R priorParameters: 2 8 
R maxT: 1 
R_PriorDraw_first_mu: 0.7359506 
R_PriorDraw_first_nu: 7.061663 
R-CCU: Before ClusterLabelChange for i = 70 newLabel= 1 currentLabel= 1 
R-CCU: sum(pointsPerCluster) = 1169 
 num [1:3] 1165 3 1
NULL
R-CCU: After ClusterLabelChange for i = 70 
R-CCU: sum(pointsPerCluster) = 1170 
 num [1:3] 1166 3 1
NULL
R-CCU: dpObj$numberClusters = 3 
List of 2
 $ : num [1, 1, 1:3] 0.3365 0.3949 0.0869
 $ : num [1, 1, 1:3] 9.24 5.35 2.72
NULL
R priorParameters: 2 8 
R maxT: 1 
R_PriorDraw_first_mu: 0.02998118 
R_PriorDraw_first_nu: 28.36943 
R-CCU: Before ClusterLabelChange for i = 71 newLabel= 1 currentLabel= 1 
R-CCU: sum(pointsPerCluster) = 1170 
 num [1:3] 1166 3 1
NULL
R-CCU: After ClusterLabelChange for i = 71 
R-CCU: sum(pointsPerCluster) = 1171 
 num [1:3] 1167 3 1
NULL
R-CCU: dpObj$numberClusters = 3 
List of 2
 $ : num [1, 1, 1:3] 0.3365 0.3949 0.0869
 $ : num [1, 1, 1:3] 9.24 5.35 2.72
NULL
R priorParameters: 2 8 
R maxT: 1 
R_PriorDraw_first_mu: 0.007192369 
R_PriorDraw_first_nu: 2.03785 
R-CCU: Before ClusterLabelChange for i = 72 newLabel= 1 currentLabel= 1 
R-CCU: sum(pointsPerCluster) = 1171 
 num [1:3] 1167 3 1
NULL
R-CCU: After ClusterLabelChange for i = 72 
R-CCU: sum(pointsPerCluster) = 1172 
 num [1:3] 1168 3 1
NULL
R-CCU: dpObj$numberClusters = 3 
List of 2
 $ : num [1, 1, 1:3] 0.3365 0.3949 0.0869
 $ : num [1, 1, 1:3] 9.24 5.35 2.72
NULL
R priorParameters: 2 8 
R maxT: 1 
R_PriorDraw_first_mu: 0.6945409 
R_PriorDraw_first_nu: 1.562269 
R-CCU: Before ClusterLabelChange for i = 73 newLabel= 1 currentLabel= 1 
R-CCU: sum(pointsPerCluster) = 1172 
 num [1:3] 1168 3 1
NULL
R-CCU: After ClusterLabelChange for i = 73 
R-CCU: sum(pointsPerCluster) = 1173 
 num [1:3] 1169 3 1
NULL
R-CCU: dpObj$numberClusters = 3 
List of 2
 $ : num [1, 1, 1:3] 0.3365 0.3949 0.0869
 $ : num [1, 1, 1:3] 9.24 5.35 2.72
NULL
R priorParameters: 2 8 
R maxT: 1 
R_PriorDraw_first_mu: 0.8574717 
R_PriorDraw_first_nu: 20.30799 
R-CCU: Before ClusterLabelChange for i = 74 newLabel= 1 currentLabel= 1 
R-CCU: sum(pointsPerCluster) = 1173 
 num [1:3] 1169 3 1
NULL
R-CCU: After ClusterLabelChange for i = 74 
R-CCU: sum(pointsPerCluster) = 1174 
 num [1:3] 1170 3 1
NULL
R-CCU: dpObj$numberClusters = 3 
List of 2
 $ : num [1, 1, 1:3] 0.3365 0.3949 0.0869
 $ : num [1, 1, 1:3] 9.24 5.35 2.72
NULL
R priorParameters: 2 8 
R maxT: 1 
R_PriorDraw_first_mu: 0.9182179 
R_PriorDraw_first_nu: 1.660538 
R-CCU: Before ClusterLabelChange for i = 75 newLabel= 1 currentLabel= 1 
R-CCU: sum(pointsPerCluster) = 1174 
 num [1:3] 1170 3 1
NULL
R-CCU: After ClusterLabelChange for i = 75 
R-CCU: sum(pointsPerCluster) = 1175 
 num [1:3] 1171 3 1
NULL
R-CCU: dpObj$numberClusters = 3 
List of 2
 $ : num [1, 1, 1:3] 0.3365 0.3949 0.0869
 $ : num [1, 1, 1:3] 9.24 5.35 2.72
NULL
R priorParameters: 2 8 
R maxT: 1 
R_PriorDraw_first_mu: 0.03515911 
R_PriorDraw_first_nu: 4.997299 
R-CCU: Before ClusterLabelChange for i = 76 newLabel= 1 currentLabel= 1 
R-CCU: sum(pointsPerCluster) = 1175 
 num [1:3] 1171 3 1
NULL
R-CCU: After ClusterLabelChange for i = 76 
R-CCU: sum(pointsPerCluster) = 1176 
 num [1:3] 1172 3 1
NULL
R-CCU: dpObj$numberClusters = 3 
List of 2
 $ : num [1, 1, 1:3] 0.3365 0.3949 0.0869
 $ : num [1, 1, 1:3] 9.24 5.35 2.72
NULL
R priorParameters: 2 8 
R maxT: 1 
R_PriorDraw_first_mu: 0.6098339 
R_PriorDraw_first_nu: 9.306472 
R-CCU: Before ClusterLabelChange for i = 77 newLabel= 1 currentLabel= 1 
R-CCU: sum(pointsPerCluster) = 1176 
 num [1:3] 1172 3 1
NULL
R-CCU: After ClusterLabelChange for i = 77 
R-CCU: sum(pointsPerCluster) = 1177 
 num [1:3] 1173 3 1
NULL
R-CCU: dpObj$numberClusters = 3 
List of 2
 $ : num [1, 1, 1:3] 0.3365 0.3949 0.0869
 $ : num [1, 1, 1:3] 9.24 5.35 2.72
NULL
R priorParameters: 2 8 
R maxT: 1 
R_PriorDraw_first_mu: 0.6387793 
R_PriorDraw_first_nu: 4.289481 
R-CCU: Before ClusterLabelChange for i = 78 newLabel= 1 currentLabel= 1 
R-CCU: sum(pointsPerCluster) = 1177 
 num [1:3] 1173 3 1
NULL
R-CCU: After ClusterLabelChange for i = 78 
R-CCU: sum(pointsPerCluster) = 1178 
 num [1:3] 1174 3 1
NULL
R-CCU: dpObj$numberClusters = 3 
List of 2
 $ : num [1, 1, 1:3] 0.3365 0.3949 0.0869
 $ : num [1, 1, 1:3] 9.24 5.35 2.72
NULL
R priorParameters: 2 8 
R maxT: 1 
R_PriorDraw_first_mu: 0.05649198 
R_PriorDraw_first_nu: 1.478371 
R-CCU: Before ClusterLabelChange for i = 79 newLabel= 1 currentLabel= 1 
R-CCU: sum(pointsPerCluster) = 1178 
 num [1:3] 1174 3 1
NULL
R-CCU: After ClusterLabelChange for i = 79 
R-CCU: sum(pointsPerCluster) = 1179 
 num [1:3] 1175 3 1
NULL
R-CCU: dpObj$numberClusters = 3 
List of 2
 $ : num [1, 1, 1:3] 0.3365 0.3949 0.0869
 $ : num [1, 1, 1:3] 9.24 5.35 2.72
NULL
R priorParameters: 2 8 
R maxT: 1 
R_PriorDraw_first_mu: 0.4524522 
R_PriorDraw_first_nu: 16.37568 
R-CCU: Before ClusterLabelChange for i = 80 newLabel= 1 currentLabel= 1 
R-CCU: sum(pointsPerCluster) = 1179 
 num [1:3] 1175 3 1
NULL
R-CCU: After ClusterLabelChange for i = 80 
R-CCU: sum(pointsPerCluster) = 1180 
 num [1:3] 1176 3 1
NULL
R-CCU: dpObj$numberClusters = 3 
List of 2
 $ : num [1, 1, 1:3] 0.3365 0.3949 0.0869
 $ : num [1, 1, 1:3] 9.24 5.35 2.72
NULL
R priorParameters: 2 8 
R maxT: 1 
R_PriorDraw_first_mu: 0.2593457 
R_PriorDraw_first_nu: 3.529763 
R-CCU: Before ClusterLabelChange for i = 81 newLabel= 1 currentLabel= 1 
R-CCU: sum(pointsPerCluster) = 1180 
 num [1:3] 1176 3 1
NULL
R-CCU: After ClusterLabelChange for i = 81 
R-CCU: sum(pointsPerCluster) = 1181 
 num [1:3] 1177 3 1
NULL
R-CCU: dpObj$numberClusters = 3 
List of 2
 $ : num [1, 1, 1:3] 0.3365 0.3949 0.0869
 $ : num [1, 1, 1:3] 9.24 5.35 2.72
NULL
R priorParameters: 2 8 
R maxT: 1 
R_PriorDraw_first_mu: 0.8441669 
R_PriorDraw_first_nu: 4.512458 
R-CCU: Before ClusterLabelChange for i = 82 newLabel= 1 currentLabel= 1 
R-CCU: sum(pointsPerCluster) = 1181 
 num [1:3] 1177 3 1
NULL
R-CCU: After ClusterLabelChange for i = 82 
R-CCU: sum(pointsPerCluster) = 1182 
 num [1:3] 1178 3 1
NULL
R-CCU: dpObj$numberClusters = 3 
List of 2
 $ : num [1, 1, 1:3] 0.3365 0.3949 0.0869
 $ : num [1, 1, 1:3] 9.24 5.35 2.72
NULL
R priorParameters: 2 8 
R maxT: 1 
R_PriorDraw_first_mu: 0.6986079 
R_PriorDraw_first_nu: 2.313237 
R-CCU: Before ClusterLabelChange for i = 83 newLabel= 1 currentLabel= 1 
R-CCU: sum(pointsPerCluster) = 1182 
 num [1:3] 1178 3 1
NULL
R-CCU: After ClusterLabelChange for i = 83 
R-CCU: sum(pointsPerCluster) = 1183 
 num [1:3] 1179 3 1
NULL
R-CCU: dpObj$numberClusters = 3 
List of 2
 $ : num [1, 1, 1:3] 0.3365 0.3949 0.0869
 $ : num [1, 1, 1:3] 9.24 5.35 2.72
NULL
R priorParameters: 2 8 
R maxT: 1 
R_PriorDraw_first_mu: 0.06936502 
R_PriorDraw_first_nu: 11.85561 
R-CCU: Before ClusterLabelChange for i = 84 newLabel= 1 currentLabel= 1 
R-CCU: sum(pointsPerCluster) = 1183 
 num [1:3] 1179 3 1
NULL
R-CCU: After ClusterLabelChange for i = 84 
R-CCU: sum(pointsPerCluster) = 1184 
 num [1:3] 1180 3 1
NULL
R-CCU: dpObj$numberClusters = 3 
List of 2
 $ : num [1, 1, 1:3] 0.3365 0.3949 0.0869
 $ : num [1, 1, 1:3] 9.24 5.35 2.72
NULL
R priorParameters: 2 8 
R maxT: 1 
R_PriorDraw_first_mu: 0.5901992 
R_PriorDraw_first_nu: 14.68631 
R-CCU: Before ClusterLabelChange for i = 85 newLabel= 1 currentLabel= 1 
R-CCU: sum(pointsPerCluster) = 1184 
 num [1:3] 1180 3 1
NULL
R-CCU: After ClusterLabelChange for i = 85 
R-CCU: sum(pointsPerCluster) = 1185 
 num [1:3] 1181 3 1
NULL
R-CCU: dpObj$numberClusters = 3 
List of 2
 $ : num [1, 1, 1:3] 0.3365 0.3949 0.0869
 $ : num [1, 1, 1:3] 9.24 5.35 2.72
NULL
R priorParameters: 2 8 
R maxT: 1 
R_PriorDraw_first_mu: 0.6254129 
R_PriorDraw_first_nu: 7.090314 
R-CCU: Before ClusterLabelChange for i = 86 newLabel= 1 currentLabel= 1 
R-CCU: sum(pointsPerCluster) = 1185 
 num [1:3] 1181 3 1
NULL
R-CCU: After ClusterLabelChange for i = 86 
R-CCU: sum(pointsPerCluster) = 1186 
 num [1:3] 1182 3 1
NULL
R-CCU: dpObj$numberClusters = 3 
List of 2
 $ : num [1, 1, 1:3] 0.3365 0.3949 0.0869
 $ : num [1, 1, 1:3] 9.24 5.35 2.72
NULL
R priorParameters: 2 8 
R maxT: 1 
R_PriorDraw_first_mu: 0.9445705 
R_PriorDraw_first_nu: 7.103221 
R-CCU: Before ClusterLabelChange for i = 87 newLabel= 1 currentLabel= 1 
R-CCU: sum(pointsPerCluster) = 1186 
 num [1:3] 1182 3 1
NULL
R-CCU: After ClusterLabelChange for i = 87 
R-CCU: sum(pointsPerCluster) = 1187 
 num [1:3] 1183 3 1
NULL
R-CCU: dpObj$numberClusters = 3 
List of 2
 $ : num [1, 1, 1:3] 0.3365 0.3949 0.0869
 $ : num [1, 1, 1:3] 9.24 5.35 2.72
NULL
R priorParameters: 2 8 
R maxT: 1 
R_PriorDraw_first_mu: 0.9629908 
R_PriorDraw_first_nu: 2.459669 
R-CCU: Before ClusterLabelChange for i = 88 newLabel= 1 currentLabel= 1 
R-CCU: sum(pointsPerCluster) = 1187 
 num [1:3] 1183 3 1
NULL
R-CCU: After ClusterLabelChange for i = 88 
R-CCU: sum(pointsPerCluster) = 1188 
 num [1:3] 1184 3 1
NULL
R-CCU: dpObj$numberClusters = 3 
List of 2
 $ : num [1, 1, 1:3] 0.3365 0.3949 0.0869
 $ : num [1, 1, 1:3] 9.24 5.35 2.72
NULL
R priorParameters: 2 8 
R maxT: 1 
R_PriorDraw_first_mu: 0.3919661 
R_PriorDraw_first_nu: 4.962074 
R-CCU: Before ClusterLabelChange for i = 89 newLabel= 1 currentLabel= 1 
R-CCU: sum(pointsPerCluster) = 1188 
 num [1:3] 1184 3 1
NULL
R-CCU: After ClusterLabelChange for i = 89 
R-CCU: sum(pointsPerCluster) = 1189 
 num [1:3] 1185 3 1
NULL
R-CCU: dpObj$numberClusters = 3 
List of 2
 $ : num [1, 1, 1:3] 0.3365 0.3949 0.0869
 $ : num [1, 1, 1:3] 9.24 5.35 2.72
NULL
R priorParameters: 2 8 
R maxT: 1 
R_PriorDraw_first_mu: 0.2582122 
R_PriorDraw_first_nu: 3.855358 
R-CCU: Before ClusterLabelChange for i = 90 newLabel= 1 currentLabel= 1 
R-CCU: sum(pointsPerCluster) = 1189 
 num [1:3] 1185 3 1
NULL
R-CCU: After ClusterLabelChange for i = 90 
R-CCU: sum(pointsPerCluster) = 1190 
 num [1:3] 1186 3 1
NULL
R-CCU: dpObj$numberClusters = 3 
List of 2
 $ : num [1, 1, 1:3] 0.3365 0.3949 0.0869
 $ : num [1, 1, 1:3] 9.24 5.35 2.72
NULL
R priorParameters: 2 8 
R maxT: 1 
R_PriorDraw_first_mu: 0.07670184 
R_PriorDraw_first_nu: 1.267702 
R-CCU: Before ClusterLabelChange for i = 91 newLabel= 1 currentLabel= 1 
R-CCU: sum(pointsPerCluster) = 1190 
 num [1:3] 1186 3 1
NULL
R-CCU: After ClusterLabelChange for i = 91 
R-CCU: sum(pointsPerCluster) = 1191 
 num [1:3] 1187 3 1
NULL
R-CCU: dpObj$numberClusters = 3 
List of 2
 $ : num [1, 1, 1:3] 0.3365 0.3949 0.0869
 $ : num [1, 1, 1:3] 9.24 5.35 2.72
NULL
R priorParameters: 2 8 
R maxT: 1 
R_PriorDraw_first_mu: 0.3982529 
R_PriorDraw_first_nu: 2.621724 
R-CCU: Before ClusterLabelChange for i = 92 newLabel= 1 currentLabel= 1 
R-CCU: sum(pointsPerCluster) = 1191 
 num [1:3] 1187 3 1
NULL
R-CCU: After ClusterLabelChange for i = 92 
R-CCU: sum(pointsPerCluster) = 1192 
 num [1:3] 1188 3 1
NULL
R-CCU: dpObj$numberClusters = 3 
List of 2
 $ : num [1, 1, 1:3] 0.3365 0.3949 0.0869
 $ : num [1, 1, 1:3] 9.24 5.35 2.72
NULL
R priorParameters: 2 8 
R maxT: 1 
R_PriorDraw_first_mu: 0.8322561 
R_PriorDraw_first_nu: 4.276232 
R-CCU: Before ClusterLabelChange for i = 93 newLabel= 1 currentLabel= 1 
R-CCU: sum(pointsPerCluster) = 1192 
 num [1:3] 1188 3 1
NULL
R-CCU: After ClusterLabelChange for i = 93 
R-CCU: sum(pointsPerCluster) = 1193 
 num [1:3] 1189 3 1
NULL
R-CCU: dpObj$numberClusters = 3 
List of 2
 $ : num [1, 1, 1:3] 0.3365 0.3949 0.0869
 $ : num [1, 1, 1:3] 9.24 5.35 2.72
NULL
R priorParameters: 2 8 
R maxT: 1 
R_PriorDraw_first_mu: 0.4635354 
R_PriorDraw_first_nu: 3.663084 
R-CCU: Before ClusterLabelChange for i = 94 newLabel= 1 currentLabel= 1 
R-CCU: sum(pointsPerCluster) = 1193 
 num [1:3] 1189 3 1
NULL
R-CCU: After ClusterLabelChange for i = 94 
R-CCU: sum(pointsPerCluster) = 1194 
 num [1:3] 1190 3 1
NULL
R-CCU: dpObj$numberClusters = 3 
List of 2
 $ : num [1, 1, 1:3] 0.3365 0.3949 0.0869
 $ : num [1, 1, 1:3] 9.24 5.35 2.72
NULL
R priorParameters: 2 8 
R maxT: 1 
R_PriorDraw_first_mu: 0.7904063 
R_PriorDraw_first_nu: 13.59568 
R-CCU: Before ClusterLabelChange for i = 95 newLabel= 1 currentLabel= 1 
R-CCU: sum(pointsPerCluster) = 1194 
 num [1:3] 1190 3 1
NULL
R-CCU: After ClusterLabelChange for i = 95 
R-CCU: sum(pointsPerCluster) = 1195 
 num [1:3] 1191 3 1
NULL
R-CCU: dpObj$numberClusters = 3 
List of 2
 $ : num [1, 1, 1:3] 0.3365 0.3949 0.0869
 $ : num [1, 1, 1:3] 9.24 5.35 2.72
NULL
R priorParameters: 2 8 
R maxT: 1 
R_PriorDraw_first_mu: 0.2195735 
R_PriorDraw_first_nu: 3.213858 
R-CCU: Before ClusterLabelChange for i = 96 newLabel= 1 currentLabel= 1 
R-CCU: sum(pointsPerCluster) = 1195 
 num [1:3] 1191 3 1
NULL
R-CCU: After ClusterLabelChange for i = 96 
R-CCU: sum(pointsPerCluster) = 1196 
 num [1:3] 1192 3 1
NULL
R-CCU: dpObj$numberClusters = 3 
List of 2
 $ : num [1, 1, 1:3] 0.3365 0.3949 0.0869
 $ : num [1, 1, 1:3] 9.24 5.35 2.72
NULL
R priorParameters: 2 8 
R maxT: 1 
R_PriorDraw_first_mu: 0.5784207 
R_PriorDraw_first_nu: 4.233693 
R-CCU: Before ClusterLabelChange for i = 97 newLabel= 1 currentLabel= 1 
R-CCU: sum(pointsPerCluster) = 1196 
 num [1:3] 1192 3 1
NULL
R-CCU: After ClusterLabelChange for i = 97 
R-CCU: sum(pointsPerCluster) = 1197 
 num [1:3] 1193 3 1
NULL
R-CCU: dpObj$numberClusters = 3 
List of 2
 $ : num [1, 1, 1:3] 0.3365 0.3949 0.0869
 $ : num [1, 1, 1:3] 9.24 5.35 2.72
NULL
R priorParameters: 2 8 
R maxT: 1 
R_PriorDraw_first_mu: 0.4359388 
R_PriorDraw_first_nu: 3.434057 
R-CCU: Before ClusterLabelChange for i = 98 newLabel= 1 currentLabel= 1 
R-CCU: sum(pointsPerCluster) = 1197 
 num [1:3] 1193 3 1
NULL
R-CCU: After ClusterLabelChange for i = 98 
R-CCU: sum(pointsPerCluster) = 1198 
 num [1:3] 1194 3 1
NULL
R-CCU: dpObj$numberClusters = 3 
List of 2
 $ : num [1, 1, 1:3] 0.3365 0.3949 0.0869
 $ : num [1, 1, 1:3] 9.24 5.35 2.72
NULL
R priorParameters: 2 8 
R maxT: 1 
R_PriorDraw_first_mu: 0.4888854 
R_PriorDraw_first_nu: 2.207636 
R-CCU: Before ClusterLabelChange for i = 99 newLabel= 1 currentLabel= 1 
R-CCU: sum(pointsPerCluster) = 1198 
 num [1:3] 1194 3 1
NULL
R-CCU: After ClusterLabelChange for i = 99 
R-CCU: sum(pointsPerCluster) = 1199 
 num [1:3] 1195 3 1
NULL
R-CCU: dpObj$numberClusters = 3 
List of 2
 $ : num [1, 1, 1:3] 0.3365 0.3949 0.0869
 $ : num [1, 1, 1:3] 9.24 5.35 2.72
NULL
R priorParameters: 2 8 
R maxT: 1 
R_PriorDraw_first_mu: 0.2083747 
R_PriorDraw_first_nu: 10.65459 
R-CCU: Before ClusterLabelChange for i = 100 newLabel= 1 currentLabel= 1 
R-CCU: sum(pointsPerCluster) = 1199 
 num [1:3] 1195 3 1
NULL
R-CCU: After ClusterLabelChange for i = 100 
R-CCU: sum(pointsPerCluster) = 1200 
 num [1:3] 1196 3 1
NULL
R-CCU: dpObj$numberClusters = 3 
List of 2
 $ : num [1, 1, 1:3] 0.3365 0.3949 0.0869
 $ : num [1, 1, 1:3] 9.24 5.35 2.72
NULL

⠧ | 1 122      5 | Beta Distribution Full Integration Test         
⠇ | 1 123      5 | Beta Distribution Full Integration Test         R priorParameters: 2 8 
R maxT: 1 
R_PriorDraw_first_mu: 0.1595745 
R_PriorDraw_first_nu: 4.64935 
R-CCU: Before ClusterLabelChange for i = 1 newLabel= 1 currentLabel= 1 
R-CCU: sum(pointsPerCluster) = 1200 
 num [1:3] 1196 3 1
NULL
R-CCU: After ClusterLabelChange for i = 1 
R-CCU: sum(pointsPerCluster) = 1201 
 num [1:3] 1197 3 1
NULL
R-CCU: dpObj$numberClusters = 3 
List of 2
 $ : num [1, 1, 1:3] 0.3407 0.3949 0.0869
 $ : num [1, 1, 1:3] 8.28 5.35 2.72
NULL
R priorParameters: 2 8 
R maxT: 1 
R_PriorDraw_first_mu: 0.4189024 
R_PriorDraw_first_nu: 4.887775 
R-CCU: Before ClusterLabelChange for i = 2 newLabel= 1 currentLabel= 1 
R-CCU: sum(pointsPerCluster) = 1201 
 num [1:3] 1197 3 1
NULL
R-CCU: After ClusterLabelChange for i = 2 
R-CCU: sum(pointsPerCluster) = 1202 
 num [1:3] 1198 3 1
NULL
R-CCU: dpObj$numberClusters = 3 
List of 2
 $ : num [1, 1, 1:3] 0.3407 0.3949 0.0869
 $ : num [1, 1, 1:3] 8.28 5.35 2.72
NULL
R priorParameters: 2 8 
R maxT: 1 
R_PriorDraw_first_mu: 0.9086786 
R_PriorDraw_first_nu: 4.46777 
R-CCU: Before ClusterLabelChange for i = 3 newLabel= 1 currentLabel= 1 
R-CCU: sum(pointsPerCluster) = 1202 
 num [1:3] 1198 3 1
NULL
R-CCU: After ClusterLabelChange for i = 3 
R-CCU: sum(pointsPerCluster) = 1203 
 num [1:3] 1199 3 1
NULL
R-CCU: dpObj$numberClusters = 3 
List of 2
 $ : num [1, 1, 1:3] 0.3407 0.3949 0.0869
 $ : num [1, 1, 1:3] 8.28 5.35 2.72
NULL
R priorParameters: 2 8 
R maxT: 1 
R_PriorDraw_first_mu: 0.04133373 
R_PriorDraw_first_nu: 19.10537 
R-CCU: Before ClusterLabelChange for i = 4 newLabel= 1 currentLabel= 1 
R-CCU: sum(pointsPerCluster) = 1203 
 num [1:3] 1199 3 1
NULL
R-CCU: After ClusterLabelChange for i = 4 
R-CCU: sum(pointsPerCluster) = 1204 
 num [1:3] 1200 3 1
NULL
R-CCU: dpObj$numberClusters = 3 
List of 2
 $ : num [1, 1, 1:3] 0.3407 0.3949 0.0869
 $ : num [1, 1, 1:3] 8.28 5.35 2.72
NULL
R priorParameters: 2 8 
R maxT: 1 
R_PriorDraw_first_mu: 0.488685 
R_PriorDraw_first_nu: 4.203775 
R-CCU: Before ClusterLabelChange for i = 5 newLabel= 1 currentLabel= 1 
R-CCU: sum(pointsPerCluster) = 1204 
 num [1:3] 1200 3 1
NULL
R-CCU: After ClusterLabelChange for i = 5 
R-CCU: sum(pointsPerCluster) = 1205 
 num [1:3] 1201 3 1
NULL
R-CCU: dpObj$numberClusters = 3 
List of 2
 $ : num [1, 1, 1:3] 0.3407 0.3949 0.0869
 $ : num [1, 1, 1:3] 8.28 5.35 2.72
NULL
R priorParameters: 2 8 
R maxT: 1 
R_PriorDraw_first_mu: 0.3333968 
R_PriorDraw_first_nu: 4.656923 
R-CCU: Before ClusterLabelChange for i = 6 newLabel= 1 currentLabel= 1 
R-CCU: sum(pointsPerCluster) = 1205 
 num [1:3] 1201 3 1
NULL
R-CCU: After ClusterLabelChange for i = 6 
R-CCU: sum(pointsPerCluster) = 1206 
 num [1:3] 1202 3 1
NULL
R-CCU: dpObj$numberClusters = 3 
List of 2
 $ : num [1, 1, 1:3] 0.3407 0.3949 0.0869
 $ : num [1, 1, 1:3] 8.28 5.35 2.72
NULL
R priorParameters: 2 8 
R maxT: 1 
R_PriorDraw_first_mu: 0.1999127 
R_PriorDraw_first_nu: 200.8599 
R-CCU: Before ClusterLabelChange for i = 7 newLabel= 1 currentLabel= 1 
R-CCU: sum(pointsPerCluster) = 1206 
 num [1:3] 1202 3 1
NULL
R-CCU: After ClusterLabelChange for i = 7 
R-CCU: sum(pointsPerCluster) = 1207 
 num [1:3] 1203 3 1
NULL
R-CCU: dpObj$numberClusters = 3 
List of 2
 $ : num [1, 1, 1:3] 0.3407 0.3949 0.0869
 $ : num [1, 1, 1:3] 8.28 5.35 2.72
NULL
R priorParameters: 2 8 
R maxT: 1 
R_PriorDraw_first_mu: 0.4768212 
R_PriorDraw_first_nu: 8.550986 
R-CCU: Before ClusterLabelChange for i = 8 newLabel= 1 currentLabel= 1 
R-CCU: sum(pointsPerCluster) = 1207 
 num [1:3] 1203 3 1
NULL
R-CCU: After ClusterLabelChange for i = 8 
R-CCU: sum(pointsPerCluster) = 1208 
 num [1:3] 1204 3 1
NULL
R-CCU: dpObj$numberClusters = 3 
List of 2
 $ : num [1, 1, 1:3] 0.3407 0.3949 0.0869
 $ : num [1, 1, 1:3] 8.28 5.35 2.72
NULL
R priorParameters: 2 8 
R maxT: 1 
R_PriorDraw_first_mu: 0.6606229 
R_PriorDraw_first_nu: 2.316788 
R-CCU: Before ClusterLabelChange for i = 9 newLabel= 1 currentLabel= 1 
R-CCU: sum(pointsPerCluster) = 1208 
 num [1:3] 1204 3 1
NULL
R-CCU: After ClusterLabelChange for i = 9 
R-CCU: sum(pointsPerCluster) = 1209 
 num [1:3] 1205 3 1
NULL
R-CCU: dpObj$numberClusters = 3 
List of 2
 $ : num [1, 1, 1:3] 0.3407 0.3949 0.0869
 $ : num [1, 1, 1:3] 8.28 5.35 2.72
NULL
R priorParameters: 2 8 
R maxT: 1 
R_PriorDraw_first_mu: 0.5371681 
R_PriorDraw_first_nu: 5.983277 
R-CCU: Before ClusterLabelChange for i = 10 newLabel= 1 currentLabel= 1 
R-CCU: sum(pointsPerCluster) = 1209 
 num [1:3] 1205 3 1
NULL
R-CCU: After ClusterLabelChange for i = 10 
R-CCU: sum(pointsPerCluster) = 1210 
 num [1:3] 1206 3 1
NULL
R-CCU: dpObj$numberClusters = 3 
List of 2
 $ : num [1, 1, 1:3] 0.3407 0.3949 0.0869
 $ : num [1, 1, 1:3] 8.28 5.35 2.72
NULL
R priorParameters: 2 8 
R maxT: 1 
R_PriorDraw_first_mu: 0.4856653 
R_PriorDraw_first_nu: 15.85667 
R-CCU: Before ClusterLabelChange for i = 11 newLabel= 1 currentLabel= 1 
R-CCU: sum(pointsPerCluster) = 1210 
 num [1:3] 1206 3 1
NULL
R-CCU: After ClusterLabelChange for i = 11 
R-CCU: sum(pointsPerCluster) = 1211 
 num [1:3] 1207 3 1
NULL
R-CCU: dpObj$numberClusters = 3 
List of 2
 $ : num [1, 1, 1:3] 0.3407 0.3949 0.0869
 $ : num [1, 1, 1:3] 8.28 5.35 2.72
NULL
R priorParameters: 2 8 
R maxT: 1 
R_PriorDraw_first_mu: 0.3473326 
R_PriorDraw_first_nu: 2.762262 
R-CCU: Before ClusterLabelChange for i = 12 newLabel= 1 currentLabel= 1 
R-CCU: sum(pointsPerCluster) = 1211 
 num [1:3] 1207 3 1
NULL
R-CCU: After ClusterLabelChange for i = 12 
R-CCU: sum(pointsPerCluster) = 1212 
 num [1:3] 1208 3 1
NULL
R-CCU: dpObj$numberClusters = 3 
List of 2
 $ : num [1, 1, 1:3] 0.3407 0.3949 0.0869
 $ : num [1, 1, 1:3] 8.28 5.35 2.72
NULL
R priorParameters: 2 8 
R maxT: 1 
R_PriorDraw_first_mu: 0.277352 
R_PriorDraw_first_nu: 2.419974 
R-CCU: Before ClusterLabelChange for i = 13 newLabel= 1 currentLabel= 1 
R-CCU: sum(pointsPerCluster) = 1212 
 num [1:3] 1208 3 1
NULL
R-CCU: After ClusterLabelChange for i = 13 
R-CCU: sum(pointsPerCluster) = 1213 
 num [1:3] 1209 3 1
NULL
R-CCU: dpObj$numberClusters = 3 
List of 2
 $ : num [1, 1, 1:3] 0.3407 0.3949 0.0869
 $ : num [1, 1, 1:3] 8.28 5.35 2.72
NULL
R priorParameters: 2 8 
R maxT: 1 
R_PriorDraw_first_mu: 0.8614094 
R_PriorDraw_first_nu: 12.04757 
R-CCU: Before ClusterLabelChange for i = 14 newLabel= 1 currentLabel= 1 
R-CCU: sum(pointsPerCluster) = 1213 
 num [1:3] 1209 3 1
NULL
R-CCU: After ClusterLabelChange for i = 14 
R-CCU: sum(pointsPerCluster) = 1214 
 num [1:3] 1210 3 1
NULL
R-CCU: dpObj$numberClusters = 3 
List of 2
 $ : num [1, 1, 1:3] 0.3407 0.3949 0.0869
 $ : num [1, 1, 1:3] 8.28 5.35 2.72
NULL
R priorParameters: 2 8 
R maxT: 1 
R_PriorDraw_first_mu: 0.606745 
R_PriorDraw_first_nu: 3.251049 
R-CCU: Before ClusterLabelChange for i = 15 newLabel= 1 currentLabel= 1 
R-CCU: sum(pointsPerCluster) = 1214 
 num [1:3] 1210 3 1
NULL
R-CCU: After ClusterLabelChange for i = 15 
R-CCU: sum(pointsPerCluster) = 1215 
 num [1:3] 1211 3 1
NULL
R-CCU: dpObj$numberClusters = 3 
List of 2
 $ : num [1, 1, 1:3] 0.3407 0.3949 0.0869
 $ : num [1, 1, 1:3] 8.28 5.35 2.72
NULL
R priorParameters: 2 8 
R maxT: 1 
R_PriorDraw_first_mu: 0.8202723 
R_PriorDraw_first_nu: 3.107185 
R-CCU: Before ClusterLabelChange for i = 16 newLabel= 1 currentLabel= 1 
R-CCU: sum(pointsPerCluster) = 1215 
 num [1:3] 1211 3 1
NULL
R-CCU: After ClusterLabelChange for i = 16 
R-CCU: sum(pointsPerCluster) = 1216 
 num [1:3] 1212 3 1
NULL
R-CCU: dpObj$numberClusters = 3 
List of 2
 $ : num [1, 1, 1:3] 0.3407 0.3949 0.0869
 $ : num [1, 1, 1:3] 8.28 5.35 2.72
NULL
R priorParameters: 2 8 
R maxT: 1 
R_PriorDraw_first_mu: 0.4137791 
R_PriorDraw_first_nu: 10.94978 
R-CCU: Before ClusterLabelChange for i = 17 newLabel= 1 currentLabel= 1 
R-CCU: sum(pointsPerCluster) = 1216 
 num [1:3] 1212 3 1
NULL
R-CCU: After ClusterLabelChange for i = 17 
R-CCU: sum(pointsPerCluster) = 1217 
 num [1:3] 1213 3 1
NULL
R-CCU: dpObj$numberClusters = 3 
List of 2
 $ : num [1, 1, 1:3] 0.3407 0.3949 0.0869
 $ : num [1, 1, 1:3] 8.28 5.35 2.72
NULL
R priorParameters: 2 8 
R maxT: 1 
R_PriorDraw_first_mu: 0.1575363 
R_PriorDraw_first_nu: 6.587662 
R-CCU: Before ClusterLabelChange for i = 18 newLabel= 1 currentLabel= 1 
R-CCU: sum(pointsPerCluster) = 1217 
 num [1:3] 1213 3 1
NULL
R-CCU: After ClusterLabelChange for i = 18 
R-CCU: sum(pointsPerCluster) = 1218 
 num [1:3] 1214 3 1
NULL
R-CCU: dpObj$numberClusters = 3 
List of 2
 $ : num [1, 1, 1:3] 0.3407 0.3949 0.0869
 $ : num [1, 1, 1:3] 8.28 5.35 2.72
NULL
R priorParameters: 2 8 
R maxT: 1 
R_PriorDraw_first_mu: 0.3372849 
R_PriorDraw_first_nu: 1.694579 
R-CCU: Before ClusterLabelChange for i = 19 newLabel= 1 currentLabel= 1 
R-CCU: sum(pointsPerCluster) = 1218 
 num [1:3] 1214 3 1
NULL
R-CCU: After ClusterLabelChange for i = 19 
R-CCU: sum(pointsPerCluster) = 1219 
 num [1:3] 1215 3 1
NULL
R-CCU: dpObj$numberClusters = 3 
List of 2
 $ : num [1, 1, 1:3] 0.3407 0.3949 0.0869
 $ : num [1, 1, 1:3] 8.28 5.35 2.72
NULL
R priorParameters: 2 8 
R maxT: 1 
R_PriorDraw_first_mu: 0.6469665 
R_PriorDraw_first_nu: 28.12425 
R-CCU: Before ClusterLabelChange for i = 20 newLabel= 1 currentLabel= 1 
R-CCU: sum(pointsPerCluster) = 1219 
 num [1:3] 1215 3 1
NULL
R-CCU: After ClusterLabelChange for i = 20 
R-CCU: sum(pointsPerCluster) = 1220 
 num [1:3] 1216 3 1
NULL
R-CCU: dpObj$numberClusters = 3 
List of 2
 $ : num [1, 1, 1:3] 0.3407 0.3949 0.0869
 $ : num [1, 1, 1:3] 8.28 5.35 2.72
NULL
R priorParameters: 2 8 
R maxT: 1 
R_PriorDraw_first_mu: 0.01388971 
R_PriorDraw_first_nu: 3.722 
R-CCU: Before ClusterLabelChange for i = 21 newLabel= 1 currentLabel= 1 
R-CCU: sum(pointsPerCluster) = 1220 
 num [1:3] 1216 3 1
NULL
R-CCU: After ClusterLabelChange for i = 21 
R-CCU: sum(pointsPerCluster) = 1221 
 num [1:3] 1217 3 1
NULL
R-CCU: dpObj$numberClusters = 3 
List of 2
 $ : num [1, 1, 1:3] 0.3407 0.3949 0.0869
 $ : num [1, 1, 1:3] 8.28 5.35 2.72
NULL
R priorParameters: 2 8 
R maxT: 1 
R_PriorDraw_first_mu: 0.03162922 
R_PriorDraw_first_nu: 20.595 
R-CCU: Before ClusterLabelChange for i = 22 newLabel= 1 currentLabel= 1 
R-CCU: sum(pointsPerCluster) = 1221 
 num [1:3] 1217 3 1
NULL
R-CCU: After ClusterLabelChange for i = 22 
R-CCU: sum(pointsPerCluster) = 1222 
 num [1:3] 1218 3 1
NULL
R-CCU: dpObj$numberClusters = 3 
List of 2
 $ : num [1, 1, 1:3] 0.3407 0.3949 0.0869
 $ : num [1, 1, 1:3] 8.28 5.35 2.72
NULL
R priorParameters: 2 8 
R maxT: 1 
R_PriorDraw_first_mu: 0.05619473 
R_PriorDraw_first_nu: 11.35333 
R-CCU: Before ClusterLabelChange for i = 23 newLabel= 1 currentLabel= 1 
R-CCU: sum(pointsPerCluster) = 1222 
 num [1:3] 1218 3 1
NULL
R-CCU: After ClusterLabelChange for i = 23 
R-CCU: sum(pointsPerCluster) = 1223 
 num [1:3] 1219 3 1
NULL
R-CCU: dpObj$numberClusters = 3 
List of 2
 $ : num [1, 1, 1:3] 0.3407 0.3949 0.0869
 $ : num [1, 1, 1:3] 8.28 5.35 2.72
NULL
R priorParameters: 2 8 
R maxT: 1 
R_PriorDraw_first_mu: 0.7417587 
R_PriorDraw_first_nu: 3.408316 
R-CCU: Before ClusterLabelChange for i = 24 newLabel= 1 currentLabel= 1 
R-CCU: sum(pointsPerCluster) = 1223 
 num [1:3] 1219 3 1
NULL
R-CCU: After ClusterLabelChange for i = 24 
R-CCU: sum(pointsPerCluster) = 1224 
 num [1:3] 1220 3 1
NULL
R-CCU: dpObj$numberClusters = 3 
List of 2
 $ : num [1, 1, 1:3] 0.3407 0.3949 0.0869
 $ : num [1, 1, 1:3] 8.28 5.35 2.72
NULL
R priorParameters: 2 8 
R maxT: 1 
R_PriorDraw_first_mu: 0.4674882 
R_PriorDraw_first_nu: 4.22379 
R-CCU: Before ClusterLabelChange for i = 25 newLabel= 1 currentLabel= 1 
R-CCU: sum(pointsPerCluster) = 1224 
 num [1:3] 1220 3 1
NULL
R-CCU: After ClusterLabelChange for i = 25 
R-CCU: sum(pointsPerCluster) = 1225 
 num [1:3] 1221 3 1
NULL
R-CCU: dpObj$numberClusters = 3 
List of 2
 $ : num [1, 1, 1:3] 0.3407 0.3949 0.0869
 $ : num [1, 1, 1:3] 8.28 5.35 2.72
NULL
R priorParameters: 2 8 
R maxT: 1 
R_PriorDraw_first_mu: 0.2520495 
R_PriorDraw_first_nu: 6.981838 
R-CCU: Before ClusterLabelChange for i = 26 newLabel= 1 currentLabel= 1 
R-CCU: sum(pointsPerCluster) = 1225 
 num [1:3] 1221 3 1
NULL
R-CCU: After ClusterLabelChange for i = 26 
R-CCU: sum(pointsPerCluster) = 1226 
 num [1:3] 1222 3 1
NULL
R-CCU: dpObj$numberClusters = 3 
List of 2
 $ : num [1, 1, 1:3] 0.3407 0.3949 0.0869
 $ : num [1, 1, 1:3] 8.28 5.35 2.72
NULL
R priorParameters: 2 8 
R maxT: 1 
R_PriorDraw_first_mu: 0.1498533 
R_PriorDraw_first_nu: 21.32289 
R-CCU: Before ClusterLabelChange for i = 27 newLabel= 1 currentLabel= 1 
R-CCU: sum(pointsPerCluster) = 1226 
 num [1:3] 1222 3 1
NULL
R-CCU: After ClusterLabelChange for i = 27 
R-CCU: sum(pointsPerCluster) = 1227 
 num [1:3] 1223 3 1
NULL
R-CCU: dpObj$numberClusters = 3 
List of 2
 $ : num [1, 1, 1:3] 0.3407 0.3949 0.0869
 $ : num [1, 1, 1:3] 8.28 5.35 2.72
NULL
R priorParameters: 2 8 
R maxT: 1 
R_PriorDraw_first_mu: 0.1373861 
R_PriorDraw_first_nu: 65.08289 
R-CCU: Before ClusterLabelChange for i = 28 newLabel= 1 currentLabel= 1 
R-CCU: sum(pointsPerCluster) = 1227 
 num [1:3] 1223 3 1
NULL
R-CCU: After ClusterLabelChange for i = 28 
R-CCU: sum(pointsPerCluster) = 1228 
 num [1:3] 1224 3 1
NULL
R-CCU: dpObj$numberClusters = 3 
List of 2
 $ : num [1, 1, 1:3] 0.3407 0.3949 0.0869
 $ : num [1, 1, 1:3] 8.28 5.35 2.72
NULL
R priorParameters: 2 8 
R maxT: 1 
R_PriorDraw_first_mu: 0.3859668 
R_PriorDraw_first_nu: 1.386865 
R-CCU: Before ClusterLabelChange for i = 29 newLabel= 1 currentLabel= 1 
R-CCU: sum(pointsPerCluster) = 1228 
 num [1:3] 1224 3 1
NULL
R-CCU: After ClusterLabelChange for i = 29 
R-CCU: sum(pointsPerCluster) = 1229 
 num [1:3] 1225 3 1
NULL
R-CCU: dpObj$numberClusters = 3 
List of 2
 $ : num [1, 1, 1:3] 0.3407 0.3949 0.0869
 $ : num [1, 1, 1:3] 8.28 5.35 2.72
NULL
R priorParameters: 2 8 
R maxT: 1 
R_PriorDraw_first_mu: 0.06939966 
R_PriorDraw_first_nu: 3.163094 
R-CCU: Before ClusterLabelChange for i = 30 newLabel= 1 currentLabel= 1 
R-CCU: sum(pointsPerCluster) = 1229 
 num [1:3] 1225 3 1
NULL
R-CCU: After ClusterLabelChange for i = 30 
R-CCU: sum(pointsPerCluster) = 1230 
 num [1:3] 1226 3 1
NULL
R-CCU: dpObj$numberClusters = 3 
List of 2
 $ : num [1, 1, 1:3] 0.3407 0.3949 0.0869
 $ : num [1, 1, 1:3] 8.28 5.35 2.72
NULL
R priorParameters: 2 8 
R maxT: 1 
R_PriorDraw_first_mu: 0.448704 
R_PriorDraw_first_nu: 71.93498 
R-CCU: Before ClusterLabelChange for i = 31 newLabel= 1 currentLabel= 1 
R-CCU: sum(pointsPerCluster) = 1230 
 num [1:3] 1226 3 1
NULL
R-CCU: After ClusterLabelChange for i = 31 
R-CCU: sum(pointsPerCluster) = 1231 
 num [1:3] 1227 3 1
NULL
R-CCU: dpObj$numberClusters = 3 
List of 2
 $ : num [1, 1, 1:3] 0.3407 0.3949 0.0869
 $ : num [1, 1, 1:3] 8.28 5.35 2.72
NULL
R priorParameters: 2 8 
R maxT: 1 
R_PriorDraw_first_mu: 0.1511388 
R_PriorDraw_first_nu: 4.892599 
R-CCU: Before ClusterLabelChange for i = 32 newLabel= 1 currentLabel= 1 
R-CCU: sum(pointsPerCluster) = 1231 
 num [1:3] 1227 3 1
NULL
R-CCU: After ClusterLabelChange for i = 32 
R-CCU: sum(pointsPerCluster) = 1232 
 num [1:3] 1228 3 1
NULL
R-CCU: dpObj$numberClusters = 3 
List of 2
 $ : num [1, 1, 1:3] 0.3407 0.3949 0.0869
 $ : num [1, 1, 1:3] 8.28 5.35 2.72
NULL
R priorParameters: 2 8 
R maxT: 1 
R_PriorDraw_first_mu: 0.4084717 
R_PriorDraw_first_nu: 3.471004 
R-CCU: Before ClusterLabelChange for i = 33 newLabel= 1 currentLabel= 1 
R-CCU: sum(pointsPerCluster) = 1232 
 num [1:3] 1228 3 1
NULL
R-CCU: After ClusterLabelChange for i = 33 
R-CCU: sum(pointsPerCluster) = 1233 
 num [1:3] 1229 3 1
NULL
R-CCU: dpObj$numberClusters = 3 
List of 2
 $ : num [1, 1, 1:3] 0.3407 0.3949 0.0869
 $ : num [1, 1, 1:3] 8.28 5.35 2.72
NULL
R priorParameters: 2 8 
R maxT: 1 
R_PriorDraw_first_mu: 0.1393057 
R_PriorDraw_first_nu: 4.992712 
R-CCU: Before ClusterLabelChange for i = 34 newLabel= 1 currentLabel= 1 
R-CCU: sum(pointsPerCluster) = 1233 
 num [1:3] 1229 3 1
NULL
R-CCU: After ClusterLabelChange for i = 34 
R-CCU: sum(pointsPerCluster) = 1234 
 num [1:3] 1230 3 1
NULL
R-CCU: dpObj$numberClusters = 3 
List of 2
 $ : num [1, 1, 1:3] 0.3407 0.3949 0.0869
 $ : num [1, 1, 1:3] 8.28 5.35 2.72
NULL
R priorParameters: 2 8 
R maxT: 1 
R_PriorDraw_first_mu: 0.9037901 
R_PriorDraw_first_nu: 7.007868 
R-CCU: Before ClusterLabelChange for i = 35 newLabel= 1 currentLabel= 1 
R-CCU: sum(pointsPerCluster) = 1234 
 num [1:3] 1230 3 1
NULL
R-CCU: After ClusterLabelChange for i = 35 
R-CCU: sum(pointsPerCluster) = 1235 
 num [1:3] 1231 3 1
NULL
R-CCU: dpObj$numberClusters = 3 
List of 2
 $ : num [1, 1, 1:3] 0.3407 0.3949 0.0869
 $ : num [1, 1, 1:3] 8.28 5.35 2.72
NULL
R priorParameters: 2 8 
R maxT: 1 
R_PriorDraw_first_mu: 0.2401172 
R_PriorDraw_first_nu: 7.767318 
R-CCU: Before ClusterLabelChange for i = 36 newLabel= 1 currentLabel= 1 
R-CCU: sum(pointsPerCluster) = 1235 
 num [1:3] 1231 3 1
NULL
R-CCU: After ClusterLabelChange for i = 36 
R-CCU: sum(pointsPerCluster) = 1236 
 num [1:3] 1232 3 1
NULL
R-CCU: dpObj$numberClusters = 3 
List of 2
 $ : num [1, 1, 1:3] 0.3407 0.3949 0.0869
 $ : num [1, 1, 1:3] 8.28 5.35 2.72
NULL
R priorParameters: 2 8 
R maxT: 1 
R_PriorDraw_first_mu: 0.6045265 
R_PriorDraw_first_nu: 3.051235 
R-CCU: Before ClusterLabelChange for i = 37 newLabel= 1 currentLabel= 1 
R-CCU: sum(pointsPerCluster) = 1236 
 num [1:3] 1232 3 1
NULL
R-CCU: After ClusterLabelChange for i = 37 
R-CCU: sum(pointsPerCluster) = 1237 
 num [1:3] 1233 3 1
NULL
R-CCU: dpObj$numberClusters = 3 
List of 2
 $ : num [1, 1, 1:3] 0.3407 0.3949 0.0869
 $ : num [1, 1, 1:3] 8.28 5.35 2.72
NULL
R priorParameters: 2 8 
R maxT: 1 
R_PriorDraw_first_mu: 0.07180823 
R_PriorDraw_first_nu: 12.70039 
R-CCU: Before ClusterLabelChange for i = 38 newLabel= 1 currentLabel= 1 
R-CCU: sum(pointsPerCluster) = 1237 
 num [1:3] 1233 3 1
NULL
R-CCU: After ClusterLabelChange for i = 38 
R-CCU: sum(pointsPerCluster) = 1238 
 num [1:3] 1234 3 1
NULL
R-CCU: dpObj$numberClusters = 3 
List of 2
 $ : num [1, 1, 1:3] 0.3407 0.3949 0.0869
 $ : num [1, 1, 1:3] 8.28 5.35 2.72
NULL
R priorParameters: 2 8 
R maxT: 1 
R_PriorDraw_first_mu: 0.03485003 
R_PriorDraw_first_nu: 5.22795 
R-CCU: Before ClusterLabelChange for i = 39 newLabel= 1 currentLabel= 1 
R-CCU: sum(pointsPerCluster) = 1238 
 num [1:3] 1234 3 1
NULL
R-CCU: After ClusterLabelChange for i = 39 
R-CCU: sum(pointsPerCluster) = 1239 
 num [1:3] 1235 3 1
NULL
R-CCU: dpObj$numberClusters = 3 
List of 2
 $ : num [1, 1, 1:3] 0.3407 0.3949 0.0869
 $ : num [1, 1, 1:3] 8.28 5.35 2.72
NULL
R priorParameters: 2 8 
R maxT: 1 
R_PriorDraw_first_mu: 0.5484676 
R_PriorDraw_first_nu: 5.860564 
R-CCU: Before ClusterLabelChange for i = 40 newLabel= 1 currentLabel= 1 
R-CCU: sum(pointsPerCluster) = 1239 
 num [1:3] 1235 3 1
NULL
R-CCU: After ClusterLabelChange for i = 40 
R-CCU: sum(pointsPerCluster) = 1240 
 num [1:3] 1236 3 1
NULL
R-CCU: dpObj$numberClusters = 3 
List of 2
 $ : num [1, 1, 1:3] 0.3407 0.3949 0.0869
 $ : num [1, 1, 1:3] 8.28 5.35 2.72
NULL
R priorParameters: 2 8 
R maxT: 1 
R_PriorDraw_first_mu: 0.8422059 
R_PriorDraw_first_nu: 1.740269 
R-CCU: Before ClusterLabelChange for i = 41 newLabel= 1 currentLabel= 1 
R-CCU: sum(pointsPerCluster) = 1240 
 num [1:3] 1236 3 1
NULL
R-CCU: After ClusterLabelChange for i = 41 
R-CCU: sum(pointsPerCluster) = 1241 
 num [1:3] 1237 3 1
NULL
R-CCU: dpObj$numberClusters = 3 
List of 2
 $ : num [1, 1, 1:3] 0.3407 0.3949 0.0869
 $ : num [1, 1, 1:3] 8.28 5.35 2.72
NULL
R priorParameters: 2 8 
R maxT: 1 
R_PriorDraw_first_mu: 0.8568568 
R_PriorDraw_first_nu: 18.88099 
R-CCU: Before ClusterLabelChange for i = 42 newLabel= 1 currentLabel= 1 
R-CCU: sum(pointsPerCluster) = 1241 
 num [1:3] 1237 3 1
NULL
R-CCU: After ClusterLabelChange for i = 42 
R-CCU: sum(pointsPerCluster) = 1242 
 num [1:3] 1238 3 1
NULL
R-CCU: dpObj$numberClusters = 3 
List of 2
 $ : num [1, 1, 1:3] 0.3407 0.3949 0.0869
 $ : num [1, 1, 1:3] 8.28 5.35 2.72
NULL
R priorParameters: 2 8 
R maxT: 1 
R_PriorDraw_first_mu: 0.8450294 
R_PriorDraw_first_nu: 2.820897 
R-CCU: Before ClusterLabelChange for i = 43 newLabel= 1 currentLabel= 1 
R-CCU: sum(pointsPerCluster) = 1242 
 num [1:3] 1238 3 1
NULL
R-CCU: After ClusterLabelChange for i = 43 
R-CCU: sum(pointsPerCluster) = 1243 
 num [1:3] 1239 3 1
NULL
R-CCU: dpObj$numberClusters = 3 
List of 2
 $ : num [1, 1, 1:3] 0.3407 0.3949 0.0869
 $ : num [1, 1, 1:3] 8.28 5.35 2.72
NULL
R priorParameters: 2 8 
R maxT: 1 
R_PriorDraw_first_mu: 0.5115949 
R_PriorDraw_first_nu: 2.66027 
R-CCU: Before ClusterLabelChange for i = 44 newLabel= 1 currentLabel= 1 
R-CCU: sum(pointsPerCluster) = 1243 
 num [1:3] 1239 3 1
NULL
R-CCU: After ClusterLabelChange for i = 44 
R-CCU: sum(pointsPerCluster) = 1244 
 num [1:3] 1240 3 1
NULL
R-CCU: dpObj$numberClusters = 3 
List of 2
 $ : num [1, 1, 1:3] 0.3407 0.3949 0.0869
 $ : num [1, 1, 1:3] 8.28 5.35 2.72
NULL
R priorParameters: 2 8 
R maxT: 1 
R_PriorDraw_first_mu: 0.4056821 
R_PriorDraw_first_nu: 22.48422 
R-CCU: Before ClusterLabelChange for i = 45 newLabel= 1 currentLabel= 1 
R-CCU: sum(pointsPerCluster) = 1244 
 num [1:3] 1240 3 1
NULL
R-CCU: After ClusterLabelChange for i = 45 
R-CCU: sum(pointsPerCluster) = 1245 
 num [1:3] 1241 3 1
NULL
R-CCU: dpObj$numberClusters = 3 
List of 2
 $ : num [1, 1, 1:3] 0.3407 0.3949 0.0869
 $ : num [1, 1, 1:3] 8.28 5.35 2.72
NULL
R priorParameters: 2 8 
R maxT: 1 
R_PriorDraw_first_mu: 0.9234096 
R_PriorDraw_first_nu: 8.804452 
R-CCU: Before ClusterLabelChange for i = 46 newLabel= 1 currentLabel= 1 
R-CCU: sum(pointsPerCluster) = 1245 
 num [1:3] 1241 3 1
NULL
R-CCU: After ClusterLabelChange for i = 46 
R-CCU: sum(pointsPerCluster) = 1246 
 num [1:3] 1242 3 1
NULL
R-CCU: dpObj$numberClusters = 3 
List of 2
 $ : num [1, 1, 1:3] 0.3407 0.3949 0.0869
 $ : num [1, 1, 1:3] 8.28 5.35 2.72
NULL
R priorParameters: 2 8 
R maxT: 1 
R_PriorDraw_first_mu: 0.4369442 
R_PriorDraw_first_nu: 2.028952 
R-CCU: Before ClusterLabelChange for i = 47 newLabel= 1 currentLabel= 1 
R-CCU: sum(pointsPerCluster) = 1246 
 num [1:3] 1242 3 1
NULL
R-CCU: After ClusterLabelChange for i = 47 
R-CCU: sum(pointsPerCluster) = 1247 
 num [1:3] 1243 3 1
NULL
R-CCU: dpObj$numberClusters = 3 
List of 2
 $ : num [1, 1, 1:3] 0.3407 0.3949 0.0869
 $ : num [1, 1, 1:3] 8.28 5.35 2.72
NULL
R priorParameters: 2 8 
R maxT: 1 
R_PriorDraw_first_mu: 0.1030909 
R_PriorDraw_first_nu: 5.620669 
R-CCU: Before ClusterLabelChange for i = 48 newLabel= 1 currentLabel= 1 
R-CCU: sum(pointsPerCluster) = 1247 
 num [1:3] 1243 3 1
NULL
R-CCU: After ClusterLabelChange for i = 48 
R-CCU: sum(pointsPerCluster) = 1248 
 num [1:3] 1244 3 1
NULL
R-CCU: dpObj$numberClusters = 3 
List of 2
 $ : num [1, 1, 1:3] 0.3407 0.3949 0.0869
 $ : num [1, 1, 1:3] 8.28 5.35 2.72
NULL
R priorParameters: 2 8 
R maxT: 1 
R_PriorDraw_first_mu: 0.6596063 
R_PriorDraw_first_nu: 4.702305 
R-CCU: Before ClusterLabelChange for i = 49 newLabel= 1 currentLabel= 1 
R-CCU: sum(pointsPerCluster) = 1248 
 num [1:3] 1244 3 1
NULL
R-CCU: After ClusterLabelChange for i = 49 
R-CCU: sum(pointsPerCluster) = 1249 
 num [1:3] 1245 3 1
NULL
R-CCU: dpObj$numberClusters = 3 
List of 2
 $ : num [1, 1, 1:3] 0.3407 0.3949 0.0869
 $ : num [1, 1, 1:3] 8.28 5.35 2.72
NULL
R priorParameters: 2 8 
R maxT: 1 
R_PriorDraw_first_mu: 0.2696511 
R_PriorDraw_first_nu: 2.343278 
R-CCU: Before ClusterLabelChange for i = 50 newLabel= 1 currentLabel= 1 
R-CCU: sum(pointsPerCluster) = 1249 
 num [1:3] 1245 3 1
NULL
R-CCU: After ClusterLabelChange for i = 50 
R-CCU: sum(pointsPerCluster) = 1250 
 num [1:3] 1246 3 1
NULL
R-CCU: dpObj$numberClusters = 3 
List of 2
 $ : num [1, 1, 1:3] 0.3407 0.3949 0.0869
 $ : num [1, 1, 1:3] 8.28 5.35 2.72
NULL
R priorParameters: 2 8 
R maxT: 1 
R_PriorDraw_first_mu: 0.9597142 
R_PriorDraw_first_nu: 7.962354 
R-CCU: Before ClusterLabelChange for i = 51 newLabel= 1 currentLabel= 1 
R-CCU: sum(pointsPerCluster) = 1250 
 num [1:3] 1246 3 1
NULL
R-CCU: After ClusterLabelChange for i = 51 
R-CCU: sum(pointsPerCluster) = 1251 
 num [1:3] 1247 3 1
NULL
R-CCU: dpObj$numberClusters = 3 
List of 2
 $ : num [1, 1, 1:3] 0.3407 0.3949 0.0869
 $ : num [1, 1, 1:3] 8.28 5.35 2.72
NULL
R priorParameters: 2 8 
R maxT: 1 
R_PriorDraw_first_mu: 0.1172297 
R_PriorDraw_first_nu: 8.06926 
R-CCU: Before ClusterLabelChange for i = 52 newLabel= 1 currentLabel= 1 
R-CCU: sum(pointsPerCluster) = 1251 
 num [1:3] 1247 3 1
NULL
R-CCU: After ClusterLabelChange for i = 52 
R-CCU: sum(pointsPerCluster) = 1252 
 num [1:3] 1248 3 1
NULL
R-CCU: dpObj$numberClusters = 3 
List of 2
 $ : num [1, 1, 1:3] 0.3407 0.3949 0.0869
 $ : num [1, 1, 1:3] 8.28 5.35 2.72
NULL
R priorParameters: 2 8 
R maxT: 1 
R_PriorDraw_first_mu: 0.7127096 
R_PriorDraw_first_nu: 5.510419 
R-CCU: Before ClusterLabelChange for i = 53 newLabel= 1 currentLabel= 1 
R-CCU: sum(pointsPerCluster) = 1252 
 num [1:3] 1248 3 1
NULL
R-CCU: After ClusterLabelChange for i = 53 
R-CCU: sum(pointsPerCluster) = 1253 
 num [1:3] 1249 3 1
NULL
R-CCU: dpObj$numberClusters = 3 
List of 2
 $ : num [1, 1, 1:3] 0.3407 0.3949 0.0869
 $ : num [1, 1, 1:3] 8.28 5.35 2.72
NULL
R priorParameters: 2 8 
R maxT: 1 
R_PriorDraw_first_mu: 0.7291971 
R_PriorDraw_first_nu: 3.896702 
R-CCU: Before ClusterLabelChange for i = 54 newLabel= 1 currentLabel= 1 
R-CCU: sum(pointsPerCluster) = 1253 
 num [1:3] 1249 3 1
NULL
R-CCU: After ClusterLabelChange for i = 54 
R-CCU: sum(pointsPerCluster) = 1254 
 num [1:3] 1250 3 1
NULL
R-CCU: dpObj$numberClusters = 3 
List of 2
 $ : num [1, 1, 1:3] 0.3407 0.3949 0.0869
 $ : num [1, 1, 1:3] 8.28 5.35 2.72
NULL
R priorParameters: 2 8 
R maxT: 1 
R_PriorDraw_first_mu: 0.9728408 
R_PriorDraw_first_nu: 1.716907 
R-CCU: Before ClusterLabelChange for i = 55 newLabel= 1 currentLabel= 1 
R-CCU: sum(pointsPerCluster) = 1254 
 num [1:3] 1250 3 1
NULL
R-CCU: After ClusterLabelChange for i = 55 
R-CCU: sum(pointsPerCluster) = 1255 
 num [1:3] 1251 3 1
NULL
R-CCU: dpObj$numberClusters = 3 
List of 2
 $ : num [1, 1, 1:3] 0.3407 0.3949 0.0869
 $ : num [1, 1, 1:3] 8.28 5.35 2.72
NULL
R priorParameters: 2 8 
R maxT: 1 
R_PriorDraw_first_mu: 0.9610136 
R_PriorDraw_first_nu: 10.26025 
R-CCU: Before ClusterLabelChange for i = 56 newLabel= 1 currentLabel= 1 
R-CCU: sum(pointsPerCluster) = 1255 
 num [1:3] 1251 3 1
NULL
R-CCU: After ClusterLabelChange for i = 56 
R-CCU: sum(pointsPerCluster) = 1256 
 num [1:3] 1252 3 1
NULL
R-CCU: dpObj$numberClusters = 3 
List of 2
 $ : num [1, 1, 1:3] 0.3407 0.3949 0.0869
 $ : num [1, 1, 1:3] 8.28 5.35 2.72
NULL
R priorParameters: 2 8 
R maxT: 1 
R_PriorDraw_first_mu: 0.4613066 
R_PriorDraw_first_nu: 10.515 
R-CCU: Before ClusterLabelChange for i = 57 newLabel= 1 currentLabel= 1 
R-CCU: sum(pointsPerCluster) = 1256 
 num [1:3] 1252 3 1
NULL
R-CCU: After ClusterLabelChange for i = 57 
R-CCU: sum(pointsPerCluster) = 1257 
 num [1:3] 1253 3 1
NULL
R-CCU: dpObj$numberClusters = 3 
List of 2
 $ : num [1, 1, 1:3] 0.3407 0.3949 0.0869
 $ : num [1, 1, 1:3] 8.28 5.35 2.72
NULL
R priorParameters: 2 8 
R maxT: 1 
R_PriorDraw_first_mu: 0.5560485 
R_PriorDraw_first_nu: 1.28954 
R-CCU: Before ClusterLabelChange for i = 58 newLabel= 1 currentLabel= 1 
R-CCU: sum(pointsPerCluster) = 1257 
 num [1:3] 1253 3 1
NULL
R-CCU: After ClusterLabelChange for i = 58 
R-CCU: sum(pointsPerCluster) = 1258 
 num [1:3] 1254 3 1
NULL
R-CCU: dpObj$numberClusters = 3 
List of 2
 $ : num [1, 1, 1:3] 0.3407 0.3949 0.0869
 $ : num [1, 1, 1:3] 8.28 5.35 2.72
NULL
R priorParameters: 2 8 
R maxT: 1 
R_PriorDraw_first_mu: 0.1115217 
R_PriorDraw_first_nu: 3.363441 
R-CCU: Before ClusterLabelChange for i = 59 newLabel= 1 currentLabel= 1 
R-CCU: sum(pointsPerCluster) = 1258 
 num [1:3] 1254 3 1
NULL
R-CCU: After ClusterLabelChange for i = 59 
R-CCU: sum(pointsPerCluster) = 1259 
 num [1:3] 1255 3 1
NULL
R-CCU: dpObj$numberClusters = 3 
List of 2
 $ : num [1, 1, 1:3] 0.3407 0.3949 0.0869
 $ : num [1, 1, 1:3] 8.28 5.35 2.72
NULL
R priorParameters: 2 8 
R maxT: 1 
R_PriorDraw_first_mu: 0.05553611 
R_PriorDraw_first_nu: 4.444552 
R-CCU: Before ClusterLabelChange for i = 60 newLabel= 1 currentLabel= 1 
R-CCU: sum(pointsPerCluster) = 1259 
 num [1:3] 1255 3 1
NULL
R-CCU: After ClusterLabelChange for i = 60 
R-CCU: sum(pointsPerCluster) = 1260 
 num [1:3] 1256 3 1
NULL
R-CCU: dpObj$numberClusters = 3 
List of 2
 $ : num [1, 1, 1:3] 0.3407 0.3949 0.0869
 $ : num [1, 1, 1:3] 8.28 5.35 2.72
NULL
R priorParameters: 2 8 
R maxT: 1 
R_PriorDraw_first_mu: 0.225926 
R_PriorDraw_first_nu: 4.924217 
R-CCU: Before ClusterLabelChange for i = 61 newLabel= 1 currentLabel= 1 
R-CCU: sum(pointsPerCluster) = 1260 
 num [1:3] 1256 3 1
NULL
R-CCU: After ClusterLabelChange for i = 61 
R-CCU: sum(pointsPerCluster) = 1261 
 num [1:3] 1257 3 1
NULL
R-CCU: dpObj$numberClusters = 3 
List of 2
 $ : num [1, 1, 1:3] 0.3407 0.3949 0.0869
 $ : num [1, 1, 1:3] 8.28 5.35 2.72
NULL
R priorParameters: 2 8 
R maxT: 1 
R_PriorDraw_first_mu: 0.4624797 
R_PriorDraw_first_nu: 4.560747 
R-CCU: Before ClusterLabelChange for i = 62 newLabel= 1 currentLabel= 1 
R-CCU: sum(pointsPerCluster) = 1261 
 num [1:3] 1257 3 1
NULL
R-CCU: After ClusterLabelChange for i = 62 
R-CCU: sum(pointsPerCluster) = 1262 
 num [1:3] 1258 3 1
NULL
R-CCU: dpObj$numberClusters = 3 
List of 2
 $ : num [1, 1, 1:3] 0.3407 0.3949 0.0869
 $ : num [1, 1, 1:3] 8.28 5.35 2.72
NULL
R priorParameters: 2 8 
R maxT: 1 
R_PriorDraw_first_mu: 0.6987779 
R_PriorDraw_first_nu: 3.642853 
R-CCU: Before ClusterLabelChange for i = 63 newLabel= 1 currentLabel= 1 
R-CCU: sum(pointsPerCluster) = 1262 
 num [1:3] 1258 3 1
NULL
R-CCU: After ClusterLabelChange for i = 63 
R-CCU: sum(pointsPerCluster) = 1263 
 num [1:3] 1259 3 1
NULL
R-CCU: dpObj$numberClusters = 3 
List of 2
 $ : num [1, 1, 1:3] 0.3407 0.3949 0.0869
 $ : num [1, 1, 1:3] 8.28 5.35 2.72
NULL
R priorParameters: 2 8 
R maxT: 1 
R_PriorDraw_first_mu: 0.1107255 
R_PriorDraw_first_nu: 2.343046 
R-CCU: Before ClusterLabelChange for i = 64 newLabel= 1 currentLabel= 1 
R-CCU: sum(pointsPerCluster) = 1263 
 num [1:3] 1259 3 1
NULL
R-CCU: After ClusterLabelChange for i = 64 
R-CCU: sum(pointsPerCluster) = 1264 
 num [1:3] 1260 3 1
NULL
R-CCU: dpObj$numberClusters = 3 
List of 2
 $ : num [1, 1, 1:3] 0.3407 0.3949 0.0869
 $ : num [1, 1, 1:3] 8.28 5.35 2.72
NULL
R priorParameters: 2 8 
R maxT: 1 
R_PriorDraw_first_mu: 0.897163 
R_PriorDraw_first_nu: 51.32865 
R-CCU: Before ClusterLabelChange for i = 65 newLabel= 1 currentLabel= 1 
R-CCU: sum(pointsPerCluster) = 1264 
 num [1:3] 1260 3 1
NULL
R-CCU: After ClusterLabelChange for i = 65 
R-CCU: sum(pointsPerCluster) = 1265 
 num [1:3] 1261 3 1
NULL
R-CCU: dpObj$numberClusters = 3 
List of 2
 $ : num [1, 1, 1:3] 0.3407 0.3949 0.0869
 $ : num [1, 1, 1:3] 8.28 5.35 2.72
NULL
R priorParameters: 2 8 
R maxT: 1 
R_PriorDraw_first_mu: 0.7800803 
R_PriorDraw_first_nu: 8.132638 
R-CCU: Before ClusterLabelChange for i = 66 newLabel= 1 currentLabel= 1 
R-CCU: sum(pointsPerCluster) = 1265 
 num [1:3] 1261 3 1
NULL
R-CCU: After ClusterLabelChange for i = 66 
R-CCU: sum(pointsPerCluster) = 1266 
 num [1:3] 1262 3 1
NULL
R-CCU: dpObj$numberClusters = 3 
List of 2
 $ : num [1, 1, 1:3] 0.3407 0.3949 0.0869
 $ : num [1, 1, 1:3] 8.28 5.35 2.72
NULL
R priorParameters: 2 8 
R maxT: 1 
R_PriorDraw_first_mu: 0.1241368 
R_PriorDraw_first_nu: 1.172188 
R-CCU: Before ClusterLabelChange for i = 67 newLabel= 1 currentLabel= 1 
R-CCU: sum(pointsPerCluster) = 1266 
 num [1:3] 1262 3 1
NULL
R-CCU: After ClusterLabelChange for i = 67 
R-CCU: sum(pointsPerCluster) = 1267 
 num [1:3] 1263 3 1
NULL
R-CCU: dpObj$numberClusters = 3 
List of 2
 $ : num [1, 1, 1:3] 0.3407 0.3949 0.0869
 $ : num [1, 1, 1:3] 8.28 5.35 2.72
NULL
R priorParameters: 2 8 
R maxT: 1 
R_PriorDraw_first_mu: 0.2489153 
R_PriorDraw_first_nu: 8.376644 
R-CCU: Before ClusterLabelChange for i = 68 newLabel= 1 currentLabel= 1 
R-CCU: sum(pointsPerCluster) = 1267 
 num [1:3] 1263 3 1
NULL
R-CCU: After ClusterLabelChange for i = 68 
R-CCU: sum(pointsPerCluster) = 1268 
 num [1:3] 1264 3 1
NULL
R-CCU: dpObj$numberClusters = 3 
List of 2
 $ : num [1, 1, 1:3] 0.3407 0.3949 0.0869
 $ : num [1, 1, 1:3] 8.28 5.35 2.72
NULL
R priorParameters: 2 8 
R maxT: 1 
R_PriorDraw_first_mu: 0.6097162 
R_PriorDraw_first_nu: 3.531613 
R-CCU: Before ClusterLabelChange for i = 69 newLabel= 1 currentLabel= 1 
R-CCU: sum(pointsPerCluster) = 1268 
 num [1:3] 1264 3 1
NULL
R-CCU: After ClusterLabelChange for i = 69 
R-CCU: sum(pointsPerCluster) = 1269 
 num [1:3] 1265 3 1
NULL
R-CCU: dpObj$numberClusters = 3 
List of 2
 $ : num [1, 1, 1:3] 0.3407 0.3949 0.0869
 $ : num [1, 1, 1:3] 8.28 5.35 2.72
NULL
R priorParameters: 2 8 
R maxT: 1 
R_PriorDraw_first_mu: 0.1620334 
R_PriorDraw_first_nu: 6.164332 
R-CCU: Before ClusterLabelChange for i = 70 newLabel= 1 currentLabel= 1 
R-CCU: sum(pointsPerCluster) = 1269 
 num [1:3] 1265 3 1
NULL
R-CCU: After ClusterLabelChange for i = 70 
R-CCU: sum(pointsPerCluster) = 1270 
 num [1:3] 1266 3 1
NULL
R-CCU: dpObj$numberClusters = 3 
List of 2
 $ : num [1, 1, 1:3] 0.3407 0.3949 0.0869
 $ : num [1, 1, 1:3] 8.28 5.35 2.72
NULL
R priorParameters: 2 8 
R maxT: 1 
R_PriorDraw_first_mu: 0.8636134 
R_PriorDraw_first_nu: 10.65928 
R-CCU: Before ClusterLabelChange for i = 71 newLabel= 1 currentLabel= 1 
R-CCU: sum(pointsPerCluster) = 1270 
 num [1:3] 1266 3 1
NULL
R-CCU: After ClusterLabelChange for i = 71 
R-CCU: sum(pointsPerCluster) = 1271 
 num [1:3] 1267 3 1
NULL
R-CCU: dpObj$numberClusters = 3 
List of 2
 $ : num [1, 1, 1:3] 0.3407 0.3949 0.0869
 $ : num [1, 1, 1:3] 8.28 5.35 2.72
NULL
R priorParameters: 2 8 
R maxT: 1 
R_PriorDraw_first_mu: 0.9178392 
R_PriorDraw_first_nu: 16.93208 
R-CCU: Before ClusterLabelChange for i = 72 newLabel= 1 currentLabel= 1 
R-CCU: sum(pointsPerCluster) = 1271 
 num [1:3] 1267 3 1
NULL
R-CCU: After ClusterLabelChange for i = 72 
R-CCU: sum(pointsPerCluster) = 1272 
 num [1:3] 1268 3 1
NULL
R-CCU: dpObj$numberClusters = 3 
List of 2
 $ : num [1, 1, 1:3] 0.3407 0.3949 0.0869
 $ : num [1, 1, 1:3] 8.28 5.35 2.72
NULL
R priorParameters: 2 8 
R maxT: 1 
R_PriorDraw_first_mu: 0.01352522 
R_PriorDraw_first_nu: 2.958455 
R-CCU: Before ClusterLabelChange for i = 73 newLabel= 1 currentLabel= 1 
R-CCU: sum(pointsPerCluster) = 1272 
 num [1:3] 1268 3 1
NULL
R-CCU: After ClusterLabelChange for i = 73 
R-CCU: sum(pointsPerCluster) = 1273 
 num [1:3] 1269 3 1
NULL
R-CCU: dpObj$numberClusters = 3 
List of 2
 $ : num [1, 1, 1:3] 0.3407 0.3949 0.0869
 $ : num [1, 1, 1:3] 8.28 5.35 2.72
NULL
R priorParameters: 2 8 
R maxT: 1 
R_PriorDraw_first_mu: 0.8243006 
R_PriorDraw_first_nu: 1.763298 
R-CCU: Before ClusterLabelChange for i = 74 newLabel= 2 currentLabel= 1 
R-CCU: sum(pointsPerCluster) = 1273 
 num [1:3] 1269 3 1
NULL
R-CCU: After ClusterLabelChange for i = 74 
R-CCU: sum(pointsPerCluster) = 1274 
 num [1:3] 1269 4 1
NULL
R-CCU: dpObj$numberClusters = 3 
List of 2
 $ : num [1, 1, 1:3] 0.3407 0.3949 0.0869
 $ : num [1, 1, 1:3] 8.28 5.35 2.72
NULL
R priorParameters: 2 8 
R maxT: 1 
R_PriorDraw_first_mu: 0.3469645 
R_PriorDraw_first_nu: 3.105906 
R-CCU: Before ClusterLabelChange for i = 75 newLabel= 1 currentLabel= 1 
R-CCU: sum(pointsPerCluster) = 1274 
 num [1:3] 1269 4 1
NULL
R-CCU: After ClusterLabelChange for i = 75 
R-CCU: sum(pointsPerCluster) = 1275 
 num [1:3] 1270 4 1
NULL
R-CCU: dpObj$numberClusters = 3 
List of 2
 $ : num [1, 1, 1:3] 0.3407 0.3949 0.0869
 $ : num [1, 1, 1:3] 8.28 5.35 2.72
NULL
R priorParameters: 2 8 
R maxT: 1 
R_PriorDraw_first_mu: 0.4372394 
R_PriorDraw_first_nu: 10.44317 
R-CCU: Before ClusterLabelChange for i = 76 newLabel= 1 currentLabel= 1 
R-CCU: sum(pointsPerCluster) = 1275 
 num [1:3] 1270 4 1
NULL
R-CCU: After ClusterLabelChange for i = 76 
R-CCU: sum(pointsPerCluster) = 1276 
 num [1:3] 1271 4 1
NULL
R-CCU: dpObj$numberClusters = 3 
List of 2
 $ : num [1, 1, 1:3] 0.3407 0.3949 0.0869
 $ : num [1, 1, 1:3] 8.28 5.35 2.72
NULL
R priorParameters: 2 8 
R maxT: 1 
R_PriorDraw_first_mu: 0.4151128 
R_PriorDraw_first_nu: 11.98876 
R-CCU: Before ClusterLabelChange for i = 77 newLabel= 1 currentLabel= 1 
R-CCU: sum(pointsPerCluster) = 1276 
 num [1:3] 1271 4 1
NULL
R-CCU: After ClusterLabelChange for i = 77 
R-CCU: sum(pointsPerCluster) = 1277 
 num [1:3] 1272 4 1
NULL
R-CCU: dpObj$numberClusters = 3 
List of 2
 $ : num [1, 1, 1:3] 0.3407 0.3949 0.0869
 $ : num [1, 1, 1:3] 8.28 5.35 2.72
NULL
R priorParameters: 2 8 
R maxT: 1 
R_PriorDraw_first_mu: 0.3790666 
R_PriorDraw_first_nu: 31.75348 
R-CCU: Before ClusterLabelChange for i = 78 newLabel= 1 currentLabel= 1 
R-CCU: sum(pointsPerCluster) = 1277 
 num [1:3] 1272 4 1
NULL
R-CCU: After ClusterLabelChange for i = 78 
R-CCU: sum(pointsPerCluster) = 1278 
 num [1:3] 1273 4 1
NULL
R-CCU: dpObj$numberClusters = 3 
List of 2
 $ : num [1, 1, 1:3] 0.3407 0.3949 0.0869
 $ : num [1, 1, 1:3] 8.28 5.35 2.72
NULL
R priorParameters: 2 8 
R maxT: 1 
R_PriorDraw_first_mu: 0.4749256 
R_PriorDraw_first_nu: 5.932821 
R-CCU: Before ClusterLabelChange for i = 79 newLabel= 1 currentLabel= 1 
R-CCU: sum(pointsPerCluster) = 1278 
 num [1:3] 1273 4 1
NULL
R-CCU: After ClusterLabelChange for i = 79 
R-CCU: sum(pointsPerCluster) = 1279 
 num [1:3] 1274 4 1
NULL
R-CCU: dpObj$numberClusters = 3 
List of 2
 $ : num [1, 1, 1:3] 0.3407 0.3949 0.0869
 $ : num [1, 1, 1:3] 8.28 5.35 2.72
NULL
R priorParameters: 2 8 
R maxT: 1 
R_PriorDraw_first_mu: 0.6624427 
R_PriorDraw_first_nu: 3.653087 
R-CCU: Before ClusterLabelChange for i = 80 newLabel= 1 currentLabel= 1 
R-CCU: sum(pointsPerCluster) = 1279 
 num [1:3] 1274 4 1
NULL
R-CCU: After ClusterLabelChange for i = 80 
R-CCU: sum(pointsPerCluster) = 1280 
 num [1:3] 1275 4 1
NULL
R-CCU: dpObj$numberClusters = 3 
List of 2
 $ : num [1, 1, 1:3] 0.3407 0.3949 0.0869
 $ : num [1, 1, 1:3] 8.28 5.35 2.72
NULL
R priorParameters: 2 8 
R maxT: 1 
R_PriorDraw_first_mu: 0.1385698 
R_PriorDraw_first_nu: 2.10809 
R-CCU: Before ClusterLabelChange for i = 81 newLabel= 1 currentLabel= 1 
R-CCU: sum(pointsPerCluster) = 1280 
 num [1:3] 1275 4 1
NULL
R-CCU: After ClusterLabelChange for i = 81 
R-CCU: sum(pointsPerCluster) = 1281 
 num [1:3] 1276 4 1
NULL
R-CCU: dpObj$numberClusters = 3 
List of 2
 $ : num [1, 1, 1:3] 0.3407 0.3949 0.0869
 $ : num [1, 1, 1:3] 8.28 5.35 2.72
NULL
R priorParameters: 2 8 
R maxT: 1 
R_PriorDraw_first_mu: 0.1294586 
R_PriorDraw_first_nu: 5.567403 
R-CCU: Before ClusterLabelChange for i = 82 newLabel= 1 currentLabel= 1 
R-CCU: sum(pointsPerCluster) = 1281 
 num [1:3] 1276 4 1
NULL
R-CCU: After ClusterLabelChange for i = 82 
R-CCU: sum(pointsPerCluster) = 1282 
 num [1:3] 1277 4 1
NULL
R-CCU: dpObj$numberClusters = 3 
List of 2
 $ : num [1, 1, 1:3] 0.3407 0.3949 0.0869
 $ : num [1, 1, 1:3] 8.28 5.35 2.72
NULL
R priorParameters: 2 8 
R maxT: 1 
R_PriorDraw_first_mu: 0.5053876 
R_PriorDraw_first_nu: 7.871835 
R-CCU: Before ClusterLabelChange for i = 83 newLabel= 1 currentLabel= 1 
R-CCU: sum(pointsPerCluster) = 1282 
 num [1:3] 1277 4 1
NULL
R-CCU: After ClusterLabelChange for i = 83 
R-CCU: sum(pointsPerCluster) = 1283 
 num [1:3] 1278 4 1
NULL
R-CCU: dpObj$numberClusters = 3 
List of 2
 $ : num [1, 1, 1:3] 0.3407 0.3949 0.0869
 $ : num [1, 1, 1:3] 8.28 5.35 2.72
NULL
R priorParameters: 2 8 
R maxT: 1 
R_PriorDraw_first_mu: 0.1640954 
R_PriorDraw_first_nu: 6.644109 
R-CCU: Before ClusterLabelChange for i = 84 newLabel= 1 currentLabel= 1 
R-CCU: sum(pointsPerCluster) = 1283 
 num [1:3] 1278 4 1
NULL
R-CCU: After ClusterLabelChange for i = 84 
R-CCU: sum(pointsPerCluster) = 1284 
 num [1:3] 1279 4 1
NULL
R-CCU: dpObj$numberClusters = 3 
List of 2
 $ : num [1, 1, 1:3] 0.3407 0.3949 0.0869
 $ : num [1, 1, 1:3] 8.28 5.35 2.72
NULL
R priorParameters: 2 8 
R maxT: 1 
R_PriorDraw_first_mu: 0.5906906 
R_PriorDraw_first_nu: 2.01825 
R-CCU: Before ClusterLabelChange for i = 85 newLabel= 1 currentLabel= 1 
R-CCU: sum(pointsPerCluster) = 1284 
 num [1:3] 1279 4 1
NULL
R-CCU: After ClusterLabelChange for i = 85 
R-CCU: sum(pointsPerCluster) = 1285 
 num [1:3] 1280 4 1
NULL
R-CCU: dpObj$numberClusters = 3 
List of 2
 $ : num [1, 1, 1:3] 0.3407 0.3949 0.0869
 $ : num [1, 1, 1:3] 8.28 5.35 2.72
NULL
R priorParameters: 2 8 
R maxT: 1 
R_PriorDraw_first_mu: 0.9648015 
R_PriorDraw_first_nu: 4.571215 
R-CCU: Before ClusterLabelChange for i = 86 newLabel= 1 currentLabel= 1 
R-CCU: sum(pointsPerCluster) = 1285 
 num [1:3] 1280 4 1
NULL
R-CCU: After ClusterLabelChange for i = 86 
R-CCU: sum(pointsPerCluster) = 1286 
 num [1:3] 1281 4 1
NULL
R-CCU: dpObj$numberClusters = 3 
List of 2
 $ : num [1, 1, 1:3] 0.3407 0.3949 0.0869
 $ : num [1, 1, 1:3] 8.28 5.35 2.72
NULL
R priorParameters: 2 8 
R maxT: 1 
R_PriorDraw_first_mu: 0.6833239 
R_PriorDraw_first_nu: 6.668127 
R-CCU: Before ClusterLabelChange for i = 87 newLabel= 1 currentLabel= 1 
R-CCU: sum(pointsPerCluster) = 1286 
 num [1:3] 1281 4 1
NULL
R-CCU: After ClusterLabelChange for i = 87 
R-CCU: sum(pointsPerCluster) = 1287 
 num [1:3] 1282 4 1
NULL
R-CCU: dpObj$numberClusters = 3 
List of 2
 $ : num [1, 1, 1:3] 0.3407 0.3949 0.0869
 $ : num [1, 1, 1:3] 8.28 5.35 2.72
NULL
R priorParameters: 2 8 
R maxT: 1 
R_PriorDraw_first_mu: 0.9583429 
R_PriorDraw_first_nu: 2.107776 
R-CCU: Before ClusterLabelChange for i = 88 newLabel= 1 currentLabel= 1 
R-CCU: sum(pointsPerCluster) = 1287 
 num [1:3] 1282 4 1
NULL
R-CCU: After ClusterLabelChange for i = 88 
R-CCU: sum(pointsPerCluster) = 1288 
 num [1:3] 1283 4 1
NULL
R-CCU: dpObj$numberClusters = 3 
List of 2
 $ : num [1, 1, 1:3] 0.3407 0.3949 0.0869
 $ : num [1, 1, 1:3] 8.28 5.35 2.72
NULL
R priorParameters: 2 8 
R maxT: 1 
R_PriorDraw_first_mu: 0.8303429 
R_PriorDraw_first_nu: 1.570715 
R-CCU: Before ClusterLabelChange for i = 89 newLabel= 1 currentLabel= 1 
R-CCU: sum(pointsPerCluster) = 1288 
 num [1:3] 1283 4 1
NULL
R-CCU: After ClusterLabelChange for i = 89 
R-CCU: sum(pointsPerCluster) = 1289 
 num [1:3] 1284 4 1
NULL
R-CCU: dpObj$numberClusters = 3 
List of 2
 $ : num [1, 1, 1:3] 0.3407 0.3949 0.0869
 $ : num [1, 1, 1:3] 8.28 5.35 2.72
NULL
R priorParameters: 2 8 
R maxT: 1 
R_PriorDraw_first_mu: 0.8629465 
R_PriorDraw_first_nu: 2.46007 
R-CCU: Before ClusterLabelChange for i = 90 newLabel= 1 currentLabel= 1 
R-CCU: sum(pointsPerCluster) = 1289 
 num [1:3] 1284 4 1
NULL
R-CCU: After ClusterLabelChange for i = 90 
R-CCU: sum(pointsPerCluster) = 1290 
 num [1:3] 1285 4 1
NULL
R-CCU: dpObj$numberClusters = 3 
List of 2
 $ : num [1, 1, 1:3] 0.3407 0.3949 0.0869
 $ : num [1, 1, 1:3] 8.28 5.35 2.72
NULL
R priorParameters: 2 8 
R maxT: 1 
R_PriorDraw_first_mu: 0.5232967 
R_PriorDraw_first_nu: 52.68678 
R-CCU: Before ClusterLabelChange for i = 91 newLabel= 1 currentLabel= 1 
R-CCU: sum(pointsPerCluster) = 1290 
 num [1:3] 1285 4 1
NULL
R-CCU: After ClusterLabelChange for i = 91 
R-CCU: sum(pointsPerCluster) = 1291 
 num [1:3] 1286 4 1
NULL
R-CCU: dpObj$numberClusters = 3 
List of 2
 $ : num [1, 1, 1:3] 0.3407 0.3949 0.0869
 $ : num [1, 1, 1:3] 8.28 5.35 2.72
NULL
R priorParameters: 2 8 
R maxT: 1 
R_PriorDraw_first_mu: 0.1555144 
R_PriorDraw_first_nu: 1.578429 
R-CCU: Before ClusterLabelChange for i = 92 newLabel= 1 currentLabel= 1 
R-CCU: sum(pointsPerCluster) = 1291 
 num [1:3] 1286 4 1
NULL
R-CCU: After ClusterLabelChange for i = 92 
R-CCU: sum(pointsPerCluster) = 1292 
 num [1:3] 1287 4 1
NULL
R-CCU: dpObj$numberClusters = 3 
List of 2
 $ : num [1, 1, 1:3] 0.3407 0.3949 0.0869
 $ : num [1, 1, 1:3] 8.28 5.35 2.72
NULL
R priorParameters: 2 8 
R maxT: 1 
R_PriorDraw_first_mu: 0.6761392 
R_PriorDraw_first_nu: 2.749289 
R-CCU: Before ClusterLabelChange for i = 93 newLabel= 1 currentLabel= 1 
R-CCU: sum(pointsPerCluster) = 1292 
 num [1:3] 1287 4 1
NULL
R-CCU: After ClusterLabelChange for i = 93 
R-CCU: sum(pointsPerCluster) = 1293 
 num [1:3] 1288 4 1
NULL
R-CCU: dpObj$numberClusters = 3 
List of 2
 $ : num [1, 1, 1:3] 0.3407 0.3949 0.0869
 $ : num [1, 1, 1:3] 8.28 5.35 2.72
NULL
R priorParameters: 2 8 
R maxT: 1 
R_PriorDraw_first_mu: 0.4424237 
R_PriorDraw_first_nu: 11.19508 
R-CCU: Before ClusterLabelChange for i = 94 newLabel= 1 currentLabel= 1 
R-CCU: sum(pointsPerCluster) = 1293 
 num [1:3] 1288 4 1
NULL
R-CCU: After ClusterLabelChange for i = 94 
R-CCU: sum(pointsPerCluster) = 1294 
 num [1:3] 1289 4 1
NULL
R-CCU: dpObj$numberClusters = 3 
List of 2
 $ : num [1, 1, 1:3] 0.3407 0.3949 0.0869
 $ : num [1, 1, 1:3] 8.28 5.35 2.72
NULL
R priorParameters: 2 8 
R maxT: 1 
R_PriorDraw_first_mu: 0.4375569 
R_PriorDraw_first_nu: 11.64115 
R-CCU: Before ClusterLabelChange for i = 95 newLabel= 1 currentLabel= 1 
R-CCU: sum(pointsPerCluster) = 1294 
 num [1:3] 1289 4 1
NULL
R-CCU: After ClusterLabelChange for i = 95 
R-CCU: sum(pointsPerCluster) = 1295 
 num [1:3] 1290 4 1
NULL
R-CCU: dpObj$numberClusters = 3 
List of 2
 $ : num [1, 1, 1:3] 0.3407 0.3949 0.0869
 $ : num [1, 1, 1:3] 8.28 5.35 2.72
NULL
R priorParameters: 2 8 
R maxT: 1 
R_PriorDraw_first_mu: 0.1082101 
R_PriorDraw_first_nu: 1.854132 
R-CCU: Before ClusterLabelChange for i = 96 newLabel= 1 currentLabel= 1 
R-CCU: sum(pointsPerCluster) = 1295 
 num [1:3] 1290 4 1
NULL
R-CCU: After ClusterLabelChange for i = 96 
R-CCU: sum(pointsPerCluster) = 1296 
 num [1:3] 1291 4 1
NULL
R-CCU: dpObj$numberClusters = 3 
List of 2
 $ : num [1, 1, 1:3] 0.3407 0.3949 0.0869
 $ : num [1, 1, 1:3] 8.28 5.35 2.72
NULL
R priorParameters: 2 8 
R maxT: 1 
R_PriorDraw_first_mu: 0.4100257 
R_PriorDraw_first_nu: 20.51578 
R-CCU: Before ClusterLabelChange for i = 97 newLabel= 1 currentLabel= 1 
R-CCU: sum(pointsPerCluster) = 1296 
 num [1:3] 1291 4 1
NULL
R-CCU: After ClusterLabelChange for i = 97 
R-CCU: sum(pointsPerCluster) = 1297 
 num [1:3] 1292 4 1
NULL
R-CCU: dpObj$numberClusters = 3 
List of 2
 $ : num [1, 1, 1:3] 0.3407 0.3949 0.0869
 $ : num [1, 1, 1:3] 8.28 5.35 2.72
NULL
R priorParameters: 2 8 
R maxT: 1 
R_PriorDraw_first_mu: 0.1829295 
R_PriorDraw_first_nu: 2.447619 
R-CCU: Before ClusterLabelChange for i = 98 newLabel= 1 currentLabel= 1 
R-CCU: sum(pointsPerCluster) = 1297 
 num [1:3] 1292 4 1
NULL
R-CCU: After ClusterLabelChange for i = 98 
R-CCU: sum(pointsPerCluster) = 1298 
 num [1:3] 1293 4 1
NULL
R-CCU: dpObj$numberClusters = 3 
List of 2
 $ : num [1, 1, 1:3] 0.3407 0.3949 0.0869
 $ : num [1, 1, 1:3] 8.28 5.35 2.72
NULL
R priorParameters: 2 8 
R maxT: 1 
R_PriorDraw_first_mu: 0.2403645 
R_PriorDraw_first_nu: 2.024338 
R-CCU: Before ClusterLabelChange for i = 99 newLabel= 1 currentLabel= 1 
R-CCU: sum(pointsPerCluster) = 1298 
 num [1:3] 1293 4 1
NULL
R-CCU: After ClusterLabelChange for i = 99 
R-CCU: sum(pointsPerCluster) = 1299 
 num [1:3] 1294 4 1
NULL
R-CCU: dpObj$numberClusters = 3 
List of 2
 $ : num [1, 1, 1:3] 0.3407 0.3949 0.0869
 $ : num [1, 1, 1:3] 8.28 5.35 2.72
NULL
R priorParameters: 2 8 
R maxT: 1 
R_PriorDraw_first_mu: 0.9991524 
R_PriorDraw_first_nu: 5.016676 
R-CCU: Before ClusterLabelChange for i = 100 newLabel= 1 currentLabel= 1 
R-CCU: sum(pointsPerCluster) = 1299 
 num [1:3] 1294 4 1
NULL
R-CCU: After ClusterLabelChange for i = 100 
R-CCU: sum(pointsPerCluster) = 1300 
 num [1:3] 1295 4 1
NULL
R-CCU: dpObj$numberClusters = 3 
List of 2
 $ : num [1, 1, 1:3] 0.3407 0.3949 0.0869
 $ : num [1, 1, 1:3] 8.28 5.35 2.72
NULL

⠏ | 1 124      5 | Beta Distribution Full Integration Test         
⠋ | 1 125      5 | Beta Distribution Full Integration Test         R priorParameters: 2 8 
R maxT: 1 
R_PriorDraw_first_mu: 0.2867 
R_PriorDraw_first_nu: 12.46941 
R-CCU: Before ClusterLabelChange for i = 1 newLabel= 1 currentLabel= 1 
R-CCU: sum(pointsPerCluster) = 1300 
 num [1:3] 1295 4 1
NULL
R-CCU: After ClusterLabelChange for i = 1 
R-CCU: sum(pointsPerCluster) = 1301 
 num [1:3] 1296 4 1
NULL
R-CCU: dpObj$numberClusters = 3 
List of 2
 $ : num [1, 1, 1:3] 0.3334 0.8114 0.0869
 $ : num [1, 1, 1:3] 9.76 4.55 2.72
NULL
R priorParameters: 2 8 
R maxT: 1 
R_PriorDraw_first_mu: 0.4374627 
R_PriorDraw_first_nu: 3.569822 
R-CCU: Before ClusterLabelChange for i = 2 newLabel= 1 currentLabel= 1 
R-CCU: sum(pointsPerCluster) = 1301 
 num [1:3] 1296 4 1
NULL
R-CCU: After ClusterLabelChange for i = 2 
R-CCU: sum(pointsPerCluster) = 1302 
 num [1:3] 1297 4 1
NULL
R-CCU: dpObj$numberClusters = 3 
List of 2
 $ : num [1, 1, 1:3] 0.3334 0.8114 0.0869
 $ : num [1, 1, 1:3] 9.76 4.55 2.72
NULL
R priorParameters: 2 8 
R maxT: 1 
R_PriorDraw_first_mu: 0.08102942 
R_PriorDraw_first_nu: 5.764178 
R-CCU: Before ClusterLabelChange for i = 3 newLabel= 1 currentLabel= 1 
R-CCU: sum(pointsPerCluster) = 1302 
 num [1:3] 1297 4 1
NULL
R-CCU: After ClusterLabelChange for i = 3 
R-CCU: sum(pointsPerCluster) = 1303 
 num [1:3] 1298 4 1
NULL
R-CCU: dpObj$numberClusters = 3 
List of 2
 $ : num [1, 1, 1:3] 0.3334 0.8114 0.0869
 $ : num [1, 1, 1:3] 9.76 4.55 2.72
NULL
R priorParameters: 2 8 
R maxT: 1 
R_PriorDraw_first_mu: 0.7901313 
R_PriorDraw_first_nu: 2.121894 
R-CCU: Before ClusterLabelChange for i = 4 newLabel= 1 currentLabel= 1 
R-CCU: sum(pointsPerCluster) = 1303 
 num [1:3] 1298 4 1
NULL
R-CCU: After ClusterLabelChange for i = 4 
R-CCU: sum(pointsPerCluster) = 1304 
 num [1:3] 1299 4 1
NULL
R-CCU: dpObj$numberClusters = 3 
List of 2
 $ : num [1, 1, 1:3] 0.3334 0.8114 0.0869
 $ : num [1, 1, 1:3] 9.76 4.55 2.72
NULL
R priorParameters: 2 8 
R maxT: 1 
R_PriorDraw_first_mu: 0.2761389 
R_PriorDraw_first_nu: 2.309475 
R-CCU: Before ClusterLabelChange for i = 5 newLabel= 1 currentLabel= 1 
R-CCU: sum(pointsPerCluster) = 1304 
 num [1:3] 1299 4 1
NULL
R-CCU: After ClusterLabelChange for i = 5 
R-CCU: sum(pointsPerCluster) = 1305 
 num [1:3] 1300 4 1
NULL
R-CCU: dpObj$numberClusters = 3 
List of 2
 $ : num [1, 1, 1:3] 0.3334 0.8114 0.0869
 $ : num [1, 1, 1:3] 9.76 4.55 2.72
NULL
R priorParameters: 2 8 
R maxT: 1 
R_PriorDraw_first_mu: 0.6864231 
R_PriorDraw_first_nu: 7.232712 
R-CCU: Before ClusterLabelChange for i = 6 newLabel= 1 currentLabel= 1 
R-CCU: sum(pointsPerCluster) = 1305 
 num [1:3] 1300 4 1
NULL
R-CCU: After ClusterLabelChange for i = 6 
R-CCU: sum(pointsPerCluster) = 1306 
 num [1:3] 1301 4 1
NULL
R-CCU: dpObj$numberClusters = 3 
List of 2
 $ : num [1, 1, 1:3] 0.3334 0.8114 0.0869
 $ : num [1, 1, 1:3] 9.76 4.55 2.72
NULL
R priorParameters: 2 8 
R maxT: 1 
R_PriorDraw_first_mu: 0.1512049 
R_PriorDraw_first_nu: 1.996068 
R-CCU: Before ClusterLabelChange for i = 7 newLabel= 1 currentLabel= 1 
R-CCU: sum(pointsPerCluster) = 1306 
 num [1:3] 1301 4 1
NULL
R-CCU: After ClusterLabelChange for i = 7 
R-CCU: sum(pointsPerCluster) = 1307 
 num [1:3] 1302 4 1
NULL
R-CCU: dpObj$numberClusters = 3 
List of 2
 $ : num [1, 1, 1:3] 0.3334 0.8114 0.0869
 $ : num [1, 1, 1:3] 9.76 4.55 2.72
NULL
R priorParameters: 2 8 
R maxT: 1 
R_PriorDraw_first_mu: 0.9562862 
R_PriorDraw_first_nu: 4.945912 
R-CCU: Before ClusterLabelChange for i = 8 newLabel= 1 currentLabel= 1 
R-CCU: sum(pointsPerCluster) = 1307 
 num [1:3] 1302 4 1
NULL
R-CCU: After ClusterLabelChange for i = 8 
R-CCU: sum(pointsPerCluster) = 1308 
 num [1:3] 1303 4 1
NULL
R-CCU: dpObj$numberClusters = 3 
List of 2
 $ : num [1, 1, 1:3] 0.3334 0.8114 0.0869
 $ : num [1, 1, 1:3] 9.76 4.55 2.72
NULL
R priorParameters: 2 8 
R maxT: 1 
R_PriorDraw_first_mu: 0.2196052 
R_PriorDraw_first_nu: 3.773297 
R-CCU: Before ClusterLabelChange for i = 9 newLabel= 1 currentLabel= 1 
R-CCU: sum(pointsPerCluster) = 1308 
 num [1:3] 1303 4 1
NULL
R-CCU: After ClusterLabelChange for i = 9 
R-CCU: sum(pointsPerCluster) = 1309 
 num [1:3] 1304 4 1
NULL
R-CCU: dpObj$numberClusters = 3 
List of 2
 $ : num [1, 1, 1:3] 0.3334 0.8114 0.0869
 $ : num [1, 1, 1:3] 9.76 4.55 2.72
NULL
R priorParameters: 2 8 
R maxT: 1 
R_PriorDraw_first_mu: 0.807178 
R_PriorDraw_first_nu: 4.647942 
R-CCU: Before ClusterLabelChange for i = 10 newLabel= 1 currentLabel= 1 
R-CCU: sum(pointsPerCluster) = 1309 
 num [1:3] 1304 4 1
NULL
R-CCU: After ClusterLabelChange for i = 10 
R-CCU: sum(pointsPerCluster) = 1310 
 num [1:3] 1305 4 1
NULL
R-CCU: dpObj$numberClusters = 3 
List of 2
 $ : num [1, 1, 1:3] 0.3334 0.8114 0.0869
 $ : num [1, 1, 1:3] 9.76 4.55 2.72
NULL
R priorParameters: 2 8 
R maxT: 1 
R_PriorDraw_first_mu: 0.4236927 
R_PriorDraw_first_nu: 2.441816 
R-CCU: Before ClusterLabelChange for i = 11 newLabel= 1 currentLabel= 1 
R-CCU: sum(pointsPerCluster) = 1310 
 num [1:3] 1305 4 1
NULL
R-CCU: After ClusterLabelChange for i = 11 
R-CCU: sum(pointsPerCluster) = 1311 
 num [1:3] 1306 4 1
NULL
R-CCU: dpObj$numberClusters = 3 
List of 2
 $ : num [1, 1, 1:3] 0.3334 0.8114 0.0869
 $ : num [1, 1, 1:3] 9.76 4.55 2.72
NULL
R priorParameters: 2 8 
R maxT: 1 
R_PriorDraw_first_mu: 0.07863055 
R_PriorDraw_first_nu: 7.987642 
R-CCU: Before ClusterLabelChange for i = 12 newLabel= 1 currentLabel= 1 
R-CCU: sum(pointsPerCluster) = 1311 
 num [1:3] 1306 4 1
NULL
R-CCU: After ClusterLabelChange for i = 12 
R-CCU: sum(pointsPerCluster) = 1312 
 num [1:3] 1307 4 1
NULL
R-CCU: dpObj$numberClusters = 3 
List of 2
 $ : num [1, 1, 1:3] 0.3334 0.8114 0.0869
 $ : num [1, 1, 1:3] 9.76 4.55 2.72
NULL
R priorParameters: 2 8 
R maxT: 1 
R_PriorDraw_first_mu: 0.03812179 
R_PriorDraw_first_nu: 4.877379 
R-CCU: Before ClusterLabelChange for i = 13 newLabel= 1 currentLabel= 1 
R-CCU: sum(pointsPerCluster) = 1312 
 num [1:3] 1307 4 1
NULL
R-CCU: After ClusterLabelChange for i = 13 
R-CCU: sum(pointsPerCluster) = 1313 
 num [1:3] 1308 4 1
NULL
R-CCU: dpObj$numberClusters = 3 
List of 2
 $ : num [1, 1, 1:3] 0.3334 0.8114 0.0869
 $ : num [1, 1, 1:3] 9.76 4.55 2.72
NULL
R priorParameters: 2 8 
R maxT: 1 
R_PriorDraw_first_mu: 0.4028507 
R_PriorDraw_first_nu: 4.93933 
R-CCU: Before ClusterLabelChange for i = 14 newLabel= 1 currentLabel= 1 
R-CCU: sum(pointsPerCluster) = 1313 
 num [1:3] 1308 4 1
NULL
R-CCU: After ClusterLabelChange for i = 14 
R-CCU: sum(pointsPerCluster) = 1314 
 num [1:3] 1309 4 1
NULL
R-CCU: dpObj$numberClusters = 3 
List of 2
 $ : num [1, 1, 1:3] 0.3334 0.8114 0.0869
 $ : num [1, 1, 1:3] 9.76 4.55 2.72
NULL
R priorParameters: 2 8 
R maxT: 1 
R_PriorDraw_first_mu: 0.5282976 
R_PriorDraw_first_nu: 4.162256 
R-CCU: Before ClusterLabelChange for i = 15 newLabel= 1 currentLabel= 1 
R-CCU: sum(pointsPerCluster) = 1314 
 num [1:3] 1309 4 1
NULL
R-CCU: After ClusterLabelChange for i = 15 
R-CCU: sum(pointsPerCluster) = 1315 
 num [1:3] 1310 4 1
NULL
R-CCU: dpObj$numberClusters = 3 
List of 2
 $ : num [1, 1, 1:3] 0.3334 0.8114 0.0869
 $ : num [1, 1, 1:3] 9.76 4.55 2.72
NULL
R priorParameters: 2 8 
R maxT: 1 
R_PriorDraw_first_mu: 0.2241235 
R_PriorDraw_first_nu: 4.822274 
R-CCU: Before ClusterLabelChange for i = 16 newLabel= 1 currentLabel= 1 
R-CCU: sum(pointsPerCluster) = 1315 
 num [1:3] 1310 4 1
NULL
R-CCU: After ClusterLabelChange for i = 16 
R-CCU: sum(pointsPerCluster) = 1316 
 num [1:3] 1311 4 1
NULL
R-CCU: dpObj$numberClusters = 3 
List of 2
 $ : num [1, 1, 1:3] 0.3334 0.8114 0.0869
 $ : num [1, 1, 1:3] 9.76 4.55 2.72
NULL
R priorParameters: 2 8 
R maxT: 1 
R_PriorDraw_first_mu: 0.07435319 
R_PriorDraw_first_nu: 4.593439 
R-CCU: Before ClusterLabelChange for i = 17 newLabel= 1 currentLabel= 1 
R-CCU: sum(pointsPerCluster) = 1316 
 num [1:3] 1311 4 1
NULL
R-CCU: After ClusterLabelChange for i = 17 
R-CCU: sum(pointsPerCluster) = 1317 
 num [1:3] 1312 4 1
NULL
R-CCU: dpObj$numberClusters = 3 
List of 2
 $ : num [1, 1, 1:3] 0.3334 0.8114 0.0869
 $ : num [1, 1, 1:3] 9.76 4.55 2.72
NULL
R priorParameters: 2 8 
R maxT: 1 
R_PriorDraw_first_mu: 0.4750241 
R_PriorDraw_first_nu: 10.24979 
R-CCU: Before ClusterLabelChange for i = 18 newLabel= 1 currentLabel= 1 
R-CCU: sum(pointsPerCluster) = 1317 
 num [1:3] 1312 4 1
NULL
R-CCU: After ClusterLabelChange for i = 18 
R-CCU: sum(pointsPerCluster) = 1318 
 num [1:3] 1313 4 1
NULL
R-CCU: dpObj$numberClusters = 3 
List of 2
 $ : num [1, 1, 1:3] 0.3334 0.8114 0.0869
 $ : num [1, 1, 1:3] 9.76 4.55 2.72
NULL
R priorParameters: 2 8 
R maxT: 1 
R_PriorDraw_first_mu: 0.9811902 
R_PriorDraw_first_nu: 3.366134 
R-CCU: Before ClusterLabelChange for i = 19 newLabel= 1 currentLabel= 1 
R-CCU: sum(pointsPerCluster) = 1318 
 num [1:3] 1313 4 1
NULL
R-CCU: After ClusterLabelChange for i = 19 
R-CCU: sum(pointsPerCluster) = 1319 
 num [1:3] 1314 4 1
NULL
R-CCU: dpObj$numberClusters = 3 
List of 2
 $ : num [1, 1, 1:3] 0.3334 0.8114 0.0869
 $ : num [1, 1, 1:3] 9.76 4.55 2.72
NULL
R priorParameters: 2 8 
R maxT: 1 
R_PriorDraw_first_mu: 0.9969074 
R_PriorDraw_first_nu: 9.097695 
R-CCU: Before ClusterLabelChange for i = 20 newLabel= 1 currentLabel= 1 
R-CCU: sum(pointsPerCluster) = 1319 
 num [1:3] 1314 4 1
NULL
R-CCU: After ClusterLabelChange for i = 20 
R-CCU: sum(pointsPerCluster) = 1320 
 num [1:3] 1315 4 1
NULL
R-CCU: dpObj$numberClusters = 3 
List of 2
 $ : num [1, 1, 1:3] 0.3334 0.8114 0.0869
 $ : num [1, 1, 1:3] 9.76 4.55 2.72
NULL
R priorParameters: 2 8 
R maxT: 1 
R_PriorDraw_first_mu: 0.621718 
R_PriorDraw_first_nu: 6.153988 
R-CCU: Before ClusterLabelChange for i = 21 newLabel= 1 currentLabel= 1 
R-CCU: sum(pointsPerCluster) = 1320 
 num [1:3] 1315 4 1
NULL
R-CCU: After ClusterLabelChange for i = 21 
R-CCU: sum(pointsPerCluster) = 1321 
 num [1:3] 1316 4 1
NULL
R-CCU: dpObj$numberClusters = 3 
List of 2
 $ : num [1, 1, 1:3] 0.3334 0.8114 0.0869
 $ : num [1, 1, 1:3] 9.76 4.55 2.72
NULL
R priorParameters: 2 8 
R maxT: 1 
R_PriorDraw_first_mu: 0.4769571 
R_PriorDraw_first_nu: 4.909461 
R-CCU: Before ClusterLabelChange for i = 22 newLabel= 1 currentLabel= 1 
R-CCU: sum(pointsPerCluster) = 1321 
 num [1:3] 1316 4 1
NULL
R-CCU: After ClusterLabelChange for i = 22 
R-CCU: sum(pointsPerCluster) = 1322 
 num [1:3] 1317 4 1
NULL
R-CCU: dpObj$numberClusters = 3 
List of 2
 $ : num [1, 1, 1:3] 0.3334 0.8114 0.0869
 $ : num [1, 1, 1:3] 9.76 4.55 2.72
NULL
R priorParameters: 2 8 
R maxT: 1 
R_PriorDraw_first_mu: 0.7913309 
R_PriorDraw_first_nu: 2.022357 
R-CCU: Before ClusterLabelChange for i = 23 newLabel= 1 currentLabel= 1 
R-CCU: sum(pointsPerCluster) = 1322 
 num [1:3] 1317 4 1
NULL
R-CCU: After ClusterLabelChange for i = 23 
R-CCU: sum(pointsPerCluster) = 1323 
 num [1:3] 1318 4 1
NULL
R-CCU: dpObj$numberClusters = 3 
List of 2
 $ : num [1, 1, 1:3] 0.3334 0.8114 0.0869
 $ : num [1, 1, 1:3] 9.76 4.55 2.72
NULL
R priorParameters: 2 8 
R maxT: 1 
R_PriorDraw_first_mu: 0.1088477 
R_PriorDraw_first_nu: 4.49701 
R-CCU: Before ClusterLabelChange for i = 24 newLabel= 1 currentLabel= 1 
R-CCU: sum(pointsPerCluster) = 1323 
 num [1:3] 1318 4 1
NULL
R-CCU: After ClusterLabelChange for i = 24 
R-CCU: sum(pointsPerCluster) = 1324 
 num [1:3] 1319 4 1
NULL
R-CCU: dpObj$numberClusters = 3 
List of 2
 $ : num [1, 1, 1:3] 0.3334 0.8114 0.0869
 $ : num [1, 1, 1:3] 9.76 4.55 2.72
NULL
R priorParameters: 2 8 
R maxT: 1 
R_PriorDraw_first_mu: 0.77182 
R_PriorDraw_first_nu: 2.65943 
R-CCU: Before ClusterLabelChange for i = 25 newLabel= 1 currentLabel= 1 
R-CCU: sum(pointsPerCluster) = 1324 
 num [1:3] 1319 4 1
NULL
R-CCU: After ClusterLabelChange for i = 25 
R-CCU: sum(pointsPerCluster) = 1325 
 num [1:3] 1320 4 1
NULL
R-CCU: dpObj$numberClusters = 3 
List of 2
 $ : num [1, 1, 1:3] 0.3334 0.8114 0.0869
 $ : num [1, 1, 1:3] 9.76 4.55 2.72
NULL
R priorParameters: 2 8 
R maxT: 1 
R_PriorDraw_first_mu: 0.22602 
R_PriorDraw_first_nu: 5.105454 
R-CCU: Before ClusterLabelChange for i = 26 newLabel= 1 currentLabel= 1 
R-CCU: sum(pointsPerCluster) = 1325 
 num [1:3] 1320 4 1
NULL
R-CCU: After ClusterLabelChange for i = 26 
R-CCU: sum(pointsPerCluster) = 1326 
 num [1:3] 1321 4 1
NULL
R-CCU: dpObj$numberClusters = 3 
List of 2
 $ : num [1, 1, 1:3] 0.3334 0.8114 0.0869
 $ : num [1, 1, 1:3] 9.76 4.55 2.72
NULL
R priorParameters: 2 8 
R maxT: 1 
R_PriorDraw_first_mu: 0.994579 
R_PriorDraw_first_nu: 6.703091 
R-CCU: Before ClusterLabelChange for i = 27 newLabel= 1 currentLabel= 1 
R-CCU: sum(pointsPerCluster) = 1326 
 num [1:3] 1321 4 1
NULL
R-CCU: After ClusterLabelChange for i = 27 
R-CCU: sum(pointsPerCluster) = 1327 
 num [1:3] 1322 4 1
NULL
R-CCU: dpObj$numberClusters = 3 
List of 2
 $ : num [1, 1, 1:3] 0.3334 0.8114 0.0869
 $ : num [1, 1, 1:3] 9.76 4.55 2.72
NULL
R priorParameters: 2 8 
R maxT: 1 
R_PriorDraw_first_mu: 0.4113991 
R_PriorDraw_first_nu: 4.556502 
R-CCU: Before ClusterLabelChange for i = 28 newLabel= 1 currentLabel= 1 
R-CCU: sum(pointsPerCluster) = 1327 
 num [1:3] 1322 4 1
NULL
R-CCU: After ClusterLabelChange for i = 28 
R-CCU: sum(pointsPerCluster) = 1328 
 num [1:3] 1323 4 1
NULL
R-CCU: dpObj$numberClusters = 3 
List of 2
 $ : num [1, 1, 1:3] 0.3334 0.8114 0.0869
 $ : num [1, 1, 1:3] 9.76 4.55 2.72
NULL
R priorParameters: 2 8 
R maxT: 1 
R_PriorDraw_first_mu: 0.2661863 
R_PriorDraw_first_nu: 2.879396 
R-CCU: Before ClusterLabelChange for i = 29 newLabel= 1 currentLabel= 1 
R-CCU: sum(pointsPerCluster) = 1328 
 num [1:3] 1323 4 1
NULL
R-CCU: After ClusterLabelChange for i = 29 
R-CCU: sum(pointsPerCluster) = 1329 
 num [1:3] 1324 4 1
NULL
R-CCU: dpObj$numberClusters = 3 
List of 2
 $ : num [1, 1, 1:3] 0.3334 0.8114 0.0869
 $ : num [1, 1, 1:3] 9.76 4.55 2.72
NULL
R priorParameters: 2 8 
R maxT: 1 
R_PriorDraw_first_mu: 0.07458384 
R_PriorDraw_first_nu: 1.917475 
R-CCU: Before ClusterLabelChange for i = 30 newLabel= 1 currentLabel= 1 
R-CCU: sum(pointsPerCluster) = 1329 
 num [1:3] 1324 4 1
NULL
R-CCU: After ClusterLabelChange for i = 30 
R-CCU: sum(pointsPerCluster) = 1330 
 num [1:3] 1325 4 1
NULL
R-CCU: dpObj$numberClusters = 3 
List of 2
 $ : num [1, 1, 1:3] 0.3334 0.8114 0.0869
 $ : num [1, 1, 1:3] 9.76 4.55 2.72
NULL
R priorParameters: 2 8 
R maxT: 1 
R_PriorDraw_first_mu: 0.2745349 
R_PriorDraw_first_nu: 3.528008 
R-CCU: Before ClusterLabelChange for i = 31 newLabel= 1 currentLabel= 1 
R-CCU: sum(pointsPerCluster) = 1330 
 num [1:3] 1325 4 1
NULL
R-CCU: After ClusterLabelChange for i = 31 
R-CCU: sum(pointsPerCluster) = 1331 
 num [1:3] 1326 4 1
NULL
R-CCU: dpObj$numberClusters = 3 
List of 2
 $ : num [1, 1, 1:3] 0.3334 0.8114 0.0869
 $ : num [1, 1, 1:3] 9.76 4.55 2.72
NULL
R priorParameters: 2 8 
R maxT: 1 
R_PriorDraw_first_mu: 0.216243 
R_PriorDraw_first_nu: 2.641726 
R-CCU: Before ClusterLabelChange for i = 32 newLabel= 1 currentLabel= 1 
R-CCU: sum(pointsPerCluster) = 1331 
 num [1:3] 1326 4 1
NULL
R-CCU: After ClusterLabelChange for i = 32 
R-CCU: sum(pointsPerCluster) = 1332 
 num [1:3] 1327 4 1
NULL
R-CCU: dpObj$numberClusters = 3 
List of 2
 $ : num [1, 1, 1:3] 0.3334 0.8114 0.0869
 $ : num [1, 1, 1:3] 9.76 4.55 2.72
NULL
R priorParameters: 2 8 
R maxT: 1 
R_PriorDraw_first_mu: 0.9686875 
R_PriorDraw_first_nu: 4.99064 
R-CCU: Before ClusterLabelChange for i = 33 newLabel= 1 currentLabel= 1 
R-CCU: sum(pointsPerCluster) = 1332 
 num [1:3] 1327 4 1
NULL
R-CCU: After ClusterLabelChange for i = 33 
R-CCU: sum(pointsPerCluster) = 1333 
 num [1:3] 1328 4 1
NULL
R-CCU: dpObj$numberClusters = 3 
List of 2
 $ : num [1, 1, 1:3] 0.3334 0.8114 0.0869
 $ : num [1, 1, 1:3] 9.76 4.55 2.72
NULL
R priorParameters: 2 8 
R maxT: 1 
R_PriorDraw_first_mu: 0.5206143 
R_PriorDraw_first_nu: 2.966772 
R-CCU: Before ClusterLabelChange for i = 34 newLabel= 1 currentLabel= 1 
R-CCU: sum(pointsPerCluster) = 1333 
 num [1:3] 1328 4 1
NULL
R-CCU: After ClusterLabelChange for i = 34 
R-CCU: sum(pointsPerCluster) = 1334 
 num [1:3] 1329 4 1
NULL
R-CCU: dpObj$numberClusters = 3 
List of 2
 $ : num [1, 1, 1:3] 0.3334 0.8114 0.0869
 $ : num [1, 1, 1:3] 9.76 4.55 2.72
NULL
R priorParameters: 2 8 
R maxT: 1 
R_PriorDraw_first_mu: 0.6243227 
R_PriorDraw_first_nu: 3.919946 
R-CCU: Before ClusterLabelChange for i = 35 newLabel= 1 currentLabel= 1 
R-CCU: sum(pointsPerCluster) = 1334 
 num [1:3] 1329 4 1
NULL
R-CCU: After ClusterLabelChange for i = 35 
R-CCU: sum(pointsPerCluster) = 1335 
 num [1:3] 1330 4 1
NULL
R-CCU: dpObj$numberClusters = 3 
List of 2
 $ : num [1, 1, 1:3] 0.3334 0.8114 0.0869
 $ : num [1, 1, 1:3] 9.76 4.55 2.72
NULL
R priorParameters: 2 8 
R maxT: 1 
R_PriorDraw_first_mu: 0.5776994 
R_PriorDraw_first_nu: 6.197987 
R-CCU: Before ClusterLabelChange for i = 36 newLabel= 1 currentLabel= 1 
R-CCU: sum(pointsPerCluster) = 1335 
 num [1:3] 1330 4 1
NULL
R-CCU: After ClusterLabelChange for i = 36 
R-CCU: sum(pointsPerCluster) = 1336 
 num [1:3] 1331 4 1
NULL
R-CCU: dpObj$numberClusters = 3 
List of 2
 $ : num [1, 1, 1:3] 0.3334 0.8114 0.0869
 $ : num [1, 1, 1:3] 9.76 4.55 2.72
NULL
R priorParameters: 2 8 
R maxT: 1 
R_PriorDraw_first_mu: 0.7397696 
R_PriorDraw_first_nu: 5.424609 
R-CCU: Before ClusterLabelChange for i = 37 newLabel= 1 currentLabel= 1 
R-CCU: sum(pointsPerCluster) = 1336 
 num [1:3] 1331 4 1
NULL
R-CCU: After ClusterLabelChange for i = 37 
R-CCU: sum(pointsPerCluster) = 1337 
 num [1:3] 1332 4 1
NULL
R-CCU: dpObj$numberClusters = 3 
List of 2
 $ : num [1, 1, 1:3] 0.3334 0.8114 0.0869
 $ : num [1, 1, 1:3] 9.76 4.55 2.72
NULL
R priorParameters: 2 8 
R maxT: 1 
R_PriorDraw_first_mu: 0.7708158 
R_PriorDraw_first_nu: 5.186912 
R-CCU: Before ClusterLabelChange for i = 38 newLabel= 1 currentLabel= 1 
R-CCU: sum(pointsPerCluster) = 1337 
 num [1:3] 1332 4 1
NULL
R-CCU: After ClusterLabelChange for i = 38 
R-CCU: sum(pointsPerCluster) = 1338 
 num [1:3] 1333 4 1
NULL
R-CCU: dpObj$numberClusters = 3 
List of 2
 $ : num [1, 1, 1:3] 0.3334 0.8114 0.0869
 $ : num [1, 1, 1:3] 9.76 4.55 2.72
NULL
R priorParameters: 2 8 
R maxT: 1 
R_PriorDraw_first_mu: 0.23475 
R_PriorDraw_first_nu: 4.15187 
R-CCU: Before ClusterLabelChange for i = 39 newLabel= 1 currentLabel= 1 
R-CCU: sum(pointsPerCluster) = 1338 
 num [1:3] 1333 4 1
NULL
R-CCU: After ClusterLabelChange for i = 39 
R-CCU: sum(pointsPerCluster) = 1339 
 num [1:3] 1334 4 1
NULL
R-CCU: dpObj$numberClusters = 3 
List of 2
 $ : num [1, 1, 1:3] 0.3334 0.8114 0.0869
 $ : num [1, 1, 1:3] 9.76 4.55 2.72
NULL
R priorParameters: 2 8 
R maxT: 1 
R_PriorDraw_first_mu: 0.0463709 
R_PriorDraw_first_nu: 13.45176 
R-CCU: Before ClusterLabelChange for i = 40 newLabel= 1 currentLabel= 1 
R-CCU: sum(pointsPerCluster) = 1339 
 num [1:3] 1334 4 1
NULL
R-CCU: After ClusterLabelChange for i = 40 
R-CCU: sum(pointsPerCluster) = 1340 
 num [1:3] 1335 4 1
NULL
R-CCU: dpObj$numberClusters = 3 
List of 2
 $ : num [1, 1, 1:3] 0.3334 0.8114 0.0869
 $ : num [1, 1, 1:3] 9.76 4.55 2.72
NULL
R priorParameters: 2 8 
R maxT: 1 
R_PriorDraw_first_mu: 0.7612683 
R_PriorDraw_first_nu: 11.11858 
R-CCU: Before ClusterLabelChange for i = 41 newLabel= 1 currentLabel= 1 
R-CCU: sum(pointsPerCluster) = 1340 
 num [1:3] 1335 4 1
NULL
R-CCU: After ClusterLabelChange for i = 41 
R-CCU: sum(pointsPerCluster) = 1341 
 num [1:3] 1336 4 1
NULL
R-CCU: dpObj$numberClusters = 3 
List of 2
 $ : num [1, 1, 1:3] 0.3334 0.8114 0.0869
 $ : num [1, 1, 1:3] 9.76 4.55 2.72
NULL
R priorParameters: 2 8 
R maxT: 1 
R_PriorDraw_first_mu: 0.7959797 
R_PriorDraw_first_nu: 3.10688 
R-CCU: Before ClusterLabelChange for i = 42 newLabel= 1 currentLabel= 1 
R-CCU: sum(pointsPerCluster) = 1341 
 num [1:3] 1336 4 1
NULL
R-CCU: After ClusterLabelChange for i = 42 
R-CCU: sum(pointsPerCluster) = 1342 
 num [1:3] 1337 4 1
NULL
R-CCU: dpObj$numberClusters = 3 
List of 2
 $ : num [1, 1, 1:3] 0.3334 0.8114 0.0869
 $ : num [1, 1, 1:3] 9.76 4.55 2.72
NULL
R priorParameters: 2 8 
R maxT: 1 
R_PriorDraw_first_mu: 0.3614836 
R_PriorDraw_first_nu: 7.003531 
R-CCU: Before ClusterLabelChange for i = 43 newLabel= 1 currentLabel= 1 
R-CCU: sum(pointsPerCluster) = 1342 
 num [1:3] 1337 4 1
NULL
R-CCU: After ClusterLabelChange for i = 43 
R-CCU: sum(pointsPerCluster) = 1343 
 num [1:3] 1338 4 1
NULL
R-CCU: dpObj$numberClusters = 3 
List of 2
 $ : num [1, 1, 1:3] 0.3334 0.8114 0.0869
 $ : num [1, 1, 1:3] 9.76 4.55 2.72
NULL
R priorParameters: 2 8 
R maxT: 1 
R_PriorDraw_first_mu: 0.1194486 
R_PriorDraw_first_nu: 1.215494 
R-CCU: Before ClusterLabelChange for i = 44 newLabel= 1 currentLabel= 1 
R-CCU: sum(pointsPerCluster) = 1343 
 num [1:3] 1338 4 1
NULL
R-CCU: After ClusterLabelChange for i = 44 
R-CCU: sum(pointsPerCluster) = 1344 
 num [1:3] 1339 4 1
NULL
R-CCU: dpObj$numberClusters = 3 
List of 2
 $ : num [1, 1, 1:3] 0.3334 0.8114 0.0869
 $ : num [1, 1, 1:3] 9.76 4.55 2.72
NULL
R priorParameters: 2 8 
R maxT: 1 
R_PriorDraw_first_mu: 0.5551054 
R_PriorDraw_first_nu: 4.765918 
R-CCU: Before ClusterLabelChange for i = 45 newLabel= 1 currentLabel= 1 
R-CCU: sum(pointsPerCluster) = 1344 
 num [1:3] 1339 4 1
NULL
R-CCU: After ClusterLabelChange for i = 45 
R-CCU: sum(pointsPerCluster) = 1345 
 num [1:3] 1340 4 1
NULL
R-CCU: dpObj$numberClusters = 3 
List of 2
 $ : num [1, 1, 1:3] 0.3334 0.8114 0.0869
 $ : num [1, 1, 1:3] 9.76 4.55 2.72
NULL
R priorParameters: 2 8 
R maxT: 1 
R_PriorDraw_first_mu: 0.5522279 
R_PriorDraw_first_nu: 1.712313 
R-CCU: Before ClusterLabelChange for i = 46 newLabel= 1 currentLabel= 1 
R-CCU: sum(pointsPerCluster) = 1345 
 num [1:3] 1340 4 1
NULL
R-CCU: After ClusterLabelChange for i = 46 
R-CCU: sum(pointsPerCluster) = 1346 
 num [1:3] 1341 4 1
NULL
R-CCU: dpObj$numberClusters = 3 
List of 2
 $ : num [1, 1, 1:3] 0.3334 0.8114 0.0869
 $ : num [1, 1, 1:3] 9.76 4.55 2.72
NULL
R priorParameters: 2 8 
R maxT: 1 
R_PriorDraw_first_mu: 0.1467525 
R_PriorDraw_first_nu: 4.739893 
R-CCU: Before ClusterLabelChange for i = 47 newLabel= 1 currentLabel= 1 
R-CCU: sum(pointsPerCluster) = 1346 
 num [1:3] 1341 4 1
NULL
R-CCU: After ClusterLabelChange for i = 47 
R-CCU: sum(pointsPerCluster) = 1347 
 num [1:3] 1342 4 1
NULL
R-CCU: dpObj$numberClusters = 3 
List of 2
 $ : num [1, 1, 1:3] 0.3334 0.8114 0.0869
 $ : num [1, 1, 1:3] 9.76 4.55 2.72
NULL
R priorParameters: 2 8 
R maxT: 1 
R_PriorDraw_first_mu: 0.563704 
R_PriorDraw_first_nu: 2.711963 
R-CCU: Before ClusterLabelChange for i = 48 newLabel= 1 currentLabel= 1 
R-CCU: sum(pointsPerCluster) = 1347 
 num [1:3] 1342 4 1
NULL
R-CCU: After ClusterLabelChange for i = 48 
R-CCU: sum(pointsPerCluster) = 1348 
 num [1:3] 1343 4 1
NULL
R-CCU: dpObj$numberClusters = 3 
List of 2
 $ : num [1, 1, 1:3] 0.3334 0.8114 0.0869
 $ : num [1, 1, 1:3] 9.76 4.55 2.72
NULL
R priorParameters: 2 8 
R maxT: 1 
R_PriorDraw_first_mu: 0.3496314 
R_PriorDraw_first_nu: 6.854063 
R-CCU: Before ClusterLabelChange for i = 49 newLabel= 1 currentLabel= 1 
R-CCU: sum(pointsPerCluster) = 1348 
 num [1:3] 1343 4 1
NULL
R-CCU: After ClusterLabelChange for i = 49 
R-CCU: sum(pointsPerCluster) = 1349 
 num [1:3] 1344 4 1
NULL
R-CCU: dpObj$numberClusters = 3 
List of 2
 $ : num [1, 1, 1:3] 0.3334 0.8114 0.0869
 $ : num [1, 1, 1:3] 9.76 4.55 2.72
NULL
R priorParameters: 2 8 
R maxT: 1 
R_PriorDraw_first_mu: 0.8726661 
R_PriorDraw_first_nu: 5.37129 
R-CCU: Before ClusterLabelChange for i = 50 newLabel= 1 currentLabel= 1 
R-CCU: sum(pointsPerCluster) = 1349 
 num [1:3] 1344 4 1
NULL
R-CCU: After ClusterLabelChange for i = 50 
R-CCU: sum(pointsPerCluster) = 1350 
 num [1:3] 1345 4 1
NULL
R-CCU: dpObj$numberClusters = 3 
List of 2
 $ : num [1, 1, 1:3] 0.3334 0.8114 0.0869
 $ : num [1, 1, 1:3] 9.76 4.55 2.72
NULL
R priorParameters: 2 8 
R maxT: 1 
R_PriorDraw_first_mu: 0.3466409 
R_PriorDraw_first_nu: 4.177833 
R-CCU: Before ClusterLabelChange for i = 51 newLabel= 1 currentLabel= 1 
R-CCU: sum(pointsPerCluster) = 1350 
 num [1:3] 1345 4 1
NULL
R-CCU: After ClusterLabelChange for i = 51 
R-CCU: sum(pointsPerCluster) = 1351 
 num [1:3] 1346 4 1
NULL
R-CCU: dpObj$numberClusters = 3 
List of 2
 $ : num [1, 1, 1:3] 0.3334 0.8114 0.0869
 $ : num [1, 1, 1:3] 9.76 4.55 2.72
NULL
R priorParameters: 2 8 
R maxT: 1 
R_PriorDraw_first_mu: 0.7616574 
R_PriorDraw_first_nu: 4.839387 
R-CCU: Before ClusterLabelChange for i = 52 newLabel= 1 currentLabel= 1 
R-CCU: sum(pointsPerCluster) = 1351 
 num [1:3] 1346 4 1
NULL
R-CCU: After ClusterLabelChange for i = 52 
R-CCU: sum(pointsPerCluster) = 1352 
 num [1:3] 1347 4 1
NULL
R-CCU: dpObj$numberClusters = 3 
List of 2
 $ : num [1, 1, 1:3] 0.3334 0.8114 0.0869
 $ : num [1, 1, 1:3] 9.76 4.55 2.72
NULL
R priorParameters: 2 8 
R maxT: 1 
R_PriorDraw_first_mu: 0.7687261 
R_PriorDraw_first_nu: 1.803931 
R-CCU: Before ClusterLabelChange for i = 53 newLabel= 1 currentLabel= 1 
R-CCU: sum(pointsPerCluster) = 1352 
 num [1:3] 1347 4 1
NULL
R-CCU: After ClusterLabelChange for i = 53 
R-CCU: sum(pointsPerCluster) = 1353 
 num [1:3] 1348 4 1
NULL
R-CCU: dpObj$numberClusters = 3 
List of 2
 $ : num [1, 1, 1:3] 0.3334 0.8114 0.0869
 $ : num [1, 1, 1:3] 9.76 4.55 2.72
NULL
R priorParameters: 2 8 
R maxT: 1 
R_PriorDraw_first_mu: 0.9079719 
R_PriorDraw_first_nu: 5.131434 
R-CCU: Before ClusterLabelChange for i = 54 newLabel= 1 currentLabel= 1 
R-CCU: sum(pointsPerCluster) = 1353 
 num [1:3] 1348 4 1
NULL
R-CCU: After ClusterLabelChange for i = 54 
R-CCU: sum(pointsPerCluster) = 1354 
 num [1:3] 1349 4 1
NULL
R-CCU: dpObj$numberClusters = 3 
List of 2
 $ : num [1, 1, 1:3] 0.3334 0.8114 0.0869
 $ : num [1, 1, 1:3] 9.76 4.55 2.72
NULL
R priorParameters: 2 8 
R maxT: 1 
R_PriorDraw_first_mu: 0.389499 
R_PriorDraw_first_nu: 19.34465 
R-CCU: Before ClusterLabelChange for i = 55 newLabel= 1 currentLabel= 1 
R-CCU: sum(pointsPerCluster) = 1354 
 num [1:3] 1349 4 1
NULL
R-CCU: After ClusterLabelChange for i = 55 
R-CCU: sum(pointsPerCluster) = 1355 
 num [1:3] 1350 4 1
NULL
R-CCU: dpObj$numberClusters = 3 
List of 2
 $ : num [1, 1, 1:3] 0.3334 0.8114 0.0869
 $ : num [1, 1, 1:3] 9.76 4.55 2.72
NULL
R priorParameters: 2 8 
R maxT: 1 
R_PriorDraw_first_mu: 0.4766248 
R_PriorDraw_first_nu: 10.19612 
R-CCU: Before ClusterLabelChange for i = 56 newLabel= 1 currentLabel= 1 
R-CCU: sum(pointsPerCluster) = 1355 
 num [1:3] 1350 4 1
NULL
R-CCU: After ClusterLabelChange for i = 56 
R-CCU: sum(pointsPerCluster) = 1356 
 num [1:3] 1351 4 1
NULL
R-CCU: dpObj$numberClusters = 3 
List of 2
 $ : num [1, 1, 1:3] 0.3334 0.8114 0.0869
 $ : num [1, 1, 1:3] 9.76 4.55 2.72
NULL
R priorParameters: 2 8 
R maxT: 1 
R_PriorDraw_first_mu: 0.1689434 
R_PriorDraw_first_nu: 7.517862 
R-CCU: Before ClusterLabelChange for i = 57 newLabel= 1 currentLabel= 1 
R-CCU: sum(pointsPerCluster) = 1356 
 num [1:3] 1351 4 1
NULL
R-CCU: After ClusterLabelChange for i = 57 
R-CCU: sum(pointsPerCluster) = 1357 
 num [1:3] 1352 4 1
NULL
R-CCU: dpObj$numberClusters = 3 
List of 2
 $ : num [1, 1, 1:3] 0.3334 0.8114 0.0869
 $ : num [1, 1, 1:3] 9.76 4.55 2.72
NULL
R priorParameters: 2 8 
R maxT: 1 
R_PriorDraw_first_mu: 0.8952498 
R_PriorDraw_first_nu: 1.874758 
R-CCU: Before ClusterLabelChange for i = 58 newLabel= 1 currentLabel= 1 
R-CCU: sum(pointsPerCluster) = 1357 
 num [1:3] 1352 4 1
NULL
R-CCU: After ClusterLabelChange for i = 58 
R-CCU: sum(pointsPerCluster) = 1358 
 num [1:3] 1353 4 1
NULL
R-CCU: dpObj$numberClusters = 3 
List of 2
 $ : num [1, 1, 1:3] 0.3334 0.8114 0.0869
 $ : num [1, 1, 1:3] 9.76 4.55 2.72
NULL
R priorParameters: 2 8 
R maxT: 1 
R_PriorDraw_first_mu: 0.6289282 
R_PriorDraw_first_nu: 13.10022 
R-CCU: Before ClusterLabelChange for i = 59 newLabel= 1 currentLabel= 1 
R-CCU: sum(pointsPerCluster) = 1358 
 num [1:3] 1353 4 1
NULL
R-CCU: After ClusterLabelChange for i = 59 
R-CCU: sum(pointsPerCluster) = 1359 
 num [1:3] 1354 4 1
NULL
R-CCU: dpObj$numberClusters = 3 
List of 2
 $ : num [1, 1, 1:3] 0.3334 0.8114 0.0869
 $ : num [1, 1, 1:3] 9.76 4.55 2.72
NULL
R priorParameters: 2 8 
R maxT: 1 
R_PriorDraw_first_mu: 0.5762152 
R_PriorDraw_first_nu: 12.96769 
R-CCU: Before ClusterLabelChange for i = 60 newLabel= 1 currentLabel= 1 
R-CCU: sum(pointsPerCluster) = 1359 
 num [1:3] 1354 4 1
NULL
R-CCU: After ClusterLabelChange for i = 60 
R-CCU: sum(pointsPerCluster) = 1360 
 num [1:3] 1355 4 1
NULL
R-CCU: dpObj$numberClusters = 3 
List of 2
 $ : num [1, 1, 1:3] 0.3334 0.8114 0.0869
 $ : num [1, 1, 1:3] 9.76 4.55 2.72
NULL
R priorParameters: 2 8 
R maxT: 1 
R_PriorDraw_first_mu: 0.6125693 
R_PriorDraw_first_nu: 2.003957 
R-CCU: Before ClusterLabelChange for i = 61 newLabel= 1 currentLabel= 1 
R-CCU: sum(pointsPerCluster) = 1360 
 num [1:3] 1355 4 1
NULL
R-CCU: After ClusterLabelChange for i = 61 
R-CCU: sum(pointsPerCluster) = 1361 
 num [1:3] 1356 4 1
NULL
R-CCU: dpObj$numberClusters = 3 
List of 2
 $ : num [1, 1, 1:3] 0.3334 0.8114 0.0869
 $ : num [1, 1, 1:3] 9.76 4.55 2.72
NULL
R priorParameters: 2 8 
R maxT: 1 
R_PriorDraw_first_mu: 0.5734416 
R_PriorDraw_first_nu: 2.829816 
R-CCU: Before ClusterLabelChange for i = 62 newLabel= 1 currentLabel= 1 
R-CCU: sum(pointsPerCluster) = 1361 
 num [1:3] 1356 4 1
NULL
R-CCU: After ClusterLabelChange for i = 62 
R-CCU: sum(pointsPerCluster) = 1362 
 num [1:3] 1357 4 1
NULL
R-CCU: dpObj$numberClusters = 3 
List of 2
 $ : num [1, 1, 1:3] 0.3334 0.8114 0.0869
 $ : num [1, 1, 1:3] 9.76 4.55 2.72
NULL
R priorParameters: 2 8 
R maxT: 1 
R_PriorDraw_first_mu: 0.1312323 
R_PriorDraw_first_nu: 2.689264 
R-CCU: Before ClusterLabelChange for i = 63 newLabel= 1 currentLabel= 1 
R-CCU: sum(pointsPerCluster) = 1362 
 num [1:3] 1357 4 1
NULL
R-CCU: After ClusterLabelChange for i = 63 
R-CCU: sum(pointsPerCluster) = 1363 
 num [1:3] 1358 4 1
NULL
R-CCU: dpObj$numberClusters = 3 
List of 2
 $ : num [1, 1, 1:3] 0.3334 0.8114 0.0869
 $ : num [1, 1, 1:3] 9.76 4.55 2.72
NULL
R priorParameters: 2 8 
R maxT: 1 
R_PriorDraw_first_mu: 0.3992618 
R_PriorDraw_first_nu: 5.128933 
R-CCU: Before ClusterLabelChange for i = 64 newLabel= 1 currentLabel= 1 
R-CCU: sum(pointsPerCluster) = 1363 
 num [1:3] 1358 4 1
NULL
R-CCU: After ClusterLabelChange for i = 64 
R-CCU: sum(pointsPerCluster) = 1364 
 num [1:3] 1359 4 1
NULL
R-CCU: dpObj$numberClusters = 3 
List of 2
 $ : num [1, 1, 1:3] 0.3334 0.8114 0.0869
 $ : num [1, 1, 1:3] 9.76 4.55 2.72
NULL
R priorParameters: 2 8 
R maxT: 1 
R_PriorDraw_first_mu: 0.2706657 
R_PriorDraw_first_nu: 2.112326 
R-CCU: Before ClusterLabelChange for i = 65 newLabel= 1 currentLabel= 1 
R-CCU: sum(pointsPerCluster) = 1364 
 num [1:3] 1359 4 1
NULL
R-CCU: After ClusterLabelChange for i = 65 
R-CCU: sum(pointsPerCluster) = 1365 
 num [1:3] 1360 4 1
NULL
R-CCU: dpObj$numberClusters = 3 
List of 2
 $ : num [1, 1, 1:3] 0.3334 0.8114 0.0869
 $ : num [1, 1, 1:3] 9.76 4.55 2.72
NULL
R priorParameters: 2 8 
R maxT: 1 
R_PriorDraw_first_mu: 0.6503463 
R_PriorDraw_first_nu: 2.16759 
R-CCU: Before ClusterLabelChange for i = 66 newLabel= 1 currentLabel= 1 
R-CCU: sum(pointsPerCluster) = 1365 
 num [1:3] 1360 4 1
NULL
R-CCU: After ClusterLabelChange for i = 66 
R-CCU: sum(pointsPerCluster) = 1366 
 num [1:3] 1361 4 1
NULL
R-CCU: dpObj$numberClusters = 3 
List of 2
 $ : num [1, 1, 1:3] 0.3334 0.8114 0.0869
 $ : num [1, 1, 1:3] 9.76 4.55 2.72
NULL
R priorParameters: 2 8 
R maxT: 1 
R_PriorDraw_first_mu: 0.4468879 
R_PriorDraw_first_nu: 17.02636 
R-CCU: Before ClusterLabelChange for i = 67 newLabel= 1 currentLabel= 1 
R-CCU: sum(pointsPerCluster) = 1366 
 num [1:3] 1361 4 1
NULL
R-CCU: After ClusterLabelChange for i = 67 
R-CCU: sum(pointsPerCluster) = 1367 
 num [1:3] 1362 4 1
NULL
R-CCU: dpObj$numberClusters = 3 
List of 2
 $ : num [1, 1, 1:3] 0.3334 0.8114 0.0869
 $ : num [1, 1, 1:3] 9.76 4.55 2.72
NULL
R priorParameters: 2 8 
R maxT: 1 
R_PriorDraw_first_mu: 0.2504468 
R_PriorDraw_first_nu: 9.116319 
R-CCU: Before ClusterLabelChange for i = 68 newLabel= 1 currentLabel= 1 
R-CCU: sum(pointsPerCluster) = 1367 
 num [1:3] 1362 4 1
NULL
R-CCU: After ClusterLabelChange for i = 68 
R-CCU: sum(pointsPerCluster) = 1368 
 num [1:3] 1363 4 1
NULL
R-CCU: dpObj$numberClusters = 3 
List of 2
 $ : num [1, 1, 1:3] 0.3334 0.8114 0.0869
 $ : num [1, 1, 1:3] 9.76 4.55 2.72
NULL
R priorParameters: 2 8 
R maxT: 1 
R_PriorDraw_first_mu: 0.9037312 
R_PriorDraw_first_nu: 2.262749 
R-CCU: Before ClusterLabelChange for i = 69 newLabel= 1 currentLabel= 1 
R-CCU: sum(pointsPerCluster) = 1368 
 num [1:3] 1363 4 1
NULL
R-CCU: After ClusterLabelChange for i = 69 
R-CCU: sum(pointsPerCluster) = 1369 
 num [1:3] 1364 4 1
NULL
R-CCU: dpObj$numberClusters = 3 
List of 2
 $ : num [1, 1, 1:3] 0.3334 0.8114 0.0869
 $ : num [1, 1, 1:3] 9.76 4.55 2.72
NULL
R priorParameters: 2 8 
R maxT: 1 
R_PriorDraw_first_mu: 0.5102448 
R_PriorDraw_first_nu: 2.606176 
R-CCU: Before ClusterLabelChange for i = 70 newLabel= 1 currentLabel= 1 
R-CCU: sum(pointsPerCluster) = 1369 
 num [1:3] 1364 4 1
NULL
R-CCU: After ClusterLabelChange for i = 70 
R-CCU: sum(pointsPerCluster) = 1370 
 num [1:3] 1365 4 1
NULL
R-CCU: dpObj$numberClusters = 3 
List of 2
 $ : num [1, 1, 1:3] 0.3334 0.8114 0.0869
 $ : num [1, 1, 1:3] 9.76 4.55 2.72
NULL
R priorParameters: 2 8 
R maxT: 1 
R_PriorDraw_first_mu: 0.1757019 
R_PriorDraw_first_nu: 6.013697 
R-CCU: Before ClusterLabelChange for i = 71 newLabel= 1 currentLabel= 1 
R-CCU: sum(pointsPerCluster) = 1370 
 num [1:3] 1365 4 1
NULL
R-CCU: After ClusterLabelChange for i = 71 
R-CCU: sum(pointsPerCluster) = 1371 
 num [1:3] 1366 4 1
NULL
R-CCU: dpObj$numberClusters = 3 
List of 2
 $ : num [1, 1, 1:3] 0.3334 0.8114 0.0869
 $ : num [1, 1, 1:3] 9.76 4.55 2.72
NULL
R priorParameters: 2 8 
R maxT: 1 
R_PriorDraw_first_mu: 0.6530115 
R_PriorDraw_first_nu: 4.677419 
R-CCU: Before ClusterLabelChange for i = 72 newLabel= 1 currentLabel= 1 
R-CCU: sum(pointsPerCluster) = 1371 
 num [1:3] 1366 4 1
NULL
R-CCU: After ClusterLabelChange for i = 72 
R-CCU: sum(pointsPerCluster) = 1372 
 num [1:3] 1367 4 1
NULL
R-CCU: dpObj$numberClusters = 3 
List of 2
 $ : num [1, 1, 1:3] 0.3334 0.8114 0.0869
 $ : num [1, 1, 1:3] 9.76 4.55 2.72
NULL
R priorParameters: 2 8 
R maxT: 1 
R_PriorDraw_first_mu: 0.6415256 
R_PriorDraw_first_nu: 6.871059 
R-CCU: Before ClusterLabelChange for i = 73 newLabel= 1 currentLabel= 1 
R-CCU: sum(pointsPerCluster) = 1372 
 num [1:3] 1367 4 1
NULL
R-CCU: After ClusterLabelChange for i = 73 
R-CCU: sum(pointsPerCluster) = 1373 
 num [1:3] 1368 4 1
NULL
R-CCU: dpObj$numberClusters = 3 
List of 2
 $ : num [1, 1, 1:3] 0.3334 0.8114 0.0869
 $ : num [1, 1, 1:3] 9.76 4.55 2.72
NULL
R priorParameters: 2 8 
R maxT: 1 
R_PriorDraw_first_mu: 0.9135011 
R_PriorDraw_first_nu: 4.3183 
R-CCU: Before ClusterLabelChange for i = 74 newLabel= 1 currentLabel= 2 
R-CCU: sum(pointsPerCluster) = 1373 
 num [1:3] 1368 4 1
NULL
R-CCU: After ClusterLabelChange for i = 74 
R-CCU: sum(pointsPerCluster) = 1374 
 num [1:3] 1369 4 1
NULL
R-CCU: dpObj$numberClusters = 3 
List of 2
 $ : num [1, 1, 1:3] 0.3334 0.8114 0.0869
 $ : num [1, 1, 1:3] 9.76 4.55 2.72
NULL
R priorParameters: 2 8 
R maxT: 1 
R_PriorDraw_first_mu: 0.2460222 
R_PriorDraw_first_nu: 16.04643 
R-CCU: Before ClusterLabelChange for i = 75 newLabel= 1 currentLabel= 1 
R-CCU: sum(pointsPerCluster) = 1374 
 num [1:3] 1369 4 1
NULL
R-CCU: After ClusterLabelChange for i = 75 
R-CCU: sum(pointsPerCluster) = 1375 
 num [1:3] 1370 4 1
NULL
R-CCU: dpObj$numberClusters = 3 
List of 2
 $ : num [1, 1, 1:3] 0.3334 0.8114 0.0869
 $ : num [1, 1, 1:3] 9.76 4.55 2.72
NULL
R priorParameters: 2 8 
R maxT: 1 
R_PriorDraw_first_mu: 0.2754282 
R_PriorDraw_first_nu: 11.10295 
R-CCU: Before ClusterLabelChange for i = 76 newLabel= 1 currentLabel= 1 
R-CCU: sum(pointsPerCluster) = 1375 
 num [1:3] 1370 4 1
NULL
R-CCU: After ClusterLabelChange for i = 76 
R-CCU: sum(pointsPerCluster) = 1376 
 num [1:3] 1371 4 1
NULL
R-CCU: dpObj$numberClusters = 3 
List of 2
 $ : num [1, 1, 1:3] 0.3334 0.8114 0.0869
 $ : num [1, 1, 1:3] 9.76 4.55 2.72
NULL
R priorParameters: 2 8 
R maxT: 1 
R_PriorDraw_first_mu: 0.6655558 
R_PriorDraw_first_nu: 7.841324 
R-CCU: Before ClusterLabelChange for i = 77 newLabel= 1 currentLabel= 1 
R-CCU: sum(pointsPerCluster) = 1376 
 num [1:3] 1371 4 1
NULL
R-CCU: After ClusterLabelChange for i = 77 
R-CCU: sum(pointsPerCluster) = 1377 
 num [1:3] 1372 4 1
NULL
R-CCU: dpObj$numberClusters = 3 
List of 2
 $ : num [1, 1, 1:3] 0.3334 0.8114 0.0869
 $ : num [1, 1, 1:3] 9.76 4.55 2.72
NULL
R priorParameters: 2 8 
R maxT: 1 
R_PriorDraw_first_mu: 0.2171797 
R_PriorDraw_first_nu: 5.678977 
R-CCU: Before ClusterLabelChange for i = 78 newLabel= 1 currentLabel= 1 
R-CCU: sum(pointsPerCluster) = 1377 
 num [1:3] 1372 4 1
NULL
R-CCU: After ClusterLabelChange for i = 78 
R-CCU: sum(pointsPerCluster) = 1378 
 num [1:3] 1373 4 1
NULL
R-CCU: dpObj$numberClusters = 3 
List of 2
 $ : num [1, 1, 1:3] 0.3334 0.8114 0.0869
 $ : num [1, 1, 1:3] 9.76 4.55 2.72
NULL
R priorParameters: 2 8 
R maxT: 1 
R_PriorDraw_first_mu: 0.2079419 
R_PriorDraw_first_nu: 2.293241 
R-CCU: Before ClusterLabelChange for i = 79 newLabel= 1 currentLabel= 1 
R-CCU: sum(pointsPerCluster) = 1378 
 num [1:3] 1373 4 1
NULL
R-CCU: After ClusterLabelChange for i = 79 
R-CCU: sum(pointsPerCluster) = 1379 
 num [1:3] 1374 4 1
NULL
R-CCU: dpObj$numberClusters = 3 
List of 2
 $ : num [1, 1, 1:3] 0.3334 0.8114 0.0869
 $ : num [1, 1, 1:3] 9.76 4.55 2.72
NULL
R priorParameters: 2 8 
R maxT: 1 
R_PriorDraw_first_mu: 0.5638427 
R_PriorDraw_first_nu: 6.397611 
R-CCU: Before ClusterLabelChange for i = 80 newLabel= 1 currentLabel= 1 
R-CCU: sum(pointsPerCluster) = 1379 
 num [1:3] 1374 4 1
NULL
R-CCU: After ClusterLabelChange for i = 80 
R-CCU: sum(pointsPerCluster) = 1380 
 num [1:3] 1375 4 1
NULL
R-CCU: dpObj$numberClusters = 3 
List of 2
 $ : num [1, 1, 1:3] 0.3334 0.8114 0.0869
 $ : num [1, 1, 1:3] 9.76 4.55 2.72
NULL
R priorParameters: 2 8 
R maxT: 1 
R_PriorDraw_first_mu: 0.7920379 
R_PriorDraw_first_nu: 2.80284 
R-CCU: Before ClusterLabelChange for i = 81 newLabel= 1 currentLabel= 1 
R-CCU: sum(pointsPerCluster) = 1380 
 num [1:3] 1375 4 1
NULL
R-CCU: After ClusterLabelChange for i = 81 
R-CCU: sum(pointsPerCluster) = 1381 
 num [1:3] 1376 4 1
NULL
R-CCU: dpObj$numberClusters = 3 
List of 2
 $ : num [1, 1, 1:3] 0.3334 0.8114 0.0869
 $ : num [1, 1, 1:3] 9.76 4.55 2.72
NULL
R priorParameters: 2 8 
R maxT: 1 
R_PriorDraw_first_mu: 0.5328156 
R_PriorDraw_first_nu: 1.947243 
R-CCU: Before ClusterLabelChange for i = 82 newLabel= 1 currentLabel= 1 
R-CCU: sum(pointsPerCluster) = 1381 
 num [1:3] 1376 4 1
NULL
R-CCU: After ClusterLabelChange for i = 82 
R-CCU: sum(pointsPerCluster) = 1382 
 num [1:3] 1377 4 1
NULL
R-CCU: dpObj$numberClusters = 3 
List of 2
 $ : num [1, 1, 1:3] 0.3334 0.8114 0.0869
 $ : num [1, 1, 1:3] 9.76 4.55 2.72
NULL
R priorParameters: 2 8 
R maxT: 1 
R_PriorDraw_first_mu: 0.8701242 
R_PriorDraw_first_nu: 3.574216 
R-CCU: Before ClusterLabelChange for i = 83 newLabel= 1 currentLabel= 1 
R-CCU: sum(pointsPerCluster) = 1382 
 num [1:3] 1377 4 1
NULL
R-CCU: After ClusterLabelChange for i = 83 
R-CCU: sum(pointsPerCluster) = 1383 
 num [1:3] 1378 4 1
NULL
R-CCU: dpObj$numberClusters = 3 
List of 2
 $ : num [1, 1, 1:3] 0.3334 0.8114 0.0869
 $ : num [1, 1, 1:3] 9.76 4.55 2.72
NULL
R priorParameters: 2 8 
R maxT: 1 
R_PriorDraw_first_mu: 0.4692452 
R_PriorDraw_first_nu: 4.478656 
R-CCU: Before ClusterLabelChange for i = 84 newLabel= 1 currentLabel= 1 
R-CCU: sum(pointsPerCluster) = 1383 
 num [1:3] 1378 4 1
NULL
R-CCU: After ClusterLabelChange for i = 84 
R-CCU: sum(pointsPerCluster) = 1384 
 num [1:3] 1379 4 1
NULL
R-CCU: dpObj$numberClusters = 3 
List of 2
 $ : num [1, 1, 1:3] 0.3334 0.8114 0.0869
 $ : num [1, 1, 1:3] 9.76 4.55 2.72
NULL
R priorParameters: 2 8 
R maxT: 1 
R_PriorDraw_first_mu: 0.04607252 
R_PriorDraw_first_nu: 49.937 
R-CCU: Before ClusterLabelChange for i = 85 newLabel= 1 currentLabel= 1 
R-CCU: sum(pointsPerCluster) = 1384 
 num [1:3] 1379 4 1
NULL
R-CCU: After ClusterLabelChange for i = 85 
R-CCU: sum(pointsPerCluster) = 1385 
 num [1:3] 1380 4 1
NULL
R-CCU: dpObj$numberClusters = 3 
List of 2
 $ : num [1, 1, 1:3] 0.3334 0.8114 0.0869
 $ : num [1, 1, 1:3] 9.76 4.55 2.72
NULL
R priorParameters: 2 8 
R maxT: 1 
R_PriorDraw_first_mu: 0.2064708 
R_PriorDraw_first_nu: 10.85954 
R-CCU: Before ClusterLabelChange for i = 86 newLabel= 1 currentLabel= 1 
R-CCU: sum(pointsPerCluster) = 1385 
 num [1:3] 1380 4 1
NULL
R-CCU: After ClusterLabelChange for i = 86 
R-CCU: sum(pointsPerCluster) = 1386 
 num [1:3] 1381 4 1
NULL
R-CCU: dpObj$numberClusters = 3 
List of 2
 $ : num [1, 1, 1:3] 0.3334 0.8114 0.0869
 $ : num [1, 1, 1:3] 9.76 4.55 2.72
NULL
R priorParameters: 2 8 
R maxT: 1 
R_PriorDraw_first_mu: 0.9047645 
R_PriorDraw_first_nu: 2.180421 
R-CCU: Before ClusterLabelChange for i = 87 newLabel= 1 currentLabel= 1 
R-CCU: sum(pointsPerCluster) = 1386 
 num [1:3] 1381 4 1
NULL
R-CCU: After ClusterLabelChange for i = 87 
R-CCU: sum(pointsPerCluster) = 1387 
 num [1:3] 1382 4 1
NULL
R-CCU: dpObj$numberClusters = 3 
List of 2
 $ : num [1, 1, 1:3] 0.3334 0.8114 0.0869
 $ : num [1, 1, 1:3] 9.76 4.55 2.72
NULL
R priorParameters: 2 8 
R maxT: 1 
R_PriorDraw_first_mu: 0.3220677 
R_PriorDraw_first_nu: 6.880157 
R-CCU: Before ClusterLabelChange for i = 88 newLabel= 1 currentLabel= 1 
R-CCU: sum(pointsPerCluster) = 1387 
 num [1:3] 1382 4 1
NULL
R-CCU: After ClusterLabelChange for i = 88 
R-CCU: sum(pointsPerCluster) = 1388 
 num [1:3] 1383 4 1
NULL
R-CCU: dpObj$numberClusters = 3 
List of 2
 $ : num [1, 1, 1:3] 0.3334 0.8114 0.0869
 $ : num [1, 1, 1:3] 9.76 4.55 2.72
NULL
R priorParameters: 2 8 
R maxT: 1 
R_PriorDraw_first_mu: 0.7913554 
R_PriorDraw_first_nu: 3.766172 
R-CCU: Before ClusterLabelChange for i = 89 newLabel= 1 currentLabel= 1 
R-CCU: sum(pointsPerCluster) = 1388 
 num [1:3] 1383 4 1
NULL
R-CCU: After ClusterLabelChange for i = 89 
R-CCU: sum(pointsPerCluster) = 1389 
 num [1:3] 1384 4 1
NULL
R-CCU: dpObj$numberClusters = 3 
List of 2
 $ : num [1, 1, 1:3] 0.3334 0.8114 0.0869
 $ : num [1, 1, 1:3] 9.76 4.55 2.72
NULL
R priorParameters: 2 8 
R maxT: 1 
R_PriorDraw_first_mu: 0.6832935 
R_PriorDraw_first_nu: 0.8935008 
R-CCU: Before ClusterLabelChange for i = 90 newLabel= 1 currentLabel= 1 
R-CCU: sum(pointsPerCluster) = 1389 
 num [1:3] 1384 4 1
NULL
R-CCU: After ClusterLabelChange for i = 90 
R-CCU: sum(pointsPerCluster) = 1390 
 num [1:3] 1385 4 1
NULL
R-CCU: dpObj$numberClusters = 3 
List of 2
 $ : num [1, 1, 1:3] 0.3334 0.8114 0.0869
 $ : num [1, 1, 1:3] 9.76 4.55 2.72
NULL
R priorParameters: 2 8 
R maxT: 1 
R_PriorDraw_first_mu: 0.9248675 
R_PriorDraw_first_nu: 9.251448 
R-CCU: Before ClusterLabelChange for i = 91 newLabel= 1 currentLabel= 1 
R-CCU: sum(pointsPerCluster) = 1390 
 num [1:3] 1385 4 1
NULL
R-CCU: After ClusterLabelChange for i = 91 
R-CCU: sum(pointsPerCluster) = 1391 
 num [1:3] 1386 4 1
NULL
R-CCU: dpObj$numberClusters = 3 
List of 2
 $ : num [1, 1, 1:3] 0.3334 0.8114 0.0869
 $ : num [1, 1, 1:3] 9.76 4.55 2.72
NULL
R priorParameters: 2 8 
R maxT: 1 
R_PriorDraw_first_mu: 0.92937 
R_PriorDraw_first_nu: 2.11541 
R-CCU: Before ClusterLabelChange for i = 92 newLabel= 1 currentLabel= 1 
R-CCU: sum(pointsPerCluster) = 1391 
 num [1:3] 1386 4 1
NULL
R-CCU: After ClusterLabelChange for i = 92 
R-CCU: sum(pointsPerCluster) = 1392 
 num [1:3] 1387 4 1
NULL
R-CCU: dpObj$numberClusters = 3 
List of 2
 $ : num [1, 1, 1:3] 0.3334 0.8114 0.0869
 $ : num [1, 1, 1:3] 9.76 4.55 2.72
NULL
R priorParameters: 2 8 
R maxT: 1 
R_PriorDraw_first_mu: 0.05768686 
R_PriorDraw_first_nu: 7.454285 
R-CCU: Before ClusterLabelChange for i = 93 newLabel= 1 currentLabel= 1 
R-CCU: sum(pointsPerCluster) = 1392 
 num [1:3] 1387 4 1
NULL
R-CCU: After ClusterLabelChange for i = 93 
R-CCU: sum(pointsPerCluster) = 1393 
 num [1:3] 1388 4 1
NULL
R-CCU: dpObj$numberClusters = 3 
List of 2
 $ : num [1, 1, 1:3] 0.3334 0.8114 0.0869
 $ : num [1, 1, 1:3] 9.76 4.55 2.72
NULL
R priorParameters: 2 8 
R maxT: 1 
R_PriorDraw_first_mu: 0.5273201 
R_PriorDraw_first_nu: 4.19496 
R-CCU: Before ClusterLabelChange for i = 94 newLabel= 1 currentLabel= 1 
R-CCU: sum(pointsPerCluster) = 1393 
 num [1:3] 1388 4 1
NULL
R-CCU: After ClusterLabelChange for i = 94 
R-CCU: sum(pointsPerCluster) = 1394 
 num [1:3] 1389 4 1
NULL
R-CCU: dpObj$numberClusters = 3 
List of 2
 $ : num [1, 1, 1:3] 0.3334 0.8114 0.0869
 $ : num [1, 1, 1:3] 9.76 4.55 2.72
NULL
R priorParameters: 2 8 
R maxT: 1 
R_PriorDraw_first_mu: 0.03650539 
R_PriorDraw_first_nu: 3.61694 
R-CCU: Before ClusterLabelChange for i = 95 newLabel= 1 currentLabel= 1 
R-CCU: sum(pointsPerCluster) = 1394 
 num [1:3] 1389 4 1
NULL
R-CCU: After ClusterLabelChange for i = 95 
R-CCU: sum(pointsPerCluster) = 1395 
 num [1:3] 1390 4 1
NULL
R-CCU: dpObj$numberClusters = 3 
List of 2
 $ : num [1, 1, 1:3] 0.3334 0.8114 0.0869
 $ : num [1, 1, 1:3] 9.76 4.55 2.72
NULL
R priorParameters: 2 8 
R maxT: 1 
R_PriorDraw_first_mu: 0.9154127 
R_PriorDraw_first_nu: 4.654425 
R-CCU: Before ClusterLabelChange for i = 96 newLabel= 1 currentLabel= 1 
R-CCU: sum(pointsPerCluster) = 1395 
 num [1:3] 1390 4 1
NULL
R-CCU: After ClusterLabelChange for i = 96 
R-CCU: sum(pointsPerCluster) = 1396 
 num [1:3] 1391 4 1
NULL
R-CCU: dpObj$numberClusters = 3 
List of 2
 $ : num [1, 1, 1:3] 0.3334 0.8114 0.0869
 $ : num [1, 1, 1:3] 9.76 4.55 2.72
NULL
R priorParameters: 2 8 
R maxT: 1 
R_PriorDraw_first_mu: 0.6535764 
R_PriorDraw_first_nu: 2.664828 
R-CCU: Before ClusterLabelChange for i = 97 newLabel= 1 currentLabel= 1 
R-CCU: sum(pointsPerCluster) = 1396 
 num [1:3] 1391 4 1
NULL
R-CCU: After ClusterLabelChange for i = 97 
R-CCU: sum(pointsPerCluster) = 1397 
 num [1:3] 1392 4 1
NULL
R-CCU: dpObj$numberClusters = 3 
List of 2
 $ : num [1, 1, 1:3] 0.3334 0.8114 0.0869
 $ : num [1, 1, 1:3] 9.76 4.55 2.72
NULL
R priorParameters: 2 8 
R maxT: 1 
R_PriorDraw_first_mu: 0.7929815 
R_PriorDraw_first_nu: 5.081972 
R-CCU: Before ClusterLabelChange for i = 98 newLabel= 1 currentLabel= 1 
R-CCU: sum(pointsPerCluster) = 1397 
 num [1:3] 1392 4 1
NULL
R-CCU: After ClusterLabelChange for i = 98 
R-CCU: sum(pointsPerCluster) = 1398 
 num [1:3] 1393 4 1
NULL
R-CCU: dpObj$numberClusters = 3 
List of 2
 $ : num [1, 1, 1:3] 0.3334 0.8114 0.0869
 $ : num [1, 1, 1:3] 9.76 4.55 2.72
NULL
R priorParameters: 2 8 
R maxT: 1 
R_PriorDraw_first_mu: 0.622229 
R_PriorDraw_first_nu: 6.162025 
R-CCU: Before ClusterLabelChange for i = 99 newLabel= 1 currentLabel= 1 
R-CCU: sum(pointsPerCluster) = 1398 
 num [1:3] 1393 4 1
NULL
R-CCU: After ClusterLabelChange for i = 99 
R-CCU: sum(pointsPerCluster) = 1399 
 num [1:3] 1394 4 1
NULL
R-CCU: dpObj$numberClusters = 3 
List of 2
 $ : num [1, 1, 1:3] 0.3334 0.8114 0.0869
 $ : num [1, 1, 1:3] 9.76 4.55 2.72
NULL
R priorParameters: 2 8 
R maxT: 1 
R_PriorDraw_first_mu: 0.2915615 
R_PriorDraw_first_nu: 13.54169 
R-CCU: Before ClusterLabelChange for i = 100 newLabel= 1 currentLabel= 1 
R-CCU: sum(pointsPerCluster) = 1399 
 num [1:3] 1394 4 1
NULL
R-CCU: After ClusterLabelChange for i = 100 
R-CCU: sum(pointsPerCluster) = 1400 
 num [1:3] 1395 4 1
NULL
R-CCU: dpObj$numberClusters = 3 
List of 2
 $ : num [1, 1, 1:3] 0.3334 0.8114 0.0869
 $ : num [1, 1, 1:3] 9.76 4.55 2.72
NULL

⠙ | 1 126      5 | Beta Distribution Full Integration Test         R priorParameters: 2 8 
R maxT: 1 
R_PriorDraw_first_mu: 0.3001338 
R_PriorDraw_first_nu: 6.915812 
R-CCU: Before ClusterLabelChange for i = 1 newLabel= 1 currentLabel= 1 
R-CCU: sum(pointsPerCluster) = 1400 
 num [1:3] 1395 4 1
NULL
R-CCU: After ClusterLabelChange for i = 1 
R-CCU: sum(pointsPerCluster) = 1401 
 num [1:3] 1396 4 1
NULL
R-CCU: dpObj$numberClusters = 3 
List of 2
 $ : num [1, 1, 1:3] 0.3334 0.8114 0.0869
 $ : num [1, 1, 1:3] 11.2 4.55 2.72
NULL
R priorParameters: 2 8 
R maxT: 1 
R_PriorDraw_first_mu: 0.9856522 
R_PriorDraw_first_nu: 1.225703 
R-CCU: Before ClusterLabelChange for i = 2 newLabel= 1 currentLabel= 1 
R-CCU: sum(pointsPerCluster) = 1401 
 num [1:3] 1396 4 1
NULL
R-CCU: After ClusterLabelChange for i = 2 
R-CCU: sum(pointsPerCluster) = 1402 
 num [1:3] 1397 4 1
NULL
R-CCU: dpObj$numberClusters = 3 
List of 2
 $ : num [1, 1, 1:3] 0.3334 0.8114 0.0869
 $ : num [1, 1, 1:3] 11.2 4.55 2.72
NULL
R priorParameters: 2 8 
R maxT: 1 
R_PriorDraw_first_mu: 0.05469645 
R_PriorDraw_first_nu: 3.193654 
R-CCU: Before ClusterLabelChange for i = 3 newLabel= 1 currentLabel= 1 
R-CCU: sum(pointsPerCluster) = 1402 
 num [1:3] 1397 4 1
NULL
R-CCU: After ClusterLabelChange for i = 3 
R-CCU: sum(pointsPerCluster) = 1403 
 num [1:3] 1398 4 1
NULL
R-CCU: dpObj$numberClusters = 3 
List of 2
 $ : num [1, 1, 1:3] 0.3334 0.8114 0.0869
 $ : num [1, 1, 1:3] 11.2 4.55 2.72
NULL
R priorParameters: 2 8 
R maxT: 1 
R_PriorDraw_first_mu: 0.5721819 
R_PriorDraw_first_nu: 7.538747 
R-CCU: Before ClusterLabelChange for i = 4 newLabel= 1 currentLabel= 1 
R-CCU: sum(pointsPerCluster) = 1403 
 num [1:3] 1398 4 1
NULL
R-CCU: After ClusterLabelChange for i = 4 
R-CCU: sum(pointsPerCluster) = 1404 
 num [1:3] 1399 4 1
NULL
R-CCU: dpObj$numberClusters = 3 
List of 2
 $ : num [1, 1, 1:3] 0.3334 0.8114 0.0869
 $ : num [1, 1, 1:3] 11.2 4.55 2.72
NULL
R priorParameters: 2 8 
R maxT: 1 
R_PriorDraw_first_mu: 0.885088 
R_PriorDraw_first_nu: 4.51565 
R-CCU: Before ClusterLabelChange for i = 5 newLabel= 1 currentLabel= 1 
R-CCU: sum(pointsPerCluster) = 1404 
 num [1:3] 1399 4 1
NULL
R-CCU: After ClusterLabelChange for i = 5 
R-CCU: sum(pointsPerCluster) = 1405 
 num [1:3] 1400 4 1
NULL
R-CCU: dpObj$numberClusters = 3 
List of 2
 $ : num [1, 1, 1:3] 0.3334 0.8114 0.0869
 $ : num [1, 1, 1:3] 11.2 4.55 2.72
NULL
R priorParameters: 2 8 
R maxT: 1 
R_PriorDraw_first_mu: 0.6232567 
R_PriorDraw_first_nu: 2.470235 
R-CCU: Before ClusterLabelChange for i = 6 newLabel= 1 currentLabel= 1 
R-CCU: sum(pointsPerCluster) = 1405 
 num [1:3] 1400 4 1
NULL
R-CCU: After ClusterLabelChange for i = 6 
R-CCU: sum(pointsPerCluster) = 1406 
 num [1:3] 1401 4 1
NULL
R-CCU: dpObj$numberClusters = 3 
List of 2
 $ : num [1, 1, 1:3] 0.3334 0.8114 0.0869
 $ : num [1, 1, 1:3] 11.2 4.55 2.72
NULL
R priorParameters: 2 8 
R maxT: 1 
R_PriorDraw_first_mu: 0.215564 
R_PriorDraw_first_nu: 4.178764 
R-CCU: Before ClusterLabelChange for i = 7 newLabel= 1 currentLabel= 1 
R-CCU: sum(pointsPerCluster) = 1406 
 num [1:3] 1401 4 1
NULL
R-CCU: After ClusterLabelChange for i = 7 
R-CCU: sum(pointsPerCluster) = 1407 
 num [1:3] 1402 4 1
NULL
R-CCU: dpObj$numberClusters = 3 
List of 2
 $ : num [1, 1, 1:3] 0.3334 0.8114 0.0869
 $ : num [1, 1, 1:3] 11.2 4.55 2.72
NULL
R priorParameters: 2 8 
R maxT: 1 
R_PriorDraw_first_mu: 0.8197856 
R_PriorDraw_first_nu: 2.759984 
R-CCU: Before ClusterLabelChange for i = 8 newLabel= 1 currentLabel= 1 
R-CCU: sum(pointsPerCluster) = 1407 
 num [1:3] 1402 4 1
NULL
R-CCU: After ClusterLabelChange for i = 8 
R-CCU: sum(pointsPerCluster) = 1408 
 num [1:3] 1403 4 1
NULL
R-CCU: dpObj$numberClusters = 3 
List of 2
 $ : num [1, 1, 1:3] 0.3334 0.8114 0.0869
 $ : num [1, 1, 1:3] 11.2 4.55 2.72
NULL
R priorParameters: 2 8 
R maxT: 1 
R_PriorDraw_first_mu: 0.9266026 
R_PriorDraw_first_nu: 2.139421 
R-CCU: Before ClusterLabelChange for i = 9 newLabel= 1 currentLabel= 1 
R-CCU: sum(pointsPerCluster) = 1408 
 num [1:3] 1403 4 1
NULL
R-CCU: After ClusterLabelChange for i = 9 
R-CCU: sum(pointsPerCluster) = 1409 
 num [1:3] 1404 4 1
NULL
R-CCU: dpObj$numberClusters = 3 
List of 2
 $ : num [1, 1, 1:3] 0.3334 0.8114 0.0869
 $ : num [1, 1, 1:3] 11.2 4.55 2.72
NULL
R priorParameters: 2 8 
R maxT: 1 
R_PriorDraw_first_mu: 0.06102445 
R_PriorDraw_first_nu: 1.104447 
R-CCU: Before ClusterLabelChange for i = 10 newLabel= 1 currentLabel= 1 
R-CCU: sum(pointsPerCluster) = 1409 
 num [1:3] 1404 4 1
NULL
R-CCU: After ClusterLabelChange for i = 10 
R-CCU: sum(pointsPerCluster) = 1410 
 num [1:3] 1405 4 1
NULL
R-CCU: dpObj$numberClusters = 3 
List of 2
 $ : num [1, 1, 1:3] 0.3334 0.8114 0.0869
 $ : num [1, 1, 1:3] 11.2 4.55 2.72
NULL
R priorParameters: 2 8 
R maxT: 1 
R_PriorDraw_first_mu: 0.565333 
R_PriorDraw_first_nu: 19.18519 
R-CCU: Before ClusterLabelChange for i = 11 newLabel= 1 currentLabel= 1 
R-CCU: sum(pointsPerCluster) = 1410 
 num [1:3] 1405 4 1
NULL
R-CCU: After ClusterLabelChange for i = 11 
R-CCU: sum(pointsPerCluster) = 1411 
 num [1:3] 1406 4 1
NULL
R-CCU: dpObj$numberClusters = 3 
List of 2
 $ : num [1, 1, 1:3] 0.3334 0.8114 0.0869
 $ : num [1, 1, 1:3] 11.2 4.55 2.72
NULL
R priorParameters: 2 8 
R maxT: 1 
R_PriorDraw_first_mu: 0.3606692 
R_PriorDraw_first_nu: 11.79312 
R-CCU: Before ClusterLabelChange for i = 12 newLabel= 1 currentLabel= 1 
R-CCU: sum(pointsPerCluster) = 1411 
 num [1:3] 1406 4 1
NULL
R-CCU: After ClusterLabelChange for i = 12 
R-CCU: sum(pointsPerCluster) = 1412 
 num [1:3] 1407 4 1
NULL
R-CCU: dpObj$numberClusters = 3 
List of 2
 $ : num [1, 1, 1:3] 0.3334 0.8114 0.0869
 $ : num [1, 1, 1:3] 11.2 4.55 2.72
NULL
R priorParameters: 2 8 
R maxT: 1 
R_PriorDraw_first_mu: 0.7786273 
R_PriorDraw_first_nu: 5.060979 
R-CCU: Before ClusterLabelChange for i = 13 newLabel= 1 currentLabel= 1 
R-CCU: sum(pointsPerCluster) = 1412 
 num [1:3] 1407 4 1
NULL
R-CCU: After ClusterLabelChange for i = 13 
R-CCU: sum(pointsPerCluster) = 1413 
 num [1:3] 1408 4 1
NULL
R-CCU: dpObj$numberClusters = 3 
List of 2
 $ : num [1, 1, 1:3] 0.3334 0.8114 0.0869
 $ : num [1, 1, 1:3] 11.2 4.55 2.72
NULL
R priorParameters: 2 8 
R maxT: 1 
R_PriorDraw_first_mu: 0.8646636 
R_PriorDraw_first_nu: 146.0395 
R-CCU: Before ClusterLabelChange for i = 14 newLabel= 1 currentLabel= 1 
R-CCU: sum(pointsPerCluster) = 1413 
 num [1:3] 1408 4 1
NULL
R-CCU: After ClusterLabelChange for i = 14 
R-CCU: sum(pointsPerCluster) = 1414 
 num [1:3] 1409 4 1
NULL
R-CCU: dpObj$numberClusters = 3 
List of 2
 $ : num [1, 1, 1:3] 0.3334 0.8114 0.0869
 $ : num [1, 1, 1:3] 11.2 4.55 2.72
NULL
R priorParameters: 2 8 
R maxT: 1 
R_PriorDraw_first_mu: 0.3184893 
R_PriorDraw_first_nu: 3.777984 
R-CCU: Before ClusterLabelChange for i = 15 newLabel= 1 currentLabel= 1 
R-CCU: sum(pointsPerCluster) = 1414 
 num [1:3] 1409 4 1
NULL
R-CCU: After ClusterLabelChange for i = 15 
R-CCU: sum(pointsPerCluster) = 1415 
 num [1:3] 1410 4 1
NULL
R-CCU: dpObj$numberClusters = 3 
List of 2
 $ : num [1, 1, 1:3] 0.3334 0.8114 0.0869
 $ : num [1, 1, 1:3] 11.2 4.55 2.72
NULL
R priorParameters: 2 8 
R maxT: 1 
R_PriorDraw_first_mu: 0.4905942 
R_PriorDraw_first_nu: 6.52225 
R-CCU: Before ClusterLabelChange for i = 16 newLabel= 1 currentLabel= 1 
R-CCU: sum(pointsPerCluster) = 1415 
 num [1:3] 1410 4 1
NULL
R-CCU: After ClusterLabelChange for i = 16 
R-CCU: sum(pointsPerCluster) = 1416 
 num [1:3] 1411 4 1
NULL
R-CCU: dpObj$numberClusters = 3 
List of 2
 $ : num [1, 1, 1:3] 0.3334 0.8114 0.0869
 $ : num [1, 1, 1:3] 11.2 4.55 2.72
NULL
R priorParameters: 2 8 
R maxT: 1 
R_PriorDraw_first_mu: 0.07425908 
R_PriorDraw_first_nu: 4.3864 
R-CCU: Before ClusterLabelChange for i = 17 newLabel= 1 currentLabel= 1 
R-CCU: sum(pointsPerCluster) = 1416 
 num [1:3] 1411 4 1
NULL
R-CCU: After ClusterLabelChange for i = 17 
R-CCU: sum(pointsPerCluster) = 1417 
 num [1:3] 1412 4 1
NULL
R-CCU: dpObj$numberClusters = 3 
List of 2
 $ : num [1, 1, 1:3] 0.3334 0.8114 0.0869
 $ : num [1, 1, 1:3] 11.2 4.55 2.72
NULL
R priorParameters: 2 8 
R maxT: 1 
R_PriorDraw_first_mu: 0.5143851 
R_PriorDraw_first_nu: 2.078874 
R-CCU: Before ClusterLabelChange for i = 18 newLabel= 1 currentLabel= 1 
R-CCU: sum(pointsPerCluster) = 1417 
 num [1:3] 1412 4 1
NULL
R-CCU: After ClusterLabelChange for i = 18 
R-CCU: sum(pointsPerCluster) = 1418 
 num [1:3] 1413 4 1
NULL
R-CCU: dpObj$numberClusters = 3 
List of 2
 $ : num [1, 1, 1:3] 0.3334 0.8114 0.0869
 $ : num [1, 1, 1:3] 11.2 4.55 2.72
NULL
R priorParameters: 2 8 
R maxT: 1 
R_PriorDraw_first_mu: 0.7756513 
R_PriorDraw_first_nu: 2.058367 
R-CCU: Before ClusterLabelChange for i = 19 newLabel= 1 currentLabel= 1 
R-CCU: sum(pointsPerCluster) = 1418 
 num [1:3] 1413 4 1
NULL
R-CCU: After ClusterLabelChange for i = 19 
R-CCU: sum(pointsPerCluster) = 1419 
 num [1:3] 1414 4 1
NULL
R-CCU: dpObj$numberClusters = 3 
List of 2
 $ : num [1, 1, 1:3] 0.3334 0.8114 0.0869
 $ : num [1, 1, 1:3] 11.2 4.55 2.72
NULL
R priorParameters: 2 8 
R maxT: 1 
R_PriorDraw_first_mu: 0.8130416 
R_PriorDraw_first_nu: 1.319832 
R-CCU: Before ClusterLabelChange for i = 20 newLabel= 1 currentLabel= 1 
R-CCU: sum(pointsPerCluster) = 1419 
 num [1:3] 1414 4 1
NULL
R-CCU: After ClusterLabelChange for i = 20 
R-CCU: sum(pointsPerCluster) = 1420 
 num [1:3] 1415 4 1
NULL
R-CCU: dpObj$numberClusters = 3 
List of 2
 $ : num [1, 1, 1:3] 0.3334 0.8114 0.0869
 $ : num [1, 1, 1:3] 11.2 4.55 2.72
NULL
R priorParameters: 2 8 
R maxT: 1 
R_PriorDraw_first_mu: 0.9264016 
R_PriorDraw_first_nu: 1.214325 
R-CCU: Before ClusterLabelChange for i = 21 newLabel= 1 currentLabel= 1 
R-CCU: sum(pointsPerCluster) = 1420 
 num [1:3] 1415 4 1
NULL
R-CCU: After ClusterLabelChange for i = 21 
R-CCU: sum(pointsPerCluster) = 1421 
 num [1:3] 1416 4 1
NULL
R-CCU: dpObj$numberClusters = 3 
List of 2
 $ : num [1, 1, 1:3] 0.3334 0.8114 0.0869
 $ : num [1, 1, 1:3] 11.2 4.55 2.72
NULL
R priorParameters: 2 8 
R maxT: 1 
R_PriorDraw_first_mu: 0.3637304 
R_PriorDraw_first_nu: 6.618096 
R-CCU: Before ClusterLabelChange for i = 22 newLabel= 1 currentLabel= 1 
R-CCU: sum(pointsPerCluster) = 1421 
 num [1:3] 1416 4 1
NULL
R-CCU: After ClusterLabelChange for i = 22 
R-CCU: sum(pointsPerCluster) = 1422 
 num [1:3] 1417 4 1
NULL
R-CCU: dpObj$numberClusters = 3 
List of 2
 $ : num [1, 1, 1:3] 0.3334 0.8114 0.0869
 $ : num [1, 1, 1:3] 11.2 4.55 2.72
NULL
R priorParameters: 2 8 
R maxT: 1 
R_PriorDraw_first_mu: 0.1367047 
R_PriorDraw_first_nu: 65.7334 
R-CCU: Before ClusterLabelChange for i = 23 newLabel= 1 currentLabel= 1 
R-CCU: sum(pointsPerCluster) = 1422 
 num [1:3] 1417 4 1
NULL
R-CCU: After ClusterLabelChange for i = 23 
R-CCU: sum(pointsPerCluster) = 1423 
 num [1:3] 1418 4 1
NULL
R-CCU: dpObj$numberClusters = 3 
List of 2
 $ : num [1, 1, 1:3] 0.3334 0.8114 0.0869
 $ : num [1, 1, 1:3] 11.2 4.55 2.72
NULL
R priorParameters: 2 8 
R maxT: 1 
R_PriorDraw_first_mu: 0.5690617 
R_PriorDraw_first_nu: 1.710077 
R-CCU: Before ClusterLabelChange for i = 24 newLabel= 1 currentLabel= 1 
R-CCU: sum(pointsPerCluster) = 1423 
 num [1:3] 1418 4 1
NULL
R-CCU: After ClusterLabelChange for i = 24 
R-CCU: sum(pointsPerCluster) = 1424 
 num [1:3] 1419 4 1
NULL
R-CCU: dpObj$numberClusters = 3 
List of 2
 $ : num [1, 1, 1:3] 0.3334 0.8114 0.0869
 $ : num [1, 1, 1:3] 11.2 4.55 2.72
NULL
R priorParameters: 2 8 
R maxT: 1 
R_PriorDraw_first_mu: 0.4851669 
R_PriorDraw_first_nu: 2.433837 
R-CCU: Before ClusterLabelChange for i = 25 newLabel= 1 currentLabel= 1 
R-CCU: sum(pointsPerCluster) = 1424 
 num [1:3] 1419 4 1
NULL
R-CCU: After ClusterLabelChange for i = 25 
R-CCU: sum(pointsPerCluster) = 1425 
 num [1:3] 1420 4 1
NULL
R-CCU: dpObj$numberClusters = 3 
List of 2
 $ : num [1, 1, 1:3] 0.3334 0.8114 0.0869
 $ : num [1, 1, 1:3] 11.2 4.55 2.72
NULL
R priorParameters: 2 8 
R maxT: 1 
R_PriorDraw_first_mu: 0.5660372 
R_PriorDraw_first_nu: 6.218777 
R-CCU: Before ClusterLabelChange for i = 26 newLabel= 1 currentLabel= 1 
R-CCU: sum(pointsPerCluster) = 1425 
 num [1:3] 1420 4 1
NULL
R-CCU: After ClusterLabelChange for i = 26 
R-CCU: sum(pointsPerCluster) = 1426 
 num [1:3] 1421 4 1
NULL
R-CCU: dpObj$numberClusters = 3 
List of 2
 $ : num [1, 1, 1:3] 0.3334 0.8114 0.0869
 $ : num [1, 1, 1:3] 11.2 4.55 2.72
NULL
R priorParameters: 2 8 
R maxT: 1 
R_PriorDraw_first_mu: 0.4537503 
R_PriorDraw_first_nu: 4.391742 
R-CCU: Before ClusterLabelChange for i = 27 newLabel= 1 currentLabel= 1 
R-CCU: sum(pointsPerCluster) = 1426 
 num [1:3] 1421 4 1
NULL
R-CCU: After ClusterLabelChange for i = 27 
R-CCU: sum(pointsPerCluster) = 1427 
 num [1:3] 1422 4 1
NULL
R-CCU: dpObj$numberClusters = 3 
List of 2
 $ : num [1, 1, 1:3] 0.3334 0.8114 0.0869
 $ : num [1, 1, 1:3] 11.2 4.55 2.72
NULL
R priorParameters: 2 8 
R maxT: 1 
R_PriorDraw_first_mu: 0.9317253 
R_PriorDraw_first_nu: 15.76425 
R-CCU: Before ClusterLabelChange for i = 28 newLabel= 1 currentLabel= 1 
R-CCU: sum(pointsPerCluster) = 1427 
 num [1:3] 1422 4 1
NULL
R-CCU: After ClusterLabelChange for i = 28 
R-CCU: sum(pointsPerCluster) = 1428 
 num [1:3] 1423 4 1
NULL
R-CCU: dpObj$numberClusters = 3 
List of 2
 $ : num [1, 1, 1:3] 0.3334 0.8114 0.0869
 $ : num [1, 1, 1:3] 11.2 4.55 2.72
NULL
R priorParameters: 2 8 
R maxT: 1 
R_PriorDraw_first_mu: 0.6397115 
R_PriorDraw_first_nu: 5.001712 
R-CCU: Before ClusterLabelChange for i = 29 newLabel= 1 currentLabel= 1 
R-CCU: sum(pointsPerCluster) = 1428 
 num [1:3] 1423 4 1
NULL
R-CCU: After ClusterLabelChange for i = 29 
R-CCU: sum(pointsPerCluster) = 1429 
 num [1:3] 1424 4 1
NULL
R-CCU: dpObj$numberClusters = 3 
List of 2
 $ : num [1, 1, 1:3] 0.3334 0.8114 0.0869
 $ : num [1, 1, 1:3] 11.2 4.55 2.72
NULL
R priorParameters: 2 8 
R maxT: 1 
R_PriorDraw_first_mu: 0.6388453 
R_PriorDraw_first_nu: 3.13449 
R-CCU: Before ClusterLabelChange for i = 30 newLabel= 1 currentLabel= 1 
R-CCU: sum(pointsPerCluster) = 1429 
 num [1:3] 1424 4 1
NULL
R-CCU: After ClusterLabelChange for i = 30 
R-CCU: sum(pointsPerCluster) = 1430 
 num [1:3] 1425 4 1
NULL
R-CCU: dpObj$numberClusters = 3 
List of 2
 $ : num [1, 1, 1:3] 0.3334 0.8114 0.0869
 $ : num [1, 1, 1:3] 11.2 4.55 2.72
NULL
R priorParameters: 2 8 
R maxT: 1 
R_PriorDraw_first_mu: 0.360825 
R_PriorDraw_first_nu: 15.45025 
R-CCU: Before ClusterLabelChange for i = 31 newLabel= 1 currentLabel= 1 
R-CCU: sum(pointsPerCluster) = 1430 
 num [1:3] 1425 4 1
NULL
R-CCU: After ClusterLabelChange for i = 31 
R-CCU: sum(pointsPerCluster) = 1431 
 num [1:3] 1426 4 1
NULL
R-CCU: dpObj$numberClusters = 3 
List of 2
 $ : num [1, 1, 1:3] 0.3334 0.8114 0.0869
 $ : num [1, 1, 1:3] 11.2 4.55 2.72
NULL
R priorParameters: 2 8 
R maxT: 1 
R_PriorDraw_first_mu: 0.8149086 
R_PriorDraw_first_nu: 8.869965 
R-CCU: Before ClusterLabelChange for i = 32 newLabel= 1 currentLabel= 1 
R-CCU: sum(pointsPerCluster) = 1431 
 num [1:3] 1426 4 1
NULL
R-CCU: After ClusterLabelChange for i = 32 
R-CCU: sum(pointsPerCluster) = 1432 
 num [1:3] 1427 4 1
NULL
R-CCU: dpObj$numberClusters = 3 
List of 2
 $ : num [1, 1, 1:3] 0.3334 0.8114 0.0869
 $ : num [1, 1, 1:3] 11.2 4.55 2.72
NULL
R priorParameters: 2 8 
R maxT: 1 
R_PriorDraw_first_mu: 0.9323681 
R_PriorDraw_first_nu: 3.952465 
R-CCU: Before ClusterLabelChange for i = 33 newLabel= 1 currentLabel= 1 
R-CCU: sum(pointsPerCluster) = 1432 
 num [1:3] 1427 4 1
NULL
R-CCU: After ClusterLabelChange for i = 33 
R-CCU: sum(pointsPerCluster) = 1433 
 num [1:3] 1428 4 1
NULL
R-CCU: dpObj$numberClusters = 3 
List of 2
 $ : num [1, 1, 1:3] 0.3334 0.8114 0.0869
 $ : num [1, 1, 1:3] 11.2 4.55 2.72
NULL
R priorParameters: 2 8 
R maxT: 1 
R_PriorDraw_first_mu: 0.2919119 
R_PriorDraw_first_nu: 6.257119 
R-CCU: Before ClusterLabelChange for i = 34 newLabel= 1 currentLabel= 1 
R-CCU: sum(pointsPerCluster) = 1433 
 num [1:3] 1428 4 1
NULL
R-CCU: After ClusterLabelChange for i = 34 
R-CCU: sum(pointsPerCluster) = 1434 
 num [1:3] 1429 4 1
NULL
R-CCU: dpObj$numberClusters = 3 
List of 2
 $ : num [1, 1, 1:3] 0.3334 0.8114 0.0869
 $ : num [1, 1, 1:3] 11.2 4.55 2.72
NULL
R priorParameters: 2 8 
R maxT: 1 
R_PriorDraw_first_mu: 0.7415562 
R_PriorDraw_first_nu: 8.476233 
R-CCU: Before ClusterLabelChange for i = 35 newLabel= 1 currentLabel= 1 
R-CCU: sum(pointsPerCluster) = 1434 
 num [1:3] 1429 4 1
NULL
R-CCU: After ClusterLabelChange for i = 35 
R-CCU: sum(pointsPerCluster) = 1435 
 num [1:3] 1430 4 1
NULL
R-CCU: dpObj$numberClusters = 3 
List of 2
 $ : num [1, 1, 1:3] 0.3334 0.8114 0.0869
 $ : num [1, 1, 1:3] 11.2 4.55 2.72
NULL
R priorParameters: 2 8 
R maxT: 1 
R_PriorDraw_first_mu: 0.9019269 
R_PriorDraw_first_nu: 3.245385 
R-CCU: Before ClusterLabelChange for i = 36 newLabel= 1 currentLabel= 1 
R-CCU: sum(pointsPerCluster) = 1435 
 num [1:3] 1430 4 1
NULL
R-CCU: After ClusterLabelChange for i = 36 
R-CCU: sum(pointsPerCluster) = 1436 
 num [1:3] 1431 4 1
NULL
R-CCU: dpObj$numberClusters = 3 
List of 2
 $ : num [1, 1, 1:3] 0.3334 0.8114 0.0869
 $ : num [1, 1, 1:3] 11.2 4.55 2.72
NULL
R priorParameters: 2 8 
R maxT: 1 
R_PriorDraw_first_mu: 0.444951 
R_PriorDraw_first_nu: 3.154614 
R-CCU: Before ClusterLabelChange for i = 37 newLabel= 1 currentLabel= 1 
R-CCU: sum(pointsPerCluster) = 1436 
 num [1:3] 1431 4 1
NULL
R-CCU: After ClusterLabelChange for i = 37 
R-CCU: sum(pointsPerCluster) = 1437 
 num [1:3] 1432 4 1
NULL
R-CCU: dpObj$numberClusters = 3 
List of 2
 $ : num [1, 1, 1:3] 0.3334 0.8114 0.0869
 $ : num [1, 1, 1:3] 11.2 4.55 2.72
NULL
R priorParameters: 2 8 
R maxT: 1 
R_PriorDraw_first_mu: 0.4532358 
R_PriorDraw_first_nu: 5.835926 
R-CCU: Before ClusterLabelChange for i = 38 newLabel= 1 currentLabel= 1 
R-CCU: sum(pointsPerCluster) = 1437 
 num [1:3] 1432 4 1
NULL
R-CCU: After ClusterLabelChange for i = 38 
R-CCU: sum(pointsPerCluster) = 1438 
 num [1:3] 1433 4 1
NULL
R-CCU: dpObj$numberClusters = 3 
List of 2
 $ : num [1, 1, 1:3] 0.3334 0.8114 0.0869
 $ : num [1, 1, 1:3] 11.2 4.55 2.72
NULL
R priorParameters: 2 8 
R maxT: 1 
R_PriorDraw_first_mu: 0.8975531 
R_PriorDraw_first_nu: 1.639977 
R-CCU: Before ClusterLabelChange for i = 39 newLabel= 1 currentLabel= 1 
R-CCU: sum(pointsPerCluster) = 1438 
 num [1:3] 1433 4 1
NULL
R-CCU: After ClusterLabelChange for i = 39 
R-CCU: sum(pointsPerCluster) = 1439 
 num [1:3] 1434 4 1
NULL
R-CCU: dpObj$numberClusters = 3 
List of 2
 $ : num [1, 1, 1:3] 0.3334 0.8114 0.0869
 $ : num [1, 1, 1:3] 11.2 4.55 2.72
NULL
R priorParameters: 2 8 
R maxT: 1 
R_PriorDraw_first_mu: 0.4040831 
R_PriorDraw_first_nu: 4.031315 
R-CCU: Before ClusterLabelChange for i = 40 newLabel= 1 currentLabel= 1 
R-CCU: sum(pointsPerCluster) = 1439 
 num [1:3] 1434 4 1
NULL
R-CCU: After ClusterLabelChange for i = 40 
R-CCU: sum(pointsPerCluster) = 1440 
 num [1:3] 1435 4 1
NULL
R-CCU: dpObj$numberClusters = 3 
List of 2
 $ : num [1, 1, 1:3] 0.3334 0.8114 0.0869
 $ : num [1, 1, 1:3] 11.2 4.55 2.72
NULL
R priorParameters: 2 8 
R maxT: 1 
R_PriorDraw_first_mu: 0.9975924 
R_PriorDraw_first_nu: 1.938592 
R-CCU: Before ClusterLabelChange for i = 41 newLabel= 1 currentLabel= 1 
R-CCU: sum(pointsPerCluster) = 1440 
 num [1:3] 1435 4 1
NULL
R-CCU: After ClusterLabelChange for i = 41 
R-CCU: sum(pointsPerCluster) = 1441 
 num [1:3] 1436 4 1
NULL
R-CCU: dpObj$numberClusters = 3 
List of 2
 $ : num [1, 1, 1:3] 0.3334 0.8114 0.0869
 $ : num [1, 1, 1:3] 11.2 4.55 2.72
NULL
R priorParameters: 2 8 
R maxT: 1 
R_PriorDraw_first_mu: 0.8381361 
R_PriorDraw_first_nu: 1.363629 
R-CCU: Before ClusterLabelChange for i = 42 newLabel= 1 currentLabel= 1 
R-CCU: sum(pointsPerCluster) = 1441 
 num [1:3] 1436 4 1
NULL
R-CCU: After ClusterLabelChange for i = 42 
R-CCU: sum(pointsPerCluster) = 1442 
 num [1:3] 1437 4 1
NULL
R-CCU: dpObj$numberClusters = 3 
List of 2
 $ : num [1, 1, 1:3] 0.3334 0.8114 0.0869
 $ : num [1, 1, 1:3] 11.2 4.55 2.72
NULL
R priorParameters: 2 8 
R maxT: 1 
R_PriorDraw_first_mu: 0.7713504 
R_PriorDraw_first_nu: 3.649066 
R-CCU: Before ClusterLabelChange for i = 43 newLabel= 1 currentLabel= 1 
R-CCU: sum(pointsPerCluster) = 1442 
 num [1:3] 1437 4 1
NULL
R-CCU: After ClusterLabelChange for i = 43 
R-CCU: sum(pointsPerCluster) = 1443 
 num [1:3] 1438 4 1
NULL
R-CCU: dpObj$numberClusters = 3 
List of 2
 $ : num [1, 1, 1:3] 0.3334 0.8114 0.0869
 $ : num [1, 1, 1:3] 11.2 4.55 2.72
NULL
R priorParameters: 2 8 
R maxT: 1 
R_PriorDraw_first_mu: 0.2909973 
R_PriorDraw_first_nu: 9.424731 
R-CCU: Before ClusterLabelChange for i = 44 newLabel= 1 currentLabel= 1 
R-CCU: sum(pointsPerCluster) = 1443 
 num [1:3] 1438 4 1
NULL
R-CCU: After ClusterLabelChange for i = 44 
R-CCU: sum(pointsPerCluster) = 1444 
 num [1:3] 1439 4 1
NULL
R-CCU: dpObj$numberClusters = 3 
List of 2
 $ : num [1, 1, 1:3] 0.3334 0.8114 0.0869
 $ : num [1, 1, 1:3] 11.2 4.55 2.72
NULL
R priorParameters: 2 8 
R maxT: 1 
R_PriorDraw_first_mu: 0.5381614 
R_PriorDraw_first_nu: 4.581163 
R-CCU: Before ClusterLabelChange for i = 45 newLabel= 1 currentLabel= 1 
R-CCU: sum(pointsPerCluster) = 1444 
 num [1:3] 1439 4 1
NULL
R-CCU: After ClusterLabelChange for i = 45 
R-CCU: sum(pointsPerCluster) = 1445 
 num [1:3] 1440 4 1
NULL
R-CCU: dpObj$numberClusters = 3 
List of 2
 $ : num [1, 1, 1:3] 0.3334 0.8114 0.0869
 $ : num [1, 1, 1:3] 11.2 4.55 2.72
NULL
R priorParameters: 2 8 
R maxT: 1 
R_PriorDraw_first_mu: 0.8234262 
R_PriorDraw_first_nu: 8.192809 
R-CCU: Before ClusterLabelChange for i = 46 newLabel= 1 currentLabel= 1 
R-CCU: sum(pointsPerCluster) = 1445 
 num [1:3] 1440 4 1
NULL
R-CCU: After ClusterLabelChange for i = 46 
R-CCU: sum(pointsPerCluster) = 1446 
 num [1:3] 1441 4 1
NULL
R-CCU: dpObj$numberClusters = 3 
List of 2
 $ : num [1, 1, 1:3] 0.3334 0.8114 0.0869
 $ : num [1, 1, 1:3] 11.2 4.55 2.72
NULL
R priorParameters: 2 8 
R maxT: 1 
R_PriorDraw_first_mu: 0.8150462 
R_PriorDraw_first_nu: 11.39908 
R-CCU: Before ClusterLabelChange for i = 47 newLabel= 1 currentLabel= 1 
R-CCU: sum(pointsPerCluster) = 1446 
 num [1:3] 1441 4 1
NULL
R-CCU: After ClusterLabelChange for i = 47 
R-CCU: sum(pointsPerCluster) = 1447 
 num [1:3] 1442 4 1
NULL
R-CCU: dpObj$numberClusters = 3 
List of 2
 $ : num [1, 1, 1:3] 0.3334 0.8114 0.0869
 $ : num [1, 1, 1:3] 11.2 4.55 2.72
NULL
R priorParameters: 2 8 
R maxT: 1 
R_PriorDraw_first_mu: 0.1158905 
R_PriorDraw_first_nu: 4.128153 
R-CCU: Before ClusterLabelChange for i = 48 newLabel= 1 currentLabel= 1 
R-CCU: sum(pointsPerCluster) = 1447 
 num [1:3] 1442 4 1
NULL
R-CCU: After ClusterLabelChange for i = 48 
R-CCU: sum(pointsPerCluster) = 1448 
 num [1:3] 1443 4 1
NULL
R-CCU: dpObj$numberClusters = 3 
List of 2
 $ : num [1, 1, 1:3] 0.3334 0.8114 0.0869
 $ : num [1, 1, 1:3] 11.2 4.55 2.72
NULL
R priorParameters: 2 8 
R maxT: 1 
R_PriorDraw_first_mu: 0.4443844 
R_PriorDraw_first_nu: 1.738034 
R-CCU: Before ClusterLabelChange for i = 49 newLabel= 1 currentLabel= 1 
R-CCU: sum(pointsPerCluster) = 1448 
 num [1:3] 1443 4 1
NULL
R-CCU: After ClusterLabelChange for i = 49 
R-CCU: sum(pointsPerCluster) = 1449 
 num [1:3] 1444 4 1
NULL
R-CCU: dpObj$numberClusters = 3 
List of 2
 $ : num [1, 1, 1:3] 0.3334 0.8114 0.0869
 $ : num [1, 1, 1:3] 11.2 4.55 2.72
NULL
R priorParameters: 2 8 
R maxT: 1 
R_PriorDraw_first_mu: 0.8961788 
R_PriorDraw_first_nu: 11.65467 
R-CCU: Before ClusterLabelChange for i = 50 newLabel= 1 currentLabel= 1 
R-CCU: sum(pointsPerCluster) = 1449 
 num [1:3] 1444 4 1
NULL
R-CCU: After ClusterLabelChange for i = 50 
R-CCU: sum(pointsPerCluster) = 1450 
 num [1:3] 1445 4 1
NULL
R-CCU: dpObj$numberClusters = 3 
List of 2
 $ : num [1, 1, 1:3] 0.3334 0.8114 0.0869
 $ : num [1, 1, 1:3] 11.2 4.55 2.72
NULL
R priorParameters: 2 8 
R maxT: 1 
R_PriorDraw_first_mu: 0.7628759 
R_PriorDraw_first_nu: 10.49968 
R-CCU: Before ClusterLabelChange for i = 51 newLabel= 1 currentLabel= 1 
R-CCU: sum(pointsPerCluster) = 1450 
 num [1:3] 1445 4 1
NULL
R-CCU: After ClusterLabelChange for i = 51 
R-CCU: sum(pointsPerCluster) = 1451 
 num [1:3] 1446 4 1
NULL
R-CCU: dpObj$numberClusters = 3 
List of 2
 $ : num [1, 1, 1:3] 0.3334 0.8114 0.0869
 $ : num [1, 1, 1:3] 11.2 4.55 2.72
NULL
R priorParameters: 2 8 
R maxT: 1 
R_PriorDraw_first_mu: 0.2166488 
R_PriorDraw_first_nu: 15.07327 
R-CCU: Before ClusterLabelChange for i = 52 newLabel= 1 currentLabel= 1 
R-CCU: sum(pointsPerCluster) = 1451 
 num [1:3] 1446 4 1
NULL
R-CCU: After ClusterLabelChange for i = 52 
R-CCU: sum(pointsPerCluster) = 1452 
 num [1:3] 1447 4 1
NULL
R-CCU: dpObj$numberClusters = 3 
List of 2
 $ : num [1, 1, 1:3] 0.3334 0.8114 0.0869
 $ : num [1, 1, 1:3] 11.2 4.55 2.72
NULL
R priorParameters: 2 8 
R maxT: 1 
R_PriorDraw_first_mu: 0.1507429 
R_PriorDraw_first_nu: 12.25081 
R-CCU: Before ClusterLabelChange for i = 53 newLabel= 1 currentLabel= 1 
R-CCU: sum(pointsPerCluster) = 1452 
 num [1:3] 1447 4 1
NULL
R-CCU: After ClusterLabelChange for i = 53 
R-CCU: sum(pointsPerCluster) = 1453 
 num [1:3] 1448 4 1
NULL
R-CCU: dpObj$numberClusters = 3 
List of 2
 $ : num [1, 1, 1:3] 0.3334 0.8114 0.0869
 $ : num [1, 1, 1:3] 11.2 4.55 2.72
NULL
R priorParameters: 2 8 
R maxT: 1 
R_PriorDraw_first_mu: 0.2543458 
R_PriorDraw_first_nu: 16.56479 
R-CCU: Before ClusterLabelChange for i = 54 newLabel= 1 currentLabel= 1 
R-CCU: sum(pointsPerCluster) = 1453 
 num [1:3] 1448 4 1
NULL
R-CCU: After ClusterLabelChange for i = 54 
R-CCU: sum(pointsPerCluster) = 1454 
 num [1:3] 1449 4 1
NULL
R-CCU: dpObj$numberClusters = 3 
List of 2
 $ : num [1, 1, 1:3] 0.3334 0.8114 0.0869
 $ : num [1, 1, 1:3] 11.2 4.55 2.72
NULL
R priorParameters: 2 8 
R maxT: 1 
R_PriorDraw_first_mu: 0.868045 
R_PriorDraw_first_nu: 13.1716 
R-CCU: Before ClusterLabelChange for i = 55 newLabel= 1 currentLabel= 1 
R-CCU: sum(pointsPerCluster) = 1454 
 num [1:3] 1449 4 1
NULL
R-CCU: After ClusterLabelChange for i = 55 
R-CCU: sum(pointsPerCluster) = 1455 
 num [1:3] 1450 4 1
NULL
R-CCU: dpObj$numberClusters = 3 
List of 2
 $ : num [1, 1, 1:3] 0.3334 0.8114 0.0869
 $ : num [1, 1, 1:3] 11.2 4.55 2.72
NULL
R priorParameters: 2 8 
R maxT: 1 
R_PriorDraw_first_mu: 0.9881528 
R_PriorDraw_first_nu: 2.775338 
R-CCU: Before ClusterLabelChange for i = 56 newLabel= 1 currentLabel= 1 
R-CCU: sum(pointsPerCluster) = 1455 
 num [1:3] 1450 4 1
NULL
R-CCU: After ClusterLabelChange for i = 56 
R-CCU: sum(pointsPerCluster) = 1456 
 num [1:3] 1451 4 1
NULL
R-CCU: dpObj$numberClusters = 3 
List of 2
 $ : num [1, 1, 1:3] 0.3334 0.8114 0.0869
 $ : num [1, 1, 1:3] 11.2 4.55 2.72
NULL
R priorParameters: 2 8 
R maxT: 1 
R_PriorDraw_first_mu: 0.06396312 
R_PriorDraw_first_nu: 4.597016 
R-CCU: Before ClusterLabelChange for i = 57 newLabel= 1 currentLabel= 1 
R-CCU: sum(pointsPerCluster) = 1456 
 num [1:3] 1451 4 1
NULL
R-CCU: After ClusterLabelChange for i = 57 
R-CCU: sum(pointsPerCluster) = 1457 
 num [1:3] 1452 4 1
NULL
R-CCU: dpObj$numberClusters = 3 
List of 2
 $ : num [1, 1, 1:3] 0.3334 0.8114 0.0869
 $ : num [1, 1, 1:3] 11.2 4.55 2.72
NULL
R priorParameters: 2 8 
R maxT: 1 
R_PriorDraw_first_mu: 0.9611182 
R_PriorDraw_first_nu: 2.066237 
R-CCU: Before ClusterLabelChange for i = 58 newLabel= 1 currentLabel= 1 
R-CCU: sum(pointsPerCluster) = 1457 
 num [1:3] 1452 4 1
NULL
R-CCU: After ClusterLabelChange for i = 58 
R-CCU: sum(pointsPerCluster) = 1458 
 num [1:3] 1453 4 1
NULL
R-CCU: dpObj$numberClusters = 3 
List of 2
 $ : num [1, 1, 1:3] 0.3334 0.8114 0.0869
 $ : num [1, 1, 1:3] 11.2 4.55 2.72
NULL
R priorParameters: 2 8 
R maxT: 1 
R_PriorDraw_first_mu: 0.9502814 
R_PriorDraw_first_nu: 20.88116 
R-CCU: Before ClusterLabelChange for i = 59 newLabel= 1 currentLabel= 1 
R-CCU: sum(pointsPerCluster) = 1458 
 num [1:3] 1453 4 1
NULL
R-CCU: After ClusterLabelChange for i = 59 
R-CCU: sum(pointsPerCluster) = 1459 
 num [1:3] 1454 4 1
NULL
R-CCU: dpObj$numberClusters = 3 
List of 2
 $ : num [1, 1, 1:3] 0.3334 0.8114 0.0869
 $ : num [1, 1, 1:3] 11.2 4.55 2.72
NULL
R priorParameters: 2 8 
R maxT: 1 
R_PriorDraw_first_mu: 0.38614 
R_PriorDraw_first_nu: 2.386292 
R-CCU: Before ClusterLabelChange for i = 60 newLabel= 1 currentLabel= 1 
R-CCU: sum(pointsPerCluster) = 1459 
 num [1:3] 1454 4 1
NULL
R-CCU: After ClusterLabelChange for i = 60 
R-CCU: sum(pointsPerCluster) = 1460 
 num [1:3] 1455 4 1
NULL
R-CCU: dpObj$numberClusters = 3 
List of 2
 $ : num [1, 1, 1:3] 0.3334 0.8114 0.0869
 $ : num [1, 1, 1:3] 11.2 4.55 2.72
NULL
R priorParameters: 2 8 
R maxT: 1 
R_PriorDraw_first_mu: 0.9808001 
R_PriorDraw_first_nu: 4.876033 
R-CCU: Before ClusterLabelChange for i = 61 newLabel= 1 currentLabel= 1 
R-CCU: sum(pointsPerCluster) = 1460 
 num [1:3] 1455 4 1
NULL
R-CCU: After ClusterLabelChange for i = 61 
R-CCU: sum(pointsPerCluster) = 1461 
 num [1:3] 1456 4 1
NULL
R-CCU: dpObj$numberClusters = 3 
List of 2
 $ : num [1, 1, 1:3] 0.3334 0.8114 0.0869
 $ : num [1, 1, 1:3] 11.2 4.55 2.72
NULL
R priorParameters: 2 8 
R maxT: 1 
R_PriorDraw_first_mu: 0.3698193 
R_PriorDraw_first_nu: 1.247067 
R-CCU: Before ClusterLabelChange for i = 62 newLabel= 1 currentLabel= 1 
R-CCU: sum(pointsPerCluster) = 1461 
 num [1:3] 1456 4 1
NULL
R-CCU: After ClusterLabelChange for i = 62 
R-CCU: sum(pointsPerCluster) = 1462 
 num [1:3] 1457 4 1
NULL
R-CCU: dpObj$numberClusters = 3 
List of 2
 $ : num [1, 1, 1:3] 0.3334 0.8114 0.0869
 $ : num [1, 1, 1:3] 11.2 4.55 2.72
NULL
R priorParameters: 2 8 
R maxT: 1 
R_PriorDraw_first_mu: 0.7468749 
R_PriorDraw_first_nu: 7.464269 
R-CCU: Before ClusterLabelChange for i = 63 newLabel= 1 currentLabel= 1 
R-CCU: sum(pointsPerCluster) = 1462 
 num [1:3] 1457 4 1
NULL
R-CCU: After ClusterLabelChange for i = 63 
R-CCU: sum(pointsPerCluster) = 1463 
 num [1:3] 1458 4 1
NULL
R-CCU: dpObj$numberClusters = 3 
List of 2
 $ : num [1, 1, 1:3] 0.3334 0.8114 0.0869
 $ : num [1, 1, 1:3] 11.2 4.55 2.72
NULL
R priorParameters: 2 8 
R maxT: 1 
R_PriorDraw_first_mu: 0.3387736 
R_PriorDraw_first_nu: 7.995005 
R-CCU: Before ClusterLabelChange for i = 64 newLabel= 1 currentLabel= 1 
R-CCU: sum(pointsPerCluster) = 1463 
 num [1:3] 1458 4 1
NULL
R-CCU: After ClusterLabelChange for i = 64 
R-CCU: sum(pointsPerCluster) = 1464 
 num [1:3] 1459 4 1
NULL
R-CCU: dpObj$numberClusters = 3 
List of 2
 $ : num [1, 1, 1:3] 0.3334 0.8114 0.0869
 $ : num [1, 1, 1:3] 11.2 4.55 2.72
NULL
R priorParameters: 2 8 
R maxT: 1 
R_PriorDraw_first_mu: 0.8471235 
R_PriorDraw_first_nu: 2.728934 
R-CCU: Before ClusterLabelChange for i = 65 newLabel= 1 currentLabel= 1 
R-CCU: sum(pointsPerCluster) = 1464 
 num [1:3] 1459 4 1
NULL
R-CCU: After ClusterLabelChange for i = 65 
R-CCU: sum(pointsPerCluster) = 1465 
 num [1:3] 1460 4 1
NULL
R-CCU: dpObj$numberClusters = 3 
List of 2
 $ : num [1, 1, 1:3] 0.3334 0.8114 0.0869
 $ : num [1, 1, 1:3] 11.2 4.55 2.72
NULL
R priorParameters: 2 8 
R maxT: 1 
R_PriorDraw_first_mu: 0.4097912 
R_PriorDraw_first_nu: 35.61223 
R-CCU: Before ClusterLabelChange for i = 66 newLabel= 1 currentLabel= 1 
R-CCU: sum(pointsPerCluster) = 1465 
 num [1:3] 1460 4 1
NULL
R-CCU: After ClusterLabelChange for i = 66 
R-CCU: sum(pointsPerCluster) = 1466 
 num [1:3] 1461 4 1
NULL
R-CCU: dpObj$numberClusters = 3 
List of 2
 $ : num [1, 1, 1:3] 0.3334 0.8114 0.0869
 $ : num [1, 1, 1:3] 11.2 4.55 2.72
NULL
R priorParameters: 2 8 
R maxT: 1 
R_PriorDraw_first_mu: 0.9571407 
R_PriorDraw_first_nu: 49.5617 
R-CCU: Before ClusterLabelChange for i = 67 newLabel= 1 currentLabel= 1 
R-CCU: sum(pointsPerCluster) = 1466 
 num [1:3] 1461 4 1
NULL
R-CCU: After ClusterLabelChange for i = 67 
R-CCU: sum(pointsPerCluster) = 1467 
 num [1:3] 1462 4 1
NULL
R-CCU: dpObj$numberClusters = 3 
List of 2
 $ : num [1, 1, 1:3] 0.3334 0.8114 0.0869
 $ : num [1, 1, 1:3] 11.2 4.55 2.72
NULL
R priorParameters: 2 8 
R maxT: 1 
R_PriorDraw_first_mu: 0.5797907 
R_PriorDraw_first_nu: 13.62286 
R-CCU: Before ClusterLabelChange for i = 68 newLabel= 1 currentLabel= 1 
R-CCU: sum(pointsPerCluster) = 1467 
 num [1:3] 1462 4 1
NULL
R-CCU: After ClusterLabelChange for i = 68 
R-CCU: sum(pointsPerCluster) = 1468 
 num [1:3] 1463 4 1
NULL
R-CCU: dpObj$numberClusters = 3 
List of 2
 $ : num [1, 1, 1:3] 0.3334 0.8114 0.0869
 $ : num [1, 1, 1:3] 11.2 4.55 2.72
NULL
R priorParameters: 2 8 
R maxT: 1 
R_PriorDraw_first_mu: 0.5173093 
R_PriorDraw_first_nu: 3.141627 
R-CCU: Before ClusterLabelChange for i = 69 newLabel= 1 currentLabel= 1 
R-CCU: sum(pointsPerCluster) = 1468 
 num [1:3] 1463 4 1
NULL
R-CCU: After ClusterLabelChange for i = 69 
R-CCU: sum(pointsPerCluster) = 1469 
 num [1:3] 1464 4 1
NULL
R-CCU: dpObj$numberClusters = 3 
List of 2
 $ : num [1, 1, 1:3] 0.3334 0.8114 0.0869
 $ : num [1, 1, 1:3] 11.2 4.55 2.72
NULL
R priorParameters: 2 8 
R maxT: 1 
R_PriorDraw_first_mu: 0.07770864 
R_PriorDraw_first_nu: 2.86463 
R-CCU: Before ClusterLabelChange for i = 70 newLabel= 1 currentLabel= 1 
R-CCU: sum(pointsPerCluster) = 1469 
 num [1:3] 1464 4 1
NULL
R-CCU: After ClusterLabelChange for i = 70 
R-CCU: sum(pointsPerCluster) = 1470 
 num [1:3] 1465 4 1
NULL
R-CCU: dpObj$numberClusters = 3 
List of 2
 $ : num [1, 1, 1:3] 0.3334 0.8114 0.0869
 $ : num [1, 1, 1:3] 11.2 4.55 2.72
NULL
R priorParameters: 2 8 
R maxT: 1 
R_PriorDraw_first_mu: 0.3557703 
R_PriorDraw_first_nu: 12.75401 
R-CCU: Before ClusterLabelChange for i = 71 newLabel= 1 currentLabel= 1 
R-CCU: sum(pointsPerCluster) = 1470 
 num [1:3] 1465 4 1
NULL
R-CCU: After ClusterLabelChange for i = 71 
R-CCU: sum(pointsPerCluster) = 1471 
 num [1:3] 1466 4 1
NULL
R-CCU: dpObj$numberClusters = 3 
List of 2
 $ : num [1, 1, 1:3] 0.3334 0.8114 0.0869
 $ : num [1, 1, 1:3] 11.2 4.55 2.72
NULL
R priorParameters: 2 8 
R maxT: 1 
R_PriorDraw_first_mu: 0.8553848 
R_PriorDraw_first_nu: 3.554803 
R-CCU: Before ClusterLabelChange for i = 72 newLabel= 1 currentLabel= 1 
R-CCU: sum(pointsPerCluster) = 1471 
 num [1:3] 1466 4 1
NULL
R-CCU: After ClusterLabelChange for i = 72 
R-CCU: sum(pointsPerCluster) = 1472 
 num [1:3] 1467 4 1
NULL
R-CCU: dpObj$numberClusters = 3 
List of 2
 $ : num [1, 1, 1:3] 0.3334 0.8114 0.0869
 $ : num [1, 1, 1:3] 11.2 4.55 2.72
NULL
R priorParameters: 2 8 
R maxT: 1 
R_PriorDraw_first_mu: 0.6789828 
R_PriorDraw_first_nu: 5.328567 
R-CCU: Before ClusterLabelChange for i = 73 newLabel= 1 currentLabel= 1 
R-CCU: sum(pointsPerCluster) = 1472 
 num [1:3] 1467 4 1
NULL
R-CCU: After ClusterLabelChange for i = 73 
R-CCU: sum(pointsPerCluster) = 1473 
 num [1:3] 1468 4 1
NULL
R-CCU: dpObj$numberClusters = 3 
List of 2
 $ : num [1, 1, 1:3] 0.3334 0.8114 0.0869
 $ : num [1, 1, 1:3] 11.2 4.55 2.72
NULL
R priorParameters: 2 8 
R maxT: 1 
R_PriorDraw_first_mu: 0.1868164 
R_PriorDraw_first_nu: 2.110777 
R-CCU: Before ClusterLabelChange for i = 74 newLabel= 2 currentLabel= 1 
R-CCU: sum(pointsPerCluster) = 1473 
 num [1:3] 1468 4 1
NULL
R-CCU: After ClusterLabelChange for i = 74 
R-CCU: sum(pointsPerCluster) = 1474 
 num [1:3] 1468 5 1
NULL
R-CCU: dpObj$numberClusters = 3 
List of 2
 $ : num [1, 1, 1:3] 0.3334 0.8114 0.0869
 $ : num [1, 1, 1:3] 11.2 4.55 2.72
NULL
R priorParameters: 2 8 
R maxT: 1 
R_PriorDraw_first_mu: 0.7099733 
R_PriorDraw_first_nu: 1.503415 
R-CCU: Before ClusterLabelChange for i = 75 newLabel= 1 currentLabel= 1 
R-CCU: sum(pointsPerCluster) = 1474 
 num [1:3] 1468 5 1
NULL
R-CCU: After ClusterLabelChange for i = 75 
R-CCU: sum(pointsPerCluster) = 1475 
 num [1:3] 1469 5 1
NULL
R-CCU: dpObj$numberClusters = 3 
List of 2
 $ : num [1, 1, 1:3] 0.3334 0.8114 0.0869
 $ : num [1, 1, 1:3] 11.2 4.55 2.72
NULL
R priorParameters: 2 8 
R maxT: 1 
R_PriorDraw_first_mu: 0.2333916 
R_PriorDraw_first_nu: 4.638929 
R-CCU: Before ClusterLabelChange for i = 76 newLabel= 1 currentLabel= 1 
R-CCU: sum(pointsPerCluster) = 1475 
 num [1:3] 1469 5 1
NULL
R-CCU: After ClusterLabelChange for i = 76 
R-CCU: sum(pointsPerCluster) = 1476 
 num [1:3] 1470 5 1
NULL
R-CCU: dpObj$numberClusters = 3 
List of 2
 $ : num [1, 1, 1:3] 0.3334 0.8114 0.0869
 $ : num [1, 1, 1:3] 11.2 4.55 2.72
NULL
R priorParameters: 2 8 
R maxT: 1 
R_PriorDraw_first_mu: 0.1879864 
R_PriorDraw_first_nu: 7.082646 
R-CCU: Before ClusterLabelChange for i = 77 newLabel= 1 currentLabel= 1 
R-CCU: sum(pointsPerCluster) = 1476 
 num [1:3] 1470 5 1
NULL
R-CCU: After ClusterLabelChange for i = 77 
R-CCU: sum(pointsPerCluster) = 1477 
 num [1:3] 1471 5 1
NULL
R-CCU: dpObj$numberClusters = 3 
List of 2
 $ : num [1, 1, 1:3] 0.3334 0.8114 0.0869
 $ : num [1, 1, 1:3] 11.2 4.55 2.72
NULL
R priorParameters: 2 8 
R maxT: 1 
R_PriorDraw_first_mu: 0.09845541 
R_PriorDraw_first_nu: 3.331992 
R-CCU: Before ClusterLabelChange for i = 78 newLabel= 1 currentLabel= 1 
R-CCU: sum(pointsPerCluster) = 1477 
 num [1:3] 1471 5 1
NULL
R-CCU: After ClusterLabelChange for i = 78 
R-CCU: sum(pointsPerCluster) = 1478 
 num [1:3] 1472 5 1
NULL
R-CCU: dpObj$numberClusters = 3 
List of 2
 $ : num [1, 1, 1:3] 0.3334 0.8114 0.0869
 $ : num [1, 1, 1:3] 11.2 4.55 2.72
NULL
R priorParameters: 2 8 
R maxT: 1 
R_PriorDraw_first_mu: 0.1914352 
R_PriorDraw_first_nu: 8.830874 
R-CCU: Before ClusterLabelChange for i = 79 newLabel= 1 currentLabel= 1 
R-CCU: sum(pointsPerCluster) = 1478 
 num [1:3] 1472 5 1
NULL
R-CCU: After ClusterLabelChange for i = 79 
R-CCU: sum(pointsPerCluster) = 1479 
 num [1:3] 1473 5 1
NULL
R-CCU: dpObj$numberClusters = 3 
List of 2
 $ : num [1, 1, 1:3] 0.3334 0.8114 0.0869
 $ : num [1, 1, 1:3] 11.2 4.55 2.72
NULL
R priorParameters: 2 8 
R maxT: 1 
R_PriorDraw_first_mu: 0.4610661 
R_PriorDraw_first_nu: 17.66494 
R-CCU: Before ClusterLabelChange for i = 80 newLabel= 1 currentLabel= 1 
R-CCU: sum(pointsPerCluster) = 1479 
 num [1:3] 1473 5 1
NULL
R-CCU: After ClusterLabelChange for i = 80 
R-CCU: sum(pointsPerCluster) = 1480 
 num [1:3] 1474 5 1
NULL
R-CCU: dpObj$numberClusters = 3 
List of 2
 $ : num [1, 1, 1:3] 0.3334 0.8114 0.0869
 $ : num [1, 1, 1:3] 11.2 4.55 2.72
NULL
R priorParameters: 2 8 
R maxT: 1 
R_PriorDraw_first_mu: 0.6203473 
R_PriorDraw_first_nu: 5.393445 
R-CCU: Before ClusterLabelChange for i = 81 newLabel= 1 currentLabel= 1 
R-CCU: sum(pointsPerCluster) = 1480 
 num [1:3] 1474 5 1
NULL
R-CCU: After ClusterLabelChange for i = 81 
R-CCU: sum(pointsPerCluster) = 1481 
 num [1:3] 1475 5 1
NULL
R-CCU: dpObj$numberClusters = 3 
List of 2
 $ : num [1, 1, 1:3] 0.3334 0.8114 0.0869
 $ : num [1, 1, 1:3] 11.2 4.55 2.72
NULL
R priorParameters: 2 8 
R maxT: 1 
R_PriorDraw_first_mu: 0.7124945 
R_PriorDraw_first_nu: 20.48866 
R-CCU: Before ClusterLabelChange for i = 82 newLabel= 1 currentLabel= 1 
R-CCU: sum(pointsPerCluster) = 1481 
 num [1:3] 1475 5 1
NULL
R-CCU: After ClusterLabelChange for i = 82 
R-CCU: sum(pointsPerCluster) = 1482 
 num [1:3] 1476 5 1
NULL
R-CCU: dpObj$numberClusters = 3 
List of 2
 $ : num [1, 1, 1:3] 0.3334 0.8114 0.0869
 $ : num [1, 1, 1:3] 11.2 4.55 2.72
NULL
R priorParameters: 2 8 
R maxT: 1 
R_PriorDraw_first_mu: 0.178032 
R_PriorDraw_first_nu: 9.526098 
R-CCU: Before ClusterLabelChange for i = 83 newLabel= 1 currentLabel= 1 
R-CCU: sum(pointsPerCluster) = 1482 
 num [1:3] 1476 5 1
NULL
R-CCU: After ClusterLabelChange for i = 83 
R-CCU: sum(pointsPerCluster) = 1483 
 num [1:3] 1477 5 1
NULL
R-CCU: dpObj$numberClusters = 3 
List of 2
 $ : num [1, 1, 1:3] 0.3334 0.8114 0.0869
 $ : num [1, 1, 1:3] 11.2 4.55 2.72
NULL
R priorParameters: 2 8 
R maxT: 1 
R_PriorDraw_first_mu: 0.0795692 
R_PriorDraw_first_nu: 3.934357 
R-CCU: Before ClusterLabelChange for i = 84 newLabel= 1 currentLabel= 1 
R-CCU: sum(pointsPerCluster) = 1483 
 num [1:3] 1477 5 1
NULL
R-CCU: After ClusterLabelChange for i = 84 
R-CCU: sum(pointsPerCluster) = 1484 
 num [1:3] 1478 5 1
NULL
R-CCU: dpObj$numberClusters = 3 
List of 2
 $ : num [1, 1, 1:3] 0.3334 0.8114 0.0869
 $ : num [1, 1, 1:3] 11.2 4.55 2.72
NULL
R priorParameters: 2 8 
R maxT: 1 
R_PriorDraw_first_mu: 0.8565771 
R_PriorDraw_first_nu: 11.78523 
R-CCU: Before ClusterLabelChange for i = 85 newLabel= 1 currentLabel= 1 
R-CCU: sum(pointsPerCluster) = 1484 
 num [1:3] 1478 5 1
NULL
R-CCU: After ClusterLabelChange for i = 85 
R-CCU: sum(pointsPerCluster) = 1485 
 num [1:3] 1479 5 1
NULL
R-CCU: dpObj$numberClusters = 3 
List of 2
 $ : num [1, 1, 1:3] 0.3334 0.8114 0.0869
 $ : num [1, 1, 1:3] 11.2 4.55 2.72
NULL
R priorParameters: 2 8 
R maxT: 1 
R_PriorDraw_first_mu: 0.4002029 
R_PriorDraw_first_nu: 12.51723 
R-CCU: Before ClusterLabelChange for i = 86 newLabel= 1 currentLabel= 1 
R-CCU: sum(pointsPerCluster) = 1485 
 num [1:3] 1479 5 1
NULL
R-CCU: After ClusterLabelChange for i = 86 
R-CCU: sum(pointsPerCluster) = 1486 
 num [1:3] 1480 5 1
NULL
R-CCU: dpObj$numberClusters = 3 
List of 2
 $ : num [1, 1, 1:3] 0.3334 0.8114 0.0869
 $ : num [1, 1, 1:3] 11.2 4.55 2.72
NULL
R priorParameters: 2 8 
R maxT: 1 
R_PriorDraw_first_mu: 0.7005237 
R_PriorDraw_first_nu: 2.090921 
R-CCU: Before ClusterLabelChange for i = 87 newLabel= 1 currentLabel= 1 
R-CCU: sum(pointsPerCluster) = 1486 
 num [1:3] 1480 5 1
NULL
R-CCU: After ClusterLabelChange for i = 87 
R-CCU: sum(pointsPerCluster) = 1487 
 num [1:3] 1481 5 1
NULL
R-CCU: dpObj$numberClusters = 3 
List of 2
 $ : num [1, 1, 1:3] 0.3334 0.8114 0.0869
 $ : num [1, 1, 1:3] 11.2 4.55 2.72
NULL
R priorParameters: 2 8 
R maxT: 1 
R_PriorDraw_first_mu: 0.55024 
R_PriorDraw_first_nu: 4.86922 
R-CCU: Before ClusterLabelChange for i = 88 newLabel= 1 currentLabel= 1 
R-CCU: sum(pointsPerCluster) = 1487 
 num [1:3] 1481 5 1
NULL
R-CCU: After ClusterLabelChange for i = 88 
R-CCU: sum(pointsPerCluster) = 1488 
 num [1:3] 1482 5 1
NULL
R-CCU: dpObj$numberClusters = 3 
List of 2
 $ : num [1, 1, 1:3] 0.3334 0.8114 0.0869
 $ : num [1, 1, 1:3] 11.2 4.55 2.72
NULL
R priorParameters: 2 8 
R maxT: 1 
R_PriorDraw_first_mu: 0.5586454 
R_PriorDraw_first_nu: 9.211346 
R-CCU: Before ClusterLabelChange for i = 89 newLabel= 1 currentLabel= 1 
R-CCU: sum(pointsPerCluster) = 1488 
 num [1:3] 1482 5 1
NULL
R-CCU: After ClusterLabelChange for i = 89 
R-CCU: sum(pointsPerCluster) = 1489 
 num [1:3] 1483 5 1
NULL
R-CCU: dpObj$numberClusters = 3 
List of 2
 $ : num [1, 1, 1:3] 0.3334 0.8114 0.0869
 $ : num [1, 1, 1:3] 11.2 4.55 2.72
NULL
R priorParameters: 2 8 
R maxT: 1 
R_PriorDraw_first_mu: 0.7813888 
R_PriorDraw_first_nu: 4.380144 
R-CCU: Before ClusterLabelChange for i = 90 newLabel= 1 currentLabel= 1 
R-CCU: sum(pointsPerCluster) = 1489 
 num [1:3] 1483 5 1
NULL
R-CCU: After ClusterLabelChange for i = 90 
R-CCU: sum(pointsPerCluster) = 1490 
 num [1:3] 1484 5 1
NULL
R-CCU: dpObj$numberClusters = 3 
List of 2
 $ : num [1, 1, 1:3] 0.3334 0.8114 0.0869
 $ : num [1, 1, 1:3] 11.2 4.55 2.72
NULL
R priorParameters: 2 8 
R maxT: 1 
R_PriorDraw_first_mu: 0.7491289 
R_PriorDraw_first_nu: 4.259557 
R-CCU: Before ClusterLabelChange for i = 91 newLabel= 1 currentLabel= 1 
R-CCU: sum(pointsPerCluster) = 1490 
 num [1:3] 1484 5 1
NULL
R-CCU: After ClusterLabelChange for i = 91 
R-CCU: sum(pointsPerCluster) = 1491 
 num [1:3] 1485 5 1
NULL
R-CCU: dpObj$numberClusters = 3 
List of 2
 $ : num [1, 1, 1:3] 0.3334 0.8114 0.0869
 $ : num [1, 1, 1:3] 11.2 4.55 2.72
NULL
R priorParameters: 2 8 
R maxT: 1 
R_PriorDraw_first_mu: 0.001665586 
R_PriorDraw_first_nu: 3.883579 
R-CCU: Before ClusterLabelChange for i = 92 newLabel= 1 currentLabel= 1 
R-CCU: sum(pointsPerCluster) = 1491 
 num [1:3] 1485 5 1
NULL
R-CCU: After ClusterLabelChange for i = 92 
R-CCU: sum(pointsPerCluster) = 1492 
 num [1:3] 1486 5 1
NULL
R-CCU: dpObj$numberClusters = 3 
List of 2
 $ : num [1, 1, 1:3] 0.3334 0.8114 0.0869
 $ : num [1, 1, 1:3] 11.2 4.55 2.72
NULL
R priorParameters: 2 8 
R maxT: 1 
R_PriorDraw_first_mu: 0.3267176 
R_PriorDraw_first_nu: 2.509808 
R-CCU: Before ClusterLabelChange for i = 93 newLabel= 1 currentLabel= 1 
R-CCU: sum(pointsPerCluster) = 1492 
 num [1:3] 1486 5 1
NULL
R-CCU: After ClusterLabelChange for i = 93 
R-CCU: sum(pointsPerCluster) = 1493 
 num [1:3] 1487 5 1
NULL
R-CCU: dpObj$numberClusters = 3 
List of 2
 $ : num [1, 1, 1:3] 0.3334 0.8114 0.0869
 $ : num [1, 1, 1:3] 11.2 4.55 2.72
NULL
R priorParameters: 2 8 
R maxT: 1 
R_PriorDraw_first_mu: 0.2523196 
R_PriorDraw_first_nu: 26.95355 
R-CCU: Before ClusterLabelChange for i = 94 newLabel= 1 currentLabel= 1 
R-CCU: sum(pointsPerCluster) = 1493 
 num [1:3] 1487 5 1
NULL
R-CCU: After ClusterLabelChange for i = 94 
R-CCU: sum(pointsPerCluster) = 1494 
 num [1:3] 1488 5 1
NULL
R-CCU: dpObj$numberClusters = 3 
List of 2
 $ : num [1, 1, 1:3] 0.3334 0.8114 0.0869
 $ : num [1, 1, 1:3] 11.2 4.55 2.72
NULL
R priorParameters: 2 8 
R maxT: 1 
R_PriorDraw_first_mu: 0.944221 
R_PriorDraw_first_nu: 5.206068 
R-CCU: Before ClusterLabelChange for i = 95 newLabel= 1 currentLabel= 1 
R-CCU: sum(pointsPerCluster) = 1494 
 num [1:3] 1488 5 1
NULL
R-CCU: After ClusterLabelChange for i = 95 
R-CCU: sum(pointsPerCluster) = 1495 
 num [1:3] 1489 5 1
NULL
R-CCU: dpObj$numberClusters = 3 
List of 2
 $ : num [1, 1, 1:3] 0.3334 0.8114 0.0869
 $ : num [1, 1, 1:3] 11.2 4.55 2.72
NULL
R priorParameters: 2 8 
R maxT: 1 
R_PriorDraw_first_mu: 0.3751317 
R_PriorDraw_first_nu: 3.599118 
R-CCU: Before ClusterLabelChange for i = 96 newLabel= 1 currentLabel= 1 
R-CCU: sum(pointsPerCluster) = 1495 
 num [1:3] 1489 5 1
NULL
R-CCU: After ClusterLabelChange for i = 96 
R-CCU: sum(pointsPerCluster) = 1496 
 num [1:3] 1490 5 1
NULL
R-CCU: dpObj$numberClusters = 3 
List of 2
 $ : num [1, 1, 1:3] 0.3334 0.8114 0.0869
 $ : num [1, 1, 1:3] 11.2 4.55 2.72
NULL
R priorParameters: 2 8 
R maxT: 1 
R_PriorDraw_first_mu: 0.9090129 
R_PriorDraw_first_nu: 34.46843 
R-CCU: Before ClusterLabelChange for i = 97 newLabel= 1 currentLabel= 1 
R-CCU: sum(pointsPerCluster) = 1496 
 num [1:3] 1490 5 1
NULL
R-CCU: After ClusterLabelChange for i = 97 
R-CCU: sum(pointsPerCluster) = 1497 
 num [1:3] 1491 5 1
NULL
R-CCU: dpObj$numberClusters = 3 
List of 2
 $ : num [1, 1, 1:3] 0.3334 0.8114 0.0869
 $ : num [1, 1, 1:3] 11.2 4.55 2.72
NULL
R priorParameters: 2 8 
R maxT: 1 
R_PriorDraw_first_mu: 0.2808718 
R_PriorDraw_first_nu: 1.236278 
R-CCU: Before ClusterLabelChange for i = 98 newLabel= 1 currentLabel= 1 
R-CCU: sum(pointsPerCluster) = 1497 
 num [1:3] 1491 5 1
NULL
R-CCU: After ClusterLabelChange for i = 98 
R-CCU: sum(pointsPerCluster) = 1498 
 num [1:3] 1492 5 1
NULL
R-CCU: dpObj$numberClusters = 3 
List of 2
 $ : num [1, 1, 1:3] 0.3334 0.8114 0.0869
 $ : num [1, 1, 1:3] 11.2 4.55 2.72
NULL
R priorParameters: 2 8 
R maxT: 1 
R_PriorDraw_first_mu: 0.9315635 
R_PriorDraw_first_nu: 2.732187 
R-CCU: Before ClusterLabelChange for i = 99 newLabel= 1 currentLabel= 1 
R-CCU: sum(pointsPerCluster) = 1498 
 num [1:3] 1492 5 1
NULL
R-CCU: After ClusterLabelChange for i = 99 
R-CCU: sum(pointsPerCluster) = 1499 
 num [1:3] 1493 5 1
NULL
R-CCU: dpObj$numberClusters = 3 
List of 2
 $ : num [1, 1, 1:3] 0.3334 0.8114 0.0869
 $ : num [1, 1, 1:3] 11.2 4.55 2.72
NULL
R priorParameters: 2 8 
R maxT: 1 
R_PriorDraw_first_mu: 0.7568542 
R_PriorDraw_first_nu: 9.203195 
R-CCU: Before ClusterLabelChange for i = 100 newLabel= 1 currentLabel= 1 
R-CCU: sum(pointsPerCluster) = 1499 
 num [1:3] 1493 5 1
NULL
R-CCU: After ClusterLabelChange for i = 100 
R-CCU: sum(pointsPerCluster) = 1500 
 num [1:3] 1494 5 1
NULL
R-CCU: dpObj$numberClusters = 3 
List of 2
 $ : num [1, 1, 1:3] 0.3334 0.8114 0.0869
 $ : num [1, 1, 1:3] 11.2 4.55 2.72
NULL

⠸ | 1 128      5 | Beta Distribution Full Integration Test         
⠼ | 1 129      5 | Beta Distribution Full Integration Test         R priorParameters: 2 8 
R maxT: 1 
R_PriorDraw_first_mu: 0.8383765 
R_PriorDraw_first_nu: 3.705808 
R-CCU: Before ClusterLabelChange for i = 1 newLabel= 1 currentLabel= 1 
R-CCU: sum(pointsPerCluster) = 1500 
 num [1:3] 1494 5 1
NULL
R-CCU: After ClusterLabelChange for i = 1 
R-CCU: sum(pointsPerCluster) = 1501 
 num [1:3] 1495 5 1
NULL
R-CCU: dpObj$numberClusters = 3 
List of 2
 $ : num [1, 1, 1:3] 0.3354 0.7922 0.0869
 $ : num [1, 1, 1:3] 8.32 3.42 2.72
NULL
R priorParameters: 2 8 
R maxT: 1 
R_PriorDraw_first_mu: 0.2325335 
R_PriorDraw_first_nu: 13.17506 
R-CCU: Before ClusterLabelChange for i = 2 newLabel= 1 currentLabel= 1 
R-CCU: sum(pointsPerCluster) = 1501 
 num [1:3] 1495 5 1
NULL
R-CCU: After ClusterLabelChange for i = 2 
R-CCU: sum(pointsPerCluster) = 1502 
 num [1:3] 1496 5 1
NULL
R-CCU: dpObj$numberClusters = 3 
List of 2
 $ : num [1, 1, 1:3] 0.3354 0.7922 0.0869
 $ : num [1, 1, 1:3] 8.32 3.42 2.72
NULL
R priorParameters: 2 8 
R maxT: 1 
R_PriorDraw_first_mu: 0.1797835 
R_PriorDraw_first_nu: 22.18657 
R-CCU: Before ClusterLabelChange for i = 3 newLabel= 1 currentLabel= 1 
R-CCU: sum(pointsPerCluster) = 1502 
 num [1:3] 1496 5 1
NULL
R-CCU: After ClusterLabelChange for i = 3 
R-CCU: sum(pointsPerCluster) = 1503 
 num [1:3] 1497 5 1
NULL
R-CCU: dpObj$numberClusters = 3 
List of 2
 $ : num [1, 1, 1:3] 0.3354 0.7922 0.0869
 $ : num [1, 1, 1:3] 8.32 3.42 2.72
NULL
R priorParameters: 2 8 
R maxT: 1 
R_PriorDraw_first_mu: 0.3880515 
R_PriorDraw_first_nu: 7.284342 
R-CCU: Before ClusterLabelChange for i = 4 newLabel= 1 currentLabel= 1 
R-CCU: sum(pointsPerCluster) = 1503 
 num [1:3] 1497 5 1
NULL
R-CCU: After ClusterLabelChange for i = 4 
R-CCU: sum(pointsPerCluster) = 1504 
 num [1:3] 1498 5 1
NULL
R-CCU: dpObj$numberClusters = 3 
List of 2
 $ : num [1, 1, 1:3] 0.3354 0.7922 0.0869
 $ : num [1, 1, 1:3] 8.32 3.42 2.72
NULL
R priorParameters: 2 8 
R maxT: 1 
R_PriorDraw_first_mu: 0.5270302 
R_PriorDraw_first_nu: 6.337659 
R-CCU: Before ClusterLabelChange for i = 5 newLabel= 1 currentLabel= 1 
R-CCU: sum(pointsPerCluster) = 1504 
 num [1:3] 1498 5 1
NULL
R-CCU: After ClusterLabelChange for i = 5 
R-CCU: sum(pointsPerCluster) = 1505 
 num [1:3] 1499 5 1
NULL
R-CCU: dpObj$numberClusters = 3 
List of 2
 $ : num [1, 1, 1:3] 0.3354 0.7922 0.0869
 $ : num [1, 1, 1:3] 8.32 3.42 2.72
NULL
R priorParameters: 2 8 
R maxT: 1 
R_PriorDraw_first_mu: 0.08624119 
R_PriorDraw_first_nu: 13.19985 
R-CCU: Before ClusterLabelChange for i = 6 newLabel= 1 currentLabel= 1 
R-CCU: sum(pointsPerCluster) = 1505 
 num [1:3] 1499 5 1
NULL
R-CCU: After ClusterLabelChange for i = 6 
R-CCU: sum(pointsPerCluster) = 1506 
 num [1:3] 1500 5 1
NULL
R-CCU: dpObj$numberClusters = 3 
List of 2
 $ : num [1, 1, 1:3] 0.3354 0.7922 0.0869
 $ : num [1, 1, 1:3] 8.32 3.42 2.72
NULL
R priorParameters: 2 8 
R maxT: 1 
R_PriorDraw_first_mu: 0.8994238 
R_PriorDraw_first_nu: 20.65666 
R-CCU: Before ClusterLabelChange for i = 7 newLabel= 1 currentLabel= 1 
R-CCU: sum(pointsPerCluster) = 1506 
 num [1:3] 1500 5 1
NULL
R-CCU: After ClusterLabelChange for i = 7 
R-CCU: sum(pointsPerCluster) = 1507 
 num [1:3] 1501 5 1
NULL
R-CCU: dpObj$numberClusters = 3 
List of 2
 $ : num [1, 1, 1:3] 0.3354 0.7922 0.0869
 $ : num [1, 1, 1:3] 8.32 3.42 2.72
NULL
R priorParameters: 2 8 
R maxT: 1 
R_PriorDraw_first_mu: 0.635499 
R_PriorDraw_first_nu: 5.199694 
R-CCU: Before ClusterLabelChange for i = 8 newLabel= 1 currentLabel= 1 
R-CCU: sum(pointsPerCluster) = 1507 
 num [1:3] 1501 5 1
NULL
R-CCU: After ClusterLabelChange for i = 8 
R-CCU: sum(pointsPerCluster) = 1508 
 num [1:3] 1502 5 1
NULL
R-CCU: dpObj$numberClusters = 3 
List of 2
 $ : num [1, 1, 1:3] 0.3354 0.7922 0.0869
 $ : num [1, 1, 1:3] 8.32 3.42 2.72
NULL
R priorParameters: 2 8 
R maxT: 1 
R_PriorDraw_first_mu: 0.3121407 
R_PriorDraw_first_nu: 3.443012 
R-CCU: Before ClusterLabelChange for i = 9 newLabel= 1 currentLabel= 1 
R-CCU: sum(pointsPerCluster) = 1508 
 num [1:3] 1502 5 1
NULL
R-CCU: After ClusterLabelChange for i = 9 
R-CCU: sum(pointsPerCluster) = 1509 
 num [1:3] 1503 5 1
NULL
R-CCU: dpObj$numberClusters = 3 
List of 2
 $ : num [1, 1, 1:3] 0.3354 0.7922 0.0869
 $ : num [1, 1, 1:3] 8.32 3.42 2.72
NULL
R priorParameters: 2 8 
R maxT: 1 
R_PriorDraw_first_mu: 0.4598587 
R_PriorDraw_first_nu: 7.912456 
R-CCU: Before ClusterLabelChange for i = 10 newLabel= 1 currentLabel= 1 
R-CCU: sum(pointsPerCluster) = 1509 
 num [1:3] 1503 5 1
NULL
R-CCU: After ClusterLabelChange for i = 10 
R-CCU: sum(pointsPerCluster) = 1510 
 num [1:3] 1504 5 1
NULL
R-CCU: dpObj$numberClusters = 3 
List of 2
 $ : num [1, 1, 1:3] 0.3354 0.7922 0.0869
 $ : num [1, 1, 1:3] 8.32 3.42 2.72
NULL
R priorParameters: 2 8 
R maxT: 1 
R_PriorDraw_first_mu: 0.2344435 
R_PriorDraw_first_nu: 4.6257 
R-CCU: Before ClusterLabelChange for i = 11 newLabel= 1 currentLabel= 1 
R-CCU: sum(pointsPerCluster) = 1510 
 num [1:3] 1504 5 1
NULL
R-CCU: After ClusterLabelChange for i = 11 
R-CCU: sum(pointsPerCluster) = 1511 
 num [1:3] 1505 5 1
NULL
R-CCU: dpObj$numberClusters = 3 
List of 2
 $ : num [1, 1, 1:3] 0.3354 0.7922 0.0869
 $ : num [1, 1, 1:3] 8.32 3.42 2.72
NULL
R priorParameters: 2 8 
R maxT: 1 
R_PriorDraw_first_mu: 0.9293658 
R_PriorDraw_first_nu: 3.402077 
R-CCU: Before ClusterLabelChange for i = 12 newLabel= 1 currentLabel= 1 
R-CCU: sum(pointsPerCluster) = 1511 
 num [1:3] 1505 5 1
NULL
R-CCU: After ClusterLabelChange for i = 12 
R-CCU: sum(pointsPerCluster) = 1512 
 num [1:3] 1506 5 1
NULL
R-CCU: dpObj$numberClusters = 3 
List of 2
 $ : num [1, 1, 1:3] 0.3354 0.7922 0.0869
 $ : num [1, 1, 1:3] 8.32 3.42 2.72
NULL
R priorParameters: 2 8 
R maxT: 1 
R_PriorDraw_first_mu: 0.783586 
R_PriorDraw_first_nu: 3.23995 
R-CCU: Before ClusterLabelChange for i = 13 newLabel= 1 currentLabel= 1 
R-CCU: sum(pointsPerCluster) = 1512 
 num [1:3] 1506 5 1
NULL
R-CCU: After ClusterLabelChange for i = 13 
R-CCU: sum(pointsPerCluster) = 1513 
 num [1:3] 1507 5 1
NULL
R-CCU: dpObj$numberClusters = 3 
List of 2
 $ : num [1, 1, 1:3] 0.3354 0.7922 0.0869
 $ : num [1, 1, 1:3] 8.32 3.42 2.72
NULL
R priorParameters: 2 8 
R maxT: 1 
R_PriorDraw_first_mu: 0.687726 
R_PriorDraw_first_nu: 2.119768 
R-CCU: Before ClusterLabelChange for i = 14 newLabel= 1 currentLabel= 1 
R-CCU: sum(pointsPerCluster) = 1513 
 num [1:3] 1507 5 1
NULL
R-CCU: After ClusterLabelChange for i = 14 
R-CCU: sum(pointsPerCluster) = 1514 
 num [1:3] 1508 5 1
NULL
R-CCU: dpObj$numberClusters = 3 
List of 2
 $ : num [1, 1, 1:3] 0.3354 0.7922 0.0869
 $ : num [1, 1, 1:3] 8.32 3.42 2.72
NULL
R priorParameters: 2 8 
R maxT: 1 
R_PriorDraw_first_mu: 0.3934077 
R_PriorDraw_first_nu: 5.741733 
R-CCU: Before ClusterLabelChange for i = 15 newLabel= 1 currentLabel= 1 
R-CCU: sum(pointsPerCluster) = 1514 
 num [1:3] 1508 5 1
NULL
R-CCU: After ClusterLabelChange for i = 15 
R-CCU: sum(pointsPerCluster) = 1515 
 num [1:3] 1509 5 1
NULL
R-CCU: dpObj$numberClusters = 3 
List of 2
 $ : num [1, 1, 1:3] 0.3354 0.7922 0.0869
 $ : num [1, 1, 1:3] 8.32 3.42 2.72
NULL
R priorParameters: 2 8 
R maxT: 1 
R_PriorDraw_first_mu: 0.5290741 
R_PriorDraw_first_nu: 6.551819 
R-CCU: Before ClusterLabelChange for i = 16 newLabel= 1 currentLabel= 1 
R-CCU: sum(pointsPerCluster) = 1515 
 num [1:3] 1509 5 1
NULL
R-CCU: After ClusterLabelChange for i = 16 
R-CCU: sum(pointsPerCluster) = 1516 
 num [1:3] 1510 5 1
NULL
R-CCU: dpObj$numberClusters = 3 
List of 2
 $ : num [1, 1, 1:3] 0.3354 0.7922 0.0869
 $ : num [1, 1, 1:3] 8.32 3.42 2.72
NULL
R priorParameters: 2 8 
R maxT: 1 
R_PriorDraw_first_mu: 0.06589398 
R_PriorDraw_first_nu: 5.146563 
R-CCU: Before ClusterLabelChange for i = 17 newLabel= 1 currentLabel= 1 
R-CCU: sum(pointsPerCluster) = 1516 
 num [1:3] 1510 5 1
NULL
R-CCU: After ClusterLabelChange for i = 17 
R-CCU: sum(pointsPerCluster) = 1517 
 num [1:3] 1511 5 1
NULL
R-CCU: dpObj$numberClusters = 3 
List of 2
 $ : num [1, 1, 1:3] 0.3354 0.7922 0.0869
 $ : num [1, 1, 1:3] 8.32 3.42 2.72
NULL
R priorParameters: 2 8 
R maxT: 1 
R_PriorDraw_first_mu: 0.6750096 
R_PriorDraw_first_nu: 21.37922 
R-CCU: Before ClusterLabelChange for i = 18 newLabel= 1 currentLabel= 1 
R-CCU: sum(pointsPerCluster) = 1517 
 num [1:3] 1511 5 1
NULL
R-CCU: After ClusterLabelChange for i = 18 
R-CCU: sum(pointsPerCluster) = 1518 
 num [1:3] 1512 5 1
NULL
R-CCU: dpObj$numberClusters = 3 
List of 2
 $ : num [1, 1, 1:3] 0.3354 0.7922 0.0869
 $ : num [1, 1, 1:3] 8.32 3.42 2.72
NULL
R priorParameters: 2 8 
R maxT: 1 
R_PriorDraw_first_mu: 0.6944989 
R_PriorDraw_first_nu: 1.507704 
R-CCU: Before ClusterLabelChange for i = 19 newLabel= 1 currentLabel= 1 
R-CCU: sum(pointsPerCluster) = 1518 
 num [1:3] 1512 5 1
NULL
R-CCU: After ClusterLabelChange for i = 19 
R-CCU: sum(pointsPerCluster) = 1519 
 num [1:3] 1513 5 1
NULL
R-CCU: dpObj$numberClusters = 3 
List of 2
 $ : num [1, 1, 1:3] 0.3354 0.7922 0.0869
 $ : num [1, 1, 1:3] 8.32 3.42 2.72
NULL
R priorParameters: 2 8 
R maxT: 1 
R_PriorDraw_first_mu: 0.1982479 
R_PriorDraw_first_nu: 11.55095 
R-CCU: Before ClusterLabelChange for i = 20 newLabel= 1 currentLabel= 1 
R-CCU: sum(pointsPerCluster) = 1519 
 num [1:3] 1513 5 1
NULL
R-CCU: After ClusterLabelChange for i = 20 
R-CCU: sum(pointsPerCluster) = 1520 
 num [1:3] 1514 5 1
NULL
R-CCU: dpObj$numberClusters = 3 
List of 2
 $ : num [1, 1, 1:3] 0.3354 0.7922 0.0869
 $ : num [1, 1, 1:3] 8.32 3.42 2.72
NULL
R priorParameters: 2 8 
R maxT: 1 
R_PriorDraw_first_mu: 0.4511804 
R_PriorDraw_first_nu: 4.164764 
R-CCU: Before ClusterLabelChange for i = 21 newLabel= 1 currentLabel= 1 
R-CCU: sum(pointsPerCluster) = 1520 
 num [1:3] 1514 5 1
NULL
R-CCU: After ClusterLabelChange for i = 21 
R-CCU: sum(pointsPerCluster) = 1521 
 num [1:3] 1515 5 1
NULL
R-CCU: dpObj$numberClusters = 3 
List of 2
 $ : num [1, 1, 1:3] 0.3354 0.7922 0.0869
 $ : num [1, 1, 1:3] 8.32 3.42 2.72
NULL
R priorParameters: 2 8 
R maxT: 1 
R_PriorDraw_first_mu: 0.08318615 
R_PriorDraw_first_nu: 3.933468 
R-CCU: Before ClusterLabelChange for i = 22 newLabel= 1 currentLabel= 1 
R-CCU: sum(pointsPerCluster) = 1521 
 num [1:3] 1515 5 1
NULL
R-CCU: After ClusterLabelChange for i = 22 
R-CCU: sum(pointsPerCluster) = 1522 
 num [1:3] 1516 5 1
NULL
R-CCU: dpObj$numberClusters = 3 
List of 2
 $ : num [1, 1, 1:3] 0.3354 0.7922 0.0869
 $ : num [1, 1, 1:3] 8.32 3.42 2.72
NULL
R priorParameters: 2 8 
R maxT: 1 
R_PriorDraw_first_mu: 0.2652154 
R_PriorDraw_first_nu: 9.374678 
R-CCU: Before ClusterLabelChange for i = 23 newLabel= 1 currentLabel= 1 
R-CCU: sum(pointsPerCluster) = 1522 
 num [1:3] 1516 5 1
NULL
R-CCU: After ClusterLabelChange for i = 23 
R-CCU: sum(pointsPerCluster) = 1523 
 num [1:3] 1517 5 1
NULL
R-CCU: dpObj$numberClusters = 3 
List of 2
 $ : num [1, 1, 1:3] 0.3354 0.7922 0.0869
 $ : num [1, 1, 1:3] 8.32 3.42 2.72
NULL
R priorParameters: 2 8 
R maxT: 1 
R_PriorDraw_first_mu: 0.2504769 
R_PriorDraw_first_nu: 26.69762 
R-CCU: Before ClusterLabelChange for i = 24 newLabel= 1 currentLabel= 1 
R-CCU: sum(pointsPerCluster) = 1523 
 num [1:3] 1517 5 1
NULL
R-CCU: After ClusterLabelChange for i = 24 
R-CCU: sum(pointsPerCluster) = 1524 
 num [1:3] 1518 5 1
NULL
R-CCU: dpObj$numberClusters = 3 
List of 2
 $ : num [1, 1, 1:3] 0.3354 0.7922 0.0869
 $ : num [1, 1, 1:3] 8.32 3.42 2.72
NULL
R priorParameters: 2 8 
R maxT: 1 
R_PriorDraw_first_mu: 0.9940033 
R_PriorDraw_first_nu: 7.980422 
R-CCU: Before ClusterLabelChange for i = 25 newLabel= 1 currentLabel= 1 
R-CCU: sum(pointsPerCluster) = 1524 
 num [1:3] 1518 5 1
NULL
R-CCU: After ClusterLabelChange for i = 25 
R-CCU: sum(pointsPerCluster) = 1525 
 num [1:3] 1519 5 1
NULL
R-CCU: dpObj$numberClusters = 3 
List of 2
 $ : num [1, 1, 1:3] 0.3354 0.7922 0.0869
 $ : num [1, 1, 1:3] 8.32 3.42 2.72
NULL
R priorParameters: 2 8 
R maxT: 1 
R_PriorDraw_first_mu: 0.1443494 
R_PriorDraw_first_nu: 3.874595 
R-CCU: Before ClusterLabelChange for i = 26 newLabel= 1 currentLabel= 1 
R-CCU: sum(pointsPerCluster) = 1525 
 num [1:3] 1519 5 1
NULL
R-CCU: After ClusterLabelChange for i = 26 
R-CCU: sum(pointsPerCluster) = 1526 
 num [1:3] 1520 5 1
NULL
R-CCU: dpObj$numberClusters = 3 
List of 2
 $ : num [1, 1, 1:3] 0.3354 0.7922 0.0869
 $ : num [1, 1, 1:3] 8.32 3.42 2.72
NULL
R priorParameters: 2 8 
R maxT: 1 
R_PriorDraw_first_mu: 0.3308815 
R_PriorDraw_first_nu: 1.757857 
R-CCU: Before ClusterLabelChange for i = 27 newLabel= 1 currentLabel= 1 
R-CCU: sum(pointsPerCluster) = 1526 
 num [1:3] 1520 5 1
NULL
R-CCU: After ClusterLabelChange for i = 27 
R-CCU: sum(pointsPerCluster) = 1527 
 num [1:3] 1521 5 1
NULL
R-CCU: dpObj$numberClusters = 3 
List of 2
 $ : num [1, 1, 1:3] 0.3354 0.7922 0.0869
 $ : num [1, 1, 1:3] 8.32 3.42 2.72
NULL
R priorParameters: 2 8 
R maxT: 1 
R_PriorDraw_first_mu: 0.2293203 
R_PriorDraw_first_nu: 3.515046 
R-CCU: Before ClusterLabelChange for i = 28 newLabel= 1 currentLabel= 1 
R-CCU: sum(pointsPerCluster) = 1527 
 num [1:3] 1521 5 1
NULL
R-CCU: After ClusterLabelChange for i = 28 
R-CCU: sum(pointsPerCluster) = 1528 
 num [1:3] 1522 5 1
NULL
R-CCU: dpObj$numberClusters = 3 
List of 2
 $ : num [1, 1, 1:3] 0.3354 0.7922 0.0869
 $ : num [1, 1, 1:3] 8.32 3.42 2.72
NULL
R priorParameters: 2 8 
R maxT: 1 
R_PriorDraw_first_mu: 0.5701365 
R_PriorDraw_first_nu: 5.913612 
R-CCU: Before ClusterLabelChange for i = 29 newLabel= 1 currentLabel= 1 
R-CCU: sum(pointsPerCluster) = 1528 
 num [1:3] 1522 5 1
NULL
R-CCU: After ClusterLabelChange for i = 29 
R-CCU: sum(pointsPerCluster) = 1529 
 num [1:3] 1523 5 1
NULL
R-CCU: dpObj$numberClusters = 3 
List of 2
 $ : num [1, 1, 1:3] 0.3354 0.7922 0.0869
 $ : num [1, 1, 1:3] 8.32 3.42 2.72
NULL
R priorParameters: 2 8 
R maxT: 1 
R_PriorDraw_first_mu: 0.1672949 
R_PriorDraw_first_nu: 2.793559 
R-CCU: Before ClusterLabelChange for i = 30 newLabel= 1 currentLabel= 1 
R-CCU: sum(pointsPerCluster) = 1529 
 num [1:3] 1523 5 1
NULL
R-CCU: After ClusterLabelChange for i = 30 
R-CCU: sum(pointsPerCluster) = 1530 
 num [1:3] 1524 5 1
NULL
R-CCU: dpObj$numberClusters = 3 
List of 2
 $ : num [1, 1, 1:3] 0.3354 0.7922 0.0869
 $ : num [1, 1, 1:3] 8.32 3.42 2.72
NULL
R priorParameters: 2 8 
R maxT: 1 
R_PriorDraw_first_mu: 0.8031501 
R_PriorDraw_first_nu: 7.953784 
R-CCU: Before ClusterLabelChange for i = 31 newLabel= 1 currentLabel= 1 
R-CCU: sum(pointsPerCluster) = 1530 
 num [1:3] 1524 5 1
NULL
R-CCU: After ClusterLabelChange for i = 31 
R-CCU: sum(pointsPerCluster) = 1531 
 num [1:3] 1525 5 1
NULL
R-CCU: dpObj$numberClusters = 3 
List of 2
 $ : num [1, 1, 1:3] 0.3354 0.7922 0.0869
 $ : num [1, 1, 1:3] 8.32 3.42 2.72
NULL
R priorParameters: 2 8 
R maxT: 1 
R_PriorDraw_first_mu: 0.6828746 
R_PriorDraw_first_nu: 1.204337 
R-CCU: Before ClusterLabelChange for i = 32 newLabel= 1 currentLabel= 1 
R-CCU: sum(pointsPerCluster) = 1531 
 num [1:3] 1525 5 1
NULL
R-CCU: After ClusterLabelChange for i = 32 
R-CCU: sum(pointsPerCluster) = 1532 
 num [1:3] 1526 5 1
NULL
R-CCU: dpObj$numberClusters = 3 
List of 2
 $ : num [1, 1, 1:3] 0.3354 0.7922 0.0869
 $ : num [1, 1, 1:3] 8.32 3.42 2.72
NULL
R priorParameters: 2 8 
R maxT: 1 
R_PriorDraw_first_mu: 0.9747056 
R_PriorDraw_first_nu: 1.555268 
R-CCU: Before ClusterLabelChange for i = 33 newLabel= 1 currentLabel= 1 
R-CCU: sum(pointsPerCluster) = 1532 
 num [1:3] 1526 5 1
NULL
R-CCU: After ClusterLabelChange for i = 33 
R-CCU: sum(pointsPerCluster) = 1533 
 num [1:3] 1527 5 1
NULL
R-CCU: dpObj$numberClusters = 3 
List of 2
 $ : num [1, 1, 1:3] 0.3354 0.7922 0.0869
 $ : num [1, 1, 1:3] 8.32 3.42 2.72
NULL
R priorParameters: 2 8 
R maxT: 1 
R_PriorDraw_first_mu: 0.1994811 
R_PriorDraw_first_nu: 2.102998 
R-CCU: Before ClusterLabelChange for i = 34 newLabel= 1 currentLabel= 1 
R-CCU: sum(pointsPerCluster) = 1533 
 num [1:3] 1527 5 1
NULL
R-CCU: After ClusterLabelChange for i = 34 
R-CCU: sum(pointsPerCluster) = 1534 
 num [1:3] 1528 5 1
NULL
R-CCU: dpObj$numberClusters = 3 
List of 2
 $ : num [1, 1, 1:3] 0.3354 0.7922 0.0869
 $ : num [1, 1, 1:3] 8.32 3.42 2.72
NULL
R priorParameters: 2 8 
R maxT: 1 
R_PriorDraw_first_mu: 0.951379 
R_PriorDraw_first_nu: 3.923548 
R-CCU: Before ClusterLabelChange for i = 35 newLabel= 1 currentLabel= 1 
R-CCU: sum(pointsPerCluster) = 1534 
 num [1:3] 1528 5 1
NULL
R-CCU: After ClusterLabelChange for i = 35 
R-CCU: sum(pointsPerCluster) = 1535 
 num [1:3] 1529 5 1
NULL
R-CCU: dpObj$numberClusters = 3 
List of 2
 $ : num [1, 1, 1:3] 0.3354 0.7922 0.0869
 $ : num [1, 1, 1:3] 8.32 3.42 2.72
NULL
R priorParameters: 2 8 
R maxT: 1 
R_PriorDraw_first_mu: 0.8111721 
R_PriorDraw_first_nu: 8.759963 
R-CCU: Before ClusterLabelChange for i = 36 newLabel= 1 currentLabel= 1 
R-CCU: sum(pointsPerCluster) = 1535 
 num [1:3] 1529 5 1
NULL
R-CCU: After ClusterLabelChange for i = 36 
R-CCU: sum(pointsPerCluster) = 1536 
 num [1:3] 1530 5 1
NULL
R-CCU: dpObj$numberClusters = 3 
List of 2
 $ : num [1, 1, 1:3] 0.3354 0.7922 0.0869
 $ : num [1, 1, 1:3] 8.32 3.42 2.72
NULL
R priorParameters: 2 8 
R maxT: 1 
R_PriorDraw_first_mu: 0.1365359 
R_PriorDraw_first_nu: 42.44386 
R-CCU: Before ClusterLabelChange for i = 37 newLabel= 1 currentLabel= 1 
R-CCU: sum(pointsPerCluster) = 1536 
 num [1:3] 1530 5 1
NULL
R-CCU: After ClusterLabelChange for i = 37 
R-CCU: sum(pointsPerCluster) = 1537 
 num [1:3] 1531 5 1
NULL
R-CCU: dpObj$numberClusters = 3 
List of 2
 $ : num [1, 1, 1:3] 0.3354 0.7922 0.0869
 $ : num [1, 1, 1:3] 8.32 3.42 2.72
NULL
R priorParameters: 2 8 
R maxT: 1 
R_PriorDraw_first_mu: 0.4125737 
R_PriorDraw_first_nu: 2.332738 
R-CCU: Before ClusterLabelChange for i = 38 newLabel= 1 currentLabel= 1 
R-CCU: sum(pointsPerCluster) = 1537 
 num [1:3] 1531 5 1
NULL
R-CCU: After ClusterLabelChange for i = 38 
R-CCU: sum(pointsPerCluster) = 1538 
 num [1:3] 1532 5 1
NULL
R-CCU: dpObj$numberClusters = 3 
List of 2
 $ : num [1, 1, 1:3] 0.3354 0.7922 0.0869
 $ : num [1, 1, 1:3] 8.32 3.42 2.72
NULL
R priorParameters: 2 8 
R maxT: 1 
R_PriorDraw_first_mu: 0.531881 
R_PriorDraw_first_nu: 6.258046 
R-CCU: Before ClusterLabelChange for i = 39 newLabel= 1 currentLabel= 1 
R-CCU: sum(pointsPerCluster) = 1538 
 num [1:3] 1532 5 1
NULL
R-CCU: After ClusterLabelChange for i = 39 
R-CCU: sum(pointsPerCluster) = 1539 
 num [1:3] 1533 5 1
NULL
R-CCU: dpObj$numberClusters = 3 
List of 2
 $ : num [1, 1, 1:3] 0.3354 0.7922 0.0869
 $ : num [1, 1, 1:3] 8.32 3.42 2.72
NULL
R priorParameters: 2 8 
R maxT: 1 
R_PriorDraw_first_mu: 0.1167827 
R_PriorDraw_first_nu: 6.833558 
R-CCU: Before ClusterLabelChange for i = 40 newLabel= 1 currentLabel= 1 
R-CCU: sum(pointsPerCluster) = 1539 
 num [1:3] 1533 5 1
NULL
R-CCU: After ClusterLabelChange for i = 40 
R-CCU: sum(pointsPerCluster) = 1540 
 num [1:3] 1534 5 1
NULL
R-CCU: dpObj$numberClusters = 3 
List of 2
 $ : num [1, 1, 1:3] 0.3354 0.7922 0.0869
 $ : num [1, 1, 1:3] 8.32 3.42 2.72
NULL
R priorParameters: 2 8 
R maxT: 1 
R_PriorDraw_first_mu: 0.1847445 
R_PriorDraw_first_nu: 5.54122 
R-CCU: Before ClusterLabelChange for i = 41 newLabel= 1 currentLabel= 1 
R-CCU: sum(pointsPerCluster) = 1540 
 num [1:3] 1534 5 1
NULL
R-CCU: After ClusterLabelChange for i = 41 
R-CCU: sum(pointsPerCluster) = 1541 
 num [1:3] 1535 5 1
NULL
R-CCU: dpObj$numberClusters = 3 
List of 2
 $ : num [1, 1, 1:3] 0.3354 0.7922 0.0869
 $ : num [1, 1, 1:3] 8.32 3.42 2.72
NULL
R priorParameters: 2 8 
R maxT: 1 
R_PriorDraw_first_mu: 0.9896106 
R_PriorDraw_first_nu: 7.066695 
R-CCU: Before ClusterLabelChange for i = 42 newLabel= 1 currentLabel= 1 
R-CCU: sum(pointsPerCluster) = 1541 
 num [1:3] 1535 5 1
NULL
R-CCU: After ClusterLabelChange for i = 42 
R-CCU: sum(pointsPerCluster) = 1542 
 num [1:3] 1536 5 1
NULL
R-CCU: dpObj$numberClusters = 3 
List of 2
 $ : num [1, 1, 1:3] 0.3354 0.7922 0.0869
 $ : num [1, 1, 1:3] 8.32 3.42 2.72
NULL
R priorParameters: 2 8 
R maxT: 1 
R_PriorDraw_first_mu: 0.834016 
R_PriorDraw_first_nu: 6.561583 
R-CCU: Before ClusterLabelChange for i = 43 newLabel= 1 currentLabel= 1 
R-CCU: sum(pointsPerCluster) = 1542 
 num [1:3] 1536 5 1
NULL
R-CCU: After ClusterLabelChange for i = 43 
R-CCU: sum(pointsPerCluster) = 1543 
 num [1:3] 1537 5 1
NULL
R-CCU: dpObj$numberClusters = 3 
List of 2
 $ : num [1, 1, 1:3] 0.3354 0.7922 0.0869
 $ : num [1, 1, 1:3] 8.32 3.42 2.72
NULL
R priorParameters: 2 8 
R maxT: 1 
R_PriorDraw_first_mu: 0.6189995 
R_PriorDraw_first_nu: 4.003055 
R-CCU: Before ClusterLabelChange for i = 44 newLabel= 1 currentLabel= 1 
R-CCU: sum(pointsPerCluster) = 1543 
 num [1:3] 1537 5 1
NULL
R-CCU: After ClusterLabelChange for i = 44 
R-CCU: sum(pointsPerCluster) = 1544 
 num [1:3] 1538 5 1
NULL
R-CCU: dpObj$numberClusters = 3 
List of 2
 $ : num [1, 1, 1:3] 0.3354 0.7922 0.0869
 $ : num [1, 1, 1:3] 8.32 3.42 2.72
NULL
R priorParameters: 2 8 
R maxT: 1 
R_PriorDraw_first_mu: 0.1550209 
R_PriorDraw_first_nu: 1.695939 
R-CCU: Before ClusterLabelChange for i = 45 newLabel= 1 currentLabel= 1 
R-CCU: sum(pointsPerCluster) = 1544 
 num [1:3] 1538 5 1
NULL
R-CCU: After ClusterLabelChange for i = 45 
R-CCU: sum(pointsPerCluster) = 1545 
 num [1:3] 1539 5 1
NULL
R-CCU: dpObj$numberClusters = 3 
List of 2
 $ : num [1, 1, 1:3] 0.3354 0.7922 0.0869
 $ : num [1, 1, 1:3] 8.32 3.42 2.72
NULL
R priorParameters: 2 8 
R maxT: 1 
R_PriorDraw_first_mu: 0.6818532 
R_PriorDraw_first_nu: 3.910724 
R-CCU: Before ClusterLabelChange for i = 46 newLabel= 1 currentLabel= 1 
R-CCU: sum(pointsPerCluster) = 1545 
 num [1:3] 1539 5 1
NULL
R-CCU: After ClusterLabelChange for i = 46 
R-CCU: sum(pointsPerCluster) = 1546 
 num [1:3] 1540 5 1
NULL
R-CCU: dpObj$numberClusters = 3 
List of 2
 $ : num [1, 1, 1:3] 0.3354 0.7922 0.0869
 $ : num [1, 1, 1:3] 8.32 3.42 2.72
NULL
R priorParameters: 2 8 
R maxT: 1 
R_PriorDraw_first_mu: 0.9033542 
R_PriorDraw_first_nu: 14.27057 
R-CCU: Before ClusterLabelChange for i = 47 newLabel= 1 currentLabel= 1 
R-CCU: sum(pointsPerCluster) = 1546 
 num [1:3] 1540 5 1
NULL
R-CCU: After ClusterLabelChange for i = 47 
R-CCU: sum(pointsPerCluster) = 1547 
 num [1:3] 1541 5 1
NULL
R-CCU: dpObj$numberClusters = 3 
List of 2
 $ : num [1, 1, 1:3] 0.3354 0.7922 0.0869
 $ : num [1, 1, 1:3] 8.32 3.42 2.72
NULL
R priorParameters: 2 8 
R maxT: 1 
R_PriorDraw_first_mu: 0.4905761 
R_PriorDraw_first_nu: 3.102058 
R-CCU: Before ClusterLabelChange for i = 48 newLabel= 1 currentLabel= 1 
R-CCU: sum(pointsPerCluster) = 1547 
 num [1:3] 1541 5 1
NULL
R-CCU: After ClusterLabelChange for i = 48 
R-CCU: sum(pointsPerCluster) = 1548 
 num [1:3] 1542 5 1
NULL
R-CCU: dpObj$numberClusters = 3 
List of 2
 $ : num [1, 1, 1:3] 0.3354 0.7922 0.0869
 $ : num [1, 1, 1:3] 8.32 3.42 2.72
NULL
R priorParameters: 2 8 
R maxT: 1 
R_PriorDraw_first_mu: 0.6657121 
R_PriorDraw_first_nu: 4.148649 
R-CCU: Before ClusterLabelChange for i = 49 newLabel= 1 currentLabel= 1 
R-CCU: sum(pointsPerCluster) = 1548 
 num [1:3] 1542 5 1
NULL
R-CCU: After ClusterLabelChange for i = 49 
R-CCU: sum(pointsPerCluster) = 1549 
 num [1:3] 1543 5 1
NULL
R-CCU: dpObj$numberClusters = 3 
List of 2
 $ : num [1, 1, 1:3] 0.3354 0.7922 0.0869
 $ : num [1, 1, 1:3] 8.32 3.42 2.72
NULL
R priorParameters: 2 8 
R maxT: 1 
R_PriorDraw_first_mu: 0.3965251 
R_PriorDraw_first_nu: 5.541844 
R-CCU: Before ClusterLabelChange for i = 50 newLabel= 1 currentLabel= 1 
R-CCU: sum(pointsPerCluster) = 1549 
 num [1:3] 1543 5 1
NULL
R-CCU: After ClusterLabelChange for i = 50 
R-CCU: sum(pointsPerCluster) = 1550 
 num [1:3] 1544 5 1
NULL
R-CCU: dpObj$numberClusters = 3 
List of 2
 $ : num [1, 1, 1:3] 0.3354 0.7922 0.0869
 $ : num [1, 1, 1:3] 8.32 3.42 2.72
NULL
R priorParameters: 2 8 
R maxT: 1 
R_PriorDraw_first_mu: 0.9964759 
R_PriorDraw_first_nu: 19.10732 
R-CCU: Before ClusterLabelChange for i = 51 newLabel= 1 currentLabel= 1 
R-CCU: sum(pointsPerCluster) = 1550 
 num [1:3] 1544 5 1
NULL
R-CCU: After ClusterLabelChange for i = 51 
R-CCU: sum(pointsPerCluster) = 1551 
 num [1:3] 1545 5 1
NULL
R-CCU: dpObj$numberClusters = 3 
List of 2
 $ : num [1, 1, 1:3] 0.3354 0.7922 0.0869
 $ : num [1, 1, 1:3] 8.32 3.42 2.72
NULL
R priorParameters: 2 8 
R maxT: 1 
R_PriorDraw_first_mu: 0.8047617 
R_PriorDraw_first_nu: 1.87906 
R-CCU: Before ClusterLabelChange for i = 52 newLabel= 1 currentLabel= 1 
R-CCU: sum(pointsPerCluster) = 1551 
 num [1:3] 1545 5 1
NULL
R-CCU: After ClusterLabelChange for i = 52 
R-CCU: sum(pointsPerCluster) = 1552 
 num [1:3] 1546 5 1
NULL
R-CCU: dpObj$numberClusters = 3 
List of 2
 $ : num [1, 1, 1:3] 0.3354 0.7922 0.0869
 $ : num [1, 1, 1:3] 8.32 3.42 2.72
NULL
R priorParameters: 2 8 
R maxT: 1 
R_PriorDraw_first_mu: 0.2361735 
R_PriorDraw_first_nu: 14.838 
R-CCU: Before ClusterLabelChange for i = 53 newLabel= 1 currentLabel= 1 
R-CCU: sum(pointsPerCluster) = 1552 
 num [1:3] 1546 5 1
NULL
R-CCU: After ClusterLabelChange for i = 53 
R-CCU: sum(pointsPerCluster) = 1553 
 num [1:3] 1547 5 1
NULL
R-CCU: dpObj$numberClusters = 3 
List of 2
 $ : num [1, 1, 1:3] 0.3354 0.7922 0.0869
 $ : num [1, 1, 1:3] 8.32 3.42 2.72
NULL
R priorParameters: 2 8 
R maxT: 1 
R_PriorDraw_first_mu: 0.5708499 
R_PriorDraw_first_nu: 3.478798 
R-CCU: Before ClusterLabelChange for i = 54 newLabel= 1 currentLabel= 1 
R-CCU: sum(pointsPerCluster) = 1553 
 num [1:3] 1547 5 1
NULL
R-CCU: After ClusterLabelChange for i = 54 
R-CCU: sum(pointsPerCluster) = 1554 
 num [1:3] 1548 5 1
NULL
R-CCU: dpObj$numberClusters = 3 
List of 2
 $ : num [1, 1, 1:3] 0.3354 0.7922 0.0869
 $ : num [1, 1, 1:3] 8.32 3.42 2.72
NULL
R priorParameters: 2 8 
R maxT: 1 
R_PriorDraw_first_mu: 0.08171504 
R_PriorDraw_first_nu: 3.381932 
R-CCU: Before ClusterLabelChange for i = 55 newLabel= 1 currentLabel= 1 
R-CCU: sum(pointsPerCluster) = 1554 
 num [1:3] 1548 5 1
NULL
R-CCU: After ClusterLabelChange for i = 55 
R-CCU: sum(pointsPerCluster) = 1555 
 num [1:3] 1549 5 1
NULL
R-CCU: dpObj$numberClusters = 3 
List of 2
 $ : num [1, 1, 1:3] 0.3354 0.7922 0.0869
 $ : num [1, 1, 1:3] 8.32 3.42 2.72
NULL
R priorParameters: 2 8 
R maxT: 1 
R_PriorDraw_first_mu: 0.7520981 
R_PriorDraw_first_nu: 6.621602 
R-CCU: Before ClusterLabelChange for i = 56 newLabel= 1 currentLabel= 1 
R-CCU: sum(pointsPerCluster) = 1555 
 num [1:3] 1549 5 1
NULL
R-CCU: After ClusterLabelChange for i = 56 
R-CCU: sum(pointsPerCluster) = 1556 
 num [1:3] 1550 5 1
NULL
R-CCU: dpObj$numberClusters = 3 
List of 2
 $ : num [1, 1, 1:3] 0.3354 0.7922 0.0869
 $ : num [1, 1, 1:3] 8.32 3.42 2.72
NULL
R priorParameters: 2 8 
R maxT: 1 
R_PriorDraw_first_mu: 0.6916754 
R_PriorDraw_first_nu: 16.59352 
R-CCU: Before ClusterLabelChange for i = 57 newLabel= 1 currentLabel= 1 
R-CCU: sum(pointsPerCluster) = 1556 
 num [1:3] 1550 5 1
NULL
R-CCU: After ClusterLabelChange for i = 57 
R-CCU: sum(pointsPerCluster) = 1557 
 num [1:3] 1551 5 1
NULL
R-CCU: dpObj$numberClusters = 3 
List of 2
 $ : num [1, 1, 1:3] 0.3354 0.7922 0.0869
 $ : num [1, 1, 1:3] 8.32 3.42 2.72
NULL
R priorParameters: 2 8 
R maxT: 1 
R_PriorDraw_first_mu: 0.2889458 
R_PriorDraw_first_nu: 6.305093 
R-CCU: Before ClusterLabelChange for i = 58 newLabel= 1 currentLabel= 1 
R-CCU: sum(pointsPerCluster) = 1557 
 num [1:3] 1551 5 1
NULL
R-CCU: After ClusterLabelChange for i = 58 
R-CCU: sum(pointsPerCluster) = 1558 
 num [1:3] 1552 5 1
NULL
R-CCU: dpObj$numberClusters = 3 
List of 2
 $ : num [1, 1, 1:3] 0.3354 0.7922 0.0869
 $ : num [1, 1, 1:3] 8.32 3.42 2.72
NULL
R priorParameters: 2 8 
R maxT: 1 
R_PriorDraw_first_mu: 0.6168912 
R_PriorDraw_first_nu: 1.578464 
R-CCU: Before ClusterLabelChange for i = 59 newLabel= 1 currentLabel= 1 
R-CCU: sum(pointsPerCluster) = 1558 
 num [1:3] 1552 5 1
NULL
R-CCU: After ClusterLabelChange for i = 59 
R-CCU: sum(pointsPerCluster) = 1559 
 num [1:3] 1553 5 1
NULL
R-CCU: dpObj$numberClusters = 3 
List of 2
 $ : num [1, 1, 1:3] 0.3354 0.7922 0.0869
 $ : num [1, 1, 1:3] 8.32 3.42 2.72
NULL
R priorParameters: 2 8 
R maxT: 1 
R_PriorDraw_first_mu: 0.1393972 
R_PriorDraw_first_nu: 11.66758 
R-CCU: Before ClusterLabelChange for i = 60 newLabel= 1 currentLabel= 1 
R-CCU: sum(pointsPerCluster) = 1559 
 num [1:3] 1553 5 1
NULL
R-CCU: After ClusterLabelChange for i = 60 
R-CCU: sum(pointsPerCluster) = 1560 
 num [1:3] 1554 5 1
NULL
R-CCU: dpObj$numberClusters = 3 
List of 2
 $ : num [1, 1, 1:3] 0.3354 0.7922 0.0869
 $ : num [1, 1, 1:3] 8.32 3.42 2.72
NULL
R priorParameters: 2 8 
R maxT: 1 
R_PriorDraw_first_mu: 0.06388632 
R_PriorDraw_first_nu: 5.456436 
R-CCU: Before ClusterLabelChange for i = 61 newLabel= 1 currentLabel= 1 
R-CCU: sum(pointsPerCluster) = 1560 
 num [1:3] 1554 5 1
NULL
R-CCU: After ClusterLabelChange for i = 61 
R-CCU: sum(pointsPerCluster) = 1561 
 num [1:3] 1555 5 1
NULL
R-CCU: dpObj$numberClusters = 3 
List of 2
 $ : num [1, 1, 1:3] 0.3354 0.7922 0.0869
 $ : num [1, 1, 1:3] 8.32 3.42 2.72
NULL
R priorParameters: 2 8 
R maxT: 1 
R_PriorDraw_first_mu: 0.7499459 
R_PriorDraw_first_nu: 9.16387 
R-CCU: Before ClusterLabelChange for i = 62 newLabel= 1 currentLabel= 1 
R-CCU: sum(pointsPerCluster) = 1561 
 num [1:3] 1555 5 1
NULL
R-CCU: After ClusterLabelChange for i = 62 
R-CCU: sum(pointsPerCluster) = 1562 
 num [1:3] 1556 5 1
NULL
R-CCU: dpObj$numberClusters = 3 
List of 2
 $ : num [1, 1, 1:3] 0.3354 0.7922 0.0869
 $ : num [1, 1, 1:3] 8.32 3.42 2.72
NULL
R priorParameters: 2 8 
R maxT: 1 
R_PriorDraw_first_mu: 0.3682497 
R_PriorDraw_first_nu: 3.448029 
R-CCU: Before ClusterLabelChange for i = 63 newLabel= 1 currentLabel= 1 
R-CCU: sum(pointsPerCluster) = 1562 
 num [1:3] 1556 5 1
NULL
R-CCU: After ClusterLabelChange for i = 63 
R-CCU: sum(pointsPerCluster) = 1563 
 num [1:3] 1557 5 1
NULL
R-CCU: dpObj$numberClusters = 3 
List of 2
 $ : num [1, 1, 1:3] 0.3354 0.7922 0.0869
 $ : num [1, 1, 1:3] 8.32 3.42 2.72
NULL
R priorParameters: 2 8 
R maxT: 1 
R_PriorDraw_first_mu: 0.9630279 
R_PriorDraw_first_nu: 4.719613 
R-CCU: Before ClusterLabelChange for i = 64 newLabel= 1 currentLabel= 1 
R-CCU: sum(pointsPerCluster) = 1563 
 num [1:3] 1557 5 1
NULL
R-CCU: After ClusterLabelChange for i = 64 
R-CCU: sum(pointsPerCluster) = 1564 
 num [1:3] 1558 5 1
NULL
R-CCU: dpObj$numberClusters = 3 
List of 2
 $ : num [1, 1, 1:3] 0.3354 0.7922 0.0869
 $ : num [1, 1, 1:3] 8.32 3.42 2.72
NULL
R priorParameters: 2 8 
R maxT: 1 
R_PriorDraw_first_mu: 0.8976463 
R_PriorDraw_first_nu: 3.033555 
R-CCU: Before ClusterLabelChange for i = 65 newLabel= 1 currentLabel= 1 
R-CCU: sum(pointsPerCluster) = 1564 
 num [1:3] 1558 5 1
NULL
R-CCU: After ClusterLabelChange for i = 65 
R-CCU: sum(pointsPerCluster) = 1565 
 num [1:3] 1559 5 1
NULL
R-CCU: dpObj$numberClusters = 3 
List of 2
 $ : num [1, 1, 1:3] 0.3354 0.7922 0.0869
 $ : num [1, 1, 1:3] 8.32 3.42 2.72
NULL
R priorParameters: 2 8 
R maxT: 1 
R_PriorDraw_first_mu: 0.7313065 
R_PriorDraw_first_nu: 3.281583 
R-CCU: Before ClusterLabelChange for i = 66 newLabel= 1 currentLabel= 1 
R-CCU: sum(pointsPerCluster) = 1565 
 num [1:3] 1559 5 1
NULL
R-CCU: After ClusterLabelChange for i = 66 
R-CCU: sum(pointsPerCluster) = 1566 
 num [1:3] 1560 5 1
NULL
R-CCU: dpObj$numberClusters = 3 
List of 2
 $ : num [1, 1, 1:3] 0.3354 0.7922 0.0869
 $ : num [1, 1, 1:3] 8.32 3.42 2.72
NULL
R priorParameters: 2 8 
R maxT: 1 
R_PriorDraw_first_mu: 0.573534 
R_PriorDraw_first_nu: 2.230378 
R-CCU: Before ClusterLabelChange for i = 67 newLabel= 1 currentLabel= 1 
R-CCU: sum(pointsPerCluster) = 1566 
 num [1:3] 1560 5 1
NULL
R-CCU: After ClusterLabelChange for i = 67 
R-CCU: sum(pointsPerCluster) = 1567 
 num [1:3] 1561 5 1
NULL
R-CCU: dpObj$numberClusters = 3 
List of 2
 $ : num [1, 1, 1:3] 0.3354 0.7922 0.0869
 $ : num [1, 1, 1:3] 8.32 3.42 2.72
NULL
R priorParameters: 2 8 
R maxT: 1 
R_PriorDraw_first_mu: 0.5014405 
R_PriorDraw_first_nu: 4.231561 
R-CCU: Before ClusterLabelChange for i = 68 newLabel= 1 currentLabel= 1 
R-CCU: sum(pointsPerCluster) = 1567 
 num [1:3] 1561 5 1
NULL
R-CCU: After ClusterLabelChange for i = 68 
R-CCU: sum(pointsPerCluster) = 1568 
 num [1:3] 1562 5 1
NULL
R-CCU: dpObj$numberClusters = 3 
List of 2
 $ : num [1, 1, 1:3] 0.3354 0.7922 0.0869
 $ : num [1, 1, 1:3] 8.32 3.42 2.72
NULL
R priorParameters: 2 8 
R maxT: 1 
R_PriorDraw_first_mu: 0.3619552 
R_PriorDraw_first_nu: 2.086028 
R-CCU: Before ClusterLabelChange for i = 69 newLabel= 1 currentLabel= 1 
R-CCU: sum(pointsPerCluster) = 1568 
 num [1:3] 1562 5 1
NULL
R-CCU: After ClusterLabelChange for i = 69 
R-CCU: sum(pointsPerCluster) = 1569 
 num [1:3] 1563 5 1
NULL
R-CCU: dpObj$numberClusters = 3 
List of 2
 $ : num [1, 1, 1:3] 0.3354 0.7922 0.0869
 $ : num [1, 1, 1:3] 8.32 3.42 2.72
NULL
R priorParameters: 2 8 
R maxT: 1 
R_PriorDraw_first_mu: 0.2710815 
R_PriorDraw_first_nu: 3.58528 
R-CCU: Before ClusterLabelChange for i = 70 newLabel= 1 currentLabel= 1 
R-CCU: sum(pointsPerCluster) = 1569 
 num [1:3] 1563 5 1
NULL
R-CCU: After ClusterLabelChange for i = 70 
R-CCU: sum(pointsPerCluster) = 1570 
 num [1:3] 1564 5 1
NULL
R-CCU: dpObj$numberClusters = 3 
List of 2
 $ : num [1, 1, 1:3] 0.3354 0.7922 0.0869
 $ : num [1, 1, 1:3] 8.32 3.42 2.72
NULL
R priorParameters: 2 8 
R maxT: 1 
R_PriorDraw_first_mu: 0.2566852 
R_PriorDraw_first_nu: 3.298034 
R-CCU: Before ClusterLabelChange for i = 71 newLabel= 1 currentLabel= 1 
R-CCU: sum(pointsPerCluster) = 1570 
 num [1:3] 1564 5 1
NULL
R-CCU: After ClusterLabelChange for i = 71 
R-CCU: sum(pointsPerCluster) = 1571 
 num [1:3] 1565 5 1
NULL
R-CCU: dpObj$numberClusters = 3 
List of 2
 $ : num [1, 1, 1:3] 0.3354 0.7922 0.0869
 $ : num [1, 1, 1:3] 8.32 3.42 2.72
NULL
R priorParameters: 2 8 
R maxT: 1 
R_PriorDraw_first_mu: 0.08495826 
R_PriorDraw_first_nu: 7.688435 
R-CCU: Before ClusterLabelChange for i = 72 newLabel= 1 currentLabel= 1 
R-CCU: sum(pointsPerCluster) = 1571 
 num [1:3] 1565 5 1
NULL
R-CCU: After ClusterLabelChange for i = 72 
R-CCU: sum(pointsPerCluster) = 1572 
 num [1:3] 1566 5 1
NULL
R-CCU: dpObj$numberClusters = 3 
List of 2
 $ : num [1, 1, 1:3] 0.3354 0.7922 0.0869
 $ : num [1, 1, 1:3] 8.32 3.42 2.72
NULL
R priorParameters: 2 8 
R maxT: 1 
R_PriorDraw_first_mu: 0.01641584 
R_PriorDraw_first_nu: 1.085667 
R-CCU: Before ClusterLabelChange for i = 73 newLabel= 1 currentLabel= 1 
R-CCU: sum(pointsPerCluster) = 1572 
 num [1:3] 1566 5 1
NULL
R-CCU: After ClusterLabelChange for i = 73 
R-CCU: sum(pointsPerCluster) = 1573 
 num [1:3] 1567 5 1
NULL
R-CCU: dpObj$numberClusters = 3 
List of 2
 $ : num [1, 1, 1:3] 0.3354 0.7922 0.0869
 $ : num [1, 1, 1:3] 8.32 3.42 2.72
NULL
R priorParameters: 2 8 
R maxT: 1 
R_PriorDraw_first_mu: 0.1751619 
R_PriorDraw_first_nu: 52.87056 
R-CCU: Before ClusterLabelChange for i = 74 newLabel= 1 currentLabel= 2 
R-CCU: sum(pointsPerCluster) = 1573 
 num [1:3] 1567 5 1
NULL
R-CCU: After ClusterLabelChange for i = 74 
R-CCU: sum(pointsPerCluster) = 1574 
 num [1:3] 1568 5 1
NULL
R-CCU: dpObj$numberClusters = 3 
List of 2
 $ : num [1, 1, 1:3] 0.3354 0.7922 0.0869
 $ : num [1, 1, 1:3] 8.32 3.42 2.72
NULL
R priorParameters: 2 8 
R maxT: 1 
R_PriorDraw_first_mu: 0.267908 
R_PriorDraw_first_nu: 10.37398 
R-CCU: Before ClusterLabelChange for i = 75 newLabel= 1 currentLabel= 1 
R-CCU: sum(pointsPerCluster) = 1574 
 num [1:3] 1568 5 1
NULL
R-CCU: After ClusterLabelChange for i = 75 
R-CCU: sum(pointsPerCluster) = 1575 
 num [1:3] 1569 5 1
NULL
R-CCU: dpObj$numberClusters = 3 
List of 2
 $ : num [1, 1, 1:3] 0.3354 0.7922 0.0869
 $ : num [1, 1, 1:3] 8.32 3.42 2.72
NULL
R priorParameters: 2 8 
R maxT: 1 
R_PriorDraw_first_mu: 0.6529005 
R_PriorDraw_first_nu: 7.698131 
R-CCU: Before ClusterLabelChange for i = 76 newLabel= 1 currentLabel= 1 
R-CCU: sum(pointsPerCluster) = 1575 
 num [1:3] 1569 5 1
NULL
R-CCU: After ClusterLabelChange for i = 76 
R-CCU: sum(pointsPerCluster) = 1576 
 num [1:3] 1570 5 1
NULL
R-CCU: dpObj$numberClusters = 3 
List of 2
 $ : num [1, 1, 1:3] 0.3354 0.7922 0.0869
 $ : num [1, 1, 1:3] 8.32 3.42 2.72
NULL
R priorParameters: 2 8 
R maxT: 1 
R_PriorDraw_first_mu: 0.1649054 
R_PriorDraw_first_nu: 2.418407 
R-CCU: Before ClusterLabelChange for i = 77 newLabel= 1 currentLabel= 1 
R-CCU: sum(pointsPerCluster) = 1576 
 num [1:3] 1570 5 1
NULL
R-CCU: After ClusterLabelChange for i = 77 
R-CCU: sum(pointsPerCluster) = 1577 
 num [1:3] 1571 5 1
NULL
R-CCU: dpObj$numberClusters = 3 
List of 2
 $ : num [1, 1, 1:3] 0.3354 0.7922 0.0869
 $ : num [1, 1, 1:3] 8.32 3.42 2.72
NULL
R priorParameters: 2 8 
R maxT: 1 
R_PriorDraw_first_mu: 0.5630433 
R_PriorDraw_first_nu: 2.645738 
R-CCU: Before ClusterLabelChange for i = 78 newLabel= 1 currentLabel= 1 
R-CCU: sum(pointsPerCluster) = 1577 
 num [1:3] 1571 5 1
NULL
R-CCU: After ClusterLabelChange for i = 78 
R-CCU: sum(pointsPerCluster) = 1578 
 num [1:3] 1572 5 1
NULL
R-CCU: dpObj$numberClusters = 3 
List of 2
 $ : num [1, 1, 1:3] 0.3354 0.7922 0.0869
 $ : num [1, 1, 1:3] 8.32 3.42 2.72
NULL
R priorParameters: 2 8 
R maxT: 1 
R_PriorDraw_first_mu: 0.7420982 
R_PriorDraw_first_nu: 8.22426 
R-CCU: Before ClusterLabelChange for i = 79 newLabel= 1 currentLabel= 1 
R-CCU: sum(pointsPerCluster) = 1578 
 num [1:3] 1572 5 1
NULL
R-CCU: After ClusterLabelChange for i = 79 
R-CCU: sum(pointsPerCluster) = 1579 
 num [1:3] 1573 5 1
NULL
R-CCU: dpObj$numberClusters = 3 
List of 2
 $ : num [1, 1, 1:3] 0.3354 0.7922 0.0869
 $ : num [1, 1, 1:3] 8.32 3.42 2.72
NULL
R priorParameters: 2 8 
R maxT: 1 
R_PriorDraw_first_mu: 0.3030434 
R_PriorDraw_first_nu: 11.16811 
R-CCU: Before ClusterLabelChange for i = 80 newLabel= 1 currentLabel= 1 
R-CCU: sum(pointsPerCluster) = 1579 
 num [1:3] 1573 5 1
NULL
R-CCU: After ClusterLabelChange for i = 80 
R-CCU: sum(pointsPerCluster) = 1580 
 num [1:3] 1574 5 1
NULL
R-CCU: dpObj$numberClusters = 3 
List of 2
 $ : num [1, 1, 1:3] 0.3354 0.7922 0.0869
 $ : num [1, 1, 1:3] 8.32 3.42 2.72
NULL
R priorParameters: 2 8 
R maxT: 1 
R_PriorDraw_first_mu: 0.002001487 
R_PriorDraw_first_nu: 7.478888 
R-CCU: Before ClusterLabelChange for i = 81 newLabel= 1 currentLabel= 1 
R-CCU: sum(pointsPerCluster) = 1580 
 num [1:3] 1574 5 1
NULL
R-CCU: After ClusterLabelChange for i = 81 
R-CCU: sum(pointsPerCluster) = 1581 
 num [1:3] 1575 5 1
NULL
R-CCU: dpObj$numberClusters = 3 
List of 2
 $ : num [1, 1, 1:3] 0.3354 0.7922 0.0869
 $ : num [1, 1, 1:3] 8.32 3.42 2.72
NULL
R priorParameters: 2 8 
R maxT: 1 
R_PriorDraw_first_mu: 0.1573625 
R_PriorDraw_first_nu: 7.028562 
R-CCU: Before ClusterLabelChange for i = 82 newLabel= 1 currentLabel= 1 
R-CCU: sum(pointsPerCluster) = 1581 
 num [1:3] 1575 5 1
NULL
R-CCU: After ClusterLabelChange for i = 82 
R-CCU: sum(pointsPerCluster) = 1582 
 num [1:3] 1576 5 1
NULL
R-CCU: dpObj$numberClusters = 3 
List of 2
 $ : num [1, 1, 1:3] 0.3354 0.7922 0.0869
 $ : num [1, 1, 1:3] 8.32 3.42 2.72
NULL
R priorParameters: 2 8 
R maxT: 1 
R_PriorDraw_first_mu: 0.2636245 
R_PriorDraw_first_nu: 11.33261 
R-CCU: Before ClusterLabelChange for i = 83 newLabel= 1 currentLabel= 1 
R-CCU: sum(pointsPerCluster) = 1582 
 num [1:3] 1576 5 1
NULL
R-CCU: After ClusterLabelChange for i = 83 
R-CCU: sum(pointsPerCluster) = 1583 
 num [1:3] 1577 5 1
NULL
R-CCU: dpObj$numberClusters = 3 
List of 2
 $ : num [1, 1, 1:3] 0.3354 0.7922 0.0869
 $ : num [1, 1, 1:3] 8.32 3.42 2.72
NULL
R priorParameters: 2 8 
R maxT: 1 
R_PriorDraw_first_mu: 0.2396488 
R_PriorDraw_first_nu: 1.249661 
R-CCU: Before ClusterLabelChange for i = 84 newLabel= 1 currentLabel= 1 
R-CCU: sum(pointsPerCluster) = 1583 
 num [1:3] 1577 5 1
NULL
R-CCU: After ClusterLabelChange for i = 84 
R-CCU: sum(pointsPerCluster) = 1584 
 num [1:3] 1578 5 1
NULL
R-CCU: dpObj$numberClusters = 3 
List of 2
 $ : num [1, 1, 1:3] 0.3354 0.7922 0.0869
 $ : num [1, 1, 1:3] 8.32 3.42 2.72
NULL
R priorParameters: 2 8 
R maxT: 1 
R_PriorDraw_first_mu: 0.0914012 
R_PriorDraw_first_nu: 3.265038 
R-CCU: Before ClusterLabelChange for i = 85 newLabel= 1 currentLabel= 1 
R-CCU: sum(pointsPerCluster) = 1584 
 num [1:3] 1578 5 1
NULL
R-CCU: After ClusterLabelChange for i = 85 
R-CCU: sum(pointsPerCluster) = 1585 
 num [1:3] 1579 5 1
NULL
R-CCU: dpObj$numberClusters = 3 
List of 2
 $ : num [1, 1, 1:3] 0.3354 0.7922 0.0869
 $ : num [1, 1, 1:3] 8.32 3.42 2.72
NULL
R priorParameters: 2 8 
R maxT: 1 
R_PriorDraw_first_mu: 0.4135554 
R_PriorDraw_first_nu: 7.293277 
R-CCU: Before ClusterLabelChange for i = 86 newLabel= 1 currentLabel= 1 
R-CCU: sum(pointsPerCluster) = 1585 
 num [1:3] 1579 5 1
NULL
R-CCU: After ClusterLabelChange for i = 86 
R-CCU: sum(pointsPerCluster) = 1586 
 num [1:3] 1580 5 1
NULL
R-CCU: dpObj$numberClusters = 3 
List of 2
 $ : num [1, 1, 1:3] 0.3354 0.7922 0.0869
 $ : num [1, 1, 1:3] 8.32 3.42 2.72
NULL
R priorParameters: 2 8 
R maxT: 1 
R_PriorDraw_first_mu: 0.2424385 
R_PriorDraw_first_nu: 2.868337 
R-CCU: Before ClusterLabelChange for i = 87 newLabel= 1 currentLabel= 1 
R-CCU: sum(pointsPerCluster) = 1586 
 num [1:3] 1580 5 1
NULL
R-CCU: After ClusterLabelChange for i = 87 
R-CCU: sum(pointsPerCluster) = 1587 
 num [1:3] 1581 5 1
NULL
R-CCU: dpObj$numberClusters = 3 
List of 2
 $ : num [1, 1, 1:3] 0.3354 0.7922 0.0869
 $ : num [1, 1, 1:3] 8.32 3.42 2.72
NULL
R priorParameters: 2 8 
R maxT: 1 
R_PriorDraw_first_mu: 0.6549795 
R_PriorDraw_first_nu: 21.93051 
R-CCU: Before ClusterLabelChange for i = 88 newLabel= 1 currentLabel= 1 
R-CCU: sum(pointsPerCluster) = 1587 
 num [1:3] 1581 5 1
NULL
R-CCU: After ClusterLabelChange for i = 88 
R-CCU: sum(pointsPerCluster) = 1588 
 num [1:3] 1582 5 1
NULL
R-CCU: dpObj$numberClusters = 3 
List of 2
 $ : num [1, 1, 1:3] 0.3354 0.7922 0.0869
 $ : num [1, 1, 1:3] 8.32 3.42 2.72
NULL
R priorParameters: 2 8 
R maxT: 1 
R_PriorDraw_first_mu: 0.4179111 
R_PriorDraw_first_nu: 2.821404 
R-CCU: Before ClusterLabelChange for i = 89 newLabel= 1 currentLabel= 1 
R-CCU: sum(pointsPerCluster) = 1588 
 num [1:3] 1582 5 1
NULL
R-CCU: After ClusterLabelChange for i = 89 
R-CCU: sum(pointsPerCluster) = 1589 
 num [1:3] 1583 5 1
NULL
R-CCU: dpObj$numberClusters = 3 
List of 2
 $ : num [1, 1, 1:3] 0.3354 0.7922 0.0869
 $ : num [1, 1, 1:3] 8.32 3.42 2.72
NULL
R priorParameters: 2 8 
R maxT: 1 
R_PriorDraw_first_mu: 0.6526425 
R_PriorDraw_first_nu: 3.233746 
R-CCU: Before ClusterLabelChange for i = 90 newLabel= 1 currentLabel= 1 
R-CCU: sum(pointsPerCluster) = 1589 
 num [1:3] 1583 5 1
NULL
R-CCU: After ClusterLabelChange for i = 90 
R-CCU: sum(pointsPerCluster) = 1590 
 num [1:3] 1584 5 1
NULL
R-CCU: dpObj$numberClusters = 3 
List of 2
 $ : num [1, 1, 1:3] 0.3354 0.7922 0.0869
 $ : num [1, 1, 1:3] 8.32 3.42 2.72
NULL
R priorParameters: 2 8 
R maxT: 1 
R_PriorDraw_first_mu: 0.4674664 
R_PriorDraw_first_nu: 3.238642 
R-CCU: Before ClusterLabelChange for i = 91 newLabel= 1 currentLabel= 1 
R-CCU: sum(pointsPerCluster) = 1590 
 num [1:3] 1584 5 1
NULL
R-CCU: After ClusterLabelChange for i = 91 
R-CCU: sum(pointsPerCluster) = 1591 
 num [1:3] 1585 5 1
NULL
R-CCU: dpObj$numberClusters = 3 
List of 2
 $ : num [1, 1, 1:3] 0.3354 0.7922 0.0869
 $ : num [1, 1, 1:3] 8.32 3.42 2.72
NULL
R priorParameters: 2 8 
R maxT: 1 
R_PriorDraw_first_mu: 0.819528 
R_PriorDraw_first_nu: 2.478048 
R-CCU: Before ClusterLabelChange for i = 92 newLabel= 1 currentLabel= 1 
R-CCU: sum(pointsPerCluster) = 1591 
 num [1:3] 1585 5 1
NULL
R-CCU: After ClusterLabelChange for i = 92 
R-CCU: sum(pointsPerCluster) = 1592 
 num [1:3] 1586 5 1
NULL
R-CCU: dpObj$numberClusters = 3 
List of 2
 $ : num [1, 1, 1:3] 0.3354 0.7922 0.0869
 $ : num [1, 1, 1:3] 8.32 3.42 2.72
NULL
R priorParameters: 2 8 
R maxT: 1 
R_PriorDraw_first_mu: 0.3036271 
R_PriorDraw_first_nu: 1.341258 
R-CCU: Before ClusterLabelChange for i = 93 newLabel= 1 currentLabel= 1 
R-CCU: sum(pointsPerCluster) = 1592 
 num [1:3] 1586 5 1
NULL
R-CCU: After ClusterLabelChange for i = 93 
R-CCU: sum(pointsPerCluster) = 1593 
 num [1:3] 1587 5 1
NULL
R-CCU: dpObj$numberClusters = 3 
List of 2
 $ : num [1, 1, 1:3] 0.3354 0.7922 0.0869
 $ : num [1, 1, 1:3] 8.32 3.42 2.72
NULL
R priorParameters: 2 8 
R maxT: 1 
R_PriorDraw_first_mu: 0.8307261 
R_PriorDraw_first_nu: 1.386412 
R-CCU: Before ClusterLabelChange for i = 94 newLabel= 1 currentLabel= 1 
R-CCU: sum(pointsPerCluster) = 1593 
 num [1:3] 1587 5 1
NULL
R-CCU: After ClusterLabelChange for i = 94 
R-CCU: sum(pointsPerCluster) = 1594 
 num [1:3] 1588 5 1
NULL
R-CCU: dpObj$numberClusters = 3 
List of 2
 $ : num [1, 1, 1:3] 0.3354 0.7922 0.0869
 $ : num [1, 1, 1:3] 8.32 3.42 2.72
NULL
R priorParameters: 2 8 
R maxT: 1 
R_PriorDraw_first_mu: 0.03377033 
R_PriorDraw_first_nu: 3.181798 
R-CCU: Before ClusterLabelChange for i = 95 newLabel= 1 currentLabel= 1 
R-CCU: sum(pointsPerCluster) = 1594 
 num [1:3] 1588 5 1
NULL
R-CCU: After ClusterLabelChange for i = 95 
R-CCU: sum(pointsPerCluster) = 1595 
 num [1:3] 1589 5 1
NULL
R-CCU: dpObj$numberClusters = 3 
List of 2
 $ : num [1, 1, 1:3] 0.3354 0.7922 0.0869
 $ : num [1, 1, 1:3] 8.32 3.42 2.72
NULL
R priorParameters: 2 8 
R maxT: 1 
R_PriorDraw_first_mu: 0.6482942 
R_PriorDraw_first_nu: 6.852339 
R-CCU: Before ClusterLabelChange for i = 96 newLabel= 1 currentLabel= 1 
R-CCU: sum(pointsPerCluster) = 1595 
 num [1:3] 1589 5 1
NULL
R-CCU: After ClusterLabelChange for i = 96 
R-CCU: sum(pointsPerCluster) = 1596 
 num [1:3] 1590 5 1
NULL
R-CCU: dpObj$numberClusters = 3 
List of 2
 $ : num [1, 1, 1:3] 0.3354 0.7922 0.0869
 $ : num [1, 1, 1:3] 8.32 3.42 2.72
NULL
R priorParameters: 2 8 
R maxT: 1 
R_PriorDraw_first_mu: 0.007163238 
R_PriorDraw_first_nu: 12.56858 
R-CCU: Before ClusterLabelChange for i = 97 newLabel= 1 currentLabel= 1 
R-CCU: sum(pointsPerCluster) = 1596 
 num [1:3] 1590 5 1
NULL
R-CCU: After ClusterLabelChange for i = 97 
R-CCU: sum(pointsPerCluster) = 1597 
 num [1:3] 1591 5 1
NULL
R-CCU: dpObj$numberClusters = 3 
List of 2
 $ : num [1, 1, 1:3] 0.3354 0.7922 0.0869
 $ : num [1, 1, 1:3] 8.32 3.42 2.72
NULL
R priorParameters: 2 8 
R maxT: 1 
R_PriorDraw_first_mu: 0.6117917 
R_PriorDraw_first_nu: 9.703799 
R-CCU: Before ClusterLabelChange for i = 98 newLabel= 1 currentLabel= 1 
R-CCU: sum(pointsPerCluster) = 1597 
 num [1:3] 1591 5 1
NULL
R-CCU: After ClusterLabelChange for i = 98 
R-CCU: sum(pointsPerCluster) = 1598 
 num [1:3] 1592 5 1
NULL
R-CCU: dpObj$numberClusters = 3 
List of 2
 $ : num [1, 1, 1:3] 0.3354 0.7922 0.0869
 $ : num [1, 1, 1:3] 8.32 3.42 2.72
NULL
R priorParameters: 2 8 
R maxT: 1 
R_PriorDraw_first_mu: 0.9402237 
R_PriorDraw_first_nu: 1.833449 
R-CCU: Before ClusterLabelChange for i = 99 newLabel= 1 currentLabel= 1 
R-CCU: sum(pointsPerCluster) = 1598 
 num [1:3] 1592 5 1
NULL
R-CCU: After ClusterLabelChange for i = 99 
R-CCU: sum(pointsPerCluster) = 1599 
 num [1:3] 1593 5 1
NULL
R-CCU: dpObj$numberClusters = 3 
List of 2
 $ : num [1, 1, 1:3] 0.3354 0.7922 0.0869
 $ : num [1, 1, 1:3] 8.32 3.42 2.72
NULL
R priorParameters: 2 8 
R maxT: 1 
R_PriorDraw_first_mu: 0.4884789 
R_PriorDraw_first_nu: 12.40747 
R-CCU: Before ClusterLabelChange for i = 100 newLabel= 1 currentLabel= 1 
R-CCU: sum(pointsPerCluster) = 1599 
 num [1:3] 1593 5 1
NULL
R-CCU: After ClusterLabelChange for i = 100 
R-CCU: sum(pointsPerCluster) = 1600 
 num [1:3] 1594 5 1
NULL
R-CCU: dpObj$numberClusters = 3 
List of 2
 $ : num [1, 1, 1:3] 0.3354 0.7922 0.0869
 $ : num [1, 1, 1:3] 8.32 3.42 2.72
NULL

⠴ | 1 130      5 | Beta Distribution Full Integration Test         R priorParameters: 2 8 
R maxT: 1 
R_PriorDraw_first_mu: 0.9435964 
R_PriorDraw_first_nu: 2.378271 
R-CCU: Before ClusterLabelChange for i = 1 newLabel= 1 currentLabel= 1 
R-CCU: sum(pointsPerCluster) = 1600 
 num [1:3] 1594 5 1
NULL
R-CCU: After ClusterLabelChange for i = 1 
R-CCU: sum(pointsPerCluster) = 1601 
 num [1:3] 1595 5 1
NULL
R-CCU: dpObj$numberClusters = 3 
List of 2
 $ : num [1, 1, 1:3] 0.3322 0.7922 0.0869
 $ : num [1, 1, 1:3] 7.01 3.42 2.72
NULL
R priorParameters: 2 8 
R maxT: 1 
R_PriorDraw_first_mu: 0.1476415 
R_PriorDraw_first_nu: 3.306046 
R-CCU: Before ClusterLabelChange for i = 2 newLabel= 1 currentLabel= 1 
R-CCU: sum(pointsPerCluster) = 1601 
 num [1:3] 1595 5 1
NULL
R-CCU: After ClusterLabelChange for i = 2 
R-CCU: sum(pointsPerCluster) = 1602 
 num [1:3] 1596 5 1
NULL
R-CCU: dpObj$numberClusters = 3 
List of 2
 $ : num [1, 1, 1:3] 0.3322 0.7922 0.0869
 $ : num [1, 1, 1:3] 7.01 3.42 2.72
NULL
R priorParameters: 2 8 
R maxT: 1 
R_PriorDraw_first_mu: 0.6367357 
R_PriorDraw_first_nu: 5.548672 
R-CCU: Before ClusterLabelChange for i = 3 newLabel= 1 currentLabel= 1 
R-CCU: sum(pointsPerCluster) = 1602 
 num [1:3] 1596 5 1
NULL
R-CCU: After ClusterLabelChange for i = 3 
R-CCU: sum(pointsPerCluster) = 1603 
 num [1:3] 1597 5 1
NULL
R-CCU: dpObj$numberClusters = 3 
List of 2
 $ : num [1, 1, 1:3] 0.3322 0.7922 0.0869
 $ : num [1, 1, 1:3] 7.01 3.42 2.72
NULL
R priorParameters: 2 8 
R maxT: 1 
R_PriorDraw_first_mu: 0.3802933 
R_PriorDraw_first_nu: 2.082726 
R-CCU: Before ClusterLabelChange for i = 4 newLabel= 1 currentLabel= 1 
R-CCU: sum(pointsPerCluster) = 1603 
 num [1:3] 1597 5 1
NULL
R-CCU: After ClusterLabelChange for i = 4 
R-CCU: sum(pointsPerCluster) = 1604 
 num [1:3] 1598 5 1
NULL
R-CCU: dpObj$numberClusters = 3 
List of 2
 $ : num [1, 1, 1:3] 0.3322 0.7922 0.0869
 $ : num [1, 1, 1:3] 7.01 3.42 2.72
NULL
R priorParameters: 2 8 
R maxT: 1 
R_PriorDraw_first_mu: 0.7342558 
R_PriorDraw_first_nu: 3.006743 
R-CCU: Before ClusterLabelChange for i = 5 newLabel= 1 currentLabel= 1 
R-CCU: sum(pointsPerCluster) = 1604 
 num [1:3] 1598 5 1
NULL
R-CCU: After ClusterLabelChange for i = 5 
R-CCU: sum(pointsPerCluster) = 1605 
 num [1:3] 1599 5 1
NULL
R-CCU: dpObj$numberClusters = 3 
List of 2
 $ : num [1, 1, 1:3] 0.3322 0.7922 0.0869
 $ : num [1, 1, 1:3] 7.01 3.42 2.72
NULL
R priorParameters: 2 8 
R maxT: 1 
R_PriorDraw_first_mu: 0.1366757 
R_PriorDraw_first_nu: 9.939923 
R-CCU: Before ClusterLabelChange for i = 6 newLabel= 1 currentLabel= 1 
R-CCU: sum(pointsPerCluster) = 1605 
 num [1:3] 1599 5 1
NULL
R-CCU: After ClusterLabelChange for i = 6 
R-CCU: sum(pointsPerCluster) = 1606 
 num [1:3] 1600 5 1
NULL
R-CCU: dpObj$numberClusters = 3 
List of 2
 $ : num [1, 1, 1:3] 0.3322 0.7922 0.0869
 $ : num [1, 1, 1:3] 7.01 3.42 2.72
NULL
R priorParameters: 2 8 
R maxT: 1 
R_PriorDraw_first_mu: 0.8198269 
R_PriorDraw_first_nu: 5.802047 
R-CCU: Before ClusterLabelChange for i = 7 newLabel= 1 currentLabel= 1 
R-CCU: sum(pointsPerCluster) = 1606 
 num [1:3] 1600 5 1
NULL
R-CCU: After ClusterLabelChange for i = 7 
R-CCU: sum(pointsPerCluster) = 1607 
 num [1:3] 1601 5 1
NULL
R-CCU: dpObj$numberClusters = 3 
List of 2
 $ : num [1, 1, 1:3] 0.3322 0.7922 0.0869
 $ : num [1, 1, 1:3] 7.01 3.42 2.72
NULL
R priorParameters: 2 8 
R maxT: 1 
R_PriorDraw_first_mu: 0.9293508 
R_PriorDraw_first_nu: 8.924777 
R-CCU: Before ClusterLabelChange for i = 8 newLabel= 1 currentLabel= 1 
R-CCU: sum(pointsPerCluster) = 1607 
 num [1:3] 1601 5 1
NULL
R-CCU: After ClusterLabelChange for i = 8 
R-CCU: sum(pointsPerCluster) = 1608 
 num [1:3] 1602 5 1
NULL
R-CCU: dpObj$numberClusters = 3 
List of 2
 $ : num [1, 1, 1:3] 0.3322 0.7922 0.0869
 $ : num [1, 1, 1:3] 7.01 3.42 2.72
NULL
R priorParameters: 2 8 
R maxT: 1 
R_PriorDraw_first_mu: 0.4954838 
R_PriorDraw_first_nu: 1.514637 
R-CCU: Before ClusterLabelChange for i = 9 newLabel= 1 currentLabel= 1 
R-CCU: sum(pointsPerCluster) = 1608 
 num [1:3] 1602 5 1
NULL
R-CCU: After ClusterLabelChange for i = 9 
R-CCU: sum(pointsPerCluster) = 1609 
 num [1:3] 1603 5 1
NULL
R-CCU: dpObj$numberClusters = 3 
List of 2
 $ : num [1, 1, 1:3] 0.3322 0.7922 0.0869
 $ : num [1, 1, 1:3] 7.01 3.42 2.72
NULL
R priorParameters: 2 8 
R maxT: 1 
R_PriorDraw_first_mu: 0.6830623 
R_PriorDraw_first_nu: 2.505021 
R-CCU: Before ClusterLabelChange for i = 10 newLabel= 1 currentLabel= 1 
R-CCU: sum(pointsPerCluster) = 1609 
 num [1:3] 1603 5 1
NULL
R-CCU: After ClusterLabelChange for i = 10 
R-CCU: sum(pointsPerCluster) = 1610 
 num [1:3] 1604 5 1
NULL
R-CCU: dpObj$numberClusters = 3 
List of 2
 $ : num [1, 1, 1:3] 0.3322 0.7922 0.0869
 $ : num [1, 1, 1:3] 7.01 3.42 2.72
NULL
R priorParameters: 2 8 
R maxT: 1 
R_PriorDraw_first_mu: 0.3465942 
R_PriorDraw_first_nu: 5.244476 
R-CCU: Before ClusterLabelChange for i = 11 newLabel= 1 currentLabel= 1 
R-CCU: sum(pointsPerCluster) = 1610 
 num [1:3] 1604 5 1
NULL
R-CCU: After ClusterLabelChange for i = 11 
R-CCU: sum(pointsPerCluster) = 1611 
 num [1:3] 1605 5 1
NULL
R-CCU: dpObj$numberClusters = 3 
List of 2
 $ : num [1, 1, 1:3] 0.3322 0.7922 0.0869
 $ : num [1, 1, 1:3] 7.01 3.42 2.72
NULL
R priorParameters: 2 8 
R maxT: 1 
R_PriorDraw_first_mu: 0.7667772 
R_PriorDraw_first_nu: 4.727734 
R-CCU: Before ClusterLabelChange for i = 12 newLabel= 1 currentLabel= 1 
R-CCU: sum(pointsPerCluster) = 1611 
 num [1:3] 1605 5 1
NULL
R-CCU: After ClusterLabelChange for i = 12 
R-CCU: sum(pointsPerCluster) = 1612 
 num [1:3] 1606 5 1
NULL
R-CCU: dpObj$numberClusters = 3 
List of 2
 $ : num [1, 1, 1:3] 0.3322 0.7922 0.0869
 $ : num [1, 1, 1:3] 7.01 3.42 2.72
NULL
R priorParameters: 2 8 
R maxT: 1 
R_PriorDraw_first_mu: 0.8157952 
R_PriorDraw_first_nu: 2.041534 
R-CCU: Before ClusterLabelChange for i = 13 newLabel= 1 currentLabel= 1 
R-CCU: sum(pointsPerCluster) = 1612 
 num [1:3] 1606 5 1
NULL
R-CCU: After ClusterLabelChange for i = 13 
R-CCU: sum(pointsPerCluster) = 1613 
 num [1:3] 1607 5 1
NULL
R-CCU: dpObj$numberClusters = 3 
List of 2
 $ : num [1, 1, 1:3] 0.3322 0.7922 0.0869
 $ : num [1, 1, 1:3] 7.01 3.42 2.72
NULL
R priorParameters: 2 8 
R maxT: 1 
R_PriorDraw_first_mu: 0.6574126 
R_PriorDraw_first_nu: 2.79722 
R-CCU: Before ClusterLabelChange for i = 14 newLabel= 1 currentLabel= 1 
R-CCU: sum(pointsPerCluster) = 1613 
 num [1:3] 1607 5 1
NULL
R-CCU: After ClusterLabelChange for i = 14 
R-CCU: sum(pointsPerCluster) = 1614 
 num [1:3] 1608 5 1
NULL
R-CCU: dpObj$numberClusters = 3 
List of 2
 $ : num [1, 1, 1:3] 0.3322 0.7922 0.0869
 $ : num [1, 1, 1:3] 7.01 3.42 2.72
NULL
R priorParameters: 2 8 
R maxT: 1 
R_PriorDraw_first_mu: 0.09538852 
R_PriorDraw_first_nu: 3.807152 
R-CCU: Before ClusterLabelChange for i = 15 newLabel= 1 currentLabel= 1 
R-CCU: sum(pointsPerCluster) = 1614 
 num [1:3] 1608 5 1
NULL
R-CCU: After ClusterLabelChange for i = 15 
R-CCU: sum(pointsPerCluster) = 1615 
 num [1:3] 1609 5 1
NULL
R-CCU: dpObj$numberClusters = 3 
List of 2
 $ : num [1, 1, 1:3] 0.3322 0.7922 0.0869
 $ : num [1, 1, 1:3] 7.01 3.42 2.72
NULL
R priorParameters: 2 8 
R maxT: 1 
R_PriorDraw_first_mu: 0.658062 
R_PriorDraw_first_nu: 5.48726 
R-CCU: Before ClusterLabelChange for i = 16 newLabel= 1 currentLabel= 1 
R-CCU: sum(pointsPerCluster) = 1615 
 num [1:3] 1609 5 1
NULL
R-CCU: After ClusterLabelChange for i = 16 
R-CCU: sum(pointsPerCluster) = 1616 
 num [1:3] 1610 5 1
NULL
R-CCU: dpObj$numberClusters = 3 
List of 2
 $ : num [1, 1, 1:3] 0.3322 0.7922 0.0869
 $ : num [1, 1, 1:3] 7.01 3.42 2.72
NULL
R priorParameters: 2 8 
R maxT: 1 
R_PriorDraw_first_mu: 0.9364359 
R_PriorDraw_first_nu: 26.13006 
R-CCU: Before ClusterLabelChange for i = 17 newLabel= 1 currentLabel= 1 
R-CCU: sum(pointsPerCluster) = 1616 
 num [1:3] 1610 5 1
NULL
R-CCU: After ClusterLabelChange for i = 17 
R-CCU: sum(pointsPerCluster) = 1617 
 num [1:3] 1611 5 1
NULL
R-CCU: dpObj$numberClusters = 3 
List of 2
 $ : num [1, 1, 1:3] 0.3322 0.7922 0.0869
 $ : num [1, 1, 1:3] 7.01 3.42 2.72
NULL
R priorParameters: 2 8 
R maxT: 1 
R_PriorDraw_first_mu: 0.393353 
R_PriorDraw_first_nu: 2.78622 
R-CCU: Before ClusterLabelChange for i = 18 newLabel= 1 currentLabel= 1 
R-CCU: sum(pointsPerCluster) = 1617 
 num [1:3] 1611 5 1
NULL
R-CCU: After ClusterLabelChange for i = 18 
R-CCU: sum(pointsPerCluster) = 1618 
 num [1:3] 1612 5 1
NULL
R-CCU: dpObj$numberClusters = 3 
List of 2
 $ : num [1, 1, 1:3] 0.3322 0.7922 0.0869
 $ : num [1, 1, 1:3] 7.01 3.42 2.72
NULL
R priorParameters: 2 8 
R maxT: 1 
R_PriorDraw_first_mu: 0.4497954 
R_PriorDraw_first_nu: 12.1156 
R-CCU: Before ClusterLabelChange for i = 19 newLabel= 1 currentLabel= 1 
R-CCU: sum(pointsPerCluster) = 1618 
 num [1:3] 1612 5 1
NULL
R-CCU: After ClusterLabelChange for i = 19 
R-CCU: sum(pointsPerCluster) = 1619 
 num [1:3] 1613 5 1
NULL
R-CCU: dpObj$numberClusters = 3 
List of 2
 $ : num [1, 1, 1:3] 0.3322 0.7922 0.0869
 $ : num [1, 1, 1:3] 7.01 3.42 2.72
NULL
R priorParameters: 2 8 
R maxT: 1 
R_PriorDraw_first_mu: 0.1351283 
R_PriorDraw_first_nu: 5.639672 
R-CCU: Before ClusterLabelChange for i = 20 newLabel= 1 currentLabel= 1 
R-CCU: sum(pointsPerCluster) = 1619 
 num [1:3] 1613 5 1
NULL
R-CCU: After ClusterLabelChange for i = 20 
R-CCU: sum(pointsPerCluster) = 1620 
 num [1:3] 1614 5 1
NULL
R-CCU: dpObj$numberClusters = 3 
List of 2
 $ : num [1, 1, 1:3] 0.3322 0.7922 0.0869
 $ : num [1, 1, 1:3] 7.01 3.42 2.72
NULL
R priorParameters: 2 8 
R maxT: 1 
R_PriorDraw_first_mu: 0.5123921 
R_PriorDraw_first_nu: 8.101641 
R-CCU: Before ClusterLabelChange for i = 21 newLabel= 1 currentLabel= 1 
R-CCU: sum(pointsPerCluster) = 1620 
 num [1:3] 1614 5 1
NULL
R-CCU: After ClusterLabelChange for i = 21 
R-CCU: sum(pointsPerCluster) = 1621 
 num [1:3] 1615 5 1
NULL
R-CCU: dpObj$numberClusters = 3 
List of 2
 $ : num [1, 1, 1:3] 0.3322 0.7922 0.0869
 $ : num [1, 1, 1:3] 7.01 3.42 2.72
NULL
R priorParameters: 2 8 
R maxT: 1 
R_PriorDraw_first_mu: 0.5147811 
R_PriorDraw_first_nu: 6.416197 
R-CCU: Before ClusterLabelChange for i = 22 newLabel= 1 currentLabel= 1 
R-CCU: sum(pointsPerCluster) = 1621 
 num [1:3] 1615 5 1
NULL
R-CCU: After ClusterLabelChange for i = 22 
R-CCU: sum(pointsPerCluster) = 1622 
 num [1:3] 1616 5 1
NULL
R-CCU: dpObj$numberClusters = 3 
List of 2
 $ : num [1, 1, 1:3] 0.3322 0.7922 0.0869
 $ : num [1, 1, 1:3] 7.01 3.42 2.72
NULL
R priorParameters: 2 8 
R maxT: 1 
R_PriorDraw_first_mu: 0.3782634 
R_PriorDraw_first_nu: 23.57358 
R-CCU: Before ClusterLabelChange for i = 23 newLabel= 1 currentLabel= 1 
R-CCU: sum(pointsPerCluster) = 1622 
 num [1:3] 1616 5 1
NULL
R-CCU: After ClusterLabelChange for i = 23 
R-CCU: sum(pointsPerCluster) = 1623 
 num [1:3] 1617 5 1
NULL
R-CCU: dpObj$numberClusters = 3 
List of 2
 $ : num [1, 1, 1:3] 0.3322 0.7922 0.0869
 $ : num [1, 1, 1:3] 7.01 3.42 2.72
NULL
R priorParameters: 2 8 
R maxT: 1 
R_PriorDraw_first_mu: 0.1610878 
R_PriorDraw_first_nu: 3.157157 
R-CCU: Before ClusterLabelChange for i = 24 newLabel= 1 currentLabel= 1 
R-CCU: sum(pointsPerCluster) = 1623 
 num [1:3] 1617 5 1
NULL
R-CCU: After ClusterLabelChange for i = 24 
R-CCU: sum(pointsPerCluster) = 1624 
 num [1:3] 1618 5 1
NULL
R-CCU: dpObj$numberClusters = 3 
List of 2
 $ : num [1, 1, 1:3] 0.3322 0.7922 0.0869
 $ : num [1, 1, 1:3] 7.01 3.42 2.72
NULL
R priorParameters: 2 8 
R maxT: 1 
R_PriorDraw_first_mu: 0.7574116 
R_PriorDraw_first_nu: 1.563441 
R-CCU: Before ClusterLabelChange for i = 25 newLabel= 1 currentLabel= 1 
R-CCU: sum(pointsPerCluster) = 1624 
 num [1:3] 1618 5 1
NULL
R-CCU: After ClusterLabelChange for i = 25 
R-CCU: sum(pointsPerCluster) = 1625 
 num [1:3] 1619 5 1
NULL
R-CCU: dpObj$numberClusters = 3 
List of 2
 $ : num [1, 1, 1:3] 0.3322 0.7922 0.0869
 $ : num [1, 1, 1:3] 7.01 3.42 2.72
NULL
R priorParameters: 2 8 
R maxT: 1 
R_PriorDraw_first_mu: 0.3343289 
R_PriorDraw_first_nu: 9.211293 
R-CCU: Before ClusterLabelChange for i = 26 newLabel= 1 currentLabel= 1 
R-CCU: sum(pointsPerCluster) = 1625 
 num [1:3] 1619 5 1
NULL
R-CCU: After ClusterLabelChange for i = 26 
R-CCU: sum(pointsPerCluster) = 1626 
 num [1:3] 1620 5 1
NULL
R-CCU: dpObj$numberClusters = 3 
List of 2
 $ : num [1, 1, 1:3] 0.3322 0.7922 0.0869
 $ : num [1, 1, 1:3] 7.01 3.42 2.72
NULL
R priorParameters: 2 8 
R maxT: 1 
R_PriorDraw_first_mu: 0.9588032 
R_PriorDraw_first_nu: 8.278872 
R-CCU: Before ClusterLabelChange for i = 27 newLabel= 1 currentLabel= 1 
R-CCU: sum(pointsPerCluster) = 1626 
 num [1:3] 1620 5 1
NULL
R-CCU: After ClusterLabelChange for i = 27 
R-CCU: sum(pointsPerCluster) = 1627 
 num [1:3] 1621 5 1
NULL
R-CCU: dpObj$numberClusters = 3 
List of 2
 $ : num [1, 1, 1:3] 0.3322 0.7922 0.0869
 $ : num [1, 1, 1:3] 7.01 3.42 2.72
NULL
R priorParameters: 2 8 
R maxT: 1 
R_PriorDraw_first_mu: 0.08661114 
R_PriorDraw_first_nu: 19.95532 
R-CCU: Before ClusterLabelChange for i = 28 newLabel= 1 currentLabel= 1 
R-CCU: sum(pointsPerCluster) = 1627 
 num [1:3] 1621 5 1
NULL
R-CCU: After ClusterLabelChange for i = 28 
R-CCU: sum(pointsPerCluster) = 1628 
 num [1:3] 1622 5 1
NULL
R-CCU: dpObj$numberClusters = 3 
List of 2
 $ : num [1, 1, 1:3] 0.3322 0.7922 0.0869
 $ : num [1, 1, 1:3] 7.01 3.42 2.72
NULL
R priorParameters: 2 8 
R maxT: 1 
R_PriorDraw_first_mu: 0.5041985 
R_PriorDraw_first_nu: 5.762049 
R-CCU: Before ClusterLabelChange for i = 29 newLabel= 1 currentLabel= 1 
R-CCU: sum(pointsPerCluster) = 1628 
 num [1:3] 1622 5 1
NULL
R-CCU: After ClusterLabelChange for i = 29 
R-CCU: sum(pointsPerCluster) = 1629 
 num [1:3] 1623 5 1
NULL
R-CCU: dpObj$numberClusters = 3 
List of 2
 $ : num [1, 1, 1:3] 0.3322 0.7922 0.0869
 $ : num [1, 1, 1:3] 7.01 3.42 2.72
NULL
R priorParameters: 2 8 
R maxT: 1 
R_PriorDraw_first_mu: 0.5414021 
R_PriorDraw_first_nu: 170.1984 
R-CCU: Before ClusterLabelChange for i = 30 newLabel= 1 currentLabel= 1 
R-CCU: sum(pointsPerCluster) = 1629 
 num [1:3] 1623 5 1
NULL
R-CCU: After ClusterLabelChange for i = 30 
R-CCU: sum(pointsPerCluster) = 1630 
 num [1:3] 1624 5 1
NULL
R-CCU: dpObj$numberClusters = 3 
List of 2
 $ : num [1, 1, 1:3] 0.3322 0.7922 0.0869
 $ : num [1, 1, 1:3] 7.01 3.42 2.72
NULL
R priorParameters: 2 8 
R maxT: 1 
R_PriorDraw_first_mu: 0.8704311 
R_PriorDraw_first_nu: 18.06742 
R-CCU: Before ClusterLabelChange for i = 31 newLabel= 1 currentLabel= 1 
R-CCU: sum(pointsPerCluster) = 1630 
 num [1:3] 1624 5 1
NULL
R-CCU: After ClusterLabelChange for i = 31 
R-CCU: sum(pointsPerCluster) = 1631 
 num [1:3] 1625 5 1
NULL
R-CCU: dpObj$numberClusters = 3 
List of 2
 $ : num [1, 1, 1:3] 0.3322 0.7922 0.0869
 $ : num [1, 1, 1:3] 7.01 3.42 2.72
NULL
R priorParameters: 2 8 
R maxT: 1 
R_PriorDraw_first_mu: 0.5007233 
R_PriorDraw_first_nu: 5.335814 
R-CCU: Before ClusterLabelChange for i = 32 newLabel= 1 currentLabel= 1 
R-CCU: sum(pointsPerCluster) = 1631 
 num [1:3] 1625 5 1
NULL
R-CCU: After ClusterLabelChange for i = 32 
R-CCU: sum(pointsPerCluster) = 1632 
 num [1:3] 1626 5 1
NULL
R-CCU: dpObj$numberClusters = 3 
List of 2
 $ : num [1, 1, 1:3] 0.3322 0.7922 0.0869
 $ : num [1, 1, 1:3] 7.01 3.42 2.72
NULL
R priorParameters: 2 8 
R maxT: 1 
R_PriorDraw_first_mu: 0.00464307 
R_PriorDraw_first_nu: 1.701903 
R-CCU: Before ClusterLabelChange for i = 33 newLabel= 1 currentLabel= 1 
R-CCU: sum(pointsPerCluster) = 1632 
 num [1:3] 1626 5 1
NULL
R-CCU: After ClusterLabelChange for i = 33 
R-CCU: sum(pointsPerCluster) = 1633 
 num [1:3] 1627 5 1
NULL
R-CCU: dpObj$numberClusters = 3 
List of 2
 $ : num [1, 1, 1:3] 0.3322 0.7922 0.0869
 $ : num [1, 1, 1:3] 7.01 3.42 2.72
NULL
R priorParameters: 2 8 
R maxT: 1 
R_PriorDraw_first_mu: 0.03834206 
R_PriorDraw_first_nu: 3.983242 
R-CCU: Before ClusterLabelChange for i = 34 newLabel= 1 currentLabel= 1 
R-CCU: sum(pointsPerCluster) = 1633 
 num [1:3] 1627 5 1
NULL
R-CCU: After ClusterLabelChange for i = 34 
R-CCU: sum(pointsPerCluster) = 1634 
 num [1:3] 1628 5 1
NULL
R-CCU: dpObj$numberClusters = 3 
List of 2
 $ : num [1, 1, 1:3] 0.3322 0.7922 0.0869
 $ : num [1, 1, 1:3] 7.01 3.42 2.72
NULL
R priorParameters: 2 8 
R maxT: 1 
R_PriorDraw_first_mu: 0.9467323 
R_PriorDraw_first_nu: 3.4606 
R-CCU: Before ClusterLabelChange for i = 35 newLabel= 1 currentLabel= 1 
R-CCU: sum(pointsPerCluster) = 1634 
 num [1:3] 1628 5 1
NULL
R-CCU: After ClusterLabelChange for i = 35 
R-CCU: sum(pointsPerCluster) = 1635 
 num [1:3] 1629 5 1
NULL
R-CCU: dpObj$numberClusters = 3 
List of 2
 $ : num [1, 1, 1:3] 0.3322 0.7922 0.0869
 $ : num [1, 1, 1:3] 7.01 3.42 2.72
NULL
R priorParameters: 2 8 
R maxT: 1 
R_PriorDraw_first_mu: 0.1774727 
R_PriorDraw_first_nu: 8.380119 
R-CCU: Before ClusterLabelChange for i = 36 newLabel= 1 currentLabel= 1 
R-CCU: sum(pointsPerCluster) = 1635 
 num [1:3] 1629 5 1
NULL
R-CCU: After ClusterLabelChange for i = 36 
R-CCU: sum(pointsPerCluster) = 1636 
 num [1:3] 1630 5 1
NULL
R-CCU: dpObj$numberClusters = 3 
List of 2
 $ : num [1, 1, 1:3] 0.3322 0.7922 0.0869
 $ : num [1, 1, 1:3] 7.01 3.42 2.72
NULL
R priorParameters: 2 8 
R maxT: 1 
R_PriorDraw_first_mu: 0.6781385 
R_PriorDraw_first_nu: 3.658009 
R-CCU: Before ClusterLabelChange for i = 37 newLabel= 1 currentLabel= 1 
R-CCU: sum(pointsPerCluster) = 1636 
 num [1:3] 1630 5 1
NULL
R-CCU: After ClusterLabelChange for i = 37 
R-CCU: sum(pointsPerCluster) = 1637 
 num [1:3] 1631 5 1
NULL
R-CCU: dpObj$numberClusters = 3 
List of 2
 $ : num [1, 1, 1:3] 0.3322 0.7922 0.0869
 $ : num [1, 1, 1:3] 7.01 3.42 2.72
NULL
R priorParameters: 2 8 
R maxT: 1 
R_PriorDraw_first_mu: 0.96168 
R_PriorDraw_first_nu: 9.714181 
R-CCU: Before ClusterLabelChange for i = 38 newLabel= 1 currentLabel= 1 
R-CCU: sum(pointsPerCluster) = 1637 
 num [1:3] 1631 5 1
NULL
R-CCU: After ClusterLabelChange for i = 38 
R-CCU: sum(pointsPerCluster) = 1638 
 num [1:3] 1632 5 1
NULL
R-CCU: dpObj$numberClusters = 3 
List of 2
 $ : num [1, 1, 1:3] 0.3322 0.7922 0.0869
 $ : num [1, 1, 1:3] 7.01 3.42 2.72
NULL
R priorParameters: 2 8 
R maxT: 1 
R_PriorDraw_first_mu: 0.04561644 
R_PriorDraw_first_nu: 3.505565 
R-CCU: Before ClusterLabelChange for i = 39 newLabel= 1 currentLabel= 1 
R-CCU: sum(pointsPerCluster) = 1638 
 num [1:3] 1632 5 1
NULL
R-CCU: After ClusterLabelChange for i = 39 
R-CCU: sum(pointsPerCluster) = 1639 
 num [1:3] 1633 5 1
NULL
R-CCU: dpObj$numberClusters = 3 
List of 2
 $ : num [1, 1, 1:3] 0.3322 0.7922 0.0869
 $ : num [1, 1, 1:3] 7.01 3.42 2.72
NULL
R priorParameters: 2 8 
R maxT: 1 
R_PriorDraw_first_mu: 0.2177985 
R_PriorDraw_first_nu: 4.308555 
R-CCU: Before ClusterLabelChange for i = 40 newLabel= 1 currentLabel= 1 
R-CCU: sum(pointsPerCluster) = 1639 
 num [1:3] 1633 5 1
NULL
R-CCU: After ClusterLabelChange for i = 40 
R-CCU: sum(pointsPerCluster) = 1640 
 num [1:3] 1634 5 1
NULL
R-CCU: dpObj$numberClusters = 3 
List of 2
 $ : num [1, 1, 1:3] 0.3322 0.7922 0.0869
 $ : num [1, 1, 1:3] 7.01 3.42 2.72
NULL
R priorParameters: 2 8 
R maxT: 1 
R_PriorDraw_first_mu: 0.809685 
R_PriorDraw_first_nu: 4.253491 
R-CCU: Before ClusterLabelChange for i = 41 newLabel= 1 currentLabel= 1 
R-CCU: sum(pointsPerCluster) = 1640 
 num [1:3] 1634 5 1
NULL
R-CCU: After ClusterLabelChange for i = 41 
R-CCU: sum(pointsPerCluster) = 1641 
 num [1:3] 1635 5 1
NULL
R-CCU: dpObj$numberClusters = 3 
List of 2
 $ : num [1, 1, 1:3] 0.3322 0.7922 0.0869
 $ : num [1, 1, 1:3] 7.01 3.42 2.72
NULL
R priorParameters: 2 8 
R maxT: 1 
R_PriorDraw_first_mu: 0.04429403 
R_PriorDraw_first_nu: 9.961959 
R-CCU: Before ClusterLabelChange for i = 42 newLabel= 1 currentLabel= 1 
R-CCU: sum(pointsPerCluster) = 1641 
 num [1:3] 1635 5 1
NULL
R-CCU: After ClusterLabelChange for i = 42 
R-CCU: sum(pointsPerCluster) = 1642 
 num [1:3] 1636 5 1
NULL
R-CCU: dpObj$numberClusters = 3 
List of 2
 $ : num [1, 1, 1:3] 0.3322 0.7922 0.0869
 $ : num [1, 1, 1:3] 7.01 3.42 2.72
NULL
R priorParameters: 2 8 
R maxT: 1 
R_PriorDraw_first_mu: 0.8940049 
R_PriorDraw_first_nu: 3.168361 
R-CCU: Before ClusterLabelChange for i = 43 newLabel= 1 currentLabel= 1 
R-CCU: sum(pointsPerCluster) = 1642 
 num [1:3] 1636 5 1
NULL
R-CCU: After ClusterLabelChange for i = 43 
R-CCU: sum(pointsPerCluster) = 1643 
 num [1:3] 1637 5 1
NULL
R-CCU: dpObj$numberClusters = 3 
List of 2
 $ : num [1, 1, 1:3] 0.3322 0.7922 0.0869
 $ : num [1, 1, 1:3] 7.01 3.42 2.72
NULL
R priorParameters: 2 8 
R maxT: 1 
R_PriorDraw_first_mu: 0.0318773 
R_PriorDraw_first_nu: 25.79896 
R-CCU: Before ClusterLabelChange for i = 44 newLabel= 1 currentLabel= 1 
R-CCU: sum(pointsPerCluster) = 1643 
 num [1:3] 1637 5 1
NULL
R-CCU: After ClusterLabelChange for i = 44 
R-CCU: sum(pointsPerCluster) = 1644 
 num [1:3] 1638 5 1
NULL
R-CCU: dpObj$numberClusters = 3 
List of 2
 $ : num [1, 1, 1:3] 0.3322 0.7922 0.0869
 $ : num [1, 1, 1:3] 7.01 3.42 2.72
NULL
R priorParameters: 2 8 
R maxT: 1 
R_PriorDraw_first_mu: 0.3423941 
R_PriorDraw_first_nu: 0.9233753 
R-CCU: Before ClusterLabelChange for i = 45 newLabel= 1 currentLabel= 1 
R-CCU: sum(pointsPerCluster) = 1644 
 num [1:3] 1638 5 1
NULL
R-CCU: After ClusterLabelChange for i = 45 
R-CCU: sum(pointsPerCluster) = 1645 
 num [1:3] 1639 5 1
NULL
R-CCU: dpObj$numberClusters = 3 
List of 2
 $ : num [1, 1, 1:3] 0.3322 0.7922 0.0869
 $ : num [1, 1, 1:3] 7.01 3.42 2.72
NULL
R priorParameters: 2 8 
R maxT: 1 
R_PriorDraw_first_mu: 0.4794798 
R_PriorDraw_first_nu: 2.87103 
R-CCU: Before ClusterLabelChange for i = 46 newLabel= 1 currentLabel= 1 
R-CCU: sum(pointsPerCluster) = 1645 
 num [1:3] 1639 5 1
NULL
R-CCU: After ClusterLabelChange for i = 46 
R-CCU: sum(pointsPerCluster) = 1646 
 num [1:3] 1640 5 1
NULL
R-CCU: dpObj$numberClusters = 3 
List of 2
 $ : num [1, 1, 1:3] 0.3322 0.7922 0.0869
 $ : num [1, 1, 1:3] 7.01 3.42 2.72
NULL
R priorParameters: 2 8 
R maxT: 1 
R_PriorDraw_first_mu: 0.2916967 
R_PriorDraw_first_nu: 1.268649 
R-CCU: Before ClusterLabelChange for i = 47 newLabel= 1 currentLabel= 1 
R-CCU: sum(pointsPerCluster) = 1646 
 num [1:3] 1640 5 1
NULL
R-CCU: After ClusterLabelChange for i = 47 
R-CCU: sum(pointsPerCluster) = 1647 
 num [1:3] 1641 5 1
NULL
R-CCU: dpObj$numberClusters = 3 
List of 2
 $ : num [1, 1, 1:3] 0.3322 0.7922 0.0869
 $ : num [1, 1, 1:3] 7.01 3.42 2.72
NULL
R priorParameters: 2 8 
R maxT: 1 
R_PriorDraw_first_mu: 0.8680727 
R_PriorDraw_first_nu: 10.29283 
R-CCU: Before ClusterLabelChange for i = 48 newLabel= 1 currentLabel= 1 
R-CCU: sum(pointsPerCluster) = 1647 
 num [1:3] 1641 5 1
NULL
R-CCU: After ClusterLabelChange for i = 48 
R-CCU: sum(pointsPerCluster) = 1648 
 num [1:3] 1642 5 1
NULL
R-CCU: dpObj$numberClusters = 3 
List of 2
 $ : num [1, 1, 1:3] 0.3322 0.7922 0.0869
 $ : num [1, 1, 1:3] 7.01 3.42 2.72
NULL
R priorParameters: 2 8 
R maxT: 1 
R_PriorDraw_first_mu: 0.6430997 
R_PriorDraw_first_nu: 2.64694 
R-CCU: Before ClusterLabelChange for i = 49 newLabel= 1 currentLabel= 1 
R-CCU: sum(pointsPerCluster) = 1648 
 num [1:3] 1642 5 1
NULL
R-CCU: After ClusterLabelChange for i = 49 
R-CCU: sum(pointsPerCluster) = 1649 
 num [1:3] 1643 5 1
NULL
R-CCU: dpObj$numberClusters = 3 
List of 2
 $ : num [1, 1, 1:3] 0.3322 0.7922 0.0869
 $ : num [1, 1, 1:3] 7.01 3.42 2.72
NULL
R priorParameters: 2 8 
R maxT: 1 
R_PriorDraw_first_mu: 0.06140653 
R_PriorDraw_first_nu: 5.734364 
R-CCU: Before ClusterLabelChange for i = 50 newLabel= 1 currentLabel= 1 
R-CCU: sum(pointsPerCluster) = 1649 
 num [1:3] 1643 5 1
NULL
R-CCU: After ClusterLabelChange for i = 50 
R-CCU: sum(pointsPerCluster) = 1650 
 num [1:3] 1644 5 1
NULL
R-CCU: dpObj$numberClusters = 3 
List of 2
 $ : num [1, 1, 1:3] 0.3322 0.7922 0.0869
 $ : num [1, 1, 1:3] 7.01 3.42 2.72
NULL
R priorParameters: 2 8 
R maxT: 1 
R_PriorDraw_first_mu: 0.4395021 
R_PriorDraw_first_nu: 3.461933 
R-CCU: Before ClusterLabelChange for i = 51 newLabel= 1 currentLabel= 1 
R-CCU: sum(pointsPerCluster) = 1650 
 num [1:3] 1644 5 1
NULL
R-CCU: After ClusterLabelChange for i = 51 
R-CCU: sum(pointsPerCluster) = 1651 
 num [1:3] 1645 5 1
NULL
R-CCU: dpObj$numberClusters = 3 
List of 2
 $ : num [1, 1, 1:3] 0.3322 0.7922 0.0869
 $ : num [1, 1, 1:3] 7.01 3.42 2.72
NULL
R priorParameters: 2 8 
R maxT: 1 
R_PriorDraw_first_mu: 0.680355 
R_PriorDraw_first_nu: 1.985663 
R-CCU: Before ClusterLabelChange for i = 52 newLabel= 1 currentLabel= 1 
R-CCU: sum(pointsPerCluster) = 1651 
 num [1:3] 1645 5 1
NULL
R-CCU: After ClusterLabelChange for i = 52 
R-CCU: sum(pointsPerCluster) = 1652 
 num [1:3] 1646 5 1
NULL
R-CCU: dpObj$numberClusters = 3 
List of 2
 $ : num [1, 1, 1:3] 0.3322 0.7922 0.0869
 $ : num [1, 1, 1:3] 7.01 3.42 2.72
NULL
R priorParameters: 2 8 
R maxT: 1 
R_PriorDraw_first_mu: 0.7384812 
R_PriorDraw_first_nu: 4.644033 
R-CCU: Before ClusterLabelChange for i = 53 newLabel= 1 currentLabel= 1 
R-CCU: sum(pointsPerCluster) = 1652 
 num [1:3] 1646 5 1
NULL
R-CCU: After ClusterLabelChange for i = 53 
R-CCU: sum(pointsPerCluster) = 1653 
 num [1:3] 1647 5 1
NULL
R-CCU: dpObj$numberClusters = 3 
List of 2
 $ : num [1, 1, 1:3] 0.3322 0.7922 0.0869
 $ : num [1, 1, 1:3] 7.01 3.42 2.72
NULL
R priorParameters: 2 8 
R maxT: 1 
R_PriorDraw_first_mu: 0.7573059 
R_PriorDraw_first_nu: 3.90849 
R-CCU: Before ClusterLabelChange for i = 54 newLabel= 1 currentLabel= 1 
R-CCU: sum(pointsPerCluster) = 1653 
 num [1:3] 1647 5 1
NULL
R-CCU: After ClusterLabelChange for i = 54 
R-CCU: sum(pointsPerCluster) = 1654 
 num [1:3] 1648 5 1
NULL
R-CCU: dpObj$numberClusters = 3 
List of 2
 $ : num [1, 1, 1:3] 0.3322 0.7922 0.0869
 $ : num [1, 1, 1:3] 7.01 3.42 2.72
NULL
R priorParameters: 2 8 
R maxT: 1 
R_PriorDraw_first_mu: 0.9029711 
R_PriorDraw_first_nu: 5.546612 
R-CCU: Before ClusterLabelChange for i = 55 newLabel= 1 currentLabel= 1 
R-CCU: sum(pointsPerCluster) = 1654 
 num [1:3] 1648 5 1
NULL
R-CCU: After ClusterLabelChange for i = 55 
R-CCU: sum(pointsPerCluster) = 1655 
 num [1:3] 1649 5 1
NULL
R-CCU: dpObj$numberClusters = 3 
List of 2
 $ : num [1, 1, 1:3] 0.3322 0.7922 0.0869
 $ : num [1, 1, 1:3] 7.01 3.42 2.72
NULL
R priorParameters: 2 8 
R maxT: 1 
R_PriorDraw_first_mu: 0.4654168 
R_PriorDraw_first_nu: 1.768582 
R-CCU: Before ClusterLabelChange for i = 56 newLabel= 1 currentLabel= 1 
R-CCU: sum(pointsPerCluster) = 1655 
 num [1:3] 1649 5 1
NULL
R-CCU: After ClusterLabelChange for i = 56 
R-CCU: sum(pointsPerCluster) = 1656 
 num [1:3] 1650 5 1
NULL
R-CCU: dpObj$numberClusters = 3 
List of 2
 $ : num [1, 1, 1:3] 0.3322 0.7922 0.0869
 $ : num [1, 1, 1:3] 7.01 3.42 2.72
NULL
R priorParameters: 2 8 
R maxT: 1 
R_PriorDraw_first_mu: 0.7751307 
R_PriorDraw_first_nu: 18.87306 
R-CCU: Before ClusterLabelChange for i = 57 newLabel= 1 currentLabel= 1 
R-CCU: sum(pointsPerCluster) = 1656 
 num [1:3] 1650 5 1
NULL
R-CCU: After ClusterLabelChange for i = 57 
R-CCU: sum(pointsPerCluster) = 1657 
 num [1:3] 1651 5 1
NULL
R-CCU: dpObj$numberClusters = 3 
List of 2
 $ : num [1, 1, 1:3] 0.3322 0.7922 0.0869
 $ : num [1, 1, 1:3] 7.01 3.42 2.72
NULL
R priorParameters: 2 8 
R maxT: 1 
R_PriorDraw_first_mu: 0.7815138 
R_PriorDraw_first_nu: 2.237491 
R-CCU: Before ClusterLabelChange for i = 58 newLabel= 1 currentLabel= 1 
R-CCU: sum(pointsPerCluster) = 1657 
 num [1:3] 1651 5 1
NULL
R-CCU: After ClusterLabelChange for i = 58 
R-CCU: sum(pointsPerCluster) = 1658 
 num [1:3] 1652 5 1
NULL
R-CCU: dpObj$numberClusters = 3 
List of 2
 $ : num [1, 1, 1:3] 0.3322 0.7922 0.0869
 $ : num [1, 1, 1:3] 7.01 3.42 2.72
NULL
R priorParameters: 2 8 
R maxT: 1 
R_PriorDraw_first_mu: 0.7426399 
R_PriorDraw_first_nu: 1.926785 
R-CCU: Before ClusterLabelChange for i = 59 newLabel= 1 currentLabel= 1 
R-CCU: sum(pointsPerCluster) = 1658 
 num [1:3] 1652 5 1
NULL
R-CCU: After ClusterLabelChange for i = 59 
R-CCU: sum(pointsPerCluster) = 1659 
 num [1:3] 1653 5 1
NULL
R-CCU: dpObj$numberClusters = 3 
List of 2
 $ : num [1, 1, 1:3] 0.3322 0.7922 0.0869
 $ : num [1, 1, 1:3] 7.01 3.42 2.72
NULL
R priorParameters: 2 8 
R maxT: 1 
R_PriorDraw_first_mu: 0.227351 
R_PriorDraw_first_nu: 5.793195 
R-CCU: Before ClusterLabelChange for i = 60 newLabel= 1 currentLabel= 1 
R-CCU: sum(pointsPerCluster) = 1659 
 num [1:3] 1653 5 1
NULL
R-CCU: After ClusterLabelChange for i = 60 
R-CCU: sum(pointsPerCluster) = 1660 
 num [1:3] 1654 5 1
NULL
R-CCU: dpObj$numberClusters = 3 
List of 2
 $ : num [1, 1, 1:3] 0.3322 0.7922 0.0869
 $ : num [1, 1, 1:3] 7.01 3.42 2.72
NULL
R priorParameters: 2 8 
R maxT: 1 
R_PriorDraw_first_mu: 0.06178953 
R_PriorDraw_first_nu: 18.62891 
R-CCU: Before ClusterLabelChange for i = 61 newLabel= 1 currentLabel= 1 
R-CCU: sum(pointsPerCluster) = 1660 
 num [1:3] 1654 5 1
NULL
R-CCU: After ClusterLabelChange for i = 61 
R-CCU: sum(pointsPerCluster) = 1661 
 num [1:3] 1655 5 1
NULL
R-CCU: dpObj$numberClusters = 3 
List of 2
 $ : num [1, 1, 1:3] 0.3322 0.7922 0.0869
 $ : num [1, 1, 1:3] 7.01 3.42 2.72
NULL
R priorParameters: 2 8 
R maxT: 1 
R_PriorDraw_first_mu: 0.7817123 
R_PriorDraw_first_nu: 5.216947 
R-CCU: Before ClusterLabelChange for i = 62 newLabel= 1 currentLabel= 1 
R-CCU: sum(pointsPerCluster) = 1661 
 num [1:3] 1655 5 1
NULL
R-CCU: After ClusterLabelChange for i = 62 
R-CCU: sum(pointsPerCluster) = 1662 
 num [1:3] 1656 5 1
NULL
R-CCU: dpObj$numberClusters = 3 
List of 2
 $ : num [1, 1, 1:3] 0.3322 0.7922 0.0869
 $ : num [1, 1, 1:3] 7.01 3.42 2.72
NULL
R priorParameters: 2 8 
R maxT: 1 
R_PriorDraw_first_mu: 0.495567 
R_PriorDraw_first_nu: 3.828661 
R-CCU: Before ClusterLabelChange for i = 63 newLabel= 1 currentLabel= 1 
R-CCU: sum(pointsPerCluster) = 1662 
 num [1:3] 1656 5 1
NULL
R-CCU: After ClusterLabelChange for i = 63 
R-CCU: sum(pointsPerCluster) = 1663 
 num [1:3] 1657 5 1
NULL
R-CCU: dpObj$numberClusters = 3 
List of 2
 $ : num [1, 1, 1:3] 0.3322 0.7922 0.0869
 $ : num [1, 1, 1:3] 7.01 3.42 2.72
NULL
R priorParameters: 2 8 
R maxT: 1 
R_PriorDraw_first_mu: 0.8131795 
R_PriorDraw_first_nu: 3.926449 
R-CCU: Before ClusterLabelChange for i = 64 newLabel= 1 currentLabel= 1 
R-CCU: sum(pointsPerCluster) = 1663 
 num [1:3] 1657 5 1
NULL
R-CCU: After ClusterLabelChange for i = 64 
R-CCU: sum(pointsPerCluster) = 1664 
 num [1:3] 1658 5 1
NULL
R-CCU: dpObj$numberClusters = 3 
List of 2
 $ : num [1, 1, 1:3] 0.3322 0.7922 0.0869
 $ : num [1, 1, 1:3] 7.01 3.42 2.72
NULL
R priorParameters: 2 8 
R maxT: 1 
R_PriorDraw_first_mu: 0.4293863 
R_PriorDraw_first_nu: 1.663713 
R-CCU: Before ClusterLabelChange for i = 65 newLabel= 1 currentLabel= 1 
R-CCU: sum(pointsPerCluster) = 1664 
 num [1:3] 1658 5 1
NULL
R-CCU: After ClusterLabelChange for i = 65 
R-CCU: sum(pointsPerCluster) = 1665 
 num [1:3] 1659 5 1
NULL
R-CCU: dpObj$numberClusters = 3 
List of 2
 $ : num [1, 1, 1:3] 0.3322 0.7922 0.0869
 $ : num [1, 1, 1:3] 7.01 3.42 2.72
NULL
R priorParameters: 2 8 
R maxT: 1 
R_PriorDraw_first_mu: 0.2006064 
R_PriorDraw_first_nu: 7.132086 
R-CCU: Before ClusterLabelChange for i = 66 newLabel= 1 currentLabel= 1 
R-CCU: sum(pointsPerCluster) = 1665 
 num [1:3] 1659 5 1
NULL
R-CCU: After ClusterLabelChange for i = 66 
R-CCU: sum(pointsPerCluster) = 1666 
 num [1:3] 1660 5 1
NULL
R-CCU: dpObj$numberClusters = 3 
List of 2
 $ : num [1, 1, 1:3] 0.3322 0.7922 0.0869
 $ : num [1, 1, 1:3] 7.01 3.42 2.72
NULL
R priorParameters: 2 8 
R maxT: 1 
R_PriorDraw_first_mu: 0.9127993 
R_PriorDraw_first_nu: 4.508052 
R-CCU: Before ClusterLabelChange for i = 67 newLabel= 1 currentLabel= 1 
R-CCU: sum(pointsPerCluster) = 1666 
 num [1:3] 1660 5 1
NULL
R-CCU: After ClusterLabelChange for i = 67 
R-CCU: sum(pointsPerCluster) = 1667 
 num [1:3] 1661 5 1
NULL
R-CCU: dpObj$numberClusters = 3 
List of 2
 $ : num [1, 1, 1:3] 0.3322 0.7922 0.0869
 $ : num [1, 1, 1:3] 7.01 3.42 2.72
NULL
R priorParameters: 2 8 
R maxT: 1 
R_PriorDraw_first_mu: 0.6697837 
R_PriorDraw_first_nu: 9.193277 
R-CCU: Before ClusterLabelChange for i = 68 newLabel= 1 currentLabel= 1 
R-CCU: sum(pointsPerCluster) = 1667 
 num [1:3] 1661 5 1
NULL
R-CCU: After ClusterLabelChange for i = 68 
R-CCU: sum(pointsPerCluster) = 1668 
 num [1:3] 1662 5 1
NULL
R-CCU: dpObj$numberClusters = 3 
List of 2
 $ : num [1, 1, 1:3] 0.3322 0.7922 0.0869
 $ : num [1, 1, 1:3] 7.01 3.42 2.72
NULL
R priorParameters: 2 8 
R maxT: 1 
R_PriorDraw_first_mu: 0.6059916 
R_PriorDraw_first_nu: 1.897575 
R-CCU: Before ClusterLabelChange for i = 69 newLabel= 1 currentLabel= 1 
R-CCU: sum(pointsPerCluster) = 1668 
 num [1:3] 1662 5 1
NULL
R-CCU: After ClusterLabelChange for i = 69 
R-CCU: sum(pointsPerCluster) = 1669 
 num [1:3] 1663 5 1
NULL
R-CCU: dpObj$numberClusters = 3 
List of 2
 $ : num [1, 1, 1:3] 0.3322 0.7922 0.0869
 $ : num [1, 1, 1:3] 7.01 3.42 2.72
NULL
R priorParameters: 2 8 
R maxT: 1 
R_PriorDraw_first_mu: 0.7015303 
R_PriorDraw_first_nu: 23.941 
R-CCU: Before ClusterLabelChange for i = 70 newLabel= 1 currentLabel= 1 
R-CCU: sum(pointsPerCluster) = 1669 
 num [1:3] 1663 5 1
NULL
R-CCU: After ClusterLabelChange for i = 70 
R-CCU: sum(pointsPerCluster) = 1670 
 num [1:3] 1664 5 1
NULL
R-CCU: dpObj$numberClusters = 3 
List of 2
 $ : num [1, 1, 1:3] 0.3322 0.7922 0.0869
 $ : num [1, 1, 1:3] 7.01 3.42 2.72
NULL
R priorParameters: 2 8 
R maxT: 1 
R_PriorDraw_first_mu: 0.7832087 
R_PriorDraw_first_nu: 2.63438 
R-CCU: Before ClusterLabelChange for i = 71 newLabel= 1 currentLabel= 1 
R-CCU: sum(pointsPerCluster) = 1670 
 num [1:3] 1664 5 1
NULL
R-CCU: After ClusterLabelChange for i = 71 
R-CCU: sum(pointsPerCluster) = 1671 
 num [1:3] 1665 5 1
NULL
R-CCU: dpObj$numberClusters = 3 
List of 2
 $ : num [1, 1, 1:3] 0.3322 0.7922 0.0869
 $ : num [1, 1, 1:3] 7.01 3.42 2.72
NULL
R priorParameters: 2 8 
R maxT: 1 
R_PriorDraw_first_mu: 0.9523851 
R_PriorDraw_first_nu: 3.700165 
R-CCU: Before ClusterLabelChange for i = 72 newLabel= 1 currentLabel= 1 
R-CCU: sum(pointsPerCluster) = 1671 
 num [1:3] 1665 5 1
NULL
R-CCU: After ClusterLabelChange for i = 72 
R-CCU: sum(pointsPerCluster) = 1672 
 num [1:3] 1666 5 1
NULL
R-CCU: dpObj$numberClusters = 3 
List of 2
 $ : num [1, 1, 1:3] 0.3322 0.7922 0.0869
 $ : num [1, 1, 1:3] 7.01 3.42 2.72
NULL
R priorParameters: 2 8 
R maxT: 1 
R_PriorDraw_first_mu: 0.305458 
R_PriorDraw_first_nu: 8.306875 
R-CCU: Before ClusterLabelChange for i = 73 newLabel= 1 currentLabel= 1 
R-CCU: sum(pointsPerCluster) = 1672 
 num [1:3] 1666 5 1
NULL
R-CCU: After ClusterLabelChange for i = 73 
R-CCU: sum(pointsPerCluster) = 1673 
 num [1:3] 1667 5 1
NULL
R-CCU: dpObj$numberClusters = 3 
List of 2
 $ : num [1, 1, 1:3] 0.3322 0.7922 0.0869
 $ : num [1, 1, 1:3] 7.01 3.42 2.72
NULL
R priorParameters: 2 8 
R maxT: 1 
R_PriorDraw_first_mu: 0.3406489 
R_PriorDraw_first_nu: 31.31974 
R-CCU: Before ClusterLabelChange for i = 74 newLabel= 1 currentLabel= 1 
R-CCU: sum(pointsPerCluster) = 1673 
 num [1:3] 1667 5 1
NULL
R-CCU: After ClusterLabelChange for i = 74 
R-CCU: sum(pointsPerCluster) = 1674 
 num [1:3] 1668 5 1
NULL
R-CCU: dpObj$numberClusters = 3 
List of 2
 $ : num [1, 1, 1:3] 0.3322 0.7922 0.0869
 $ : num [1, 1, 1:3] 7.01 3.42 2.72
NULL
R priorParameters: 2 8 
R maxT: 1 
R_PriorDraw_first_mu: 0.194176 
R_PriorDraw_first_nu: 8.400469 
R-CCU: Before ClusterLabelChange for i = 75 newLabel= 1 currentLabel= 1 
R-CCU: sum(pointsPerCluster) = 1674 
 num [1:3] 1668 5 1
NULL
R-CCU: After ClusterLabelChange for i = 75 
R-CCU: sum(pointsPerCluster) = 1675 
 num [1:3] 1669 5 1
NULL
R-CCU: dpObj$numberClusters = 3 
List of 2
 $ : num [1, 1, 1:3] 0.3322 0.7922 0.0869
 $ : num [1, 1, 1:3] 7.01 3.42 2.72
NULL
R priorParameters: 2 8 
R maxT: 1 
R_PriorDraw_first_mu: 0.7193252 
R_PriorDraw_first_nu: 4.304689 
R-CCU: Before ClusterLabelChange for i = 76 newLabel= 1 currentLabel= 1 
R-CCU: sum(pointsPerCluster) = 1675 
 num [1:3] 1669 5 1
NULL
R-CCU: After ClusterLabelChange for i = 76 
R-CCU: sum(pointsPerCluster) = 1676 
 num [1:3] 1670 5 1
NULL
R-CCU: dpObj$numberClusters = 3 
List of 2
 $ : num [1, 1, 1:3] 0.3322 0.7922 0.0869
 $ : num [1, 1, 1:3] 7.01 3.42 2.72
NULL
R priorParameters: 2 8 
R maxT: 1 
R_PriorDraw_first_mu: 0.8355314 
R_PriorDraw_first_nu: 8.417063 
R-CCU: Before ClusterLabelChange for i = 77 newLabel= 1 currentLabel= 1 
R-CCU: sum(pointsPerCluster) = 1676 
 num [1:3] 1670 5 1
NULL
R-CCU: After ClusterLabelChange for i = 77 
R-CCU: sum(pointsPerCluster) = 1677 
 num [1:3] 1671 5 1
NULL
R-CCU: dpObj$numberClusters = 3 
List of 2
 $ : num [1, 1, 1:3] 0.3322 0.7922 0.0869
 $ : num [1, 1, 1:3] 7.01 3.42 2.72
NULL
R priorParameters: 2 8 
R maxT: 1 
R_PriorDraw_first_mu: 0.9848125 
R_PriorDraw_first_nu: 3.922005 
R-CCU: Before ClusterLabelChange for i = 78 newLabel= 1 currentLabel= 1 
R-CCU: sum(pointsPerCluster) = 1677 
 num [1:3] 1671 5 1
NULL
R-CCU: After ClusterLabelChange for i = 78 
R-CCU: sum(pointsPerCluster) = 1678 
 num [1:3] 1672 5 1
NULL
R-CCU: dpObj$numberClusters = 3 
List of 2
 $ : num [1, 1, 1:3] 0.3322 0.7922 0.0869
 $ : num [1, 1, 1:3] 7.01 3.42 2.72
NULL
R priorParameters: 2 8 
R maxT: 1 
R_PriorDraw_first_mu: 0.605504 
R_PriorDraw_first_nu: 4.475989 
R-CCU: Before ClusterLabelChange for i = 79 newLabel= 1 currentLabel= 1 
R-CCU: sum(pointsPerCluster) = 1678 
 num [1:3] 1672 5 1
NULL
R-CCU: After ClusterLabelChange for i = 79 
R-CCU: sum(pointsPerCluster) = 1679 
 num [1:3] 1673 5 1
NULL
R-CCU: dpObj$numberClusters = 3 
List of 2
 $ : num [1, 1, 1:3] 0.3322 0.7922 0.0869
 $ : num [1, 1, 1:3] 7.01 3.42 2.72
NULL
R priorParameters: 2 8 
R maxT: 1 
R_PriorDraw_first_mu: 0.5152691 
R_PriorDraw_first_nu: 17.38781 
R-CCU: Before ClusterLabelChange for i = 80 newLabel= 1 currentLabel= 1 
R-CCU: sum(pointsPerCluster) = 1679 
 num [1:3] 1673 5 1
NULL
R-CCU: After ClusterLabelChange for i = 80 
R-CCU: sum(pointsPerCluster) = 1680 
 num [1:3] 1674 5 1
NULL
R-CCU: dpObj$numberClusters = 3 
List of 2
 $ : num [1, 1, 1:3] 0.3322 0.7922 0.0869
 $ : num [1, 1, 1:3] 7.01 3.42 2.72
NULL
R priorParameters: 2 8 
R maxT: 1 
R_PriorDraw_first_mu: 0.5766822 
R_PriorDraw_first_nu: 5.378086 
R-CCU: Before ClusterLabelChange for i = 81 newLabel= 1 currentLabel= 1 
R-CCU: sum(pointsPerCluster) = 1680 
 num [1:3] 1674 5 1
NULL
R-CCU: After ClusterLabelChange for i = 81 
R-CCU: sum(pointsPerCluster) = 1681 
 num [1:3] 1675 5 1
NULL
R-CCU: dpObj$numberClusters = 3 
List of 2
 $ : num [1, 1, 1:3] 0.3322 0.7922 0.0869
 $ : num [1, 1, 1:3] 7.01 3.42 2.72
NULL
R priorParameters: 2 8 
R maxT: 1 
R_PriorDraw_first_mu: 0.2600593 
R_PriorDraw_first_nu: 1.644348 
R-CCU: Before ClusterLabelChange for i = 82 newLabel= 1 currentLabel= 1 
R-CCU: sum(pointsPerCluster) = 1681 
 num [1:3] 1675 5 1
NULL
R-CCU: After ClusterLabelChange for i = 82 
R-CCU: sum(pointsPerCluster) = 1682 
 num [1:3] 1676 5 1
NULL
R-CCU: dpObj$numberClusters = 3 
List of 2
 $ : num [1, 1, 1:3] 0.3322 0.7922 0.0869
 $ : num [1, 1, 1:3] 7.01 3.42 2.72
NULL
R priorParameters: 2 8 
R maxT: 1 
R_PriorDraw_first_mu: 0.8703921 
R_PriorDraw_first_nu: 15.40733 
R-CCU: Before ClusterLabelChange for i = 83 newLabel= 1 currentLabel= 1 
R-CCU: sum(pointsPerCluster) = 1682 
 num [1:3] 1676 5 1
NULL
R-CCU: After ClusterLabelChange for i = 83 
R-CCU: sum(pointsPerCluster) = 1683 
 num [1:3] 1677 5 1
NULL
R-CCU: dpObj$numberClusters = 3 
List of 2
 $ : num [1, 1, 1:3] 0.3322 0.7922 0.0869
 $ : num [1, 1, 1:3] 7.01 3.42 2.72
NULL
R priorParameters: 2 8 
R maxT: 1 
R_PriorDraw_first_mu: 0.836405 
R_PriorDraw_first_nu: 8.920159 
R-CCU: Before ClusterLabelChange for i = 84 newLabel= 1 currentLabel= 1 
R-CCU: sum(pointsPerCluster) = 1683 
 num [1:3] 1677 5 1
NULL
R-CCU: After ClusterLabelChange for i = 84 
R-CCU: sum(pointsPerCluster) = 1684 
 num [1:3] 1678 5 1
NULL
R-CCU: dpObj$numberClusters = 3 
List of 2
 $ : num [1, 1, 1:3] 0.3322 0.7922 0.0869
 $ : num [1, 1, 1:3] 7.01 3.42 2.72
NULL
R priorParameters: 2 8 
R maxT: 1 
R_PriorDraw_first_mu: 0.1030347 
R_PriorDraw_first_nu: 2.998104 
R-CCU: Before ClusterLabelChange for i = 85 newLabel= 1 currentLabel= 1 
R-CCU: sum(pointsPerCluster) = 1684 
 num [1:3] 1678 5 1
NULL
R-CCU: After ClusterLabelChange for i = 85 
R-CCU: sum(pointsPerCluster) = 1685 
 num [1:3] 1679 5 1
NULL
R-CCU: dpObj$numberClusters = 3 
List of 2
 $ : num [1, 1, 1:3] 0.3322 0.7922 0.0869
 $ : num [1, 1, 1:3] 7.01 3.42 2.72
NULL
R priorParameters: 2 8 
R maxT: 1 
R_PriorDraw_first_mu: 0.3495588 
R_PriorDraw_first_nu: 6.580636 
R-CCU: Before ClusterLabelChange for i = 86 newLabel= 1 currentLabel= 1 
R-CCU: sum(pointsPerCluster) = 1685 
 num [1:3] 1679 5 1
NULL
R-CCU: After ClusterLabelChange for i = 86 
R-CCU: sum(pointsPerCluster) = 1686 
 num [1:3] 1680 5 1
NULL
R-CCU: dpObj$numberClusters = 3 
List of 2
 $ : num [1, 1, 1:3] 0.3322 0.7922 0.0869
 $ : num [1, 1, 1:3] 7.01 3.42 2.72
NULL
R priorParameters: 2 8 
R maxT: 1 
R_PriorDraw_first_mu: 0.8723542 
R_PriorDraw_first_nu: 7.574574 
R-CCU: Before ClusterLabelChange for i = 87 newLabel= 1 currentLabel= 1 
R-CCU: sum(pointsPerCluster) = 1686 
 num [1:3] 1680 5 1
NULL
R-CCU: After ClusterLabelChange for i = 87 
R-CCU: sum(pointsPerCluster) = 1687 
 num [1:3] 1681 5 1
NULL
R-CCU: dpObj$numberClusters = 3 
List of 2
 $ : num [1, 1, 1:3] 0.3322 0.7922 0.0869
 $ : num [1, 1, 1:3] 7.01 3.42 2.72
NULL
R priorParameters: 2 8 
R maxT: 1 
R_PriorDraw_first_mu: 0.6243865 
R_PriorDraw_first_nu: 1.563584 
R-CCU: Before ClusterLabelChange for i = 88 newLabel= 1 currentLabel= 1 
R-CCU: sum(pointsPerCluster) = 1687 
 num [1:3] 1681 5 1
NULL
R-CCU: After ClusterLabelChange for i = 88 
R-CCU: sum(pointsPerCluster) = 1688 
 num [1:3] 1682 5 1
NULL
R-CCU: dpObj$numberClusters = 3 
List of 2
 $ : num [1, 1, 1:3] 0.3322 0.7922 0.0869
 $ : num [1, 1, 1:3] 7.01 3.42 2.72
NULL
R priorParameters: 2 8 
R maxT: 1 
R_PriorDraw_first_mu: 0.5196047 
R_PriorDraw_first_nu: 10.77287 
R-CCU: Before ClusterLabelChange for i = 89 newLabel= 1 currentLabel= 1 
R-CCU: sum(pointsPerCluster) = 1688 
 num [1:3] 1682 5 1
NULL
R-CCU: After ClusterLabelChange for i = 89 
R-CCU: sum(pointsPerCluster) = 1689 
 num [1:3] 1683 5 1
NULL
R-CCU: dpObj$numberClusters = 3 
List of 2
 $ : num [1, 1, 1:3] 0.3322 0.7922 0.0869
 $ : num [1, 1, 1:3] 7.01 3.42 2.72
NULL
R priorParameters: 2 8 
R maxT: 1 
R_PriorDraw_first_mu: 0.644811 
R_PriorDraw_first_nu: 3.448209 
R-CCU: Before ClusterLabelChange for i = 90 newLabel= 1 currentLabel= 1 
R-CCU: sum(pointsPerCluster) = 1689 
 num [1:3] 1683 5 1
NULL
R-CCU: After ClusterLabelChange for i = 90 
R-CCU: sum(pointsPerCluster) = 1690 
 num [1:3] 1684 5 1
NULL
R-CCU: dpObj$numberClusters = 3 
List of 2
 $ : num [1, 1, 1:3] 0.3322 0.7922 0.0869
 $ : num [1, 1, 1:3] 7.01 3.42 2.72
NULL
R priorParameters: 2 8 
R maxT: 1 
R_PriorDraw_first_mu: 0.9384033 
R_PriorDraw_first_nu: 4.086538 
R-CCU: Before ClusterLabelChange for i = 91 newLabel= 1 currentLabel= 1 
R-CCU: sum(pointsPerCluster) = 1690 
 num [1:3] 1684 5 1
NULL
R-CCU: After ClusterLabelChange for i = 91 
R-CCU: sum(pointsPerCluster) = 1691 
 num [1:3] 1685 5 1
NULL
R-CCU: dpObj$numberClusters = 3 
List of 2
 $ : num [1, 1, 1:3] 0.3322 0.7922 0.0869
 $ : num [1, 1, 1:3] 7.01 3.42 2.72
NULL
R priorParameters: 2 8 
R maxT: 1 
R_PriorDraw_first_mu: 0.3565948 
R_PriorDraw_first_nu: 2.343 
R-CCU: Before ClusterLabelChange for i = 92 newLabel= 1 currentLabel= 1 
R-CCU: sum(pointsPerCluster) = 1691 
 num [1:3] 1685 5 1
NULL
R-CCU: After ClusterLabelChange for i = 92 
R-CCU: sum(pointsPerCluster) = 1692 
 num [1:3] 1686 5 1
NULL
R-CCU: dpObj$numberClusters = 3 
List of 2
 $ : num [1, 1, 1:3] 0.3322 0.7922 0.0869
 $ : num [1, 1, 1:3] 7.01 3.42 2.72
NULL
R priorParameters: 2 8 
R maxT: 1 
R_PriorDraw_first_mu: 0.2694054 
R_PriorDraw_first_nu: 1.176339 
R-CCU: Before ClusterLabelChange for i = 93 newLabel= 1 currentLabel= 1 
R-CCU: sum(pointsPerCluster) = 1692 
 num [1:3] 1686 5 1
NULL
R-CCU: After ClusterLabelChange for i = 93 
R-CCU: sum(pointsPerCluster) = 1693 
 num [1:3] 1687 5 1
NULL
R-CCU: dpObj$numberClusters = 3 
List of 2
 $ : num [1, 1, 1:3] 0.3322 0.7922 0.0869
 $ : num [1, 1, 1:3] 7.01 3.42 2.72
NULL
R priorParameters: 2 8 
R maxT: 1 
R_PriorDraw_first_mu: 0.953927 
R_PriorDraw_first_nu: 9.776581 
R-CCU: Before ClusterLabelChange for i = 94 newLabel= 1 currentLabel= 1 
R-CCU: sum(pointsPerCluster) = 1693 
 num [1:3] 1687 5 1
NULL
R-CCU: After ClusterLabelChange for i = 94 
R-CCU: sum(pointsPerCluster) = 1694 
 num [1:3] 1688 5 1
NULL
R-CCU: dpObj$numberClusters = 3 
List of 2
 $ : num [1, 1, 1:3] 0.3322 0.7922 0.0869
 $ : num [1, 1, 1:3] 7.01 3.42 2.72
NULL
R priorParameters: 2 8 
R maxT: 1 
R_PriorDraw_first_mu: 0.1294523 
R_PriorDraw_first_nu: 8.477679 
R-CCU: Before ClusterLabelChange for i = 95 newLabel= 1 currentLabel= 1 
R-CCU: sum(pointsPerCluster) = 1694 
 num [1:3] 1688 5 1
NULL
R-CCU: After ClusterLabelChange for i = 95 
R-CCU: sum(pointsPerCluster) = 1695 
 num [1:3] 1689 5 1
NULL
R-CCU: dpObj$numberClusters = 3 
List of 2
 $ : num [1, 1, 1:3] 0.3322 0.7922 0.0869
 $ : num [1, 1, 1:3] 7.01 3.42 2.72
NULL
R priorParameters: 2 8 
R maxT: 1 
R_PriorDraw_first_mu: 0.08603007 
R_PriorDraw_first_nu: 2.933444 
R-CCU: Before ClusterLabelChange for i = 96 newLabel= 1 currentLabel= 1 
R-CCU: sum(pointsPerCluster) = 1695 
 num [1:3] 1689 5 1
NULL
R-CCU: After ClusterLabelChange for i = 96 
R-CCU: sum(pointsPerCluster) = 1696 
 num [1:3] 1690 5 1
NULL
R-CCU: dpObj$numberClusters = 3 
List of 2
 $ : num [1, 1, 1:3] 0.3322 0.7922 0.0869
 $ : num [1, 1, 1:3] 7.01 3.42 2.72
NULL
R priorParameters: 2 8 
R maxT: 1 
R_PriorDraw_first_mu: 0.8274924 
R_PriorDraw_first_nu: 1.756017 
R-CCU: Before ClusterLabelChange for i = 97 newLabel= 1 currentLabel= 1 
R-CCU: sum(pointsPerCluster) = 1696 
 num [1:3] 1690 5 1
NULL
R-CCU: After ClusterLabelChange for i = 97 
R-CCU: sum(pointsPerCluster) = 1697 
 num [1:3] 1691 5 1
NULL
R-CCU: dpObj$numberClusters = 3 
List of 2
 $ : num [1, 1, 1:3] 0.3322 0.7922 0.0869
 $ : num [1, 1, 1:3] 7.01 3.42 2.72
NULL
R priorParameters: 2 8 
R maxT: 1 
R_PriorDraw_first_mu: 0.2582126 
R_PriorDraw_first_nu: 6.993789 
R-CCU: Before ClusterLabelChange for i = 98 newLabel= 1 currentLabel= 1 
R-CCU: sum(pointsPerCluster) = 1697 
 num [1:3] 1691 5 1
NULL
R-CCU: After ClusterLabelChange for i = 98 
R-CCU: sum(pointsPerCluster) = 1698 
 num [1:3] 1692 5 1
NULL
R-CCU: dpObj$numberClusters = 3 
List of 2
 $ : num [1, 1, 1:3] 0.3322 0.7922 0.0869
 $ : num [1, 1, 1:3] 7.01 3.42 2.72
NULL
R priorParameters: 2 8 
R maxT: 1 
R_PriorDraw_first_mu: 0.5570846 
R_PriorDraw_first_nu: 2.866862 
R-CCU: Before ClusterLabelChange for i = 99 newLabel= 1 currentLabel= 1 
R-CCU: sum(pointsPerCluster) = 1698 
 num [1:3] 1692 5 1
NULL
R-CCU: After ClusterLabelChange for i = 99 
R-CCU: sum(pointsPerCluster) = 1699 
 num [1:3] 1693 5 1
NULL
R-CCU: dpObj$numberClusters = 3 
List of 2
 $ : num [1, 1, 1:3] 0.3322 0.7922 0.0869
 $ : num [1, 1, 1:3] 7.01 3.42 2.72
NULL
R priorParameters: 2 8 
R maxT: 1 
R_PriorDraw_first_mu: 0.1934942 
R_PriorDraw_first_nu: 10.99554 
R-CCU: Before ClusterLabelChange for i = 100 newLabel= 1 currentLabel= 1 
R-CCU: sum(pointsPerCluster) = 1699 
 num [1:3] 1693 5 1
NULL
R-CCU: After ClusterLabelChange for i = 100 
R-CCU: sum(pointsPerCluster) = 1700 
 num [1:3] 1694 5 1
NULL
R-CCU: dpObj$numberClusters = 3 
List of 2
 $ : num [1, 1, 1:3] 0.3322 0.7922 0.0869
 $ : num [1, 1, 1:3] 7.01 3.42 2.72
NULL

⠧ | 1 132      5 | Beta Distribution Full Integration Test         R priorParameters: 2 8 
R maxT: 1 
R_PriorDraw_first_mu: 0.5033306 
R_PriorDraw_first_nu: 2.299214 
R-CCU: Before ClusterLabelChange for i = 1 newLabel= 1 currentLabel= 1 
R-CCU: sum(pointsPerCluster) = 1700 
 num [1:3] 1694 5 1
NULL
R-CCU: After ClusterLabelChange for i = 1 
R-CCU: sum(pointsPerCluster) = 1701 
 num [1:3] 1695 5 1
NULL
R-CCU: dpObj$numberClusters = 3 
List of 2
 $ : num [1, 1, 1:3] 0.3597 0.7922 0.0869
 $ : num [1, 1, 1:3] 8.47 3.42 2.72
NULL
R priorParameters: 2 8 
R maxT: 1 
R_PriorDraw_first_mu: 0.306411 
R_PriorDraw_first_nu: 12.88719 
R-CCU: Before ClusterLabelChange for i = 2 newLabel= 1 currentLabel= 1 
R-CCU: sum(pointsPerCluster) = 1701 
 num [1:3] 1695 5 1
NULL
R-CCU: After ClusterLabelChange for i = 2 
R-CCU: sum(pointsPerCluster) = 1702 
 num [1:3] 1696 5 1
NULL
R-CCU: dpObj$numberClusters = 3 
List of 2
 $ : num [1, 1, 1:3] 0.3597 0.7922 0.0869
 $ : num [1, 1, 1:3] 8.47 3.42 2.72
NULL
R priorParameters: 2 8 
R maxT: 1 
R_PriorDraw_first_mu: 0.7997358 
R_PriorDraw_first_nu: 2.510876 
R-CCU: Before ClusterLabelChange for i = 3 newLabel= 1 currentLabel= 1 
R-CCU: sum(pointsPerCluster) = 1702 
 num [1:3] 1696 5 1
NULL
R-CCU: After ClusterLabelChange for i = 3 
R-CCU: sum(pointsPerCluster) = 1703 
 num [1:3] 1697 5 1
NULL
R-CCU: dpObj$numberClusters = 3 
List of 2
 $ : num [1, 1, 1:3] 0.3597 0.7922 0.0869
 $ : num [1, 1, 1:3] 8.47 3.42 2.72
NULL
R priorParameters: 2 8 
R maxT: 1 
R_PriorDraw_first_mu: 0.5906508 
R_PriorDraw_first_nu: 2.936269 
R-CCU: Before ClusterLabelChange for i = 4 newLabel= 1 currentLabel= 1 
R-CCU: sum(pointsPerCluster) = 1703 
 num [1:3] 1697 5 1
NULL
R-CCU: After ClusterLabelChange for i = 4 
R-CCU: sum(pointsPerCluster) = 1704 
 num [1:3] 1698 5 1
NULL
R-CCU: dpObj$numberClusters = 3 
List of 2
 $ : num [1, 1, 1:3] 0.3597 0.7922 0.0869
 $ : num [1, 1, 1:3] 8.47 3.42 2.72
NULL
R priorParameters: 2 8 
R maxT: 1 
R_PriorDraw_first_mu: 0.7316344 
R_PriorDraw_first_nu: 1.999642 
R-CCU: Before ClusterLabelChange for i = 5 newLabel= 1 currentLabel= 1 
R-CCU: sum(pointsPerCluster) = 1704 
 num [1:3] 1698 5 1
NULL
R-CCU: After ClusterLabelChange for i = 5 
R-CCU: sum(pointsPerCluster) = 1705 
 num [1:3] 1699 5 1
NULL
R-CCU: dpObj$numberClusters = 3 
List of 2
 $ : num [1, 1, 1:3] 0.3597 0.7922 0.0869
 $ : num [1, 1, 1:3] 8.47 3.42 2.72
NULL
R priorParameters: 2 8 
R maxT: 1 
R_PriorDraw_first_mu: 0.9853939 
R_PriorDraw_first_nu: 5.179169 
R-CCU: Before ClusterLabelChange for i = 6 newLabel= 1 currentLabel= 1 
R-CCU: sum(pointsPerCluster) = 1705 
 num [1:3] 1699 5 1
NULL
R-CCU: After ClusterLabelChange for i = 6 
R-CCU: sum(pointsPerCluster) = 1706 
 num [1:3] 1700 5 1
NULL
R-CCU: dpObj$numberClusters = 3 
List of 2
 $ : num [1, 1, 1:3] 0.3597 0.7922 0.0869
 $ : num [1, 1, 1:3] 8.47 3.42 2.72
NULL
R priorParameters: 2 8 
R maxT: 1 
R_PriorDraw_first_mu: 0.3749143 
R_PriorDraw_first_nu: 2.215354 
R-CCU: Before ClusterLabelChange for i = 7 newLabel= 1 currentLabel= 1 
R-CCU: sum(pointsPerCluster) = 1706 
 num [1:3] 1700 5 1
NULL
R-CCU: After ClusterLabelChange for i = 7 
R-CCU: sum(pointsPerCluster) = 1707 
 num [1:3] 1701 5 1
NULL
R-CCU: dpObj$numberClusters = 3 
List of 2
 $ : num [1, 1, 1:3] 0.3597 0.7922 0.0869
 $ : num [1, 1, 1:3] 8.47 3.42 2.72
NULL
R priorParameters: 2 8 
R maxT: 1 
R_PriorDraw_first_mu: 0.4856177 
R_PriorDraw_first_nu: 2.283622 
R-CCU: Before ClusterLabelChange for i = 8 newLabel= 1 currentLabel= 1 
R-CCU: sum(pointsPerCluster) = 1707 
 num [1:3] 1701 5 1
NULL
R-CCU: After ClusterLabelChange for i = 8 
R-CCU: sum(pointsPerCluster) = 1708 
 num [1:3] 1702 5 1
NULL
R-CCU: dpObj$numberClusters = 3 
List of 2
 $ : num [1, 1, 1:3] 0.3597 0.7922 0.0869
 $ : num [1, 1, 1:3] 8.47 3.42 2.72
NULL
R priorParameters: 2 8 
R maxT: 1 
R_PriorDraw_first_mu: 0.1284292 
R_PriorDraw_first_nu: 5.745529 
R-CCU: Before ClusterLabelChange for i = 9 newLabel= 1 currentLabel= 1 
R-CCU: sum(pointsPerCluster) = 1708 
 num [1:3] 1702 5 1
NULL
R-CCU: After ClusterLabelChange for i = 9 
R-CCU: sum(pointsPerCluster) = 1709 
 num [1:3] 1703 5 1
NULL
R-CCU: dpObj$numberClusters = 3 
List of 2
 $ : num [1, 1, 1:3] 0.3597 0.7922 0.0869
 $ : num [1, 1, 1:3] 8.47 3.42 2.72
NULL
R priorParameters: 2 8 
R maxT: 1 
R_PriorDraw_first_mu: 0.5604481 
R_PriorDraw_first_nu: 1.184389 
R-CCU: Before ClusterLabelChange for i = 10 newLabel= 1 currentLabel= 1 
R-CCU: sum(pointsPerCluster) = 1709 
 num [1:3] 1703 5 1
NULL
R-CCU: After ClusterLabelChange for i = 10 
R-CCU: sum(pointsPerCluster) = 1710 
 num [1:3] 1704 5 1
NULL
R-CCU: dpObj$numberClusters = 3 
List of 2
 $ : num [1, 1, 1:3] 0.3597 0.7922 0.0869
 $ : num [1, 1, 1:3] 8.47 3.42 2.72
NULL
R priorParameters: 2 8 
R maxT: 1 
R_PriorDraw_first_mu: 0.9080809 
R_PriorDraw_first_nu: 8.664877 
R-CCU: Before ClusterLabelChange for i = 11 newLabel= 1 currentLabel= 1 
R-CCU: sum(pointsPerCluster) = 1710 
 num [1:3] 1704 5 1
NULL
R-CCU: After ClusterLabelChange for i = 11 
R-CCU: sum(pointsPerCluster) = 1711 
 num [1:3] 1705 5 1
NULL
R-CCU: dpObj$numberClusters = 3 
List of 2
 $ : num [1, 1, 1:3] 0.3597 0.7922 0.0869
 $ : num [1, 1, 1:3] 8.47 3.42 2.72
NULL
R priorParameters: 2 8 
R maxT: 1 
R_PriorDraw_first_mu: 0.636392 
R_PriorDraw_first_nu: 10.9709 
R-CCU: Before ClusterLabelChange for i = 12 newLabel= 1 currentLabel= 1 
R-CCU: sum(pointsPerCluster) = 1711 
 num [1:3] 1705 5 1
NULL
R-CCU: After ClusterLabelChange for i = 12 
R-CCU: sum(pointsPerCluster) = 1712 
 num [1:3] 1706 5 1
NULL
R-CCU: dpObj$numberClusters = 3 
List of 2
 $ : num [1, 1, 1:3] 0.3597 0.7922 0.0869
 $ : num [1, 1, 1:3] 8.47 3.42 2.72
NULL
R priorParameters: 2 8 
R maxT: 1 
R_PriorDraw_first_mu: 0.3942771 
R_PriorDraw_first_nu: 5.647479 
R-CCU: Before ClusterLabelChange for i = 13 newLabel= 1 currentLabel= 1 
R-CCU: sum(pointsPerCluster) = 1712 
 num [1:3] 1706 5 1
NULL
R-CCU: After ClusterLabelChange for i = 13 
R-CCU: sum(pointsPerCluster) = 1713 
 num [1:3] 1707 5 1
NULL
R-CCU: dpObj$numberClusters = 3 
List of 2
 $ : num [1, 1, 1:3] 0.3597 0.7922 0.0869
 $ : num [1, 1, 1:3] 8.47 3.42 2.72
NULL
R priorParameters: 2 8 
R maxT: 1 
R_PriorDraw_first_mu: 0.447274 
R_PriorDraw_first_nu: 8.544619 
R-CCU: Before ClusterLabelChange for i = 14 newLabel= 1 currentLabel= 1 
R-CCU: sum(pointsPerCluster) = 1713 
 num [1:3] 1707 5 1
NULL
R-CCU: After ClusterLabelChange for i = 14 
R-CCU: sum(pointsPerCluster) = 1714 
 num [1:3] 1708 5 1
NULL
R-CCU: dpObj$numberClusters = 3 
List of 2
 $ : num [1, 1, 1:3] 0.3597 0.7922 0.0869
 $ : num [1, 1, 1:3] 8.47 3.42 2.72
NULL
R priorParameters: 2 8 
R maxT: 1 
R_PriorDraw_first_mu: 0.2532639 
R_PriorDraw_first_nu: 20.66365 
R-CCU: Before ClusterLabelChange for i = 15 newLabel= 1 currentLabel= 1 
R-CCU: sum(pointsPerCluster) = 1714 
 num [1:3] 1708 5 1
NULL
R-CCU: After ClusterLabelChange for i = 15 
R-CCU: sum(pointsPerCluster) = 1715 
 num [1:3] 1709 5 1
NULL
R-CCU: dpObj$numberClusters = 3 
List of 2
 $ : num [1, 1, 1:3] 0.3597 0.7922 0.0869
 $ : num [1, 1, 1:3] 8.47 3.42 2.72
NULL
R priorParameters: 2 8 
R maxT: 1 
R_PriorDraw_first_mu: 0.896035 
R_PriorDraw_first_nu: 16.55162 
R-CCU: Before ClusterLabelChange for i = 16 newLabel= 1 currentLabel= 1 
R-CCU: sum(pointsPerCluster) = 1715 
 num [1:3] 1709 5 1
NULL
R-CCU: After ClusterLabelChange for i = 16 
R-CCU: sum(pointsPerCluster) = 1716 
 num [1:3] 1710 5 1
NULL
R-CCU: dpObj$numberClusters = 3 
List of 2
 $ : num [1, 1, 1:3] 0.3597 0.7922 0.0869
 $ : num [1, 1, 1:3] 8.47 3.42 2.72
NULL
R priorParameters: 2 8 
R maxT: 1 
R_PriorDraw_first_mu: 0.4665337 
R_PriorDraw_first_nu: 9.405876 
R-CCU: Before ClusterLabelChange for i = 17 newLabel= 1 currentLabel= 1 
R-CCU: sum(pointsPerCluster) = 1716 
 num [1:3] 1710 5 1
NULL
R-CCU: After ClusterLabelChange for i = 17 
R-CCU: sum(pointsPerCluster) = 1717 
 num [1:3] 1711 5 1
NULL
R-CCU: dpObj$numberClusters = 3 
List of 2
 $ : num [1, 1, 1:3] 0.3597 0.7922 0.0869
 $ : num [1, 1, 1:3] 8.47 3.42 2.72
NULL
R priorParameters: 2 8 
R maxT: 1 
R_PriorDraw_first_mu: 0.2194021 
R_PriorDraw_first_nu: 26.51077 
R-CCU: Before ClusterLabelChange for i = 18 newLabel= 1 currentLabel= 1 
R-CCU: sum(pointsPerCluster) = 1717 
 num [1:3] 1711 5 1
NULL
R-CCU: After ClusterLabelChange for i = 18 
R-CCU: sum(pointsPerCluster) = 1718 
 num [1:3] 1712 5 1
NULL
R-CCU: dpObj$numberClusters = 3 
List of 2
 $ : num [1, 1, 1:3] 0.3597 0.7922 0.0869
 $ : num [1, 1, 1:3] 8.47 3.42 2.72
NULL
R priorParameters: 2 8 
R maxT: 1 
R_PriorDraw_first_mu: 0.7946613 
R_PriorDraw_first_nu: 4.168976 
R-CCU: Before ClusterLabelChange for i = 19 newLabel= 1 currentLabel= 1 
R-CCU: sum(pointsPerCluster) = 1718 
 num [1:3] 1712 5 1
NULL
R-CCU: After ClusterLabelChange for i = 19 
R-CCU: sum(pointsPerCluster) = 1719 
 num [1:3] 1713 5 1
NULL
R-CCU: dpObj$numberClusters = 3 
List of 2
 $ : num [1, 1, 1:3] 0.3597 0.7922 0.0869
 $ : num [1, 1, 1:3] 8.47 3.42 2.72
NULL
R priorParameters: 2 8 
R maxT: 1 
R_PriorDraw_first_mu: 0.5123943 
R_PriorDraw_first_nu: 1.577681 
R-CCU: Before ClusterLabelChange for i = 20 newLabel= 1 currentLabel= 1 
R-CCU: sum(pointsPerCluster) = 1719 
 num [1:3] 1713 5 1
NULL
R-CCU: After ClusterLabelChange for i = 20 
R-CCU: sum(pointsPerCluster) = 1720 
 num [1:3] 1714 5 1
NULL
R-CCU: dpObj$numberClusters = 3 
List of 2
 $ : num [1, 1, 1:3] 0.3597 0.7922 0.0869
 $ : num [1, 1, 1:3] 8.47 3.42 2.72
NULL
R priorParameters: 2 8 
R maxT: 1 
R_PriorDraw_first_mu: 0.7562455 
R_PriorDraw_first_nu: 4.632636 
R-CCU: Before ClusterLabelChange for i = 21 newLabel= 1 currentLabel= 1 
R-CCU: sum(pointsPerCluster) = 1720 
 num [1:3] 1714 5 1
NULL
R-CCU: After ClusterLabelChange for i = 21 
R-CCU: sum(pointsPerCluster) = 1721 
 num [1:3] 1715 5 1
NULL
R-CCU: dpObj$numberClusters = 3 
List of 2
 $ : num [1, 1, 1:3] 0.3597 0.7922 0.0869
 $ : num [1, 1, 1:3] 8.47 3.42 2.72
NULL
R priorParameters: 2 8 
R maxT: 1 
R_PriorDraw_first_mu: 0.6083436 
R_PriorDraw_first_nu: 3.652292 
R-CCU: Before ClusterLabelChange for i = 22 newLabel= 1 currentLabel= 1 
R-CCU: sum(pointsPerCluster) = 1721 
 num [1:3] 1715 5 1
NULL
R-CCU: After ClusterLabelChange for i = 22 
R-CCU: sum(pointsPerCluster) = 1722 
 num [1:3] 1716 5 1
NULL
R-CCU: dpObj$numberClusters = 3 
List of 2
 $ : num [1, 1, 1:3] 0.3597 0.7922 0.0869
 $ : num [1, 1, 1:3] 8.47 3.42 2.72
NULL
R priorParameters: 2 8 
R maxT: 1 
R_PriorDraw_first_mu: 0.1990769 
R_PriorDraw_first_nu: 1.307999 
R-CCU: Before ClusterLabelChange for i = 23 newLabel= 1 currentLabel= 1 
R-CCU: sum(pointsPerCluster) = 1722 
 num [1:3] 1716 5 1
NULL
R-CCU: After ClusterLabelChange for i = 23 
R-CCU: sum(pointsPerCluster) = 1723 
 num [1:3] 1717 5 1
NULL
R-CCU: dpObj$numberClusters = 3 
List of 2
 $ : num [1, 1, 1:3] 0.3597 0.7922 0.0869
 $ : num [1, 1, 1:3] 8.47 3.42 2.72
NULL
R priorParameters: 2 8 
R maxT: 1 
R_PriorDraw_first_mu: 0.6950377 
R_PriorDraw_first_nu: 3.265924 
R-CCU: Before ClusterLabelChange for i = 24 newLabel= 1 currentLabel= 1 
R-CCU: sum(pointsPerCluster) = 1723 
 num [1:3] 1717 5 1
NULL
R-CCU: After ClusterLabelChange for i = 24 
R-CCU: sum(pointsPerCluster) = 1724 
 num [1:3] 1718 5 1
NULL
R-CCU: dpObj$numberClusters = 3 
List of 2
 $ : num [1, 1, 1:3] 0.3597 0.7922 0.0869
 $ : num [1, 1, 1:3] 8.47 3.42 2.72
NULL
R priorParameters: 2 8 
R maxT: 1 
R_PriorDraw_first_mu: 0.6317432 
R_PriorDraw_first_nu: 30.04801 
R-CCU: Before ClusterLabelChange for i = 25 newLabel= 1 currentLabel= 1 
R-CCU: sum(pointsPerCluster) = 1724 
 num [1:3] 1718 5 1
NULL
R-CCU: After ClusterLabelChange for i = 25 
R-CCU: sum(pointsPerCluster) = 1725 
 num [1:3] 1719 5 1
NULL
R-CCU: dpObj$numberClusters = 3 
List of 2
 $ : num [1, 1, 1:3] 0.3597 0.7922 0.0869
 $ : num [1, 1, 1:3] 8.47 3.42 2.72
NULL
R priorParameters: 2 8 
R maxT: 1 
R_PriorDraw_first_mu: 0.5615793 
R_PriorDraw_first_nu: 3.721857 
R-CCU: Before ClusterLabelChange for i = 26 newLabel= 1 currentLabel= 1 
R-CCU: sum(pointsPerCluster) = 1725 
 num [1:3] 1719 5 1
NULL
R-CCU: After ClusterLabelChange for i = 26 
R-CCU: sum(pointsPerCluster) = 1726 
 num [1:3] 1720 5 1
NULL
R-CCU: dpObj$numberClusters = 3 
List of 2
 $ : num [1, 1, 1:3] 0.3597 0.7922 0.0869
 $ : num [1, 1, 1:3] 8.47 3.42 2.72
NULL
R priorParameters: 2 8 
R maxT: 1 
R_PriorDraw_first_mu: 0.3306338 
R_PriorDraw_first_nu: 2.980064 
R-CCU: Before ClusterLabelChange for i = 27 newLabel= 1 currentLabel= 1 
R-CCU: sum(pointsPerCluster) = 1726 
 num [1:3] 1720 5 1
NULL
R-CCU: After ClusterLabelChange for i = 27 
R-CCU: sum(pointsPerCluster) = 1727 
 num [1:3] 1721 5 1
NULL
R-CCU: dpObj$numberClusters = 3 
List of 2
 $ : num [1, 1, 1:3] 0.3597 0.7922 0.0869
 $ : num [1, 1, 1:3] 8.47 3.42 2.72
NULL
R priorParameters: 2 8 
R maxT: 1 
R_PriorDraw_first_mu: 0.9060232 
R_PriorDraw_first_nu: 2.590283 
R-CCU: Before ClusterLabelChange for i = 28 newLabel= 1 currentLabel= 1 
R-CCU: sum(pointsPerCluster) = 1727 
 num [1:3] 1721 5 1
NULL
R-CCU: After ClusterLabelChange for i = 28 
R-CCU: sum(pointsPerCluster) = 1728 
 num [1:3] 1722 5 1
NULL
R-CCU: dpObj$numberClusters = 3 
List of 2
 $ : num [1, 1, 1:3] 0.3597 0.7922 0.0869
 $ : num [1, 1, 1:3] 8.47 3.42 2.72
NULL
R priorParameters: 2 8 
R maxT: 1 
R_PriorDraw_first_mu: 0.711033 
R_PriorDraw_first_nu: 3.319913 
R-CCU: Before ClusterLabelChange for i = 29 newLabel= 1 currentLabel= 1 
R-CCU: sum(pointsPerCluster) = 1728 
 num [1:3] 1722 5 1
NULL
R-CCU: After ClusterLabelChange for i = 29 
R-CCU: sum(pointsPerCluster) = 1729 
 num [1:3] 1723 5 1
NULL
R-CCU: dpObj$numberClusters = 3 
List of 2
 $ : num [1, 1, 1:3] 0.3597 0.7922 0.0869
 $ : num [1, 1, 1:3] 8.47 3.42 2.72
NULL
R priorParameters: 2 8 
R maxT: 1 
R_PriorDraw_first_mu: 0.2566169 
R_PriorDraw_first_nu: 5.187176 
R-CCU: Before ClusterLabelChange for i = 30 newLabel= 1 currentLabel= 1 
R-CCU: sum(pointsPerCluster) = 1729 
 num [1:3] 1723 5 1
NULL
R-CCU: After ClusterLabelChange for i = 30 
R-CCU: sum(pointsPerCluster) = 1730 
 num [1:3] 1724 5 1
NULL
R-CCU: dpObj$numberClusters = 3 
List of 2
 $ : num [1, 1, 1:3] 0.3597 0.7922 0.0869
 $ : num [1, 1, 1:3] 8.47 3.42 2.72
NULL
R priorParameters: 2 8 
R maxT: 1 
R_PriorDraw_first_mu: 0.2766379 
R_PriorDraw_first_nu: 2.225113 
R-CCU: Before ClusterLabelChange for i = 31 newLabel= 1 currentLabel= 1 
R-CCU: sum(pointsPerCluster) = 1730 
 num [1:3] 1724 5 1
NULL
R-CCU: After ClusterLabelChange for i = 31 
R-CCU: sum(pointsPerCluster) = 1731 
 num [1:3] 1725 5 1
NULL
R-CCU: dpObj$numberClusters = 3 
List of 2
 $ : num [1, 1, 1:3] 0.3597 0.7922 0.0869
 $ : num [1, 1, 1:3] 8.47 3.42 2.72
NULL
R priorParameters: 2 8 
R maxT: 1 
R_PriorDraw_first_mu: 0.6750371 
R_PriorDraw_first_nu: 6.853498 
R-CCU: Before ClusterLabelChange for i = 32 newLabel= 1 currentLabel= 1 
R-CCU: sum(pointsPerCluster) = 1731 
 num [1:3] 1725 5 1
NULL
R-CCU: After ClusterLabelChange for i = 32 
R-CCU: sum(pointsPerCluster) = 1732 
 num [1:3] 1726 5 1
NULL
R-CCU: dpObj$numberClusters = 3 
List of 2
 $ : num [1, 1, 1:3] 0.3597 0.7922 0.0869
 $ : num [1, 1, 1:3] 8.47 3.42 2.72
NULL
R priorParameters: 2 8 
R maxT: 1 
R_PriorDraw_first_mu: 0.7060328 
R_PriorDraw_first_nu: 45.64649 
R-CCU: Before ClusterLabelChange for i = 33 newLabel= 1 currentLabel= 1 
R-CCU: sum(pointsPerCluster) = 1732 
 num [1:3] 1726 5 1
NULL
R-CCU: After ClusterLabelChange for i = 33 
R-CCU: sum(pointsPerCluster) = 1733 
 num [1:3] 1727 5 1
NULL
R-CCU: dpObj$numberClusters = 3 
List of 2
 $ : num [1, 1, 1:3] 0.3597 0.7922 0.0869
 $ : num [1, 1, 1:3] 8.47 3.42 2.72
NULL
R priorParameters: 2 8 
R maxT: 1 
R_PriorDraw_first_mu: 0.8613276 
R_PriorDraw_first_nu: 17.65439 
R-CCU: Before ClusterLabelChange for i = 34 newLabel= 1 currentLabel= 1 
R-CCU: sum(pointsPerCluster) = 1733 
 num [1:3] 1727 5 1
NULL
R-CCU: After ClusterLabelChange for i = 34 
R-CCU: sum(pointsPerCluster) = 1734 
 num [1:3] 1728 5 1
NULL
R-CCU: dpObj$numberClusters = 3 
List of 2
 $ : num [1, 1, 1:3] 0.3597 0.7922 0.0869
 $ : num [1, 1, 1:3] 8.47 3.42 2.72
NULL
R priorParameters: 2 8 
R maxT: 1 
R_PriorDraw_first_mu: 0.6556127 
R_PriorDraw_first_nu: 1.691033 
R-CCU: Before ClusterLabelChange for i = 35 newLabel= 1 currentLabel= 1 
R-CCU: sum(pointsPerCluster) = 1734 
 num [1:3] 1728 5 1
NULL
R-CCU: After ClusterLabelChange for i = 35 
R-CCU: sum(pointsPerCluster) = 1735 
 num [1:3] 1729 5 1
NULL
R-CCU: dpObj$numberClusters = 3 
List of 2
 $ : num [1, 1, 1:3] 0.3597 0.7922 0.0869
 $ : num [1, 1, 1:3] 8.47 3.42 2.72
NULL
R priorParameters: 2 8 
R maxT: 1 
R_PriorDraw_first_mu: 0.8840069 
R_PriorDraw_first_nu: 9.994289 
R-CCU: Before ClusterLabelChange for i = 36 newLabel= 1 currentLabel= 1 
R-CCU: sum(pointsPerCluster) = 1735 
 num [1:3] 1729 5 1
NULL
R-CCU: After ClusterLabelChange for i = 36 
R-CCU: sum(pointsPerCluster) = 1736 
 num [1:3] 1730 5 1
NULL
R-CCU: dpObj$numberClusters = 3 
List of 2
 $ : num [1, 1, 1:3] 0.3597 0.7922 0.0869
 $ : num [1, 1, 1:3] 8.47 3.42 2.72
NULL
R priorParameters: 2 8 
R maxT: 1 
R_PriorDraw_first_mu: 0.3989515 
R_PriorDraw_first_nu: 4.17168 
R-CCU: Before ClusterLabelChange for i = 37 newLabel= 1 currentLabel= 1 
R-CCU: sum(pointsPerCluster) = 1736 
 num [1:3] 1730 5 1
NULL
R-CCU: After ClusterLabelChange for i = 37 
R-CCU: sum(pointsPerCluster) = 1737 
 num [1:3] 1731 5 1
NULL
R-CCU: dpObj$numberClusters = 3 
List of 2
 $ : num [1, 1, 1:3] 0.3597 0.7922 0.0869
 $ : num [1, 1, 1:3] 8.47 3.42 2.72
NULL
R priorParameters: 2 8 
R maxT: 1 
R_PriorDraw_first_mu: 0.9820311 
R_PriorDraw_first_nu: 21.06962 
R-CCU: Before ClusterLabelChange for i = 38 newLabel= 1 currentLabel= 1 
R-CCU: sum(pointsPerCluster) = 1737 
 num [1:3] 1731 5 1
NULL
R-CCU: After ClusterLabelChange for i = 38 
R-CCU: sum(pointsPerCluster) = 1738 
 num [1:3] 1732 5 1
NULL
R-CCU: dpObj$numberClusters = 3 
List of 2
 $ : num [1, 1, 1:3] 0.3597 0.7922 0.0869
 $ : num [1, 1, 1:3] 8.47 3.42 2.72
NULL
R priorParameters: 2 8 
R maxT: 1 
R_PriorDraw_first_mu: 0.8798101 
R_PriorDraw_first_nu: 3.266602 
R-CCU: Before ClusterLabelChange for i = 39 newLabel= 1 currentLabel= 1 
R-CCU: sum(pointsPerCluster) = 1738 
 num [1:3] 1732 5 1
NULL
R-CCU: After ClusterLabelChange for i = 39 
R-CCU: sum(pointsPerCluster) = 1739 
 num [1:3] 1733 5 1
NULL
R-CCU: dpObj$numberClusters = 3 
List of 2
 $ : num [1, 1, 1:3] 0.3597 0.7922 0.0869
 $ : num [1, 1, 1:3] 8.47 3.42 2.72
NULL
R priorParameters: 2 8 
R maxT: 1 
R_PriorDraw_first_mu: 0.1292428 
R_PriorDraw_first_nu: 4.971148 
R-CCU: Before ClusterLabelChange for i = 40 newLabel= 1 currentLabel= 1 
R-CCU: sum(pointsPerCluster) = 1739 
 num [1:3] 1733 5 1
NULL
R-CCU: After ClusterLabelChange for i = 40 
R-CCU: sum(pointsPerCluster) = 1740 
 num [1:3] 1734 5 1
NULL
R-CCU: dpObj$numberClusters = 3 
List of 2
 $ : num [1, 1, 1:3] 0.3597 0.7922 0.0869
 $ : num [1, 1, 1:3] 8.47 3.42 2.72
NULL
R priorParameters: 2 8 
R maxT: 1 
R_PriorDraw_first_mu: 0.6659381 
R_PriorDraw_first_nu: 16.09853 
R-CCU: Before ClusterLabelChange for i = 41 newLabel= 1 currentLabel= 1 
R-CCU: sum(pointsPerCluster) = 1740 
 num [1:3] 1734 5 1
NULL
R-CCU: After ClusterLabelChange for i = 41 
R-CCU: sum(pointsPerCluster) = 1741 
 num [1:3] 1735 5 1
NULL
R-CCU: dpObj$numberClusters = 3 
List of 2
 $ : num [1, 1, 1:3] 0.3597 0.7922 0.0869
 $ : num [1, 1, 1:3] 8.47 3.42 2.72
NULL
R priorParameters: 2 8 
R maxT: 1 
R_PriorDraw_first_mu: 0.6750699 
R_PriorDraw_first_nu: 8.244788 
R-CCU: Before ClusterLabelChange for i = 42 newLabel= 1 currentLabel= 1 
R-CCU: sum(pointsPerCluster) = 1741 
 num [1:3] 1735 5 1
NULL
R-CCU: After ClusterLabelChange for i = 42 
R-CCU: sum(pointsPerCluster) = 1742 
 num [1:3] 1736 5 1
NULL
R-CCU: dpObj$numberClusters = 3 
List of 2
 $ : num [1, 1, 1:3] 0.3597 0.7922 0.0869
 $ : num [1, 1, 1:3] 8.47 3.42 2.72
NULL
R priorParameters: 2 8 
R maxT: 1 
R_PriorDraw_first_mu: 0.4691494 
R_PriorDraw_first_nu: 3.044569 
R-CCU: Before ClusterLabelChange for i = 43 newLabel= 1 currentLabel= 1 
R-CCU: sum(pointsPerCluster) = 1742 
 num [1:3] 1736 5 1
NULL
R-CCU: After ClusterLabelChange for i = 43 
R-CCU: sum(pointsPerCluster) = 1743 
 num [1:3] 1737 5 1
NULL
R-CCU: dpObj$numberClusters = 3 
List of 2
 $ : num [1, 1, 1:3] 0.3597 0.7922 0.0869
 $ : num [1, 1, 1:3] 8.47 3.42 2.72
NULL
R priorParameters: 2 8 
R maxT: 1 
R_PriorDraw_first_mu: 0.1500392 
R_PriorDraw_first_nu: 3.398436 
R-CCU: Before ClusterLabelChange for i = 44 newLabel= 1 currentLabel= 1 
R-CCU: sum(pointsPerCluster) = 1743 
 num [1:3] 1737 5 1
NULL
R-CCU: After ClusterLabelChange for i = 44 
R-CCU: sum(pointsPerCluster) = 1744 
 num [1:3] 1738 5 1
NULL
R-CCU: dpObj$numberClusters = 3 
List of 2
 $ : num [1, 1, 1:3] 0.3597 0.7922 0.0869
 $ : num [1, 1, 1:3] 8.47 3.42 2.72
NULL
R priorParameters: 2 8 
R maxT: 1 
R_PriorDraw_first_mu: 0.8728012 
R_PriorDraw_first_nu: 2.405384 
R-CCU: Before ClusterLabelChange for i = 45 newLabel= 1 currentLabel= 1 
R-CCU: sum(pointsPerCluster) = 1744 
 num [1:3] 1738 5 1
NULL
R-CCU: After ClusterLabelChange for i = 45 
R-CCU: sum(pointsPerCluster) = 1745 
 num [1:3] 1739 5 1
NULL
R-CCU: dpObj$numberClusters = 3 
List of 2
 $ : num [1, 1, 1:3] 0.3597 0.7922 0.0869
 $ : num [1, 1, 1:3] 8.47 3.42 2.72
NULL
R priorParameters: 2 8 
R maxT: 1 
R_PriorDraw_first_mu: 0.2287417 
R_PriorDraw_first_nu: 5.007548 
R-CCU: Before ClusterLabelChange for i = 46 newLabel= 1 currentLabel= 1 
R-CCU: sum(pointsPerCluster) = 1745 
 num [1:3] 1739 5 1
NULL
R-CCU: After ClusterLabelChange for i = 46 
R-CCU: sum(pointsPerCluster) = 1746 
 num [1:3] 1740 5 1
NULL
R-CCU: dpObj$numberClusters = 3 
List of 2
 $ : num [1, 1, 1:3] 0.3597 0.7922 0.0869
 $ : num [1, 1, 1:3] 8.47 3.42 2.72
NULL
R priorParameters: 2 8 
R maxT: 1 
R_PriorDraw_first_mu: 0.6226489 
R_PriorDraw_first_nu: 3.488719 
R-CCU: Before ClusterLabelChange for i = 47 newLabel= 1 currentLabel= 1 
R-CCU: sum(pointsPerCluster) = 1746 
 num [1:3] 1740 5 1
NULL
R-CCU: After ClusterLabelChange for i = 47 
R-CCU: sum(pointsPerCluster) = 1747 
 num [1:3] 1741 5 1
NULL
R-CCU: dpObj$numberClusters = 3 
List of 2
 $ : num [1, 1, 1:3] 0.3597 0.7922 0.0869
 $ : num [1, 1, 1:3] 8.47 3.42 2.72
NULL
R priorParameters: 2 8 
R maxT: 1 
R_PriorDraw_first_mu: 0.2894386 
R_PriorDraw_first_nu: 2.847808 
R-CCU: Before ClusterLabelChange for i = 48 newLabel= 1 currentLabel= 1 
R-CCU: sum(pointsPerCluster) = 1747 
 num [1:3] 1741 5 1
NULL
R-CCU: After ClusterLabelChange for i = 48 
R-CCU: sum(pointsPerCluster) = 1748 
 num [1:3] 1742 5 1
NULL
R-CCU: dpObj$numberClusters = 3 
List of 2
 $ : num [1, 1, 1:3] 0.3597 0.7922 0.0869
 $ : num [1, 1, 1:3] 8.47 3.42 2.72
NULL
R priorParameters: 2 8 
R maxT: 1 
R_PriorDraw_first_mu: 0.8332968 
R_PriorDraw_first_nu: 5.859031 
R-CCU: Before ClusterLabelChange for i = 49 newLabel= 1 currentLabel= 1 
R-CCU: sum(pointsPerCluster) = 1748 
 num [1:3] 1742 5 1
NULL
R-CCU: After ClusterLabelChange for i = 49 
R-CCU: sum(pointsPerCluster) = 1749 
 num [1:3] 1743 5 1
NULL
R-CCU: dpObj$numberClusters = 3 
List of 2
 $ : num [1, 1, 1:3] 0.3597 0.7922 0.0869
 $ : num [1, 1, 1:3] 8.47 3.42 2.72
NULL
R priorParameters: 2 8 
R maxT: 1 
R_PriorDraw_first_mu: 0.2068895 
R_PriorDraw_first_nu: 3.07908 
R-CCU: Before ClusterLabelChange for i = 50 newLabel= 1 currentLabel= 1 
R-CCU: sum(pointsPerCluster) = 1749 
 num [1:3] 1743 5 1
NULL
R-CCU: After ClusterLabelChange for i = 50 
R-CCU: sum(pointsPerCluster) = 1750 
 num [1:3] 1744 5 1
NULL
R-CCU: dpObj$numberClusters = 3 
List of 2
 $ : num [1, 1, 1:3] 0.3597 0.7922 0.0869
 $ : num [1, 1, 1:3] 8.47 3.42 2.72
NULL
R priorParameters: 2 8 
R maxT: 1 
R_PriorDraw_first_mu: 0.7547456 
R_PriorDraw_first_nu: 3.892829 
R-CCU: Before ClusterLabelChange for i = 51 newLabel= 1 currentLabel= 1 
R-CCU: sum(pointsPerCluster) = 1750 
 num [1:3] 1744 5 1
NULL
R-CCU: After ClusterLabelChange for i = 51 
R-CCU: sum(pointsPerCluster) = 1751 
 num [1:3] 1745 5 1
NULL
R-CCU: dpObj$numberClusters = 3 
List of 2
 $ : num [1, 1, 1:3] 0.3597 0.7922 0.0869
 $ : num [1, 1, 1:3] 8.47 3.42 2.72
NULL
R priorParameters: 2 8 
R maxT: 1 
R_PriorDraw_first_mu: 0.4568141 
R_PriorDraw_first_nu: 5.0549 
R-CCU: Before ClusterLabelChange for i = 52 newLabel= 1 currentLabel= 1 
R-CCU: sum(pointsPerCluster) = 1751 
 num [1:3] 1745 5 1
NULL
R-CCU: After ClusterLabelChange for i = 52 
R-CCU: sum(pointsPerCluster) = 1752 
 num [1:3] 1746 5 1
NULL
R-CCU: dpObj$numberClusters = 3 
List of 2
 $ : num [1, 1, 1:3] 0.3597 0.7922 0.0869
 $ : num [1, 1, 1:3] 8.47 3.42 2.72
NULL
R priorParameters: 2 8 
R maxT: 1 
R_PriorDraw_first_mu: 0.7615475 
R_PriorDraw_first_nu: 3.350928 
R-CCU: Before ClusterLabelChange for i = 53 newLabel= 1 currentLabel= 1 
R-CCU: sum(pointsPerCluster) = 1752 
 num [1:3] 1746 5 1
NULL
R-CCU: After ClusterLabelChange for i = 53 
R-CCU: sum(pointsPerCluster) = 1753 
 num [1:3] 1747 5 1
NULL
R-CCU: dpObj$numberClusters = 3 
List of 2
 $ : num [1, 1, 1:3] 0.3597 0.7922 0.0869
 $ : num [1, 1, 1:3] 8.47 3.42 2.72
NULL
R priorParameters: 2 8 
R maxT: 1 
R_PriorDraw_first_mu: 0.1343998 
R_PriorDraw_first_nu: 3.916088 
R-CCU: Before ClusterLabelChange for i = 54 newLabel= 1 currentLabel= 1 
R-CCU: sum(pointsPerCluster) = 1753 
 num [1:3] 1747 5 1
NULL
R-CCU: After ClusterLabelChange for i = 54 
R-CCU: sum(pointsPerCluster) = 1754 
 num [1:3] 1748 5 1
NULL
R-CCU: dpObj$numberClusters = 3 
List of 2
 $ : num [1, 1, 1:3] 0.3597 0.7922 0.0869
 $ : num [1, 1, 1:3] 8.47 3.42 2.72
NULL
R priorParameters: 2 8 
R maxT: 1 
R_PriorDraw_first_mu: 0.1830443 
R_PriorDraw_first_nu: 4.761957 
R-CCU: Before ClusterLabelChange for i = 55 newLabel= 1 currentLabel= 1 
R-CCU: sum(pointsPerCluster) = 1754 
 num [1:3] 1748 5 1
NULL
R-CCU: After ClusterLabelChange for i = 55 
R-CCU: sum(pointsPerCluster) = 1755 
 num [1:3] 1749 5 1
NULL
R-CCU: dpObj$numberClusters = 3 
List of 2
 $ : num [1, 1, 1:3] 0.3597 0.7922 0.0869
 $ : num [1, 1, 1:3] 8.47 3.42 2.72
NULL
R priorParameters: 2 8 
R maxT: 1 
R_PriorDraw_first_mu: 0.06879495 
R_PriorDraw_first_nu: 3.799501 
R-CCU: Before ClusterLabelChange for i = 56 newLabel= 1 currentLabel= 1 
R-CCU: sum(pointsPerCluster) = 1755 
 num [1:3] 1749 5 1
NULL
R-CCU: After ClusterLabelChange for i = 56 
R-CCU: sum(pointsPerCluster) = 1756 
 num [1:3] 1750 5 1
NULL
R-CCU: dpObj$numberClusters = 3 
List of 2
 $ : num [1, 1, 1:3] 0.3597 0.7922 0.0869
 $ : num [1, 1, 1:3] 8.47 3.42 2.72
NULL
R priorParameters: 2 8 
R maxT: 1 
R_PriorDraw_first_mu: 0.8050857 
R_PriorDraw_first_nu: 7.779515 
R-CCU: Before ClusterLabelChange for i = 57 newLabel= 1 currentLabel= 1 
R-CCU: sum(pointsPerCluster) = 1756 
 num [1:3] 1750 5 1
NULL
R-CCU: After ClusterLabelChange for i = 57 
R-CCU: sum(pointsPerCluster) = 1757 
 num [1:3] 1751 5 1
NULL
R-CCU: dpObj$numberClusters = 3 
List of 2
 $ : num [1, 1, 1:3] 0.3597 0.7922 0.0869
 $ : num [1, 1, 1:3] 8.47 3.42 2.72
NULL
R priorParameters: 2 8 
R maxT: 1 
R_PriorDraw_first_mu: 0.519111 
R_PriorDraw_first_nu: 3.015318 
R-CCU: Before ClusterLabelChange for i = 58 newLabel= 1 currentLabel= 1 
R-CCU: sum(pointsPerCluster) = 1757 
 num [1:3] 1751 5 1
NULL
R-CCU: After ClusterLabelChange for i = 58 
R-CCU: sum(pointsPerCluster) = 1758 
 num [1:3] 1752 5 1
NULL
R-CCU: dpObj$numberClusters = 3 
List of 2
 $ : num [1, 1, 1:3] 0.3597 0.7922 0.0869
 $ : num [1, 1, 1:3] 8.47 3.42 2.72
NULL
R priorParameters: 2 8 
R maxT: 1 
R_PriorDraw_first_mu: 0.5659711 
R_PriorDraw_first_nu: 3.130351 
R-CCU: Before ClusterLabelChange for i = 59 newLabel= 1 currentLabel= 1 
R-CCU: sum(pointsPerCluster) = 1758 
 num [1:3] 1752 5 1
NULL
R-CCU: After ClusterLabelChange for i = 59 
R-CCU: sum(pointsPerCluster) = 1759 
 num [1:3] 1753 5 1
NULL
R-CCU: dpObj$numberClusters = 3 
List of 2
 $ : num [1, 1, 1:3] 0.3597 0.7922 0.0869
 $ : num [1, 1, 1:3] 8.47 3.42 2.72
NULL
R priorParameters: 2 8 
R maxT: 1 
R_PriorDraw_first_mu: 0.3084817 
R_PriorDraw_first_nu: 4.436231 
R-CCU: Before ClusterLabelChange for i = 60 newLabel= 1 currentLabel= 1 
R-CCU: sum(pointsPerCluster) = 1759 
 num [1:3] 1753 5 1
NULL
R-CCU: After ClusterLabelChange for i = 60 
R-CCU: sum(pointsPerCluster) = 1760 
 num [1:3] 1754 5 1
NULL
R-CCU: dpObj$numberClusters = 3 
List of 2
 $ : num [1, 1, 1:3] 0.3597 0.7922 0.0869
 $ : num [1, 1, 1:3] 8.47 3.42 2.72
NULL
R priorParameters: 2 8 
R maxT: 1 
R_PriorDraw_first_mu: 0.4805563 
R_PriorDraw_first_nu: 6.326608 
R-CCU: Before ClusterLabelChange for i = 61 newLabel= 1 currentLabel= 1 
R-CCU: sum(pointsPerCluster) = 1760 
 num [1:3] 1754 5 1
NULL
R-CCU: After ClusterLabelChange for i = 61 
R-CCU: sum(pointsPerCluster) = 1761 
 num [1:3] 1755 5 1
NULL
R-CCU: dpObj$numberClusters = 3 
List of 2
 $ : num [1, 1, 1:3] 0.3597 0.7922 0.0869
 $ : num [1, 1, 1:3] 8.47 3.42 2.72
NULL
R priorParameters: 2 8 
R maxT: 1 
R_PriorDraw_first_mu: 0.63606 
R_PriorDraw_first_nu: 2.797513 
R-CCU: Before ClusterLabelChange for i = 62 newLabel= 1 currentLabel= 1 
R-CCU: sum(pointsPerCluster) = 1761 
 num [1:3] 1755 5 1
NULL
R-CCU: After ClusterLabelChange for i = 62 
R-CCU: sum(pointsPerCluster) = 1762 
 num [1:3] 1756 5 1
NULL
R-CCU: dpObj$numberClusters = 3 
List of 2
 $ : num [1, 1, 1:3] 0.3597 0.7922 0.0869
 $ : num [1, 1, 1:3] 8.47 3.42 2.72
NULL
R priorParameters: 2 8 
R maxT: 1 
R_PriorDraw_first_mu: 0.5997042 
R_PriorDraw_first_nu: 9.916219 
R-CCU: Before ClusterLabelChange for i = 63 newLabel= 1 currentLabel= 1 
R-CCU: sum(pointsPerCluster) = 1762 
 num [1:3] 1756 5 1
NULL
R-CCU: After ClusterLabelChange for i = 63 
R-CCU: sum(pointsPerCluster) = 1763 
 num [1:3] 1757 5 1
NULL
R-CCU: dpObj$numberClusters = 3 
List of 2
 $ : num [1, 1, 1:3] 0.3597 0.7922 0.0869
 $ : num [1, 1, 1:3] 8.47 3.42 2.72
NULL
R priorParameters: 2 8 
R maxT: 1 
R_PriorDraw_first_mu: 0.8383064 
R_PriorDraw_first_nu: 5.63404 
R-CCU: Before ClusterLabelChange for i = 64 newLabel= 1 currentLabel= 1 
R-CCU: sum(pointsPerCluster) = 1763 
 num [1:3] 1757 5 1
NULL
R-CCU: After ClusterLabelChange for i = 64 
R-CCU: sum(pointsPerCluster) = 1764 
 num [1:3] 1758 5 1
NULL
R-CCU: dpObj$numberClusters = 3 
List of 2
 $ : num [1, 1, 1:3] 0.3597 0.7922 0.0869
 $ : num [1, 1, 1:3] 8.47 3.42 2.72
NULL
R priorParameters: 2 8 
R maxT: 1 
R_PriorDraw_first_mu: 0.7276356 
R_PriorDraw_first_nu: 3.310356 
R-CCU: Before ClusterLabelChange for i = 65 newLabel= 1 currentLabel= 1 
R-CCU: sum(pointsPerCluster) = 1764 
 num [1:3] 1758 5 1
NULL
R-CCU: After ClusterLabelChange for i = 65 
R-CCU: sum(pointsPerCluster) = 1765 
 num [1:3] 1759 5 1
NULL
R-CCU: dpObj$numberClusters = 3 
List of 2
 $ : num [1, 1, 1:3] 0.3597 0.7922 0.0869
 $ : num [1, 1, 1:3] 8.47 3.42 2.72
NULL
R priorParameters: 2 8 
R maxT: 1 
R_PriorDraw_first_mu: 0.1182698 
R_PriorDraw_first_nu: 6.368711 
R-CCU: Before ClusterLabelChange for i = 66 newLabel= 1 currentLabel= 1 
R-CCU: sum(pointsPerCluster) = 1765 
 num [1:3] 1759 5 1
NULL
R-CCU: After ClusterLabelChange for i = 66 
R-CCU: sum(pointsPerCluster) = 1766 
 num [1:3] 1760 5 1
NULL
R-CCU: dpObj$numberClusters = 3 
List of 2
 $ : num [1, 1, 1:3] 0.3597 0.7922 0.0869
 $ : num [1, 1, 1:3] 8.47 3.42 2.72
NULL
R priorParameters: 2 8 
R maxT: 1 
R_PriorDraw_first_mu: 0.598421 
R_PriorDraw_first_nu: 13.9662 
R-CCU: Before ClusterLabelChange for i = 67 newLabel= 1 currentLabel= 1 
R-CCU: sum(pointsPerCluster) = 1766 
 num [1:3] 1760 5 1
NULL
R-CCU: After ClusterLabelChange for i = 67 
R-CCU: sum(pointsPerCluster) = 1767 
 num [1:3] 1761 5 1
NULL
R-CCU: dpObj$numberClusters = 3 
List of 2
 $ : num [1, 1, 1:3] 0.3597 0.7922 0.0869
 $ : num [1, 1, 1:3] 8.47 3.42 2.72
NULL
R priorParameters: 2 8 
R maxT: 1 
R_PriorDraw_first_mu: 0.5589217 
R_PriorDraw_first_nu: 6.991941 
R-CCU: Before ClusterLabelChange for i = 68 newLabel= 1 currentLabel= 1 
R-CCU: sum(pointsPerCluster) = 1767 
 num [1:3] 1761 5 1
NULL
R-CCU: After ClusterLabelChange for i = 68 
R-CCU: sum(pointsPerCluster) = 1768 
 num [1:3] 1762 5 1
NULL
R-CCU: dpObj$numberClusters = 3 
List of 2
 $ : num [1, 1, 1:3] 0.3597 0.7922 0.0869
 $ : num [1, 1, 1:3] 8.47 3.42 2.72
NULL
R priorParameters: 2 8 
R maxT: 1 
R_PriorDraw_first_mu: 0.2454285 
R_PriorDraw_first_nu: 7.946317 
R-CCU: Before ClusterLabelChange for i = 69 newLabel= 1 currentLabel= 1 
R-CCU: sum(pointsPerCluster) = 1768 
 num [1:3] 1762 5 1
NULL
R-CCU: After ClusterLabelChange for i = 69 
R-CCU: sum(pointsPerCluster) = 1769 
 num [1:3] 1763 5 1
NULL
R-CCU: dpObj$numberClusters = 3 
List of 2
 $ : num [1, 1, 1:3] 0.3597 0.7922 0.0869
 $ : num [1, 1, 1:3] 8.47 3.42 2.72
NULL
R priorParameters: 2 8 
R maxT: 1 
R_PriorDraw_first_mu: 0.5692134 
R_PriorDraw_first_nu: 52.77386 
R-CCU: Before ClusterLabelChange for i = 70 newLabel= 1 currentLabel= 1 
R-CCU: sum(pointsPerCluster) = 1769 
 num [1:3] 1763 5 1
NULL
R-CCU: After ClusterLabelChange for i = 70 
R-CCU: sum(pointsPerCluster) = 1770 
 num [1:3] 1764 5 1
NULL
R-CCU: dpObj$numberClusters = 3 
List of 2
 $ : num [1, 1, 1:3] 0.3597 0.7922 0.0869
 $ : num [1, 1, 1:3] 8.47 3.42 2.72
NULL
R priorParameters: 2 8 
R maxT: 1 
R_PriorDraw_first_mu: 0.5802103 
R_PriorDraw_first_nu: 13.82007 
R-CCU: Before ClusterLabelChange for i = 71 newLabel= 1 currentLabel= 1 
R-CCU: sum(pointsPerCluster) = 1770 
 num [1:3] 1764 5 1
NULL
R-CCU: After ClusterLabelChange for i = 71 
R-CCU: sum(pointsPerCluster) = 1771 
 num [1:3] 1765 5 1
NULL
R-CCU: dpObj$numberClusters = 3 
List of 2
 $ : num [1, 1, 1:3] 0.3597 0.7922 0.0869
 $ : num [1, 1, 1:3] 8.47 3.42 2.72
NULL
R priorParameters: 2 8 
R maxT: 1 
R_PriorDraw_first_mu: 0.6946266 
R_PriorDraw_first_nu: 1.889307 
R-CCU: Before ClusterLabelChange for i = 72 newLabel= 1 currentLabel= 1 
R-CCU: sum(pointsPerCluster) = 1771 
 num [1:3] 1765 5 1
NULL
R-CCU: After ClusterLabelChange for i = 72 
R-CCU: sum(pointsPerCluster) = 1772 
 num [1:3] 1766 5 1
NULL
R-CCU: dpObj$numberClusters = 3 
List of 2
 $ : num [1, 1, 1:3] 0.3597 0.7922 0.0869
 $ : num [1, 1, 1:3] 8.47 3.42 2.72
NULL
R priorParameters: 2 8 
R maxT: 1 
R_PriorDraw_first_mu: 0.3087468 
R_PriorDraw_first_nu: 2.324891 
R-CCU: Before ClusterLabelChange for i = 73 newLabel= 1 currentLabel= 1 
R-CCU: sum(pointsPerCluster) = 1772 
 num [1:3] 1766 5 1
NULL
R-CCU: After ClusterLabelChange for i = 73 
R-CCU: sum(pointsPerCluster) = 1773 
 num [1:3] 1767 5 1
NULL
R-CCU: dpObj$numberClusters = 3 
List of 2
 $ : num [1, 1, 1:3] 0.3597 0.7922 0.0869
 $ : num [1, 1, 1:3] 8.47 3.42 2.72
NULL
R priorParameters: 2 8 
R maxT: 1 
R_PriorDraw_first_mu: 0.7137202 
R_PriorDraw_first_nu: 23.91095 
R-CCU: Before ClusterLabelChange for i = 74 newLabel= 1 currentLabel= 1 
R-CCU: sum(pointsPerCluster) = 1773 
 num [1:3] 1767 5 1
NULL
R-CCU: After ClusterLabelChange for i = 74 
R-CCU: sum(pointsPerCluster) = 1774 
 num [1:3] 1768 5 1
NULL
R-CCU: dpObj$numberClusters = 3 
List of 2
 $ : num [1, 1, 1:3] 0.3597 0.7922 0.0869
 $ : num [1, 1, 1:3] 8.47 3.42 2.72
NULL
R priorParameters: 2 8 
R maxT: 1 
R_PriorDraw_first_mu: 0.3257381 
R_PriorDraw_first_nu: 3.066973 
R-CCU: Before ClusterLabelChange for i = 75 newLabel= 1 currentLabel= 1 
R-CCU: sum(pointsPerCluster) = 1774 
 num [1:3] 1768 5 1
NULL
R-CCU: After ClusterLabelChange for i = 75 
R-CCU: sum(pointsPerCluster) = 1775 
 num [1:3] 1769 5 1
NULL
R-CCU: dpObj$numberClusters = 3 
List of 2
 $ : num [1, 1, 1:3] 0.3597 0.7922 0.0869
 $ : num [1, 1, 1:3] 8.47 3.42 2.72
NULL
R priorParameters: 2 8 
R maxT: 1 
R_PriorDraw_first_mu: 0.3833883 
R_PriorDraw_first_nu: 7.492091 
R-CCU: Before ClusterLabelChange for i = 76 newLabel= 1 currentLabel= 1 
R-CCU: sum(pointsPerCluster) = 1775 
 num [1:3] 1769 5 1
NULL
R-CCU: After ClusterLabelChange for i = 76 
R-CCU: sum(pointsPerCluster) = 1776 
 num [1:3] 1770 5 1
NULL
R-CCU: dpObj$numberClusters = 3 
List of 2
 $ : num [1, 1, 1:3] 0.3597 0.7922 0.0869
 $ : num [1, 1, 1:3] 8.47 3.42 2.72
NULL
R priorParameters: 2 8 
R maxT: 1 
R_PriorDraw_first_mu: 0.3373761 
R_PriorDraw_first_nu: 5.555752 
R-CCU: Before ClusterLabelChange for i = 77 newLabel= 1 currentLabel= 1 
R-CCU: sum(pointsPerCluster) = 1776 
 num [1:3] 1770 5 1
NULL
R-CCU: After ClusterLabelChange for i = 77 
R-CCU: sum(pointsPerCluster) = 1777 
 num [1:3] 1771 5 1
NULL
R-CCU: dpObj$numberClusters = 3 
List of 2
 $ : num [1, 1, 1:3] 0.3597 0.7922 0.0869
 $ : num [1, 1, 1:3] 8.47 3.42 2.72
NULL
R priorParameters: 2 8 
R maxT: 1 
R_PriorDraw_first_mu: 0.2704878 
R_PriorDraw_first_nu: 5.103478 
R-CCU: Before ClusterLabelChange for i = 78 newLabel= 1 currentLabel= 1 
R-CCU: sum(pointsPerCluster) = 1777 
 num [1:3] 1771 5 1
NULL
R-CCU: After ClusterLabelChange for i = 78 
R-CCU: sum(pointsPerCluster) = 1778 
 num [1:3] 1772 5 1
NULL
R-CCU: dpObj$numberClusters = 3 
List of 2
 $ : num [1, 1, 1:3] 0.3597 0.7922 0.0869
 $ : num [1, 1, 1:3] 8.47 3.42 2.72
NULL
R priorParameters: 2 8 
R maxT: 1 
R_PriorDraw_first_mu: 0.8768325 
R_PriorDraw_first_nu: 10.55733 
R-CCU: Before ClusterLabelChange for i = 79 newLabel= 1 currentLabel= 1 
R-CCU: sum(pointsPerCluster) = 1778 
 num [1:3] 1772 5 1
NULL
R-CCU: After ClusterLabelChange for i = 79 
R-CCU: sum(pointsPerCluster) = 1779 
 num [1:3] 1773 5 1
NULL
R-CCU: dpObj$numberClusters = 3 
List of 2
 $ : num [1, 1, 1:3] 0.3597 0.7922 0.0869
 $ : num [1, 1, 1:3] 8.47 3.42 2.72
NULL
R priorParameters: 2 8 
R maxT: 1 
R_PriorDraw_first_mu: 0.2457801 
R_PriorDraw_first_nu: 18.29312 
R-CCU: Before ClusterLabelChange for i = 80 newLabel= 1 currentLabel= 1 
R-CCU: sum(pointsPerCluster) = 1779 
 num [1:3] 1773 5 1
NULL
R-CCU: After ClusterLabelChange for i = 80 
R-CCU: sum(pointsPerCluster) = 1780 
 num [1:3] 1774 5 1
NULL
R-CCU: dpObj$numberClusters = 3 
List of 2
 $ : num [1, 1, 1:3] 0.3597 0.7922 0.0869
 $ : num [1, 1, 1:3] 8.47 3.42 2.72
NULL
R priorParameters: 2 8 
R maxT: 1 
R_PriorDraw_first_mu: 0.1726387 
R_PriorDraw_first_nu: 2.607038 
R-CCU: Before ClusterLabelChange for i = 81 newLabel= 1 currentLabel= 1 
R-CCU: sum(pointsPerCluster) = 1780 
 num [1:3] 1774 5 1
NULL
R-CCU: After ClusterLabelChange for i = 81 
R-CCU: sum(pointsPerCluster) = 1781 
 num [1:3] 1775 5 1
NULL
R-CCU: dpObj$numberClusters = 3 
List of 2
 $ : num [1, 1, 1:3] 0.3597 0.7922 0.0869
 $ : num [1, 1, 1:3] 8.47 3.42 2.72
NULL
R priorParameters: 2 8 
R maxT: 1 
R_PriorDraw_first_mu: 0.09828632 
R_PriorDraw_first_nu: 5.653759 
R-CCU: Before ClusterLabelChange for i = 82 newLabel= 1 currentLabel= 1 
R-CCU: sum(pointsPerCluster) = 1781 
 num [1:3] 1775 5 1
NULL
R-CCU: After ClusterLabelChange for i = 82 
R-CCU: sum(pointsPerCluster) = 1782 
 num [1:3] 1776 5 1
NULL
R-CCU: dpObj$numberClusters = 3 
List of 2
 $ : num [1, 1, 1:3] 0.3597 0.7922 0.0869
 $ : num [1, 1, 1:3] 8.47 3.42 2.72
NULL
R priorParameters: 2 8 
R maxT: 1 
R_PriorDraw_first_mu: 0.4258583 
R_PriorDraw_first_nu: 5.849353 
R-CCU: Before ClusterLabelChange for i = 83 newLabel= 1 currentLabel= 1 
R-CCU: sum(pointsPerCluster) = 1782 
 num [1:3] 1776 5 1
NULL
R-CCU: After ClusterLabelChange for i = 83 
R-CCU: sum(pointsPerCluster) = 1783 
 num [1:3] 1777 5 1
NULL
R-CCU: dpObj$numberClusters = 3 
List of 2
 $ : num [1, 1, 1:3] 0.3597 0.7922 0.0869
 $ : num [1, 1, 1:3] 8.47 3.42 2.72
NULL
R priorParameters: 2 8 
R maxT: 1 
R_PriorDraw_first_mu: 0.4362365 
R_PriorDraw_first_nu: 3.043674 
R-CCU: Before ClusterLabelChange for i = 84 newLabel= 1 currentLabel= 1 
R-CCU: sum(pointsPerCluster) = 1783 
 num [1:3] 1777 5 1
NULL
R-CCU: After ClusterLabelChange for i = 84 
R-CCU: sum(pointsPerCluster) = 1784 
 num [1:3] 1778 5 1
NULL
R-CCU: dpObj$numberClusters = 3 
List of 2
 $ : num [1, 1, 1:3] 0.3597 0.7922 0.0869
 $ : num [1, 1, 1:3] 8.47 3.42 2.72
NULL
R priorParameters: 2 8 
R maxT: 1 
R_PriorDraw_first_mu: 0.3271836 
R_PriorDraw_first_nu: 1.735617 
R-CCU: Before ClusterLabelChange for i = 85 newLabel= 1 currentLabel= 1 
R-CCU: sum(pointsPerCluster) = 1784 
 num [1:3] 1778 5 1
NULL
R-CCU: After ClusterLabelChange for i = 85 
R-CCU: sum(pointsPerCluster) = 1785 
 num [1:3] 1779 5 1
NULL
R-CCU: dpObj$numberClusters = 3 
List of 2
 $ : num [1, 1, 1:3] 0.3597 0.7922 0.0869
 $ : num [1, 1, 1:3] 8.47 3.42 2.72
NULL
R priorParameters: 2 8 
R maxT: 1 
R_PriorDraw_first_mu: 0.1791862 
R_PriorDraw_first_nu: 1.842679 
R-CCU: Before ClusterLabelChange for i = 86 newLabel= 1 currentLabel= 1 
R-CCU: sum(pointsPerCluster) = 1785 
 num [1:3] 1779 5 1
NULL
R-CCU: After ClusterLabelChange for i = 86 
R-CCU: sum(pointsPerCluster) = 1786 
 num [1:3] 1780 5 1
NULL
R-CCU: dpObj$numberClusters = 3 
List of 2
 $ : num [1, 1, 1:3] 0.3597 0.7922 0.0869
 $ : num [1, 1, 1:3] 8.47 3.42 2.72
NULL
R priorParameters: 2 8 
R maxT: 1 
R_PriorDraw_first_mu: 0.6354913 
R_PriorDraw_first_nu: 9.239253 
R-CCU: Before ClusterLabelChange for i = 87 newLabel= 1 currentLabel= 1 
R-CCU: sum(pointsPerCluster) = 1786 
 num [1:3] 1780 5 1
NULL
R-CCU: After ClusterLabelChange for i = 87 
R-CCU: sum(pointsPerCluster) = 1787 
 num [1:3] 1781 5 1
NULL
R-CCU: dpObj$numberClusters = 3 
List of 2
 $ : num [1, 1, 1:3] 0.3597 0.7922 0.0869
 $ : num [1, 1, 1:3] 8.47 3.42 2.72
NULL
R priorParameters: 2 8 
R maxT: 1 
R_PriorDraw_first_mu: 0.4897757 
R_PriorDraw_first_nu: 20.47397 
R-CCU: Before ClusterLabelChange for i = 88 newLabel= 1 currentLabel= 1 
R-CCU: sum(pointsPerCluster) = 1787 
 num [1:3] 1781 5 1
NULL
R-CCU: After ClusterLabelChange for i = 88 
R-CCU: sum(pointsPerCluster) = 1788 
 num [1:3] 1782 5 1
NULL
R-CCU: dpObj$numberClusters = 3 
List of 2
 $ : num [1, 1, 1:3] 0.3597 0.7922 0.0869
 $ : num [1, 1, 1:3] 8.47 3.42 2.72
NULL
R priorParameters: 2 8 
R maxT: 1 
R_PriorDraw_first_mu: 0.96508 
R_PriorDraw_first_nu: 8.585829 
R-CCU: Before ClusterLabelChange for i = 89 newLabel= 1 currentLabel= 1 
R-CCU: sum(pointsPerCluster) = 1788 
 num [1:3] 1782 5 1
NULL
R-CCU: After ClusterLabelChange for i = 89 
R-CCU: sum(pointsPerCluster) = 1789 
 num [1:3] 1783 5 1
NULL
R-CCU: dpObj$numberClusters = 3 
List of 2
 $ : num [1, 1, 1:3] 0.3597 0.7922 0.0869
 $ : num [1, 1, 1:3] 8.47 3.42 2.72
NULL
R priorParameters: 2 8 
R maxT: 1 
R_PriorDraw_first_mu: 0.2030404 
R_PriorDraw_first_nu: 4.115099 
R-CCU: Before ClusterLabelChange for i = 90 newLabel= 1 currentLabel= 1 
R-CCU: sum(pointsPerCluster) = 1789 
 num [1:3] 1783 5 1
NULL
R-CCU: After ClusterLabelChange for i = 90 
R-CCU: sum(pointsPerCluster) = 1790 
 num [1:3] 1784 5 1
NULL
R-CCU: dpObj$numberClusters = 3 
List of 2
 $ : num [1, 1, 1:3] 0.3597 0.7922 0.0869
 $ : num [1, 1, 1:3] 8.47 3.42 2.72
NULL
R priorParameters: 2 8 
R maxT: 1 
R_PriorDraw_first_mu: 0.5617235 
R_PriorDraw_first_nu: 9.677009 
R-CCU: Before ClusterLabelChange for i = 91 newLabel= 1 currentLabel= 1 
R-CCU: sum(pointsPerCluster) = 1790 
 num [1:3] 1784 5 1
NULL
R-CCU: After ClusterLabelChange for i = 91 
R-CCU: sum(pointsPerCluster) = 1791 
 num [1:3] 1785 5 1
NULL
R-CCU: dpObj$numberClusters = 3 
List of 2
 $ : num [1, 1, 1:3] 0.3597 0.7922 0.0869
 $ : num [1, 1, 1:3] 8.47 3.42 2.72
NULL
R priorParameters: 2 8 
R maxT: 1 
R_PriorDraw_first_mu: 0.9606883 
R_PriorDraw_first_nu: 3.18799 
R-CCU: Before ClusterLabelChange for i = 92 newLabel= 1 currentLabel= 1 
R-CCU: sum(pointsPerCluster) = 1791 
 num [1:3] 1785 5 1
NULL
R-CCU: After ClusterLabelChange for i = 92 
R-CCU: sum(pointsPerCluster) = 1792 
 num [1:3] 1786 5 1
NULL
R-CCU: dpObj$numberClusters = 3 
List of 2
 $ : num [1, 1, 1:3] 0.3597 0.7922 0.0869
 $ : num [1, 1, 1:3] 8.47 3.42 2.72
NULL
R priorParameters: 2 8 
R maxT: 1 
R_PriorDraw_first_mu: 0.07957378 
R_PriorDraw_first_nu: 31.45862 
R-CCU: Before ClusterLabelChange for i = 93 newLabel= 1 currentLabel= 1 
R-CCU: sum(pointsPerCluster) = 1792 
 num [1:3] 1786 5 1
NULL
R-CCU: After ClusterLabelChange for i = 93 
R-CCU: sum(pointsPerCluster) = 1793 
 num [1:3] 1787 5 1
NULL
R-CCU: dpObj$numberClusters = 3 
List of 2
 $ : num [1, 1, 1:3] 0.3597 0.7922 0.0869
 $ : num [1, 1, 1:3] 8.47 3.42 2.72
NULL
R priorParameters: 2 8 
R maxT: 1 
R_PriorDraw_first_mu: 0.4371191 
R_PriorDraw_first_nu: 34.28223 
R-CCU: Before ClusterLabelChange for i = 94 newLabel= 1 currentLabel= 1 
R-CCU: sum(pointsPerCluster) = 1793 
 num [1:3] 1787 5 1
NULL
R-CCU: After ClusterLabelChange for i = 94 
R-CCU: sum(pointsPerCluster) = 1794 
 num [1:3] 1788 5 1
NULL
R-CCU: dpObj$numberClusters = 3 
List of 2
 $ : num [1, 1, 1:3] 0.3597 0.7922 0.0869
 $ : num [1, 1, 1:3] 8.47 3.42 2.72
NULL
R priorParameters: 2 8 
R maxT: 1 
R_PriorDraw_first_mu: 0.3083314 
R_PriorDraw_first_nu: 5.19293 
R-CCU: Before ClusterLabelChange for i = 95 newLabel= 1 currentLabel= 1 
R-CCU: sum(pointsPerCluster) = 1794 
 num [1:3] 1788 5 1
NULL
R-CCU: After ClusterLabelChange for i = 95 
R-CCU: sum(pointsPerCluster) = 1795 
 num [1:3] 1789 5 1
NULL
R-CCU: dpObj$numberClusters = 3 
List of 2
 $ : num [1, 1, 1:3] 0.3597 0.7922 0.0869
 $ : num [1, 1, 1:3] 8.47 3.42 2.72
NULL
R priorParameters: 2 8 
R maxT: 1 
R_PriorDraw_first_mu: 0.5355258 
R_PriorDraw_first_nu: 10.43119 
R-CCU: Before ClusterLabelChange for i = 96 newLabel= 1 currentLabel= 1 
R-CCU: sum(pointsPerCluster) = 1795 
 num [1:3] 1789 5 1
NULL
R-CCU: After ClusterLabelChange for i = 96 
R-CCU: sum(pointsPerCluster) = 1796 
 num [1:3] 1790 5 1
NULL
R-CCU: dpObj$numberClusters = 3 
List of 2
 $ : num [1, 1, 1:3] 0.3597 0.7922 0.0869
 $ : num [1, 1, 1:3] 8.47 3.42 2.72
NULL
R priorParameters: 2 8 
R maxT: 1 
R_PriorDraw_first_mu: 0.4087398 
R_PriorDraw_first_nu: 96.068 
R-CCU: Before ClusterLabelChange for i = 97 newLabel= 1 currentLabel= 1 
R-CCU: sum(pointsPerCluster) = 1796 
 num [1:3] 1790 5 1
NULL
R-CCU: After ClusterLabelChange for i = 97 
R-CCU: sum(pointsPerCluster) = 1797 
 num [1:3] 1791 5 1
NULL
R-CCU: dpObj$numberClusters = 3 
List of 2
 $ : num [1, 1, 1:3] 0.3597 0.7922 0.0869
 $ : num [1, 1, 1:3] 8.47 3.42 2.72
NULL
R priorParameters: 2 8 
R maxT: 1 
R_PriorDraw_first_mu: 0.8722096 
R_PriorDraw_first_nu: 32.92096 
R-CCU: Before ClusterLabelChange for i = 98 newLabel= 1 currentLabel= 1 
R-CCU: sum(pointsPerCluster) = 1797 
 num [1:3] 1791 5 1
NULL
R-CCU: After ClusterLabelChange for i = 98 
R-CCU: sum(pointsPerCluster) = 1798 
 num [1:3] 1792 5 1
NULL
R-CCU: dpObj$numberClusters = 3 
List of 2
 $ : num [1, 1, 1:3] 0.3597 0.7922 0.0869
 $ : num [1, 1, 1:3] 8.47 3.42 2.72
NULL
R priorParameters: 2 8 
R maxT: 1 
R_PriorDraw_first_mu: 0.3897091 
R_PriorDraw_first_nu: 3.715452 
R-CCU: Before ClusterLabelChange for i = 99 newLabel= 1 currentLabel= 1 
R-CCU: sum(pointsPerCluster) = 1798 
 num [1:3] 1792 5 1
NULL
R-CCU: After ClusterLabelChange for i = 99 
R-CCU: sum(pointsPerCluster) = 1799 
 num [1:3] 1793 5 1
NULL
R-CCU: dpObj$numberClusters = 3 
List of 2
 $ : num [1, 1, 1:3] 0.3597 0.7922 0.0869
 $ : num [1, 1, 1:3] 8.47 3.42 2.72
NULL
R priorParameters: 2 8 
R maxT: 1 
R_PriorDraw_first_mu: 0.8105472 
R_PriorDraw_first_nu: 5.611297 
R-CCU: Before ClusterLabelChange for i = 100 newLabel= 1 currentLabel= 1 
R-CCU: sum(pointsPerCluster) = 1799 
 num [1:3] 1793 5 1
NULL
R-CCU: After ClusterLabelChange for i = 100 
R-CCU: sum(pointsPerCluster) = 1800 
 num [1:3] 1794 5 1
NULL
R-CCU: dpObj$numberClusters = 3 
List of 2
 $ : num [1, 1, 1:3] 0.3597 0.7922 0.0869
 $ : num [1, 1, 1:3] 8.47 3.42 2.72
NULL

⠏ | 1 134      5 | Beta Distribution Full Integration Test         R priorParameters: 2 8 
R maxT: 1 
R_PriorDraw_first_mu: 0.5216298 
R_PriorDraw_first_nu: 3.485206 
R-CCU: Before ClusterLabelChange for i = 1 newLabel= 1 currentLabel= 1 
R-CCU: sum(pointsPerCluster) = 1800 
 num [1:3] 1794 5 1
NULL
R-CCU: After ClusterLabelChange for i = 1 
R-CCU: sum(pointsPerCluster) = 1801 
 num [1:3] 1795 5 1
NULL
R-CCU: dpObj$numberClusters = 3 
List of 2
 $ : num [1, 1, 1:3] 0.3597 0.7922 0.0869
 $ : num [1, 1, 1:3] 8.8 3.42 2.72
NULL
R priorParameters: 2 8 
R maxT: 1 
R_PriorDraw_first_mu: 0.7275095 
R_PriorDraw_first_nu: 2.077237 
R-CCU: Before ClusterLabelChange for i = 2 newLabel= 1 currentLabel= 1 
R-CCU: sum(pointsPerCluster) = 1801 
 num [1:3] 1795 5 1
NULL
R-CCU: After ClusterLabelChange for i = 2 
R-CCU: sum(pointsPerCluster) = 1802 
 num [1:3] 1796 5 1
NULL
R-CCU: dpObj$numberClusters = 3 
List of 2
 $ : num [1, 1, 1:3] 0.3597 0.7922 0.0869
 $ : num [1, 1, 1:3] 8.8 3.42 2.72
NULL
R priorParameters: 2 8 
R maxT: 1 
R_PriorDraw_first_mu: 0.9873931 
R_PriorDraw_first_nu: 4.480135 
R-CCU: Before ClusterLabelChange for i = 3 newLabel= 1 currentLabel= 1 
R-CCU: sum(pointsPerCluster) = 1802 
 num [1:3] 1796 5 1
NULL
R-CCU: After ClusterLabelChange for i = 3 
R-CCU: sum(pointsPerCluster) = 1803 
 num [1:3] 1797 5 1
NULL
R-CCU: dpObj$numberClusters = 3 
List of 2
 $ : num [1, 1, 1:3] 0.3597 0.7922 0.0869
 $ : num [1, 1, 1:3] 8.8 3.42 2.72
NULL
R priorParameters: 2 8 
R maxT: 1 
R_PriorDraw_first_mu: 0.4984643 
R_PriorDraw_first_nu: 12.58828 
R-CCU: Before ClusterLabelChange for i = 4 newLabel= 1 currentLabel= 1 
R-CCU: sum(pointsPerCluster) = 1803 
 num [1:3] 1797 5 1
NULL
R-CCU: After ClusterLabelChange for i = 4 
R-CCU: sum(pointsPerCluster) = 1804 
 num [1:3] 1798 5 1
NULL
R-CCU: dpObj$numberClusters = 3 
List of 2
 $ : num [1, 1, 1:3] 0.3597 0.7922 0.0869
 $ : num [1, 1, 1:3] 8.8 3.42 2.72
NULL
R priorParameters: 2 8 
R maxT: 1 
R_PriorDraw_first_mu: 0.07398486 
R_PriorDraw_first_nu: 3.856297 
R-CCU: Before ClusterLabelChange for i = 5 newLabel= 1 currentLabel= 1 
R-CCU: sum(pointsPerCluster) = 1804 
 num [1:3] 1798 5 1
NULL
R-CCU: After ClusterLabelChange for i = 5 
R-CCU: sum(pointsPerCluster) = 1805 
 num [1:3] 1799 5 1
NULL
R-CCU: dpObj$numberClusters = 3 
List of 2
 $ : num [1, 1, 1:3] 0.3597 0.7922 0.0869
 $ : num [1, 1, 1:3] 8.8 3.42 2.72
NULL
R priorParameters: 2 8 
R maxT: 1 
R_PriorDraw_first_mu: 0.5936173 
R_PriorDraw_first_nu: 23.77172 
R-CCU: Before ClusterLabelChange for i = 6 newLabel= 1 currentLabel= 1 
R-CCU: sum(pointsPerCluster) = 1805 
 num [1:3] 1799 5 1
NULL
R-CCU: After ClusterLabelChange for i = 6 
R-CCU: sum(pointsPerCluster) = 1806 
 num [1:3] 1800 5 1
NULL
R-CCU: dpObj$numberClusters = 3 
List of 2
 $ : num [1, 1, 1:3] 0.3597 0.7922 0.0869
 $ : num [1, 1, 1:3] 8.8 3.42 2.72
NULL
R priorParameters: 2 8 
R maxT: 1 
R_PriorDraw_first_mu: 0.5304218 
R_PriorDraw_first_nu: 24.58529 
R-CCU: Before ClusterLabelChange for i = 7 newLabel= 1 currentLabel= 1 
R-CCU: sum(pointsPerCluster) = 1806 
 num [1:3] 1800 5 1
NULL
R-CCU: After ClusterLabelChange for i = 7 
R-CCU: sum(pointsPerCluster) = 1807 
 num [1:3] 1801 5 1
NULL
R-CCU: dpObj$numberClusters = 3 
List of 2
 $ : num [1, 1, 1:3] 0.3597 0.7922 0.0869
 $ : num [1, 1, 1:3] 8.8 3.42 2.72
NULL
R priorParameters: 2 8 
R maxT: 1 
R_PriorDraw_first_mu: 0.2468542 
R_PriorDraw_first_nu: 1.592471 
R-CCU: Before ClusterLabelChange for i = 8 newLabel= 1 currentLabel= 1 
R-CCU: sum(pointsPerCluster) = 1807 
 num [1:3] 1801 5 1
NULL
R-CCU: After ClusterLabelChange for i = 8 
R-CCU: sum(pointsPerCluster) = 1808 
 num [1:3] 1802 5 1
NULL
R-CCU: dpObj$numberClusters = 3 
List of 2
 $ : num [1, 1, 1:3] 0.3597 0.7922 0.0869
 $ : num [1, 1, 1:3] 8.8 3.42 2.72
NULL
R priorParameters: 2 8 
R maxT: 1 
R_PriorDraw_first_mu: 0.8708804 
R_PriorDraw_first_nu: 7.678229 
R-CCU: Before ClusterLabelChange for i = 9 newLabel= 1 currentLabel= 1 
R-CCU: sum(pointsPerCluster) = 1808 
 num [1:3] 1802 5 1
NULL
R-CCU: After ClusterLabelChange for i = 9 
R-CCU: sum(pointsPerCluster) = 1809 
 num [1:3] 1803 5 1
NULL
R-CCU: dpObj$numberClusters = 3 
List of 2
 $ : num [1, 1, 1:3] 0.3597 0.7922 0.0869
 $ : num [1, 1, 1:3] 8.8 3.42 2.72
NULL
R priorParameters: 2 8 
R maxT: 1 
R_PriorDraw_first_mu: 0.1282203 
R_PriorDraw_first_nu: 10.04648 
R-CCU: Before ClusterLabelChange for i = 10 newLabel= 1 currentLabel= 1 
R-CCU: sum(pointsPerCluster) = 1809 
 num [1:3] 1803 5 1
NULL
R-CCU: After ClusterLabelChange for i = 10 
R-CCU: sum(pointsPerCluster) = 1810 
 num [1:3] 1804 5 1
NULL
R-CCU: dpObj$numberClusters = 3 
List of 2
 $ : num [1, 1, 1:3] 0.3597 0.7922 0.0869
 $ : num [1, 1, 1:3] 8.8 3.42 2.72
NULL
R priorParameters: 2 8 
R maxT: 1 
R_PriorDraw_first_mu: 0.06723162 
R_PriorDraw_first_nu: 3.988914 
R-CCU: Before ClusterLabelChange for i = 11 newLabel= 1 currentLabel= 1 
R-CCU: sum(pointsPerCluster) = 1810 
 num [1:3] 1804 5 1
NULL
R-CCU: After ClusterLabelChange for i = 11 
R-CCU: sum(pointsPerCluster) = 1811 
 num [1:3] 1805 5 1
NULL
R-CCU: dpObj$numberClusters = 3 
List of 2
 $ : num [1, 1, 1:3] 0.3597 0.7922 0.0869
 $ : num [1, 1, 1:3] 8.8 3.42 2.72
NULL
R priorParameters: 2 8 
R maxT: 1 
R_PriorDraw_first_mu: 0.5771323 
R_PriorDraw_first_nu: 8.38204 
R-CCU: Before ClusterLabelChange for i = 12 newLabel= 1 currentLabel= 1 
R-CCU: sum(pointsPerCluster) = 1811 
 num [1:3] 1805 5 1
NULL
R-CCU: After ClusterLabelChange for i = 12 
R-CCU: sum(pointsPerCluster) = 1812 
 num [1:3] 1806 5 1
NULL
R-CCU: dpObj$numberClusters = 3 
List of 2
 $ : num [1, 1, 1:3] 0.3597 0.7922 0.0869
 $ : num [1, 1, 1:3] 8.8 3.42 2.72
NULL
R priorParameters: 2 8 
R maxT: 1 
R_PriorDraw_first_mu: 0.2225903 
R_PriorDraw_first_nu: 14.58476 
R-CCU: Before ClusterLabelChange for i = 13 newLabel= 1 currentLabel= 1 
R-CCU: sum(pointsPerCluster) = 1812 
 num [1:3] 1806 5 1
NULL
R-CCU: After ClusterLabelChange for i = 13 
R-CCU: sum(pointsPerCluster) = 1813 
 num [1:3] 1807 5 1
NULL
R-CCU: dpObj$numberClusters = 3 
List of 2
 $ : num [1, 1, 1:3] 0.3597 0.7922 0.0869
 $ : num [1, 1, 1:3] 8.8 3.42 2.72
NULL
R priorParameters: 2 8 
R maxT: 1 
R_PriorDraw_first_mu: 0.1994243 
R_PriorDraw_first_nu: 5.853723 
R-CCU: Before ClusterLabelChange for i = 14 newLabel= 1 currentLabel= 1 
R-CCU: sum(pointsPerCluster) = 1813 
 num [1:3] 1807 5 1
NULL
R-CCU: After ClusterLabelChange for i = 14 
R-CCU: sum(pointsPerCluster) = 1814 
 num [1:3] 1808 5 1
NULL
R-CCU: dpObj$numberClusters = 3 
List of 2
 $ : num [1, 1, 1:3] 0.3597 0.7922 0.0869
 $ : num [1, 1, 1:3] 8.8 3.42 2.72
NULL
R priorParameters: 2 8 
R maxT: 1 
R_PriorDraw_first_mu: 0.2049521 
R_PriorDraw_first_nu: 23.69632 
R-CCU: Before ClusterLabelChange for i = 15 newLabel= 1 currentLabel= 1 
R-CCU: sum(pointsPerCluster) = 1814 
 num [1:3] 1808 5 1
NULL
R-CCU: After ClusterLabelChange for i = 15 
R-CCU: sum(pointsPerCluster) = 1815 
 num [1:3] 1809 5 1
NULL
R-CCU: dpObj$numberClusters = 3 
List of 2
 $ : num [1, 1, 1:3] 0.3597 0.7922 0.0869
 $ : num [1, 1, 1:3] 8.8 3.42 2.72
NULL
R priorParameters: 2 8 
R maxT: 1 
R_PriorDraw_first_mu: 0.4404837 
R_PriorDraw_first_nu: 8.21083 
R-CCU: Before ClusterLabelChange for i = 16 newLabel= 1 currentLabel= 1 
R-CCU: sum(pointsPerCluster) = 1815 
 num [1:3] 1809 5 1
NULL
R-CCU: After ClusterLabelChange for i = 16 
R-CCU: sum(pointsPerCluster) = 1816 
 num [1:3] 1810 5 1
NULL
R-CCU: dpObj$numberClusters = 3 
List of 2
 $ : num [1, 1, 1:3] 0.3597 0.7922 0.0869
 $ : num [1, 1, 1:3] 8.8 3.42 2.72
NULL
R priorParameters: 2 8 
R maxT: 1 
R_PriorDraw_first_mu: 0.3763819 
R_PriorDraw_first_nu: 16.17621 
R-CCU: Before ClusterLabelChange for i = 17 newLabel= 1 currentLabel= 1 
R-CCU: sum(pointsPerCluster) = 1816 
 num [1:3] 1810 5 1
NULL
R-CCU: After ClusterLabelChange for i = 17 
R-CCU: sum(pointsPerCluster) = 1817 
 num [1:3] 1811 5 1
NULL
R-CCU: dpObj$numberClusters = 3 
List of 2
 $ : num [1, 1, 1:3] 0.3597 0.7922 0.0869
 $ : num [1, 1, 1:3] 8.8 3.42 2.72
NULL
R priorParameters: 2 8 
R maxT: 1 
R_PriorDraw_first_mu: 0.6294454 
R_PriorDraw_first_nu: 6.617732 
R-CCU: Before ClusterLabelChange for i = 18 newLabel= 1 currentLabel= 1 
R-CCU: sum(pointsPerCluster) = 1817 
 num [1:3] 1811 5 1
NULL
R-CCU: After ClusterLabelChange for i = 18 
R-CCU: sum(pointsPerCluster) = 1818 
 num [1:3] 1812 5 1
NULL
R-CCU: dpObj$numberClusters = 3 
List of 2
 $ : num [1, 1, 1:3] 0.3597 0.7922 0.0869
 $ : num [1, 1, 1:3] 8.8 3.42 2.72
NULL
R priorParameters: 2 8 
R maxT: 1 
R_PriorDraw_first_mu: 0.1924016 
R_PriorDraw_first_nu: 3.005393 
R-CCU: Before ClusterLabelChange for i = 19 newLabel= 1 currentLabel= 1 
R-CCU: sum(pointsPerCluster) = 1818 
 num [1:3] 1812 5 1
NULL
R-CCU: After ClusterLabelChange for i = 19 
R-CCU: sum(pointsPerCluster) = 1819 
 num [1:3] 1813 5 1
NULL
R-CCU: dpObj$numberClusters = 3 
List of 2
 $ : num [1, 1, 1:3] 0.3597 0.7922 0.0869
 $ : num [1, 1, 1:3] 8.8 3.42 2.72
NULL
R priorParameters: 2 8 
R maxT: 1 
R_PriorDraw_first_mu: 0.9372466 
R_PriorDraw_first_nu: 4.044808 
R-CCU: Before ClusterLabelChange for i = 20 newLabel= 1 currentLabel= 1 
R-CCU: sum(pointsPerCluster) = 1819 
 num [1:3] 1813 5 1
NULL
R-CCU: After ClusterLabelChange for i = 20 
R-CCU: sum(pointsPerCluster) = 1820 
 num [1:3] 1814 5 1
NULL
R-CCU: dpObj$numberClusters = 3 
List of 2
 $ : num [1, 1, 1:3] 0.3597 0.7922 0.0869
 $ : num [1, 1, 1:3] 8.8 3.42 2.72
NULL
R priorParameters: 2 8 
R maxT: 1 
R_PriorDraw_first_mu: 0.8232309 
R_PriorDraw_first_nu: 11.21165 
R-CCU: Before ClusterLabelChange for i = 21 newLabel= 1 currentLabel= 1 
R-CCU: sum(pointsPerCluster) = 1820 
 num [1:3] 1814 5 1
NULL
R-CCU: After ClusterLabelChange for i = 21 
R-CCU: sum(pointsPerCluster) = 1821 
 num [1:3] 1815 5 1
NULL
R-CCU: dpObj$numberClusters = 3 
List of 2
 $ : num [1, 1, 1:3] 0.3597 0.7922 0.0869
 $ : num [1, 1, 1:3] 8.8 3.42 2.72
NULL
R priorParameters: 2 8 
R maxT: 1 
R_PriorDraw_first_mu: 0.1277857 
R_PriorDraw_first_nu: 7.85102 
R-CCU: Before ClusterLabelChange for i = 22 newLabel= 1 currentLabel= 1 
R-CCU: sum(pointsPerCluster) = 1821 
 num [1:3] 1815 5 1
NULL
R-CCU: After ClusterLabelChange for i = 22 
R-CCU: sum(pointsPerCluster) = 1822 
 num [1:3] 1816 5 1
NULL
R-CCU: dpObj$numberClusters = 3 
List of 2
 $ : num [1, 1, 1:3] 0.3597 0.7922 0.0869
 $ : num [1, 1, 1:3] 8.8 3.42 2.72
NULL
R priorParameters: 2 8 
R maxT: 1 
R_PriorDraw_first_mu: 0.6193727 
R_PriorDraw_first_nu: 4.85105 
R-CCU: Before ClusterLabelChange for i = 23 newLabel= 1 currentLabel= 1 
R-CCU: sum(pointsPerCluster) = 1822 
 num [1:3] 1816 5 1
NULL
R-CCU: After ClusterLabelChange for i = 23 
R-CCU: sum(pointsPerCluster) = 1823 
 num [1:3] 1817 5 1
NULL
R-CCU: dpObj$numberClusters = 3 
List of 2
 $ : num [1, 1, 1:3] 0.3597 0.7922 0.0869
 $ : num [1, 1, 1:3] 8.8 3.42 2.72
NULL
R priorParameters: 2 8 
R maxT: 1 
R_PriorDraw_first_mu: 0.340834 
R_PriorDraw_first_nu: 4.252021 
R-CCU: Before ClusterLabelChange for i = 24 newLabel= 1 currentLabel= 1 
R-CCU: sum(pointsPerCluster) = 1823 
 num [1:3] 1817 5 1
NULL
R-CCU: After ClusterLabelChange for i = 24 
R-CCU: sum(pointsPerCluster) = 1824 
 num [1:3] 1818 5 1
NULL
R-CCU: dpObj$numberClusters = 3 
List of 2
 $ : num [1, 1, 1:3] 0.3597 0.7922 0.0869
 $ : num [1, 1, 1:3] 8.8 3.42 2.72
NULL
R priorParameters: 2 8 
R maxT: 1 
R_PriorDraw_first_mu: 0.1663938 
R_PriorDraw_first_nu: 3.256342 
R-CCU: Before ClusterLabelChange for i = 25 newLabel= 1 currentLabel= 1 
R-CCU: sum(pointsPerCluster) = 1824 
 num [1:3] 1818 5 1
NULL
R-CCU: After ClusterLabelChange for i = 25 
R-CCU: sum(pointsPerCluster) = 1825 
 num [1:3] 1819 5 1
NULL
R-CCU: dpObj$numberClusters = 3 
List of 2
 $ : num [1, 1, 1:3] 0.3597 0.7922 0.0869
 $ : num [1, 1, 1:3] 8.8 3.42 2.72
NULL
R priorParameters: 2 8 
R maxT: 1 
R_PriorDraw_first_mu: 0.5720251 
R_PriorDraw_first_nu: 33.86701 
R-CCU: Before ClusterLabelChange for i = 26 newLabel= 1 currentLabel= 1 
R-CCU: sum(pointsPerCluster) = 1825 
 num [1:3] 1819 5 1
NULL
R-CCU: After ClusterLabelChange for i = 26 
R-CCU: sum(pointsPerCluster) = 1826 
 num [1:3] 1820 5 1
NULL
R-CCU: dpObj$numberClusters = 3 
List of 2
 $ : num [1, 1, 1:3] 0.3597 0.7922 0.0869
 $ : num [1, 1, 1:3] 8.8 3.42 2.72
NULL
R priorParameters: 2 8 
R maxT: 1 
R_PriorDraw_first_mu: 0.6576762 
R_PriorDraw_first_nu: 3.025641 
R-CCU: Before ClusterLabelChange for i = 27 newLabel= 1 currentLabel= 1 
R-CCU: sum(pointsPerCluster) = 1826 
 num [1:3] 1820 5 1
NULL
R-CCU: After ClusterLabelChange for i = 27 
R-CCU: sum(pointsPerCluster) = 1827 
 num [1:3] 1821 5 1
NULL
R-CCU: dpObj$numberClusters = 3 
List of 2
 $ : num [1, 1, 1:3] 0.3597 0.7922 0.0869
 $ : num [1, 1, 1:3] 8.8 3.42 2.72
NULL
R priorParameters: 2 8 
R maxT: 1 
R_PriorDraw_first_mu: 0.9124841 
R_PriorDraw_first_nu: 8.300266 
R-CCU: Before ClusterLabelChange for i = 28 newLabel= 1 currentLabel= 1 
R-CCU: sum(pointsPerCluster) = 1827 
 num [1:3] 1821 5 1
NULL
R-CCU: After ClusterLabelChange for i = 28 
R-CCU: sum(pointsPerCluster) = 1828 
 num [1:3] 1822 5 1
NULL
R-CCU: dpObj$numberClusters = 3 
List of 2
 $ : num [1, 1, 1:3] 0.3597 0.7922 0.0869
 $ : num [1, 1, 1:3] 8.8 3.42 2.72
NULL
R priorParameters: 2 8 
R maxT: 1 
R_PriorDraw_first_mu: 0.1895317 
R_PriorDraw_first_nu: 8.672783 
R-CCU: Before ClusterLabelChange for i = 29 newLabel= 1 currentLabel= 1 
R-CCU: sum(pointsPerCluster) = 1828 
 num [1:3] 1822 5 1
NULL
R-CCU: After ClusterLabelChange for i = 29 
R-CCU: sum(pointsPerCluster) = 1829 
 num [1:3] 1823 5 1
NULL
R-CCU: dpObj$numberClusters = 3 
List of 2
 $ : num [1, 1, 1:3] 0.3597 0.7922 0.0869
 $ : num [1, 1, 1:3] 8.8 3.42 2.72
NULL
R priorParameters: 2 8 
R maxT: 1 
R_PriorDraw_first_mu: 0.9599485 
R_PriorDraw_first_nu: 4.709358 
R-CCU: Before ClusterLabelChange for i = 30 newLabel= 1 currentLabel= 1 
R-CCU: sum(pointsPerCluster) = 1829 
 num [1:3] 1823 5 1
NULL
R-CCU: After ClusterLabelChange for i = 30 
R-CCU: sum(pointsPerCluster) = 1830 
 num [1:3] 1824 5 1
NULL
R-CCU: dpObj$numberClusters = 3 
List of 2
 $ : num [1, 1, 1:3] 0.3597 0.7922 0.0869
 $ : num [1, 1, 1:3] 8.8 3.42 2.72
NULL
R priorParameters: 2 8 
R maxT: 1 
R_PriorDraw_first_mu: 0.4567492 
R_PriorDraw_first_nu: 7.667866 
R-CCU: Before ClusterLabelChange for i = 31 newLabel= 1 currentLabel= 1 
R-CCU: sum(pointsPerCluster) = 1830 
 num [1:3] 1824 5 1
NULL
R-CCU: After ClusterLabelChange for i = 31 
R-CCU: sum(pointsPerCluster) = 1831 
 num [1:3] 1825 5 1
NULL
R-CCU: dpObj$numberClusters = 3 
List of 2
 $ : num [1, 1, 1:3] 0.3597 0.7922 0.0869
 $ : num [1, 1, 1:3] 8.8 3.42 2.72
NULL
R priorParameters: 2 8 
R maxT: 1 
R_PriorDraw_first_mu: 0.109117 
R_PriorDraw_first_nu: 5.143812 
R-CCU: Before ClusterLabelChange for i = 32 newLabel= 1 currentLabel= 1 
R-CCU: sum(pointsPerCluster) = 1831 
 num [1:3] 1825 5 1
NULL
R-CCU: After ClusterLabelChange for i = 32 
R-CCU: sum(pointsPerCluster) = 1832 
 num [1:3] 1826 5 1
NULL
R-CCU: dpObj$numberClusters = 3 
List of 2
 $ : num [1, 1, 1:3] 0.3597 0.7922 0.0869
 $ : num [1, 1, 1:3] 8.8 3.42 2.72
NULL
R priorParameters: 2 8 
R maxT: 1 
R_PriorDraw_first_mu: 0.2945681 
R_PriorDraw_first_nu: 5.362461 
R-CCU: Before ClusterLabelChange for i = 33 newLabel= 1 currentLabel= 1 
R-CCU: sum(pointsPerCluster) = 1832 
 num [1:3] 1826 5 1
NULL
R-CCU: After ClusterLabelChange for i = 33 
R-CCU: sum(pointsPerCluster) = 1833 
 num [1:3] 1827 5 1
NULL
R-CCU: dpObj$numberClusters = 3 
List of 2
 $ : num [1, 1, 1:3] 0.3597 0.7922 0.0869
 $ : num [1, 1, 1:3] 8.8 3.42 2.72
NULL
R priorParameters: 2 8 
R maxT: 1 
R_PriorDraw_first_mu: 0.2092697 
R_PriorDraw_first_nu: 9.211122 
R-CCU: Before ClusterLabelChange for i = 34 newLabel= 1 currentLabel= 1 
R-CCU: sum(pointsPerCluster) = 1833 
 num [1:3] 1827 5 1
NULL
R-CCU: After ClusterLabelChange for i = 34 
R-CCU: sum(pointsPerCluster) = 1834 
 num [1:3] 1828 5 1
NULL
R-CCU: dpObj$numberClusters = 3 
List of 2
 $ : num [1, 1, 1:3] 0.3597 0.7922 0.0869
 $ : num [1, 1, 1:3] 8.8 3.42 2.72
NULL
R priorParameters: 2 8 
R maxT: 1 
R_PriorDraw_first_mu: 0.7853012 
R_PriorDraw_first_nu: 8.81218 
R-CCU: Before ClusterLabelChange for i = 35 newLabel= 1 currentLabel= 1 
R-CCU: sum(pointsPerCluster) = 1834 
 num [1:3] 1828 5 1
NULL
R-CCU: After ClusterLabelChange for i = 35 
R-CCU: sum(pointsPerCluster) = 1835 
 num [1:3] 1829 5 1
NULL
R-CCU: dpObj$numberClusters = 3 
List of 2
 $ : num [1, 1, 1:3] 0.3597 0.7922 0.0869
 $ : num [1, 1, 1:3] 8.8 3.42 2.72
NULL
R priorParameters: 2 8 
R maxT: 1 
R_PriorDraw_first_mu: 0.4277892 
R_PriorDraw_first_nu: 3.480414 
R-CCU: Before ClusterLabelChange for i = 36 newLabel= 1 currentLabel= 1 
R-CCU: sum(pointsPerCluster) = 1835 
 num [1:3] 1829 5 1
NULL
R-CCU: After ClusterLabelChange for i = 36 
R-CCU: sum(pointsPerCluster) = 1836 
 num [1:3] 1830 5 1
NULL
R-CCU: dpObj$numberClusters = 3 
List of 2
 $ : num [1, 1, 1:3] 0.3597 0.7922 0.0869
 $ : num [1, 1, 1:3] 8.8 3.42 2.72
NULL
R priorParameters: 2 8 
R maxT: 1 
R_PriorDraw_first_mu: 0.5715838 
R_PriorDraw_first_nu: 8.377415 
R-CCU: Before ClusterLabelChange for i = 37 newLabel= 1 currentLabel= 1 
R-CCU: sum(pointsPerCluster) = 1836 
 num [1:3] 1830 5 1
NULL
R-CCU: After ClusterLabelChange for i = 37 
R-CCU: sum(pointsPerCluster) = 1837 
 num [1:3] 1831 5 1
NULL
R-CCU: dpObj$numberClusters = 3 
List of 2
 $ : num [1, 1, 1:3] 0.3597 0.7922 0.0869
 $ : num [1, 1, 1:3] 8.8 3.42 2.72
NULL
R priorParameters: 2 8 
R maxT: 1 
R_PriorDraw_first_mu: 0.9705834 
R_PriorDraw_first_nu: 42.37389 
R-CCU: Before ClusterLabelChange for i = 38 newLabel= 1 currentLabel= 1 
R-CCU: sum(pointsPerCluster) = 1837 
 num [1:3] 1831 5 1
NULL
R-CCU: After ClusterLabelChange for i = 38 
R-CCU: sum(pointsPerCluster) = 1838 
 num [1:3] 1832 5 1
NULL
R-CCU: dpObj$numberClusters = 3 
List of 2
 $ : num [1, 1, 1:3] 0.3597 0.7922 0.0869
 $ : num [1, 1, 1:3] 8.8 3.42 2.72
NULL
R priorParameters: 2 8 
R maxT: 1 
R_PriorDraw_first_mu: 0.2009653 
R_PriorDraw_first_nu: 1.987569 
R-CCU: Before ClusterLabelChange for i = 39 newLabel= 1 currentLabel= 1 
R-CCU: sum(pointsPerCluster) = 1838 
 num [1:3] 1832 5 1
NULL
R-CCU: After ClusterLabelChange for i = 39 
R-CCU: sum(pointsPerCluster) = 1839 
 num [1:3] 1833 5 1
NULL
R-CCU: dpObj$numberClusters = 3 
List of 2
 $ : num [1, 1, 1:3] 0.3597 0.7922 0.0869
 $ : num [1, 1, 1:3] 8.8 3.42 2.72
NULL
R priorParameters: 2 8 
R maxT: 1 
R_PriorDraw_first_mu: 0.07550412 
R_PriorDraw_first_nu: 8.840738 
R-CCU: Before ClusterLabelChange for i = 40 newLabel= 1 currentLabel= 1 
R-CCU: sum(pointsPerCluster) = 1839 
 num [1:3] 1833 5 1
NULL
R-CCU: After ClusterLabelChange for i = 40 
R-CCU: sum(pointsPerCluster) = 1840 
 num [1:3] 1834 5 1
NULL
R-CCU: dpObj$numberClusters = 3 
List of 2
 $ : num [1, 1, 1:3] 0.3597 0.7922 0.0869
 $ : num [1, 1, 1:3] 8.8 3.42 2.72
NULL
R priorParameters: 2 8 
R maxT: 1 
R_PriorDraw_first_mu: 0.2393002 
R_PriorDraw_first_nu: 17.7909 
R-CCU: Before ClusterLabelChange for i = 41 newLabel= 1 currentLabel= 1 
R-CCU: sum(pointsPerCluster) = 1840 
 num [1:3] 1834 5 1
NULL
R-CCU: After ClusterLabelChange for i = 41 
R-CCU: sum(pointsPerCluster) = 1841 
 num [1:3] 1835 5 1
NULL
R-CCU: dpObj$numberClusters = 3 
List of 2
 $ : num [1, 1, 1:3] 0.3597 0.7922 0.0869
 $ : num [1, 1, 1:3] 8.8 3.42 2.72
NULL
R priorParameters: 2 8 
R maxT: 1 
R_PriorDraw_first_mu: 0.1621388 
R_PriorDraw_first_nu: 4.868014 
R-CCU: Before ClusterLabelChange for i = 42 newLabel= 1 currentLabel= 1 
R-CCU: sum(pointsPerCluster) = 1841 
 num [1:3] 1835 5 1
NULL
R-CCU: After ClusterLabelChange for i = 42 
R-CCU: sum(pointsPerCluster) = 1842 
 num [1:3] 1836 5 1
NULL
R-CCU: dpObj$numberClusters = 3 
List of 2
 $ : num [1, 1, 1:3] 0.3597 0.7922 0.0869
 $ : num [1, 1, 1:3] 8.8 3.42 2.72
NULL
R priorParameters: 2 8 
R maxT: 1 
R_PriorDraw_first_mu: 0.926326 
R_PriorDraw_first_nu: 11.23873 
R-CCU: Before ClusterLabelChange for i = 43 newLabel= 1 currentLabel= 1 
R-CCU: sum(pointsPerCluster) = 1842 
 num [1:3] 1836 5 1
NULL
R-CCU: After ClusterLabelChange for i = 43 
R-CCU: sum(pointsPerCluster) = 1843 
 num [1:3] 1837 5 1
NULL
R-CCU: dpObj$numberClusters = 3 
List of 2
 $ : num [1, 1, 1:3] 0.3597 0.7922 0.0869
 $ : num [1, 1, 1:3] 8.8 3.42 2.72
NULL
R priorParameters: 2 8 
R maxT: 1 
R_PriorDraw_first_mu: 0.6340626 
R_PriorDraw_first_nu: 3.823784 
R-CCU: Before ClusterLabelChange for i = 44 newLabel= 1 currentLabel= 1 
R-CCU: sum(pointsPerCluster) = 1843 
 num [1:3] 1837 5 1
NULL
R-CCU: After ClusterLabelChange for i = 44 
R-CCU: sum(pointsPerCluster) = 1844 
 num [1:3] 1838 5 1
NULL
R-CCU: dpObj$numberClusters = 3 
List of 2
 $ : num [1, 1, 1:3] 0.3597 0.7922 0.0869
 $ : num [1, 1, 1:3] 8.8 3.42 2.72
NULL
R priorParameters: 2 8 
R maxT: 1 
R_PriorDraw_first_mu: 0.3763821 
R_PriorDraw_first_nu: 5.606736 
R-CCU: Before ClusterLabelChange for i = 45 newLabel= 1 currentLabel= 1 
R-CCU: sum(pointsPerCluster) = 1844 
 num [1:3] 1838 5 1
NULL
R-CCU: After ClusterLabelChange for i = 45 
R-CCU: sum(pointsPerCluster) = 1845 
 num [1:3] 1839 5 1
NULL
R-CCU: dpObj$numberClusters = 3 
List of 2
 $ : num [1, 1, 1:3] 0.3597 0.7922 0.0869
 $ : num [1, 1, 1:3] 8.8 3.42 2.72
NULL
R priorParameters: 2 8 
R maxT: 1 
R_PriorDraw_first_mu: 0.7400937 
R_PriorDraw_first_nu: 1.73432 
R-CCU: Before ClusterLabelChange for i = 46 newLabel= 1 currentLabel= 1 
R-CCU: sum(pointsPerCluster) = 1845 
 num [1:3] 1839 5 1
NULL
R-CCU: After ClusterLabelChange for i = 46 
R-CCU: sum(pointsPerCluster) = 1846 
 num [1:3] 1840 5 1
NULL
R-CCU: dpObj$numberClusters = 3 
List of 2
 $ : num [1, 1, 1:3] 0.3597 0.7922 0.0869
 $ : num [1, 1, 1:3] 8.8 3.42 2.72
NULL
R priorParameters: 2 8 
R maxT: 1 
R_PriorDraw_first_mu: 0.2115934 
R_PriorDraw_first_nu: 0.9354928 
R-CCU: Before ClusterLabelChange for i = 47 newLabel= 1 currentLabel= 1 
R-CCU: sum(pointsPerCluster) = 1846 
 num [1:3] 1840 5 1
NULL
R-CCU: After ClusterLabelChange for i = 47 
R-CCU: sum(pointsPerCluster) = 1847 
 num [1:3] 1841 5 1
NULL
R-CCU: dpObj$numberClusters = 3 
List of 2
 $ : num [1, 1, 1:3] 0.3597 0.7922 0.0869
 $ : num [1, 1, 1:3] 8.8 3.42 2.72
NULL
R priorParameters: 2 8 
R maxT: 1 
R_PriorDraw_first_mu: 0.5712866 
R_PriorDraw_first_nu: 4.621985 
R-CCU: Before ClusterLabelChange for i = 48 newLabel= 1 currentLabel= 1 
R-CCU: sum(pointsPerCluster) = 1847 
 num [1:3] 1841 5 1
NULL
R-CCU: After ClusterLabelChange for i = 48 
R-CCU: sum(pointsPerCluster) = 1848 
 num [1:3] 1842 5 1
NULL
R-CCU: dpObj$numberClusters = 3 
List of 2
 $ : num [1, 1, 1:3] 0.3597 0.7922 0.0869
 $ : num [1, 1, 1:3] 8.8 3.42 2.72
NULL
R priorParameters: 2 8 
R maxT: 1 
R_PriorDraw_first_mu: 0.6789242 
R_PriorDraw_first_nu: 3.351456 
R-CCU: Before ClusterLabelChange for i = 49 newLabel= 1 currentLabel= 1 
R-CCU: sum(pointsPerCluster) = 1848 
 num [1:3] 1842 5 1
NULL
R-CCU: After ClusterLabelChange for i = 49 
R-CCU: sum(pointsPerCluster) = 1849 
 num [1:3] 1843 5 1
NULL
R-CCU: dpObj$numberClusters = 3 
List of 2
 $ : num [1, 1, 1:3] 0.3597 0.7922 0.0869
 $ : num [1, 1, 1:3] 8.8 3.42 2.72
NULL
R priorParameters: 2 8 
R maxT: 1 
R_PriorDraw_first_mu: 0.6125276 
R_PriorDraw_first_nu: 2.901539 
R-CCU: Before ClusterLabelChange for i = 50 newLabel= 1 currentLabel= 1 
R-CCU: sum(pointsPerCluster) = 1849 
 num [1:3] 1843 5 1
NULL
R-CCU: After ClusterLabelChange for i = 50 
R-CCU: sum(pointsPerCluster) = 1850 
 num [1:3] 1844 5 1
NULL
R-CCU: dpObj$numberClusters = 3 
List of 2
 $ : num [1, 1, 1:3] 0.3597 0.7922 0.0869
 $ : num [1, 1, 1:3] 8.8 3.42 2.72
NULL
R priorParameters: 2 8 
R maxT: 1 
R_PriorDraw_first_mu: 0.2329659 
R_PriorDraw_first_nu: 10.96802 
R-CCU: Before ClusterLabelChange for i = 51 newLabel= 1 currentLabel= 1 
R-CCU: sum(pointsPerCluster) = 1850 
 num [1:3] 1844 5 1
NULL
R-CCU: After ClusterLabelChange for i = 51 
R-CCU: sum(pointsPerCluster) = 1851 
 num [1:3] 1845 5 1
NULL
R-CCU: dpObj$numberClusters = 3 
List of 2
 $ : num [1, 1, 1:3] 0.3597 0.7922 0.0869
 $ : num [1, 1, 1:3] 8.8 3.42 2.72
NULL
R priorParameters: 2 8 
R maxT: 1 
R_PriorDraw_first_mu: 0.4077873 
R_PriorDraw_first_nu: 2.480679 
R-CCU: Before ClusterLabelChange for i = 52 newLabel= 1 currentLabel= 1 
R-CCU: sum(pointsPerCluster) = 1851 
 num [1:3] 1845 5 1
NULL
R-CCU: After ClusterLabelChange for i = 52 
R-CCU: sum(pointsPerCluster) = 1852 
 num [1:3] 1846 5 1
NULL
R-CCU: dpObj$numberClusters = 3 
List of 2
 $ : num [1, 1, 1:3] 0.3597 0.7922 0.0869
 $ : num [1, 1, 1:3] 8.8 3.42 2.72
NULL
R priorParameters: 2 8 
R maxT: 1 
R_PriorDraw_first_mu: 0.6291771 
R_PriorDraw_first_nu: 6.435505 
R-CCU: Before ClusterLabelChange for i = 53 newLabel= 1 currentLabel= 1 
R-CCU: sum(pointsPerCluster) = 1852 
 num [1:3] 1846 5 1
NULL
R-CCU: After ClusterLabelChange for i = 53 
R-CCU: sum(pointsPerCluster) = 1853 
 num [1:3] 1847 5 1
NULL
R-CCU: dpObj$numberClusters = 3 
List of 2
 $ : num [1, 1, 1:3] 0.3597 0.7922 0.0869
 $ : num [1, 1, 1:3] 8.8 3.42 2.72
NULL
R priorParameters: 2 8 
R maxT: 1 
R_PriorDraw_first_mu: 0.1754505 
R_PriorDraw_first_nu: 27.56032 
R-CCU: Before ClusterLabelChange for i = 54 newLabel= 1 currentLabel= 1 
R-CCU: sum(pointsPerCluster) = 1853 
 num [1:3] 1847 5 1
NULL
R-CCU: After ClusterLabelChange for i = 54 
R-CCU: sum(pointsPerCluster) = 1854 
 num [1:3] 1848 5 1
NULL
R-CCU: dpObj$numberClusters = 3 
List of 2
 $ : num [1, 1, 1:3] 0.3597 0.7922 0.0869
 $ : num [1, 1, 1:3] 8.8 3.42 2.72
NULL
R priorParameters: 2 8 
R maxT: 1 
R_PriorDraw_first_mu: 0.06598279 
R_PriorDraw_first_nu: 18.75187 
R-CCU: Before ClusterLabelChange for i = 55 newLabel= 1 currentLabel= 1 
R-CCU: sum(pointsPerCluster) = 1854 
 num [1:3] 1848 5 1
NULL
R-CCU: After ClusterLabelChange for i = 55 
R-CCU: sum(pointsPerCluster) = 1855 
 num [1:3] 1849 5 1
NULL
R-CCU: dpObj$numberClusters = 3 
List of 2
 $ : num [1, 1, 1:3] 0.3597 0.7922 0.0869
 $ : num [1, 1, 1:3] 8.8 3.42 2.72
NULL
R priorParameters: 2 8 
R maxT: 1 
R_PriorDraw_first_mu: 0.2174721 
R_PriorDraw_first_nu: 4.122202 
R-CCU: Before ClusterLabelChange for i = 56 newLabel= 1 currentLabel= 1 
R-CCU: sum(pointsPerCluster) = 1855 
 num [1:3] 1849 5 1
NULL
R-CCU: After ClusterLabelChange for i = 56 
R-CCU: sum(pointsPerCluster) = 1856 
 num [1:3] 1850 5 1
NULL
R-CCU: dpObj$numberClusters = 3 
List of 2
 $ : num [1, 1, 1:3] 0.3597 0.7922 0.0869
 $ : num [1, 1, 1:3] 8.8 3.42 2.72
NULL
R priorParameters: 2 8 
R maxT: 1 
R_PriorDraw_first_mu: 0.2682899 
R_PriorDraw_first_nu: 4.183502 
R-CCU: Before ClusterLabelChange for i = 57 newLabel= 1 currentLabel= 1 
R-CCU: sum(pointsPerCluster) = 1856 
 num [1:3] 1850 5 1
NULL
R-CCU: After ClusterLabelChange for i = 57 
R-CCU: sum(pointsPerCluster) = 1857 
 num [1:3] 1851 5 1
NULL
R-CCU: dpObj$numberClusters = 3 
List of 2
 $ : num [1, 1, 1:3] 0.3597 0.7922 0.0869
 $ : num [1, 1, 1:3] 8.8 3.42 2.72
NULL
R priorParameters: 2 8 
R maxT: 1 
R_PriorDraw_first_mu: 0.8710495 
R_PriorDraw_first_nu: 4.74566 
R-CCU: Before ClusterLabelChange for i = 58 newLabel= 1 currentLabel= 1 
R-CCU: sum(pointsPerCluster) = 1857 
 num [1:3] 1851 5 1
NULL
R-CCU: After ClusterLabelChange for i = 58 
R-CCU: sum(pointsPerCluster) = 1858 
 num [1:3] 1852 5 1
NULL
R-CCU: dpObj$numberClusters = 3 
List of 2
 $ : num [1, 1, 1:3] 0.3597 0.7922 0.0869
 $ : num [1, 1, 1:3] 8.8 3.42 2.72
NULL
R priorParameters: 2 8 
R maxT: 1 
R_PriorDraw_first_mu: 0.5749305 
R_PriorDraw_first_nu: 5.608155 
R-CCU: Before ClusterLabelChange for i = 59 newLabel= 1 currentLabel= 1 
R-CCU: sum(pointsPerCluster) = 1858 
 num [1:3] 1852 5 1
NULL
R-CCU: After ClusterLabelChange for i = 59 
R-CCU: sum(pointsPerCluster) = 1859 
 num [1:3] 1853 5 1
NULL
R-CCU: dpObj$numberClusters = 3 
List of 2
 $ : num [1, 1, 1:3] 0.3597 0.7922 0.0869
 $ : num [1, 1, 1:3] 8.8 3.42 2.72
NULL
R priorParameters: 2 8 
R maxT: 1 
R_PriorDraw_first_mu: 0.1948193 
R_PriorDraw_first_nu: 2.597605 
R-CCU: Before ClusterLabelChange for i = 60 newLabel= 1 currentLabel= 1 
R-CCU: sum(pointsPerCluster) = 1859 
 num [1:3] 1853 5 1
NULL
R-CCU: After ClusterLabelChange for i = 60 
R-CCU: sum(pointsPerCluster) = 1860 
 num [1:3] 1854 5 1
NULL
R-CCU: dpObj$numberClusters = 3 
List of 2
 $ : num [1, 1, 1:3] 0.3597 0.7922 0.0869
 $ : num [1, 1, 1:3] 8.8 3.42 2.72
NULL
R priorParameters: 2 8 
R maxT: 1 
R_PriorDraw_first_mu: 0.4889681 
R_PriorDraw_first_nu: 24.42943 
R-CCU: Before ClusterLabelChange for i = 61 newLabel= 1 currentLabel= 1 
R-CCU: sum(pointsPerCluster) = 1860 
 num [1:3] 1854 5 1
NULL
R-CCU: After ClusterLabelChange for i = 61 
R-CCU: sum(pointsPerCluster) = 1861 
 num [1:3] 1855 5 1
NULL
R-CCU: dpObj$numberClusters = 3 
List of 2
 $ : num [1, 1, 1:3] 0.3597 0.7922 0.0869
 $ : num [1, 1, 1:3] 8.8 3.42 2.72
NULL
R priorParameters: 2 8 
R maxT: 1 
R_PriorDraw_first_mu: 0.9058616 
R_PriorDraw_first_nu: 71.47918 
R-CCU: Before ClusterLabelChange for i = 62 newLabel= 1 currentLabel= 1 
R-CCU: sum(pointsPerCluster) = 1861 
 num [1:3] 1855 5 1
NULL
R-CCU: After ClusterLabelChange for i = 62 
R-CCU: sum(pointsPerCluster) = 1862 
 num [1:3] 1856 5 1
NULL
R-CCU: dpObj$numberClusters = 3 
List of 2
 $ : num [1, 1, 1:3] 0.3597 0.7922 0.0869
 $ : num [1, 1, 1:3] 8.8 3.42 2.72
NULL
R priorParameters: 2 8 
R maxT: 1 
R_PriorDraw_first_mu: 0.832757 
R_PriorDraw_first_nu: 7.787175 
R-CCU: Before ClusterLabelChange for i = 63 newLabel= 1 currentLabel= 1 
R-CCU: sum(pointsPerCluster) = 1862 
 num [1:3] 1856 5 1
NULL
R-CCU: After ClusterLabelChange for i = 63 
R-CCU: sum(pointsPerCluster) = 1863 
 num [1:3] 1857 5 1
NULL
R-CCU: dpObj$numberClusters = 3 
List of 2
 $ : num [1, 1, 1:3] 0.3597 0.7922 0.0869
 $ : num [1, 1, 1:3] 8.8 3.42 2.72
NULL
R priorParameters: 2 8 
R maxT: 1 
R_PriorDraw_first_mu: 0.8085777 
R_PriorDraw_first_nu: 2.105768 
R-CCU: Before ClusterLabelChange for i = 64 newLabel= 1 currentLabel= 1 
R-CCU: sum(pointsPerCluster) = 1863 
 num [1:3] 1857 5 1
NULL
R-CCU: After ClusterLabelChange for i = 64 
R-CCU: sum(pointsPerCluster) = 1864 
 num [1:3] 1858 5 1
NULL
R-CCU: dpObj$numberClusters = 3 
List of 2
 $ : num [1, 1, 1:3] 0.3597 0.7922 0.0869
 $ : num [1, 1, 1:3] 8.8 3.42 2.72
NULL
R priorParameters: 2 8 
R maxT: 1 
R_PriorDraw_first_mu: 0.5689383 
R_PriorDraw_first_nu: 2.508391 
R-CCU: Before ClusterLabelChange for i = 65 newLabel= 1 currentLabel= 1 
R-CCU: sum(pointsPerCluster) = 1864 
 num [1:3] 1858 5 1
NULL
R-CCU: After ClusterLabelChange for i = 65 
R-CCU: sum(pointsPerCluster) = 1865 
 num [1:3] 1859 5 1
NULL
R-CCU: dpObj$numberClusters = 3 
List of 2
 $ : num [1, 1, 1:3] 0.3597 0.7922 0.0869
 $ : num [1, 1, 1:3] 8.8 3.42 2.72
NULL
R priorParameters: 2 8 
R maxT: 1 
R_PriorDraw_first_mu: 0.7310775 
R_PriorDraw_first_nu: 18.37929 
R-CCU: Before ClusterLabelChange for i = 66 newLabel= 1 currentLabel= 1 
R-CCU: sum(pointsPerCluster) = 1865 
 num [1:3] 1859 5 1
NULL
R-CCU: After ClusterLabelChange for i = 66 
R-CCU: sum(pointsPerCluster) = 1866 
 num [1:3] 1860 5 1
NULL
R-CCU: dpObj$numberClusters = 3 
List of 2
 $ : num [1, 1, 1:3] 0.3597 0.7922 0.0869
 $ : num [1, 1, 1:3] 8.8 3.42 2.72
NULL
R priorParameters: 2 8 
R maxT: 1 
R_PriorDraw_first_mu: 0.5373838 
R_PriorDraw_first_nu: 6.302975 
R-CCU: Before ClusterLabelChange for i = 67 newLabel= 1 currentLabel= 1 
R-CCU: sum(pointsPerCluster) = 1866 
 num [1:3] 1860 5 1
NULL
R-CCU: After ClusterLabelChange for i = 67 
R-CCU: sum(pointsPerCluster) = 1867 
 num [1:3] 1861 5 1
NULL
R-CCU: dpObj$numberClusters = 3 
List of 2
 $ : num [1, 1, 1:3] 0.3597 0.7922 0.0869
 $ : num [1, 1, 1:3] 8.8 3.42 2.72
NULL
R priorParameters: 2 8 
R maxT: 1 
R_PriorDraw_first_mu: 0.8102738 
R_PriorDraw_first_nu: 3.191242 
R-CCU: Before ClusterLabelChange for i = 68 newLabel= 1 currentLabel= 1 
R-CCU: sum(pointsPerCluster) = 1867 
 num [1:3] 1861 5 1
NULL
R-CCU: After ClusterLabelChange for i = 68 
R-CCU: sum(pointsPerCluster) = 1868 
 num [1:3] 1862 5 1
NULL
R-CCU: dpObj$numberClusters = 3 
List of 2
 $ : num [1, 1, 1:3] 0.3597 0.7922 0.0869
 $ : num [1, 1, 1:3] 8.8 3.42 2.72
NULL
R priorParameters: 2 8 
R maxT: 1 
R_PriorDraw_first_mu: 0.5836171 
R_PriorDraw_first_nu: 2.660394 
R-CCU: Before ClusterLabelChange for i = 69 newLabel= 1 currentLabel= 1 
R-CCU: sum(pointsPerCluster) = 1868 
 num [1:3] 1862 5 1
NULL
R-CCU: After ClusterLabelChange for i = 69 
R-CCU: sum(pointsPerCluster) = 1869 
 num [1:3] 1863 5 1
NULL
R-CCU: dpObj$numberClusters = 3 
List of 2
 $ : num [1, 1, 1:3] 0.3597 0.7922 0.0869
 $ : num [1, 1, 1:3] 8.8 3.42 2.72
NULL
R priorParameters: 2 8 
R maxT: 1 
R_PriorDraw_first_mu: 0.1373896 
R_PriorDraw_first_nu: 2.252991 
R-CCU: Before ClusterLabelChange for i = 70 newLabel= 1 currentLabel= 1 
R-CCU: sum(pointsPerCluster) = 1869 
 num [1:3] 1863 5 1
NULL
R-CCU: After ClusterLabelChange for i = 70 
R-CCU: sum(pointsPerCluster) = 1870 
 num [1:3] 1864 5 1
NULL
R-CCU: dpObj$numberClusters = 3 
List of 2
 $ : num [1, 1, 1:3] 0.3597 0.7922 0.0869
 $ : num [1, 1, 1:3] 8.8 3.42 2.72
NULL
R priorParameters: 2 8 
R maxT: 1 
R_PriorDraw_first_mu: 0.8702885 
R_PriorDraw_first_nu: 2.313979 
R-CCU: Before ClusterLabelChange for i = 71 newLabel= 1 currentLabel= 1 
R-CCU: sum(pointsPerCluster) = 1870 
 num [1:3] 1864 5 1
NULL
R-CCU: After ClusterLabelChange for i = 71 
R-CCU: sum(pointsPerCluster) = 1871 
 num [1:3] 1865 5 1
NULL
R-CCU: dpObj$numberClusters = 3 
List of 2
 $ : num [1, 1, 1:3] 0.3597 0.7922 0.0869
 $ : num [1, 1, 1:3] 8.8 3.42 2.72
NULL
R priorParameters: 2 8 
R maxT: 1 
R_PriorDraw_first_mu: 0.4266878 
R_PriorDraw_first_nu: 10.24421 
R-CCU: Before ClusterLabelChange for i = 72 newLabel= 1 currentLabel= 1 
R-CCU: sum(pointsPerCluster) = 1871 
 num [1:3] 1865 5 1
NULL
R-CCU: After ClusterLabelChange for i = 72 
R-CCU: sum(pointsPerCluster) = 1872 
 num [1:3] 1866 5 1
NULL
R-CCU: dpObj$numberClusters = 3 
List of 2
 $ : num [1, 1, 1:3] 0.3597 0.7922 0.0869
 $ : num [1, 1, 1:3] 8.8 3.42 2.72
NULL
R priorParameters: 2 8 
R maxT: 1 
R_PriorDraw_first_mu: 0.5966124 
R_PriorDraw_first_nu: 2.977035 
R-CCU: Before ClusterLabelChange for i = 73 newLabel= 1 currentLabel= 1 
R-CCU: sum(pointsPerCluster) = 1872 
 num [1:3] 1866 5 1
NULL
R-CCU: After ClusterLabelChange for i = 73 
R-CCU: sum(pointsPerCluster) = 1873 
 num [1:3] 1867 5 1
NULL
R-CCU: dpObj$numberClusters = 3 
List of 2
 $ : num [1, 1, 1:3] 0.3597 0.7922 0.0869
 $ : num [1, 1, 1:3] 8.8 3.42 2.72
NULL
R priorParameters: 2 8 
R maxT: 1 
R_PriorDraw_first_mu: 0.3102142 
R_PriorDraw_first_nu: 4.367811 
R-CCU: Before ClusterLabelChange for i = 74 newLabel= 1 currentLabel= 1 
R-CCU: sum(pointsPerCluster) = 1873 
 num [1:3] 1867 5 1
NULL
R-CCU: After ClusterLabelChange for i = 74 
R-CCU: sum(pointsPerCluster) = 1874 
 num [1:3] 1868 5 1
NULL
R-CCU: dpObj$numberClusters = 3 
List of 2
 $ : num [1, 1, 1:3] 0.3597 0.7922 0.0869
 $ : num [1, 1, 1:3] 8.8 3.42 2.72
NULL
R priorParameters: 2 8 
R maxT: 1 
R_PriorDraw_first_mu: 0.4410148 
R_PriorDraw_first_nu: 3.325518 
R-CCU: Before ClusterLabelChange for i = 75 newLabel= 1 currentLabel= 1 
R-CCU: sum(pointsPerCluster) = 1874 
 num [1:3] 1868 5 1
NULL
R-CCU: After ClusterLabelChange for i = 75 
R-CCU: sum(pointsPerCluster) = 1875 
 num [1:3] 1869 5 1
NULL
R-CCU: dpObj$numberClusters = 3 
List of 2
 $ : num [1, 1, 1:3] 0.3597 0.7922 0.0869
 $ : num [1, 1, 1:3] 8.8 3.42 2.72
NULL
R priorParameters: 2 8 
R maxT: 1 
R_PriorDraw_first_mu: 0.07583455 
R_PriorDraw_first_nu: 2.507365 
R-CCU: Before ClusterLabelChange for i = 76 newLabel= 1 currentLabel= 1 
R-CCU: sum(pointsPerCluster) = 1875 
 num [1:3] 1869 5 1
NULL
R-CCU: After ClusterLabelChange for i = 76 
R-CCU: sum(pointsPerCluster) = 1876 
 num [1:3] 1870 5 1
NULL
R-CCU: dpObj$numberClusters = 3 
List of 2
 $ : num [1, 1, 1:3] 0.3597 0.7922 0.0869
 $ : num [1, 1, 1:3] 8.8 3.42 2.72
NULL
R priorParameters: 2 8 
R maxT: 1 
R_PriorDraw_first_mu: 0.270026 
R_PriorDraw_first_nu: 14.95038 
R-CCU: Before ClusterLabelChange for i = 77 newLabel= 1 currentLabel= 1 
R-CCU: sum(pointsPerCluster) = 1876 
 num [1:3] 1870 5 1
NULL
R-CCU: After ClusterLabelChange for i = 77 
R-CCU: sum(pointsPerCluster) = 1877 
 num [1:3] 1871 5 1
NULL
R-CCU: dpObj$numberClusters = 3 
List of 2
 $ : num [1, 1, 1:3] 0.3597 0.7922 0.0869
 $ : num [1, 1, 1:3] 8.8 3.42 2.72
NULL
R priorParameters: 2 8 
R maxT: 1 
R_PriorDraw_first_mu: 0.6429916 
R_PriorDraw_first_nu: 2.688156 
R-CCU: Before ClusterLabelChange for i = 78 newLabel= 1 currentLabel= 1 
R-CCU: sum(pointsPerCluster) = 1877 
 num [1:3] 1871 5 1
NULL
R-CCU: After ClusterLabelChange for i = 78 
R-CCU: sum(pointsPerCluster) = 1878 
 num [1:3] 1872 5 1
NULL
R-CCU: dpObj$numberClusters = 3 
List of 2
 $ : num [1, 1, 1:3] 0.3597 0.7922 0.0869
 $ : num [1, 1, 1:3] 8.8 3.42 2.72
NULL
R priorParameters: 2 8 
R maxT: 1 
R_PriorDraw_first_mu: 0.7203664 
R_PriorDraw_first_nu: 3.038559 
R-CCU: Before ClusterLabelChange for i = 79 newLabel= 1 currentLabel= 1 
R-CCU: sum(pointsPerCluster) = 1878 
 num [1:3] 1872 5 1
NULL
R-CCU: After ClusterLabelChange for i = 79 
R-CCU: sum(pointsPerCluster) = 1879 
 num [1:3] 1873 5 1
NULL
R-CCU: dpObj$numberClusters = 3 
List of 2
 $ : num [1, 1, 1:3] 0.3597 0.7922 0.0869
 $ : num [1, 1, 1:3] 8.8 3.42 2.72
NULL
R priorParameters: 2 8 
R maxT: 1 
R_PriorDraw_first_mu: 0.0181668 
R_PriorDraw_first_nu: 5.16962 
R-CCU: Before ClusterLabelChange for i = 80 newLabel= 1 currentLabel= 1 
R-CCU: sum(pointsPerCluster) = 1879 
 num [1:3] 1873 5 1
NULL
R-CCU: After ClusterLabelChange for i = 80 
R-CCU: sum(pointsPerCluster) = 1880 
 num [1:3] 1874 5 1
NULL
R-CCU: dpObj$numberClusters = 3 
List of 2
 $ : num [1, 1, 1:3] 0.3597 0.7922 0.0869
 $ : num [1, 1, 1:3] 8.8 3.42 2.72
NULL
R priorParameters: 2 8 
R maxT: 1 
R_PriorDraw_first_mu: 0.7197358 
R_PriorDraw_first_nu: 15.94204 
R-CCU: Before ClusterLabelChange for i = 81 newLabel= 1 currentLabel= 1 
R-CCU: sum(pointsPerCluster) = 1880 
 num [1:3] 1874 5 1
NULL
R-CCU: After ClusterLabelChange for i = 81 
R-CCU: sum(pointsPerCluster) = 1881 
 num [1:3] 1875 5 1
NULL
R-CCU: dpObj$numberClusters = 3 
List of 2
 $ : num [1, 1, 1:3] 0.3597 0.7922 0.0869
 $ : num [1, 1, 1:3] 8.8 3.42 2.72
NULL
R priorParameters: 2 8 
R maxT: 1 
R_PriorDraw_first_mu: 0.6445487 
R_PriorDraw_first_nu: 1.937761 
R-CCU: Before ClusterLabelChange for i = 82 newLabel= 1 currentLabel= 1 
R-CCU: sum(pointsPerCluster) = 1881 
 num [1:3] 1875 5 1
NULL
R-CCU: After ClusterLabelChange for i = 82 
R-CCU: sum(pointsPerCluster) = 1882 
 num [1:3] 1876 5 1
NULL
R-CCU: dpObj$numberClusters = 3 
List of 2
 $ : num [1, 1, 1:3] 0.3597 0.7922 0.0869
 $ : num [1, 1, 1:3] 8.8 3.42 2.72
NULL
R priorParameters: 2 8 
R maxT: 1 
R_PriorDraw_first_mu: 0.7568001 
R_PriorDraw_first_nu: 6.686082 
R-CCU: Before ClusterLabelChange for i = 83 newLabel= 1 currentLabel= 1 
R-CCU: sum(pointsPerCluster) = 1882 
 num [1:3] 1876 5 1
NULL
R-CCU: After ClusterLabelChange for i = 83 
R-CCU: sum(pointsPerCluster) = 1883 
 num [1:3] 1877 5 1
NULL
R-CCU: dpObj$numberClusters = 3 
List of 2
 $ : num [1, 1, 1:3] 0.3597 0.7922 0.0869
 $ : num [1, 1, 1:3] 8.8 3.42 2.72
NULL
R priorParameters: 2 8 
R maxT: 1 
R_PriorDraw_first_mu: 0.616813 
R_PriorDraw_first_nu: 1.391056 
R-CCU: Before ClusterLabelChange for i = 84 newLabel= 1 currentLabel= 1 
R-CCU: sum(pointsPerCluster) = 1883 
 num [1:3] 1877 5 1
NULL
R-CCU: After ClusterLabelChange for i = 84 
R-CCU: sum(pointsPerCluster) = 1884 
 num [1:3] 1878 5 1
NULL
R-CCU: dpObj$numberClusters = 3 
List of 2
 $ : num [1, 1, 1:3] 0.3597 0.7922 0.0869
 $ : num [1, 1, 1:3] 8.8 3.42 2.72
NULL
R priorParameters: 2 8 
R maxT: 1 
R_PriorDraw_first_mu: 0.7565878 
R_PriorDraw_first_nu: 14.37193 
R-CCU: Before ClusterLabelChange for i = 85 newLabel= 1 currentLabel= 1 
R-CCU: sum(pointsPerCluster) = 1884 
 num [1:3] 1878 5 1
NULL
R-CCU: After ClusterLabelChange for i = 85 
R-CCU: sum(pointsPerCluster) = 1885 
 num [1:3] 1879 5 1
NULL
R-CCU: dpObj$numberClusters = 3 
List of 2
 $ : num [1, 1, 1:3] 0.3597 0.7922 0.0869
 $ : num [1, 1, 1:3] 8.8 3.42 2.72
NULL
R priorParameters: 2 8 
R maxT: 1 
R_PriorDraw_first_mu: 0.8466688 
R_PriorDraw_first_nu: 8.209039 
R-CCU: Before ClusterLabelChange for i = 86 newLabel= 1 currentLabel= 1 
R-CCU: sum(pointsPerCluster) = 1885 
 num [1:3] 1879 5 1
NULL
R-CCU: After ClusterLabelChange for i = 86 
R-CCU: sum(pointsPerCluster) = 1886 
 num [1:3] 1880 5 1
NULL
R-CCU: dpObj$numberClusters = 3 
List of 2
 $ : num [1, 1, 1:3] 0.3597 0.7922 0.0869
 $ : num [1, 1, 1:3] 8.8 3.42 2.72
NULL
R priorParameters: 2 8 
R maxT: 1 
R_PriorDraw_first_mu: 0.5555239 
R_PriorDraw_first_nu: 3.609992 
R-CCU: Before ClusterLabelChange for i = 87 newLabel= 1 currentLabel= 1 
R-CCU: sum(pointsPerCluster) = 1886 
 num [1:3] 1880 5 1
NULL
R-CCU: After ClusterLabelChange for i = 87 
R-CCU: sum(pointsPerCluster) = 1887 
 num [1:3] 1881 5 1
NULL
R-CCU: dpObj$numberClusters = 3 
List of 2
 $ : num [1, 1, 1:3] 0.3597 0.7922 0.0869
 $ : num [1, 1, 1:3] 8.8 3.42 2.72
NULL
R priorParameters: 2 8 
R maxT: 1 
R_PriorDraw_first_mu: 0.08364263 
R_PriorDraw_first_nu: 1.781204 
R-CCU: Before ClusterLabelChange for i = 88 newLabel= 1 currentLabel= 1 
R-CCU: sum(pointsPerCluster) = 1887 
 num [1:3] 1881 5 1
NULL
R-CCU: After ClusterLabelChange for i = 88 
R-CCU: sum(pointsPerCluster) = 1888 
 num [1:3] 1882 5 1
NULL
R-CCU: dpObj$numberClusters = 3 
List of 2
 $ : num [1, 1, 1:3] 0.3597 0.7922 0.0869
 $ : num [1, 1, 1:3] 8.8 3.42 2.72
NULL
R priorParameters: 2 8 
R maxT: 1 
R_PriorDraw_first_mu: 0.2676174 
R_PriorDraw_first_nu: 5.793026 
R-CCU: Before ClusterLabelChange for i = 89 newLabel= 1 currentLabel= 1 
R-CCU: sum(pointsPerCluster) = 1888 
 num [1:3] 1882 5 1
NULL
R-CCU: After ClusterLabelChange for i = 89 
R-CCU: sum(pointsPerCluster) = 1889 
 num [1:3] 1883 5 1
NULL
R-CCU: dpObj$numberClusters = 3 
List of 2
 $ : num [1, 1, 1:3] 0.3597 0.7922 0.0869
 $ : num [1, 1, 1:3] 8.8 3.42 2.72
NULL
R priorParameters: 2 8 
R maxT: 1 
R_PriorDraw_first_mu: 0.4050217 
R_PriorDraw_first_nu: 7.661762 
R-CCU: Before ClusterLabelChange for i = 90 newLabel= 1 currentLabel= 1 
R-CCU: sum(pointsPerCluster) = 1889 
 num [1:3] 1883 5 1
NULL
R-CCU: After ClusterLabelChange for i = 90 
R-CCU: sum(pointsPerCluster) = 1890 
 num [1:3] 1884 5 1
NULL
R-CCU: dpObj$numberClusters = 3 
List of 2
 $ : num [1, 1, 1:3] 0.3597 0.7922 0.0869
 $ : num [1, 1, 1:3] 8.8 3.42 2.72
NULL
R priorParameters: 2 8 
R maxT: 1 
R_PriorDraw_first_mu: 0.9645465 
R_PriorDraw_first_nu: 6.270223 
R-CCU: Before ClusterLabelChange for i = 91 newLabel= 1 currentLabel= 1 
R-CCU: sum(pointsPerCluster) = 1890 
 num [1:3] 1884 5 1
NULL
R-CCU: After ClusterLabelChange for i = 91 
R-CCU: sum(pointsPerCluster) = 1891 
 num [1:3] 1885 5 1
NULL
R-CCU: dpObj$numberClusters = 3 
List of 2
 $ : num [1, 1, 1:3] 0.3597 0.7922 0.0869
 $ : num [1, 1, 1:3] 8.8 3.42 2.72
NULL
R priorParameters: 2 8 
R maxT: 1 
R_PriorDraw_first_mu: 0.9768188 
R_PriorDraw_first_nu: 13.82514 
R-CCU: Before ClusterLabelChange for i = 92 newLabel= 1 currentLabel= 1 
R-CCU: sum(pointsPerCluster) = 1891 
 num [1:3] 1885 5 1
NULL
R-CCU: After ClusterLabelChange for i = 92 
R-CCU: sum(pointsPerCluster) = 1892 
 num [1:3] 1886 5 1
NULL
R-CCU: dpObj$numberClusters = 3 
List of 2
 $ : num [1, 1, 1:3] 0.3597 0.7922 0.0869
 $ : num [1, 1, 1:3] 8.8 3.42 2.72
NULL
R priorParameters: 2 8 
R maxT: 1 
R_PriorDraw_first_mu: 0.4797326 
R_PriorDraw_first_nu: 4.032889 
R-CCU: Before ClusterLabelChange for i = 93 newLabel= 1 currentLabel= 1 
R-CCU: sum(pointsPerCluster) = 1892 
 num [1:3] 1886 5 1
NULL
R-CCU: After ClusterLabelChange for i = 93 
R-CCU: sum(pointsPerCluster) = 1893 
 num [1:3] 1887 5 1
NULL
R-CCU: dpObj$numberClusters = 3 
List of 2
 $ : num [1, 1, 1:3] 0.3597 0.7922 0.0869
 $ : num [1, 1, 1:3] 8.8 3.42 2.72
NULL
R priorParameters: 2 8 
R maxT: 1 
R_PriorDraw_first_mu: 0.5912326 
R_PriorDraw_first_nu: 18.15238 
R-CCU: Before ClusterLabelChange for i = 94 newLabel= 1 currentLabel= 1 
R-CCU: sum(pointsPerCluster) = 1893 
 num [1:3] 1887 5 1
NULL
R-CCU: After ClusterLabelChange for i = 94 
R-CCU: sum(pointsPerCluster) = 1894 
 num [1:3] 1888 5 1
NULL
R-CCU: dpObj$numberClusters = 3 
List of 2
 $ : num [1, 1, 1:3] 0.3597 0.7922 0.0869
 $ : num [1, 1, 1:3] 8.8 3.42 2.72
NULL
R priorParameters: 2 8 
R maxT: 1 
R_PriorDraw_first_mu: 0.901763 
R_PriorDraw_first_nu: 1.691138 
R-CCU: Before ClusterLabelChange for i = 95 newLabel= 1 currentLabel= 1 
R-CCU: sum(pointsPerCluster) = 1894 
 num [1:3] 1888 5 1
NULL
R-CCU: After ClusterLabelChange for i = 95 
R-CCU: sum(pointsPerCluster) = 1895 
 num [1:3] 1889 5 1
NULL
R-CCU: dpObj$numberClusters = 3 
List of 2
 $ : num [1, 1, 1:3] 0.3597 0.7922 0.0869
 $ : num [1, 1, 1:3] 8.8 3.42 2.72
NULL
R priorParameters: 2 8 
R maxT: 1 
R_PriorDraw_first_mu: 0.1477134 
R_PriorDraw_first_nu: 9.287542 
R-CCU: Before ClusterLabelChange for i = 96 newLabel= 1 currentLabel= 1 
R-CCU: sum(pointsPerCluster) = 1895 
 num [1:3] 1889 5 1
NULL
R-CCU: After ClusterLabelChange for i = 96 
R-CCU: sum(pointsPerCluster) = 1896 
 num [1:3] 1890 5 1
NULL
R-CCU: dpObj$numberClusters = 3 
List of 2
 $ : num [1, 1, 1:3] 0.3597 0.7922 0.0869
 $ : num [1, 1, 1:3] 8.8 3.42 2.72
NULL
R priorParameters: 2 8 
R maxT: 1 
R_PriorDraw_first_mu: 0.3375099 
R_PriorDraw_first_nu: 18.30784 
R-CCU: Before ClusterLabelChange for i = 97 newLabel= 1 currentLabel= 1 
R-CCU: sum(pointsPerCluster) = 1896 
 num [1:3] 1890 5 1
NULL
R-CCU: After ClusterLabelChange for i = 97 
R-CCU: sum(pointsPerCluster) = 1897 
 num [1:3] 1891 5 1
NULL
R-CCU: dpObj$numberClusters = 3 
List of 2
 $ : num [1, 1, 1:3] 0.3597 0.7922 0.0869
 $ : num [1, 1, 1:3] 8.8 3.42 2.72
NULL
R priorParameters: 2 8 
R maxT: 1 
R_PriorDraw_first_mu: 0.2516981 
R_PriorDraw_first_nu: 5.592526 
R-CCU: Before ClusterLabelChange for i = 98 newLabel= 1 currentLabel= 1 
R-CCU: sum(pointsPerCluster) = 1897 
 num [1:3] 1891 5 1
NULL
R-CCU: After ClusterLabelChange for i = 98 
R-CCU: sum(pointsPerCluster) = 1898 
 num [1:3] 1892 5 1
NULL
R-CCU: dpObj$numberClusters = 3 
List of 2
 $ : num [1, 1, 1:3] 0.3597 0.7922 0.0869
 $ : num [1, 1, 1:3] 8.8 3.42 2.72
NULL
R priorParameters: 2 8 
R maxT: 1 
R_PriorDraw_first_mu: 0.1226278 
R_PriorDraw_first_nu: 10.43689 
R-CCU: Before ClusterLabelChange for i = 99 newLabel= 1 currentLabel= 1 
R-CCU: sum(pointsPerCluster) = 1898 
 num [1:3] 1892 5 1
NULL
R-CCU: After ClusterLabelChange for i = 99 
R-CCU: sum(pointsPerCluster) = 1899 
 num [1:3] 1893 5 1
NULL
R-CCU: dpObj$numberClusters = 3 
List of 2
 $ : num [1, 1, 1:3] 0.3597 0.7922 0.0869
 $ : num [1, 1, 1:3] 8.8 3.42 2.72
NULL
R priorParameters: 2 8 
R maxT: 1 
R_PriorDraw_first_mu: 0.3151188 
R_PriorDraw_first_nu: 19.71205 
R-CCU: Before ClusterLabelChange for i = 100 newLabel= 1 currentLabel= 1 
R-CCU: sum(pointsPerCluster) = 1899 
 num [1:3] 1893 5 1
NULL
R-CCU: After ClusterLabelChange for i = 100 
R-CCU: sum(pointsPerCluster) = 1900 
 num [1:3] 1894 5 1
NULL
R-CCU: dpObj$numberClusters = 3 
List of 2
 $ : num [1, 1, 1:3] 0.3597 0.7922 0.0869
 $ : num [1, 1, 1:3] 8.8 3.42 2.72
NULL

⠙ | 1 136      5 | Beta Distribution Full Integration Test         R priorParameters: 2 8 
R maxT: 1 
R_PriorDraw_first_mu: 0.7608132 
R_PriorDraw_first_nu: 2.298655 
R-CCU: Before ClusterLabelChange for i = 1 newLabel= 1 currentLabel= 1 
R-CCU: sum(pointsPerCluster) = 1900 
 num [1:3] 1894 5 1
NULL
R-CCU: After ClusterLabelChange for i = 1 
R-CCU: sum(pointsPerCluster) = 1901 
 num [1:3] 1895 5 1
NULL
R-CCU: dpObj$numberClusters = 3 
List of 2
 $ : num [1, 1, 1:3] 0.3597 0.7922 0.0869
 $ : num [1, 1, 1:3] 8.5 3.42 2.72
NULL
R priorParameters: 2 8 
R maxT: 1 
R_PriorDraw_first_mu: 0.1810659 
R_PriorDraw_first_nu: 5.154887 
R-CCU: Before ClusterLabelChange for i = 2 newLabel= 1 currentLabel= 1 
R-CCU: sum(pointsPerCluster) = 1901 
 num [1:3] 1895 5 1
NULL
R-CCU: After ClusterLabelChange for i = 2 
R-CCU: sum(pointsPerCluster) = 1902 
 num [1:3] 1896 5 1
NULL
R-CCU: dpObj$numberClusters = 3 
List of 2
 $ : num [1, 1, 1:3] 0.3597 0.7922 0.0869
 $ : num [1, 1, 1:3] 8.5 3.42 2.72
NULL
R priorParameters: 2 8 
R maxT: 1 
R_PriorDraw_first_mu: 0.8829969 
R_PriorDraw_first_nu: 4.471564 
R-CCU: Before ClusterLabelChange for i = 3 newLabel= 1 currentLabel= 1 
R-CCU: sum(pointsPerCluster) = 1902 
 num [1:3] 1896 5 1
NULL
R-CCU: After ClusterLabelChange for i = 3 
R-CCU: sum(pointsPerCluster) = 1903 
 num [1:3] 1897 5 1
NULL
R-CCU: dpObj$numberClusters = 3 
List of 2
 $ : num [1, 1, 1:3] 0.3597 0.7922 0.0869
 $ : num [1, 1, 1:3] 8.5 3.42 2.72
NULL
R priorParameters: 2 8 
R maxT: 1 
R_PriorDraw_first_mu: 0.8214722 
R_PriorDraw_first_nu: 2.71971 
R-CCU: Before ClusterLabelChange for i = 4 newLabel= 1 currentLabel= 1 
R-CCU: sum(pointsPerCluster) = 1903 
 num [1:3] 1897 5 1
NULL
R-CCU: After ClusterLabelChange for i = 4 
R-CCU: sum(pointsPerCluster) = 1904 
 num [1:3] 1898 5 1
NULL
R-CCU: dpObj$numberClusters = 3 
List of 2
 $ : num [1, 1, 1:3] 0.3597 0.7922 0.0869
 $ : num [1, 1, 1:3] 8.5 3.42 2.72
NULL
R priorParameters: 2 8 
R maxT: 1 
R_PriorDraw_first_mu: 0.1499806 
R_PriorDraw_first_nu: 4.838587 
R-CCU: Before ClusterLabelChange for i = 5 newLabel= 1 currentLabel= 1 
R-CCU: sum(pointsPerCluster) = 1904 
 num [1:3] 1898 5 1
NULL
R-CCU: After ClusterLabelChange for i = 5 
R-CCU: sum(pointsPerCluster) = 1905 
 num [1:3] 1899 5 1
NULL
R-CCU: dpObj$numberClusters = 3 
List of 2
 $ : num [1, 1, 1:3] 0.3597 0.7922 0.0869
 $ : num [1, 1, 1:3] 8.5 3.42 2.72
NULL
R priorParameters: 2 8 
R maxT: 1 
R_PriorDraw_first_mu: 0.03690447 
R_PriorDraw_first_nu: 7.036678 
R-CCU: Before ClusterLabelChange for i = 6 newLabel= 1 currentLabel= 1 
R-CCU: sum(pointsPerCluster) = 1905 
 num [1:3] 1899 5 1
NULL
R-CCU: After ClusterLabelChange for i = 6 
R-CCU: sum(pointsPerCluster) = 1906 
 num [1:3] 1900 5 1
NULL
R-CCU: dpObj$numberClusters = 3 
List of 2
 $ : num [1, 1, 1:3] 0.3597 0.7922 0.0869
 $ : num [1, 1, 1:3] 8.5 3.42 2.72
NULL
R priorParameters: 2 8 
R maxT: 1 
R_PriorDraw_first_mu: 0.08496669 
R_PriorDraw_first_nu: 2.250046 
R-CCU: Before ClusterLabelChange for i = 7 newLabel= 1 currentLabel= 1 
R-CCU: sum(pointsPerCluster) = 1906 
 num [1:3] 1900 5 1
NULL
R-CCU: After ClusterLabelChange for i = 7 
R-CCU: sum(pointsPerCluster) = 1907 
 num [1:3] 1901 5 1
NULL
R-CCU: dpObj$numberClusters = 3 
List of 2
 $ : num [1, 1, 1:3] 0.3597 0.7922 0.0869
 $ : num [1, 1, 1:3] 8.5 3.42 2.72
NULL
R priorParameters: 2 8 
R maxT: 1 
R_PriorDraw_first_mu: 0.4475689 
R_PriorDraw_first_nu: 1.6809 
R-CCU: Before ClusterLabelChange for i = 8 newLabel= 1 currentLabel= 1 
R-CCU: sum(pointsPerCluster) = 1907 
 num [1:3] 1901 5 1
NULL
R-CCU: After ClusterLabelChange for i = 8 
R-CCU: sum(pointsPerCluster) = 1908 
 num [1:3] 1902 5 1
NULL
R-CCU: dpObj$numberClusters = 3 
List of 2
 $ : num [1, 1, 1:3] 0.3597 0.7922 0.0869
 $ : num [1, 1, 1:3] 8.5 3.42 2.72
NULL
R priorParameters: 2 8 
R maxT: 1 
R_PriorDraw_first_mu: 0.7089218 
R_PriorDraw_first_nu: 7.434532 
R-CCU: Before ClusterLabelChange for i = 9 newLabel= 1 currentLabel= 1 
R-CCU: sum(pointsPerCluster) = 1908 
 num [1:3] 1902 5 1
NULL
R-CCU: After ClusterLabelChange for i = 9 
R-CCU: sum(pointsPerCluster) = 1909 
 num [1:3] 1903 5 1
NULL
R-CCU: dpObj$numberClusters = 3 
List of 2
 $ : num [1, 1, 1:3] 0.3597 0.7922 0.0869
 $ : num [1, 1, 1:3] 8.5 3.42 2.72
NULL
R priorParameters: 2 8 
R maxT: 1 
R_PriorDraw_first_mu: 0.08453704 
R_PriorDraw_first_nu: 4.857926 
R-CCU: Before ClusterLabelChange for i = 10 newLabel= 1 currentLabel= 1 
R-CCU: sum(pointsPerCluster) = 1909 
 num [1:3] 1903 5 1
NULL
R-CCU: After ClusterLabelChange for i = 10 
R-CCU: sum(pointsPerCluster) = 1910 
 num [1:3] 1904 5 1
NULL
R-CCU: dpObj$numberClusters = 3 
List of 2
 $ : num [1, 1, 1:3] 0.3597 0.7922 0.0869
 $ : num [1, 1, 1:3] 8.5 3.42 2.72
NULL
R priorParameters: 2 8 
R maxT: 1 
R_PriorDraw_first_mu: 0.05359066 
R_PriorDraw_first_nu: 3.051949 
R-CCU: Before ClusterLabelChange for i = 11 newLabel= 1 currentLabel= 1 
R-CCU: sum(pointsPerCluster) = 1910 
 num [1:3] 1904 5 1
NULL
R-CCU: After ClusterLabelChange for i = 11 
R-CCU: sum(pointsPerCluster) = 1911 
 num [1:3] 1905 5 1
NULL
R-CCU: dpObj$numberClusters = 3 
List of 2
 $ : num [1, 1, 1:3] 0.3597 0.7922 0.0869
 $ : num [1, 1, 1:3] 8.5 3.42 2.72
NULL
R priorParameters: 2 8 
R maxT: 1 
R_PriorDraw_first_mu: 0.01547994 
R_PriorDraw_first_nu: 30.27839 
R-CCU: Before ClusterLabelChange for i = 12 newLabel= 1 currentLabel= 1 
R-CCU: sum(pointsPerCluster) = 1911 
 num [1:3] 1905 5 1
NULL
R-CCU: After ClusterLabelChange for i = 12 
R-CCU: sum(pointsPerCluster) = 1912 
 num [1:3] 1906 5 1
NULL
R-CCU: dpObj$numberClusters = 3 
List of 2
 $ : num [1, 1, 1:3] 0.3597 0.7922 0.0869
 $ : num [1, 1, 1:3] 8.5 3.42 2.72
NULL
R priorParameters: 2 8 
R maxT: 1 
R_PriorDraw_first_mu: 0.8911836 
R_PriorDraw_first_nu: 21.30783 
R-CCU: Before ClusterLabelChange for i = 13 newLabel= 1 currentLabel= 1 
R-CCU: sum(pointsPerCluster) = 1912 
 num [1:3] 1906 5 1
NULL
R-CCU: After ClusterLabelChange for i = 13 
R-CCU: sum(pointsPerCluster) = 1913 
 num [1:3] 1907 5 1
NULL
R-CCU: dpObj$numberClusters = 3 
List of 2
 $ : num [1, 1, 1:3] 0.3597 0.7922 0.0869
 $ : num [1, 1, 1:3] 8.5 3.42 2.72
NULL
R priorParameters: 2 8 
R maxT: 1 
R_PriorDraw_first_mu: 0.2004015 
R_PriorDraw_first_nu: 4.50886 
R-CCU: Before ClusterLabelChange for i = 14 newLabel= 1 currentLabel= 1 
R-CCU: sum(pointsPerCluster) = 1913 
 num [1:3] 1907 5 1
NULL
R-CCU: After ClusterLabelChange for i = 14 
R-CCU: sum(pointsPerCluster) = 1914 
 num [1:3] 1908 5 1
NULL
R-CCU: dpObj$numberClusters = 3 
List of 2
 $ : num [1, 1, 1:3] 0.3597 0.7922 0.0869
 $ : num [1, 1, 1:3] 8.5 3.42 2.72
NULL
R priorParameters: 2 8 
R maxT: 1 
R_PriorDraw_first_mu: 0.4698481 
R_PriorDraw_first_nu: 2.758251 
R-CCU: Before ClusterLabelChange for i = 15 newLabel= 1 currentLabel= 1 
R-CCU: sum(pointsPerCluster) = 1914 
 num [1:3] 1908 5 1
NULL
R-CCU: After ClusterLabelChange for i = 15 
R-CCU: sum(pointsPerCluster) = 1915 
 num [1:3] 1909 5 1
NULL
R-CCU: dpObj$numberClusters = 3 
List of 2
 $ : num [1, 1, 1:3] 0.3597 0.7922 0.0869
 $ : num [1, 1, 1:3] 8.5 3.42 2.72
NULL
R priorParameters: 2 8 
R maxT: 1 
R_PriorDraw_first_mu: 0.7395842 
R_PriorDraw_first_nu: 2.37248 
R-CCU: Before ClusterLabelChange for i = 16 newLabel= 1 currentLabel= 1 
R-CCU: sum(pointsPerCluster) = 1915 
 num [1:3] 1909 5 1
NULL
R-CCU: After ClusterLabelChange for i = 16 
R-CCU: sum(pointsPerCluster) = 1916 
 num [1:3] 1910 5 1
NULL
R-CCU: dpObj$numberClusters = 3 
List of 2
 $ : num [1, 1, 1:3] 0.3597 0.7922 0.0869
 $ : num [1, 1, 1:3] 8.5 3.42 2.72
NULL
R priorParameters: 2 8 
R maxT: 1 
R_PriorDraw_first_mu: 0.2166567 
R_PriorDraw_first_nu: 2.162516 
R-CCU: Before ClusterLabelChange for i = 17 newLabel= 1 currentLabel= 1 
R-CCU: sum(pointsPerCluster) = 1916 
 num [1:3] 1910 5 1
NULL
R-CCU: After ClusterLabelChange for i = 17 
R-CCU: sum(pointsPerCluster) = 1917 
 num [1:3] 1911 5 1
NULL
R-CCU: dpObj$numberClusters = 3 
List of 2
 $ : num [1, 1, 1:3] 0.3597 0.7922 0.0869
 $ : num [1, 1, 1:3] 8.5 3.42 2.72
NULL
R priorParameters: 2 8 
R maxT: 1 
R_PriorDraw_first_mu: 0.1125532 
R_PriorDraw_first_nu: 16.90111 
R-CCU: Before ClusterLabelChange for i = 18 newLabel= 1 currentLabel= 1 
R-CCU: sum(pointsPerCluster) = 1917 
 num [1:3] 1911 5 1
NULL
R-CCU: After ClusterLabelChange for i = 18 
R-CCU: sum(pointsPerCluster) = 1918 
 num [1:3] 1912 5 1
NULL
R-CCU: dpObj$numberClusters = 3 
List of 2
 $ : num [1, 1, 1:3] 0.3597 0.7922 0.0869
 $ : num [1, 1, 1:3] 8.5 3.42 2.72
NULL
R priorParameters: 2 8 
R maxT: 1 
R_PriorDraw_first_mu: 0.3269271 
R_PriorDraw_first_nu: 1.977165 
R-CCU: Before ClusterLabelChange for i = 19 newLabel= 1 currentLabel= 1 
R-CCU: sum(pointsPerCluster) = 1918 
 num [1:3] 1912 5 1
NULL
R-CCU: After ClusterLabelChange for i = 19 
R-CCU: sum(pointsPerCluster) = 1919 
 num [1:3] 1913 5 1
NULL
R-CCU: dpObj$numberClusters = 3 
List of 2
 $ : num [1, 1, 1:3] 0.3597 0.7922 0.0869
 $ : num [1, 1, 1:3] 8.5 3.42 2.72
NULL
R priorParameters: 2 8 
R maxT: 1 
R_PriorDraw_first_mu: 0.2376543 
R_PriorDraw_first_nu: 4.450715 
R-CCU: Before ClusterLabelChange for i = 20 newLabel= 1 currentLabel= 1 
R-CCU: sum(pointsPerCluster) = 1919 
 num [1:3] 1913 5 1
NULL
R-CCU: After ClusterLabelChange for i = 20 
R-CCU: sum(pointsPerCluster) = 1920 
 num [1:3] 1914 5 1
NULL
R-CCU: dpObj$numberClusters = 3 
List of 2
 $ : num [1, 1, 1:3] 0.3597 0.7922 0.0869
 $ : num [1, 1, 1:3] 8.5 3.42 2.72
NULL
R priorParameters: 2 8 
R maxT: 1 
R_PriorDraw_first_mu: 0.2731348 
R_PriorDraw_first_nu: 33.80522 
R-CCU: Before ClusterLabelChange for i = 21 newLabel= 1 currentLabel= 1 
R-CCU: sum(pointsPerCluster) = 1920 
 num [1:3] 1914 5 1
NULL
R-CCU: After ClusterLabelChange for i = 21 
R-CCU: sum(pointsPerCluster) = 1921 
 num [1:3] 1915 5 1
NULL
R-CCU: dpObj$numberClusters = 3 
List of 2
 $ : num [1, 1, 1:3] 0.3597 0.7922 0.0869
 $ : num [1, 1, 1:3] 8.5 3.42 2.72
NULL
R priorParameters: 2 8 
R maxT: 1 
R_PriorDraw_first_mu: 0.4520198 
R_PriorDraw_first_nu: 8.63622 
R-CCU: Before ClusterLabelChange for i = 22 newLabel= 1 currentLabel= 1 
R-CCU: sum(pointsPerCluster) = 1921 
 num [1:3] 1915 5 1
NULL
R-CCU: After ClusterLabelChange for i = 22 
R-CCU: sum(pointsPerCluster) = 1922 
 num [1:3] 1916 5 1
NULL
R-CCU: dpObj$numberClusters = 3 
List of 2
 $ : num [1, 1, 1:3] 0.3597 0.7922 0.0869
 $ : num [1, 1, 1:3] 8.5 3.42 2.72
NULL
R priorParameters: 2 8 
R maxT: 1 
R_PriorDraw_first_mu: 0.2105076 
R_PriorDraw_first_nu: 3.148454 
R-CCU: Before ClusterLabelChange for i = 23 newLabel= 1 currentLabel= 1 
R-CCU: sum(pointsPerCluster) = 1922 
 num [1:3] 1916 5 1
NULL
R-CCU: After ClusterLabelChange for i = 23 
R-CCU: sum(pointsPerCluster) = 1923 
 num [1:3] 1917 5 1
NULL
R-CCU: dpObj$numberClusters = 3 
List of 2
 $ : num [1, 1, 1:3] 0.3597 0.7922 0.0869
 $ : num [1, 1, 1:3] 8.5 3.42 2.72
NULL
R priorParameters: 2 8 
R maxT: 1 
R_PriorDraw_first_mu: 0.8027623 
R_PriorDraw_first_nu: 1.345581 
R-CCU: Before ClusterLabelChange for i = 24 newLabel= 1 currentLabel= 1 
R-CCU: sum(pointsPerCluster) = 1923 
 num [1:3] 1917 5 1
NULL
R-CCU: After ClusterLabelChange for i = 24 
R-CCU: sum(pointsPerCluster) = 1924 
 num [1:3] 1918 5 1
NULL
R-CCU: dpObj$numberClusters = 3 
List of 2
 $ : num [1, 1, 1:3] 0.3597 0.7922 0.0869
 $ : num [1, 1, 1:3] 8.5 3.42 2.72
NULL
R priorParameters: 2 8 
R maxT: 1 
R_PriorDraw_first_mu: 0.1539973 
R_PriorDraw_first_nu: 4.18026 
R-CCU: Before ClusterLabelChange for i = 25 newLabel= 1 currentLabel= 1 
R-CCU: sum(pointsPerCluster) = 1924 
 num [1:3] 1918 5 1
NULL
R-CCU: After ClusterLabelChange for i = 25 
R-CCU: sum(pointsPerCluster) = 1925 
 num [1:3] 1919 5 1
NULL
R-CCU: dpObj$numberClusters = 3 
List of 2
 $ : num [1, 1, 1:3] 0.3597 0.7922 0.0869
 $ : num [1, 1, 1:3] 8.5 3.42 2.72
NULL
R priorParameters: 2 8 
R maxT: 1 
R_PriorDraw_first_mu: 0.08867865 
R_PriorDraw_first_nu: 1.471659 
R-CCU: Before ClusterLabelChange for i = 26 newLabel= 1 currentLabel= 1 
R-CCU: sum(pointsPerCluster) = 1925 
 num [1:3] 1919 5 1
NULL
R-CCU: After ClusterLabelChange for i = 26 
R-CCU: sum(pointsPerCluster) = 1926 
 num [1:3] 1920 5 1
NULL
R-CCU: dpObj$numberClusters = 3 
List of 2
 $ : num [1, 1, 1:3] 0.3597 0.7922 0.0869
 $ : num [1, 1, 1:3] 8.5 3.42 2.72
NULL
R priorParameters: 2 8 
R maxT: 1 
R_PriorDraw_first_mu: 0.7151728 
R_PriorDraw_first_nu: 7.122172 
R-CCU: Before ClusterLabelChange for i = 27 newLabel= 1 currentLabel= 1 
R-CCU: sum(pointsPerCluster) = 1926 
 num [1:3] 1920 5 1
NULL
R-CCU: After ClusterLabelChange for i = 27 
R-CCU: sum(pointsPerCluster) = 1927 
 num [1:3] 1921 5 1
NULL
R-CCU: dpObj$numberClusters = 3 
List of 2
 $ : num [1, 1, 1:3] 0.3597 0.7922 0.0869
 $ : num [1, 1, 1:3] 8.5 3.42 2.72
NULL
R priorParameters: 2 8 
R maxT: 1 
R_PriorDraw_first_mu: 0.3732895 
R_PriorDraw_first_nu: 3.793486 
R-CCU: Before ClusterLabelChange for i = 28 newLabel= 1 currentLabel= 1 
R-CCU: sum(pointsPerCluster) = 1927 
 num [1:3] 1921 5 1
NULL
R-CCU: After ClusterLabelChange for i = 28 
R-CCU: sum(pointsPerCluster) = 1928 
 num [1:3] 1922 5 1
NULL
R-CCU: dpObj$numberClusters = 3 
List of 2
 $ : num [1, 1, 1:3] 0.3597 0.7922 0.0869
 $ : num [1, 1, 1:3] 8.5 3.42 2.72
NULL
R priorParameters: 2 8 
R maxT: 1 
R_PriorDraw_first_mu: 0.8753589 
R_PriorDraw_first_nu: 6.90763 
R-CCU: Before ClusterLabelChange for i = 29 newLabel= 1 currentLabel= 1 
R-CCU: sum(pointsPerCluster) = 1928 
 num [1:3] 1922 5 1
NULL
R-CCU: After ClusterLabelChange for i = 29 
R-CCU: sum(pointsPerCluster) = 1929 
 num [1:3] 1923 5 1
NULL
R-CCU: dpObj$numberClusters = 3 
List of 2
 $ : num [1, 1, 1:3] 0.3597 0.7922 0.0869
 $ : num [1, 1, 1:3] 8.5 3.42 2.72
NULL
R priorParameters: 2 8 
R maxT: 1 
R_PriorDraw_first_mu: 0.06941562 
R_PriorDraw_first_nu: 3.078817 
R-CCU: Before ClusterLabelChange for i = 30 newLabel= 1 currentLabel= 1 
R-CCU: sum(pointsPerCluster) = 1929 
 num [1:3] 1923 5 1
NULL
R-CCU: After ClusterLabelChange for i = 30 
R-CCU: sum(pointsPerCluster) = 1930 
 num [1:3] 1924 5 1
NULL
R-CCU: dpObj$numberClusters = 3 
List of 2
 $ : num [1, 1, 1:3] 0.3597 0.7922 0.0869
 $ : num [1, 1, 1:3] 8.5 3.42 2.72
NULL
R priorParameters: 2 8 
R maxT: 1 
R_PriorDraw_first_mu: 0.71743 
R_PriorDraw_first_nu: 5.401024 
R-CCU: Before ClusterLabelChange for i = 31 newLabel= 1 currentLabel= 1 
R-CCU: sum(pointsPerCluster) = 1930 
 num [1:3] 1924 5 1
NULL
R-CCU: After ClusterLabelChange for i = 31 
R-CCU: sum(pointsPerCluster) = 1931 
 num [1:3] 1925 5 1
NULL
R-CCU: dpObj$numberClusters = 3 
List of 2
 $ : num [1, 1, 1:3] 0.3597 0.7922 0.0869
 $ : num [1, 1, 1:3] 8.5 3.42 2.72
NULL
R priorParameters: 2 8 
R maxT: 1 
R_PriorDraw_first_mu: 0.4545832 
R_PriorDraw_first_nu: 4.438984 
R-CCU: Before ClusterLabelChange for i = 32 newLabel= 2 currentLabel= 1 
R-CCU: sum(pointsPerCluster) = 1931 
 num [1:3] 1925 5 1
NULL
R-CCU: After ClusterLabelChange for i = 32 
R-CCU: sum(pointsPerCluster) = 1932 
 num [1:3] 1925 6 1
NULL
R-CCU: dpObj$numberClusters = 3 
List of 2
 $ : num [1, 1, 1:3] 0.3597 0.7922 0.0869
 $ : num [1, 1, 1:3] 8.5 3.42 2.72
NULL
R priorParameters: 2 8 
R maxT: 1 
R_PriorDraw_first_mu: 0.3167684 
R_PriorDraw_first_nu: 3.643739 
R-CCU: Before ClusterLabelChange for i = 33 newLabel= 1 currentLabel= 1 
R-CCU: sum(pointsPerCluster) = 1932 
 num [1:3] 1925 6 1
NULL
R-CCU: After ClusterLabelChange for i = 33 
R-CCU: sum(pointsPerCluster) = 1933 
 num [1:3] 1926 6 1
NULL
R-CCU: dpObj$numberClusters = 3 
List of 2
 $ : num [1, 1, 1:3] 0.3597 0.7922 0.0869
 $ : num [1, 1, 1:3] 8.5 3.42 2.72
NULL
R priorParameters: 2 8 
R maxT: 1 
R_PriorDraw_first_mu: 0.1702629 
R_PriorDraw_first_nu: 4.613655 
R-CCU: Before ClusterLabelChange for i = 34 newLabel= 1 currentLabel= 1 
R-CCU: sum(pointsPerCluster) = 1933 
 num [1:3] 1926 6 1
NULL
R-CCU: After ClusterLabelChange for i = 34 
R-CCU: sum(pointsPerCluster) = 1934 
 num [1:3] 1927 6 1
NULL
R-CCU: dpObj$numberClusters = 3 
List of 2
 $ : num [1, 1, 1:3] 0.3597 0.7922 0.0869
 $ : num [1, 1, 1:3] 8.5 3.42 2.72
NULL
R priorParameters: 2 8 
R maxT: 1 
R_PriorDraw_first_mu: 0.2167925 
R_PriorDraw_first_nu: 4.274701 
R-CCU: Before ClusterLabelChange for i = 35 newLabel= 1 currentLabel= 1 
R-CCU: sum(pointsPerCluster) = 1934 
 num [1:3] 1927 6 1
NULL
R-CCU: After ClusterLabelChange for i = 35 
R-CCU: sum(pointsPerCluster) = 1935 
 num [1:3] 1928 6 1
NULL
R-CCU: dpObj$numberClusters = 3 
List of 2
 $ : num [1, 1, 1:3] 0.3597 0.7922 0.0869
 $ : num [1, 1, 1:3] 8.5 3.42 2.72
NULL
R priorParameters: 2 8 
R maxT: 1 
R_PriorDraw_first_mu: 0.8218889 
R_PriorDraw_first_nu: 2.208649 
R-CCU: Before ClusterLabelChange for i = 36 newLabel= 1 currentLabel= 1 
R-CCU: sum(pointsPerCluster) = 1935 
 num [1:3] 1928 6 1
NULL
R-CCU: After ClusterLabelChange for i = 36 
R-CCU: sum(pointsPerCluster) = 1936 
 num [1:3] 1929 6 1
NULL
R-CCU: dpObj$numberClusters = 3 
List of 2
 $ : num [1, 1, 1:3] 0.3597 0.7922 0.0869
 $ : num [1, 1, 1:3] 8.5 3.42 2.72
NULL
R priorParameters: 2 8 
R maxT: 1 
R_PriorDraw_first_mu: 0.7115344 
R_PriorDraw_first_nu: 11.84459 
R-CCU: Before ClusterLabelChange for i = 37 newLabel= 1 currentLabel= 1 
R-CCU: sum(pointsPerCluster) = 1936 
 num [1:3] 1929 6 1
NULL
R-CCU: After ClusterLabelChange for i = 37 
R-CCU: sum(pointsPerCluster) = 1937 
 num [1:3] 1930 6 1
NULL
R-CCU: dpObj$numberClusters = 3 
List of 2
 $ : num [1, 1, 1:3] 0.3597 0.7922 0.0869
 $ : num [1, 1, 1:3] 8.5 3.42 2.72
NULL
R priorParameters: 2 8 
R maxT: 1 
R_PriorDraw_first_mu: 0.2585002 
R_PriorDraw_first_nu: 3.536077 
R-CCU: Before ClusterLabelChange for i = 38 newLabel= 1 currentLabel= 1 
R-CCU: sum(pointsPerCluster) = 1937 
 num [1:3] 1930 6 1
NULL
R-CCU: After ClusterLabelChange for i = 38 
R-CCU: sum(pointsPerCluster) = 1938 
 num [1:3] 1931 6 1
NULL
R-CCU: dpObj$numberClusters = 3 
List of 2
 $ : num [1, 1, 1:3] 0.3597 0.7922 0.0869
 $ : num [1, 1, 1:3] 8.5 3.42 2.72
NULL
R priorParameters: 2 8 
R maxT: 1 
R_PriorDraw_first_mu: 0.328712 
R_PriorDraw_first_nu: 2.361749 
R-CCU: Before ClusterLabelChange for i = 39 newLabel= 1 currentLabel= 1 
R-CCU: sum(pointsPerCluster) = 1938 
 num [1:3] 1931 6 1
NULL
R-CCU: After ClusterLabelChange for i = 39 
R-CCU: sum(pointsPerCluster) = 1939 
 num [1:3] 1932 6 1
NULL
R-CCU: dpObj$numberClusters = 3 
List of 2
 $ : num [1, 1, 1:3] 0.3597 0.7922 0.0869
 $ : num [1, 1, 1:3] 8.5 3.42 2.72
NULL
R priorParameters: 2 8 
R maxT: 1 
R_PriorDraw_first_mu: 0.5111516 
R_PriorDraw_first_nu: 2.850405 
R-CCU: Before ClusterLabelChange for i = 40 newLabel= 1 currentLabel= 1 
R-CCU: sum(pointsPerCluster) = 1939 
 num [1:3] 1932 6 1
NULL
R-CCU: After ClusterLabelChange for i = 40 
R-CCU: sum(pointsPerCluster) = 1940 
 num [1:3] 1933 6 1
NULL
R-CCU: dpObj$numberClusters = 3 
List of 2
 $ : num [1, 1, 1:3] 0.3597 0.7922 0.0869
 $ : num [1, 1, 1:3] 8.5 3.42 2.72
NULL
R priorParameters: 2 8 
R maxT: 1 
R_PriorDraw_first_mu: 0.7448119 
R_PriorDraw_first_nu: 14.59635 
R-CCU: Before ClusterLabelChange for i = 41 newLabel= 1 currentLabel= 1 
R-CCU: sum(pointsPerCluster) = 1940 
 num [1:3] 1933 6 1
NULL
R-CCU: After ClusterLabelChange for i = 41 
R-CCU: sum(pointsPerCluster) = 1941 
 num [1:3] 1934 6 1
NULL
R-CCU: dpObj$numberClusters = 3 
List of 2
 $ : num [1, 1, 1:3] 0.3597 0.7922 0.0869
 $ : num [1, 1, 1:3] 8.5 3.42 2.72
NULL
R priorParameters: 2 8 
R maxT: 1 
R_PriorDraw_first_mu: 0.8227042 
R_PriorDraw_first_nu: 3.94077 
R-CCU: Before ClusterLabelChange for i = 42 newLabel= 1 currentLabel= 1 
R-CCU: sum(pointsPerCluster) = 1941 
 num [1:3] 1934 6 1
NULL
R-CCU: After ClusterLabelChange for i = 42 
R-CCU: sum(pointsPerCluster) = 1942 
 num [1:3] 1935 6 1
NULL
R-CCU: dpObj$numberClusters = 3 
List of 2
 $ : num [1, 1, 1:3] 0.3597 0.7922 0.0869
 $ : num [1, 1, 1:3] 8.5 3.42 2.72
NULL
R priorParameters: 2 8 
R maxT: 1 
R_PriorDraw_first_mu: 0.3826932 
R_PriorDraw_first_nu: 2.750989 
R-CCU: Before ClusterLabelChange for i = 43 newLabel= 1 currentLabel= 1 
R-CCU: sum(pointsPerCluster) = 1942 
 num [1:3] 1935 6 1
NULL
R-CCU: After ClusterLabelChange for i = 43 
R-CCU: sum(pointsPerCluster) = 1943 
 num [1:3] 1936 6 1
NULL
R-CCU: dpObj$numberClusters = 3 
List of 2
 $ : num [1, 1, 1:3] 0.3597 0.7922 0.0869
 $ : num [1, 1, 1:3] 8.5 3.42 2.72
NULL
R priorParameters: 2 8 
R maxT: 1 
R_PriorDraw_first_mu: 0.4685615 
R_PriorDraw_first_nu: 38.07167 
R-CCU: Before ClusterLabelChange for i = 44 newLabel= 1 currentLabel= 1 
R-CCU: sum(pointsPerCluster) = 1943 
 num [1:3] 1936 6 1
NULL
R-CCU: After ClusterLabelChange for i = 44 
R-CCU: sum(pointsPerCluster) = 1944 
 num [1:3] 1937 6 1
NULL
R-CCU: dpObj$numberClusters = 3 
List of 2
 $ : num [1, 1, 1:3] 0.3597 0.7922 0.0869
 $ : num [1, 1, 1:3] 8.5 3.42 2.72
NULL
R priorParameters: 2 8 
R maxT: 1 
R_PriorDraw_first_mu: 0.9547712 
R_PriorDraw_first_nu: 4.122772 
R-CCU: Before ClusterLabelChange for i = 45 newLabel= 1 currentLabel= 1 
R-CCU: sum(pointsPerCluster) = 1944 
 num [1:3] 1937 6 1
NULL
R-CCU: After ClusterLabelChange for i = 45 
R-CCU: sum(pointsPerCluster) = 1945 
 num [1:3] 1938 6 1
NULL
R-CCU: dpObj$numberClusters = 3 
List of 2
 $ : num [1, 1, 1:3] 0.3597 0.7922 0.0869
 $ : num [1, 1, 1:3] 8.5 3.42 2.72
NULL
R priorParameters: 2 8 
R maxT: 1 
R_PriorDraw_first_mu: 0.6311405 
R_PriorDraw_first_nu: 3.645388 
R-CCU: Before ClusterLabelChange for i = 46 newLabel= 1 currentLabel= 1 
R-CCU: sum(pointsPerCluster) = 1945 
 num [1:3] 1938 6 1
NULL
R-CCU: After ClusterLabelChange for i = 46 
R-CCU: sum(pointsPerCluster) = 1946 
 num [1:3] 1939 6 1
NULL
R-CCU: dpObj$numberClusters = 3 
List of 2
 $ : num [1, 1, 1:3] 0.3597 0.7922 0.0869
 $ : num [1, 1, 1:3] 8.5 3.42 2.72
NULL
R priorParameters: 2 8 
R maxT: 1 
R_PriorDraw_first_mu: 0.3858367 
R_PriorDraw_first_nu: 5.700145 
R-CCU: Before ClusterLabelChange for i = 47 newLabel= 1 currentLabel= 1 
R-CCU: sum(pointsPerCluster) = 1946 
 num [1:3] 1939 6 1
NULL
R-CCU: After ClusterLabelChange for i = 47 
R-CCU: sum(pointsPerCluster) = 1947 
 num [1:3] 1940 6 1
NULL
R-CCU: dpObj$numberClusters = 3 
List of 2
 $ : num [1, 1, 1:3] 0.3597 0.7922 0.0869
 $ : num [1, 1, 1:3] 8.5 3.42 2.72
NULL
R priorParameters: 2 8 
R maxT: 1 
R_PriorDraw_first_mu: 0.3402298 
R_PriorDraw_first_nu: 2.909157 
R-CCU: Before ClusterLabelChange for i = 48 newLabel= 1 currentLabel= 1 
R-CCU: sum(pointsPerCluster) = 1947 
 num [1:3] 1940 6 1
NULL
R-CCU: After ClusterLabelChange for i = 48 
R-CCU: sum(pointsPerCluster) = 1948 
 num [1:3] 1941 6 1
NULL
R-CCU: dpObj$numberClusters = 3 
List of 2
 $ : num [1, 1, 1:3] 0.3597 0.7922 0.0869
 $ : num [1, 1, 1:3] 8.5 3.42 2.72
NULL
R priorParameters: 2 8 
R maxT: 1 
R_PriorDraw_first_mu: 0.03317476 
R_PriorDraw_first_nu: 72.04438 
R-CCU: Before ClusterLabelChange for i = 49 newLabel= 1 currentLabel= 1 
R-CCU: sum(pointsPerCluster) = 1948 
 num [1:3] 1941 6 1
NULL
R-CCU: After ClusterLabelChange for i = 49 
R-CCU: sum(pointsPerCluster) = 1949 
 num [1:3] 1942 6 1
NULL
R-CCU: dpObj$numberClusters = 3 
List of 2
 $ : num [1, 1, 1:3] 0.3597 0.7922 0.0869
 $ : num [1, 1, 1:3] 8.5 3.42 2.72
NULL
R priorParameters: 2 8 
R maxT: 1 
R_PriorDraw_first_mu: 0.6351777 
R_PriorDraw_first_nu: 2.861436 
R-CCU: Before ClusterLabelChange for i = 50 newLabel= 1 currentLabel= 1 
R-CCU: sum(pointsPerCluster) = 1949 
 num [1:3] 1942 6 1
NULL
R-CCU: After ClusterLabelChange for i = 50 
R-CCU: sum(pointsPerCluster) = 1950 
 num [1:3] 1943 6 1
NULL
R-CCU: dpObj$numberClusters = 3 
List of 2
 $ : num [1, 1, 1:3] 0.3597 0.7922 0.0869
 $ : num [1, 1, 1:3] 8.5 3.42 2.72
NULL
R priorParameters: 2 8 
R maxT: 1 
R_PriorDraw_first_mu: 0.9694475 
R_PriorDraw_first_nu: 42.29563 
R-CCU: Before ClusterLabelChange for i = 51 newLabel= 1 currentLabel= 1 
R-CCU: sum(pointsPerCluster) = 1950 
 num [1:3] 1943 6 1
NULL
R-CCU: After ClusterLabelChange for i = 51 
R-CCU: sum(pointsPerCluster) = 1951 
 num [1:3] 1944 6 1
NULL
R-CCU: dpObj$numberClusters = 3 
List of 2
 $ : num [1, 1, 1:3] 0.3597 0.7922 0.0869
 $ : num [1, 1, 1:3] 8.5 3.42 2.72
NULL
R priorParameters: 2 8 
R maxT: 1 
R_PriorDraw_first_mu: 0.1048793 
R_PriorDraw_first_nu: 5.406115 
R-CCU: Before ClusterLabelChange for i = 52 newLabel= 1 currentLabel= 1 
R-CCU: sum(pointsPerCluster) = 1951 
 num [1:3] 1944 6 1
NULL
R-CCU: After ClusterLabelChange for i = 52 
R-CCU: sum(pointsPerCluster) = 1952 
 num [1:3] 1945 6 1
NULL
R-CCU: dpObj$numberClusters = 3 
List of 2
 $ : num [1, 1, 1:3] 0.3597 0.7922 0.0869
 $ : num [1, 1, 1:3] 8.5 3.42 2.72
NULL
R priorParameters: 2 8 
R maxT: 1 
R_PriorDraw_first_mu: 0.6607286 
R_PriorDraw_first_nu: 1.376476 
R-CCU: Before ClusterLabelChange for i = 53 newLabel= 1 currentLabel= 1 
R-CCU: sum(pointsPerCluster) = 1952 
 num [1:3] 1945 6 1
NULL
R-CCU: After ClusterLabelChange for i = 53 
R-CCU: sum(pointsPerCluster) = 1953 
 num [1:3] 1946 6 1
NULL
R-CCU: dpObj$numberClusters = 3 
List of 2
 $ : num [1, 1, 1:3] 0.3597 0.7922 0.0869
 $ : num [1, 1, 1:3] 8.5 3.42 2.72
NULL
R priorParameters: 2 8 
R maxT: 1 
R_PriorDraw_first_mu: 0.7620996 
R_PriorDraw_first_nu: 1.95559 
R-CCU: Before ClusterLabelChange for i = 54 newLabel= 1 currentLabel= 1 
R-CCU: sum(pointsPerCluster) = 1953 
 num [1:3] 1946 6 1
NULL
R-CCU: After ClusterLabelChange for i = 54 
R-CCU: sum(pointsPerCluster) = 1954 
 num [1:3] 1947 6 1
NULL
R-CCU: dpObj$numberClusters = 3 
List of 2
 $ : num [1, 1, 1:3] 0.3597 0.7922 0.0869
 $ : num [1, 1, 1:3] 8.5 3.42 2.72
NULL
R priorParameters: 2 8 
R maxT: 1 
R_PriorDraw_first_mu: 0.2801052 
R_PriorDraw_first_nu: 43.71094 
R-CCU: Before ClusterLabelChange for i = 55 newLabel= 1 currentLabel= 1 
R-CCU: sum(pointsPerCluster) = 1954 
 num [1:3] 1947 6 1
NULL
R-CCU: After ClusterLabelChange for i = 55 
R-CCU: sum(pointsPerCluster) = 1955 
 num [1:3] 1948 6 1
NULL
R-CCU: dpObj$numberClusters = 3 
List of 2
 $ : num [1, 1, 1:3] 0.3597 0.7922 0.0869
 $ : num [1, 1, 1:3] 8.5 3.42 2.72
NULL
R priorParameters: 2 8 
R maxT: 1 
R_PriorDraw_first_mu: 0.5320307 
R_PriorDraw_first_nu: 7.37167 
R-CCU: Before ClusterLabelChange for i = 56 newLabel= 1 currentLabel= 1 
R-CCU: sum(pointsPerCluster) = 1955 
 num [1:3] 1948 6 1
NULL
R-CCU: After ClusterLabelChange for i = 56 
R-CCU: sum(pointsPerCluster) = 1956 
 num [1:3] 1949 6 1
NULL
R-CCU: dpObj$numberClusters = 3 
List of 2
 $ : num [1, 1, 1:3] 0.3597 0.7922 0.0869
 $ : num [1, 1, 1:3] 8.5 3.42 2.72
NULL
R priorParameters: 2 8 
R maxT: 1 
R_PriorDraw_first_mu: 0.832933 
R_PriorDraw_first_nu: 5.357419 
R-CCU: Before ClusterLabelChange for i = 57 newLabel= 1 currentLabel= 1 
R-CCU: sum(pointsPerCluster) = 1956 
 num [1:3] 1949 6 1
NULL
R-CCU: After ClusterLabelChange for i = 57 
R-CCU: sum(pointsPerCluster) = 1957 
 num [1:3] 1950 6 1
NULL
R-CCU: dpObj$numberClusters = 3 
List of 2
 $ : num [1, 1, 1:3] 0.3597 0.7922 0.0869
 $ : num [1, 1, 1:3] 8.5 3.42 2.72
NULL
R priorParameters: 2 8 
R maxT: 1 
R_PriorDraw_first_mu: 0.7249601 
R_PriorDraw_first_nu: 9.131299 
R-CCU: Before ClusterLabelChange for i = 58 newLabel= 1 currentLabel= 1 
R-CCU: sum(pointsPerCluster) = 1957 
 num [1:3] 1950 6 1
NULL
R-CCU: After ClusterLabelChange for i = 58 
R-CCU: sum(pointsPerCluster) = 1958 
 num [1:3] 1951 6 1
NULL
R-CCU: dpObj$numberClusters = 3 
List of 2
 $ : num [1, 1, 1:3] 0.3597 0.7922 0.0869
 $ : num [1, 1, 1:3] 8.5 3.42 2.72
NULL
R priorParameters: 2 8 
R maxT: 1 
R_PriorDraw_first_mu: 0.496625 
R_PriorDraw_first_nu: 2.05181 
R-CCU: Before ClusterLabelChange for i = 59 newLabel= 1 currentLabel= 1 
R-CCU: sum(pointsPerCluster) = 1958 
 num [1:3] 1951 6 1
NULL
R-CCU: After ClusterLabelChange for i = 59 
R-CCU: sum(pointsPerCluster) = 1959 
 num [1:3] 1952 6 1
NULL
R-CCU: dpObj$numberClusters = 3 
List of 2
 $ : num [1, 1, 1:3] 0.3597 0.7922 0.0869
 $ : num [1, 1, 1:3] 8.5 3.42 2.72
NULL
R priorParameters: 2 8 
R maxT: 1 
R_PriorDraw_first_mu: 0.9221042 
R_PriorDraw_first_nu: 8.571968 
R-CCU: Before ClusterLabelChange for i = 60 newLabel= 1 currentLabel= 1 
R-CCU: sum(pointsPerCluster) = 1959 
 num [1:3] 1952 6 1
NULL
R-CCU: After ClusterLabelChange for i = 60 
R-CCU: sum(pointsPerCluster) = 1960 
 num [1:3] 1953 6 1
NULL
R-CCU: dpObj$numberClusters = 3 
List of 2
 $ : num [1, 1, 1:3] 0.3597 0.7922 0.0869
 $ : num [1, 1, 1:3] 8.5 3.42 2.72
NULL
R priorParameters: 2 8 
R maxT: 1 
R_PriorDraw_first_mu: 0.9939052 
R_PriorDraw_first_nu: 3.413496 
R-CCU: Before ClusterLabelChange for i = 61 newLabel= 1 currentLabel= 1 
R-CCU: sum(pointsPerCluster) = 1960 
 num [1:3] 1953 6 1
NULL
R-CCU: After ClusterLabelChange for i = 61 
R-CCU: sum(pointsPerCluster) = 1961 
 num [1:3] 1954 6 1
NULL
R-CCU: dpObj$numberClusters = 3 
List of 2
 $ : num [1, 1, 1:3] 0.3597 0.7922 0.0869
 $ : num [1, 1, 1:3] 8.5 3.42 2.72
NULL
R priorParameters: 2 8 
R maxT: 1 
R_PriorDraw_first_mu: 0.9873636 
R_PriorDraw_first_nu: 3.488429 
R-CCU: Before ClusterLabelChange for i = 62 newLabel= 1 currentLabel= 1 
R-CCU: sum(pointsPerCluster) = 1961 
 num [1:3] 1954 6 1
NULL
R-CCU: After ClusterLabelChange for i = 62 
R-CCU: sum(pointsPerCluster) = 1962 
 num [1:3] 1955 6 1
NULL
R-CCU: dpObj$numberClusters = 3 
List of 2
 $ : num [1, 1, 1:3] 0.3597 0.7922 0.0869
 $ : num [1, 1, 1:3] 8.5 3.42 2.72
NULL
R priorParameters: 2 8 
R maxT: 1 
R_PriorDraw_first_mu: 0.365643 
R_PriorDraw_first_nu: 4.275914 
R-CCU: Before ClusterLabelChange for i = 63 newLabel= 1 currentLabel= 1 
R-CCU: sum(pointsPerCluster) = 1962 
 num [1:3] 1955 6 1
NULL
R-CCU: After ClusterLabelChange for i = 63 
R-CCU: sum(pointsPerCluster) = 1963 
 num [1:3] 1956 6 1
NULL
R-CCU: dpObj$numberClusters = 3 
List of 2
 $ : num [1, 1, 1:3] 0.3597 0.7922 0.0869
 $ : num [1, 1, 1:3] 8.5 3.42 2.72
NULL
R priorParameters: 2 8 
R maxT: 1 
R_PriorDraw_first_mu: 0.5743615 
R_PriorDraw_first_nu: 4.656957 
R-CCU: Before ClusterLabelChange for i = 64 newLabel= 1 currentLabel= 1 
R-CCU: sum(pointsPerCluster) = 1963 
 num [1:3] 1956 6 1
NULL
R-CCU: After ClusterLabelChange for i = 64 
R-CCU: sum(pointsPerCluster) = 1964 
 num [1:3] 1957 6 1
NULL
R-CCU: dpObj$numberClusters = 3 
List of 2
 $ : num [1, 1, 1:3] 0.3597 0.7922 0.0869
 $ : num [1, 1, 1:3] 8.5 3.42 2.72
NULL
R priorParameters: 2 8 
R maxT: 1 
R_PriorDraw_first_mu: 0.05829863 
R_PriorDraw_first_nu: 5.645171 
R-CCU: Before ClusterLabelChange for i = 65 newLabel= 1 currentLabel= 1 
R-CCU: sum(pointsPerCluster) = 1964 
 num [1:3] 1957 6 1
NULL
R-CCU: After ClusterLabelChange for i = 65 
R-CCU: sum(pointsPerCluster) = 1965 
 num [1:3] 1958 6 1
NULL
R-CCU: dpObj$numberClusters = 3 
List of 2
 $ : num [1, 1, 1:3] 0.3597 0.7922 0.0869
 $ : num [1, 1, 1:3] 8.5 3.42 2.72
NULL
R priorParameters: 2 8 
R maxT: 1 
R_PriorDraw_first_mu: 0.1588468 
R_PriorDraw_first_nu: 13.60287 
R-CCU: Before ClusterLabelChange for i = 66 newLabel= 1 currentLabel= 1 
R-CCU: sum(pointsPerCluster) = 1965 
 num [1:3] 1958 6 1
NULL
R-CCU: After ClusterLabelChange for i = 66 
R-CCU: sum(pointsPerCluster) = 1966 
 num [1:3] 1959 6 1
NULL
R-CCU: dpObj$numberClusters = 3 
List of 2
 $ : num [1, 1, 1:3] 0.3597 0.7922 0.0869
 $ : num [1, 1, 1:3] 8.5 3.42 2.72
NULL
R priorParameters: 2 8 
R maxT: 1 
R_PriorDraw_first_mu: 0.05357786 
R_PriorDraw_first_nu: 5.289336 
R-CCU: Before ClusterLabelChange for i = 67 newLabel= 1 currentLabel= 1 
R-CCU: sum(pointsPerCluster) = 1966 
 num [1:3] 1959 6 1
NULL
R-CCU: After ClusterLabelChange for i = 67 
R-CCU: sum(pointsPerCluster) = 1967 
 num [1:3] 1960 6 1
NULL
R-CCU: dpObj$numberClusters = 3 
List of 2
 $ : num [1, 1, 1:3] 0.3597 0.7922 0.0869
 $ : num [1, 1, 1:3] 8.5 3.42 2.72
NULL
R priorParameters: 2 8 
R maxT: 1 
R_PriorDraw_first_mu: 0.7977334 
R_PriorDraw_first_nu: 6.750636 
R-CCU: Before ClusterLabelChange for i = 68 newLabel= 1 currentLabel= 1 
R-CCU: sum(pointsPerCluster) = 1967 
 num [1:3] 1960 6 1
NULL
R-CCU: After ClusterLabelChange for i = 68 
R-CCU: sum(pointsPerCluster) = 1968 
 num [1:3] 1961 6 1
NULL
R-CCU: dpObj$numberClusters = 3 
List of 2
 $ : num [1, 1, 1:3] 0.3597 0.7922 0.0869
 $ : num [1, 1, 1:3] 8.5 3.42 2.72
NULL
R priorParameters: 2 8 
R maxT: 1 
R_PriorDraw_first_mu: 0.9281626 
R_PriorDraw_first_nu: 4.87177 
R-CCU: Before ClusterLabelChange for i = 69 newLabel= 1 currentLabel= 1 
R-CCU: sum(pointsPerCluster) = 1968 
 num [1:3] 1961 6 1
NULL
R-CCU: After ClusterLabelChange for i = 69 
R-CCU: sum(pointsPerCluster) = 1969 
 num [1:3] 1962 6 1
NULL
R-CCU: dpObj$numberClusters = 3 
List of 2
 $ : num [1, 1, 1:3] 0.3597 0.7922 0.0869
 $ : num [1, 1, 1:3] 8.5 3.42 2.72
NULL
R priorParameters: 2 8 
R maxT: 1 
R_PriorDraw_first_mu: 0.8859385 
R_PriorDraw_first_nu: 7.989827 
R-CCU: Before ClusterLabelChange for i = 70 newLabel= 1 currentLabel= 1 
R-CCU: sum(pointsPerCluster) = 1969 
 num [1:3] 1962 6 1
NULL
R-CCU: After ClusterLabelChange for i = 70 
R-CCU: sum(pointsPerCluster) = 1970 
 num [1:3] 1963 6 1
NULL
R-CCU: dpObj$numberClusters = 3 
List of 2
 $ : num [1, 1, 1:3] 0.3597 0.7922 0.0869
 $ : num [1, 1, 1:3] 8.5 3.42 2.72
NULL
R priorParameters: 2 8 
R maxT: 1 
R_PriorDraw_first_mu: 0.2397347 
R_PriorDraw_first_nu: 16.28735 
R-CCU: Before ClusterLabelChange for i = 71 newLabel= 1 currentLabel= 1 
R-CCU: sum(pointsPerCluster) = 1970 
 num [1:3] 1963 6 1
NULL
R-CCU: After ClusterLabelChange for i = 71 
R-CCU: sum(pointsPerCluster) = 1971 
 num [1:3] 1964 6 1
NULL
R-CCU: dpObj$numberClusters = 3 
List of 2
 $ : num [1, 1, 1:3] 0.3597 0.7922 0.0869
 $ : num [1, 1, 1:3] 8.5 3.42 2.72
NULL
R priorParameters: 2 8 
R maxT: 1 
R_PriorDraw_first_mu: 0.4027736 
R_PriorDraw_first_nu: 1.789911 
R-CCU: Before ClusterLabelChange for i = 72 newLabel= 1 currentLabel= 1 
R-CCU: sum(pointsPerCluster) = 1971 
 num [1:3] 1964 6 1
NULL
R-CCU: After ClusterLabelChange for i = 72 
R-CCU: sum(pointsPerCluster) = 1972 
 num [1:3] 1965 6 1
NULL
R-CCU: dpObj$numberClusters = 3 
List of 2
 $ : num [1, 1, 1:3] 0.3597 0.7922 0.0869
 $ : num [1, 1, 1:3] 8.5 3.42 2.72
NULL
R priorParameters: 2 8 
R maxT: 1 
R_PriorDraw_first_mu: 0.2734924 
R_PriorDraw_first_nu: 2.055709 
R-CCU: Before ClusterLabelChange for i = 73 newLabel= 1 currentLabel= 1 
R-CCU: sum(pointsPerCluster) = 1972 
 num [1:3] 1965 6 1
NULL
R-CCU: After ClusterLabelChange for i = 73 
R-CCU: sum(pointsPerCluster) = 1973 
 num [1:3] 1966 6 1
NULL
R-CCU: dpObj$numberClusters = 3 
List of 2
 $ : num [1, 1, 1:3] 0.3597 0.7922 0.0869
 $ : num [1, 1, 1:3] 8.5 3.42 2.72
NULL
R priorParameters: 2 8 
R maxT: 1 
R_PriorDraw_first_mu: 0.6186147 
R_PriorDraw_first_nu: 6.81454 
R-CCU: Before ClusterLabelChange for i = 74 newLabel= 1 currentLabel= 1 
R-CCU: sum(pointsPerCluster) = 1973 
 num [1:3] 1966 6 1
NULL
R-CCU: After ClusterLabelChange for i = 74 
R-CCU: sum(pointsPerCluster) = 1974 
 num [1:3] 1967 6 1
NULL
R-CCU: dpObj$numberClusters = 3 
List of 2
 $ : num [1, 1, 1:3] 0.3597 0.7922 0.0869
 $ : num [1, 1, 1:3] 8.5 3.42 2.72
NULL
R priorParameters: 2 8 
R maxT: 1 
R_PriorDraw_first_mu: 0.7369053 
R_PriorDraw_first_nu: 1.717646 
R-CCU: Before ClusterLabelChange for i = 75 newLabel= 1 currentLabel= 1 
R-CCU: sum(pointsPerCluster) = 1974 
 num [1:3] 1967 6 1
NULL
R-CCU: After ClusterLabelChange for i = 75 
R-CCU: sum(pointsPerCluster) = 1975 
 num [1:3] 1968 6 1
NULL
R-CCU: dpObj$numberClusters = 3 
List of 2
 $ : num [1, 1, 1:3] 0.3597 0.7922 0.0869
 $ : num [1, 1, 1:3] 8.5 3.42 2.72
NULL
R priorParameters: 2 8 
R maxT: 1 
R_PriorDraw_first_mu: 0.3154589 
R_PriorDraw_first_nu: 8.645021 
R-CCU: Before ClusterLabelChange for i = 76 newLabel= 1 currentLabel= 1 
R-CCU: sum(pointsPerCluster) = 1975 
 num [1:3] 1968 6 1
NULL
R-CCU: After ClusterLabelChange for i = 76 
R-CCU: sum(pointsPerCluster) = 1976 
 num [1:3] 1969 6 1
NULL
R-CCU: dpObj$numberClusters = 3 
List of 2
 $ : num [1, 1, 1:3] 0.3597 0.7922 0.0869
 $ : num [1, 1, 1:3] 8.5 3.42 2.72
NULL
R priorParameters: 2 8 
R maxT: 1 
R_PriorDraw_first_mu: 0.9778227 
R_PriorDraw_first_nu: 2.58577 
R-CCU: Before ClusterLabelChange for i = 77 newLabel= 1 currentLabel= 1 
R-CCU: sum(pointsPerCluster) = 1976 
 num [1:3] 1969 6 1
NULL
R-CCU: After ClusterLabelChange for i = 77 
R-CCU: sum(pointsPerCluster) = 1977 
 num [1:3] 1970 6 1
NULL
R-CCU: dpObj$numberClusters = 3 
List of 2
 $ : num [1, 1, 1:3] 0.3597 0.7922 0.0869
 $ : num [1, 1, 1:3] 8.5 3.42 2.72
NULL
R priorParameters: 2 8 
R maxT: 1 
R_PriorDraw_first_mu: 0.3456062 
R_PriorDraw_first_nu: 1.72692 
R-CCU: Before ClusterLabelChange for i = 78 newLabel= 1 currentLabel= 1 
R-CCU: sum(pointsPerCluster) = 1977 
 num [1:3] 1970 6 1
NULL
R-CCU: After ClusterLabelChange for i = 78 
R-CCU: sum(pointsPerCluster) = 1978 
 num [1:3] 1971 6 1
NULL
R-CCU: dpObj$numberClusters = 3 
List of 2
 $ : num [1, 1, 1:3] 0.3597 0.7922 0.0869
 $ : num [1, 1, 1:3] 8.5 3.42 2.72
NULL
R priorParameters: 2 8 
R maxT: 1 
R_PriorDraw_first_mu: 0.860473 
R_PriorDraw_first_nu: 1.680502 
R-CCU: Before ClusterLabelChange for i = 79 newLabel= 1 currentLabel= 1 
R-CCU: sum(pointsPerCluster) = 1978 
 num [1:3] 1971 6 1
NULL
R-CCU: After ClusterLabelChange for i = 79 
R-CCU: sum(pointsPerCluster) = 1979 
 num [1:3] 1972 6 1
NULL
R-CCU: dpObj$numberClusters = 3 
List of 2
 $ : num [1, 1, 1:3] 0.3597 0.7922 0.0869
 $ : num [1, 1, 1:3] 8.5 3.42 2.72
NULL
R priorParameters: 2 8 
R maxT: 1 
R_PriorDraw_first_mu: 0.544673 
R_PriorDraw_first_nu: 2.976162 
R-CCU: Before ClusterLabelChange for i = 80 newLabel= 1 currentLabel= 1 
R-CCU: sum(pointsPerCluster) = 1979 
 num [1:3] 1972 6 1
NULL
R-CCU: After ClusterLabelChange for i = 80 
R-CCU: sum(pointsPerCluster) = 1980 
 num [1:3] 1973 6 1
NULL
R-CCU: dpObj$numberClusters = 3 
List of 2
 $ : num [1, 1, 1:3] 0.3597 0.7922 0.0869
 $ : num [1, 1, 1:3] 8.5 3.42 2.72
NULL
R priorParameters: 2 8 
R maxT: 1 
R_PriorDraw_first_mu: 0.9924558 
R_PriorDraw_first_nu: 4.854181 
R-CCU: Before ClusterLabelChange for i = 81 newLabel= 1 currentLabel= 1 
R-CCU: sum(pointsPerCluster) = 1980 
 num [1:3] 1973 6 1
NULL
R-CCU: After ClusterLabelChange for i = 81 
R-CCU: sum(pointsPerCluster) = 1981 
 num [1:3] 1974 6 1
NULL
R-CCU: dpObj$numberClusters = 3 
List of 2
 $ : num [1, 1, 1:3] 0.3597 0.7922 0.0869
 $ : num [1, 1, 1:3] 8.5 3.42 2.72
NULL
R priorParameters: 2 8 
R maxT: 1 
R_PriorDraw_first_mu: 0.7792362 
R_PriorDraw_first_nu: 6.264884 
R-CCU: Before ClusterLabelChange for i = 82 newLabel= 1 currentLabel= 1 
R-CCU: sum(pointsPerCluster) = 1981 
 num [1:3] 1974 6 1
NULL
R-CCU: After ClusterLabelChange for i = 82 
R-CCU: sum(pointsPerCluster) = 1982 
 num [1:3] 1975 6 1
NULL
R-CCU: dpObj$numberClusters = 3 
List of 2
 $ : num [1, 1, 1:3] 0.3597 0.7922 0.0869
 $ : num [1, 1, 1:3] 8.5 3.42 2.72
NULL
R priorParameters: 2 8 
R maxT: 1 
R_PriorDraw_first_mu: 0.5724735 
R_PriorDraw_first_nu: 2.018285 
R-CCU: Before ClusterLabelChange for i = 83 newLabel= 1 currentLabel= 1 
R-CCU: sum(pointsPerCluster) = 1982 
 num [1:3] 1975 6 1
NULL
R-CCU: After ClusterLabelChange for i = 83 
R-CCU: sum(pointsPerCluster) = 1983 
 num [1:3] 1976 6 1
NULL
R-CCU: dpObj$numberClusters = 3 
List of 2
 $ : num [1, 1, 1:3] 0.3597 0.7922 0.0869
 $ : num [1, 1, 1:3] 8.5 3.42 2.72
NULL
R priorParameters: 2 8 
R maxT: 1 
R_PriorDraw_first_mu: 0.2324765 
R_PriorDraw_first_nu: 2.617734 
R-CCU: Before ClusterLabelChange for i = 84 newLabel= 1 currentLabel= 1 
R-CCU: sum(pointsPerCluster) = 1983 
 num [1:3] 1976 6 1
NULL
R-CCU: After ClusterLabelChange for i = 84 
R-CCU: sum(pointsPerCluster) = 1984 
 num [1:3] 1977 6 1
NULL
R-CCU: dpObj$numberClusters = 3 
List of 2
 $ : num [1, 1, 1:3] 0.3597 0.7922 0.0869
 $ : num [1, 1, 1:3] 8.5 3.42 2.72
NULL
R priorParameters: 2 8 
R maxT: 1 
R_PriorDraw_first_mu: 0.1137533 
R_PriorDraw_first_nu: 6.152097 
R-CCU: Before ClusterLabelChange for i = 85 newLabel= 1 currentLabel= 1 
R-CCU: sum(pointsPerCluster) = 1984 
 num [1:3] 1977 6 1
NULL
R-CCU: After ClusterLabelChange for i = 85 
R-CCU: sum(pointsPerCluster) = 1985 
 num [1:3] 1978 6 1
NULL
R-CCU: dpObj$numberClusters = 3 
List of 2
 $ : num [1, 1, 1:3] 0.3597 0.7922 0.0869
 $ : num [1, 1, 1:3] 8.5 3.42 2.72
NULL
R priorParameters: 2 8 
R maxT: 1 
R_PriorDraw_first_mu: 0.3742682 
R_PriorDraw_first_nu: 5.830272 
R-CCU: Before ClusterLabelChange for i = 86 newLabel= 1 currentLabel= 1 
R-CCU: sum(pointsPerCluster) = 1985 
 num [1:3] 1978 6 1
NULL
R-CCU: After ClusterLabelChange for i = 86 
R-CCU: sum(pointsPerCluster) = 1986 
 num [1:3] 1979 6 1
NULL
R-CCU: dpObj$numberClusters = 3 
List of 2
 $ : num [1, 1, 1:3] 0.3597 0.7922 0.0869
 $ : num [1, 1, 1:3] 8.5 3.42 2.72
NULL
R priorParameters: 2 8 
R maxT: 1 
R_PriorDraw_first_mu: 0.4243411 
R_PriorDraw_first_nu: 1.739324 
R-CCU: Before ClusterLabelChange for i = 87 newLabel= 1 currentLabel= 1 
R-CCU: sum(pointsPerCluster) = 1986 
 num [1:3] 1979 6 1
NULL
R-CCU: After ClusterLabelChange for i = 87 
R-CCU: sum(pointsPerCluster) = 1987 
 num [1:3] 1980 6 1
NULL
R-CCU: dpObj$numberClusters = 3 
List of 2
 $ : num [1, 1, 1:3] 0.3597 0.7922 0.0869
 $ : num [1, 1, 1:3] 8.5 3.42 2.72
NULL
R priorParameters: 2 8 
R maxT: 1 
R_PriorDraw_first_mu: 0.7178974 
R_PriorDraw_first_nu: 8.025302 
R-CCU: Before ClusterLabelChange for i = 88 newLabel= 1 currentLabel= 1 
R-CCU: sum(pointsPerCluster) = 1987 
 num [1:3] 1980 6 1
NULL
R-CCU: After ClusterLabelChange for i = 88 
R-CCU: sum(pointsPerCluster) = 1988 
 num [1:3] 1981 6 1
NULL
R-CCU: dpObj$numberClusters = 3 
List of 2
 $ : num [1, 1, 1:3] 0.3597 0.7922 0.0869
 $ : num [1, 1, 1:3] 8.5 3.42 2.72
NULL
R priorParameters: 2 8 
R maxT: 1 
R_PriorDraw_first_mu: 0.07252901 
R_PriorDraw_first_nu: 1.778257 
R-CCU: Before ClusterLabelChange for i = 89 newLabel= 1 currentLabel= 1 
R-CCU: sum(pointsPerCluster) = 1988 
 num [1:3] 1981 6 1
NULL
R-CCU: After ClusterLabelChange for i = 89 
R-CCU: sum(pointsPerCluster) = 1989 
 num [1:3] 1982 6 1
NULL
R-CCU: dpObj$numberClusters = 3 
List of 2
 $ : num [1, 1, 1:3] 0.3597 0.7922 0.0869
 $ : num [1, 1, 1:3] 8.5 3.42 2.72
NULL
R priorParameters: 2 8 
R maxT: 1 
R_PriorDraw_first_mu: 0.2246527 
R_PriorDraw_first_nu: 3.854331 
R-CCU: Before ClusterLabelChange for i = 90 newLabel= 1 currentLabel= 1 
R-CCU: sum(pointsPerCluster) = 1989 
 num [1:3] 1982 6 1
NULL
R-CCU: After ClusterLabelChange for i = 90 
R-CCU: sum(pointsPerCluster) = 1990 
 num [1:3] 1983 6 1
NULL
R-CCU: dpObj$numberClusters = 3 
List of 2
 $ : num [1, 1, 1:3] 0.3597 0.7922 0.0869
 $ : num [1, 1, 1:3] 8.5 3.42 2.72
NULL
R priorParameters: 2 8 
R maxT: 1 
R_PriorDraw_first_mu: 0.1108355 
R_PriorDraw_first_nu: 4.884438 
R-CCU: Before ClusterLabelChange for i = 91 newLabel= 1 currentLabel= 1 
R-CCU: sum(pointsPerCluster) = 1990 
 num [1:3] 1983 6 1
NULL
R-CCU: After ClusterLabelChange for i = 91 
R-CCU: sum(pointsPerCluster) = 1991 
 num [1:3] 1984 6 1
NULL
R-CCU: dpObj$numberClusters = 3 
List of 2
 $ : num [1, 1, 1:3] 0.3597 0.7922 0.0869
 $ : num [1, 1, 1:3] 8.5 3.42 2.72
NULL
R priorParameters: 2 8 
R maxT: 1 
R_PriorDraw_first_mu: 0.3007186 
R_PriorDraw_first_nu: 6.629524 
R-CCU: Before ClusterLabelChange for i = 92 newLabel= 1 currentLabel= 1 
R-CCU: sum(pointsPerCluster) = 1991 
 num [1:3] 1984 6 1
NULL
R-CCU: After ClusterLabelChange for i = 92 
R-CCU: sum(pointsPerCluster) = 1992 
 num [1:3] 1985 6 1
NULL
R-CCU: dpObj$numberClusters = 3 
List of 2
 $ : num [1, 1, 1:3] 0.3597 0.7922 0.0869
 $ : num [1, 1, 1:3] 8.5 3.42 2.72
NULL
R priorParameters: 2 8 
R maxT: 1 
R_PriorDraw_first_mu: 0.08519564 
R_PriorDraw_first_nu: 11.16701 
R-CCU: Before ClusterLabelChange for i = 93 newLabel= 1 currentLabel= 1 
R-CCU: sum(pointsPerCluster) = 1992 
 num [1:3] 1985 6 1
NULL
R-CCU: After ClusterLabelChange for i = 93 
R-CCU: sum(pointsPerCluster) = 1993 
 num [1:3] 1986 6 1
NULL
R-CCU: dpObj$numberClusters = 3 
List of 2
 $ : num [1, 1, 1:3] 0.3597 0.7922 0.0869
 $ : num [1, 1, 1:3] 8.5 3.42 2.72
NULL
R priorParameters: 2 8 
R maxT: 1 
R_PriorDraw_first_mu: 0.9335859 
R_PriorDraw_first_nu: 6.452253 
R-CCU: Before ClusterLabelChange for i = 94 newLabel= 1 currentLabel= 1 
R-CCU: sum(pointsPerCluster) = 1993 
 num [1:3] 1986 6 1
NULL
R-CCU: After ClusterLabelChange for i = 94 
R-CCU: sum(pointsPerCluster) = 1994 
 num [1:3] 1987 6 1
NULL
R-CCU: dpObj$numberClusters = 3 
List of 2
 $ : num [1, 1, 1:3] 0.3597 0.7922 0.0869
 $ : num [1, 1, 1:3] 8.5 3.42 2.72
NULL
R priorParameters: 2 8 
R maxT: 1 
R_PriorDraw_first_mu: 0.04763551 
R_PriorDraw_first_nu: 82.11691 
R-CCU: Before ClusterLabelChange for i = 95 newLabel= 1 currentLabel= 1 
R-CCU: sum(pointsPerCluster) = 1994 
 num [1:3] 1987 6 1
NULL
R-CCU: After ClusterLabelChange for i = 95 
R-CCU: sum(pointsPerCluster) = 1995 
 num [1:3] 1988 6 1
NULL
R-CCU: dpObj$numberClusters = 3 
List of 2
 $ : num [1, 1, 1:3] 0.3597 0.7922 0.0869
 $ : num [1, 1, 1:3] 8.5 3.42 2.72
NULL
R priorParameters: 2 8 
R maxT: 1 
R_PriorDraw_first_mu: 0.9546285 
R_PriorDraw_first_nu: 3.284098 
R-CCU: Before ClusterLabelChange for i = 96 newLabel= 1 currentLabel= 1 
R-CCU: sum(pointsPerCluster) = 1995 
 num [1:3] 1988 6 1
NULL
R-CCU: After ClusterLabelChange for i = 96 
R-CCU: sum(pointsPerCluster) = 1996 
 num [1:3] 1989 6 1
NULL
R-CCU: dpObj$numberClusters = 3 
List of 2
 $ : num [1, 1, 1:3] 0.3597 0.7922 0.0869
 $ : num [1, 1, 1:3] 8.5 3.42 2.72
NULL
R priorParameters: 2 8 
R maxT: 1 
R_PriorDraw_first_mu: 0.9617283 
R_PriorDraw_first_nu: 3.625654 
R-CCU: Before ClusterLabelChange for i = 97 newLabel= 1 currentLabel= 1 
R-CCU: sum(pointsPerCluster) = 1996 
 num [1:3] 1989 6 1
NULL
R-CCU: After ClusterLabelChange for i = 97 
R-CCU: sum(pointsPerCluster) = 1997 
 num [1:3] 1990 6 1
NULL
R-CCU: dpObj$numberClusters = 3 
List of 2
 $ : num [1, 1, 1:3] 0.3597 0.7922 0.0869
 $ : num [1, 1, 1:3] 8.5 3.42 2.72
NULL
R priorParameters: 2 8 
R maxT: 1 
R_PriorDraw_first_mu: 0.4276508 
R_PriorDraw_first_nu: 7.170905 
R-CCU: Before ClusterLabelChange for i = 98 newLabel= 1 currentLabel= 1 
R-CCU: sum(pointsPerCluster) = 1997 
 num [1:3] 1990 6 1
NULL
R-CCU: After ClusterLabelChange for i = 98 
R-CCU: sum(pointsPerCluster) = 1998 
 num [1:3] 1991 6 1
NULL
R-CCU: dpObj$numberClusters = 3 
List of 2
 $ : num [1, 1, 1:3] 0.3597 0.7922 0.0869
 $ : num [1, 1, 1:3] 8.5 3.42 2.72
NULL
R priorParameters: 2 8 
R maxT: 1 
R_PriorDraw_first_mu: 0.7324405 
R_PriorDraw_first_nu: 6.980632 
R-CCU: Before ClusterLabelChange for i = 99 newLabel= 1 currentLabel= 1 
R-CCU: sum(pointsPerCluster) = 1998 
 num [1:3] 1991 6 1
NULL
R-CCU: After ClusterLabelChange for i = 99 
R-CCU: sum(pointsPerCluster) = 1999 
 num [1:3] 1992 6 1
NULL
R-CCU: dpObj$numberClusters = 3 
List of 2
 $ : num [1, 1, 1:3] 0.3597 0.7922 0.0869
 $ : num [1, 1, 1:3] 8.5 3.42 2.72
NULL
R priorParameters: 2 8 
R maxT: 1 
R_PriorDraw_first_mu: 0.631672 
R_PriorDraw_first_nu: 4.7992 
R-CCU: Before ClusterLabelChange for i = 100 newLabel= 1 currentLabel= 1 
R-CCU: sum(pointsPerCluster) = 1999 
 num [1:3] 1992 6 1
NULL
R-CCU: After ClusterLabelChange for i = 100 
R-CCU: sum(pointsPerCluster) = 2000 
 num [1:3] 1993 6 1
NULL
R-CCU: dpObj$numberClusters = 3 
List of 2
 $ : num [1, 1, 1:3] 0.3597 0.7922 0.0869
 $ : num [1, 1, 1:3] 8.5 3.42 2.72
NULL

⠸ | 1 138      5 | Beta Distribution Full Integration Test         
⠼ | 1 139      5 | Beta Distribution Full Integration Test         R priorParameters: 2 8 
R maxT: 1 
R_PriorDraw_first_mu: 0.9777167 
R_PriorDraw_first_nu: 2.962346 
R-CCU: Before ClusterLabelChange for i = 1 newLabel= 1 currentLabel= 1 
R-CCU: sum(pointsPerCluster) = 2000 
 num [1:3] 1993 6 1
NULL
R-CCU: After ClusterLabelChange for i = 1 
R-CCU: sum(pointsPerCluster) = 2001 
 num [1:3] 1994 6 1
NULL
R-CCU: dpObj$numberClusters = 3 
List of 2
 $ : num [1, 1, 1:3] 0.35 0.279 0.0869
 $ : num [1, 1, 1:3] 6.25 20.1 2.72
NULL
R priorParameters: 2 8 
R maxT: 1 
R_PriorDraw_first_mu: 0.5614706 
R_PriorDraw_first_nu: 3.751845 
R-CCU: Before ClusterLabelChange for i = 2 newLabel= 1 currentLabel= 1 
R-CCU: sum(pointsPerCluster) = 2001 
 num [1:3] 1994 6 1
NULL
R-CCU: After ClusterLabelChange for i = 2 
R-CCU: sum(pointsPerCluster) = 2002 
 num [1:3] 1995 6 1
NULL
R-CCU: dpObj$numberClusters = 3 
List of 2
 $ : num [1, 1, 1:3] 0.35 0.279 0.0869
 $ : num [1, 1, 1:3] 6.25 20.1 2.72
NULL
R priorParameters: 2 8 
R maxT: 1 
R_PriorDraw_first_mu: 0.09818437 
R_PriorDraw_first_nu: 2.075914 
R-CCU: Before ClusterLabelChange for i = 3 newLabel= 1 currentLabel= 1 
R-CCU: sum(pointsPerCluster) = 2002 
 num [1:3] 1995 6 1
NULL
R-CCU: After ClusterLabelChange for i = 3 
R-CCU: sum(pointsPerCluster) = 2003 
 num [1:3] 1996 6 1
NULL
R-CCU: dpObj$numberClusters = 3 
List of 2
 $ : num [1, 1, 1:3] 0.35 0.279 0.0869
 $ : num [1, 1, 1:3] 6.25 20.1 2.72
NULL
R priorParameters: 2 8 
R maxT: 1 
R_PriorDraw_first_mu: 0.5003011 
R_PriorDraw_first_nu: 5.494092 
R-CCU: Before ClusterLabelChange for i = 4 newLabel= 1 currentLabel= 1 
R-CCU: sum(pointsPerCluster) = 2003 
 num [1:3] 1996 6 1
NULL
R-CCU: After ClusterLabelChange for i = 4 
R-CCU: sum(pointsPerCluster) = 2004 
 num [1:3] 1997 6 1
NULL
R-CCU: dpObj$numberClusters = 3 
List of 2
 $ : num [1, 1, 1:3] 0.35 0.279 0.0869
 $ : num [1, 1, 1:3] 6.25 20.1 2.72
NULL
R priorParameters: 2 8 
R maxT: 1 
R_PriorDraw_first_mu: 0.6340311 
R_PriorDraw_first_nu: 15.17201 
R-CCU: Before ClusterLabelChange for i = 5 newLabel= 1 currentLabel= 1 
R-CCU: sum(pointsPerCluster) = 2004 
 num [1:3] 1997 6 1
NULL
R-CCU: After ClusterLabelChange for i = 5 
R-CCU: sum(pointsPerCluster) = 2005 
 num [1:3] 1998 6 1
NULL
R-CCU: dpObj$numberClusters = 3 
List of 2
 $ : num [1, 1, 1:3] 0.35 0.279 0.0869
 $ : num [1, 1, 1:3] 6.25 20.1 2.72
NULL
R priorParameters: 2 8 
R maxT: 1 
R_PriorDraw_first_mu: 0.3325332 
R_PriorDraw_first_nu: 31.62556 
R-CCU: Before ClusterLabelChange for i = 6 newLabel= 1 currentLabel= 1 
R-CCU: sum(pointsPerCluster) = 2005 
 num [1:3] 1998 6 1
NULL
R-CCU: After ClusterLabelChange for i = 6 
R-CCU: sum(pointsPerCluster) = 2006 
 num [1:3] 1999 6 1
NULL
R-CCU: dpObj$numberClusters = 3 
List of 2
 $ : num [1, 1, 1:3] 0.35 0.279 0.0869
 $ : num [1, 1, 1:3] 6.25 20.1 2.72
NULL
R priorParameters: 2 8 
R maxT: 1 
R_PriorDraw_first_mu: 0.2701369 
R_PriorDraw_first_nu: 7.908052 
R-CCU: Before ClusterLabelChange for i = 7 newLabel= 1 currentLabel= 1 
R-CCU: sum(pointsPerCluster) = 2006 
 num [1:3] 1999 6 1
NULL
R-CCU: After ClusterLabelChange for i = 7 
R-CCU: sum(pointsPerCluster) = 2007 
 num [1:3] 2000 6 1
NULL
R-CCU: dpObj$numberClusters = 3 
List of 2
 $ : num [1, 1, 1:3] 0.35 0.279 0.0869
 $ : num [1, 1, 1:3] 6.25 20.1 2.72
NULL
R priorParameters: 2 8 
R maxT: 1 
R_PriorDraw_first_mu: 0.3827042 
R_PriorDraw_first_nu: 11.63464 
R-CCU: Before ClusterLabelChange for i = 8 newLabel= 1 currentLabel= 1 
R-CCU: sum(pointsPerCluster) = 2007 
 num [1:3] 2000 6 1
NULL
R-CCU: After ClusterLabelChange for i = 8 
R-CCU: sum(pointsPerCluster) = 2008 
 num [1:3] 2001 6 1
NULL
R-CCU: dpObj$numberClusters = 3 
List of 2
 $ : num [1, 1, 1:3] 0.35 0.279 0.0869
 $ : num [1, 1, 1:3] 6.25 20.1 2.72
NULL
R priorParameters: 2 8 
R maxT: 1 
R_PriorDraw_first_mu: 0.2101766 
R_PriorDraw_first_nu: 5.930485 
R-CCU: Before ClusterLabelChange for i = 9 newLabel= 1 currentLabel= 1 
R-CCU: sum(pointsPerCluster) = 2008 
 num [1:3] 2001 6 1
NULL
R-CCU: After ClusterLabelChange for i = 9 
R-CCU: sum(pointsPerCluster) = 2009 
 num [1:3] 2002 6 1
NULL
R-CCU: dpObj$numberClusters = 3 
List of 2
 $ : num [1, 1, 1:3] 0.35 0.279 0.0869
 $ : num [1, 1, 1:3] 6.25 20.1 2.72
NULL
R priorParameters: 2 8 
R maxT: 1 
R_PriorDraw_first_mu: 0.3900844 
R_PriorDraw_first_nu: 10.7355 
R-CCU: Before ClusterLabelChange for i = 10 newLabel= 1 currentLabel= 1 
R-CCU: sum(pointsPerCluster) = 2009 
 num [1:3] 2002 6 1
NULL
R-CCU: After ClusterLabelChange for i = 10 
R-CCU: sum(pointsPerCluster) = 2010 
 num [1:3] 2003 6 1
NULL
R-CCU: dpObj$numberClusters = 3 
List of 2
 $ : num [1, 1, 1:3] 0.35 0.279 0.0869
 $ : num [1, 1, 1:3] 6.25 20.1 2.72
NULL
R priorParameters: 2 8 
R maxT: 1 
R_PriorDraw_first_mu: 0.8278324 
R_PriorDraw_first_nu: 1.531674 
R-CCU: Before ClusterLabelChange for i = 11 newLabel= 1 currentLabel= 1 
R-CCU: sum(pointsPerCluster) = 2010 
 num [1:3] 2003 6 1
NULL
R-CCU: After ClusterLabelChange for i = 11 
R-CCU: sum(pointsPerCluster) = 2011 
 num [1:3] 2004 6 1
NULL
R-CCU: dpObj$numberClusters = 3 
List of 2
 $ : num [1, 1, 1:3] 0.35 0.279 0.0869
 $ : num [1, 1, 1:3] 6.25 20.1 2.72
NULL
R priorParameters: 2 8 
R maxT: 1 
R_PriorDraw_first_mu: 0.4219314 
R_PriorDraw_first_nu: 14.68854 
R-CCU: Before ClusterLabelChange for i = 12 newLabel= 1 currentLabel= 1 
R-CCU: sum(pointsPerCluster) = 2011 
 num [1:3] 2004 6 1
NULL
R-CCU: After ClusterLabelChange for i = 12 
R-CCU: sum(pointsPerCluster) = 2012 
 num [1:3] 2005 6 1
NULL
R-CCU: dpObj$numberClusters = 3 
List of 2
 $ : num [1, 1, 1:3] 0.35 0.279 0.0869
 $ : num [1, 1, 1:3] 6.25 20.1 2.72
NULL
R priorParameters: 2 8 
R maxT: 1 
R_PriorDraw_first_mu: 0.9562314 
R_PriorDraw_first_nu: 20.23253 
R-CCU: Before ClusterLabelChange for i = 13 newLabel= 1 currentLabel= 1 
R-CCU: sum(pointsPerCluster) = 2012 
 num [1:3] 2005 6 1
NULL
R-CCU: After ClusterLabelChange for i = 13 
R-CCU: sum(pointsPerCluster) = 2013 
 num [1:3] 2006 6 1
NULL
R-CCU: dpObj$numberClusters = 3 
List of 2
 $ : num [1, 1, 1:3] 0.35 0.279 0.0869
 $ : num [1, 1, 1:3] 6.25 20.1 2.72
NULL
R priorParameters: 2 8 
R maxT: 1 
R_PriorDraw_first_mu: 0.7122786 
R_PriorDraw_first_nu: 5.494026 
R-CCU: Before ClusterLabelChange for i = 14 newLabel= 1 currentLabel= 1 
R-CCU: sum(pointsPerCluster) = 2013 
 num [1:3] 2006 6 1
NULL
R-CCU: After ClusterLabelChange for i = 14 
R-CCU: sum(pointsPerCluster) = 2014 
 num [1:3] 2007 6 1
NULL
R-CCU: dpObj$numberClusters = 3 
List of 2
 $ : num [1, 1, 1:3] 0.35 0.279 0.0869
 $ : num [1, 1, 1:3] 6.25 20.1 2.72
NULL
R priorParameters: 2 8 
R maxT: 1 
R_PriorDraw_first_mu: 0.3863182 
R_PriorDraw_first_nu: 5.872789 
R-CCU: Before ClusterLabelChange for i = 15 newLabel= 1 currentLabel= 1 
R-CCU: sum(pointsPerCluster) = 2014 
 num [1:3] 2007 6 1
NULL
R-CCU: After ClusterLabelChange for i = 15 
R-CCU: sum(pointsPerCluster) = 2015 
 num [1:3] 2008 6 1
NULL
R-CCU: dpObj$numberClusters = 3 
List of 2
 $ : num [1, 1, 1:3] 0.35 0.279 0.0869
 $ : num [1, 1, 1:3] 6.25 20.1 2.72
NULL
R priorParameters: 2 8 
R maxT: 1 
R_PriorDraw_first_mu: 0.3616233 
R_PriorDraw_first_nu: 13.95926 
R-CCU: Before ClusterLabelChange for i = 16 newLabel= 1 currentLabel= 1 
R-CCU: sum(pointsPerCluster) = 2015 
 num [1:3] 2008 6 1
NULL
R-CCU: After ClusterLabelChange for i = 16 
R-CCU: sum(pointsPerCluster) = 2016 
 num [1:3] 2009 6 1
NULL
R-CCU: dpObj$numberClusters = 3 
List of 2
 $ : num [1, 1, 1:3] 0.35 0.279 0.0869
 $ : num [1, 1, 1:3] 6.25 20.1 2.72
NULL
R priorParameters: 2 8 
R maxT: 1 
R_PriorDraw_first_mu: 0.0606845 
R_PriorDraw_first_nu: 1.702774 
R-CCU: Before ClusterLabelChange for i = 17 newLabel= 1 currentLabel= 1 
R-CCU: sum(pointsPerCluster) = 2016 
 num [1:3] 2009 6 1
NULL
R-CCU: After ClusterLabelChange for i = 17 
R-CCU: sum(pointsPerCluster) = 2017 
 num [1:3] 2010 6 1
NULL
R-CCU: dpObj$numberClusters = 3 
List of 2
 $ : num [1, 1, 1:3] 0.35 0.279 0.0869
 $ : num [1, 1, 1:3] 6.25 20.1 2.72
NULL
R priorParameters: 2 8 
R maxT: 1 
R_PriorDraw_first_mu: 0.9530401 
R_PriorDraw_first_nu: 1.940219 
R-CCU: Before ClusterLabelChange for i = 18 newLabel= 1 currentLabel= 1 
R-CCU: sum(pointsPerCluster) = 2017 
 num [1:3] 2010 6 1
NULL
R-CCU: After ClusterLabelChange for i = 18 
R-CCU: sum(pointsPerCluster) = 2018 
 num [1:3] 2011 6 1
NULL
R-CCU: dpObj$numberClusters = 3 
List of 2
 $ : num [1, 1, 1:3] 0.35 0.279 0.0869
 $ : num [1, 1, 1:3] 6.25 20.1 2.72
NULL
R priorParameters: 2 8 
R maxT: 1 
R_PriorDraw_first_mu: 0.1625506 
R_PriorDraw_first_nu: 7.579262 
R-CCU: Before ClusterLabelChange for i = 19 newLabel= 1 currentLabel= 1 
R-CCU: sum(pointsPerCluster) = 2018 
 num [1:3] 2011 6 1
NULL
R-CCU: After ClusterLabelChange for i = 19 
R-CCU: sum(pointsPerCluster) = 2019 
 num [1:3] 2012 6 1
NULL
R-CCU: dpObj$numberClusters = 3 
List of 2
 $ : num [1, 1, 1:3] 0.35 0.279 0.0869
 $ : num [1, 1, 1:3] 6.25 20.1 2.72
NULL
R priorParameters: 2 8 
R maxT: 1 
R_PriorDraw_first_mu: 0.978187 
R_PriorDraw_first_nu: 4.100744 
R-CCU: Before ClusterLabelChange for i = 20 newLabel= 1 currentLabel= 1 
R-CCU: sum(pointsPerCluster) = 2019 
 num [1:3] 2012 6 1
NULL
R-CCU: After ClusterLabelChange for i = 20 
R-CCU: sum(pointsPerCluster) = 2020 
 num [1:3] 2013 6 1
NULL
R-CCU: dpObj$numberClusters = 3 
List of 2
 $ : num [1, 1, 1:3] 0.35 0.279 0.0869
 $ : num [1, 1, 1:3] 6.25 20.1 2.72
NULL
R priorParameters: 2 8 
R maxT: 1 
R_PriorDraw_first_mu: 0.6931447 
R_PriorDraw_first_nu: 4.503785 
R-CCU: Before ClusterLabelChange for i = 21 newLabel= 1 currentLabel= 1 
R-CCU: sum(pointsPerCluster) = 2020 
 num [1:3] 2013 6 1
NULL
R-CCU: After ClusterLabelChange for i = 21 
R-CCU: sum(pointsPerCluster) = 2021 
 num [1:3] 2014 6 1
NULL
R-CCU: dpObj$numberClusters = 3 
List of 2
 $ : num [1, 1, 1:3] 0.35 0.279 0.0869
 $ : num [1, 1, 1:3] 6.25 20.1 2.72
NULL
R priorParameters: 2 8 
R maxT: 1 
R_PriorDraw_first_mu: 0.6927465 
R_PriorDraw_first_nu: 6.401759 
R-CCU: Before ClusterLabelChange for i = 22 newLabel= 1 currentLabel= 1 
R-CCU: sum(pointsPerCluster) = 2021 
 num [1:3] 2014 6 1
NULL
R-CCU: After ClusterLabelChange for i = 22 
R-CCU: sum(pointsPerCluster) = 2022 
 num [1:3] 2015 6 1
NULL
R-CCU: dpObj$numberClusters = 3 
List of 2
 $ : num [1, 1, 1:3] 0.35 0.279 0.0869
 $ : num [1, 1, 1:3] 6.25 20.1 2.72
NULL
R priorParameters: 2 8 
R maxT: 1 
R_PriorDraw_first_mu: 0.7977879 
R_PriorDraw_first_nu: 6.822527 
R-CCU: Before ClusterLabelChange for i = 23 newLabel= 1 currentLabel= 1 
R-CCU: sum(pointsPerCluster) = 2022 
 num [1:3] 2015 6 1
NULL
R-CCU: After ClusterLabelChange for i = 23 
R-CCU: sum(pointsPerCluster) = 2023 
 num [1:3] 2016 6 1
NULL
R-CCU: dpObj$numberClusters = 3 
List of 2
 $ : num [1, 1, 1:3] 0.35 0.279 0.0869
 $ : num [1, 1, 1:3] 6.25 20.1 2.72
NULL
R priorParameters: 2 8 
R maxT: 1 
R_PriorDraw_first_mu: 0.1376311 
R_PriorDraw_first_nu: 6.723848 
R-CCU: Before ClusterLabelChange for i = 24 newLabel= 1 currentLabel= 1 
R-CCU: sum(pointsPerCluster) = 2023 
 num [1:3] 2016 6 1
NULL
R-CCU: After ClusterLabelChange for i = 24 
R-CCU: sum(pointsPerCluster) = 2024 
 num [1:3] 2017 6 1
NULL
R-CCU: dpObj$numberClusters = 3 
List of 2
 $ : num [1, 1, 1:3] 0.35 0.279 0.0869
 $ : num [1, 1, 1:3] 6.25 20.1 2.72
NULL
R priorParameters: 2 8 
R maxT: 1 
R_PriorDraw_first_mu: 0.3015853 
R_PriorDraw_first_nu: 8.354143 
R-CCU: Before ClusterLabelChange for i = 25 newLabel= 1 currentLabel= 1 
R-CCU: sum(pointsPerCluster) = 2024 
 num [1:3] 2017 6 1
NULL
R-CCU: After ClusterLabelChange for i = 25 
R-CCU: sum(pointsPerCluster) = 2025 
 num [1:3] 2018 6 1
NULL
R-CCU: dpObj$numberClusters = 3 
List of 2
 $ : num [1, 1, 1:3] 0.35 0.279 0.0869
 $ : num [1, 1, 1:3] 6.25 20.1 2.72
NULL
R priorParameters: 2 8 
R maxT: 1 
R_PriorDraw_first_mu: 0.8946724 
R_PriorDraw_first_nu: 6.267638 
R-CCU: Before ClusterLabelChange for i = 26 newLabel= 1 currentLabel= 1 
R-CCU: sum(pointsPerCluster) = 2025 
 num [1:3] 2018 6 1
NULL
R-CCU: After ClusterLabelChange for i = 26 
R-CCU: sum(pointsPerCluster) = 2026 
 num [1:3] 2019 6 1
NULL
R-CCU: dpObj$numberClusters = 3 
List of 2
 $ : num [1, 1, 1:3] 0.35 0.279 0.0869
 $ : num [1, 1, 1:3] 6.25 20.1 2.72
NULL
R priorParameters: 2 8 
R maxT: 1 
R_PriorDraw_first_mu: 0.1445855 
R_PriorDraw_first_nu: 3.093965 
R-CCU: Before ClusterLabelChange for i = 27 newLabel= 1 currentLabel= 1 
R-CCU: sum(pointsPerCluster) = 2026 
 num [1:3] 2019 6 1
NULL
R-CCU: After ClusterLabelChange for i = 27 
R-CCU: sum(pointsPerCluster) = 2027 
 num [1:3] 2020 6 1
NULL
R-CCU: dpObj$numberClusters = 3 
List of 2
 $ : num [1, 1, 1:3] 0.35 0.279 0.0869
 $ : num [1, 1, 1:3] 6.25 20.1 2.72
NULL
R priorParameters: 2 8 
R maxT: 1 
R_PriorDraw_first_mu: 0.6711707 
R_PriorDraw_first_nu: 11.93194 
R-CCU: Before ClusterLabelChange for i = 28 newLabel= 1 currentLabel= 1 
R-CCU: sum(pointsPerCluster) = 2027 
 num [1:3] 2020 6 1
NULL
R-CCU: After ClusterLabelChange for i = 28 
R-CCU: sum(pointsPerCluster) = 2028 
 num [1:3] 2021 6 1
NULL
R-CCU: dpObj$numberClusters = 3 
List of 2
 $ : num [1, 1, 1:3] 0.35 0.279 0.0869
 $ : num [1, 1, 1:3] 6.25 20.1 2.72
NULL
R priorParameters: 2 8 
R maxT: 1 
R_PriorDraw_first_mu: 0.2070606 
R_PriorDraw_first_nu: 2.711875 
R-CCU: Before ClusterLabelChange for i = 29 newLabel= 1 currentLabel= 1 
R-CCU: sum(pointsPerCluster) = 2028 
 num [1:3] 2021 6 1
NULL
R-CCU: After ClusterLabelChange for i = 29 
R-CCU: sum(pointsPerCluster) = 2029 
 num [1:3] 2022 6 1
NULL
R-CCU: dpObj$numberClusters = 3 
List of 2
 $ : num [1, 1, 1:3] 0.35 0.279 0.0869
 $ : num [1, 1, 1:3] 6.25 20.1 2.72
NULL
R priorParameters: 2 8 
R maxT: 1 
R_PriorDraw_first_mu: 0.2967426 
R_PriorDraw_first_nu: 5.375775 
R-CCU: Before ClusterLabelChange for i = 30 newLabel= 1 currentLabel= 1 
R-CCU: sum(pointsPerCluster) = 2029 
 num [1:3] 2022 6 1
NULL
R-CCU: After ClusterLabelChange for i = 30 
R-CCU: sum(pointsPerCluster) = 2030 
 num [1:3] 2023 6 1
NULL
R-CCU: dpObj$numberClusters = 3 
List of 2
 $ : num [1, 1, 1:3] 0.35 0.279 0.0869
 $ : num [1, 1, 1:3] 6.25 20.1 2.72
NULL
R priorParameters: 2 8 
R maxT: 1 
R_PriorDraw_first_mu: 0.1107951 
R_PriorDraw_first_nu: 8.68806 
R-CCU: Before ClusterLabelChange for i = 31 newLabel= 1 currentLabel= 1 
R-CCU: sum(pointsPerCluster) = 2030 
 num [1:3] 2023 6 1
NULL
R-CCU: After ClusterLabelChange for i = 31 
R-CCU: sum(pointsPerCluster) = 2031 
 num [1:3] 2024 6 1
NULL
R-CCU: dpObj$numberClusters = 3 
List of 2
 $ : num [1, 1, 1:3] 0.35 0.279 0.0869
 $ : num [1, 1, 1:3] 6.25 20.1 2.72
NULL
R priorParameters: 2 8 
R maxT: 1 
R_PriorDraw_first_mu: 0.7101376 
R_PriorDraw_first_nu: 5.208597 
R-CCU: Before ClusterLabelChange for i = 32 newLabel= 1 currentLabel= 2 
R-CCU: sum(pointsPerCluster) = 2031 
 num [1:3] 2024 6 1
NULL
R-CCU: After ClusterLabelChange for i = 32 
R-CCU: sum(pointsPerCluster) = 2032 
 num [1:3] 2025 6 1
NULL
R-CCU: dpObj$numberClusters = 3 
List of 2
 $ : num [1, 1, 1:3] 0.35 0.279 0.0869
 $ : num [1, 1, 1:3] 6.25 20.1 2.72
NULL
R priorParameters: 2 8 
R maxT: 1 
R_PriorDraw_first_mu: 0.5695687 
R_PriorDraw_first_nu: 5.133568 
R-CCU: Before ClusterLabelChange for i = 33 newLabel= 1 currentLabel= 1 
R-CCU: sum(pointsPerCluster) = 2032 
 num [1:3] 2025 6 1
NULL
R-CCU: After ClusterLabelChange for i = 33 
R-CCU: sum(pointsPerCluster) = 2033 
 num [1:3] 2026 6 1
NULL
R-CCU: dpObj$numberClusters = 3 
List of 2
 $ : num [1, 1, 1:3] 0.35 0.279 0.0869
 $ : num [1, 1, 1:3] 6.25 20.1 2.72
NULL
R priorParameters: 2 8 
R maxT: 1 
R_PriorDraw_first_mu: 0.2012122 
R_PriorDraw_first_nu: 2.087459 
R-CCU: Before ClusterLabelChange for i = 34 newLabel= 1 currentLabel= 1 
R-CCU: sum(pointsPerCluster) = 2033 
 num [1:3] 2026 6 1
NULL
R-CCU: After ClusterLabelChange for i = 34 
R-CCU: sum(pointsPerCluster) = 2034 
 num [1:3] 2027 6 1
NULL
R-CCU: dpObj$numberClusters = 3 
List of 2
 $ : num [1, 1, 1:3] 0.35 0.279 0.0869
 $ : num [1, 1, 1:3] 6.25 20.1 2.72
NULL
R priorParameters: 2 8 
R maxT: 1 
R_PriorDraw_first_mu: 0.456948 
R_PriorDraw_first_nu: 6.925042 
R-CCU: Before ClusterLabelChange for i = 35 newLabel= 1 currentLabel= 1 
R-CCU: sum(pointsPerCluster) = 2034 
 num [1:3] 2027 6 1
NULL
R-CCU: After ClusterLabelChange for i = 35 
R-CCU: sum(pointsPerCluster) = 2035 
 num [1:3] 2028 6 1
NULL
R-CCU: dpObj$numberClusters = 3 
List of 2
 $ : num [1, 1, 1:3] 0.35 0.279 0.0869
 $ : num [1, 1, 1:3] 6.25 20.1 2.72
NULL
R priorParameters: 2 8 
R maxT: 1 
R_PriorDraw_first_mu: 0.9445676 
R_PriorDraw_first_nu: 4.34302 
R-CCU: Before ClusterLabelChange for i = 36 newLabel= 1 currentLabel= 1 
R-CCU: sum(pointsPerCluster) = 2035 
 num [1:3] 2028 6 1
NULL
R-CCU: After ClusterLabelChange for i = 36 
R-CCU: sum(pointsPerCluster) = 2036 
 num [1:3] 2029 6 1
NULL
R-CCU: dpObj$numberClusters = 3 
List of 2
 $ : num [1, 1, 1:3] 0.35 0.279 0.0869
 $ : num [1, 1, 1:3] 6.25 20.1 2.72
NULL
R priorParameters: 2 8 
R maxT: 1 
R_PriorDraw_first_mu: 0.2821851 
R_PriorDraw_first_nu: 3.805156 
R-CCU: Before ClusterLabelChange for i = 37 newLabel= 1 currentLabel= 1 
R-CCU: sum(pointsPerCluster) = 2036 
 num [1:3] 2029 6 1
NULL
R-CCU: After ClusterLabelChange for i = 37 
R-CCU: sum(pointsPerCluster) = 2037 
 num [1:3] 2030 6 1
NULL
R-CCU: dpObj$numberClusters = 3 
List of 2
 $ : num [1, 1, 1:3] 0.35 0.279 0.0869
 $ : num [1, 1, 1:3] 6.25 20.1 2.72
NULL
R priorParameters: 2 8 
R maxT: 1 
R_PriorDraw_first_mu: 0.5546103 
R_PriorDraw_first_nu: 1.387735 
R-CCU: Before ClusterLabelChange for i = 38 newLabel= 1 currentLabel= 1 
R-CCU: sum(pointsPerCluster) = 2037 
 num [1:3] 2030 6 1
NULL
R-CCU: After ClusterLabelChange for i = 38 
R-CCU: sum(pointsPerCluster) = 2038 
 num [1:3] 2031 6 1
NULL
R-CCU: dpObj$numberClusters = 3 
List of 2
 $ : num [1, 1, 1:3] 0.35 0.279 0.0869
 $ : num [1, 1, 1:3] 6.25 20.1 2.72
NULL
R priorParameters: 2 8 
R maxT: 1 
R_PriorDraw_first_mu: 0.6336762 
R_PriorDraw_first_nu: 6.125368 
R-CCU: Before ClusterLabelChange for i = 39 newLabel= 1 currentLabel= 1 
R-CCU: sum(pointsPerCluster) = 2038 
 num [1:3] 2031 6 1
NULL
R-CCU: After ClusterLabelChange for i = 39 
R-CCU: sum(pointsPerCluster) = 2039 
 num [1:3] 2032 6 1
NULL
R-CCU: dpObj$numberClusters = 3 
List of 2
 $ : num [1, 1, 1:3] 0.35 0.279 0.0869
 $ : num [1, 1, 1:3] 6.25 20.1 2.72
NULL
R priorParameters: 2 8 
R maxT: 1 
R_PriorDraw_first_mu: 0.7535445 
R_PriorDraw_first_nu: 18.55256 
R-CCU: Before ClusterLabelChange for i = 40 newLabel= 1 currentLabel= 1 
R-CCU: sum(pointsPerCluster) = 2039 
 num [1:3] 2032 6 1
NULL
R-CCU: After ClusterLabelChange for i = 40 
R-CCU: sum(pointsPerCluster) = 2040 
 num [1:3] 2033 6 1
NULL
R-CCU: dpObj$numberClusters = 3 
List of 2
 $ : num [1, 1, 1:3] 0.35 0.279 0.0869
 $ : num [1, 1, 1:3] 6.25 20.1 2.72
NULL
R priorParameters: 2 8 
R maxT: 1 
R_PriorDraw_first_mu: 0.8862545 
R_PriorDraw_first_nu: 5.433 
R-CCU: Before ClusterLabelChange for i = 41 newLabel= 1 currentLabel= 1 
R-CCU: sum(pointsPerCluster) = 2040 
 num [1:3] 2033 6 1
NULL
R-CCU: After ClusterLabelChange for i = 41 
R-CCU: sum(pointsPerCluster) = 2041 
 num [1:3] 2034 6 1
NULL
R-CCU: dpObj$numberClusters = 3 
List of 2
 $ : num [1, 1, 1:3] 0.35 0.279 0.0869
 $ : num [1, 1, 1:3] 6.25 20.1 2.72
NULL
R priorParameters: 2 8 
R maxT: 1 
R_PriorDraw_first_mu: 0.2202416 
R_PriorDraw_first_nu: 7.634801 
R-CCU: Before ClusterLabelChange for i = 42 newLabel= 1 currentLabel= 1 
R-CCU: sum(pointsPerCluster) = 2041 
 num [1:3] 2034 6 1
NULL
R-CCU: After ClusterLabelChange for i = 42 
R-CCU: sum(pointsPerCluster) = 2042 
 num [1:3] 2035 6 1
NULL
R-CCU: dpObj$numberClusters = 3 
List of 2
 $ : num [1, 1, 1:3] 0.35 0.279 0.0869
 $ : num [1, 1, 1:3] 6.25 20.1 2.72
NULL
R priorParameters: 2 8 
R maxT: 1 
R_PriorDraw_first_mu: 0.6246899 
R_PriorDraw_first_nu: 8.271939 
R-CCU: Before ClusterLabelChange for i = 43 newLabel= 1 currentLabel= 1 
R-CCU: sum(pointsPerCluster) = 2042 
 num [1:3] 2035 6 1
NULL
R-CCU: After ClusterLabelChange for i = 43 
R-CCU: sum(pointsPerCluster) = 2043 
 num [1:3] 2036 6 1
NULL
R-CCU: dpObj$numberClusters = 3 
List of 2
 $ : num [1, 1, 1:3] 0.35 0.279 0.0869
 $ : num [1, 1, 1:3] 6.25 20.1 2.72
NULL
R priorParameters: 2 8 
R maxT: 1 
R_PriorDraw_first_mu: 0.9942999 
R_PriorDraw_first_nu: 1.552813 
R-CCU: Before ClusterLabelChange for i = 44 newLabel= 1 currentLabel= 1 
R-CCU: sum(pointsPerCluster) = 2043 
 num [1:3] 2036 6 1
NULL
R-CCU: After ClusterLabelChange for i = 44 
R-CCU: sum(pointsPerCluster) = 2044 
 num [1:3] 2037 6 1
NULL
R-CCU: dpObj$numberClusters = 3 
List of 2
 $ : num [1, 1, 1:3] 0.35 0.279 0.0869
 $ : num [1, 1, 1:3] 6.25 20.1 2.72
NULL
R priorParameters: 2 8 
R maxT: 1 
R_PriorDraw_first_mu: 0.3886688 
R_PriorDraw_first_nu: 7.683055 
R-CCU: Before ClusterLabelChange for i = 45 newLabel= 1 currentLabel= 1 
R-CCU: sum(pointsPerCluster) = 2044 
 num [1:3] 2037 6 1
NULL
R-CCU: After ClusterLabelChange for i = 45 
R-CCU: sum(pointsPerCluster) = 2045 
 num [1:3] 2038 6 1
NULL
R-CCU: dpObj$numberClusters = 3 
List of 2
 $ : num [1, 1, 1:3] 0.35 0.279 0.0869
 $ : num [1, 1, 1:3] 6.25 20.1 2.72
NULL
R priorParameters: 2 8 
R maxT: 1 
R_PriorDraw_first_mu: 0.01546119 
R_PriorDraw_first_nu: 2.39573 
R-CCU: Before ClusterLabelChange for i = 46 newLabel= 1 currentLabel= 1 
R-CCU: sum(pointsPerCluster) = 2045 
 num [1:3] 2038 6 1
NULL
R-CCU: After ClusterLabelChange for i = 46 
R-CCU: sum(pointsPerCluster) = 2046 
 num [1:3] 2039 6 1
NULL
R-CCU: dpObj$numberClusters = 3 
List of 2
 $ : num [1, 1, 1:3] 0.35 0.279 0.0869
 $ : num [1, 1, 1:3] 6.25 20.1 2.72
NULL
R priorParameters: 2 8 
R maxT: 1 
R_PriorDraw_first_mu: 0.02128991 
R_PriorDraw_first_nu: 4.198501 
R-CCU: Before ClusterLabelChange for i = 47 newLabel= 1 currentLabel= 1 
R-CCU: sum(pointsPerCluster) = 2046 
 num [1:3] 2039 6 1
NULL
R-CCU: After ClusterLabelChange for i = 47 
R-CCU: sum(pointsPerCluster) = 2047 
 num [1:3] 2040 6 1
NULL
R-CCU: dpObj$numberClusters = 3 
List of 2
 $ : num [1, 1, 1:3] 0.35 0.279 0.0869
 $ : num [1, 1, 1:3] 6.25 20.1 2.72
NULL
R priorParameters: 2 8 
R maxT: 1 
R_PriorDraw_first_mu: 0.1852143 
R_PriorDraw_first_nu: 10.17266 
R-CCU: Before ClusterLabelChange for i = 48 newLabel= 1 currentLabel= 1 
R-CCU: sum(pointsPerCluster) = 2047 
 num [1:3] 2040 6 1
NULL
R-CCU: After ClusterLabelChange for i = 48 
R-CCU: sum(pointsPerCluster) = 2048 
 num [1:3] 2041 6 1
NULL
R-CCU: dpObj$numberClusters = 3 
List of 2
 $ : num [1, 1, 1:3] 0.35 0.279 0.0869
 $ : num [1, 1, 1:3] 6.25 20.1 2.72
NULL
R priorParameters: 2 8 
R maxT: 1 
R_PriorDraw_first_mu: 0.131116 
R_PriorDraw_first_nu: 1.66246 
R-CCU: Before ClusterLabelChange for i = 49 newLabel= 1 currentLabel= 1 
R-CCU: sum(pointsPerCluster) = 2048 
 num [1:3] 2041 6 1
NULL
R-CCU: After ClusterLabelChange for i = 49 
R-CCU: sum(pointsPerCluster) = 2049 
 num [1:3] 2042 6 1
NULL
R-CCU: dpObj$numberClusters = 3 
List of 2
 $ : num [1, 1, 1:3] 0.35 0.279 0.0869
 $ : num [1, 1, 1:3] 6.25 20.1 2.72
NULL
R priorParameters: 2 8 
R maxT: 1 
R_PriorDraw_first_mu: 0.2915861 
R_PriorDraw_first_nu: 6.708756 
R-CCU: Before ClusterLabelChange for i = 50 newLabel= 1 currentLabel= 1 
R-CCU: sum(pointsPerCluster) = 2049 
 num [1:3] 2042 6 1
NULL
R-CCU: After ClusterLabelChange for i = 50 
R-CCU: sum(pointsPerCluster) = 2050 
 num [1:3] 2043 6 1
NULL
R-CCU: dpObj$numberClusters = 3 
List of 2
 $ : num [1, 1, 1:3] 0.35 0.279 0.0869
 $ : num [1, 1, 1:3] 6.25 20.1 2.72
NULL
R priorParameters: 2 8 
R maxT: 1 
R_PriorDraw_first_mu: 0.9477386 
R_PriorDraw_first_nu: 6.870071 
R-CCU: Before ClusterLabelChange for i = 51 newLabel= 1 currentLabel= 1 
R-CCU: sum(pointsPerCluster) = 2050 
 num [1:3] 2043 6 1
NULL
R-CCU: After ClusterLabelChange for i = 51 
R-CCU: sum(pointsPerCluster) = 2051 
 num [1:3] 2044 6 1
NULL
R-CCU: dpObj$numberClusters = 3 
List of 2
 $ : num [1, 1, 1:3] 0.35 0.279 0.0869
 $ : num [1, 1, 1:3] 6.25 20.1 2.72
NULL
R priorParameters: 2 8 
R maxT: 1 
R_PriorDraw_first_mu: 0.9221385 
R_PriorDraw_first_nu: 4.94682 
R-CCU: Before ClusterLabelChange for i = 52 newLabel= 1 currentLabel= 1 
R-CCU: sum(pointsPerCluster) = 2051 
 num [1:3] 2044 6 1
NULL
R-CCU: After ClusterLabelChange for i = 52 
R-CCU: sum(pointsPerCluster) = 2052 
 num [1:3] 2045 6 1
NULL
R-CCU: dpObj$numberClusters = 3 
List of 2
 $ : num [1, 1, 1:3] 0.35 0.279 0.0869
 $ : num [1, 1, 1:3] 6.25 20.1 2.72
NULL
R priorParameters: 2 8 
R maxT: 1 
R_PriorDraw_first_mu: 0.09017048 
R_PriorDraw_first_nu: 11.32026 
R-CCU: Before ClusterLabelChange for i = 53 newLabel= 1 currentLabel= 1 
R-CCU: sum(pointsPerCluster) = 2052 
 num [1:3] 2045 6 1
NULL
R-CCU: After ClusterLabelChange for i = 53 
R-CCU: sum(pointsPerCluster) = 2053 
 num [1:3] 2046 6 1
NULL
R-CCU: dpObj$numberClusters = 3 
List of 2
 $ : num [1, 1, 1:3] 0.35 0.279 0.0869
 $ : num [1, 1, 1:3] 6.25 20.1 2.72
NULL
R priorParameters: 2 8 
R maxT: 1 
R_PriorDraw_first_mu: 0.9201505 
R_PriorDraw_first_nu: 0.7995176 
R-CCU: Before ClusterLabelChange for i = 54 newLabel= 1 currentLabel= 1 
R-CCU: sum(pointsPerCluster) = 2053 
 num [1:3] 2046 6 1
NULL
R-CCU: After ClusterLabelChange for i = 54 
R-CCU: sum(pointsPerCluster) = 2054 
 num [1:3] 2047 6 1
NULL
R-CCU: dpObj$numberClusters = 3 
List of 2
 $ : num [1, 1, 1:3] 0.35 0.279 0.0869
 $ : num [1, 1, 1:3] 6.25 20.1 2.72
NULL
R priorParameters: 2 8 
R maxT: 1 
R_PriorDraw_first_mu: 0.2643621 
R_PriorDraw_first_nu: 1.509073 
R-CCU: Before ClusterLabelChange for i = 55 newLabel= 1 currentLabel= 1 
R-CCU: sum(pointsPerCluster) = 2054 
 num [1:3] 2047 6 1
NULL
R-CCU: After ClusterLabelChange for i = 55 
R-CCU: sum(pointsPerCluster) = 2055 
 num [1:3] 2048 6 1
NULL
R-CCU: dpObj$numberClusters = 3 
List of 2
 $ : num [1, 1, 1:3] 0.35 0.279 0.0869
 $ : num [1, 1, 1:3] 6.25 20.1 2.72
NULL
R priorParameters: 2 8 
R maxT: 1 
R_PriorDraw_first_mu: 0.3188372 
R_PriorDraw_first_nu: 2.581594 
R-CCU: Before ClusterLabelChange for i = 56 newLabel= 1 currentLabel= 1 
R-CCU: sum(pointsPerCluster) = 2055 
 num [1:3] 2048 6 1
NULL
R-CCU: After ClusterLabelChange for i = 56 
R-CCU: sum(pointsPerCluster) = 2056 
 num [1:3] 2049 6 1
NULL
R-CCU: dpObj$numberClusters = 3 
List of 2
 $ : num [1, 1, 1:3] 0.35 0.279 0.0869
 $ : num [1, 1, 1:3] 6.25 20.1 2.72
NULL
R priorParameters: 2 8 
R maxT: 1 
R_PriorDraw_first_mu: 0.5572172 
R_PriorDraw_first_nu: 2.321916 
R-CCU: Before ClusterLabelChange for i = 57 newLabel= 1 currentLabel= 1 
R-CCU: sum(pointsPerCluster) = 2056 
 num [1:3] 2049 6 1
NULL
R-CCU: After ClusterLabelChange for i = 57 
R-CCU: sum(pointsPerCluster) = 2057 
 num [1:3] 2050 6 1
NULL
R-CCU: dpObj$numberClusters = 3 
List of 2
 $ : num [1, 1, 1:3] 0.35 0.279 0.0869
 $ : num [1, 1, 1:3] 6.25 20.1 2.72
NULL
R priorParameters: 2 8 
R maxT: 1 
R_PriorDraw_first_mu: 0.2729082 
R_PriorDraw_first_nu: 2.732775 
R-CCU: Before ClusterLabelChange for i = 58 newLabel= 1 currentLabel= 1 
R-CCU: sum(pointsPerCluster) = 2057 
 num [1:3] 2050 6 1
NULL
R-CCU: After ClusterLabelChange for i = 58 
R-CCU: sum(pointsPerCluster) = 2058 
 num [1:3] 2051 6 1
NULL
R-CCU: dpObj$numberClusters = 3 
List of 2
 $ : num [1, 1, 1:3] 0.35 0.279 0.0869
 $ : num [1, 1, 1:3] 6.25 20.1 2.72
NULL
R priorParameters: 2 8 
R maxT: 1 
R_PriorDraw_first_mu: 0.1637509 
R_PriorDraw_first_nu: 8.092912 
R-CCU: Before ClusterLabelChange for i = 59 newLabel= 1 currentLabel= 1 
R-CCU: sum(pointsPerCluster) = 2058 
 num [1:3] 2051 6 1
NULL
R-CCU: After ClusterLabelChange for i = 59 
R-CCU: sum(pointsPerCluster) = 2059 
 num [1:3] 2052 6 1
NULL
R-CCU: dpObj$numberClusters = 3 
List of 2
 $ : num [1, 1, 1:3] 0.35 0.279 0.0869
 $ : num [1, 1, 1:3] 6.25 20.1 2.72
NULL
R priorParameters: 2 8 
R maxT: 1 
R_PriorDraw_first_mu: 0.07283463 
R_PriorDraw_first_nu: 3.654632 
R-CCU: Before ClusterLabelChange for i = 60 newLabel= 1 currentLabel= 1 
R-CCU: sum(pointsPerCluster) = 2059 
 num [1:3] 2052 6 1
NULL
R-CCU: After ClusterLabelChange for i = 60 
R-CCU: sum(pointsPerCluster) = 2060 
 num [1:3] 2053 6 1
NULL
R-CCU: dpObj$numberClusters = 3 
List of 2
 $ : num [1, 1, 1:3] 0.35 0.279 0.0869
 $ : num [1, 1, 1:3] 6.25 20.1 2.72
NULL
R priorParameters: 2 8 
R maxT: 1 
R_PriorDraw_first_mu: 0.7159443 
R_PriorDraw_first_nu: 33.39724 
R-CCU: Before ClusterLabelChange for i = 61 newLabel= 1 currentLabel= 1 
R-CCU: sum(pointsPerCluster) = 2060 
 num [1:3] 2053 6 1
NULL
R-CCU: After ClusterLabelChange for i = 61 
R-CCU: sum(pointsPerCluster) = 2061 
 num [1:3] 2054 6 1
NULL
R-CCU: dpObj$numberClusters = 3 
List of 2
 $ : num [1, 1, 1:3] 0.35 0.279 0.0869
 $ : num [1, 1, 1:3] 6.25 20.1 2.72
NULL
R priorParameters: 2 8 
R maxT: 1 
R_PriorDraw_first_mu: 0.1508262 
R_PriorDraw_first_nu: 3.640465 
R-CCU: Before ClusterLabelChange for i = 62 newLabel= 1 currentLabel= 1 
R-CCU: sum(pointsPerCluster) = 2061 
 num [1:3] 2054 6 1
NULL
R-CCU: After ClusterLabelChange for i = 62 
R-CCU: sum(pointsPerCluster) = 2062 
 num [1:3] 2055 6 1
NULL
R-CCU: dpObj$numberClusters = 3 
List of 2
 $ : num [1, 1, 1:3] 0.35 0.279 0.0869
 $ : num [1, 1, 1:3] 6.25 20.1 2.72
NULL
R priorParameters: 2 8 
R maxT: 1 
R_PriorDraw_first_mu: 0.229427 
R_PriorDraw_first_nu: 2.636057 
R-CCU: Before ClusterLabelChange for i = 63 newLabel= 1 currentLabel= 1 
R-CCU: sum(pointsPerCluster) = 2062 
 num [1:3] 2055 6 1
NULL
R-CCU: After ClusterLabelChange for i = 63 
R-CCU: sum(pointsPerCluster) = 2063 
 num [1:3] 2056 6 1
NULL
R-CCU: dpObj$numberClusters = 3 
List of 2
 $ : num [1, 1, 1:3] 0.35 0.279 0.0869
 $ : num [1, 1, 1:3] 6.25 20.1 2.72
NULL
R priorParameters: 2 8 
R maxT: 1 
R_PriorDraw_first_mu: 0.9979831 
R_PriorDraw_first_nu: 2.295865 
R-CCU: Before ClusterLabelChange for i = 64 newLabel= 1 currentLabel= 1 
R-CCU: sum(pointsPerCluster) = 2063 
 num [1:3] 2056 6 1
NULL
R-CCU: After ClusterLabelChange for i = 64 
R-CCU: sum(pointsPerCluster) = 2064 
 num [1:3] 2057 6 1
NULL
R-CCU: dpObj$numberClusters = 3 
List of 2
 $ : num [1, 1, 1:3] 0.35 0.279 0.0869
 $ : num [1, 1, 1:3] 6.25 20.1 2.72
NULL
R priorParameters: 2 8 
R maxT: 1 
R_PriorDraw_first_mu: 0.01613806 
R_PriorDraw_first_nu: 5.975639 
R-CCU: Before ClusterLabelChange for i = 65 newLabel= 1 currentLabel= 1 
R-CCU: sum(pointsPerCluster) = 2064 
 num [1:3] 2057 6 1
NULL
R-CCU: After ClusterLabelChange for i = 65 
R-CCU: sum(pointsPerCluster) = 2065 
 num [1:3] 2058 6 1
NULL
R-CCU: dpObj$numberClusters = 3 
List of 2
 $ : num [1, 1, 1:3] 0.35 0.279 0.0869
 $ : num [1, 1, 1:3] 6.25 20.1 2.72
NULL
R priorParameters: 2 8 
R maxT: 1 
R_PriorDraw_first_mu: 0.8632905 
R_PriorDraw_first_nu: 13.46628 
R-CCU: Before ClusterLabelChange for i = 66 newLabel= 1 currentLabel= 1 
R-CCU: sum(pointsPerCluster) = 2065 
 num [1:3] 2058 6 1
NULL
R-CCU: After ClusterLabelChange for i = 66 
R-CCU: sum(pointsPerCluster) = 2066 
 num [1:3] 2059 6 1
NULL
R-CCU: dpObj$numberClusters = 3 
List of 2
 $ : num [1, 1, 1:3] 0.35 0.279 0.0869
 $ : num [1, 1, 1:3] 6.25 20.1 2.72
NULL
R priorParameters: 2 8 
R maxT: 1 
R_PriorDraw_first_mu: 0.5867612 
R_PriorDraw_first_nu: 17.21939 
R-CCU: Before ClusterLabelChange for i = 67 newLabel= 1 currentLabel= 1 
R-CCU: sum(pointsPerCluster) = 2066 
 num [1:3] 2059 6 1
NULL
R-CCU: After ClusterLabelChange for i = 67 
R-CCU: sum(pointsPerCluster) = 2067 
 num [1:3] 2060 6 1
NULL
R-CCU: dpObj$numberClusters = 3 
List of 2
 $ : num [1, 1, 1:3] 0.35 0.279 0.0869
 $ : num [1, 1, 1:3] 6.25 20.1 2.72
NULL
R priorParameters: 2 8 
R maxT: 1 
R_PriorDraw_first_mu: 0.1578292 
R_PriorDraw_first_nu: 9.278484 
R-CCU: Before ClusterLabelChange for i = 68 newLabel= 1 currentLabel= 1 
R-CCU: sum(pointsPerCluster) = 2067 
 num [1:3] 2060 6 1
NULL
R-CCU: After ClusterLabelChange for i = 68 
R-CCU: sum(pointsPerCluster) = 2068 
 num [1:3] 2061 6 1
NULL
R-CCU: dpObj$numberClusters = 3 
List of 2
 $ : num [1, 1, 1:3] 0.35 0.279 0.0869
 $ : num [1, 1, 1:3] 6.25 20.1 2.72
NULL
R priorParameters: 2 8 
R maxT: 1 
R_PriorDraw_first_mu: 0.2992109 
R_PriorDraw_first_nu: 9.49114 
R-CCU: Before ClusterLabelChange for i = 69 newLabel= 1 currentLabel= 1 
R-CCU: sum(pointsPerCluster) = 2068 
 num [1:3] 2061 6 1
NULL
R-CCU: After ClusterLabelChange for i = 69 
R-CCU: sum(pointsPerCluster) = 2069 
 num [1:3] 2062 6 1
NULL
R-CCU: dpObj$numberClusters = 3 
List of 2
 $ : num [1, 1, 1:3] 0.35 0.279 0.0869
 $ : num [1, 1, 1:3] 6.25 20.1 2.72
NULL
R priorParameters: 2 8 
R maxT: 1 
R_PriorDraw_first_mu: 0.8997436 
R_PriorDraw_first_nu: 3.060476 
R-CCU: Before ClusterLabelChange for i = 70 newLabel= 1 currentLabel= 1 
R-CCU: sum(pointsPerCluster) = 2069 
 num [1:3] 2062 6 1
NULL
R-CCU: After ClusterLabelChange for i = 70 
R-CCU: sum(pointsPerCluster) = 2070 
 num [1:3] 2063 6 1
NULL
R-CCU: dpObj$numberClusters = 3 
List of 2
 $ : num [1, 1, 1:3] 0.35 0.279 0.0869
 $ : num [1, 1, 1:3] 6.25 20.1 2.72
NULL
R priorParameters: 2 8 
R maxT: 1 
R_PriorDraw_first_mu: 0.4345503 
R_PriorDraw_first_nu: 2.125722 
R-CCU: Before ClusterLabelChange for i = 71 newLabel= 1 currentLabel= 1 
R-CCU: sum(pointsPerCluster) = 2070 
 num [1:3] 2063 6 1
NULL
R-CCU: After ClusterLabelChange for i = 71 
R-CCU: sum(pointsPerCluster) = 2071 
 num [1:3] 2064 6 1
NULL
R-CCU: dpObj$numberClusters = 3 
List of 2
 $ : num [1, 1, 1:3] 0.35 0.279 0.0869
 $ : num [1, 1, 1:3] 6.25 20.1 2.72
NULL
R priorParameters: 2 8 
R maxT: 1 
R_PriorDraw_first_mu: 0.2357864 
R_PriorDraw_first_nu: 8.226694 
R-CCU: Before ClusterLabelChange for i = 72 newLabel= 1 currentLabel= 1 
R-CCU: sum(pointsPerCluster) = 2071 
 num [1:3] 2064 6 1
NULL
R-CCU: After ClusterLabelChange for i = 72 
R-CCU: sum(pointsPerCluster) = 2072 
 num [1:3] 2065 6 1
NULL
R-CCU: dpObj$numberClusters = 3 
List of 2
 $ : num [1, 1, 1:3] 0.35 0.279 0.0869
 $ : num [1, 1, 1:3] 6.25 20.1 2.72
NULL
R priorParameters: 2 8 
R maxT: 1 
R_PriorDraw_first_mu: 0.6189809 
R_PriorDraw_first_nu: 24.03673 
R-CCU: Before ClusterLabelChange for i = 73 newLabel= 1 currentLabel= 1 
R-CCU: sum(pointsPerCluster) = 2072 
 num [1:3] 2065 6 1
NULL
R-CCU: After ClusterLabelChange for i = 73 
R-CCU: sum(pointsPerCluster) = 2073 
 num [1:3] 2066 6 1
NULL
R-CCU: dpObj$numberClusters = 3 
List of 2
 $ : num [1, 1, 1:3] 0.35 0.279 0.0869
 $ : num [1, 1, 1:3] 6.25 20.1 2.72
NULL
R priorParameters: 2 8 
R maxT: 1 
R_PriorDraw_first_mu: 0.4265691 
R_PriorDraw_first_nu: 2.15465 
R-CCU: Before ClusterLabelChange for i = 74 newLabel= 1 currentLabel= 1 
R-CCU: sum(pointsPerCluster) = 2073 
 num [1:3] 2066 6 1
NULL
R-CCU: After ClusterLabelChange for i = 74 
R-CCU: sum(pointsPerCluster) = 2074 
 num [1:3] 2067 6 1
NULL
R-CCU: dpObj$numberClusters = 3 
List of 2
 $ : num [1, 1, 1:3] 0.35 0.279 0.0869
 $ : num [1, 1, 1:3] 6.25 20.1 2.72
NULL
R priorParameters: 2 8 
R maxT: 1 
R_PriorDraw_first_mu: 0.6424977 
R_PriorDraw_first_nu: 1.476209 
R-CCU: Before ClusterLabelChange for i = 75 newLabel= 1 currentLabel= 1 
R-CCU: sum(pointsPerCluster) = 2074 
 num [1:3] 2067 6 1
NULL
R-CCU: After ClusterLabelChange for i = 75 
R-CCU: sum(pointsPerCluster) = 2075 
 num [1:3] 2068 6 1
NULL
R-CCU: dpObj$numberClusters = 3 
List of 2
 $ : num [1, 1, 1:3] 0.35 0.279 0.0869
 $ : num [1, 1, 1:3] 6.25 20.1 2.72
NULL
R priorParameters: 2 8 
R maxT: 1 
R_PriorDraw_first_mu: 0.01358128 
R_PriorDraw_first_nu: 9.399099 
R-CCU: Before ClusterLabelChange for i = 76 newLabel= 1 currentLabel= 1 
R-CCU: sum(pointsPerCluster) = 2075 
 num [1:3] 2068 6 1
NULL
R-CCU: After ClusterLabelChange for i = 76 
R-CCU: sum(pointsPerCluster) = 2076 
 num [1:3] 2069 6 1
NULL
R-CCU: dpObj$numberClusters = 3 
List of 2
 $ : num [1, 1, 1:3] 0.35 0.279 0.0869
 $ : num [1, 1, 1:3] 6.25 20.1 2.72
NULL
R priorParameters: 2 8 
R maxT: 1 
R_PriorDraw_first_mu: 0.786464 
R_PriorDraw_first_nu: 9.03948 
R-CCU: Before ClusterLabelChange for i = 77 newLabel= 1 currentLabel= 1 
R-CCU: sum(pointsPerCluster) = 2076 
 num [1:3] 2069 6 1
NULL
R-CCU: After ClusterLabelChange for i = 77 
R-CCU: sum(pointsPerCluster) = 2077 
 num [1:3] 2070 6 1
NULL
R-CCU: dpObj$numberClusters = 3 
List of 2
 $ : num [1, 1, 1:3] 0.35 0.279 0.0869
 $ : num [1, 1, 1:3] 6.25 20.1 2.72
NULL
R priorParameters: 2 8 
R maxT: 1 
R_PriorDraw_first_mu: 0.2130817 
R_PriorDraw_first_nu: 11.19372 
R-CCU: Before ClusterLabelChange for i = 78 newLabel= 1 currentLabel= 1 
R-CCU: sum(pointsPerCluster) = 2077 
 num [1:3] 2070 6 1
NULL
R-CCU: After ClusterLabelChange for i = 78 
R-CCU: sum(pointsPerCluster) = 2078 
 num [1:3] 2071 6 1
NULL
R-CCU: dpObj$numberClusters = 3 
List of 2
 $ : num [1, 1, 1:3] 0.35 0.279 0.0869
 $ : num [1, 1, 1:3] 6.25 20.1 2.72
NULL
R priorParameters: 2 8 
R maxT: 1 
R_PriorDraw_first_mu: 0.4581333 
R_PriorDraw_first_nu: 11.27498 
R-CCU: Before ClusterLabelChange for i = 79 newLabel= 1 currentLabel= 1 
R-CCU: sum(pointsPerCluster) = 2078 
 num [1:3] 2071 6 1
NULL
R-CCU: After ClusterLabelChange for i = 79 
R-CCU: sum(pointsPerCluster) = 2079 
 num [1:3] 2072 6 1
NULL
R-CCU: dpObj$numberClusters = 3 
List of 2
 $ : num [1, 1, 1:3] 0.35 0.279 0.0869
 $ : num [1, 1, 1:3] 6.25 20.1 2.72
NULL
R priorParameters: 2 8 
R maxT: 1 
R_PriorDraw_first_mu: 0.8496963 
R_PriorDraw_first_nu: 16.96071 
R-CCU: Before ClusterLabelChange for i = 80 newLabel= 1 currentLabel= 1 
R-CCU: sum(pointsPerCluster) = 2079 
 num [1:3] 2072 6 1
NULL
R-CCU: After ClusterLabelChange for i = 80 
R-CCU: sum(pointsPerCluster) = 2080 
 num [1:3] 2073 6 1
NULL
R-CCU: dpObj$numberClusters = 3 
List of 2
 $ : num [1, 1, 1:3] 0.35 0.279 0.0869
 $ : num [1, 1, 1:3] 6.25 20.1 2.72
NULL
R priorParameters: 2 8 
R maxT: 1 
R_PriorDraw_first_mu: 0.7522691 
R_PriorDraw_first_nu: 5.893928 
R-CCU: Before ClusterLabelChange for i = 81 newLabel= 1 currentLabel= 1 
R-CCU: sum(pointsPerCluster) = 2080 
 num [1:3] 2073 6 1
NULL
R-CCU: After ClusterLabelChange for i = 81 
R-CCU: sum(pointsPerCluster) = 2081 
 num [1:3] 2074 6 1
NULL
R-CCU: dpObj$numberClusters = 3 
List of 2
 $ : num [1, 1, 1:3] 0.35 0.279 0.0869
 $ : num [1, 1, 1:3] 6.25 20.1 2.72
NULL
R priorParameters: 2 8 
R maxT: 1 
R_PriorDraw_first_mu: 0.9535686 
R_PriorDraw_first_nu: 5.19792 
R-CCU: Before ClusterLabelChange for i = 82 newLabel= 1 currentLabel= 1 
R-CCU: sum(pointsPerCluster) = 2081 
 num [1:3] 2074 6 1
NULL
R-CCU: After ClusterLabelChange for i = 82 
R-CCU: sum(pointsPerCluster) = 2082 
 num [1:3] 2075 6 1
NULL
R-CCU: dpObj$numberClusters = 3 
List of 2
 $ : num [1, 1, 1:3] 0.35 0.279 0.0869
 $ : num [1, 1, 1:3] 6.25 20.1 2.72
NULL
R priorParameters: 2 8 
R maxT: 1 
R_PriorDraw_first_mu: 0.4356602 
R_PriorDraw_first_nu: 3.063838 
R-CCU: Before ClusterLabelChange for i = 83 newLabel= 1 currentLabel= 1 
R-CCU: sum(pointsPerCluster) = 2082 
 num [1:3] 2075 6 1
NULL
R-CCU: After ClusterLabelChange for i = 83 
R-CCU: sum(pointsPerCluster) = 2083 
 num [1:3] 2076 6 1
NULL
R-CCU: dpObj$numberClusters = 3 
List of 2
 $ : num [1, 1, 1:3] 0.35 0.279 0.0869
 $ : num [1, 1, 1:3] 6.25 20.1 2.72
NULL
R priorParameters: 2 8 
R maxT: 1 
R_PriorDraw_first_mu: 0.5636406 
R_PriorDraw_first_nu: 2.16629 
R-CCU: Before ClusterLabelChange for i = 84 newLabel= 1 currentLabel= 1 
R-CCU: sum(pointsPerCluster) = 2083 
 num [1:3] 2076 6 1
NULL
R-CCU: After ClusterLabelChange for i = 84 
R-CCU: sum(pointsPerCluster) = 2084 
 num [1:3] 2077 6 1
NULL
R-CCU: dpObj$numberClusters = 3 
List of 2
 $ : num [1, 1, 1:3] 0.35 0.279 0.0869
 $ : num [1, 1, 1:3] 6.25 20.1 2.72
NULL
R priorParameters: 2 8 
R maxT: 1 
R_PriorDraw_first_mu: 0.4166994 
R_PriorDraw_first_nu: 1.926537 
R-CCU: Before ClusterLabelChange for i = 85 newLabel= 1 currentLabel= 1 
R-CCU: sum(pointsPerCluster) = 2084 
 num [1:3] 2077 6 1
NULL
R-CCU: After ClusterLabelChange for i = 85 
R-CCU: sum(pointsPerCluster) = 2085 
 num [1:3] 2078 6 1
NULL
R-CCU: dpObj$numberClusters = 3 
List of 2
 $ : num [1, 1, 1:3] 0.35 0.279 0.0869
 $ : num [1, 1, 1:3] 6.25 20.1 2.72
NULL
R priorParameters: 2 8 
R maxT: 1 
R_PriorDraw_first_mu: 0.001914352 
R_PriorDraw_first_nu: 11.19385 
R-CCU: Before ClusterLabelChange for i = 86 newLabel= 1 currentLabel= 1 
R-CCU: sum(pointsPerCluster) = 2085 
 num [1:3] 2078 6 1
NULL
R-CCU: After ClusterLabelChange for i = 86 
R-CCU: sum(pointsPerCluster) = 2086 
 num [1:3] 2079 6 1
NULL
R-CCU: dpObj$numberClusters = 3 
List of 2
 $ : num [1, 1, 1:3] 0.35 0.279 0.0869
 $ : num [1, 1, 1:3] 6.25 20.1 2.72
NULL
R priorParameters: 2 8 
R maxT: 1 
R_PriorDraw_first_mu: 0.8428239 
R_PriorDraw_first_nu: 40.76915 
R-CCU: Before ClusterLabelChange for i = 87 newLabel= 1 currentLabel= 1 
R-CCU: sum(pointsPerCluster) = 2086 
 num [1:3] 2079 6 1
NULL
R-CCU: After ClusterLabelChange for i = 87 
R-CCU: sum(pointsPerCluster) = 2087 
 num [1:3] 2080 6 1
NULL
R-CCU: dpObj$numberClusters = 3 
List of 2
 $ : num [1, 1, 1:3] 0.35 0.279 0.0869
 $ : num [1, 1, 1:3] 6.25 20.1 2.72
NULL
R priorParameters: 2 8 
R maxT: 1 
R_PriorDraw_first_mu: 0.3107695 
R_PriorDraw_first_nu: 3.777263 
R-CCU: Before ClusterLabelChange for i = 88 newLabel= 1 currentLabel= 1 
R-CCU: sum(pointsPerCluster) = 2087 
 num [1:3] 2080 6 1
NULL
R-CCU: After ClusterLabelChange for i = 88 
R-CCU: sum(pointsPerCluster) = 2088 
 num [1:3] 2081 6 1
NULL
R-CCU: dpObj$numberClusters = 3 
List of 2
 $ : num [1, 1, 1:3] 0.35 0.279 0.0869
 $ : num [1, 1, 1:3] 6.25 20.1 2.72
NULL
R priorParameters: 2 8 
R maxT: 1 
R_PriorDraw_first_mu: 0.4413465 
R_PriorDraw_first_nu: 4.470498 
R-CCU: Before ClusterLabelChange for i = 89 newLabel= 1 currentLabel= 1 
R-CCU: sum(pointsPerCluster) = 2088 
 num [1:3] 2081 6 1
NULL
R-CCU: After ClusterLabelChange for i = 89 
R-CCU: sum(pointsPerCluster) = 2089 
 num [1:3] 2082 6 1
NULL
R-CCU: dpObj$numberClusters = 3 
List of 2
 $ : num [1, 1, 1:3] 0.35 0.279 0.0869
 $ : num [1, 1, 1:3] 6.25 20.1 2.72
NULL
R priorParameters: 2 8 
R maxT: 1 
R_PriorDraw_first_mu: 0.4831513 
R_PriorDraw_first_nu: 7.445344 
R-CCU: Before ClusterLabelChange for i = 90 newLabel= 1 currentLabel= 1 
R-CCU: sum(pointsPerCluster) = 2089 
 num [1:3] 2082 6 1
NULL
R-CCU: After ClusterLabelChange for i = 90 
R-CCU: sum(pointsPerCluster) = 2090 
 num [1:3] 2083 6 1
NULL
R-CCU: dpObj$numberClusters = 3 
List of 2
 $ : num [1, 1, 1:3] 0.35 0.279 0.0869
 $ : num [1, 1, 1:3] 6.25 20.1 2.72
NULL
R priorParameters: 2 8 
R maxT: 1 
R_PriorDraw_first_mu: 0.6423097 
R_PriorDraw_first_nu: 4.894821 
R-CCU: Before ClusterLabelChange for i = 91 newLabel= 1 currentLabel= 1 
R-CCU: sum(pointsPerCluster) = 2090 
 num [1:3] 2083 6 1
NULL
R-CCU: After ClusterLabelChange for i = 91 
R-CCU: sum(pointsPerCluster) = 2091 
 num [1:3] 2084 6 1
NULL
R-CCU: dpObj$numberClusters = 3 
List of 2
 $ : num [1, 1, 1:3] 0.35 0.279 0.0869
 $ : num [1, 1, 1:3] 6.25 20.1 2.72
NULL
R priorParameters: 2 8 
R maxT: 1 
R_PriorDraw_first_mu: 0.5813487 
R_PriorDraw_first_nu: 7.471765 
R-CCU: Before ClusterLabelChange for i = 92 newLabel= 1 currentLabel= 1 
R-CCU: sum(pointsPerCluster) = 2091 
 num [1:3] 2084 6 1
NULL
R-CCU: After ClusterLabelChange for i = 92 
R-CCU: sum(pointsPerCluster) = 2092 
 num [1:3] 2085 6 1
NULL
R-CCU: dpObj$numberClusters = 3 
List of 2
 $ : num [1, 1, 1:3] 0.35 0.279 0.0869
 $ : num [1, 1, 1:3] 6.25 20.1 2.72
NULL
R priorParameters: 2 8 
R maxT: 1 
R_PriorDraw_first_mu: 0.1413204 
R_PriorDraw_first_nu: 9.68751 
R-CCU: Before ClusterLabelChange for i = 93 newLabel= 1 currentLabel= 1 
R-CCU: sum(pointsPerCluster) = 2092 
 num [1:3] 2085 6 1
NULL
R-CCU: After ClusterLabelChange for i = 93 
R-CCU: sum(pointsPerCluster) = 2093 
 num [1:3] 2086 6 1
NULL
R-CCU: dpObj$numberClusters = 3 
List of 2
 $ : num [1, 1, 1:3] 0.35 0.279 0.0869
 $ : num [1, 1, 1:3] 6.25 20.1 2.72
NULL
R priorParameters: 2 8 
R maxT: 1 
R_PriorDraw_first_mu: 0.5953391 
R_PriorDraw_first_nu: 6.951194 
R-CCU: Before ClusterLabelChange for i = 94 newLabel= 1 currentLabel= 1 
R-CCU: sum(pointsPerCluster) = 2093 
 num [1:3] 2086 6 1
NULL
R-CCU: After ClusterLabelChange for i = 94 
R-CCU: sum(pointsPerCluster) = 2094 
 num [1:3] 2087 6 1
NULL
R-CCU: dpObj$numberClusters = 3 
List of 2
 $ : num [1, 1, 1:3] 0.35 0.279 0.0869
 $ : num [1, 1, 1:3] 6.25 20.1 2.72
NULL
R priorParameters: 2 8 
R maxT: 1 
R_PriorDraw_first_mu: 0.6652271 
R_PriorDraw_first_nu: 2.658403 
R-CCU: Before ClusterLabelChange for i = 95 newLabel= 1 currentLabel= 1 
R-CCU: sum(pointsPerCluster) = 2094 
 num [1:3] 2087 6 1
NULL
R-CCU: After ClusterLabelChange for i = 95 
R-CCU: sum(pointsPerCluster) = 2095 
 num [1:3] 2088 6 1
NULL
R-CCU: dpObj$numberClusters = 3 
List of 2
 $ : num [1, 1, 1:3] 0.35 0.279 0.0869
 $ : num [1, 1, 1:3] 6.25 20.1 2.72
NULL
R priorParameters: 2 8 
R maxT: 1 
R_PriorDraw_first_mu: 0.7485923 
R_PriorDraw_first_nu: 4.358528 
R-CCU: Before ClusterLabelChange for i = 96 newLabel= 1 currentLabel= 1 
R-CCU: sum(pointsPerCluster) = 2095 
 num [1:3] 2088 6 1
NULL
R-CCU: After ClusterLabelChange for i = 96 
R-CCU: sum(pointsPerCluster) = 2096 
 num [1:3] 2089 6 1
NULL
R-CCU: dpObj$numberClusters = 3 
List of 2
 $ : num [1, 1, 1:3] 0.35 0.279 0.0869
 $ : num [1, 1, 1:3] 6.25 20.1 2.72
NULL
R priorParameters: 2 8 
R maxT: 1 
R_PriorDraw_first_mu: 0.3357751 
R_PriorDraw_first_nu: 12.54386 
R-CCU: Before ClusterLabelChange for i = 97 newLabel= 1 currentLabel= 1 
R-CCU: sum(pointsPerCluster) = 2096 
 num [1:3] 2089 6 1
NULL
R-CCU: After ClusterLabelChange for i = 97 
R-CCU: sum(pointsPerCluster) = 2097 
 num [1:3] 2090 6 1
NULL
R-CCU: dpObj$numberClusters = 3 
List of 2
 $ : num [1, 1, 1:3] 0.35 0.279 0.0869
 $ : num [1, 1, 1:3] 6.25 20.1 2.72
NULL
R priorParameters: 2 8 
R maxT: 1 
R_PriorDraw_first_mu: 0.557201 
R_PriorDraw_first_nu: 15.34112 
R-CCU: Before ClusterLabelChange for i = 98 newLabel= 1 currentLabel= 1 
R-CCU: sum(pointsPerCluster) = 2097 
 num [1:3] 2090 6 1
NULL
R-CCU: After ClusterLabelChange for i = 98 
R-CCU: sum(pointsPerCluster) = 2098 
 num [1:3] 2091 6 1
NULL
R-CCU: dpObj$numberClusters = 3 
List of 2
 $ : num [1, 1, 1:3] 0.35 0.279 0.0869
 $ : num [1, 1, 1:3] 6.25 20.1 2.72
NULL
R priorParameters: 2 8 
R maxT: 1 
R_PriorDraw_first_mu: 0.7048242 
R_PriorDraw_first_nu: 8.026041 
R-CCU: Before ClusterLabelChange for i = 99 newLabel= 1 currentLabel= 1 
R-CCU: sum(pointsPerCluster) = 2098 
 num [1:3] 2091 6 1
NULL
R-CCU: After ClusterLabelChange for i = 99 
R-CCU: sum(pointsPerCluster) = 2099 
 num [1:3] 2092 6 1
NULL
R-CCU: dpObj$numberClusters = 3 
List of 2
 $ : num [1, 1, 1:3] 0.35 0.279 0.0869
 $ : num [1, 1, 1:3] 6.25 20.1 2.72
NULL
R priorParameters: 2 8 
R maxT: 1 
R_PriorDraw_first_mu: 0.2256158 
R_PriorDraw_first_nu: 3.850084 
R-CCU: Before ClusterLabelChange for i = 100 newLabel= 1 currentLabel= 1 
R-CCU: sum(pointsPerCluster) = 2099 
 num [1:3] 2092 6 1
NULL
R-CCU: After ClusterLabelChange for i = 100 
R-CCU: sum(pointsPerCluster) = 2100 
 num [1:3] 2093 6 1
NULL
R-CCU: dpObj$numberClusters = 3 
List of 2
 $ : num [1, 1, 1:3] 0.35 0.279 0.0869
 $ : num [1, 1, 1:3] 6.25 20.1 2.72
NULL

⠴ | 1 140      5 | Beta Distribution Full Integration Test         
Beta Performance Comparison (20 iterations):
R implementation: 13.06 seconds
C++ implementation: 13.36 seconds
Speedup: 1 x

✖ | 1 140  1   5 | Beta Distribution Full Integration Test [49.3s]
───────────────────────────────────────────────────────────────────
Warning ('test-beta-integration.R:25:3'): Complete Beta DP workflow with C++ implementation
C++ function 'nonconjugate_beta_cluster_component_update_cpp' is a STUB and not implemented. R fallback should be used.
Backtrace:
    ▆
 1. ├─dirichletprocess::Fit(dp, its = 50, progressBar = FALSE) at test-beta-integration.R:25:3
 2. └─dirichletprocess:::Fit.default(dp, its = 50, progressBar = FALSE) at dirichletprocess/R/fit.R:16:8
 3.   ├─dirichletprocess::ClusterComponentUpdate(dpObj) at dirichletprocess/R/fit.R:43:5
 4.   └─dirichletprocess:::ClusterComponentUpdate.nonconjugate(dpObj) at dirichletprocess/R/cluster_component_update.R:14:3
 5.     └─dirichletprocess:::nonconjugate_beta_cluster_component_update_cpp(dpObj) at dirichletprocess/R/cluster_component_update.R:91:5

Warning ('test-beta-integration.R:25:3'): Complete Beta DP workflow with C++ implementation
C++ function 'nonconjugate_beta_cluster_parameter_update_cpp' is a STUB and not implemented. R fallback should be used.
Backtrace:
    ▆
 1. ├─dirichletprocess::Fit(dp, its = 50, progressBar = FALSE) at test-beta-integration.R:25:3
 2. └─dirichletprocess:::Fit.default(dp, its = 50, progressBar = FALSE) at dirichletprocess/R/fit.R:16:8
 3.   ├─dirichletprocess::ClusterParameterUpdate(dpObj) at dirichletprocess/R/fit.R:44:5
 4.   └─dirichletprocess:::ClusterParameterUpdate.nonconjugate(dpObj) at dirichletprocess/R/cluster_parameter_update.R:14:27
 5.     └─dirichletprocess:::nonconjugate_beta_cluster_parameter_update_cpp(dpObj) at dirichletprocess/R/cluster_parameter_update.R:46:5

Warning ('test-beta-integration.R:25:3'): Complete Beta DP workflow with C++ implementation
C++ function 'nonconjugate_beta_cluster_component_update_cpp' is a STUB and not implemented. R fallback should be used.
Backtrace:
    ▆
 1. ├─dirichletprocess::Fit(dp, its = 50, progressBar = FALSE) at test-beta-integration.R:25:3
 2. └─dirichletprocess:::Fit.default(dp, its = 50, progressBar = FALSE) at dirichletprocess/R/fit.R:16:8
 3.   ├─dirichletprocess::ClusterComponentUpdate(dpObj) at dirichletprocess/R/fit.R:43:5
 4.   └─dirichletprocess:::ClusterComponentUpdate.nonconjugate(dpObj) at dirichletprocess/R/cluster_component_update.R:14:3
 5.     └─dirichletprocess:::nonconjugate_beta_cluster_component_update_cpp(dpObj) at dirichletprocess/R/cluster_component_update.R:91:5

Warning ('test-beta-integration.R:25:3'): Complete Beta DP workflow with C++ implementation
C++ function 'nonconjugate_beta_cluster_parameter_update_cpp' is a STUB and not implemented. R fallback should be used.
Backtrace:
    ▆
 1. ├─dirichletprocess::Fit(dp, its = 50, progressBar = FALSE) at test-beta-integration.R:25:3
 2. └─dirichletprocess:::Fit.default(dp, its = 50, progressBar = FALSE) at dirichletprocess/R/fit.R:16:8
 3.   ├─dirichletprocess::ClusterParameterUpdate(dpObj) at dirichletprocess/R/fit.R:44:5
 4.   └─dirichletprocess:::ClusterParameterUpdate.nonconjugate(dpObj) at dirichletprocess/R/cluster_parameter_update.R:14:27
 5.     └─dirichletprocess:::nonconjugate_beta_cluster_parameter_update_cpp(dpObj) at dirichletprocess/R/cluster_parameter_update.R:46:5

Warning ('test-beta-integration.R:25:3'): Complete Beta DP workflow with C++ implementation
C++ function 'nonconjugate_beta_cluster_component_update_cpp' is a STUB and not implemented. R fallback should be used.
Backtrace:
    ▆
 1. ├─dirichletprocess::Fit(dp, its = 50, progressBar = FALSE) at test-beta-integration.R:25:3
 2. └─dirichletprocess:::Fit.default(dp, its = 50, progressBar = FALSE) at dirichletprocess/R/fit.R:16:8
 3.   ├─dirichletprocess::ClusterComponentUpdate(dpObj) at dirichletprocess/R/fit.R:43:5
 4.   └─dirichletprocess:::ClusterComponentUpdate.nonconjugate(dpObj) at dirichletprocess/R/cluster_component_update.R:14:3
 5.     └─dirichletprocess:::nonconjugate_beta_cluster_component_update_cpp(dpObj) at dirichletprocess/R/cluster_component_update.R:91:5

Warning ('test-beta-integration.R:25:3'): Complete Beta DP workflow with C++ implementation
C++ function 'nonconjugate_beta_cluster_parameter_update_cpp' is a STUB and not implemented. R fallback should be used.
Backtrace:
    ▆
 1. ├─dirichletprocess::Fit(dp, its = 50, progressBar = FALSE) at test-beta-integration.R:25:3
 2. └─dirichletprocess:::Fit.default(dp, its = 50, progressBar = FALSE) at dirichletprocess/R/fit.R:16:8
 3.   ├─dirichletprocess::ClusterParameterUpdate(dpObj) at dirichletprocess/R/fit.R:44:5
 4.   └─dirichletprocess:::ClusterParameterUpdate.nonconjugate(dpObj) at dirichletprocess/R/cluster_parameter_update.R:14:27
 5.     └─dirichletprocess:::nonconjugate_beta_cluster_parameter_update_cpp(dpObj) at dirichletprocess/R/cluster_parameter_update.R:46:5

Warning ('test-beta-integration.R:25:3'): Complete Beta DP workflow with C++ implementation
C++ function 'nonconjugate_beta_cluster_component_update_cpp' is a STUB and not implemented. R fallback should be used.
Backtrace:
    ▆
 1. ├─dirichletprocess::Fit(dp, its = 50, progressBar = FALSE) at test-beta-integration.R:25:3
 2. └─dirichletprocess:::Fit.default(dp, its = 50, progressBar = FALSE) at dirichletprocess/R/fit.R:16:8
 3.   ├─dirichletprocess::ClusterComponentUpdate(dpObj) at dirichletprocess/R/fit.R:43:5
 4.   └─dirichletprocess:::ClusterComponentUpdate.nonconjugate(dpObj) at dirichletprocess/R/cluster_component_update.R:14:3
 5.     └─dirichletprocess:::nonconjugate_beta_cluster_component_update_cpp(dpObj) at dirichletprocess/R/cluster_component_update.R:91:5

Warning ('test-beta-integration.R:25:3'): Complete Beta DP workflow with C++ implementation
C++ function 'nonconjugate_beta_cluster_parameter_update_cpp' is a STUB and not implemented. R fallback should be used.
Backtrace:
    ▆
 1. ├─dirichletprocess::Fit(dp, its = 50, progressBar = FALSE) at test-beta-integration.R:25:3
 2. └─dirichletprocess:::Fit.default(dp, its = 50, progressBar = FALSE) at dirichletprocess/R/fit.R:16:8
 3.   ├─dirichletprocess::ClusterParameterUpdate(dpObj) at dirichletprocess/R/fit.R:44:5
 4.   └─dirichletprocess:::ClusterParameterUpdate.nonconjugate(dpObj) at dirichletprocess/R/cluster_parameter_update.R:14:27
 5.     └─dirichletprocess:::nonconjugate_beta_cluster_parameter_update_cpp(dpObj) at dirichletprocess/R/cluster_parameter_update.R:46:5

Warning ('test-beta-integration.R:25:3'): Complete Beta DP workflow with C++ implementation
C++ function 'nonconjugate_beta_cluster_component_update_cpp' is a STUB and not implemented. R fallback should be used.
Backtrace:
    ▆
 1. ├─dirichletprocess::Fit(dp, its = 50, progressBar = FALSE) at test-beta-integration.R:25:3
 2. └─dirichletprocess:::Fit.default(dp, its = 50, progressBar = FALSE) at dirichletprocess/R/fit.R:16:8
 3.   ├─dirichletprocess::ClusterComponentUpdate(dpObj) at dirichletprocess/R/fit.R:43:5
 4.   └─dirichletprocess:::ClusterComponentUpdate.nonconjugate(dpObj) at dirichletprocess/R/cluster_component_update.R:14:3
 5.     └─dirichletprocess:::nonconjugate_beta_cluster_component_update_cpp(dpObj) at dirichletprocess/R/cluster_component_update.R:91:5

Warning ('test-beta-integration.R:25:3'): Complete Beta DP workflow with C++ implementation
C++ function 'nonconjugate_beta_cluster_parameter_update_cpp' is a STUB and not implemented. R fallback should be used.
Backtrace:
    ▆
 1. ├─dirichletprocess::Fit(dp, its = 50, progressBar = FALSE) at test-beta-integration.R:25:3
 2. └─dirichletprocess:::Fit.default(dp, its = 50, progressBar = FALSE) at dirichletprocess/R/fit.R:16:8
 3.   ├─dirichletprocess::ClusterParameterUpdate(dpObj) at dirichletprocess/R/fit.R:44:5
 4.   └─dirichletprocess:::ClusterParameterUpdate.nonconjugate(dpObj) at dirichletprocess/R/cluster_parameter_update.R:14:27
 5.     └─dirichletprocess:::nonconjugate_beta_cluster_parameter_update_cpp(dpObj) at dirichletprocess/R/cluster_parameter_update.R:46:5

Warning ('test-beta-integration.R:25:3'): Complete Beta DP workflow with C++ implementation
C++ function 'nonconjugate_beta_cluster_component_update_cpp' is a STUB and not implemented. R fallback should be used.
Backtrace:
    ▆
 1. ├─dirichletprocess::Fit(dp, its = 50, progressBar = FALSE) at test-beta-integration.R:25:3
 2. └─dirichletprocess:::Fit.default(dp, its = 50, progressBar = FALSE) at dirichletprocess/R/fit.R:16:8
 3.   ├─dirichletprocess::ClusterComponentUpdate(dpObj) at dirichletprocess/R/fit.R:43:5
 4.   └─dirichletprocess:::ClusterComponentUpdate.nonconjugate(dpObj) at dirichletprocess/R/cluster_component_update.R:14:3
 5.     └─dirichletprocess:::nonconjugate_beta_cluster_component_update_cpp(dpObj) at dirichletprocess/R/cluster_component_update.R:91:5

Warning ('test-beta-integration.R:25:3'): Complete Beta DP workflow with C++ implementation
C++ function 'nonconjugate_beta_cluster_parameter_update_cpp' is a STUB and not implemented. R fallback should be used.
Backtrace:
    ▆
 1. ├─dirichletprocess::Fit(dp, its = 50, progressBar = FALSE) at test-beta-integration.R:25:3
 2. └─dirichletprocess:::Fit.default(dp, its = 50, progressBar = FALSE) at dirichletprocess/R/fit.R:16:8
 3.   ├─dirichletprocess::ClusterParameterUpdate(dpObj) at dirichletprocess/R/fit.R:44:5
 4.   └─dirichletprocess:::ClusterParameterUpdate.nonconjugate(dpObj) at dirichletprocess/R/cluster_parameter_update.R:14:27
 5.     └─dirichletprocess:::nonconjugate_beta_cluster_parameter_update_cpp(dpObj) at dirichletprocess/R/cluster_parameter_update.R:46:5

Warning ('test-beta-integration.R:25:3'): Complete Beta DP workflow with C++ implementation
C++ function 'nonconjugate_beta_cluster_component_update_cpp' is a STUB and not implemented. R fallback should be used.
Backtrace:
    ▆
 1. ├─dirichletprocess::Fit(dp, its = 50, progressBar = FALSE) at test-beta-integration.R:25:3
 2. └─dirichletprocess:::Fit.default(dp, its = 50, progressBar = FALSE) at dirichletprocess/R/fit.R:16:8
 3.   ├─dirichletprocess::ClusterComponentUpdate(dpObj) at dirichletprocess/R/fit.R:43:5
 4.   └─dirichletprocess:::ClusterComponentUpdate.nonconjugate(dpObj) at dirichletprocess/R/cluster_component_update.R:14:3
 5.     └─dirichletprocess:::nonconjugate_beta_cluster_component_update_cpp(dpObj) at dirichletprocess/R/cluster_component_update.R:91:5

Warning ('test-beta-integration.R:25:3'): Complete Beta DP workflow with C++ implementation
C++ function 'nonconjugate_beta_cluster_parameter_update_cpp' is a STUB and not implemented. R fallback should be used.
Backtrace:
    ▆
 1. ├─dirichletprocess::Fit(dp, its = 50, progressBar = FALSE) at test-beta-integration.R:25:3
 2. └─dirichletprocess:::Fit.default(dp, its = 50, progressBar = FALSE) at dirichletprocess/R/fit.R:16:8
 3.   ├─dirichletprocess::ClusterParameterUpdate(dpObj) at dirichletprocess/R/fit.R:44:5
 4.   └─dirichletprocess:::ClusterParameterUpdate.nonconjugate(dpObj) at dirichletprocess/R/cluster_parameter_update.R:14:27
 5.     └─dirichletprocess:::nonconjugate_beta_cluster_parameter_update_cpp(dpObj) at dirichletprocess/R/cluster_parameter_update.R:46:5

Warning ('test-beta-integration.R:25:3'): Complete Beta DP workflow with C++ implementation
C++ function 'nonconjugate_beta_cluster_component_update_cpp' is a STUB and not implemented. R fallback should be used.
Backtrace:
    ▆
 1. ├─dirichletprocess::Fit(dp, its = 50, progressBar = FALSE) at test-beta-integration.R:25:3
 2. └─dirichletprocess:::Fit.default(dp, its = 50, progressBar = FALSE) at dirichletprocess/R/fit.R:16:8
 3.   ├─dirichletprocess::ClusterComponentUpdate(dpObj) at dirichletprocess/R/fit.R:43:5
 4.   └─dirichletprocess:::ClusterComponentUpdate.nonconjugate(dpObj) at dirichletprocess/R/cluster_component_update.R:14:3
 5.     └─dirichletprocess:::nonconjugate_beta_cluster_component_update_cpp(dpObj) at dirichletprocess/R/cluster_component_update.R:91:5

Warning ('test-beta-integration.R:25:3'): Complete Beta DP workflow with C++ implementation
C++ function 'nonconjugate_beta_cluster_parameter_update_cpp' is a STUB and not implemented. R fallback should be used.
Backtrace:
    ▆
 1. ├─dirichletprocess::Fit(dp, its = 50, progressBar = FALSE) at test-beta-integration.R:25:3
 2. └─dirichletprocess:::Fit.default(dp, its = 50, progressBar = FALSE) at dirichletprocess/R/fit.R:16:8
 3.   ├─dirichletprocess::ClusterParameterUpdate(dpObj) at dirichletprocess/R/fit.R:44:5
 4.   └─dirichletprocess:::ClusterParameterUpdate.nonconjugate(dpObj) at dirichletprocess/R/cluster_parameter_update.R:14:27
 5.     └─dirichletprocess:::nonconjugate_beta_cluster_parameter_update_cpp(dpObj) at dirichletprocess/R/cluster_parameter_update.R:46:5

Warning ('test-beta-integration.R:25:3'): Complete Beta DP workflow with C++ implementation
C++ function 'nonconjugate_beta_cluster_component_update_cpp' is a STUB and not implemented. R fallback should be used.
Backtrace:
    ▆
 1. ├─dirichletprocess::Fit(dp, its = 50, progressBar = FALSE) at test-beta-integration.R:25:3
 2. └─dirichletprocess:::Fit.default(dp, its = 50, progressBar = FALSE) at dirichletprocess/R/fit.R:16:8
 3.   ├─dirichletprocess::ClusterComponentUpdate(dpObj) at dirichletprocess/R/fit.R:43:5
 4.   └─dirichletprocess:::ClusterComponentUpdate.nonconjugate(dpObj) at dirichletprocess/R/cluster_component_update.R:14:3
 5.     └─dirichletprocess:::nonconjugate_beta_cluster_component_update_cpp(dpObj) at dirichletprocess/R/cluster_component_update.R:91:5

Warning ('test-beta-integration.R:25:3'): Complete Beta DP workflow with C++ implementation
C++ function 'nonconjugate_beta_cluster_parameter_update_cpp' is a STUB and not implemented. R fallback should be used.
Backtrace:
    ▆
 1. ├─dirichletprocess::Fit(dp, its = 50, progressBar = FALSE) at test-beta-integration.R:25:3
 2. └─dirichletprocess:::Fit.default(dp, its = 50, progressBar = FALSE) at dirichletprocess/R/fit.R:16:8
 3.   ├─dirichletprocess::ClusterParameterUpdate(dpObj) at dirichletprocess/R/fit.R:44:5
 4.   └─dirichletprocess:::ClusterParameterUpdate.nonconjugate(dpObj) at dirichletprocess/R/cluster_parameter_update.R:14:27
 5.     └─dirichletprocess:::nonconjugate_beta_cluster_parameter_update_cpp(dpObj) at dirichletprocess/R/cluster_parameter_update.R:46:5

Warning ('test-beta-integration.R:25:3'): Complete Beta DP workflow with C++ implementation
C++ function 'nonconjugate_beta_cluster_component_update_cpp' is a STUB and not implemented. R fallback should be used.
Backtrace:
    ▆
 1. ├─dirichletprocess::Fit(dp, its = 50, progressBar = FALSE) at test-beta-integration.R:25:3
 2. └─dirichletprocess:::Fit.default(dp, its = 50, progressBar = FALSE) at dirichletprocess/R/fit.R:16:8
 3.   ├─dirichletprocess::ClusterComponentUpdate(dpObj) at dirichletprocess/R/fit.R:43:5
 4.   └─dirichletprocess:::ClusterComponentUpdate.nonconjugate(dpObj) at dirichletprocess/R/cluster_component_update.R:14:3
 5.     └─dirichletprocess:::nonconjugate_beta_cluster_component_update_cpp(dpObj) at dirichletprocess/R/cluster_component_update.R:91:5

Warning ('test-beta-integration.R:25:3'): Complete Beta DP workflow with C++ implementation
C++ function 'nonconjugate_beta_cluster_parameter_update_cpp' is a STUB and not implemented. R fallback should be used.
Backtrace:
    ▆
 1. ├─dirichletprocess::Fit(dp, its = 50, progressBar = FALSE) at test-beta-integration.R:25:3
 2. └─dirichletprocess:::Fit.default(dp, its = 50, progressBar = FALSE) at dirichletprocess/R/fit.R:16:8
 3.   ├─dirichletprocess::ClusterParameterUpdate(dpObj) at dirichletprocess/R/fit.R:44:5
 4.   └─dirichletprocess:::ClusterParameterUpdate.nonconjugate(dpObj) at dirichletprocess/R/cluster_parameter_update.R:14:27
 5.     └─dirichletprocess:::nonconjugate_beta_cluster_parameter_update_cpp(dpObj) at dirichletprocess/R/cluster_parameter_update.R:46:5

Warning ('test-beta-integration.R:25:3'): Complete Beta DP workflow with C++ implementation
C++ function 'nonconjugate_beta_cluster_component_update_cpp' is a STUB and not implemented. R fallback should be used.
Backtrace:
    ▆
 1. ├─dirichletprocess::Fit(dp, its = 50, progressBar = FALSE) at test-beta-integration.R:25:3
 2. └─dirichletprocess:::Fit.default(dp, its = 50, progressBar = FALSE) at dirichletprocess/R/fit.R:16:8
 3.   ├─dirichletprocess::ClusterComponentUpdate(dpObj) at dirichletprocess/R/fit.R:43:5
 4.   └─dirichletprocess:::ClusterComponentUpdate.nonconjugate(dpObj) at dirichletprocess/R/cluster_component_update.R:14:3
 5.     └─dirichletprocess:::nonconjugate_beta_cluster_component_update_cpp(dpObj) at dirichletprocess/R/cluster_component_update.R:91:5

Warning ('test-beta-integration.R:25:3'): Complete Beta DP workflow with C++ implementation
C++ function 'nonconjugate_beta_cluster_parameter_update_cpp' is a STUB and not implemented. R fallback should be used.
Backtrace:
    ▆
 1. ├─dirichletprocess::Fit(dp, its = 50, progressBar = FALSE) at test-beta-integration.R:25:3
 2. └─dirichletprocess:::Fit.default(dp, its = 50, progressBar = FALSE) at dirichletprocess/R/fit.R:16:8
 3.   ├─dirichletprocess::ClusterParameterUpdate(dpObj) at dirichletprocess/R/fit.R:44:5
 4.   └─dirichletprocess:::ClusterParameterUpdate.nonconjugate(dpObj) at dirichletprocess/R/cluster_parameter_update.R:14:27
 5.     └─dirichletprocess:::nonconjugate_beta_cluster_parameter_update_cpp(dpObj) at dirichletprocess/R/cluster_parameter_update.R:46:5

Warning ('test-beta-integration.R:25:3'): Complete Beta DP workflow with C++ implementation
C++ function 'nonconjugate_beta_cluster_component_update_cpp' is a STUB and not implemented. R fallback should be used.
Backtrace:
    ▆
 1. ├─dirichletprocess::Fit(dp, its = 50, progressBar = FALSE) at test-beta-integration.R:25:3
 2. └─dirichletprocess:::Fit.default(dp, its = 50, progressBar = FALSE) at dirichletprocess/R/fit.R:16:8
 3.   ├─dirichletprocess::ClusterComponentUpdate(dpObj) at dirichletprocess/R/fit.R:43:5
 4.   └─dirichletprocess:::ClusterComponentUpdate.nonconjugate(dpObj) at dirichletprocess/R/cluster_component_update.R:14:3
 5.     └─dirichletprocess:::nonconjugate_beta_cluster_component_update_cpp(dpObj) at dirichletprocess/R/cluster_component_update.R:91:5

Warning ('test-beta-integration.R:25:3'): Complete Beta DP workflow with C++ implementation
C++ function 'nonconjugate_beta_cluster_parameter_update_cpp' is a STUB and not implemented. R fallback should be used.
Backtrace:
    ▆
 1. ├─dirichletprocess::Fit(dp, its = 50, progressBar = FALSE) at test-beta-integration.R:25:3
 2. └─dirichletprocess:::Fit.default(dp, its = 50, progressBar = FALSE) at dirichletprocess/R/fit.R:16:8
 3.   ├─dirichletprocess::ClusterParameterUpdate(dpObj) at dirichletprocess/R/fit.R:44:5
 4.   └─dirichletprocess:::ClusterParameterUpdate.nonconjugate(dpObj) at dirichletprocess/R/cluster_parameter_update.R:14:27
 5.     └─dirichletprocess:::nonconjugate_beta_cluster_parameter_update_cpp(dpObj) at dirichletprocess/R/cluster_parameter_update.R:46:5

Warning ('test-beta-integration.R:25:3'): Complete Beta DP workflow with C++ implementation
C++ function 'nonconjugate_beta_cluster_component_update_cpp' is a STUB and not implemented. R fallback should be used.
Backtrace:
    ▆
 1. ├─dirichletprocess::Fit(dp, its = 50, progressBar = FALSE) at test-beta-integration.R:25:3
 2. └─dirichletprocess:::Fit.default(dp, its = 50, progressBar = FALSE) at dirichletprocess/R/fit.R:16:8
 3.   ├─dirichletprocess::ClusterComponentUpdate(dpObj) at dirichletprocess/R/fit.R:43:5
 4.   └─dirichletprocess:::ClusterComponentUpdate.nonconjugate(dpObj) at dirichletprocess/R/cluster_component_update.R:14:3
 5.     └─dirichletprocess:::nonconjugate_beta_cluster_component_update_cpp(dpObj) at dirichletprocess/R/cluster_component_update.R:91:5

Warning ('test-beta-integration.R:25:3'): Complete Beta DP workflow with C++ implementation
C++ function 'nonconjugate_beta_cluster_parameter_update_cpp' is a STUB and not implemented. R fallback should be used.
Backtrace:
    ▆
 1. ├─dirichletprocess::Fit(dp, its = 50, progressBar = FALSE) at test-beta-integration.R:25:3
 2. └─dirichletprocess:::Fit.default(dp, its = 50, progressBar = FALSE) at dirichletprocess/R/fit.R:16:8
 3.   ├─dirichletprocess::ClusterParameterUpdate(dpObj) at dirichletprocess/R/fit.R:44:5
 4.   └─dirichletprocess:::ClusterParameterUpdate.nonconjugate(dpObj) at dirichletprocess/R/cluster_parameter_update.R:14:27
 5.     └─dirichletprocess:::nonconjugate_beta_cluster_parameter_update_cpp(dpObj) at dirichletprocess/R/cluster_parameter_update.R:46:5

Warning ('test-beta-integration.R:25:3'): Complete Beta DP workflow with C++ implementation
C++ function 'nonconjugate_beta_cluster_component_update_cpp' is a STUB and not implemented. R fallback should be used.
Backtrace:
    ▆
 1. ├─dirichletprocess::Fit(dp, its = 50, progressBar = FALSE) at test-beta-integration.R:25:3
 2. └─dirichletprocess:::Fit.default(dp, its = 50, progressBar = FALSE) at dirichletprocess/R/fit.R:16:8
 3.   ├─dirichletprocess::ClusterComponentUpdate(dpObj) at dirichletprocess/R/fit.R:43:5
 4.   └─dirichletprocess:::ClusterComponentUpdate.nonconjugate(dpObj) at dirichletprocess/R/cluster_component_update.R:14:3
 5.     └─dirichletprocess:::nonconjugate_beta_cluster_component_update_cpp(dpObj) at dirichletprocess/R/cluster_component_update.R:91:5

Warning ('test-beta-integration.R:25:3'): Complete Beta DP workflow with C++ implementation
C++ function 'nonconjugate_beta_cluster_parameter_update_cpp' is a STUB and not implemented. R fallback should be used.
Backtrace:
    ▆
 1. ├─dirichletprocess::Fit(dp, its = 50, progressBar = FALSE) at test-beta-integration.R:25:3
 2. └─dirichletprocess:::Fit.default(dp, its = 50, progressBar = FALSE) at dirichletprocess/R/fit.R:16:8
 3.   ├─dirichletprocess::ClusterParameterUpdate(dpObj) at dirichletprocess/R/fit.R:44:5
 4.   └─dirichletprocess:::ClusterParameterUpdate.nonconjugate(dpObj) at dirichletprocess/R/cluster_parameter_update.R:14:27
 5.     └─dirichletprocess:::nonconjugate_beta_cluster_parameter_update_cpp(dpObj) at dirichletprocess/R/cluster_parameter_update.R:46:5

Warning ('test-beta-integration.R:25:3'): Complete Beta DP workflow with C++ implementation
C++ function 'nonconjugate_beta_cluster_component_update_cpp' is a STUB and not implemented. R fallback should be used.
Backtrace:
    ▆
 1. ├─dirichletprocess::Fit(dp, its = 50, progressBar = FALSE) at test-beta-integration.R:25:3
 2. └─dirichletprocess:::Fit.default(dp, its = 50, progressBar = FALSE) at dirichletprocess/R/fit.R:16:8
 3.   ├─dirichletprocess::ClusterComponentUpdate(dpObj) at dirichletprocess/R/fit.R:43:5
 4.   └─dirichletprocess:::ClusterComponentUpdate.nonconjugate(dpObj) at dirichletprocess/R/cluster_component_update.R:14:3
 5.     └─dirichletprocess:::nonconjugate_beta_cluster_component_update_cpp(dpObj) at dirichletprocess/R/cluster_component_update.R:91:5

Warning ('test-beta-integration.R:25:3'): Complete Beta DP workflow with C++ implementation
C++ function 'nonconjugate_beta_cluster_parameter_update_cpp' is a STUB and not implemented. R fallback should be used.
Backtrace:
    ▆
 1. ├─dirichletprocess::Fit(dp, its = 50, progressBar = FALSE) at test-beta-integration.R:25:3
 2. └─dirichletprocess:::Fit.default(dp, its = 50, progressBar = FALSE) at dirichletprocess/R/fit.R:16:8
 3.   ├─dirichletprocess::ClusterParameterUpdate(dpObj) at dirichletprocess/R/fit.R:44:5
 4.   └─dirichletprocess:::ClusterParameterUpdate.nonconjugate(dpObj) at dirichletprocess/R/cluster_parameter_update.R:14:27
 5.     └─dirichletprocess:::nonconjugate_beta_cluster_parameter_update_cpp(dpObj) at dirichletprocess/R/cluster_parameter_update.R:46:5

Warning ('test-beta-integration.R:25:3'): Complete Beta DP workflow with C++ implementation
C++ function 'nonconjugate_beta_cluster_component_update_cpp' is a STUB and not implemented. R fallback should be used.
Backtrace:
    ▆
 1. ├─dirichletprocess::Fit(dp, its = 50, progressBar = FALSE) at test-beta-integration.R:25:3
 2. └─dirichletprocess:::Fit.default(dp, its = 50, progressBar = FALSE) at dirichletprocess/R/fit.R:16:8
 3.   ├─dirichletprocess::ClusterComponentUpdate(dpObj) at dirichletprocess/R/fit.R:43:5
 4.   └─dirichletprocess:::ClusterComponentUpdate.nonconjugate(dpObj) at dirichletprocess/R/cluster_component_update.R:14:3
 5.     └─dirichletprocess:::nonconjugate_beta_cluster_component_update_cpp(dpObj) at dirichletprocess/R/cluster_component_update.R:91:5

Warning ('test-beta-integration.R:25:3'): Complete Beta DP workflow with C++ implementation
C++ function 'nonconjugate_beta_cluster_parameter_update_cpp' is a STUB and not implemented. R fallback should be used.
Backtrace:
    ▆
 1. ├─dirichletprocess::Fit(dp, its = 50, progressBar = FALSE) at test-beta-integration.R:25:3
 2. └─dirichletprocess:::Fit.default(dp, its = 50, progressBar = FALSE) at dirichletprocess/R/fit.R:16:8
 3.   ├─dirichletprocess::ClusterParameterUpdate(dpObj) at dirichletprocess/R/fit.R:44:5
 4.   └─dirichletprocess:::ClusterParameterUpdate.nonconjugate(dpObj) at dirichletprocess/R/cluster_parameter_update.R:14:27
 5.     └─dirichletprocess:::nonconjugate_beta_cluster_parameter_update_cpp(dpObj) at dirichletprocess/R/cluster_parameter_update.R:46:5

Warning ('test-beta-integration.R:25:3'): Complete Beta DP workflow with C++ implementation
C++ function 'nonconjugate_beta_cluster_component_update_cpp' is a STUB and not implemented. R fallback should be used.
Backtrace:
    ▆
 1. ├─dirichletprocess::Fit(dp, its = 50, progressBar = FALSE) at test-beta-integration.R:25:3
 2. └─dirichletprocess:::Fit.default(dp, its = 50, progressBar = FALSE) at dirichletprocess/R/fit.R:16:8
 3.   ├─dirichletprocess::ClusterComponentUpdate(dpObj) at dirichletprocess/R/fit.R:43:5
 4.   └─dirichletprocess:::ClusterComponentUpdate.nonconjugate(dpObj) at dirichletprocess/R/cluster_component_update.R:14:3
 5.     └─dirichletprocess:::nonconjugate_beta_cluster_component_update_cpp(dpObj) at dirichletprocess/R/cluster_component_update.R:91:5

Warning ('test-beta-integration.R:25:3'): Complete Beta DP workflow with C++ implementation
C++ function 'nonconjugate_beta_cluster_parameter_update_cpp' is a STUB and not implemented. R fallback should be used.
Backtrace:
    ▆
 1. ├─dirichletprocess::Fit(dp, its = 50, progressBar = FALSE) at test-beta-integration.R:25:3
 2. └─dirichletprocess:::Fit.default(dp, its = 50, progressBar = FALSE) at dirichletprocess/R/fit.R:16:8
 3.   ├─dirichletprocess::ClusterParameterUpdate(dpObj) at dirichletprocess/R/fit.R:44:5
 4.   └─dirichletprocess:::ClusterParameterUpdate.nonconjugate(dpObj) at dirichletprocess/R/cluster_parameter_update.R:14:27
 5.     └─dirichletprocess:::nonconjugate_beta_cluster_parameter_update_cpp(dpObj) at dirichletprocess/R/cluster_parameter_update.R:46:5

Warning ('test-beta-integration.R:25:3'): Complete Beta DP workflow with C++ implementation
C++ function 'nonconjugate_beta_cluster_component_update_cpp' is a STUB and not implemented. R fallback should be used.
Backtrace:
    ▆
 1. ├─dirichletprocess::Fit(dp, its = 50, progressBar = FALSE) at test-beta-integration.R:25:3
 2. └─dirichletprocess:::Fit.default(dp, its = 50, progressBar = FALSE) at dirichletprocess/R/fit.R:16:8
 3.   ├─dirichletprocess::ClusterComponentUpdate(dpObj) at dirichletprocess/R/fit.R:43:5
 4.   └─dirichletprocess:::ClusterComponentUpdate.nonconjugate(dpObj) at dirichletprocess/R/cluster_component_update.R:14:3
 5.     └─dirichletprocess:::nonconjugate_beta_cluster_component_update_cpp(dpObj) at dirichletprocess/R/cluster_component_update.R:91:5

Warning ('test-beta-integration.R:25:3'): Complete Beta DP workflow with C++ implementation
C++ function 'nonconjugate_beta_cluster_parameter_update_cpp' is a STUB and not implemented. R fallback should be used.
Backtrace:
    ▆
 1. ├─dirichletprocess::Fit(dp, its = 50, progressBar = FALSE) at test-beta-integration.R:25:3
 2. └─dirichletprocess:::Fit.default(dp, its = 50, progressBar = FALSE) at dirichletprocess/R/fit.R:16:8
 3.   ├─dirichletprocess::ClusterParameterUpdate(dpObj) at dirichletprocess/R/fit.R:44:5
 4.   └─dirichletprocess:::ClusterParameterUpdate.nonconjugate(dpObj) at dirichletprocess/R/cluster_parameter_update.R:14:27
 5.     └─dirichletprocess:::nonconjugate_beta_cluster_parameter_update_cpp(dpObj) at dirichletprocess/R/cluster_parameter_update.R:46:5

Warning ('test-beta-integration.R:25:3'): Complete Beta DP workflow with C++ implementation
C++ function 'nonconjugate_beta_cluster_component_update_cpp' is a STUB and not implemented. R fallback should be used.
Backtrace:
    ▆
 1. ├─dirichletprocess::Fit(dp, its = 50, progressBar = FALSE) at test-beta-integration.R:25:3
 2. └─dirichletprocess:::Fit.default(dp, its = 50, progressBar = FALSE) at dirichletprocess/R/fit.R:16:8
 3.   ├─dirichletprocess::ClusterComponentUpdate(dpObj) at dirichletprocess/R/fit.R:43:5
 4.   └─dirichletprocess:::ClusterComponentUpdate.nonconjugate(dpObj) at dirichletprocess/R/cluster_component_update.R:14:3
 5.     └─dirichletprocess:::nonconjugate_beta_cluster_component_update_cpp(dpObj) at dirichletprocess/R/cluster_component_update.R:91:5

Warning ('test-beta-integration.R:25:3'): Complete Beta DP workflow with C++ implementation
C++ function 'nonconjugate_beta_cluster_parameter_update_cpp' is a STUB and not implemented. R fallback should be used.
Backtrace:
    ▆
 1. ├─dirichletprocess::Fit(dp, its = 50, progressBar = FALSE) at test-beta-integration.R:25:3
 2. └─dirichletprocess:::Fit.default(dp, its = 50, progressBar = FALSE) at dirichletprocess/R/fit.R:16:8
 3.   ├─dirichletprocess::ClusterParameterUpdate(dpObj) at dirichletprocess/R/fit.R:44:5
 4.   └─dirichletprocess:::ClusterParameterUpdate.nonconjugate(dpObj) at dirichletprocess/R/cluster_parameter_update.R:14:27
 5.     └─dirichletprocess:::nonconjugate_beta_cluster_parameter_update_cpp(dpObj) at dirichletprocess/R/cluster_parameter_update.R:46:5

Warning ('test-beta-integration.R:25:3'): Complete Beta DP workflow with C++ implementation
C++ function 'nonconjugate_beta_cluster_component_update_cpp' is a STUB and not implemented. R fallback should be used.
Backtrace:
    ▆
 1. ├─dirichletprocess::Fit(dp, its = 50, progressBar = FALSE) at test-beta-integration.R:25:3
 2. └─dirichletprocess:::Fit.default(dp, its = 50, progressBar = FALSE) at dirichletprocess/R/fit.R:16:8
 3.   ├─dirichletprocess::ClusterComponentUpdate(dpObj) at dirichletprocess/R/fit.R:43:5
 4.   └─dirichletprocess:::ClusterComponentUpdate.nonconjugate(dpObj) at dirichletprocess/R/cluster_component_update.R:14:3
 5.     └─dirichletprocess:::nonconjugate_beta_cluster_component_update_cpp(dpObj) at dirichletprocess/R/cluster_component_update.R:91:5

Warning ('test-beta-integration.R:25:3'): Complete Beta DP workflow with C++ implementation
C++ function 'nonconjugate_beta_cluster_parameter_update_cpp' is a STUB and not implemented. R fallback should be used.
Backtrace:
    ▆
 1. ├─dirichletprocess::Fit(dp, its = 50, progressBar = FALSE) at test-beta-integration.R:25:3
 2. └─dirichletprocess:::Fit.default(dp, its = 50, progressBar = FALSE) at dirichletprocess/R/fit.R:16:8
 3.   ├─dirichletprocess::ClusterParameterUpdate(dpObj) at dirichletprocess/R/fit.R:44:5
 4.   └─dirichletprocess:::ClusterParameterUpdate.nonconjugate(dpObj) at dirichletprocess/R/cluster_parameter_update.R:14:27
 5.     └─dirichletprocess:::nonconjugate_beta_cluster_parameter_update_cpp(dpObj) at dirichletprocess/R/cluster_parameter_update.R:46:5

Warning ('test-beta-integration.R:25:3'): Complete Beta DP workflow with C++ implementation
C++ function 'nonconjugate_beta_cluster_component_update_cpp' is a STUB and not implemented. R fallback should be used.
Backtrace:
    ▆
 1. ├─dirichletprocess::Fit(dp, its = 50, progressBar = FALSE) at test-beta-integration.R:25:3
 2. └─dirichletprocess:::Fit.default(dp, its = 50, progressBar = FALSE) at dirichletprocess/R/fit.R:16:8
 3.   ├─dirichletprocess::ClusterComponentUpdate(dpObj) at dirichletprocess/R/fit.R:43:5
 4.   └─dirichletprocess:::ClusterComponentUpdate.nonconjugate(dpObj) at dirichletprocess/R/cluster_component_update.R:14:3
 5.     └─dirichletprocess:::nonconjugate_beta_cluster_component_update_cpp(dpObj) at dirichletprocess/R/cluster_component_update.R:91:5

Warning ('test-beta-integration.R:25:3'): Complete Beta DP workflow with C++ implementation
C++ function 'nonconjugate_beta_cluster_parameter_update_cpp' is a STUB and not implemented. R fallback should be used.
Backtrace:
    ▆
 1. ├─dirichletprocess::Fit(dp, its = 50, progressBar = FALSE) at test-beta-integration.R:25:3
 2. └─dirichletprocess:::Fit.default(dp, its = 50, progressBar = FALSE) at dirichletprocess/R/fit.R:16:8
 3.   ├─dirichletprocess::ClusterParameterUpdate(dpObj) at dirichletprocess/R/fit.R:44:5
 4.   └─dirichletprocess:::ClusterParameterUpdate.nonconjugate(dpObj) at dirichletprocess/R/cluster_parameter_update.R:14:27
 5.     └─dirichletprocess:::nonconjugate_beta_cluster_parameter_update_cpp(dpObj) at dirichletprocess/R/cluster_parameter_update.R:46:5

Warning ('test-beta-integration.R:25:3'): Complete Beta DP workflow with C++ implementation
C++ function 'nonconjugate_beta_cluster_component_update_cpp' is a STUB and not implemented. R fallback should be used.
Backtrace:
    ▆
 1. ├─dirichletprocess::Fit(dp, its = 50, progressBar = FALSE) at test-beta-integration.R:25:3
 2. └─dirichletprocess:::Fit.default(dp, its = 50, progressBar = FALSE) at dirichletprocess/R/fit.R:16:8
 3.   ├─dirichletprocess::ClusterComponentUpdate(dpObj) at dirichletprocess/R/fit.R:43:5
 4.   └─dirichletprocess:::ClusterComponentUpdate.nonconjugate(dpObj) at dirichletprocess/R/cluster_component_update.R:14:3
 5.     └─dirichletprocess:::nonconjugate_beta_cluster_component_update_cpp(dpObj) at dirichletprocess/R/cluster_component_update.R:91:5

Warning ('test-beta-integration.R:25:3'): Complete Beta DP workflow with C++ implementation
C++ function 'nonconjugate_beta_cluster_parameter_update_cpp' is a STUB and not implemented. R fallback should be used.
Backtrace:
    ▆
 1. ├─dirichletprocess::Fit(dp, its = 50, progressBar = FALSE) at test-beta-integration.R:25:3
 2. └─dirichletprocess:::Fit.default(dp, its = 50, progressBar = FALSE) at dirichletprocess/R/fit.R:16:8
 3.   ├─dirichletprocess::ClusterParameterUpdate(dpObj) at dirichletprocess/R/fit.R:44:5
 4.   └─dirichletprocess:::ClusterParameterUpdate.nonconjugate(dpObj) at dirichletprocess/R/cluster_parameter_update.R:14:27
 5.     └─dirichletprocess:::nonconjugate_beta_cluster_parameter_update_cpp(dpObj) at dirichletprocess/R/cluster_parameter_update.R:46:5

Warning ('test-beta-integration.R:25:3'): Complete Beta DP workflow with C++ implementation
C++ function 'nonconjugate_beta_cluster_component_update_cpp' is a STUB and not implemented. R fallback should be used.
Backtrace:
    ▆
 1. ├─dirichletprocess::Fit(dp, its = 50, progressBar = FALSE) at test-beta-integration.R:25:3
 2. └─dirichletprocess:::Fit.default(dp, its = 50, progressBar = FALSE) at dirichletprocess/R/fit.R:16:8
 3.   ├─dirichletprocess::ClusterComponentUpdate(dpObj) at dirichletprocess/R/fit.R:43:5
 4.   └─dirichletprocess:::ClusterComponentUpdate.nonconjugate(dpObj) at dirichletprocess/R/cluster_component_update.R:14:3
 5.     └─dirichletprocess:::nonconjugate_beta_cluster_component_update_cpp(dpObj) at dirichletprocess/R/cluster_component_update.R:91:5

Warning ('test-beta-integration.R:25:3'): Complete Beta DP workflow with C++ implementation
C++ function 'nonconjugate_beta_cluster_parameter_update_cpp' is a STUB and not implemented. R fallback should be used.
Backtrace:
    ▆
 1. ├─dirichletprocess::Fit(dp, its = 50, progressBar = FALSE) at test-beta-integration.R:25:3
 2. └─dirichletprocess:::Fit.default(dp, its = 50, progressBar = FALSE) at dirichletprocess/R/fit.R:16:8
 3.   ├─dirichletprocess::ClusterParameterUpdate(dpObj) at dirichletprocess/R/fit.R:44:5
 4.   └─dirichletprocess:::ClusterParameterUpdate.nonconjugate(dpObj) at dirichletprocess/R/cluster_parameter_update.R:14:27
 5.     └─dirichletprocess:::nonconjugate_beta_cluster_parameter_update_cpp(dpObj) at dirichletprocess/R/cluster_parameter_update.R:46:5

Warning ('test-beta-integration.R:25:3'): Complete Beta DP workflow with C++ implementation
C++ function 'nonconjugate_beta_cluster_component_update_cpp' is a STUB and not implemented. R fallback should be used.
Backtrace:
    ▆
 1. ├─dirichletprocess::Fit(dp, its = 50, progressBar = FALSE) at test-beta-integration.R:25:3
 2. └─dirichletprocess:::Fit.default(dp, its = 50, progressBar = FALSE) at dirichletprocess/R/fit.R:16:8
 3.   ├─dirichletprocess::ClusterComponentUpdate(dpObj) at dirichletprocess/R/fit.R:43:5
 4.   └─dirichletprocess:::ClusterComponentUpdate.nonconjugate(dpObj) at dirichletprocess/R/cluster_component_update.R:14:3
 5.     └─dirichletprocess:::nonconjugate_beta_cluster_component_update_cpp(dpObj) at dirichletprocess/R/cluster_component_update.R:91:5

Warning ('test-beta-integration.R:25:3'): Complete Beta DP workflow with C++ implementation
C++ function 'nonconjugate_beta_cluster_parameter_update_cpp' is a STUB and not implemented. R fallback should be used.
Backtrace:
    ▆
 1. ├─dirichletprocess::Fit(dp, its = 50, progressBar = FALSE) at test-beta-integration.R:25:3
 2. └─dirichletprocess:::Fit.default(dp, its = 50, progressBar = FALSE) at dirichletprocess/R/fit.R:16:8
 3.   ├─dirichletprocess::ClusterParameterUpdate(dpObj) at dirichletprocess/R/fit.R:44:5
 4.   └─dirichletprocess:::ClusterParameterUpdate.nonconjugate(dpObj) at dirichletprocess/R/cluster_parameter_update.R:14:27
 5.     └─dirichletprocess:::nonconjugate_beta_cluster_parameter_update_cpp(dpObj) at dirichletprocess/R/cluster_parameter_update.R:46:5

Warning ('test-beta-integration.R:25:3'): Complete Beta DP workflow with C++ implementation
C++ function 'nonconjugate_beta_cluster_component_update_cpp' is a STUB and not implemented. R fallback should be used.
Backtrace:
    ▆
 1. ├─dirichletprocess::Fit(dp, its = 50, progressBar = FALSE) at test-beta-integration.R:25:3
 2. └─dirichletprocess:::Fit.default(dp, its = 50, progressBar = FALSE) at dirichletprocess/R/fit.R:16:8
 3.   ├─dirichletprocess::ClusterComponentUpdate(dpObj) at dirichletprocess/R/fit.R:43:5
 4.   └─dirichletprocess:::ClusterComponentUpdate.nonconjugate(dpObj) at dirichletprocess/R/cluster_component_update.R:14:3
 5.     └─dirichletprocess:::nonconjugate_beta_cluster_component_update_cpp(dpObj) at dirichletprocess/R/cluster_component_update.R:91:5

Warning ('test-beta-integration.R:25:3'): Complete Beta DP workflow with C++ implementation
C++ function 'nonconjugate_beta_cluster_parameter_update_cpp' is a STUB and not implemented. R fallback should be used.
Backtrace:
    ▆
 1. ├─dirichletprocess::Fit(dp, its = 50, progressBar = FALSE) at test-beta-integration.R:25:3
 2. └─dirichletprocess:::Fit.default(dp, its = 50, progressBar = FALSE) at dirichletprocess/R/fit.R:16:8
 3.   ├─dirichletprocess::ClusterParameterUpdate(dpObj) at dirichletprocess/R/fit.R:44:5
 4.   └─dirichletprocess:::ClusterParameterUpdate.nonconjugate(dpObj) at dirichletprocess/R/cluster_parameter_update.R:14:27
 5.     └─dirichletprocess:::nonconjugate_beta_cluster_parameter_update_cpp(dpObj) at dirichletprocess/R/cluster_parameter_update.R:46:5

Warning ('test-beta-integration.R:25:3'): Complete Beta DP workflow with C++ implementation
C++ function 'nonconjugate_beta_cluster_component_update_cpp' is a STUB and not implemented. R fallback should be used.
Backtrace:
    ▆
 1. ├─dirichletprocess::Fit(dp, its = 50, progressBar = FALSE) at test-beta-integration.R:25:3
 2. └─dirichletprocess:::Fit.default(dp, its = 50, progressBar = FALSE) at dirichletprocess/R/fit.R:16:8
 3.   ├─dirichletprocess::ClusterComponentUpdate(dpObj) at dirichletprocess/R/fit.R:43:5
 4.   └─dirichletprocess:::ClusterComponentUpdate.nonconjugate(dpObj) at dirichletprocess/R/cluster_component_update.R:14:3
 5.     └─dirichletprocess:::nonconjugate_beta_cluster_component_update_cpp(dpObj) at dirichletprocess/R/cluster_component_update.R:91:5

Warning ('test-beta-integration.R:25:3'): Complete Beta DP workflow with C++ implementation
C++ function 'nonconjugate_beta_cluster_parameter_update_cpp' is a STUB and not implemented. R fallback should be used.
Backtrace:
    ▆
 1. ├─dirichletprocess::Fit(dp, its = 50, progressBar = FALSE) at test-beta-integration.R:25:3
 2. └─dirichletprocess:::Fit.default(dp, its = 50, progressBar = FALSE) at dirichletprocess/R/fit.R:16:8
 3.   ├─dirichletprocess::ClusterParameterUpdate(dpObj) at dirichletprocess/R/fit.R:44:5
 4.   └─dirichletprocess:::ClusterParameterUpdate.nonconjugate(dpObj) at dirichletprocess/R/cluster_parameter_update.R:14:27
 5.     └─dirichletprocess:::nonconjugate_beta_cluster_parameter_update_cpp(dpObj) at dirichletprocess/R/cluster_parameter_update.R:46:5

Warning ('test-beta-integration.R:25:3'): Complete Beta DP workflow with C++ implementation
C++ function 'nonconjugate_beta_cluster_component_update_cpp' is a STUB and not implemented. R fallback should be used.
Backtrace:
    ▆
 1. ├─dirichletprocess::Fit(dp, its = 50, progressBar = FALSE) at test-beta-integration.R:25:3
 2. └─dirichletprocess:::Fit.default(dp, its = 50, progressBar = FALSE) at dirichletprocess/R/fit.R:16:8
 3.   ├─dirichletprocess::ClusterComponentUpdate(dpObj) at dirichletprocess/R/fit.R:43:5
 4.   └─dirichletprocess:::ClusterComponentUpdate.nonconjugate(dpObj) at dirichletprocess/R/cluster_component_update.R:14:3
 5.     └─dirichletprocess:::nonconjugate_beta_cluster_component_update_cpp(dpObj) at dirichletprocess/R/cluster_component_update.R:91:5

Warning ('test-beta-integration.R:25:3'): Complete Beta DP workflow with C++ implementation
C++ function 'nonconjugate_beta_cluster_parameter_update_cpp' is a STUB and not implemented. R fallback should be used.
Backtrace:
    ▆
 1. ├─dirichletprocess::Fit(dp, its = 50, progressBar = FALSE) at test-beta-integration.R:25:3
 2. └─dirichletprocess:::Fit.default(dp, its = 50, progressBar = FALSE) at dirichletprocess/R/fit.R:16:8
 3.   ├─dirichletprocess::ClusterParameterUpdate(dpObj) at dirichletprocess/R/fit.R:44:5
 4.   └─dirichletprocess:::ClusterParameterUpdate.nonconjugate(dpObj) at dirichletprocess/R/cluster_parameter_update.R:14:27
 5.     └─dirichletprocess:::nonconjugate_beta_cluster_parameter_update_cpp(dpObj) at dirichletprocess/R/cluster_parameter_update.R:46:5

Warning ('test-beta-integration.R:25:3'): Complete Beta DP workflow with C++ implementation
C++ function 'nonconjugate_beta_cluster_component_update_cpp' is a STUB and not implemented. R fallback should be used.
Backtrace:
    ▆
 1. ├─dirichletprocess::Fit(dp, its = 50, progressBar = FALSE) at test-beta-integration.R:25:3
 2. └─dirichletprocess:::Fit.default(dp, its = 50, progressBar = FALSE) at dirichletprocess/R/fit.R:16:8
 3.   ├─dirichletprocess::ClusterComponentUpdate(dpObj) at dirichletprocess/R/fit.R:43:5
 4.   └─dirichletprocess:::ClusterComponentUpdate.nonconjugate(dpObj) at dirichletprocess/R/cluster_component_update.R:14:3
 5.     └─dirichletprocess:::nonconjugate_beta_cluster_component_update_cpp(dpObj) at dirichletprocess/R/cluster_component_update.R:91:5

Warning ('test-beta-integration.R:25:3'): Complete Beta DP workflow with C++ implementation
C++ function 'nonconjugate_beta_cluster_parameter_update_cpp' is a STUB and not implemented. R fallback should be used.
Backtrace:
    ▆
 1. ├─dirichletprocess::Fit(dp, its = 50, progressBar = FALSE) at test-beta-integration.R:25:3
 2. └─dirichletprocess:::Fit.default(dp, its = 50, progressBar = FALSE) at dirichletprocess/R/fit.R:16:8
 3.   ├─dirichletprocess::ClusterParameterUpdate(dpObj) at dirichletprocess/R/fit.R:44:5
 4.   └─dirichletprocess:::ClusterParameterUpdate.nonconjugate(dpObj) at dirichletprocess/R/cluster_parameter_update.R:14:27
 5.     └─dirichletprocess:::nonconjugate_beta_cluster_parameter_update_cpp(dpObj) at dirichletprocess/R/cluster_parameter_update.R:46:5

Warning ('test-beta-integration.R:25:3'): Complete Beta DP workflow with C++ implementation
C++ function 'nonconjugate_beta_cluster_component_update_cpp' is a STUB and not implemented. R fallback should be used.
Backtrace:
    ▆
 1. ├─dirichletprocess::Fit(dp, its = 50, progressBar = FALSE) at test-beta-integration.R:25:3
 2. └─dirichletprocess:::Fit.default(dp, its = 50, progressBar = FALSE) at dirichletprocess/R/fit.R:16:8
 3.   ├─dirichletprocess::ClusterComponentUpdate(dpObj) at dirichletprocess/R/fit.R:43:5
 4.   └─dirichletprocess:::ClusterComponentUpdate.nonconjugate(dpObj) at dirichletprocess/R/cluster_component_update.R:14:3
 5.     └─dirichletprocess:::nonconjugate_beta_cluster_component_update_cpp(dpObj) at dirichletprocess/R/cluster_component_update.R:91:5

Warning ('test-beta-integration.R:25:3'): Complete Beta DP workflow with C++ implementation
C++ function 'nonconjugate_beta_cluster_parameter_update_cpp' is a STUB and not implemented. R fallback should be used.
Backtrace:
    ▆
 1. ├─dirichletprocess::Fit(dp, its = 50, progressBar = FALSE) at test-beta-integration.R:25:3
 2. └─dirichletprocess:::Fit.default(dp, its = 50, progressBar = FALSE) at dirichletprocess/R/fit.R:16:8
 3.   ├─dirichletprocess::ClusterParameterUpdate(dpObj) at dirichletprocess/R/fit.R:44:5
 4.   └─dirichletprocess:::ClusterParameterUpdate.nonconjugate(dpObj) at dirichletprocess/R/cluster_parameter_update.R:14:27
 5.     └─dirichletprocess:::nonconjugate_beta_cluster_parameter_update_cpp(dpObj) at dirichletprocess/R/cluster_parameter_update.R:46:5

Warning ('test-beta-integration.R:25:3'): Complete Beta DP workflow with C++ implementation
C++ function 'nonconjugate_beta_cluster_component_update_cpp' is a STUB and not implemented. R fallback should be used.
Backtrace:
    ▆
 1. ├─dirichletprocess::Fit(dp, its = 50, progressBar = FALSE) at test-beta-integration.R:25:3
 2. └─dirichletprocess:::Fit.default(dp, its = 50, progressBar = FALSE) at dirichletprocess/R/fit.R:16:8
 3.   ├─dirichletprocess::ClusterComponentUpdate(dpObj) at dirichletprocess/R/fit.R:43:5
 4.   └─dirichletprocess:::ClusterComponentUpdate.nonconjugate(dpObj) at dirichletprocess/R/cluster_component_update.R:14:3
 5.     └─dirichletprocess:::nonconjugate_beta_cluster_component_update_cpp(dpObj) at dirichletprocess/R/cluster_component_update.R:91:5

Warning ('test-beta-integration.R:25:3'): Complete Beta DP workflow with C++ implementation
C++ function 'nonconjugate_beta_cluster_parameter_update_cpp' is a STUB and not implemented. R fallback should be used.
Backtrace:
    ▆
 1. ├─dirichletprocess::Fit(dp, its = 50, progressBar = FALSE) at test-beta-integration.R:25:3
 2. └─dirichletprocess:::Fit.default(dp, its = 50, progressBar = FALSE) at dirichletprocess/R/fit.R:16:8
 3.   ├─dirichletprocess::ClusterParameterUpdate(dpObj) at dirichletprocess/R/fit.R:44:5
 4.   └─dirichletprocess:::ClusterParameterUpdate.nonconjugate(dpObj) at dirichletprocess/R/cluster_parameter_update.R:14:27
 5.     └─dirichletprocess:::nonconjugate_beta_cluster_parameter_update_cpp(dpObj) at dirichletprocess/R/cluster_parameter_update.R:46:5

Warning ('test-beta-integration.R:25:3'): Complete Beta DP workflow with C++ implementation
C++ function 'nonconjugate_beta_cluster_component_update_cpp' is a STUB and not implemented. R fallback should be used.
Backtrace:
    ▆
 1. ├─dirichletprocess::Fit(dp, its = 50, progressBar = FALSE) at test-beta-integration.R:25:3
 2. └─dirichletprocess:::Fit.default(dp, its = 50, progressBar = FALSE) at dirichletprocess/R/fit.R:16:8
 3.   ├─dirichletprocess::ClusterComponentUpdate(dpObj) at dirichletprocess/R/fit.R:43:5
 4.   └─dirichletprocess:::ClusterComponentUpdate.nonconjugate(dpObj) at dirichletprocess/R/cluster_component_update.R:14:3
 5.     └─dirichletprocess:::nonconjugate_beta_cluster_component_update_cpp(dpObj) at dirichletprocess/R/cluster_component_update.R:91:5

Warning ('test-beta-integration.R:25:3'): Complete Beta DP workflow with C++ implementation
C++ function 'nonconjugate_beta_cluster_parameter_update_cpp' is a STUB and not implemented. R fallback should be used.
Backtrace:
    ▆
 1. ├─dirichletprocess::Fit(dp, its = 50, progressBar = FALSE) at test-beta-integration.R:25:3
 2. └─dirichletprocess:::Fit.default(dp, its = 50, progressBar = FALSE) at dirichletprocess/R/fit.R:16:8
 3.   ├─dirichletprocess::ClusterParameterUpdate(dpObj) at dirichletprocess/R/fit.R:44:5
 4.   └─dirichletprocess:::ClusterParameterUpdate.nonconjugate(dpObj) at dirichletprocess/R/cluster_parameter_update.R:14:27
 5.     └─dirichletprocess:::nonconjugate_beta_cluster_parameter_update_cpp(dpObj) at dirichletprocess/R/cluster_parameter_update.R:46:5

Warning ('test-beta-integration.R:25:3'): Complete Beta DP workflow with C++ implementation
C++ function 'nonconjugate_beta_cluster_component_update_cpp' is a STUB and not implemented. R fallback should be used.
Backtrace:
    ▆
 1. ├─dirichletprocess::Fit(dp, its = 50, progressBar = FALSE) at test-beta-integration.R:25:3
 2. └─dirichletprocess:::Fit.default(dp, its = 50, progressBar = FALSE) at dirichletprocess/R/fit.R:16:8
 3.   ├─dirichletprocess::ClusterComponentUpdate(dpObj) at dirichletprocess/R/fit.R:43:5
 4.   └─dirichletprocess:::ClusterComponentUpdate.nonconjugate(dpObj) at dirichletprocess/R/cluster_component_update.R:14:3
 5.     └─dirichletprocess:::nonconjugate_beta_cluster_component_update_cpp(dpObj) at dirichletprocess/R/cluster_component_update.R:91:5

Warning ('test-beta-integration.R:25:3'): Complete Beta DP workflow with C++ implementation
C++ function 'nonconjugate_beta_cluster_parameter_update_cpp' is a STUB and not implemented. R fallback should be used.
Backtrace:
    ▆
 1. ├─dirichletprocess::Fit(dp, its = 50, progressBar = FALSE) at test-beta-integration.R:25:3
 2. └─dirichletprocess:::Fit.default(dp, its = 50, progressBar = FALSE) at dirichletprocess/R/fit.R:16:8
 3.   ├─dirichletprocess::ClusterParameterUpdate(dpObj) at dirichletprocess/R/fit.R:44:5
 4.   └─dirichletprocess:::ClusterParameterUpdate.nonconjugate(dpObj) at dirichletprocess/R/cluster_parameter_update.R:14:27
 5.     └─dirichletprocess:::nonconjugate_beta_cluster_parameter_update_cpp(dpObj) at dirichletprocess/R/cluster_parameter_update.R:46:5

Warning ('test-beta-integration.R:25:3'): Complete Beta DP workflow with C++ implementation
C++ function 'nonconjugate_beta_cluster_component_update_cpp' is a STUB and not implemented. R fallback should be used.
Backtrace:
    ▆
 1. ├─dirichletprocess::Fit(dp, its = 50, progressBar = FALSE) at test-beta-integration.R:25:3
 2. └─dirichletprocess:::Fit.default(dp, its = 50, progressBar = FALSE) at dirichletprocess/R/fit.R:16:8
 3.   ├─dirichletprocess::ClusterComponentUpdate(dpObj) at dirichletprocess/R/fit.R:43:5
 4.   └─dirichletprocess:::ClusterComponentUpdate.nonconjugate(dpObj) at dirichletprocess/R/cluster_component_update.R:14:3
 5.     └─dirichletprocess:::nonconjugate_beta_cluster_component_update_cpp(dpObj) at dirichletprocess/R/cluster_component_update.R:91:5

Warning ('test-beta-integration.R:25:3'): Complete Beta DP workflow with C++ implementation
C++ function 'nonconjugate_beta_cluster_parameter_update_cpp' is a STUB and not implemented. R fallback should be used.
Backtrace:
    ▆
 1. ├─dirichletprocess::Fit(dp, its = 50, progressBar = FALSE) at test-beta-integration.R:25:3
 2. └─dirichletprocess:::Fit.default(dp, its = 50, progressBar = FALSE) at dirichletprocess/R/fit.R:16:8
 3.   ├─dirichletprocess::ClusterParameterUpdate(dpObj) at dirichletprocess/R/fit.R:44:5
 4.   └─dirichletprocess:::ClusterParameterUpdate.nonconjugate(dpObj) at dirichletprocess/R/cluster_parameter_update.R:14:27
 5.     └─dirichletprocess:::nonconjugate_beta_cluster_parameter_update_cpp(dpObj) at dirichletprocess/R/cluster_parameter_update.R:46:5

Warning ('test-beta-integration.R:25:3'): Complete Beta DP workflow with C++ implementation
C++ function 'nonconjugate_beta_cluster_component_update_cpp' is a STUB and not implemented. R fallback should be used.
Backtrace:
    ▆
 1. ├─dirichletprocess::Fit(dp, its = 50, progressBar = FALSE) at test-beta-integration.R:25:3
 2. └─dirichletprocess:::Fit.default(dp, its = 50, progressBar = FALSE) at dirichletprocess/R/fit.R:16:8
 3.   ├─dirichletprocess::ClusterComponentUpdate(dpObj) at dirichletprocess/R/fit.R:43:5
 4.   └─dirichletprocess:::ClusterComponentUpdate.nonconjugate(dpObj) at dirichletprocess/R/cluster_component_update.R:14:3
 5.     └─dirichletprocess:::nonconjugate_beta_cluster_component_update_cpp(dpObj) at dirichletprocess/R/cluster_component_update.R:91:5

Warning ('test-beta-integration.R:25:3'): Complete Beta DP workflow with C++ implementation
C++ function 'nonconjugate_beta_cluster_parameter_update_cpp' is a STUB and not implemented. R fallback should be used.
Backtrace:
    ▆
 1. ├─dirichletprocess::Fit(dp, its = 50, progressBar = FALSE) at test-beta-integration.R:25:3
 2. └─dirichletprocess:::Fit.default(dp, its = 50, progressBar = FALSE) at dirichletprocess/R/fit.R:16:8
 3.   ├─dirichletprocess::ClusterParameterUpdate(dpObj) at dirichletprocess/R/fit.R:44:5
 4.   └─dirichletprocess:::ClusterParameterUpdate.nonconjugate(dpObj) at dirichletprocess/R/cluster_parameter_update.R:14:27
 5.     └─dirichletprocess:::nonconjugate_beta_cluster_parameter_update_cpp(dpObj) at dirichletprocess/R/cluster_parameter_update.R:46:5

Warning ('test-beta-integration.R:25:3'): Complete Beta DP workflow with C++ implementation
C++ function 'nonconjugate_beta_cluster_component_update_cpp' is a STUB and not implemented. R fallback should be used.
Backtrace:
    ▆
 1. ├─dirichletprocess::Fit(dp, its = 50, progressBar = FALSE) at test-beta-integration.R:25:3
 2. └─dirichletprocess:::Fit.default(dp, its = 50, progressBar = FALSE) at dirichletprocess/R/fit.R:16:8
 3.   ├─dirichletprocess::ClusterComponentUpdate(dpObj) at dirichletprocess/R/fit.R:43:5
 4.   └─dirichletprocess:::ClusterComponentUpdate.nonconjugate(dpObj) at dirichletprocess/R/cluster_component_update.R:14:3
 5.     └─dirichletprocess:::nonconjugate_beta_cluster_component_update_cpp(dpObj) at dirichletprocess/R/cluster_component_update.R:91:5

Warning ('test-beta-integration.R:25:3'): Complete Beta DP workflow with C++ implementation
C++ function 'nonconjugate_beta_cluster_parameter_update_cpp' is a STUB and not implemented. R fallback should be used.
Backtrace:
    ▆
 1. ├─dirichletprocess::Fit(dp, its = 50, progressBar = FALSE) at test-beta-integration.R:25:3
 2. └─dirichletprocess:::Fit.default(dp, its = 50, progressBar = FALSE) at dirichletprocess/R/fit.R:16:8
 3.   ├─dirichletprocess::ClusterParameterUpdate(dpObj) at dirichletprocess/R/fit.R:44:5
 4.   └─dirichletprocess:::ClusterParameterUpdate.nonconjugate(dpObj) at dirichletprocess/R/cluster_parameter_update.R:14:27
 5.     └─dirichletprocess:::nonconjugate_beta_cluster_parameter_update_cpp(dpObj) at dirichletprocess/R/cluster_parameter_update.R:46:5

Warning ('test-beta-integration.R:25:3'): Complete Beta DP workflow with C++ implementation
C++ function 'nonconjugate_beta_cluster_component_update_cpp' is a STUB and not implemented. R fallback should be used.
Backtrace:
    ▆
 1. ├─dirichletprocess::Fit(dp, its = 50, progressBar = FALSE) at test-beta-integration.R:25:3
 2. └─dirichletprocess:::Fit.default(dp, its = 50, progressBar = FALSE) at dirichletprocess/R/fit.R:16:8
 3.   ├─dirichletprocess::ClusterComponentUpdate(dpObj) at dirichletprocess/R/fit.R:43:5
 4.   └─dirichletprocess:::ClusterComponentUpdate.nonconjugate(dpObj) at dirichletprocess/R/cluster_component_update.R:14:3
 5.     └─dirichletprocess:::nonconjugate_beta_cluster_component_update_cpp(dpObj) at dirichletprocess/R/cluster_component_update.R:91:5

Warning ('test-beta-integration.R:25:3'): Complete Beta DP workflow with C++ implementation
C++ function 'nonconjugate_beta_cluster_parameter_update_cpp' is a STUB and not implemented. R fallback should be used.
Backtrace:
    ▆
 1. ├─dirichletprocess::Fit(dp, its = 50, progressBar = FALSE) at test-beta-integration.R:25:3
 2. └─dirichletprocess:::Fit.default(dp, its = 50, progressBar = FALSE) at dirichletprocess/R/fit.R:16:8
 3.   ├─dirichletprocess::ClusterParameterUpdate(dpObj) at dirichletprocess/R/fit.R:44:5
 4.   └─dirichletprocess:::ClusterParameterUpdate.nonconjugate(dpObj) at dirichletprocess/R/cluster_parameter_update.R:14:27
 5.     └─dirichletprocess:::nonconjugate_beta_cluster_parameter_update_cpp(dpObj) at dirichletprocess/R/cluster_parameter_update.R:46:5

Warning ('test-beta-integration.R:25:3'): Complete Beta DP workflow with C++ implementation
C++ function 'nonconjugate_beta_cluster_component_update_cpp' is a STUB and not implemented. R fallback should be used.
Backtrace:
    ▆
 1. ├─dirichletprocess::Fit(dp, its = 50, progressBar = FALSE) at test-beta-integration.R:25:3
 2. └─dirichletprocess:::Fit.default(dp, its = 50, progressBar = FALSE) at dirichletprocess/R/fit.R:16:8
 3.   ├─dirichletprocess::ClusterComponentUpdate(dpObj) at dirichletprocess/R/fit.R:43:5
 4.   └─dirichletprocess:::ClusterComponentUpdate.nonconjugate(dpObj) at dirichletprocess/R/cluster_component_update.R:14:3
 5.     └─dirichletprocess:::nonconjugate_beta_cluster_component_update_cpp(dpObj) at dirichletprocess/R/cluster_component_update.R:91:5

Warning ('test-beta-integration.R:25:3'): Complete Beta DP workflow with C++ implementation
C++ function 'nonconjugate_beta_cluster_parameter_update_cpp' is a STUB and not implemented. R fallback should be used.
Backtrace:
    ▆
 1. ├─dirichletprocess::Fit(dp, its = 50, progressBar = FALSE) at test-beta-integration.R:25:3
 2. └─dirichletprocess:::Fit.default(dp, its = 50, progressBar = FALSE) at dirichletprocess/R/fit.R:16:8
 3.   ├─dirichletprocess::ClusterParameterUpdate(dpObj) at dirichletprocess/R/fit.R:44:5
 4.   └─dirichletprocess:::ClusterParameterUpdate.nonconjugate(dpObj) at dirichletprocess/R/cluster_parameter_update.R:14:27
 5.     └─dirichletprocess:::nonconjugate_beta_cluster_parameter_update_cpp(dpObj) at dirichletprocess/R/cluster_parameter_update.R:46:5

Warning ('test-beta-integration.R:25:3'): Complete Beta DP workflow with C++ implementation
C++ function 'nonconjugate_beta_cluster_component_update_cpp' is a STUB and not implemented. R fallback should be used.
Backtrace:
    ▆
 1. ├─dirichletprocess::Fit(dp, its = 50, progressBar = FALSE) at test-beta-integration.R:25:3
 2. └─dirichletprocess:::Fit.default(dp, its = 50, progressBar = FALSE) at dirichletprocess/R/fit.R:16:8
 3.   ├─dirichletprocess::ClusterComponentUpdate(dpObj) at dirichletprocess/R/fit.R:43:5
 4.   └─dirichletprocess:::ClusterComponentUpdate.nonconjugate(dpObj) at dirichletprocess/R/cluster_component_update.R:14:3
 5.     └─dirichletprocess:::nonconjugate_beta_cluster_component_update_cpp(dpObj) at dirichletprocess/R/cluster_component_update.R:91:5

Warning ('test-beta-integration.R:25:3'): Complete Beta DP workflow with C++ implementation
C++ function 'nonconjugate_beta_cluster_parameter_update_cpp' is a STUB and not implemented. R fallback should be used.
Backtrace:
    ▆
 1. ├─dirichletprocess::Fit(dp, its = 50, progressBar = FALSE) at test-beta-integration.R:25:3
 2. └─dirichletprocess:::Fit.default(dp, its = 50, progressBar = FALSE) at dirichletprocess/R/fit.R:16:8
 3.   ├─dirichletprocess::ClusterParameterUpdate(dpObj) at dirichletprocess/R/fit.R:44:5
 4.   └─dirichletprocess:::ClusterParameterUpdate.nonconjugate(dpObj) at dirichletprocess/R/cluster_parameter_update.R:14:27
 5.     └─dirichletprocess:::nonconjugate_beta_cluster_parameter_update_cpp(dpObj) at dirichletprocess/R/cluster_parameter_update.R:46:5

Warning ('test-beta-integration.R:25:3'): Complete Beta DP workflow with C++ implementation
C++ function 'nonconjugate_beta_cluster_component_update_cpp' is a STUB and not implemented. R fallback should be used.
Backtrace:
    ▆
 1. ├─dirichletprocess::Fit(dp, its = 50, progressBar = FALSE) at test-beta-integration.R:25:3
 2. └─dirichletprocess:::Fit.default(dp, its = 50, progressBar = FALSE) at dirichletprocess/R/fit.R:16:8
 3.   ├─dirichletprocess::ClusterComponentUpdate(dpObj) at dirichletprocess/R/fit.R:43:5
 4.   └─dirichletprocess:::ClusterComponentUpdate.nonconjugate(dpObj) at dirichletprocess/R/cluster_component_update.R:14:3
 5.     └─dirichletprocess:::nonconjugate_beta_cluster_component_update_cpp(dpObj) at dirichletprocess/R/cluster_component_update.R:91:5

Warning ('test-beta-integration.R:25:3'): Complete Beta DP workflow with C++ implementation
C++ function 'nonconjugate_beta_cluster_parameter_update_cpp' is a STUB and not implemented. R fallback should be used.
Backtrace:
    ▆
 1. ├─dirichletprocess::Fit(dp, its = 50, progressBar = FALSE) at test-beta-integration.R:25:3
 2. └─dirichletprocess:::Fit.default(dp, its = 50, progressBar = FALSE) at dirichletprocess/R/fit.R:16:8
 3.   ├─dirichletprocess::ClusterParameterUpdate(dpObj) at dirichletprocess/R/fit.R:44:5
 4.   └─dirichletprocess:::ClusterParameterUpdate.nonconjugate(dpObj) at dirichletprocess/R/cluster_parameter_update.R:14:27
 5.     └─dirichletprocess:::nonconjugate_beta_cluster_parameter_update_cpp(dpObj) at dirichletprocess/R/cluster_parameter_update.R:46:5

Warning ('test-beta-integration.R:25:3'): Complete Beta DP workflow with C++ implementation
C++ function 'nonconjugate_beta_cluster_component_update_cpp' is a STUB and not implemented. R fallback should be used.
Backtrace:
    ▆
 1. ├─dirichletprocess::Fit(dp, its = 50, progressBar = FALSE) at test-beta-integration.R:25:3
 2. └─dirichletprocess:::Fit.default(dp, its = 50, progressBar = FALSE) at dirichletprocess/R/fit.R:16:8
 3.   ├─dirichletprocess::ClusterComponentUpdate(dpObj) at dirichletprocess/R/fit.R:43:5
 4.   └─dirichletprocess:::ClusterComponentUpdate.nonconjugate(dpObj) at dirichletprocess/R/cluster_component_update.R:14:3
 5.     └─dirichletprocess:::nonconjugate_beta_cluster_component_update_cpp(dpObj) at dirichletprocess/R/cluster_component_update.R:91:5

Warning ('test-beta-integration.R:25:3'): Complete Beta DP workflow with C++ implementation
C++ function 'nonconjugate_beta_cluster_parameter_update_cpp' is a STUB and not implemented. R fallback should be used.
Backtrace:
    ▆
 1. ├─dirichletprocess::Fit(dp, its = 50, progressBar = FALSE) at test-beta-integration.R:25:3
 2. └─dirichletprocess:::Fit.default(dp, its = 50, progressBar = FALSE) at dirichletprocess/R/fit.R:16:8
 3.   ├─dirichletprocess::ClusterParameterUpdate(dpObj) at dirichletprocess/R/fit.R:44:5
 4.   └─dirichletprocess:::ClusterParameterUpdate.nonconjugate(dpObj) at dirichletprocess/R/cluster_parameter_update.R:14:27
 5.     └─dirichletprocess:::nonconjugate_beta_cluster_parameter_update_cpp(dpObj) at dirichletprocess/R/cluster_parameter_update.R:46:5

Warning ('test-beta-integration.R:25:3'): Complete Beta DP workflow with C++ implementation
C++ function 'nonconjugate_beta_cluster_component_update_cpp' is a STUB and not implemented. R fallback should be used.
Backtrace:
    ▆
 1. ├─dirichletprocess::Fit(dp, its = 50, progressBar = FALSE) at test-beta-integration.R:25:3
 2. └─dirichletprocess:::Fit.default(dp, its = 50, progressBar = FALSE) at dirichletprocess/R/fit.R:16:8
 3.   ├─dirichletprocess::ClusterComponentUpdate(dpObj) at dirichletprocess/R/fit.R:43:5
 4.   └─dirichletprocess:::ClusterComponentUpdate.nonconjugate(dpObj) at dirichletprocess/R/cluster_component_update.R:14:3
 5.     └─dirichletprocess:::nonconjugate_beta_cluster_component_update_cpp(dpObj) at dirichletprocess/R/cluster_component_update.R:91:5

Warning ('test-beta-integration.R:25:3'): Complete Beta DP workflow with C++ implementation
C++ function 'nonconjugate_beta_cluster_parameter_update_cpp' is a STUB and not implemented. R fallback should be used.
Backtrace:
    ▆
 1. ├─dirichletprocess::Fit(dp, its = 50, progressBar = FALSE) at test-beta-integration.R:25:3
 2. └─dirichletprocess:::Fit.default(dp, its = 50, progressBar = FALSE) at dirichletprocess/R/fit.R:16:8
 3.   ├─dirichletprocess::ClusterParameterUpdate(dpObj) at dirichletprocess/R/fit.R:44:5
 4.   └─dirichletprocess:::ClusterParameterUpdate.nonconjugate(dpObj) at dirichletprocess/R/cluster_parameter_update.R:14:27
 5.     └─dirichletprocess:::nonconjugate_beta_cluster_parameter_update_cpp(dpObj) at dirichletprocess/R/cluster_parameter_update.R:46:5

Warning ('test-beta-integration.R:25:3'): Complete Beta DP workflow with C++ implementation
C++ function 'nonconjugate_beta_cluster_component_update_cpp' is a STUB and not implemented. R fallback should be used.
Backtrace:
    ▆
 1. ├─dirichletprocess::Fit(dp, its = 50, progressBar = FALSE) at test-beta-integration.R:25:3
 2. └─dirichletprocess:::Fit.default(dp, its = 50, progressBar = FALSE) at dirichletprocess/R/fit.R:16:8
 3.   ├─dirichletprocess::ClusterComponentUpdate(dpObj) at dirichletprocess/R/fit.R:43:5
 4.   └─dirichletprocess:::ClusterComponentUpdate.nonconjugate(dpObj) at dirichletprocess/R/cluster_component_update.R:14:3
 5.     └─dirichletprocess:::nonconjugate_beta_cluster_component_update_cpp(dpObj) at dirichletprocess/R/cluster_component_update.R:91:5

Warning ('test-beta-integration.R:25:3'): Complete Beta DP workflow with C++ implementation
C++ function 'nonconjugate_beta_cluster_parameter_update_cpp' is a STUB and not implemented. R fallback should be used.
Backtrace:
    ▆
 1. ├─dirichletprocess::Fit(dp, its = 50, progressBar = FALSE) at test-beta-integration.R:25:3
 2. └─dirichletprocess:::Fit.default(dp, its = 50, progressBar = FALSE) at dirichletprocess/R/fit.R:16:8
 3.   ├─dirichletprocess::ClusterParameterUpdate(dpObj) at dirichletprocess/R/fit.R:44:5
 4.   └─dirichletprocess:::ClusterParameterUpdate.nonconjugate(dpObj) at dirichletprocess/R/cluster_parameter_update.R:14:27
 5.     └─dirichletprocess:::nonconjugate_beta_cluster_parameter_update_cpp(dpObj) at dirichletprocess/R/cluster_parameter_update.R:46:5

Warning ('test-beta-integration.R:25:3'): Complete Beta DP workflow with C++ implementation
C++ function 'nonconjugate_beta_cluster_component_update_cpp' is a STUB and not implemented. R fallback should be used.
Backtrace:
    ▆
 1. ├─dirichletprocess::Fit(dp, its = 50, progressBar = FALSE) at test-beta-integration.R:25:3
 2. └─dirichletprocess:::Fit.default(dp, its = 50, progressBar = FALSE) at dirichletprocess/R/fit.R:16:8
 3.   ├─dirichletprocess::ClusterComponentUpdate(dpObj) at dirichletprocess/R/fit.R:43:5
 4.   └─dirichletprocess:::ClusterComponentUpdate.nonconjugate(dpObj) at dirichletprocess/R/cluster_component_update.R:14:3
 5.     └─dirichletprocess:::nonconjugate_beta_cluster_component_update_cpp(dpObj) at dirichletprocess/R/cluster_component_update.R:91:5

Warning ('test-beta-integration.R:25:3'): Complete Beta DP workflow with C++ implementation
C++ function 'nonconjugate_beta_cluster_parameter_update_cpp' is a STUB and not implemented. R fallback should be used.
Backtrace:
    ▆
 1. ├─dirichletprocess::Fit(dp, its = 50, progressBar = FALSE) at test-beta-integration.R:25:3
 2. └─dirichletprocess:::Fit.default(dp, its = 50, progressBar = FALSE) at dirichletprocess/R/fit.R:16:8
 3.   ├─dirichletprocess::ClusterParameterUpdate(dpObj) at dirichletprocess/R/fit.R:44:5
 4.   └─dirichletprocess:::ClusterParameterUpdate.nonconjugate(dpObj) at dirichletprocess/R/cluster_parameter_update.R:14:27
 5.     └─dirichletprocess:::nonconjugate_beta_cluster_parameter_update_cpp(dpObj) at dirichletprocess/R/cluster_parameter_update.R:46:5

Warning ('test-beta-integration.R:25:3'): Complete Beta DP workflow with C++ implementation
C++ function 'nonconjugate_beta_cluster_component_update_cpp' is a STUB and not implemented. R fallback should be used.
Backtrace:
    ▆
 1. ├─dirichletprocess::Fit(dp, its = 50, progressBar = FALSE) at test-beta-integration.R:25:3
 2. └─dirichletprocess:::Fit.default(dp, its = 50, progressBar = FALSE) at dirichletprocess/R/fit.R:16:8
 3.   ├─dirichletprocess::ClusterComponentUpdate(dpObj) at dirichletprocess/R/fit.R:43:5
 4.   └─dirichletprocess:::ClusterComponentUpdate.nonconjugate(dpObj) at dirichletprocess/R/cluster_component_update.R:14:3
 5.     └─dirichletprocess:::nonconjugate_beta_cluster_component_update_cpp(dpObj) at dirichletprocess/R/cluster_component_update.R:91:5

Warning ('test-beta-integration.R:25:3'): Complete Beta DP workflow with C++ implementation
C++ function 'nonconjugate_beta_cluster_parameter_update_cpp' is a STUB and not implemented. R fallback should be used.
Backtrace:
    ▆
 1. ├─dirichletprocess::Fit(dp, its = 50, progressBar = FALSE) at test-beta-integration.R:25:3
 2. └─dirichletprocess:::Fit.default(dp, its = 50, progressBar = FALSE) at dirichletprocess/R/fit.R:16:8
 3.   ├─dirichletprocess::ClusterParameterUpdate(dpObj) at dirichletprocess/R/fit.R:44:5
 4.   └─dirichletprocess:::ClusterParameterUpdate.nonconjugate(dpObj) at dirichletprocess/R/cluster_parameter_update.R:14:27
 5.     └─dirichletprocess:::nonconjugate_beta_cluster_parameter_update_cpp(dpObj) at dirichletprocess/R/cluster_parameter_update.R:46:5

Warning ('test-beta-integration.R:25:3'): Complete Beta DP workflow with C++ implementation
C++ function 'nonconjugate_beta_cluster_component_update_cpp' is a STUB and not implemented. R fallback should be used.
Backtrace:
    ▆
 1. ├─dirichletprocess::Fit(dp, its = 50, progressBar = FALSE) at test-beta-integration.R:25:3
 2. └─dirichletprocess:::Fit.default(dp, its = 50, progressBar = FALSE) at dirichletprocess/R/fit.R:16:8
 3.   ├─dirichletprocess::ClusterComponentUpdate(dpObj) at dirichletprocess/R/fit.R:43:5
 4.   └─dirichletprocess:::ClusterComponentUpdate.nonconjugate(dpObj) at dirichletprocess/R/cluster_component_update.R:14:3
 5.     └─dirichletprocess:::nonconjugate_beta_cluster_component_update_cpp(dpObj) at dirichletprocess/R/cluster_component_update.R:91:5

Warning ('test-beta-integration.R:25:3'): Complete Beta DP workflow with C++ implementation
C++ function 'nonconjugate_beta_cluster_parameter_update_cpp' is a STUB and not implemented. R fallback should be used.
Backtrace:
    ▆
 1. ├─dirichletprocess::Fit(dp, its = 50, progressBar = FALSE) at test-beta-integration.R:25:3
 2. └─dirichletprocess:::Fit.default(dp, its = 50, progressBar = FALSE) at dirichletprocess/R/fit.R:16:8
 3.   ├─dirichletprocess::ClusterParameterUpdate(dpObj) at dirichletprocess/R/fit.R:44:5
 4.   └─dirichletprocess:::ClusterParameterUpdate.nonconjugate(dpObj) at dirichletprocess/R/cluster_parameter_update.R:14:27
 5.     └─dirichletprocess:::nonconjugate_beta_cluster_parameter_update_cpp(dpObj) at dirichletprocess/R/cluster_parameter_update.R:46:5

Warning ('test-beta-integration.R:25:3'): Complete Beta DP workflow with C++ implementation
C++ function 'nonconjugate_beta_cluster_component_update_cpp' is a STUB and not implemented. R fallback should be used.
Backtrace:
    ▆
 1. ├─dirichletprocess::Fit(dp, its = 50, progressBar = FALSE) at test-beta-integration.R:25:3
 2. └─dirichletprocess:::Fit.default(dp, its = 50, progressBar = FALSE) at dirichletprocess/R/fit.R:16:8
 3.   ├─dirichletprocess::ClusterComponentUpdate(dpObj) at dirichletprocess/R/fit.R:43:5
 4.   └─dirichletprocess:::ClusterComponentUpdate.nonconjugate(dpObj) at dirichletprocess/R/cluster_component_update.R:14:3
 5.     └─dirichletprocess:::nonconjugate_beta_cluster_component_update_cpp(dpObj) at dirichletprocess/R/cluster_component_update.R:91:5

Warning ('test-beta-integration.R:25:3'): Complete Beta DP workflow with C++ implementation
C++ function 'nonconjugate_beta_cluster_parameter_update_cpp' is a STUB and not implemented. R fallback should be used.
Backtrace:
    ▆
 1. ├─dirichletprocess::Fit(dp, its = 50, progressBar = FALSE) at test-beta-integration.R:25:3
 2. └─dirichletprocess:::Fit.default(dp, its = 50, progressBar = FALSE) at dirichletprocess/R/fit.R:16:8
 3.   ├─dirichletprocess::ClusterParameterUpdate(dpObj) at dirichletprocess/R/fit.R:44:5
 4.   └─dirichletprocess:::ClusterParameterUpdate.nonconjugate(dpObj) at dirichletprocess/R/cluster_parameter_update.R:14:27
 5.     └─dirichletprocess:::nonconjugate_beta_cluster_parameter_update_cpp(dpObj) at dirichletprocess/R/cluster_parameter_update.R:46:5

Warning ('test-beta-integration.R:25:3'): Complete Beta DP workflow with C++ implementation
C++ function 'nonconjugate_beta_cluster_component_update_cpp' is a STUB and not implemented. R fallback should be used.
Backtrace:
    ▆
 1. ├─dirichletprocess::Fit(dp, its = 50, progressBar = FALSE) at test-beta-integration.R:25:3
 2. └─dirichletprocess:::Fit.default(dp, its = 50, progressBar = FALSE) at dirichletprocess/R/fit.R:16:8
 3.   ├─dirichletprocess::ClusterComponentUpdate(dpObj) at dirichletprocess/R/fit.R:43:5
 4.   └─dirichletprocess:::ClusterComponentUpdate.nonconjugate(dpObj) at dirichletprocess/R/cluster_component_update.R:14:3
 5.     └─dirichletprocess:::nonconjugate_beta_cluster_component_update_cpp(dpObj) at dirichletprocess/R/cluster_component_update.R:91:5

Warning ('test-beta-integration.R:25:3'): Complete Beta DP workflow with C++ implementation
C++ function 'nonconjugate_beta_cluster_parameter_update_cpp' is a STUB and not implemented. R fallback should be used.
Backtrace:
    ▆
 1. ├─dirichletprocess::Fit(dp, its = 50, progressBar = FALSE) at test-beta-integration.R:25:3
 2. └─dirichletprocess:::Fit.default(dp, its = 50, progressBar = FALSE) at dirichletprocess/R/fit.R:16:8
 3.   ├─dirichletprocess::ClusterParameterUpdate(dpObj) at dirichletprocess/R/fit.R:44:5
 4.   └─dirichletprocess:::ClusterParameterUpdate.nonconjugate(dpObj) at dirichletprocess/R/cluster_parameter_update.R:14:27
 5.     └─dirichletprocess:::nonconjugate_beta_cluster_parameter_update_cpp(dpObj) at dirichletprocess/R/cluster_parameter_update.R:46:5

Warning ('test-beta-integration.R:25:3'): Complete Beta DP workflow with C++ implementation
C++ function 'nonconjugate_beta_cluster_component_update_cpp' is a STUB and not implemented. R fallback should be used.
Backtrace:
    ▆
 1. ├─dirichletprocess::Fit(dp, its = 50, progressBar = FALSE) at test-beta-integration.R:25:3
 2. └─dirichletprocess:::Fit.default(dp, its = 50, progressBar = FALSE) at dirichletprocess/R/fit.R:16:8
 3.   ├─dirichletprocess::ClusterComponentUpdate(dpObj) at dirichletprocess/R/fit.R:43:5
 4.   └─dirichletprocess:::ClusterComponentUpdate.nonconjugate(dpObj) at dirichletprocess/R/cluster_component_update.R:14:3
 5.     └─dirichletprocess:::nonconjugate_beta_cluster_component_update_cpp(dpObj) at dirichletprocess/R/cluster_component_update.R:91:5

Warning ('test-beta-integration.R:25:3'): Complete Beta DP workflow with C++ implementation
C++ function 'nonconjugate_beta_cluster_parameter_update_cpp' is a STUB and not implemented. R fallback should be used.
Backtrace:
    ▆
 1. ├─dirichletprocess::Fit(dp, its = 50, progressBar = FALSE) at test-beta-integration.R:25:3
 2. └─dirichletprocess:::Fit.default(dp, its = 50, progressBar = FALSE) at dirichletprocess/R/fit.R:16:8
 3.   ├─dirichletprocess::ClusterParameterUpdate(dpObj) at dirichletprocess/R/fit.R:44:5
 4.   └─dirichletprocess:::ClusterParameterUpdate.nonconjugate(dpObj) at dirichletprocess/R/cluster_parameter_update.R:14:27
 5.     └─dirichletprocess:::nonconjugate_beta_cluster_parameter_update_cpp(dpObj) at dirichletprocess/R/cluster_parameter_update.R:46:5

Warning ('test-beta-integration.R:25:3'): Complete Beta DP workflow with C++ implementation
C++ function 'nonconjugate_beta_cluster_component_update_cpp' is a STUB and not implemented. R fallback should be used.
Backtrace:
    ▆
 1. ├─dirichletprocess::Fit(dp, its = 50, progressBar = FALSE) at test-beta-integration.R:25:3
 2. └─dirichletprocess:::Fit.default(dp, its = 50, progressBar = FALSE) at dirichletprocess/R/fit.R:16:8
 3.   ├─dirichletprocess::ClusterComponentUpdate(dpObj) at dirichletprocess/R/fit.R:43:5
 4.   └─dirichletprocess:::ClusterComponentUpdate.nonconjugate(dpObj) at dirichletprocess/R/cluster_component_update.R:14:3
 5.     └─dirichletprocess:::nonconjugate_beta_cluster_component_update_cpp(dpObj) at dirichletprocess/R/cluster_component_update.R:91:5

Warning ('test-beta-integration.R:25:3'): Complete Beta DP workflow with C++ implementation
C++ function 'nonconjugate_beta_cluster_parameter_update_cpp' is a STUB and not implemented. R fallback should be used.
Backtrace:
    ▆
 1. ├─dirichletprocess::Fit(dp, its = 50, progressBar = FALSE) at test-beta-integration.R:25:3
 2. └─dirichletprocess:::Fit.default(dp, its = 50, progressBar = FALSE) at dirichletprocess/R/fit.R:16:8
 3.   ├─dirichletprocess::ClusterParameterUpdate(dpObj) at dirichletprocess/R/fit.R:44:5
 4.   └─dirichletprocess:::ClusterParameterUpdate.nonconjugate(dpObj) at dirichletprocess/R/cluster_parameter_update.R:14:27
 5.     └─dirichletprocess:::nonconjugate_beta_cluster_parameter_update_cpp(dpObj) at dirichletprocess/R/cluster_parameter_update.R:46:5

Warning ('test-beta-integration.R:25:3'): Complete Beta DP workflow with C++ implementation
C++ function 'nonconjugate_beta_cluster_component_update_cpp' is a STUB and not implemented. R fallback should be used.
Backtrace:
    ▆
 1. ├─dirichletprocess::Fit(dp, its = 50, progressBar = FALSE) at test-beta-integration.R:25:3
 2. └─dirichletprocess:::Fit.default(dp, its = 50, progressBar = FALSE) at dirichletprocess/R/fit.R:16:8
 3.   ├─dirichletprocess::ClusterComponentUpdate(dpObj) at dirichletprocess/R/fit.R:43:5
 4.   └─dirichletprocess:::ClusterComponentUpdate.nonconjugate(dpObj) at dirichletprocess/R/cluster_component_update.R:14:3
 5.     └─dirichletprocess:::nonconjugate_beta_cluster_component_update_cpp(dpObj) at dirichletprocess/R/cluster_component_update.R:91:5

Warning ('test-beta-integration.R:25:3'): Complete Beta DP workflow with C++ implementation
C++ function 'nonconjugate_beta_cluster_parameter_update_cpp' is a STUB and not implemented. R fallback should be used.
Backtrace:
    ▆
 1. ├─dirichletprocess::Fit(dp, its = 50, progressBar = FALSE) at test-beta-integration.R:25:3
 2. └─dirichletprocess:::Fit.default(dp, its = 50, progressBar = FALSE) at dirichletprocess/R/fit.R:16:8
 3.   ├─dirichletprocess::ClusterParameterUpdate(dpObj) at dirichletprocess/R/fit.R:44:5
 4.   └─dirichletprocess:::ClusterParameterUpdate.nonconjugate(dpObj) at dirichletprocess/R/cluster_parameter_update.R:14:27
 5.     └─dirichletprocess:::nonconjugate_beta_cluster_parameter_update_cpp(dpObj) at dirichletprocess/R/cluster_parameter_update.R:46:5

Failure ('test-beta-integration.R:29:3'): Complete Beta DP workflow with C++ implementation
sum(dp$pointsPerCluster) not equal to length(y).
1/1 mismatches
[1] 3060 - 60 == 3000

Warning ('test-beta-integration.R:60:5'): Performance comparison: Beta R vs C++
C++ function 'nonconjugate_beta_cluster_component_update_cpp' is a STUB and not implemented. R fallback should be used.
Backtrace:
    ▆
 1. ├─base::system.time(...) at test-beta-integration.R:59:3
 2. ├─dirichletprocess::Fit(dp_cpp, its = 20, progressBar = FALSE) at test-beta-integration.R:60:5
 3. └─dirichletprocess:::Fit.default(dp_cpp, its = 20, progressBar = FALSE) at dirichletprocess/R/fit.R:16:8
 4.   ├─dirichletprocess::ClusterComponentUpdate(dpObj) at dirichletprocess/R/fit.R:43:5
 5.   └─dirichletprocess:::ClusterComponentUpdate.nonconjugate(dpObj) at dirichletprocess/R/cluster_component_update.R:14:3
 6.     └─dirichletprocess:::nonconjugate_beta_cluster_component_update_cpp(dpObj) at dirichletprocess/R/cluster_component_update.R:91:5

Warning ('test-beta-integration.R:60:5'): Performance comparison: Beta R vs C++
C++ function 'nonconjugate_beta_cluster_parameter_update_cpp' is a STUB and not implemented. R fallback should be used.
Backtrace:
    ▆
 1. ├─base::system.time(...) at test-beta-integration.R:59:3
 2. ├─dirichletprocess::Fit(dp_cpp, its = 20, progressBar = FALSE) at test-beta-integration.R:60:5
 3. └─dirichletprocess:::Fit.default(dp_cpp, its = 20, progressBar = FALSE) at dirichletprocess/R/fit.R:16:8
 4.   ├─dirichletprocess::ClusterParameterUpdate(dpObj) at dirichletprocess/R/fit.R:44:5
 5.   └─dirichletprocess:::ClusterParameterUpdate.nonconjugate(dpObj) at dirichletprocess/R/cluster_parameter_update.R:14:27
 6.     └─dirichletprocess:::nonconjugate_beta_cluster_parameter_update_cpp(dpObj) at dirichletprocess/R/cluster_parameter_update.R:46:5

Warning ('test-beta-integration.R:60:5'): Performance comparison: Beta R vs C++
C++ function 'nonconjugate_beta_cluster_component_update_cpp' is a STUB and not implemented. R fallback should be used.
Backtrace:
    ▆
 1. ├─base::system.time(...) at test-beta-integration.R:59:3
 2. ├─dirichletprocess::Fit(dp_cpp, its = 20, progressBar = FALSE) at test-beta-integration.R:60:5
 3. └─dirichletprocess:::Fit.default(dp_cpp, its = 20, progressBar = FALSE) at dirichletprocess/R/fit.R:16:8
 4.   ├─dirichletprocess::ClusterComponentUpdate(dpObj) at dirichletprocess/R/fit.R:43:5
 5.   └─dirichletprocess:::ClusterComponentUpdate.nonconjugate(dpObj) at dirichletprocess/R/cluster_component_update.R:14:3
 6.     └─dirichletprocess:::nonconjugate_beta_cluster_component_update_cpp(dpObj) at dirichletprocess/R/cluster_component_update.R:91:5

Warning ('test-beta-integration.R:60:5'): Performance comparison: Beta R vs C++
C++ function 'nonconjugate_beta_cluster_parameter_update_cpp' is a STUB and not implemented. R fallback should be used.
Backtrace:
    ▆
 1. ├─base::system.time(...) at test-beta-integration.R:59:3
 2. ├─dirichletprocess::Fit(dp_cpp, its = 20, progressBar = FALSE) at test-beta-integration.R:60:5
 3. └─dirichletprocess:::Fit.default(dp_cpp, its = 20, progressBar = FALSE) at dirichletprocess/R/fit.R:16:8
 4.   ├─dirichletprocess::ClusterParameterUpdate(dpObj) at dirichletprocess/R/fit.R:44:5
 5.   └─dirichletprocess:::ClusterParameterUpdate.nonconjugate(dpObj) at dirichletprocess/R/cluster_parameter_update.R:14:27
 6.     └─dirichletprocess:::nonconjugate_beta_cluster_parameter_update_cpp(dpObj) at dirichletprocess/R/cluster_parameter_update.R:46:5

Warning ('test-beta-integration.R:60:5'): Performance comparison: Beta R vs C++
C++ function 'nonconjugate_beta_cluster_component_update_cpp' is a STUB and not implemented. R fallback should be used.
Backtrace:
    ▆
 1. ├─base::system.time(...) at test-beta-integration.R:59:3
 2. ├─dirichletprocess::Fit(dp_cpp, its = 20, progressBar = FALSE) at test-beta-integration.R:60:5
 3. └─dirichletprocess:::Fit.default(dp_cpp, its = 20, progressBar = FALSE) at dirichletprocess/R/fit.R:16:8
 4.   ├─dirichletprocess::ClusterComponentUpdate(dpObj) at dirichletprocess/R/fit.R:43:5
 5.   └─dirichletprocess:::ClusterComponentUpdate.nonconjugate(dpObj) at dirichletprocess/R/cluster_component_update.R:14:3
 6.     └─dirichletprocess:::nonconjugate_beta_cluster_component_update_cpp(dpObj) at dirichletprocess/R/cluster_component_update.R:91:5

Warning ('test-beta-integration.R:60:5'): Performance comparison: Beta R vs C++
C++ function 'nonconjugate_beta_cluster_parameter_update_cpp' is a STUB and not implemented. R fallback should be used.
Backtrace:
    ▆
 1. ├─base::system.time(...) at test-beta-integration.R:59:3
 2. ├─dirichletprocess::Fit(dp_cpp, its = 20, progressBar = FALSE) at test-beta-integration.R:60:5
 3. └─dirichletprocess:::Fit.default(dp_cpp, its = 20, progressBar = FALSE) at dirichletprocess/R/fit.R:16:8
 4.   ├─dirichletprocess::ClusterParameterUpdate(dpObj) at dirichletprocess/R/fit.R:44:5
 5.   └─dirichletprocess:::ClusterParameterUpdate.nonconjugate(dpObj) at dirichletprocess/R/cluster_parameter_update.R:14:27
 6.     └─dirichletprocess:::nonconjugate_beta_cluster_parameter_update_cpp(dpObj) at dirichletprocess/R/cluster_parameter_update.R:46:5

Warning ('test-beta-integration.R:60:5'): Performance comparison: Beta R vs C++
C++ function 'nonconjugate_beta_cluster_component_update_cpp' is a STUB and not implemented. R fallback should be used.
Backtrace:
    ▆
 1. ├─base::system.time(...) at test-beta-integration.R:59:3
 2. ├─dirichletprocess::Fit(dp_cpp, its = 20, progressBar = FALSE) at test-beta-integration.R:60:5
 3. └─dirichletprocess:::Fit.default(dp_cpp, its = 20, progressBar = FALSE) at dirichletprocess/R/fit.R:16:8
 4.   ├─dirichletprocess::ClusterComponentUpdate(dpObj) at dirichletprocess/R/fit.R:43:5
 5.   └─dirichletprocess:::ClusterComponentUpdate.nonconjugate(dpObj) at dirichletprocess/R/cluster_component_update.R:14:3
 6.     └─dirichletprocess:::nonconjugate_beta_cluster_component_update_cpp(dpObj) at dirichletprocess/R/cluster_component_update.R:91:5

Warning ('test-beta-integration.R:60:5'): Performance comparison: Beta R vs C++
C++ function 'nonconjugate_beta_cluster_parameter_update_cpp' is a STUB and not implemented. R fallback should be used.
Backtrace:
    ▆
 1. ├─base::system.time(...) at test-beta-integration.R:59:3
 2. ├─dirichletprocess::Fit(dp_cpp, its = 20, progressBar = FALSE) at test-beta-integration.R:60:5
 3. └─dirichletprocess:::Fit.default(dp_cpp, its = 20, progressBar = FALSE) at dirichletprocess/R/fit.R:16:8
 4.   ├─dirichletprocess::ClusterParameterUpdate(dpObj) at dirichletprocess/R/fit.R:44:5
 5.   └─dirichletprocess:::ClusterParameterUpdate.nonconjugate(dpObj) at dirichletprocess/R/cluster_parameter_update.R:14:27
 6.     └─dirichletprocess:::nonconjugate_beta_cluster_parameter_update_cpp(dpObj) at dirichletprocess/R/cluster_parameter_update.R:46:5

Warning ('test-beta-integration.R:60:5'): Performance comparison: Beta R vs C++
C++ function 'nonconjugate_beta_cluster_component_update_cpp' is a STUB and not implemented. R fallback should be used.
Backtrace:
    ▆
 1. ├─base::system.time(...) at test-beta-integration.R:59:3
 2. ├─dirichletprocess::Fit(dp_cpp, its = 20, progressBar = FALSE) at test-beta-integration.R:60:5
 3. └─dirichletprocess:::Fit.default(dp_cpp, its = 20, progressBar = FALSE) at dirichletprocess/R/fit.R:16:8
 4.   ├─dirichletprocess::ClusterComponentUpdate(dpObj) at dirichletprocess/R/fit.R:43:5
 5.   └─dirichletprocess:::ClusterComponentUpdate.nonconjugate(dpObj) at dirichletprocess/R/cluster_component_update.R:14:3
 6.     └─dirichletprocess:::nonconjugate_beta_cluster_component_update_cpp(dpObj) at dirichletprocess/R/cluster_component_update.R:91:5

Warning ('test-beta-integration.R:60:5'): Performance comparison: Beta R vs C++
C++ function 'nonconjugate_beta_cluster_parameter_update_cpp' is a STUB and not implemented. R fallback should be used.
Backtrace:
    ▆
 1. ├─base::system.time(...) at test-beta-integration.R:59:3
 2. ├─dirichletprocess::Fit(dp_cpp, its = 20, progressBar = FALSE) at test-beta-integration.R:60:5
 3. └─dirichletprocess:::Fit.default(dp_cpp, its = 20, progressBar = FALSE) at dirichletprocess/R/fit.R:16:8
 4.   ├─dirichletprocess::ClusterParameterUpdate(dpObj) at dirichletprocess/R/fit.R:44:5
 5.   └─dirichletprocess:::ClusterParameterUpdate.nonconjugate(dpObj) at dirichletprocess/R/cluster_parameter_update.R:14:27
 6.     └─dirichletprocess:::nonconjugate_beta_cluster_parameter_update_cpp(dpObj) at dirichletprocess/R/cluster_parameter_update.R:46:5

Warning ('test-beta-integration.R:60:5'): Performance comparison: Beta R vs C++
C++ function 'nonconjugate_beta_cluster_component_update_cpp' is a STUB and not implemented. R fallback should be used.
Backtrace:
    ▆
 1. ├─base::system.time(...) at test-beta-integration.R:59:3
 2. ├─dirichletprocess::Fit(dp_cpp, its = 20, progressBar = FALSE) at test-beta-integration.R:60:5
 3. └─dirichletprocess:::Fit.default(dp_cpp, its = 20, progressBar = FALSE) at dirichletprocess/R/fit.R:16:8
 4.   ├─dirichletprocess::ClusterComponentUpdate(dpObj) at dirichletprocess/R/fit.R:43:5
 5.   └─dirichletprocess:::ClusterComponentUpdate.nonconjugate(dpObj) at dirichletprocess/R/cluster_component_update.R:14:3
 6.     └─dirichletprocess:::nonconjugate_beta_cluster_component_update_cpp(dpObj) at dirichletprocess/R/cluster_component_update.R:91:5

Warning ('test-beta-integration.R:60:5'): Performance comparison: Beta R vs C++
C++ function 'nonconjugate_beta_cluster_parameter_update_cpp' is a STUB and not implemented. R fallback should be used.
Backtrace:
    ▆
 1. ├─base::system.time(...) at test-beta-integration.R:59:3
 2. ├─dirichletprocess::Fit(dp_cpp, its = 20, progressBar = FALSE) at test-beta-integration.R:60:5
 3. └─dirichletprocess:::Fit.default(dp_cpp, its = 20, progressBar = FALSE) at dirichletprocess/R/fit.R:16:8
 4.   ├─dirichletprocess::ClusterParameterUpdate(dpObj) at dirichletprocess/R/fit.R:44:5
 5.   └─dirichletprocess:::ClusterParameterUpdate.nonconjugate(dpObj) at dirichletprocess/R/cluster_parameter_update.R:14:27
 6.     └─dirichletprocess:::nonconjugate_beta_cluster_parameter_update_cpp(dpObj) at dirichletprocess/R/cluster_parameter_update.R:46:5

Warning ('test-beta-integration.R:60:5'): Performance comparison: Beta R vs C++
C++ function 'nonconjugate_beta_cluster_component_update_cpp' is a STUB and not implemented. R fallback should be used.
Backtrace:
    ▆
 1. ├─base::system.time(...) at test-beta-integration.R:59:3
 2. ├─dirichletprocess::Fit(dp_cpp, its = 20, progressBar = FALSE) at test-beta-integration.R:60:5
 3. └─dirichletprocess:::Fit.default(dp_cpp, its = 20, progressBar = FALSE) at dirichletprocess/R/fit.R:16:8
 4.   ├─dirichletprocess::ClusterComponentUpdate(dpObj) at dirichletprocess/R/fit.R:43:5
 5.   └─dirichletprocess:::ClusterComponentUpdate.nonconjugate(dpObj) at dirichletprocess/R/cluster_component_update.R:14:3
 6.     └─dirichletprocess:::nonconjugate_beta_cluster_component_update_cpp(dpObj) at dirichletprocess/R/cluster_component_update.R:91:5

Warning ('test-beta-integration.R:60:5'): Performance comparison: Beta R vs C++
C++ function 'nonconjugate_beta_cluster_parameter_update_cpp' is a STUB and not implemented. R fallback should be used.
Backtrace:
    ▆
 1. ├─base::system.time(...) at test-beta-integration.R:59:3
 2. ├─dirichletprocess::Fit(dp_cpp, its = 20, progressBar = FALSE) at test-beta-integration.R:60:5
 3. └─dirichletprocess:::Fit.default(dp_cpp, its = 20, progressBar = FALSE) at dirichletprocess/R/fit.R:16:8
 4.   ├─dirichletprocess::ClusterParameterUpdate(dpObj) at dirichletprocess/R/fit.R:44:5
 5.   └─dirichletprocess:::ClusterParameterUpdate.nonconjugate(dpObj) at dirichletprocess/R/cluster_parameter_update.R:14:27
 6.     └─dirichletprocess:::nonconjugate_beta_cluster_parameter_update_cpp(dpObj) at dirichletprocess/R/cluster_parameter_update.R:46:5

Warning ('test-beta-integration.R:60:5'): Performance comparison: Beta R vs C++
C++ function 'nonconjugate_beta_cluster_component_update_cpp' is a STUB and not implemented. R fallback should be used.
Backtrace:
    ▆
 1. ├─base::system.time(...) at test-beta-integration.R:59:3
 2. ├─dirichletprocess::Fit(dp_cpp, its = 20, progressBar = FALSE) at test-beta-integration.R:60:5
 3. └─dirichletprocess:::Fit.default(dp_cpp, its = 20, progressBar = FALSE) at dirichletprocess/R/fit.R:16:8
 4.   ├─dirichletprocess::ClusterComponentUpdate(dpObj) at dirichletprocess/R/fit.R:43:5
 5.   └─dirichletprocess:::ClusterComponentUpdate.nonconjugate(dpObj) at dirichletprocess/R/cluster_component_update.R:14:3
 6.     └─dirichletprocess:::nonconjugate_beta_cluster_component_update_cpp(dpObj) at dirichletprocess/R/cluster_component_update.R:91:5

Warning ('test-beta-integration.R:60:5'): Performance comparison: Beta R vs C++
C++ function 'nonconjugate_beta_cluster_parameter_update_cpp' is a STUB and not implemented. R fallback should be used.
Backtrace:
    ▆
 1. ├─base::system.time(...) at test-beta-integration.R:59:3
 2. ├─dirichletprocess::Fit(dp_cpp, its = 20, progressBar = FALSE) at test-beta-integration.R:60:5
 3. └─dirichletprocess:::Fit.default(dp_cpp, its = 20, progressBar = FALSE) at dirichletprocess/R/fit.R:16:8
 4.   ├─dirichletprocess::ClusterParameterUpdate(dpObj) at dirichletprocess/R/fit.R:44:5
 5.   └─dirichletprocess:::ClusterParameterUpdate.nonconjugate(dpObj) at dirichletprocess/R/cluster_parameter_update.R:14:27
 6.     └─dirichletprocess:::nonconjugate_beta_cluster_parameter_update_cpp(dpObj) at dirichletprocess/R/cluster_parameter_update.R:46:5

Warning ('test-beta-integration.R:60:5'): Performance comparison: Beta R vs C++
C++ function 'nonconjugate_beta_cluster_component_update_cpp' is a STUB and not implemented. R fallback should be used.
Backtrace:
    ▆
 1. ├─base::system.time(...) at test-beta-integration.R:59:3
 2. ├─dirichletprocess::Fit(dp_cpp, its = 20, progressBar = FALSE) at test-beta-integration.R:60:5
 3. └─dirichletprocess:::Fit.default(dp_cpp, its = 20, progressBar = FALSE) at dirichletprocess/R/fit.R:16:8
 4.   ├─dirichletprocess::ClusterComponentUpdate(dpObj) at dirichletprocess/R/fit.R:43:5
 5.   └─dirichletprocess:::ClusterComponentUpdate.nonconjugate(dpObj) at dirichletprocess/R/cluster_component_update.R:14:3
 6.     └─dirichletprocess:::nonconjugate_beta_cluster_component_update_cpp(dpObj) at dirichletprocess/R/cluster_component_update.R:91:5

Warning ('test-beta-integration.R:60:5'): Performance comparison: Beta R vs C++
C++ function 'nonconjugate_beta_cluster_parameter_update_cpp' is a STUB and not implemented. R fallback should be used.
Backtrace:
    ▆
 1. ├─base::system.time(...) at test-beta-integration.R:59:3
 2. ├─dirichletprocess::Fit(dp_cpp, its = 20, progressBar = FALSE) at test-beta-integration.R:60:5
 3. └─dirichletprocess:::Fit.default(dp_cpp, its = 20, progressBar = FALSE) at dirichletprocess/R/fit.R:16:8
 4.   ├─dirichletprocess::ClusterParameterUpdate(dpObj) at dirichletprocess/R/fit.R:44:5
 5.   └─dirichletprocess:::ClusterParameterUpdate.nonconjugate(dpObj) at dirichletprocess/R/cluster_parameter_update.R:14:27
 6.     └─dirichletprocess:::nonconjugate_beta_cluster_parameter_update_cpp(dpObj) at dirichletprocess/R/cluster_parameter_update.R:46:5

Warning ('test-beta-integration.R:60:5'): Performance comparison: Beta R vs C++
C++ function 'nonconjugate_beta_cluster_component_update_cpp' is a STUB and not implemented. R fallback should be used.
Backtrace:
    ▆
 1. ├─base::system.time(...) at test-beta-integration.R:59:3
 2. ├─dirichletprocess::Fit(dp_cpp, its = 20, progressBar = FALSE) at test-beta-integration.R:60:5
 3. └─dirichletprocess:::Fit.default(dp_cpp, its = 20, progressBar = FALSE) at dirichletprocess/R/fit.R:16:8
 4.   ├─dirichletprocess::ClusterComponentUpdate(dpObj) at dirichletprocess/R/fit.R:43:5
 5.   └─dirichletprocess:::ClusterComponentUpdate.nonconjugate(dpObj) at dirichletprocess/R/cluster_component_update.R:14:3
 6.     └─dirichletprocess:::nonconjugate_beta_cluster_component_update_cpp(dpObj) at dirichletprocess/R/cluster_component_update.R:91:5

Warning ('test-beta-integration.R:60:5'): Performance comparison: Beta R vs C++
C++ function 'nonconjugate_beta_cluster_parameter_update_cpp' is a STUB and not implemented. R fallback should be used.
Backtrace:
    ▆
 1. ├─base::system.time(...) at test-beta-integration.R:59:3
 2. ├─dirichletprocess::Fit(dp_cpp, its = 20, progressBar = FALSE) at test-beta-integration.R:60:5
 3. └─dirichletprocess:::Fit.default(dp_cpp, its = 20, progressBar = FALSE) at dirichletprocess/R/fit.R:16:8
 4.   ├─dirichletprocess::ClusterParameterUpdate(dpObj) at dirichletprocess/R/fit.R:44:5
 5.   └─dirichletprocess:::ClusterParameterUpdate.nonconjugate(dpObj) at dirichletprocess/R/cluster_parameter_update.R:14:27
 6.     └─dirichletprocess:::nonconjugate_beta_cluster_parameter_update_cpp(dpObj) at dirichletprocess/R/cluster_parameter_update.R:46:5

Warning ('test-beta-integration.R:60:5'): Performance comparison: Beta R vs C++
C++ function 'nonconjugate_beta_cluster_component_update_cpp' is a STUB and not implemented. R fallback should be used.
Backtrace:
    ▆
 1. ├─base::system.time(...) at test-beta-integration.R:59:3
 2. ├─dirichletprocess::Fit(dp_cpp, its = 20, progressBar = FALSE) at test-beta-integration.R:60:5
 3. └─dirichletprocess:::Fit.default(dp_cpp, its = 20, progressBar = FALSE) at dirichletprocess/R/fit.R:16:8
 4.   ├─dirichletprocess::ClusterComponentUpdate(dpObj) at dirichletprocess/R/fit.R:43:5
 5.   └─dirichletprocess:::ClusterComponentUpdate.nonconjugate(dpObj) at dirichletprocess/R/cluster_component_update.R:14:3
 6.     └─dirichletprocess:::nonconjugate_beta_cluster_component_update_cpp(dpObj) at dirichletprocess/R/cluster_component_update.R:91:5

Warning ('test-beta-integration.R:60:5'): Performance comparison: Beta R vs C++
C++ function 'nonconjugate_beta_cluster_parameter_update_cpp' is a STUB and not implemented. R fallback should be used.
Backtrace:
    ▆
 1. ├─base::system.time(...) at test-beta-integration.R:59:3
 2. ├─dirichletprocess::Fit(dp_cpp, its = 20, progressBar = FALSE) at test-beta-integration.R:60:5
 3. └─dirichletprocess:::Fit.default(dp_cpp, its = 20, progressBar = FALSE) at dirichletprocess/R/fit.R:16:8
 4.   ├─dirichletprocess::ClusterParameterUpdate(dpObj) at dirichletprocess/R/fit.R:44:5
 5.   └─dirichletprocess:::ClusterParameterUpdate.nonconjugate(dpObj) at dirichletprocess/R/cluster_parameter_update.R:14:27
 6.     └─dirichletprocess:::nonconjugate_beta_cluster_parameter_update_cpp(dpObj) at dirichletprocess/R/cluster_parameter_update.R:46:5

Warning ('test-beta-integration.R:60:5'): Performance comparison: Beta R vs C++
C++ function 'nonconjugate_beta_cluster_component_update_cpp' is a STUB and not implemented. R fallback should be used.
Backtrace:
    ▆
 1. ├─base::system.time(...) at test-beta-integration.R:59:3
 2. ├─dirichletprocess::Fit(dp_cpp, its = 20, progressBar = FALSE) at test-beta-integration.R:60:5
 3. └─dirichletprocess:::Fit.default(dp_cpp, its = 20, progressBar = FALSE) at dirichletprocess/R/fit.R:16:8
 4.   ├─dirichletprocess::ClusterComponentUpdate(dpObj) at dirichletprocess/R/fit.R:43:5
 5.   └─dirichletprocess:::ClusterComponentUpdate.nonconjugate(dpObj) at dirichletprocess/R/cluster_component_update.R:14:3
 6.     └─dirichletprocess:::nonconjugate_beta_cluster_component_update_cpp(dpObj) at dirichletprocess/R/cluster_component_update.R:91:5

Warning ('test-beta-integration.R:60:5'): Performance comparison: Beta R vs C++
C++ function 'nonconjugate_beta_cluster_parameter_update_cpp' is a STUB and not implemented. R fallback should be used.
Backtrace:
    ▆
 1. ├─base::system.time(...) at test-beta-integration.R:59:3
 2. ├─dirichletprocess::Fit(dp_cpp, its = 20, progressBar = FALSE) at test-beta-integration.R:60:5
 3. └─dirichletprocess:::Fit.default(dp_cpp, its = 20, progressBar = FALSE) at dirichletprocess/R/fit.R:16:8
 4.   ├─dirichletprocess::ClusterParameterUpdate(dpObj) at dirichletprocess/R/fit.R:44:5
 5.   └─dirichletprocess:::ClusterParameterUpdate.nonconjugate(dpObj) at dirichletprocess/R/cluster_parameter_update.R:14:27
 6.     └─dirichletprocess:::nonconjugate_beta_cluster_parameter_update_cpp(dpObj) at dirichletprocess/R/cluster_parameter_update.R:46:5

Warning ('test-beta-integration.R:60:5'): Performance comparison: Beta R vs C++
C++ function 'nonconjugate_beta_cluster_component_update_cpp' is a STUB and not implemented. R fallback should be used.
Backtrace:
    ▆
 1. ├─base::system.time(...) at test-beta-integration.R:59:3
 2. ├─dirichletprocess::Fit(dp_cpp, its = 20, progressBar = FALSE) at test-beta-integration.R:60:5
 3. └─dirichletprocess:::Fit.default(dp_cpp, its = 20, progressBar = FALSE) at dirichletprocess/R/fit.R:16:8
 4.   ├─dirichletprocess::ClusterComponentUpdate(dpObj) at dirichletprocess/R/fit.R:43:5
 5.   └─dirichletprocess:::ClusterComponentUpdate.nonconjugate(dpObj) at dirichletprocess/R/cluster_component_update.R:14:3
 6.     └─dirichletprocess:::nonconjugate_beta_cluster_component_update_cpp(dpObj) at dirichletprocess/R/cluster_component_update.R:91:5

Warning ('test-beta-integration.R:60:5'): Performance comparison: Beta R vs C++
C++ function 'nonconjugate_beta_cluster_parameter_update_cpp' is a STUB and not implemented. R fallback should be used.
Backtrace:
    ▆
 1. ├─base::system.time(...) at test-beta-integration.R:59:3
 2. ├─dirichletprocess::Fit(dp_cpp, its = 20, progressBar = FALSE) at test-beta-integration.R:60:5
 3. └─dirichletprocess:::Fit.default(dp_cpp, its = 20, progressBar = FALSE) at dirichletprocess/R/fit.R:16:8
 4.   ├─dirichletprocess::ClusterParameterUpdate(dpObj) at dirichletprocess/R/fit.R:44:5
 5.   └─dirichletprocess:::ClusterParameterUpdate.nonconjugate(dpObj) at dirichletprocess/R/cluster_parameter_update.R:14:27
 6.     └─dirichletprocess:::nonconjugate_beta_cluster_parameter_update_cpp(dpObj) at dirichletprocess/R/cluster_parameter_update.R:46:5

Warning ('test-beta-integration.R:60:5'): Performance comparison: Beta R vs C++
C++ function 'nonconjugate_beta_cluster_component_update_cpp' is a STUB and not implemented. R fallback should be used.
Backtrace:
    ▆
 1. ├─base::system.time(...) at test-beta-integration.R:59:3
 2. ├─dirichletprocess::Fit(dp_cpp, its = 20, progressBar = FALSE) at test-beta-integration.R:60:5
 3. └─dirichletprocess:::Fit.default(dp_cpp, its = 20, progressBar = FALSE) at dirichletprocess/R/fit.R:16:8
 4.   ├─dirichletprocess::ClusterComponentUpdate(dpObj) at dirichletprocess/R/fit.R:43:5
 5.   └─dirichletprocess:::ClusterComponentUpdate.nonconjugate(dpObj) at dirichletprocess/R/cluster_component_update.R:14:3
 6.     └─dirichletprocess:::nonconjugate_beta_cluster_component_update_cpp(dpObj) at dirichletprocess/R/cluster_component_update.R:91:5

Warning ('test-beta-integration.R:60:5'): Performance comparison: Beta R vs C++
C++ function 'nonconjugate_beta_cluster_parameter_update_cpp' is a STUB and not implemented. R fallback should be used.
Backtrace:
    ▆
 1. ├─base::system.time(...) at test-beta-integration.R:59:3
 2. ├─dirichletprocess::Fit(dp_cpp, its = 20, progressBar = FALSE) at test-beta-integration.R:60:5
 3. └─dirichletprocess:::Fit.default(dp_cpp, its = 20, progressBar = FALSE) at dirichletprocess/R/fit.R:16:8
 4.   ├─dirichletprocess::ClusterParameterUpdate(dpObj) at dirichletprocess/R/fit.R:44:5
 5.   └─dirichletprocess:::ClusterParameterUpdate.nonconjugate(dpObj) at dirichletprocess/R/cluster_parameter_update.R:14:27
 6.     └─dirichletprocess:::nonconjugate_beta_cluster_parameter_update_cpp(dpObj) at dirichletprocess/R/cluster_parameter_update.R:46:5

Warning ('test-beta-integration.R:60:5'): Performance comparison: Beta R vs C++
C++ function 'nonconjugate_beta_cluster_component_update_cpp' is a STUB and not implemented. R fallback should be used.
Backtrace:
    ▆
 1. ├─base::system.time(...) at test-beta-integration.R:59:3
 2. ├─dirichletprocess::Fit(dp_cpp, its = 20, progressBar = FALSE) at test-beta-integration.R:60:5
 3. └─dirichletprocess:::Fit.default(dp_cpp, its = 20, progressBar = FALSE) at dirichletprocess/R/fit.R:16:8
 4.   ├─dirichletprocess::ClusterComponentUpdate(dpObj) at dirichletprocess/R/fit.R:43:5
 5.   └─dirichletprocess:::ClusterComponentUpdate.nonconjugate(dpObj) at dirichletprocess/R/cluster_component_update.R:14:3
 6.     └─dirichletprocess:::nonconjugate_beta_cluster_component_update_cpp(dpObj) at dirichletprocess/R/cluster_component_update.R:91:5

Warning ('test-beta-integration.R:60:5'): Performance comparison: Beta R vs C++
C++ function 'nonconjugate_beta_cluster_parameter_update_cpp' is a STUB and not implemented. R fallback should be used.
Backtrace:
    ▆
 1. ├─base::system.time(...) at test-beta-integration.R:59:3
 2. ├─dirichletprocess::Fit(dp_cpp, its = 20, progressBar = FALSE) at test-beta-integration.R:60:5
 3. └─dirichletprocess:::Fit.default(dp_cpp, its = 20, progressBar = FALSE) at dirichletprocess/R/fit.R:16:8
 4.   ├─dirichletprocess::ClusterParameterUpdate(dpObj) at dirichletprocess/R/fit.R:44:5
 5.   └─dirichletprocess:::ClusterParameterUpdate.nonconjugate(dpObj) at dirichletprocess/R/cluster_parameter_update.R:14:27
 6.     └─dirichletprocess:::nonconjugate_beta_cluster_parameter_update_cpp(dpObj) at dirichletprocess/R/cluster_parameter_update.R:46:5

Warning ('test-beta-integration.R:60:5'): Performance comparison: Beta R vs C++
C++ function 'nonconjugate_beta_cluster_component_update_cpp' is a STUB and not implemented. R fallback should be used.
Backtrace:
    ▆
 1. ├─base::system.time(...) at test-beta-integration.R:59:3
 2. ├─dirichletprocess::Fit(dp_cpp, its = 20, progressBar = FALSE) at test-beta-integration.R:60:5
 3. └─dirichletprocess:::Fit.default(dp_cpp, its = 20, progressBar = FALSE) at dirichletprocess/R/fit.R:16:8
 4.   ├─dirichletprocess::ClusterComponentUpdate(dpObj) at dirichletprocess/R/fit.R:43:5
 5.   └─dirichletprocess:::ClusterComponentUpdate.nonconjugate(dpObj) at dirichletprocess/R/cluster_component_update.R:14:3
 6.     └─dirichletprocess:::nonconjugate_beta_cluster_component_update_cpp(dpObj) at dirichletprocess/R/cluster_component_update.R:91:5

Warning ('test-beta-integration.R:60:5'): Performance comparison: Beta R vs C++
C++ function 'nonconjugate_beta_cluster_parameter_update_cpp' is a STUB and not implemented. R fallback should be used.
Backtrace:
    ▆
 1. ├─base::system.time(...) at test-beta-integration.R:59:3
 2. ├─dirichletprocess::Fit(dp_cpp, its = 20, progressBar = FALSE) at test-beta-integration.R:60:5
 3. └─dirichletprocess:::Fit.default(dp_cpp, its = 20, progressBar = FALSE) at dirichletprocess/R/fit.R:16:8
 4.   ├─dirichletprocess::ClusterParameterUpdate(dpObj) at dirichletprocess/R/fit.R:44:5
 5.   └─dirichletprocess:::ClusterParameterUpdate.nonconjugate(dpObj) at dirichletprocess/R/cluster_parameter_update.R:14:27
 6.     └─dirichletprocess:::nonconjugate_beta_cluster_parameter_update_cpp(dpObj) at dirichletprocess/R/cluster_parameter_update.R:46:5

Warning ('test-beta-integration.R:60:5'): Performance comparison: Beta R vs C++
C++ function 'nonconjugate_beta_cluster_component_update_cpp' is a STUB and not implemented. R fallback should be used.
Backtrace:
    ▆
 1. ├─base::system.time(...) at test-beta-integration.R:59:3
 2. ├─dirichletprocess::Fit(dp_cpp, its = 20, progressBar = FALSE) at test-beta-integration.R:60:5
 3. └─dirichletprocess:::Fit.default(dp_cpp, its = 20, progressBar = FALSE) at dirichletprocess/R/fit.R:16:8
 4.   ├─dirichletprocess::ClusterComponentUpdate(dpObj) at dirichletprocess/R/fit.R:43:5
 5.   └─dirichletprocess:::ClusterComponentUpdate.nonconjugate(dpObj) at dirichletprocess/R/cluster_component_update.R:14:3
 6.     └─dirichletprocess:::nonconjugate_beta_cluster_component_update_cpp(dpObj) at dirichletprocess/R/cluster_component_update.R:91:5

Warning ('test-beta-integration.R:60:5'): Performance comparison: Beta R vs C++
C++ function 'nonconjugate_beta_cluster_parameter_update_cpp' is a STUB and not implemented. R fallback should be used.
Backtrace:
    ▆
 1. ├─base::system.time(...) at test-beta-integration.R:59:3
 2. ├─dirichletprocess::Fit(dp_cpp, its = 20, progressBar = FALSE) at test-beta-integration.R:60:5
 3. └─dirichletprocess:::Fit.default(dp_cpp, its = 20, progressBar = FALSE) at dirichletprocess/R/fit.R:16:8
 4.   ├─dirichletprocess::ClusterParameterUpdate(dpObj) at dirichletprocess/R/fit.R:44:5
 5.   └─dirichletprocess:::ClusterParameterUpdate.nonconjugate(dpObj) at dirichletprocess/R/cluster_parameter_update.R:14:27
 6.     └─dirichletprocess:::nonconjugate_beta_cluster_parameter_update_cpp(dpObj) at dirichletprocess/R/cluster_parameter_update.R:46:5

Warning ('test-beta-integration.R:60:5'): Performance comparison: Beta R vs C++
C++ function 'nonconjugate_beta_cluster_component_update_cpp' is a STUB and not implemented. R fallback should be used.
Backtrace:
    ▆
 1. ├─base::system.time(...) at test-beta-integration.R:59:3
 2. ├─dirichletprocess::Fit(dp_cpp, its = 20, progressBar = FALSE) at test-beta-integration.R:60:5
 3. └─dirichletprocess:::Fit.default(dp_cpp, its = 20, progressBar = FALSE) at dirichletprocess/R/fit.R:16:8
 4.   ├─dirichletprocess::ClusterComponentUpdate(dpObj) at dirichletprocess/R/fit.R:43:5
 5.   └─dirichletprocess:::ClusterComponentUpdate.nonconjugate(dpObj) at dirichletprocess/R/cluster_component_update.R:14:3
 6.     └─dirichletprocess:::nonconjugate_beta_cluster_component_update_cpp(dpObj) at dirichletprocess/R/cluster_component_update.R:91:5

Warning ('test-beta-integration.R:60:5'): Performance comparison: Beta R vs C++
C++ function 'nonconjugate_beta_cluster_parameter_update_cpp' is a STUB and not implemented. R fallback should be used.
Backtrace:
    ▆
 1. ├─base::system.time(...) at test-beta-integration.R:59:3
 2. ├─dirichletprocess::Fit(dp_cpp, its = 20, progressBar = FALSE) at test-beta-integration.R:60:5
 3. └─dirichletprocess:::Fit.default(dp_cpp, its = 20, progressBar = FALSE) at dirichletprocess/R/fit.R:16:8
 4.   ├─dirichletprocess::ClusterParameterUpdate(dpObj) at dirichletprocess/R/fit.R:44:5
 5.   └─dirichletprocess:::ClusterParameterUpdate.nonconjugate(dpObj) at dirichletprocess/R/cluster_parameter_update.R:14:27
 6.     └─dirichletprocess:::nonconjugate_beta_cluster_parameter_update_cpp(dpObj) at dirichletprocess/R/cluster_parameter_update.R:46:5

Warning ('test-beta-integration.R:60:5'): Performance comparison: Beta R vs C++
C++ function 'nonconjugate_beta_cluster_component_update_cpp' is a STUB and not implemented. R fallback should be used.
Backtrace:
    ▆
 1. ├─base::system.time(...) at test-beta-integration.R:59:3
 2. ├─dirichletprocess::Fit(dp_cpp, its = 20, progressBar = FALSE) at test-beta-integration.R:60:5
 3. └─dirichletprocess:::Fit.default(dp_cpp, its = 20, progressBar = FALSE) at dirichletprocess/R/fit.R:16:8
 4.   ├─dirichletprocess::ClusterComponentUpdate(dpObj) at dirichletprocess/R/fit.R:43:5
 5.   └─dirichletprocess:::ClusterComponentUpdate.nonconjugate(dpObj) at dirichletprocess/R/cluster_component_update.R:14:3
 6.     └─dirichletprocess:::nonconjugate_beta_cluster_component_update_cpp(dpObj) at dirichletprocess/R/cluster_component_update.R:91:5

Warning ('test-beta-integration.R:60:5'): Performance comparison: Beta R vs C++
C++ function 'nonconjugate_beta_cluster_parameter_update_cpp' is a STUB and not implemented. R fallback should be used.
Backtrace:
    ▆
 1. ├─base::system.time(...) at test-beta-integration.R:59:3
 2. ├─dirichletprocess::Fit(dp_cpp, its = 20, progressBar = FALSE) at test-beta-integration.R:60:5
 3. └─dirichletprocess:::Fit.default(dp_cpp, its = 20, progressBar = FALSE) at dirichletprocess/R/fit.R:16:8
 4.   ├─dirichletprocess::ClusterParameterUpdate(dpObj) at dirichletprocess/R/fit.R:44:5
 5.   └─dirichletprocess:::ClusterParameterUpdate.nonconjugate(dpObj) at dirichletprocess/R/cluster_parameter_update.R:14:27
 6.     └─dirichletprocess:::nonconjugate_beta_cluster_parameter_update_cpp(dpObj) at dirichletprocess/R/cluster_parameter_update.R:46:5

Warning ('test-beta-integration.R:60:5'): Performance comparison: Beta R vs C++
C++ function 'nonconjugate_beta_cluster_component_update_cpp' is a STUB and not implemented. R fallback should be used.
Backtrace:
    ▆
 1. ├─base::system.time(...) at test-beta-integration.R:59:3
 2. ├─dirichletprocess::Fit(dp_cpp, its = 20, progressBar = FALSE) at test-beta-integration.R:60:5
 3. └─dirichletprocess:::Fit.default(dp_cpp, its = 20, progressBar = FALSE) at dirichletprocess/R/fit.R:16:8
 4.   ├─dirichletprocess::ClusterComponentUpdate(dpObj) at dirichletprocess/R/fit.R:43:5
 5.   └─dirichletprocess:::ClusterComponentUpdate.nonconjugate(dpObj) at dirichletprocess/R/cluster_component_update.R:14:3
 6.     └─dirichletprocess:::nonconjugate_beta_cluster_component_update_cpp(dpObj) at dirichletprocess/R/cluster_component_update.R:91:5

Warning ('test-beta-integration.R:60:5'): Performance comparison: Beta R vs C++
C++ function 'nonconjugate_beta_cluster_parameter_update_cpp' is a STUB and not implemented. R fallback should be used.
Backtrace:
    ▆
 1. ├─base::system.time(...) at test-beta-integration.R:59:3
 2. ├─dirichletprocess::Fit(dp_cpp, its = 20, progressBar = FALSE) at test-beta-integration.R:60:5
 3. └─dirichletprocess:::Fit.default(dp_cpp, its = 20, progressBar = FALSE) at dirichletprocess/R/fit.R:16:8
 4.   ├─dirichletprocess::ClusterParameterUpdate(dpObj) at dirichletprocess/R/fit.R:44:5
 5.   └─dirichletprocess:::ClusterParameterUpdate.nonconjugate(dpObj) at dirichletprocess/R/cluster_parameter_update.R:14:27
 6.     └─dirichletprocess:::nonconjugate_beta_cluster_parameter_update_cpp(dpObj) at dirichletprocess/R/cluster_parameter_update.R:46:5
───────────────────────────────────────────────────────────────────

⠏ |          0 | cpp-likelihood                                    
⠏ |          0 | C++ Likelihood Implementation                     R time: 0.02 C++ time: 0.02 Speedup: 1 

⠙ |      1   1 | C++ Likelihood Implementation                     
✔ |      1   1 | C++ Likelihood Implementation

⠏ |          0 | cpp-sampler-demo                                  
⠏ |          0 | C++ Sampler End-to-End Demonstration              
=== C++ Sampler Demonstration ===
Data: 3 clusters with means at -5 0 5 
Total observations: 90 

Initial state: 1 cluster

Running C++ sampler...
  Iteration 5 :  3 clusters
  Iteration 10 :  4 clusters
  Iteration 15 :  5 clusters
  Iteration 20 :  3 clusters

Final results:
  Number of clusters: 3 
  Cluster sizes: 69 19 2 
  Cluster means: 0.09 0.1 0.28 
  Cluster sds: 5 0.48 1.23 

⠋ |          1 | C++ Sampler End-to-End Demonstration              
⠼ | 1        4 | C++ Sampler End-to-End Demonstration              
=== Demonstration Complete ===

⠦ | 2 1      4 | C++ Sampler End-to-End Demonstration              
⠋ | 2 5      4 | C++ Sampler End-to-End Demonstration              
⠼ | 2 9      4 | C++ Sampler End-to-End Demonstration              
⠋ | 2 15      4 | C++ Sampler End-to-End Demonstration             
⠦ | 2 21      4 | C++ Sampler End-to-End Demonstration             
⠙ | 2 26      4 | C++ Sampler End-to-End Demonstration             
Performance Comparison (10 iterations):
R implementation: 0.74 seconds
C++ implementation: 0.01 seconds
Speedup: 74 x

⠹ | 2 26  1   4 | C++ Sampler End-to-End Demonstration             
✖ | 2 26  1   4 | C++ Sampler End-to-End Demonstration [1.7s]
───────────────────────────────────────────────────────────────────
Failure ('test-cpp-sampler-demo.R:83:5'): Complete C++ sampler demonstration
abs(cluster_means[1] - true_means[1]) < 1 is not TRUE

`actual`:   FALSE
`expected`: TRUE 

Failure ('test-cpp-sampler-demo.R:85:5'): Complete C++ sampler demonstration
abs(cluster_means[3] - true_means[3]) < 1 is not TRUE

`actual`:   FALSE
`expected`: TRUE 

Warning ('test-cpp-sampler-demo.R:102:7'): Performance comparison: C++ vs R
NAs produced
Backtrace:
    ▆
 1. ├─base::system.time(...) at test-cpp-sampler-demo.R:99:3
 2. ├─dirichletprocess::ClusterParameterUpdate(dp_r) at test-cpp-sampler-demo.R:102:7
 3. └─dirichletprocess:::ClusterParameterUpdate.conjugate(dp_r) at dirichletprocess/R/cluster_parameter_update.R:14:27
 4.   ├─dirichletprocess::PosteriorDraw(mdobj, pts) at dirichletprocess/R/cluster_parameter_update.R:28:7
 5.   └─dirichletprocess:::PosteriorDraw.normal(mdobj, pts) at dirichletprocess/R/mixing_distribution_posterior_draw.R:10:3
 6.     └─stats::rgamma(n, PosteriorParameters_calc[3], PosteriorParameters_calc[4]) at dirichletprocess/R/normal_inverse_gamma.R:63:3

Warning ('test-cpp-sampler-demo.R:102:7'): Performance comparison: C++ vs R
NAs produced
Backtrace:
    ▆
 1. ├─base::system.time(...) at test-cpp-sampler-demo.R:99:3
 2. ├─dirichletprocess::ClusterParameterUpdate(dp_r) at test-cpp-sampler-demo.R:102:7
 3. └─dirichletprocess:::ClusterParameterUpdate.conjugate(dp_r) at dirichletprocess/R/cluster_parameter_update.R:14:27
 4.   ├─dirichletprocess::PosteriorDraw(mdobj, pts) at dirichletprocess/R/cluster_parameter_update.R:28:7
 5.   └─dirichletprocess:::PosteriorDraw.normal(mdobj, pts) at dirichletprocess/R/mixing_distribution_posterior_draw.R:10:3
 6.     └─stats::rnorm(...) at dirichletprocess/R/normal_inverse_gamma.R:64:3

Warning ('test-cpp-sampler-demo.R:102:7'): Performance comparison: C++ vs R
NAs produced
Backtrace:
    ▆
 1. ├─base::system.time(...) at test-cpp-sampler-demo.R:99:3
 2. ├─dirichletprocess::ClusterParameterUpdate(dp_r) at test-cpp-sampler-demo.R:102:7
 3. └─dirichletprocess:::ClusterParameterUpdate.conjugate(dp_r) at dirichletprocess/R/cluster_parameter_update.R:14:27
 4.   ├─dirichletprocess::PosteriorDraw(mdobj, pts) at dirichletprocess/R/cluster_parameter_update.R:28:7
 5.   └─dirichletprocess:::PosteriorDraw.normal(mdobj, pts) at dirichletprocess/R/mixing_distribution_posterior_draw.R:10:3
 6.     └─stats::rgamma(n, PosteriorParameters_calc[3], PosteriorParameters_calc[4]) at dirichletprocess/R/normal_inverse_gamma.R:63:3

Warning ('test-cpp-sampler-demo.R:102:7'): Performance comparison: C++ vs R
NAs produced
Backtrace:
    ▆
 1. ├─base::system.time(...) at test-cpp-sampler-demo.R:99:3
 2. ├─dirichletprocess::ClusterParameterUpdate(dp_r) at test-cpp-sampler-demo.R:102:7
 3. └─dirichletprocess:::ClusterParameterUpdate.conjugate(dp_r) at dirichletprocess/R/cluster_parameter_update.R:14:27
 4.   ├─dirichletprocess::PosteriorDraw(mdobj, pts) at dirichletprocess/R/cluster_parameter_update.R:28:7
 5.   └─dirichletprocess:::PosteriorDraw.normal(mdobj, pts) at dirichletprocess/R/mixing_distribution_posterior_draw.R:10:3
 6.     └─stats::rnorm(...) at dirichletprocess/R/normal_inverse_gamma.R:64:3

Warning ('test-cpp-sampler-demo.R:102:7'): Performance comparison: C++ vs R
NAs produced
Backtrace:
    ▆
 1. ├─base::system.time(...) at test-cpp-sampler-demo.R:99:3
 2. ├─dirichletprocess::ClusterParameterUpdate(dp_r) at test-cpp-sampler-demo.R:102:7
 3. └─dirichletprocess:::ClusterParameterUpdate.conjugate(dp_r) at dirichletprocess/R/cluster_parameter_update.R:14:27
 4.   ├─dirichletprocess::PosteriorDraw(mdobj, pts) at dirichletprocess/R/cluster_parameter_update.R:28:7
 5.   └─dirichletprocess:::PosteriorDraw.normal(mdobj, pts) at dirichletprocess/R/mixing_distribution_posterior_draw.R:10:3
 6.     └─stats::rgamma(n, PosteriorParameters_calc[3], PosteriorParameters_calc[4]) at dirichletprocess/R/normal_inverse_gamma.R:63:3

Warning ('test-cpp-sampler-demo.R:102:7'): Performance comparison: C++ vs R
NAs produced
Backtrace:
    ▆
 1. ├─base::system.time(...) at test-cpp-sampler-demo.R:99:3
 2. ├─dirichletprocess::ClusterParameterUpdate(dp_r) at test-cpp-sampler-demo.R:102:7
 3. └─dirichletprocess:::ClusterParameterUpdate.conjugate(dp_r) at dirichletprocess/R/cluster_parameter_update.R:14:27
 4.   ├─dirichletprocess::PosteriorDraw(mdobj, pts) at dirichletprocess/R/cluster_parameter_update.R:28:7
 5.   └─dirichletprocess:::PosteriorDraw.normal(mdobj, pts) at dirichletprocess/R/mixing_distribution_posterior_draw.R:10:3
 6.     └─stats::rnorm(...) at dirichletprocess/R/normal_inverse_gamma.R:64:3

Warning ('test-cpp-sampler-demo.R:102:7'): Performance comparison: C++ vs R
NAs produced
Backtrace:
    ▆
 1. ├─base::system.time(...) at test-cpp-sampler-demo.R:99:3
 2. ├─dirichletprocess::ClusterParameterUpdate(dp_r) at test-cpp-sampler-demo.R:102:7
 3. └─dirichletprocess:::ClusterParameterUpdate.conjugate(dp_r) at dirichletprocess/R/cluster_parameter_update.R:14:27
 4.   ├─dirichletprocess::PosteriorDraw(mdobj, pts) at dirichletprocess/R/cluster_parameter_update.R:28:7
 5.   └─dirichletprocess:::PosteriorDraw.normal(mdobj, pts) at dirichletprocess/R/mixing_distribution_posterior_draw.R:10:3
 6.     └─stats::rgamma(n, PosteriorParameters_calc[3], PosteriorParameters_calc[4]) at dirichletprocess/R/normal_inverse_gamma.R:63:3

Warning ('test-cpp-sampler-demo.R:102:7'): Performance comparison: C++ vs R
NAs produced
Backtrace:
    ▆
 1. ├─base::system.time(...) at test-cpp-sampler-demo.R:99:3
 2. ├─dirichletprocess::ClusterParameterUpdate(dp_r) at test-cpp-sampler-demo.R:102:7
 3. └─dirichletprocess:::ClusterParameterUpdate.conjugate(dp_r) at dirichletprocess/R/cluster_parameter_update.R:14:27
 4.   ├─dirichletprocess::PosteriorDraw(mdobj, pts) at dirichletprocess/R/cluster_parameter_update.R:28:7
 5.   └─dirichletprocess:::PosteriorDraw.normal(mdobj, pts) at dirichletprocess/R/mixing_distribution_posterior_draw.R:10:3
 6.     └─stats::rnorm(...) at dirichletprocess/R/normal_inverse_gamma.R:64:3

Warning ('test-cpp-sampler-demo.R:102:7'): Performance comparison: C++ vs R
NAs produced
Backtrace:
    ▆
 1. ├─base::system.time(...) at test-cpp-sampler-demo.R:99:3
 2. ├─dirichletprocess::ClusterParameterUpdate(dp_r) at test-cpp-sampler-demo.R:102:7
 3. └─dirichletprocess:::ClusterParameterUpdate.conjugate(dp_r) at dirichletprocess/R/cluster_parameter_update.R:14:27
 4.   ├─dirichletprocess::PosteriorDraw(mdobj, pts) at dirichletprocess/R/cluster_parameter_update.R:28:7
 5.   └─dirichletprocess:::PosteriorDraw.normal(mdobj, pts) at dirichletprocess/R/mixing_distribution_posterior_draw.R:10:3
 6.     └─stats::rgamma(n, PosteriorParameters_calc[3], PosteriorParameters_calc[4]) at dirichletprocess/R/normal_inverse_gamma.R:63:3

Warning ('test-cpp-sampler-demo.R:102:7'): Performance comparison: C++ vs R
NAs produced
Backtrace:
    ▆
 1. ├─base::system.time(...) at test-cpp-sampler-demo.R:99:3
 2. ├─dirichletprocess::ClusterParameterUpdate(dp_r) at test-cpp-sampler-demo.R:102:7
 3. └─dirichletprocess:::ClusterParameterUpdate.conjugate(dp_r) at dirichletprocess/R/cluster_parameter_update.R:14:27
 4.   ├─dirichletprocess::PosteriorDraw(mdobj, pts) at dirichletprocess/R/cluster_parameter_update.R:28:7
 5.   └─dirichletprocess:::PosteriorDraw.normal(mdobj, pts) at dirichletprocess/R/mixing_distribution_posterior_draw.R:10:3
 6.     └─stats::rnorm(...) at dirichletprocess/R/normal_inverse_gamma.R:64:3

Warning ('test-cpp-sampler-demo.R:102:7'): Performance comparison: C++ vs R
NAs produced
Backtrace:
    ▆
 1. ├─base::system.time(...) at test-cpp-sampler-demo.R:99:3
 2. ├─dirichletprocess::ClusterParameterUpdate(dp_r) at test-cpp-sampler-demo.R:102:7
 3. └─dirichletprocess:::ClusterParameterUpdate.conjugate(dp_r) at dirichletprocess/R/cluster_parameter_update.R:14:27
 4.   ├─dirichletprocess::PosteriorDraw(mdobj, pts) at dirichletprocess/R/cluster_parameter_update.R:28:7
 5.   └─dirichletprocess:::PosteriorDraw.normal(mdobj, pts) at dirichletprocess/R/mixing_distribution_posterior_draw.R:10:3
 6.     └─stats::rgamma(n, PosteriorParameters_calc[3], PosteriorParameters_calc[4]) at dirichletprocess/R/normal_inverse_gamma.R:63:3

Warning ('test-cpp-sampler-demo.R:102:7'): Performance comparison: C++ vs R
NAs produced
Backtrace:
    ▆
 1. ├─base::system.time(...) at test-cpp-sampler-demo.R:99:3
 2. ├─dirichletprocess::ClusterParameterUpdate(dp_r) at test-cpp-sampler-demo.R:102:7
 3. └─dirichletprocess:::ClusterParameterUpdate.conjugate(dp_r) at dirichletprocess/R/cluster_parameter_update.R:14:27
 4.   ├─dirichletprocess::PosteriorDraw(mdobj, pts) at dirichletprocess/R/cluster_parameter_update.R:28:7
 5.   └─dirichletprocess:::PosteriorDraw.normal(mdobj, pts) at dirichletprocess/R/mixing_distribution_posterior_draw.R:10:3
 6.     └─stats::rnorm(...) at dirichletprocess/R/normal_inverse_gamma.R:64:3

Warning ('test-cpp-sampler-demo.R:102:7'): Performance comparison: C++ vs R
NAs produced
Backtrace:
    ▆
 1. ├─base::system.time(...) at test-cpp-sampler-demo.R:99:3
 2. ├─dirichletprocess::ClusterParameterUpdate(dp_r) at test-cpp-sampler-demo.R:102:7
 3. └─dirichletprocess:::ClusterParameterUpdate.conjugate(dp_r) at dirichletprocess/R/cluster_parameter_update.R:14:27
 4.   ├─dirichletprocess::PosteriorDraw(mdobj, pts) at dirichletprocess/R/cluster_parameter_update.R:28:7
 5.   └─dirichletprocess:::PosteriorDraw.normal(mdobj, pts) at dirichletprocess/R/mixing_distribution_posterior_draw.R:10:3
 6.     └─stats::rgamma(n, PosteriorParameters_calc[3], PosteriorParameters_calc[4]) at dirichletprocess/R/normal_inverse_gamma.R:63:3

Warning ('test-cpp-sampler-demo.R:102:7'): Performance comparison: C++ vs R
NAs produced
Backtrace:
    ▆
 1. ├─base::system.time(...) at test-cpp-sampler-demo.R:99:3
 2. ├─dirichletprocess::ClusterParameterUpdate(dp_r) at test-cpp-sampler-demo.R:102:7
 3. └─dirichletprocess:::ClusterParameterUpdate.conjugate(dp_r) at dirichletprocess/R/cluster_parameter_update.R:14:27
 4.   ├─dirichletprocess::PosteriorDraw(mdobj, pts) at dirichletprocess/R/cluster_parameter_update.R:28:7
 5.   └─dirichletprocess:::PosteriorDraw.normal(mdobj, pts) at dirichletprocess/R/mixing_distribution_posterior_draw.R:10:3
 6.     └─stats::rnorm(...) at dirichletprocess/R/normal_inverse_gamma.R:64:3

Warning ('test-cpp-sampler-demo.R:102:7'): Performance comparison: C++ vs R
NAs produced
Backtrace:
    ▆
 1. ├─base::system.time(...) at test-cpp-sampler-demo.R:99:3
 2. ├─dirichletprocess::ClusterParameterUpdate(dp_r) at test-cpp-sampler-demo.R:102:7
 3. └─dirichletprocess:::ClusterParameterUpdate.conjugate(dp_r) at dirichletprocess/R/cluster_parameter_update.R:14:27
 4.   ├─dirichletprocess::PosteriorDraw(mdobj, pts) at dirichletprocess/R/cluster_parameter_update.R:28:7
 5.   └─dirichletprocess:::PosteriorDraw.normal(mdobj, pts) at dirichletprocess/R/mixing_distribution_posterior_draw.R:10:3
 6.     └─stats::rgamma(n, PosteriorParameters_calc[3], PosteriorParameters_calc[4]) at dirichletprocess/R/normal_inverse_gamma.R:63:3

Warning ('test-cpp-sampler-demo.R:102:7'): Performance comparison: C++ vs R
NAs produced
Backtrace:
    ▆
 1. ├─base::system.time(...) at test-cpp-sampler-demo.R:99:3
 2. ├─dirichletprocess::ClusterParameterUpdate(dp_r) at test-cpp-sampler-demo.R:102:7
 3. └─dirichletprocess:::ClusterParameterUpdate.conjugate(dp_r) at dirichletprocess/R/cluster_parameter_update.R:14:27
 4.   ├─dirichletprocess::PosteriorDraw(mdobj, pts) at dirichletprocess/R/cluster_parameter_update.R:28:7
 5.   └─dirichletprocess:::PosteriorDraw.normal(mdobj, pts) at dirichletprocess/R/mixing_distribution_posterior_draw.R:10:3
 6.     └─stats::rnorm(...) at dirichletprocess/R/normal_inverse_gamma.R:64:3

Warning ('test-cpp-sampler-demo.R:102:7'): Performance comparison: C++ vs R
NAs produced
Backtrace:
    ▆
 1. ├─base::system.time(...) at test-cpp-sampler-demo.R:99:3
 2. ├─dirichletprocess::ClusterParameterUpdate(dp_r) at test-cpp-sampler-demo.R:102:7
 3. └─dirichletprocess:::ClusterParameterUpdate.conjugate(dp_r) at dirichletprocess/R/cluster_parameter_update.R:14:27
 4.   ├─dirichletprocess::PosteriorDraw(mdobj, pts) at dirichletprocess/R/cluster_parameter_update.R:28:7
 5.   └─dirichletprocess:::PosteriorDraw.normal(mdobj, pts) at dirichletprocess/R/mixing_distribution_posterior_draw.R:10:3
 6.     └─stats::rgamma(n, PosteriorParameters_calc[3], PosteriorParameters_calc[4]) at dirichletprocess/R/normal_inverse_gamma.R:63:3

Warning ('test-cpp-sampler-demo.R:102:7'): Performance comparison: C++ vs R
NAs produced
Backtrace:
    ▆
 1. ├─base::system.time(...) at test-cpp-sampler-demo.R:99:3
 2. ├─dirichletprocess::ClusterParameterUpdate(dp_r) at test-cpp-sampler-demo.R:102:7
 3. └─dirichletprocess:::ClusterParameterUpdate.conjugate(dp_r) at dirichletprocess/R/cluster_parameter_update.R:14:27
 4.   ├─dirichletprocess::PosteriorDraw(mdobj, pts) at dirichletprocess/R/cluster_parameter_update.R:28:7
 5.   └─dirichletprocess:::PosteriorDraw.normal(mdobj, pts) at dirichletprocess/R/mixing_distribution_posterior_draw.R:10:3
 6.     └─stats::rnorm(...) at dirichletprocess/R/normal_inverse_gamma.R:64:3

Warning ('test-cpp-sampler-demo.R:102:7'): Performance comparison: C++ vs R
NAs produced
Backtrace:
    ▆
 1. ├─base::system.time(...) at test-cpp-sampler-demo.R:99:3
 2. ├─dirichletprocess::ClusterParameterUpdate(dp_r) at test-cpp-sampler-demo.R:102:7
 3. └─dirichletprocess:::ClusterParameterUpdate.conjugate(dp_r) at dirichletprocess/R/cluster_parameter_update.R:14:27
 4.   ├─dirichletprocess::PosteriorDraw(mdobj, pts) at dirichletprocess/R/cluster_parameter_update.R:28:7
 5.   └─dirichletprocess:::PosteriorDraw.normal(mdobj, pts) at dirichletprocess/R/mixing_distribution_posterior_draw.R:10:3
 6.     └─stats::rgamma(n, PosteriorParameters_calc[3], PosteriorParameters_calc[4]) at dirichletprocess/R/normal_inverse_gamma.R:63:3

Warning ('test-cpp-sampler-demo.R:102:7'): Performance comparison: C++ vs R
NAs produced
Backtrace:
    ▆
 1. ├─base::system.time(...) at test-cpp-sampler-demo.R:99:3
 2. ├─dirichletprocess::ClusterParameterUpdate(dp_r) at test-cpp-sampler-demo.R:102:7
 3. └─dirichletprocess:::ClusterParameterUpdate.conjugate(dp_r) at dirichletprocess/R/cluster_parameter_update.R:14:27
 4.   ├─dirichletprocess::PosteriorDraw(mdobj, pts) at dirichletprocess/R/cluster_parameter_update.R:28:7
 5.   └─dirichletprocess:::PosteriorDraw.normal(mdobj, pts) at dirichletprocess/R/mixing_distribution_posterior_draw.R:10:3
 6.     └─stats::rnorm(...) at dirichletprocess/R/normal_inverse_gamma.R:64:3

Warning ('test-cpp-sampler-demo.R:102:7'): Performance comparison: C++ vs R
NAs produced
Backtrace:
    ▆
 1. ├─base::system.time(...) at test-cpp-sampler-demo.R:99:3
 2. ├─dirichletprocess::ClusterParameterUpdate(dp_r) at test-cpp-sampler-demo.R:102:7
 3. └─dirichletprocess:::ClusterParameterUpdate.conjugate(dp_r) at dirichletprocess/R/cluster_parameter_update.R:14:27
 4.   ├─dirichletprocess::PosteriorDraw(mdobj, pts) at dirichletprocess/R/cluster_parameter_update.R:28:7
 5.   └─dirichletprocess:::PosteriorDraw.normal(mdobj, pts) at dirichletprocess/R/mixing_distribution_posterior_draw.R:10:3
 6.     └─stats::rgamma(n, PosteriorParameters_calc[3], PosteriorParameters_calc[4]) at dirichletprocess/R/normal_inverse_gamma.R:63:3

Warning ('test-cpp-sampler-demo.R:102:7'): Performance comparison: C++ vs R
NAs produced
Backtrace:
    ▆
 1. ├─base::system.time(...) at test-cpp-sampler-demo.R:99:3
 2. ├─dirichletprocess::ClusterParameterUpdate(dp_r) at test-cpp-sampler-demo.R:102:7
 3. └─dirichletprocess:::ClusterParameterUpdate.conjugate(dp_r) at dirichletprocess/R/cluster_parameter_update.R:14:27
 4.   ├─dirichletprocess::PosteriorDraw(mdobj, pts) at dirichletprocess/R/cluster_parameter_update.R:28:7
 5.   └─dirichletprocess:::PosteriorDraw.normal(mdobj, pts) at dirichletprocess/R/mixing_distribution_posterior_draw.R:10:3
 6.     └─stats::rnorm(...) at dirichletprocess/R/normal_inverse_gamma.R:64:3

Warning ('test-cpp-sampler-demo.R:102:7'): Performance comparison: C++ vs R
NAs produced
Backtrace:
    ▆
 1. ├─base::system.time(...) at test-cpp-sampler-demo.R:99:3
 2. ├─dirichletprocess::ClusterParameterUpdate(dp_r) at test-cpp-sampler-demo.R:102:7
 3. └─dirichletprocess:::ClusterParameterUpdate.conjugate(dp_r) at dirichletprocess/R/cluster_parameter_update.R:14:27
 4.   ├─dirichletprocess::PosteriorDraw(mdobj, pts) at dirichletprocess/R/cluster_parameter_update.R:28:7
 5.   └─dirichletprocess:::PosteriorDraw.normal(mdobj, pts) at dirichletprocess/R/mixing_distribution_posterior_draw.R:10:3
 6.     └─stats::rgamma(n, PosteriorParameters_calc[3], PosteriorParameters_calc[4]) at dirichletprocess/R/normal_inverse_gamma.R:63:3

Warning ('test-cpp-sampler-demo.R:102:7'): Performance comparison: C++ vs R
NAs produced
Backtrace:
    ▆
 1. ├─base::system.time(...) at test-cpp-sampler-demo.R:99:3
 2. ├─dirichletprocess::ClusterParameterUpdate(dp_r) at test-cpp-sampler-demo.R:102:7
 3. └─dirichletprocess:::ClusterParameterUpdate.conjugate(dp_r) at dirichletprocess/R/cluster_parameter_update.R:14:27
 4.   ├─dirichletprocess::PosteriorDraw(mdobj, pts) at dirichletprocess/R/cluster_parameter_update.R:28:7
 5.   └─dirichletprocess:::PosteriorDraw.normal(mdobj, pts) at dirichletprocess/R/mixing_distribution_posterior_draw.R:10:3
 6.     └─stats::rnorm(...) at dirichletprocess/R/normal_inverse_gamma.R:64:3

Warning ('test-cpp-sampler-demo.R:102:7'): Performance comparison: C++ vs R
NAs produced
Backtrace:
    ▆
 1. ├─base::system.time(...) at test-cpp-sampler-demo.R:99:3
 2. ├─dirichletprocess::ClusterParameterUpdate(dp_r) at test-cpp-sampler-demo.R:102:7
 3. └─dirichletprocess:::ClusterParameterUpdate.conjugate(dp_r) at dirichletprocess/R/cluster_parameter_update.R:14:27
 4.   ├─dirichletprocess::PosteriorDraw(mdobj, pts) at dirichletprocess/R/cluster_parameter_update.R:28:7
 5.   └─dirichletprocess:::PosteriorDraw.normal(mdobj, pts) at dirichletprocess/R/mixing_distribution_posterior_draw.R:10:3
 6.     └─stats::rgamma(n, PosteriorParameters_calc[3], PosteriorParameters_calc[4]) at dirichletprocess/R/normal_inverse_gamma.R:63:3

Warning ('test-cpp-sampler-demo.R:102:7'): Performance comparison: C++ vs R
NAs produced
Backtrace:
    ▆
 1. ├─base::system.time(...) at test-cpp-sampler-demo.R:99:3
 2. ├─dirichletprocess::ClusterParameterUpdate(dp_r) at test-cpp-sampler-demo.R:102:7
 3. └─dirichletprocess:::ClusterParameterUpdate.conjugate(dp_r) at dirichletprocess/R/cluster_parameter_update.R:14:27
 4.   ├─dirichletprocess::PosteriorDraw(mdobj, pts) at dirichletprocess/R/cluster_parameter_update.R:28:7
 5.   └─dirichletprocess:::PosteriorDraw.normal(mdobj, pts) at dirichletprocess/R/mixing_distribution_posterior_draw.R:10:3
 6.     └─stats::rnorm(...) at dirichletprocess/R/normal_inverse_gamma.R:64:3
───────────────────────────────────────────────────────────────────
Maximum number of failures exceeded; quitting at end of
file.
ℹ Increase this number with (e.g.) `testthat::set_max_fails(Inf)` 

══ Results ════════════════════════════════════════════════════════
Duration: 63.0 s

── Skipped tests (3) ──────────────────────────────────────────────
• empty test (3): 'test-beta-integration.R:41:1',
  'test-cpp-likelihood.R:24:1', 'test-cpp-sampler-demo.R:91:1'

── Failed tests ───────────────────────────────────────────────────
Failure ('test-beta-cpp.R:31:3'): Beta PriorDraw C++ matches R implementation
mean(cpp_result$nu) not equal to mean(r_result$nu).
1/1 mismatches
[1] 0.125 - 8.03 == -7.9

Failure ('test-beta-cpp.R:84:5'): Beta PriorDensity C++ matches R implementation
`cpp_density` not equal to `r_density`.
1/1 mismatches
[1] 0.00183 - 0.147 == -0.145

Failure ('test-beta-cpp.R:84:5'): Beta PriorDensity C++ matches R implementation
`cpp_density` not equal to `r_density`.
1/1 mismatches
[1] 1.54e-05 - 0.0288 == -0.0287

Failure ('test-beta-cpp.R:84:5'): Beta PriorDensity C++ matches R implementation
`cpp_density` not equal to `r_density`.
1/1 mismatches
[1] 0.0974 - 5.76e-05 == 0.0973

Failure ('test-beta-cpp.R:187:3'): NonconjugateBetaClusterParameterUpdate C++ works correctly
abs(cpp_params$mu[1] - 0.2) < 0.15 is not TRUE

`actual`:       
`expected`: TRUE

Failure ('test-beta-cpp.R:189:3'): NonconjugateBetaClusterParameterUpdate C++ works correctly
abs(cpp_params$mu[2] - 0.8) < 0.15 is not TRUE

`actual`:       
`expected`: TRUE

Failure ('test-beta-cpp.R:265:3'): C++ and R implementations produce similar results
abs(r_mu - cpp_mu) < 0.3 is not TRUE

`actual`:       
`expected`: TRUE

Error ('test-beta-cpp.R:266:3'): C++ and R implementations produce similar results
Error in `log(r_nu)`: non-numeric argument to mathematical function
Backtrace:
    ▆
 1. └─testthat::expect_true(abs(log(r_nu) - log(cpp_nu)) < 1) at test-beta-cpp.R:266:3
 2.   └─testthat::quasi_label(enquo(object), label, arg = "object")
 3.     └─rlang::eval_bare(expr, quo_get_env(quo))

Failure ('test-beta-integration.R:29:3'): Complete Beta DP workflow with C++ implementation
sum(dp$pointsPerCluster) not equal to length(y).
1/1 mismatches
[1] 3060 - 60 == 3000

Failure ('test-cpp-sampler-demo.R:83:5'): Complete C++ sampler demonstration
abs(cluster_means[1] - true_means[1]) < 1 is not TRUE

`actual`:   FALSE
`expected`: TRUE 

Failure ('test-cpp-sampler-demo.R:85:5'): Complete C++ sampler demonstration
abs(cluster_means[3] - true_means[3]) < 1 is not TRUE

`actual`:   FALSE
`expected`: TRUE 

[ FAIL 11 | WARN 177 | SKIP 3 | PASS 51 ]
══ Terminated early ═══════════════════════════════════════════════
