[ FAIL 0 | WARN 666 | SKIP 0 | PASS 74 ]End-to-end MVNormal test summary:Initial clusters: 1 Final clusters: 19 Cluster sizes: 42 1 1 1 1 1 1 1 1 1 1 1 1 1 1 1 1 1 1 ── Warning ('test-mvnormal-cpp.R:221:5'): End-to-end MVNormal C++ sampler test ──subscript out of bounds (index 74 >= vector size 74)Backtrace:    ▆ 1. └─dirichletprocess:::conjugate_mvnormal_cluster_component_update_cpp(dp) at test-mvnormal-cpp.R:221:5[ FAIL 0 | WARN 666 | SKIP 0 | PASS 74 ]